  Determining projects to restore...
  All projects are up-to-date for restore.
/Users/kady/Masterdom/src/Masterdom.Core/Common/Entities/AggregateRoot.cs(6,23): warning CS1591: Missing XML comment for publicly visible type or member 'AggregateRoot' [/Users/kady/Masterdom/src/Masterdom.Core/Masterdom.Core.csproj]
/Users/kady/Masterdom/src/Masterdom.Core/Common/Entities/AggregateRoot.cs(12,15): warning CS1591: Missing XML comment for publicly visible type or member 'AggregateRoot.AggregateRoot()' [/Users/kady/Masterdom/src/Masterdom.Core/Masterdom.Core.csproj]
/Users/kady/Masterdom/src/Masterdom.Core/Common/Entities/AggregateRoot.cs(16,15): warning CS1591: Missing XML comment for publicly visible type or member 'AggregateRoot.AggregateRoot(Guid)' [/Users/kady/Masterdom/src/Masterdom.Core/Masterdom.Core.csproj]
/Users/kady/Masterdom/src/Masterdom.Core/Common/Entities/AggregateRoot.cs(21,46): warning CS1591: Missing XML comment for publicly visible type or member 'AggregateRoot.DomainEvents' [/Users/kady/Masterdom/src/Masterdom.Core/Masterdom.Core.csproj]
/Users/kady/Masterdom/src/Masterdom.Core/Common/Entities/AggregateRoot.cs(24,20): warning CS1591: Missing XML comment for publicly visible type or member 'AggregateRoot.Raise(IDomainEvent)' [/Users/kady/Masterdom/src/Masterdom.Core/Masterdom.Core.csproj]
/Users/kady/Masterdom/src/Masterdom.Core/Common/Entities/AggregateRoot.cs(31,17): warning CS1591: Missing XML comment for publicly visible type or member 'AggregateRoot.ClearDomainEvents()' [/Users/kady/Masterdom/src/Masterdom.Core/Masterdom.Core.csproj]
/Users/kady/Masterdom/src/Masterdom.Core/Common/Entities/AuditableAggregateRoot.cs(3,23): warning CS1591: Missing XML comment for publicly visible type or member 'AuditableAggregateRoot' [/Users/kady/Masterdom/src/Masterdom.Core/Masterdom.Core.csproj]
/Users/kady/Masterdom/src/Masterdom.Core/Common/Entities/AuditableAggregateRoot.cs(5,21): warning CS1591: Missing XML comment for publicly visible type or member 'AuditableAggregateRoot.CreatedAtUtc' [/Users/kady/Masterdom/src/Masterdom.Core/Masterdom.Core.csproj]
/Users/kady/Masterdom/src/Masterdom.Core/Common/Entities/AuditableAggregateRoot.cs(7,22): warning CS1591: Missing XML comment for publicly visible type or member 'AuditableAggregateRoot.UpdatedAtUtc' [/Users/kady/Masterdom/src/Masterdom.Core/Masterdom.Core.csproj]
/Users/kady/Masterdom/src/Masterdom.Core/Common/Entities/AuditableAggregateRoot.cs(9,18): warning CS1591: Missing XML comment for publicly visible type or member 'AuditableAggregateRoot.CreatedBy' [/Users/kady/Masterdom/src/Masterdom.Core/Masterdom.Core.csproj]
/Users/kady/Masterdom/src/Masterdom.Core/Common/Entities/AuditableAggregateRoot.cs(11,18): warning CS1591: Missing XML comment for publicly visible type or member 'AuditableAggregateRoot.UpdatedBy' [/Users/kady/Masterdom/src/Masterdom.Core/Masterdom.Core.csproj]
/Users/kady/Masterdom/src/Masterdom.Core/Common/Entities/AuditableAggregateRoot.cs(13,15): warning CS1591: Missing XML comment for publicly visible type or member 'AuditableAggregateRoot.AuditableAggregateRoot()' [/Users/kady/Masterdom/src/Masterdom.Core/Masterdom.Core.csproj]
/Users/kady/Masterdom/src/Masterdom.Core/Common/Entities/AuditableAggregateRoot.cs(17,15): warning CS1591: Missing XML comment for publicly visible type or member 'AuditableAggregateRoot.AuditableAggregateRoot(Guid, DateTime, Guid?)' [/Users/kady/Masterdom/src/Masterdom.Core/Masterdom.Core.csproj]
/Users/kady/Masterdom/src/Masterdom.Core/Common/Entities/AuditableAggregateRoot.cs(27,20): warning CS1591: Missing XML comment for publicly visible type or member 'AuditableAggregateRoot.SetUpdated(DateTime, Guid?)' [/Users/kady/Masterdom/src/Masterdom.Core/Masterdom.Core.csproj]
/Users/kady/Masterdom/src/Masterdom.Core/Common/Entities/Entities.cs(3,23): warning CS1591: Missing XML comment for publicly visible type or member 'Entity' [/Users/kady/Masterdom/src/Masterdom.Core/Masterdom.Core.csproj]
/Users/kady/Masterdom/src/Masterdom.Core/Common/Entities/Entities.cs(5,17): warning CS1591: Missing XML comment for publicly visible type or member 'Entity.Id' [/Users/kady/Masterdom/src/Masterdom.Core/Masterdom.Core.csproj]
/Users/kady/Masterdom/src/Masterdom.Core/Common/Entities/Entities.cs(7,15): warning CS1591: Missing XML comment for publicly visible type or member 'Entity.Entity()' [/Users/kady/Masterdom/src/Masterdom.Core/Masterdom.Core.csproj]
/Users/kady/Masterdom/src/Masterdom.Core/Common/Entities/Entities.cs(11,15): warning CS1591: Missing XML comment for publicly visible type or member 'Entity.Entity(Guid)' [/Users/kady/Masterdom/src/Masterdom.Core/Masterdom.Core.csproj]
/Users/kady/Masterdom/src/Masterdom.Core/Common/Entities/Entities.cs(19,17): warning CS1591: Missing XML comment for publicly visible type or member 'Entity.IsTransient' [/Users/kady/Masterdom/src/Masterdom.Core/Masterdom.Core.csproj]
/Users/kady/Masterdom/src/Masterdom.Core/Common/Entities/Entities.cs(21,26): warning CS1591: Missing XML comment for publicly visible type or member 'Entity.Equals(object?)' [/Users/kady/Masterdom/src/Masterdom.Core/Masterdom.Core.csproj]
/Users/kady/Masterdom/src/Masterdom.Core/Common/Entities/Entities.cs(35,25): warning CS1591: Missing XML comment for publicly visible type or member 'Entity.GetHashCode()' [/Users/kady/Masterdom/src/Masterdom.Core/Masterdom.Core.csproj]
/Users/kady/Masterdom/src/Masterdom.Core/Common/Entities/Entities.cs(38,33): warning CS1591: Missing XML comment for publicly visible type or member 'Entity.operator ==(Entity?, Entity?)' [/Users/kady/Masterdom/src/Masterdom.Core/Masterdom.Core.csproj]
/Users/kady/Masterdom/src/Masterdom.Core/Common/Entities/Entities.cs(41,33): warning CS1591: Missing XML comment for publicly visible type or member 'Entity.operator !=(Entity?, Entity?)' [/Users/kady/Masterdom/src/Masterdom.Core/Masterdom.Core.csproj]
/Users/kady/Masterdom/src/Masterdom.Core/Common/Events/DomainEvent.cs(3,23): warning CS1591: Missing XML comment for publicly visible type or member 'DomainEvent' [/Users/kady/Masterdom/src/Masterdom.Core/Masterdom.Core.csproj]
/Users/kady/Masterdom/src/Masterdom.Core/Common/Events/DomainEvent.cs(5,21): warning CS1591: Missing XML comment for publicly visible type or member 'DomainEvent.OccurredOnUtc' [/Users/kady/Masterdom/src/Masterdom.Core/Masterdom.Core.csproj]
/Users/kady/Masterdom/src/Masterdom.Core/Common/Events/IDomainEvent.cs(3,18): warning CS1591: Missing XML comment for publicly visible type or member 'IDomainEvent' [/Users/kady/Masterdom/src/Masterdom.Core/Masterdom.Core.csproj]
/Users/kady/Masterdom/src/Masterdom.Core/Common/Events/IDomainEvent.cs(5,14): warning CS1591: Missing XML comment for publicly visible type or member 'IDomainEvent.OccurredOnUtc' [/Users/kady/Masterdom/src/Masterdom.Core/Masterdom.Core.csproj]
/Users/kady/Masterdom/src/Masterdom.Core/Common/Guard/Guard.cs(5,21): warning CS1591: Missing XML comment for publicly visible type or member 'Guard' [/Users/kady/Masterdom/src/Masterdom.Core/Masterdom.Core.csproj]
/Users/kady/Masterdom/src/Masterdom.Core/Common/Guard/Guard.cs(7,24): warning CS1591: Missing XML comment for publicly visible type or member 'Guard.AgainstNull(object?, string)' [/Users/kady/Masterdom/src/Masterdom.Core/Masterdom.Core.csproj]
/Users/kady/Masterdom/src/Masterdom.Core/Common/Guard/Guard.cs(15,24): warning CS1591: Missing XML comment for publicly visible type or member 'Guard.AgainstNullOrWhiteSpace(string?, string)' [/Users/kady/Masterdom/src/Masterdom.Core/Masterdom.Core.csproj]
/Users/kady/Masterdom/src/Masterdom.Core/Common/Guard/Guard.cs(23,24): warning CS1591: Missing XML comment for publicly visible type or member 'Guard.AgainstNegative(int, string)' [/Users/kady/Masterdom/src/Masterdom.Core/Masterdom.Core.csproj]
/Users/kady/Masterdom/src/Masterdom.Core/Common/Guard/Guard.cs(31,24): warning CS1591: Missing XML comment for publicly visible type or member 'Guard.AgainstFalse(bool, string)' [/Users/kady/Masterdom/src/Masterdom.Core/Masterdom.Core.csproj]
/Users/kady/Masterdom/src/Masterdom.Core/Common/Guard/Guard.cs(39,24): warning CS1591: Missing XML comment for publicly visible type or member 'Guard.AgainstTrue(bool, string)' [/Users/kady/Masterdom/src/Masterdom.Core/Masterdom.Core.csproj]
/Users/kady/Masterdom/src/Masterdom.Core/Common/Interfaces/IAuditable.cs(3,18): warning CS1591: Missing XML comment for publicly visible type or member 'IAuditable' [/Users/kady/Masterdom/src/Masterdom.Core/Masterdom.Core.csproj]
/Users/kady/Masterdom/src/Masterdom.Core/Common/Interfaces/IAuditable.cs(5,14): warning CS1591: Missing XML comment for publicly visible type or member 'IAuditable.CreatedAtUtc' [/Users/kady/Masterdom/src/Masterdom.Core/Masterdom.Core.csproj]
/Users/kady/Masterdom/src/Masterdom.Core/Common/Interfaces/IAuditable.cs(7,15): warning CS1591: Missing XML comment for publicly visible type or member 'IAuditable.UpdatedAtUtc' [/Users/kady/Masterdom/src/Masterdom.Core/Masterdom.Core.csproj]
/Users/kady/Masterdom/src/Masterdom.Core/Common/Interfaces/IAuditable.cs(9,11): warning CS1591: Missing XML comment for publicly visible type or member 'IAuditable.CreatedBy' [/Users/kady/Masterdom/src/Masterdom.Core/Masterdom.Core.csproj]
/Users/kady/Masterdom/src/Masterdom.Core/Common/Interfaces/IAuditable.cs(11,11): warning CS1591: Missing XML comment for publicly visible type or member 'IAuditable.UpdatedBy' [/Users/kady/Masterdom/src/Masterdom.Core/Masterdom.Core.csproj]
/Users/kady/Masterdom/src/Masterdom.Core/Common/Interfaces/IHasDomainEvents.cs(5,18): warning CS1591: Missing XML comment for publicly visible type or member 'IHasDomainEvents' [/Users/kady/Masterdom/src/Masterdom.Core/Masterdom.Core.csproj]
/Users/kady/Masterdom/src/Masterdom.Core/Common/Interfaces/IHasDomainEvents.cs(7,39): warning CS1591: Missing XML comment for publicly visible type or member 'IHasDomainEvents.DomainEvents' [/Users/kady/Masterdom/src/Masterdom.Core/Masterdom.Core.csproj]
/Users/kady/Masterdom/src/Masterdom.Core/Common/Interfaces/IHasDomainEvents.cs(9,10): warning CS1591: Missing XML comment for publicly visible type or member 'IHasDomainEvents.ClearDomainEvents()' [/Users/kady/Masterdom/src/Masterdom.Core/Masterdom.Core.csproj]
/Users/kady/Masterdom/src/Masterdom.Core/Common/Primitives/Result.cs(3,14): warning CS1591: Missing XML comment for publicly visible type or member 'Result' [/Users/kady/Masterdom/src/Masterdom.Core/Masterdom.Core.csproj]
/Users/kady/Masterdom/src/Masterdom.Core/Common/Primitives/Result.cs(5,17): warning CS1591: Missing XML comment for publicly visible type or member 'Result.IsSuccess' [/Users/kady/Masterdom/src/Masterdom.Core/Masterdom.Core.csproj]
/Users/kady/Masterdom/src/Masterdom.Core/Common/Primitives/Result.cs(7,17): warning CS1591: Missing XML comment for publicly visible type or member 'Result.IsFailure' [/Users/kady/Masterdom/src/Masterdom.Core/Masterdom.Core.csproj]
/Users/kady/Masterdom/src/Masterdom.Core/Common/Primitives/Result.cs(9,19): warning CS1591: Missing XML comment for publicly visible type or member 'Result.Error' [/Users/kady/Masterdom/src/Masterdom.Core/Masterdom.Core.csproj]
/Users/kady/Masterdom/src/Masterdom.Core/Common/Primitives/Result.cs(11,15): warning CS1591: Missing XML comment for publicly visible type or member 'Result.Result(bool, string)' [/Users/kady/Masterdom/src/Masterdom.Core/Masterdom.Core.csproj]
/Users/kady/Masterdom/src/Masterdom.Core/Common/Primitives/Result.cs(17,26): warning CS1591: Missing XML comment for publicly visible type or member 'Result.Success()' [/Users/kady/Masterdom/src/Masterdom.Core/Masterdom.Core.csproj]
/Users/kady/Masterdom/src/Masterdom.Core/Common/Primitives/Result.cs(20,26): warning CS1591: Missing XML comment for publicly visible type or member 'Result.Failure(string)' [/Users/kady/Masterdom/src/Masterdom.Core/Masterdom.Core.csproj]
/Users/kady/Masterdom/src/Masterdom.Core/Common/Primitives/Result.cs(24,21): warning CS1591: Missing XML comment for publicly visible type or member 'Result<T>' [/Users/kady/Masterdom/src/Masterdom.Core/Masterdom.Core.csproj]
/Users/kady/Masterdom/src/Masterdom.Core/Common/Primitives/Result.cs(26,14): warning CS1591: Missing XML comment for publicly visible type or member 'Result<T>.Value' [/Users/kady/Masterdom/src/Masterdom.Core/Masterdom.Core.csproj]
/Users/kady/Masterdom/src/Masterdom.Core/Common/Primitives/Result.cs(34,29): warning CS1591: Missing XML comment for publicly visible type or member 'Result<T>.Success(T)' [/Users/kady/Masterdom/src/Masterdom.Core/Masterdom.Core.csproj]
/Users/kady/Masterdom/src/Masterdom.Core/Common/Primitives/Result.cs(37,33): warning CS1591: Missing XML comment for publicly visible type or member 'Result<T>.Failure(string)' [/Users/kady/Masterdom/src/Masterdom.Core/Masterdom.Core.csproj]
/Users/kady/Masterdom/src/Masterdom.Core/Common/Primitives/ValueObject.cs(3,23): warning CS1591: Missing XML comment for publicly visible type or member 'ValueObject' [/Users/kady/Masterdom/src/Masterdom.Core/Masterdom.Core.csproj]
/Users/kady/Masterdom/src/Masterdom.Core/Common/Primitives/ValueObject.cs(5,45): warning CS1591: Missing XML comment for publicly visible type or member 'ValueObject.GetEqualityComponents()' [/Users/kady/Masterdom/src/Masterdom.Core/Masterdom.Core.csproj]
/Users/kady/Masterdom/src/Masterdom.Core/Common/Primitives/ValueObject.cs(7,26): warning CS1591: Missing XML comment for publicly visible type or member 'ValueObject.Equals(object?)' [/Users/kady/Masterdom/src/Masterdom.Core/Masterdom.Core.csproj]
/Users/kady/Masterdom/src/Masterdom.Core/Common/Primitives/ValueObject.cs(18,25): warning CS1591: Missing XML comment for publicly visible type or member 'ValueObject.GetHashCode()' [/Users/kady/Masterdom/src/Masterdom.Core/Masterdom.Core.csproj]
/Users/kady/Masterdom/src/Masterdom.Core/Common/Time/IClock.cs(3,18): warning CS1591: Missing XML comment for publicly visible type or member 'IClock' [/Users/kady/Masterdom/src/Masterdom.Core/Masterdom.Core.csproj]
/Users/kady/Masterdom/src/Masterdom.Core/Common/Time/IClock.cs(5,14): warning CS1591: Missing XML comment for publicly visible type or member 'IClock.UtcNow' [/Users/kady/Masterdom/src/Masterdom.Core/Masterdom.Core.csproj]
/Users/kady/Masterdom/src/Masterdom.Core/Common/Time/SystemClock.cs(3,21): warning CS1591: Missing XML comment for publicly visible type or member 'SystemClock' [/Users/kady/Masterdom/src/Masterdom.Core/Masterdom.Core.csproj]
/Users/kady/Masterdom/src/Masterdom.Core/Common/Time/SystemClock.cs(5,21): warning CS1591: Missing XML comment for publicly visible type or member 'SystemClock.UtcNow' [/Users/kady/Masterdom/src/Masterdom.Core/Masterdom.Core.csproj]
/Users/kady/Masterdom/src/Masterdom.Core/Common/Uuid/IUuidGenerator.cs(3,18): warning CS1591: Missing XML comment for publicly visible type or member 'IUuidGenerator' [/Users/kady/Masterdom/src/Masterdom.Core/Masterdom.Core.csproj]
/Users/kady/Masterdom/src/Masterdom.Core/Common/Uuid/IUuidGenerator.cs(5,10): warning CS1591: Missing XML comment for publicly visible type or member 'IUuidGenerator.New()' [/Users/kady/Masterdom/src/Masterdom.Core/Masterdom.Core.csproj]
/Users/kady/Masterdom/src/Masterdom.Core/Common/Uuid/Uuid7Generator.cs(3,21): warning CS1591: Missing XML comment for publicly visible type or member 'Uuid7Generator' [/Users/kady/Masterdom/src/Masterdom.Core/Masterdom.Core.csproj]
/Users/kady/Masterdom/src/Masterdom.Core/Common/Uuid/Uuid7Generator.cs(5,17): warning CS1591: Missing XML comment for publicly visible type or member 'Uuid7Generator.New()' [/Users/kady/Masterdom/src/Masterdom.Core/Masterdom.Core.csproj]
/Users/kady/Masterdom/src/Masterdom.Core/Exceptions/BusinessRuleException.cs(3,21): warning CS1591: Missing XML comment for publicly visible type or member 'BusinessRuleException' [/Users/kady/Masterdom/src/Masterdom.Core/Masterdom.Core.csproj]
/Users/kady/Masterdom/src/Masterdom.Core/Exceptions/BusinessRuleException.cs(5,12): warning CS1591: Missing XML comment for publicly visible type or member 'BusinessRuleException.BusinessRuleException(string)' [/Users/kady/Masterdom/src/Masterdom.Core/Masterdom.Core.csproj]
/Users/kady/Masterdom/src/Masterdom.Core/Exceptions/DomainException.cs(3,14): warning CS1591: Missing XML comment for publicly visible type or member 'DomainException' [/Users/kady/Masterdom/src/Masterdom.Core/Masterdom.Core.csproj]
/Users/kady/Masterdom/src/Masterdom.Core/Exceptions/DomainException.cs(5,12): warning CS1591: Missing XML comment for publicly visible type or member 'DomainException.DomainException(string)' [/Users/kady/Masterdom/src/Masterdom.Core/Masterdom.Core.csproj]
/Users/kady/Masterdom/src/Masterdom.Core/Errors/ErrorType.cs(8,5): warning CS1591: Missing XML comment for publicly visible type or member 'ErrorType.None' [/Users/kady/Masterdom/src/Masterdom.Core/Masterdom.Core.csproj]
/Users/kady/Masterdom/src/Masterdom.Core/Errors/ErrorType.cs(9,5): warning CS1591: Missing XML comment for publicly visible type or member 'ErrorType.Failure' [/Users/kady/Masterdom/src/Masterdom.Core/Masterdom.Core.csproj]
/Users/kady/Masterdom/src/Masterdom.Core/Errors/ErrorType.cs(10,5): warning CS1591: Missing XML comment for publicly visible type or member 'ErrorType.Validation' [/Users/kady/Masterdom/src/Masterdom.Core/Masterdom.Core.csproj]
/Users/kady/Masterdom/src/Masterdom.Core/Errors/ErrorType.cs(11,5): warning CS1591: Missing XML comment for publicly visible type or member 'ErrorType.Conflict' [/Users/kady/Masterdom/src/Masterdom.Core/Masterdom.Core.csproj]
/Users/kady/Masterdom/src/Masterdom.Core/Errors/ErrorType.cs(12,5): warning CS1591: Missing XML comment for publicly visible type or member 'ErrorType.NotFound' [/Users/kady/Masterdom/src/Masterdom.Core/Masterdom.Core.csproj]
/Users/kady/Masterdom/src/Masterdom.Core/Errors/ErrorType.cs(13,5): warning CS1591: Missing XML comment for publicly visible type or member 'ErrorType.Unauthorized' [/Users/kady/Masterdom/src/Masterdom.Core/Masterdom.Core.csproj]
/Users/kady/Masterdom/src/Masterdom.Core/Errors/ErrorType.cs(14,5): warning CS1591: Missing XML comment for publicly visible type or member 'ErrorType.Forbidden' [/Users/kady/Masterdom/src/Masterdom.Core/Masterdom.Core.csproj]
/Users/kady/Masterdom/src/Masterdom.Core/Errors/Result.cs(10,15): warning CS1591: Missing XML comment for publicly visible type or member 'Result.Result(bool, IReadOnlyCollection<Error>)' [/Users/kady/Masterdom/src/Masterdom.Core/Masterdom.Core.csproj]
/Users/kady/Masterdom/src/Masterdom.Core/Errors/Result.cs(22,17): warning CS1591: Missing XML comment for publicly visible type or member 'Result.IsSuccess' [/Users/kady/Masterdom/src/Masterdom.Core/Masterdom.Core.csproj]
/Users/kady/Masterdom/src/Masterdom.Core/Errors/Result.cs(24,17): warning CS1591: Missing XML comment for publicly visible type or member 'Result.IsFailure' [/Users/kady/Masterdom/src/Masterdom.Core/Masterdom.Core.csproj]
/Users/kady/Masterdom/src/Masterdom.Core/Errors/Result.cs(26,39): warning CS1591: Missing XML comment for publicly visible type or member 'Result.Errors' [/Users/kady/Masterdom/src/Masterdom.Core/Masterdom.Core.csproj]
/Users/kady/Masterdom/src/Masterdom.Core/Errors/Result.cs(28,26): warning CS1591: Missing XML comment for publicly visible type or member 'Result.Success()' [/Users/kady/Masterdom/src/Masterdom.Core/Masterdom.Core.csproj]
/Users/kady/Masterdom/src/Masterdom.Core/Errors/Result.cs(31,26): warning CS1591: Missing XML comment for publicly visible type or member 'Result.Failure(Error)' [/Users/kady/Masterdom/src/Masterdom.Core/Masterdom.Core.csproj]
/Users/kady/Masterdom/src/Masterdom.Core/Errors/Result.cs(34,26): warning CS1591: Missing XML comment for publicly visible type or member 'Result.Failure(IEnumerable<Error>)' [/Users/kady/Masterdom/src/Masterdom.Core/Masterdom.Core.csproj]
/Users/kady/Masterdom/src/Masterdom.Core/Errors/ResultOfT.cs(17,15): warning CS1591: Missing XML comment for publicly visible type or member 'Result<T>.Value' [/Users/kady/Masterdom/src/Masterdom.Core/Masterdom.Core.csproj]
/Users/kady/Masterdom/src/Masterdom.Core/Errors/ResultOfT.cs(19,29): warning CS1591: Missing XML comment for publicly visible type or member 'Result<T>.Success(T)' [/Users/kady/Masterdom/src/Masterdom.Core/Masterdom.Core.csproj]
/Users/kady/Masterdom/src/Masterdom.Core/Errors/ResultOfT.cs(22,33): warning CS1591: Missing XML comment for publicly visible type or member 'Result<T>.Failure(Error)' [/Users/kady/Masterdom/src/Masterdom.Core/Masterdom.Core.csproj]
/Users/kady/Masterdom/src/Masterdom.Core/Errors/ResultOfT.cs(25,33): warning CS1591: Missing XML comment for publicly visible type or member 'Result<T>.Failure(IEnumerable<Error>)' [/Users/kady/Masterdom/src/Masterdom.Core/Masterdom.Core.csproj]
/Users/kady/Masterdom/src/Masterdom.Core/Financial/ValueObjects/AccountingPeriod.cs(5,21): warning CS1591: Missing XML comment for publicly visible type or member 'AccountingPeriod' [/Users/kady/Masterdom/src/Masterdom.Core/Masterdom.Core.csproj]
/Users/kady/Masterdom/src/Masterdom.Core/Financial/ValueObjects/AccountingPeriod.cs(7,21): warning CS1591: Missing XML comment for publicly visible type or member 'AccountingPeriod.StartDate' [/Users/kady/Masterdom/src/Masterdom.Core/Masterdom.Core.csproj]
/Users/kady/Masterdom/src/Masterdom.Core/Financial/ValueObjects/AccountingPeriod.cs(9,21): warning CS1591: Missing XML comment for publicly visible type or member 'AccountingPeriod.EndDate' [/Users/kady/Masterdom/src/Masterdom.Core/Masterdom.Core.csproj]
/Users/kady/Masterdom/src/Masterdom.Core/Financial/ValueObjects/AccountingPeriod.cs(17,36): warning CS1591: Missing XML comment for publicly visible type or member 'AccountingPeriod.Create(DateOnly, DateOnly)' [/Users/kady/Masterdom/src/Masterdom.Core/Masterdom.Core.csproj]
/Users/kady/Masterdom/src/Masterdom.Core/Financial/ValueObjects/AccountingPeriod.cs(25,45): warning CS1591: Missing XML comment for publicly visible type or member 'AccountingPeriod.GetEqualityComponents()' [/Users/kady/Masterdom/src/Masterdom.Core/Masterdom.Core.csproj]
/Users/kady/Masterdom/src/Masterdom.Core/Financial/ValueObjects/Currency.cs(5,21): warning CS1591: Missing XML comment for publicly visible type or member 'Currency' [/Users/kady/Masterdom/src/Masterdom.Core/Masterdom.Core.csproj]
/Users/kady/Masterdom/src/Masterdom.Core/Financial/ValueObjects/Currency.cs(7,19): warning CS1591: Missing XML comment for publicly visible type or member 'Currency.Code' [/Users/kady/Masterdom/src/Masterdom.Core/Masterdom.Core.csproj]
/Users/kady/Masterdom/src/Masterdom.Core/Financial/ValueObjects/Currency.cs(9,20): warning CS1591: Missing XML comment for publicly visible type or member 'Currency.Symbol' [/Users/kady/Masterdom/src/Masterdom.Core/Masterdom.Core.csproj]
/Users/kady/Masterdom/src/Masterdom.Core/Financial/ValueObjects/Currency.cs(17,28): warning CS1591: Missing XML comment for publicly visible type or member 'Currency.Create(string, string?)' [/Users/kady/Masterdom/src/Masterdom.Core/Masterdom.Core.csproj]
/Users/kady/Masterdom/src/Masterdom.Core/Financial/ValueObjects/Currency.cs(34,45): warning CS1591: Missing XML comment for publicly visible type or member 'Currency.GetEqualityComponents()' [/Users/kady/Masterdom/src/Masterdom.Core/Masterdom.Core.csproj]
/Users/kady/Masterdom/src/Masterdom.Core/Financial/ValueObjects/FinancialPeriod.cs(5,21): warning CS1591: Missing XML comment for publicly visible type or member 'FinancialPeriod' [/Users/kady/Masterdom/src/Masterdom.Core/Masterdom.Core.csproj]
/Users/kady/Masterdom/src/Masterdom.Core/Financial/ValueObjects/FinancialPeriod.cs(7,21): warning CS1591: Missing XML comment for publicly visible type or member 'FinancialPeriod.StartDate' [/Users/kady/Masterdom/src/Masterdom.Core/Masterdom.Core.csproj]
/Users/kady/Masterdom/src/Masterdom.Core/Financial/ValueObjects/FinancialPeriod.cs(9,21): warning CS1591: Missing XML comment for publicly visible type or member 'FinancialPeriod.EndDate' [/Users/kady/Masterdom/src/Masterdom.Core/Masterdom.Core.csproj]
/Users/kady/Masterdom/src/Masterdom.Core/Financial/ValueObjects/FinancialPeriod.cs(17,35): warning CS1591: Missing XML comment for publicly visible type or member 'FinancialPeriod.Create(DateOnly, DateOnly)' [/Users/kady/Masterdom/src/Masterdom.Core/Masterdom.Core.csproj]
/Users/kady/Masterdom/src/Masterdom.Core/Financial/ValueObjects/FinancialPeriod.cs(25,45): warning CS1591: Missing XML comment for publicly visible type or member 'FinancialPeriod.GetEqualityComponents()' [/Users/kady/Masterdom/src/Masterdom.Core/Masterdom.Core.csproj]
/Users/kady/Masterdom/src/Masterdom.Core/Financial/ValueObjects/FinancialReference.cs(5,21): warning CS1591: Missing XML comment for publicly visible type or member 'FinancialReference' [/Users/kady/Masterdom/src/Masterdom.Core/Masterdom.Core.csproj]
/Users/kady/Masterdom/src/Masterdom.Core/Financial/ValueObjects/FinancialReference.cs(7,19): warning CS1591: Missing XML comment for publicly visible type or member 'FinancialReference.ReferenceType' [/Users/kady/Masterdom/src/Masterdom.Core/Masterdom.Core.csproj]
/Users/kady/Masterdom/src/Masterdom.Core/Financial/ValueObjects/FinancialReference.cs(9,19): warning CS1591: Missing XML comment for publicly visible type or member 'FinancialReference.ReferenceValue' [/Users/kady/Masterdom/src/Masterdom.Core/Masterdom.Core.csproj]
/Users/kady/Masterdom/src/Masterdom.Core/Financial/ValueObjects/FinancialReference.cs(17,38): warning CS1591: Missing XML comment for publicly visible type or member 'FinancialReference.Create(string, string)' [/Users/kady/Masterdom/src/Masterdom.Core/Masterdom.Core.csproj]
/Users/kady/Masterdom/src/Masterdom.Core/Financial/ValueObjects/FinancialReference.cs(28,45): warning CS1591: Missing XML comment for publicly visible type or member 'FinancialReference.GetEqualityComponents()' [/Users/kady/Masterdom/src/Masterdom.Core/Masterdom.Core.csproj]
/Users/kady/Masterdom/src/Masterdom.Core/Financial/ValueObjects/LedgerReference.cs(5,21): warning CS1591: Missing XML comment for publicly visible type or member 'LedgerReference' [/Users/kady/Masterdom/src/Masterdom.Core/Masterdom.Core.csproj]
/Users/kady/Masterdom/src/Masterdom.Core/Financial/ValueObjects/LedgerReference.cs(7,19): warning CS1591: Missing XML comment for publicly visible type or member 'LedgerReference.LedgerId' [/Users/kady/Masterdom/src/Masterdom.Core/Masterdom.Core.csproj]
/Users/kady/Masterdom/src/Masterdom.Core/Financial/ValueObjects/LedgerReference.cs(9,19): warning CS1591: Missing XML comment for publicly visible type or member 'LedgerReference.EntryId' [/Users/kady/Masterdom/src/Masterdom.Core/Masterdom.Core.csproj]
/Users/kady/Masterdom/src/Masterdom.Core/Financial/ValueObjects/LedgerReference.cs(17,35): warning CS1591: Missing XML comment for publicly visible type or member 'LedgerReference.Create(string, string)' [/Users/kady/Masterdom/src/Masterdom.Core/Masterdom.Core.csproj]
/Users/kady/Masterdom/src/Masterdom.Core/Financial/ValueObjects/LedgerReference.cs(28,45): warning CS1591: Missing XML comment for publicly visible type or member 'LedgerReference.GetEqualityComponents()' [/Users/kady/Masterdom/src/Masterdom.Core/Masterdom.Core.csproj]
/Users/kady/Masterdom/src/Masterdom.Core/Financial/ValueObjects/Money.cs(5,21): warning CS1591: Missing XML comment for publicly visible type or member 'Money' [/Users/kady/Masterdom/src/Masterdom.Core/Masterdom.Core.csproj]
/Users/kady/Masterdom/src/Masterdom.Core/Financial/ValueObjects/Money.cs(7,20): warning CS1591: Missing XML comment for publicly visible type or member 'Money.Amount' [/Users/kady/Masterdom/src/Masterdom.Core/Masterdom.Core.csproj]
/Users/kady/Masterdom/src/Masterdom.Core/Financial/ValueObjects/Money.cs(9,21): warning CS1591: Missing XML comment for publicly visible type or member 'Money.Currency' [/Users/kady/Masterdom/src/Masterdom.Core/Masterdom.Core.csproj]
/Users/kady/Masterdom/src/Masterdom.Core/Financial/ValueObjects/Money.cs(17,25): warning CS1591: Missing XML comment for publicly visible type or member 'Money.Create(decimal, Currency)' [/Users/kady/Masterdom/src/Masterdom.Core/Masterdom.Core.csproj]
/Users/kady/Masterdom/src/Masterdom.Core/Financial/ValueObjects/Money.cs(24,45): warning CS1591: Missing XML comment for publicly visible type or member 'Money.GetEqualityComponents()' [/Users/kady/Masterdom/src/Masterdom.Core/Masterdom.Core.csproj]
/Users/kady/Masterdom/src/Masterdom.Core/Financial/ValueObjects/Percentage.cs(5,21): warning CS1591: Missing XML comment for publicly visible type or member 'Percentage' [/Users/kady/Masterdom/src/Masterdom.Core/Masterdom.Core.csproj]
/Users/kady/Masterdom/src/Masterdom.Core/Financial/ValueObjects/Percentage.cs(7,20): warning CS1591: Missing XML comment for publicly visible type or member 'Percentage.Value' [/Users/kady/Masterdom/src/Masterdom.Core/Masterdom.Core.csproj]
/Users/kady/Masterdom/src/Masterdom.Core/Financial/ValueObjects/Percentage.cs(14,30): warning CS1591: Missing XML comment for publicly visible type or member 'Percentage.Create(decimal)' [/Users/kady/Masterdom/src/Masterdom.Core/Masterdom.Core.csproj]
/Users/kady/Masterdom/src/Masterdom.Core/Financial/ValueObjects/Percentage.cs(22,45): warning CS1591: Missing XML comment for publicly visible type or member 'Percentage.GetEqualityComponents()' [/Users/kady/Masterdom/src/Masterdom.Core/Masterdom.Core.csproj]
/Users/kady/Masterdom/src/Masterdom.Core/Identifiers/PersonId.cs(41,28): warning CS1591: Missing XML comment for publicly visible type or member 'PersonId.ToString()' [/Users/kady/Masterdom/src/Masterdom.Core/Masterdom.Core.csproj]
/Users/kady/Masterdom/src/Masterdom.Core/Identity/Entities/ApiKey/ApiKeyId.cs(43,28): warning CS1591: Missing XML comment for publicly visible type or member 'ApiKeyId.ToString()' [/Users/kady/Masterdom/src/Masterdom.Core/Masterdom.Core.csproj]
/Users/kady/Masterdom/src/Masterdom.Core/Identity/Entities/ApiKey/ApiKeyStatus.cs(10,41): warning CS1591: Missing XML comment for publicly visible type or member 'ApiKeyStatus.Active' [/Users/kady/Masterdom/src/Masterdom.Core/Masterdom.Core.csproj]
/Users/kady/Masterdom/src/Masterdom.Core/Identity/Entities/ApiKey/ApiKeyStatus.cs(11,41): warning CS1591: Missing XML comment for publicly visible type or member 'ApiKeyStatus.Inactive' [/Users/kady/Masterdom/src/Masterdom.Core/Masterdom.Core.csproj]
/Users/kady/Masterdom/src/Masterdom.Core/Identity/Entities/ApiKey/ApiKeyStatus.cs(12,41): warning CS1591: Missing XML comment for publicly visible type or member 'ApiKeyStatus.Expired' [/Users/kady/Masterdom/src/Masterdom.Core/Masterdom.Core.csproj]
/Users/kady/Masterdom/src/Masterdom.Core/Identity/Entities/ApiKey/ApiKeyStatus.cs(13,41): warning CS1591: Missing XML comment for publicly visible type or member 'ApiKeyStatus.Revoked' [/Users/kady/Masterdom/src/Masterdom.Core/Masterdom.Core.csproj]
/Users/kady/Masterdom/src/Masterdom.Core/Identity/Entities/ApiKey/ApiKeyStatus.cs(14,41): warning CS1591: Missing XML comment for publicly visible type or member 'ApiKeyStatus.Archived' [/Users/kady/Masterdom/src/Masterdom.Core/Masterdom.Core.csproj]
/Users/kady/Masterdom/src/Masterdom.Core/Identity/Entities/ApiKey/ApiKeyStatus.cs(46,45): warning CS1591: Missing XML comment for publicly visible type or member 'ApiKeyStatus.GetEqualityComponents()' [/Users/kady/Masterdom/src/Masterdom.Core/Masterdom.Core.csproj]
/Users/kady/Masterdom/src/Masterdom.Core/Identity/Entities/ApiKey/ApiKeyStatus.cs(51,28): warning CS1591: Missing XML comment for publicly visible type or member 'ApiKeyStatus.ToString()' [/Users/kady/Masterdom/src/Masterdom.Core/Masterdom.Core.csproj]
/Users/kady/Masterdom/src/Masterdom.Core/Identity/Entities/EmailVerification/EmailVerificationId.cs(43,28): warning CS1591: Missing XML comment for publicly visible type or member 'EmailVerificationId.ToString()' [/Users/kady/Masterdom/src/Masterdom.Core/Masterdom.Core.csproj]
/Users/kady/Masterdom/src/Masterdom.Core/Identity/Entities/EmailVerification/EmailVerificationStatus.cs(10,52): warning CS1591: Missing XML comment for publicly visible type or member 'EmailVerificationStatus.Pending' [/Users/kady/Masterdom/src/Masterdom.Core/Masterdom.Core.csproj]
/Users/kady/Masterdom/src/Masterdom.Core/Identity/Entities/EmailVerification/EmailVerificationStatus.cs(11,52): warning CS1591: Missing XML comment for publicly visible type or member 'EmailVerificationStatus.Verified' [/Users/kady/Masterdom/src/Masterdom.Core/Masterdom.Core.csproj]
/Users/kady/Masterdom/src/Masterdom.Core/Identity/Entities/EmailVerification/EmailVerificationStatus.cs(12,52): warning CS1591: Missing XML comment for publicly visible type or member 'EmailVerificationStatus.Cancelled' [/Users/kady/Masterdom/src/Masterdom.Core/Masterdom.Core.csproj]
/Users/kady/Masterdom/src/Masterdom.Core/Identity/Entities/EmailVerification/EmailVerificationStatus.cs(13,52): warning CS1591: Missing XML comment for publicly visible type or member 'EmailVerificationStatus.Expired' [/Users/kady/Masterdom/src/Masterdom.Core/Masterdom.Core.csproj]
/Users/kady/Masterdom/src/Masterdom.Core/Identity/Entities/EmailVerification/EmailVerificationStatus.cs(44,45): warning CS1591: Missing XML comment for publicly visible type or member 'EmailVerificationStatus.GetEqualityComponents()' [/Users/kady/Masterdom/src/Masterdom.Core/Masterdom.Core.csproj]
/Users/kady/Masterdom/src/Masterdom.Core/Identity/Entities/EmailVerification/EmailVerificationStatus.cs(49,28): warning CS1591: Missing XML comment for publicly visible type or member 'EmailVerificationStatus.ToString()' [/Users/kady/Masterdom/src/Masterdom.Core/Masterdom.Core.csproj]
/Users/kady/Masterdom/src/Masterdom.Core/Identity/Entities/ExternalLogin/ExternalLoginId.cs(43,28): warning CS1591: Missing XML comment for publicly visible type or member 'ExternalLoginId.ToString()' [/Users/kady/Masterdom/src/Masterdom.Core/Masterdom.Core.csproj]
/Users/kady/Masterdom/src/Masterdom.Core/Identity/Entities/ExternalLogin/ExternalLoginProvider.cs(10,50): warning CS1591: Missing XML comment for publicly visible type or member 'ExternalLoginProvider.Google' [/Users/kady/Masterdom/src/Masterdom.Core/Masterdom.Core.csproj]
/Users/kady/Masterdom/src/Masterdom.Core/Identity/Entities/ExternalLogin/ExternalLoginProvider.cs(13,50): warning CS1591: Missing XML comment for publicly visible type or member 'ExternalLoginProvider.Microsoft' [/Users/kady/Masterdom/src/Masterdom.Core/Masterdom.Core.csproj]
/Users/kady/Masterdom/src/Masterdom.Core/Identity/Entities/ExternalLogin/ExternalLoginProvider.cs(16,50): warning CS1591: Missing XML comment for publicly visible type or member 'ExternalLoginProvider.Apple' [/Users/kady/Masterdom/src/Masterdom.Core/Masterdom.Core.csproj]
/Users/kady/Masterdom/src/Masterdom.Core/Identity/Entities/ExternalLogin/ExternalLoginProvider.cs(19,50): warning CS1591: Missing XML comment for publicly visible type or member 'ExternalLoginProvider.Facebook' [/Users/kady/Masterdom/src/Masterdom.Core/Masterdom.Core.csproj]
/Users/kady/Masterdom/src/Masterdom.Core/Identity/Entities/ExternalLogin/ExternalLoginProvider.cs(22,50): warning CS1591: Missing XML comment for publicly visible type or member 'ExternalLoginProvider.GitHub' [/Users/kady/Masterdom/src/Masterdom.Core/Masterdom.Core.csproj]
/Users/kady/Masterdom/src/Masterdom.Core/Identity/Entities/ExternalLogin/ExternalLoginProvider.cs(25,50): warning CS1591: Missing XML comment for publicly visible type or member 'ExternalLoginProvider.LinkedIn' [/Users/kady/Masterdom/src/Masterdom.Core/Masterdom.Core.csproj]
/Users/kady/Masterdom/src/Masterdom.Core/Identity/Entities/ExternalLogin/ExternalLoginProvider.cs(28,50): warning CS1591: Missing XML comment for publicly visible type or member 'ExternalLoginProvider.X' [/Users/kady/Masterdom/src/Masterdom.Core/Masterdom.Core.csproj]
/Users/kady/Masterdom/src/Masterdom.Core/Identity/Entities/ExternalLogin/ExternalLoginProvider.cs(31,50): warning CS1591: Missing XML comment for publicly visible type or member 'ExternalLoginProvider.Other' [/Users/kady/Masterdom/src/Masterdom.Core/Masterdom.Core.csproj]
/Users/kady/Masterdom/src/Masterdom.Core/Identity/Entities/ExternalLogin/ExternalLoginProvider.cs(67,45): warning CS1591: Missing XML comment for publicly visible type or member 'ExternalLoginProvider.GetEqualityComponents()' [/Users/kady/Masterdom/src/Masterdom.Core/Masterdom.Core.csproj]
/Users/kady/Masterdom/src/Masterdom.Core/Identity/Entities/ExternalLogin/ExternalLoginProvider.cs(72,28): warning CS1591: Missing XML comment for publicly visible type or member 'ExternalLoginProvider.ToString()' [/Users/kady/Masterdom/src/Masterdom.Core/Masterdom.Core.csproj]
/Users/kady/Masterdom/src/Masterdom.Core/Identity/Entities/ExternalLogin/ExternalLoginStatus.cs(10,48): warning CS1591: Missing XML comment for publicly visible type or member 'ExternalLoginStatus.Active' [/Users/kady/Masterdom/src/Masterdom.Core/Masterdom.Core.csproj]
/Users/kady/Masterdom/src/Masterdom.Core/Identity/Entities/ExternalLogin/ExternalLoginStatus.cs(11,48): warning CS1591: Missing XML comment for publicly visible type or member 'ExternalLoginStatus.Inactive' [/Users/kady/Masterdom/src/Masterdom.Core/Masterdom.Core.csproj]
/Users/kady/Masterdom/src/Masterdom.Core/Identity/Entities/ExternalLogin/ExternalLoginStatus.cs(12,48): warning CS1591: Missing XML comment for publicly visible type or member 'ExternalLoginStatus.Archived' [/Users/kady/Masterdom/src/Masterdom.Core/Masterdom.Core.csproj]
/Users/kady/Masterdom/src/Masterdom.Core/Identity/Entities/ExternalLogin/ExternalLoginStatus.cs(42,45): warning CS1591: Missing XML comment for publicly visible type or member 'ExternalLoginStatus.GetEqualityComponents()' [/Users/kady/Masterdom/src/Masterdom.Core/Masterdom.Core.csproj]
/Users/kady/Masterdom/src/Masterdom.Core/Identity/Entities/ExternalLogin/ExternalLoginStatus.cs(47,28): warning CS1591: Missing XML comment for publicly visible type or member 'ExternalLoginStatus.ToString()' [/Users/kady/Masterdom/src/Masterdom.Core/Masterdom.Core.csproj]
/Users/kady/Masterdom/src/Masterdom.Core/Identity/Entities/IdentityProfile/IdentityProfileCode.cs(39,45): warning CS1591: Missing XML comment for publicly visible type or member 'IdentityProfileCode.GetEqualityComponents()' [/Users/kady/Masterdom/src/Masterdom.Core/Masterdom.Core.csproj]
/Users/kady/Masterdom/src/Masterdom.Core/Identity/Entities/IdentityProfile/IdentityProfileCode.cs(44,28): warning CS1591: Missing XML comment for publicly visible type or member 'IdentityProfileCode.ToString()' [/Users/kady/Masterdom/src/Masterdom.Core/Masterdom.Core.csproj]
/Users/kady/Masterdom/src/Masterdom.Core/Identity/Entities/IdentityProfile/IdentityProfileCode.cs(49,37): warning CS1591: Missing XML comment for publicly visible type or member 'IdentityProfileCode.implicit operator string(IdentityProfileCode)' [/Users/kady/Masterdom/src/Masterdom.Core/Masterdom.Core.csproj]
/Users/kady/Masterdom/src/Masterdom.Core/Identity/Entities/IdentityProfile/IdentityProfileId.cs(41,28): warning CS1591: Missing XML comment for publicly visible type or member 'IdentityProfileId.ToString()' [/Users/kady/Masterdom/src/Masterdom.Core/Masterdom.Core.csproj]
/Users/kady/Masterdom/src/Masterdom.Core/Identity/Entities/IdentityProfile/IdentityProfileStatus.cs(10,50): warning CS1591: Missing XML comment for publicly visible type or member 'IdentityProfileStatus.Active' [/Users/kady/Masterdom/src/Masterdom.Core/Masterdom.Core.csproj]
/Users/kady/Masterdom/src/Masterdom.Core/Identity/Entities/IdentityProfile/IdentityProfileStatus.cs(11,50): warning CS1591: Missing XML comment for publicly visible type or member 'IdentityProfileStatus.Inactive' [/Users/kady/Masterdom/src/Masterdom.Core/Masterdom.Core.csproj]
/Users/kady/Masterdom/src/Masterdom.Core/Identity/Entities/IdentityProfile/IdentityProfileStatus.cs(12,50): warning CS1591: Missing XML comment for publicly visible type or member 'IdentityProfileStatus.Archived' [/Users/kady/Masterdom/src/Masterdom.Core/Masterdom.Core.csproj]
/Users/kady/Masterdom/src/Masterdom.Core/Identity/Entities/IdentityProfile/IdentityProfileStatus.cs(42,45): warning CS1591: Missing XML comment for publicly visible type or member 'IdentityProfileStatus.GetEqualityComponents()' [/Users/kady/Masterdom/src/Masterdom.Core/Masterdom.Core.csproj]
/Users/kady/Masterdom/src/Masterdom.Core/Identity/Entities/IdentityProfile/IdentityProfileStatus.cs(47,28): warning CS1591: Missing XML comment for publicly visible type or member 'IdentityProfileStatus.ToString()' [/Users/kady/Masterdom/src/Masterdom.Core/Masterdom.Core.csproj]
/Users/kady/Masterdom/src/Masterdom.Core/Identity/Entities/IdentityProfile/IdentityProfileType.cs(10,48): warning CS1591: Missing XML comment for publicly visible type or member 'IdentityProfileType.Person' [/Users/kady/Masterdom/src/Masterdom.Core/Masterdom.Core.csproj]
/Users/kady/Masterdom/src/Masterdom.Core/Identity/Entities/IdentityProfile/IdentityProfileType.cs(11,48): warning CS1591: Missing XML comment for publicly visible type or member 'IdentityProfileType.Organization' [/Users/kady/Masterdom/src/Masterdom.Core/Masterdom.Core.csproj]
/Users/kady/Masterdom/src/Masterdom.Core/Identity/Entities/IdentityProfile/IdentityProfileType.cs(12,48): warning CS1591: Missing XML comment for publicly visible type or member 'IdentityProfileType.Owner' [/Users/kady/Masterdom/src/Masterdom.Core/Masterdom.Core.csproj]
/Users/kady/Masterdom/src/Masterdom.Core/Identity/Entities/IdentityProfile/IdentityProfileType.cs(13,48): warning CS1591: Missing XML comment for publicly visible type or member 'IdentityProfileType.Tenant' [/Users/kady/Masterdom/src/Masterdom.Core/Masterdom.Core.csproj]
/Users/kady/Masterdom/src/Masterdom.Core/Identity/Entities/IdentityProfile/IdentityProfileType.cs(14,48): warning CS1591: Missing XML comment for publicly visible type or member 'IdentityProfileType.Employee' [/Users/kady/Masterdom/src/Masterdom.Core/Masterdom.Core.csproj]
/Users/kady/Masterdom/src/Masterdom.Core/Identity/Entities/IdentityProfile/IdentityProfileType.cs(15,48): warning CS1591: Missing XML comment for publicly visible type or member 'IdentityProfileType.Vendor' [/Users/kady/Masterdom/src/Masterdom.Core/Masterdom.Core.csproj]
/Users/kady/Masterdom/src/Masterdom.Core/Identity/Entities/IdentityProfile/IdentityProfileType.cs(16,48): warning CS1591: Missing XML comment for publicly visible type or member 'IdentityProfileType.Contractor' [/Users/kady/Masterdom/src/Masterdom.Core/Masterdom.Core.csproj]
/Users/kady/Masterdom/src/Masterdom.Core/Identity/Entities/IdentityProfile/IdentityProfileType.cs(17,48): warning CS1591: Missing XML comment for publicly visible type or member 'IdentityProfileType.ServiceProvider' [/Users/kady/Masterdom/src/Masterdom.Core/Masterdom.Core.csproj]
/Users/kady/Masterdom/src/Masterdom.Core/Identity/Entities/IdentityProfile/IdentityProfileType.cs(18,48): warning CS1591: Missing XML comment for publicly visible type or member 'IdentityProfileType.GovernmentAgency' [/Users/kady/Masterdom/src/Masterdom.Core/Masterdom.Core.csproj]
/Users/kady/Masterdom/src/Masterdom.Core/Identity/Entities/IdentityProfile/IdentityProfileType.cs(19,48): warning CS1591: Missing XML comment for publicly visible type or member 'IdentityProfileType.FinancialInstitution' [/Users/kady/Masterdom/src/Masterdom.Core/Masterdom.Core.csproj]
/Users/kady/Masterdom/src/Masterdom.Core/Identity/Entities/IdentityProfile/IdentityProfileType.cs(20,48): warning CS1591: Missing XML comment for publicly visible type or member 'IdentityProfileType.UtilityProvider' [/Users/kady/Masterdom/src/Masterdom.Core/Masterdom.Core.csproj]
/Users/kady/Masterdom/src/Masterdom.Core/Identity/Entities/IdentityProfile/IdentityProfileType.cs(21,48): warning CS1591: Missing XML comment for publicly visible type or member 'IdentityProfileType.TelecomOperator' [/Users/kady/Masterdom/src/Masterdom.Core/Masterdom.Core.csproj]
/Users/kady/Masterdom/src/Masterdom.Core/Identity/Entities/IdentityProfile/IdentityProfileType.cs(22,48): warning CS1591: Missing XML comment for publicly visible type or member 'IdentityProfileType.Other' [/Users/kady/Masterdom/src/Masterdom.Core/Masterdom.Core.csproj]
/Users/kady/Masterdom/src/Masterdom.Core/Identity/Entities/IdentityProfile/IdentityProfileType.cs(62,45): warning CS1591: Missing XML comment for publicly visible type or member 'IdentityProfileType.GetEqualityComponents()' [/Users/kady/Masterdom/src/Masterdom.Core/Masterdom.Core.csproj]
/Users/kady/Masterdom/src/Masterdom.Core/Identity/Entities/IdentityProfile/IdentityProfileType.cs(67,28): warning CS1591: Missing XML comment for publicly visible type or member 'IdentityProfileType.ToString()' [/Users/kady/Masterdom/src/Masterdom.Core/Masterdom.Core.csproj]
/Users/kady/Masterdom/src/Masterdom.Core/Identity/Entities/LoginAttempt/LoginAttemptId.cs(43,28): warning CS1591: Missing XML comment for publicly visible type or member 'LoginAttemptId.ToString()' [/Users/kady/Masterdom/src/Masterdom.Core/Masterdom.Core.csproj]
/Users/kady/Masterdom/src/Masterdom.Core/Identity/Entities/LoginAttempt/LoginAttemptStatus.cs(10,47): warning CS1591: Missing XML comment for publicly visible type or member 'LoginAttemptStatus.Pending' [/Users/kady/Masterdom/src/Masterdom.Core/Masterdom.Core.csproj]
/Users/kady/Masterdom/src/Masterdom.Core/Identity/Entities/LoginAttempt/LoginAttemptStatus.cs(11,47): warning CS1591: Missing XML comment for publicly visible type or member 'LoginAttemptStatus.Successful' [/Users/kady/Masterdom/src/Masterdom.Core/Masterdom.Core.csproj]
/Users/kady/Masterdom/src/Masterdom.Core/Identity/Entities/LoginAttempt/LoginAttemptStatus.cs(12,47): warning CS1591: Missing XML comment for publicly visible type or member 'LoginAttemptStatus.Failed' [/Users/kady/Masterdom/src/Masterdom.Core/Masterdom.Core.csproj]
/Users/kady/Masterdom/src/Masterdom.Core/Identity/Entities/LoginAttempt/LoginAttemptStatus.cs(13,47): warning CS1591: Missing XML comment for publicly visible type or member 'LoginAttemptStatus.Blocked' [/Users/kady/Masterdom/src/Masterdom.Core/Masterdom.Core.csproj]
/Users/kady/Masterdom/src/Masterdom.Core/Identity/Entities/LoginAttempt/LoginAttemptStatus.cs(44,45): warning CS1591: Missing XML comment for publicly visible type or member 'LoginAttemptStatus.GetEqualityComponents()' [/Users/kady/Masterdom/src/Masterdom.Core/Masterdom.Core.csproj]
/Users/kady/Masterdom/src/Masterdom.Core/Identity/Entities/LoginAttempt/LoginAttemptStatus.cs(49,28): warning CS1591: Missing XML comment for publicly visible type or member 'LoginAttemptStatus.ToString()' [/Users/kady/Masterdom/src/Masterdom.Core/Masterdom.Core.csproj]
/Users/kady/Masterdom/src/Masterdom.Core/Identity/Entities/MfaDevice/MfaDeviceId.cs(43,28): warning CS1591: Missing XML comment for publicly visible type or member 'MfaDeviceId.ToString()' [/Users/kady/Masterdom/src/Masterdom.Core/Masterdom.Core.csproj]
/Users/kady/Masterdom/src/Masterdom.Core/Identity/Entities/MfaDevice/MfaDeviceStatus.cs(10,44): warning CS1591: Missing XML comment for publicly visible type or member 'MfaDeviceStatus.Pending' [/Users/kady/Masterdom/src/Masterdom.Core/Masterdom.Core.csproj]
/Users/kady/Masterdom/src/Masterdom.Core/Identity/Entities/MfaDevice/MfaDeviceStatus.cs(11,44): warning CS1591: Missing XML comment for publicly visible type or member 'MfaDeviceStatus.Active' [/Users/kady/Masterdom/src/Masterdom.Core/Masterdom.Core.csproj]
/Users/kady/Masterdom/src/Masterdom.Core/Identity/Entities/MfaDevice/MfaDeviceStatus.cs(12,44): warning CS1591: Missing XML comment for publicly visible type or member 'MfaDeviceStatus.Inactive' [/Users/kady/Masterdom/src/Masterdom.Core/Masterdom.Core.csproj]
/Users/kady/Masterdom/src/Masterdom.Core/Identity/Entities/MfaDevice/MfaDeviceStatus.cs(13,44): warning CS1591: Missing XML comment for publicly visible type or member 'MfaDeviceStatus.Archived' [/Users/kady/Masterdom/src/Masterdom.Core/Masterdom.Core.csproj]
/Users/kady/Masterdom/src/Masterdom.Core/Identity/Entities/MfaDevice/MfaDeviceStatus.cs(44,45): warning CS1591: Missing XML comment for publicly visible type or member 'MfaDeviceStatus.GetEqualityComponents()' [/Users/kady/Masterdom/src/Masterdom.Core/Masterdom.Core.csproj]
/Users/kady/Masterdom/src/Masterdom.Core/Identity/Entities/MfaDevice/MfaDeviceStatus.cs(49,28): warning CS1591: Missing XML comment for publicly visible type or member 'MfaDeviceStatus.ToString()' [/Users/kady/Masterdom/src/Masterdom.Core/Masterdom.Core.csproj]
/Users/kady/Masterdom/src/Masterdom.Core/Identity/Entities/MfaDevice/MfaDeviceType.cs(10,42): warning CS1591: Missing XML comment for publicly visible type or member 'MfaDeviceType.AuthenticatorApp' [/Users/kady/Masterdom/src/Masterdom.Core/Masterdom.Core.csproj]
/Users/kady/Masterdom/src/Masterdom.Core/Identity/Entities/MfaDevice/MfaDeviceType.cs(13,42): warning CS1591: Missing XML comment for publicly visible type or member 'MfaDeviceType.Sms' [/Users/kady/Masterdom/src/Masterdom.Core/Masterdom.Core.csproj]
/Users/kady/Masterdom/src/Masterdom.Core/Identity/Entities/MfaDevice/MfaDeviceType.cs(16,42): warning CS1591: Missing XML comment for publicly visible type or member 'MfaDeviceType.Email' [/Users/kady/Masterdom/src/Masterdom.Core/Masterdom.Core.csproj]
/Users/kady/Masterdom/src/Masterdom.Core/Identity/Entities/MfaDevice/MfaDeviceType.cs(19,42): warning CS1591: Missing XML comment for publicly visible type or member 'MfaDeviceType.HardwareKey' [/Users/kady/Masterdom/src/Masterdom.Core/Masterdom.Core.csproj]
/Users/kady/Masterdom/src/Masterdom.Core/Identity/Entities/MfaDevice/MfaDeviceType.cs(22,42): warning CS1591: Missing XML comment for publicly visible type or member 'MfaDeviceType.Passkey' [/Users/kady/Masterdom/src/Masterdom.Core/Masterdom.Core.csproj]
/Users/kady/Masterdom/src/Masterdom.Core/Identity/Entities/MfaDevice/MfaDeviceType.cs(25,42): warning CS1591: Missing XML comment for publicly visible type or member 'MfaDeviceType.RecoveryCode' [/Users/kady/Masterdom/src/Masterdom.Core/Masterdom.Core.csproj]
/Users/kady/Masterdom/src/Masterdom.Core/Identity/Entities/MfaDevice/MfaDeviceType.cs(28,42): warning CS1591: Missing XML comment for publicly visible type or member 'MfaDeviceType.Other' [/Users/kady/Masterdom/src/Masterdom.Core/Masterdom.Core.csproj]
/Users/kady/Masterdom/src/Masterdom.Core/Identity/Entities/MfaDevice/MfaDeviceType.cs(63,45): warning CS1591: Missing XML comment for publicly visible type or member 'MfaDeviceType.GetEqualityComponents()' [/Users/kady/Masterdom/src/Masterdom.Core/Masterdom.Core.csproj]
/Users/kady/Masterdom/src/Masterdom.Core/Identity/Entities/MfaDevice/MfaDeviceType.cs(68,28): warning CS1591: Missing XML comment for publicly visible type or member 'MfaDeviceType.ToString()' [/Users/kady/Masterdom/src/Masterdom.Core/Masterdom.Core.csproj]
/Users/kady/Masterdom/src/Masterdom.Core/Identity/Entities/Organization/Address.cs(161,45): warning CS1591: Missing XML comment for publicly visible type or member 'Address.GetEqualityComponents()' [/Users/kady/Masterdom/src/Masterdom.Core/Masterdom.Core.csproj]
/Users/kady/Masterdom/src/Masterdom.Core/Identity/Entities/Organization/Address.cs(173,28): warning CS1591: Missing XML comment for publicly visible type or member 'Address.ToString()' [/Users/kady/Masterdom/src/Masterdom.Core/Masterdom.Core.csproj]
/Users/kady/Masterdom/src/Masterdom.Core/Identity/Entities/Organization/Contact.cs(117,45): warning CS1591: Missing XML comment for publicly visible type or member 'Contact.GetEqualityComponents()' [/Users/kady/Masterdom/src/Masterdom.Core/Masterdom.Core.csproj]
/Users/kady/Masterdom/src/Masterdom.Core/Identity/Entities/Organization/Contact.cs(123,28): warning CS1591: Missing XML comment for publicly visible type or member 'Contact.ToString()' [/Users/kady/Masterdom/src/Masterdom.Core/Masterdom.Core.csproj]
/Users/kady/Masterdom/src/Masterdom.Core/Identity/Entities/Organization/OrganizationCode.cs(39,45): warning CS1591: Missing XML comment for publicly visible type or member 'OrganizationCode.GetEqualityComponents()' [/Users/kady/Masterdom/src/Masterdom.Core/Masterdom.Core.csproj]
/Users/kady/Masterdom/src/Masterdom.Core/Identity/Entities/Organization/OrganizationCode.cs(44,28): warning CS1591: Missing XML comment for publicly visible type or member 'OrganizationCode.ToString()' [/Users/kady/Masterdom/src/Masterdom.Core/Masterdom.Core.csproj]
/Users/kady/Masterdom/src/Masterdom.Core/Identity/Entities/Organization/OrganizationCode.cs(49,37): warning CS1591: Missing XML comment for publicly visible type or member 'OrganizationCode.implicit operator string(OrganizationCode)' [/Users/kady/Masterdom/src/Masterdom.Core/Masterdom.Core.csproj]
/Users/kady/Masterdom/src/Masterdom.Core/Identity/Entities/Organization/OrganizationId.cs(41,28): warning CS1591: Missing XML comment for publicly visible type or member 'OrganizationId.ToString()' [/Users/kady/Masterdom/src/Masterdom.Core/Masterdom.Core.csproj]
/Users/kady/Masterdom/src/Masterdom.Core/Identity/Entities/Organization/OrganizationName.cs(39,45): warning CS1591: Missing XML comment for publicly visible type or member 'OrganizationName.GetEqualityComponents()' [/Users/kady/Masterdom/src/Masterdom.Core/Masterdom.Core.csproj]
/Users/kady/Masterdom/src/Masterdom.Core/Identity/Entities/Organization/OrganizationName.cs(44,28): warning CS1591: Missing XML comment for publicly visible type or member 'OrganizationName.ToString()' [/Users/kady/Masterdom/src/Masterdom.Core/Masterdom.Core.csproj]
/Users/kady/Masterdom/src/Masterdom.Core/Identity/Entities/Organization/OrganizationName.cs(49,37): warning CS1591: Missing XML comment for publicly visible type or member 'OrganizationName.implicit operator string(OrganizationName)' [/Users/kady/Masterdom/src/Masterdom.Core/Masterdom.Core.csproj]
/Users/kady/Masterdom/src/Masterdom.Core/Identity/Entities/Organization/OrganizationStatus.cs(10,47): warning CS1591: Missing XML comment for publicly visible type or member 'OrganizationStatus.Active' [/Users/kady/Masterdom/src/Masterdom.Core/Masterdom.Core.csproj]
/Users/kady/Masterdom/src/Masterdom.Core/Identity/Entities/Organization/OrganizationStatus.cs(11,47): warning CS1591: Missing XML comment for publicly visible type or member 'OrganizationStatus.Inactive' [/Users/kady/Masterdom/src/Masterdom.Core/Masterdom.Core.csproj]
/Users/kady/Masterdom/src/Masterdom.Core/Identity/Entities/Organization/OrganizationStatus.cs(12,47): warning CS1591: Missing XML comment for publicly visible type or member 'OrganizationStatus.Archived' [/Users/kady/Masterdom/src/Masterdom.Core/Masterdom.Core.csproj]
/Users/kady/Masterdom/src/Masterdom.Core/Identity/Entities/Organization/OrganizationStatus.cs(42,45): warning CS1591: Missing XML comment for publicly visible type or member 'OrganizationStatus.GetEqualityComponents()' [/Users/kady/Masterdom/src/Masterdom.Core/Masterdom.Core.csproj]
/Users/kady/Masterdom/src/Masterdom.Core/Identity/Entities/Organization/OrganizationStatus.cs(47,28): warning CS1591: Missing XML comment for publicly visible type or member 'OrganizationStatus.ToString()' [/Users/kady/Masterdom/src/Masterdom.Core/Masterdom.Core.csproj]
/Users/kady/Masterdom/src/Masterdom.Core/Identity/Entities/Organization/OrganizationType.cs(10,45): warning CS1591: Missing XML comment for publicly visible type or member 'OrganizationType.Enterprise' [/Users/kady/Masterdom/src/Masterdom.Core/Masterdom.Core.csproj]
/Users/kady/Masterdom/src/Masterdom.Core/Identity/Entities/Organization/OrganizationType.cs(11,45): warning CS1591: Missing XML comment for publicly visible type or member 'OrganizationType.SmallBusiness' [/Users/kady/Masterdom/src/Masterdom.Core/Masterdom.Core.csproj]
/Users/kady/Masterdom/src/Masterdom.Core/Identity/Entities/Organization/OrganizationType.cs(12,45): warning CS1591: Missing XML comment for publicly visible type or member 'OrganizationType.NonProfit' [/Users/kady/Masterdom/src/Masterdom.Core/Masterdom.Core.csproj]
/Users/kady/Masterdom/src/Masterdom.Core/Identity/Entities/Organization/OrganizationType.cs(42,45): warning CS1591: Missing XML comment for publicly visible type or member 'OrganizationType.GetEqualityComponents()' [/Users/kady/Masterdom/src/Masterdom.Core/Masterdom.Core.csproj]
/Users/kady/Masterdom/src/Masterdom.Core/Identity/Entities/Organization/OrganizationType.cs(47,28): warning CS1591: Missing XML comment for publicly visible type or member 'OrganizationType.ToString()' [/Users/kady/Masterdom/src/Masterdom.Core/Masterdom.Core.csproj]
/Users/kady/Masterdom/src/Masterdom.Core/Identity/Entities/Organization/RegistrationDocument.cs(167,45): warning CS1591: Missing XML comment for publicly visible type or member 'RegistrationDocument.GetEqualityComponents()' [/Users/kady/Masterdom/src/Masterdom.Core/Masterdom.Core.csproj]
/Users/kady/Masterdom/src/Masterdom.Core/Identity/Entities/Organization/RegistrationDocument.cs(173,28): warning CS1591: Missing XML comment for publicly visible type or member 'RegistrationDocument.ToString()' [/Users/kady/Masterdom/src/Masterdom.Core/Masterdom.Core.csproj]
/Users/kady/Masterdom/src/Masterdom.Core/Identity/Entities/PasswordReset/PasswordResetId.cs(43,28): warning CS1591: Missing XML comment for publicly visible type or member 'PasswordResetId.ToString()' [/Users/kady/Masterdom/src/Masterdom.Core/Masterdom.Core.csproj]
/Users/kady/Masterdom/src/Masterdom.Core/Identity/Entities/PasswordReset/PasswordResetStatus.cs(10,48): warning CS1591: Missing XML comment for publicly visible type or member 'PasswordResetStatus.Pending' [/Users/kady/Masterdom/src/Masterdom.Core/Masterdom.Core.csproj]
/Users/kady/Masterdom/src/Masterdom.Core/Identity/Entities/PasswordReset/PasswordResetStatus.cs(11,48): warning CS1591: Missing XML comment for publicly visible type or member 'PasswordResetStatus.Completed' [/Users/kady/Masterdom/src/Masterdom.Core/Masterdom.Core.csproj]
/Users/kady/Masterdom/src/Masterdom.Core/Identity/Entities/PasswordReset/PasswordResetStatus.cs(12,48): warning CS1591: Missing XML comment for publicly visible type or member 'PasswordResetStatus.Cancelled' [/Users/kady/Masterdom/src/Masterdom.Core/Masterdom.Core.csproj]
/Users/kady/Masterdom/src/Masterdom.Core/Identity/Entities/PasswordReset/PasswordResetStatus.cs(13,48): warning CS1591: Missing XML comment for publicly visible type or member 'PasswordResetStatus.Expired' [/Users/kady/Masterdom/src/Masterdom.Core/Masterdom.Core.csproj]
/Users/kady/Masterdom/src/Masterdom.Core/Identity/Entities/PasswordReset/PasswordResetStatus.cs(44,45): warning CS1591: Missing XML comment for publicly visible type or member 'PasswordResetStatus.GetEqualityComponents()' [/Users/kady/Masterdom/src/Masterdom.Core/Masterdom.Core.csproj]
/Users/kady/Masterdom/src/Masterdom.Core/Identity/Entities/PasswordReset/PasswordResetStatus.cs(49,28): warning CS1591: Missing XML comment for publicly visible type or member 'PasswordResetStatus.ToString()' [/Users/kady/Masterdom/src/Masterdom.Core/Masterdom.Core.csproj]
/Users/kady/Masterdom/src/Masterdom.Core/Identity/Entities/Permission/Permission.cs(98,17): warning CS1591: Missing XML comment for publicly visible type or member 'Permission.Rename(PermissionName)' [/Users/kady/Masterdom/src/Masterdom.Core/Masterdom.Core.csproj]
/Users/kady/Masterdom/src/Masterdom.Core/Identity/Entities/Permission/Permission.cs(108,17): warning CS1591: Missing XML comment for publicly visible type or member 'Permission.ChangeDescription(string?)' [/Users/kady/Masterdom/src/Masterdom.Core/Masterdom.Core.csproj]
/Users/kady/Masterdom/src/Masterdom.Core/Identity/Entities/Permission/Permission.cs(115,17): warning CS1591: Missing XML comment for publicly visible type or member 'Permission.ChangeRemarks(string?)' [/Users/kady/Masterdom/src/Masterdom.Core/Masterdom.Core.csproj]
/Users/kady/Masterdom/src/Masterdom.Core/Identity/Entities/Permission/Permission.cs(122,17): warning CS1591: Missing XML comment for publicly visible type or member 'Permission.ChangeOther(string?)' [/Users/kady/Masterdom/src/Masterdom.Core/Masterdom.Core.csproj]
/Users/kady/Masterdom/src/Masterdom.Core/Identity/Entities/Permission/Permission.cs(129,17): warning CS1591: Missing XML comment for publicly visible type or member 'Permission.SetEffectivePeriod(DateTime?, DateTime?)' [/Users/kady/Masterdom/src/Masterdom.Core/Masterdom.Core.csproj]
/Users/kady/Masterdom/src/Masterdom.Core/Identity/Entities/Permission/Permission.cs(143,17): warning CS1591: Missing XML comment for publicly visible type or member 'Permission.SetDisplayOrder(int)' [/Users/kady/Masterdom/src/Masterdom.Core/Masterdom.Core.csproj]
/Users/kady/Masterdom/src/Masterdom.Core/Identity/Entities/Permission/Permission.cs(151,17): warning CS1591: Missing XML comment for publicly visible type or member 'Permission.Hide()' [/Users/kady/Masterdom/src/Masterdom.Core/Masterdom.Core.csproj]
/Users/kady/Masterdom/src/Masterdom.Core/Identity/Entities/Permission/Permission.cs(153,17): warning CS1591: Missing XML comment for publicly visible type or member 'Permission.Show()' [/Users/kady/Masterdom/src/Masterdom.Core/Masterdom.Core.csproj]
/Users/kady/Masterdom/src/Masterdom.Core/Identity/Entities/Permission/Permission.cs(155,17): warning CS1591: Missing XML comment for publicly visible type or member 'Permission.Activate()' [/Users/kady/Masterdom/src/Masterdom.Core/Masterdom.Core.csproj]
/Users/kady/Masterdom/src/Masterdom.Core/Identity/Entities/Permission/Permission.cs(157,17): warning CS1591: Missing XML comment for publicly visible type or member 'Permission.Deactivate()' [/Users/kady/Masterdom/src/Masterdom.Core/Masterdom.Core.csproj]
/Users/kady/Masterdom/src/Masterdom.Core/Identity/Entities/Permission/Permission.cs(166,17): warning CS1591: Missing XML comment for publicly visible type or member 'Permission.Archive()' [/Users/kady/Masterdom/src/Masterdom.Core/Masterdom.Core.csproj]
/Users/kady/Masterdom/src/Masterdom.Core/Identity/Entities/Permission/PermissionCode.cs(39,45): warning CS1591: Missing XML comment for publicly visible type or member 'PermissionCode.GetEqualityComponents()' [/Users/kady/Masterdom/src/Masterdom.Core/Masterdom.Core.csproj]
/Users/kady/Masterdom/src/Masterdom.Core/Identity/Entities/Permission/PermissionCode.cs(44,28): warning CS1591: Missing XML comment for publicly visible type or member 'PermissionCode.ToString()' [/Users/kady/Masterdom/src/Masterdom.Core/Masterdom.Core.csproj]
/Users/kady/Masterdom/src/Masterdom.Core/Identity/Entities/Permission/PermissionCode.cs(49,37): warning CS1591: Missing XML comment for publicly visible type or member 'PermissionCode.implicit operator string(PermissionCode)' [/Users/kady/Masterdom/src/Masterdom.Core/Masterdom.Core.csproj]
/Users/kady/Masterdom/src/Masterdom.Core/Identity/Entities/Permission/PermissionId.cs(43,28): warning CS1591: Missing XML comment for publicly visible type or member 'PermissionId.ToString()' [/Users/kady/Masterdom/src/Masterdom.Core/Masterdom.Core.csproj]
/Users/kady/Masterdom/src/Masterdom.Core/Identity/Entities/Permission/PermissionName.cs(39,45): warning CS1591: Missing XML comment for publicly visible type or member 'PermissionName.GetEqualityComponents()' [/Users/kady/Masterdom/src/Masterdom.Core/Masterdom.Core.csproj]
/Users/kady/Masterdom/src/Masterdom.Core/Identity/Entities/Permission/PermissionName.cs(44,28): warning CS1591: Missing XML comment for publicly visible type or member 'PermissionName.ToString()' [/Users/kady/Masterdom/src/Masterdom.Core/Masterdom.Core.csproj]
/Users/kady/Masterdom/src/Masterdom.Core/Identity/Entities/Permission/PermissionName.cs(49,37): warning CS1591: Missing XML comment for publicly visible type or member 'PermissionName.implicit operator string(PermissionName)' [/Users/kady/Masterdom/src/Masterdom.Core/Masterdom.Core.csproj]
/Users/kady/Masterdom/src/Masterdom.Core/Identity/Entities/Permission/PermissionStatus.cs(10,45): warning CS1591: Missing XML comment for publicly visible type or member 'PermissionStatus.Active' [/Users/kady/Masterdom/src/Masterdom.Core/Masterdom.Core.csproj]
/Users/kady/Masterdom/src/Masterdom.Core/Identity/Entities/Permission/PermissionStatus.cs(11,45): warning CS1591: Missing XML comment for publicly visible type or member 'PermissionStatus.Inactive' [/Users/kady/Masterdom/src/Masterdom.Core/Masterdom.Core.csproj]
/Users/kady/Masterdom/src/Masterdom.Core/Identity/Entities/Permission/PermissionStatus.cs(12,45): warning CS1591: Missing XML comment for publicly visible type or member 'PermissionStatus.Archived' [/Users/kady/Masterdom/src/Masterdom.Core/Masterdom.Core.csproj]
/Users/kady/Masterdom/src/Masterdom.Core/Identity/Entities/Permission/PermissionStatus.cs(19,19): warning CS1591: Missing XML comment for publicly visible type or member 'PermissionStatus.Value' [/Users/kady/Masterdom/src/Masterdom.Core/Masterdom.Core.csproj]
/Users/kady/Masterdom/src/Masterdom.Core/Identity/Entities/Permission/PermissionStatus.cs(21,36): warning CS1591: Missing XML comment for publicly visible type or member 'PermissionStatus.Create(string)' [/Users/kady/Masterdom/src/Masterdom.Core/Masterdom.Core.csproj]
/Users/kady/Masterdom/src/Masterdom.Core/Identity/Entities/Permission/PermissionStatus.cs(36,45): warning CS1591: Missing XML comment for publicly visible type or member 'PermissionStatus.GetEqualityComponents()' [/Users/kady/Masterdom/src/Masterdom.Core/Masterdom.Core.csproj]
/Users/kady/Masterdom/src/Masterdom.Core/Identity/Entities/Permission/PermissionStatus.cs(41,28): warning CS1591: Missing XML comment for publicly visible type or member 'PermissionStatus.ToString()' [/Users/kady/Masterdom/src/Masterdom.Core/Masterdom.Core.csproj]
/Users/kady/Masterdom/src/Masterdom.Core/Identity/Entities/RefreshToken/RefreshTokenId.cs(43,28): warning CS1591: Missing XML comment for publicly visible type or member 'RefreshTokenId.ToString()' [/Users/kady/Masterdom/src/Masterdom.Core/Masterdom.Core.csproj]
/Users/kady/Masterdom/src/Masterdom.Core/Identity/Entities/RefreshToken/RefreshTokenStatus.cs(10,47): warning CS1591: Missing XML comment for publicly visible type or member 'RefreshTokenStatus.Active' [/Users/kady/Masterdom/src/Masterdom.Core/Masterdom.Core.csproj]
/Users/kady/Masterdom/src/Masterdom.Core/Identity/Entities/RefreshToken/RefreshTokenStatus.cs(11,47): warning CS1591: Missing XML comment for publicly visible type or member 'RefreshTokenStatus.Used' [/Users/kady/Masterdom/src/Masterdom.Core/Masterdom.Core.csproj]
/Users/kady/Masterdom/src/Masterdom.Core/Identity/Entities/RefreshToken/RefreshTokenStatus.cs(12,47): warning CS1591: Missing XML comment for publicly visible type or member 'RefreshTokenStatus.Expired' [/Users/kady/Masterdom/src/Masterdom.Core/Masterdom.Core.csproj]
/Users/kady/Masterdom/src/Masterdom.Core/Identity/Entities/RefreshToken/RefreshTokenStatus.cs(13,47): warning CS1591: Missing XML comment for publicly visible type or member 'RefreshTokenStatus.Revoked' [/Users/kady/Masterdom/src/Masterdom.Core/Masterdom.Core.csproj]
/Users/kady/Masterdom/src/Masterdom.Core/Identity/Entities/RefreshToken/RefreshTokenStatus.cs(44,45): warning CS1591: Missing XML comment for publicly visible type or member 'RefreshTokenStatus.GetEqualityComponents()' [/Users/kady/Masterdom/src/Masterdom.Core/Masterdom.Core.csproj]
/Users/kady/Masterdom/src/Masterdom.Core/Identity/Entities/RefreshToken/RefreshTokenStatus.cs(49,28): warning CS1591: Missing XML comment for publicly visible type or member 'RefreshTokenStatus.ToString()' [/Users/kady/Masterdom/src/Masterdom.Core/Masterdom.Core.csproj]
/Users/kady/Masterdom/src/Masterdom.Core/Identity/Entities/Relationship/RelationshipCode.cs(39,45): warning CS1591: Missing XML comment for publicly visible type or member 'RelationshipCode.GetEqualityComponents()' [/Users/kady/Masterdom/src/Masterdom.Core/Masterdom.Core.csproj]
/Users/kady/Masterdom/src/Masterdom.Core/Identity/Entities/Relationship/RelationshipCode.cs(44,28): warning CS1591: Missing XML comment for publicly visible type or member 'RelationshipCode.ToString()' [/Users/kady/Masterdom/src/Masterdom.Core/Masterdom.Core.csproj]
/Users/kady/Masterdom/src/Masterdom.Core/Identity/Entities/Relationship/RelationshipCode.cs(49,37): warning CS1591: Missing XML comment for publicly visible type or member 'RelationshipCode.implicit operator string(RelationshipCode)' [/Users/kady/Masterdom/src/Masterdom.Core/Masterdom.Core.csproj]
/Users/kady/Masterdom/src/Masterdom.Core/Identity/Entities/Relationship/RelationshipId.cs(43,28): warning CS1591: Missing XML comment for publicly visible type or member 'RelationshipId.ToString()' [/Users/kady/Masterdom/src/Masterdom.Core/Masterdom.Core.csproj]
/Users/kady/Masterdom/src/Masterdom.Core/Identity/Entities/Relationship/RelationshipStatus.cs(10,47): warning CS1591: Missing XML comment for publicly visible type or member 'RelationshipStatus.Active' [/Users/kady/Masterdom/src/Masterdom.Core/Masterdom.Core.csproj]
/Users/kady/Masterdom/src/Masterdom.Core/Identity/Entities/Relationship/RelationshipStatus.cs(11,47): warning CS1591: Missing XML comment for publicly visible type or member 'RelationshipStatus.Inactive' [/Users/kady/Masterdom/src/Masterdom.Core/Masterdom.Core.csproj]
/Users/kady/Masterdom/src/Masterdom.Core/Identity/Entities/Relationship/RelationshipStatus.cs(12,47): warning CS1591: Missing XML comment for publicly visible type or member 'RelationshipStatus.Archived' [/Users/kady/Masterdom/src/Masterdom.Core/Masterdom.Core.csproj]
/Users/kady/Masterdom/src/Masterdom.Core/Identity/Entities/Relationship/RelationshipStatus.cs(42,45): warning CS1591: Missing XML comment for publicly visible type or member 'RelationshipStatus.GetEqualityComponents()' [/Users/kady/Masterdom/src/Masterdom.Core/Masterdom.Core.csproj]
/Users/kady/Masterdom/src/Masterdom.Core/Identity/Entities/Relationship/RelationshipStatus.cs(47,28): warning CS1591: Missing XML comment for publicly visible type or member 'RelationshipStatus.ToString()' [/Users/kady/Masterdom/src/Masterdom.Core/Masterdom.Core.csproj]
/Users/kady/Masterdom/src/Masterdom.Core/Identity/Entities/Relationship/RelationshipType.cs(10,45): warning CS1591: Missing XML comment for publicly visible type or member 'RelationshipType.Owner' [/Users/kady/Masterdom/src/Masterdom.Core/Masterdom.Core.csproj]
/Users/kady/Masterdom/src/Masterdom.Core/Identity/Entities/Relationship/RelationshipType.cs(11,45): warning CS1591: Missing XML comment for publicly visible type or member 'RelationshipType.Tenant' [/Users/kady/Masterdom/src/Masterdom.Core/Masterdom.Core.csproj]
/Users/kady/Masterdom/src/Masterdom.Core/Identity/Entities/Relationship/RelationshipType.cs(12,45): warning CS1591: Missing XML comment for publicly visible type or member 'RelationshipType.Landlord' [/Users/kady/Masterdom/src/Masterdom.Core/Masterdom.Core.csproj]
/Users/kady/Masterdom/src/Masterdom.Core/Identity/Entities/Relationship/RelationshipType.cs(13,45): warning CS1591: Missing XML comment for publicly visible type or member 'RelationshipType.PropertyManager' [/Users/kady/Masterdom/src/Masterdom.Core/Masterdom.Core.csproj]
/Users/kady/Masterdom/src/Masterdom.Core/Identity/Entities/Relationship/RelationshipType.cs(14,45): warning CS1591: Missing XML comment for publicly visible type or member 'RelationshipType.Employee' [/Users/kady/Masterdom/src/Masterdom.Core/Masterdom.Core.csproj]
/Users/kady/Masterdom/src/Masterdom.Core/Identity/Entities/Relationship/RelationshipType.cs(15,45): warning CS1591: Missing XML comment for publicly visible type or member 'RelationshipType.Employer' [/Users/kady/Masterdom/src/Masterdom.Core/Masterdom.Core.csproj]
/Users/kady/Masterdom/src/Masterdom.Core/Identity/Entities/Relationship/RelationshipType.cs(16,45): warning CS1591: Missing XML comment for publicly visible type or member 'RelationshipType.Vendor' [/Users/kady/Masterdom/src/Masterdom.Core/Masterdom.Core.csproj]
/Users/kady/Masterdom/src/Masterdom.Core/Identity/Entities/Relationship/RelationshipType.cs(17,45): warning CS1591: Missing XML comment for publicly visible type or member 'RelationshipType.Customer' [/Users/kady/Masterdom/src/Masterdom.Core/Masterdom.Core.csproj]
/Users/kady/Masterdom/src/Masterdom.Core/Identity/Entities/Relationship/RelationshipType.cs(18,45): warning CS1591: Missing XML comment for publicly visible type or member 'RelationshipType.Contractor' [/Users/kady/Masterdom/src/Masterdom.Core/Masterdom.Core.csproj]
/Users/kady/Masterdom/src/Masterdom.Core/Identity/Entities/Relationship/RelationshipType.cs(19,45): warning CS1591: Missing XML comment for publicly visible type or member 'RelationshipType.ServiceProvider' [/Users/kady/Masterdom/src/Masterdom.Core/Masterdom.Core.csproj]
/Users/kady/Masterdom/src/Masterdom.Core/Identity/Entities/Relationship/RelationshipType.cs(20,45): warning CS1591: Missing XML comment for publicly visible type or member 'RelationshipType.UtilityProvider' [/Users/kady/Masterdom/src/Masterdom.Core/Masterdom.Core.csproj]
/Users/kady/Masterdom/src/Masterdom.Core/Identity/Entities/Relationship/RelationshipType.cs(21,45): warning CS1591: Missing XML comment for publicly visible type or member 'RelationshipType.TelecomOperator' [/Users/kady/Masterdom/src/Masterdom.Core/Masterdom.Core.csproj]
/Users/kady/Masterdom/src/Masterdom.Core/Identity/Entities/Relationship/RelationshipType.cs(22,45): warning CS1591: Missing XML comment for publicly visible type or member 'RelationshipType.Parent' [/Users/kady/Masterdom/src/Masterdom.Core/Masterdom.Core.csproj]
/Users/kady/Masterdom/src/Masterdom.Core/Identity/Entities/Relationship/RelationshipType.cs(23,45): warning CS1591: Missing XML comment for publicly visible type or member 'RelationshipType.Child' [/Users/kady/Masterdom/src/Masterdom.Core/Masterdom.Core.csproj]
/Users/kady/Masterdom/src/Masterdom.Core/Identity/Entities/Relationship/RelationshipType.cs(24,45): warning CS1591: Missing XML comment for publicly visible type or member 'RelationshipType.Spouse' [/Users/kady/Masterdom/src/Masterdom.Core/Masterdom.Core.csproj]
/Users/kady/Masterdom/src/Masterdom.Core/Identity/Entities/Relationship/RelationshipType.cs(25,45): warning CS1591: Missing XML comment for publicly visible type or member 'RelationshipType.Sibling' [/Users/kady/Masterdom/src/Masterdom.Core/Masterdom.Core.csproj]
/Users/kady/Masterdom/src/Masterdom.Core/Identity/Entities/Relationship/RelationshipType.cs(26,45): warning CS1591: Missing XML comment for publicly visible type or member 'RelationshipType.Guardian' [/Users/kady/Masterdom/src/Masterdom.Core/Masterdom.Core.csproj]
/Users/kady/Masterdom/src/Masterdom.Core/Identity/Entities/Relationship/RelationshipType.cs(27,45): warning CS1591: Missing XML comment for publicly visible type or member 'RelationshipType.Nominee' [/Users/kady/Masterdom/src/Masterdom.Core/Masterdom.Core.csproj]
/Users/kady/Masterdom/src/Masterdom.Core/Identity/Entities/Relationship/RelationshipType.cs(28,45): warning CS1591: Missing XML comment for publicly visible type or member 'RelationshipType.EmergencyContact' [/Users/kady/Masterdom/src/Masterdom.Core/Masterdom.Core.csproj]
/Users/kady/Masterdom/src/Masterdom.Core/Identity/Entities/Relationship/RelationshipType.cs(29,45): warning CS1591: Missing XML comment for publicly visible type or member 'RelationshipType.AuthorizedSignatory' [/Users/kady/Masterdom/src/Masterdom.Core/Masterdom.Core.csproj]
/Users/kady/Masterdom/src/Masterdom.Core/Identity/Entities/Relationship/RelationshipType.cs(30,45): warning CS1591: Missing XML comment for publicly visible type or member 'RelationshipType.Other' [/Users/kady/Masterdom/src/Masterdom.Core/Masterdom.Core.csproj]
/Users/kady/Masterdom/src/Masterdom.Core/Identity/Entities/Relationship/RelationshipType.cs(78,45): warning CS1591: Missing XML comment for publicly visible type or member 'RelationshipType.GetEqualityComponents()' [/Users/kady/Masterdom/src/Masterdom.Core/Masterdom.Core.csproj]
/Users/kady/Masterdom/src/Masterdom.Core/Identity/Entities/Relationship/RelationshipType.cs(83,28): warning CS1591: Missing XML comment for publicly visible type or member 'RelationshipType.ToString()' [/Users/kady/Masterdom/src/Masterdom.Core/Masterdom.Core.csproj]
/Users/kady/Masterdom/src/Masterdom.Core/Identity/Entities/Role/Role.cs(108,17): warning CS1591: Missing XML comment for publicly visible type or member 'Role.Rename(RoleName)' [/Users/kady/Masterdom/src/Masterdom.Core/Masterdom.Core.csproj]
/Users/kady/Masterdom/src/Masterdom.Core/Identity/Entities/Role/Role.cs(118,17): warning CS1591: Missing XML comment for publicly visible type or member 'Role.AddPermission(PermissionId)' [/Users/kady/Masterdom/src/Masterdom.Core/Masterdom.Core.csproj]
/Users/kady/Masterdom/src/Masterdom.Core/Identity/Entities/Role/Role.cs(128,17): warning CS1591: Missing XML comment for publicly visible type or member 'Role.RemovePermission(PermissionId)' [/Users/kady/Masterdom/src/Masterdom.Core/Masterdom.Core.csproj]
/Users/kady/Masterdom/src/Masterdom.Core/Identity/Entities/Role/Role.cs(135,17): warning CS1591: Missing XML comment for publicly visible type or member 'Role.ChangeDescription(string?)' [/Users/kady/Masterdom/src/Masterdom.Core/Masterdom.Core.csproj]
/Users/kady/Masterdom/src/Masterdom.Core/Identity/Entities/Role/Role.cs(142,17): warning CS1591: Missing XML comment for publicly visible type or member 'Role.ChangeRemarks(string?)' [/Users/kady/Masterdom/src/Masterdom.Core/Masterdom.Core.csproj]
/Users/kady/Masterdom/src/Masterdom.Core/Identity/Entities/Role/Role.cs(149,17): warning CS1591: Missing XML comment for publicly visible type or member 'Role.ChangeOther(string?)' [/Users/kady/Masterdom/src/Masterdom.Core/Masterdom.Core.csproj]
/Users/kady/Masterdom/src/Masterdom.Core/Identity/Entities/Role/Role.cs(156,17): warning CS1591: Missing XML comment for publicly visible type or member 'Role.SetEffectivePeriod(DateTime?, DateTime?)' [/Users/kady/Masterdom/src/Masterdom.Core/Masterdom.Core.csproj]
/Users/kady/Masterdom/src/Masterdom.Core/Identity/Entities/Role/Role.cs(170,17): warning CS1591: Missing XML comment for publicly visible type or member 'Role.SetDisplayOrder(int)' [/Users/kady/Masterdom/src/Masterdom.Core/Masterdom.Core.csproj]
/Users/kady/Masterdom/src/Masterdom.Core/Identity/Entities/Role/Role.cs(178,17): warning CS1591: Missing XML comment for publicly visible type or member 'Role.Hide()' [/Users/kady/Masterdom/src/Masterdom.Core/Masterdom.Core.csproj]
/Users/kady/Masterdom/src/Masterdom.Core/Identity/Entities/Role/Role.cs(180,17): warning CS1591: Missing XML comment for publicly visible type or member 'Role.Show()' [/Users/kady/Masterdom/src/Masterdom.Core/Masterdom.Core.csproj]
/Users/kady/Masterdom/src/Masterdom.Core/Identity/Entities/Role/Role.cs(182,17): warning CS1591: Missing XML comment for publicly visible type or member 'Role.Activate()' [/Users/kady/Masterdom/src/Masterdom.Core/Masterdom.Core.csproj]
/Users/kady/Masterdom/src/Masterdom.Core/Identity/Entities/Role/Role.cs(184,17): warning CS1591: Missing XML comment for publicly visible type or member 'Role.Deactivate()' [/Users/kady/Masterdom/src/Masterdom.Core/Masterdom.Core.csproj]
/Users/kady/Masterdom/src/Masterdom.Core/Identity/Entities/Role/Role.cs(193,17): warning CS1591: Missing XML comment for publicly visible type or member 'Role.Archive()' [/Users/kady/Masterdom/src/Masterdom.Core/Masterdom.Core.csproj]
/Users/kady/Masterdom/src/Masterdom.Core/Identity/Entities/Role/RoleCode.cs(39,45): warning CS1591: Missing XML comment for publicly visible type or member 'RoleCode.GetEqualityComponents()' [/Users/kady/Masterdom/src/Masterdom.Core/Masterdom.Core.csproj]
/Users/kady/Masterdom/src/Masterdom.Core/Identity/Entities/Role/RoleCode.cs(44,28): warning CS1591: Missing XML comment for publicly visible type or member 'RoleCode.ToString()' [/Users/kady/Masterdom/src/Masterdom.Core/Masterdom.Core.csproj]
/Users/kady/Masterdom/src/Masterdom.Core/Identity/Entities/Role/RoleCode.cs(49,37): warning CS1591: Missing XML comment for publicly visible type or member 'RoleCode.implicit operator string(RoleCode)' [/Users/kady/Masterdom/src/Masterdom.Core/Masterdom.Core.csproj]
/Users/kady/Masterdom/src/Masterdom.Core/Identity/Entities/Role/RoleId.cs(43,28): warning CS1591: Missing XML comment for publicly visible type or member 'RoleId.ToString()' [/Users/kady/Masterdom/src/Masterdom.Core/Masterdom.Core.csproj]
/Users/kady/Masterdom/src/Masterdom.Core/Identity/Entities/Role/RoleName.cs(39,45): warning CS1591: Missing XML comment for publicly visible type or member 'RoleName.GetEqualityComponents()' [/Users/kady/Masterdom/src/Masterdom.Core/Masterdom.Core.csproj]
/Users/kady/Masterdom/src/Masterdom.Core/Identity/Entities/Role/RoleName.cs(44,28): warning CS1591: Missing XML comment for publicly visible type or member 'RoleName.ToString()' [/Users/kady/Masterdom/src/Masterdom.Core/Masterdom.Core.csproj]
/Users/kady/Masterdom/src/Masterdom.Core/Identity/Entities/Role/RoleName.cs(49,37): warning CS1591: Missing XML comment for publicly visible type or member 'RoleName.implicit operator string(RoleName)' [/Users/kady/Masterdom/src/Masterdom.Core/Masterdom.Core.csproj]
/Users/kady/Masterdom/src/Masterdom.Core/Identity/Entities/Role/RoleStatus.cs(10,39): warning CS1591: Missing XML comment for publicly visible type or member 'RoleStatus.Active' [/Users/kady/Masterdom/src/Masterdom.Core/Masterdom.Core.csproj]
/Users/kady/Masterdom/src/Masterdom.Core/Identity/Entities/Role/RoleStatus.cs(11,39): warning CS1591: Missing XML comment for publicly visible type or member 'RoleStatus.Inactive' [/Users/kady/Masterdom/src/Masterdom.Core/Masterdom.Core.csproj]
/Users/kady/Masterdom/src/Masterdom.Core/Identity/Entities/Role/RoleStatus.cs(12,39): warning CS1591: Missing XML comment for publicly visible type or member 'RoleStatus.Archived' [/Users/kady/Masterdom/src/Masterdom.Core/Masterdom.Core.csproj]
/Users/kady/Masterdom/src/Masterdom.Core/Identity/Entities/Role/RoleStatus.cs(42,45): warning CS1591: Missing XML comment for publicly visible type or member 'RoleStatus.GetEqualityComponents()' [/Users/kady/Masterdom/src/Masterdom.Core/Masterdom.Core.csproj]
/Users/kady/Masterdom/src/Masterdom.Core/Identity/Entities/Role/RoleStatus.cs(47,28): warning CS1591: Missing XML comment for publicly visible type or member 'RoleStatus.ToString()' [/Users/kady/Masterdom/src/Masterdom.Core/Masterdom.Core.csproj]
/Users/kady/Masterdom/src/Masterdom.Core/Identity/Entities/RolePermission/RolePermission.cs(88,19): warning CS1591: Missing XML comment for publicly visible type or member 'RolePermission.RoleId' [/Users/kady/Masterdom/src/Masterdom.Core/Masterdom.Core.csproj]
/Users/kady/Masterdom/src/Masterdom.Core/Identity/Entities/RolePermission/RolePermission.cs(90,25): warning CS1591: Missing XML comment for publicly visible type or member 'RolePermission.PermissionId' [/Users/kady/Masterdom/src/Masterdom.Core/Masterdom.Core.csproj]
/Users/kady/Masterdom/src/Masterdom.Core/Identity/Entities/RolePermission/RolePermission.cs(92,21): warning CS1591: Missing XML comment for publicly visible type or member 'RolePermission.AssignedAtUtc' [/Users/kady/Masterdom/src/Masterdom.Core/Masterdom.Core.csproj]
/Users/kady/Masterdom/src/Masterdom.Core/Identity/Entities/RolePermission/RolePermission.cs(94,20): warning CS1591: Missing XML comment for publicly visible type or member 'RolePermission.AssignedBy' [/Users/kady/Masterdom/src/Masterdom.Core/Masterdom.Core.csproj]
/Users/kady/Masterdom/src/Masterdom.Core/Identity/Entities/RolePermission/RolePermission.cs(96,21): warning CS1591: Missing XML comment for publicly visible type or member 'RolePermission.EffectiveFromUtc' [/Users/kady/Masterdom/src/Masterdom.Core/Masterdom.Core.csproj]
/Users/kady/Masterdom/src/Masterdom.Core/Identity/Entities/RolePermission/RolePermission.cs(98,22): warning CS1591: Missing XML comment for publicly visible type or member 'RolePermission.EffectiveToUtc' [/Users/kady/Masterdom/src/Masterdom.Core/Masterdom.Core.csproj]
/Users/kady/Masterdom/src/Masterdom.Core/Identity/Entities/RolePermission/RolePermission.cs(100,20): warning CS1591: Missing XML comment for publicly visible type or member 'RolePermission.AssignmentReason' [/Users/kady/Masterdom/src/Masterdom.Core/Masterdom.Core.csproj]
/Users/kady/Masterdom/src/Masterdom.Core/Identity/Entities/RolePermission/RolePermission.cs(102,33): warning CS1591: Missing XML comment for publicly visible type or member 'RolePermission.Status' [/Users/kady/Masterdom/src/Masterdom.Core/Masterdom.Core.csproj]
/Users/kady/Masterdom/src/Masterdom.Core/Identity/Entities/RolePermission/RolePermission.cs(104,22): warning CS1591: Missing XML comment for publicly visible type or member 'RolePermission.RevokedAtUtc' [/Users/kady/Masterdom/src/Masterdom.Core/Masterdom.Core.csproj]
/Users/kady/Masterdom/src/Masterdom.Core/Identity/Entities/RolePermission/RolePermission.cs(106,20): warning CS1591: Missing XML comment for publicly visible type or member 'RolePermission.RevokedBy' [/Users/kady/Masterdom/src/Masterdom.Core/Masterdom.Core.csproj]
/Users/kady/Masterdom/src/Masterdom.Core/Identity/Entities/RolePermission/RolePermission.cs(108,20): warning CS1591: Missing XML comment for publicly visible type or member 'RolePermission.RevocationReason' [/Users/kady/Masterdom/src/Masterdom.Core/Masterdom.Core.csproj]
/Users/kady/Masterdom/src/Masterdom.Core/Identity/Entities/RolePermission/RolePermission.cs(110,20): warning CS1591: Missing XML comment for publicly visible type or member 'RolePermission.Description' [/Users/kady/Masterdom/src/Masterdom.Core/Masterdom.Core.csproj]
/Users/kady/Masterdom/src/Masterdom.Core/Identity/Entities/RolePermission/RolePermission.cs(112,20): warning CS1591: Missing XML comment for publicly visible type or member 'RolePermission.Remarks' [/Users/kady/Masterdom/src/Masterdom.Core/Masterdom.Core.csproj]
/Users/kady/Masterdom/src/Masterdom.Core/Identity/Entities/RolePermission/RolePermission.cs(114,20): warning CS1591: Missing XML comment for publicly visible type or member 'RolePermission.Other' [/Users/kady/Masterdom/src/Masterdom.Core/Masterdom.Core.csproj]
/Users/kady/Masterdom/src/Masterdom.Core/Identity/Entities/RolePermission/RolePermission.cs(116,16): warning CS1591: Missing XML comment for publicly visible type or member 'RolePermission.DisplayOrder' [/Users/kady/Masterdom/src/Masterdom.Core/Masterdom.Core.csproj]
/Users/kady/Masterdom/src/Masterdom.Core/Identity/Entities/RolePermission/RolePermission.cs(118,17): warning CS1591: Missing XML comment for publicly visible type or member 'RolePermission.IsHidden' [/Users/kady/Masterdom/src/Masterdom.Core/Masterdom.Core.csproj]
/Users/kady/Masterdom/src/Masterdom.Core/Identity/Entities/RolePermission/RolePermission.cs(120,17): warning CS1591: Missing XML comment for publicly visible type or member 'RolePermission.IsEffective(DateTime)' [/Users/kady/Masterdom/src/Masterdom.Core/Masterdom.Core.csproj]
/Users/kady/Masterdom/src/Masterdom.Core/Identity/Entities/RolePermission/RolePermissionId.cs(43,28): warning CS1591: Missing XML comment for publicly visible type or member 'RolePermissionId.ToString()' [/Users/kady/Masterdom/src/Masterdom.Core/Masterdom.Core.csproj]
/Users/kady/Masterdom/src/Masterdom.Core/Identity/Entities/RolePermission/RolePermissionStatus.cs(10,49): warning CS1591: Missing XML comment for publicly visible type or member 'RolePermissionStatus.Active' [/Users/kady/Masterdom/src/Masterdom.Core/Masterdom.Core.csproj]
/Users/kady/Masterdom/src/Masterdom.Core/Identity/Entities/RolePermission/RolePermissionStatus.cs(11,49): warning CS1591: Missing XML comment for publicly visible type or member 'RolePermissionStatus.Inactive' [/Users/kady/Masterdom/src/Masterdom.Core/Masterdom.Core.csproj]
/Users/kady/Masterdom/src/Masterdom.Core/Identity/Entities/RolePermission/RolePermissionStatus.cs(12,49): warning CS1591: Missing XML comment for publicly visible type or member 'RolePermissionStatus.Archived' [/Users/kady/Masterdom/src/Masterdom.Core/Masterdom.Core.csproj]
/Users/kady/Masterdom/src/Masterdom.Core/Identity/Entities/RolePermission/RolePermissionStatus.cs(42,45): warning CS1591: Missing XML comment for publicly visible type or member 'RolePermissionStatus.GetEqualityComponents()' [/Users/kady/Masterdom/src/Masterdom.Core/Masterdom.Core.csproj]
/Users/kady/Masterdom/src/Masterdom.Core/Identity/Entities/RolePermission/RolePermissionStatus.cs(47,28): warning CS1591: Missing XML comment for publicly visible type or member 'RolePermissionStatus.ToString()' [/Users/kady/Masterdom/src/Masterdom.Core/Masterdom.Core.csproj]
/Users/kady/Masterdom/src/Masterdom.Core/Identity/Entities/User/UserCode.cs(39,45): warning CS1591: Missing XML comment for publicly visible type or member 'UserCode.GetEqualityComponents()' [/Users/kady/Masterdom/src/Masterdom.Core/Masterdom.Core.csproj]
/Users/kady/Masterdom/src/Masterdom.Core/Identity/Entities/User/UserCode.cs(44,28): warning CS1591: Missing XML comment for publicly visible type or member 'UserCode.ToString()' [/Users/kady/Masterdom/src/Masterdom.Core/Masterdom.Core.csproj]
/Users/kady/Masterdom/src/Masterdom.Core/Identity/Entities/User/UserCode.cs(49,37): warning CS1591: Missing XML comment for publicly visible type or member 'UserCode.implicit operator string(UserCode)' [/Users/kady/Masterdom/src/Masterdom.Core/Masterdom.Core.csproj]
/Users/kady/Masterdom/src/Masterdom.Core/Identity/Entities/User/UserId.cs(43,28): warning CS1591: Missing XML comment for publicly visible type or member 'UserId.ToString()' [/Users/kady/Masterdom/src/Masterdom.Core/Masterdom.Core.csproj]
/Users/kady/Masterdom/src/Masterdom.Core/Identity/Entities/User/Username.cs(53,45): warning CS1591: Missing XML comment for publicly visible type or member 'Username.GetEqualityComponents()' [/Users/kady/Masterdom/src/Masterdom.Core/Masterdom.Core.csproj]
/Users/kady/Masterdom/src/Masterdom.Core/Identity/Entities/User/Username.cs(58,28): warning CS1591: Missing XML comment for publicly visible type or member 'Username.ToString()' [/Users/kady/Masterdom/src/Masterdom.Core/Masterdom.Core.csproj]
/Users/kady/Masterdom/src/Masterdom.Core/Identity/Entities/User/Username.cs(63,37): warning CS1591: Missing XML comment for publicly visible type or member 'Username.implicit operator string(Username)' [/Users/kady/Masterdom/src/Masterdom.Core/Masterdom.Core.csproj]
/Users/kady/Masterdom/src/Masterdom.Core/Identity/Entities/User/UserStatus.cs(10,39): warning CS1591: Missing XML comment for publicly visible type or member 'UserStatus.Active' [/Users/kady/Masterdom/src/Masterdom.Core/Masterdom.Core.csproj]
/Users/kady/Masterdom/src/Masterdom.Core/Identity/Entities/User/UserStatus.cs(11,39): warning CS1591: Missing XML comment for publicly visible type or member 'UserStatus.Inactive' [/Users/kady/Masterdom/src/Masterdom.Core/Masterdom.Core.csproj]
/Users/kady/Masterdom/src/Masterdom.Core/Identity/Entities/User/UserStatus.cs(12,39): warning CS1591: Missing XML comment for publicly visible type or member 'UserStatus.Locked' [/Users/kady/Masterdom/src/Masterdom.Core/Masterdom.Core.csproj]
/Users/kady/Masterdom/src/Masterdom.Core/Identity/Entities/User/UserStatus.cs(13,39): warning CS1591: Missing XML comment for publicly visible type or member 'UserStatus.Suspended' [/Users/kady/Masterdom/src/Masterdom.Core/Masterdom.Core.csproj]
/Users/kady/Masterdom/src/Masterdom.Core/Identity/Entities/User/UserStatus.cs(14,39): warning CS1591: Missing XML comment for publicly visible type or member 'UserStatus.Archived' [/Users/kady/Masterdom/src/Masterdom.Core/Masterdom.Core.csproj]
/Users/kady/Masterdom/src/Masterdom.Core/Identity/Entities/User/UserStatus.cs(46,45): warning CS1591: Missing XML comment for publicly visible type or member 'UserStatus.GetEqualityComponents()' [/Users/kady/Masterdom/src/Masterdom.Core/Masterdom.Core.csproj]
/Users/kady/Masterdom/src/Masterdom.Core/Identity/Entities/User/UserStatus.cs(51,28): warning CS1591: Missing XML comment for publicly visible type or member 'UserStatus.ToString()' [/Users/kady/Masterdom/src/Masterdom.Core/Masterdom.Core.csproj]
/Users/kady/Masterdom/src/Masterdom.Core/Identity/Entities/UserRole/UserRoleId.cs(5,22): warning CS1591: Missing XML comment for publicly visible type or member 'UserRoleId' [/Users/kady/Masterdom/src/Masterdom.Core/Masterdom.Core.csproj]
/Users/kady/Masterdom/src/Masterdom.Core/Identity/Entities/UserRole/UserRoleId.cs(5,22): warning CS1591: Missing XML comment for publicly visible type or member 'UserRoleId.UserRoleId(Guid)' [/Users/kady/Masterdom/src/Masterdom.Core/Masterdom.Core.csproj]
/Users/kady/Masterdom/src/Masterdom.Core/Identity/Entities/UserRole/UserRoleId.cs(7,30): warning CS1591: Missing XML comment for publicly visible type or member 'UserRoleId.New()' [/Users/kady/Masterdom/src/Masterdom.Core/Masterdom.Core.csproj]
/Users/kady/Masterdom/src/Masterdom.Core/Identity/Entities/UserRole/UserRoleId.cs(9,30): warning CS1591: Missing XML comment for publicly visible type or member 'UserRoleId.From(Guid)' [/Users/kady/Masterdom/src/Masterdom.Core/Masterdom.Core.csproj]
/Users/kady/Masterdom/src/Masterdom.Core/Identity/Entities/UserRole/UserRoleId.cs(17,28): warning CS1591: Missing XML comment for publicly visible type or member 'UserRoleId.ToString()' [/Users/kady/Masterdom/src/Masterdom.Core/Masterdom.Core.csproj]
/Users/kady/Masterdom/src/Masterdom.Core/Identity/Entities/UserRole/UserRoleStatus.cs(5,21): warning CS1591: Missing XML comment for publicly visible type or member 'UserRoleStatus' [/Users/kady/Masterdom/src/Masterdom.Core/Masterdom.Core.csproj]
/Users/kady/Masterdom/src/Masterdom.Core/Identity/Entities/UserRole/UserRoleStatus.cs(7,43): warning CS1591: Missing XML comment for publicly visible type or member 'UserRoleStatus.Active' [/Users/kady/Masterdom/src/Masterdom.Core/Masterdom.Core.csproj]
/Users/kady/Masterdom/src/Masterdom.Core/Identity/Entities/UserRole/UserRoleStatus.cs(8,43): warning CS1591: Missing XML comment for publicly visible type or member 'UserRoleStatus.Inactive' [/Users/kady/Masterdom/src/Masterdom.Core/Masterdom.Core.csproj]
/Users/kady/Masterdom/src/Masterdom.Core/Identity/Entities/UserRole/UserRoleStatus.cs(9,43): warning CS1591: Missing XML comment for publicly visible type or member 'UserRoleStatus.Archived' [/Users/kady/Masterdom/src/Masterdom.Core/Masterdom.Core.csproj]
/Users/kady/Masterdom/src/Masterdom.Core/Identity/Entities/UserRole/UserRoleStatus.cs(16,19): warning CS1591: Missing XML comment for publicly visible type or member 'UserRoleStatus.Value' [/Users/kady/Masterdom/src/Masterdom.Core/Masterdom.Core.csproj]
/Users/kady/Masterdom/src/Masterdom.Core/Identity/Entities/UserRole/UserRoleStatus.cs(18,34): warning CS1591: Missing XML comment for publicly visible type or member 'UserRoleStatus.Create(string)' [/Users/kady/Masterdom/src/Masterdom.Core/Masterdom.Core.csproj]
/Users/kady/Masterdom/src/Masterdom.Core/Identity/Entities/UserRole/UserRoleStatus.cs(33,45): warning CS1591: Missing XML comment for publicly visible type or member 'UserRoleStatus.GetEqualityComponents()' [/Users/kady/Masterdom/src/Masterdom.Core/Masterdom.Core.csproj]
/Users/kady/Masterdom/src/Masterdom.Core/Identity/Entities/UserRole/UserRoleStatus.cs(38,28): warning CS1591: Missing XML comment for publicly visible type or member 'UserRoleStatus.ToString()' [/Users/kady/Masterdom/src/Masterdom.Core/Masterdom.Core.csproj]
/Users/kady/Masterdom/src/Masterdom.Core/Identity/Entities/UserSession/UserSessionId.cs(43,28): warning CS1591: Missing XML comment for publicly visible type or member 'UserSessionId.ToString()' [/Users/kady/Masterdom/src/Masterdom.Core/Masterdom.Core.csproj]
/Users/kady/Masterdom/src/Masterdom.Core/Identity/Entities/UserSession/UserSessionStatus.cs(10,46): warning CS1591: Missing XML comment for publicly visible type or member 'UserSessionStatus.Active' [/Users/kady/Masterdom/src/Masterdom.Core/Masterdom.Core.csproj]
/Users/kady/Masterdom/src/Masterdom.Core/Identity/Entities/UserSession/UserSessionStatus.cs(11,46): warning CS1591: Missing XML comment for publicly visible type or member 'UserSessionStatus.Ended' [/Users/kady/Masterdom/src/Masterdom.Core/Masterdom.Core.csproj]
/Users/kady/Masterdom/src/Masterdom.Core/Identity/Entities/UserSession/UserSessionStatus.cs(12,46): warning CS1591: Missing XML comment for publicly visible type or member 'UserSessionStatus.Expired' [/Users/kady/Masterdom/src/Masterdom.Core/Masterdom.Core.csproj]
/Users/kady/Masterdom/src/Masterdom.Core/Identity/Entities/UserSession/UserSessionStatus.cs(13,46): warning CS1591: Missing XML comment for publicly visible type or member 'UserSessionStatus.Revoked' [/Users/kady/Masterdom/src/Masterdom.Core/Masterdom.Core.csproj]
/Users/kady/Masterdom/src/Masterdom.Core/Identity/Entities/UserSession/UserSessionStatus.cs(44,45): warning CS1591: Missing XML comment for publicly visible type or member 'UserSessionStatus.GetEqualityComponents()' [/Users/kady/Masterdom/src/Masterdom.Core/Masterdom.Core.csproj]
/Users/kady/Masterdom/src/Masterdom.Core/Identity/Entities/UserSession/UserSessionStatus.cs(49,28): warning CS1591: Missing XML comment for publicly visible type or member 'UserSessionStatus.ToString()' [/Users/kady/Masterdom/src/Masterdom.Core/Masterdom.Core.csproj]
/Users/kady/Masterdom/src/Masterdom.Core/Identity/Enums/LoginProvider.cs(3,13): warning CS1591: Missing XML comment for publicly visible type or member 'LoginProvider' [/Users/kady/Masterdom/src/Masterdom.Core/Masterdom.Core.csproj]
/Users/kady/Masterdom/src/Masterdom.Core/Identity/Enums/LoginProvider.cs(5,5): warning CS1591: Missing XML comment for publicly visible type or member 'LoginProvider.Password' [/Users/kady/Masterdom/src/Masterdom.Core/Masterdom.Core.csproj]
/Users/kady/Masterdom/src/Masterdom.Core/Identity/Enums/LoginProvider.cs(6,5): warning CS1591: Missing XML comment for publicly visible type or member 'LoginProvider.Google' [/Users/kady/Masterdom/src/Masterdom.Core/Masterdom.Core.csproj]
/Users/kady/Masterdom/src/Masterdom.Core/Identity/Enums/LoginProvider.cs(7,5): warning CS1591: Missing XML comment for publicly visible type or member 'LoginProvider.Microsoft' [/Users/kady/Masterdom/src/Masterdom.Core/Masterdom.Core.csproj]
/Users/kady/Masterdom/src/Masterdom.Core/Identity/Enums/LoginProvider.cs(8,5): warning CS1591: Missing XML comment for publicly visible type or member 'LoginProvider.Apple' [/Users/kady/Masterdom/src/Masterdom.Core/Masterdom.Core.csproj]
/Users/kady/Masterdom/src/Masterdom.Core/Identity/Enums/LoginProvider.cs(9,5): warning CS1591: Missing XML comment for publicly visible type or member 'LoginProvider.Phone' [/Users/kady/Masterdom/src/Masterdom.Core/Masterdom.Core.csproj]
/Users/kady/Masterdom/src/Masterdom.Core/Identity/Enums/LoginProvider.cs(10,5): warning CS1591: Missing XML comment for publicly visible type or member 'LoginProvider.ApiKey' [/Users/kady/Masterdom/src/Masterdom.Core/Masterdom.Core.csproj]
/Users/kady/Masterdom/src/Masterdom.Core/Identity/Enums/PreferredLanguage.cs(3,13): warning CS1591: Missing XML comment for publicly visible type or member 'PreferredLanguage' [/Users/kady/Masterdom/src/Masterdom.Core/Masterdom.Core.csproj]
/Users/kady/Masterdom/src/Masterdom.Core/Identity/Enums/PreferredLanguage.cs(5,5): warning CS1591: Missing XML comment for publicly visible type or member 'PreferredLanguage.English' [/Users/kady/Masterdom/src/Masterdom.Core/Masterdom.Core.csproj]
/Users/kady/Masterdom/src/Masterdom.Core/Identity/Enums/PreferredLanguage.cs(6,5): warning CS1591: Missing XML comment for publicly visible type or member 'PreferredLanguage.Hindi' [/Users/kady/Masterdom/src/Masterdom.Core/Masterdom.Core.csproj]
/Users/kady/Masterdom/src/Masterdom.Core/Identity/Enums/UserType.cs(3,13): warning CS1591: Missing XML comment for publicly visible type or member 'UserType' [/Users/kady/Masterdom/src/Masterdom.Core/Masterdom.Core.csproj]
/Users/kady/Masterdom/src/Masterdom.Core/Identity/Enums/UserType.cs(5,5): warning CS1591: Missing XML comment for publicly visible type or member 'UserType.SuperUser' [/Users/kady/Masterdom/src/Masterdom.Core/Masterdom.Core.csproj]
/Users/kady/Masterdom/src/Masterdom.Core/Identity/Enums/UserType.cs(6,5): warning CS1591: Missing XML comment for publicly visible type or member 'UserType.PropertyOwner' [/Users/kady/Masterdom/src/Masterdom.Core/Masterdom.Core.csproj]
/Users/kady/Masterdom/src/Masterdom.Core/Identity/Enums/UserType.cs(7,5): warning CS1591: Missing XML comment for publicly visible type or member 'UserType.Manager' [/Users/kady/Masterdom/src/Masterdom.Core/Masterdom.Core.csproj]
/Users/kady/Masterdom/src/Masterdom.Core/Identity/Enums/UserType.cs(8,5): warning CS1591: Missing XML comment for publicly visible type or member 'UserType.Tenant' [/Users/kady/Masterdom/src/Masterdom.Core/Masterdom.Core.csproj]
/Users/kady/Masterdom/src/Masterdom.Core/Identity/Enums/UserType.cs(9,5): warning CS1591: Missing XML comment for publicly visible type or member 'UserType.Vendor' [/Users/kady/Masterdom/src/Masterdom.Core/Masterdom.Core.csproj]
/Users/kady/Masterdom/src/Masterdom.Core/Identity/Enums/UserType.cs(10,5): warning CS1591: Missing XML comment for publicly visible type or member 'UserType.Employee' [/Users/kady/Masterdom/src/Masterdom.Core/Masterdom.Core.csproj]
/Users/kady/Masterdom/src/Masterdom.Core/Identity/Enums/UserType.cs(11,5): warning CS1591: Missing XML comment for publicly visible type or member 'UserType.Auditor' [/Users/kady/Masterdom/src/Masterdom.Core/Masterdom.Core.csproj]
/Users/kady/Masterdom/src/Masterdom.Core/Identity/Enums/UserType.cs(12,5): warning CS1591: Missing XML comment for publicly visible type or member 'UserType.Api' [/Users/kady/Masterdom/src/Masterdom.Core/Masterdom.Core.csproj]
/Users/kady/Masterdom/src/Masterdom.Core/Identity/Enums/UserType.cs(13,5): warning CS1591: Missing XML comment for publicly visible type or member 'UserType.System' [/Users/kady/Masterdom/src/Masterdom.Core/Masterdom.Core.csproj]
/Users/kady/Masterdom/src/Masterdom.Core/Identity/StronglyTypedId.cs(12,15): warning CS1591: Missing XML comment for publicly visible type or member 'StronglyTypedId<TValue>.StronglyTypedId(TValue)' [/Users/kady/Masterdom/src/Masterdom.Core/Masterdom.Core.csproj]
/Users/kady/Masterdom/src/Masterdom.Core/Identity/StronglyTypedId.cs(22,28): warning CS1591: Missing XML comment for publicly visible type or member 'StronglyTypedId<TValue>.ToString()' [/Users/kady/Masterdom/src/Masterdom.Core/Masterdom.Core.csproj]
/Users/kady/Masterdom/src/Masterdom.Core/Identity/ValueObjects/Email.cs(5,22): warning CS1591: Missing XML comment for publicly visible type or member 'Email' [/Users/kady/Masterdom/src/Masterdom.Core/Masterdom.Core.csproj]
/Users/kady/Masterdom/src/Masterdom.Core/Identity/ValueObjects/Email.cs(7,19): warning CS1591: Missing XML comment for publicly visible type or member 'Email.Value' [/Users/kady/Masterdom/src/Masterdom.Core/Masterdom.Core.csproj]
/Users/kady/Masterdom/src/Masterdom.Core/Identity/ValueObjects/Email.cs(9,12): warning CS1591: Missing XML comment for publicly visible type or member 'Email.Email(string)' [/Users/kady/Masterdom/src/Masterdom.Core/Masterdom.Core.csproj]
/Users/kady/Masterdom/src/Masterdom.Core/Identity/ValueObjects/Email.cs(20,28): warning CS1591: Missing XML comment for publicly visible type or member 'Email.ToString()' [/Users/kady/Masterdom/src/Masterdom.Core/Masterdom.Core.csproj]
/Users/kady/Masterdom/src/Masterdom.Core/Identity/ValueObjects/Email.cs(23,37): warning CS1591: Missing XML comment for publicly visible type or member 'Email.implicit operator string(Email)' [/Users/kady/Masterdom/src/Masterdom.Core/Masterdom.Core.csproj]
/Users/kady/Masterdom/src/Masterdom.Core/Identity/ValueObjects/PhoneNumber.cs(5,21): warning CS1591: Missing XML comment for publicly visible type or member 'PhoneNumber' [/Users/kady/Masterdom/src/Masterdom.Core/Masterdom.Core.csproj]
/Users/kady/Masterdom/src/Masterdom.Core/Identity/ValueObjects/PhoneNumber.cs(7,19): warning CS1591: Missing XML comment for publicly visible type or member 'PhoneNumber.CountryCode' [/Users/kady/Masterdom/src/Masterdom.Core/Masterdom.Core.csproj]
/Users/kady/Masterdom/src/Masterdom.Core/Identity/ValueObjects/PhoneNumber.cs(9,19): warning CS1591: Missing XML comment for publicly visible type or member 'PhoneNumber.Number' [/Users/kady/Masterdom/src/Masterdom.Core/Masterdom.Core.csproj]
/Users/kady/Masterdom/src/Masterdom.Core/Identity/ValueObjects/PhoneNumber.cs(11,12): warning CS1591: Missing XML comment for publicly visible type or member 'PhoneNumber.PhoneNumber(string, string)' [/Users/kady/Masterdom/src/Masterdom.Core/Masterdom.Core.csproj]
/Users/kady/Masterdom/src/Masterdom.Core/Identity/ValueObjects/PhoneNumber.cs(18,45): warning CS1591: Missing XML comment for publicly visible type or member 'PhoneNumber.GetEqualityComponents()' [/Users/kady/Masterdom/src/Masterdom.Core/Masterdom.Core.csproj]
/Users/kady/Masterdom/src/Masterdom.Core/Identity/ValueObjects/PhoneNumber.cs(24,28): warning CS1591: Missing XML comment for publicly visible type or member 'PhoneNumber.ToString()' [/Users/kady/Masterdom/src/Masterdom.Core/Masterdom.Core.csproj]
/Users/kady/Masterdom/src/Masterdom.Core/Identity/ValueObjects/TimeZoneId.cs(5,21): warning CS1591: Missing XML comment for publicly visible type or member 'TimeZoneId' [/Users/kady/Masterdom/src/Masterdom.Core/Masterdom.Core.csproj]
/Users/kady/Masterdom/src/Masterdom.Core/Identity/ValueObjects/TimeZoneId.cs(7,19): warning CS1591: Missing XML comment for publicly visible type or member 'TimeZoneId.Value' [/Users/kady/Masterdom/src/Masterdom.Core/Masterdom.Core.csproj]
/Users/kady/Masterdom/src/Masterdom.Core/Identity/ValueObjects/TimeZoneId.cs(9,12): warning CS1591: Missing XML comment for publicly visible type or member 'TimeZoneId.TimeZoneId(string)' [/Users/kady/Masterdom/src/Masterdom.Core/Masterdom.Core.csproj]
/Users/kady/Masterdom/src/Masterdom.Core/Identity/ValueObjects/TimeZoneId.cs(26,45): warning CS1591: Missing XML comment for publicly visible type or member 'TimeZoneId.GetEqualityComponents()' [/Users/kady/Masterdom/src/Masterdom.Core/Masterdom.Core.csproj]
/Users/kady/Masterdom/src/Masterdom.Core/Identity/ValueObjects/TimeZoneId.cs(31,28): warning CS1591: Missing XML comment for publicly visible type or member 'TimeZoneId.ToString()' [/Users/kady/Masterdom/src/Masterdom.Core/Masterdom.Core.csproj]
/Users/kady/Masterdom/src/Masterdom.Core/Primitives/AggregateRoot.cs(18,15): warning CS1591: Missing XML comment for publicly visible type or member 'AggregateRoot<TId>.AggregateRoot(TId)' [/Users/kady/Masterdom/src/Masterdom.Core/Masterdom.Core.csproj]
/Users/kady/Masterdom/src/Masterdom.Core/Primitives/Entity.cs(13,15): warning CS1591: Missing XML comment for publicly visible type or member 'Entity<TId>.Entity(TId)' [/Users/kady/Masterdom/src/Masterdom.Core/Masterdom.Core.csproj]
/Users/kady/Masterdom/src/Masterdom.Core/Primitives/Entity.cs(23,17): warning CS1591: Missing XML comment for publicly visible type or member 'Entity<TId>.Equals(Entity<TId>?)' [/Users/kady/Masterdom/src/Masterdom.Core/Masterdom.Core.csproj]
/Users/kady/Masterdom/src/Masterdom.Core/Primitives/Entity.cs(35,26): warning CS1591: Missing XML comment for publicly visible type or member 'Entity<TId>.Equals(object?)' [/Users/kady/Masterdom/src/Masterdom.Core/Masterdom.Core.csproj]
/Users/kady/Masterdom/src/Masterdom.Core/Primitives/Entity.cs(38,25): warning CS1591: Missing XML comment for publicly visible type or member 'Entity<TId>.GetHashCode()' [/Users/kady/Masterdom/src/Masterdom.Core/Masterdom.Core.csproj]
/Users/kady/Masterdom/src/Masterdom.Core/Primitives/Entity.cs(41,33): warning CS1591: Missing XML comment for publicly visible type or member 'Entity<TId>.operator ==(Entity<TId>?, Entity<TId>?)' [/Users/kady/Masterdom/src/Masterdom.Core/Masterdom.Core.csproj]
/Users/kady/Masterdom/src/Masterdom.Core/Primitives/Entity.cs(46,33): warning CS1591: Missing XML comment for publicly visible type or member 'Entity<TId>.operator !=(Entity<TId>?, Entity<TId>?)' [/Users/kady/Masterdom/src/Masterdom.Core/Masterdom.Core.csproj]
/Users/kady/Masterdom/src/Masterdom.Core/Primitives/Entity.cs(51,28): warning CS1591: Missing XML comment for publicly visible type or member 'Entity<TId>.ToString()' [/Users/kady/Masterdom/src/Masterdom.Core/Masterdom.Core.csproj]
/Users/kady/Masterdom/src/Masterdom.Core/Primitives/EntityId.cs(8,28): warning CS1591: Missing XML comment for publicly visible type or member 'EntityId.ToString()' [/Users/kady/Masterdom/src/Masterdom.Core/Masterdom.Core.csproj]
/Users/kady/Masterdom/src/Masterdom.Core/Primitives/ValueObject.cs(18,17): warning CS1591: Missing XML comment for publicly visible type or member 'ValueObject.Equals(ValueObject?)' [/Users/kady/Masterdom/src/Masterdom.Core/Masterdom.Core.csproj]
/Users/kady/Masterdom/src/Masterdom.Core/Primitives/ValueObject.cs(33,26): warning CS1591: Missing XML comment for publicly visible type or member 'ValueObject.Equals(object?)' [/Users/kady/Masterdom/src/Masterdom.Core/Masterdom.Core.csproj]
/Users/kady/Masterdom/src/Masterdom.Core/Primitives/ValueObject.cs(36,25): warning CS1591: Missing XML comment for publicly visible type or member 'ValueObject.GetHashCode()' [/Users/kady/Masterdom/src/Masterdom.Core/Masterdom.Core.csproj]
/Users/kady/Masterdom/src/Masterdom.Core/Primitives/ValueObject.cs(48,33): warning CS1591: Missing XML comment for publicly visible type or member 'ValueObject.operator ==(ValueObject?, ValueObject?)' [/Users/kady/Masterdom/src/Masterdom.Core/Masterdom.Core.csproj]
/Users/kady/Masterdom/src/Masterdom.Core/Primitives/ValueObject.cs(55,33): warning CS1591: Missing XML comment for publicly visible type or member 'ValueObject.operator !=(ValueObject?, ValueObject?)' [/Users/kady/Masterdom/src/Masterdom.Core/Masterdom.Core.csproj]
/Users/kady/Masterdom/src/Masterdom.Core/Security/AuthorizationResult.cs(15,17): warning CS1591: Missing XML comment for publicly visible type or member 'AuthorizationResult.IsAllowed' [/Users/kady/Masterdom/src/Masterdom.Core/Masterdom.Core.csproj]
/Users/kady/Masterdom/src/Masterdom.Core/Security/AuthorizationResult.cs(17,19): warning CS1591: Missing XML comment for publicly visible type or member 'AuthorizationResult.ErrorCode' [/Users/kady/Masterdom/src/Masterdom.Core/Masterdom.Core.csproj]
/Users/kady/Masterdom/src/Masterdom.Core/Security/AuthorizationResult.cs(19,20): warning CS1591: Missing XML comment for publicly visible type or member 'AuthorizationResult.ErrorMessage' [/Users/kady/Masterdom/src/Masterdom.Core/Masterdom.Core.csproj]
/Users/kady/Masterdom/src/Masterdom.Core/Security/AuthorizationResult.cs(21,39): warning CS1591: Missing XML comment for publicly visible type or member 'AuthorizationResult.Allowed()' [/Users/kady/Masterdom/src/Masterdom.Core/Masterdom.Core.csproj]
/Users/kady/Masterdom/src/Masterdom.Core/Security/AuthorizationResult.cs(23,39): warning CS1591: Missing XML comment for publicly visible type or member 'AuthorizationResult.Challenge(string?)' [/Users/kady/Masterdom/src/Masterdom.Core/Masterdom.Core.csproj]
/Users/kady/Masterdom/src/Masterdom.Core/Security/AuthorizationResult.cs(26,39): warning CS1591: Missing XML comment for publicly visible type or member 'AuthorizationResult.Forbid(string?)' [/Users/kady/Masterdom/src/Masterdom.Core/Masterdom.Core.csproj]
/Users/kady/Masterdom/src/Masterdom.Core/Security/CurrentUser.cs(33,31): warning CS1591: Missing XML comment for publicly visible type or member 'CurrentUser.Anonymous' [/Users/kady/Masterdom/src/Masterdom.Core/Masterdom.Core.csproj]
/Users/kady/Masterdom/src/Masterdom.Core/Security/CurrentUser.cs(43,17): warning CS1591: Missing XML comment for publicly visible type or member 'CurrentUser.IsAuthenticated' [/Users/kady/Masterdom/src/Masterdom.Core/Masterdom.Core.csproj]
/Users/kady/Masterdom/src/Masterdom.Core/Security/CurrentUser.cs(45,18): warning CS1591: Missing XML comment for publicly visible type or member 'CurrentUser.UserId' [/Users/kady/Masterdom/src/Masterdom.Core/Masterdom.Core.csproj]
/Users/kady/Masterdom/src/Masterdom.Core/Security/CurrentUser.cs(47,18): warning CS1591: Missing XML comment for publicly visible type or member 'CurrentUser.PersonId' [/Users/kady/Masterdom/src/Masterdom.Core/Masterdom.Core.csproj]
/Users/kady/Masterdom/src/Masterdom.Core/Security/CurrentUser.cs(49,20): warning CS1591: Missing XML comment for publicly visible type or member 'CurrentUser.Username' [/Users/kady/Masterdom/src/Masterdom.Core/Masterdom.Core.csproj]
/Users/kady/Masterdom/src/Masterdom.Core/Security/CurrentUser.cs(51,40): warning CS1591: Missing XML comment for publicly visible type or member 'CurrentUser.Roles' [/Users/kady/Masterdom/src/Masterdom.Core/Masterdom.Core.csproj]
/Users/kady/Masterdom/src/Masterdom.Core/Security/CurrentUser.cs(53,40): warning CS1591: Missing XML comment for publicly visible type or member 'CurrentUser.Permissions' [/Users/kady/Masterdom/src/Masterdom.Core/Masterdom.Core.csproj]
/Users/kady/Masterdom/src/Masterdom.Core/Security/CurrentUser.cs(55,38): warning CS1591: Missing XML comment for publicly visible type or member 'CurrentUser.PropertyScopes' [/Users/kady/Masterdom/src/Masterdom.Core/Masterdom.Core.csproj]
/Users/kady/Masterdom/src/Masterdom.Core/Security/CurrentUser.cs(57,38): warning CS1591: Missing XML comment for publicly visible type or member 'CurrentUser.OwnedPropertyIds' [/Users/kady/Masterdom/src/Masterdom.Core/Masterdom.Core.csproj]
/Users/kady/Masterdom/src/Masterdom.Core/Security/CurrentUser.cs(59,31): warning CS1591: Missing XML comment for publicly visible type or member 'CurrentUser.Authenticated(Guid?, Guid?, string?, IReadOnlyCollection<string>?, IReadOnlyCollection<string>?, IReadOnlyCollection<Guid>?, IReadOnlyCollection<Guid>?)' [/Users/kady/Masterdom/src/Masterdom.Core/Masterdom.Core.csproj]
/Users/kady/Masterdom/src/Masterdom.Core/Security/CurrentUser.cs(79,17): warning CS1591: Missing XML comment for publicly visible type or member 'CurrentUser.IsInRole(string)' [/Users/kady/Masterdom/src/Masterdom.Core/Masterdom.Core.csproj]
/Users/kady/Masterdom/src/Masterdom.Core/Security/CurrentUser.cs(86,17): warning CS1591: Missing XML comment for publicly visible type or member 'CurrentUser.HasPermission(string)' [/Users/kady/Masterdom/src/Masterdom.Core/Masterdom.Core.csproj]
/Users/kady/Masterdom/src/Masterdom.Core/Security/CurrentUser.cs(93,17): warning CS1591: Missing XML comment for publicly visible type or member 'CurrentUser.HasPropertyScope(Guid)' [/Users/kady/Masterdom/src/Masterdom.Core/Masterdom.Core.csproj]
/Users/kady/Masterdom/src/Masterdom.Core/Security/CurrentUser.cs(98,17): warning CS1591: Missing XML comment for publicly visible type or member 'CurrentUser.OwnsProperty(Guid)' [/Users/kady/Masterdom/src/Masterdom.Core/Masterdom.Core.csproj]
/Users/kady/Masterdom/src/Masterdom.Core/Security/ICapabilityAuthorizationPolicyProvider.cs(8,35): warning CS1591: Missing XML comment for publicly visible type or member 'ICapabilityAuthorizationPolicyProvider.GetPolicy(string)' [/Users/kady/Masterdom/src/Masterdom.Core/Masterdom.Core.csproj]
/Users/kady/Masterdom/src/Masterdom.Core/Security/ICurrentUserAccessor.cs(8,17): warning CS1591: Missing XML comment for publicly visible type or member 'ICurrentUserAccessor.GetCurrentUser()' [/Users/kady/Masterdom/src/Masterdom.Core/Masterdom.Core.csproj]
/Users/kady/Masterdom/src/Masterdom.Core/Security/IPropertyCapabilityAuthorizationService.cs(8,25): warning CS1591: Missing XML comment for publicly visible type or member 'IPropertyCapabilityAuthorizationService.Authorize(AuthorizationContext)' [/Users/kady/Masterdom/src/Masterdom.Core/Masterdom.Core.csproj]
/Users/kady/Masterdom/src/Masterdom.Core/Security/MasterdomClaimTypes.cs(8,25): warning CS1591: Missing XML comment for publicly visible type or member 'MasterdomClaimTypes.Permission' [/Users/kady/Masterdom/src/Masterdom.Core/Masterdom.Core.csproj]
/Users/kady/Masterdom/src/Masterdom.Core/Security/MasterdomClaimTypes.cs(9,25): warning CS1591: Missing XML comment for publicly visible type or member 'MasterdomClaimTypes.PersonId' [/Users/kady/Masterdom/src/Masterdom.Core/Masterdom.Core.csproj]
/Users/kady/Masterdom/src/Masterdom.Core/Security/MasterdomClaimTypes.cs(10,25): warning CS1591: Missing XML comment for publicly visible type or member 'MasterdomClaimTypes.PropertyScope' [/Users/kady/Masterdom/src/Masterdom.Core/Masterdom.Core.csproj]
/Users/kady/Masterdom/src/Masterdom.Core/Security/MasterdomClaimTypes.cs(11,25): warning CS1591: Missing XML comment for publicly visible type or member 'MasterdomClaimTypes.OwnedProperty' [/Users/kady/Masterdom/src/Masterdom.Core/Masterdom.Core.csproj]
/Users/kady/Masterdom/src/Masterdom.Core/Security/MasterdomRoles.cs(8,25): warning CS1591: Missing XML comment for publicly visible type or member 'MasterdomRoles.SuperUser' [/Users/kady/Masterdom/src/Masterdom.Core/Masterdom.Core.csproj]
/Users/kady/Masterdom/src/Masterdom.Core/Security/MasterdomRoles.cs(9,25): warning CS1591: Missing XML comment for publicly visible type or member 'MasterdomRoles.PropertyOwner' [/Users/kady/Masterdom/src/Masterdom.Core/Masterdom.Core.csproj]
/Users/kady/Masterdom/src/Masterdom.Core/Security/MasterdomRoles.cs(10,25): warning CS1591: Missing XML comment for publicly visible type or member 'MasterdomRoles.Manager' [/Users/kady/Masterdom/src/Masterdom.Core/Masterdom.Core.csproj]
/Users/kady/Masterdom/src/Masterdom.Core/Security/MasterdomRoles.cs(11,25): warning CS1591: Missing XML comment for publicly visible type or member 'MasterdomRoles.Tenant' [/Users/kady/Masterdom/src/Masterdom.Core/Masterdom.Core.csproj]
/Users/kady/Masterdom/src/Masterdom.Core/Validation/Guard.cs(8,25): warning CS1591: Missing XML comment for publicly visible type or member 'Guard.Against' [/Users/kady/Masterdom/src/Masterdom.Core/Masterdom.Core.csproj]
/Users/kady/Masterdom/src/Masterdom.Core/Validation/Guard.cs(10,25): warning CS1591: Missing XML comment for publicly visible type or member 'Guard.Against.Null<T>(T?, string)' [/Users/kady/Masterdom/src/Masterdom.Core/Masterdom.Core.csproj]
/Users/kady/Masterdom/src/Masterdom.Core/Validation/Guard.cs(17,30): warning CS1591: Missing XML comment for publicly visible type or member 'Guard.Against.NullOrWhiteSpace(string?, string)' [/Users/kady/Masterdom/src/Masterdom.Core/Masterdom.Core.csproj]
/Users/kady/Masterdom/src/Masterdom.Core/Validation/Guard.cs(23,28): warning CS1591: Missing XML comment for publicly visible type or member 'Guard.Against.Empty(Guid, string)' [/Users/kady/Masterdom/src/Masterdom.Core/Masterdom.Core.csproj]
/Users/kady/Masterdom/src/Masterdom.Core/Validation/Guard.cs(31,25): warning CS1591: Missing XML comment for publicly visible type or member 'Guard.Against.Default<T>(T, string)' [/Users/kady/Masterdom/src/Masterdom.Core/Masterdom.Core.csproj]
/Users/kady/Masterdom/src/Masterdom.Core/Validation/Guard.cs(40,27): warning CS1591: Missing XML comment for publicly visible type or member 'Guard.Against.Negative(int, string)' [/Users/kady/Masterdom/src/Masterdom.Core/Masterdom.Core.csproj]
/Users/kady/Masterdom/src/Masterdom.Core/Validation/Guard.cs(48,27): warning CS1591: Missing XML comment for publicly visible type or member 'Guard.Against.NegativeOrZero(int, string)' [/Users/kady/Masterdom/src/Masterdom.Core/Masterdom.Core.csproj]
/Users/kady/Masterdom/src/Masterdom.Core/Validation/Guard.cs(56,27): warning CS1591: Missing XML comment for publicly visible type or member 'Guard.Against.OutOfRange(int, int, int, string)' [/Users/kady/Masterdom/src/Masterdom.Core/Masterdom.Core.csproj]
  Masterdom.Core -> /Users/kady/Masterdom/src/Masterdom.Core/bin/Debug/net10.0/Masterdom.Core.dll
/Users/kady/Masterdom/src/Masterdom.Modules.Settings/Application/Services/SettingsCapabilityBehaviorService.cs(3,21): warning CS1591: Missing XML comment for publicly visible type or member 'SettingsCapabilityBehaviorService' [/Users/kady/Masterdom/src/Masterdom.Modules.Settings/Masterdom.Modules.Settings.csproj]
/Users/kady/Masterdom/src/Masterdom.Modules.Settings/Application/Services/SettingsCapabilityBehaviorService.cs(5,45): warning CS1591: Missing XML comment for publicly visible type or member 'SettingsCapabilityBehaviorService.Execute()' [/Users/kady/Masterdom/src/Masterdom.Modules.Settings/Masterdom.Modules.Settings.csproj]
/Users/kady/Masterdom/src/Masterdom.Modules.Settings/Application/Services/SettingsCapabilityBehaviorService.cs(14,22): warning CS1591: Missing XML comment for publicly visible type or member 'SettingsCapabilityBehaviorResult' [/Users/kady/Masterdom/src/Masterdom.Modules.Settings/Masterdom.Modules.Settings.csproj]
/Users/kady/Masterdom/src/Masterdom.Modules.Settings/Application/Services/SettingsCapabilityBehaviorService.cs(14,22): warning CS1591: Missing XML comment for publicly visible type or member 'SettingsCapabilityBehaviorResult.SettingsCapabilityBehaviorResult(string, string, bool)' [/Users/kady/Masterdom/src/Masterdom.Modules.Settings/Masterdom.Modules.Settings.csproj]
/Users/kady/Masterdom/src/Masterdom.Modules.Settings/Application/Services/SettingsCapabilityBehaviorService.cs(15,12): warning CS1591: Missing XML comment for publicly visible type or member 'SettingsCapabilityBehaviorResult.Capability' [/Users/kady/Masterdom/src/Masterdom.Modules.Settings/Masterdom.Modules.Settings.csproj]
/Users/kady/Masterdom/src/Masterdom.Modules.Settings/Application/Services/SettingsCapabilityBehaviorService.cs(16,12): warning CS1591: Missing XML comment for publicly visible type or member 'SettingsCapabilityBehaviorResult.ExecutionPath' [/Users/kady/Masterdom/src/Masterdom.Modules.Settings/Masterdom.Modules.Settings.csproj]
/Users/kady/Masterdom/src/Masterdom.Modules.Settings/Application/Services/SettingsCapabilityBehaviorService.cs(17,10): warning CS1591: Missing XML comment for publicly visible type or member 'SettingsCapabilityBehaviorResult.IsSupported' [/Users/kady/Masterdom/src/Masterdom.Modules.Settings/Masterdom.Modules.Settings.csproj]
/Users/kady/Masterdom/src/Masterdom.Modules.Tenancy/Application/Support/ExecutionResult.cs(54,38): warning CS0108: 'ExecutionResult<T>.Failure(string, string)' hides inherited member 'ExecutionResult.Failure(string, string)'. Use the new keyword if hiding was intended. [/Users/kady/Masterdom/src/Masterdom.Modules.Tenancy/Masterdom.Modules.Tenancy.csproj]
/Users/kady/Masterdom/src/Masterdom.Modules.Tenancy/Application/Commands/AddOccupantCommand.cs(6,22): warning CS1591: Missing XML comment for publicly visible type or member 'AddOccupantCommand' [/Users/kady/Masterdom/src/Masterdom.Modules.Tenancy/Masterdom.Modules.Tenancy.csproj]
/Users/kady/Masterdom/src/Masterdom.Modules.Tenancy/Application/Commands/AddOccupantCommand.cs(6,22): warning CS1591: Missing XML comment for publicly visible type or member 'AddOccupantCommand.AddOccupantCommand(TenancyId, PersonId, bool)' [/Users/kady/Masterdom/src/Masterdom.Modules.Tenancy/Masterdom.Modules.Tenancy.csproj]
/Users/kady/Masterdom/src/Masterdom.Modules.Tenancy/Application/Commands/AddOccupantCommand.cs(7,15): warning CS1591: Missing XML comment for publicly visible type or member 'AddOccupantCommand.TenancyId' [/Users/kady/Masterdom/src/Masterdom.Modules.Tenancy/Masterdom.Modules.Tenancy.csproj]
/Users/kady/Masterdom/src/Masterdom.Modules.Tenancy/Application/Commands/AddOccupantCommand.cs(8,14): warning CS1591: Missing XML comment for publicly visible type or member 'AddOccupantCommand.PersonId' [/Users/kady/Masterdom/src/Masterdom.Modules.Tenancy/Masterdom.Modules.Tenancy.csproj]
/Users/kady/Masterdom/src/Masterdom.Modules.Tenancy/Application/Commands/AddOccupantCommand.cs(9,10): warning CS1591: Missing XML comment for publicly visible type or member 'AddOccupantCommand.IsPrimary' [/Users/kady/Masterdom/src/Masterdom.Modules.Tenancy/Masterdom.Modules.Tenancy.csproj]
/Users/kady/Masterdom/src/Masterdom.Modules.Tenancy/Application/Commands/ArchiveTenancyCommand.cs(5,22): warning CS1591: Missing XML comment for publicly visible type or member 'ArchiveTenancyCommand' [/Users/kady/Masterdom/src/Masterdom.Modules.Tenancy/Masterdom.Modules.Tenancy.csproj]
/Users/kady/Masterdom/src/Masterdom.Modules.Tenancy/Application/Commands/ArchiveTenancyCommand.cs(5,22): warning CS1591: Missing XML comment for publicly visible type or member 'ArchiveTenancyCommand.ArchiveTenancyCommand(TenancyId)' [/Users/kady/Masterdom/src/Masterdom.Modules.Tenancy/Masterdom.Modules.Tenancy.csproj]
/Users/kady/Masterdom/src/Masterdom.Modules.Tenancy/Application/Commands/ArchiveTenancyCommand.cs(5,54): warning CS1591: Missing XML comment for publicly visible type or member 'ArchiveTenancyCommand.TenancyId' [/Users/kady/Masterdom/src/Masterdom.Modules.Tenancy/Masterdom.Modules.Tenancy.csproj]
/Users/kady/Masterdom/src/Masterdom.Modules.Tenancy/Application/Commands/CloseTenancyCommand.cs(5,22): warning CS1591: Missing XML comment for publicly visible type or member 'CloseTenancyCommand' [/Users/kady/Masterdom/src/Masterdom.Modules.Tenancy/Masterdom.Modules.Tenancy.csproj]
/Users/kady/Masterdom/src/Masterdom.Modules.Tenancy/Application/Commands/CloseTenancyCommand.cs(5,22): warning CS1591: Missing XML comment for publicly visible type or member 'CloseTenancyCommand.CloseTenancyCommand(TenancyId, EffectiveDate, TerminationReason)' [/Users/kady/Masterdom/src/Masterdom.Modules.Tenancy/Masterdom.Modules.Tenancy.csproj]
/Users/kady/Masterdom/src/Masterdom.Modules.Tenancy/Application/Commands/CloseTenancyCommand.cs(6,15): warning CS1591: Missing XML comment for publicly visible type or member 'CloseTenancyCommand.TenancyId' [/Users/kady/Masterdom/src/Masterdom.Modules.Tenancy/Masterdom.Modules.Tenancy.csproj]
/Users/kady/Masterdom/src/Masterdom.Modules.Tenancy/Application/Commands/CloseTenancyCommand.cs(7,19): warning CS1591: Missing XML comment for publicly visible type or member 'CloseTenancyCommand.ClosedOn' [/Users/kady/Masterdom/src/Masterdom.Modules.Tenancy/Masterdom.Modules.Tenancy.csproj]
/Users/kady/Masterdom/src/Masterdom.Modules.Tenancy/Application/Commands/CloseTenancyCommand.cs(8,23): warning CS1591: Missing XML comment for publicly visible type or member 'CloseTenancyCommand.Reason' [/Users/kady/Masterdom/src/Masterdom.Modules.Tenancy/Masterdom.Modules.Tenancy.csproj]
/Users/kady/Masterdom/src/Masterdom.Modules.Tenancy/Application/Commands/RecordMoveInCommand.cs(5,22): warning CS1591: Missing XML comment for publicly visible type or member 'RecordMoveInCommand' [/Users/kady/Masterdom/src/Masterdom.Modules.Tenancy/Masterdom.Modules.Tenancy.csproj]
/Users/kady/Masterdom/src/Masterdom.Modules.Tenancy/Application/Commands/RecordMoveInCommand.cs(5,22): warning CS1591: Missing XML comment for publicly visible type or member 'RecordMoveInCommand.RecordMoveInCommand(TenancyId, MoveInDate)' [/Users/kady/Masterdom/src/Masterdom.Modules.Tenancy/Masterdom.Modules.Tenancy.csproj]
/Users/kady/Masterdom/src/Masterdom.Modules.Tenancy/Application/Commands/RecordMoveInCommand.cs(6,15): warning CS1591: Missing XML comment for publicly visible type or member 'RecordMoveInCommand.TenancyId' [/Users/kady/Masterdom/src/Masterdom.Modules.Tenancy/Masterdom.Modules.Tenancy.csproj]
/Users/kady/Masterdom/src/Masterdom.Modules.Tenancy/Application/Commands/RecordMoveInCommand.cs(7,16): warning CS1591: Missing XML comment for publicly visible type or member 'RecordMoveInCommand.MoveInDate' [/Users/kady/Masterdom/src/Masterdom.Modules.Tenancy/Masterdom.Modules.Tenancy.csproj]
/Users/kady/Masterdom/src/Masterdom.Modules.Tenancy/Application/Commands/RecordMoveOutCommand.cs(5,22): warning CS1591: Missing XML comment for publicly visible type or member 'RecordMoveOutCommand' [/Users/kady/Masterdom/src/Masterdom.Modules.Tenancy/Masterdom.Modules.Tenancy.csproj]
/Users/kady/Masterdom/src/Masterdom.Modules.Tenancy/Application/Commands/RecordMoveOutCommand.cs(5,22): warning CS1591: Missing XML comment for publicly visible type or member 'RecordMoveOutCommand.RecordMoveOutCommand(TenancyId, MoveOutDate)' [/Users/kady/Masterdom/src/Masterdom.Modules.Tenancy/Masterdom.Modules.Tenancy.csproj]
/Users/kady/Masterdom/src/Masterdom.Modules.Tenancy/Application/Commands/RecordMoveOutCommand.cs(6,15): warning CS1591: Missing XML comment for publicly visible type or member 'RecordMoveOutCommand.TenancyId' [/Users/kady/Masterdom/src/Masterdom.Modules.Tenancy/Masterdom.Modules.Tenancy.csproj]
/Users/kady/Masterdom/src/Masterdom.Modules.Tenancy/Application/Commands/RecordMoveOutCommand.cs(7,17): warning CS1591: Missing XML comment for publicly visible type or member 'RecordMoveOutCommand.MoveOutDate' [/Users/kady/Masterdom/src/Masterdom.Modules.Tenancy/Masterdom.Modules.Tenancy.csproj]
/Users/kady/Masterdom/src/Masterdom.Modules.Tenancy/Application/Commands/RemoveOccupantCommand.cs(6,22): warning CS1591: Missing XML comment for publicly visible type or member 'RemoveOccupantCommand' [/Users/kady/Masterdom/src/Masterdom.Modules.Tenancy/Masterdom.Modules.Tenancy.csproj]
/Users/kady/Masterdom/src/Masterdom.Modules.Tenancy/Application/Commands/RemoveOccupantCommand.cs(6,22): warning CS1591: Missing XML comment for publicly visible type or member 'RemoveOccupantCommand.RemoveOccupantCommand(TenancyId, PersonId)' [/Users/kady/Masterdom/src/Masterdom.Modules.Tenancy/Masterdom.Modules.Tenancy.csproj]
/Users/kady/Masterdom/src/Masterdom.Modules.Tenancy/Application/Commands/RemoveOccupantCommand.cs(7,15): warning CS1591: Missing XML comment for publicly visible type or member 'RemoveOccupantCommand.TenancyId' [/Users/kady/Masterdom/src/Masterdom.Modules.Tenancy/Masterdom.Modules.Tenancy.csproj]
/Users/kady/Masterdom/src/Masterdom.Modules.Tenancy/Application/Commands/RemoveOccupantCommand.cs(8,14): warning CS1591: Missing XML comment for publicly visible type or member 'RemoveOccupantCommand.PersonId' [/Users/kady/Masterdom/src/Masterdom.Modules.Tenancy/Masterdom.Modules.Tenancy.csproj]
/Users/kady/Masterdom/src/Masterdom.Modules.Tenancy/Application/Commands/UpdateTenancyNotesCommand.cs(5,22): warning CS1591: Missing XML comment for publicly visible type or member 'UpdateTenancyNotesCommand' [/Users/kady/Masterdom/src/Masterdom.Modules.Tenancy/Masterdom.Modules.Tenancy.csproj]
/Users/kady/Masterdom/src/Masterdom.Modules.Tenancy/Application/Commands/UpdateTenancyNotesCommand.cs(5,22): warning CS1591: Missing XML comment for publicly visible type or member 'UpdateTenancyNotesCommand.UpdateTenancyNotesCommand(TenancyId, Notes?)' [/Users/kady/Masterdom/src/Masterdom.Modules.Tenancy/Masterdom.Modules.Tenancy.csproj]
/Users/kady/Masterdom/src/Masterdom.Modules.Tenancy/Application/Commands/UpdateTenancyNotesCommand.cs(5,58): warning CS1591: Missing XML comment for publicly visible type or member 'UpdateTenancyNotesCommand.TenancyId' [/Users/kady/Masterdom/src/Masterdom.Modules.Tenancy/Masterdom.Modules.Tenancy.csproj]
/Users/kady/Masterdom/src/Masterdom.Modules.Tenancy/Application/Commands/UpdateTenancyNotesCommand.cs(5,76): warning CS1591: Missing XML comment for publicly visible type or member 'UpdateTenancyNotesCommand.Notes' [/Users/kady/Masterdom/src/Masterdom.Modules.Tenancy/Masterdom.Modules.Tenancy.csproj]
/Users/kady/Masterdom/src/Masterdom.Modules.Tenancy/Application/Handlers/Commands/AddOccupantCommandHandler.cs(8,21): warning CS1591: Missing XML comment for publicly visible type or member 'AddOccupantCommandHandler' [/Users/kady/Masterdom/src/Masterdom.Modules.Tenancy/Masterdom.Modules.Tenancy.csproj]
/Users/kady/Masterdom/src/Masterdom.Modules.Tenancy/Application/Handlers/Commands/AddOccupantCommandHandler.cs(12,12): warning CS1591: Missing XML comment for publicly visible type or member 'AddOccupantCommandHandler.AddOccupantCommandHandler(ITenancyApplicationService)' [/Users/kady/Masterdom/src/Masterdom.Modules.Tenancy/Masterdom.Modules.Tenancy.csproj]
/Users/kady/Masterdom/src/Masterdom.Modules.Tenancy/Application/Handlers/Commands/AddOccupantCommandHandler.cs(17,46): warning CS1591: Missing XML comment for publicly visible type or member 'AddOccupantCommandHandler.Handle(AddOccupantCommand)' [/Users/kady/Masterdom/src/Masterdom.Modules.Tenancy/Masterdom.Modules.Tenancy.csproj]
/Users/kady/Masterdom/src/Masterdom.Modules.Tenancy/Application/Handlers/Commands/ArchiveTenancyCommandHandler.cs(8,21): warning CS1591: Missing XML comment for publicly visible type or member 'ArchiveTenancyCommandHandler' [/Users/kady/Masterdom/src/Masterdom.Modules.Tenancy/Masterdom.Modules.Tenancy.csproj]
/Users/kady/Masterdom/src/Masterdom.Modules.Tenancy/Application/Handlers/Commands/ArchiveTenancyCommandHandler.cs(12,12): warning CS1591: Missing XML comment for publicly visible type or member 'ArchiveTenancyCommandHandler.ArchiveTenancyCommandHandler(ITenancyApplicationService)' [/Users/kady/Masterdom/src/Masterdom.Modules.Tenancy/Masterdom.Modules.Tenancy.csproj]
/Users/kady/Masterdom/src/Masterdom.Modules.Tenancy/Application/Handlers/Commands/ArchiveTenancyCommandHandler.cs(17,46): warning CS1591: Missing XML comment for publicly visible type or member 'ArchiveTenancyCommandHandler.Handle(ArchiveTenancyCommand)' [/Users/kady/Masterdom/src/Masterdom.Modules.Tenancy/Masterdom.Modules.Tenancy.csproj]
/Users/kady/Masterdom/src/Masterdom.Modules.Tenancy/Application/Handlers/Commands/CloseTenancyCommandHandler.cs(8,21): warning CS1591: Missing XML comment for publicly visible type or member 'CloseTenancyCommandHandler' [/Users/kady/Masterdom/src/Masterdom.Modules.Tenancy/Masterdom.Modules.Tenancy.csproj]
/Users/kady/Masterdom/src/Masterdom.Modules.Tenancy/Application/Handlers/Commands/CloseTenancyCommandHandler.cs(12,12): warning CS1591: Missing XML comment for publicly visible type or member 'CloseTenancyCommandHandler.CloseTenancyCommandHandler(ITenancyApplicationService)' [/Users/kady/Masterdom/src/Masterdom.Modules.Tenancy/Masterdom.Modules.Tenancy.csproj]
/Users/kady/Masterdom/src/Masterdom.Modules.Tenancy/Application/Handlers/Commands/CloseTenancyCommandHandler.cs(17,46): warning CS1591: Missing XML comment for publicly visible type or member 'CloseTenancyCommandHandler.Handle(CloseTenancyCommand)' [/Users/kady/Masterdom/src/Masterdom.Modules.Tenancy/Masterdom.Modules.Tenancy.csproj]
/Users/kady/Masterdom/src/Masterdom.Modules.Tenancy/Application/Handlers/Commands/CreateTenancyCommandHandler.cs(8,21): warning CS1591: Missing XML comment for publicly visible type or member 'CreateTenancyCommandHandler' [/Users/kady/Masterdom/src/Masterdom.Modules.Tenancy/Masterdom.Modules.Tenancy.csproj]
/Users/kady/Masterdom/src/Masterdom.Modules.Tenancy/Application/Handlers/Commands/CreateTenancyCommandHandler.cs(12,12): warning CS1591: Missing XML comment for publicly visible type or member 'CreateTenancyCommandHandler.CreateTenancyCommandHandler(ITenancyApplicationService)' [/Users/kady/Masterdom/src/Masterdom.Modules.Tenancy/Masterdom.Modules.Tenancy.csproj]
/Users/kady/Masterdom/src/Masterdom.Modules.Tenancy/Application/Handlers/Commands/CreateTenancyCommandHandler.cs(17,46): warning CS1591: Missing XML comment for publicly visible type or member 'CreateTenancyCommandHandler.Handle(CreateTenancyCommand)' [/Users/kady/Masterdom/src/Masterdom.Modules.Tenancy/Masterdom.Modules.Tenancy.csproj]
/Users/kady/Masterdom/src/Masterdom.Modules.Tenancy/Application/Handlers/Commands/RecordMoveInCommandHandler.cs(8,21): warning CS1591: Missing XML comment for publicly visible type or member 'RecordMoveInCommandHandler' [/Users/kady/Masterdom/src/Masterdom.Modules.Tenancy/Masterdom.Modules.Tenancy.csproj]
/Users/kady/Masterdom/src/Masterdom.Modules.Tenancy/Application/Handlers/Commands/RecordMoveInCommandHandler.cs(12,12): warning CS1591: Missing XML comment for publicly visible type or member 'RecordMoveInCommandHandler.RecordMoveInCommandHandler(ITenancyApplicationService)' [/Users/kady/Masterdom/src/Masterdom.Modules.Tenancy/Masterdom.Modules.Tenancy.csproj]
/Users/kady/Masterdom/src/Masterdom.Modules.Tenancy/Application/Handlers/Commands/RecordMoveInCommandHandler.cs(17,46): warning CS1591: Missing XML comment for publicly visible type or member 'RecordMoveInCommandHandler.Handle(RecordMoveInCommand)' [/Users/kady/Masterdom/src/Masterdom.Modules.Tenancy/Masterdom.Modules.Tenancy.csproj]
/Users/kady/Masterdom/src/Masterdom.Modules.Tenancy/Application/Handlers/Commands/RecordMoveOutCommandHandler.cs(8,21): warning CS1591: Missing XML comment for publicly visible type or member 'RecordMoveOutCommandHandler' [/Users/kady/Masterdom/src/Masterdom.Modules.Tenancy/Masterdom.Modules.Tenancy.csproj]
/Users/kady/Masterdom/src/Masterdom.Modules.Tenancy/Application/Handlers/Commands/RecordMoveOutCommandHandler.cs(12,12): warning CS1591: Missing XML comment for publicly visible type or member 'RecordMoveOutCommandHandler.RecordMoveOutCommandHandler(ITenancyApplicationService)' [/Users/kady/Masterdom/src/Masterdom.Modules.Tenancy/Masterdom.Modules.Tenancy.csproj]
/Users/kady/Masterdom/src/Masterdom.Modules.Tenancy/Application/Handlers/Commands/RecordMoveOutCommandHandler.cs(17,46): warning CS1591: Missing XML comment for publicly visible type or member 'RecordMoveOutCommandHandler.Handle(RecordMoveOutCommand)' [/Users/kady/Masterdom/src/Masterdom.Modules.Tenancy/Masterdom.Modules.Tenancy.csproj]
/Users/kady/Masterdom/src/Masterdom.Modules.Tenancy/Application/Handlers/Commands/RemoveOccupantCommandHandler.cs(7,21): warning CS1591: Missing XML comment for publicly visible type or member 'RemoveOccupantCommandHandler' [/Users/kady/Masterdom/src/Masterdom.Modules.Tenancy/Masterdom.Modules.Tenancy.csproj]
/Users/kady/Masterdom/src/Masterdom.Modules.Tenancy/Application/Handlers/Commands/RemoveOccupantCommandHandler.cs(11,12): warning CS1591: Missing XML comment for publicly visible type or member 'RemoveOccupantCommandHandler.RemoveOccupantCommandHandler(ITenancyApplicationService)' [/Users/kady/Masterdom/src/Masterdom.Modules.Tenancy/Masterdom.Modules.Tenancy.csproj]
/Users/kady/Masterdom/src/Masterdom.Modules.Tenancy/Application/Handlers/Commands/RemoveOccupantCommandHandler.cs(16,34): warning CS1591: Missing XML comment for publicly visible type or member 'RemoveOccupantCommandHandler.Handle(RemoveOccupantCommand)' [/Users/kady/Masterdom/src/Masterdom.Modules.Tenancy/Masterdom.Modules.Tenancy.csproj]
/Users/kady/Masterdom/src/Masterdom.Modules.Tenancy/Application/Handlers/Commands/UpdateTenancyNotesCommandHandler.cs(8,21): warning CS1591: Missing XML comment for publicly visible type or member 'UpdateTenancyNotesCommandHandler' [/Users/kady/Masterdom/src/Masterdom.Modules.Tenancy/Masterdom.Modules.Tenancy.csproj]
/Users/kady/Masterdom/src/Masterdom.Modules.Tenancy/Application/Handlers/Commands/UpdateTenancyNotesCommandHandler.cs(12,12): warning CS1591: Missing XML comment for publicly visible type or member 'UpdateTenancyNotesCommandHandler.UpdateTenancyNotesCommandHandler(ITenancyApplicationService)' [/Users/kady/Masterdom/src/Masterdom.Modules.Tenancy/Masterdom.Modules.Tenancy.csproj]
/Users/kady/Masterdom/src/Masterdom.Modules.Tenancy/Application/Handlers/Commands/UpdateTenancyNotesCommandHandler.cs(17,46): warning CS1591: Missing XML comment for publicly visible type or member 'UpdateTenancyNotesCommandHandler.Handle(UpdateTenancyNotesCommand)' [/Users/kady/Masterdom/src/Masterdom.Modules.Tenancy/Masterdom.Modules.Tenancy.csproj]
/Users/kady/Masterdom/src/Masterdom.Modules.Tenancy/Application/Handlers/Queries/GetTenancyByIdQueryHandler.cs(8,21): warning CS1591: Missing XML comment for publicly visible type or member 'GetTenancyByIdQueryHandler' [/Users/kady/Masterdom/src/Masterdom.Modules.Tenancy/Masterdom.Modules.Tenancy.csproj]
/Users/kady/Masterdom/src/Masterdom.Modules.Tenancy/Application/Handlers/Queries/GetTenancyByIdQueryHandler.cs(12,12): warning CS1591: Missing XML comment for publicly visible type or member 'GetTenancyByIdQueryHandler.GetTenancyByIdQueryHandler(ITenancyApplicationService)' [/Users/kady/Masterdom/src/Masterdom.Modules.Tenancy/Masterdom.Modules.Tenancy.csproj]
/Users/kady/Masterdom/src/Masterdom.Modules.Tenancy/Application/Handlers/Queries/GetTenancyByIdQueryHandler.cs(17,46): warning CS1591: Missing XML comment for publicly visible type or member 'GetTenancyByIdQueryHandler.Handle(GetTenancyByIdQuery)' [/Users/kady/Masterdom/src/Masterdom.Modules.Tenancy/Masterdom.Modules.Tenancy.csproj]
/Users/kady/Masterdom/src/Masterdom.Modules.Tenancy/Application/Queries/GetTenancyByIdQuery.cs(5,22): warning CS1591: Missing XML comment for publicly visible type or member 'GetTenancyByIdQuery' [/Users/kady/Masterdom/src/Masterdom.Modules.Tenancy/Masterdom.Modules.Tenancy.csproj]
/Users/kady/Masterdom/src/Masterdom.Modules.Tenancy/Application/Queries/GetTenancyByIdQuery.cs(5,22): warning CS1591: Missing XML comment for publicly visible type or member 'GetTenancyByIdQuery.GetTenancyByIdQuery(TenancyId)' [/Users/kady/Masterdom/src/Masterdom.Modules.Tenancy/Masterdom.Modules.Tenancy.csproj]
/Users/kady/Masterdom/src/Masterdom.Modules.Tenancy/Application/Queries/GetTenancyByIdQuery.cs(5,52): warning CS1591: Missing XML comment for publicly visible type or member 'GetTenancyByIdQuery.TenancyId' [/Users/kady/Masterdom/src/Masterdom.Modules.Tenancy/Masterdom.Modules.Tenancy.csproj]
/Users/kady/Masterdom/src/Masterdom.Modules.Tenancy/Application/Services/ITenancyApplicationService.cs(13,22): warning CS1591: Missing XML comment for publicly visible type or member 'ITenancyApplicationService.CreateTenancy(CreateTenancyCommand)' [/Users/kady/Masterdom/src/Masterdom.Modules.Tenancy/Masterdom.Modules.Tenancy.csproj]
/Users/kady/Masterdom/src/Masterdom.Modules.Tenancy/Application/Services/ITenancyApplicationService.cs(15,22): warning CS1591: Missing XML comment for publicly visible type or member 'ITenancyApplicationService.AddOccupant(AddOccupantCommand)' [/Users/kady/Masterdom/src/Masterdom.Modules.Tenancy/Masterdom.Modules.Tenancy.csproj]
/Users/kady/Masterdom/src/Masterdom.Modules.Tenancy/Application/Services/ITenancyApplicationService.cs(17,10): warning CS1591: Missing XML comment for publicly visible type or member 'ITenancyApplicationService.RemoveOccupant(RemoveOccupantCommand)' [/Users/kady/Masterdom/src/Masterdom.Modules.Tenancy/Masterdom.Modules.Tenancy.csproj]
/Users/kady/Masterdom/src/Masterdom.Modules.Tenancy/Application/Services/ITenancyApplicationService.cs(19,22): warning CS1591: Missing XML comment for publicly visible type or member 'ITenancyApplicationService.RecordMoveIn(RecordMoveInCommand)' [/Users/kady/Masterdom/src/Masterdom.Modules.Tenancy/Masterdom.Modules.Tenancy.csproj]
/Users/kady/Masterdom/src/Masterdom.Modules.Tenancy/Application/Services/ITenancyApplicationService.cs(21,22): warning CS1591: Missing XML comment for publicly visible type or member 'ITenancyApplicationService.RecordMoveOut(RecordMoveOutCommand)' [/Users/kady/Masterdom/src/Masterdom.Modules.Tenancy/Masterdom.Modules.Tenancy.csproj]
/Users/kady/Masterdom/src/Masterdom.Modules.Tenancy/Application/Services/ITenancyApplicationService.cs(23,22): warning CS1591: Missing XML comment for publicly visible type or member 'ITenancyApplicationService.CloseTenancy(CloseTenancyCommand)' [/Users/kady/Masterdom/src/Masterdom.Modules.Tenancy/Masterdom.Modules.Tenancy.csproj]
/Users/kady/Masterdom/src/Masterdom.Modules.Tenancy/Application/Services/ITenancyApplicationService.cs(25,22): warning CS1591: Missing XML comment for publicly visible type or member 'ITenancyApplicationService.ArchiveTenancy(ArchiveTenancyCommand)' [/Users/kady/Masterdom/src/Masterdom.Modules.Tenancy/Masterdom.Modules.Tenancy.csproj]
/Users/kady/Masterdom/src/Masterdom.Modules.Tenancy/Application/Services/ITenancyApplicationService.cs(27,22): warning CS1591: Missing XML comment for publicly visible type or member 'ITenancyApplicationService.UpdateNotes(UpdateTenancyNotesCommand)' [/Users/kady/Masterdom/src/Masterdom.Modules.Tenancy/Masterdom.Modules.Tenancy.csproj]
/Users/kady/Masterdom/src/Masterdom.Modules.Tenancy/Application/Services/ITenancyApplicationService.cs(29,23): warning CS1591: Missing XML comment for publicly visible type or member 'ITenancyApplicationService.GetTenancy(GetTenancyByIdQuery)' [/Users/kady/Masterdom/src/Masterdom.Modules.Tenancy/Masterdom.Modules.Tenancy.csproj]
/Users/kady/Masterdom/src/Masterdom.Modules.Tenancy/Application/Services/TenancyApplicationService.cs(19,12): warning CS1591: Missing XML comment for publicly visible type or member 'TenancyApplicationService.TenancyApplicationService(ITenancyRepository, ITenancyUnitOfWork, ITenancyPlatformOrchestrator)' [/Users/kady/Masterdom/src/Masterdom.Modules.Tenancy/Masterdom.Modules.Tenancy.csproj]
/Users/kady/Masterdom/src/Masterdom.Modules.Tenancy/Application/Services/TenancyApplicationService.cs(29,29): warning CS1591: Missing XML comment for publicly visible type or member 'TenancyApplicationService.CreateTenancy(CreateTenancyCommand)' [/Users/kady/Masterdom/src/Masterdom.Modules.Tenancy/Masterdom.Modules.Tenancy.csproj]
/Users/kady/Masterdom/src/Masterdom.Modules.Tenancy/Application/Services/TenancyApplicationService.cs(57,29): warning CS1591: Missing XML comment for publicly visible type or member 'TenancyApplicationService.AddOccupant(AddOccupantCommand)' [/Users/kady/Masterdom/src/Masterdom.Modules.Tenancy/Masterdom.Modules.Tenancy.csproj]
/Users/kady/Masterdom/src/Masterdom.Modules.Tenancy/Application/Services/TenancyApplicationService.cs(68,17): warning CS1591: Missing XML comment for publicly visible type or member 'TenancyApplicationService.RemoveOccupant(RemoveOccupantCommand)' [/Users/kady/Masterdom/src/Masterdom.Modules.Tenancy/Masterdom.Modules.Tenancy.csproj]
/Users/kady/Masterdom/src/Masterdom.Modules.Tenancy/Application/Services/TenancyApplicationService.cs(80,29): warning CS1591: Missing XML comment for publicly visible type or member 'TenancyApplicationService.RecordMoveIn(RecordMoveInCommand)' [/Users/kady/Masterdom/src/Masterdom.Modules.Tenancy/Masterdom.Modules.Tenancy.csproj]
/Users/kady/Masterdom/src/Masterdom.Modules.Tenancy/Application/Services/TenancyApplicationService.cs(91,29): warning CS1591: Missing XML comment for publicly visible type or member 'TenancyApplicationService.RecordMoveOut(RecordMoveOutCommand)' [/Users/kady/Masterdom/src/Masterdom.Modules.Tenancy/Masterdom.Modules.Tenancy.csproj]
/Users/kady/Masterdom/src/Masterdom.Modules.Tenancy/Application/Services/TenancyApplicationService.cs(102,29): warning CS1591: Missing XML comment for publicly visible type or member 'TenancyApplicationService.CloseTenancy(CloseTenancyCommand)' [/Users/kady/Masterdom/src/Masterdom.Modules.Tenancy/Masterdom.Modules.Tenancy.csproj]
/Users/kady/Masterdom/src/Masterdom.Modules.Tenancy/Application/Services/TenancyApplicationService.cs(113,29): warning CS1591: Missing XML comment for publicly visible type or member 'TenancyApplicationService.ArchiveTenancy(ArchiveTenancyCommand)' [/Users/kady/Masterdom/src/Masterdom.Modules.Tenancy/Masterdom.Modules.Tenancy.csproj]
/Users/kady/Masterdom/src/Masterdom.Modules.Tenancy/Application/Services/TenancyApplicationService.cs(124,29): warning CS1591: Missing XML comment for publicly visible type or member 'TenancyApplicationService.UpdateNotes(UpdateTenancyNotesCommand)' [/Users/kady/Masterdom/src/Masterdom.Modules.Tenancy/Masterdom.Modules.Tenancy.csproj]
/Users/kady/Masterdom/src/Masterdom.Modules.Tenancy/Application/Services/TenancyApplicationService.cs(135,30): warning CS1591: Missing XML comment for publicly visible type or member 'TenancyApplicationService.GetTenancy(GetTenancyByIdQuery)' [/Users/kady/Masterdom/src/Masterdom.Modules.Tenancy/Masterdom.Modules.Tenancy.csproj]
/Users/kady/Masterdom/src/Masterdom.Modules.Tenancy/Application/Support/ExecutionResult.cs(8,15): warning CS1591: Missing XML comment for publicly visible type or member 'ExecutionResult.ExecutionResult(bool, string?, string?)' [/Users/kady/Masterdom/src/Masterdom.Modules.Tenancy/Masterdom.Modules.Tenancy.csproj]
/Users/kady/Masterdom/src/Masterdom.Modules.Tenancy/Application/Support/ExecutionResult.cs(15,17): warning CS1591: Missing XML comment for publicly visible type or member 'ExecutionResult.IsSuccess' [/Users/kady/Masterdom/src/Masterdom.Modules.Tenancy/Masterdom.Modules.Tenancy.csproj]
/Users/kady/Masterdom/src/Masterdom.Modules.Tenancy/Application/Support/ExecutionResult.cs(17,20): warning CS1591: Missing XML comment for publicly visible type or member 'ExecutionResult.ErrorCode' [/Users/kady/Masterdom/src/Masterdom.Modules.Tenancy/Masterdom.Modules.Tenancy.csproj]
/Users/kady/Masterdom/src/Masterdom.Modules.Tenancy/Application/Support/ExecutionResult.cs(19,20): warning CS1591: Missing XML comment for publicly visible type or member 'ExecutionResult.ErrorMessage' [/Users/kady/Masterdom/src/Masterdom.Modules.Tenancy/Masterdom.Modules.Tenancy.csproj]
/Users/kady/Masterdom/src/Masterdom.Modules.Tenancy/Application/Support/ExecutionResult.cs(21,35): warning CS1591: Missing XML comment for publicly visible type or member 'ExecutionResult.Success()' [/Users/kady/Masterdom/src/Masterdom.Modules.Tenancy/Masterdom.Modules.Tenancy.csproj]
/Users/kady/Masterdom/src/Masterdom.Modules.Tenancy/Application/Support/ExecutionResult.cs(26,35): warning CS1591: Missing XML comment for publicly visible type or member 'ExecutionResult.Failure(string, string)' [/Users/kady/Masterdom/src/Masterdom.Modules.Tenancy/Masterdom.Modules.Tenancy.csproj]
/Users/kady/Masterdom/src/Masterdom.Modules.Tenancy/Application/Support/ExecutionResult.cs(46,15): warning CS1591: Missing XML comment for publicly visible type or member 'ExecutionResult<T>.Value' [/Users/kady/Masterdom/src/Masterdom.Modules.Tenancy/Masterdom.Modules.Tenancy.csproj]
/Users/kady/Masterdom/src/Masterdom.Modules.Tenancy/Application/Support/ExecutionResult.cs(48,38): warning CS1591: Missing XML comment for publicly visible type or member 'ExecutionResult<T>.Success(T)' [/Users/kady/Masterdom/src/Masterdom.Modules.Tenancy/Masterdom.Modules.Tenancy.csproj]
/Users/kady/Masterdom/src/Masterdom.Modules.Tenancy/Application/Support/ExecutionResult.cs(54,38): warning CS1591: Missing XML comment for publicly visible type or member 'ExecutionResult<T>.Failure(string, string)' [/Users/kady/Masterdom/src/Masterdom.Modules.Tenancy/Masterdom.Modules.Tenancy.csproj]
/Users/kady/Masterdom/src/Masterdom.Modules.Tenancy/Application/Support/ICommandHandler.cs(8,13): warning CS1591: Missing XML comment for publicly visible type or member 'ICommandHandler<TCommand, TResult>.Handle(TCommand)' [/Users/kady/Masterdom/src/Masterdom.Modules.Tenancy/Masterdom.Modules.Tenancy.csproj]
/Users/kady/Masterdom/src/Masterdom.Modules.Tenancy/Application/Support/IQueryHandler.cs(8,13): warning CS1591: Missing XML comment for publicly visible type or member 'IQueryHandler<TQuery, TResult>.Handle(TQuery)' [/Users/kady/Masterdom/src/Masterdom.Modules.Tenancy/Masterdom.Modules.Tenancy.csproj]
/Users/kady/Masterdom/src/Masterdom.Modules.Tenancy/Application/Support/ITenancyPlatformOrchestrator.cs(11,10): warning CS1591: Missing XML comment for publicly visible type or member 'ITenancyPlatformOrchestrator.OnTenancyMutated(Tenancy, string)' [/Users/kady/Masterdom/src/Masterdom.Modules.Tenancy/Masterdom.Modules.Tenancy.csproj]
/Users/kady/Masterdom/src/Masterdom.Modules.Tenancy/Application/Support/ITenancyUnitOfWork.cs(8,10): warning CS1591: Missing XML comment for publicly visible type or member 'ITenancyUnitOfWork.Execute(Action)' [/Users/kady/Masterdom/src/Masterdom.Modules.Tenancy/Masterdom.Modules.Tenancy.csproj]
/Users/kady/Masterdom/src/Masterdom.Modules.Tenancy/Domain/Entities/Tenancy/EffectiveDate.cs(15,21): warning CS1591: Missing XML comment for publicly visible type or member 'EffectiveDate.Value' [/Users/kady/Masterdom/src/Masterdom.Modules.Tenancy/Masterdom.Modules.Tenancy.csproj]
/Users/kady/Masterdom/src/Masterdom.Modules.Tenancy/Domain/Entities/Tenancy/EffectiveDate.cs(17,33): warning CS1591: Missing XML comment for publicly visible type or member 'EffectiveDate.Create(DateOnly)' [/Users/kady/Masterdom/src/Masterdom.Modules.Tenancy/Masterdom.Modules.Tenancy.csproj]
/Users/kady/Masterdom/src/Masterdom.Modules.Tenancy/Domain/Entities/Tenancy/EffectiveDate.cs(22,45): warning CS1591: Missing XML comment for publicly visible type or member 'EffectiveDate.GetEqualityComponents()' [/Users/kady/Masterdom/src/Masterdom.Modules.Tenancy/Masterdom.Modules.Tenancy.csproj]
/Users/kady/Masterdom/src/Masterdom.Modules.Tenancy/Domain/Entities/Tenancy/Events/MoveInRecordedDomainEvent.cs(5,22): warning CS1591: Missing XML comment for publicly visible type or member 'MoveInRecordedDomainEvent' [/Users/kady/Masterdom/src/Masterdom.Modules.Tenancy/Masterdom.Modules.Tenancy.csproj]
/Users/kady/Masterdom/src/Masterdom.Modules.Tenancy/Domain/Entities/Tenancy/Events/MoveInRecordedDomainEvent.cs(5,22): warning CS1591: Missing XML comment for publicly visible type or member 'MoveInRecordedDomainEvent.MoveInRecordedDomainEvent(TenancyId, MoveInDate, DateTime)' [/Users/kady/Masterdom/src/Masterdom.Modules.Tenancy/Masterdom.Modules.Tenancy.csproj]
/Users/kady/Masterdom/src/Masterdom.Modules.Tenancy/Domain/Entities/Tenancy/Events/MoveInRecordedDomainEvent.cs(6,15): warning CS1591: Missing XML comment for publicly visible type or member 'MoveInRecordedDomainEvent.TenancyId' [/Users/kady/Masterdom/src/Masterdom.Modules.Tenancy/Masterdom.Modules.Tenancy.csproj]
/Users/kady/Masterdom/src/Masterdom.Modules.Tenancy/Domain/Entities/Tenancy/Events/MoveInRecordedDomainEvent.cs(7,16): warning CS1591: Missing XML comment for publicly visible type or member 'MoveInRecordedDomainEvent.MoveInDate' [/Users/kady/Masterdom/src/Masterdom.Modules.Tenancy/Masterdom.Modules.Tenancy.csproj]
/Users/kady/Masterdom/src/Masterdom.Modules.Tenancy/Domain/Entities/Tenancy/Events/MoveInRecordedDomainEvent.cs(8,14): warning CS1591: Missing XML comment for publicly visible type or member 'MoveInRecordedDomainEvent.OccurredOnUtc' [/Users/kady/Masterdom/src/Masterdom.Modules.Tenancy/Masterdom.Modules.Tenancy.csproj]
/Users/kady/Masterdom/src/Masterdom.Modules.Tenancy/Domain/Entities/Tenancy/Events/MoveOutRecordedDomainEvent.cs(5,22): warning CS1591: Missing XML comment for publicly visible type or member 'MoveOutRecordedDomainEvent' [/Users/kady/Masterdom/src/Masterdom.Modules.Tenancy/Masterdom.Modules.Tenancy.csproj]
/Users/kady/Masterdom/src/Masterdom.Modules.Tenancy/Domain/Entities/Tenancy/Events/MoveOutRecordedDomainEvent.cs(5,22): warning CS1591: Missing XML comment for publicly visible type or member 'MoveOutRecordedDomainEvent.MoveOutRecordedDomainEvent(TenancyId, MoveOutDate, DateTime)' [/Users/kady/Masterdom/src/Masterdom.Modules.Tenancy/Masterdom.Modules.Tenancy.csproj]
/Users/kady/Masterdom/src/Masterdom.Modules.Tenancy/Domain/Entities/Tenancy/Events/MoveOutRecordedDomainEvent.cs(6,15): warning CS1591: Missing XML comment for publicly visible type or member 'MoveOutRecordedDomainEvent.TenancyId' [/Users/kady/Masterdom/src/Masterdom.Modules.Tenancy/Masterdom.Modules.Tenancy.csproj]
/Users/kady/Masterdom/src/Masterdom.Modules.Tenancy/Domain/Entities/Tenancy/Events/MoveOutRecordedDomainEvent.cs(7,17): warning CS1591: Missing XML comment for publicly visible type or member 'MoveOutRecordedDomainEvent.MoveOutDate' [/Users/kady/Masterdom/src/Masterdom.Modules.Tenancy/Masterdom.Modules.Tenancy.csproj]
/Users/kady/Masterdom/src/Masterdom.Modules.Tenancy/Domain/Entities/Tenancy/Events/MoveOutRecordedDomainEvent.cs(8,14): warning CS1591: Missing XML comment for publicly visible type or member 'MoveOutRecordedDomainEvent.OccurredOnUtc' [/Users/kady/Masterdom/src/Masterdom.Modules.Tenancy/Masterdom.Modules.Tenancy.csproj]
/Users/kady/Masterdom/src/Masterdom.Modules.Tenancy/Domain/Entities/Tenancy/Events/OccupantAddedDomainEvent.cs(6,22): warning CS1591: Missing XML comment for publicly visible type or member 'OccupantAddedDomainEvent' [/Users/kady/Masterdom/src/Masterdom.Modules.Tenancy/Masterdom.Modules.Tenancy.csproj]
/Users/kady/Masterdom/src/Masterdom.Modules.Tenancy/Domain/Entities/Tenancy/Events/OccupantAddedDomainEvent.cs(6,22): warning CS1591: Missing XML comment for publicly visible type or member 'OccupantAddedDomainEvent.OccupantAddedDomainEvent(TenancyId, PersonId, bool, DateTime)' [/Users/kady/Masterdom/src/Masterdom.Modules.Tenancy/Masterdom.Modules.Tenancy.csproj]
/Users/kady/Masterdom/src/Masterdom.Modules.Tenancy/Domain/Entities/Tenancy/Events/OccupantAddedDomainEvent.cs(7,15): warning CS1591: Missing XML comment for publicly visible type or member 'OccupantAddedDomainEvent.TenancyId' [/Users/kady/Masterdom/src/Masterdom.Modules.Tenancy/Masterdom.Modules.Tenancy.csproj]
/Users/kady/Masterdom/src/Masterdom.Modules.Tenancy/Domain/Entities/Tenancy/Events/OccupantAddedDomainEvent.cs(8,14): warning CS1591: Missing XML comment for publicly visible type or member 'OccupantAddedDomainEvent.PersonId' [/Users/kady/Masterdom/src/Masterdom.Modules.Tenancy/Masterdom.Modules.Tenancy.csproj]
/Users/kady/Masterdom/src/Masterdom.Modules.Tenancy/Domain/Entities/Tenancy/Events/OccupantAddedDomainEvent.cs(9,10): warning CS1591: Missing XML comment for publicly visible type or member 'OccupantAddedDomainEvent.IsPrimary' [/Users/kady/Masterdom/src/Masterdom.Modules.Tenancy/Masterdom.Modules.Tenancy.csproj]
/Users/kady/Masterdom/src/Masterdom.Modules.Tenancy/Domain/Entities/Tenancy/Events/OccupantAddedDomainEvent.cs(10,14): warning CS1591: Missing XML comment for publicly visible type or member 'OccupantAddedDomainEvent.OccurredOnUtc' [/Users/kady/Masterdom/src/Masterdom.Modules.Tenancy/Masterdom.Modules.Tenancy.csproj]
/Users/kady/Masterdom/src/Masterdom.Modules.Tenancy/Domain/Entities/Tenancy/Events/OccupantRemovedDomainEvent.cs(6,22): warning CS1591: Missing XML comment for publicly visible type or member 'OccupantRemovedDomainEvent' [/Users/kady/Masterdom/src/Masterdom.Modules.Tenancy/Masterdom.Modules.Tenancy.csproj]
/Users/kady/Masterdom/src/Masterdom.Modules.Tenancy/Domain/Entities/Tenancy/Events/OccupantRemovedDomainEvent.cs(6,22): warning CS1591: Missing XML comment for publicly visible type or member 'OccupantRemovedDomainEvent.OccupantRemovedDomainEvent(TenancyId, PersonId, DateTime)' [/Users/kady/Masterdom/src/Masterdom.Modules.Tenancy/Masterdom.Modules.Tenancy.csproj]
/Users/kady/Masterdom/src/Masterdom.Modules.Tenancy/Domain/Entities/Tenancy/Events/OccupantRemovedDomainEvent.cs(7,15): warning CS1591: Missing XML comment for publicly visible type or member 'OccupantRemovedDomainEvent.TenancyId' [/Users/kady/Masterdom/src/Masterdom.Modules.Tenancy/Masterdom.Modules.Tenancy.csproj]
/Users/kady/Masterdom/src/Masterdom.Modules.Tenancy/Domain/Entities/Tenancy/Events/OccupantRemovedDomainEvent.cs(8,14): warning CS1591: Missing XML comment for publicly visible type or member 'OccupantRemovedDomainEvent.PersonId' [/Users/kady/Masterdom/src/Masterdom.Modules.Tenancy/Masterdom.Modules.Tenancy.csproj]
/Users/kady/Masterdom/src/Masterdom.Modules.Tenancy/Domain/Entities/Tenancy/Events/OccupantRemovedDomainEvent.cs(9,14): warning CS1591: Missing XML comment for publicly visible type or member 'OccupantRemovedDomainEvent.OccurredOnUtc' [/Users/kady/Masterdom/src/Masterdom.Modules.Tenancy/Masterdom.Modules.Tenancy.csproj]
/Users/kady/Masterdom/src/Masterdom.Modules.Tenancy/Domain/Entities/Tenancy/Events/TenancyArchivedDomainEvent.cs(5,22): warning CS1591: Missing XML comment for publicly visible type or member 'TenancyArchivedDomainEvent' [/Users/kady/Masterdom/src/Masterdom.Modules.Tenancy/Masterdom.Modules.Tenancy.csproj]
/Users/kady/Masterdom/src/Masterdom.Modules.Tenancy/Domain/Entities/Tenancy/Events/TenancyArchivedDomainEvent.cs(5,22): warning CS1591: Missing XML comment for publicly visible type or member 'TenancyArchivedDomainEvent.TenancyArchivedDomainEvent(TenancyId, DateTime)' [/Users/kady/Masterdom/src/Masterdom.Modules.Tenancy/Masterdom.Modules.Tenancy.csproj]
/Users/kady/Masterdom/src/Masterdom.Modules.Tenancy/Domain/Entities/Tenancy/Events/TenancyArchivedDomainEvent.cs(6,15): warning CS1591: Missing XML comment for publicly visible type or member 'TenancyArchivedDomainEvent.TenancyId' [/Users/kady/Masterdom/src/Masterdom.Modules.Tenancy/Masterdom.Modules.Tenancy.csproj]
/Users/kady/Masterdom/src/Masterdom.Modules.Tenancy/Domain/Entities/Tenancy/Events/TenancyArchivedDomainEvent.cs(7,14): warning CS1591: Missing XML comment for publicly visible type or member 'TenancyArchivedDomainEvent.OccurredOnUtc' [/Users/kady/Masterdom/src/Masterdom.Modules.Tenancy/Masterdom.Modules.Tenancy.csproj]
/Users/kady/Masterdom/src/Masterdom.Modules.Tenancy/Domain/Entities/Tenancy/Events/TenancyClosedDomainEvent.cs(5,22): warning CS1591: Missing XML comment for publicly visible type or member 'TenancyClosedDomainEvent' [/Users/kady/Masterdom/src/Masterdom.Modules.Tenancy/Masterdom.Modules.Tenancy.csproj]
/Users/kady/Masterdom/src/Masterdom.Modules.Tenancy/Domain/Entities/Tenancy/Events/TenancyClosedDomainEvent.cs(5,22): warning CS1591: Missing XML comment for publicly visible type or member 'TenancyClosedDomainEvent.TenancyClosedDomainEvent(TenancyId, EffectiveDate, TerminationReason, DateTime)' [/Users/kady/Masterdom/src/Masterdom.Modules.Tenancy/Masterdom.Modules.Tenancy.csproj]
/Users/kady/Masterdom/src/Masterdom.Modules.Tenancy/Domain/Entities/Tenancy/Events/TenancyClosedDomainEvent.cs(6,15): warning CS1591: Missing XML comment for publicly visible type or member 'TenancyClosedDomainEvent.TenancyId' [/Users/kady/Masterdom/src/Masterdom.Modules.Tenancy/Masterdom.Modules.Tenancy.csproj]
/Users/kady/Masterdom/src/Masterdom.Modules.Tenancy/Domain/Entities/Tenancy/Events/TenancyClosedDomainEvent.cs(7,19): warning CS1591: Missing XML comment for publicly visible type or member 'TenancyClosedDomainEvent.ClosedOn' [/Users/kady/Masterdom/src/Masterdom.Modules.Tenancy/Masterdom.Modules.Tenancy.csproj]
/Users/kady/Masterdom/src/Masterdom.Modules.Tenancy/Domain/Entities/Tenancy/Events/TenancyClosedDomainEvent.cs(8,23): warning CS1591: Missing XML comment for publicly visible type or member 'TenancyClosedDomainEvent.Reason' [/Users/kady/Masterdom/src/Masterdom.Modules.Tenancy/Masterdom.Modules.Tenancy.csproj]
/Users/kady/Masterdom/src/Masterdom.Modules.Tenancy/Domain/Entities/Tenancy/Events/TenancyClosedDomainEvent.cs(9,14): warning CS1591: Missing XML comment for publicly visible type or member 'TenancyClosedDomainEvent.OccurredOnUtc' [/Users/kady/Masterdom/src/Masterdom.Modules.Tenancy/Masterdom.Modules.Tenancy.csproj]
/Users/kady/Masterdom/src/Masterdom.Modules.Tenancy/Domain/Entities/Tenancy/Events/TenancyCreatedDomainEvent.cs(5,22): warning CS1591: Missing XML comment for publicly visible type or member 'TenancyCreatedDomainEvent' [/Users/kady/Masterdom/src/Masterdom.Modules.Tenancy/Masterdom.Modules.Tenancy.csproj]
/Users/kady/Masterdom/src/Masterdom.Modules.Tenancy/Domain/Entities/Tenancy/Events/TenancyCreatedDomainEvent.cs(5,22): warning CS1591: Missing XML comment for publicly visible type or member 'TenancyCreatedDomainEvent.TenancyCreatedDomainEvent(TenancyId, TenancyNumber, DateTime)' [/Users/kady/Masterdom/src/Masterdom.Modules.Tenancy/Masterdom.Modules.Tenancy.csproj]
/Users/kady/Masterdom/src/Masterdom.Modules.Tenancy/Domain/Entities/Tenancy/Events/TenancyCreatedDomainEvent.cs(6,15): warning CS1591: Missing XML comment for publicly visible type or member 'TenancyCreatedDomainEvent.TenancyId' [/Users/kady/Masterdom/src/Masterdom.Modules.Tenancy/Masterdom.Modules.Tenancy.csproj]
/Users/kady/Masterdom/src/Masterdom.Modules.Tenancy/Domain/Entities/Tenancy/Events/TenancyCreatedDomainEvent.cs(7,19): warning CS1591: Missing XML comment for publicly visible type or member 'TenancyCreatedDomainEvent.TenancyNumber' [/Users/kady/Masterdom/src/Masterdom.Modules.Tenancy/Masterdom.Modules.Tenancy.csproj]
/Users/kady/Masterdom/src/Masterdom.Modules.Tenancy/Domain/Entities/Tenancy/Events/TenancyCreatedDomainEvent.cs(8,14): warning CS1591: Missing XML comment for publicly visible type or member 'TenancyCreatedDomainEvent.OccurredOnUtc' [/Users/kady/Masterdom/src/Masterdom.Modules.Tenancy/Masterdom.Modules.Tenancy.csproj]
/Users/kady/Masterdom/src/Masterdom.Modules.Tenancy/Domain/Entities/Tenancy/MoveInDate.cs(15,21): warning CS1591: Missing XML comment for publicly visible type or member 'MoveInDate.Value' [/Users/kady/Masterdom/src/Masterdom.Modules.Tenancy/Masterdom.Modules.Tenancy.csproj]
/Users/kady/Masterdom/src/Masterdom.Modules.Tenancy/Domain/Entities/Tenancy/MoveInDate.cs(17,30): warning CS1591: Missing XML comment for publicly visible type or member 'MoveInDate.Create(DateOnly)' [/Users/kady/Masterdom/src/Masterdom.Modules.Tenancy/Masterdom.Modules.Tenancy.csproj]
/Users/kady/Masterdom/src/Masterdom.Modules.Tenancy/Domain/Entities/Tenancy/MoveInDate.cs(22,45): warning CS1591: Missing XML comment for publicly visible type or member 'MoveInDate.GetEqualityComponents()' [/Users/kady/Masterdom/src/Masterdom.Modules.Tenancy/Masterdom.Modules.Tenancy.csproj]
/Users/kady/Masterdom/src/Masterdom.Modules.Tenancy/Domain/Entities/Tenancy/MoveOutDate.cs(15,21): warning CS1591: Missing XML comment for publicly visible type or member 'MoveOutDate.Value' [/Users/kady/Masterdom/src/Masterdom.Modules.Tenancy/Masterdom.Modules.Tenancy.csproj]
/Users/kady/Masterdom/src/Masterdom.Modules.Tenancy/Domain/Entities/Tenancy/MoveOutDate.cs(17,31): warning CS1591: Missing XML comment for publicly visible type or member 'MoveOutDate.Create(DateOnly)' [/Users/kady/Masterdom/src/Masterdom.Modules.Tenancy/Masterdom.Modules.Tenancy.csproj]
/Users/kady/Masterdom/src/Masterdom.Modules.Tenancy/Domain/Entities/Tenancy/MoveOutDate.cs(22,45): warning CS1591: Missing XML comment for publicly visible type or member 'MoveOutDate.GetEqualityComponents()' [/Users/kady/Masterdom/src/Masterdom.Modules.Tenancy/Masterdom.Modules.Tenancy.csproj]
/Users/kady/Masterdom/src/Masterdom.Modules.Tenancy/Domain/Entities/Tenancy/Notes.cs(15,19): warning CS1591: Missing XML comment for publicly visible type or member 'Notes.Value' [/Users/kady/Masterdom/src/Masterdom.Modules.Tenancy/Masterdom.Modules.Tenancy.csproj]
/Users/kady/Masterdom/src/Masterdom.Modules.Tenancy/Domain/Entities/Tenancy/Notes.cs(17,26): warning CS1591: Missing XML comment for publicly visible type or member 'Notes.Create(string?)' [/Users/kady/Masterdom/src/Masterdom.Modules.Tenancy/Masterdom.Modules.Tenancy.csproj]
/Users/kady/Masterdom/src/Masterdom.Modules.Tenancy/Domain/Entities/Tenancy/Notes.cs(33,45): warning CS1591: Missing XML comment for publicly visible type or member 'Notes.GetEqualityComponents()' [/Users/kady/Masterdom/src/Masterdom.Modules.Tenancy/Masterdom.Modules.Tenancy.csproj]
/Users/kady/Masterdom/src/Masterdom.Modules.Tenancy/Domain/Entities/Tenancy/OccupancyStatus.cs(10,44): warning CS1591: Missing XML comment for publicly visible type or member 'OccupancyStatus.Scheduled' [/Users/kady/Masterdom/src/Masterdom.Modules.Tenancy/Masterdom.Modules.Tenancy.csproj]
/Users/kady/Masterdom/src/Masterdom.Modules.Tenancy/Domain/Entities/Tenancy/OccupancyStatus.cs(11,44): warning CS1591: Missing XML comment for publicly visible type or member 'OccupancyStatus.Occupied' [/Users/kady/Masterdom/src/Masterdom.Modules.Tenancy/Masterdom.Modules.Tenancy.csproj]
/Users/kady/Masterdom/src/Masterdom.Modules.Tenancy/Domain/Entities/Tenancy/OccupancyStatus.cs(12,44): warning CS1591: Missing XML comment for publicly visible type or member 'OccupancyStatus.Vacated' [/Users/kady/Masterdom/src/Masterdom.Modules.Tenancy/Masterdom.Modules.Tenancy.csproj]
/Users/kady/Masterdom/src/Masterdom.Modules.Tenancy/Domain/Entities/Tenancy/OccupancyStatus.cs(19,19): warning CS1591: Missing XML comment for publicly visible type or member 'OccupancyStatus.Value' [/Users/kady/Masterdom/src/Masterdom.Modules.Tenancy/Masterdom.Modules.Tenancy.csproj]
/Users/kady/Masterdom/src/Masterdom.Modules.Tenancy/Domain/Entities/Tenancy/OccupancyStatus.cs(21,35): warning CS1591: Missing XML comment for publicly visible type or member 'OccupancyStatus.Create(string)' [/Users/kady/Masterdom/src/Masterdom.Modules.Tenancy/Masterdom.Modules.Tenancy.csproj]
/Users/kady/Masterdom/src/Masterdom.Modules.Tenancy/Domain/Entities/Tenancy/OccupancyStatus.cs(34,45): warning CS1591: Missing XML comment for publicly visible type or member 'OccupancyStatus.GetEqualityComponents()' [/Users/kady/Masterdom/src/Masterdom.Modules.Tenancy/Masterdom.Modules.Tenancy.csproj]
/Users/kady/Masterdom/src/Masterdom.Modules.Tenancy/Domain/Entities/Tenancy/OccupancyStatus.cs(39,28): warning CS1591: Missing XML comment for publicly visible type or member 'OccupancyStatus.ToString()' [/Users/kady/Masterdom/src/Masterdom.Modules.Tenancy/Masterdom.Modules.Tenancy.csproj]
/Users/kady/Masterdom/src/Masterdom.Modules.Tenancy/Domain/Entities/Tenancy/OccupantReference.cs(17,21): warning CS1591: Missing XML comment for publicly visible type or member 'OccupantReference.PersonId' [/Users/kady/Masterdom/src/Masterdom.Modules.Tenancy/Masterdom.Modules.Tenancy.csproj]
/Users/kady/Masterdom/src/Masterdom.Modules.Tenancy/Domain/Entities/Tenancy/OccupantReference.cs(19,17): warning CS1591: Missing XML comment for publicly visible type or member 'OccupantReference.IsPrimary' [/Users/kady/Masterdom/src/Masterdom.Modules.Tenancy/Masterdom.Modules.Tenancy.csproj]
/Users/kady/Masterdom/src/Masterdom.Modules.Tenancy/Domain/Entities/Tenancy/OccupantReference.cs(21,37): warning CS1591: Missing XML comment for publicly visible type or member 'OccupantReference.Create(PersonId, bool)' [/Users/kady/Masterdom/src/Masterdom.Modules.Tenancy/Masterdom.Modules.Tenancy.csproj]
/Users/kady/Masterdom/src/Masterdom.Modules.Tenancy/Domain/Entities/Tenancy/OccupantReference.cs(27,45): warning CS1591: Missing XML comment for publicly visible type or member 'OccupantReference.GetEqualityComponents()' [/Users/kady/Masterdom/src/Masterdom.Modules.Tenancy/Masterdom.Modules.Tenancy.csproj]
/Users/kady/Masterdom/src/Masterdom.Modules.Tenancy/Domain/Entities/Tenancy/PropertyReference.cs(15,17): warning CS1591: Missing XML comment for publicly visible type or member 'PropertyReference.PropertyId' [/Users/kady/Masterdom/src/Masterdom.Modules.Tenancy/Masterdom.Modules.Tenancy.csproj]
/Users/kady/Masterdom/src/Masterdom.Modules.Tenancy/Domain/Entities/Tenancy/PropertyReference.cs(17,37): warning CS1591: Missing XML comment for publicly visible type or member 'PropertyReference.Create(Guid)' [/Users/kady/Masterdom/src/Masterdom.Modules.Tenancy/Masterdom.Modules.Tenancy.csproj]
/Users/kady/Masterdom/src/Masterdom.Modules.Tenancy/Domain/Entities/Tenancy/PropertyReference.cs(27,45): warning CS1591: Missing XML comment for publicly visible type or member 'PropertyReference.GetEqualityComponents()' [/Users/kady/Masterdom/src/Masterdom.Modules.Tenancy/Masterdom.Modules.Tenancy.csproj]
/Users/kady/Masterdom/src/Masterdom.Modules.Tenancy/Domain/Entities/Tenancy/Tenancy.cs(38,26): warning CS1591: Missing XML comment for publicly visible type or member 'Tenancy.Number' [/Users/kady/Masterdom/src/Masterdom.Modules.Tenancy/Masterdom.Modules.Tenancy.csproj]
/Users/kady/Masterdom/src/Masterdom.Modules.Tenancy/Domain/Entities/Tenancy/Tenancy.cs(40,30): warning CS1591: Missing XML comment for publicly visible type or member 'Tenancy.Property' [/Users/kady/Masterdom/src/Masterdom.Modules.Tenancy/Masterdom.Modules.Tenancy.csproj]
/Users/kady/Masterdom/src/Masterdom.Modules.Tenancy/Domain/Entities/Tenancy/Tenancy.cs(42,26): warning CS1591: Missing XML comment for publicly visible type or member 'Tenancy.Unit' [/Users/kady/Masterdom/src/Masterdom.Modules.Tenancy/Masterdom.Modules.Tenancy.csproj]
/Users/kady/Masterdom/src/Masterdom.Modules.Tenancy/Domain/Entities/Tenancy/Tenancy.cs(44,23): warning CS1591: Missing XML comment for publicly visible type or member 'Tenancy.MoveInDate' [/Users/kady/Masterdom/src/Masterdom.Modules.Tenancy/Masterdom.Modules.Tenancy.csproj]
/Users/kady/Masterdom/src/Masterdom.Modules.Tenancy/Domain/Entities/Tenancy/Tenancy.cs(46,25): warning CS1591: Missing XML comment for publicly visible type or member 'Tenancy.MoveOutDate' [/Users/kady/Masterdom/src/Masterdom.Modules.Tenancy/Masterdom.Modules.Tenancy.csproj]
/Users/kady/Masterdom/src/Masterdom.Modules.Tenancy/Domain/Entities/Tenancy/Tenancy.cs(48,26): warning CS1591: Missing XML comment for publicly visible type or member 'Tenancy.Status' [/Users/kady/Masterdom/src/Masterdom.Modules.Tenancy/Masterdom.Modules.Tenancy.csproj]
/Users/kady/Masterdom/src/Masterdom.Modules.Tenancy/Domain/Entities/Tenancy/Tenancy.cs(50,28): warning CS1591: Missing XML comment for publicly visible type or member 'Tenancy.OccupancyStatus' [/Users/kady/Masterdom/src/Masterdom.Modules.Tenancy/Masterdom.Modules.Tenancy.csproj]
/Users/kady/Masterdom/src/Masterdom.Modules.Tenancy/Domain/Entities/Tenancy/Tenancy.cs(52,27): warning CS1591: Missing XML comment for publicly visible type or member 'Tenancy.ClosedOn' [/Users/kady/Masterdom/src/Masterdom.Modules.Tenancy/Masterdom.Modules.Tenancy.csproj]
/Users/kady/Masterdom/src/Masterdom.Modules.Tenancy/Domain/Entities/Tenancy/Tenancy.cs(54,31): warning CS1591: Missing XML comment for publicly visible type or member 'Tenancy.TerminationReason' [/Users/kady/Masterdom/src/Masterdom.Modules.Tenancy/Masterdom.Modules.Tenancy.csproj]
/Users/kady/Masterdom/src/Masterdom.Modules.Tenancy/Domain/Entities/Tenancy/Tenancy.cs(56,19): warning CS1591: Missing XML comment for publicly visible type or member 'Tenancy.Notes' [/Users/kady/Masterdom/src/Masterdom.Modules.Tenancy/Masterdom.Modules.Tenancy.csproj]
/Users/kady/Masterdom/src/Masterdom.Modules.Tenancy/Domain/Entities/Tenancy/Tenancy.cs(58,51): warning CS1591: Missing XML comment for publicly visible type or member 'Tenancy.Occupants' [/Users/kady/Masterdom/src/Masterdom.Modules.Tenancy/Masterdom.Modules.Tenancy.csproj]
/Users/kady/Masterdom/src/Masterdom.Modules.Tenancy/Domain/Entities/Tenancy/Tenancy.cs(60,46): warning CS1591: Missing XML comment for publicly visible type or member 'Tenancy.DomainEvents' [/Users/kady/Masterdom/src/Masterdom.Modules.Tenancy/Masterdom.Modules.Tenancy.csproj]
/Users/kady/Masterdom/src/Masterdom.Modules.Tenancy/Domain/Entities/Tenancy/Tenancy.cs(62,27): warning CS1591: Missing XML comment for publicly visible type or member 'Tenancy.Create(TenancyNumber, PropertyReference, UnitReference, MoveInDate, OccupantReference, Notes?)' [/Users/kady/Masterdom/src/Masterdom.Modules.Tenancy/Masterdom.Modules.Tenancy.csproj]
/Users/kady/Masterdom/src/Masterdom.Modules.Tenancy/Domain/Entities/Tenancy/Tenancy.cs(97,17): warning CS1591: Missing XML comment for publicly visible type or member 'Tenancy.AddOccupant(PersonId, bool)' [/Users/kady/Masterdom/src/Masterdom.Modules.Tenancy/Masterdom.Modules.Tenancy.csproj]
/Users/kady/Masterdom/src/Masterdom.Modules.Tenancy/Domain/Entities/Tenancy/Tenancy.cs(123,17): warning CS1591: Missing XML comment for publicly visible type or member 'Tenancy.RemoveOccupant(PersonId)' [/Users/kady/Masterdom/src/Masterdom.Modules.Tenancy/Masterdom.Modules.Tenancy.csproj]
/Users/kady/Masterdom/src/Masterdom.Modules.Tenancy/Domain/Entities/Tenancy/Tenancy.cs(150,17): warning CS1591: Missing XML comment for publicly visible type or member 'Tenancy.RecordMoveIn(MoveInDate)' [/Users/kady/Masterdom/src/Masterdom.Modules.Tenancy/Masterdom.Modules.Tenancy.csproj]
/Users/kady/Masterdom/src/Masterdom.Modules.Tenancy/Domain/Entities/Tenancy/Tenancy.cs(166,17): warning CS1591: Missing XML comment for publicly visible type or member 'Tenancy.RecordMoveOut(MoveOutDate)' [/Users/kady/Masterdom/src/Masterdom.Modules.Tenancy/Masterdom.Modules.Tenancy.csproj]
/Users/kady/Masterdom/src/Masterdom.Modules.Tenancy/Domain/Entities/Tenancy/Tenancy.cs(182,17): warning CS1591: Missing XML comment for publicly visible type or member 'Tenancy.Close(EffectiveDate, TerminationReason)' [/Users/kady/Masterdom/src/Masterdom.Modules.Tenancy/Masterdom.Modules.Tenancy.csproj]
/Users/kady/Masterdom/src/Masterdom.Modules.Tenancy/Domain/Entities/Tenancy/Tenancy.cs(200,17): warning CS1591: Missing XML comment for publicly visible type or member 'Tenancy.Archive()' [/Users/kady/Masterdom/src/Masterdom.Modules.Tenancy/Masterdom.Modules.Tenancy.csproj]
/Users/kady/Masterdom/src/Masterdom.Modules.Tenancy/Domain/Entities/Tenancy/Tenancy.cs(217,17): warning CS1591: Missing XML comment for publicly visible type or member 'Tenancy.UpdateNotes(Notes?)' [/Users/kady/Masterdom/src/Masterdom.Modules.Tenancy/Masterdom.Modules.Tenancy.csproj]
/Users/kady/Masterdom/src/Masterdom.Modules.Tenancy/Domain/Entities/Tenancy/Tenancy.cs(223,17): warning CS1591: Missing XML comment for publicly visible type or member 'Tenancy.ClearDomainEvents()' [/Users/kady/Masterdom/src/Masterdom.Modules.Tenancy/Masterdom.Modules.Tenancy.csproj]
/Users/kady/Masterdom/src/Masterdom.Modules.Tenancy/Domain/Entities/Tenancy/TenancyId.cs(10,29): warning CS1591: Missing XML comment for publicly visible type or member 'TenancyId.New()' [/Users/kady/Masterdom/src/Masterdom.Modules.Tenancy/Masterdom.Modules.Tenancy.csproj]
/Users/kady/Masterdom/src/Masterdom.Modules.Tenancy/Domain/Entities/Tenancy/TenancyId.cs(15,29): warning CS1591: Missing XML comment for publicly visible type or member 'TenancyId.From(Guid)' [/Users/kady/Masterdom/src/Masterdom.Modules.Tenancy/Masterdom.Modules.Tenancy.csproj]
/Users/kady/Masterdom/src/Masterdom.Modules.Tenancy/Domain/Entities/Tenancy/TenancyNumber.cs(15,19): warning CS1591: Missing XML comment for publicly visible type or member 'TenancyNumber.Value' [/Users/kady/Masterdom/src/Masterdom.Modules.Tenancy/Masterdom.Modules.Tenancy.csproj]
/Users/kady/Masterdom/src/Masterdom.Modules.Tenancy/Domain/Entities/Tenancy/TenancyNumber.cs(17,33): warning CS1591: Missing XML comment for publicly visible type or member 'TenancyNumber.Create(string)' [/Users/kady/Masterdom/src/Masterdom.Modules.Tenancy/Masterdom.Modules.Tenancy.csproj]
/Users/kady/Masterdom/src/Masterdom.Modules.Tenancy/Domain/Entities/Tenancy/TenancyNumber.cs(30,45): warning CS1591: Missing XML comment for publicly visible type or member 'TenancyNumber.GetEqualityComponents()' [/Users/kady/Masterdom/src/Masterdom.Modules.Tenancy/Masterdom.Modules.Tenancy.csproj]
/Users/kady/Masterdom/src/Masterdom.Modules.Tenancy/Domain/Entities/Tenancy/TenancyNumber.cs(35,28): warning CS1591: Missing XML comment for publicly visible type or member 'TenancyNumber.ToString()' [/Users/kady/Masterdom/src/Masterdom.Modules.Tenancy/Masterdom.Modules.Tenancy.csproj]
/Users/kady/Masterdom/src/Masterdom.Modules.Tenancy/Domain/Entities/Tenancy/TenancyStatus.cs(10,42): warning CS1591: Missing XML comment for publicly visible type or member 'TenancyStatus.Active' [/Users/kady/Masterdom/src/Masterdom.Modules.Tenancy/Masterdom.Modules.Tenancy.csproj]
/Users/kady/Masterdom/src/Masterdom.Modules.Tenancy/Domain/Entities/Tenancy/TenancyStatus.cs(11,42): warning CS1591: Missing XML comment for publicly visible type or member 'TenancyStatus.Closed' [/Users/kady/Masterdom/src/Masterdom.Modules.Tenancy/Masterdom.Modules.Tenancy.csproj]
/Users/kady/Masterdom/src/Masterdom.Modules.Tenancy/Domain/Entities/Tenancy/TenancyStatus.cs(12,42): warning CS1591: Missing XML comment for publicly visible type or member 'TenancyStatus.Archived' [/Users/kady/Masterdom/src/Masterdom.Modules.Tenancy/Masterdom.Modules.Tenancy.csproj]
/Users/kady/Masterdom/src/Masterdom.Modules.Tenancy/Domain/Entities/Tenancy/TenancyStatus.cs(19,19): warning CS1591: Missing XML comment for publicly visible type or member 'TenancyStatus.Value' [/Users/kady/Masterdom/src/Masterdom.Modules.Tenancy/Masterdom.Modules.Tenancy.csproj]
/Users/kady/Masterdom/src/Masterdom.Modules.Tenancy/Domain/Entities/Tenancy/TenancyStatus.cs(21,33): warning CS1591: Missing XML comment for publicly visible type or member 'TenancyStatus.Create(string)' [/Users/kady/Masterdom/src/Masterdom.Modules.Tenancy/Masterdom.Modules.Tenancy.csproj]
/Users/kady/Masterdom/src/Masterdom.Modules.Tenancy/Domain/Entities/Tenancy/TenancyStatus.cs(34,45): warning CS1591: Missing XML comment for publicly visible type or member 'TenancyStatus.GetEqualityComponents()' [/Users/kady/Masterdom/src/Masterdom.Modules.Tenancy/Masterdom.Modules.Tenancy.csproj]
/Users/kady/Masterdom/src/Masterdom.Modules.Tenancy/Domain/Entities/Tenancy/TenancyStatus.cs(39,28): warning CS1591: Missing XML comment for publicly visible type or member 'TenancyStatus.ToString()' [/Users/kady/Masterdom/src/Masterdom.Modules.Tenancy/Masterdom.Modules.Tenancy.csproj]
/Users/kady/Masterdom/src/Masterdom.Modules.Tenancy/Domain/Entities/Tenancy/TerminationReason.cs(15,19): warning CS1591: Missing XML comment for publicly visible type or member 'TerminationReason.Value' [/Users/kady/Masterdom/src/Masterdom.Modules.Tenancy/Masterdom.Modules.Tenancy.csproj]
/Users/kady/Masterdom/src/Masterdom.Modules.Tenancy/Domain/Entities/Tenancy/TerminationReason.cs(17,37): warning CS1591: Missing XML comment for publicly visible type or member 'TerminationReason.Create(string)' [/Users/kady/Masterdom/src/Masterdom.Modules.Tenancy/Masterdom.Modules.Tenancy.csproj]
/Users/kady/Masterdom/src/Masterdom.Modules.Tenancy/Domain/Entities/Tenancy/TerminationReason.cs(30,45): warning CS1591: Missing XML comment for publicly visible type or member 'TerminationReason.GetEqualityComponents()' [/Users/kady/Masterdom/src/Masterdom.Modules.Tenancy/Masterdom.Modules.Tenancy.csproj]
/Users/kady/Masterdom/src/Masterdom.Modules.Tenancy/Domain/Entities/Tenancy/UnitReference.cs(15,17): warning CS1591: Missing XML comment for publicly visible type or member 'UnitReference.UnitId' [/Users/kady/Masterdom/src/Masterdom.Modules.Tenancy/Masterdom.Modules.Tenancy.csproj]
/Users/kady/Masterdom/src/Masterdom.Modules.Tenancy/Domain/Entities/Tenancy/UnitReference.cs(17,33): warning CS1591: Missing XML comment for publicly visible type or member 'UnitReference.Create(Guid)' [/Users/kady/Masterdom/src/Masterdom.Modules.Tenancy/Masterdom.Modules.Tenancy.csproj]
/Users/kady/Masterdom/src/Masterdom.Modules.Tenancy/Domain/Entities/Tenancy/UnitReference.cs(27,45): warning CS1591: Missing XML comment for publicly visible type or member 'UnitReference.GetEqualityComponents()' [/Users/kady/Masterdom/src/Masterdom.Modules.Tenancy/Masterdom.Modules.Tenancy.csproj]
/Users/kady/Masterdom/src/Masterdom.Modules.Tenancy/Domain/Repositories/ITenancyRepository.cs(6,18): warning CS1591: Missing XML comment for publicly visible type or member 'ITenancyRepository' [/Users/kady/Masterdom/src/Masterdom.Modules.Tenancy/Masterdom.Modules.Tenancy.csproj]
/Users/kady/Masterdom/src/Masterdom.Modules.Tenancy/Domain/Repositories/ITenancyRepository.cs(8,10): warning CS1591: Missing XML comment for publicly visible type or member 'ITenancyRepository.Add(Tenancy)' [/Users/kady/Masterdom/src/Masterdom.Modules.Tenancy/Masterdom.Modules.Tenancy.csproj]
/Users/kady/Masterdom/src/Masterdom.Modules.Tenancy/Domain/Repositories/ITenancyRepository.cs(10,23): warning CS1591: Missing XML comment for publicly visible type or member 'ITenancyRepository.GetById(TenancyId)' [/Users/kady/Masterdom/src/Masterdom.Modules.Tenancy/Masterdom.Modules.Tenancy.csproj]
/Users/kady/Masterdom/src/Masterdom.Modules.Tenancy/Domain/Repositories/ITenancyRepository.cs(12,10): warning CS1591: Missing XML comment for publicly visible type or member 'ITenancyRepository.HasActiveTenancyForUnit(UnitReference)' [/Users/kady/Masterdom/src/Masterdom.Modules.Tenancy/Masterdom.Modules.Tenancy.csproj]
/Users/kady/Masterdom/src/Masterdom.Modules.Tenancy/Domain/Repositories/ITenancyRepository.cs(14,10): warning CS1591: Missing XML comment for publicly visible type or member 'ITenancyRepository.Update(Tenancy)' [/Users/kady/Masterdom/src/Masterdom.Modules.Tenancy/Masterdom.Modules.Tenancy.csproj]
/Users/kady/Masterdom/src/Masterdom.Modules.People/Application/Support/ExecutionResult.cs(54,38): warning CS0108: 'ExecutionResult<T>.Failure(string, string)' hides inherited member 'ExecutionResult.Failure(string, string)'. Use the new keyword if hiding was intended. [/Users/kady/Masterdom/src/Masterdom.Modules.People/Masterdom.Modules.People.csproj]
/Users/kady/Masterdom/src/Masterdom.Modules.People/Application/Handlers/Commands/AddContactCommandHandler.cs(15,12): warning CS1591: Missing XML comment for publicly visible type or member 'AddContactCommandHandler.AddContactCommandHandler(IPersonApplicationService)' [/Users/kady/Masterdom/src/Masterdom.Modules.People/Masterdom.Modules.People.csproj]
/Users/kady/Masterdom/src/Masterdom.Modules.People/Application/Handlers/Commands/AddContactCommandHandler.cs(20,36): warning CS1591: Missing XML comment for publicly visible type or member 'AddContactCommandHandler.Handle(AddContactCommand)' [/Users/kady/Masterdom/src/Masterdom.Modules.People/Masterdom.Modules.People.csproj]
/Users/kady/Masterdom/src/Masterdom.Modules.People/Application/Handlers/Commands/AddIdentityDocumentCommandHandler.cs(15,12): warning CS1591: Missing XML comment for publicly visible type or member 'AddIdentityDocumentCommandHandler.AddIdentityDocumentCommandHandler(IPersonApplicationService)' [/Users/kady/Masterdom/src/Masterdom.Modules.People/Masterdom.Modules.People.csproj]
/Users/kady/Masterdom/src/Masterdom.Modules.People/Application/Handlers/Commands/AddIdentityDocumentCommandHandler.cs(20,36): warning CS1591: Missing XML comment for publicly visible type or member 'AddIdentityDocumentCommandHandler.Handle(AddIdentityDocumentCommand)' [/Users/kady/Masterdom/src/Masterdom.Modules.People/Masterdom.Modules.People.csproj]
/Users/kady/Masterdom/src/Masterdom.Modules.People/Application/Handlers/Commands/AddRelationshipCommandHandler.cs(15,12): warning CS1591: Missing XML comment for publicly visible type or member 'AddRelationshipCommandHandler.AddRelationshipCommandHandler(IPersonApplicationService)' [/Users/kady/Masterdom/src/Masterdom.Modules.People/Masterdom.Modules.People.csproj]
/Users/kady/Masterdom/src/Masterdom.Modules.People/Application/Handlers/Commands/AddRelationshipCommandHandler.cs(20,36): warning CS1591: Missing XML comment for publicly visible type or member 'AddRelationshipCommandHandler.Handle(AddRelationshipCommand)' [/Users/kady/Masterdom/src/Masterdom.Modules.People/Masterdom.Modules.People.csproj]
/Users/kady/Masterdom/src/Masterdom.Modules.People/Application/Handlers/Commands/ChangePersonStatusCommandHandler.cs(15,12): warning CS1591: Missing XML comment for publicly visible type or member 'ChangePersonStatusCommandHandler.ChangePersonStatusCommandHandler(IPersonApplicationService)' [/Users/kady/Masterdom/src/Masterdom.Modules.People/Masterdom.Modules.People.csproj]
/Users/kady/Masterdom/src/Masterdom.Modules.People/Application/Handlers/Commands/ChangePersonStatusCommandHandler.cs(20,36): warning CS1591: Missing XML comment for publicly visible type or member 'ChangePersonStatusCommandHandler.Handle(ChangePersonStatusCommand)' [/Users/kady/Masterdom/src/Masterdom.Modules.People/Masterdom.Modules.People.csproj]
/Users/kady/Masterdom/src/Masterdom.Modules.People/Application/Handlers/Commands/CreatePersonCommandHandler.cs(15,12): warning CS1591: Missing XML comment for publicly visible type or member 'CreatePersonCommandHandler.CreatePersonCommandHandler(IPersonApplicationService)' [/Users/kady/Masterdom/src/Masterdom.Modules.People/Masterdom.Modules.People.csproj]
/Users/kady/Masterdom/src/Masterdom.Modules.People/Application/Handlers/Commands/CreatePersonCommandHandler.cs(20,36): warning CS1591: Missing XML comment for publicly visible type or member 'CreatePersonCommandHandler.Handle(CreatePersonCommand)' [/Users/kady/Masterdom/src/Masterdom.Modules.People/Masterdom.Modules.People.csproj]
/Users/kady/Masterdom/src/Masterdom.Modules.People/Application/Handlers/Commands/RemoveContactCommandHandler.cs(14,12): warning CS1591: Missing XML comment for publicly visible type or member 'RemoveContactCommandHandler.RemoveContactCommandHandler(IPersonApplicationService)' [/Users/kady/Masterdom/src/Masterdom.Modules.People/Masterdom.Modules.People.csproj]
/Users/kady/Masterdom/src/Masterdom.Modules.People/Application/Handlers/Commands/RemoveContactCommandHandler.cs(19,34): warning CS1591: Missing XML comment for publicly visible type or member 'RemoveContactCommandHandler.Handle(RemoveContactCommand)' [/Users/kady/Masterdom/src/Masterdom.Modules.People/Masterdom.Modules.People.csproj]
/Users/kady/Masterdom/src/Masterdom.Modules.People/Application/Handlers/Commands/RenamePersonCommandHandler.cs(15,12): warning CS1591: Missing XML comment for publicly visible type or member 'RenamePersonCommandHandler.RenamePersonCommandHandler(IPersonApplicationService)' [/Users/kady/Masterdom/src/Masterdom.Modules.People/Masterdom.Modules.People.csproj]
/Users/kady/Masterdom/src/Masterdom.Modules.People/Application/Handlers/Commands/RenamePersonCommandHandler.cs(20,36): warning CS1591: Missing XML comment for publicly visible type or member 'RenamePersonCommandHandler.Handle(RenamePersonCommand)' [/Users/kady/Masterdom/src/Masterdom.Modules.People/Masterdom.Modules.People.csproj]
/Users/kady/Masterdom/src/Masterdom.Modules.People/Application/Handlers/Queries/GetPersonByIdQueryHandler.cs(15,12): warning CS1591: Missing XML comment for publicly visible type or member 'GetPersonByIdQueryHandler.GetPersonByIdQueryHandler(IPersonApplicationService)' [/Users/kady/Masterdom/src/Masterdom.Modules.People/Masterdom.Modules.People.csproj]
/Users/kady/Masterdom/src/Masterdom.Modules.People/Application/Handlers/Queries/GetPersonByIdQueryHandler.cs(20,36): warning CS1591: Missing XML comment for publicly visible type or member 'GetPersonByIdQueryHandler.Handle(GetPersonByIdQuery)' [/Users/kady/Masterdom/src/Masterdom.Modules.People/Masterdom.Modules.People.csproj]
/Users/kady/Masterdom/src/Masterdom.Modules.People/Application/Handlers/Queries/GetPersonByNumberQueryHandler.cs(15,12): warning CS1591: Missing XML comment for publicly visible type or member 'GetPersonByNumberQueryHandler.GetPersonByNumberQueryHandler(IPersonApplicationService)' [/Users/kady/Masterdom/src/Masterdom.Modules.People/Masterdom.Modules.People.csproj]
/Users/kady/Masterdom/src/Masterdom.Modules.People/Application/Handlers/Queries/GetPersonByNumberQueryHandler.cs(20,36): warning CS1591: Missing XML comment for publicly visible type or member 'GetPersonByNumberQueryHandler.Handle(GetPersonByNumberQuery)' [/Users/kady/Masterdom/src/Masterdom.Modules.People/Masterdom.Modules.People.csproj]
/Users/kady/Masterdom/src/Masterdom.Modules.People/Application/Handlers/Queries/SearchPeopleQueryHandler.cs(15,12): warning CS1591: Missing XML comment for publicly visible type or member 'SearchPeopleQueryHandler.SearchPeopleQueryHandler(IPersonApplicationService)' [/Users/kady/Masterdom/src/Masterdom.Modules.People/Masterdom.Modules.People.csproj]
/Users/kady/Masterdom/src/Masterdom.Modules.People/Application/Handlers/Queries/SearchPeopleQueryHandler.cs(20,57): warning CS1591: Missing XML comment for publicly visible type or member 'SearchPeopleQueryHandler.Handle(SearchPeopleQuery)' [/Users/kady/Masterdom/src/Masterdom.Modules.People/Masterdom.Modules.People.csproj]
/Users/kady/Masterdom/src/Masterdom.Modules.People/Application/Services/IPersonApplicationService.cs(12,12): warning CS1591: Missing XML comment for publicly visible type or member 'IPersonApplicationService.CreatePerson(CreatePersonCommand)' [/Users/kady/Masterdom/src/Masterdom.Modules.People/Masterdom.Modules.People.csproj]
/Users/kady/Masterdom/src/Masterdom.Modules.People/Application/Services/IPersonApplicationService.cs(14,12): warning CS1591: Missing XML comment for publicly visible type or member 'IPersonApplicationService.RenamePerson(RenamePersonCommand)' [/Users/kady/Masterdom/src/Masterdom.Modules.People/Masterdom.Modules.People.csproj]
/Users/kady/Masterdom/src/Masterdom.Modules.People/Application/Services/IPersonApplicationService.cs(16,12): warning CS1591: Missing XML comment for publicly visible type or member 'IPersonApplicationService.ChangeStatus(ChangePersonStatusCommand)' [/Users/kady/Masterdom/src/Masterdom.Modules.People/Masterdom.Modules.People.csproj]
/Users/kady/Masterdom/src/Masterdom.Modules.People/Application/Services/IPersonApplicationService.cs(18,12): warning CS1591: Missing XML comment for publicly visible type or member 'IPersonApplicationService.AddContact(AddContactCommand)' [/Users/kady/Masterdom/src/Masterdom.Modules.People/Masterdom.Modules.People.csproj]
/Users/kady/Masterdom/src/Masterdom.Modules.People/Application/Services/IPersonApplicationService.cs(20,10): warning CS1591: Missing XML comment for publicly visible type or member 'IPersonApplicationService.RemoveContact(RemoveContactCommand)' [/Users/kady/Masterdom/src/Masterdom.Modules.People/Masterdom.Modules.People.csproj]
/Users/kady/Masterdom/src/Masterdom.Modules.People/Application/Services/IPersonApplicationService.cs(22,12): warning CS1591: Missing XML comment for publicly visible type or member 'IPersonApplicationService.AddIdentityDocument(AddIdentityDocumentCommand)' [/Users/kady/Masterdom/src/Masterdom.Modules.People/Masterdom.Modules.People.csproj]
/Users/kady/Masterdom/src/Masterdom.Modules.People/Application/Services/IPersonApplicationService.cs(24,12): warning CS1591: Missing XML comment for publicly visible type or member 'IPersonApplicationService.AddRelationship(AddRelationshipCommand)' [/Users/kady/Masterdom/src/Masterdom.Modules.People/Masterdom.Modules.People.csproj]
/Users/kady/Masterdom/src/Masterdom.Modules.People/Application/Services/IPersonApplicationService.cs(26,13): warning CS1591: Missing XML comment for publicly visible type or member 'IPersonApplicationService.GetPerson(GetPersonByIdQuery)' [/Users/kady/Masterdom/src/Masterdom.Modules.People/Masterdom.Modules.People.csproj]
/Users/kady/Masterdom/src/Masterdom.Modules.People/Application/Services/IPersonApplicationService.cs(28,13): warning CS1591: Missing XML comment for publicly visible type or member 'IPersonApplicationService.GetPersonByNumber(GetPersonByNumberQuery)' [/Users/kady/Masterdom/src/Masterdom.Modules.People/Masterdom.Modules.People.csproj]
/Users/kady/Masterdom/src/Masterdom.Modules.People/Application/Services/IPersonApplicationService.cs(30,33): warning CS1591: Missing XML comment for publicly visible type or member 'IPersonApplicationService.SearchPeople(SearchPeopleQuery)' [/Users/kady/Masterdom/src/Masterdom.Modules.People/Masterdom.Modules.People.csproj]
/Users/kady/Masterdom/src/Masterdom.Modules.People/Application/Services/PersonApplicationService.cs(18,12): warning CS1591: Missing XML comment for publicly visible type or member 'PersonApplicationService.PersonApplicationService(IPersonRepository, IPersonUnitOfWork, IPersonPlatformOrchestrator)' [/Users/kady/Masterdom/src/Masterdom.Modules.People/Masterdom.Modules.People.csproj]
/Users/kady/Masterdom/src/Masterdom.Modules.People/Application/Services/PersonApplicationService.cs(28,19): warning CS1591: Missing XML comment for publicly visible type or member 'PersonApplicationService.CreatePerson(CreatePersonCommand)' [/Users/kady/Masterdom/src/Masterdom.Modules.People/Masterdom.Modules.People.csproj]
/Users/kady/Masterdom/src/Masterdom.Modules.People/Application/Services/PersonApplicationService.cs(49,19): warning CS1591: Missing XML comment for publicly visible type or member 'PersonApplicationService.RenamePerson(RenamePersonCommand)' [/Users/kady/Masterdom/src/Masterdom.Modules.People/Masterdom.Modules.People.csproj]
/Users/kady/Masterdom/src/Masterdom.Modules.People/Application/Services/PersonApplicationService.cs(61,19): warning CS1591: Missing XML comment for publicly visible type or member 'PersonApplicationService.ChangeStatus(ChangePersonStatusCommand)' [/Users/kady/Masterdom/src/Masterdom.Modules.People/Masterdom.Modules.People.csproj]
/Users/kady/Masterdom/src/Masterdom.Modules.People/Application/Services/PersonApplicationService.cs(89,19): warning CS1591: Missing XML comment for publicly visible type or member 'PersonApplicationService.AddContact(AddContactCommand)' [/Users/kady/Masterdom/src/Masterdom.Modules.People/Masterdom.Modules.People.csproj]
/Users/kady/Masterdom/src/Masterdom.Modules.People/Application/Services/PersonApplicationService.cs(101,17): warning CS1591: Missing XML comment for publicly visible type or member 'PersonApplicationService.RemoveContact(RemoveContactCommand)' [/Users/kady/Masterdom/src/Masterdom.Modules.People/Masterdom.Modules.People.csproj]
/Users/kady/Masterdom/src/Masterdom.Modules.People/Application/Services/PersonApplicationService.cs(118,19): warning CS1591: Missing XML comment for publicly visible type or member 'PersonApplicationService.AddIdentityDocument(AddIdentityDocumentCommand)' [/Users/kady/Masterdom/src/Masterdom.Modules.People/Masterdom.Modules.People.csproj]
/Users/kady/Masterdom/src/Masterdom.Modules.People/Application/Services/PersonApplicationService.cs(130,19): warning CS1591: Missing XML comment for publicly visible type or member 'PersonApplicationService.AddRelationship(AddRelationshipCommand)' [/Users/kady/Masterdom/src/Masterdom.Modules.People/Masterdom.Modules.People.csproj]
/Users/kady/Masterdom/src/Masterdom.Modules.People/Application/Services/PersonApplicationService.cs(142,20): warning CS1591: Missing XML comment for publicly visible type or member 'PersonApplicationService.GetPerson(GetPersonByIdQuery)' [/Users/kady/Masterdom/src/Masterdom.Modules.People/Masterdom.Modules.People.csproj]
/Users/kady/Masterdom/src/Masterdom.Modules.People/Application/Services/PersonApplicationService.cs(148,20): warning CS1591: Missing XML comment for publicly visible type or member 'PersonApplicationService.GetPersonByNumber(GetPersonByNumberQuery)' [/Users/kady/Masterdom/src/Masterdom.Modules.People/Masterdom.Modules.People.csproj]
/Users/kady/Masterdom/src/Masterdom.Modules.People/Application/Services/PersonApplicationService.cs(154,40): warning CS1591: Missing XML comment for publicly visible type or member 'PersonApplicationService.SearchPeople(SearchPeopleQuery)' [/Users/kady/Masterdom/src/Masterdom.Modules.People/Masterdom.Modules.People.csproj]
/Users/kady/Masterdom/src/Masterdom.Modules.People/Application/Support/ExecutionResult.cs(8,15): warning CS1591: Missing XML comment for publicly visible type or member 'ExecutionResult.ExecutionResult(bool, string?, string?)' [/Users/kady/Masterdom/src/Masterdom.Modules.People/Masterdom.Modules.People.csproj]
/Users/kady/Masterdom/src/Masterdom.Modules.People/Application/Support/ExecutionResult.cs(15,17): warning CS1591: Missing XML comment for publicly visible type or member 'ExecutionResult.IsSuccess' [/Users/kady/Masterdom/src/Masterdom.Modules.People/Masterdom.Modules.People.csproj]
/Users/kady/Masterdom/src/Masterdom.Modules.People/Application/Support/ExecutionResult.cs(17,20): warning CS1591: Missing XML comment for publicly visible type or member 'ExecutionResult.ErrorCode' [/Users/kady/Masterdom/src/Masterdom.Modules.People/Masterdom.Modules.People.csproj]
/Users/kady/Masterdom/src/Masterdom.Modules.People/Application/Support/ExecutionResult.cs(19,20): warning CS1591: Missing XML comment for publicly visible type or member 'ExecutionResult.ErrorMessage' [/Users/kady/Masterdom/src/Masterdom.Modules.People/Masterdom.Modules.People.csproj]
/Users/kady/Masterdom/src/Masterdom.Modules.People/Application/Support/ExecutionResult.cs(21,35): warning CS1591: Missing XML comment for publicly visible type or member 'ExecutionResult.Success()' [/Users/kady/Masterdom/src/Masterdom.Modules.People/Masterdom.Modules.People.csproj]
/Users/kady/Masterdom/src/Masterdom.Modules.People/Application/Support/ExecutionResult.cs(26,35): warning CS1591: Missing XML comment for publicly visible type or member 'ExecutionResult.Failure(string, string)' [/Users/kady/Masterdom/src/Masterdom.Modules.People/Masterdom.Modules.People.csproj]
/Users/kady/Masterdom/src/Masterdom.Modules.People/Application/Support/ExecutionResult.cs(46,15): warning CS1591: Missing XML comment for publicly visible type or member 'ExecutionResult<T>.Value' [/Users/kady/Masterdom/src/Masterdom.Modules.People/Masterdom.Modules.People.csproj]
/Users/kady/Masterdom/src/Masterdom.Modules.People/Application/Support/ExecutionResult.cs(48,38): warning CS1591: Missing XML comment for publicly visible type or member 'ExecutionResult<T>.Success(T)' [/Users/kady/Masterdom/src/Masterdom.Modules.People/Masterdom.Modules.People.csproj]
/Users/kady/Masterdom/src/Masterdom.Modules.People/Application/Support/ExecutionResult.cs(54,38): warning CS1591: Missing XML comment for publicly visible type or member 'ExecutionResult<T>.Failure(string, string)' [/Users/kady/Masterdom/src/Masterdom.Modules.People/Masterdom.Modules.People.csproj]
/Users/kady/Masterdom/src/Masterdom.Modules.People/Application/Support/ICommandHandler.cs(8,13): warning CS1591: Missing XML comment for publicly visible type or member 'ICommandHandler<TCommand, TResult>.Handle(TCommand)' [/Users/kady/Masterdom/src/Masterdom.Modules.People/Masterdom.Modules.People.csproj]
/Users/kady/Masterdom/src/Masterdom.Modules.People/Application/Support/IPersonPlatformOrchestrator.cs(10,10): warning CS1591: Missing XML comment for publicly visible type or member 'IPersonPlatformOrchestrator.OnPersonMutated(Person, string)' [/Users/kady/Masterdom/src/Masterdom.Modules.People/Masterdom.Modules.People.csproj]
/Users/kady/Masterdom/src/Masterdom.Modules.People/Application/Support/IPersonUnitOfWork.cs(8,10): warning CS1591: Missing XML comment for publicly visible type or member 'IPersonUnitOfWork.Execute(Action)' [/Users/kady/Masterdom/src/Masterdom.Modules.People/Masterdom.Modules.People.csproj]
/Users/kady/Masterdom/src/Masterdom.Modules.People/Application/Support/IQueryHandler.cs(8,13): warning CS1591: Missing XML comment for publicly visible type or member 'IQueryHandler<TQuery, TResult>.Handle(TQuery)' [/Users/kady/Masterdom/src/Masterdom.Modules.People/Masterdom.Modules.People.csproj]
/Users/kady/Masterdom/src/Masterdom.Modules.People/Domain/Entities/Person/Address.cs(161,45): warning CS1591: Missing XML comment for publicly visible type or member 'Address.GetEqualityComponents()' [/Users/kady/Masterdom/src/Masterdom.Modules.People/Masterdom.Modules.People.csproj]
/Users/kady/Masterdom/src/Masterdom.Modules.People/Domain/Entities/Person/Address.cs(173,28): warning CS1591: Missing XML comment for publicly visible type or member 'Address.ToString()' [/Users/kady/Masterdom/src/Masterdom.Modules.People/Masterdom.Modules.People.csproj]
/Users/kady/Masterdom/src/Masterdom.Modules.People/Domain/Entities/Person/CommunicationPreference.cs(17,19): warning CS1591: Missing XML comment for publicly visible type or member 'CommunicationPreference.Channel' [/Users/kady/Masterdom/src/Masterdom.Modules.People/Masterdom.Modules.People.csproj]
/Users/kady/Masterdom/src/Masterdom.Modules.People/Domain/Entities/Person/CommunicationPreference.cs(19,17): warning CS1591: Missing XML comment for publicly visible type or member 'CommunicationPreference.IsAllowed' [/Users/kady/Masterdom/src/Masterdom.Modules.People/Masterdom.Modules.People.csproj]
/Users/kady/Masterdom/src/Masterdom.Modules.People/Domain/Entities/Person/CommunicationPreference.cs(21,20): warning CS1591: Missing XML comment for publicly visible type or member 'CommunicationPreference.Remarks' [/Users/kady/Masterdom/src/Masterdom.Modules.People/Masterdom.Modules.People.csproj]
/Users/kady/Masterdom/src/Masterdom.Modules.People/Domain/Entities/Person/CommunicationPreference.cs(23,43): warning CS1591: Missing XML comment for publicly visible type or member 'CommunicationPreference.Create(string, bool, string?)' [/Users/kady/Masterdom/src/Masterdom.Modules.People/Masterdom.Modules.People.csproj]
/Users/kady/Masterdom/src/Masterdom.Modules.People/Domain/Entities/Person/CommunicationPreference.cs(33,45): warning CS1591: Missing XML comment for publicly visible type or member 'CommunicationPreference.GetEqualityComponents()' [/Users/kady/Masterdom/src/Masterdom.Modules.People/Masterdom.Modules.People.csproj]
/Users/kady/Masterdom/src/Masterdom.Modules.People/Domain/Entities/Person/Contact.cs(117,45): warning CS1591: Missing XML comment for publicly visible type or member 'Contact.GetEqualityComponents()' [/Users/kady/Masterdom/src/Masterdom.Modules.People/Masterdom.Modules.People.csproj]
/Users/kady/Masterdom/src/Masterdom.Modules.People/Domain/Entities/Person/Contact.cs(123,28): warning CS1591: Missing XML comment for publicly visible type or member 'Contact.ToString()' [/Users/kady/Masterdom/src/Masterdom.Modules.People/Masterdom.Modules.People.csproj]
/Users/kady/Masterdom/src/Masterdom.Modules.People/Domain/Entities/Person/DateOfBirth.cs(15,21): warning CS1591: Missing XML comment for publicly visible type or member 'DateOfBirth.Value' [/Users/kady/Masterdom/src/Masterdom.Modules.People/Masterdom.Modules.People.csproj]
/Users/kady/Masterdom/src/Masterdom.Modules.People/Domain/Entities/Person/DateOfBirth.cs(17,31): warning CS1591: Missing XML comment for publicly visible type or member 'DateOfBirth.Create(DateOnly)' [/Users/kady/Masterdom/src/Masterdom.Modules.People/Masterdom.Modules.People.csproj]
/Users/kady/Masterdom/src/Masterdom.Modules.People/Domain/Entities/Person/DateOfBirth.cs(27,45): warning CS1591: Missing XML comment for publicly visible type or member 'DateOfBirth.GetEqualityComponents()' [/Users/kady/Masterdom/src/Masterdom.Modules.People/Masterdom.Modules.People.csproj]
/Users/kady/Masterdom/src/Masterdom.Modules.People/Domain/Entities/Person/DateOfBirth.cs(32,28): warning CS1591: Missing XML comment for publicly visible type or member 'DateOfBirth.ToString()' [/Users/kady/Masterdom/src/Masterdom.Modules.People/Masterdom.Modules.People.csproj]
/Users/kady/Masterdom/src/Masterdom.Modules.People/Domain/Entities/Person/EmailAddress.cs(15,19): warning CS1591: Missing XML comment for publicly visible type or member 'EmailAddress.Value' [/Users/kady/Masterdom/src/Masterdom.Modules.People/Masterdom.Modules.People.csproj]
/Users/kady/Masterdom/src/Masterdom.Modules.People/Domain/Entities/Person/EmailAddress.cs(17,32): warning CS1591: Missing XML comment for publicly visible type or member 'EmailAddress.Create(string)' [/Users/kady/Masterdom/src/Masterdom.Modules.People/Masterdom.Modules.People.csproj]
/Users/kady/Masterdom/src/Masterdom.Modules.People/Domain/Entities/Person/EmailAddress.cs(30,45): warning CS1591: Missing XML comment for publicly visible type or member 'EmailAddress.GetEqualityComponents()' [/Users/kady/Masterdom/src/Masterdom.Modules.People/Masterdom.Modules.People.csproj]
/Users/kady/Masterdom/src/Masterdom.Modules.People/Domain/Entities/Person/EmergencyContact.cs(135,45): warning CS1591: Missing XML comment for publicly visible type or member 'EmergencyContact.GetEqualityComponents()' [/Users/kady/Masterdom/src/Masterdom.Modules.People/Masterdom.Modules.People.csproj]
/Users/kady/Masterdom/src/Masterdom.Modules.People/Domain/Entities/Person/EmergencyContact.cs(142,28): warning CS1591: Missing XML comment for publicly visible type or member 'EmergencyContact.ToString()' [/Users/kady/Masterdom/src/Masterdom.Modules.People/Masterdom.Modules.People.csproj]
/Users/kady/Masterdom/src/Masterdom.Modules.People/Domain/Entities/Person/Events/ContactAddedDomainEvent.cs(10,12): warning CS1591: Missing XML comment for publicly visible type or member 'ContactAddedDomainEvent.ContactAddedDomainEvent(PersonId, string, string)' [/Users/kady/Masterdom/src/Masterdom.Modules.People/Masterdom.Modules.People.csproj]
/Users/kady/Masterdom/src/Masterdom.Modules.People/Domain/Entities/Person/Events/ContactAddedDomainEvent.cs(21,21): warning CS1591: Missing XML comment for publicly visible type or member 'ContactAddedDomainEvent.PersonId' [/Users/kady/Masterdom/src/Masterdom.Modules.People/Masterdom.Modules.People.csproj]
/Users/kady/Masterdom/src/Masterdom.Modules.People/Domain/Entities/Person/Events/ContactAddedDomainEvent.cs(23,19): warning CS1591: Missing XML comment for publicly visible type or member 'ContactAddedDomainEvent.ContactType' [/Users/kady/Masterdom/src/Masterdom.Modules.People/Masterdom.Modules.People.csproj]
/Users/kady/Masterdom/src/Masterdom.Modules.People/Domain/Entities/Person/Events/ContactAddedDomainEvent.cs(25,19): warning CS1591: Missing XML comment for publicly visible type or member 'ContactAddedDomainEvent.ContactValue' [/Users/kady/Masterdom/src/Masterdom.Modules.People/Masterdom.Modules.People.csproj]
/Users/kady/Masterdom/src/Masterdom.Modules.People/Domain/Entities/Person/Events/ContactRemovedDomainEvent.cs(10,12): warning CS1591: Missing XML comment for publicly visible type or member 'ContactRemovedDomainEvent.ContactRemovedDomainEvent(PersonId, string, string)' [/Users/kady/Masterdom/src/Masterdom.Modules.People/Masterdom.Modules.People.csproj]
/Users/kady/Masterdom/src/Masterdom.Modules.People/Domain/Entities/Person/Events/ContactRemovedDomainEvent.cs(21,21): warning CS1591: Missing XML comment for publicly visible type or member 'ContactRemovedDomainEvent.PersonId' [/Users/kady/Masterdom/src/Masterdom.Modules.People/Masterdom.Modules.People.csproj]
/Users/kady/Masterdom/src/Masterdom.Modules.People/Domain/Entities/Person/Events/ContactRemovedDomainEvent.cs(23,19): warning CS1591: Missing XML comment for publicly visible type or member 'ContactRemovedDomainEvent.ContactType' [/Users/kady/Masterdom/src/Masterdom.Modules.People/Masterdom.Modules.People.csproj]
/Users/kady/Masterdom/src/Masterdom.Modules.People/Domain/Entities/Person/Events/ContactRemovedDomainEvent.cs(25,19): warning CS1591: Missing XML comment for publicly visible type or member 'ContactRemovedDomainEvent.ContactValue' [/Users/kady/Masterdom/src/Masterdom.Modules.People/Masterdom.Modules.People.csproj]
/Users/kady/Masterdom/src/Masterdom.Modules.People/Domain/Entities/Person/Events/IdentityDocumentAddedDomainEvent.cs(10,12): warning CS1591: Missing XML comment for publicly visible type or member 'IdentityDocumentAddedDomainEvent.IdentityDocumentAddedDomainEvent(PersonId, string, string)' [/Users/kady/Masterdom/src/Masterdom.Modules.People/Masterdom.Modules.People.csproj]
/Users/kady/Masterdom/src/Masterdom.Modules.People/Domain/Entities/Person/Events/IdentityDocumentAddedDomainEvent.cs(21,21): warning CS1591: Missing XML comment for publicly visible type or member 'IdentityDocumentAddedDomainEvent.PersonId' [/Users/kady/Masterdom/src/Masterdom.Modules.People/Masterdom.Modules.People.csproj]
/Users/kady/Masterdom/src/Masterdom.Modules.People/Domain/Entities/Person/Events/IdentityDocumentAddedDomainEvent.cs(23,19): warning CS1591: Missing XML comment for publicly visible type or member 'IdentityDocumentAddedDomainEvent.DocumentType' [/Users/kady/Masterdom/src/Masterdom.Modules.People/Masterdom.Modules.People.csproj]
/Users/kady/Masterdom/src/Masterdom.Modules.People/Domain/Entities/Person/Events/IdentityDocumentAddedDomainEvent.cs(25,19): warning CS1591: Missing XML comment for publicly visible type or member 'IdentityDocumentAddedDomainEvent.DocumentNumber' [/Users/kady/Masterdom/src/Masterdom.Modules.People/Masterdom.Modules.People.csproj]
/Users/kady/Masterdom/src/Masterdom.Modules.People/Domain/Entities/Person/Events/PersonCreatedDomainEvent.cs(10,12): warning CS1591: Missing XML comment for publicly visible type or member 'PersonCreatedDomainEvent.PersonCreatedDomainEvent(PersonId, PersonNumber)' [/Users/kady/Masterdom/src/Masterdom.Modules.People/Masterdom.Modules.People.csproj]
/Users/kady/Masterdom/src/Masterdom.Modules.People/Domain/Entities/Person/Events/PersonCreatedDomainEvent.cs(19,21): warning CS1591: Missing XML comment for publicly visible type or member 'PersonCreatedDomainEvent.PersonId' [/Users/kady/Masterdom/src/Masterdom.Modules.People/Masterdom.Modules.People.csproj]
/Users/kady/Masterdom/src/Masterdom.Modules.People/Domain/Entities/Person/Events/PersonCreatedDomainEvent.cs(21,25): warning CS1591: Missing XML comment for publicly visible type or member 'PersonCreatedDomainEvent.PersonNumber' [/Users/kady/Masterdom/src/Masterdom.Modules.People/Masterdom.Modules.People.csproj]
/Users/kady/Masterdom/src/Masterdom.Modules.People/Domain/Entities/Person/Events/PersonUpdatedDomainEvent.cs(10,12): warning CS1591: Missing XML comment for publicly visible type or member 'PersonUpdatedDomainEvent.PersonUpdatedDomainEvent(PersonId)' [/Users/kady/Masterdom/src/Masterdom.Modules.People/Masterdom.Modules.People.csproj]
/Users/kady/Masterdom/src/Masterdom.Modules.People/Domain/Entities/Person/Events/PersonUpdatedDomainEvent.cs(16,21): warning CS1591: Missing XML comment for publicly visible type or member 'PersonUpdatedDomainEvent.PersonId' [/Users/kady/Masterdom/src/Masterdom.Modules.People/Masterdom.Modules.People.csproj]
/Users/kady/Masterdom/src/Masterdom.Modules.People/Domain/Entities/Person/Events/RelationshipAddedDomainEvent.cs(10,12): warning CS1591: Missing XML comment for publicly visible type or member 'RelationshipAddedDomainEvent.RelationshipAddedDomainEvent(PersonId, PersonId, string)' [/Users/kady/Masterdom/src/Masterdom.Modules.People/Masterdom.Modules.People.csproj]
/Users/kady/Masterdom/src/Masterdom.Modules.People/Domain/Entities/Person/Events/RelationshipAddedDomainEvent.cs(21,21): warning CS1591: Missing XML comment for publicly visible type or member 'RelationshipAddedDomainEvent.PersonId' [/Users/kady/Masterdom/src/Masterdom.Modules.People/Masterdom.Modules.People.csproj]
/Users/kady/Masterdom/src/Masterdom.Modules.People/Domain/Entities/Person/Events/RelationshipAddedDomainEvent.cs(23,21): warning CS1591: Missing XML comment for publicly visible type or member 'RelationshipAddedDomainEvent.RelatedPersonId' [/Users/kady/Masterdom/src/Masterdom.Modules.People/Masterdom.Modules.People.csproj]
/Users/kady/Masterdom/src/Masterdom.Modules.People/Domain/Entities/Person/Events/RelationshipAddedDomainEvent.cs(25,19): warning CS1591: Missing XML comment for publicly visible type or member 'RelationshipAddedDomainEvent.Type' [/Users/kady/Masterdom/src/Masterdom.Modules.People/Masterdom.Modules.People.csproj]
/Users/kady/Masterdom/src/Masterdom.Modules.People/Domain/Entities/Person/FullName.cs(100,45): warning CS1591: Missing XML comment for publicly visible type or member 'FullName.GetEqualityComponents()' [/Users/kady/Masterdom/src/Masterdom.Modules.People/Masterdom.Modules.People.csproj]
/Users/kady/Masterdom/src/Masterdom.Modules.People/Domain/Entities/Person/FullName.cs(109,28): warning CS1591: Missing XML comment for publicly visible type or member 'FullName.ToString()' [/Users/kady/Masterdom/src/Masterdom.Modules.People/Masterdom.Modules.People.csproj]
/Users/kady/Masterdom/src/Masterdom.Modules.People/Domain/Entities/Person/Gender.cs(10,35): warning CS1591: Missing XML comment for publicly visible type or member 'Gender.Male' [/Users/kady/Masterdom/src/Masterdom.Modules.People/Masterdom.Modules.People.csproj]
/Users/kady/Masterdom/src/Masterdom.Modules.People/Domain/Entities/Person/Gender.cs(11,35): warning CS1591: Missing XML comment for publicly visible type or member 'Gender.Female' [/Users/kady/Masterdom/src/Masterdom.Modules.People/Masterdom.Modules.People.csproj]
/Users/kady/Masterdom/src/Masterdom.Modules.People/Domain/Entities/Person/Gender.cs(12,35): warning CS1591: Missing XML comment for publicly visible type or member 'Gender.NonBinary' [/Users/kady/Masterdom/src/Masterdom.Modules.People/Masterdom.Modules.People.csproj]
/Users/kady/Masterdom/src/Masterdom.Modules.People/Domain/Entities/Person/Gender.cs(13,35): warning CS1591: Missing XML comment for publicly visible type or member 'Gender.Other' [/Users/kady/Masterdom/src/Masterdom.Modules.People/Masterdom.Modules.People.csproj]
/Users/kady/Masterdom/src/Masterdom.Modules.People/Domain/Entities/Person/Gender.cs(14,35): warning CS1591: Missing XML comment for publicly visible type or member 'Gender.PreferNotToSay' [/Users/kady/Masterdom/src/Masterdom.Modules.People/Masterdom.Modules.People.csproj]
/Users/kady/Masterdom/src/Masterdom.Modules.People/Domain/Entities/Person/Gender.cs(47,45): warning CS1591: Missing XML comment for publicly visible type or member 'Gender.GetEqualityComponents()' [/Users/kady/Masterdom/src/Masterdom.Modules.People/Masterdom.Modules.People.csproj]
/Users/kady/Masterdom/src/Masterdom.Modules.People/Domain/Entities/Person/Gender.cs(52,28): warning CS1591: Missing XML comment for publicly visible type or member 'Gender.ToString()' [/Users/kady/Masterdom/src/Masterdom.Modules.People/Masterdom.Modules.People.csproj]
/Users/kady/Masterdom/src/Masterdom.Modules.People/Domain/Entities/Person/GovernmentDocument.cs(167,45): warning CS1591: Missing XML comment for publicly visible type or member 'GovernmentDocument.GetEqualityComponents()' [/Users/kady/Masterdom/src/Masterdom.Modules.People/Masterdom.Modules.People.csproj]
/Users/kady/Masterdom/src/Masterdom.Modules.People/Domain/Entities/Person/GovernmentDocument.cs(173,28): warning CS1591: Missing XML comment for publicly visible type or member 'GovernmentDocument.ToString()' [/Users/kady/Masterdom/src/Masterdom.Modules.People/Masterdom.Modules.People.csproj]
/Users/kady/Masterdom/src/Masterdom.Modules.People/Domain/Entities/Person/MaritalStatus.cs(10,42): warning CS1591: Missing XML comment for publicly visible type or member 'MaritalStatus.Single' [/Users/kady/Masterdom/src/Masterdom.Modules.People/Masterdom.Modules.People.csproj]
/Users/kady/Masterdom/src/Masterdom.Modules.People/Domain/Entities/Person/MaritalStatus.cs(11,42): warning CS1591: Missing XML comment for publicly visible type or member 'MaritalStatus.Married' [/Users/kady/Masterdom/src/Masterdom.Modules.People/Masterdom.Modules.People.csproj]
/Users/kady/Masterdom/src/Masterdom.Modules.People/Domain/Entities/Person/MaritalStatus.cs(12,42): warning CS1591: Missing XML comment for publicly visible type or member 'MaritalStatus.Divorced' [/Users/kady/Masterdom/src/Masterdom.Modules.People/Masterdom.Modules.People.csproj]
/Users/kady/Masterdom/src/Masterdom.Modules.People/Domain/Entities/Person/MaritalStatus.cs(13,42): warning CS1591: Missing XML comment for publicly visible type or member 'MaritalStatus.Widowed' [/Users/kady/Masterdom/src/Masterdom.Modules.People/Masterdom.Modules.People.csproj]
/Users/kady/Masterdom/src/Masterdom.Modules.People/Domain/Entities/Person/MaritalStatus.cs(14,42): warning CS1591: Missing XML comment for publicly visible type or member 'MaritalStatus.Separated' [/Users/kady/Masterdom/src/Masterdom.Modules.People/Masterdom.Modules.People.csproj]
/Users/kady/Masterdom/src/Masterdom.Modules.People/Domain/Entities/Person/MaritalStatus.cs(15,42): warning CS1591: Missing XML comment for publicly visible type or member 'MaritalStatus.Other' [/Users/kady/Masterdom/src/Masterdom.Modules.People/Masterdom.Modules.People.csproj]
/Users/kady/Masterdom/src/Masterdom.Modules.People/Domain/Entities/Person/MaritalStatus.cs(48,45): warning CS1591: Missing XML comment for publicly visible type or member 'MaritalStatus.GetEqualityComponents()' [/Users/kady/Masterdom/src/Masterdom.Modules.People/Masterdom.Modules.People.csproj]
/Users/kady/Masterdom/src/Masterdom.Modules.People/Domain/Entities/Person/MaritalStatus.cs(53,28): warning CS1591: Missing XML comment for publicly visible type or member 'MaritalStatus.ToString()' [/Users/kady/Masterdom/src/Masterdom.Modules.People/Masterdom.Modules.People.csproj]
/Users/kady/Masterdom/src/Masterdom.Modules.People/Domain/Entities/Person/Nationality.cs(15,19): warning CS1591: Missing XML comment for publicly visible type or member 'Nationality.Value' [/Users/kady/Masterdom/src/Masterdom.Modules.People/Masterdom.Modules.People.csproj]
/Users/kady/Masterdom/src/Masterdom.Modules.People/Domain/Entities/Person/Nationality.cs(17,31): warning CS1591: Missing XML comment for publicly visible type or member 'Nationality.Create(string)' [/Users/kady/Masterdom/src/Masterdom.Modules.People/Masterdom.Modules.People.csproj]
/Users/kady/Masterdom/src/Masterdom.Modules.People/Domain/Entities/Person/Nationality.cs(23,45): warning CS1591: Missing XML comment for publicly visible type or member 'Nationality.GetEqualityComponents()' [/Users/kady/Masterdom/src/Masterdom.Modules.People/Masterdom.Modules.People.csproj]
/Users/kady/Masterdom/src/Masterdom.Modules.People/Domain/Entities/Person/Notes.cs(15,19): warning CS1591: Missing XML comment for publicly visible type or member 'Notes.Value' [/Users/kady/Masterdom/src/Masterdom.Modules.People/Masterdom.Modules.People.csproj]
/Users/kady/Masterdom/src/Masterdom.Modules.People/Domain/Entities/Person/Notes.cs(17,25): warning CS1591: Missing XML comment for publicly visible type or member 'Notes.Create(string)' [/Users/kady/Masterdom/src/Masterdom.Modules.People/Masterdom.Modules.People.csproj]
/Users/kady/Masterdom/src/Masterdom.Modules.People/Domain/Entities/Person/Notes.cs(23,45): warning CS1591: Missing XML comment for publicly visible type or member 'Notes.GetEqualityComponents()' [/Users/kady/Masterdom/src/Masterdom.Modules.People/Masterdom.Modules.People.csproj]
/Users/kady/Masterdom/src/Masterdom.Modules.People/Domain/Entities/Person/Occupation.cs(15,19): warning CS1591: Missing XML comment for publicly visible type or member 'Occupation.Value' [/Users/kady/Masterdom/src/Masterdom.Modules.People/Masterdom.Modules.People.csproj]
/Users/kady/Masterdom/src/Masterdom.Modules.People/Domain/Entities/Person/Occupation.cs(17,30): warning CS1591: Missing XML comment for publicly visible type or member 'Occupation.Create(string)' [/Users/kady/Masterdom/src/Masterdom.Modules.People/Masterdom.Modules.People.csproj]
/Users/kady/Masterdom/src/Masterdom.Modules.People/Domain/Entities/Person/Occupation.cs(23,45): warning CS1591: Missing XML comment for publicly visible type or member 'Occupation.GetEqualityComponents()' [/Users/kady/Masterdom/src/Masterdom.Modules.People/Masterdom.Modules.People.csproj]
/Users/kady/Masterdom/src/Masterdom.Modules.People/Domain/Entities/Person/PersonCode.cs(39,45): warning CS1591: Missing XML comment for publicly visible type or member 'PersonCode.GetEqualityComponents()' [/Users/kady/Masterdom/src/Masterdom.Modules.People/Masterdom.Modules.People.csproj]
/Users/kady/Masterdom/src/Masterdom.Modules.People/Domain/Entities/Person/PersonCode.cs(44,28): warning CS1591: Missing XML comment for publicly visible type or member 'PersonCode.ToString()' [/Users/kady/Masterdom/src/Masterdom.Modules.People/Masterdom.Modules.People.csproj]
/Users/kady/Masterdom/src/Masterdom.Modules.People/Domain/Entities/Person/PersonCode.cs(49,37): warning CS1591: Missing XML comment for publicly visible type or member 'PersonCode.implicit operator string(PersonCode)' [/Users/kady/Masterdom/src/Masterdom.Modules.People/Masterdom.Modules.People.csproj]
/Users/kady/Masterdom/src/Masterdom.Modules.People/Domain/Entities/Person/PersonName.cs(19,19): warning CS1591: Missing XML comment for publicly visible type or member 'PersonName.FirstName' [/Users/kady/Masterdom/src/Masterdom.Modules.People/Masterdom.Modules.People.csproj]
/Users/kady/Masterdom/src/Masterdom.Modules.People/Domain/Entities/Person/PersonName.cs(21,20): warning CS1591: Missing XML comment for publicly visible type or member 'PersonName.MiddleName' [/Users/kady/Masterdom/src/Masterdom.Modules.People/Masterdom.Modules.People.csproj]
/Users/kady/Masterdom/src/Masterdom.Modules.People/Domain/Entities/Person/PersonName.cs(23,19): warning CS1591: Missing XML comment for publicly visible type or member 'PersonName.LastName' [/Users/kady/Masterdom/src/Masterdom.Modules.People/Masterdom.Modules.People.csproj]
/Users/kady/Masterdom/src/Masterdom.Modules.People/Domain/Entities/Person/PersonName.cs(25,20): warning CS1591: Missing XML comment for publicly visible type or member 'PersonName.Title' [/Users/kady/Masterdom/src/Masterdom.Modules.People/Masterdom.Modules.People.csproj]
/Users/kady/Masterdom/src/Masterdom.Modules.People/Domain/Entities/Person/PersonName.cs(27,20): warning CS1591: Missing XML comment for publicly visible type or member 'PersonName.Suffix' [/Users/kady/Masterdom/src/Masterdom.Modules.People/Masterdom.Modules.People.csproj]
/Users/kady/Masterdom/src/Masterdom.Modules.People/Domain/Entities/Person/PersonName.cs(29,30): warning CS1591: Missing XML comment for publicly visible type or member 'PersonName.Create(string, string, string?, string?, string?)' [/Users/kady/Masterdom/src/Masterdom.Modules.People/Masterdom.Modules.People.csproj]
/Users/kady/Masterdom/src/Masterdom.Modules.People/Domain/Entities/Person/PersonName.cs(47,19): warning CS1591: Missing XML comment for publicly visible type or member 'PersonName.DisplayName' [/Users/kady/Masterdom/src/Masterdom.Modules.People/Masterdom.Modules.People.csproj]
/Users/kady/Masterdom/src/Masterdom.Modules.People/Domain/Entities/Person/PersonName.cs(76,45): warning CS1591: Missing XML comment for publicly visible type or member 'PersonName.GetEqualityComponents()' [/Users/kady/Masterdom/src/Masterdom.Modules.People/Masterdom.Modules.People.csproj]
/Users/kady/Masterdom/src/Masterdom.Modules.People/Domain/Entities/Person/PersonName.cs(85,28): warning CS1591: Missing XML comment for publicly visible type or member 'PersonName.ToString()' [/Users/kady/Masterdom/src/Masterdom.Modules.People/Masterdom.Modules.People.csproj]
/Users/kady/Masterdom/src/Masterdom.Modules.People/Domain/Entities/Person/PersonNumber.cs(36,45): warning CS1591: Missing XML comment for publicly visible type or member 'PersonNumber.GetEqualityComponents()' [/Users/kady/Masterdom/src/Masterdom.Modules.People/Masterdom.Modules.People.csproj]
/Users/kady/Masterdom/src/Masterdom.Modules.People/Domain/Entities/Person/PersonNumber.cs(41,28): warning CS1591: Missing XML comment for publicly visible type or member 'PersonNumber.ToString()' [/Users/kady/Masterdom/src/Masterdom.Modules.People/Masterdom.Modules.People.csproj]
/Users/kady/Masterdom/src/Masterdom.Modules.People/Domain/Entities/Person/PersonRelationship.cs(17,21): warning CS1591: Missing XML comment for publicly visible type or member 'PersonRelationship.RelatedPersonId' [/Users/kady/Masterdom/src/Masterdom.Modules.People/Masterdom.Modules.People.csproj]
/Users/kady/Masterdom/src/Masterdom.Modules.People/Domain/Entities/Person/PersonRelationship.cs(19,19): warning CS1591: Missing XML comment for publicly visible type or member 'PersonRelationship.Type' [/Users/kady/Masterdom/src/Masterdom.Modules.People/Masterdom.Modules.People.csproj]
/Users/kady/Masterdom/src/Masterdom.Modules.People/Domain/Entities/Person/PersonRelationship.cs(21,20): warning CS1591: Missing XML comment for publicly visible type or member 'PersonRelationship.Remarks' [/Users/kady/Masterdom/src/Masterdom.Modules.People/Masterdom.Modules.People.csproj]
/Users/kady/Masterdom/src/Masterdom.Modules.People/Domain/Entities/Person/PersonRelationship.cs(23,38): warning CS1591: Missing XML comment for publicly visible type or member 'PersonRelationship.Create(PersonId, string, string?)' [/Users/kady/Masterdom/src/Masterdom.Modules.People/Masterdom.Modules.People.csproj]
/Users/kady/Masterdom/src/Masterdom.Modules.People/Domain/Entities/Person/PersonRelationship.cs(34,45): warning CS1591: Missing XML comment for publicly visible type or member 'PersonRelationship.GetEqualityComponents()' [/Users/kady/Masterdom/src/Masterdom.Modules.People/Masterdom.Modules.People.csproj]
/Users/kady/Masterdom/src/Masterdom.Modules.People/Domain/Entities/Person/PersonStatus.cs(10,41): warning CS1591: Missing XML comment for publicly visible type or member 'PersonStatus.Active' [/Users/kady/Masterdom/src/Masterdom.Modules.People/Masterdom.Modules.People.csproj]
/Users/kady/Masterdom/src/Masterdom.Modules.People/Domain/Entities/Person/PersonStatus.cs(11,41): warning CS1591: Missing XML comment for publicly visible type or member 'PersonStatus.Inactive' [/Users/kady/Masterdom/src/Masterdom.Modules.People/Masterdom.Modules.People.csproj]
/Users/kady/Masterdom/src/Masterdom.Modules.People/Domain/Entities/Person/PersonStatus.cs(12,41): warning CS1591: Missing XML comment for publicly visible type or member 'PersonStatus.Archived' [/Users/kady/Masterdom/src/Masterdom.Modules.People/Masterdom.Modules.People.csproj]
/Users/kady/Masterdom/src/Masterdom.Modules.People/Domain/Entities/Person/PersonStatus.cs(42,45): warning CS1591: Missing XML comment for publicly visible type or member 'PersonStatus.GetEqualityComponents()' [/Users/kady/Masterdom/src/Masterdom.Modules.People/Masterdom.Modules.People.csproj]
/Users/kady/Masterdom/src/Masterdom.Modules.People/Domain/Entities/Person/PersonStatus.cs(47,28): warning CS1591: Missing XML comment for publicly visible type or member 'PersonStatus.ToString()' [/Users/kady/Masterdom/src/Masterdom.Modules.People/Masterdom.Modules.People.csproj]
/Users/kady/Masterdom/src/Masterdom.Modules.People/Domain/Entities/Person/PhoneNumber.cs(15,19): warning CS1591: Missing XML comment for publicly visible type or member 'PhoneNumber.Value' [/Users/kady/Masterdom/src/Masterdom.Modules.People/Masterdom.Modules.People.csproj]
/Users/kady/Masterdom/src/Masterdom.Modules.People/Domain/Entities/Person/PhoneNumber.cs(17,31): warning CS1591: Missing XML comment for publicly visible type or member 'PhoneNumber.Create(string)' [/Users/kady/Masterdom/src/Masterdom.Modules.People/Masterdom.Modules.People.csproj]
/Users/kady/Masterdom/src/Masterdom.Modules.People/Domain/Entities/Person/PhoneNumber.cs(23,45): warning CS1591: Missing XML comment for publicly visible type or member 'PhoneNumber.GetEqualityComponents()' [/Users/kady/Masterdom/src/Masterdom.Modules.People/Masterdom.Modules.People.csproj]
/Users/kady/Masterdom/src/Masterdom.Modules.People/Domain/Entities/Person/PreferredContact.cs(16,19): warning CS1591: Missing XML comment for publicly visible type or member 'PreferredContact.Type' [/Users/kady/Masterdom/src/Masterdom.Modules.People/Masterdom.Modules.People.csproj]
/Users/kady/Masterdom/src/Masterdom.Modules.People/Domain/Entities/Person/PreferredContact.cs(18,19): warning CS1591: Missing XML comment for publicly visible type or member 'PreferredContact.Value' [/Users/kady/Masterdom/src/Masterdom.Modules.People/Masterdom.Modules.People.csproj]
/Users/kady/Masterdom/src/Masterdom.Modules.People/Domain/Entities/Person/PreferredContact.cs(20,36): warning CS1591: Missing XML comment for publicly visible type or member 'PreferredContact.Create(string, string)' [/Users/kady/Masterdom/src/Masterdom.Modules.People/Masterdom.Modules.People.csproj]
/Users/kady/Masterdom/src/Masterdom.Modules.People/Domain/Entities/Person/PreferredContact.cs(28,45): warning CS1591: Missing XML comment for publicly visible type or member 'PreferredContact.GetEqualityComponents()' [/Users/kady/Masterdom/src/Masterdom.Modules.People/Masterdom.Modules.People.csproj]
/Users/kady/Masterdom/src/Masterdom.Modules.People/Domain/Entities/Person/PreferredLanguage.cs(15,19): warning CS1591: Missing XML comment for publicly visible type or member 'PreferredLanguage.Value' [/Users/kady/Masterdom/src/Masterdom.Modules.People/Masterdom.Modules.People.csproj]
/Users/kady/Masterdom/src/Masterdom.Modules.People/Domain/Entities/Person/PreferredLanguage.cs(17,37): warning CS1591: Missing XML comment for publicly visible type or member 'PreferredLanguage.Create(string)' [/Users/kady/Masterdom/src/Masterdom.Modules.People/Masterdom.Modules.People.csproj]
/Users/kady/Masterdom/src/Masterdom.Modules.People/Domain/Entities/Person/PreferredLanguage.cs(23,45): warning CS1591: Missing XML comment for publicly visible type or member 'PreferredLanguage.GetEqualityComponents()' [/Users/kady/Masterdom/src/Masterdom.Modules.People/Masterdom.Modules.People.csproj]
/Users/kady/Masterdom/src/Masterdom.Modules.People/Domain/Repositories/IPersonRepository.cs(10,13): warning CS1591: Missing XML comment for publicly visible type or member 'IPersonRepository.GetById(PersonId)' [/Users/kady/Masterdom/src/Masterdom.Modules.People/Masterdom.Modules.People.csproj]
/Users/kady/Masterdom/src/Masterdom.Modules.People/Domain/Repositories/IPersonRepository.cs(12,13): warning CS1591: Missing XML comment for publicly visible type or member 'IPersonRepository.GetByNumber(PersonNumber)' [/Users/kady/Masterdom/src/Masterdom.Modules.People/Masterdom.Modules.People.csproj]
/Users/kady/Masterdom/src/Masterdom.Modules.People/Domain/Repositories/IPersonRepository.cs(14,33): warning CS1591: Missing XML comment for publicly visible type or member 'IPersonRepository.Search(string?, int)' [/Users/kady/Masterdom/src/Masterdom.Modules.People/Masterdom.Modules.People.csproj]
/Users/kady/Masterdom/src/Masterdom.Modules.People/Domain/Repositories/IPersonRepository.cs(16,10): warning CS1591: Missing XML comment for publicly visible type or member 'IPersonRepository.Add(Person)' [/Users/kady/Masterdom/src/Masterdom.Modules.People/Masterdom.Modules.People.csproj]
/Users/kady/Masterdom/src/Masterdom.Modules.People/Domain/Repositories/IPersonRepository.cs(18,10): warning CS1591: Missing XML comment for publicly visible type or member 'IPersonRepository.Update(Person)' [/Users/kady/Masterdom/src/Masterdom.Modules.People/Masterdom.Modules.People.csproj]
/Users/kady/Masterdom/src/Masterdom.Modules.Intelligence/Application/Services/IntelligenceCapabilityBehaviorService.cs(3,21): warning CS1591: Missing XML comment for publicly visible type or member 'IntelligenceCapabilityBehaviorService' [/Users/kady/Masterdom/src/Masterdom.Modules.Intelligence/Masterdom.Modules.Intelligence.csproj]
/Users/kady/Masterdom/src/Masterdom.Modules.Intelligence/Application/Services/IntelligenceCapabilityBehaviorService.cs(5,49): warning CS1591: Missing XML comment for publicly visible type or member 'IntelligenceCapabilityBehaviorService.Execute()' [/Users/kady/Masterdom/src/Masterdom.Modules.Intelligence/Masterdom.Modules.Intelligence.csproj]
/Users/kady/Masterdom/src/Masterdom.Modules.Intelligence/Application/Services/IntelligenceCapabilityBehaviorService.cs(14,22): warning CS1591: Missing XML comment for publicly visible type or member 'IntelligenceCapabilityBehaviorResult' [/Users/kady/Masterdom/src/Masterdom.Modules.Intelligence/Masterdom.Modules.Intelligence.csproj]
/Users/kady/Masterdom/src/Masterdom.Modules.Intelligence/Application/Services/IntelligenceCapabilityBehaviorService.cs(14,22): warning CS1591: Missing XML comment for publicly visible type or member 'IntelligenceCapabilityBehaviorResult.IntelligenceCapabilityBehaviorResult(string, string, bool)' [/Users/kady/Masterdom/src/Masterdom.Modules.Intelligence/Masterdom.Modules.Intelligence.csproj]
/Users/kady/Masterdom/src/Masterdom.Modules.Intelligence/Application/Services/IntelligenceCapabilityBehaviorService.cs(15,12): warning CS1591: Missing XML comment for publicly visible type or member 'IntelligenceCapabilityBehaviorResult.Capability' [/Users/kady/Masterdom/src/Masterdom.Modules.Intelligence/Masterdom.Modules.Intelligence.csproj]
/Users/kady/Masterdom/src/Masterdom.Modules.Intelligence/Application/Services/IntelligenceCapabilityBehaviorService.cs(16,12): warning CS1591: Missing XML comment for publicly visible type or member 'IntelligenceCapabilityBehaviorResult.ExecutionPath' [/Users/kady/Masterdom/src/Masterdom.Modules.Intelligence/Masterdom.Modules.Intelligence.csproj]
/Users/kady/Masterdom/src/Masterdom.Modules.Intelligence/Application/Services/IntelligenceCapabilityBehaviorService.cs(17,10): warning CS1591: Missing XML comment for publicly visible type or member 'IntelligenceCapabilityBehaviorResult.IsSupported' [/Users/kady/Masterdom/src/Masterdom.Modules.Intelligence/Masterdom.Modules.Intelligence.csproj]
/Users/kady/Masterdom/src/Masterdom.Modules.PolicyFramework/Application/Support/ExecutionResult.cs(48,38): warning CS0108: 'ExecutionResult<T>.Failure(string, string)' hides inherited member 'ExecutionResult.Failure(string, string)'. Use the new keyword if hiding was intended. [/Users/kady/Masterdom/src/Masterdom.Modules.PolicyFramework/Masterdom.Modules.PolicyFramework.csproj]
/Users/kady/Masterdom/src/Masterdom.Modules.PolicyFramework/Application/Commands/ActivatePolicyVersionCommand.cs(5,22): warning CS1591: Missing XML comment for publicly visible type or member 'ActivatePolicyVersionCommand' [/Users/kady/Masterdom/src/Masterdom.Modules.PolicyFramework/Masterdom.Modules.PolicyFramework.csproj]
/Users/kady/Masterdom/src/Masterdom.Modules.PolicyFramework/Application/Commands/ActivatePolicyVersionCommand.cs(5,22): warning CS1591: Missing XML comment for publicly visible type or member 'ActivatePolicyVersionCommand.ActivatePolicyVersionCommand(PolicyId, int, DateTime)' [/Users/kady/Masterdom/src/Masterdom.Modules.PolicyFramework/Masterdom.Modules.PolicyFramework.csproj]
/Users/kady/Masterdom/src/Masterdom.Modules.PolicyFramework/Application/Commands/ActivatePolicyVersionCommand.cs(6,14): warning CS1591: Missing XML comment for publicly visible type or member 'ActivatePolicyVersionCommand.PolicyId' [/Users/kady/Masterdom/src/Masterdom.Modules.PolicyFramework/Masterdom.Modules.PolicyFramework.csproj]
/Users/kady/Masterdom/src/Masterdom.Modules.PolicyFramework/Application/Commands/ActivatePolicyVersionCommand.cs(7,9): warning CS1591: Missing XML comment for publicly visible type or member 'ActivatePolicyVersionCommand.VersionNumber' [/Users/kady/Masterdom/src/Masterdom.Modules.PolicyFramework/Masterdom.Modules.PolicyFramework.csproj]
/Users/kady/Masterdom/src/Masterdom.Modules.PolicyFramework/Application/Commands/ActivatePolicyVersionCommand.cs(8,14): warning CS1591: Missing XML comment for publicly visible type or member 'ActivatePolicyVersionCommand.ActivatedAtUtc' [/Users/kady/Masterdom/src/Masterdom.Modules.PolicyFramework/Masterdom.Modules.PolicyFramework.csproj]
/Users/kady/Masterdom/src/Masterdom.Modules.PolicyFramework/Application/Commands/ArchivePolicyCommand.cs(5,22): warning CS1591: Missing XML comment for publicly visible type or member 'ArchivePolicyCommand' [/Users/kady/Masterdom/src/Masterdom.Modules.PolicyFramework/Masterdom.Modules.PolicyFramework.csproj]
/Users/kady/Masterdom/src/Masterdom.Modules.PolicyFramework/Application/Commands/ArchivePolicyCommand.cs(5,22): warning CS1591: Missing XML comment for publicly visible type or member 'ArchivePolicyCommand.ArchivePolicyCommand(PolicyId, string, DateTime)' [/Users/kady/Masterdom/src/Masterdom.Modules.PolicyFramework/Masterdom.Modules.PolicyFramework.csproj]
/Users/kady/Masterdom/src/Masterdom.Modules.PolicyFramework/Application/Commands/ArchivePolicyCommand.cs(6,14): warning CS1591: Missing XML comment for publicly visible type or member 'ArchivePolicyCommand.PolicyId' [/Users/kady/Masterdom/src/Masterdom.Modules.PolicyFramework/Masterdom.Modules.PolicyFramework.csproj]
/Users/kady/Masterdom/src/Masterdom.Modules.PolicyFramework/Application/Commands/ArchivePolicyCommand.cs(7,12): warning CS1591: Missing XML comment for publicly visible type or member 'ArchivePolicyCommand.Reason' [/Users/kady/Masterdom/src/Masterdom.Modules.PolicyFramework/Masterdom.Modules.PolicyFramework.csproj]
/Users/kady/Masterdom/src/Masterdom.Modules.PolicyFramework/Application/Commands/ArchivePolicyCommand.cs(8,14): warning CS1591: Missing XML comment for publicly visible type or member 'ArchivePolicyCommand.ArchivedAtUtc' [/Users/kady/Masterdom/src/Masterdom.Modules.PolicyFramework/Masterdom.Modules.PolicyFramework.csproj]
/Users/kady/Masterdom/src/Masterdom.Modules.PolicyFramework/Application/Commands/AssignPolicyCommand.cs(5,22): warning CS1591: Missing XML comment for publicly visible type or member 'AssignPolicyCommand' [/Users/kady/Masterdom/src/Masterdom.Modules.PolicyFramework/Masterdom.Modules.PolicyFramework.csproj]
/Users/kady/Masterdom/src/Masterdom.Modules.PolicyFramework/Application/Commands/AssignPolicyCommand.cs(5,22): warning CS1591: Missing XML comment for publicly visible type or member 'AssignPolicyCommand.AssignPolicyCommand(PolicyId, PolicyAssignment)' [/Users/kady/Masterdom/src/Masterdom.Modules.PolicyFramework/Masterdom.Modules.PolicyFramework.csproj]
/Users/kady/Masterdom/src/Masterdom.Modules.PolicyFramework/Application/Commands/AssignPolicyCommand.cs(6,14): warning CS1591: Missing XML comment for publicly visible type or member 'AssignPolicyCommand.PolicyId' [/Users/kady/Masterdom/src/Masterdom.Modules.PolicyFramework/Masterdom.Modules.PolicyFramework.csproj]
/Users/kady/Masterdom/src/Masterdom.Modules.PolicyFramework/Application/Commands/AssignPolicyCommand.cs(7,22): warning CS1591: Missing XML comment for publicly visible type or member 'AssignPolicyCommand.Assignment' [/Users/kady/Masterdom/src/Masterdom.Modules.PolicyFramework/Masterdom.Modules.PolicyFramework.csproj]
/Users/kady/Masterdom/src/Masterdom.Modules.PolicyFramework/Application/Commands/CreatePolicyCommand.cs(5,22): warning CS1591: Missing XML comment for publicly visible type or member 'CreatePolicyCommand' [/Users/kady/Masterdom/src/Masterdom.Modules.PolicyFramework/Masterdom.Modules.PolicyFramework.csproj]
/Users/kady/Masterdom/src/Masterdom.Modules.PolicyFramework/Application/Commands/CreatePolicyCommand.cs(5,22): warning CS1591: Missing XML comment for publicly visible type or member 'CreatePolicyCommand.CreatePolicyCommand(PolicyType, PolicyCategory, PolicyReference, PolicyScope, PolicyCondition, PolicyMetadata, EffectiveDateRange, DateTime)' [/Users/kady/Masterdom/src/Masterdom.Modules.PolicyFramework/Masterdom.Modules.PolicyFramework.csproj]
/Users/kady/Masterdom/src/Masterdom.Modules.PolicyFramework/Application/Commands/CreatePolicyCommand.cs(6,16): warning CS1591: Missing XML comment for publicly visible type or member 'CreatePolicyCommand.PolicyType' [/Users/kady/Masterdom/src/Masterdom.Modules.PolicyFramework/Masterdom.Modules.PolicyFramework.csproj]
/Users/kady/Masterdom/src/Masterdom.Modules.PolicyFramework/Application/Commands/CreatePolicyCommand.cs(7,20): warning CS1591: Missing XML comment for publicly visible type or member 'CreatePolicyCommand.PolicyCategory' [/Users/kady/Masterdom/src/Masterdom.Modules.PolicyFramework/Masterdom.Modules.PolicyFramework.csproj]
/Users/kady/Masterdom/src/Masterdom.Modules.PolicyFramework/Application/Commands/CreatePolicyCommand.cs(8,21): warning CS1591: Missing XML comment for publicly visible type or member 'CreatePolicyCommand.PolicyReference' [/Users/kady/Masterdom/src/Masterdom.Modules.PolicyFramework/Masterdom.Modules.PolicyFramework.csproj]
/Users/kady/Masterdom/src/Masterdom.Modules.PolicyFramework/Application/Commands/CreatePolicyCommand.cs(9,17): warning CS1591: Missing XML comment for publicly visible type or member 'CreatePolicyCommand.Scope' [/Users/kady/Masterdom/src/Masterdom.Modules.PolicyFramework/Masterdom.Modules.PolicyFramework.csproj]
/Users/kady/Masterdom/src/Masterdom.Modules.PolicyFramework/Application/Commands/CreatePolicyCommand.cs(10,21): warning CS1591: Missing XML comment for publicly visible type or member 'CreatePolicyCommand.Condition' [/Users/kady/Masterdom/src/Masterdom.Modules.PolicyFramework/Masterdom.Modules.PolicyFramework.csproj]
/Users/kady/Masterdom/src/Masterdom.Modules.PolicyFramework/Application/Commands/CreatePolicyCommand.cs(11,20): warning CS1591: Missing XML comment for publicly visible type or member 'CreatePolicyCommand.Metadata' [/Users/kady/Masterdom/src/Masterdom.Modules.PolicyFramework/Masterdom.Modules.PolicyFramework.csproj]
/Users/kady/Masterdom/src/Masterdom.Modules.PolicyFramework/Application/Commands/CreatePolicyCommand.cs(12,24): warning CS1591: Missing XML comment for publicly visible type or member 'CreatePolicyCommand.EffectiveDateRange' [/Users/kady/Masterdom/src/Masterdom.Modules.PolicyFramework/Masterdom.Modules.PolicyFramework.csproj]
/Users/kady/Masterdom/src/Masterdom.Modules.PolicyFramework/Application/Commands/CreatePolicyCommand.cs(13,14): warning CS1591: Missing XML comment for publicly visible type or member 'CreatePolicyCommand.CreatedAtUtc' [/Users/kady/Masterdom/src/Masterdom.Modules.PolicyFramework/Masterdom.Modules.PolicyFramework.csproj]
/Users/kady/Masterdom/src/Masterdom.Modules.PolicyFramework/Application/Commands/CreatePolicyVersionCommand.cs(5,22): warning CS1591: Missing XML comment for publicly visible type or member 'CreatePolicyVersionCommand' [/Users/kady/Masterdom/src/Masterdom.Modules.PolicyFramework/Masterdom.Modules.PolicyFramework.csproj]
/Users/kady/Masterdom/src/Masterdom.Modules.PolicyFramework/Application/Commands/CreatePolicyVersionCommand.cs(5,22): warning CS1591: Missing XML comment for publicly visible type or member 'CreatePolicyVersionCommand.CreatePolicyVersionCommand(PolicyId, PolicyCondition, PolicyMetadata, EffectiveDateRange, DateTime)' [/Users/kady/Masterdom/src/Masterdom.Modules.PolicyFramework/Masterdom.Modules.PolicyFramework.csproj]
/Users/kady/Masterdom/src/Masterdom.Modules.PolicyFramework/Application/Commands/CreatePolicyVersionCommand.cs(6,14): warning CS1591: Missing XML comment for publicly visible type or member 'CreatePolicyVersionCommand.PolicyId' [/Users/kady/Masterdom/src/Masterdom.Modules.PolicyFramework/Masterdom.Modules.PolicyFramework.csproj]
/Users/kady/Masterdom/src/Masterdom.Modules.PolicyFramework/Application/Commands/CreatePolicyVersionCommand.cs(7,21): warning CS1591: Missing XML comment for publicly visible type or member 'CreatePolicyVersionCommand.Condition' [/Users/kady/Masterdom/src/Masterdom.Modules.PolicyFramework/Masterdom.Modules.PolicyFramework.csproj]
/Users/kady/Masterdom/src/Masterdom.Modules.PolicyFramework/Application/Commands/CreatePolicyVersionCommand.cs(8,20): warning CS1591: Missing XML comment for publicly visible type or member 'CreatePolicyVersionCommand.Metadata' [/Users/kady/Masterdom/src/Masterdom.Modules.PolicyFramework/Masterdom.Modules.PolicyFramework.csproj]
/Users/kady/Masterdom/src/Masterdom.Modules.PolicyFramework/Application/Commands/CreatePolicyVersionCommand.cs(9,24): warning CS1591: Missing XML comment for publicly visible type or member 'CreatePolicyVersionCommand.EffectiveDateRange' [/Users/kady/Masterdom/src/Masterdom.Modules.PolicyFramework/Masterdom.Modules.PolicyFramework.csproj]
/Users/kady/Masterdom/src/Masterdom.Modules.PolicyFramework/Application/Commands/CreatePolicyVersionCommand.cs(10,14): warning CS1591: Missing XML comment for publicly visible type or member 'CreatePolicyVersionCommand.CreatedAtUtc' [/Users/kady/Masterdom/src/Masterdom.Modules.PolicyFramework/Masterdom.Modules.PolicyFramework.csproj]
/Users/kady/Masterdom/src/Masterdom.Modules.PolicyFramework/Application/Commands/ExpirePolicyCommand.cs(5,22): warning CS1591: Missing XML comment for publicly visible type or member 'ExpirePolicyCommand' [/Users/kady/Masterdom/src/Masterdom.Modules.PolicyFramework/Masterdom.Modules.PolicyFramework.csproj]
/Users/kady/Masterdom/src/Masterdom.Modules.PolicyFramework/Application/Commands/ExpirePolicyCommand.cs(5,22): warning CS1591: Missing XML comment for publicly visible type or member 'ExpirePolicyCommand.ExpirePolicyCommand(PolicyId, DateTime)' [/Users/kady/Masterdom/src/Masterdom.Modules.PolicyFramework/Masterdom.Modules.PolicyFramework.csproj]
/Users/kady/Masterdom/src/Masterdom.Modules.PolicyFramework/Application/Commands/ExpirePolicyCommand.cs(6,14): warning CS1591: Missing XML comment for publicly visible type or member 'ExpirePolicyCommand.PolicyId' [/Users/kady/Masterdom/src/Masterdom.Modules.PolicyFramework/Masterdom.Modules.PolicyFramework.csproj]
/Users/kady/Masterdom/src/Masterdom.Modules.PolicyFramework/Application/Commands/ExpirePolicyCommand.cs(7,14): warning CS1591: Missing XML comment for publicly visible type or member 'ExpirePolicyCommand.ExpiredAtUtc' [/Users/kady/Masterdom/src/Masterdom.Modules.PolicyFramework/Masterdom.Modules.PolicyFramework.csproj]
/Users/kady/Masterdom/src/Masterdom.Modules.PolicyFramework/Application/Handlers/Commands/ActivatePolicyVersionCommandHandler.cs(8,21): warning CS1591: Missing XML comment for publicly visible type or member 'ActivatePolicyVersionCommandHandler' [/Users/kady/Masterdom/src/Masterdom.Modules.PolicyFramework/Masterdom.Modules.PolicyFramework.csproj]
/Users/kady/Masterdom/src/Masterdom.Modules.PolicyFramework/Application/Handlers/Commands/ActivatePolicyVersionCommandHandler.cs(12,12): warning CS1591: Missing XML comment for publicly visible type or member 'ActivatePolicyVersionCommandHandler.ActivatePolicyVersionCommandHandler(IPolicyFrameworkApplicationService)' [/Users/kady/Masterdom/src/Masterdom.Modules.PolicyFramework/Masterdom.Modules.PolicyFramework.csproj]
/Users/kady/Masterdom/src/Masterdom.Modules.PolicyFramework/Application/Handlers/Commands/ActivatePolicyVersionCommandHandler.cs(17,45): warning CS1591: Missing XML comment for publicly visible type or member 'ActivatePolicyVersionCommandHandler.Handle(ActivatePolicyVersionCommand)' [/Users/kady/Masterdom/src/Masterdom.Modules.PolicyFramework/Masterdom.Modules.PolicyFramework.csproj]
/Users/kady/Masterdom/src/Masterdom.Modules.PolicyFramework/Application/Handlers/Commands/ArchivePolicyCommandHandler.cs(8,21): warning CS1591: Missing XML comment for publicly visible type or member 'ArchivePolicyCommandHandler' [/Users/kady/Masterdom/src/Masterdom.Modules.PolicyFramework/Masterdom.Modules.PolicyFramework.csproj]
/Users/kady/Masterdom/src/Masterdom.Modules.PolicyFramework/Application/Handlers/Commands/ArchivePolicyCommandHandler.cs(12,12): warning CS1591: Missing XML comment for publicly visible type or member 'ArchivePolicyCommandHandler.ArchivePolicyCommandHandler(IPolicyFrameworkApplicationService)' [/Users/kady/Masterdom/src/Masterdom.Modules.PolicyFramework/Masterdom.Modules.PolicyFramework.csproj]
/Users/kady/Masterdom/src/Masterdom.Modules.PolicyFramework/Application/Handlers/Commands/ArchivePolicyCommandHandler.cs(17,45): warning CS1591: Missing XML comment for publicly visible type or member 'ArchivePolicyCommandHandler.Handle(ArchivePolicyCommand)' [/Users/kady/Masterdom/src/Masterdom.Modules.PolicyFramework/Masterdom.Modules.PolicyFramework.csproj]
/Users/kady/Masterdom/src/Masterdom.Modules.PolicyFramework/Application/Handlers/Commands/AssignPolicyCommandHandler.cs(8,21): warning CS1591: Missing XML comment for publicly visible type or member 'AssignPolicyCommandHandler' [/Users/kady/Masterdom/src/Masterdom.Modules.PolicyFramework/Masterdom.Modules.PolicyFramework.csproj]
/Users/kady/Masterdom/src/Masterdom.Modules.PolicyFramework/Application/Handlers/Commands/AssignPolicyCommandHandler.cs(12,12): warning CS1591: Missing XML comment for publicly visible type or member 'AssignPolicyCommandHandler.AssignPolicyCommandHandler(IPolicyFrameworkApplicationService)' [/Users/kady/Masterdom/src/Masterdom.Modules.PolicyFramework/Masterdom.Modules.PolicyFramework.csproj]
/Users/kady/Masterdom/src/Masterdom.Modules.PolicyFramework/Application/Handlers/Commands/AssignPolicyCommandHandler.cs(17,45): warning CS1591: Missing XML comment for publicly visible type or member 'AssignPolicyCommandHandler.Handle(AssignPolicyCommand)' [/Users/kady/Masterdom/src/Masterdom.Modules.PolicyFramework/Masterdom.Modules.PolicyFramework.csproj]
/Users/kady/Masterdom/src/Masterdom.Modules.PolicyFramework/Application/Handlers/Commands/CreatePolicyCommandHandler.cs(8,21): warning CS1591: Missing XML comment for publicly visible type or member 'CreatePolicyCommandHandler' [/Users/kady/Masterdom/src/Masterdom.Modules.PolicyFramework/Masterdom.Modules.PolicyFramework.csproj]
/Users/kady/Masterdom/src/Masterdom.Modules.PolicyFramework/Application/Handlers/Commands/CreatePolicyCommandHandler.cs(12,12): warning CS1591: Missing XML comment for publicly visible type or member 'CreatePolicyCommandHandler.CreatePolicyCommandHandler(IPolicyFrameworkApplicationService)' [/Users/kady/Masterdom/src/Masterdom.Modules.PolicyFramework/Masterdom.Modules.PolicyFramework.csproj]
/Users/kady/Masterdom/src/Masterdom.Modules.PolicyFramework/Application/Handlers/Commands/CreatePolicyCommandHandler.cs(17,45): warning CS1591: Missing XML comment for publicly visible type or member 'CreatePolicyCommandHandler.Handle(CreatePolicyCommand)' [/Users/kady/Masterdom/src/Masterdom.Modules.PolicyFramework/Masterdom.Modules.PolicyFramework.csproj]
/Users/kady/Masterdom/src/Masterdom.Modules.PolicyFramework/Application/Handlers/Commands/CreatePolicyVersionCommandHandler.cs(8,21): warning CS1591: Missing XML comment for publicly visible type or member 'CreatePolicyVersionCommandHandler' [/Users/kady/Masterdom/src/Masterdom.Modules.PolicyFramework/Masterdom.Modules.PolicyFramework.csproj]
/Users/kady/Masterdom/src/Masterdom.Modules.PolicyFramework/Application/Handlers/Commands/CreatePolicyVersionCommandHandler.cs(12,12): warning CS1591: Missing XML comment for publicly visible type or member 'CreatePolicyVersionCommandHandler.CreatePolicyVersionCommandHandler(IPolicyFrameworkApplicationService)' [/Users/kady/Masterdom/src/Masterdom.Modules.PolicyFramework/Masterdom.Modules.PolicyFramework.csproj]
/Users/kady/Masterdom/src/Masterdom.Modules.PolicyFramework/Application/Handlers/Commands/CreatePolicyVersionCommandHandler.cs(17,45): warning CS1591: Missing XML comment for publicly visible type or member 'CreatePolicyVersionCommandHandler.Handle(CreatePolicyVersionCommand)' [/Users/kady/Masterdom/src/Masterdom.Modules.PolicyFramework/Masterdom.Modules.PolicyFramework.csproj]
/Users/kady/Masterdom/src/Masterdom.Modules.PolicyFramework/Application/Handlers/Commands/ExpirePolicyCommandHandler.cs(8,21): warning CS1591: Missing XML comment for publicly visible type or member 'ExpirePolicyCommandHandler' [/Users/kady/Masterdom/src/Masterdom.Modules.PolicyFramework/Masterdom.Modules.PolicyFramework.csproj]
/Users/kady/Masterdom/src/Masterdom.Modules.PolicyFramework/Application/Handlers/Commands/ExpirePolicyCommandHandler.cs(12,12): warning CS1591: Missing XML comment for publicly visible type or member 'ExpirePolicyCommandHandler.ExpirePolicyCommandHandler(IPolicyFrameworkApplicationService)' [/Users/kady/Masterdom/src/Masterdom.Modules.PolicyFramework/Masterdom.Modules.PolicyFramework.csproj]
/Users/kady/Masterdom/src/Masterdom.Modules.PolicyFramework/Application/Handlers/Commands/ExpirePolicyCommandHandler.cs(17,45): warning CS1591: Missing XML comment for publicly visible type or member 'ExpirePolicyCommandHandler.Handle(ExpirePolicyCommand)' [/Users/kady/Masterdom/src/Masterdom.Modules.PolicyFramework/Masterdom.Modules.PolicyFramework.csproj]
/Users/kady/Masterdom/src/Masterdom.Modules.PolicyFramework/Application/Handlers/Queries/GetApplicablePolicyQueryHandler.cs(8,21): warning CS1591: Missing XML comment for publicly visible type or member 'GetApplicablePolicyQueryHandler' [/Users/kady/Masterdom/src/Masterdom.Modules.PolicyFramework/Masterdom.Modules.PolicyFramework.csproj]
/Users/kady/Masterdom/src/Masterdom.Modules.PolicyFramework/Application/Handlers/Queries/GetApplicablePolicyQueryHandler.cs(12,12): warning CS1591: Missing XML comment for publicly visible type or member 'GetApplicablePolicyQueryHandler.GetApplicablePolicyQueryHandler(IPolicyFrameworkApplicationService)' [/Users/kady/Masterdom/src/Masterdom.Modules.PolicyFramework/Masterdom.Modules.PolicyFramework.csproj]
/Users/kady/Masterdom/src/Masterdom.Modules.PolicyFramework/Application/Handlers/Queries/GetApplicablePolicyQueryHandler.cs(17,45): warning CS1591: Missing XML comment for publicly visible type or member 'GetApplicablePolicyQueryHandler.Handle(GetApplicablePolicyQuery)' [/Users/kady/Masterdom/src/Masterdom.Modules.PolicyFramework/Masterdom.Modules.PolicyFramework.csproj]
/Users/kady/Masterdom/src/Masterdom.Modules.PolicyFramework/Application/Handlers/Queries/GetPolicyByIdQueryHandler.cs(8,21): warning CS1591: Missing XML comment for publicly visible type or member 'GetPolicyByIdQueryHandler' [/Users/kady/Masterdom/src/Masterdom.Modules.PolicyFramework/Masterdom.Modules.PolicyFramework.csproj]
/Users/kady/Masterdom/src/Masterdom.Modules.PolicyFramework/Application/Handlers/Queries/GetPolicyByIdQueryHandler.cs(12,12): warning CS1591: Missing XML comment for publicly visible type or member 'GetPolicyByIdQueryHandler.GetPolicyByIdQueryHandler(IPolicyFrameworkApplicationService)' [/Users/kady/Masterdom/src/Masterdom.Modules.PolicyFramework/Masterdom.Modules.PolicyFramework.csproj]
/Users/kady/Masterdom/src/Masterdom.Modules.PolicyFramework/Application/Handlers/Queries/GetPolicyByIdQueryHandler.cs(17,45): warning CS1591: Missing XML comment for publicly visible type or member 'GetPolicyByIdQueryHandler.Handle(GetPolicyByIdQuery)' [/Users/kady/Masterdom/src/Masterdom.Modules.PolicyFramework/Masterdom.Modules.PolicyFramework.csproj]
/Users/kady/Masterdom/src/Masterdom.Modules.PolicyFramework/Application/Queries/GetApplicablePolicyQuery.cs(5,22): warning CS1591: Missing XML comment for publicly visible type or member 'GetApplicablePolicyQuery' [/Users/kady/Masterdom/src/Masterdom.Modules.PolicyFramework/Masterdom.Modules.PolicyFramework.csproj]
/Users/kady/Masterdom/src/Masterdom.Modules.PolicyFramework/Application/Queries/GetApplicablePolicyQuery.cs(5,22): warning CS1591: Missing XML comment for publicly visible type or member 'GetApplicablePolicyQuery.GetApplicablePolicyQuery(PolicyType, PolicyScope, DateOnly, string?)' [/Users/kady/Masterdom/src/Masterdom.Modules.PolicyFramework/Masterdom.Modules.PolicyFramework.csproj]
/Users/kady/Masterdom/src/Masterdom.Modules.PolicyFramework/Application/Queries/GetApplicablePolicyQuery.cs(6,16): warning CS1591: Missing XML comment for publicly visible type or member 'GetApplicablePolicyQuery.PolicyType' [/Users/kady/Masterdom/src/Masterdom.Modules.PolicyFramework/Masterdom.Modules.PolicyFramework.csproj]
/Users/kady/Masterdom/src/Masterdom.Modules.PolicyFramework/Application/Queries/GetApplicablePolicyQuery.cs(7,17): warning CS1591: Missing XML comment for publicly visible type or member 'GetApplicablePolicyQuery.Scope' [/Users/kady/Masterdom/src/Masterdom.Modules.PolicyFramework/Masterdom.Modules.PolicyFramework.csproj]
/Users/kady/Masterdom/src/Masterdom.Modules.PolicyFramework/Application/Queries/GetApplicablePolicyQuery.cs(8,14): warning CS1591: Missing XML comment for publicly visible type or member 'GetApplicablePolicyQuery.AsOfDate' [/Users/kady/Masterdom/src/Masterdom.Modules.PolicyFramework/Masterdom.Modules.PolicyFramework.csproj]
/Users/kady/Masterdom/src/Masterdom.Modules.PolicyFramework/Application/Queries/GetPolicyByIdQuery.cs(5,22): warning CS1591: Missing XML comment for publicly visible type or member 'GetPolicyByIdQuery' [/Users/kady/Masterdom/src/Masterdom.Modules.PolicyFramework/Masterdom.Modules.PolicyFramework.csproj]
/Users/kady/Masterdom/src/Masterdom.Modules.PolicyFramework/Application/Queries/GetPolicyByIdQuery.cs(5,22): warning CS1591: Missing XML comment for publicly visible type or member 'GetPolicyByIdQuery.GetPolicyByIdQuery(PolicyId)' [/Users/kady/Masterdom/src/Masterdom.Modules.PolicyFramework/Masterdom.Modules.PolicyFramework.csproj]
/Users/kady/Masterdom/src/Masterdom.Modules.PolicyFramework/Application/Queries/GetPolicyByIdQuery.cs(5,50): warning CS1591: Missing XML comment for publicly visible type or member 'GetPolicyByIdQuery.PolicyId' [/Users/kady/Masterdom/src/Masterdom.Modules.PolicyFramework/Masterdom.Modules.PolicyFramework.csproj]
/Users/kady/Masterdom/src/Masterdom.Modules.PolicyFramework/Application/Services/IPolicyFrameworkApplicationService.cs(7,18): warning CS1591: Missing XML comment for publicly visible type or member 'IPolicyFrameworkApplicationService' [/Users/kady/Masterdom/src/Masterdom.Modules.PolicyFramework/Masterdom.Modules.PolicyFramework.csproj]
/Users/kady/Masterdom/src/Masterdom.Modules.PolicyFramework/Application/Services/IPolicyFrameworkApplicationService.cs(9,21): warning CS1591: Missing XML comment for publicly visible type or member 'IPolicyFrameworkApplicationService.CreatePolicy(CreatePolicyCommand)' [/Users/kady/Masterdom/src/Masterdom.Modules.PolicyFramework/Masterdom.Modules.PolicyFramework.csproj]
/Users/kady/Masterdom/src/Masterdom.Modules.PolicyFramework/Application/Services/IPolicyFrameworkApplicationService.cs(11,21): warning CS1591: Missing XML comment for publicly visible type or member 'IPolicyFrameworkApplicationService.CreatePolicyVersion(CreatePolicyVersionCommand)' [/Users/kady/Masterdom/src/Masterdom.Modules.PolicyFramework/Masterdom.Modules.PolicyFramework.csproj]
/Users/kady/Masterdom/src/Masterdom.Modules.PolicyFramework/Application/Services/IPolicyFrameworkApplicationService.cs(13,21): warning CS1591: Missing XML comment for publicly visible type or member 'IPolicyFrameworkApplicationService.ActivatePolicyVersion(ActivatePolicyVersionCommand)' [/Users/kady/Masterdom/src/Masterdom.Modules.PolicyFramework/Masterdom.Modules.PolicyFramework.csproj]
/Users/kady/Masterdom/src/Masterdom.Modules.PolicyFramework/Application/Services/IPolicyFrameworkApplicationService.cs(15,21): warning CS1591: Missing XML comment for publicly visible type or member 'IPolicyFrameworkApplicationService.ExpirePolicy(ExpirePolicyCommand)' [/Users/kady/Masterdom/src/Masterdom.Modules.PolicyFramework/Masterdom.Modules.PolicyFramework.csproj]
/Users/kady/Masterdom/src/Masterdom.Modules.PolicyFramework/Application/Services/IPolicyFrameworkApplicationService.cs(17,21): warning CS1591: Missing XML comment for publicly visible type or member 'IPolicyFrameworkApplicationService.ArchivePolicy(ArchivePolicyCommand)' [/Users/kady/Masterdom/src/Masterdom.Modules.PolicyFramework/Masterdom.Modules.PolicyFramework.csproj]
/Users/kady/Masterdom/src/Masterdom.Modules.PolicyFramework/Application/Services/IPolicyFrameworkApplicationService.cs(19,21): warning CS1591: Missing XML comment for publicly visible type or member 'IPolicyFrameworkApplicationService.AssignPolicy(AssignPolicyCommand)' [/Users/kady/Masterdom/src/Masterdom.Modules.PolicyFramework/Masterdom.Modules.PolicyFramework.csproj]
/Users/kady/Masterdom/src/Masterdom.Modules.PolicyFramework/Application/Services/IPolicyFrameworkApplicationService.cs(21,22): warning CS1591: Missing XML comment for publicly visible type or member 'IPolicyFrameworkApplicationService.GetPolicy(GetPolicyByIdQuery)' [/Users/kady/Masterdom/src/Masterdom.Modules.PolicyFramework/Masterdom.Modules.PolicyFramework.csproj]
/Users/kady/Masterdom/src/Masterdom.Modules.PolicyFramework/Application/Services/IPolicyFrameworkApplicationService.cs(23,22): warning CS1591: Missing XML comment for publicly visible type or member 'IPolicyFrameworkApplicationService.GetApplicablePolicy(GetApplicablePolicyQuery)' [/Users/kady/Masterdom/src/Masterdom.Modules.PolicyFramework/Masterdom.Modules.PolicyFramework.csproj]
/Users/kady/Masterdom/src/Masterdom.Modules.PolicyFramework/Application/Services/PolicyFrameworkApplicationService.cs(10,21): warning CS1591: Missing XML comment for publicly visible type or member 'PolicyFrameworkApplicationService' [/Users/kady/Masterdom/src/Masterdom.Modules.PolicyFramework/Masterdom.Modules.PolicyFramework.csproj]
/Users/kady/Masterdom/src/Masterdom.Modules.PolicyFramework/Application/Services/PolicyFrameworkApplicationService.cs(16,12): warning CS1591: Missing XML comment for publicly visible type or member 'PolicyFrameworkApplicationService.PolicyFrameworkApplicationService(IPolicyRepository, IPolicyFrameworkUnitOfWork, IPolicyFrameworkPlatformOrchestrator)' [/Users/kady/Masterdom/src/Masterdom.Modules.PolicyFramework/Masterdom.Modules.PolicyFramework.csproj]
/Users/kady/Masterdom/src/Masterdom.Modules.PolicyFramework/Application/Services/PolicyFrameworkApplicationService.cs(26,28): warning CS1591: Missing XML comment for publicly visible type or member 'PolicyFrameworkApplicationService.CreatePolicy(CreatePolicyCommand)' [/Users/kady/Masterdom/src/Masterdom.Modules.PolicyFramework/Masterdom.Modules.PolicyFramework.csproj]
/Users/kady/Masterdom/src/Masterdom.Modules.PolicyFramework/Application/Services/PolicyFrameworkApplicationService.cs(47,28): warning CS1591: Missing XML comment for publicly visible type or member 'PolicyFrameworkApplicationService.CreatePolicyVersion(CreatePolicyVersionCommand)' [/Users/kady/Masterdom/src/Masterdom.Modules.PolicyFramework/Masterdom.Modules.PolicyFramework.csproj]
/Users/kady/Masterdom/src/Masterdom.Modules.PolicyFramework/Application/Services/PolicyFrameworkApplicationService.cs(64,28): warning CS1591: Missing XML comment for publicly visible type or member 'PolicyFrameworkApplicationService.ActivatePolicyVersion(ActivatePolicyVersionCommand)' [/Users/kady/Masterdom/src/Masterdom.Modules.PolicyFramework/Masterdom.Modules.PolicyFramework.csproj]
/Users/kady/Masterdom/src/Masterdom.Modules.PolicyFramework/Application/Services/PolicyFrameworkApplicationService.cs(77,28): warning CS1591: Missing XML comment for publicly visible type or member 'PolicyFrameworkApplicationService.ExpirePolicy(ExpirePolicyCommand)' [/Users/kady/Masterdom/src/Masterdom.Modules.PolicyFramework/Masterdom.Modules.PolicyFramework.csproj]
/Users/kady/Masterdom/src/Masterdom.Modules.PolicyFramework/Application/Services/PolicyFrameworkApplicationService.cs(90,28): warning CS1591: Missing XML comment for publicly visible type or member 'PolicyFrameworkApplicationService.ArchivePolicy(ArchivePolicyCommand)' [/Users/kady/Masterdom/src/Masterdom.Modules.PolicyFramework/Masterdom.Modules.PolicyFramework.csproj]
/Users/kady/Masterdom/src/Masterdom.Modules.PolicyFramework/Application/Services/PolicyFrameworkApplicationService.cs(103,28): warning CS1591: Missing XML comment for publicly visible type or member 'PolicyFrameworkApplicationService.AssignPolicy(AssignPolicyCommand)' [/Users/kady/Masterdom/src/Masterdom.Modules.PolicyFramework/Masterdom.Modules.PolicyFramework.csproj]
/Users/kady/Masterdom/src/Masterdom.Modules.PolicyFramework/Application/Services/PolicyFrameworkApplicationService.cs(116,29): warning CS1591: Missing XML comment for publicly visible type or member 'PolicyFrameworkApplicationService.GetPolicy(GetPolicyByIdQuery)' [/Users/kady/Masterdom/src/Masterdom.Modules.PolicyFramework/Masterdom.Modules.PolicyFramework.csproj]
/Users/kady/Masterdom/src/Masterdom.Modules.PolicyFramework/Application/Services/PolicyFrameworkApplicationService.cs(122,29): warning CS1591: Missing XML comment for publicly visible type or member 'PolicyFrameworkApplicationService.GetApplicablePolicy(GetApplicablePolicyQuery)' [/Users/kady/Masterdom/src/Masterdom.Modules.PolicyFramework/Masterdom.Modules.PolicyFramework.csproj]
/Users/kady/Masterdom/src/Masterdom.Modules.PolicyFramework/Application/Support/ExecutionResult.cs(3,14): warning CS1591: Missing XML comment for publicly visible type or member 'ExecutionResult' [/Users/kady/Masterdom/src/Masterdom.Modules.PolicyFramework/Masterdom.Modules.PolicyFramework.csproj]
/Users/kady/Masterdom/src/Masterdom.Modules.PolicyFramework/Application/Support/ExecutionResult.cs(5,15): warning CS1591: Missing XML comment for publicly visible type or member 'ExecutionResult.ExecutionResult(bool, string?, string?)' [/Users/kady/Masterdom/src/Masterdom.Modules.PolicyFramework/Masterdom.Modules.PolicyFramework.csproj]
/Users/kady/Masterdom/src/Masterdom.Modules.PolicyFramework/Application/Support/ExecutionResult.cs(12,17): warning CS1591: Missing XML comment for publicly visible type or member 'ExecutionResult.IsSuccess' [/Users/kady/Masterdom/src/Masterdom.Modules.PolicyFramework/Masterdom.Modules.PolicyFramework.csproj]
/Users/kady/Masterdom/src/Masterdom.Modules.PolicyFramework/Application/Support/ExecutionResult.cs(14,20): warning CS1591: Missing XML comment for publicly visible type or member 'ExecutionResult.ErrorCode' [/Users/kady/Masterdom/src/Masterdom.Modules.PolicyFramework/Masterdom.Modules.PolicyFramework.csproj]
/Users/kady/Masterdom/src/Masterdom.Modules.PolicyFramework/Application/Support/ExecutionResult.cs(16,20): warning CS1591: Missing XML comment for publicly visible type or member 'ExecutionResult.ErrorMessage' [/Users/kady/Masterdom/src/Masterdom.Modules.PolicyFramework/Masterdom.Modules.PolicyFramework.csproj]
/Users/kady/Masterdom/src/Masterdom.Modules.PolicyFramework/Application/Support/ExecutionResult.cs(18,35): warning CS1591: Missing XML comment for publicly visible type or member 'ExecutionResult.Success()' [/Users/kady/Masterdom/src/Masterdom.Modules.PolicyFramework/Masterdom.Modules.PolicyFramework.csproj]
/Users/kady/Masterdom/src/Masterdom.Modules.PolicyFramework/Application/Support/ExecutionResult.cs(23,35): warning CS1591: Missing XML comment for publicly visible type or member 'ExecutionResult.Failure(string, string)' [/Users/kady/Masterdom/src/Masterdom.Modules.PolicyFramework/Masterdom.Modules.PolicyFramework.csproj]
/Users/kady/Masterdom/src/Masterdom.Modules.PolicyFramework/Application/Support/ExecutionResult.cs(32,21): warning CS1591: Missing XML comment for publicly visible type or member 'ExecutionResult<T>' [/Users/kady/Masterdom/src/Masterdom.Modules.PolicyFramework/Masterdom.Modules.PolicyFramework.csproj]
/Users/kady/Masterdom/src/Masterdom.Modules.PolicyFramework/Application/Support/ExecutionResult.cs(40,15): warning CS1591: Missing XML comment for publicly visible type or member 'ExecutionResult<T>.Value' [/Users/kady/Masterdom/src/Masterdom.Modules.PolicyFramework/Masterdom.Modules.PolicyFramework.csproj]
/Users/kady/Masterdom/src/Masterdom.Modules.PolicyFramework/Application/Support/ExecutionResult.cs(42,38): warning CS1591: Missing XML comment for publicly visible type or member 'ExecutionResult<T>.Success(T)' [/Users/kady/Masterdom/src/Masterdom.Modules.PolicyFramework/Masterdom.Modules.PolicyFramework.csproj]
/Users/kady/Masterdom/src/Masterdom.Modules.PolicyFramework/Application/Support/ExecutionResult.cs(48,38): warning CS1591: Missing XML comment for publicly visible type or member 'ExecutionResult<T>.Failure(string, string)' [/Users/kady/Masterdom/src/Masterdom.Modules.PolicyFramework/Masterdom.Modules.PolicyFramework.csproj]
/Users/kady/Masterdom/src/Masterdom.Modules.PolicyFramework/Application/Support/ICommandHandler.cs(3,18): warning CS1591: Missing XML comment for publicly visible type or member 'ICommandHandler<TCommand, TResult>' [/Users/kady/Masterdom/src/Masterdom.Modules.PolicyFramework/Masterdom.Modules.PolicyFramework.csproj]
/Users/kady/Masterdom/src/Masterdom.Modules.PolicyFramework/Application/Support/ICommandHandler.cs(5,13): warning CS1591: Missing XML comment for publicly visible type or member 'ICommandHandler<TCommand, TResult>.Handle(TCommand)' [/Users/kady/Masterdom/src/Masterdom.Modules.PolicyFramework/Masterdom.Modules.PolicyFramework.csproj]
/Users/kady/Masterdom/src/Masterdom.Modules.PolicyFramework/Application/Support/IPolicyFrameworkPlatformOrchestrator.cs(5,18): warning CS1591: Missing XML comment for publicly visible type or member 'IPolicyFrameworkPlatformOrchestrator' [/Users/kady/Masterdom/src/Masterdom.Modules.PolicyFramework/Masterdom.Modules.PolicyFramework.csproj]
/Users/kady/Masterdom/src/Masterdom.Modules.PolicyFramework/Application/Support/IPolicyFrameworkPlatformOrchestrator.cs(7,10): warning CS1591: Missing XML comment for publicly visible type or member 'IPolicyFrameworkPlatformOrchestrator.OnPolicyMutated(Policy, string)' [/Users/kady/Masterdom/src/Masterdom.Modules.PolicyFramework/Masterdom.Modules.PolicyFramework.csproj]
/Users/kady/Masterdom/src/Masterdom.Modules.PolicyFramework/Application/Support/IPolicyFrameworkUnitOfWork.cs(3,18): warning CS1591: Missing XML comment for publicly visible type or member 'IPolicyFrameworkUnitOfWork' [/Users/kady/Masterdom/src/Masterdom.Modules.PolicyFramework/Masterdom.Modules.PolicyFramework.csproj]
/Users/kady/Masterdom/src/Masterdom.Modules.PolicyFramework/Application/Support/IPolicyFrameworkUnitOfWork.cs(5,10): warning CS1591: Missing XML comment for publicly visible type or member 'IPolicyFrameworkUnitOfWork.Execute(Action)' [/Users/kady/Masterdom/src/Masterdom.Modules.PolicyFramework/Masterdom.Modules.PolicyFramework.csproj]
/Users/kady/Masterdom/src/Masterdom.Modules.PolicyFramework/Application/Support/IQueryHandler.cs(3,18): warning CS1591: Missing XML comment for publicly visible type or member 'IQueryHandler<TQuery, TResult>' [/Users/kady/Masterdom/src/Masterdom.Modules.PolicyFramework/Masterdom.Modules.PolicyFramework.csproj]
/Users/kady/Masterdom/src/Masterdom.Modules.PolicyFramework/Application/Support/IQueryHandler.cs(5,13): warning CS1591: Missing XML comment for publicly visible type or member 'IQueryHandler<TQuery, TResult>.Handle(TQuery)' [/Users/kady/Masterdom/src/Masterdom.Modules.PolicyFramework/Masterdom.Modules.PolicyFramework.csproj]
/Users/kady/Masterdom/src/Masterdom.Modules.PolicyFramework/Domain/Entities/PolicyFramework/EffectiveDateRange.cs(5,21): warning CS1591: Missing XML comment for publicly visible type or member 'EffectiveDateRange' [/Users/kady/Masterdom/src/Masterdom.Modules.PolicyFramework/Masterdom.Modules.PolicyFramework.csproj]
/Users/kady/Masterdom/src/Masterdom.Modules.PolicyFramework/Domain/Entities/PolicyFramework/EffectiveDateRange.cs(13,21): warning CS1591: Missing XML comment for publicly visible type or member 'EffectiveDateRange.StartDate' [/Users/kady/Masterdom/src/Masterdom.Modules.PolicyFramework/Masterdom.Modules.PolicyFramework.csproj]
/Users/kady/Masterdom/src/Masterdom.Modules.PolicyFramework/Domain/Entities/PolicyFramework/EffectiveDateRange.cs(15,22): warning CS1591: Missing XML comment for publicly visible type or member 'EffectiveDateRange.EndDate' [/Users/kady/Masterdom/src/Masterdom.Modules.PolicyFramework/Masterdom.Modules.PolicyFramework.csproj]
/Users/kady/Masterdom/src/Masterdom.Modules.PolicyFramework/Domain/Entities/PolicyFramework/EffectiveDateRange.cs(17,38): warning CS1591: Missing XML comment for publicly visible type or member 'EffectiveDateRange.Create(DateOnly, DateOnly?)' [/Users/kady/Masterdom/src/Masterdom.Modules.PolicyFramework/Masterdom.Modules.PolicyFramework.csproj]
/Users/kady/Masterdom/src/Masterdom.Modules.PolicyFramework/Domain/Entities/PolicyFramework/EffectiveDateRange.cs(27,17): warning CS1591: Missing XML comment for publicly visible type or member 'EffectiveDateRange.Contains(DateOnly)' [/Users/kady/Masterdom/src/Masterdom.Modules.PolicyFramework/Masterdom.Modules.PolicyFramework.csproj]
/Users/kady/Masterdom/src/Masterdom.Modules.PolicyFramework/Domain/Entities/PolicyFramework/EffectiveDateRange.cs(32,17): warning CS1591: Missing XML comment for publicly visible type or member 'EffectiveDateRange.Overlaps(EffectiveDateRange)' [/Users/kady/Masterdom/src/Masterdom.Modules.PolicyFramework/Masterdom.Modules.PolicyFramework.csproj]
/Users/kady/Masterdom/src/Masterdom.Modules.PolicyFramework/Domain/Entities/PolicyFramework/EffectiveDateRange.cs(42,45): warning CS1591: Missing XML comment for publicly visible type or member 'EffectiveDateRange.GetEqualityComponents()' [/Users/kady/Masterdom/src/Masterdom.Modules.PolicyFramework/Masterdom.Modules.PolicyFramework.csproj]
/Users/kady/Masterdom/src/Masterdom.Modules.PolicyFramework/Domain/Entities/PolicyFramework/Events/PolicyActivatedDomainEvent.cs(5,22): warning CS1591: Missing XML comment for publicly visible type or member 'PolicyActivatedDomainEvent' [/Users/kady/Masterdom/src/Masterdom.Modules.PolicyFramework/Masterdom.Modules.PolicyFramework.csproj]
/Users/kady/Masterdom/src/Masterdom.Modules.PolicyFramework/Domain/Entities/PolicyFramework/Events/PolicyActivatedDomainEvent.cs(5,22): warning CS1591: Missing XML comment for publicly visible type or member 'PolicyActivatedDomainEvent.PolicyActivatedDomainEvent(PolicyId, int, DateTime)' [/Users/kady/Masterdom/src/Masterdom.Modules.PolicyFramework/Masterdom.Modules.PolicyFramework.csproj]
/Users/kady/Masterdom/src/Masterdom.Modules.PolicyFramework/Domain/Entities/PolicyFramework/Events/PolicyActivatedDomainEvent.cs(6,14): warning CS1591: Missing XML comment for publicly visible type or member 'PolicyActivatedDomainEvent.PolicyId' [/Users/kady/Masterdom/src/Masterdom.Modules.PolicyFramework/Masterdom.Modules.PolicyFramework.csproj]
/Users/kady/Masterdom/src/Masterdom.Modules.PolicyFramework/Domain/Entities/PolicyFramework/Events/PolicyActivatedDomainEvent.cs(7,9): warning CS1591: Missing XML comment for publicly visible type or member 'PolicyActivatedDomainEvent.VersionNumber' [/Users/kady/Masterdom/src/Masterdom.Modules.PolicyFramework/Masterdom.Modules.PolicyFramework.csproj]
/Users/kady/Masterdom/src/Masterdom.Modules.PolicyFramework/Domain/Entities/PolicyFramework/Events/PolicyActivatedDomainEvent.cs(8,14): warning CS1591: Missing XML comment for publicly visible type or member 'PolicyActivatedDomainEvent.OccurredOnUtc' [/Users/kady/Masterdom/src/Masterdom.Modules.PolicyFramework/Masterdom.Modules.PolicyFramework.csproj]
/Users/kady/Masterdom/src/Masterdom.Modules.PolicyFramework/Domain/Entities/PolicyFramework/Events/PolicyArchivedDomainEvent.cs(5,22): warning CS1591: Missing XML comment for publicly visible type or member 'PolicyArchivedDomainEvent' [/Users/kady/Masterdom/src/Masterdom.Modules.PolicyFramework/Masterdom.Modules.PolicyFramework.csproj]
/Users/kady/Masterdom/src/Masterdom.Modules.PolicyFramework/Domain/Entities/PolicyFramework/Events/PolicyArchivedDomainEvent.cs(5,22): warning CS1591: Missing XML comment for publicly visible type or member 'PolicyArchivedDomainEvent.PolicyArchivedDomainEvent(PolicyId, string, DateTime)' [/Users/kady/Masterdom/src/Masterdom.Modules.PolicyFramework/Masterdom.Modules.PolicyFramework.csproj]
/Users/kady/Masterdom/src/Masterdom.Modules.PolicyFramework/Domain/Entities/PolicyFramework/Events/PolicyArchivedDomainEvent.cs(6,14): warning CS1591: Missing XML comment for publicly visible type or member 'PolicyArchivedDomainEvent.PolicyId' [/Users/kady/Masterdom/src/Masterdom.Modules.PolicyFramework/Masterdom.Modules.PolicyFramework.csproj]
/Users/kady/Masterdom/src/Masterdom.Modules.PolicyFramework/Domain/Entities/PolicyFramework/Events/PolicyArchivedDomainEvent.cs(7,12): warning CS1591: Missing XML comment for publicly visible type or member 'PolicyArchivedDomainEvent.Reason' [/Users/kady/Masterdom/src/Masterdom.Modules.PolicyFramework/Masterdom.Modules.PolicyFramework.csproj]
/Users/kady/Masterdom/src/Masterdom.Modules.PolicyFramework/Domain/Entities/PolicyFramework/Events/PolicyArchivedDomainEvent.cs(8,14): warning CS1591: Missing XML comment for publicly visible type or member 'PolicyArchivedDomainEvent.OccurredOnUtc' [/Users/kady/Masterdom/src/Masterdom.Modules.PolicyFramework/Masterdom.Modules.PolicyFramework.csproj]
/Users/kady/Masterdom/src/Masterdom.Modules.PolicyFramework/Domain/Entities/PolicyFramework/Events/PolicyCreatedDomainEvent.cs(5,22): warning CS1591: Missing XML comment for publicly visible type or member 'PolicyCreatedDomainEvent' [/Users/kady/Masterdom/src/Masterdom.Modules.PolicyFramework/Masterdom.Modules.PolicyFramework.csproj]
/Users/kady/Masterdom/src/Masterdom.Modules.PolicyFramework/Domain/Entities/PolicyFramework/Events/PolicyCreatedDomainEvent.cs(5,22): warning CS1591: Missing XML comment for publicly visible type or member 'PolicyCreatedDomainEvent.PolicyCreatedDomainEvent(PolicyId, string, string, string, string, DateTime)' [/Users/kady/Masterdom/src/Masterdom.Modules.PolicyFramework/Masterdom.Modules.PolicyFramework.csproj]
/Users/kady/Masterdom/src/Masterdom.Modules.PolicyFramework/Domain/Entities/PolicyFramework/Events/PolicyCreatedDomainEvent.cs(6,14): warning CS1591: Missing XML comment for publicly visible type or member 'PolicyCreatedDomainEvent.PolicyId' [/Users/kady/Masterdom/src/Masterdom.Modules.PolicyFramework/Masterdom.Modules.PolicyFramework.csproj]
/Users/kady/Masterdom/src/Masterdom.Modules.PolicyFramework/Domain/Entities/PolicyFramework/Events/PolicyCreatedDomainEvent.cs(7,12): warning CS1591: Missing XML comment for publicly visible type or member 'PolicyCreatedDomainEvent.PolicyType' [/Users/kady/Masterdom/src/Masterdom.Modules.PolicyFramework/Masterdom.Modules.PolicyFramework.csproj]
/Users/kady/Masterdom/src/Masterdom.Modules.PolicyFramework/Domain/Entities/PolicyFramework/Events/PolicyCreatedDomainEvent.cs(8,12): warning CS1591: Missing XML comment for publicly visible type or member 'PolicyCreatedDomainEvent.PolicyCategory' [/Users/kady/Masterdom/src/Masterdom.Modules.PolicyFramework/Masterdom.Modules.PolicyFramework.csproj]
/Users/kady/Masterdom/src/Masterdom.Modules.PolicyFramework/Domain/Entities/PolicyFramework/Events/PolicyCreatedDomainEvent.cs(9,12): warning CS1591: Missing XML comment for publicly visible type or member 'PolicyCreatedDomainEvent.ScopeKind' [/Users/kady/Masterdom/src/Masterdom.Modules.PolicyFramework/Masterdom.Modules.PolicyFramework.csproj]
/Users/kady/Masterdom/src/Masterdom.Modules.PolicyFramework/Domain/Entities/PolicyFramework/Events/PolicyCreatedDomainEvent.cs(10,12): warning CS1591: Missing XML comment for publicly visible type or member 'PolicyCreatedDomainEvent.ScopeKey' [/Users/kady/Masterdom/src/Masterdom.Modules.PolicyFramework/Masterdom.Modules.PolicyFramework.csproj]
/Users/kady/Masterdom/src/Masterdom.Modules.PolicyFramework/Domain/Entities/PolicyFramework/Events/PolicyCreatedDomainEvent.cs(11,14): warning CS1591: Missing XML comment for publicly visible type or member 'PolicyCreatedDomainEvent.OccurredOnUtc' [/Users/kady/Masterdom/src/Masterdom.Modules.PolicyFramework/Masterdom.Modules.PolicyFramework.csproj]
/Users/kady/Masterdom/src/Masterdom.Modules.PolicyFramework/Domain/Entities/PolicyFramework/Events/PolicyExpiredDomainEvent.cs(5,22): warning CS1591: Missing XML comment for publicly visible type or member 'PolicyExpiredDomainEvent' [/Users/kady/Masterdom/src/Masterdom.Modules.PolicyFramework/Masterdom.Modules.PolicyFramework.csproj]
/Users/kady/Masterdom/src/Masterdom.Modules.PolicyFramework/Domain/Entities/PolicyFramework/Events/PolicyExpiredDomainEvent.cs(5,22): warning CS1591: Missing XML comment for publicly visible type or member 'PolicyExpiredDomainEvent.PolicyExpiredDomainEvent(PolicyId, int, DateTime)' [/Users/kady/Masterdom/src/Masterdom.Modules.PolicyFramework/Masterdom.Modules.PolicyFramework.csproj]
/Users/kady/Masterdom/src/Masterdom.Modules.PolicyFramework/Domain/Entities/PolicyFramework/Events/PolicyExpiredDomainEvent.cs(6,14): warning CS1591: Missing XML comment for publicly visible type or member 'PolicyExpiredDomainEvent.PolicyId' [/Users/kady/Masterdom/src/Masterdom.Modules.PolicyFramework/Masterdom.Modules.PolicyFramework.csproj]
/Users/kady/Masterdom/src/Masterdom.Modules.PolicyFramework/Domain/Entities/PolicyFramework/Events/PolicyExpiredDomainEvent.cs(7,9): warning CS1591: Missing XML comment for publicly visible type or member 'PolicyExpiredDomainEvent.VersionNumber' [/Users/kady/Masterdom/src/Masterdom.Modules.PolicyFramework/Masterdom.Modules.PolicyFramework.csproj]
/Users/kady/Masterdom/src/Masterdom.Modules.PolicyFramework/Domain/Entities/PolicyFramework/Events/PolicyExpiredDomainEvent.cs(8,14): warning CS1591: Missing XML comment for publicly visible type or member 'PolicyExpiredDomainEvent.OccurredOnUtc' [/Users/kady/Masterdom/src/Masterdom.Modules.PolicyFramework/Masterdom.Modules.PolicyFramework.csproj]
/Users/kady/Masterdom/src/Masterdom.Modules.PolicyFramework/Domain/Entities/PolicyFramework/Events/PolicyVersionCreatedDomainEvent.cs(5,22): warning CS1591: Missing XML comment for publicly visible type or member 'PolicyVersionCreatedDomainEvent' [/Users/kady/Masterdom/src/Masterdom.Modules.PolicyFramework/Masterdom.Modules.PolicyFramework.csproj]
/Users/kady/Masterdom/src/Masterdom.Modules.PolicyFramework/Domain/Entities/PolicyFramework/Events/PolicyVersionCreatedDomainEvent.cs(5,22): warning CS1591: Missing XML comment for publicly visible type or member 'PolicyVersionCreatedDomainEvent.PolicyVersionCreatedDomainEvent(PolicyId, int, DateTime)' [/Users/kady/Masterdom/src/Masterdom.Modules.PolicyFramework/Masterdom.Modules.PolicyFramework.csproj]
/Users/kady/Masterdom/src/Masterdom.Modules.PolicyFramework/Domain/Entities/PolicyFramework/Events/PolicyVersionCreatedDomainEvent.cs(6,14): warning CS1591: Missing XML comment for publicly visible type or member 'PolicyVersionCreatedDomainEvent.PolicyId' [/Users/kady/Masterdom/src/Masterdom.Modules.PolicyFramework/Masterdom.Modules.PolicyFramework.csproj]
/Users/kady/Masterdom/src/Masterdom.Modules.PolicyFramework/Domain/Entities/PolicyFramework/Events/PolicyVersionCreatedDomainEvent.cs(7,9): warning CS1591: Missing XML comment for publicly visible type or member 'PolicyVersionCreatedDomainEvent.VersionNumber' [/Users/kady/Masterdom/src/Masterdom.Modules.PolicyFramework/Masterdom.Modules.PolicyFramework.csproj]
/Users/kady/Masterdom/src/Masterdom.Modules.PolicyFramework/Domain/Entities/PolicyFramework/Events/PolicyVersionCreatedDomainEvent.cs(8,14): warning CS1591: Missing XML comment for publicly visible type or member 'PolicyVersionCreatedDomainEvent.OccurredOnUtc' [/Users/kady/Masterdom/src/Masterdom.Modules.PolicyFramework/Masterdom.Modules.PolicyFramework.csproj]
/Users/kady/Masterdom/src/Masterdom.Modules.PolicyFramework/Domain/Entities/PolicyFramework/Policy.cs(8,21): warning CS1591: Missing XML comment for publicly visible type or member 'Policy' [/Users/kady/Masterdom/src/Masterdom.Modules.PolicyFramework/Masterdom.Modules.PolicyFramework.csproj]
/Users/kady/Masterdom/src/Masterdom.Modules.PolicyFramework/Domain/Entities/PolicyFramework/Policy.cs(32,23): warning CS1591: Missing XML comment for publicly visible type or member 'Policy.PolicyType' [/Users/kady/Masterdom/src/Masterdom.Modules.PolicyFramework/Masterdom.Modules.PolicyFramework.csproj]
/Users/kady/Masterdom/src/Masterdom.Modules.PolicyFramework/Domain/Entities/PolicyFramework/Policy.cs(34,27): warning CS1591: Missing XML comment for publicly visible type or member 'Policy.PolicyCategory' [/Users/kady/Masterdom/src/Masterdom.Modules.PolicyFramework/Masterdom.Modules.PolicyFramework.csproj]
/Users/kady/Masterdom/src/Masterdom.Modules.PolicyFramework/Domain/Entities/PolicyFramework/Policy.cs(36,28): warning CS1591: Missing XML comment for publicly visible type or member 'Policy.PolicyReference' [/Users/kady/Masterdom/src/Masterdom.Modules.PolicyFramework/Masterdom.Modules.PolicyFramework.csproj]
/Users/kady/Masterdom/src/Masterdom.Modules.PolicyFramework/Domain/Entities/PolicyFramework/Policy.cs(38,24): warning CS1591: Missing XML comment for publicly visible type or member 'Policy.Scope' [/Users/kady/Masterdom/src/Masterdom.Modules.PolicyFramework/Masterdom.Modules.PolicyFramework.csproj]
/Users/kady/Masterdom/src/Masterdom.Modules.PolicyFramework/Domain/Entities/PolicyFramework/Policy.cs(40,25): warning CS1591: Missing XML comment for publicly visible type or member 'Policy.Status' [/Users/kady/Masterdom/src/Masterdom.Modules.PolicyFramework/Masterdom.Modules.PolicyFramework.csproj]
/Users/kady/Masterdom/src/Masterdom.Modules.PolicyFramework/Domain/Entities/PolicyFramework/Policy.cs(42,21): warning CS1591: Missing XML comment for publicly visible type or member 'Policy.CreatedAtUtc' [/Users/kady/Masterdom/src/Masterdom.Modules.PolicyFramework/Masterdom.Modules.PolicyFramework.csproj]
/Users/kady/Masterdom/src/Masterdom.Modules.PolicyFramework/Domain/Entities/PolicyFramework/Policy.cs(44,22): warning CS1591: Missing XML comment for publicly visible type or member 'Policy.ActivatedAtUtc' [/Users/kady/Masterdom/src/Masterdom.Modules.PolicyFramework/Masterdom.Modules.PolicyFramework.csproj]
/Users/kady/Masterdom/src/Masterdom.Modules.PolicyFramework/Domain/Entities/PolicyFramework/Policy.cs(46,22): warning CS1591: Missing XML comment for publicly visible type or member 'Policy.ExpiredAtUtc' [/Users/kady/Masterdom/src/Masterdom.Modules.PolicyFramework/Masterdom.Modules.PolicyFramework.csproj]
/Users/kady/Masterdom/src/Masterdom.Modules.PolicyFramework/Domain/Entities/PolicyFramework/Policy.cs(48,22): warning CS1591: Missing XML comment for publicly visible type or member 'Policy.ArchivedAtUtc' [/Users/kady/Masterdom/src/Masterdom.Modules.PolicyFramework/Masterdom.Modules.PolicyFramework.csproj]
/Users/kady/Masterdom/src/Masterdom.Modules.PolicyFramework/Domain/Entities/PolicyFramework/Policy.cs(50,20): warning CS1591: Missing XML comment for publicly visible type or member 'Policy.ArchivedReason' [/Users/kady/Masterdom/src/Masterdom.Modules.PolicyFramework/Masterdom.Modules.PolicyFramework.csproj]
/Users/kady/Masterdom/src/Masterdom.Modules.PolicyFramework/Domain/Entities/PolicyFramework/Policy.cs(52,26): warning CS1591: Missing XML comment for publicly visible type or member 'Policy.CurrentVersion' [/Users/kady/Masterdom/src/Masterdom.Modules.PolicyFramework/Masterdom.Modules.PolicyFramework.csproj]
/Users/kady/Masterdom/src/Masterdom.Modules.PolicyFramework/Domain/Entities/PolicyFramework/Policy.cs(56,47): warning CS1591: Missing XML comment for publicly visible type or member 'Policy.Versions' [/Users/kady/Masterdom/src/Masterdom.Modules.PolicyFramework/Masterdom.Modules.PolicyFramework.csproj]
/Users/kady/Masterdom/src/Masterdom.Modules.PolicyFramework/Domain/Entities/PolicyFramework/Policy.cs(58,50): warning CS1591: Missing XML comment for publicly visible type or member 'Policy.Assignments' [/Users/kady/Masterdom/src/Masterdom.Modules.PolicyFramework/Masterdom.Modules.PolicyFramework.csproj]
/Users/kady/Masterdom/src/Masterdom.Modules.PolicyFramework/Domain/Entities/PolicyFramework/Policy.cs(60,48): warning CS1591: Missing XML comment for publicly visible type or member 'Policy.Snapshots' [/Users/kady/Masterdom/src/Masterdom.Modules.PolicyFramework/Masterdom.Modules.PolicyFramework.csproj]
/Users/kady/Masterdom/src/Masterdom.Modules.PolicyFramework/Domain/Entities/PolicyFramework/Policy.cs(62,46): warning CS1591: Missing XML comment for publicly visible type or member 'Policy.DomainEvents' [/Users/kady/Masterdom/src/Masterdom.Modules.PolicyFramework/Masterdom.Modules.PolicyFramework.csproj]
/Users/kady/Masterdom/src/Masterdom.Modules.PolicyFramework/Domain/Entities/PolicyFramework/Policy.cs(64,26): warning CS1591: Missing XML comment for publicly visible type or member 'Policy.Create(PolicyId, PolicyType, PolicyCategory, PolicyReference, PolicyScope, PolicyCondition, PolicyMetadata, EffectiveDateRange, DateTime)' [/Users/kady/Masterdom/src/Masterdom.Modules.PolicyFramework/Masterdom.Modules.PolicyFramework.csproj]
/Users/kady/Masterdom/src/Masterdom.Modules.PolicyFramework/Domain/Entities/PolicyFramework/Policy.cs(106,26): warning CS1591: Missing XML comment for publicly visible type or member 'Policy.CreateVersion(PolicyCondition, PolicyMetadata, EffectiveDateRange, DateTime)' [/Users/kady/Masterdom/src/Masterdom.Modules.PolicyFramework/Masterdom.Modules.PolicyFramework.csproj]
/Users/kady/Masterdom/src/Masterdom.Modules.PolicyFramework/Domain/Entities/PolicyFramework/Policy.cs(140,17): warning CS1591: Missing XML comment for publicly visible type or member 'Policy.ActivateVersion(int, DateTime)' [/Users/kady/Masterdom/src/Masterdom.Modules.PolicyFramework/Masterdom.Modules.PolicyFramework.csproj]
/Users/kady/Masterdom/src/Masterdom.Modules.PolicyFramework/Domain/Entities/PolicyFramework/Policy.cs(170,17): warning CS1591: Missing XML comment for publicly visible type or member 'Policy.Expire(DateTime)' [/Users/kady/Masterdom/src/Masterdom.Modules.PolicyFramework/Masterdom.Modules.PolicyFramework.csproj]
/Users/kady/Masterdom/src/Masterdom.Modules.PolicyFramework/Domain/Entities/PolicyFramework/Policy.cs(192,17): warning CS1591: Missing XML comment for publicly visible type or member 'Policy.Archive(DateTime, string)' [/Users/kady/Masterdom/src/Masterdom.Modules.PolicyFramework/Masterdom.Modules.PolicyFramework.csproj]
/Users/kady/Masterdom/src/Masterdom.Modules.PolicyFramework/Domain/Entities/PolicyFramework/Policy.cs(216,17): warning CS1591: Missing XML comment for publicly visible type or member 'Policy.Assign(PolicyAssignment)' [/Users/kady/Masterdom/src/Masterdom.Modules.PolicyFramework/Masterdom.Modules.PolicyFramework.csproj]
/Users/kady/Masterdom/src/Masterdom.Modules.PolicyFramework/Domain/Entities/PolicyFramework/Policy.cs(236,27): warning CS1591: Missing XML comment for publicly visible type or member 'Policy.ResolveApplicableVersion(PolicyScope, DateOnly)' [/Users/kady/Masterdom/src/Masterdom.Modules.PolicyFramework/Masterdom.Modules.PolicyFramework.csproj]
/Users/kady/Masterdom/src/Masterdom.Modules.PolicyFramework/Domain/Entities/PolicyFramework/Policy.cs(257,17): warning CS1591: Missing XML comment for publicly visible type or member 'Policy.ClearDomainEvents()' [/Users/kady/Masterdom/src/Masterdom.Modules.PolicyFramework/Masterdom.Modules.PolicyFramework.csproj]
/Users/kady/Masterdom/src/Masterdom.Modules.PolicyFramework/Domain/Entities/PolicyFramework/PolicyAssignment.cs(3,21): warning CS1591: Missing XML comment for publicly visible type or member 'PolicyAssignment' [/Users/kady/Masterdom/src/Masterdom.Modules.PolicyFramework/Masterdom.Modules.PolicyFramework.csproj]
/Users/kady/Masterdom/src/Masterdom.Modules.PolicyFramework/Domain/Entities/PolicyFramework/PolicyAssignment.cs(21,17): warning CS1591: Missing XML comment for publicly visible type or member 'PolicyAssignment.AssignmentId' [/Users/kady/Masterdom/src/Masterdom.Modules.PolicyFramework/Masterdom.Modules.PolicyFramework.csproj]
/Users/kady/Masterdom/src/Masterdom.Modules.PolicyFramework/Domain/Entities/PolicyFramework/PolicyAssignment.cs(23,24): warning CS1591: Missing XML comment for publicly visible type or member 'PolicyAssignment.Scope' [/Users/kady/Masterdom/src/Masterdom.Modules.PolicyFramework/Masterdom.Modules.PolicyFramework.csproj]
/Users/kady/Masterdom/src/Masterdom.Modules.PolicyFramework/Domain/Entities/PolicyFramework/PolicyAssignment.cs(25,19): warning CS1591: Missing XML comment for publicly visible type or member 'PolicyAssignment.AssignedEntityType' [/Users/kady/Masterdom/src/Masterdom.Modules.PolicyFramework/Masterdom.Modules.PolicyFramework.csproj]
/Users/kady/Masterdom/src/Masterdom.Modules.PolicyFramework/Domain/Entities/PolicyFramework/PolicyAssignment.cs(27,19): warning CS1591: Missing XML comment for publicly visible type or member 'PolicyAssignment.AssignedEntityId' [/Users/kady/Masterdom/src/Masterdom.Modules.PolicyFramework/Masterdom.Modules.PolicyFramework.csproj]
/Users/kady/Masterdom/src/Masterdom.Modules.PolicyFramework/Domain/Entities/PolicyFramework/PolicyAssignment.cs(29,31): warning CS1591: Missing XML comment for publicly visible type or member 'PolicyAssignment.EffectiveDateRange' [/Users/kady/Masterdom/src/Masterdom.Modules.PolicyFramework/Masterdom.Modules.PolicyFramework.csproj]
/Users/kady/Masterdom/src/Masterdom.Modules.PolicyFramework/Domain/Entities/PolicyFramework/PolicyAssignment.cs(31,21): warning CS1591: Missing XML comment for publicly visible type or member 'PolicyAssignment.AssignedAtUtc' [/Users/kady/Masterdom/src/Masterdom.Modules.PolicyFramework/Masterdom.Modules.PolicyFramework.csproj]
/Users/kady/Masterdom/src/Masterdom.Modules.PolicyFramework/Domain/Entities/PolicyFramework/PolicyAssignment.cs(33,36): warning CS1591: Missing XML comment for publicly visible type or member 'PolicyAssignment.Create(Guid, PolicyScope, string, string, EffectiveDateRange, DateTime)' [/Users/kady/Masterdom/src/Masterdom.Modules.PolicyFramework/Masterdom.Modules.PolicyFramework.csproj]
/Users/kady/Masterdom/src/Masterdom.Modules.PolicyFramework/Domain/Entities/PolicyFramework/PolicyAssignment.cs(65,17): warning CS1591: Missing XML comment for publicly visible type or member 'PolicyAssignment.AppliesTo(PolicyScope, DateOnly)' [/Users/kady/Masterdom/src/Masterdom.Modules.PolicyFramework/Masterdom.Modules.PolicyFramework.csproj]
/Users/kady/Masterdom/src/Masterdom.Modules.PolicyFramework/Domain/Entities/PolicyFramework/PolicyCategory.cs(5,21): warning CS1591: Missing XML comment for publicly visible type or member 'PolicyCategory' [/Users/kady/Masterdom/src/Masterdom.Modules.PolicyFramework/Masterdom.Modules.PolicyFramework.csproj]
/Users/kady/Masterdom/src/Masterdom.Modules.PolicyFramework/Domain/Entities/PolicyFramework/PolicyCategory.cs(12,19): warning CS1591: Missing XML comment for publicly visible type or member 'PolicyCategory.Value' [/Users/kady/Masterdom/src/Masterdom.Modules.PolicyFramework/Masterdom.Modules.PolicyFramework.csproj]
/Users/kady/Masterdom/src/Masterdom.Modules.PolicyFramework/Domain/Entities/PolicyFramework/PolicyCategory.cs(14,34): warning CS1591: Missing XML comment for publicly visible type or member 'PolicyCategory.Create(string)' [/Users/kady/Masterdom/src/Masterdom.Modules.PolicyFramework/Masterdom.Modules.PolicyFramework.csproj]
/Users/kady/Masterdom/src/Masterdom.Modules.PolicyFramework/Domain/Entities/PolicyFramework/PolicyCategory.cs(20,45): warning CS1591: Missing XML comment for publicly visible type or member 'PolicyCategory.GetEqualityComponents()' [/Users/kady/Masterdom/src/Masterdom.Modules.PolicyFramework/Masterdom.Modules.PolicyFramework.csproj]
/Users/kady/Masterdom/src/Masterdom.Modules.PolicyFramework/Domain/Entities/PolicyFramework/PolicyCondition.cs(5,21): warning CS1591: Missing XML comment for publicly visible type or member 'PolicyCondition' [/Users/kady/Masterdom/src/Masterdom.Modules.PolicyFramework/Masterdom.Modules.PolicyFramework.csproj]
/Users/kady/Masterdom/src/Masterdom.Modules.PolicyFramework/Domain/Entities/PolicyFramework/PolicyCondition.cs(13,19): warning CS1591: Missing XML comment for publicly visible type or member 'PolicyCondition.SelectorKey' [/Users/kady/Masterdom/src/Masterdom.Modules.PolicyFramework/Masterdom.Modules.PolicyFramework.csproj]
/Users/kady/Masterdom/src/Masterdom.Modules.PolicyFramework/Domain/Entities/PolicyFramework/PolicyCondition.cs(15,19): warning CS1591: Missing XML comment for publicly visible type or member 'PolicyCondition.SelectorDefinition' [/Users/kady/Masterdom/src/Masterdom.Modules.PolicyFramework/Masterdom.Modules.PolicyFramework.csproj]
/Users/kady/Masterdom/src/Masterdom.Modules.PolicyFramework/Domain/Entities/PolicyFramework/PolicyCondition.cs(17,35): warning CS1591: Missing XML comment for publicly visible type or member 'PolicyCondition.Create(string, string)' [/Users/kady/Masterdom/src/Masterdom.Modules.PolicyFramework/Masterdom.Modules.PolicyFramework.csproj]
/Users/kady/Masterdom/src/Masterdom.Modules.PolicyFramework/Domain/Entities/PolicyFramework/PolicyCondition.cs(25,45): warning CS1591: Missing XML comment for publicly visible type or member 'PolicyCondition.GetEqualityComponents()' [/Users/kady/Masterdom/src/Masterdom.Modules.PolicyFramework/Masterdom.Modules.PolicyFramework.csproj]
/Users/kady/Masterdom/src/Masterdom.Modules.PolicyFramework/Domain/Entities/PolicyFramework/PolicyId.cs(5,22): warning CS1591: Missing XML comment for publicly visible type or member 'PolicyId' [/Users/kady/Masterdom/src/Masterdom.Modules.PolicyFramework/Masterdom.Modules.PolicyFramework.csproj]
/Users/kady/Masterdom/src/Masterdom.Modules.PolicyFramework/Domain/Entities/PolicyFramework/PolicyId.cs(5,22): warning CS1591: Missing XML comment for publicly visible type or member 'PolicyId.PolicyId(Guid)' [/Users/kady/Masterdom/src/Masterdom.Modules.PolicyFramework/Masterdom.Modules.PolicyFramework.csproj]
/Users/kady/Masterdom/src/Masterdom.Modules.PolicyFramework/Domain/Entities/PolicyFramework/PolicyId.cs(7,28): warning CS1591: Missing XML comment for publicly visible type or member 'PolicyId.New()' [/Users/kady/Masterdom/src/Masterdom.Modules.PolicyFramework/Masterdom.Modules.PolicyFramework.csproj]
/Users/kady/Masterdom/src/Masterdom.Modules.PolicyFramework/Domain/Entities/PolicyFramework/PolicyId.cs(12,28): warning CS1591: Missing XML comment for publicly visible type or member 'PolicyId.From(Guid)' [/Users/kady/Masterdom/src/Masterdom.Modules.PolicyFramework/Masterdom.Modules.PolicyFramework.csproj]
/Users/kady/Masterdom/src/Masterdom.Modules.PolicyFramework/Domain/Entities/PolicyFramework/PolicyMetadata.cs(5,21): warning CS1591: Missing XML comment for publicly visible type or member 'PolicyMetadata' [/Users/kady/Masterdom/src/Masterdom.Modules.PolicyFramework/Masterdom.Modules.PolicyFramework.csproj]
/Users/kady/Masterdom/src/Masterdom.Modules.PolicyFramework/Domain/Entities/PolicyFramework/PolicyMetadata.cs(14,48): warning CS1591: Missing XML comment for publicly visible type or member 'PolicyMetadata.Attributes' [/Users/kady/Masterdom/src/Masterdom.Modules.PolicyFramework/Masterdom.Modules.PolicyFramework.csproj]
/Users/kady/Masterdom/src/Masterdom.Modules.PolicyFramework/Domain/Entities/PolicyFramework/PolicyMetadata.cs(16,34): warning CS1591: Missing XML comment for publicly visible type or member 'PolicyMetadata.Create(IReadOnlyDictionary<string, string>)' [/Users/kady/Masterdom/src/Masterdom.Modules.PolicyFramework/Masterdom.Modules.PolicyFramework.csproj]
/Users/kady/Masterdom/src/Masterdom.Modules.PolicyFramework/Domain/Entities/PolicyFramework/PolicyMetadata.cs(35,34): warning CS1591: Missing XML comment for publicly visible type or member 'PolicyMetadata.Empty()' [/Users/kady/Masterdom/src/Masterdom.Modules.PolicyFramework/Masterdom.Modules.PolicyFramework.csproj]
/Users/kady/Masterdom/src/Masterdom.Modules.PolicyFramework/Domain/Entities/PolicyFramework/PolicyMetadata.cs(40,45): warning CS1591: Missing XML comment for publicly visible type or member 'PolicyMetadata.GetEqualityComponents()' [/Users/kady/Masterdom/src/Masterdom.Modules.PolicyFramework/Masterdom.Modules.PolicyFramework.csproj]
/Users/kady/Masterdom/src/Masterdom.Modules.PolicyFramework/Domain/Entities/PolicyFramework/PolicyReference.cs(5,21): warning CS1591: Missing XML comment for publicly visible type or member 'PolicyReference' [/Users/kady/Masterdom/src/Masterdom.Modules.PolicyFramework/Masterdom.Modules.PolicyFramework.csproj]
/Users/kady/Masterdom/src/Masterdom.Modules.PolicyFramework/Domain/Entities/PolicyFramework/PolicyReference.cs(13,19): warning CS1591: Missing XML comment for publicly visible type or member 'PolicyReference.PolicyCode' [/Users/kady/Masterdom/src/Masterdom.Modules.PolicyFramework/Masterdom.Modules.PolicyFramework.csproj]
/Users/kady/Masterdom/src/Masterdom.Modules.PolicyFramework/Domain/Entities/PolicyFramework/PolicyReference.cs(15,19): warning CS1591: Missing XML comment for publicly visible type or member 'PolicyReference.DisplayName' [/Users/kady/Masterdom/src/Masterdom.Modules.PolicyFramework/Masterdom.Modules.PolicyFramework.csproj]
/Users/kady/Masterdom/src/Masterdom.Modules.PolicyFramework/Domain/Entities/PolicyFramework/PolicyReference.cs(17,35): warning CS1591: Missing XML comment for publicly visible type or member 'PolicyReference.Create(string, string)' [/Users/kady/Masterdom/src/Masterdom.Modules.PolicyFramework/Masterdom.Modules.PolicyFramework.csproj]
/Users/kady/Masterdom/src/Masterdom.Modules.PolicyFramework/Domain/Entities/PolicyFramework/PolicyReference.cs(25,45): warning CS1591: Missing XML comment for publicly visible type or member 'PolicyReference.GetEqualityComponents()' [/Users/kady/Masterdom/src/Masterdom.Modules.PolicyFramework/Masterdom.Modules.PolicyFramework.csproj]
/Users/kady/Masterdom/src/Masterdom.Modules.PolicyFramework/Domain/Entities/PolicyFramework/PolicyScope.cs(5,21): warning CS1591: Missing XML comment for publicly visible type or member 'PolicyScope' [/Users/kady/Masterdom/src/Masterdom.Modules.PolicyFramework/Masterdom.Modules.PolicyFramework.csproj]
/Users/kady/Masterdom/src/Masterdom.Modules.PolicyFramework/Domain/Entities/PolicyFramework/PolicyScope.cs(13,28): warning CS1591: Missing XML comment for publicly visible type or member 'PolicyScope.Kind' [/Users/kady/Masterdom/src/Masterdom.Modules.PolicyFramework/Masterdom.Modules.PolicyFramework.csproj]
/Users/kady/Masterdom/src/Masterdom.Modules.PolicyFramework/Domain/Entities/PolicyFramework/PolicyScope.cs(15,19): warning CS1591: Missing XML comment for publicly visible type or member 'PolicyScope.ScopeKey' [/Users/kady/Masterdom/src/Masterdom.Modules.PolicyFramework/Masterdom.Modules.PolicyFramework.csproj]
/Users/kady/Masterdom/src/Masterdom.Modules.PolicyFramework/Domain/Entities/PolicyFramework/PolicyScope.cs(17,31): warning CS1591: Missing XML comment for publicly visible type or member 'PolicyScope.Create(PolicyScopeKind, string)' [/Users/kady/Masterdom/src/Masterdom.Modules.PolicyFramework/Masterdom.Modules.PolicyFramework.csproj]
/Users/kady/Masterdom/src/Masterdom.Modules.PolicyFramework/Domain/Entities/PolicyFramework/PolicyScope.cs(30,17): warning CS1591: Missing XML comment for publicly visible type or member 'PolicyScope.AppliesTo(PolicyScope)' [/Users/kady/Masterdom/src/Masterdom.Modules.PolicyFramework/Masterdom.Modules.PolicyFramework.csproj]
/Users/kady/Masterdom/src/Masterdom.Modules.PolicyFramework/Domain/Entities/PolicyFramework/PolicyScope.cs(43,45): warning CS1591: Missing XML comment for publicly visible type or member 'PolicyScope.GetEqualityComponents()' [/Users/kady/Masterdom/src/Masterdom.Modules.PolicyFramework/Masterdom.Modules.PolicyFramework.csproj]
/Users/kady/Masterdom/src/Masterdom.Modules.PolicyFramework/Domain/Entities/PolicyFramework/PolicyScopeKind.cs(5,21): warning CS1591: Missing XML comment for publicly visible type or member 'PolicyScopeKind' [/Users/kady/Masterdom/src/Masterdom.Modules.PolicyFramework/Masterdom.Modules.PolicyFramework.csproj]
/Users/kady/Masterdom/src/Masterdom.Modules.PolicyFramework/Domain/Entities/PolicyFramework/PolicyScopeKind.cs(7,44): warning CS1591: Missing XML comment for publicly visible type or member 'PolicyScopeKind.Global' [/Users/kady/Masterdom/src/Masterdom.Modules.PolicyFramework/Masterdom.Modules.PolicyFramework.csproj]
/Users/kady/Masterdom/src/Masterdom.Modules.PolicyFramework/Domain/Entities/PolicyFramework/PolicyScopeKind.cs(8,44): warning CS1591: Missing XML comment for publicly visible type or member 'PolicyScopeKind.Module' [/Users/kady/Masterdom/src/Masterdom.Modules.PolicyFramework/Masterdom.Modules.PolicyFramework.csproj]
/Users/kady/Masterdom/src/Masterdom.Modules.PolicyFramework/Domain/Entities/PolicyFramework/PolicyScopeKind.cs(9,44): warning CS1591: Missing XML comment for publicly visible type or member 'PolicyScopeKind.Tenant' [/Users/kady/Masterdom/src/Masterdom.Modules.PolicyFramework/Masterdom.Modules.PolicyFramework.csproj]
/Users/kady/Masterdom/src/Masterdom.Modules.PolicyFramework/Domain/Entities/PolicyFramework/PolicyScopeKind.cs(10,44): warning CS1591: Missing XML comment for publicly visible type or member 'PolicyScopeKind.Property' [/Users/kady/Masterdom/src/Masterdom.Modules.PolicyFramework/Masterdom.Modules.PolicyFramework.csproj]
/Users/kady/Masterdom/src/Masterdom.Modules.PolicyFramework/Domain/Entities/PolicyFramework/PolicyScopeKind.cs(17,19): warning CS1591: Missing XML comment for publicly visible type or member 'PolicyScopeKind.Value' [/Users/kady/Masterdom/src/Masterdom.Modules.PolicyFramework/Masterdom.Modules.PolicyFramework.csproj]
/Users/kady/Masterdom/src/Masterdom.Modules.PolicyFramework/Domain/Entities/PolicyFramework/PolicyScopeKind.cs(19,35): warning CS1591: Missing XML comment for publicly visible type or member 'PolicyScopeKind.Create(string)' [/Users/kady/Masterdom/src/Masterdom.Modules.PolicyFramework/Masterdom.Modules.PolicyFramework.csproj]
/Users/kady/Masterdom/src/Masterdom.Modules.PolicyFramework/Domain/Entities/PolicyFramework/PolicyScopeKind.cs(33,45): warning CS1591: Missing XML comment for publicly visible type or member 'PolicyScopeKind.GetEqualityComponents()' [/Users/kady/Masterdom/src/Masterdom.Modules.PolicyFramework/Masterdom.Modules.PolicyFramework.csproj]
/Users/kady/Masterdom/src/Masterdom.Modules.PolicyFramework/Domain/Entities/PolicyFramework/PolicySnapshot.cs(3,21): warning CS1591: Missing XML comment for publicly visible type or member 'PolicySnapshot' [/Users/kady/Masterdom/src/Masterdom.Modules.PolicyFramework/Masterdom.Modules.PolicyFramework.csproj]
/Users/kady/Masterdom/src/Masterdom.Modules.PolicyFramework/Domain/Entities/PolicyFramework/PolicySnapshot.cs(23,17): warning CS1591: Missing XML comment for publicly visible type or member 'PolicySnapshot.SnapshotId' [/Users/kady/Masterdom/src/Masterdom.Modules.PolicyFramework/Masterdom.Modules.PolicyFramework.csproj]
/Users/kady/Masterdom/src/Masterdom.Modules.PolicyFramework/Domain/Entities/PolicyFramework/PolicySnapshot.cs(25,16): warning CS1591: Missing XML comment for publicly visible type or member 'PolicySnapshot.VersionNumber' [/Users/kady/Masterdom/src/Masterdom.Modules.PolicyFramework/Masterdom.Modules.PolicyFramework.csproj]
/Users/kady/Masterdom/src/Masterdom.Modules.PolicyFramework/Domain/Entities/PolicyFramework/PolicySnapshot.cs(27,25): warning CS1591: Missing XML comment for publicly visible type or member 'PolicySnapshot.PolicyStatus' [/Users/kady/Masterdom/src/Masterdom.Modules.PolicyFramework/Masterdom.Modules.PolicyFramework.csproj]
/Users/kady/Masterdom/src/Masterdom.Modules.PolicyFramework/Domain/Entities/PolicyFramework/PolicySnapshot.cs(29,31): warning CS1591: Missing XML comment for publicly visible type or member 'PolicySnapshot.EffectiveDateRange' [/Users/kady/Masterdom/src/Masterdom.Modules.PolicyFramework/Masterdom.Modules.PolicyFramework.csproj]
/Users/kady/Masterdom/src/Masterdom.Modules.PolicyFramework/Domain/Entities/PolicyFramework/PolicySnapshot.cs(31,28): warning CS1591: Missing XML comment for publicly visible type or member 'PolicySnapshot.Condition' [/Users/kady/Masterdom/src/Masterdom.Modules.PolicyFramework/Masterdom.Modules.PolicyFramework.csproj]
/Users/kady/Masterdom/src/Masterdom.Modules.PolicyFramework/Domain/Entities/PolicyFramework/PolicySnapshot.cs(33,27): warning CS1591: Missing XML comment for publicly visible type or member 'PolicySnapshot.Metadata' [/Users/kady/Masterdom/src/Masterdom.Modules.PolicyFramework/Masterdom.Modules.PolicyFramework.csproj]
/Users/kady/Masterdom/src/Masterdom.Modules.PolicyFramework/Domain/Entities/PolicyFramework/PolicySnapshot.cs(35,21): warning CS1591: Missing XML comment for publicly visible type or member 'PolicySnapshot.CapturedAtUtc' [/Users/kady/Masterdom/src/Masterdom.Modules.PolicyFramework/Masterdom.Modules.PolicyFramework.csproj]
/Users/kady/Masterdom/src/Masterdom.Modules.PolicyFramework/Domain/Entities/PolicyFramework/PolicySnapshot.cs(37,34): warning CS1591: Missing XML comment for publicly visible type or member 'PolicySnapshot.Capture(PolicyVersion, DateTime)' [/Users/kady/Masterdom/src/Masterdom.Modules.PolicyFramework/Masterdom.Modules.PolicyFramework.csproj]
/Users/kady/Masterdom/src/Masterdom.Modules.PolicyFramework/Domain/Entities/PolicyFramework/PolicyStatus.cs(5,21): warning CS1591: Missing XML comment for publicly visible type or member 'PolicyStatus' [/Users/kady/Masterdom/src/Masterdom.Modules.PolicyFramework/Masterdom.Modules.PolicyFramework.csproj]
/Users/kady/Masterdom/src/Masterdom.Modules.PolicyFramework/Domain/Entities/PolicyFramework/PolicyStatus.cs(7,41): warning CS1591: Missing XML comment for publicly visible type or member 'PolicyStatus.Draft' [/Users/kady/Masterdom/src/Masterdom.Modules.PolicyFramework/Masterdom.Modules.PolicyFramework.csproj]
/Users/kady/Masterdom/src/Masterdom.Modules.PolicyFramework/Domain/Entities/PolicyFramework/PolicyStatus.cs(8,41): warning CS1591: Missing XML comment for publicly visible type or member 'PolicyStatus.Active' [/Users/kady/Masterdom/src/Masterdom.Modules.PolicyFramework/Masterdom.Modules.PolicyFramework.csproj]
/Users/kady/Masterdom/src/Masterdom.Modules.PolicyFramework/Domain/Entities/PolicyFramework/PolicyStatus.cs(9,41): warning CS1591: Missing XML comment for publicly visible type or member 'PolicyStatus.Expired' [/Users/kady/Masterdom/src/Masterdom.Modules.PolicyFramework/Masterdom.Modules.PolicyFramework.csproj]
/Users/kady/Masterdom/src/Masterdom.Modules.PolicyFramework/Domain/Entities/PolicyFramework/PolicyStatus.cs(10,41): warning CS1591: Missing XML comment for publicly visible type or member 'PolicyStatus.Archived' [/Users/kady/Masterdom/src/Masterdom.Modules.PolicyFramework/Masterdom.Modules.PolicyFramework.csproj]
/Users/kady/Masterdom/src/Masterdom.Modules.PolicyFramework/Domain/Entities/PolicyFramework/PolicyStatus.cs(17,19): warning CS1591: Missing XML comment for publicly visible type or member 'PolicyStatus.Value' [/Users/kady/Masterdom/src/Masterdom.Modules.PolicyFramework/Masterdom.Modules.PolicyFramework.csproj]
/Users/kady/Masterdom/src/Masterdom.Modules.PolicyFramework/Domain/Entities/PolicyFramework/PolicyStatus.cs(19,32): warning CS1591: Missing XML comment for publicly visible type or member 'PolicyStatus.Create(string)' [/Users/kady/Masterdom/src/Masterdom.Modules.PolicyFramework/Masterdom.Modules.PolicyFramework.csproj]
/Users/kady/Masterdom/src/Masterdom.Modules.PolicyFramework/Domain/Entities/PolicyFramework/PolicyStatus.cs(33,45): warning CS1591: Missing XML comment for publicly visible type or member 'PolicyStatus.GetEqualityComponents()' [/Users/kady/Masterdom/src/Masterdom.Modules.PolicyFramework/Masterdom.Modules.PolicyFramework.csproj]
/Users/kady/Masterdom/src/Masterdom.Modules.PolicyFramework/Domain/Entities/PolicyFramework/PolicyType.cs(5,21): warning CS1591: Missing XML comment for publicly visible type or member 'PolicyType' [/Users/kady/Masterdom/src/Masterdom.Modules.PolicyFramework/Masterdom.Modules.PolicyFramework.csproj]
/Users/kady/Masterdom/src/Masterdom.Modules.PolicyFramework/Domain/Entities/PolicyFramework/PolicyType.cs(12,19): warning CS1591: Missing XML comment for publicly visible type or member 'PolicyType.Value' [/Users/kady/Masterdom/src/Masterdom.Modules.PolicyFramework/Masterdom.Modules.PolicyFramework.csproj]
/Users/kady/Masterdom/src/Masterdom.Modules.PolicyFramework/Domain/Entities/PolicyFramework/PolicyType.cs(14,30): warning CS1591: Missing XML comment for publicly visible type or member 'PolicyType.Create(string)' [/Users/kady/Masterdom/src/Masterdom.Modules.PolicyFramework/Masterdom.Modules.PolicyFramework.csproj]
/Users/kady/Masterdom/src/Masterdom.Modules.PolicyFramework/Domain/Entities/PolicyFramework/PolicyType.cs(20,45): warning CS1591: Missing XML comment for publicly visible type or member 'PolicyType.GetEqualityComponents()' [/Users/kady/Masterdom/src/Masterdom.Modules.PolicyFramework/Masterdom.Modules.PolicyFramework.csproj]
/Users/kady/Masterdom/src/Masterdom.Modules.PolicyFramework/Domain/Entities/PolicyFramework/PolicyVersion.cs(3,21): warning CS1591: Missing XML comment for publicly visible type or member 'PolicyVersion' [/Users/kady/Masterdom/src/Masterdom.Modules.PolicyFramework/Masterdom.Modules.PolicyFramework.csproj]
/Users/kady/Masterdom/src/Masterdom.Modules.PolicyFramework/Domain/Entities/PolicyFramework/PolicyVersion.cs(25,16): warning CS1591: Missing XML comment for publicly visible type or member 'PolicyVersion.VersionNumber' [/Users/kady/Masterdom/src/Masterdom.Modules.PolicyFramework/Masterdom.Modules.PolicyFramework.csproj]
/Users/kady/Masterdom/src/Masterdom.Modules.PolicyFramework/Domain/Entities/PolicyFramework/PolicyVersion.cs(27,31): warning CS1591: Missing XML comment for publicly visible type or member 'PolicyVersion.EffectiveDateRange' [/Users/kady/Masterdom/src/Masterdom.Modules.PolicyFramework/Masterdom.Modules.PolicyFramework.csproj]
/Users/kady/Masterdom/src/Masterdom.Modules.PolicyFramework/Domain/Entities/PolicyFramework/PolicyVersion.cs(29,28): warning CS1591: Missing XML comment for publicly visible type or member 'PolicyVersion.Condition' [/Users/kady/Masterdom/src/Masterdom.Modules.PolicyFramework/Masterdom.Modules.PolicyFramework.csproj]
/Users/kady/Masterdom/src/Masterdom.Modules.PolicyFramework/Domain/Entities/PolicyFramework/PolicyVersion.cs(31,27): warning CS1591: Missing XML comment for publicly visible type or member 'PolicyVersion.Metadata' [/Users/kady/Masterdom/src/Masterdom.Modules.PolicyFramework/Masterdom.Modules.PolicyFramework.csproj]
/Users/kady/Masterdom/src/Masterdom.Modules.PolicyFramework/Domain/Entities/PolicyFramework/PolicyVersion.cs(33,25): warning CS1591: Missing XML comment for publicly visible type or member 'PolicyVersion.Status' [/Users/kady/Masterdom/src/Masterdom.Modules.PolicyFramework/Masterdom.Modules.PolicyFramework.csproj]
/Users/kady/Masterdom/src/Masterdom.Modules.PolicyFramework/Domain/Entities/PolicyFramework/PolicyVersion.cs(35,21): warning CS1591: Missing XML comment for publicly visible type or member 'PolicyVersion.CreatedAtUtc' [/Users/kady/Masterdom/src/Masterdom.Modules.PolicyFramework/Masterdom.Modules.PolicyFramework.csproj]
/Users/kady/Masterdom/src/Masterdom.Modules.PolicyFramework/Domain/Entities/PolicyFramework/PolicyVersion.cs(37,22): warning CS1591: Missing XML comment for publicly visible type or member 'PolicyVersion.ActivatedAtUtc' [/Users/kady/Masterdom/src/Masterdom.Modules.PolicyFramework/Masterdom.Modules.PolicyFramework.csproj]
/Users/kady/Masterdom/src/Masterdom.Modules.PolicyFramework/Domain/Entities/PolicyFramework/PolicyVersion.cs(39,22): warning CS1591: Missing XML comment for publicly visible type or member 'PolicyVersion.ExpiredAtUtc' [/Users/kady/Masterdom/src/Masterdom.Modules.PolicyFramework/Masterdom.Modules.PolicyFramework.csproj]
/Users/kady/Masterdom/src/Masterdom.Modules.PolicyFramework/Domain/Entities/PolicyFramework/PolicyVersion.cs(41,33): warning CS1591: Missing XML comment for publicly visible type or member 'PolicyVersion.Create(int, EffectiveDateRange, PolicyCondition, PolicyMetadata, DateTime)' [/Users/kady/Masterdom/src/Masterdom.Modules.PolicyFramework/Masterdom.Modules.PolicyFramework.csproj]
/Users/kady/Masterdom/src/Masterdom.Modules.PolicyFramework/Domain/Entities/PolicyFramework/PolicyVersion.cs(73,26): warning CS1591: Missing XML comment for publicly visible type or member 'PolicyVersion.Activate(DateTime)' [/Users/kady/Masterdom/src/Masterdom.Modules.PolicyFramework/Masterdom.Modules.PolicyFramework.csproj]
/Users/kady/Masterdom/src/Masterdom.Modules.PolicyFramework/Domain/Entities/PolicyFramework/PolicyVersion.cs(96,26): warning CS1591: Missing XML comment for publicly visible type or member 'PolicyVersion.Expire(DateTime)' [/Users/kady/Masterdom/src/Masterdom.Modules.PolicyFramework/Masterdom.Modules.PolicyFramework.csproj]
/Users/kady/Masterdom/src/Masterdom.Modules.PolicyFramework/Domain/Entities/PolicyFramework/PolicyVersion.cs(114,26): warning CS1591: Missing XML comment for publicly visible type or member 'PolicyVersion.Archive(DateTime)' [/Users/kady/Masterdom/src/Masterdom.Modules.PolicyFramework/Masterdom.Modules.PolicyFramework.csproj]
/Users/kady/Masterdom/src/Masterdom.Modules.PolicyFramework/Domain/Repositories/IPolicyRepository.cs(5,18): warning CS1591: Missing XML comment for publicly visible type or member 'IPolicyRepository' [/Users/kady/Masterdom/src/Masterdom.Modules.PolicyFramework/Masterdom.Modules.PolicyFramework.csproj]
/Users/kady/Masterdom/src/Masterdom.Modules.PolicyFramework/Domain/Repositories/IPolicyRepository.cs(7,10): warning CS1591: Missing XML comment for publicly visible type or member 'IPolicyRepository.Add(Policy)' [/Users/kady/Masterdom/src/Masterdom.Modules.PolicyFramework/Masterdom.Modules.PolicyFramework.csproj]
/Users/kady/Masterdom/src/Masterdom.Modules.PolicyFramework/Domain/Repositories/IPolicyRepository.cs(9,10): warning CS1591: Missing XML comment for publicly visible type or member 'IPolicyRepository.Update(Policy)' [/Users/kady/Masterdom/src/Masterdom.Modules.PolicyFramework/Masterdom.Modules.PolicyFramework.csproj]
/Users/kady/Masterdom/src/Masterdom.Modules.PolicyFramework/Domain/Repositories/IPolicyRepository.cs(11,13): warning CS1591: Missing XML comment for publicly visible type or member 'IPolicyRepository.GetById(PolicyId)' [/Users/kady/Masterdom/src/Masterdom.Modules.PolicyFramework/Masterdom.Modules.PolicyFramework.csproj]
/Users/kady/Masterdom/src/Masterdom.Modules.PolicyFramework/Domain/Repositories/IPolicyRepository.cs(13,13): warning CS1591: Missing XML comment for publicly visible type or member 'IPolicyRepository.GetApplicable(PolicyType, PolicyScope, DateOnly, string?)' [/Users/kady/Masterdom/src/Masterdom.Modules.PolicyFramework/Masterdom.Modules.PolicyFramework.csproj]
/Users/kady/Masterdom/src/Masterdom.Modules.Maintenance/Application/Support/ExecutionResult.cs(48,38): warning CS0108: 'ExecutionResult<T>.Failure(string, string)' hides inherited member 'ExecutionResult.Failure(string, string)'. Use the new keyword if hiding was intended. [/Users/kady/Masterdom/src/Masterdom.Modules.Maintenance/Masterdom.Modules.Maintenance.csproj]
/Users/kady/Masterdom/src/Masterdom.Modules.Maintenance/Application/Commands/AssignMaintenanceTicketCommand.cs(5,22): warning CS1591: Missing XML comment for publicly visible type or member 'AssignMaintenanceTicketCommand' [/Users/kady/Masterdom/src/Masterdom.Modules.Maintenance/Masterdom.Modules.Maintenance.csproj]
/Users/kady/Masterdom/src/Masterdom.Modules.Maintenance/Application/Commands/AssignMaintenanceTicketCommand.cs(5,22): warning CS1591: Missing XML comment for publicly visible type or member 'AssignMaintenanceTicketCommand.AssignMaintenanceTicketCommand(MaintenanceTicketId, Guid, DateTime)' [/Users/kady/Masterdom/src/Masterdom.Modules.Maintenance/Masterdom.Modules.Maintenance.csproj]
/Users/kady/Masterdom/src/Masterdom.Modules.Maintenance/Application/Commands/AssignMaintenanceTicketCommand.cs(6,25): warning CS1591: Missing XML comment for publicly visible type or member 'AssignMaintenanceTicketCommand.MaintenanceTicketId' [/Users/kady/Masterdom/src/Masterdom.Modules.Maintenance/Masterdom.Modules.Maintenance.csproj]
/Users/kady/Masterdom/src/Masterdom.Modules.Maintenance/Application/Commands/AssignMaintenanceTicketCommand.cs(7,10): warning CS1591: Missing XML comment for publicly visible type or member 'AssignMaintenanceTicketCommand.AssignedToPersonId' [/Users/kady/Masterdom/src/Masterdom.Modules.Maintenance/Masterdom.Modules.Maintenance.csproj]
/Users/kady/Masterdom/src/Masterdom.Modules.Maintenance/Application/Commands/AssignMaintenanceTicketCommand.cs(8,14): warning CS1591: Missing XML comment for publicly visible type or member 'AssignMaintenanceTicketCommand.AssignedAtUtc' [/Users/kady/Masterdom/src/Masterdom.Modules.Maintenance/Masterdom.Modules.Maintenance.csproj]
/Users/kady/Masterdom/src/Masterdom.Modules.Maintenance/Application/Commands/CloseMaintenanceTicketCommand.cs(5,22): warning CS1591: Missing XML comment for publicly visible type or member 'CloseMaintenanceTicketCommand' [/Users/kady/Masterdom/src/Masterdom.Modules.Maintenance/Masterdom.Modules.Maintenance.csproj]
/Users/kady/Masterdom/src/Masterdom.Modules.Maintenance/Application/Commands/CloseMaintenanceTicketCommand.cs(5,22): warning CS1591: Missing XML comment for publicly visible type or member 'CloseMaintenanceTicketCommand.CloseMaintenanceTicketCommand(MaintenanceTicketId, DateTime)' [/Users/kady/Masterdom/src/Masterdom.Modules.Maintenance/Masterdom.Modules.Maintenance.csproj]
/Users/kady/Masterdom/src/Masterdom.Modules.Maintenance/Application/Commands/CloseMaintenanceTicketCommand.cs(6,25): warning CS1591: Missing XML comment for publicly visible type or member 'CloseMaintenanceTicketCommand.MaintenanceTicketId' [/Users/kady/Masterdom/src/Masterdom.Modules.Maintenance/Masterdom.Modules.Maintenance.csproj]
/Users/kady/Masterdom/src/Masterdom.Modules.Maintenance/Application/Commands/CloseMaintenanceTicketCommand.cs(7,14): warning CS1591: Missing XML comment for publicly visible type or member 'CloseMaintenanceTicketCommand.ClosedAtUtc' [/Users/kady/Masterdom/src/Masterdom.Modules.Maintenance/Masterdom.Modules.Maintenance.csproj]
/Users/kady/Masterdom/src/Masterdom.Modules.Maintenance/Application/Commands/CreateMaintenanceTicketCommand.cs(3,22): warning CS1591: Missing XML comment for publicly visible type or member 'CreateMaintenanceTicketCommand' [/Users/kady/Masterdom/src/Masterdom.Modules.Maintenance/Masterdom.Modules.Maintenance.csproj]
/Users/kady/Masterdom/src/Masterdom.Modules.Maintenance/Application/Commands/CreateMaintenanceTicketCommand.cs(3,22): warning CS1591: Missing XML comment for publicly visible type or member 'CreateMaintenanceTicketCommand.CreateMaintenanceTicketCommand(Guid, Guid, string, string, DateTime)' [/Users/kady/Masterdom/src/Masterdom.Modules.Maintenance/Masterdom.Modules.Maintenance.csproj]
/Users/kady/Masterdom/src/Masterdom.Modules.Maintenance/Application/Commands/CreateMaintenanceTicketCommand.cs(4,10): warning CS1591: Missing XML comment for publicly visible type or member 'CreateMaintenanceTicketCommand.PropertyId' [/Users/kady/Masterdom/src/Masterdom.Modules.Maintenance/Masterdom.Modules.Maintenance.csproj]
/Users/kady/Masterdom/src/Masterdom.Modules.Maintenance/Application/Commands/CreateMaintenanceTicketCommand.cs(5,10): warning CS1591: Missing XML comment for publicly visible type or member 'CreateMaintenanceTicketCommand.UnitId' [/Users/kady/Masterdom/src/Masterdom.Modules.Maintenance/Masterdom.Modules.Maintenance.csproj]
/Users/kady/Masterdom/src/Masterdom.Modules.Maintenance/Application/Commands/CreateMaintenanceTicketCommand.cs(6,12): warning CS1591: Missing XML comment for publicly visible type or member 'CreateMaintenanceTicketCommand.Title' [/Users/kady/Masterdom/src/Masterdom.Modules.Maintenance/Masterdom.Modules.Maintenance.csproj]
/Users/kady/Masterdom/src/Masterdom.Modules.Maintenance/Application/Commands/CreateMaintenanceTicketCommand.cs(7,12): warning CS1591: Missing XML comment for publicly visible type or member 'CreateMaintenanceTicketCommand.Description' [/Users/kady/Masterdom/src/Masterdom.Modules.Maintenance/Masterdom.Modules.Maintenance.csproj]
/Users/kady/Masterdom/src/Masterdom.Modules.Maintenance/Application/Commands/CreateMaintenanceTicketCommand.cs(8,14): warning CS1591: Missing XML comment for publicly visible type or member 'CreateMaintenanceTicketCommand.CreatedAtUtc' [/Users/kady/Masterdom/src/Masterdom.Modules.Maintenance/Masterdom.Modules.Maintenance.csproj]
/Users/kady/Masterdom/src/Masterdom.Modules.Maintenance/Application/Handlers/Commands/AssignMaintenanceTicketCommandHandler.cs(8,21): warning CS1591: Missing XML comment for publicly visible type or member 'AssignMaintenanceTicketCommandHandler' [/Users/kady/Masterdom/src/Masterdom.Modules.Maintenance/Masterdom.Modules.Maintenance.csproj]
/Users/kady/Masterdom/src/Masterdom.Modules.Maintenance/Application/Handlers/Commands/AssignMaintenanceTicketCommandHandler.cs(12,12): warning CS1591: Missing XML comment for publicly visible type or member 'AssignMaintenanceTicketCommandHandler.AssignMaintenanceTicketCommandHandler(IMaintenanceApplicationService)' [/Users/kady/Masterdom/src/Masterdom.Modules.Maintenance/Masterdom.Modules.Maintenance.csproj]
/Users/kady/Masterdom/src/Masterdom.Modules.Maintenance/Application/Handlers/Commands/AssignMaintenanceTicketCommandHandler.cs(17,56): warning CS1591: Missing XML comment for publicly visible type or member 'AssignMaintenanceTicketCommandHandler.Handle(AssignMaintenanceTicketCommand)' [/Users/kady/Masterdom/src/Masterdom.Modules.Maintenance/Masterdom.Modules.Maintenance.csproj]
/Users/kady/Masterdom/src/Masterdom.Modules.Maintenance/Application/Handlers/Commands/CloseMaintenanceTicketCommandHandler.cs(8,21): warning CS1591: Missing XML comment for publicly visible type or member 'CloseMaintenanceTicketCommandHandler' [/Users/kady/Masterdom/src/Masterdom.Modules.Maintenance/Masterdom.Modules.Maintenance.csproj]
/Users/kady/Masterdom/src/Masterdom.Modules.Maintenance/Application/Handlers/Commands/CloseMaintenanceTicketCommandHandler.cs(12,12): warning CS1591: Missing XML comment for publicly visible type or member 'CloseMaintenanceTicketCommandHandler.CloseMaintenanceTicketCommandHandler(IMaintenanceApplicationService)' [/Users/kady/Masterdom/src/Masterdom.Modules.Maintenance/Masterdom.Modules.Maintenance.csproj]
/Users/kady/Masterdom/src/Masterdom.Modules.Maintenance/Application/Handlers/Commands/CloseMaintenanceTicketCommandHandler.cs(17,56): warning CS1591: Missing XML comment for publicly visible type or member 'CloseMaintenanceTicketCommandHandler.Handle(CloseMaintenanceTicketCommand)' [/Users/kady/Masterdom/src/Masterdom.Modules.Maintenance/Masterdom.Modules.Maintenance.csproj]
/Users/kady/Masterdom/src/Masterdom.Modules.Maintenance/Application/Handlers/Commands/CreateMaintenanceTicketCommandHandler.cs(8,21): warning CS1591: Missing XML comment for publicly visible type or member 'CreateMaintenanceTicketCommandHandler' [/Users/kady/Masterdom/src/Masterdom.Modules.Maintenance/Masterdom.Modules.Maintenance.csproj]
/Users/kady/Masterdom/src/Masterdom.Modules.Maintenance/Application/Handlers/Commands/CreateMaintenanceTicketCommandHandler.cs(12,12): warning CS1591: Missing XML comment for publicly visible type or member 'CreateMaintenanceTicketCommandHandler.CreateMaintenanceTicketCommandHandler(IMaintenanceApplicationService)' [/Users/kady/Masterdom/src/Masterdom.Modules.Maintenance/Masterdom.Modules.Maintenance.csproj]
/Users/kady/Masterdom/src/Masterdom.Modules.Maintenance/Application/Handlers/Commands/CreateMaintenanceTicketCommandHandler.cs(17,56): warning CS1591: Missing XML comment for publicly visible type or member 'CreateMaintenanceTicketCommandHandler.Handle(CreateMaintenanceTicketCommand)' [/Users/kady/Masterdom/src/Masterdom.Modules.Maintenance/Masterdom.Modules.Maintenance.csproj]
/Users/kady/Masterdom/src/Masterdom.Modules.Maintenance/Application/Handlers/Queries/GetMaintenanceTicketByIdQueryHandler.cs(8,21): warning CS1591: Missing XML comment for publicly visible type or member 'GetMaintenanceTicketByIdQueryHandler' [/Users/kady/Masterdom/src/Masterdom.Modules.Maintenance/Masterdom.Modules.Maintenance.csproj]
/Users/kady/Masterdom/src/Masterdom.Modules.Maintenance/Application/Handlers/Queries/GetMaintenanceTicketByIdQueryHandler.cs(12,12): warning CS1591: Missing XML comment for publicly visible type or member 'GetMaintenanceTicketByIdQueryHandler.GetMaintenanceTicketByIdQueryHandler(IMaintenanceApplicationService)' [/Users/kady/Masterdom/src/Masterdom.Modules.Maintenance/Masterdom.Modules.Maintenance.csproj]
/Users/kady/Masterdom/src/Masterdom.Modules.Maintenance/Application/Handlers/Queries/GetMaintenanceTicketByIdQueryHandler.cs(17,56): warning CS1591: Missing XML comment for publicly visible type or member 'GetMaintenanceTicketByIdQueryHandler.Handle(GetMaintenanceTicketByIdQuery)' [/Users/kady/Masterdom/src/Masterdom.Modules.Maintenance/Masterdom.Modules.Maintenance.csproj]
/Users/kady/Masterdom/src/Masterdom.Modules.Maintenance/Application/Queries/GetMaintenanceTicketByIdQuery.cs(5,22): warning CS1591: Missing XML comment for publicly visible type or member 'GetMaintenanceTicketByIdQuery' [/Users/kady/Masterdom/src/Masterdom.Modules.Maintenance/Masterdom.Modules.Maintenance.csproj]
/Users/kady/Masterdom/src/Masterdom.Modules.Maintenance/Application/Queries/GetMaintenanceTicketByIdQuery.cs(5,22): warning CS1591: Missing XML comment for publicly visible type or member 'GetMaintenanceTicketByIdQuery.GetMaintenanceTicketByIdQuery(MaintenanceTicketId)' [/Users/kady/Masterdom/src/Masterdom.Modules.Maintenance/Masterdom.Modules.Maintenance.csproj]
/Users/kady/Masterdom/src/Masterdom.Modules.Maintenance/Application/Queries/GetMaintenanceTicketByIdQuery.cs(5,72): warning CS1591: Missing XML comment for publicly visible type or member 'GetMaintenanceTicketByIdQuery.MaintenanceTicketId' [/Users/kady/Masterdom/src/Masterdom.Modules.Maintenance/Masterdom.Modules.Maintenance.csproj]
/Users/kady/Masterdom/src/Masterdom.Modules.Maintenance/Application/Services/IMaintenanceApplicationService.cs(7,18): warning CS1591: Missing XML comment for publicly visible type or member 'IMaintenanceApplicationService' [/Users/kady/Masterdom/src/Masterdom.Modules.Maintenance/Masterdom.Modules.Maintenance.csproj]
/Users/kady/Masterdom/src/Masterdom.Modules.Maintenance/Application/Services/IMaintenanceApplicationService.cs(9,32): warning CS1591: Missing XML comment for publicly visible type or member 'IMaintenanceApplicationService.CreateMaintenanceTicket(CreateMaintenanceTicketCommand)' [/Users/kady/Masterdom/src/Masterdom.Modules.Maintenance/Masterdom.Modules.Maintenance.csproj]
/Users/kady/Masterdom/src/Masterdom.Modules.Maintenance/Application/Services/IMaintenanceApplicationService.cs(11,32): warning CS1591: Missing XML comment for publicly visible type or member 'IMaintenanceApplicationService.AssignMaintenanceTicket(AssignMaintenanceTicketCommand)' [/Users/kady/Masterdom/src/Masterdom.Modules.Maintenance/Masterdom.Modules.Maintenance.csproj]
/Users/kady/Masterdom/src/Masterdom.Modules.Maintenance/Application/Services/IMaintenanceApplicationService.cs(13,32): warning CS1591: Missing XML comment for publicly visible type or member 'IMaintenanceApplicationService.CloseMaintenanceTicket(CloseMaintenanceTicketCommand)' [/Users/kady/Masterdom/src/Masterdom.Modules.Maintenance/Masterdom.Modules.Maintenance.csproj]
/Users/kady/Masterdom/src/Masterdom.Modules.Maintenance/Application/Services/IMaintenanceApplicationService.cs(15,33): warning CS1591: Missing XML comment for publicly visible type or member 'IMaintenanceApplicationService.GetMaintenanceTicketById(GetMaintenanceTicketByIdQuery)' [/Users/kady/Masterdom/src/Masterdom.Modules.Maintenance/Masterdom.Modules.Maintenance.csproj]
/Users/kady/Masterdom/src/Masterdom.Modules.Maintenance/Application/Services/MaintenanceApplicationService.cs(10,21): warning CS1591: Missing XML comment for publicly visible type or member 'MaintenanceApplicationService' [/Users/kady/Masterdom/src/Masterdom.Modules.Maintenance/Masterdom.Modules.Maintenance.csproj]
/Users/kady/Masterdom/src/Masterdom.Modules.Maintenance/Application/Services/MaintenanceApplicationService.cs(16,12): warning CS1591: Missing XML comment for publicly visible type or member 'MaintenanceApplicationService.MaintenanceApplicationService(IMaintenanceTicketRepository, IMaintenanceUnitOfWork, IMaintenancePlatformOrchestrator)' [/Users/kady/Masterdom/src/Masterdom.Modules.Maintenance/Masterdom.Modules.Maintenance.csproj]
/Users/kady/Masterdom/src/Masterdom.Modules.Maintenance/Application/Services/MaintenanceApplicationService.cs(26,39): warning CS1591: Missing XML comment for publicly visible type or member 'MaintenanceApplicationService.CreateMaintenanceTicket(CreateMaintenanceTicketCommand)' [/Users/kady/Masterdom/src/Masterdom.Modules.Maintenance/Masterdom.Modules.Maintenance.csproj]
/Users/kady/Masterdom/src/Masterdom.Modules.Maintenance/Application/Services/MaintenanceApplicationService.cs(47,39): warning CS1591: Missing XML comment for publicly visible type or member 'MaintenanceApplicationService.AssignMaintenanceTicket(AssignMaintenanceTicketCommand)' [/Users/kady/Masterdom/src/Masterdom.Modules.Maintenance/Masterdom.Modules.Maintenance.csproj]
/Users/kady/Masterdom/src/Masterdom.Modules.Maintenance/Application/Services/MaintenanceApplicationService.cs(68,39): warning CS1591: Missing XML comment for publicly visible type or member 'MaintenanceApplicationService.CloseMaintenanceTicket(CloseMaintenanceTicketCommand)' [/Users/kady/Masterdom/src/Masterdom.Modules.Maintenance/Masterdom.Modules.Maintenance.csproj]
/Users/kady/Masterdom/src/Masterdom.Modules.Maintenance/Application/Services/MaintenanceApplicationService.cs(89,40): warning CS1591: Missing XML comment for publicly visible type or member 'MaintenanceApplicationService.GetMaintenanceTicketById(GetMaintenanceTicketByIdQuery)' [/Users/kady/Masterdom/src/Masterdom.Modules.Maintenance/Masterdom.Modules.Maintenance.csproj]
/Users/kady/Masterdom/src/Masterdom.Modules.Maintenance/Application/Support/ExecutionResult.cs(3,14): warning CS1591: Missing XML comment for publicly visible type or member 'ExecutionResult' [/Users/kady/Masterdom/src/Masterdom.Modules.Maintenance/Masterdom.Modules.Maintenance.csproj]
/Users/kady/Masterdom/src/Masterdom.Modules.Maintenance/Application/Support/ExecutionResult.cs(5,15): warning CS1591: Missing XML comment for publicly visible type or member 'ExecutionResult.ExecutionResult(bool, string?, string?)' [/Users/kady/Masterdom/src/Masterdom.Modules.Maintenance/Masterdom.Modules.Maintenance.csproj]
/Users/kady/Masterdom/src/Masterdom.Modules.Maintenance/Application/Support/ExecutionResult.cs(12,17): warning CS1591: Missing XML comment for publicly visible type or member 'ExecutionResult.IsSuccess' [/Users/kady/Masterdom/src/Masterdom.Modules.Maintenance/Masterdom.Modules.Maintenance.csproj]
/Users/kady/Masterdom/src/Masterdom.Modules.Maintenance/Application/Support/ExecutionResult.cs(14,20): warning CS1591: Missing XML comment for publicly visible type or member 'ExecutionResult.ErrorCode' [/Users/kady/Masterdom/src/Masterdom.Modules.Maintenance/Masterdom.Modules.Maintenance.csproj]
/Users/kady/Masterdom/src/Masterdom.Modules.Maintenance/Application/Support/ExecutionResult.cs(16,20): warning CS1591: Missing XML comment for publicly visible type or member 'ExecutionResult.ErrorMessage' [/Users/kady/Masterdom/src/Masterdom.Modules.Maintenance/Masterdom.Modules.Maintenance.csproj]
/Users/kady/Masterdom/src/Masterdom.Modules.Maintenance/Application/Support/ExecutionResult.cs(18,35): warning CS1591: Missing XML comment for publicly visible type or member 'ExecutionResult.Success()' [/Users/kady/Masterdom/src/Masterdom.Modules.Maintenance/Masterdom.Modules.Maintenance.csproj]
/Users/kady/Masterdom/src/Masterdom.Modules.Maintenance/Application/Support/ExecutionResult.cs(23,35): warning CS1591: Missing XML comment for publicly visible type or member 'ExecutionResult.Failure(string, string)' [/Users/kady/Masterdom/src/Masterdom.Modules.Maintenance/Masterdom.Modules.Maintenance.csproj]
/Users/kady/Masterdom/src/Masterdom.Modules.Maintenance/Application/Support/ExecutionResult.cs(32,21): warning CS1591: Missing XML comment for publicly visible type or member 'ExecutionResult<T>' [/Users/kady/Masterdom/src/Masterdom.Modules.Maintenance/Masterdom.Modules.Maintenance.csproj]
/Users/kady/Masterdom/src/Masterdom.Modules.Maintenance/Application/Support/ExecutionResult.cs(40,15): warning CS1591: Missing XML comment for publicly visible type or member 'ExecutionResult<T>.Value' [/Users/kady/Masterdom/src/Masterdom.Modules.Maintenance/Masterdom.Modules.Maintenance.csproj]
/Users/kady/Masterdom/src/Masterdom.Modules.Maintenance/Application/Support/ExecutionResult.cs(42,38): warning CS1591: Missing XML comment for publicly visible type or member 'ExecutionResult<T>.Success(T)' [/Users/kady/Masterdom/src/Masterdom.Modules.Maintenance/Masterdom.Modules.Maintenance.csproj]
/Users/kady/Masterdom/src/Masterdom.Modules.Maintenance/Application/Support/ExecutionResult.cs(48,38): warning CS1591: Missing XML comment for publicly visible type or member 'ExecutionResult<T>.Failure(string, string)' [/Users/kady/Masterdom/src/Masterdom.Modules.Maintenance/Masterdom.Modules.Maintenance.csproj]
/Users/kady/Masterdom/src/Masterdom.Modules.Maintenance/Application/Support/ICommandHandler.cs(3,18): warning CS1591: Missing XML comment for publicly visible type or member 'ICommandHandler<TCommand, TResult>' [/Users/kady/Masterdom/src/Masterdom.Modules.Maintenance/Masterdom.Modules.Maintenance.csproj]
/Users/kady/Masterdom/src/Masterdom.Modules.Maintenance/Application/Support/ICommandHandler.cs(5,13): warning CS1591: Missing XML comment for publicly visible type or member 'ICommandHandler<TCommand, TResult>.Handle(TCommand)' [/Users/kady/Masterdom/src/Masterdom.Modules.Maintenance/Masterdom.Modules.Maintenance.csproj]
/Users/kady/Masterdom/src/Masterdom.Modules.Maintenance/Application/Support/IMaintenancePlatformOrchestrator.cs(5,18): warning CS1591: Missing XML comment for publicly visible type or member 'IMaintenancePlatformOrchestrator' [/Users/kady/Masterdom/src/Masterdom.Modules.Maintenance/Masterdom.Modules.Maintenance.csproj]
/Users/kady/Masterdom/src/Masterdom.Modules.Maintenance/Application/Support/IMaintenancePlatformOrchestrator.cs(7,10): warning CS1591: Missing XML comment for publicly visible type or member 'IMaintenancePlatformOrchestrator.OnMaintenanceTicketMutated(MaintenanceTicket, string)' [/Users/kady/Masterdom/src/Masterdom.Modules.Maintenance/Masterdom.Modules.Maintenance.csproj]
/Users/kady/Masterdom/src/Masterdom.Modules.Maintenance/Application/Support/IMaintenanceUnitOfWork.cs(3,18): warning CS1591: Missing XML comment for publicly visible type or member 'IMaintenanceUnitOfWork' [/Users/kady/Masterdom/src/Masterdom.Modules.Maintenance/Masterdom.Modules.Maintenance.csproj]
/Users/kady/Masterdom/src/Masterdom.Modules.Maintenance/Application/Support/IMaintenanceUnitOfWork.cs(5,10): warning CS1591: Missing XML comment for publicly visible type or member 'IMaintenanceUnitOfWork.Execute(Action)' [/Users/kady/Masterdom/src/Masterdom.Modules.Maintenance/Masterdom.Modules.Maintenance.csproj]
/Users/kady/Masterdom/src/Masterdom.Modules.Maintenance/Application/Support/IQueryHandler.cs(3,18): warning CS1591: Missing XML comment for publicly visible type or member 'IQueryHandler<TQuery, TResult>' [/Users/kady/Masterdom/src/Masterdom.Modules.Maintenance/Masterdom.Modules.Maintenance.csproj]
/Users/kady/Masterdom/src/Masterdom.Modules.Maintenance/Application/Support/IQueryHandler.cs(5,13): warning CS1591: Missing XML comment for publicly visible type or member 'IQueryHandler<TQuery, TResult>.Handle(TQuery)' [/Users/kady/Masterdom/src/Masterdom.Modules.Maintenance/Masterdom.Modules.Maintenance.csproj]
/Users/kady/Masterdom/src/Masterdom.Modules.Maintenance/Domain/Entities/Maintenance/Events/MaintenanceTicketAssignedDomainEvent.cs(5,22): warning CS1591: Missing XML comment for publicly visible type or member 'MaintenanceTicketAssignedDomainEvent' [/Users/kady/Masterdom/src/Masterdom.Modules.Maintenance/Masterdom.Modules.Maintenance.csproj]
/Users/kady/Masterdom/src/Masterdom.Modules.Maintenance/Domain/Entities/Maintenance/Events/MaintenanceTicketAssignedDomainEvent.cs(5,22): warning CS1591: Missing XML comment for publicly visible type or member 'MaintenanceTicketAssignedDomainEvent.MaintenanceTicketAssignedDomainEvent(MaintenanceTicketId, Guid, Guid, DateTime)' [/Users/kady/Masterdom/src/Masterdom.Modules.Maintenance/Masterdom.Modules.Maintenance.csproj]
/Users/kady/Masterdom/src/Masterdom.Modules.Maintenance/Domain/Entities/Maintenance/Events/MaintenanceTicketAssignedDomainEvent.cs(6,25): warning CS1591: Missing XML comment for publicly visible type or member 'MaintenanceTicketAssignedDomainEvent.MaintenanceTicketId' [/Users/kady/Masterdom/src/Masterdom.Modules.Maintenance/Masterdom.Modules.Maintenance.csproj]
/Users/kady/Masterdom/src/Masterdom.Modules.Maintenance/Domain/Entities/Maintenance/Events/MaintenanceTicketAssignedDomainEvent.cs(7,10): warning CS1591: Missing XML comment for publicly visible type or member 'MaintenanceTicketAssignedDomainEvent.PropertyId' [/Users/kady/Masterdom/src/Masterdom.Modules.Maintenance/Masterdom.Modules.Maintenance.csproj]
/Users/kady/Masterdom/src/Masterdom.Modules.Maintenance/Domain/Entities/Maintenance/Events/MaintenanceTicketAssignedDomainEvent.cs(8,10): warning CS1591: Missing XML comment for publicly visible type or member 'MaintenanceTicketAssignedDomainEvent.AssignedToPersonId' [/Users/kady/Masterdom/src/Masterdom.Modules.Maintenance/Masterdom.Modules.Maintenance.csproj]
/Users/kady/Masterdom/src/Masterdom.Modules.Maintenance/Domain/Entities/Maintenance/Events/MaintenanceTicketAssignedDomainEvent.cs(9,14): warning CS1591: Missing XML comment for publicly visible type or member 'MaintenanceTicketAssignedDomainEvent.OccurredOnUtc' [/Users/kady/Masterdom/src/Masterdom.Modules.Maintenance/Masterdom.Modules.Maintenance.csproj]
/Users/kady/Masterdom/src/Masterdom.Modules.Maintenance/Domain/Entities/Maintenance/Events/MaintenanceTicketClosedDomainEvent.cs(5,22): warning CS1591: Missing XML comment for publicly visible type or member 'MaintenanceTicketClosedDomainEvent' [/Users/kady/Masterdom/src/Masterdom.Modules.Maintenance/Masterdom.Modules.Maintenance.csproj]
/Users/kady/Masterdom/src/Masterdom.Modules.Maintenance/Domain/Entities/Maintenance/Events/MaintenanceTicketClosedDomainEvent.cs(5,22): warning CS1591: Missing XML comment for publicly visible type or member 'MaintenanceTicketClosedDomainEvent.MaintenanceTicketClosedDomainEvent(MaintenanceTicketId, Guid, DateTime)' [/Users/kady/Masterdom/src/Masterdom.Modules.Maintenance/Masterdom.Modules.Maintenance.csproj]
/Users/kady/Masterdom/src/Masterdom.Modules.Maintenance/Domain/Entities/Maintenance/Events/MaintenanceTicketClosedDomainEvent.cs(6,25): warning CS1591: Missing XML comment for publicly visible type or member 'MaintenanceTicketClosedDomainEvent.MaintenanceTicketId' [/Users/kady/Masterdom/src/Masterdom.Modules.Maintenance/Masterdom.Modules.Maintenance.csproj]
/Users/kady/Masterdom/src/Masterdom.Modules.Maintenance/Domain/Entities/Maintenance/Events/MaintenanceTicketClosedDomainEvent.cs(7,10): warning CS1591: Missing XML comment for publicly visible type or member 'MaintenanceTicketClosedDomainEvent.PropertyId' [/Users/kady/Masterdom/src/Masterdom.Modules.Maintenance/Masterdom.Modules.Maintenance.csproj]
/Users/kady/Masterdom/src/Masterdom.Modules.Maintenance/Domain/Entities/Maintenance/Events/MaintenanceTicketClosedDomainEvent.cs(8,14): warning CS1591: Missing XML comment for publicly visible type or member 'MaintenanceTicketClosedDomainEvent.OccurredOnUtc' [/Users/kady/Masterdom/src/Masterdom.Modules.Maintenance/Masterdom.Modules.Maintenance.csproj]
/Users/kady/Masterdom/src/Masterdom.Modules.Maintenance/Domain/Entities/Maintenance/Events/MaintenanceTicketCreatedDomainEvent.cs(5,22): warning CS1591: Missing XML comment for publicly visible type or member 'MaintenanceTicketCreatedDomainEvent' [/Users/kady/Masterdom/src/Masterdom.Modules.Maintenance/Masterdom.Modules.Maintenance.csproj]
/Users/kady/Masterdom/src/Masterdom.Modules.Maintenance/Domain/Entities/Maintenance/Events/MaintenanceTicketCreatedDomainEvent.cs(5,22): warning CS1591: Missing XML comment for publicly visible type or member 'MaintenanceTicketCreatedDomainEvent.MaintenanceTicketCreatedDomainEvent(MaintenanceTicketId, Guid, Guid, DateTime)' [/Users/kady/Masterdom/src/Masterdom.Modules.Maintenance/Masterdom.Modules.Maintenance.csproj]
/Users/kady/Masterdom/src/Masterdom.Modules.Maintenance/Domain/Entities/Maintenance/Events/MaintenanceTicketCreatedDomainEvent.cs(6,25): warning CS1591: Missing XML comment for publicly visible type or member 'MaintenanceTicketCreatedDomainEvent.MaintenanceTicketId' [/Users/kady/Masterdom/src/Masterdom.Modules.Maintenance/Masterdom.Modules.Maintenance.csproj]
/Users/kady/Masterdom/src/Masterdom.Modules.Maintenance/Domain/Entities/Maintenance/Events/MaintenanceTicketCreatedDomainEvent.cs(7,10): warning CS1591: Missing XML comment for publicly visible type or member 'MaintenanceTicketCreatedDomainEvent.PropertyId' [/Users/kady/Masterdom/src/Masterdom.Modules.Maintenance/Masterdom.Modules.Maintenance.csproj]
/Users/kady/Masterdom/src/Masterdom.Modules.Maintenance/Domain/Entities/Maintenance/Events/MaintenanceTicketCreatedDomainEvent.cs(8,10): warning CS1591: Missing XML comment for publicly visible type or member 'MaintenanceTicketCreatedDomainEvent.UnitId' [/Users/kady/Masterdom/src/Masterdom.Modules.Maintenance/Masterdom.Modules.Maintenance.csproj]
/Users/kady/Masterdom/src/Masterdom.Modules.Maintenance/Domain/Entities/Maintenance/Events/MaintenanceTicketCreatedDomainEvent.cs(9,14): warning CS1591: Missing XML comment for publicly visible type or member 'MaintenanceTicketCreatedDomainEvent.OccurredOnUtc' [/Users/kady/Masterdom/src/Masterdom.Modules.Maintenance/Masterdom.Modules.Maintenance.csproj]
/Users/kady/Masterdom/src/Masterdom.Modules.Maintenance/Domain/Entities/Maintenance/MaintenanceTicket.cs(8,21): warning CS1591: Missing XML comment for publicly visible type or member 'MaintenanceTicket' [/Users/kady/Masterdom/src/Masterdom.Modules.Maintenance/Masterdom.Modules.Maintenance.csproj]
/Users/kady/Masterdom/src/Masterdom.Modules.Maintenance/Domain/Entities/Maintenance/MaintenanceTicket.cs(29,17): warning CS1591: Missing XML comment for publicly visible type or member 'MaintenanceTicket.PropertyId' [/Users/kady/Masterdom/src/Masterdom.Modules.Maintenance/Masterdom.Modules.Maintenance.csproj]
/Users/kady/Masterdom/src/Masterdom.Modules.Maintenance/Domain/Entities/Maintenance/MaintenanceTicket.cs(31,17): warning CS1591: Missing XML comment for publicly visible type or member 'MaintenanceTicket.UnitId' [/Users/kady/Masterdom/src/Masterdom.Modules.Maintenance/Masterdom.Modules.Maintenance.csproj]
/Users/kady/Masterdom/src/Masterdom.Modules.Maintenance/Domain/Entities/Maintenance/MaintenanceTicket.cs(33,19): warning CS1591: Missing XML comment for publicly visible type or member 'MaintenanceTicket.Title' [/Users/kady/Masterdom/src/Masterdom.Modules.Maintenance/Masterdom.Modules.Maintenance.csproj]
/Users/kady/Masterdom/src/Masterdom.Modules.Maintenance/Domain/Entities/Maintenance/MaintenanceTicket.cs(35,19): warning CS1591: Missing XML comment for publicly visible type or member 'MaintenanceTicket.Description' [/Users/kady/Masterdom/src/Masterdom.Modules.Maintenance/Masterdom.Modules.Maintenance.csproj]
/Users/kady/Masterdom/src/Masterdom.Modules.Maintenance/Domain/Entities/Maintenance/MaintenanceTicket.cs(37,36): warning CS1591: Missing XML comment for publicly visible type or member 'MaintenanceTicket.Status' [/Users/kady/Masterdom/src/Masterdom.Modules.Maintenance/Masterdom.Modules.Maintenance.csproj]
/Users/kady/Masterdom/src/Masterdom.Modules.Maintenance/Domain/Entities/Maintenance/MaintenanceTicket.cs(39,18): warning CS1591: Missing XML comment for publicly visible type or member 'MaintenanceTicket.AssignedToPersonId' [/Users/kady/Masterdom/src/Masterdom.Modules.Maintenance/Masterdom.Modules.Maintenance.csproj]
/Users/kady/Masterdom/src/Masterdom.Modules.Maintenance/Domain/Entities/Maintenance/MaintenanceTicket.cs(41,22): warning CS1591: Missing XML comment for publicly visible type or member 'MaintenanceTicket.AssignedAtUtc' [/Users/kady/Masterdom/src/Masterdom.Modules.Maintenance/Masterdom.Modules.Maintenance.csproj]
/Users/kady/Masterdom/src/Masterdom.Modules.Maintenance/Domain/Entities/Maintenance/MaintenanceTicket.cs(43,21): warning CS1591: Missing XML comment for publicly visible type or member 'MaintenanceTicket.CreatedAtUtc' [/Users/kady/Masterdom/src/Masterdom.Modules.Maintenance/Masterdom.Modules.Maintenance.csproj]
/Users/kady/Masterdom/src/Masterdom.Modules.Maintenance/Domain/Entities/Maintenance/MaintenanceTicket.cs(45,46): warning CS1591: Missing XML comment for publicly visible type or member 'MaintenanceTicket.DomainEvents' [/Users/kady/Masterdom/src/Masterdom.Modules.Maintenance/Masterdom.Modules.Maintenance.csproj]
/Users/kady/Masterdom/src/Masterdom.Modules.Maintenance/Domain/Entities/Maintenance/MaintenanceTicket.cs(47,37): warning CS1591: Missing XML comment for publicly visible type or member 'MaintenanceTicket.Create(MaintenanceTicketId, Guid, Guid, string, string, DateTime)' [/Users/kady/Masterdom/src/Masterdom.Modules.Maintenance/Masterdom.Modules.Maintenance.csproj]
/Users/kady/Masterdom/src/Masterdom.Modules.Maintenance/Domain/Entities/Maintenance/MaintenanceTicket.cs(98,17): warning CS1591: Missing XML comment for publicly visible type or member 'MaintenanceTicket.Assign(Guid, DateTime)' [/Users/kady/Masterdom/src/Masterdom.Modules.Maintenance/Masterdom.Modules.Maintenance.csproj]
/Users/kady/Masterdom/src/Masterdom.Modules.Maintenance/Domain/Entities/Maintenance/MaintenanceTicket.cs(125,17): warning CS1591: Missing XML comment for publicly visible type or member 'MaintenanceTicket.Close(DateTime)' [/Users/kady/Masterdom/src/Masterdom.Modules.Maintenance/Masterdom.Modules.Maintenance.csproj]
/Users/kady/Masterdom/src/Masterdom.Modules.Maintenance/Domain/Entities/Maintenance/MaintenanceTicket.cs(150,17): warning CS1591: Missing XML comment for publicly visible type or member 'MaintenanceTicket.ClearDomainEvents()' [/Users/kady/Masterdom/src/Masterdom.Modules.Maintenance/Masterdom.Modules.Maintenance.csproj]
/Users/kady/Masterdom/src/Masterdom.Modules.Maintenance/Domain/Entities/Maintenance/MaintenanceTicketId.cs(5,22): warning CS1591: Missing XML comment for publicly visible type or member 'MaintenanceTicketId' [/Users/kady/Masterdom/src/Masterdom.Modules.Maintenance/Masterdom.Modules.Maintenance.csproj]
/Users/kady/Masterdom/src/Masterdom.Modules.Maintenance/Domain/Entities/Maintenance/MaintenanceTicketId.cs(5,22): warning CS1591: Missing XML comment for publicly visible type or member 'MaintenanceTicketId.MaintenanceTicketId(Guid)' [/Users/kady/Masterdom/src/Masterdom.Modules.Maintenance/Masterdom.Modules.Maintenance.csproj]
/Users/kady/Masterdom/src/Masterdom.Modules.Maintenance/Domain/Entities/Maintenance/MaintenanceTicketId.cs(7,39): warning CS1591: Missing XML comment for publicly visible type or member 'MaintenanceTicketId.New()' [/Users/kady/Masterdom/src/Masterdom.Modules.Maintenance/Masterdom.Modules.Maintenance.csproj]
/Users/kady/Masterdom/src/Masterdom.Modules.Maintenance/Domain/Entities/Maintenance/MaintenanceTicketId.cs(12,39): warning CS1591: Missing XML comment for publicly visible type or member 'MaintenanceTicketId.From(Guid)' [/Users/kady/Masterdom/src/Masterdom.Modules.Maintenance/Masterdom.Modules.Maintenance.csproj]
/Users/kady/Masterdom/src/Masterdom.Modules.Maintenance/Domain/Entities/Maintenance/MaintenanceTicketStatus.cs(5,21): warning CS1591: Missing XML comment for publicly visible type or member 'MaintenanceTicketStatus' [/Users/kady/Masterdom/src/Masterdom.Modules.Maintenance/Masterdom.Modules.Maintenance.csproj]
/Users/kady/Masterdom/src/Masterdom.Modules.Maintenance/Domain/Entities/Maintenance/MaintenanceTicketStatus.cs(7,52): warning CS1591: Missing XML comment for publicly visible type or member 'MaintenanceTicketStatus.Open' [/Users/kady/Masterdom/src/Masterdom.Modules.Maintenance/Masterdom.Modules.Maintenance.csproj]
/Users/kady/Masterdom/src/Masterdom.Modules.Maintenance/Domain/Entities/Maintenance/MaintenanceTicketStatus.cs(8,52): warning CS1591: Missing XML comment for publicly visible type or member 'MaintenanceTicketStatus.Closed' [/Users/kady/Masterdom/src/Masterdom.Modules.Maintenance/Masterdom.Modules.Maintenance.csproj]
/Users/kady/Masterdom/src/Masterdom.Modules.Maintenance/Domain/Entities/Maintenance/MaintenanceTicketStatus.cs(15,19): warning CS1591: Missing XML comment for publicly visible type or member 'MaintenanceTicketStatus.Value' [/Users/kady/Masterdom/src/Masterdom.Modules.Maintenance/Masterdom.Modules.Maintenance.csproj]
/Users/kady/Masterdom/src/Masterdom.Modules.Maintenance/Domain/Entities/Maintenance/MaintenanceTicketStatus.cs(17,43): warning CS1591: Missing XML comment for publicly visible type or member 'MaintenanceTicketStatus.Create(string)' [/Users/kady/Masterdom/src/Masterdom.Modules.Maintenance/Masterdom.Modules.Maintenance.csproj]
/Users/kady/Masterdom/src/Masterdom.Modules.Maintenance/Domain/Entities/Maintenance/MaintenanceTicketStatus.cs(29,45): warning CS1591: Missing XML comment for publicly visible type or member 'MaintenanceTicketStatus.GetEqualityComponents()' [/Users/kady/Masterdom/src/Masterdom.Modules.Maintenance/Masterdom.Modules.Maintenance.csproj]
/Users/kady/Masterdom/src/Masterdom.Modules.Maintenance/Domain/Repositories/IMaintenanceTicketRepository.cs(5,18): warning CS1591: Missing XML comment for publicly visible type or member 'IMaintenanceTicketRepository' [/Users/kady/Masterdom/src/Masterdom.Modules.Maintenance/Masterdom.Modules.Maintenance.csproj]
/Users/kady/Masterdom/src/Masterdom.Modules.Maintenance/Domain/Repositories/IMaintenanceTicketRepository.cs(7,10): warning CS1591: Missing XML comment for publicly visible type or member 'IMaintenanceTicketRepository.Add(MaintenanceTicket)' [/Users/kady/Masterdom/src/Masterdom.Modules.Maintenance/Masterdom.Modules.Maintenance.csproj]
/Users/kady/Masterdom/src/Masterdom.Modules.Maintenance/Domain/Repositories/IMaintenanceTicketRepository.cs(9,10): warning CS1591: Missing XML comment for publicly visible type or member 'IMaintenanceTicketRepository.Update(MaintenanceTicket)' [/Users/kady/Masterdom/src/Masterdom.Modules.Maintenance/Masterdom.Modules.Maintenance.csproj]
/Users/kady/Masterdom/src/Masterdom.Modules.Maintenance/Domain/Repositories/IMaintenanceTicketRepository.cs(11,24): warning CS1591: Missing XML comment for publicly visible type or member 'IMaintenanceTicketRepository.GetById(MaintenanceTicketId)' [/Users/kady/Masterdom/src/Masterdom.Modules.Maintenance/Masterdom.Modules.Maintenance.csproj]
/Users/kady/Masterdom/src/Masterdom.Modules.UtilityRating/Application/Support/ExecutionResult.cs(48,38): warning CS0108: 'ExecutionResult<T>.Failure(string, string)' hides inherited member 'ExecutionResult.Failure(string, string)'. Use the new keyword if hiding was intended. [/Users/kady/Masterdom/src/Masterdom.Modules.UtilityRating/Masterdom.Modules.UtilityRating.csproj]
/Users/kady/Masterdom/src/Masterdom.Modules.UtilityRating/Application/Commands/ApproveRatingCommand.cs(5,22): warning CS1591: Missing XML comment for publicly visible type or member 'ApproveRatingCommand' [/Users/kady/Masterdom/src/Masterdom.Modules.UtilityRating/Masterdom.Modules.UtilityRating.csproj]
/Users/kady/Masterdom/src/Masterdom.Modules.UtilityRating/Application/Commands/ApproveRatingCommand.cs(5,22): warning CS1591: Missing XML comment for publicly visible type or member 'ApproveRatingCommand.ApproveRatingCommand(UtilityRatingId, DateTime)' [/Users/kady/Masterdom/src/Masterdom.Modules.UtilityRating/Masterdom.Modules.UtilityRating.csproj]
/Users/kady/Masterdom/src/Masterdom.Modules.UtilityRating/Application/Commands/ApproveRatingCommand.cs(6,21): warning CS1591: Missing XML comment for publicly visible type or member 'ApproveRatingCommand.UtilityRatingId' [/Users/kady/Masterdom/src/Masterdom.Modules.UtilityRating/Masterdom.Modules.UtilityRating.csproj]
/Users/kady/Masterdom/src/Masterdom.Modules.UtilityRating/Application/Commands/ApproveRatingCommand.cs(7,14): warning CS1591: Missing XML comment for publicly visible type or member 'ApproveRatingCommand.ApprovedAtUtc' [/Users/kady/Masterdom/src/Masterdom.Modules.UtilityRating/Masterdom.Modules.UtilityRating.csproj]
/Users/kady/Masterdom/src/Masterdom.Modules.UtilityRating/Application/Commands/ArchiveRatingCommand.cs(5,22): warning CS1591: Missing XML comment for publicly visible type or member 'ArchiveRatingCommand' [/Users/kady/Masterdom/src/Masterdom.Modules.UtilityRating/Masterdom.Modules.UtilityRating.csproj]
/Users/kady/Masterdom/src/Masterdom.Modules.UtilityRating/Application/Commands/ArchiveRatingCommand.cs(5,22): warning CS1591: Missing XML comment for publicly visible type or member 'ArchiveRatingCommand.ArchiveRatingCommand(UtilityRatingId, string, DateTime)' [/Users/kady/Masterdom/src/Masterdom.Modules.UtilityRating/Masterdom.Modules.UtilityRating.csproj]
/Users/kady/Masterdom/src/Masterdom.Modules.UtilityRating/Application/Commands/ArchiveRatingCommand.cs(6,21): warning CS1591: Missing XML comment for publicly visible type or member 'ArchiveRatingCommand.UtilityRatingId' [/Users/kady/Masterdom/src/Masterdom.Modules.UtilityRating/Masterdom.Modules.UtilityRating.csproj]
/Users/kady/Masterdom/src/Masterdom.Modules.UtilityRating/Application/Commands/ArchiveRatingCommand.cs(7,12): warning CS1591: Missing XML comment for publicly visible type or member 'ArchiveRatingCommand.Reason' [/Users/kady/Masterdom/src/Masterdom.Modules.UtilityRating/Masterdom.Modules.UtilityRating.csproj]
/Users/kady/Masterdom/src/Masterdom.Modules.UtilityRating/Application/Commands/ArchiveRatingCommand.cs(8,14): warning CS1591: Missing XML comment for publicly visible type or member 'ArchiveRatingCommand.ArchivedAtUtc' [/Users/kady/Masterdom/src/Masterdom.Modules.UtilityRating/Masterdom.Modules.UtilityRating.csproj]
/Users/kady/Masterdom/src/Masterdom.Modules.UtilityRating/Application/Commands/RecalculateRatingCommand.cs(6,22): warning CS1591: Missing XML comment for publicly visible type or member 'RecalculateRatingCommand' [/Users/kady/Masterdom/src/Masterdom.Modules.UtilityRating/Masterdom.Modules.UtilityRating.csproj]
/Users/kady/Masterdom/src/Masterdom.Modules.UtilityRating/Application/Commands/RecalculateRatingCommand.cs(6,22): warning CS1591: Missing XML comment for publicly visible type or member 'RecalculateRatingCommand.RecalculateRatingCommand(UtilityRatingId, MeteringConsumptionOutputContract, TariffSchedule)' [/Users/kady/Masterdom/src/Masterdom.Modules.UtilityRating/Masterdom.Modules.UtilityRating.csproj]
/Users/kady/Masterdom/src/Masterdom.Modules.UtilityRating/Application/Commands/RecalculateRatingCommand.cs(7,21): warning CS1591: Missing XML comment for publicly visible type or member 'RecalculateRatingCommand.UtilityRatingId' [/Users/kady/Masterdom/src/Masterdom.Modules.UtilityRating/Masterdom.Modules.UtilityRating.csproj]
/Users/kady/Masterdom/src/Masterdom.Modules.UtilityRating/Application/Commands/RecalculateRatingCommand.cs(8,39): warning CS1591: Missing XML comment for publicly visible type or member 'RecalculateRatingCommand.ConsumptionOutput' [/Users/kady/Masterdom/src/Masterdom.Modules.UtilityRating/Masterdom.Modules.UtilityRating.csproj]
/Users/kady/Masterdom/src/Masterdom.Modules.UtilityRating/Application/Commands/RecalculateRatingCommand.cs(9,20): warning CS1591: Missing XML comment for publicly visible type or member 'RecalculateRatingCommand.TariffSchedule' [/Users/kady/Masterdom/src/Masterdom.Modules.UtilityRating/Masterdom.Modules.UtilityRating.csproj]
/Users/kady/Masterdom/src/Masterdom.Modules.UtilityRating/Application/Commands/RecalculateRatingCommand.cs(11,32): warning CS1591: Missing XML comment for publicly visible type or member 'RecalculateRatingCommand.ToSnapshot()' [/Users/kady/Masterdom/src/Masterdom.Modules.UtilityRating/Masterdom.Modules.UtilityRating.csproj]
/Users/kady/Masterdom/src/Masterdom.Modules.UtilityRating/Application/Handlers/Commands/ApproveRatingCommandHandler.cs(8,21): warning CS1591: Missing XML comment for publicly visible type or member 'ApproveRatingCommandHandler' [/Users/kady/Masterdom/src/Masterdom.Modules.UtilityRating/Masterdom.Modules.UtilityRating.csproj]
/Users/kady/Masterdom/src/Masterdom.Modules.UtilityRating/Application/Handlers/Commands/ApproveRatingCommandHandler.cs(12,12): warning CS1591: Missing XML comment for publicly visible type or member 'ApproveRatingCommandHandler.ApproveRatingCommandHandler(IUtilityRatingApplicationService)' [/Users/kady/Masterdom/src/Masterdom.Modules.UtilityRating/Masterdom.Modules.UtilityRating.csproj]
/Users/kady/Masterdom/src/Masterdom.Modules.UtilityRating/Application/Handlers/Commands/ApproveRatingCommandHandler.cs(17,52): warning CS1591: Missing XML comment for publicly visible type or member 'ApproveRatingCommandHandler.Handle(ApproveRatingCommand)' [/Users/kady/Masterdom/src/Masterdom.Modules.UtilityRating/Masterdom.Modules.UtilityRating.csproj]
/Users/kady/Masterdom/src/Masterdom.Modules.UtilityRating/Application/Handlers/Commands/ArchiveRatingCommandHandler.cs(8,21): warning CS1591: Missing XML comment for publicly visible type or member 'ArchiveRatingCommandHandler' [/Users/kady/Masterdom/src/Masterdom.Modules.UtilityRating/Masterdom.Modules.UtilityRating.csproj]
/Users/kady/Masterdom/src/Masterdom.Modules.UtilityRating/Application/Handlers/Commands/ArchiveRatingCommandHandler.cs(12,12): warning CS1591: Missing XML comment for publicly visible type or member 'ArchiveRatingCommandHandler.ArchiveRatingCommandHandler(IUtilityRatingApplicationService)' [/Users/kady/Masterdom/src/Masterdom.Modules.UtilityRating/Masterdom.Modules.UtilityRating.csproj]
/Users/kady/Masterdom/src/Masterdom.Modules.UtilityRating/Application/Handlers/Commands/ArchiveRatingCommandHandler.cs(17,52): warning CS1591: Missing XML comment for publicly visible type or member 'ArchiveRatingCommandHandler.Handle(ArchiveRatingCommand)' [/Users/kady/Masterdom/src/Masterdom.Modules.UtilityRating/Masterdom.Modules.UtilityRating.csproj]
/Users/kady/Masterdom/src/Masterdom.Modules.UtilityRating/Application/Handlers/Commands/RateConsumptionCommandHandler.cs(8,21): warning CS1591: Missing XML comment for publicly visible type or member 'RateConsumptionCommandHandler' [/Users/kady/Masterdom/src/Masterdom.Modules.UtilityRating/Masterdom.Modules.UtilityRating.csproj]
/Users/kady/Masterdom/src/Masterdom.Modules.UtilityRating/Application/Handlers/Commands/RateConsumptionCommandHandler.cs(12,12): warning CS1591: Missing XML comment for publicly visible type or member 'RateConsumptionCommandHandler.RateConsumptionCommandHandler(IUtilityRatingApplicationService)' [/Users/kady/Masterdom/src/Masterdom.Modules.UtilityRating/Masterdom.Modules.UtilityRating.csproj]
/Users/kady/Masterdom/src/Masterdom.Modules.UtilityRating/Application/Handlers/Commands/RateConsumptionCommandHandler.cs(17,52): warning CS1591: Missing XML comment for publicly visible type or member 'RateConsumptionCommandHandler.Handle(RateConsumptionCommand)' [/Users/kady/Masterdom/src/Masterdom.Modules.UtilityRating/Masterdom.Modules.UtilityRating.csproj]
/Users/kady/Masterdom/src/Masterdom.Modules.UtilityRating/Application/Handlers/Commands/RecalculateRatingCommandHandler.cs(8,21): warning CS1591: Missing XML comment for publicly visible type or member 'RecalculateRatingCommandHandler' [/Users/kady/Masterdom/src/Masterdom.Modules.UtilityRating/Masterdom.Modules.UtilityRating.csproj]
/Users/kady/Masterdom/src/Masterdom.Modules.UtilityRating/Application/Handlers/Commands/RecalculateRatingCommandHandler.cs(12,12): warning CS1591: Missing XML comment for publicly visible type or member 'RecalculateRatingCommandHandler.RecalculateRatingCommandHandler(IUtilityRatingApplicationService)' [/Users/kady/Masterdom/src/Masterdom.Modules.UtilityRating/Masterdom.Modules.UtilityRating.csproj]
/Users/kady/Masterdom/src/Masterdom.Modules.UtilityRating/Application/Handlers/Commands/RecalculateRatingCommandHandler.cs(17,52): warning CS1591: Missing XML comment for publicly visible type or member 'RecalculateRatingCommandHandler.Handle(RecalculateRatingCommand)' [/Users/kady/Masterdom/src/Masterdom.Modules.UtilityRating/Masterdom.Modules.UtilityRating.csproj]
/Users/kady/Masterdom/src/Masterdom.Modules.UtilityRating/Application/Handlers/Queries/GetLatestRatingQueryHandler.cs(8,21): warning CS1591: Missing XML comment for publicly visible type or member 'GetLatestRatingQueryHandler' [/Users/kady/Masterdom/src/Masterdom.Modules.UtilityRating/Masterdom.Modules.UtilityRating.csproj]
/Users/kady/Masterdom/src/Masterdom.Modules.UtilityRating/Application/Handlers/Queries/GetLatestRatingQueryHandler.cs(12,12): warning CS1591: Missing XML comment for publicly visible type or member 'GetLatestRatingQueryHandler.GetLatestRatingQueryHandler(IUtilityRatingApplicationService)' [/Users/kady/Masterdom/src/Masterdom.Modules.UtilityRating/Masterdom.Modules.UtilityRating.csproj]
/Users/kady/Masterdom/src/Masterdom.Modules.UtilityRating/Application/Handlers/Queries/GetLatestRatingQueryHandler.cs(17,52): warning CS1591: Missing XML comment for publicly visible type or member 'GetLatestRatingQueryHandler.Handle(GetLatestRatingQuery)' [/Users/kady/Masterdom/src/Masterdom.Modules.UtilityRating/Masterdom.Modules.UtilityRating.csproj]
/Users/kady/Masterdom/src/Masterdom.Modules.UtilityRating/Application/Handlers/Queries/GetRatingByIdQueryHandler.cs(8,21): warning CS1591: Missing XML comment for publicly visible type or member 'GetRatingByIdQueryHandler' [/Users/kady/Masterdom/src/Masterdom.Modules.UtilityRating/Masterdom.Modules.UtilityRating.csproj]
/Users/kady/Masterdom/src/Masterdom.Modules.UtilityRating/Application/Handlers/Queries/GetRatingByIdQueryHandler.cs(12,12): warning CS1591: Missing XML comment for publicly visible type or member 'GetRatingByIdQueryHandler.GetRatingByIdQueryHandler(IUtilityRatingApplicationService)' [/Users/kady/Masterdom/src/Masterdom.Modules.UtilityRating/Masterdom.Modules.UtilityRating.csproj]
/Users/kady/Masterdom/src/Masterdom.Modules.UtilityRating/Application/Handlers/Queries/GetRatingByIdQueryHandler.cs(17,52): warning CS1591: Missing XML comment for publicly visible type or member 'GetRatingByIdQueryHandler.Handle(GetRatingByIdQuery)' [/Users/kady/Masterdom/src/Masterdom.Modules.UtilityRating/Masterdom.Modules.UtilityRating.csproj]
/Users/kady/Masterdom/src/Masterdom.Modules.UtilityRating/Application/Queries/GetLatestRatingQuery.cs(5,22): warning CS1591: Missing XML comment for publicly visible type or member 'GetLatestRatingQuery' [/Users/kady/Masterdom/src/Masterdom.Modules.UtilityRating/Masterdom.Modules.UtilityRating.csproj]
/Users/kady/Masterdom/src/Masterdom.Modules.UtilityRating/Application/Queries/GetLatestRatingQuery.cs(5,22): warning CS1591: Missing XML comment for publicly visible type or member 'GetLatestRatingQuery.GetLatestRatingQuery(MeterReference, RatingPeriod)' [/Users/kady/Masterdom/src/Masterdom.Modules.UtilityRating/Masterdom.Modules.UtilityRating.csproj]
/Users/kady/Masterdom/src/Masterdom.Modules.UtilityRating/Application/Queries/GetLatestRatingQuery.cs(6,20): warning CS1591: Missing XML comment for publicly visible type or member 'GetLatestRatingQuery.MeterReference' [/Users/kady/Masterdom/src/Masterdom.Modules.UtilityRating/Masterdom.Modules.UtilityRating.csproj]
/Users/kady/Masterdom/src/Masterdom.Modules.UtilityRating/Application/Queries/GetLatestRatingQuery.cs(7,18): warning CS1591: Missing XML comment for publicly visible type or member 'GetLatestRatingQuery.RatingPeriod' [/Users/kady/Masterdom/src/Masterdom.Modules.UtilityRating/Masterdom.Modules.UtilityRating.csproj]
/Users/kady/Masterdom/src/Masterdom.Modules.UtilityRating/Application/Queries/GetRatingByIdQuery.cs(5,22): warning CS1591: Missing XML comment for publicly visible type or member 'GetRatingByIdQuery' [/Users/kady/Masterdom/src/Masterdom.Modules.UtilityRating/Masterdom.Modules.UtilityRating.csproj]
/Users/kady/Masterdom/src/Masterdom.Modules.UtilityRating/Application/Queries/GetRatingByIdQuery.cs(5,22): warning CS1591: Missing XML comment for publicly visible type or member 'GetRatingByIdQuery.GetRatingByIdQuery(UtilityRatingId)' [/Users/kady/Masterdom/src/Masterdom.Modules.UtilityRating/Masterdom.Modules.UtilityRating.csproj]
/Users/kady/Masterdom/src/Masterdom.Modules.UtilityRating/Application/Queries/GetRatingByIdQuery.cs(5,57): warning CS1591: Missing XML comment for publicly visible type or member 'GetRatingByIdQuery.UtilityRatingId' [/Users/kady/Masterdom/src/Masterdom.Modules.UtilityRating/Masterdom.Modules.UtilityRating.csproj]
/Users/kady/Masterdom/src/Masterdom.Modules.UtilityRating/Application/Services/IUtilityRatingApplicationService.cs(7,18): warning CS1591: Missing XML comment for publicly visible type or member 'IUtilityRatingApplicationService' [/Users/kady/Masterdom/src/Masterdom.Modules.UtilityRating/Masterdom.Modules.UtilityRating.csproj]
/Users/kady/Masterdom/src/Masterdom.Modules.UtilityRating/Application/Services/IUtilityRatingApplicationService.cs(9,28): warning CS1591: Missing XML comment for publicly visible type or member 'IUtilityRatingApplicationService.RateConsumption(RateConsumptionCommand)' [/Users/kady/Masterdom/src/Masterdom.Modules.UtilityRating/Masterdom.Modules.UtilityRating.csproj]
/Users/kady/Masterdom/src/Masterdom.Modules.UtilityRating/Application/Services/IUtilityRatingApplicationService.cs(11,28): warning CS1591: Missing XML comment for publicly visible type or member 'IUtilityRatingApplicationService.RecalculateRating(RecalculateRatingCommand)' [/Users/kady/Masterdom/src/Masterdom.Modules.UtilityRating/Masterdom.Modules.UtilityRating.csproj]
/Users/kady/Masterdom/src/Masterdom.Modules.UtilityRating/Application/Services/IUtilityRatingApplicationService.cs(13,28): warning CS1591: Missing XML comment for publicly visible type or member 'IUtilityRatingApplicationService.ApproveRating(ApproveRatingCommand)' [/Users/kady/Masterdom/src/Masterdom.Modules.UtilityRating/Masterdom.Modules.UtilityRating.csproj]
/Users/kady/Masterdom/src/Masterdom.Modules.UtilityRating/Application/Services/IUtilityRatingApplicationService.cs(15,28): warning CS1591: Missing XML comment for publicly visible type or member 'IUtilityRatingApplicationService.ArchiveRating(ArchiveRatingCommand)' [/Users/kady/Masterdom/src/Masterdom.Modules.UtilityRating/Masterdom.Modules.UtilityRating.csproj]
/Users/kady/Masterdom/src/Masterdom.Modules.UtilityRating/Application/Services/IUtilityRatingApplicationService.cs(17,29): warning CS1591: Missing XML comment for publicly visible type or member 'IUtilityRatingApplicationService.GetRating(GetRatingByIdQuery)' [/Users/kady/Masterdom/src/Masterdom.Modules.UtilityRating/Masterdom.Modules.UtilityRating.csproj]
/Users/kady/Masterdom/src/Masterdom.Modules.UtilityRating/Application/Services/IUtilityRatingApplicationService.cs(19,29): warning CS1591: Missing XML comment for publicly visible type or member 'IUtilityRatingApplicationService.GetLatestRating(GetLatestRatingQuery)' [/Users/kady/Masterdom/src/Masterdom.Modules.UtilityRating/Masterdom.Modules.UtilityRating.csproj]
/Users/kady/Masterdom/src/Masterdom.Modules.UtilityRating/Application/Services/UtilityRatingApplicationService.cs(10,21): warning CS1591: Missing XML comment for publicly visible type or member 'UtilityRatingApplicationService' [/Users/kady/Masterdom/src/Masterdom.Modules.UtilityRating/Masterdom.Modules.UtilityRating.csproj]
/Users/kady/Masterdom/src/Masterdom.Modules.UtilityRating/Application/Services/UtilityRatingApplicationService.cs(16,12): warning CS1591: Missing XML comment for publicly visible type or member 'UtilityRatingApplicationService.UtilityRatingApplicationService(IUtilityRatingRepository, IUtilityRatingUnitOfWork, IUtilityRatingPlatformOrchestrator)' [/Users/kady/Masterdom/src/Masterdom.Modules.UtilityRating/Masterdom.Modules.UtilityRating.csproj]
/Users/kady/Masterdom/src/Masterdom.Modules.UtilityRating/Application/Services/UtilityRatingApplicationService.cs(26,35): warning CS1591: Missing XML comment for publicly visible type or member 'UtilityRatingApplicationService.RateConsumption(RateConsumptionCommand)' [/Users/kady/Masterdom/src/Masterdom.Modules.UtilityRating/Masterdom.Modules.UtilityRating.csproj]
/Users/kady/Masterdom/src/Masterdom.Modules.UtilityRating/Application/Services/UtilityRatingApplicationService.cs(81,35): warning CS1591: Missing XML comment for publicly visible type or member 'UtilityRatingApplicationService.RecalculateRating(RecalculateRatingCommand)' [/Users/kady/Masterdom/src/Masterdom.Modules.UtilityRating/Masterdom.Modules.UtilityRating.csproj]
/Users/kady/Masterdom/src/Masterdom.Modules.UtilityRating/Application/Services/UtilityRatingApplicationService.cs(104,35): warning CS1591: Missing XML comment for publicly visible type or member 'UtilityRatingApplicationService.ApproveRating(ApproveRatingCommand)' [/Users/kady/Masterdom/src/Masterdom.Modules.UtilityRating/Masterdom.Modules.UtilityRating.csproj]
/Users/kady/Masterdom/src/Masterdom.Modules.UtilityRating/Application/Services/UtilityRatingApplicationService.cs(117,35): warning CS1591: Missing XML comment for publicly visible type or member 'UtilityRatingApplicationService.ArchiveRating(ArchiveRatingCommand)' [/Users/kady/Masterdom/src/Masterdom.Modules.UtilityRating/Masterdom.Modules.UtilityRating.csproj]
/Users/kady/Masterdom/src/Masterdom.Modules.UtilityRating/Application/Services/UtilityRatingApplicationService.cs(130,36): warning CS1591: Missing XML comment for publicly visible type or member 'UtilityRatingApplicationService.GetRating(GetRatingByIdQuery)' [/Users/kady/Masterdom/src/Masterdom.Modules.UtilityRating/Masterdom.Modules.UtilityRating.csproj]
/Users/kady/Masterdom/src/Masterdom.Modules.UtilityRating/Application/Services/UtilityRatingApplicationService.cs(136,36): warning CS1591: Missing XML comment for publicly visible type or member 'UtilityRatingApplicationService.GetLatestRating(GetLatestRatingQuery)' [/Users/kady/Masterdom/src/Masterdom.Modules.UtilityRating/Masterdom.Modules.UtilityRating.csproj]
/Users/kady/Masterdom/src/Masterdom.Modules.UtilityRating/Application/Support/ExecutionResult.cs(3,14): warning CS1591: Missing XML comment for publicly visible type or member 'ExecutionResult' [/Users/kady/Masterdom/src/Masterdom.Modules.UtilityRating/Masterdom.Modules.UtilityRating.csproj]
/Users/kady/Masterdom/src/Masterdom.Modules.UtilityRating/Application/Support/ExecutionResult.cs(5,15): warning CS1591: Missing XML comment for publicly visible type or member 'ExecutionResult.ExecutionResult(bool, string?, string?)' [/Users/kady/Masterdom/src/Masterdom.Modules.UtilityRating/Masterdom.Modules.UtilityRating.csproj]
/Users/kady/Masterdom/src/Masterdom.Modules.UtilityRating/Application/Support/ExecutionResult.cs(12,17): warning CS1591: Missing XML comment for publicly visible type or member 'ExecutionResult.IsSuccess' [/Users/kady/Masterdom/src/Masterdom.Modules.UtilityRating/Masterdom.Modules.UtilityRating.csproj]
/Users/kady/Masterdom/src/Masterdom.Modules.UtilityRating/Application/Support/ExecutionResult.cs(14,20): warning CS1591: Missing XML comment for publicly visible type or member 'ExecutionResult.ErrorCode' [/Users/kady/Masterdom/src/Masterdom.Modules.UtilityRating/Masterdom.Modules.UtilityRating.csproj]
/Users/kady/Masterdom/src/Masterdom.Modules.UtilityRating/Application/Support/ExecutionResult.cs(16,20): warning CS1591: Missing XML comment for publicly visible type or member 'ExecutionResult.ErrorMessage' [/Users/kady/Masterdom/src/Masterdom.Modules.UtilityRating/Masterdom.Modules.UtilityRating.csproj]
/Users/kady/Masterdom/src/Masterdom.Modules.UtilityRating/Application/Support/ExecutionResult.cs(18,35): warning CS1591: Missing XML comment for publicly visible type or member 'ExecutionResult.Success()' [/Users/kady/Masterdom/src/Masterdom.Modules.UtilityRating/Masterdom.Modules.UtilityRating.csproj]
/Users/kady/Masterdom/src/Masterdom.Modules.UtilityRating/Application/Support/ExecutionResult.cs(23,35): warning CS1591: Missing XML comment for publicly visible type or member 'ExecutionResult.Failure(string, string)' [/Users/kady/Masterdom/src/Masterdom.Modules.UtilityRating/Masterdom.Modules.UtilityRating.csproj]
/Users/kady/Masterdom/src/Masterdom.Modules.UtilityRating/Application/Support/ExecutionResult.cs(32,21): warning CS1591: Missing XML comment for publicly visible type or member 'ExecutionResult<T>' [/Users/kady/Masterdom/src/Masterdom.Modules.UtilityRating/Masterdom.Modules.UtilityRating.csproj]
/Users/kady/Masterdom/src/Masterdom.Modules.UtilityRating/Application/Support/ExecutionResult.cs(40,15): warning CS1591: Missing XML comment for publicly visible type or member 'ExecutionResult<T>.Value' [/Users/kady/Masterdom/src/Masterdom.Modules.UtilityRating/Masterdom.Modules.UtilityRating.csproj]
/Users/kady/Masterdom/src/Masterdom.Modules.UtilityRating/Application/Support/ExecutionResult.cs(42,38): warning CS1591: Missing XML comment for publicly visible type or member 'ExecutionResult<T>.Success(T)' [/Users/kady/Masterdom/src/Masterdom.Modules.UtilityRating/Masterdom.Modules.UtilityRating.csproj]
/Users/kady/Masterdom/src/Masterdom.Modules.UtilityRating/Application/Support/ExecutionResult.cs(48,38): warning CS1591: Missing XML comment for publicly visible type or member 'ExecutionResult<T>.Failure(string, string)' [/Users/kady/Masterdom/src/Masterdom.Modules.UtilityRating/Masterdom.Modules.UtilityRating.csproj]
/Users/kady/Masterdom/src/Masterdom.Modules.UtilityRating/Application/Support/ICommandHandler.cs(3,18): warning CS1591: Missing XML comment for publicly visible type or member 'ICommandHandler<TCommand, TResult>' [/Users/kady/Masterdom/src/Masterdom.Modules.UtilityRating/Masterdom.Modules.UtilityRating.csproj]
/Users/kady/Masterdom/src/Masterdom.Modules.UtilityRating/Application/Support/ICommandHandler.cs(5,13): warning CS1591: Missing XML comment for publicly visible type or member 'ICommandHandler<TCommand, TResult>.Handle(TCommand)' [/Users/kady/Masterdom/src/Masterdom.Modules.UtilityRating/Masterdom.Modules.UtilityRating.csproj]
/Users/kady/Masterdom/src/Masterdom.Modules.UtilityRating/Application/Support/IQueryHandler.cs(3,18): warning CS1591: Missing XML comment for publicly visible type or member 'IQueryHandler<TQuery, TResult>' [/Users/kady/Masterdom/src/Masterdom.Modules.UtilityRating/Masterdom.Modules.UtilityRating.csproj]
/Users/kady/Masterdom/src/Masterdom.Modules.UtilityRating/Application/Support/IQueryHandler.cs(5,13): warning CS1591: Missing XML comment for publicly visible type or member 'IQueryHandler<TQuery, TResult>.Handle(TQuery)' [/Users/kady/Masterdom/src/Masterdom.Modules.UtilityRating/Masterdom.Modules.UtilityRating.csproj]
/Users/kady/Masterdom/src/Masterdom.Modules.UtilityRating/Application/Support/IUtilityRatingPlatformOrchestrator.cs(6,18): warning CS1591: Missing XML comment for publicly visible type or member 'IUtilityRatingPlatformOrchestrator' [/Users/kady/Masterdom/src/Masterdom.Modules.UtilityRating/Masterdom.Modules.UtilityRating.csproj]
/Users/kady/Masterdom/src/Masterdom.Modules.UtilityRating/Application/Support/IUtilityRatingPlatformOrchestrator.cs(17,10): warning CS1591: Missing XML comment for publicly visible type or member 'IUtilityRatingPlatformOrchestrator.OnRatingMutated(UtilityRating, string)' [/Users/kady/Masterdom/src/Masterdom.Modules.UtilityRating/Masterdom.Modules.UtilityRating.csproj]
/Users/kady/Masterdom/src/Masterdom.Modules.UtilityRating/Application/Support/IUtilityRatingUnitOfWork.cs(3,18): warning CS1591: Missing XML comment for publicly visible type or member 'IUtilityRatingUnitOfWork' [/Users/kady/Masterdom/src/Masterdom.Modules.UtilityRating/Masterdom.Modules.UtilityRating.csproj]
/Users/kady/Masterdom/src/Masterdom.Modules.UtilityRating/Application/Support/IUtilityRatingUnitOfWork.cs(5,10): warning CS1591: Missing XML comment for publicly visible type or member 'IUtilityRatingUnitOfWork.Execute(Action)' [/Users/kady/Masterdom/src/Masterdom.Modules.UtilityRating/Masterdom.Modules.UtilityRating.csproj]
/Users/kady/Masterdom/src/Masterdom.Modules.UtilityRating/Contracts/Metering/MeteringConsumptionOutputContract.cs(3,22): warning CS1591: Missing XML comment for publicly visible type or member 'MeteringConsumptionOutputContract' [/Users/kady/Masterdom/src/Masterdom.Modules.UtilityRating/Masterdom.Modules.UtilityRating.csproj]
/Users/kady/Masterdom/src/Masterdom.Modules.UtilityRating/Contracts/Metering/MeteringConsumptionOutputContract.cs(3,22): warning CS1591: Missing XML comment for publicly visible type or member 'MeteringConsumptionOutputContract.MeteringConsumptionOutputContract(Guid, Guid, decimal, DateOnly, DateOnly, DateTime)' [/Users/kady/Masterdom/src/Masterdom.Modules.UtilityRating/Masterdom.Modules.UtilityRating.csproj]
/Users/kady/Masterdom/src/Masterdom.Modules.UtilityRating/Contracts/Metering/MeteringConsumptionOutputContract.cs(4,10): warning CS1591: Missing XML comment for publicly visible type or member 'MeteringConsumptionOutputContract.MeterId' [/Users/kady/Masterdom/src/Masterdom.Modules.UtilityRating/Masterdom.Modules.UtilityRating.csproj]
/Users/kady/Masterdom/src/Masterdom.Modules.UtilityRating/Contracts/Metering/MeteringConsumptionOutputContract.cs(5,10): warning CS1591: Missing XML comment for publicly visible type or member 'MeteringConsumptionOutputContract.ReadingId' [/Users/kady/Masterdom/src/Masterdom.Modules.UtilityRating/Masterdom.Modules.UtilityRating.csproj]
/Users/kady/Masterdom/src/Masterdom.Modules.UtilityRating/Contracts/Metering/MeteringConsumptionOutputContract.cs(6,13): warning CS1591: Missing XML comment for publicly visible type or member 'MeteringConsumptionOutputContract.ConsumptionValue' [/Users/kady/Masterdom/src/Masterdom.Modules.UtilityRating/Masterdom.Modules.UtilityRating.csproj]
/Users/kady/Masterdom/src/Masterdom.Modules.UtilityRating/Contracts/Metering/MeteringConsumptionOutputContract.cs(7,14): warning CS1591: Missing XML comment for publicly visible type or member 'MeteringConsumptionOutputContract.PeriodStart' [/Users/kady/Masterdom/src/Masterdom.Modules.UtilityRating/Masterdom.Modules.UtilityRating.csproj]
/Users/kady/Masterdom/src/Masterdom.Modules.UtilityRating/Contracts/Metering/MeteringConsumptionOutputContract.cs(8,14): warning CS1591: Missing XML comment for publicly visible type or member 'MeteringConsumptionOutputContract.PeriodEnd' [/Users/kady/Masterdom/src/Masterdom.Modules.UtilityRating/Masterdom.Modules.UtilityRating.csproj]
/Users/kady/Masterdom/src/Masterdom.Modules.UtilityRating/Contracts/Metering/MeteringConsumptionOutputContract.cs(9,14): warning CS1591: Missing XML comment for publicly visible type or member 'MeteringConsumptionOutputContract.CapturedAtUtc' [/Users/kady/Masterdom/src/Masterdom.Modules.UtilityRating/Masterdom.Modules.UtilityRating.csproj]
/Users/kady/Masterdom/src/Masterdom.Modules.UtilityRating/Domain/Entities/UtilityRating/AdjustmentComponent.cs(3,21): warning CS1591: Missing XML comment for publicly visible type or member 'AdjustmentComponent' [/Users/kady/Masterdom/src/Masterdom.Modules.UtilityRating/Masterdom.Modules.UtilityRating.csproj]
/Users/kady/Masterdom/src/Masterdom.Modules.UtilityRating/Domain/Entities/UtilityRating/AdjustmentComponent.cs(10,39): warning CS1591: Missing XML comment for publicly visible type or member 'AdjustmentComponent.Create(decimal)' [/Users/kady/Masterdom/src/Masterdom.Modules.UtilityRating/Masterdom.Modules.UtilityRating.csproj]
/Users/kady/Masterdom/src/Masterdom.Modules.UtilityRating/Domain/Entities/UtilityRating/ConsumptionReference.cs(5,21): warning CS1591: Missing XML comment for publicly visible type or member 'ConsumptionReference' [/Users/kady/Masterdom/src/Masterdom.Modules.UtilityRating/Masterdom.Modules.UtilityRating.csproj]
/Users/kady/Masterdom/src/Masterdom.Modules.UtilityRating/Domain/Entities/UtilityRating/ConsumptionReference.cs(13,17): warning CS1591: Missing XML comment for publicly visible type or member 'ConsumptionReference.ReadingId' [/Users/kady/Masterdom/src/Masterdom.Modules.UtilityRating/Masterdom.Modules.UtilityRating.csproj]
/Users/kady/Masterdom/src/Masterdom.Modules.UtilityRating/Domain/Entities/UtilityRating/ConsumptionReference.cs(15,20): warning CS1591: Missing XML comment for publicly visible type or member 'ConsumptionReference.ConsumptionValue' [/Users/kady/Masterdom/src/Masterdom.Modules.UtilityRating/Masterdom.Modules.UtilityRating.csproj]
/Users/kady/Masterdom/src/Masterdom.Modules.UtilityRating/Domain/Entities/UtilityRating/ConsumptionReference.cs(17,40): warning CS1591: Missing XML comment for publicly visible type or member 'ConsumptionReference.Create(Guid, decimal)' [/Users/kady/Masterdom/src/Masterdom.Modules.UtilityRating/Masterdom.Modules.UtilityRating.csproj]
/Users/kady/Masterdom/src/Masterdom.Modules.UtilityRating/Domain/Entities/UtilityRating/ConsumptionReference.cs(32,45): warning CS1591: Missing XML comment for publicly visible type or member 'ConsumptionReference.GetEqualityComponents()' [/Users/kady/Masterdom/src/Masterdom.Modules.UtilityRating/Masterdom.Modules.UtilityRating.csproj]
/Users/kady/Masterdom/src/Masterdom.Modules.UtilityRating/Domain/Entities/UtilityRating/ConsumptionSnapshot.cs(5,21): warning CS1591: Missing XML comment for publicly visible type or member 'ConsumptionSnapshot' [/Users/kady/Masterdom/src/Masterdom.Modules.UtilityRating/Masterdom.Modules.UtilityRating.csproj]
/Users/kady/Masterdom/src/Masterdom.Modules.UtilityRating/Domain/Entities/UtilityRating/ConsumptionSnapshot.cs(19,27): warning CS1591: Missing XML comment for publicly visible type or member 'ConsumptionSnapshot.MeterReference' [/Users/kady/Masterdom/src/Masterdom.Modules.UtilityRating/Masterdom.Modules.UtilityRating.csproj]
/Users/kady/Masterdom/src/Masterdom.Modules.UtilityRating/Domain/Entities/UtilityRating/ConsumptionSnapshot.cs(21,33): warning CS1591: Missing XML comment for publicly visible type or member 'ConsumptionSnapshot.ConsumptionReference' [/Users/kady/Masterdom/src/Masterdom.Modules.UtilityRating/Masterdom.Modules.UtilityRating.csproj]
/Users/kady/Masterdom/src/Masterdom.Modules.UtilityRating/Domain/Entities/UtilityRating/ConsumptionSnapshot.cs(23,25): warning CS1591: Missing XML comment for publicly visible type or member 'ConsumptionSnapshot.RatingPeriod' [/Users/kady/Masterdom/src/Masterdom.Modules.UtilityRating/Masterdom.Modules.UtilityRating.csproj]
/Users/kady/Masterdom/src/Masterdom.Modules.UtilityRating/Domain/Entities/UtilityRating/ConsumptionSnapshot.cs(25,21): warning CS1591: Missing XML comment for publicly visible type or member 'ConsumptionSnapshot.CapturedAtUtc' [/Users/kady/Masterdom/src/Masterdom.Modules.UtilityRating/Masterdom.Modules.UtilityRating.csproj]
/Users/kady/Masterdom/src/Masterdom.Modules.UtilityRating/Domain/Entities/UtilityRating/ConsumptionSnapshot.cs(27,39): warning CS1591: Missing XML comment for publicly visible type or member 'ConsumptionSnapshot.Create(MeterReference, ConsumptionReference, RatingPeriod, DateTime)' [/Users/kady/Masterdom/src/Masterdom.Modules.UtilityRating/Masterdom.Modules.UtilityRating.csproj]
/Users/kady/Masterdom/src/Masterdom.Modules.UtilityRating/Domain/Entities/UtilityRating/ConsumptionSnapshot.cs(45,45): warning CS1591: Missing XML comment for publicly visible type or member 'ConsumptionSnapshot.GetEqualityComponents()' [/Users/kady/Masterdom/src/Masterdom.Modules.UtilityRating/Masterdom.Modules.UtilityRating.csproj]
/Users/kady/Masterdom/src/Masterdom.Modules.UtilityRating/Domain/Entities/UtilityRating/Events/ConsumptionRatedDomainEvent.cs(5,22): warning CS1591: Missing XML comment for publicly visible type or member 'ConsumptionRatedDomainEvent' [/Users/kady/Masterdom/src/Masterdom.Modules.UtilityRating/Masterdom.Modules.UtilityRating.csproj]
/Users/kady/Masterdom/src/Masterdom.Modules.UtilityRating/Domain/Entities/UtilityRating/Events/ConsumptionRatedDomainEvent.cs(5,22): warning CS1591: Missing XML comment for publicly visible type or member 'ConsumptionRatedDomainEvent.ConsumptionRatedDomainEvent(UtilityRatingId, Guid, Guid, decimal, decimal, DateTime)' [/Users/kady/Masterdom/src/Masterdom.Modules.UtilityRating/Masterdom.Modules.UtilityRating.csproj]
/Users/kady/Masterdom/src/Masterdom.Modules.UtilityRating/Domain/Entities/UtilityRating/Events/ConsumptionRatedDomainEvent.cs(6,21): warning CS1591: Missing XML comment for publicly visible type or member 'ConsumptionRatedDomainEvent.UtilityRatingId' [/Users/kady/Masterdom/src/Masterdom.Modules.UtilityRating/Masterdom.Modules.UtilityRating.csproj]
/Users/kady/Masterdom/src/Masterdom.Modules.UtilityRating/Domain/Entities/UtilityRating/Events/ConsumptionRatedDomainEvent.cs(7,10): warning CS1591: Missing XML comment for publicly visible type or member 'ConsumptionRatedDomainEvent.MeterId' [/Users/kady/Masterdom/src/Masterdom.Modules.UtilityRating/Masterdom.Modules.UtilityRating.csproj]
/Users/kady/Masterdom/src/Masterdom.Modules.UtilityRating/Domain/Entities/UtilityRating/Events/ConsumptionRatedDomainEvent.cs(8,10): warning CS1591: Missing XML comment for publicly visible type or member 'ConsumptionRatedDomainEvent.ConsumptionReadingId' [/Users/kady/Masterdom/src/Masterdom.Modules.UtilityRating/Masterdom.Modules.UtilityRating.csproj]
/Users/kady/Masterdom/src/Masterdom.Modules.UtilityRating/Domain/Entities/UtilityRating/Events/ConsumptionRatedDomainEvent.cs(9,13): warning CS1591: Missing XML comment for publicly visible type or member 'ConsumptionRatedDomainEvent.RatedUnits' [/Users/kady/Masterdom/src/Masterdom.Modules.UtilityRating/Masterdom.Modules.UtilityRating.csproj]
/Users/kady/Masterdom/src/Masterdom.Modules.UtilityRating/Domain/Entities/UtilityRating/Events/ConsumptionRatedDomainEvent.cs(10,13): warning CS1591: Missing XML comment for publicly visible type or member 'ConsumptionRatedDomainEvent.RatedAmount' [/Users/kady/Masterdom/src/Masterdom.Modules.UtilityRating/Masterdom.Modules.UtilityRating.csproj]
/Users/kady/Masterdom/src/Masterdom.Modules.UtilityRating/Domain/Entities/UtilityRating/Events/ConsumptionRatedDomainEvent.cs(11,14): warning CS1591: Missing XML comment for publicly visible type or member 'ConsumptionRatedDomainEvent.OccurredOnUtc' [/Users/kady/Masterdom/src/Masterdom.Modules.UtilityRating/Masterdom.Modules.UtilityRating.csproj]
/Users/kady/Masterdom/src/Masterdom.Modules.UtilityRating/Domain/Entities/UtilityRating/Events/RatingApprovedDomainEvent.cs(5,22): warning CS1591: Missing XML comment for publicly visible type or member 'RatingApprovedDomainEvent' [/Users/kady/Masterdom/src/Masterdom.Modules.UtilityRating/Masterdom.Modules.UtilityRating.csproj]
/Users/kady/Masterdom/src/Masterdom.Modules.UtilityRating/Domain/Entities/UtilityRating/Events/RatingApprovedDomainEvent.cs(5,22): warning CS1591: Missing XML comment for publicly visible type or member 'RatingApprovedDomainEvent.RatingApprovedDomainEvent(UtilityRatingId, int, DateTime)' [/Users/kady/Masterdom/src/Masterdom.Modules.UtilityRating/Masterdom.Modules.UtilityRating.csproj]
/Users/kady/Masterdom/src/Masterdom.Modules.UtilityRating/Domain/Entities/UtilityRating/Events/RatingApprovedDomainEvent.cs(6,21): warning CS1591: Missing XML comment for publicly visible type or member 'RatingApprovedDomainEvent.UtilityRatingId' [/Users/kady/Masterdom/src/Masterdom.Modules.UtilityRating/Masterdom.Modules.UtilityRating.csproj]
/Users/kady/Masterdom/src/Masterdom.Modules.UtilityRating/Domain/Entities/UtilityRating/Events/RatingApprovedDomainEvent.cs(7,9): warning CS1591: Missing XML comment for publicly visible type or member 'RatingApprovedDomainEvent.RatingVersion' [/Users/kady/Masterdom/src/Masterdom.Modules.UtilityRating/Masterdom.Modules.UtilityRating.csproj]
/Users/kady/Masterdom/src/Masterdom.Modules.UtilityRating/Domain/Entities/UtilityRating/Events/RatingApprovedDomainEvent.cs(8,14): warning CS1591: Missing XML comment for publicly visible type or member 'RatingApprovedDomainEvent.OccurredOnUtc' [/Users/kady/Masterdom/src/Masterdom.Modules.UtilityRating/Masterdom.Modules.UtilityRating.csproj]
/Users/kady/Masterdom/src/Masterdom.Modules.UtilityRating/Domain/Entities/UtilityRating/Events/RatingArchivedDomainEvent.cs(5,22): warning CS1591: Missing XML comment for publicly visible type or member 'RatingArchivedDomainEvent' [/Users/kady/Masterdom/src/Masterdom.Modules.UtilityRating/Masterdom.Modules.UtilityRating.csproj]
/Users/kady/Masterdom/src/Masterdom.Modules.UtilityRating/Domain/Entities/UtilityRating/Events/RatingArchivedDomainEvent.cs(5,22): warning CS1591: Missing XML comment for publicly visible type or member 'RatingArchivedDomainEvent.RatingArchivedDomainEvent(UtilityRatingId, int, string, DateTime)' [/Users/kady/Masterdom/src/Masterdom.Modules.UtilityRating/Masterdom.Modules.UtilityRating.csproj]
/Users/kady/Masterdom/src/Masterdom.Modules.UtilityRating/Domain/Entities/UtilityRating/Events/RatingArchivedDomainEvent.cs(6,21): warning CS1591: Missing XML comment for publicly visible type or member 'RatingArchivedDomainEvent.UtilityRatingId' [/Users/kady/Masterdom/src/Masterdom.Modules.UtilityRating/Masterdom.Modules.UtilityRating.csproj]
/Users/kady/Masterdom/src/Masterdom.Modules.UtilityRating/Domain/Entities/UtilityRating/Events/RatingArchivedDomainEvent.cs(7,9): warning CS1591: Missing XML comment for publicly visible type or member 'RatingArchivedDomainEvent.RatingVersion' [/Users/kady/Masterdom/src/Masterdom.Modules.UtilityRating/Masterdom.Modules.UtilityRating.csproj]
/Users/kady/Masterdom/src/Masterdom.Modules.UtilityRating/Domain/Entities/UtilityRating/Events/RatingArchivedDomainEvent.cs(8,12): warning CS1591: Missing XML comment for publicly visible type or member 'RatingArchivedDomainEvent.Reason' [/Users/kady/Masterdom/src/Masterdom.Modules.UtilityRating/Masterdom.Modules.UtilityRating.csproj]
/Users/kady/Masterdom/src/Masterdom.Modules.UtilityRating/Domain/Entities/UtilityRating/Events/RatingArchivedDomainEvent.cs(9,14): warning CS1591: Missing XML comment for publicly visible type or member 'RatingArchivedDomainEvent.OccurredOnUtc' [/Users/kady/Masterdom/src/Masterdom.Modules.UtilityRating/Masterdom.Modules.UtilityRating.csproj]
/Users/kady/Masterdom/src/Masterdom.Modules.UtilityRating/Domain/Entities/UtilityRating/Events/RatingRecalculatedDomainEvent.cs(5,22): warning CS1591: Missing XML comment for publicly visible type or member 'RatingRecalculatedDomainEvent' [/Users/kady/Masterdom/src/Masterdom.Modules.UtilityRating/Masterdom.Modules.UtilityRating.csproj]
/Users/kady/Masterdom/src/Masterdom.Modules.UtilityRating/Domain/Entities/UtilityRating/Events/RatingRecalculatedDomainEvent.cs(5,22): warning CS1591: Missing XML comment for publicly visible type or member 'RatingRecalculatedDomainEvent.RatingRecalculatedDomainEvent(UtilityRatingId, UtilityRatingId, int, DateTime)' [/Users/kady/Masterdom/src/Masterdom.Modules.UtilityRating/Masterdom.Modules.UtilityRating.csproj]
/Users/kady/Masterdom/src/Masterdom.Modules.UtilityRating/Domain/Entities/UtilityRating/Events/RatingRecalculatedDomainEvent.cs(6,21): warning CS1591: Missing XML comment for publicly visible type or member 'RatingRecalculatedDomainEvent.PreviousUtilityRatingId' [/Users/kady/Masterdom/src/Masterdom.Modules.UtilityRating/Masterdom.Modules.UtilityRating.csproj]
/Users/kady/Masterdom/src/Masterdom.Modules.UtilityRating/Domain/Entities/UtilityRating/Events/RatingRecalculatedDomainEvent.cs(7,21): warning CS1591: Missing XML comment for publicly visible type or member 'RatingRecalculatedDomainEvent.NewUtilityRatingId' [/Users/kady/Masterdom/src/Masterdom.Modules.UtilityRating/Masterdom.Modules.UtilityRating.csproj]
/Users/kady/Masterdom/src/Masterdom.Modules.UtilityRating/Domain/Entities/UtilityRating/Events/RatingRecalculatedDomainEvent.cs(8,9): warning CS1591: Missing XML comment for publicly visible type or member 'RatingRecalculatedDomainEvent.NewVersion' [/Users/kady/Masterdom/src/Masterdom.Modules.UtilityRating/Masterdom.Modules.UtilityRating.csproj]
/Users/kady/Masterdom/src/Masterdom.Modules.UtilityRating/Domain/Entities/UtilityRating/Events/RatingRecalculatedDomainEvent.cs(9,14): warning CS1591: Missing XML comment for publicly visible type or member 'RatingRecalculatedDomainEvent.OccurredOnUtc' [/Users/kady/Masterdom/src/Masterdom.Modules.UtilityRating/Masterdom.Modules.UtilityRating.csproj]
/Users/kady/Masterdom/src/Masterdom.Modules.UtilityRating/Domain/Entities/UtilityRating/Events/TariffAppliedDomainEvent.cs(5,22): warning CS1591: Missing XML comment for publicly visible type or member 'TariffAppliedDomainEvent' [/Users/kady/Masterdom/src/Masterdom.Modules.UtilityRating/Masterdom.Modules.UtilityRating.csproj]
/Users/kady/Masterdom/src/Masterdom.Modules.UtilityRating/Domain/Entities/UtilityRating/Events/TariffAppliedDomainEvent.cs(5,22): warning CS1591: Missing XML comment for publicly visible type or member 'TariffAppliedDomainEvent.TariffAppliedDomainEvent(UtilityRatingId, string, int, DateTime)' [/Users/kady/Masterdom/src/Masterdom.Modules.UtilityRating/Masterdom.Modules.UtilityRating.csproj]
/Users/kady/Masterdom/src/Masterdom.Modules.UtilityRating/Domain/Entities/UtilityRating/Events/TariffAppliedDomainEvent.cs(6,21): warning CS1591: Missing XML comment for publicly visible type or member 'TariffAppliedDomainEvent.UtilityRatingId' [/Users/kady/Masterdom/src/Masterdom.Modules.UtilityRating/Masterdom.Modules.UtilityRating.csproj]
/Users/kady/Masterdom/src/Masterdom.Modules.UtilityRating/Domain/Entities/UtilityRating/Events/TariffAppliedDomainEvent.cs(7,12): warning CS1591: Missing XML comment for publicly visible type or member 'TariffAppliedDomainEvent.TariffCode' [/Users/kady/Masterdom/src/Masterdom.Modules.UtilityRating/Masterdom.Modules.UtilityRating.csproj]
/Users/kady/Masterdom/src/Masterdom.Modules.UtilityRating/Domain/Entities/UtilityRating/Events/TariffAppliedDomainEvent.cs(8,9): warning CS1591: Missing XML comment for publicly visible type or member 'TariffAppliedDomainEvent.TariffVersion' [/Users/kady/Masterdom/src/Masterdom.Modules.UtilityRating/Masterdom.Modules.UtilityRating.csproj]
/Users/kady/Masterdom/src/Masterdom.Modules.UtilityRating/Domain/Entities/UtilityRating/Events/TariffAppliedDomainEvent.cs(9,14): warning CS1591: Missing XML comment for publicly visible type or member 'TariffAppliedDomainEvent.OccurredOnUtc' [/Users/kady/Masterdom/src/Masterdom.Modules.UtilityRating/Masterdom.Modules.UtilityRating.csproj]
/Users/kady/Masterdom/src/Masterdom.Modules.UtilityRating/Domain/Entities/UtilityRating/FixedCharge.cs(3,21): warning CS1591: Missing XML comment for publicly visible type or member 'FixedCharge' [/Users/kady/Masterdom/src/Masterdom.Modules.UtilityRating/Masterdom.Modules.UtilityRating.csproj]
/Users/kady/Masterdom/src/Masterdom.Modules.UtilityRating/Domain/Entities/UtilityRating/FixedCharge.cs(10,31): warning CS1591: Missing XML comment for publicly visible type or member 'FixedCharge.Create(decimal)' [/Users/kady/Masterdom/src/Masterdom.Modules.UtilityRating/Masterdom.Modules.UtilityRating.csproj]
/Users/kady/Masterdom/src/Masterdom.Modules.UtilityRating/Domain/Entities/UtilityRating/MeterReference.cs(5,21): warning CS1591: Missing XML comment for publicly visible type or member 'MeterReference' [/Users/kady/Masterdom/src/Masterdom.Modules.UtilityRating/Masterdom.Modules.UtilityRating.csproj]
/Users/kady/Masterdom/src/Masterdom.Modules.UtilityRating/Domain/Entities/UtilityRating/MeterReference.cs(12,17): warning CS1591: Missing XML comment for publicly visible type or member 'MeterReference.MeterId' [/Users/kady/Masterdom/src/Masterdom.Modules.UtilityRating/Masterdom.Modules.UtilityRating.csproj]
/Users/kady/Masterdom/src/Masterdom.Modules.UtilityRating/Domain/Entities/UtilityRating/MeterReference.cs(14,34): warning CS1591: Missing XML comment for publicly visible type or member 'MeterReference.Create(Guid)' [/Users/kady/Masterdom/src/Masterdom.Modules.UtilityRating/Masterdom.Modules.UtilityRating.csproj]
/Users/kady/Masterdom/src/Masterdom.Modules.UtilityRating/Domain/Entities/UtilityRating/MeterReference.cs(24,45): warning CS1591: Missing XML comment for publicly visible type or member 'MeterReference.GetEqualityComponents()' [/Users/kady/Masterdom/src/Masterdom.Modules.UtilityRating/Masterdom.Modules.UtilityRating.csproj]
/Users/kady/Masterdom/src/Masterdom.Modules.UtilityRating/Domain/Entities/UtilityRating/MinimumCharge.cs(5,21): warning CS1591: Missing XML comment for publicly visible type or member 'MinimumCharge' [/Users/kady/Masterdom/src/Masterdom.Modules.UtilityRating/Masterdom.Modules.UtilityRating.csproj]
/Users/kady/Masterdom/src/Masterdom.Modules.UtilityRating/Domain/Entities/UtilityRating/MinimumCharge.cs(12,20): warning CS1591: Missing XML comment for publicly visible type or member 'MinimumCharge.Amount' [/Users/kady/Masterdom/src/Masterdom.Modules.UtilityRating/Masterdom.Modules.UtilityRating.csproj]
/Users/kady/Masterdom/src/Masterdom.Modules.UtilityRating/Domain/Entities/UtilityRating/MinimumCharge.cs(14,33): warning CS1591: Missing XML comment for publicly visible type or member 'MinimumCharge.Create(decimal)' [/Users/kady/Masterdom/src/Masterdom.Modules.UtilityRating/Masterdom.Modules.UtilityRating.csproj]
/Users/kady/Masterdom/src/Masterdom.Modules.UtilityRating/Domain/Entities/UtilityRating/MinimumCharge.cs(24,45): warning CS1591: Missing XML comment for publicly visible type or member 'MinimumCharge.GetEqualityComponents()' [/Users/kady/Masterdom/src/Masterdom.Modules.UtilityRating/Masterdom.Modules.UtilityRating.csproj]
/Users/kady/Masterdom/src/Masterdom.Modules.UtilityRating/Domain/Entities/UtilityRating/RateComponent.cs(5,23): warning CS1591: Missing XML comment for publicly visible type or member 'RateComponent' [/Users/kady/Masterdom/src/Masterdom.Modules.UtilityRating/Masterdom.Modules.UtilityRating.csproj]
/Users/kady/Masterdom/src/Masterdom.Modules.UtilityRating/Domain/Entities/UtilityRating/RateComponent.cs(7,15): warning CS1591: Missing XML comment for publicly visible type or member 'RateComponent.RateComponent(string, decimal)' [/Users/kady/Masterdom/src/Masterdom.Modules.UtilityRating/Masterdom.Modules.UtilityRating.csproj]
/Users/kady/Masterdom/src/Masterdom.Modules.UtilityRating/Domain/Entities/UtilityRating/RateComponent.cs(20,19): warning CS1591: Missing XML comment for publicly visible type or member 'RateComponent.Name' [/Users/kady/Masterdom/src/Masterdom.Modules.UtilityRating/Masterdom.Modules.UtilityRating.csproj]
/Users/kady/Masterdom/src/Masterdom.Modules.UtilityRating/Domain/Entities/UtilityRating/RateComponent.cs(22,20): warning CS1591: Missing XML comment for publicly visible type or member 'RateComponent.Amount' [/Users/kady/Masterdom/src/Masterdom.Modules.UtilityRating/Masterdom.Modules.UtilityRating.csproj]
/Users/kady/Masterdom/src/Masterdom.Modules.UtilityRating/Domain/Entities/UtilityRating/RateComponent.cs(24,33): warning CS1591: Missing XML comment for publicly visible type or member 'RateComponent.Create(string, decimal)' [/Users/kady/Masterdom/src/Masterdom.Modules.UtilityRating/Masterdom.Modules.UtilityRating.csproj]
/Users/kady/Masterdom/src/Masterdom.Modules.UtilityRating/Domain/Entities/UtilityRating/RateComponent.cs(29,45): warning CS1591: Missing XML comment for publicly visible type or member 'RateComponent.GetEqualityComponents()' [/Users/kady/Masterdom/src/Masterdom.Modules.UtilityRating/Masterdom.Modules.UtilityRating.csproj]
/Users/kady/Masterdom/src/Masterdom.Modules.UtilityRating/Domain/Entities/UtilityRating/RatedAmount.cs(5,21): warning CS1591: Missing XML comment for publicly visible type or member 'RatedAmount' [/Users/kady/Masterdom/src/Masterdom.Modules.UtilityRating/Masterdom.Modules.UtilityRating.csproj]
/Users/kady/Masterdom/src/Masterdom.Modules.UtilityRating/Domain/Entities/UtilityRating/RatedAmount.cs(12,20): warning CS1591: Missing XML comment for publicly visible type or member 'RatedAmount.Value' [/Users/kady/Masterdom/src/Masterdom.Modules.UtilityRating/Masterdom.Modules.UtilityRating.csproj]
/Users/kady/Masterdom/src/Masterdom.Modules.UtilityRating/Domain/Entities/UtilityRating/RatedAmount.cs(14,31): warning CS1591: Missing XML comment for publicly visible type or member 'RatedAmount.Create(decimal)' [/Users/kady/Masterdom/src/Masterdom.Modules.UtilityRating/Masterdom.Modules.UtilityRating.csproj]
/Users/kady/Masterdom/src/Masterdom.Modules.UtilityRating/Domain/Entities/UtilityRating/RatedAmount.cs(24,45): warning CS1591: Missing XML comment for publicly visible type or member 'RatedAmount.GetEqualityComponents()' [/Users/kady/Masterdom/src/Masterdom.Modules.UtilityRating/Masterdom.Modules.UtilityRating.csproj]
/Users/kady/Masterdom/src/Masterdom.Modules.UtilityRating/Domain/Entities/UtilityRating/RatedConsumption.cs(5,21): warning CS1591: Missing XML comment for publicly visible type or member 'RatedConsumption' [/Users/kady/Masterdom/src/Masterdom.Modules.UtilityRating/Masterdom.Modules.UtilityRating.csproj]
/Users/kady/Masterdom/src/Masterdom.Modules.UtilityRating/Domain/Entities/UtilityRating/RatedConsumption.cs(13,23): warning CS1591: Missing XML comment for publicly visible type or member 'RatedConsumption.RatedUnits' [/Users/kady/Masterdom/src/Masterdom.Modules.UtilityRating/Masterdom.Modules.UtilityRating.csproj]
/Users/kady/Masterdom/src/Masterdom.Modules.UtilityRating/Domain/Entities/UtilityRating/RatedConsumption.cs(15,24): warning CS1591: Missing XML comment for publicly visible type or member 'RatedConsumption.RatedAmount' [/Users/kady/Masterdom/src/Masterdom.Modules.UtilityRating/Masterdom.Modules.UtilityRating.csproj]
/Users/kady/Masterdom/src/Masterdom.Modules.UtilityRating/Domain/Entities/UtilityRating/RatedConsumption.cs(17,36): warning CS1591: Missing XML comment for publicly visible type or member 'RatedConsumption.Create(RatedUnits, RatedAmount)' [/Users/kady/Masterdom/src/Masterdom.Modules.UtilityRating/Masterdom.Modules.UtilityRating.csproj]
/Users/kady/Masterdom/src/Masterdom.Modules.UtilityRating/Domain/Entities/UtilityRating/RatedConsumption.cs(25,45): warning CS1591: Missing XML comment for publicly visible type or member 'RatedConsumption.GetEqualityComponents()' [/Users/kady/Masterdom/src/Masterdom.Modules.UtilityRating/Masterdom.Modules.UtilityRating.csproj]
/Users/kady/Masterdom/src/Masterdom.Modules.UtilityRating/Domain/Entities/UtilityRating/RatedUnits.cs(5,21): warning CS1591: Missing XML comment for publicly visible type or member 'RatedUnits' [/Users/kady/Masterdom/src/Masterdom.Modules.UtilityRating/Masterdom.Modules.UtilityRating.csproj]
/Users/kady/Masterdom/src/Masterdom.Modules.UtilityRating/Domain/Entities/UtilityRating/RatedUnits.cs(12,20): warning CS1591: Missing XML comment for publicly visible type or member 'RatedUnits.Value' [/Users/kady/Masterdom/src/Masterdom.Modules.UtilityRating/Masterdom.Modules.UtilityRating.csproj]
/Users/kady/Masterdom/src/Masterdom.Modules.UtilityRating/Domain/Entities/UtilityRating/RatedUnits.cs(14,30): warning CS1591: Missing XML comment for publicly visible type or member 'RatedUnits.Create(decimal)' [/Users/kady/Masterdom/src/Masterdom.Modules.UtilityRating/Masterdom.Modules.UtilityRating.csproj]
/Users/kady/Masterdom/src/Masterdom.Modules.UtilityRating/Domain/Entities/UtilityRating/RatedUnits.cs(24,45): warning CS1591: Missing XML comment for publicly visible type or member 'RatedUnits.GetEqualityComponents()' [/Users/kady/Masterdom/src/Masterdom.Modules.UtilityRating/Masterdom.Modules.UtilityRating.csproj]
/Users/kady/Masterdom/src/Masterdom.Modules.UtilityRating/Domain/Entities/UtilityRating/RatingBreakdown.cs(5,21): warning CS1591: Missing XML comment for publicly visible type or member 'RatingBreakdown' [/Users/kady/Masterdom/src/Masterdom.Modules.UtilityRating/Masterdom.Modules.UtilityRating.csproj]
/Users/kady/Masterdom/src/Masterdom.Modules.UtilityRating/Domain/Entities/UtilityRating/RatingBreakdown.cs(17,41): warning CS1591: Missing XML comment for publicly visible type or member 'RatingBreakdown.Components' [/Users/kady/Masterdom/src/Masterdom.Modules.UtilityRating/Masterdom.Modules.UtilityRating.csproj]
/Users/kady/Masterdom/src/Masterdom.Modules.UtilityRating/Domain/Entities/UtilityRating/RatingBreakdown.cs(19,24): warning CS1591: Missing XML comment for publicly visible type or member 'RatingBreakdown.Subtotal' [/Users/kady/Masterdom/src/Masterdom.Modules.UtilityRating/Masterdom.Modules.UtilityRating.csproj]
/Users/kady/Masterdom/src/Masterdom.Modules.UtilityRating/Domain/Entities/UtilityRating/RatingBreakdown.cs(21,24): warning CS1591: Missing XML comment for publicly visible type or member 'RatingBreakdown.Total' [/Users/kady/Masterdom/src/Masterdom.Modules.UtilityRating/Masterdom.Modules.UtilityRating.csproj]
/Users/kady/Masterdom/src/Masterdom.Modules.UtilityRating/Domain/Entities/UtilityRating/RatingBreakdown.cs(23,35): warning CS1591: Missing XML comment for publicly visible type or member 'RatingBreakdown.Calculate(RatedUnits, UtilityRate)' [/Users/kady/Masterdom/src/Masterdom.Modules.UtilityRating/Masterdom.Modules.UtilityRating.csproj]
/Users/kady/Masterdom/src/Masterdom.Modules.UtilityRating/Domain/Entities/UtilityRating/RatingBreakdown.cs(51,35): warning CS1591: Missing XML comment for publicly visible type or member 'RatingBreakdown.Create(IReadOnlyList<RateComponent>, RatedAmount, RatedAmount)' [/Users/kady/Masterdom/src/Masterdom.Modules.UtilityRating/Masterdom.Modules.UtilityRating.csproj]
/Users/kady/Masterdom/src/Masterdom.Modules.UtilityRating/Domain/Entities/UtilityRating/RatingBreakdown.cs(68,45): warning CS1591: Missing XML comment for publicly visible type or member 'RatingBreakdown.GetEqualityComponents()' [/Users/kady/Masterdom/src/Masterdom.Modules.UtilityRating/Masterdom.Modules.UtilityRating.csproj]
/Users/kady/Masterdom/src/Masterdom.Modules.UtilityRating/Domain/Entities/UtilityRating/RatingPeriod.cs(5,21): warning CS1591: Missing XML comment for publicly visible type or member 'RatingPeriod' [/Users/kady/Masterdom/src/Masterdom.Modules.UtilityRating/Masterdom.Modules.UtilityRating.csproj]
/Users/kady/Masterdom/src/Masterdom.Modules.UtilityRating/Domain/Entities/UtilityRating/RatingPeriod.cs(13,21): warning CS1591: Missing XML comment for publicly visible type or member 'RatingPeriod.StartDate' [/Users/kady/Masterdom/src/Masterdom.Modules.UtilityRating/Masterdom.Modules.UtilityRating.csproj]
/Users/kady/Masterdom/src/Masterdom.Modules.UtilityRating/Domain/Entities/UtilityRating/RatingPeriod.cs(15,21): warning CS1591: Missing XML comment for publicly visible type or member 'RatingPeriod.EndDate' [/Users/kady/Masterdom/src/Masterdom.Modules.UtilityRating/Masterdom.Modules.UtilityRating.csproj]
/Users/kady/Masterdom/src/Masterdom.Modules.UtilityRating/Domain/Entities/UtilityRating/RatingPeriod.cs(17,32): warning CS1591: Missing XML comment for publicly visible type or member 'RatingPeriod.Create(DateOnly, DateOnly)' [/Users/kady/Masterdom/src/Masterdom.Modules.UtilityRating/Masterdom.Modules.UtilityRating.csproj]
/Users/kady/Masterdom/src/Masterdom.Modules.UtilityRating/Domain/Entities/UtilityRating/RatingPeriod.cs(27,45): warning CS1591: Missing XML comment for publicly visible type or member 'RatingPeriod.GetEqualityComponents()' [/Users/kady/Masterdom/src/Masterdom.Modules.UtilityRating/Masterdom.Modules.UtilityRating.csproj]
/Users/kady/Masterdom/src/Masterdom.Modules.UtilityRating/Domain/Entities/UtilityRating/RatingResult.cs(5,21): warning CS1591: Missing XML comment for publicly visible type or member 'RatingResult' [/Users/kady/Masterdom/src/Masterdom.Modules.UtilityRating/Masterdom.Modules.UtilityRating.csproj]
/Users/kady/Masterdom/src/Masterdom.Modules.UtilityRating/Domain/Entities/UtilityRating/RatingResult.cs(13,28): warning CS1591: Missing XML comment for publicly visible type or member 'RatingResult.Breakdown' [/Users/kady/Masterdom/src/Masterdom.Modules.UtilityRating/Masterdom.Modules.UtilityRating.csproj]
/Users/kady/Masterdom/src/Masterdom.Modules.UtilityRating/Domain/Entities/UtilityRating/RatingResult.cs(15,21): warning CS1591: Missing XML comment for publicly visible type or member 'RatingResult.GeneratedAtUtc' [/Users/kady/Masterdom/src/Masterdom.Modules.UtilityRating/Masterdom.Modules.UtilityRating.csproj]
/Users/kady/Masterdom/src/Masterdom.Modules.UtilityRating/Domain/Entities/UtilityRating/RatingResult.cs(17,32): warning CS1591: Missing XML comment for publicly visible type or member 'RatingResult.Create(RatingBreakdown, DateTime)' [/Users/kady/Masterdom/src/Masterdom.Modules.UtilityRating/Masterdom.Modules.UtilityRating.csproj]
/Users/kady/Masterdom/src/Masterdom.Modules.UtilityRating/Domain/Entities/UtilityRating/RatingResult.cs(29,45): warning CS1591: Missing XML comment for publicly visible type or member 'RatingResult.GetEqualityComponents()' [/Users/kady/Masterdom/src/Masterdom.Modules.UtilityRating/Masterdom.Modules.UtilityRating.csproj]
/Users/kady/Masterdom/src/Masterdom.Modules.UtilityRating/Domain/Entities/UtilityRating/RatingSnapshot.cs(5,21): warning CS1591: Missing XML comment for publicly visible type or member 'RatingSnapshot' [/Users/kady/Masterdom/src/Masterdom.Modules.UtilityRating/Masterdom.Modules.UtilityRating.csproj]
/Users/kady/Masterdom/src/Masterdom.Modules.UtilityRating/Domain/Entities/UtilityRating/RatingSnapshot.cs(17,32): warning CS1591: Missing XML comment for publicly visible type or member 'RatingSnapshot.ConsumptionSnapshot' [/Users/kady/Masterdom/src/Masterdom.Modules.UtilityRating/Masterdom.Modules.UtilityRating.csproj]
/Users/kady/Masterdom/src/Masterdom.Modules.UtilityRating/Domain/Entities/UtilityRating/RatingSnapshot.cs(19,27): warning CS1591: Missing XML comment for publicly visible type or member 'RatingSnapshot.TariffSchedule' [/Users/kady/Masterdom/src/Masterdom.Modules.UtilityRating/Masterdom.Modules.UtilityRating.csproj]
/Users/kady/Masterdom/src/Masterdom.Modules.UtilityRating/Domain/Entities/UtilityRating/RatingSnapshot.cs(21,21): warning CS1591: Missing XML comment for publicly visible type or member 'RatingSnapshot.CapturedAtUtc' [/Users/kady/Masterdom/src/Masterdom.Modules.UtilityRating/Masterdom.Modules.UtilityRating.csproj]
/Users/kady/Masterdom/src/Masterdom.Modules.UtilityRating/Domain/Entities/UtilityRating/RatingSnapshot.cs(23,34): warning CS1591: Missing XML comment for publicly visible type or member 'RatingSnapshot.Create(ConsumptionSnapshot, TariffSchedule, DateTime)' [/Users/kady/Masterdom/src/Masterdom.Modules.UtilityRating/Masterdom.Modules.UtilityRating.csproj]
/Users/kady/Masterdom/src/Masterdom.Modules.UtilityRating/Domain/Entities/UtilityRating/RatingSnapshot.cs(39,45): warning CS1591: Missing XML comment for publicly visible type or member 'RatingSnapshot.GetEqualityComponents()' [/Users/kady/Masterdom/src/Masterdom.Modules.UtilityRating/Masterdom.Modules.UtilityRating.csproj]
/Users/kady/Masterdom/src/Masterdom.Modules.UtilityRating/Domain/Entities/UtilityRating/RatingStatus.cs(5,21): warning CS1591: Missing XML comment for publicly visible type or member 'RatingStatus' [/Users/kady/Masterdom/src/Masterdom.Modules.UtilityRating/Masterdom.Modules.UtilityRating.csproj]
/Users/kady/Masterdom/src/Masterdom.Modules.UtilityRating/Domain/Entities/UtilityRating/RatingStatus.cs(7,41): warning CS1591: Missing XML comment for publicly visible type or member 'RatingStatus.Calculated' [/Users/kady/Masterdom/src/Masterdom.Modules.UtilityRating/Masterdom.Modules.UtilityRating.csproj]
/Users/kady/Masterdom/src/Masterdom.Modules.UtilityRating/Domain/Entities/UtilityRating/RatingStatus.cs(8,41): warning CS1591: Missing XML comment for publicly visible type or member 'RatingStatus.Approved' [/Users/kady/Masterdom/src/Masterdom.Modules.UtilityRating/Masterdom.Modules.UtilityRating.csproj]
/Users/kady/Masterdom/src/Masterdom.Modules.UtilityRating/Domain/Entities/UtilityRating/RatingStatus.cs(9,41): warning CS1591: Missing XML comment for publicly visible type or member 'RatingStatus.Archived' [/Users/kady/Masterdom/src/Masterdom.Modules.UtilityRating/Masterdom.Modules.UtilityRating.csproj]
/Users/kady/Masterdom/src/Masterdom.Modules.UtilityRating/Domain/Entities/UtilityRating/RatingStatus.cs(16,19): warning CS1591: Missing XML comment for publicly visible type or member 'RatingStatus.Value' [/Users/kady/Masterdom/src/Masterdom.Modules.UtilityRating/Masterdom.Modules.UtilityRating.csproj]
/Users/kady/Masterdom/src/Masterdom.Modules.UtilityRating/Domain/Entities/UtilityRating/RatingStatus.cs(18,32): warning CS1591: Missing XML comment for publicly visible type or member 'RatingStatus.Create(string)' [/Users/kady/Masterdom/src/Masterdom.Modules.UtilityRating/Masterdom.Modules.UtilityRating.csproj]
/Users/kady/Masterdom/src/Masterdom.Modules.UtilityRating/Domain/Entities/UtilityRating/RatingStatus.cs(31,45): warning CS1591: Missing XML comment for publicly visible type or member 'RatingStatus.GetEqualityComponents()' [/Users/kady/Masterdom/src/Masterdom.Modules.UtilityRating/Masterdom.Modules.UtilityRating.csproj]
/Users/kady/Masterdom/src/Masterdom.Modules.UtilityRating/Domain/Entities/UtilityRating/RatingVersion.cs(5,21): warning CS1591: Missing XML comment for publicly visible type or member 'RatingVersion' [/Users/kady/Masterdom/src/Masterdom.Modules.UtilityRating/Masterdom.Modules.UtilityRating.csproj]
/Users/kady/Masterdom/src/Masterdom.Modules.UtilityRating/Domain/Entities/UtilityRating/RatingVersion.cs(12,16): warning CS1591: Missing XML comment for publicly visible type or member 'RatingVersion.Value' [/Users/kady/Masterdom/src/Masterdom.Modules.UtilityRating/Masterdom.Modules.UtilityRating.csproj]
/Users/kady/Masterdom/src/Masterdom.Modules.UtilityRating/Domain/Entities/UtilityRating/RatingVersion.cs(14,33): warning CS1591: Missing XML comment for publicly visible type or member 'RatingVersion.Initial' [/Users/kady/Masterdom/src/Masterdom.Modules.UtilityRating/Masterdom.Modules.UtilityRating.csproj]
/Users/kady/Masterdom/src/Masterdom.Modules.UtilityRating/Domain/Entities/UtilityRating/RatingVersion.cs(16,33): warning CS1591: Missing XML comment for publicly visible type or member 'RatingVersion.Create(int)' [/Users/kady/Masterdom/src/Masterdom.Modules.UtilityRating/Masterdom.Modules.UtilityRating.csproj]
/Users/kady/Masterdom/src/Masterdom.Modules.UtilityRating/Domain/Entities/UtilityRating/RatingVersion.cs(26,26): warning CS1591: Missing XML comment for publicly visible type or member 'RatingVersion.Next()' [/Users/kady/Masterdom/src/Masterdom.Modules.UtilityRating/Masterdom.Modules.UtilityRating.csproj]
/Users/kady/Masterdom/src/Masterdom.Modules.UtilityRating/Domain/Entities/UtilityRating/RatingVersion.cs(31,45): warning CS1591: Missing XML comment for publicly visible type or member 'RatingVersion.GetEqualityComponents()' [/Users/kady/Masterdom/src/Masterdom.Modules.UtilityRating/Masterdom.Modules.UtilityRating.csproj]
/Users/kady/Masterdom/src/Masterdom.Modules.UtilityRating/Domain/Entities/UtilityRating/TariffReference.cs(5,21): warning CS1591: Missing XML comment for publicly visible type or member 'TariffReference' [/Users/kady/Masterdom/src/Masterdom.Modules.UtilityRating/Masterdom.Modules.UtilityRating.csproj]
/Users/kady/Masterdom/src/Masterdom.Modules.UtilityRating/Domain/Entities/UtilityRating/TariffReference.cs(13,19): warning CS1591: Missing XML comment for publicly visible type or member 'TariffReference.TariffCode' [/Users/kady/Masterdom/src/Masterdom.Modules.UtilityRating/Masterdom.Modules.UtilityRating.csproj]
/Users/kady/Masterdom/src/Masterdom.Modules.UtilityRating/Domain/Entities/UtilityRating/TariffReference.cs(15,16): warning CS1591: Missing XML comment for publicly visible type or member 'TariffReference.TariffVersion' [/Users/kady/Masterdom/src/Masterdom.Modules.UtilityRating/Masterdom.Modules.UtilityRating.csproj]
/Users/kady/Masterdom/src/Masterdom.Modules.UtilityRating/Domain/Entities/UtilityRating/TariffReference.cs(17,35): warning CS1591: Missing XML comment for publicly visible type or member 'TariffReference.Create(string, int)' [/Users/kady/Masterdom/src/Masterdom.Modules.UtilityRating/Masterdom.Modules.UtilityRating.csproj]
/Users/kady/Masterdom/src/Masterdom.Modules.UtilityRating/Domain/Entities/UtilityRating/TariffReference.cs(35,45): warning CS1591: Missing XML comment for publicly visible type or member 'TariffReference.GetEqualityComponents()' [/Users/kady/Masterdom/src/Masterdom.Modules.UtilityRating/Masterdom.Modules.UtilityRating.csproj]
/Users/kady/Masterdom/src/Masterdom.Modules.UtilityRating/Domain/Entities/UtilityRating/TariffSchedule.cs(5,21): warning CS1591: Missing XML comment for publicly visible type or member 'TariffSchedule' [/Users/kady/Masterdom/src/Masterdom.Modules.UtilityRating/Masterdom.Modules.UtilityRating.csproj]
/Users/kady/Masterdom/src/Masterdom.Modules.UtilityRating/Domain/Entities/UtilityRating/TariffSchedule.cs(19,28): warning CS1591: Missing XML comment for publicly visible type or member 'TariffSchedule.TariffReference' [/Users/kady/Masterdom/src/Masterdom.Modules.UtilityRating/Masterdom.Modules.UtilityRating.csproj]
/Users/kady/Masterdom/src/Masterdom.Modules.UtilityRating/Domain/Entities/UtilityRating/TariffSchedule.cs(21,21): warning CS1591: Missing XML comment for publicly visible type or member 'TariffSchedule.EffectiveFrom' [/Users/kady/Masterdom/src/Masterdom.Modules.UtilityRating/Masterdom.Modules.UtilityRating.csproj]
/Users/kady/Masterdom/src/Masterdom.Modules.UtilityRating/Domain/Entities/UtilityRating/TariffSchedule.cs(23,22): warning CS1591: Missing XML comment for publicly visible type or member 'TariffSchedule.EffectiveTo' [/Users/kady/Masterdom/src/Masterdom.Modules.UtilityRating/Masterdom.Modules.UtilityRating.csproj]
/Users/kady/Masterdom/src/Masterdom.Modules.UtilityRating/Domain/Entities/UtilityRating/TariffSchedule.cs(25,24): warning CS1591: Missing XML comment for publicly visible type or member 'TariffSchedule.UtilityRate' [/Users/kady/Masterdom/src/Masterdom.Modules.UtilityRating/Masterdom.Modules.UtilityRating.csproj]
/Users/kady/Masterdom/src/Masterdom.Modules.UtilityRating/Domain/Entities/UtilityRating/TariffSchedule.cs(27,34): warning CS1591: Missing XML comment for publicly visible type or member 'TariffSchedule.Create(TariffReference, DateOnly, DateOnly?, UtilityRate)' [/Users/kady/Masterdom/src/Masterdom.Modules.UtilityRating/Masterdom.Modules.UtilityRating.csproj]
/Users/kady/Masterdom/src/Masterdom.Modules.UtilityRating/Domain/Entities/UtilityRating/TariffSchedule.cs(44,17): warning CS1591: Missing XML comment for publicly visible type or member 'TariffSchedule.EnsureCovers(RatingPeriod)' [/Users/kady/Masterdom/src/Masterdom.Modules.UtilityRating/Masterdom.Modules.UtilityRating.csproj]
/Users/kady/Masterdom/src/Masterdom.Modules.UtilityRating/Domain/Entities/UtilityRating/TariffSchedule.cs(59,45): warning CS1591: Missing XML comment for publicly visible type or member 'TariffSchedule.GetEqualityComponents()' [/Users/kady/Masterdom/src/Masterdom.Modules.UtilityRating/Masterdom.Modules.UtilityRating.csproj]
/Users/kady/Masterdom/src/Masterdom.Modules.UtilityRating/Domain/Entities/UtilityRating/UtilityRate.cs(5,21): warning CS1591: Missing XML comment for publicly visible type or member 'UtilityRate' [/Users/kady/Masterdom/src/Masterdom.Modules.UtilityRating/Masterdom.Modules.UtilityRating.csproj]
/Users/kady/Masterdom/src/Masterdom.Modules.UtilityRating/Domain/Entities/UtilityRating/UtilityRate.cs(21,28): warning CS1591: Missing XML comment for publicly visible type or member 'UtilityRate.TariffReference' [/Users/kady/Masterdom/src/Masterdom.Modules.UtilityRating/Masterdom.Modules.UtilityRating.csproj]
/Users/kady/Masterdom/src/Masterdom.Modules.UtilityRating/Domain/Entities/UtilityRating/UtilityRate.cs(23,24): warning CS1591: Missing XML comment for publicly visible type or member 'UtilityRate.FixedCharge' [/Users/kady/Masterdom/src/Masterdom.Modules.UtilityRating/Masterdom.Modules.UtilityRating.csproj]
/Users/kady/Masterdom/src/Masterdom.Modules.UtilityRating/Domain/Entities/UtilityRating/UtilityRate.cs(25,27): warning CS1591: Missing XML comment for publicly visible type or member 'UtilityRate.VariableCharge' [/Users/kady/Masterdom/src/Masterdom.Modules.UtilityRating/Masterdom.Modules.UtilityRating.csproj]
/Users/kady/Masterdom/src/Masterdom.Modules.UtilityRating/Domain/Entities/UtilityRating/UtilityRate.cs(27,26): warning CS1591: Missing XML comment for publicly visible type or member 'UtilityRate.MinimumCharge' [/Users/kady/Masterdom/src/Masterdom.Modules.UtilityRating/Masterdom.Modules.UtilityRating.csproj]
/Users/kady/Masterdom/src/Masterdom.Modules.UtilityRating/Domain/Entities/UtilityRating/UtilityRate.cs(29,32): warning CS1591: Missing XML comment for publicly visible type or member 'UtilityRate.AdjustmentComponent' [/Users/kady/Masterdom/src/Masterdom.Modules.UtilityRating/Masterdom.Modules.UtilityRating.csproj]
/Users/kady/Masterdom/src/Masterdom.Modules.UtilityRating/Domain/Entities/UtilityRating/UtilityRate.cs(31,31): warning CS1591: Missing XML comment for publicly visible type or member 'UtilityRate.Create(TariffReference, FixedCharge, VariableCharge, MinimumCharge, AdjustmentComponent)' [/Users/kady/Masterdom/src/Masterdom.Modules.UtilityRating/Masterdom.Modules.UtilityRating.csproj]
/Users/kady/Masterdom/src/Masterdom.Modules.UtilityRating/Domain/Entities/UtilityRating/UtilityRate.cs(47,45): warning CS1591: Missing XML comment for publicly visible type or member 'UtilityRate.GetEqualityComponents()' [/Users/kady/Masterdom/src/Masterdom.Modules.UtilityRating/Masterdom.Modules.UtilityRating.csproj]
/Users/kady/Masterdom/src/Masterdom.Modules.UtilityRating/Domain/Entities/UtilityRating/UtilityRating.cs(8,21): warning CS1591: Missing XML comment for publicly visible type or member 'UtilityRating' [/Users/kady/Masterdom/src/Masterdom.Modules.UtilityRating/Masterdom.Modules.UtilityRating.csproj]
/Users/kady/Masterdom/src/Masterdom.Modules.UtilityRating/Domain/Entities/UtilityRating/UtilityRating.cs(46,27): warning CS1591: Missing XML comment for publicly visible type or member 'UtilityRating.MeterReference' [/Users/kady/Masterdom/src/Masterdom.Modules.UtilityRating/Masterdom.Modules.UtilityRating.csproj]
/Users/kady/Masterdom/src/Masterdom.Modules.UtilityRating/Domain/Entities/UtilityRating/UtilityRating.cs(48,33): warning CS1591: Missing XML comment for publicly visible type or member 'UtilityRating.ConsumptionReference' [/Users/kady/Masterdom/src/Masterdom.Modules.UtilityRating/Masterdom.Modules.UtilityRating.csproj]
/Users/kady/Masterdom/src/Masterdom.Modules.UtilityRating/Domain/Entities/UtilityRating/UtilityRating.cs(50,25): warning CS1591: Missing XML comment for publicly visible type or member 'UtilityRating.RatingPeriod' [/Users/kady/Masterdom/src/Masterdom.Modules.UtilityRating/Masterdom.Modules.UtilityRating.csproj]
/Users/kady/Masterdom/src/Masterdom.Modules.UtilityRating/Domain/Entities/UtilityRating/UtilityRating.cs(52,28): warning CS1591: Missing XML comment for publicly visible type or member 'UtilityRating.TariffReference' [/Users/kady/Masterdom/src/Masterdom.Modules.UtilityRating/Masterdom.Modules.UtilityRating.csproj]
/Users/kady/Masterdom/src/Masterdom.Modules.UtilityRating/Domain/Entities/UtilityRating/UtilityRating.cs(54,23): warning CS1591: Missing XML comment for publicly visible type or member 'UtilityRating.RatedUnits' [/Users/kady/Masterdom/src/Masterdom.Modules.UtilityRating/Masterdom.Modules.UtilityRating.csproj]
/Users/kady/Masterdom/src/Masterdom.Modules.UtilityRating/Domain/Entities/UtilityRating/UtilityRating.cs(56,24): warning CS1591: Missing XML comment for publicly visible type or member 'UtilityRating.RatedAmount' [/Users/kady/Masterdom/src/Masterdom.Modules.UtilityRating/Masterdom.Modules.UtilityRating.csproj]
/Users/kady/Masterdom/src/Masterdom.Modules.UtilityRating/Domain/Entities/UtilityRating/UtilityRating.cs(58,25): warning CS1591: Missing XML comment for publicly visible type or member 'UtilityRating.RatingStatus' [/Users/kady/Masterdom/src/Masterdom.Modules.UtilityRating/Masterdom.Modules.UtilityRating.csproj]
/Users/kady/Masterdom/src/Masterdom.Modules.UtilityRating/Domain/Entities/UtilityRating/UtilityRating.cs(60,26): warning CS1591: Missing XML comment for publicly visible type or member 'UtilityRating.RatingVersion' [/Users/kady/Masterdom/src/Masterdom.Modules.UtilityRating/Masterdom.Modules.UtilityRating.csproj]
/Users/kady/Masterdom/src/Masterdom.Modules.UtilityRating/Domain/Entities/UtilityRating/UtilityRating.cs(62,25): warning CS1591: Missing XML comment for publicly visible type or member 'UtilityRating.RatingResult' [/Users/kady/Masterdom/src/Masterdom.Modules.UtilityRating/Masterdom.Modules.UtilityRating.csproj]
/Users/kady/Masterdom/src/Masterdom.Modules.UtilityRating/Domain/Entities/UtilityRating/UtilityRating.cs(64,27): warning CS1591: Missing XML comment for publicly visible type or member 'UtilityRating.RatingSnapshot' [/Users/kady/Masterdom/src/Masterdom.Modules.UtilityRating/Masterdom.Modules.UtilityRating.csproj]
/Users/kady/Masterdom/src/Masterdom.Modules.UtilityRating/Domain/Entities/UtilityRating/UtilityRating.cs(66,29): warning CS1591: Missing XML comment for publicly visible type or member 'UtilityRating.RatedConsumption' [/Users/kady/Masterdom/src/Masterdom.Modules.UtilityRating/Masterdom.Modules.UtilityRating.csproj]
/Users/kady/Masterdom/src/Masterdom.Modules.UtilityRating/Domain/Entities/UtilityRating/UtilityRating.cs(68,24): warning CS1591: Missing XML comment for publicly visible type or member 'UtilityRating.UtilityRate' [/Users/kady/Masterdom/src/Masterdom.Modules.UtilityRating/Masterdom.Modules.UtilityRating.csproj]
/Users/kady/Masterdom/src/Masterdom.Modules.UtilityRating/Domain/Entities/UtilityRating/UtilityRating.cs(70,27): warning CS1591: Missing XML comment for publicly visible type or member 'UtilityRating.TariffSchedule' [/Users/kady/Masterdom/src/Masterdom.Modules.UtilityRating/Masterdom.Modules.UtilityRating.csproj]
/Users/kady/Masterdom/src/Masterdom.Modules.UtilityRating/Domain/Entities/UtilityRating/UtilityRating.cs(72,21): warning CS1591: Missing XML comment for publicly visible type or member 'UtilityRating.RatedAtUtc' [/Users/kady/Masterdom/src/Masterdom.Modules.UtilityRating/Masterdom.Modules.UtilityRating.csproj]
/Users/kady/Masterdom/src/Masterdom.Modules.UtilityRating/Domain/Entities/UtilityRating/UtilityRating.cs(74,46): warning CS1591: Missing XML comment for publicly visible type or member 'UtilityRating.DomainEvents' [/Users/kady/Masterdom/src/Masterdom.Modules.UtilityRating/Masterdom.Modules.UtilityRating.csproj]
/Users/kady/Masterdom/src/Masterdom.Modules.UtilityRating/Domain/Entities/UtilityRating/UtilityRating.cs(76,33): warning CS1591: Missing XML comment for publicly visible type or member 'UtilityRating.Rate(UtilityRatingId, ConsumptionSnapshot, TariffSchedule, DateTime)' [/Users/kady/Masterdom/src/Masterdom.Modules.UtilityRating/Masterdom.Modules.UtilityRating.csproj]
/Users/kady/Masterdom/src/Masterdom.Modules.UtilityRating/Domain/Entities/UtilityRating/UtilityRating.cs(135,26): warning CS1591: Missing XML comment for publicly visible type or member 'UtilityRating.Recalculate(ConsumptionSnapshot, TariffSchedule, DateTime)' [/Users/kady/Masterdom/src/Masterdom.Modules.UtilityRating/Masterdom.Modules.UtilityRating.csproj]
/Users/kady/Masterdom/src/Masterdom.Modules.UtilityRating/Domain/Entities/UtilityRating/UtilityRating.cs(159,17): warning CS1591: Missing XML comment for publicly visible type or member 'UtilityRating.Approve(DateTime)' [/Users/kady/Masterdom/src/Masterdom.Modules.UtilityRating/Masterdom.Modules.UtilityRating.csproj]
/Users/kady/Masterdom/src/Masterdom.Modules.UtilityRating/Domain/Entities/UtilityRating/UtilityRating.cs(175,17): warning CS1591: Missing XML comment for publicly visible type or member 'UtilityRating.Archive(string, DateTime)' [/Users/kady/Masterdom/src/Masterdom.Modules.UtilityRating/Masterdom.Modules.UtilityRating.csproj]
/Users/kady/Masterdom/src/Masterdom.Modules.UtilityRating/Domain/Entities/UtilityRating/UtilityRating.cs(188,17): warning CS1591: Missing XML comment for publicly visible type or member 'UtilityRating.ClearDomainEvents()' [/Users/kady/Masterdom/src/Masterdom.Modules.UtilityRating/Masterdom.Modules.UtilityRating.csproj]
/Users/kady/Masterdom/src/Masterdom.Modules.UtilityRating/Domain/Entities/UtilityRating/UtilityRatingId.cs(5,22): warning CS1591: Missing XML comment for publicly visible type or member 'UtilityRatingId' [/Users/kady/Masterdom/src/Masterdom.Modules.UtilityRating/Masterdom.Modules.UtilityRating.csproj]
/Users/kady/Masterdom/src/Masterdom.Modules.UtilityRating/Domain/Entities/UtilityRating/UtilityRatingId.cs(5,22): warning CS1591: Missing XML comment for publicly visible type or member 'UtilityRatingId.UtilityRatingId(Guid)' [/Users/kady/Masterdom/src/Masterdom.Modules.UtilityRating/Masterdom.Modules.UtilityRating.csproj]
/Users/kady/Masterdom/src/Masterdom.Modules.UtilityRating/Domain/Entities/UtilityRating/UtilityRatingId.cs(7,35): warning CS1591: Missing XML comment for publicly visible type or member 'UtilityRatingId.New()' [/Users/kady/Masterdom/src/Masterdom.Modules.UtilityRating/Masterdom.Modules.UtilityRating.csproj]
/Users/kady/Masterdom/src/Masterdom.Modules.UtilityRating/Domain/Entities/UtilityRating/UtilityRatingId.cs(12,35): warning CS1591: Missing XML comment for publicly visible type or member 'UtilityRatingId.From(Guid)' [/Users/kady/Masterdom/src/Masterdom.Modules.UtilityRating/Masterdom.Modules.UtilityRating.csproj]
/Users/kady/Masterdom/src/Masterdom.Modules.UtilityRating/Domain/Entities/UtilityRating/VariableCharge.cs(5,21): warning CS1591: Missing XML comment for publicly visible type or member 'VariableCharge' [/Users/kady/Masterdom/src/Masterdom.Modules.UtilityRating/Masterdom.Modules.UtilityRating.csproj]
/Users/kady/Masterdom/src/Masterdom.Modules.UtilityRating/Domain/Entities/UtilityRating/VariableCharge.cs(12,20): warning CS1591: Missing XML comment for publicly visible type or member 'VariableCharge.RatePerUnit' [/Users/kady/Masterdom/src/Masterdom.Modules.UtilityRating/Masterdom.Modules.UtilityRating.csproj]
/Users/kady/Masterdom/src/Masterdom.Modules.UtilityRating/Domain/Entities/UtilityRating/VariableCharge.cs(14,34): warning CS1591: Missing XML comment for publicly visible type or member 'VariableCharge.Create(decimal)' [/Users/kady/Masterdom/src/Masterdom.Modules.UtilityRating/Masterdom.Modules.UtilityRating.csproj]
/Users/kady/Masterdom/src/Masterdom.Modules.UtilityRating/Domain/Entities/UtilityRating/VariableCharge.cs(24,45): warning CS1591: Missing XML comment for publicly visible type or member 'VariableCharge.GetEqualityComponents()' [/Users/kady/Masterdom/src/Masterdom.Modules.UtilityRating/Masterdom.Modules.UtilityRating.csproj]
/Users/kady/Masterdom/src/Masterdom.Modules.UtilityRating/Domain/Repositories/IUtilityRatingRepository.cs(6,18): warning CS1591: Missing XML comment for publicly visible type or member 'IUtilityRatingRepository' [/Users/kady/Masterdom/src/Masterdom.Modules.UtilityRating/Masterdom.Modules.UtilityRating.csproj]
/Users/kady/Masterdom/src/Masterdom.Modules.UtilityRating/Domain/Repositories/IUtilityRatingRepository.cs(8,10): warning CS1591: Missing XML comment for publicly visible type or member 'IUtilityRatingRepository.Add(UtilityRating)' [/Users/kady/Masterdom/src/Masterdom.Modules.UtilityRating/Masterdom.Modules.UtilityRating.csproj]
/Users/kady/Masterdom/src/Masterdom.Modules.UtilityRating/Domain/Repositories/IUtilityRatingRepository.cs(10,10): warning CS1591: Missing XML comment for publicly visible type or member 'IUtilityRatingRepository.Update(UtilityRating)' [/Users/kady/Masterdom/src/Masterdom.Modules.UtilityRating/Masterdom.Modules.UtilityRating.csproj]
/Users/kady/Masterdom/src/Masterdom.Modules.UtilityRating/Domain/Repositories/IUtilityRatingRepository.cs(12,29): warning CS1591: Missing XML comment for publicly visible type or member 'IUtilityRatingRepository.GetById(UtilityRatingId)' [/Users/kady/Masterdom/src/Masterdom.Modules.UtilityRating/Masterdom.Modules.UtilityRating.csproj]
/Users/kady/Masterdom/src/Masterdom.Modules.UtilityRating/Domain/Repositories/IUtilityRatingRepository.cs(14,29): warning CS1591: Missing XML comment for publicly visible type or member 'IUtilityRatingRepository.GetByMeterPeriodAndVersion(MeterReference, RatingPeriod, RatingVersion)' [/Users/kady/Masterdom/src/Masterdom.Modules.UtilityRating/Masterdom.Modules.UtilityRating.csproj]
/Users/kady/Masterdom/src/Masterdom.Modules.UtilityRating/Domain/Repositories/IUtilityRatingRepository.cs(19,29): warning CS1591: Missing XML comment for publicly visible type or member 'IUtilityRatingRepository.GetLatestByMeterAndPeriod(MeterReference, RatingPeriod)' [/Users/kady/Masterdom/src/Masterdom.Modules.UtilityRating/Masterdom.Modules.UtilityRating.csproj]
/Users/kady/Masterdom/src/Masterdom.Modules.Payment/Application/Support/ExecutionResult.cs(48,38): warning CS0108: 'ExecutionResult<T>.Failure(string, string)' hides inherited member 'ExecutionResult.Failure(string, string)'. Use the new keyword if hiding was intended. [/Users/kady/Masterdom/src/Masterdom.Modules.Payment/Masterdom.Modules.Payment.csproj]
/Users/kady/Masterdom/src/Masterdom.Modules.Payment/Application/Commands/AllocatePaymentCommand.cs(6,22): warning CS1591: Missing XML comment for publicly visible type or member 'AllocatePaymentCommand' [/Users/kady/Masterdom/src/Masterdom.Modules.Payment/Masterdom.Modules.Payment.csproj]
/Users/kady/Masterdom/src/Masterdom.Modules.Payment/Application/Commands/AllocatePaymentCommand.cs(6,22): warning CS1591: Missing XML comment for publicly visible type or member 'AllocatePaymentCommand.AllocatePaymentCommand(PaymentId, IReadOnlyCollection<BillSettlementContract>, DateTime)' [/Users/kady/Masterdom/src/Masterdom.Modules.Payment/Masterdom.Modules.Payment.csproj]
/Users/kady/Masterdom/src/Masterdom.Modules.Payment/Application/Commands/AllocatePaymentCommand.cs(7,15): warning CS1591: Missing XML comment for publicly visible type or member 'AllocatePaymentCommand.PaymentId' [/Users/kady/Masterdom/src/Masterdom.Modules.Payment/Masterdom.Modules.Payment.csproj]
/Users/kady/Masterdom/src/Masterdom.Modules.Payment/Application/Commands/AllocatePaymentCommand.cs(8,49): warning CS1591: Missing XML comment for publicly visible type or member 'AllocatePaymentCommand.BillSettlements' [/Users/kady/Masterdom/src/Masterdom.Modules.Payment/Masterdom.Modules.Payment.csproj]
/Users/kady/Masterdom/src/Masterdom.Modules.Payment/Application/Commands/AllocatePaymentCommand.cs(9,14): warning CS1591: Missing XML comment for publicly visible type or member 'AllocatePaymentCommand.AllocatedAtUtc' [/Users/kady/Masterdom/src/Masterdom.Modules.Payment/Masterdom.Modules.Payment.csproj]
/Users/kady/Masterdom/src/Masterdom.Modules.Payment/Application/Commands/AllocatePaymentCommand.cs(11,21): warning CS1591: Missing XML comment for publicly visible type or member 'AllocatePaymentCommandFactory' [/Users/kady/Masterdom/src/Masterdom.Modules.Payment/Masterdom.Modules.Payment.csproj]
/Users/kady/Masterdom/src/Masterdom.Modules.Payment/Application/Commands/AllocatePaymentCommand.cs(13,42): warning CS1591: Missing XML comment for publicly visible type or member 'AllocatePaymentCommandFactory.Create(PaymentId, IEnumerable<(Guid BillId, string BillNumber, decimal OutstandingAmount, DateOnly DueDate, decimal AllocationAmount)>, DateTime)' [/Users/kady/Masterdom/src/Masterdom.Modules.Payment/Masterdom.Modules.Payment.csproj]
/Users/kady/Masterdom/src/Masterdom.Modules.Payment/Application/Commands/ReceivePaymentCommand.cs(5,22): warning CS1591: Missing XML comment for publicly visible type or member 'ReceivePaymentCommand' [/Users/kady/Masterdom/src/Masterdom.Modules.Payment/Masterdom.Modules.Payment.csproj]
/Users/kady/Masterdom/src/Masterdom.Modules.Payment/Application/Commands/ReceivePaymentCommand.cs(5,22): warning CS1591: Missing XML comment for publicly visible type or member 'ReceivePaymentCommand.ReceivePaymentCommand(PaymentReference, PaymentAmount, PaymentDate, PaymentMethod, PaymentChannel, PaymentSource, DateTime)' [/Users/kady/Masterdom/src/Masterdom.Modules.Payment/Masterdom.Modules.Payment.csproj]
/Users/kady/Masterdom/src/Masterdom.Modules.Payment/Application/Commands/ReceivePaymentCommand.cs(6,22): warning CS1591: Missing XML comment for publicly visible type or member 'ReceivePaymentCommand.PaymentReference' [/Users/kady/Masterdom/src/Masterdom.Modules.Payment/Masterdom.Modules.Payment.csproj]
/Users/kady/Masterdom/src/Masterdom.Modules.Payment/Application/Commands/ReceivePaymentCommand.cs(7,19): warning CS1591: Missing XML comment for publicly visible type or member 'ReceivePaymentCommand.PaymentAmount' [/Users/kady/Masterdom/src/Masterdom.Modules.Payment/Masterdom.Modules.Payment.csproj]
/Users/kady/Masterdom/src/Masterdom.Modules.Payment/Application/Commands/ReceivePaymentCommand.cs(8,17): warning CS1591: Missing XML comment for publicly visible type or member 'ReceivePaymentCommand.PaymentDate' [/Users/kady/Masterdom/src/Masterdom.Modules.Payment/Masterdom.Modules.Payment.csproj]
/Users/kady/Masterdom/src/Masterdom.Modules.Payment/Application/Commands/ReceivePaymentCommand.cs(9,19): warning CS1591: Missing XML comment for publicly visible type or member 'ReceivePaymentCommand.PaymentMethod' [/Users/kady/Masterdom/src/Masterdom.Modules.Payment/Masterdom.Modules.Payment.csproj]
/Users/kady/Masterdom/src/Masterdom.Modules.Payment/Application/Commands/ReceivePaymentCommand.cs(10,20): warning CS1591: Missing XML comment for publicly visible type or member 'ReceivePaymentCommand.PaymentChannel' [/Users/kady/Masterdom/src/Masterdom.Modules.Payment/Masterdom.Modules.Payment.csproj]
/Users/kady/Masterdom/src/Masterdom.Modules.Payment/Application/Commands/ReceivePaymentCommand.cs(11,19): warning CS1591: Missing XML comment for publicly visible type or member 'ReceivePaymentCommand.PaymentSource' [/Users/kady/Masterdom/src/Masterdom.Modules.Payment/Masterdom.Modules.Payment.csproj]
/Users/kady/Masterdom/src/Masterdom.Modules.Payment/Application/Commands/ReceivePaymentCommand.cs(12,14): warning CS1591: Missing XML comment for publicly visible type or member 'ReceivePaymentCommand.ReceivedAtUtc' [/Users/kady/Masterdom/src/Masterdom.Modules.Payment/Masterdom.Modules.Payment.csproj]
/Users/kady/Masterdom/src/Masterdom.Modules.Payment/Application/Commands/ReversePaymentCommand.cs(5,22): warning CS1591: Missing XML comment for publicly visible type or member 'ReversePaymentCommand' [/Users/kady/Masterdom/src/Masterdom.Modules.Payment/Masterdom.Modules.Payment.csproj]
/Users/kady/Masterdom/src/Masterdom.Modules.Payment/Application/Commands/ReversePaymentCommand.cs(5,22): warning CS1591: Missing XML comment for publicly visible type or member 'ReversePaymentCommand.ReversePaymentCommand(PaymentId, string, DateTime)' [/Users/kady/Masterdom/src/Masterdom.Modules.Payment/Masterdom.Modules.Payment.csproj]
/Users/kady/Masterdom/src/Masterdom.Modules.Payment/Application/Commands/ReversePaymentCommand.cs(6,15): warning CS1591: Missing XML comment for publicly visible type or member 'ReversePaymentCommand.PaymentId' [/Users/kady/Masterdom/src/Masterdom.Modules.Payment/Masterdom.Modules.Payment.csproj]
/Users/kady/Masterdom/src/Masterdom.Modules.Payment/Application/Commands/ReversePaymentCommand.cs(7,12): warning CS1591: Missing XML comment for publicly visible type or member 'ReversePaymentCommand.Reason' [/Users/kady/Masterdom/src/Masterdom.Modules.Payment/Masterdom.Modules.Payment.csproj]
/Users/kady/Masterdom/src/Masterdom.Modules.Payment/Application/Commands/ReversePaymentCommand.cs(8,14): warning CS1591: Missing XML comment for publicly visible type or member 'ReversePaymentCommand.ReversedAtUtc' [/Users/kady/Masterdom/src/Masterdom.Modules.Payment/Masterdom.Modules.Payment.csproj]
/Users/kady/Masterdom/src/Masterdom.Modules.Payment/Application/Commands/VoidPaymentCommand.cs(5,22): warning CS1591: Missing XML comment for publicly visible type or member 'VoidPaymentCommand' [/Users/kady/Masterdom/src/Masterdom.Modules.Payment/Masterdom.Modules.Payment.csproj]
/Users/kady/Masterdom/src/Masterdom.Modules.Payment/Application/Commands/VoidPaymentCommand.cs(5,22): warning CS1591: Missing XML comment for publicly visible type or member 'VoidPaymentCommand.VoidPaymentCommand(PaymentId, string, DateTime)' [/Users/kady/Masterdom/src/Masterdom.Modules.Payment/Masterdom.Modules.Payment.csproj]
/Users/kady/Masterdom/src/Masterdom.Modules.Payment/Application/Commands/VoidPaymentCommand.cs(6,15): warning CS1591: Missing XML comment for publicly visible type or member 'VoidPaymentCommand.PaymentId' [/Users/kady/Masterdom/src/Masterdom.Modules.Payment/Masterdom.Modules.Payment.csproj]
/Users/kady/Masterdom/src/Masterdom.Modules.Payment/Application/Commands/VoidPaymentCommand.cs(7,12): warning CS1591: Missing XML comment for publicly visible type or member 'VoidPaymentCommand.Reason' [/Users/kady/Masterdom/src/Masterdom.Modules.Payment/Masterdom.Modules.Payment.csproj]
/Users/kady/Masterdom/src/Masterdom.Modules.Payment/Application/Commands/VoidPaymentCommand.cs(8,14): warning CS1591: Missing XML comment for publicly visible type or member 'VoidPaymentCommand.VoidedAtUtc' [/Users/kady/Masterdom/src/Masterdom.Modules.Payment/Masterdom.Modules.Payment.csproj]
/Users/kady/Masterdom/src/Masterdom.Modules.Payment/Application/Handlers/Commands/AllocatePaymentCommandHandler.cs(8,21): warning CS1591: Missing XML comment for publicly visible type or member 'AllocatePaymentCommandHandler' [/Users/kady/Masterdom/src/Masterdom.Modules.Payment/Masterdom.Modules.Payment.csproj]
/Users/kady/Masterdom/src/Masterdom.Modules.Payment/Application/Handlers/Commands/AllocatePaymentCommandHandler.cs(12,12): warning CS1591: Missing XML comment for publicly visible type or member 'AllocatePaymentCommandHandler.AllocatePaymentCommandHandler(IPaymentApplicationService)' [/Users/kady/Masterdom/src/Masterdom.Modules.Payment/Masterdom.Modules.Payment.csproj]
/Users/kady/Masterdom/src/Masterdom.Modules.Payment/Application/Handlers/Commands/AllocatePaymentCommandHandler.cs(17,46): warning CS1591: Missing XML comment for publicly visible type or member 'AllocatePaymentCommandHandler.Handle(AllocatePaymentCommand)' [/Users/kady/Masterdom/src/Masterdom.Modules.Payment/Masterdom.Modules.Payment.csproj]
/Users/kady/Masterdom/src/Masterdom.Modules.Payment/Application/Handlers/Commands/ReceivePaymentCommandHandler.cs(8,21): warning CS1591: Missing XML comment for publicly visible type or member 'ReceivePaymentCommandHandler' [/Users/kady/Masterdom/src/Masterdom.Modules.Payment/Masterdom.Modules.Payment.csproj]
/Users/kady/Masterdom/src/Masterdom.Modules.Payment/Application/Handlers/Commands/ReceivePaymentCommandHandler.cs(12,12): warning CS1591: Missing XML comment for publicly visible type or member 'ReceivePaymentCommandHandler.ReceivePaymentCommandHandler(IPaymentApplicationService)' [/Users/kady/Masterdom/src/Masterdom.Modules.Payment/Masterdom.Modules.Payment.csproj]
/Users/kady/Masterdom/src/Masterdom.Modules.Payment/Application/Handlers/Commands/ReceivePaymentCommandHandler.cs(17,46): warning CS1591: Missing XML comment for publicly visible type or member 'ReceivePaymentCommandHandler.Handle(ReceivePaymentCommand)' [/Users/kady/Masterdom/src/Masterdom.Modules.Payment/Masterdom.Modules.Payment.csproj]
/Users/kady/Masterdom/src/Masterdom.Modules.Payment/Application/Handlers/Commands/ReversePaymentCommandHandler.cs(8,21): warning CS1591: Missing XML comment for publicly visible type or member 'ReversePaymentCommandHandler' [/Users/kady/Masterdom/src/Masterdom.Modules.Payment/Masterdom.Modules.Payment.csproj]
/Users/kady/Masterdom/src/Masterdom.Modules.Payment/Application/Handlers/Commands/ReversePaymentCommandHandler.cs(12,12): warning CS1591: Missing XML comment for publicly visible type or member 'ReversePaymentCommandHandler.ReversePaymentCommandHandler(IPaymentApplicationService)' [/Users/kady/Masterdom/src/Masterdom.Modules.Payment/Masterdom.Modules.Payment.csproj]
/Users/kady/Masterdom/src/Masterdom.Modules.Payment/Application/Handlers/Commands/ReversePaymentCommandHandler.cs(17,46): warning CS1591: Missing XML comment for publicly visible type or member 'ReversePaymentCommandHandler.Handle(ReversePaymentCommand)' [/Users/kady/Masterdom/src/Masterdom.Modules.Payment/Masterdom.Modules.Payment.csproj]
/Users/kady/Masterdom/src/Masterdom.Modules.Payment/Application/Handlers/Commands/VoidPaymentCommandHandler.cs(8,21): warning CS1591: Missing XML comment for publicly visible type or member 'VoidPaymentCommandHandler' [/Users/kady/Masterdom/src/Masterdom.Modules.Payment/Masterdom.Modules.Payment.csproj]
/Users/kady/Masterdom/src/Masterdom.Modules.Payment/Application/Handlers/Commands/VoidPaymentCommandHandler.cs(12,12): warning CS1591: Missing XML comment for publicly visible type or member 'VoidPaymentCommandHandler.VoidPaymentCommandHandler(IPaymentApplicationService)' [/Users/kady/Masterdom/src/Masterdom.Modules.Payment/Masterdom.Modules.Payment.csproj]
/Users/kady/Masterdom/src/Masterdom.Modules.Payment/Application/Handlers/Commands/VoidPaymentCommandHandler.cs(17,46): warning CS1591: Missing XML comment for publicly visible type or member 'VoidPaymentCommandHandler.Handle(VoidPaymentCommand)' [/Users/kady/Masterdom/src/Masterdom.Modules.Payment/Masterdom.Modules.Payment.csproj]
/Users/kady/Masterdom/src/Masterdom.Modules.Payment/Application/Handlers/Queries/GetPaymentByIdQueryHandler.cs(8,21): warning CS1591: Missing XML comment for publicly visible type or member 'GetPaymentByIdQueryHandler' [/Users/kady/Masterdom/src/Masterdom.Modules.Payment/Masterdom.Modules.Payment.csproj]
/Users/kady/Masterdom/src/Masterdom.Modules.Payment/Application/Handlers/Queries/GetPaymentByIdQueryHandler.cs(12,12): warning CS1591: Missing XML comment for publicly visible type or member 'GetPaymentByIdQueryHandler.GetPaymentByIdQueryHandler(IPaymentApplicationService)' [/Users/kady/Masterdom/src/Masterdom.Modules.Payment/Masterdom.Modules.Payment.csproj]
/Users/kady/Masterdom/src/Masterdom.Modules.Payment/Application/Handlers/Queries/GetPaymentByIdQueryHandler.cs(17,46): warning CS1591: Missing XML comment for publicly visible type or member 'GetPaymentByIdQueryHandler.Handle(GetPaymentByIdQuery)' [/Users/kady/Masterdom/src/Masterdom.Modules.Payment/Masterdom.Modules.Payment.csproj]
/Users/kady/Masterdom/src/Masterdom.Modules.Payment/Application/Handlers/Queries/GetPaymentByReferenceQueryHandler.cs(8,21): warning CS1591: Missing XML comment for publicly visible type or member 'GetPaymentByReferenceQueryHandler' [/Users/kady/Masterdom/src/Masterdom.Modules.Payment/Masterdom.Modules.Payment.csproj]
/Users/kady/Masterdom/src/Masterdom.Modules.Payment/Application/Handlers/Queries/GetPaymentByReferenceQueryHandler.cs(12,12): warning CS1591: Missing XML comment for publicly visible type or member 'GetPaymentByReferenceQueryHandler.GetPaymentByReferenceQueryHandler(IPaymentApplicationService)' [/Users/kady/Masterdom/src/Masterdom.Modules.Payment/Masterdom.Modules.Payment.csproj]
/Users/kady/Masterdom/src/Masterdom.Modules.Payment/Application/Handlers/Queries/GetPaymentByReferenceQueryHandler.cs(17,46): warning CS1591: Missing XML comment for publicly visible type or member 'GetPaymentByReferenceQueryHandler.Handle(GetPaymentByReferenceQuery)' [/Users/kady/Masterdom/src/Masterdom.Modules.Payment/Masterdom.Modules.Payment.csproj]
/Users/kady/Masterdom/src/Masterdom.Modules.Payment/Application/Queries/GetPaymentByIdQuery.cs(5,22): warning CS1591: Missing XML comment for publicly visible type or member 'GetPaymentByIdQuery' [/Users/kady/Masterdom/src/Masterdom.Modules.Payment/Masterdom.Modules.Payment.csproj]
/Users/kady/Masterdom/src/Masterdom.Modules.Payment/Application/Queries/GetPaymentByIdQuery.cs(5,22): warning CS1591: Missing XML comment for publicly visible type or member 'GetPaymentByIdQuery.GetPaymentByIdQuery(PaymentId)' [/Users/kady/Masterdom/src/Masterdom.Modules.Payment/Masterdom.Modules.Payment.csproj]
/Users/kady/Masterdom/src/Masterdom.Modules.Payment/Application/Queries/GetPaymentByIdQuery.cs(5,52): warning CS1591: Missing XML comment for publicly visible type or member 'GetPaymentByIdQuery.PaymentId' [/Users/kady/Masterdom/src/Masterdom.Modules.Payment/Masterdom.Modules.Payment.csproj]
/Users/kady/Masterdom/src/Masterdom.Modules.Payment/Application/Queries/GetPaymentByReferenceQuery.cs(5,22): warning CS1591: Missing XML comment for publicly visible type or member 'GetPaymentByReferenceQuery' [/Users/kady/Masterdom/src/Masterdom.Modules.Payment/Masterdom.Modules.Payment.csproj]
/Users/kady/Masterdom/src/Masterdom.Modules.Payment/Application/Queries/GetPaymentByReferenceQuery.cs(5,22): warning CS1591: Missing XML comment for publicly visible type or member 'GetPaymentByReferenceQuery.GetPaymentByReferenceQuery(PaymentReference)' [/Users/kady/Masterdom/src/Masterdom.Modules.Payment/Masterdom.Modules.Payment.csproj]
/Users/kady/Masterdom/src/Masterdom.Modules.Payment/Application/Queries/GetPaymentByReferenceQuery.cs(5,66): warning CS1591: Missing XML comment for publicly visible type or member 'GetPaymentByReferenceQuery.PaymentReference' [/Users/kady/Masterdom/src/Masterdom.Modules.Payment/Masterdom.Modules.Payment.csproj]
/Users/kady/Masterdom/src/Masterdom.Modules.Payment/Application/Services/IPaymentApplicationService.cs(7,18): warning CS1591: Missing XML comment for publicly visible type or member 'IPaymentApplicationService' [/Users/kady/Masterdom/src/Masterdom.Modules.Payment/Masterdom.Modules.Payment.csproj]
/Users/kady/Masterdom/src/Masterdom.Modules.Payment/Application/Services/IPaymentApplicationService.cs(9,22): warning CS1591: Missing XML comment for publicly visible type or member 'IPaymentApplicationService.ReceivePayment(ReceivePaymentCommand)' [/Users/kady/Masterdom/src/Masterdom.Modules.Payment/Masterdom.Modules.Payment.csproj]
/Users/kady/Masterdom/src/Masterdom.Modules.Payment/Application/Services/IPaymentApplicationService.cs(11,22): warning CS1591: Missing XML comment for publicly visible type or member 'IPaymentApplicationService.AllocatePayment(AllocatePaymentCommand)' [/Users/kady/Masterdom/src/Masterdom.Modules.Payment/Masterdom.Modules.Payment.csproj]
/Users/kady/Masterdom/src/Masterdom.Modules.Payment/Application/Services/IPaymentApplicationService.cs(13,22): warning CS1591: Missing XML comment for publicly visible type or member 'IPaymentApplicationService.ReversePayment(ReversePaymentCommand)' [/Users/kady/Masterdom/src/Masterdom.Modules.Payment/Masterdom.Modules.Payment.csproj]
/Users/kady/Masterdom/src/Masterdom.Modules.Payment/Application/Services/IPaymentApplicationService.cs(15,22): warning CS1591: Missing XML comment for publicly visible type or member 'IPaymentApplicationService.VoidPayment(VoidPaymentCommand)' [/Users/kady/Masterdom/src/Masterdom.Modules.Payment/Masterdom.Modules.Payment.csproj]
/Users/kady/Masterdom/src/Masterdom.Modules.Payment/Application/Services/IPaymentApplicationService.cs(17,23): warning CS1591: Missing XML comment for publicly visible type or member 'IPaymentApplicationService.GetPayment(GetPaymentByIdQuery)' [/Users/kady/Masterdom/src/Masterdom.Modules.Payment/Masterdom.Modules.Payment.csproj]
/Users/kady/Masterdom/src/Masterdom.Modules.Payment/Application/Services/IPaymentApplicationService.cs(19,23): warning CS1591: Missing XML comment for publicly visible type or member 'IPaymentApplicationService.GetPayment(GetPaymentByReferenceQuery)' [/Users/kady/Masterdom/src/Masterdom.Modules.Payment/Masterdom.Modules.Payment.csproj]
/Users/kady/Masterdom/src/Masterdom.Modules.Payment/Application/Services/PaymentApplicationService.cs(10,21): warning CS1591: Missing XML comment for publicly visible type or member 'PaymentApplicationService' [/Users/kady/Masterdom/src/Masterdom.Modules.Payment/Masterdom.Modules.Payment.csproj]
/Users/kady/Masterdom/src/Masterdom.Modules.Payment/Application/Services/PaymentApplicationService.cs(16,12): warning CS1591: Missing XML comment for publicly visible type or member 'PaymentApplicationService.PaymentApplicationService(IPaymentRepository, IPaymentUnitOfWork, IPaymentPlatformOrchestrator)' [/Users/kady/Masterdom/src/Masterdom.Modules.Payment/Masterdom.Modules.Payment.csproj]
/Users/kady/Masterdom/src/Masterdom.Modules.Payment/Application/Services/PaymentApplicationService.cs(26,29): warning CS1591: Missing XML comment for publicly visible type or member 'PaymentApplicationService.ReceivePayment(ReceivePaymentCommand)' [/Users/kady/Masterdom/src/Masterdom.Modules.Payment/Masterdom.Modules.Payment.csproj]
/Users/kady/Masterdom/src/Masterdom.Modules.Payment/Application/Services/PaymentApplicationService.cs(52,29): warning CS1591: Missing XML comment for publicly visible type or member 'PaymentApplicationService.AllocatePayment(AllocatePaymentCommand)' [/Users/kady/Masterdom/src/Masterdom.Modules.Payment/Masterdom.Modules.Payment.csproj]
/Users/kady/Masterdom/src/Masterdom.Modules.Payment/Application/Services/PaymentApplicationService.cs(65,29): warning CS1591: Missing XML comment for publicly visible type or member 'PaymentApplicationService.ReversePayment(ReversePaymentCommand)' [/Users/kady/Masterdom/src/Masterdom.Modules.Payment/Masterdom.Modules.Payment.csproj]
/Users/kady/Masterdom/src/Masterdom.Modules.Payment/Application/Services/PaymentApplicationService.cs(78,29): warning CS1591: Missing XML comment for publicly visible type or member 'PaymentApplicationService.VoidPayment(VoidPaymentCommand)' [/Users/kady/Masterdom/src/Masterdom.Modules.Payment/Masterdom.Modules.Payment.csproj]
/Users/kady/Masterdom/src/Masterdom.Modules.Payment/Application/Services/PaymentApplicationService.cs(91,30): warning CS1591: Missing XML comment for publicly visible type or member 'PaymentApplicationService.GetPayment(GetPaymentByIdQuery)' [/Users/kady/Masterdom/src/Masterdom.Modules.Payment/Masterdom.Modules.Payment.csproj]
/Users/kady/Masterdom/src/Masterdom.Modules.Payment/Application/Services/PaymentApplicationService.cs(97,30): warning CS1591: Missing XML comment for publicly visible type or member 'PaymentApplicationService.GetPayment(GetPaymentByReferenceQuery)' [/Users/kady/Masterdom/src/Masterdom.Modules.Payment/Masterdom.Modules.Payment.csproj]
/Users/kady/Masterdom/src/Masterdom.Modules.Payment/Application/Support/ExecutionResult.cs(3,14): warning CS1591: Missing XML comment for publicly visible type or member 'ExecutionResult' [/Users/kady/Masterdom/src/Masterdom.Modules.Payment/Masterdom.Modules.Payment.csproj]
/Users/kady/Masterdom/src/Masterdom.Modules.Payment/Application/Support/ExecutionResult.cs(5,15): warning CS1591: Missing XML comment for publicly visible type or member 'ExecutionResult.ExecutionResult(bool, string?, string?)' [/Users/kady/Masterdom/src/Masterdom.Modules.Payment/Masterdom.Modules.Payment.csproj]
/Users/kady/Masterdom/src/Masterdom.Modules.Payment/Application/Support/ExecutionResult.cs(12,17): warning CS1591: Missing XML comment for publicly visible type or member 'ExecutionResult.IsSuccess' [/Users/kady/Masterdom/src/Masterdom.Modules.Payment/Masterdom.Modules.Payment.csproj]
/Users/kady/Masterdom/src/Masterdom.Modules.Payment/Application/Support/ExecutionResult.cs(14,20): warning CS1591: Missing XML comment for publicly visible type or member 'ExecutionResult.ErrorCode' [/Users/kady/Masterdom/src/Masterdom.Modules.Payment/Masterdom.Modules.Payment.csproj]
/Users/kady/Masterdom/src/Masterdom.Modules.Payment/Application/Support/ExecutionResult.cs(16,20): warning CS1591: Missing XML comment for publicly visible type or member 'ExecutionResult.ErrorMessage' [/Users/kady/Masterdom/src/Masterdom.Modules.Payment/Masterdom.Modules.Payment.csproj]
/Users/kady/Masterdom/src/Masterdom.Modules.Payment/Application/Support/ExecutionResult.cs(18,35): warning CS1591: Missing XML comment for publicly visible type or member 'ExecutionResult.Success()' [/Users/kady/Masterdom/src/Masterdom.Modules.Payment/Masterdom.Modules.Payment.csproj]
/Users/kady/Masterdom/src/Masterdom.Modules.Payment/Application/Support/ExecutionResult.cs(23,35): warning CS1591: Missing XML comment for publicly visible type or member 'ExecutionResult.Failure(string, string)' [/Users/kady/Masterdom/src/Masterdom.Modules.Payment/Masterdom.Modules.Payment.csproj]
/Users/kady/Masterdom/src/Masterdom.Modules.Payment/Application/Support/ExecutionResult.cs(32,21): warning CS1591: Missing XML comment for publicly visible type or member 'ExecutionResult<T>' [/Users/kady/Masterdom/src/Masterdom.Modules.Payment/Masterdom.Modules.Payment.csproj]
/Users/kady/Masterdom/src/Masterdom.Modules.Payment/Application/Support/ExecutionResult.cs(40,15): warning CS1591: Missing XML comment for publicly visible type or member 'ExecutionResult<T>.Value' [/Users/kady/Masterdom/src/Masterdom.Modules.Payment/Masterdom.Modules.Payment.csproj]
/Users/kady/Masterdom/src/Masterdom.Modules.Payment/Application/Support/ExecutionResult.cs(42,38): warning CS1591: Missing XML comment for publicly visible type or member 'ExecutionResult<T>.Success(T)' [/Users/kady/Masterdom/src/Masterdom.Modules.Payment/Masterdom.Modules.Payment.csproj]
/Users/kady/Masterdom/src/Masterdom.Modules.Payment/Application/Support/ExecutionResult.cs(48,38): warning CS1591: Missing XML comment for publicly visible type or member 'ExecutionResult<T>.Failure(string, string)' [/Users/kady/Masterdom/src/Masterdom.Modules.Payment/Masterdom.Modules.Payment.csproj]
/Users/kady/Masterdom/src/Masterdom.Modules.Payment/Application/Support/ICommandHandler.cs(3,18): warning CS1591: Missing XML comment for publicly visible type or member 'ICommandHandler<TCommand, TResult>' [/Users/kady/Masterdom/src/Masterdom.Modules.Payment/Masterdom.Modules.Payment.csproj]
/Users/kady/Masterdom/src/Masterdom.Modules.Payment/Application/Support/ICommandHandler.cs(5,13): warning CS1591: Missing XML comment for publicly visible type or member 'ICommandHandler<TCommand, TResult>.Handle(TCommand)' [/Users/kady/Masterdom/src/Masterdom.Modules.Payment/Masterdom.Modules.Payment.csproj]
/Users/kady/Masterdom/src/Masterdom.Modules.Payment/Application/Support/IPaymentPlatformOrchestrator.cs(5,18): warning CS1591: Missing XML comment for publicly visible type or member 'IPaymentPlatformOrchestrator' [/Users/kady/Masterdom/src/Masterdom.Modules.Payment/Masterdom.Modules.Payment.csproj]
/Users/kady/Masterdom/src/Masterdom.Modules.Payment/Application/Support/IPaymentPlatformOrchestrator.cs(7,10): warning CS1591: Missing XML comment for publicly visible type or member 'IPaymentPlatformOrchestrator.OnPaymentMutated(Payment, string)' [/Users/kady/Masterdom/src/Masterdom.Modules.Payment/Masterdom.Modules.Payment.csproj]
/Users/kady/Masterdom/src/Masterdom.Modules.Payment/Application/Support/IPaymentUnitOfWork.cs(3,18): warning CS1591: Missing XML comment for publicly visible type or member 'IPaymentUnitOfWork' [/Users/kady/Masterdom/src/Masterdom.Modules.Payment/Masterdom.Modules.Payment.csproj]
/Users/kady/Masterdom/src/Masterdom.Modules.Payment/Application/Support/IPaymentUnitOfWork.cs(5,10): warning CS1591: Missing XML comment for publicly visible type or member 'IPaymentUnitOfWork.Execute(Action)' [/Users/kady/Masterdom/src/Masterdom.Modules.Payment/Masterdom.Modules.Payment.csproj]
/Users/kady/Masterdom/src/Masterdom.Modules.Payment/Application/Support/IQueryHandler.cs(3,18): warning CS1591: Missing XML comment for publicly visible type or member 'IQueryHandler<TQuery, TResult>' [/Users/kady/Masterdom/src/Masterdom.Modules.Payment/Masterdom.Modules.Payment.csproj]
/Users/kady/Masterdom/src/Masterdom.Modules.Payment/Application/Support/IQueryHandler.cs(5,13): warning CS1591: Missing XML comment for publicly visible type or member 'IQueryHandler<TQuery, TResult>.Handle(TQuery)' [/Users/kady/Masterdom/src/Masterdom.Modules.Payment/Masterdom.Modules.Payment.csproj]
/Users/kady/Masterdom/src/Masterdom.Modules.Payment/Contracts/Billing/BillSettlementContract.cs(3,22): warning CS1591: Missing XML comment for publicly visible type or member 'BillSettlementContract' [/Users/kady/Masterdom/src/Masterdom.Modules.Payment/Masterdom.Modules.Payment.csproj]
/Users/kady/Masterdom/src/Masterdom.Modules.Payment/Contracts/Billing/BillSettlementContract.cs(3,22): warning CS1591: Missing XML comment for publicly visible type or member 'BillSettlementContract.BillSettlementContract(Guid, string, decimal, DateOnly, decimal)' [/Users/kady/Masterdom/src/Masterdom.Modules.Payment/Masterdom.Modules.Payment.csproj]
/Users/kady/Masterdom/src/Masterdom.Modules.Payment/Contracts/Billing/BillSettlementContract.cs(4,10): warning CS1591: Missing XML comment for publicly visible type or member 'BillSettlementContract.BillId' [/Users/kady/Masterdom/src/Masterdom.Modules.Payment/Masterdom.Modules.Payment.csproj]
/Users/kady/Masterdom/src/Masterdom.Modules.Payment/Contracts/Billing/BillSettlementContract.cs(5,12): warning CS1591: Missing XML comment for publicly visible type or member 'BillSettlementContract.BillNumber' [/Users/kady/Masterdom/src/Masterdom.Modules.Payment/Masterdom.Modules.Payment.csproj]
/Users/kady/Masterdom/src/Masterdom.Modules.Payment/Contracts/Billing/BillSettlementContract.cs(6,13): warning CS1591: Missing XML comment for publicly visible type or member 'BillSettlementContract.OutstandingAmount' [/Users/kady/Masterdom/src/Masterdom.Modules.Payment/Masterdom.Modules.Payment.csproj]
/Users/kady/Masterdom/src/Masterdom.Modules.Payment/Contracts/Billing/BillSettlementContract.cs(7,14): warning CS1591: Missing XML comment for publicly visible type or member 'BillSettlementContract.DueDate' [/Users/kady/Masterdom/src/Masterdom.Modules.Payment/Masterdom.Modules.Payment.csproj]
/Users/kady/Masterdom/src/Masterdom.Modules.Payment/Contracts/Billing/BillSettlementContract.cs(8,13): warning CS1591: Missing XML comment for publicly visible type or member 'BillSettlementContract.AllocationAmount' [/Users/kady/Masterdom/src/Masterdom.Modules.Payment/Masterdom.Modules.Payment.csproj]
/Users/kady/Masterdom/src/Masterdom.Modules.Payment/Domain/Entities/Payment/Events/PaymentAllocatedDomainEvent.cs(5,22): warning CS1591: Missing XML comment for publicly visible type or member 'PaymentAllocatedDomainEvent' [/Users/kady/Masterdom/src/Masterdom.Modules.Payment/Masterdom.Modules.Payment.csproj]
/Users/kady/Masterdom/src/Masterdom.Modules.Payment/Domain/Entities/Payment/Events/PaymentAllocatedDomainEvent.cs(5,22): warning CS1591: Missing XML comment for publicly visible type or member 'PaymentAllocatedDomainEvent.PaymentAllocatedDomainEvent(PaymentId, decimal, int, DateTime)' [/Users/kady/Masterdom/src/Masterdom.Modules.Payment/Masterdom.Modules.Payment.csproj]
/Users/kady/Masterdom/src/Masterdom.Modules.Payment/Domain/Entities/Payment/Events/PaymentAllocatedDomainEvent.cs(6,15): warning CS1591: Missing XML comment for publicly visible type or member 'PaymentAllocatedDomainEvent.PaymentId' [/Users/kady/Masterdom/src/Masterdom.Modules.Payment/Masterdom.Modules.Payment.csproj]
/Users/kady/Masterdom/src/Masterdom.Modules.Payment/Domain/Entities/Payment/Events/PaymentAllocatedDomainEvent.cs(7,13): warning CS1591: Missing XML comment for publicly visible type or member 'PaymentAllocatedDomainEvent.AllocatedAmount' [/Users/kady/Masterdom/src/Masterdom.Modules.Payment/Masterdom.Modules.Payment.csproj]
/Users/kady/Masterdom/src/Masterdom.Modules.Payment/Domain/Entities/Payment/Events/PaymentAllocatedDomainEvent.cs(8,9): warning CS1591: Missing XML comment for publicly visible type or member 'PaymentAllocatedDomainEvent.AllocationCount' [/Users/kady/Masterdom/src/Masterdom.Modules.Payment/Masterdom.Modules.Payment.csproj]
/Users/kady/Masterdom/src/Masterdom.Modules.Payment/Domain/Entities/Payment/Events/PaymentAllocatedDomainEvent.cs(9,14): warning CS1591: Missing XML comment for publicly visible type or member 'PaymentAllocatedDomainEvent.OccurredOnUtc' [/Users/kady/Masterdom/src/Masterdom.Modules.Payment/Masterdom.Modules.Payment.csproj]
/Users/kady/Masterdom/src/Masterdom.Modules.Payment/Domain/Entities/Payment/Events/PaymentReceivedDomainEvent.cs(5,22): warning CS1591: Missing XML comment for publicly visible type or member 'PaymentReceivedDomainEvent' [/Users/kady/Masterdom/src/Masterdom.Modules.Payment/Masterdom.Modules.Payment.csproj]
/Users/kady/Masterdom/src/Masterdom.Modules.Payment/Domain/Entities/Payment/Events/PaymentReceivedDomainEvent.cs(5,22): warning CS1591: Missing XML comment for publicly visible type or member 'PaymentReceivedDomainEvent.PaymentReceivedDomainEvent(PaymentId, string, decimal, DateTime)' [/Users/kady/Masterdom/src/Masterdom.Modules.Payment/Masterdom.Modules.Payment.csproj]
/Users/kady/Masterdom/src/Masterdom.Modules.Payment/Domain/Entities/Payment/Events/PaymentReceivedDomainEvent.cs(6,15): warning CS1591: Missing XML comment for publicly visible type or member 'PaymentReceivedDomainEvent.PaymentId' [/Users/kady/Masterdom/src/Masterdom.Modules.Payment/Masterdom.Modules.Payment.csproj]
/Users/kady/Masterdom/src/Masterdom.Modules.Payment/Domain/Entities/Payment/Events/PaymentReceivedDomainEvent.cs(7,12): warning CS1591: Missing XML comment for publicly visible type or member 'PaymentReceivedDomainEvent.PaymentReference' [/Users/kady/Masterdom/src/Masterdom.Modules.Payment/Masterdom.Modules.Payment.csproj]
/Users/kady/Masterdom/src/Masterdom.Modules.Payment/Domain/Entities/Payment/Events/PaymentReceivedDomainEvent.cs(8,13): warning CS1591: Missing XML comment for publicly visible type or member 'PaymentReceivedDomainEvent.Amount' [/Users/kady/Masterdom/src/Masterdom.Modules.Payment/Masterdom.Modules.Payment.csproj]
/Users/kady/Masterdom/src/Masterdom.Modules.Payment/Domain/Entities/Payment/Events/PaymentReceivedDomainEvent.cs(9,14): warning CS1591: Missing XML comment for publicly visible type or member 'PaymentReceivedDomainEvent.OccurredOnUtc' [/Users/kady/Masterdom/src/Masterdom.Modules.Payment/Masterdom.Modules.Payment.csproj]
/Users/kady/Masterdom/src/Masterdom.Modules.Payment/Domain/Entities/Payment/Events/PaymentReversedDomainEvent.cs(5,22): warning CS1591: Missing XML comment for publicly visible type or member 'PaymentReversedDomainEvent' [/Users/kady/Masterdom/src/Masterdom.Modules.Payment/Masterdom.Modules.Payment.csproj]
/Users/kady/Masterdom/src/Masterdom.Modules.Payment/Domain/Entities/Payment/Events/PaymentReversedDomainEvent.cs(5,22): warning CS1591: Missing XML comment for publicly visible type or member 'PaymentReversedDomainEvent.PaymentReversedDomainEvent(PaymentId, string, DateTime)' [/Users/kady/Masterdom/src/Masterdom.Modules.Payment/Masterdom.Modules.Payment.csproj]
/Users/kady/Masterdom/src/Masterdom.Modules.Payment/Domain/Entities/Payment/Events/PaymentReversedDomainEvent.cs(6,15): warning CS1591: Missing XML comment for publicly visible type or member 'PaymentReversedDomainEvent.PaymentId' [/Users/kady/Masterdom/src/Masterdom.Modules.Payment/Masterdom.Modules.Payment.csproj]
/Users/kady/Masterdom/src/Masterdom.Modules.Payment/Domain/Entities/Payment/Events/PaymentReversedDomainEvent.cs(7,12): warning CS1591: Missing XML comment for publicly visible type or member 'PaymentReversedDomainEvent.Reason' [/Users/kady/Masterdom/src/Masterdom.Modules.Payment/Masterdom.Modules.Payment.csproj]
/Users/kady/Masterdom/src/Masterdom.Modules.Payment/Domain/Entities/Payment/Events/PaymentReversedDomainEvent.cs(8,14): warning CS1591: Missing XML comment for publicly visible type or member 'PaymentReversedDomainEvent.OccurredOnUtc' [/Users/kady/Masterdom/src/Masterdom.Modules.Payment/Masterdom.Modules.Payment.csproj]
/Users/kady/Masterdom/src/Masterdom.Modules.Payment/Domain/Entities/Payment/Events/PaymentVersionCreatedDomainEvent.cs(5,22): warning CS1591: Missing XML comment for publicly visible type or member 'PaymentVersionCreatedDomainEvent' [/Users/kady/Masterdom/src/Masterdom.Modules.Payment/Masterdom.Modules.Payment.csproj]
/Users/kady/Masterdom/src/Masterdom.Modules.Payment/Domain/Entities/Payment/Events/PaymentVersionCreatedDomainEvent.cs(5,22): warning CS1591: Missing XML comment for publicly visible type or member 'PaymentVersionCreatedDomainEvent.PaymentVersionCreatedDomainEvent(PaymentId, int, string, DateTime)' [/Users/kady/Masterdom/src/Masterdom.Modules.Payment/Masterdom.Modules.Payment.csproj]
/Users/kady/Masterdom/src/Masterdom.Modules.Payment/Domain/Entities/Payment/Events/PaymentVersionCreatedDomainEvent.cs(6,15): warning CS1591: Missing XML comment for publicly visible type or member 'PaymentVersionCreatedDomainEvent.PaymentId' [/Users/kady/Masterdom/src/Masterdom.Modules.Payment/Masterdom.Modules.Payment.csproj]
/Users/kady/Masterdom/src/Masterdom.Modules.Payment/Domain/Entities/Payment/Events/PaymentVersionCreatedDomainEvent.cs(7,9): warning CS1591: Missing XML comment for publicly visible type or member 'PaymentVersionCreatedDomainEvent.VersionNumber' [/Users/kady/Masterdom/src/Masterdom.Modules.Payment/Masterdom.Modules.Payment.csproj]
/Users/kady/Masterdom/src/Masterdom.Modules.Payment/Domain/Entities/Payment/Events/PaymentVersionCreatedDomainEvent.cs(8,12): warning CS1591: Missing XML comment for publicly visible type or member 'PaymentVersionCreatedDomainEvent.ChangeReason' [/Users/kady/Masterdom/src/Masterdom.Modules.Payment/Masterdom.Modules.Payment.csproj]
/Users/kady/Masterdom/src/Masterdom.Modules.Payment/Domain/Entities/Payment/Events/PaymentVersionCreatedDomainEvent.cs(9,14): warning CS1591: Missing XML comment for publicly visible type or member 'PaymentVersionCreatedDomainEvent.OccurredOnUtc' [/Users/kady/Masterdom/src/Masterdom.Modules.Payment/Masterdom.Modules.Payment.csproj]
/Users/kady/Masterdom/src/Masterdom.Modules.Payment/Domain/Entities/Payment/Events/PaymentVoidedDomainEvent.cs(5,22): warning CS1591: Missing XML comment for publicly visible type or member 'PaymentVoidedDomainEvent' [/Users/kady/Masterdom/src/Masterdom.Modules.Payment/Masterdom.Modules.Payment.csproj]
/Users/kady/Masterdom/src/Masterdom.Modules.Payment/Domain/Entities/Payment/Events/PaymentVoidedDomainEvent.cs(5,22): warning CS1591: Missing XML comment for publicly visible type or member 'PaymentVoidedDomainEvent.PaymentVoidedDomainEvent(PaymentId, string, DateTime)' [/Users/kady/Masterdom/src/Masterdom.Modules.Payment/Masterdom.Modules.Payment.csproj]
/Users/kady/Masterdom/src/Masterdom.Modules.Payment/Domain/Entities/Payment/Events/PaymentVoidedDomainEvent.cs(6,15): warning CS1591: Missing XML comment for publicly visible type or member 'PaymentVoidedDomainEvent.PaymentId' [/Users/kady/Masterdom/src/Masterdom.Modules.Payment/Masterdom.Modules.Payment.csproj]
/Users/kady/Masterdom/src/Masterdom.Modules.Payment/Domain/Entities/Payment/Events/PaymentVoidedDomainEvent.cs(7,12): warning CS1591: Missing XML comment for publicly visible type or member 'PaymentVoidedDomainEvent.Reason' [/Users/kady/Masterdom/src/Masterdom.Modules.Payment/Masterdom.Modules.Payment.csproj]
/Users/kady/Masterdom/src/Masterdom.Modules.Payment/Domain/Entities/Payment/Events/PaymentVoidedDomainEvent.cs(8,14): warning CS1591: Missing XML comment for publicly visible type or member 'PaymentVoidedDomainEvent.OccurredOnUtc' [/Users/kady/Masterdom/src/Masterdom.Modules.Payment/Masterdom.Modules.Payment.csproj]
/Users/kady/Masterdom/src/Masterdom.Modules.Payment/Domain/Entities/Payment/Events/ReceiptGeneratedDomainEvent.cs(5,22): warning CS1591: Missing XML comment for publicly visible type or member 'ReceiptGeneratedDomainEvent' [/Users/kady/Masterdom/src/Masterdom.Modules.Payment/Masterdom.Modules.Payment.csproj]
/Users/kady/Masterdom/src/Masterdom.Modules.Payment/Domain/Entities/Payment/Events/ReceiptGeneratedDomainEvent.cs(5,22): warning CS1591: Missing XML comment for publicly visible type or member 'ReceiptGeneratedDomainEvent.ReceiptGeneratedDomainEvent(PaymentId, string, int, DateTime)' [/Users/kady/Masterdom/src/Masterdom.Modules.Payment/Masterdom.Modules.Payment.csproj]
/Users/kady/Masterdom/src/Masterdom.Modules.Payment/Domain/Entities/Payment/Events/ReceiptGeneratedDomainEvent.cs(6,15): warning CS1591: Missing XML comment for publicly visible type or member 'ReceiptGeneratedDomainEvent.PaymentId' [/Users/kady/Masterdom/src/Masterdom.Modules.Payment/Masterdom.Modules.Payment.csproj]
/Users/kady/Masterdom/src/Masterdom.Modules.Payment/Domain/Entities/Payment/Events/ReceiptGeneratedDomainEvent.cs(7,12): warning CS1591: Missing XML comment for publicly visible type or member 'ReceiptGeneratedDomainEvent.ReceiptNumber' [/Users/kady/Masterdom/src/Masterdom.Modules.Payment/Masterdom.Modules.Payment.csproj]
/Users/kady/Masterdom/src/Masterdom.Modules.Payment/Domain/Entities/Payment/Events/ReceiptGeneratedDomainEvent.cs(8,9): warning CS1591: Missing XML comment for publicly visible type or member 'ReceiptGeneratedDomainEvent.VersionNumber' [/Users/kady/Masterdom/src/Masterdom.Modules.Payment/Masterdom.Modules.Payment.csproj]
/Users/kady/Masterdom/src/Masterdom.Modules.Payment/Domain/Entities/Payment/Events/ReceiptGeneratedDomainEvent.cs(9,14): warning CS1591: Missing XML comment for publicly visible type or member 'ReceiptGeneratedDomainEvent.OccurredOnUtc' [/Users/kady/Masterdom/src/Masterdom.Modules.Payment/Masterdom.Modules.Payment.csproj]
/Users/kady/Masterdom/src/Masterdom.Modules.Payment/Domain/Entities/Payment/Payment.cs(9,21): warning CS1591: Missing XML comment for publicly visible type or member 'Payment' [/Users/kady/Masterdom/src/Masterdom.Modules.Payment/Masterdom.Modules.Payment.csproj]
/Users/kady/Masterdom/src/Masterdom.Modules.Payment/Domain/Entities/Payment/Payment.cs(38,29): warning CS1591: Missing XML comment for publicly visible type or member 'Payment.PaymentReference' [/Users/kady/Masterdom/src/Masterdom.Modules.Payment/Masterdom.Modules.Payment.csproj]
/Users/kady/Masterdom/src/Masterdom.Modules.Payment/Domain/Entities/Payment/Payment.cs(40,26): warning CS1591: Missing XML comment for publicly visible type or member 'Payment.PaymentAmount' [/Users/kady/Masterdom/src/Masterdom.Modules.Payment/Masterdom.Modules.Payment.csproj]
/Users/kady/Masterdom/src/Masterdom.Modules.Payment/Domain/Entities/Payment/Payment.cs(42,24): warning CS1591: Missing XML comment for publicly visible type or member 'Payment.PaymentDate' [/Users/kady/Masterdom/src/Masterdom.Modules.Payment/Masterdom.Modules.Payment.csproj]
/Users/kady/Masterdom/src/Masterdom.Modules.Payment/Domain/Entities/Payment/Payment.cs(44,26): warning CS1591: Missing XML comment for publicly visible type or member 'Payment.PaymentMethod' [/Users/kady/Masterdom/src/Masterdom.Modules.Payment/Masterdom.Modules.Payment.csproj]
/Users/kady/Masterdom/src/Masterdom.Modules.Payment/Domain/Entities/Payment/Payment.cs(46,26): warning CS1591: Missing XML comment for publicly visible type or member 'Payment.PaymentStatus' [/Users/kady/Masterdom/src/Masterdom.Modules.Payment/Masterdom.Modules.Payment.csproj]
/Users/kady/Masterdom/src/Masterdom.Modules.Payment/Domain/Entities/Payment/Payment.cs(48,27): warning CS1591: Missing XML comment for publicly visible type or member 'Payment.PaymentChannel' [/Users/kady/Masterdom/src/Masterdom.Modules.Payment/Masterdom.Modules.Payment.csproj]
/Users/kady/Masterdom/src/Masterdom.Modules.Payment/Domain/Entities/Payment/Payment.cs(50,26): warning CS1591: Missing XML comment for publicly visible type or member 'Payment.PaymentSource' [/Users/kady/Masterdom/src/Masterdom.Modules.Payment/Masterdom.Modules.Payment.csproj]
/Users/kady/Masterdom/src/Masterdom.Modules.Payment/Domain/Entities/Payment/Payment.cs(52,21): warning CS1591: Missing XML comment for publicly visible type or member 'Payment.ReceivedAtUtc' [/Users/kady/Masterdom/src/Masterdom.Modules.Payment/Masterdom.Modules.Payment.csproj]
/Users/kady/Masterdom/src/Masterdom.Modules.Payment/Domain/Entities/Payment/Payment.cs(54,22): warning CS1591: Missing XML comment for publicly visible type or member 'Payment.ReversedAtUtc' [/Users/kady/Masterdom/src/Masterdom.Modules.Payment/Masterdom.Modules.Payment.csproj]
/Users/kady/Masterdom/src/Masterdom.Modules.Payment/Domain/Entities/Payment/Payment.cs(56,22): warning CS1591: Missing XML comment for publicly visible type or member 'Payment.VoidedAtUtc' [/Users/kady/Masterdom/src/Masterdom.Modules.Payment/Masterdom.Modules.Payment.csproj]
/Users/kady/Masterdom/src/Masterdom.Modules.Payment/Domain/Entities/Payment/Payment.cs(58,20): warning CS1591: Missing XML comment for publicly visible type or member 'Payment.ReversalReason' [/Users/kady/Masterdom/src/Masterdom.Modules.Payment/Masterdom.Modules.Payment.csproj]
/Users/kady/Masterdom/src/Masterdom.Modules.Payment/Domain/Entities/Payment/Payment.cs(60,20): warning CS1591: Missing XML comment for publicly visible type or member 'Payment.VoidReason' [/Users/kady/Masterdom/src/Masterdom.Modules.Payment/Masterdom.Modules.Payment.csproj]
/Users/kady/Masterdom/src/Masterdom.Modules.Payment/Domain/Entities/Payment/Payment.cs(62,51): warning CS1591: Missing XML comment for publicly visible type or member 'Payment.Allocations' [/Users/kady/Masterdom/src/Masterdom.Modules.Payment/Masterdom.Modules.Payment.csproj]
/Users/kady/Masterdom/src/Masterdom.Modules.Payment/Domain/Entities/Payment/Payment.cs(64,48): warning CS1591: Missing XML comment for publicly visible type or member 'Payment.Versions' [/Users/kady/Masterdom/src/Masterdom.Modules.Payment/Masterdom.Modules.Payment.csproj]
/Users/kady/Masterdom/src/Masterdom.Modules.Payment/Domain/Entities/Payment/Payment.cs(66,48): warning CS1591: Missing XML comment for publicly visible type or member 'Payment.Receipts' [/Users/kady/Masterdom/src/Masterdom.Modules.Payment/Masterdom.Modules.Payment.csproj]
/Users/kady/Masterdom/src/Masterdom.Modules.Payment/Domain/Entities/Payment/Payment.cs(68,49): warning CS1591: Missing XML comment for publicly visible type or member 'Payment.Snapshots' [/Users/kady/Masterdom/src/Masterdom.Modules.Payment/Masterdom.Modules.Payment.csproj]
/Users/kady/Masterdom/src/Masterdom.Modules.Payment/Domain/Entities/Payment/Payment.cs(70,46): warning CS1591: Missing XML comment for publicly visible type or member 'Payment.DomainEvents' [/Users/kady/Masterdom/src/Masterdom.Modules.Payment/Masterdom.Modules.Payment.csproj]
/Users/kady/Masterdom/src/Masterdom.Modules.Payment/Domain/Entities/Payment/Payment.cs(72,27): warning CS1591: Missing XML comment for publicly visible type or member 'Payment.CurrentVersion' [/Users/kady/Masterdom/src/Masterdom.Modules.Payment/Masterdom.Modules.Payment.csproj]
/Users/kady/Masterdom/src/Masterdom.Modules.Payment/Domain/Entities/Payment/Payment.cs(74,27): warning CS1591: Missing XML comment for publicly visible type or member 'Payment.CurrentReceipt' [/Users/kady/Masterdom/src/Masterdom.Modules.Payment/Masterdom.Modules.Payment.csproj]
/Users/kady/Masterdom/src/Masterdom.Modules.Payment/Domain/Entities/Payment/Payment.cs(76,27): warning CS1591: Missing XML comment for publicly visible type or member 'Payment.Receive(PaymentId, PaymentReference, PaymentAmount, PaymentDate, PaymentMethod, PaymentChannel, PaymentSource, DateTime)' [/Users/kady/Masterdom/src/Masterdom.Modules.Payment/Masterdom.Modules.Payment.csproj]
/Users/kady/Masterdom/src/Masterdom.Modules.Payment/Domain/Entities/Payment/Payment.cs(115,17): warning CS1591: Missing XML comment for publicly visible type or member 'Payment.Allocate(IReadOnlyCollection<BillSettlementContract>, DateTime)' [/Users/kady/Masterdom/src/Masterdom.Modules.Payment/Masterdom.Modules.Payment.csproj]
/Users/kady/Masterdom/src/Masterdom.Modules.Payment/Domain/Entities/Payment/Payment.cs(172,17): warning CS1591: Missing XML comment for publicly visible type or member 'Payment.Reverse(string, DateTime)' [/Users/kady/Masterdom/src/Masterdom.Modules.Payment/Masterdom.Modules.Payment.csproj]
/Users/kady/Masterdom/src/Masterdom.Modules.Payment/Domain/Entities/Payment/Payment.cs(195,17): warning CS1591: Missing XML comment for publicly visible type or member 'Payment.Void(string, DateTime)' [/Users/kady/Masterdom/src/Masterdom.Modules.Payment/Masterdom.Modules.Payment.csproj]
/Users/kady/Masterdom/src/Masterdom.Modules.Payment/Domain/Entities/Payment/Payment.cs(218,17): warning CS1591: Missing XML comment for publicly visible type or member 'Payment.ClearDomainEvents()' [/Users/kady/Masterdom/src/Masterdom.Modules.Payment/Masterdom.Modules.Payment.csproj]
/Users/kady/Masterdom/src/Masterdom.Modules.Payment/Domain/Entities/Payment/PaymentAllocation.cs(3,21): warning CS1591: Missing XML comment for publicly visible type or member 'PaymentAllocation' [/Users/kady/Masterdom/src/Masterdom.Modules.Payment/Masterdom.Modules.Payment.csproj]
/Users/kady/Masterdom/src/Masterdom.Modules.Payment/Domain/Entities/Payment/PaymentAllocation.cs(27,17): warning CS1591: Missing XML comment for publicly visible type or member 'PaymentAllocation.AllocationId' [/Users/kady/Masterdom/src/Masterdom.Modules.Payment/Masterdom.Modules.Payment.csproj]
/Users/kady/Masterdom/src/Masterdom.Modules.Payment/Domain/Entities/Payment/PaymentAllocation.cs(29,17): warning CS1591: Missing XML comment for publicly visible type or member 'PaymentAllocation.BillId' [/Users/kady/Masterdom/src/Masterdom.Modules.Payment/Masterdom.Modules.Payment.csproj]
/Users/kady/Masterdom/src/Masterdom.Modules.Payment/Domain/Entities/Payment/PaymentAllocation.cs(31,19): warning CS1591: Missing XML comment for publicly visible type or member 'PaymentAllocation.BillNumber' [/Users/kady/Masterdom/src/Masterdom.Modules.Payment/Masterdom.Modules.Payment.csproj]
/Users/kady/Masterdom/src/Masterdom.Modules.Payment/Domain/Entities/Payment/PaymentAllocation.cs(33,26): warning CS1591: Missing XML comment for publicly visible type or member 'PaymentAllocation.Amount' [/Users/kady/Masterdom/src/Masterdom.Modules.Payment/Masterdom.Modules.Payment.csproj]
/Users/kady/Masterdom/src/Masterdom.Modules.Payment/Domain/Entities/Payment/PaymentAllocation.cs(35,21): warning CS1591: Missing XML comment for publicly visible type or member 'PaymentAllocation.DueDate' [/Users/kady/Masterdom/src/Masterdom.Modules.Payment/Masterdom.Modules.Payment.csproj]
/Users/kady/Masterdom/src/Masterdom.Modules.Payment/Domain/Entities/Payment/PaymentAllocation.cs(37,21): warning CS1591: Missing XML comment for publicly visible type or member 'PaymentAllocation.AllocatedAtUtc' [/Users/kady/Masterdom/src/Masterdom.Modules.Payment/Masterdom.Modules.Payment.csproj]
/Users/kady/Masterdom/src/Masterdom.Modules.Payment/Domain/Entities/Payment/PaymentAllocation.cs(39,17): warning CS1591: Missing XML comment for publicly visible type or member 'PaymentAllocation.IsReversed' [/Users/kady/Masterdom/src/Masterdom.Modules.Payment/Masterdom.Modules.Payment.csproj]
/Users/kady/Masterdom/src/Masterdom.Modules.Payment/Domain/Entities/Payment/PaymentAllocation.cs(41,22): warning CS1591: Missing XML comment for publicly visible type or member 'PaymentAllocation.ReversedAtUtc' [/Users/kady/Masterdom/src/Masterdom.Modules.Payment/Masterdom.Modules.Payment.csproj]
/Users/kady/Masterdom/src/Masterdom.Modules.Payment/Domain/Entities/Payment/PaymentAllocation.cs(43,20): warning CS1591: Missing XML comment for publicly visible type or member 'PaymentAllocation.ReversalReason' [/Users/kady/Masterdom/src/Masterdom.Modules.Payment/Masterdom.Modules.Payment.csproj]
/Users/kady/Masterdom/src/Masterdom.Modules.Payment/Domain/Entities/Payment/PaymentAllocation.cs(45,37): warning CS1591: Missing XML comment for publicly visible type or member 'PaymentAllocation.Create(Guid, string, PaymentAmount, DateOnly, DateTime)' [/Users/kady/Masterdom/src/Masterdom.Modules.Payment/Masterdom.Modules.Payment.csproj]
/Users/kady/Masterdom/src/Masterdom.Modules.Payment/Domain/Entities/Payment/PaymentAllocation.cs(77,30): warning CS1591: Missing XML comment for publicly visible type or member 'PaymentAllocation.Reverse(string, DateTime)' [/Users/kady/Masterdom/src/Masterdom.Modules.Payment/Masterdom.Modules.Payment.csproj]
/Users/kady/Masterdom/src/Masterdom.Modules.Payment/Domain/Entities/Payment/PaymentAmount.cs(5,21): warning CS1591: Missing XML comment for publicly visible type or member 'PaymentAmount' [/Users/kady/Masterdom/src/Masterdom.Modules.Payment/Masterdom.Modules.Payment.csproj]
/Users/kady/Masterdom/src/Masterdom.Modules.Payment/Domain/Entities/Payment/PaymentAmount.cs(12,20): warning CS1591: Missing XML comment for publicly visible type or member 'PaymentAmount.Value' [/Users/kady/Masterdom/src/Masterdom.Modules.Payment/Masterdom.Modules.Payment.csproj]
/Users/kady/Masterdom/src/Masterdom.Modules.Payment/Domain/Entities/Payment/PaymentAmount.cs(14,33): warning CS1591: Missing XML comment for publicly visible type or member 'PaymentAmount.Create(decimal)' [/Users/kady/Masterdom/src/Masterdom.Modules.Payment/Masterdom.Modules.Payment.csproj]
/Users/kady/Masterdom/src/Masterdom.Modules.Payment/Domain/Entities/Payment/PaymentAmount.cs(24,33): warning CS1591: Missing XML comment for publicly visible type or member 'PaymentAmount.Zero()' [/Users/kady/Masterdom/src/Masterdom.Modules.Payment/Masterdom.Modules.Payment.csproj]
/Users/kady/Masterdom/src/Masterdom.Modules.Payment/Domain/Entities/Payment/PaymentAmount.cs(29,26): warning CS1591: Missing XML comment for publicly visible type or member 'PaymentAmount.Add(PaymentAmount)' [/Users/kady/Masterdom/src/Masterdom.Modules.Payment/Masterdom.Modules.Payment.csproj]
/Users/kady/Masterdom/src/Masterdom.Modules.Payment/Domain/Entities/Payment/PaymentAmount.cs(35,26): warning CS1591: Missing XML comment for publicly visible type or member 'PaymentAmount.Subtract(PaymentAmount)' [/Users/kady/Masterdom/src/Masterdom.Modules.Payment/Masterdom.Modules.Payment.csproj]
/Users/kady/Masterdom/src/Masterdom.Modules.Payment/Domain/Entities/Payment/PaymentAmount.cs(48,45): warning CS1591: Missing XML comment for publicly visible type or member 'PaymentAmount.GetEqualityComponents()' [/Users/kady/Masterdom/src/Masterdom.Modules.Payment/Masterdom.Modules.Payment.csproj]
/Users/kady/Masterdom/src/Masterdom.Modules.Payment/Domain/Entities/Payment/PaymentChannel.cs(5,21): warning CS1591: Missing XML comment for publicly visible type or member 'PaymentChannel' [/Users/kady/Masterdom/src/Masterdom.Modules.Payment/Masterdom.Modules.Payment.csproj]
/Users/kady/Masterdom/src/Masterdom.Modules.Payment/Domain/Entities/Payment/PaymentChannel.cs(7,43): warning CS1591: Missing XML comment for publicly visible type or member 'PaymentChannel.Counter' [/Users/kady/Masterdom/src/Masterdom.Modules.Payment/Masterdom.Modules.Payment.csproj]
/Users/kady/Masterdom/src/Masterdom.Modules.Payment/Domain/Entities/Payment/PaymentChannel.cs(8,43): warning CS1591: Missing XML comment for publicly visible type or member 'PaymentChannel.Import' [/Users/kady/Masterdom/src/Masterdom.Modules.Payment/Masterdom.Modules.Payment.csproj]
/Users/kady/Masterdom/src/Masterdom.Modules.Payment/Domain/Entities/Payment/PaymentChannel.cs(9,43): warning CS1591: Missing XML comment for publicly visible type or member 'PaymentChannel.Portal' [/Users/kady/Masterdom/src/Masterdom.Modules.Payment/Masterdom.Modules.Payment.csproj]
/Users/kady/Masterdom/src/Masterdom.Modules.Payment/Domain/Entities/Payment/PaymentChannel.cs(10,43): warning CS1591: Missing XML comment for publicly visible type or member 'PaymentChannel.Adjustment' [/Users/kady/Masterdom/src/Masterdom.Modules.Payment/Masterdom.Modules.Payment.csproj]
/Users/kady/Masterdom/src/Masterdom.Modules.Payment/Domain/Entities/Payment/PaymentChannel.cs(17,19): warning CS1591: Missing XML comment for publicly visible type or member 'PaymentChannel.Value' [/Users/kady/Masterdom/src/Masterdom.Modules.Payment/Masterdom.Modules.Payment.csproj]
/Users/kady/Masterdom/src/Masterdom.Modules.Payment/Domain/Entities/Payment/PaymentChannel.cs(19,34): warning CS1591: Missing XML comment for publicly visible type or member 'PaymentChannel.Create(string)' [/Users/kady/Masterdom/src/Masterdom.Modules.Payment/Masterdom.Modules.Payment.csproj]
/Users/kady/Masterdom/src/Masterdom.Modules.Payment/Domain/Entities/Payment/PaymentChannel.cs(33,45): warning CS1591: Missing XML comment for publicly visible type or member 'PaymentChannel.GetEqualityComponents()' [/Users/kady/Masterdom/src/Masterdom.Modules.Payment/Masterdom.Modules.Payment.csproj]
/Users/kady/Masterdom/src/Masterdom.Modules.Payment/Domain/Entities/Payment/PaymentDate.cs(5,21): warning CS1591: Missing XML comment for publicly visible type or member 'PaymentDate' [/Users/kady/Masterdom/src/Masterdom.Modules.Payment/Masterdom.Modules.Payment.csproj]
/Users/kady/Masterdom/src/Masterdom.Modules.Payment/Domain/Entities/Payment/PaymentDate.cs(12,21): warning CS1591: Missing XML comment for publicly visible type or member 'PaymentDate.Value' [/Users/kady/Masterdom/src/Masterdom.Modules.Payment/Masterdom.Modules.Payment.csproj]
/Users/kady/Masterdom/src/Masterdom.Modules.Payment/Domain/Entities/Payment/PaymentDate.cs(14,31): warning CS1591: Missing XML comment for publicly visible type or member 'PaymentDate.Create(DateOnly)' [/Users/kady/Masterdom/src/Masterdom.Modules.Payment/Masterdom.Modules.Payment.csproj]
/Users/kady/Masterdom/src/Masterdom.Modules.Payment/Domain/Entities/Payment/PaymentDate.cs(19,45): warning CS1591: Missing XML comment for publicly visible type or member 'PaymentDate.GetEqualityComponents()' [/Users/kady/Masterdom/src/Masterdom.Modules.Payment/Masterdom.Modules.Payment.csproj]
/Users/kady/Masterdom/src/Masterdom.Modules.Payment/Domain/Entities/Payment/PaymentId.cs(5,22): warning CS1591: Missing XML comment for publicly visible type or member 'PaymentId' [/Users/kady/Masterdom/src/Masterdom.Modules.Payment/Masterdom.Modules.Payment.csproj]
/Users/kady/Masterdom/src/Masterdom.Modules.Payment/Domain/Entities/Payment/PaymentId.cs(5,22): warning CS1591: Missing XML comment for publicly visible type or member 'PaymentId.PaymentId(Guid)' [/Users/kady/Masterdom/src/Masterdom.Modules.Payment/Masterdom.Modules.Payment.csproj]
/Users/kady/Masterdom/src/Masterdom.Modules.Payment/Domain/Entities/Payment/PaymentId.cs(7,29): warning CS1591: Missing XML comment for publicly visible type or member 'PaymentId.New()' [/Users/kady/Masterdom/src/Masterdom.Modules.Payment/Masterdom.Modules.Payment.csproj]
/Users/kady/Masterdom/src/Masterdom.Modules.Payment/Domain/Entities/Payment/PaymentId.cs(12,29): warning CS1591: Missing XML comment for publicly visible type or member 'PaymentId.From(Guid)' [/Users/kady/Masterdom/src/Masterdom.Modules.Payment/Masterdom.Modules.Payment.csproj]
/Users/kady/Masterdom/src/Masterdom.Modules.Payment/Domain/Entities/Payment/PaymentMethod.cs(5,21): warning CS1591: Missing XML comment for publicly visible type or member 'PaymentMethod' [/Users/kady/Masterdom/src/Masterdom.Modules.Payment/Masterdom.Modules.Payment.csproj]
/Users/kady/Masterdom/src/Masterdom.Modules.Payment/Domain/Entities/Payment/PaymentMethod.cs(7,42): warning CS1591: Missing XML comment for publicly visible type or member 'PaymentMethod.Cash' [/Users/kady/Masterdom/src/Masterdom.Modules.Payment/Masterdom.Modules.Payment.csproj]
/Users/kady/Masterdom/src/Masterdom.Modules.Payment/Domain/Entities/Payment/PaymentMethod.cs(8,42): warning CS1591: Missing XML comment for publicly visible type or member 'PaymentMethod.BankTransfer' [/Users/kady/Masterdom/src/Masterdom.Modules.Payment/Masterdom.Modules.Payment.csproj]
/Users/kady/Masterdom/src/Masterdom.Modules.Payment/Domain/Entities/Payment/PaymentMethod.cs(9,42): warning CS1591: Missing XML comment for publicly visible type or member 'PaymentMethod.Check' [/Users/kady/Masterdom/src/Masterdom.Modules.Payment/Masterdom.Modules.Payment.csproj]
/Users/kady/Masterdom/src/Masterdom.Modules.Payment/Domain/Entities/Payment/PaymentMethod.cs(10,42): warning CS1591: Missing XML comment for publicly visible type or member 'PaymentMethod.Card' [/Users/kady/Masterdom/src/Masterdom.Modules.Payment/Masterdom.Modules.Payment.csproj]
/Users/kady/Masterdom/src/Masterdom.Modules.Payment/Domain/Entities/Payment/PaymentMethod.cs(11,42): warning CS1591: Missing XML comment for publicly visible type or member 'PaymentMethod.Manual' [/Users/kady/Masterdom/src/Masterdom.Modules.Payment/Masterdom.Modules.Payment.csproj]
/Users/kady/Masterdom/src/Masterdom.Modules.Payment/Domain/Entities/Payment/PaymentMethod.cs(18,19): warning CS1591: Missing XML comment for publicly visible type or member 'PaymentMethod.Value' [/Users/kady/Masterdom/src/Masterdom.Modules.Payment/Masterdom.Modules.Payment.csproj]
/Users/kady/Masterdom/src/Masterdom.Modules.Payment/Domain/Entities/Payment/PaymentMethod.cs(20,33): warning CS1591: Missing XML comment for publicly visible type or member 'PaymentMethod.Create(string)' [/Users/kady/Masterdom/src/Masterdom.Modules.Payment/Masterdom.Modules.Payment.csproj]
/Users/kady/Masterdom/src/Masterdom.Modules.Payment/Domain/Entities/Payment/PaymentMethod.cs(35,45): warning CS1591: Missing XML comment for publicly visible type or member 'PaymentMethod.GetEqualityComponents()' [/Users/kady/Masterdom/src/Masterdom.Modules.Payment/Masterdom.Modules.Payment.csproj]
/Users/kady/Masterdom/src/Masterdom.Modules.Payment/Domain/Entities/Payment/PaymentReceipt.cs(3,21): warning CS1591: Missing XML comment for publicly visible type or member 'PaymentReceipt' [/Users/kady/Masterdom/src/Masterdom.Modules.Payment/Masterdom.Modules.Payment.csproj]
/Users/kady/Masterdom/src/Masterdom.Modules.Payment/Domain/Entities/Payment/PaymentReceipt.cs(21,17): warning CS1591: Missing XML comment for publicly visible type or member 'PaymentReceipt.ReceiptId' [/Users/kady/Masterdom/src/Masterdom.Modules.Payment/Masterdom.Modules.Payment.csproj]
/Users/kady/Masterdom/src/Masterdom.Modules.Payment/Domain/Entities/Payment/PaymentReceipt.cs(23,19): warning CS1591: Missing XML comment for publicly visible type or member 'PaymentReceipt.ReceiptNumber' [/Users/kady/Masterdom/src/Masterdom.Modules.Payment/Masterdom.Modules.Payment.csproj]
/Users/kady/Masterdom/src/Masterdom.Modules.Payment/Domain/Entities/Payment/PaymentReceipt.cs(25,16): warning CS1591: Missing XML comment for publicly visible type or member 'PaymentReceipt.VersionNumber' [/Users/kady/Masterdom/src/Masterdom.Modules.Payment/Masterdom.Modules.Payment.csproj]
/Users/kady/Masterdom/src/Masterdom.Modules.Payment/Domain/Entities/Payment/PaymentReceipt.cs(27,26): warning CS1591: Missing XML comment for publicly visible type or member 'PaymentReceipt.Amount' [/Users/kady/Masterdom/src/Masterdom.Modules.Payment/Masterdom.Modules.Payment.csproj]
/Users/kady/Masterdom/src/Masterdom.Modules.Payment/Domain/Entities/Payment/PaymentReceipt.cs(29,26): warning CS1591: Missing XML comment for publicly visible type or member 'PaymentReceipt.PaymentStatus' [/Users/kady/Masterdom/src/Masterdom.Modules.Payment/Masterdom.Modules.Payment.csproj]
/Users/kady/Masterdom/src/Masterdom.Modules.Payment/Domain/Entities/Payment/PaymentReceipt.cs(31,21): warning CS1591: Missing XML comment for publicly visible type or member 'PaymentReceipt.IssuedAtUtc' [/Users/kady/Masterdom/src/Masterdom.Modules.Payment/Masterdom.Modules.Payment.csproj]
/Users/kady/Masterdom/src/Masterdom.Modules.Payment/Domain/Entities/Payment/PaymentReceipt.cs(33,34): warning CS1591: Missing XML comment for publicly visible type or member 'PaymentReceipt.Generate(int, PaymentAmount, PaymentStatus, DateTime)' [/Users/kady/Masterdom/src/Masterdom.Modules.Payment/Masterdom.Modules.Payment.csproj]
/Users/kady/Masterdom/src/Masterdom.Modules.Payment/Domain/Entities/Payment/PaymentReference.cs(5,21): warning CS1591: Missing XML comment for publicly visible type or member 'PaymentReference' [/Users/kady/Masterdom/src/Masterdom.Modules.Payment/Masterdom.Modules.Payment.csproj]
/Users/kady/Masterdom/src/Masterdom.Modules.Payment/Domain/Entities/Payment/PaymentReference.cs(12,19): warning CS1591: Missing XML comment for publicly visible type or member 'PaymentReference.Value' [/Users/kady/Masterdom/src/Masterdom.Modules.Payment/Masterdom.Modules.Payment.csproj]
/Users/kady/Masterdom/src/Masterdom.Modules.Payment/Domain/Entities/Payment/PaymentReference.cs(14,36): warning CS1591: Missing XML comment for publicly visible type or member 'PaymentReference.Create(string)' [/Users/kady/Masterdom/src/Masterdom.Modules.Payment/Masterdom.Modules.Payment.csproj]
/Users/kady/Masterdom/src/Masterdom.Modules.Payment/Domain/Entities/Payment/PaymentReference.cs(20,45): warning CS1591: Missing XML comment for publicly visible type or member 'PaymentReference.GetEqualityComponents()' [/Users/kady/Masterdom/src/Masterdom.Modules.Payment/Masterdom.Modules.Payment.csproj]
/Users/kady/Masterdom/src/Masterdom.Modules.Payment/Domain/Entities/Payment/PaymentSnapshot.cs(3,21): warning CS1591: Missing XML comment for publicly visible type or member 'PaymentSnapshot' [/Users/kady/Masterdom/src/Masterdom.Modules.Payment/Masterdom.Modules.Payment.csproj]
/Users/kady/Masterdom/src/Masterdom.Modules.Payment/Domain/Entities/Payment/PaymentSnapshot.cs(27,17): warning CS1591: Missing XML comment for publicly visible type or member 'PaymentSnapshot.SnapshotId' [/Users/kady/Masterdom/src/Masterdom.Modules.Payment/Masterdom.Modules.Payment.csproj]
/Users/kady/Masterdom/src/Masterdom.Modules.Payment/Domain/Entities/Payment/PaymentSnapshot.cs(29,16): warning CS1591: Missing XML comment for publicly visible type or member 'PaymentSnapshot.VersionNumber' [/Users/kady/Masterdom/src/Masterdom.Modules.Payment/Masterdom.Modules.Payment.csproj]
/Users/kady/Masterdom/src/Masterdom.Modules.Payment/Domain/Entities/Payment/PaymentSnapshot.cs(31,26): warning CS1591: Missing XML comment for publicly visible type or member 'PaymentSnapshot.PaymentStatus' [/Users/kady/Masterdom/src/Masterdom.Modules.Payment/Masterdom.Modules.Payment.csproj]
/Users/kady/Masterdom/src/Masterdom.Modules.Payment/Domain/Entities/Payment/PaymentSnapshot.cs(33,26): warning CS1591: Missing XML comment for publicly visible type or member 'PaymentSnapshot.PaymentAmount' [/Users/kady/Masterdom/src/Masterdom.Modules.Payment/Masterdom.Modules.Payment.csproj]
/Users/kady/Masterdom/src/Masterdom.Modules.Payment/Domain/Entities/Payment/PaymentSnapshot.cs(35,26): warning CS1591: Missing XML comment for publicly visible type or member 'PaymentSnapshot.AllocatedAmount' [/Users/kady/Masterdom/src/Masterdom.Modules.Payment/Masterdom.Modules.Payment.csproj]
/Users/kady/Masterdom/src/Masterdom.Modules.Payment/Domain/Entities/Payment/PaymentSnapshot.cs(37,26): warning CS1591: Missing XML comment for publicly visible type or member 'PaymentSnapshot.UnallocatedAmount' [/Users/kady/Masterdom/src/Masterdom.Modules.Payment/Masterdom.Modules.Payment.csproj]
/Users/kady/Masterdom/src/Masterdom.Modules.Payment/Domain/Entities/Payment/PaymentSnapshot.cs(39,45): warning CS1591: Missing XML comment for publicly visible type or member 'PaymentSnapshot.Allocations' [/Users/kady/Masterdom/src/Masterdom.Modules.Payment/Masterdom.Modules.Payment.csproj]
/Users/kady/Masterdom/src/Masterdom.Modules.Payment/Domain/Entities/Payment/PaymentSnapshot.cs(41,19): warning CS1591: Missing XML comment for publicly visible type or member 'PaymentSnapshot.ReceiptNumber' [/Users/kady/Masterdom/src/Masterdom.Modules.Payment/Masterdom.Modules.Payment.csproj]
/Users/kady/Masterdom/src/Masterdom.Modules.Payment/Domain/Entities/Payment/PaymentSnapshot.cs(43,21): warning CS1591: Missing XML comment for publicly visible type or member 'PaymentSnapshot.CapturedAtUtc' [/Users/kady/Masterdom/src/Masterdom.Modules.Payment/Masterdom.Modules.Payment.csproj]
/Users/kady/Masterdom/src/Masterdom.Modules.Payment/Domain/Entities/Payment/PaymentSnapshot.cs(45,35): warning CS1591: Missing XML comment for publicly visible type or member 'PaymentSnapshot.Capture(int, PaymentStatus, PaymentAmount, PaymentAmount, PaymentAmount, IReadOnlyList<PaymentAllocation>, string, DateTime)' [/Users/kady/Masterdom/src/Masterdom.Modules.Payment/Masterdom.Modules.Payment.csproj]
/Users/kady/Masterdom/src/Masterdom.Modules.Payment/Domain/Entities/Payment/PaymentSource.cs(5,21): warning CS1591: Missing XML comment for publicly visible type or member 'PaymentSource' [/Users/kady/Masterdom/src/Masterdom.Modules.Payment/Masterdom.Modules.Payment.csproj]
/Users/kady/Masterdom/src/Masterdom.Modules.Payment/Domain/Entities/Payment/PaymentSource.cs(7,42): warning CS1591: Missing XML comment for publicly visible type or member 'PaymentSource.Tenant' [/Users/kady/Masterdom/src/Masterdom.Modules.Payment/Masterdom.Modules.Payment.csproj]
/Users/kady/Masterdom/src/Masterdom.Modules.Payment/Domain/Entities/Payment/PaymentSource.cs(8,42): warning CS1591: Missing XML comment for publicly visible type or member 'PaymentSource.Landlord' [/Users/kady/Masterdom/src/Masterdom.Modules.Payment/Masterdom.Modules.Payment.csproj]
/Users/kady/Masterdom/src/Masterdom.Modules.Payment/Domain/Entities/Payment/PaymentSource.cs(9,42): warning CS1591: Missing XML comment for publicly visible type or member 'PaymentSource.Agency' [/Users/kady/Masterdom/src/Masterdom.Modules.Payment/Masterdom.Modules.Payment.csproj]
/Users/kady/Masterdom/src/Masterdom.Modules.Payment/Domain/Entities/Payment/PaymentSource.cs(10,42): warning CS1591: Missing XML comment for publicly visible type or member 'PaymentSource.SystemCorrection' [/Users/kady/Masterdom/src/Masterdom.Modules.Payment/Masterdom.Modules.Payment.csproj]
/Users/kady/Masterdom/src/Masterdom.Modules.Payment/Domain/Entities/Payment/PaymentSource.cs(17,19): warning CS1591: Missing XML comment for publicly visible type or member 'PaymentSource.Value' [/Users/kady/Masterdom/src/Masterdom.Modules.Payment/Masterdom.Modules.Payment.csproj]
/Users/kady/Masterdom/src/Masterdom.Modules.Payment/Domain/Entities/Payment/PaymentSource.cs(19,33): warning CS1591: Missing XML comment for publicly visible type or member 'PaymentSource.Create(string)' [/Users/kady/Masterdom/src/Masterdom.Modules.Payment/Masterdom.Modules.Payment.csproj]
/Users/kady/Masterdom/src/Masterdom.Modules.Payment/Domain/Entities/Payment/PaymentSource.cs(33,45): warning CS1591: Missing XML comment for publicly visible type or member 'PaymentSource.GetEqualityComponents()' [/Users/kady/Masterdom/src/Masterdom.Modules.Payment/Masterdom.Modules.Payment.csproj]
/Users/kady/Masterdom/src/Masterdom.Modules.Payment/Domain/Entities/Payment/PaymentStatus.cs(5,21): warning CS1591: Missing XML comment for publicly visible type or member 'PaymentStatus' [/Users/kady/Masterdom/src/Masterdom.Modules.Payment/Masterdom.Modules.Payment.csproj]
/Users/kady/Masterdom/src/Masterdom.Modules.Payment/Domain/Entities/Payment/PaymentStatus.cs(7,42): warning CS1591: Missing XML comment for publicly visible type or member 'PaymentStatus.Received' [/Users/kady/Masterdom/src/Masterdom.Modules.Payment/Masterdom.Modules.Payment.csproj]
/Users/kady/Masterdom/src/Masterdom.Modules.Payment/Domain/Entities/Payment/PaymentStatus.cs(8,42): warning CS1591: Missing XML comment for publicly visible type or member 'PaymentStatus.PartiallyAllocated' [/Users/kady/Masterdom/src/Masterdom.Modules.Payment/Masterdom.Modules.Payment.csproj]
/Users/kady/Masterdom/src/Masterdom.Modules.Payment/Domain/Entities/Payment/PaymentStatus.cs(9,42): warning CS1591: Missing XML comment for publicly visible type or member 'PaymentStatus.Allocated' [/Users/kady/Masterdom/src/Masterdom.Modules.Payment/Masterdom.Modules.Payment.csproj]
/Users/kady/Masterdom/src/Masterdom.Modules.Payment/Domain/Entities/Payment/PaymentStatus.cs(10,42): warning CS1591: Missing XML comment for publicly visible type or member 'PaymentStatus.Reversed' [/Users/kady/Masterdom/src/Masterdom.Modules.Payment/Masterdom.Modules.Payment.csproj]
/Users/kady/Masterdom/src/Masterdom.Modules.Payment/Domain/Entities/Payment/PaymentStatus.cs(11,42): warning CS1591: Missing XML comment for publicly visible type or member 'PaymentStatus.Voided' [/Users/kady/Masterdom/src/Masterdom.Modules.Payment/Masterdom.Modules.Payment.csproj]
/Users/kady/Masterdom/src/Masterdom.Modules.Payment/Domain/Entities/Payment/PaymentStatus.cs(18,19): warning CS1591: Missing XML comment for publicly visible type or member 'PaymentStatus.Value' [/Users/kady/Masterdom/src/Masterdom.Modules.Payment/Masterdom.Modules.Payment.csproj]
/Users/kady/Masterdom/src/Masterdom.Modules.Payment/Domain/Entities/Payment/PaymentStatus.cs(20,33): warning CS1591: Missing XML comment for publicly visible type or member 'PaymentStatus.Create(string)' [/Users/kady/Masterdom/src/Masterdom.Modules.Payment/Masterdom.Modules.Payment.csproj]
/Users/kady/Masterdom/src/Masterdom.Modules.Payment/Domain/Entities/Payment/PaymentStatus.cs(35,45): warning CS1591: Missing XML comment for publicly visible type or member 'PaymentStatus.GetEqualityComponents()' [/Users/kady/Masterdom/src/Masterdom.Modules.Payment/Masterdom.Modules.Payment.csproj]
/Users/kady/Masterdom/src/Masterdom.Modules.Payment/Domain/Entities/Payment/PaymentVersion.cs(3,21): warning CS1591: Missing XML comment for publicly visible type or member 'PaymentVersion' [/Users/kady/Masterdom/src/Masterdom.Modules.Payment/Masterdom.Modules.Payment.csproj]
/Users/kady/Masterdom/src/Masterdom.Modules.Payment/Domain/Entities/Payment/PaymentVersion.cs(19,16): warning CS1591: Missing XML comment for publicly visible type or member 'PaymentVersion.VersionNumber' [/Users/kady/Masterdom/src/Masterdom.Modules.Payment/Masterdom.Modules.Payment.csproj]
/Users/kady/Masterdom/src/Masterdom.Modules.Payment/Domain/Entities/Payment/PaymentVersion.cs(21,26): warning CS1591: Missing XML comment for publicly visible type or member 'PaymentVersion.PaymentAmount' [/Users/kady/Masterdom/src/Masterdom.Modules.Payment/Masterdom.Modules.Payment.csproj]
/Users/kady/Masterdom/src/Masterdom.Modules.Payment/Domain/Entities/Payment/PaymentVersion.cs(23,26): warning CS1591: Missing XML comment for publicly visible type or member 'PaymentVersion.PaymentStatus' [/Users/kady/Masterdom/src/Masterdom.Modules.Payment/Masterdom.Modules.Payment.csproj]
/Users/kady/Masterdom/src/Masterdom.Modules.Payment/Domain/Entities/Payment/PaymentVersion.cs(25,19): warning CS1591: Missing XML comment for publicly visible type or member 'PaymentVersion.ChangeReason' [/Users/kady/Masterdom/src/Masterdom.Modules.Payment/Masterdom.Modules.Payment.csproj]
/Users/kady/Masterdom/src/Masterdom.Modules.Payment/Domain/Entities/Payment/PaymentVersion.cs(27,21): warning CS1591: Missing XML comment for publicly visible type or member 'PaymentVersion.CreatedAtUtc' [/Users/kady/Masterdom/src/Masterdom.Modules.Payment/Masterdom.Modules.Payment.csproj]
/Users/kady/Masterdom/src/Masterdom.Modules.Payment/Domain/Entities/Payment/PaymentVersion.cs(29,34): warning CS1591: Missing XML comment for publicly visible type or member 'PaymentVersion.Create(int, PaymentAmount, PaymentStatus, string, DateTime)' [/Users/kady/Masterdom/src/Masterdom.Modules.Payment/Masterdom.Modules.Payment.csproj]
/Users/kady/Masterdom/src/Masterdom.Modules.Payment/Domain/Repositories/IPaymentRepository.cs(6,18): warning CS1591: Missing XML comment for publicly visible type or member 'IPaymentRepository' [/Users/kady/Masterdom/src/Masterdom.Modules.Payment/Masterdom.Modules.Payment.csproj]
/Users/kady/Masterdom/src/Masterdom.Modules.Payment/Domain/Repositories/IPaymentRepository.cs(8,10): warning CS1591: Missing XML comment for publicly visible type or member 'IPaymentRepository.Add(Payment)' [/Users/kady/Masterdom/src/Masterdom.Modules.Payment/Masterdom.Modules.Payment.csproj]
/Users/kady/Masterdom/src/Masterdom.Modules.Payment/Domain/Repositories/IPaymentRepository.cs(10,10): warning CS1591: Missing XML comment for publicly visible type or member 'IPaymentRepository.Update(Payment)' [/Users/kady/Masterdom/src/Masterdom.Modules.Payment/Masterdom.Modules.Payment.csproj]
/Users/kady/Masterdom/src/Masterdom.Modules.Payment/Domain/Repositories/IPaymentRepository.cs(12,23): warning CS1591: Missing XML comment for publicly visible type or member 'IPaymentRepository.GetById(PaymentId)' [/Users/kady/Masterdom/src/Masterdom.Modules.Payment/Masterdom.Modules.Payment.csproj]
/Users/kady/Masterdom/src/Masterdom.Modules.Payment/Domain/Repositories/IPaymentRepository.cs(14,23): warning CS1591: Missing XML comment for publicly visible type or member 'IPaymentRepository.GetByReference(PaymentReference)' [/Users/kady/Masterdom/src/Masterdom.Modules.Payment/Masterdom.Modules.Payment.csproj]
/Users/kady/Masterdom/src/Masterdom.Modules.Metering/Application/Support/ExecutionResult.cs(48,38): warning CS0108: 'ExecutionResult<T>.Failure(string, string)' hides inherited member 'ExecutionResult.Failure(string, string)'. Use the new keyword if hiding was intended. [/Users/kady/Masterdom/src/Masterdom.Modules.Metering/Masterdom.Modules.Metering.csproj]
/Users/kady/Masterdom/src/Masterdom.Modules.Metering/Application/Commands/ApproveReadingCommand.cs(5,22): warning CS1591: Missing XML comment for publicly visible type or member 'ApproveReadingCommand' [/Users/kady/Masterdom/src/Masterdom.Modules.Metering/Masterdom.Modules.Metering.csproj]
/Users/kady/Masterdom/src/Masterdom.Modules.Metering/Application/Commands/ApproveReadingCommand.cs(5,22): warning CS1591: Missing XML comment for publicly visible type or member 'ApproveReadingCommand.ApproveReadingCommand(MeterId, Guid, ReviewedBy, ReviewDate)' [/Users/kady/Masterdom/src/Masterdom.Modules.Metering/Masterdom.Modules.Metering.csproj]
/Users/kady/Masterdom/src/Masterdom.Modules.Metering/Application/Commands/ApproveReadingCommand.cs(6,13): warning CS1591: Missing XML comment for publicly visible type or member 'ApproveReadingCommand.MeterId' [/Users/kady/Masterdom/src/Masterdom.Modules.Metering/Masterdom.Modules.Metering.csproj]
/Users/kady/Masterdom/src/Masterdom.Modules.Metering/Application/Commands/ApproveReadingCommand.cs(7,10): warning CS1591: Missing XML comment for publicly visible type or member 'ApproveReadingCommand.ReadingId' [/Users/kady/Masterdom/src/Masterdom.Modules.Metering/Masterdom.Modules.Metering.csproj]
/Users/kady/Masterdom/src/Masterdom.Modules.Metering/Application/Commands/ApproveReadingCommand.cs(8,16): warning CS1591: Missing XML comment for publicly visible type or member 'ApproveReadingCommand.ReviewedBy' [/Users/kady/Masterdom/src/Masterdom.Modules.Metering/Masterdom.Modules.Metering.csproj]
/Users/kady/Masterdom/src/Masterdom.Modules.Metering/Application/Commands/ApproveReadingCommand.cs(9,16): warning CS1591: Missing XML comment for publicly visible type or member 'ApproveReadingCommand.ReviewDate' [/Users/kady/Masterdom/src/Masterdom.Modules.Metering/Masterdom.Modules.Metering.csproj]
/Users/kady/Masterdom/src/Masterdom.Modules.Metering/Application/Commands/CorrectReadingCommand.cs(5,22): warning CS1591: Missing XML comment for publicly visible type or member 'CorrectReadingCommand' [/Users/kady/Masterdom/src/Masterdom.Modules.Metering/Masterdom.Modules.Metering.csproj]
/Users/kady/Masterdom/src/Masterdom.Modules.Metering/Application/Commands/CorrectReadingCommand.cs(5,22): warning CS1591: Missing XML comment for publicly visible type or member 'CorrectReadingCommand.CorrectReadingCommand(MeterId, Guid, ReadingValue, string, SubmittedBy, DateTime)' [/Users/kady/Masterdom/src/Masterdom.Modules.Metering/Masterdom.Modules.Metering.csproj]
/Users/kady/Masterdom/src/Masterdom.Modules.Metering/Application/Commands/CorrectReadingCommand.cs(6,13): warning CS1591: Missing XML comment for publicly visible type or member 'CorrectReadingCommand.MeterId' [/Users/kady/Masterdom/src/Masterdom.Modules.Metering/Masterdom.Modules.Metering.csproj]
/Users/kady/Masterdom/src/Masterdom.Modules.Metering/Application/Commands/CorrectReadingCommand.cs(7,10): warning CS1591: Missing XML comment for publicly visible type or member 'CorrectReadingCommand.ReadingId' [/Users/kady/Masterdom/src/Masterdom.Modules.Metering/Masterdom.Modules.Metering.csproj]
/Users/kady/Masterdom/src/Masterdom.Modules.Metering/Application/Commands/CorrectReadingCommand.cs(8,18): warning CS1591: Missing XML comment for publicly visible type or member 'CorrectReadingCommand.CorrectedValue' [/Users/kady/Masterdom/src/Masterdom.Modules.Metering/Masterdom.Modules.Metering.csproj]
/Users/kady/Masterdom/src/Masterdom.Modules.Metering/Application/Commands/CorrectReadingCommand.cs(9,12): warning CS1591: Missing XML comment for publicly visible type or member 'CorrectReadingCommand.Reason' [/Users/kady/Masterdom/src/Masterdom.Modules.Metering/Masterdom.Modules.Metering.csproj]
/Users/kady/Masterdom/src/Masterdom.Modules.Metering/Application/Commands/CorrectReadingCommand.cs(10,17): warning CS1591: Missing XML comment for publicly visible type or member 'CorrectReadingCommand.CorrectedBy' [/Users/kady/Masterdom/src/Masterdom.Modules.Metering/Masterdom.Modules.Metering.csproj]
/Users/kady/Masterdom/src/Masterdom.Modules.Metering/Application/Commands/CorrectReadingCommand.cs(11,14): warning CS1591: Missing XML comment for publicly visible type or member 'CorrectReadingCommand.CorrectedAtUtc' [/Users/kady/Masterdom/src/Masterdom.Modules.Metering/Masterdom.Modules.Metering.csproj]
/Users/kady/Masterdom/src/Masterdom.Modules.Metering/Application/Commands/InstallMeterCommand.cs(5,22): warning CS1591: Missing XML comment for publicly visible type or member 'InstallMeterCommand' [/Users/kady/Masterdom/src/Masterdom.Modules.Metering/Masterdom.Modules.Metering.csproj]
/Users/kady/Masterdom/src/Masterdom.Modules.Metering/Application/Commands/InstallMeterCommand.cs(5,22): warning CS1591: Missing XML comment for publicly visible type or member 'InstallMeterCommand.InstallMeterCommand(MeterNumber, MeterCategory, MeterType, MeterLocationReference, InstallationDate)' [/Users/kady/Masterdom/src/Masterdom.Modules.Metering/Masterdom.Modules.Metering.csproj]
/Users/kady/Masterdom/src/Masterdom.Modules.Metering/Application/Commands/InstallMeterCommand.cs(6,17): warning CS1591: Missing XML comment for publicly visible type or member 'InstallMeterCommand.MeterNumber' [/Users/kady/Masterdom/src/Masterdom.Modules.Metering/Masterdom.Modules.Metering.csproj]
/Users/kady/Masterdom/src/Masterdom.Modules.Metering/Application/Commands/InstallMeterCommand.cs(7,19): warning CS1591: Missing XML comment for publicly visible type or member 'InstallMeterCommand.MeterCategory' [/Users/kady/Masterdom/src/Masterdom.Modules.Metering/Masterdom.Modules.Metering.csproj]
/Users/kady/Masterdom/src/Masterdom.Modules.Metering/Application/Commands/InstallMeterCommand.cs(8,15): warning CS1591: Missing XML comment for publicly visible type or member 'InstallMeterCommand.MeterType' [/Users/kady/Masterdom/src/Masterdom.Modules.Metering/Masterdom.Modules.Metering.csproj]
/Users/kady/Masterdom/src/Masterdom.Modules.Metering/Application/Commands/InstallMeterCommand.cs(9,28): warning CS1591: Missing XML comment for publicly visible type or member 'InstallMeterCommand.MeterLocationReference' [/Users/kady/Masterdom/src/Masterdom.Modules.Metering/Masterdom.Modules.Metering.csproj]
/Users/kady/Masterdom/src/Masterdom.Modules.Metering/Application/Commands/InstallMeterCommand.cs(10,22): warning CS1591: Missing XML comment for publicly visible type or member 'InstallMeterCommand.InstallationDate' [/Users/kady/Masterdom/src/Masterdom.Modules.Metering/Masterdom.Modules.Metering.csproj]
/Users/kady/Masterdom/src/Masterdom.Modules.Metering/Application/Commands/RetireMeterCommand.cs(5,22): warning CS1591: Missing XML comment for publicly visible type or member 'RetireMeterCommand' [/Users/kady/Masterdom/src/Masterdom.Modules.Metering/Masterdom.Modules.Metering.csproj]
/Users/kady/Masterdom/src/Masterdom.Modules.Metering/Application/Commands/RetireMeterCommand.cs(5,22): warning CS1591: Missing XML comment for publicly visible type or member 'RetireMeterCommand.RetireMeterCommand(MeterId, RemovalDate)' [/Users/kady/Masterdom/src/Masterdom.Modules.Metering/Masterdom.Modules.Metering.csproj]
/Users/kady/Masterdom/src/Masterdom.Modules.Metering/Application/Commands/RetireMeterCommand.cs(5,49): warning CS1591: Missing XML comment for publicly visible type or member 'RetireMeterCommand.MeterId' [/Users/kady/Masterdom/src/Masterdom.Modules.Metering/Masterdom.Modules.Metering.csproj]
/Users/kady/Masterdom/src/Masterdom.Modules.Metering/Application/Commands/RetireMeterCommand.cs(5,70): warning CS1591: Missing XML comment for publicly visible type or member 'RetireMeterCommand.RemovalDate' [/Users/kady/Masterdom/src/Masterdom.Modules.Metering/Masterdom.Modules.Metering.csproj]
/Users/kady/Masterdom/src/Masterdom.Modules.Metering/Application/Commands/SubmitReadingCommand.cs(5,22): warning CS1591: Missing XML comment for publicly visible type or member 'SubmitReadingCommand' [/Users/kady/Masterdom/src/Masterdom.Modules.Metering/Masterdom.Modules.Metering.csproj]
/Users/kady/Masterdom/src/Masterdom.Modules.Metering/Application/Commands/SubmitReadingCommand.cs(5,22): warning CS1591: Missing XML comment for publicly visible type or member 'SubmitReadingCommand.SubmitReadingCommand(MeterId, ReadingDate, ReadingValue, ReadingSource, SubmittedBy, DateTime, bool, bool, ReadingNotes?)' [/Users/kady/Masterdom/src/Masterdom.Modules.Metering/Masterdom.Modules.Metering.csproj]
/Users/kady/Masterdom/src/Masterdom.Modules.Metering/Application/Commands/SubmitReadingCommand.cs(6,13): warning CS1591: Missing XML comment for publicly visible type or member 'SubmitReadingCommand.MeterId' [/Users/kady/Masterdom/src/Masterdom.Modules.Metering/Masterdom.Modules.Metering.csproj]
/Users/kady/Masterdom/src/Masterdom.Modules.Metering/Application/Commands/SubmitReadingCommand.cs(7,17): warning CS1591: Missing XML comment for publicly visible type or member 'SubmitReadingCommand.ReadingDate' [/Users/kady/Masterdom/src/Masterdom.Modules.Metering/Masterdom.Modules.Metering.csproj]
/Users/kady/Masterdom/src/Masterdom.Modules.Metering/Application/Commands/SubmitReadingCommand.cs(8,18): warning CS1591: Missing XML comment for publicly visible type or member 'SubmitReadingCommand.ReadingValue' [/Users/kady/Masterdom/src/Masterdom.Modules.Metering/Masterdom.Modules.Metering.csproj]
/Users/kady/Masterdom/src/Masterdom.Modules.Metering/Application/Commands/SubmitReadingCommand.cs(9,19): warning CS1591: Missing XML comment for publicly visible type or member 'SubmitReadingCommand.ReadingSource' [/Users/kady/Masterdom/src/Masterdom.Modules.Metering/Masterdom.Modules.Metering.csproj]
/Users/kady/Masterdom/src/Masterdom.Modules.Metering/Application/Commands/SubmitReadingCommand.cs(10,17): warning CS1591: Missing XML comment for publicly visible type or member 'SubmitReadingCommand.SubmittedBy' [/Users/kady/Masterdom/src/Masterdom.Modules.Metering/Masterdom.Modules.Metering.csproj]
/Users/kady/Masterdom/src/Masterdom.Modules.Metering/Application/Commands/SubmitReadingCommand.cs(11,14): warning CS1591: Missing XML comment for publicly visible type or member 'SubmitReadingCommand.SubmittedAtUtc' [/Users/kady/Masterdom/src/Masterdom.Modules.Metering/Masterdom.Modules.Metering.csproj]
/Users/kady/Masterdom/src/Masterdom.Modules.Metering/Application/Commands/SubmitReadingCommand.cs(12,10): warning CS1591: Missing XML comment for publicly visible type or member 'SubmitReadingCommand.AllowFutureReadings' [/Users/kady/Masterdom/src/Masterdom.Modules.Metering/Masterdom.Modules.Metering.csproj]
/Users/kady/Masterdom/src/Masterdom.Modules.Metering/Application/Commands/SubmitReadingCommand.cs(13,10): warning CS1591: Missing XML comment for publicly visible type or member 'SubmitReadingCommand.IsRollover' [/Users/kady/Masterdom/src/Masterdom.Modules.Metering/Masterdom.Modules.Metering.csproj]
/Users/kady/Masterdom/src/Masterdom.Modules.Metering/Application/Commands/SubmitReadingCommand.cs(14,19): warning CS1591: Missing XML comment for publicly visible type or member 'SubmitReadingCommand.ReadingNotes' [/Users/kady/Masterdom/src/Masterdom.Modules.Metering/Masterdom.Modules.Metering.csproj]
/Users/kady/Masterdom/src/Masterdom.Modules.Metering/Application/Handlers/Commands/ApproveReadingCommandHandler.cs(8,21): warning CS1591: Missing XML comment for publicly visible type or member 'ApproveReadingCommandHandler' [/Users/kady/Masterdom/src/Masterdom.Modules.Metering/Masterdom.Modules.Metering.csproj]
/Users/kady/Masterdom/src/Masterdom.Modules.Metering/Application/Handlers/Commands/ApproveReadingCommandHandler.cs(12,12): warning CS1591: Missing XML comment for publicly visible type or member 'ApproveReadingCommandHandler.ApproveReadingCommandHandler(IMeteringApplicationService)' [/Users/kady/Masterdom/src/Masterdom.Modules.Metering/Masterdom.Modules.Metering.csproj]
/Users/kady/Masterdom/src/Masterdom.Modules.Metering/Application/Handlers/Commands/ApproveReadingCommandHandler.cs(17,44): warning CS1591: Missing XML comment for publicly visible type or member 'ApproveReadingCommandHandler.Handle(ApproveReadingCommand)' [/Users/kady/Masterdom/src/Masterdom.Modules.Metering/Masterdom.Modules.Metering.csproj]
/Users/kady/Masterdom/src/Masterdom.Modules.Metering/Application/Handlers/Commands/CorrectReadingCommandHandler.cs(8,21): warning CS1591: Missing XML comment for publicly visible type or member 'CorrectReadingCommandHandler' [/Users/kady/Masterdom/src/Masterdom.Modules.Metering/Masterdom.Modules.Metering.csproj]
/Users/kady/Masterdom/src/Masterdom.Modules.Metering/Application/Handlers/Commands/CorrectReadingCommandHandler.cs(12,12): warning CS1591: Missing XML comment for publicly visible type or member 'CorrectReadingCommandHandler.CorrectReadingCommandHandler(IMeteringApplicationService)' [/Users/kady/Masterdom/src/Masterdom.Modules.Metering/Masterdom.Modules.Metering.csproj]
/Users/kady/Masterdom/src/Masterdom.Modules.Metering/Application/Handlers/Commands/CorrectReadingCommandHandler.cs(17,44): warning CS1591: Missing XML comment for publicly visible type or member 'CorrectReadingCommandHandler.Handle(CorrectReadingCommand)' [/Users/kady/Masterdom/src/Masterdom.Modules.Metering/Masterdom.Modules.Metering.csproj]
/Users/kady/Masterdom/src/Masterdom.Modules.Metering/Application/Handlers/Commands/InstallMeterCommandHandler.cs(8,21): warning CS1591: Missing XML comment for publicly visible type or member 'InstallMeterCommandHandler' [/Users/kady/Masterdom/src/Masterdom.Modules.Metering/Masterdom.Modules.Metering.csproj]
/Users/kady/Masterdom/src/Masterdom.Modules.Metering/Application/Handlers/Commands/InstallMeterCommandHandler.cs(12,12): warning CS1591: Missing XML comment for publicly visible type or member 'InstallMeterCommandHandler.InstallMeterCommandHandler(IMeteringApplicationService)' [/Users/kady/Masterdom/src/Masterdom.Modules.Metering/Masterdom.Modules.Metering.csproj]
/Users/kady/Masterdom/src/Masterdom.Modules.Metering/Application/Handlers/Commands/InstallMeterCommandHandler.cs(17,44): warning CS1591: Missing XML comment for publicly visible type or member 'InstallMeterCommandHandler.Handle(InstallMeterCommand)' [/Users/kady/Masterdom/src/Masterdom.Modules.Metering/Masterdom.Modules.Metering.csproj]
/Users/kady/Masterdom/src/Masterdom.Modules.Metering/Application/Handlers/Commands/RetireMeterCommandHandler.cs(8,21): warning CS1591: Missing XML comment for publicly visible type or member 'RetireMeterCommandHandler' [/Users/kady/Masterdom/src/Masterdom.Modules.Metering/Masterdom.Modules.Metering.csproj]
/Users/kady/Masterdom/src/Masterdom.Modules.Metering/Application/Handlers/Commands/RetireMeterCommandHandler.cs(12,12): warning CS1591: Missing XML comment for publicly visible type or member 'RetireMeterCommandHandler.RetireMeterCommandHandler(IMeteringApplicationService)' [/Users/kady/Masterdom/src/Masterdom.Modules.Metering/Masterdom.Modules.Metering.csproj]
/Users/kady/Masterdom/src/Masterdom.Modules.Metering/Application/Handlers/Commands/RetireMeterCommandHandler.cs(17,44): warning CS1591: Missing XML comment for publicly visible type or member 'RetireMeterCommandHandler.Handle(RetireMeterCommand)' [/Users/kady/Masterdom/src/Masterdom.Modules.Metering/Masterdom.Modules.Metering.csproj]
/Users/kady/Masterdom/src/Masterdom.Modules.Metering/Application/Handlers/Commands/SubmitReadingCommandHandler.cs(8,21): warning CS1591: Missing XML comment for publicly visible type or member 'SubmitReadingCommandHandler' [/Users/kady/Masterdom/src/Masterdom.Modules.Metering/Masterdom.Modules.Metering.csproj]
/Users/kady/Masterdom/src/Masterdom.Modules.Metering/Application/Handlers/Commands/SubmitReadingCommandHandler.cs(12,12): warning CS1591: Missing XML comment for publicly visible type or member 'SubmitReadingCommandHandler.SubmitReadingCommandHandler(IMeteringApplicationService)' [/Users/kady/Masterdom/src/Masterdom.Modules.Metering/Masterdom.Modules.Metering.csproj]
/Users/kady/Masterdom/src/Masterdom.Modules.Metering/Application/Handlers/Commands/SubmitReadingCommandHandler.cs(17,44): warning CS1591: Missing XML comment for publicly visible type or member 'SubmitReadingCommandHandler.Handle(SubmitReadingCommand)' [/Users/kady/Masterdom/src/Masterdom.Modules.Metering/Masterdom.Modules.Metering.csproj]
/Users/kady/Masterdom/src/Masterdom.Modules.Metering/Application/Handlers/Queries/GetMeterByIdQueryHandler.cs(8,21): warning CS1591: Missing XML comment for publicly visible type or member 'GetMeterByIdQueryHandler' [/Users/kady/Masterdom/src/Masterdom.Modules.Metering/Masterdom.Modules.Metering.csproj]
/Users/kady/Masterdom/src/Masterdom.Modules.Metering/Application/Handlers/Queries/GetMeterByIdQueryHandler.cs(12,12): warning CS1591: Missing XML comment for publicly visible type or member 'GetMeterByIdQueryHandler.GetMeterByIdQueryHandler(IMeteringApplicationService)' [/Users/kady/Masterdom/src/Masterdom.Modules.Metering/Masterdom.Modules.Metering.csproj]
/Users/kady/Masterdom/src/Masterdom.Modules.Metering/Application/Handlers/Queries/GetMeterByIdQueryHandler.cs(17,44): warning CS1591: Missing XML comment for publicly visible type or member 'GetMeterByIdQueryHandler.Handle(GetMeterByIdQuery)' [/Users/kady/Masterdom/src/Masterdom.Modules.Metering/Masterdom.Modules.Metering.csproj]
/Users/kady/Masterdom/src/Masterdom.Modules.Metering/Application/Handlers/Queries/GetMeterByNumberQueryHandler.cs(8,21): warning CS1591: Missing XML comment for publicly visible type or member 'GetMeterByNumberQueryHandler' [/Users/kady/Masterdom/src/Masterdom.Modules.Metering/Masterdom.Modules.Metering.csproj]
/Users/kady/Masterdom/src/Masterdom.Modules.Metering/Application/Handlers/Queries/GetMeterByNumberQueryHandler.cs(12,12): warning CS1591: Missing XML comment for publicly visible type or member 'GetMeterByNumberQueryHandler.GetMeterByNumberQueryHandler(IMeteringApplicationService)' [/Users/kady/Masterdom/src/Masterdom.Modules.Metering/Masterdom.Modules.Metering.csproj]
/Users/kady/Masterdom/src/Masterdom.Modules.Metering/Application/Handlers/Queries/GetMeterByNumberQueryHandler.cs(17,44): warning CS1591: Missing XML comment for publicly visible type or member 'GetMeterByNumberQueryHandler.Handle(GetMeterByNumberQuery)' [/Users/kady/Masterdom/src/Masterdom.Modules.Metering/Masterdom.Modules.Metering.csproj]
/Users/kady/Masterdom/src/Masterdom.Modules.Metering/Application/Queries/GetMeterByIdQuery.cs(5,22): warning CS1591: Missing XML comment for publicly visible type or member 'GetMeterByIdQuery' [/Users/kady/Masterdom/src/Masterdom.Modules.Metering/Masterdom.Modules.Metering.csproj]
/Users/kady/Masterdom/src/Masterdom.Modules.Metering/Application/Queries/GetMeterByIdQuery.cs(5,22): warning CS1591: Missing XML comment for publicly visible type or member 'GetMeterByIdQuery.GetMeterByIdQuery(MeterId)' [/Users/kady/Masterdom/src/Masterdom.Modules.Metering/Masterdom.Modules.Metering.csproj]
/Users/kady/Masterdom/src/Masterdom.Modules.Metering/Application/Queries/GetMeterByIdQuery.cs(5,48): warning CS1591: Missing XML comment for publicly visible type or member 'GetMeterByIdQuery.MeterId' [/Users/kady/Masterdom/src/Masterdom.Modules.Metering/Masterdom.Modules.Metering.csproj]
/Users/kady/Masterdom/src/Masterdom.Modules.Metering/Application/Queries/GetMeterByNumberQuery.cs(5,22): warning CS1591: Missing XML comment for publicly visible type or member 'GetMeterByNumberQuery' [/Users/kady/Masterdom/src/Masterdom.Modules.Metering/Masterdom.Modules.Metering.csproj]
/Users/kady/Masterdom/src/Masterdom.Modules.Metering/Application/Queries/GetMeterByNumberQuery.cs(5,22): warning CS1591: Missing XML comment for publicly visible type or member 'GetMeterByNumberQuery.GetMeterByNumberQuery(MeterNumber)' [/Users/kady/Masterdom/src/Masterdom.Modules.Metering/Masterdom.Modules.Metering.csproj]
/Users/kady/Masterdom/src/Masterdom.Modules.Metering/Application/Queries/GetMeterByNumberQuery.cs(5,56): warning CS1591: Missing XML comment for publicly visible type or member 'GetMeterByNumberQuery.MeterNumber' [/Users/kady/Masterdom/src/Masterdom.Modules.Metering/Masterdom.Modules.Metering.csproj]
/Users/kady/Masterdom/src/Masterdom.Modules.Metering/Application/Services/IMeteringApplicationService.cs(7,18): warning CS1591: Missing XML comment for publicly visible type or member 'IMeteringApplicationService' [/Users/kady/Masterdom/src/Masterdom.Modules.Metering/Masterdom.Modules.Metering.csproj]
/Users/kady/Masterdom/src/Masterdom.Modules.Metering/Application/Services/IMeteringApplicationService.cs(9,20): warning CS1591: Missing XML comment for publicly visible type or member 'IMeteringApplicationService.InstallMeter(InstallMeterCommand)' [/Users/kady/Masterdom/src/Masterdom.Modules.Metering/Masterdom.Modules.Metering.csproj]
/Users/kady/Masterdom/src/Masterdom.Modules.Metering/Application/Services/IMeteringApplicationService.cs(11,20): warning CS1591: Missing XML comment for publicly visible type or member 'IMeteringApplicationService.SubmitReading(SubmitReadingCommand)' [/Users/kady/Masterdom/src/Masterdom.Modules.Metering/Masterdom.Modules.Metering.csproj]
/Users/kady/Masterdom/src/Masterdom.Modules.Metering/Application/Services/IMeteringApplicationService.cs(13,20): warning CS1591: Missing XML comment for publicly visible type or member 'IMeteringApplicationService.ApproveReading(ApproveReadingCommand)' [/Users/kady/Masterdom/src/Masterdom.Modules.Metering/Masterdom.Modules.Metering.csproj]
/Users/kady/Masterdom/src/Masterdom.Modules.Metering/Application/Services/IMeteringApplicationService.cs(15,20): warning CS1591: Missing XML comment for publicly visible type or member 'IMeteringApplicationService.CorrectReading(CorrectReadingCommand)' [/Users/kady/Masterdom/src/Masterdom.Modules.Metering/Masterdom.Modules.Metering.csproj]
/Users/kady/Masterdom/src/Masterdom.Modules.Metering/Application/Services/IMeteringApplicationService.cs(17,20): warning CS1591: Missing XML comment for publicly visible type or member 'IMeteringApplicationService.RetireMeter(RetireMeterCommand)' [/Users/kady/Masterdom/src/Masterdom.Modules.Metering/Masterdom.Modules.Metering.csproj]
/Users/kady/Masterdom/src/Masterdom.Modules.Metering/Application/Services/IMeteringApplicationService.cs(19,21): warning CS1591: Missing XML comment for publicly visible type or member 'IMeteringApplicationService.GetMeter(GetMeterByIdQuery)' [/Users/kady/Masterdom/src/Masterdom.Modules.Metering/Masterdom.Modules.Metering.csproj]
/Users/kady/Masterdom/src/Masterdom.Modules.Metering/Application/Services/IMeteringApplicationService.cs(21,21): warning CS1591: Missing XML comment for publicly visible type or member 'IMeteringApplicationService.GetMeterByNumber(GetMeterByNumberQuery)' [/Users/kady/Masterdom/src/Masterdom.Modules.Metering/Masterdom.Modules.Metering.csproj]
/Users/kady/Masterdom/src/Masterdom.Modules.Metering/Application/Services/MeteringApplicationService.cs(10,21): warning CS1591: Missing XML comment for publicly visible type or member 'MeteringApplicationService' [/Users/kady/Masterdom/src/Masterdom.Modules.Metering/Masterdom.Modules.Metering.csproj]
/Users/kady/Masterdom/src/Masterdom.Modules.Metering/Application/Services/MeteringApplicationService.cs(16,12): warning CS1591: Missing XML comment for publicly visible type or member 'MeteringApplicationService.MeteringApplicationService(IMeterRepository, IMeteringUnitOfWork, IMeteringPlatformOrchestrator)' [/Users/kady/Masterdom/src/Masterdom.Modules.Metering/Masterdom.Modules.Metering.csproj]
/Users/kady/Masterdom/src/Masterdom.Modules.Metering/Application/Services/MeteringApplicationService.cs(26,27): warning CS1591: Missing XML comment for publicly visible type or member 'MeteringApplicationService.InstallMeter(InstallMeterCommand)' [/Users/kady/Masterdom/src/Masterdom.Modules.Metering/Masterdom.Modules.Metering.csproj]
/Users/kady/Masterdom/src/Masterdom.Modules.Metering/Application/Services/MeteringApplicationService.cs(52,27): warning CS1591: Missing XML comment for publicly visible type or member 'MeteringApplicationService.SubmitReading(SubmitReadingCommand)' [/Users/kady/Masterdom/src/Masterdom.Modules.Metering/Masterdom.Modules.Metering.csproj]
/Users/kady/Masterdom/src/Masterdom.Modules.Metering/Application/Services/MeteringApplicationService.cs(72,27): warning CS1591: Missing XML comment for publicly visible type or member 'MeteringApplicationService.ApproveReading(ApproveReadingCommand)' [/Users/kady/Masterdom/src/Masterdom.Modules.Metering/Masterdom.Modules.Metering.csproj]
/Users/kady/Masterdom/src/Masterdom.Modules.Metering/Application/Services/MeteringApplicationService.cs(83,27): warning CS1591: Missing XML comment for publicly visible type or member 'MeteringApplicationService.CorrectReading(CorrectReadingCommand)' [/Users/kady/Masterdom/src/Masterdom.Modules.Metering/Masterdom.Modules.Metering.csproj]
/Users/kady/Masterdom/src/Masterdom.Modules.Metering/Application/Services/MeteringApplicationService.cs(99,27): warning CS1591: Missing XML comment for publicly visible type or member 'MeteringApplicationService.RetireMeter(RetireMeterCommand)' [/Users/kady/Masterdom/src/Masterdom.Modules.Metering/Masterdom.Modules.Metering.csproj]
/Users/kady/Masterdom/src/Masterdom.Modules.Metering/Application/Services/MeteringApplicationService.cs(110,28): warning CS1591: Missing XML comment for publicly visible type or member 'MeteringApplicationService.GetMeter(GetMeterByIdQuery)' [/Users/kady/Masterdom/src/Masterdom.Modules.Metering/Masterdom.Modules.Metering.csproj]
/Users/kady/Masterdom/src/Masterdom.Modules.Metering/Application/Services/MeteringApplicationService.cs(116,28): warning CS1591: Missing XML comment for publicly visible type or member 'MeteringApplicationService.GetMeterByNumber(GetMeterByNumberQuery)' [/Users/kady/Masterdom/src/Masterdom.Modules.Metering/Masterdom.Modules.Metering.csproj]
/Users/kady/Masterdom/src/Masterdom.Modules.Metering/Application/Support/ExecutionResult.cs(3,14): warning CS1591: Missing XML comment for publicly visible type or member 'ExecutionResult' [/Users/kady/Masterdom/src/Masterdom.Modules.Metering/Masterdom.Modules.Metering.csproj]
/Users/kady/Masterdom/src/Masterdom.Modules.Metering/Application/Support/ExecutionResult.cs(5,15): warning CS1591: Missing XML comment for publicly visible type or member 'ExecutionResult.ExecutionResult(bool, string?, string?)' [/Users/kady/Masterdom/src/Masterdom.Modules.Metering/Masterdom.Modules.Metering.csproj]
/Users/kady/Masterdom/src/Masterdom.Modules.Metering/Application/Support/ExecutionResult.cs(12,17): warning CS1591: Missing XML comment for publicly visible type or member 'ExecutionResult.IsSuccess' [/Users/kady/Masterdom/src/Masterdom.Modules.Metering/Masterdom.Modules.Metering.csproj]
/Users/kady/Masterdom/src/Masterdom.Modules.Metering/Application/Support/ExecutionResult.cs(14,20): warning CS1591: Missing XML comment for publicly visible type or member 'ExecutionResult.ErrorCode' [/Users/kady/Masterdom/src/Masterdom.Modules.Metering/Masterdom.Modules.Metering.csproj]
/Users/kady/Masterdom/src/Masterdom.Modules.Metering/Application/Support/ExecutionResult.cs(16,20): warning CS1591: Missing XML comment for publicly visible type or member 'ExecutionResult.ErrorMessage' [/Users/kady/Masterdom/src/Masterdom.Modules.Metering/Masterdom.Modules.Metering.csproj]
/Users/kady/Masterdom/src/Masterdom.Modules.Metering/Application/Support/ExecutionResult.cs(18,35): warning CS1591: Missing XML comment for publicly visible type or member 'ExecutionResult.Success()' [/Users/kady/Masterdom/src/Masterdom.Modules.Metering/Masterdom.Modules.Metering.csproj]
/Users/kady/Masterdom/src/Masterdom.Modules.Metering/Application/Support/ExecutionResult.cs(23,35): warning CS1591: Missing XML comment for publicly visible type or member 'ExecutionResult.Failure(string, string)' [/Users/kady/Masterdom/src/Masterdom.Modules.Metering/Masterdom.Modules.Metering.csproj]
/Users/kady/Masterdom/src/Masterdom.Modules.Metering/Application/Support/ExecutionResult.cs(32,21): warning CS1591: Missing XML comment for publicly visible type or member 'ExecutionResult<T>' [/Users/kady/Masterdom/src/Masterdom.Modules.Metering/Masterdom.Modules.Metering.csproj]
/Users/kady/Masterdom/src/Masterdom.Modules.Metering/Application/Support/ExecutionResult.cs(40,15): warning CS1591: Missing XML comment for publicly visible type or member 'ExecutionResult<T>.Value' [/Users/kady/Masterdom/src/Masterdom.Modules.Metering/Masterdom.Modules.Metering.csproj]
/Users/kady/Masterdom/src/Masterdom.Modules.Metering/Application/Support/ExecutionResult.cs(42,38): warning CS1591: Missing XML comment for publicly visible type or member 'ExecutionResult<T>.Success(T)' [/Users/kady/Masterdom/src/Masterdom.Modules.Metering/Masterdom.Modules.Metering.csproj]
/Users/kady/Masterdom/src/Masterdom.Modules.Metering/Application/Support/ExecutionResult.cs(48,38): warning CS1591: Missing XML comment for publicly visible type or member 'ExecutionResult<T>.Failure(string, string)' [/Users/kady/Masterdom/src/Masterdom.Modules.Metering/Masterdom.Modules.Metering.csproj]
/Users/kady/Masterdom/src/Masterdom.Modules.Metering/Application/Support/ICommandHandler.cs(3,18): warning CS1591: Missing XML comment for publicly visible type or member 'ICommandHandler<TCommand, TResult>' [/Users/kady/Masterdom/src/Masterdom.Modules.Metering/Masterdom.Modules.Metering.csproj]
/Users/kady/Masterdom/src/Masterdom.Modules.Metering/Application/Support/ICommandHandler.cs(5,13): warning CS1591: Missing XML comment for publicly visible type or member 'ICommandHandler<TCommand, TResult>.Handle(TCommand)' [/Users/kady/Masterdom/src/Masterdom.Modules.Metering/Masterdom.Modules.Metering.csproj]
/Users/kady/Masterdom/src/Masterdom.Modules.Metering/Application/Support/IMeteringPlatformOrchestrator.cs(5,18): warning CS1591: Missing XML comment for publicly visible type or member 'IMeteringPlatformOrchestrator' [/Users/kady/Masterdom/src/Masterdom.Modules.Metering/Masterdom.Modules.Metering.csproj]
/Users/kady/Masterdom/src/Masterdom.Modules.Metering/Application/Support/IMeteringPlatformOrchestrator.cs(7,10): warning CS1591: Missing XML comment for publicly visible type or member 'IMeteringPlatformOrchestrator.OnMeterMutated(Meter, string)' [/Users/kady/Masterdom/src/Masterdom.Modules.Metering/Masterdom.Modules.Metering.csproj]
/Users/kady/Masterdom/src/Masterdom.Modules.Metering/Application/Support/IMeteringUnitOfWork.cs(3,18): warning CS1591: Missing XML comment for publicly visible type or member 'IMeteringUnitOfWork' [/Users/kady/Masterdom/src/Masterdom.Modules.Metering/Masterdom.Modules.Metering.csproj]
/Users/kady/Masterdom/src/Masterdom.Modules.Metering/Application/Support/IMeteringUnitOfWork.cs(5,10): warning CS1591: Missing XML comment for publicly visible type or member 'IMeteringUnitOfWork.Execute(Action)' [/Users/kady/Masterdom/src/Masterdom.Modules.Metering/Masterdom.Modules.Metering.csproj]
/Users/kady/Masterdom/src/Masterdom.Modules.Metering/Application/Support/IQueryHandler.cs(3,18): warning CS1591: Missing XML comment for publicly visible type or member 'IQueryHandler<TQuery, TResult>' [/Users/kady/Masterdom/src/Masterdom.Modules.Metering/Masterdom.Modules.Metering.csproj]
/Users/kady/Masterdom/src/Masterdom.Modules.Metering/Application/Support/IQueryHandler.cs(5,13): warning CS1591: Missing XML comment for publicly visible type or member 'IQueryHandler<TQuery, TResult>.Handle(TQuery)' [/Users/kady/Masterdom/src/Masterdom.Modules.Metering/Masterdom.Modules.Metering.csproj]
/Users/kady/Masterdom/src/Masterdom.Modules.Metering/Domain/Entities/Metering/ApprovalStatus.cs(5,21): warning CS1591: Missing XML comment for publicly visible type or member 'ApprovalStatus' [/Users/kady/Masterdom/src/Masterdom.Modules.Metering/Masterdom.Modules.Metering.csproj]
/Users/kady/Masterdom/src/Masterdom.Modules.Metering/Domain/Entities/Metering/ApprovalStatus.cs(7,43): warning CS1591: Missing XML comment for publicly visible type or member 'ApprovalStatus.Pending' [/Users/kady/Masterdom/src/Masterdom.Modules.Metering/Masterdom.Modules.Metering.csproj]
/Users/kady/Masterdom/src/Masterdom.Modules.Metering/Domain/Entities/Metering/ApprovalStatus.cs(8,43): warning CS1591: Missing XML comment for publicly visible type or member 'ApprovalStatus.Approved' [/Users/kady/Masterdom/src/Masterdom.Modules.Metering/Masterdom.Modules.Metering.csproj]
/Users/kady/Masterdom/src/Masterdom.Modules.Metering/Domain/Entities/Metering/ApprovalStatus.cs(9,43): warning CS1591: Missing XML comment for publicly visible type or member 'ApprovalStatus.Rejected' [/Users/kady/Masterdom/src/Masterdom.Modules.Metering/Masterdom.Modules.Metering.csproj]
/Users/kady/Masterdom/src/Masterdom.Modules.Metering/Domain/Entities/Metering/ApprovalStatus.cs(16,19): warning CS1591: Missing XML comment for publicly visible type or member 'ApprovalStatus.Value' [/Users/kady/Masterdom/src/Masterdom.Modules.Metering/Masterdom.Modules.Metering.csproj]
/Users/kady/Masterdom/src/Masterdom.Modules.Metering/Domain/Entities/Metering/ApprovalStatus.cs(18,34): warning CS1591: Missing XML comment for publicly visible type or member 'ApprovalStatus.Create(string)' [/Users/kady/Masterdom/src/Masterdom.Modules.Metering/Masterdom.Modules.Metering.csproj]
/Users/kady/Masterdom/src/Masterdom.Modules.Metering/Domain/Entities/Metering/ApprovalStatus.cs(31,45): warning CS1591: Missing XML comment for publicly visible type or member 'ApprovalStatus.GetEqualityComponents()' [/Users/kady/Masterdom/src/Masterdom.Modules.Metering/Masterdom.Modules.Metering.csproj]
/Users/kady/Masterdom/src/Masterdom.Modules.Metering/Domain/Entities/Metering/Consumption.cs(5,21): warning CS1591: Missing XML comment for publicly visible type or member 'Consumption' [/Users/kady/Masterdom/src/Masterdom.Modules.Metering/Masterdom.Modules.Metering.csproj]
/Users/kady/Masterdom/src/Masterdom.Modules.Metering/Domain/Entities/Metering/Consumption.cs(12,20): warning CS1591: Missing XML comment for publicly visible type or member 'Consumption.Value' [/Users/kady/Masterdom/src/Masterdom.Modules.Metering/Masterdom.Modules.Metering.csproj]
/Users/kady/Masterdom/src/Masterdom.Modules.Metering/Domain/Entities/Metering/Consumption.cs(14,31): warning CS1591: Missing XML comment for publicly visible type or member 'Consumption.Create(decimal)' [/Users/kady/Masterdom/src/Masterdom.Modules.Metering/Masterdom.Modules.Metering.csproj]
/Users/kady/Masterdom/src/Masterdom.Modules.Metering/Domain/Entities/Metering/Consumption.cs(24,45): warning CS1591: Missing XML comment for publicly visible type or member 'Consumption.GetEqualityComponents()' [/Users/kady/Masterdom/src/Masterdom.Modules.Metering/Masterdom.Modules.Metering.csproj]
/Users/kady/Masterdom/src/Masterdom.Modules.Metering/Domain/Entities/Metering/CorrectionHistory.cs(5,21): warning CS1591: Missing XML comment for publicly visible type or member 'CorrectionHistory' [/Users/kady/Masterdom/src/Masterdom.Modules.Metering/Masterdom.Modules.Metering.csproj]
/Users/kady/Masterdom/src/Masterdom.Modules.Metering/Domain/Entities/Metering/CorrectionHistory.cs(14,37): warning CS1591: Missing XML comment for publicly visible type or member 'CorrectionHistory.Empty' [/Users/kady/Masterdom/src/Masterdom.Modules.Metering/Masterdom.Modules.Metering.csproj]
/Users/kady/Masterdom/src/Masterdom.Modules.Metering/Domain/Entities/Metering/CorrectionHistory.cs(16,45): warning CS1591: Missing XML comment for publicly visible type or member 'CorrectionHistory.Items' [/Users/kady/Masterdom/src/Masterdom.Modules.Metering/Masterdom.Modules.Metering.csproj]
/Users/kady/Masterdom/src/Masterdom.Modules.Metering/Domain/Entities/Metering/CorrectionHistory.cs(18,30): warning CS1591: Missing XML comment for publicly visible type or member 'CorrectionHistory.Add(ReadingCorrection)' [/Users/kady/Masterdom/src/Masterdom.Modules.Metering/Masterdom.Modules.Metering.csproj]
/Users/kady/Masterdom/src/Masterdom.Modules.Metering/Domain/Entities/Metering/CorrectionHistory.cs(27,37): warning CS1591: Missing XML comment for publicly visible type or member 'CorrectionHistory.Create(IEnumerable<ReadingCorrection>)' [/Users/kady/Masterdom/src/Masterdom.Modules.Metering/Masterdom.Modules.Metering.csproj]
/Users/kady/Masterdom/src/Masterdom.Modules.Metering/Domain/Entities/Metering/CorrectionHistory.cs(33,45): warning CS1591: Missing XML comment for publicly visible type or member 'CorrectionHistory.GetEqualityComponents()' [/Users/kady/Masterdom/src/Masterdom.Modules.Metering/Masterdom.Modules.Metering.csproj]
/Users/kady/Masterdom/src/Masterdom.Modules.Metering/Domain/Entities/Metering/Events/ConsumptionCalculatedDomainEvent.cs(5,22): warning CS1591: Missing XML comment for publicly visible type or member 'ConsumptionCalculatedDomainEvent' [/Users/kady/Masterdom/src/Masterdom.Modules.Metering/Masterdom.Modules.Metering.csproj]
/Users/kady/Masterdom/src/Masterdom.Modules.Metering/Domain/Entities/Metering/Events/ConsumptionCalculatedDomainEvent.cs(5,22): warning CS1591: Missing XML comment for publicly visible type or member 'ConsumptionCalculatedDomainEvent.ConsumptionCalculatedDomainEvent(MeterId, Guid, decimal, DateTime)' [/Users/kady/Masterdom/src/Masterdom.Modules.Metering/Masterdom.Modules.Metering.csproj]
/Users/kady/Masterdom/src/Masterdom.Modules.Metering/Domain/Entities/Metering/Events/ConsumptionCalculatedDomainEvent.cs(6,13): warning CS1591: Missing XML comment for publicly visible type or member 'ConsumptionCalculatedDomainEvent.MeterId' [/Users/kady/Masterdom/src/Masterdom.Modules.Metering/Masterdom.Modules.Metering.csproj]
/Users/kady/Masterdom/src/Masterdom.Modules.Metering/Domain/Entities/Metering/Events/ConsumptionCalculatedDomainEvent.cs(7,10): warning CS1591: Missing XML comment for publicly visible type or member 'ConsumptionCalculatedDomainEvent.ReadingId' [/Users/kady/Masterdom/src/Masterdom.Modules.Metering/Masterdom.Modules.Metering.csproj]
/Users/kady/Masterdom/src/Masterdom.Modules.Metering/Domain/Entities/Metering/Events/ConsumptionCalculatedDomainEvent.cs(8,13): warning CS1591: Missing XML comment for publicly visible type or member 'ConsumptionCalculatedDomainEvent.ConsumptionValue' [/Users/kady/Masterdom/src/Masterdom.Modules.Metering/Masterdom.Modules.Metering.csproj]
/Users/kady/Masterdom/src/Masterdom.Modules.Metering/Domain/Entities/Metering/Events/ConsumptionCalculatedDomainEvent.cs(9,14): warning CS1591: Missing XML comment for publicly visible type or member 'ConsumptionCalculatedDomainEvent.OccurredOnUtc' [/Users/kady/Masterdom/src/Masterdom.Modules.Metering/Masterdom.Modules.Metering.csproj]
/Users/kady/Masterdom/src/Masterdom.Modules.Metering/Domain/Entities/Metering/Events/MeterInstalledDomainEvent.cs(5,22): warning CS1591: Missing XML comment for publicly visible type or member 'MeterInstalledDomainEvent' [/Users/kady/Masterdom/src/Masterdom.Modules.Metering/Masterdom.Modules.Metering.csproj]
/Users/kady/Masterdom/src/Masterdom.Modules.Metering/Domain/Entities/Metering/Events/MeterInstalledDomainEvent.cs(5,22): warning CS1591: Missing XML comment for publicly visible type or member 'MeterInstalledDomainEvent.MeterInstalledDomainEvent(MeterId, MeterNumber, DateTime)' [/Users/kady/Masterdom/src/Masterdom.Modules.Metering/Masterdom.Modules.Metering.csproj]
/Users/kady/Masterdom/src/Masterdom.Modules.Metering/Domain/Entities/Metering/Events/MeterInstalledDomainEvent.cs(6,13): warning CS1591: Missing XML comment for publicly visible type or member 'MeterInstalledDomainEvent.MeterId' [/Users/kady/Masterdom/src/Masterdom.Modules.Metering/Masterdom.Modules.Metering.csproj]
/Users/kady/Masterdom/src/Masterdom.Modules.Metering/Domain/Entities/Metering/Events/MeterInstalledDomainEvent.cs(7,17): warning CS1591: Missing XML comment for publicly visible type or member 'MeterInstalledDomainEvent.MeterNumber' [/Users/kady/Masterdom/src/Masterdom.Modules.Metering/Masterdom.Modules.Metering.csproj]
/Users/kady/Masterdom/src/Masterdom.Modules.Metering/Domain/Entities/Metering/Events/MeterInstalledDomainEvent.cs(8,14): warning CS1591: Missing XML comment for publicly visible type or member 'MeterInstalledDomainEvent.OccurredOnUtc' [/Users/kady/Masterdom/src/Masterdom.Modules.Metering/Masterdom.Modules.Metering.csproj]
/Users/kady/Masterdom/src/Masterdom.Modules.Metering/Domain/Entities/Metering/Events/MeterRetiredDomainEvent.cs(5,22): warning CS1591: Missing XML comment for publicly visible type or member 'MeterRetiredDomainEvent' [/Users/kady/Masterdom/src/Masterdom.Modules.Metering/Masterdom.Modules.Metering.csproj]
/Users/kady/Masterdom/src/Masterdom.Modules.Metering/Domain/Entities/Metering/Events/MeterRetiredDomainEvent.cs(5,22): warning CS1591: Missing XML comment for publicly visible type or member 'MeterRetiredDomainEvent.MeterRetiredDomainEvent(MeterId, RemovalDate, DateTime)' [/Users/kady/Masterdom/src/Masterdom.Modules.Metering/Masterdom.Modules.Metering.csproj]
/Users/kady/Masterdom/src/Masterdom.Modules.Metering/Domain/Entities/Metering/Events/MeterRetiredDomainEvent.cs(6,13): warning CS1591: Missing XML comment for publicly visible type or member 'MeterRetiredDomainEvent.MeterId' [/Users/kady/Masterdom/src/Masterdom.Modules.Metering/Masterdom.Modules.Metering.csproj]
/Users/kady/Masterdom/src/Masterdom.Modules.Metering/Domain/Entities/Metering/Events/MeterRetiredDomainEvent.cs(7,17): warning CS1591: Missing XML comment for publicly visible type or member 'MeterRetiredDomainEvent.RemovalDate' [/Users/kady/Masterdom/src/Masterdom.Modules.Metering/Masterdom.Modules.Metering.csproj]
/Users/kady/Masterdom/src/Masterdom.Modules.Metering/Domain/Entities/Metering/Events/MeterRetiredDomainEvent.cs(8,14): warning CS1591: Missing XML comment for publicly visible type or member 'MeterRetiredDomainEvent.OccurredOnUtc' [/Users/kady/Masterdom/src/Masterdom.Modules.Metering/Masterdom.Modules.Metering.csproj]
/Users/kady/Masterdom/src/Masterdom.Modules.Metering/Domain/Entities/Metering/Events/ReadingApprovedDomainEvent.cs(5,22): warning CS1591: Missing XML comment for publicly visible type or member 'ReadingApprovedDomainEvent' [/Users/kady/Masterdom/src/Masterdom.Modules.Metering/Masterdom.Modules.Metering.csproj]
/Users/kady/Masterdom/src/Masterdom.Modules.Metering/Domain/Entities/Metering/Events/ReadingApprovedDomainEvent.cs(5,22): warning CS1591: Missing XML comment for publicly visible type or member 'ReadingApprovedDomainEvent.ReadingApprovedDomainEvent(MeterId, Guid, ReadingDate, DateTime)' [/Users/kady/Masterdom/src/Masterdom.Modules.Metering/Masterdom.Modules.Metering.csproj]
/Users/kady/Masterdom/src/Masterdom.Modules.Metering/Domain/Entities/Metering/Events/ReadingApprovedDomainEvent.cs(6,13): warning CS1591: Missing XML comment for publicly visible type or member 'ReadingApprovedDomainEvent.MeterId' [/Users/kady/Masterdom/src/Masterdom.Modules.Metering/Masterdom.Modules.Metering.csproj]
/Users/kady/Masterdom/src/Masterdom.Modules.Metering/Domain/Entities/Metering/Events/ReadingApprovedDomainEvent.cs(7,10): warning CS1591: Missing XML comment for publicly visible type or member 'ReadingApprovedDomainEvent.ReadingId' [/Users/kady/Masterdom/src/Masterdom.Modules.Metering/Masterdom.Modules.Metering.csproj]
/Users/kady/Masterdom/src/Masterdom.Modules.Metering/Domain/Entities/Metering/Events/ReadingApprovedDomainEvent.cs(8,17): warning CS1591: Missing XML comment for publicly visible type or member 'ReadingApprovedDomainEvent.ReadingDate' [/Users/kady/Masterdom/src/Masterdom.Modules.Metering/Masterdom.Modules.Metering.csproj]
/Users/kady/Masterdom/src/Masterdom.Modules.Metering/Domain/Entities/Metering/Events/ReadingApprovedDomainEvent.cs(9,14): warning CS1591: Missing XML comment for publicly visible type or member 'ReadingApprovedDomainEvent.OccurredOnUtc' [/Users/kady/Masterdom/src/Masterdom.Modules.Metering/Masterdom.Modules.Metering.csproj]
/Users/kady/Masterdom/src/Masterdom.Modules.Metering/Domain/Entities/Metering/Events/ReadingCorrectedDomainEvent.cs(5,22): warning CS1591: Missing XML comment for publicly visible type or member 'ReadingCorrectedDomainEvent' [/Users/kady/Masterdom/src/Masterdom.Modules.Metering/Masterdom.Modules.Metering.csproj]
/Users/kady/Masterdom/src/Masterdom.Modules.Metering/Domain/Entities/Metering/Events/ReadingCorrectedDomainEvent.cs(5,22): warning CS1591: Missing XML comment for publicly visible type or member 'ReadingCorrectedDomainEvent.ReadingCorrectedDomainEvent(MeterId, Guid, DateTime)' [/Users/kady/Masterdom/src/Masterdom.Modules.Metering/Masterdom.Modules.Metering.csproj]
/Users/kady/Masterdom/src/Masterdom.Modules.Metering/Domain/Entities/Metering/Events/ReadingCorrectedDomainEvent.cs(6,13): warning CS1591: Missing XML comment for publicly visible type or member 'ReadingCorrectedDomainEvent.MeterId' [/Users/kady/Masterdom/src/Masterdom.Modules.Metering/Masterdom.Modules.Metering.csproj]
/Users/kady/Masterdom/src/Masterdom.Modules.Metering/Domain/Entities/Metering/Events/ReadingCorrectedDomainEvent.cs(7,10): warning CS1591: Missing XML comment for publicly visible type or member 'ReadingCorrectedDomainEvent.ReadingId' [/Users/kady/Masterdom/src/Masterdom.Modules.Metering/Masterdom.Modules.Metering.csproj]
/Users/kady/Masterdom/src/Masterdom.Modules.Metering/Domain/Entities/Metering/Events/ReadingCorrectedDomainEvent.cs(8,14): warning CS1591: Missing XML comment for publicly visible type or member 'ReadingCorrectedDomainEvent.OccurredOnUtc' [/Users/kady/Masterdom/src/Masterdom.Modules.Metering/Masterdom.Modules.Metering.csproj]
/Users/kady/Masterdom/src/Masterdom.Modules.Metering/Domain/Entities/Metering/Events/ReadingSubmittedDomainEvent.cs(5,22): warning CS1591: Missing XML comment for publicly visible type or member 'ReadingSubmittedDomainEvent' [/Users/kady/Masterdom/src/Masterdom.Modules.Metering/Masterdom.Modules.Metering.csproj]
/Users/kady/Masterdom/src/Masterdom.Modules.Metering/Domain/Entities/Metering/Events/ReadingSubmittedDomainEvent.cs(5,22): warning CS1591: Missing XML comment for publicly visible type or member 'ReadingSubmittedDomainEvent.ReadingSubmittedDomainEvent(MeterId, Guid, ReadingDate, DateTime)' [/Users/kady/Masterdom/src/Masterdom.Modules.Metering/Masterdom.Modules.Metering.csproj]
/Users/kady/Masterdom/src/Masterdom.Modules.Metering/Domain/Entities/Metering/Events/ReadingSubmittedDomainEvent.cs(6,13): warning CS1591: Missing XML comment for publicly visible type or member 'ReadingSubmittedDomainEvent.MeterId' [/Users/kady/Masterdom/src/Masterdom.Modules.Metering/Masterdom.Modules.Metering.csproj]
/Users/kady/Masterdom/src/Masterdom.Modules.Metering/Domain/Entities/Metering/Events/ReadingSubmittedDomainEvent.cs(7,10): warning CS1591: Missing XML comment for publicly visible type or member 'ReadingSubmittedDomainEvent.ReadingId' [/Users/kady/Masterdom/src/Masterdom.Modules.Metering/Masterdom.Modules.Metering.csproj]
/Users/kady/Masterdom/src/Masterdom.Modules.Metering/Domain/Entities/Metering/Events/ReadingSubmittedDomainEvent.cs(8,17): warning CS1591: Missing XML comment for publicly visible type or member 'ReadingSubmittedDomainEvent.ReadingDate' [/Users/kady/Masterdom/src/Masterdom.Modules.Metering/Masterdom.Modules.Metering.csproj]
/Users/kady/Masterdom/src/Masterdom.Modules.Metering/Domain/Entities/Metering/Events/ReadingSubmittedDomainEvent.cs(9,14): warning CS1591: Missing XML comment for publicly visible type or member 'ReadingSubmittedDomainEvent.OccurredOnUtc' [/Users/kady/Masterdom/src/Masterdom.Modules.Metering/Masterdom.Modules.Metering.csproj]
/Users/kady/Masterdom/src/Masterdom.Modules.Metering/Domain/Entities/Metering/InstallationDate.cs(5,21): warning CS1591: Missing XML comment for publicly visible type or member 'InstallationDate' [/Users/kady/Masterdom/src/Masterdom.Modules.Metering/Masterdom.Modules.Metering.csproj]
/Users/kady/Masterdom/src/Masterdom.Modules.Metering/Domain/Entities/Metering/InstallationDate.cs(12,21): warning CS1591: Missing XML comment for publicly visible type or member 'InstallationDate.Value' [/Users/kady/Masterdom/src/Masterdom.Modules.Metering/Masterdom.Modules.Metering.csproj]
/Users/kady/Masterdom/src/Masterdom.Modules.Metering/Domain/Entities/Metering/InstallationDate.cs(14,36): warning CS1591: Missing XML comment for publicly visible type or member 'InstallationDate.Create(DateOnly)' [/Users/kady/Masterdom/src/Masterdom.Modules.Metering/Masterdom.Modules.Metering.csproj]
/Users/kady/Masterdom/src/Masterdom.Modules.Metering/Domain/Entities/Metering/InstallationDate.cs(19,45): warning CS1591: Missing XML comment for publicly visible type or member 'InstallationDate.GetEqualityComponents()' [/Users/kady/Masterdom/src/Masterdom.Modules.Metering/Masterdom.Modules.Metering.csproj]
/Users/kady/Masterdom/src/Masterdom.Modules.Metering/Domain/Entities/Metering/Meter.cs(8,21): warning CS1591: Missing XML comment for publicly visible type or member 'Meter' [/Users/kady/Masterdom/src/Masterdom.Modules.Metering/Masterdom.Modules.Metering.csproj]
/Users/kady/Masterdom/src/Masterdom.Modules.Metering/Domain/Entities/Metering/Meter.cs(31,24): warning CS1591: Missing XML comment for publicly visible type or member 'Meter.MeterNumber' [/Users/kady/Masterdom/src/Masterdom.Modules.Metering/Masterdom.Modules.Metering.csproj]
/Users/kady/Masterdom/src/Masterdom.Modules.Metering/Domain/Entities/Metering/Meter.cs(33,26): warning CS1591: Missing XML comment for publicly visible type or member 'Meter.MeterCategory' [/Users/kady/Masterdom/src/Masterdom.Modules.Metering/Masterdom.Modules.Metering.csproj]
/Users/kady/Masterdom/src/Masterdom.Modules.Metering/Domain/Entities/Metering/Meter.cs(35,22): warning CS1591: Missing XML comment for publicly visible type or member 'Meter.MeterType' [/Users/kady/Masterdom/src/Masterdom.Modules.Metering/Masterdom.Modules.Metering.csproj]
/Users/kady/Masterdom/src/Masterdom.Modules.Metering/Domain/Entities/Metering/Meter.cs(37,24): warning CS1591: Missing XML comment for publicly visible type or member 'Meter.MeterStatus' [/Users/kady/Masterdom/src/Masterdom.Modules.Metering/Masterdom.Modules.Metering.csproj]
/Users/kady/Masterdom/src/Masterdom.Modules.Metering/Domain/Entities/Metering/Meter.cs(39,35): warning CS1591: Missing XML comment for publicly visible type or member 'Meter.MeterLocationReference' [/Users/kady/Masterdom/src/Masterdom.Modules.Metering/Masterdom.Modules.Metering.csproj]
/Users/kady/Masterdom/src/Masterdom.Modules.Metering/Domain/Entities/Metering/Meter.cs(41,29): warning CS1591: Missing XML comment for publicly visible type or member 'Meter.InstallationDate' [/Users/kady/Masterdom/src/Masterdom.Modules.Metering/Masterdom.Modules.Metering.csproj]
/Users/kady/Masterdom/src/Masterdom.Modules.Metering/Domain/Entities/Metering/Meter.cs(43,25): warning CS1591: Missing XML comment for publicly visible type or member 'Meter.RemovalDate' [/Users/kady/Masterdom/src/Masterdom.Modules.Metering/Masterdom.Modules.Metering.csproj]
/Users/kady/Masterdom/src/Masterdom.Modules.Metering/Domain/Entities/Metering/Meter.cs(45,26): warning CS1591: Missing XML comment for publicly visible type or member 'Meter.CurrentReading' [/Users/kady/Masterdom/src/Masterdom.Modules.Metering/Masterdom.Modules.Metering.csproj]
/Users/kady/Masterdom/src/Masterdom.Modules.Metering/Domain/Entities/Metering/Meter.cs(50,46): warning CS1591: Missing XML comment for publicly visible type or member 'Meter.HistoricalReadings' [/Users/kady/Masterdom/src/Masterdom.Modules.Metering/Masterdom.Modules.Metering.csproj]
/Users/kady/Masterdom/src/Masterdom.Modules.Metering/Domain/Entities/Metering/Meter.cs(52,46): warning CS1591: Missing XML comment for publicly visible type or member 'Meter.DomainEvents' [/Users/kady/Masterdom/src/Masterdom.Modules.Metering/Masterdom.Modules.Metering.csproj]
/Users/kady/Masterdom/src/Masterdom.Modules.Metering/Domain/Entities/Metering/Meter.cs(54,25): warning CS1591: Missing XML comment for publicly visible type or member 'Meter.Install(MeterId, MeterNumber, MeterCategory, MeterType, MeterLocationReference, InstallationDate)' [/Users/kady/Masterdom/src/Masterdom.Modules.Metering/Masterdom.Modules.Metering.csproj]
/Users/kady/Masterdom/src/Masterdom.Modules.Metering/Domain/Entities/Metering/Meter.cs(82,17): warning CS1591: Missing XML comment for publicly visible type or member 'Meter.SubmitReading(ReadingDate, ReadingValue, ReadingSource, SubmittedBy, DateTime, bool, bool, ReadingNotes?)' [/Users/kady/Masterdom/src/Masterdom.Modules.Metering/Masterdom.Modules.Metering.csproj]
/Users/kady/Masterdom/src/Masterdom.Modules.Metering/Domain/Entities/Metering/Meter.cs(128,17): warning CS1591: Missing XML comment for publicly visible type or member 'Meter.ApproveReading(Guid, ReviewedBy, ReviewDate)' [/Users/kady/Masterdom/src/Masterdom.Modules.Metering/Masterdom.Modules.Metering.csproj]
/Users/kady/Masterdom/src/Masterdom.Modules.Metering/Domain/Entities/Metering/Meter.cs(157,17): warning CS1591: Missing XML comment for publicly visible type or member 'Meter.CorrectReading(Guid, ReadingValue, string, SubmittedBy, DateTime)' [/Users/kady/Masterdom/src/Masterdom.Modules.Metering/Masterdom.Modules.Metering.csproj]
/Users/kady/Masterdom/src/Masterdom.Modules.Metering/Domain/Entities/Metering/Meter.cs(204,17): warning CS1591: Missing XML comment for publicly visible type or member 'Meter.Retire(RemovalDate)' [/Users/kady/Masterdom/src/Masterdom.Modules.Metering/Masterdom.Modules.Metering.csproj]
/Users/kady/Masterdom/src/Masterdom.Modules.Metering/Domain/Entities/Metering/Meter.cs(224,17): warning CS1591: Missing XML comment for publicly visible type or member 'Meter.ClearDomainEvents()' [/Users/kady/Masterdom/src/Masterdom.Modules.Metering/Masterdom.Modules.Metering.csproj]
/Users/kady/Masterdom/src/Masterdom.Modules.Metering/Domain/Entities/Metering/MeterCategory.cs(5,21): warning CS1591: Missing XML comment for publicly visible type or member 'MeterCategory' [/Users/kady/Masterdom/src/Masterdom.Modules.Metering/Masterdom.Modules.Metering.csproj]
/Users/kady/Masterdom/src/Masterdom.Modules.Metering/Domain/Entities/Metering/MeterCategory.cs(7,42): warning CS1591: Missing XML comment for publicly visible type or member 'MeterCategory.Electricity' [/Users/kady/Masterdom/src/Masterdom.Modules.Metering/Masterdom.Modules.Metering.csproj]
/Users/kady/Masterdom/src/Masterdom.Modules.Metering/Domain/Entities/Metering/MeterCategory.cs(8,42): warning CS1591: Missing XML comment for publicly visible type or member 'MeterCategory.Water' [/Users/kady/Masterdom/src/Masterdom.Modules.Metering/Masterdom.Modules.Metering.csproj]
/Users/kady/Masterdom/src/Masterdom.Modules.Metering/Domain/Entities/Metering/MeterCategory.cs(9,42): warning CS1591: Missing XML comment for publicly visible type or member 'MeterCategory.Gas' [/Users/kady/Masterdom/src/Masterdom.Modules.Metering/Masterdom.Modules.Metering.csproj]
/Users/kady/Masterdom/src/Masterdom.Modules.Metering/Domain/Entities/Metering/MeterCategory.cs(10,42): warning CS1591: Missing XML comment for publicly visible type or member 'MeterCategory.Thermal' [/Users/kady/Masterdom/src/Masterdom.Modules.Metering/Masterdom.Modules.Metering.csproj]
/Users/kady/Masterdom/src/Masterdom.Modules.Metering/Domain/Entities/Metering/MeterCategory.cs(17,19): warning CS1591: Missing XML comment for publicly visible type or member 'MeterCategory.Value' [/Users/kady/Masterdom/src/Masterdom.Modules.Metering/Masterdom.Modules.Metering.csproj]
/Users/kady/Masterdom/src/Masterdom.Modules.Metering/Domain/Entities/Metering/MeterCategory.cs(19,33): warning CS1591: Missing XML comment for publicly visible type or member 'MeterCategory.Create(string)' [/Users/kady/Masterdom/src/Masterdom.Modules.Metering/Masterdom.Modules.Metering.csproj]
/Users/kady/Masterdom/src/Masterdom.Modules.Metering/Domain/Entities/Metering/MeterCategory.cs(33,45): warning CS1591: Missing XML comment for publicly visible type or member 'MeterCategory.GetEqualityComponents()' [/Users/kady/Masterdom/src/Masterdom.Modules.Metering/Masterdom.Modules.Metering.csproj]
/Users/kady/Masterdom/src/Masterdom.Modules.Metering/Domain/Entities/Metering/MeterId.cs(5,22): warning CS1591: Missing XML comment for publicly visible type or member 'MeterId' [/Users/kady/Masterdom/src/Masterdom.Modules.Metering/Masterdom.Modules.Metering.csproj]
/Users/kady/Masterdom/src/Masterdom.Modules.Metering/Domain/Entities/Metering/MeterId.cs(5,22): warning CS1591: Missing XML comment for publicly visible type or member 'MeterId.MeterId(Guid)' [/Users/kady/Masterdom/src/Masterdom.Modules.Metering/Masterdom.Modules.Metering.csproj]
/Users/kady/Masterdom/src/Masterdom.Modules.Metering/Domain/Entities/Metering/MeterId.cs(7,27): warning CS1591: Missing XML comment for publicly visible type or member 'MeterId.New()' [/Users/kady/Masterdom/src/Masterdom.Modules.Metering/Masterdom.Modules.Metering.csproj]
/Users/kady/Masterdom/src/Masterdom.Modules.Metering/Domain/Entities/Metering/MeterId.cs(12,27): warning CS1591: Missing XML comment for publicly visible type or member 'MeterId.From(Guid)' [/Users/kady/Masterdom/src/Masterdom.Modules.Metering/Masterdom.Modules.Metering.csproj]
/Users/kady/Masterdom/src/Masterdom.Modules.Metering/Domain/Entities/Metering/MeterLocationReference.cs(5,21): warning CS1591: Missing XML comment for publicly visible type or member 'MeterLocationReference' [/Users/kady/Masterdom/src/Masterdom.Modules.Metering/Masterdom.Modules.Metering.csproj]
/Users/kady/Masterdom/src/Masterdom.Modules.Metering/Domain/Entities/Metering/MeterLocationReference.cs(13,17): warning CS1591: Missing XML comment for publicly visible type or member 'MeterLocationReference.PropertyId' [/Users/kady/Masterdom/src/Masterdom.Modules.Metering/Masterdom.Modules.Metering.csproj]
/Users/kady/Masterdom/src/Masterdom.Modules.Metering/Domain/Entities/Metering/MeterLocationReference.cs(15,17): warning CS1591: Missing XML comment for publicly visible type or member 'MeterLocationReference.UnitId' [/Users/kady/Masterdom/src/Masterdom.Modules.Metering/Masterdom.Modules.Metering.csproj]
/Users/kady/Masterdom/src/Masterdom.Modules.Metering/Domain/Entities/Metering/MeterLocationReference.cs(17,42): warning CS1591: Missing XML comment for publicly visible type or member 'MeterLocationReference.Create(Guid, Guid)' [/Users/kady/Masterdom/src/Masterdom.Modules.Metering/Masterdom.Modules.Metering.csproj]
/Users/kady/Masterdom/src/Masterdom.Modules.Metering/Domain/Entities/Metering/MeterLocationReference.cs(32,45): warning CS1591: Missing XML comment for publicly visible type or member 'MeterLocationReference.GetEqualityComponents()' [/Users/kady/Masterdom/src/Masterdom.Modules.Metering/Masterdom.Modules.Metering.csproj]
/Users/kady/Masterdom/src/Masterdom.Modules.Metering/Domain/Entities/Metering/MeterNumber.cs(5,21): warning CS1591: Missing XML comment for publicly visible type or member 'MeterNumber' [/Users/kady/Masterdom/src/Masterdom.Modules.Metering/Masterdom.Modules.Metering.csproj]
/Users/kady/Masterdom/src/Masterdom.Modules.Metering/Domain/Entities/Metering/MeterNumber.cs(12,19): warning CS1591: Missing XML comment for publicly visible type or member 'MeterNumber.Value' [/Users/kady/Masterdom/src/Masterdom.Modules.Metering/Masterdom.Modules.Metering.csproj]
/Users/kady/Masterdom/src/Masterdom.Modules.Metering/Domain/Entities/Metering/MeterNumber.cs(14,31): warning CS1591: Missing XML comment for publicly visible type or member 'MeterNumber.Create(string)' [/Users/kady/Masterdom/src/Masterdom.Modules.Metering/Masterdom.Modules.Metering.csproj]
/Users/kady/Masterdom/src/Masterdom.Modules.Metering/Domain/Entities/Metering/MeterNumber.cs(27,45): warning CS1591: Missing XML comment for publicly visible type or member 'MeterNumber.GetEqualityComponents()' [/Users/kady/Masterdom/src/Masterdom.Modules.Metering/Masterdom.Modules.Metering.csproj]
/Users/kady/Masterdom/src/Masterdom.Modules.Metering/Domain/Entities/Metering/MeterNumber.cs(32,28): warning CS1591: Missing XML comment for publicly visible type or member 'MeterNumber.ToString()' [/Users/kady/Masterdom/src/Masterdom.Modules.Metering/Masterdom.Modules.Metering.csproj]
/Users/kady/Masterdom/src/Masterdom.Modules.Metering/Domain/Entities/Metering/MeterReading.cs(5,21): warning CS1591: Missing XML comment for publicly visible type or member 'MeterReading' [/Users/kady/Masterdom/src/Masterdom.Modules.Metering/Masterdom.Modules.Metering.csproj]
/Users/kady/Masterdom/src/Masterdom.Modules.Metering/Domain/Entities/Metering/MeterReading.cs(41,17): warning CS1591: Missing XML comment for publicly visible type or member 'MeterReading.ReadingId' [/Users/kady/Masterdom/src/Masterdom.Modules.Metering/Masterdom.Modules.Metering.csproj]
/Users/kady/Masterdom/src/Masterdom.Modules.Metering/Domain/Entities/Metering/MeterReading.cs(43,24): warning CS1591: Missing XML comment for publicly visible type or member 'MeterReading.ReadingDate' [/Users/kady/Masterdom/src/Masterdom.Modules.Metering/Masterdom.Modules.Metering.csproj]
/Users/kady/Masterdom/src/Masterdom.Modules.Metering/Domain/Entities/Metering/MeterReading.cs(45,25): warning CS1591: Missing XML comment for publicly visible type or member 'MeterReading.ReadingValue' [/Users/kady/Masterdom/src/Masterdom.Modules.Metering/Masterdom.Modules.Metering.csproj]
/Users/kady/Masterdom/src/Masterdom.Modules.Metering/Domain/Entities/Metering/MeterReading.cs(47,26): warning CS1591: Missing XML comment for publicly visible type or member 'MeterReading.ReadingSource' [/Users/kady/Masterdom/src/Masterdom.Modules.Metering/Masterdom.Modules.Metering.csproj]
/Users/kady/Masterdom/src/Masterdom.Modules.Metering/Domain/Entities/Metering/MeterReading.cs(49,24): warning CS1591: Missing XML comment for publicly visible type or member 'MeterReading.SubmittedBy' [/Users/kady/Masterdom/src/Masterdom.Modules.Metering/Masterdom.Modules.Metering.csproj]
/Users/kady/Masterdom/src/Masterdom.Modules.Metering/Domain/Entities/Metering/MeterReading.cs(51,21): warning CS1591: Missing XML comment for publicly visible type or member 'MeterReading.SubmittedAtUtc' [/Users/kady/Masterdom/src/Masterdom.Modules.Metering/Masterdom.Modules.Metering.csproj]
/Users/kady/Masterdom/src/Masterdom.Modules.Metering/Domain/Entities/Metering/MeterReading.cs(53,26): warning CS1591: Missing XML comment for publicly visible type or member 'MeterReading.ReadingStatus' [/Users/kady/Masterdom/src/Masterdom.Modules.Metering/Masterdom.Modules.Metering.csproj]
/Users/kady/Masterdom/src/Masterdom.Modules.Metering/Domain/Entities/Metering/MeterReading.cs(55,27): warning CS1591: Missing XML comment for publicly visible type or member 'MeterReading.ApprovalStatus' [/Users/kady/Masterdom/src/Masterdom.Modules.Metering/Masterdom.Modules.Metering.csproj]
/Users/kady/Masterdom/src/Masterdom.Modules.Metering/Domain/Entities/Metering/MeterReading.cs(57,17): warning CS1591: Missing XML comment for publicly visible type or member 'MeterReading.IsRollover' [/Users/kady/Masterdom/src/Masterdom.Modules.Metering/Masterdom.Modules.Metering.csproj]
/Users/kady/Masterdom/src/Masterdom.Modules.Metering/Domain/Entities/Metering/MeterReading.cs(59,25): warning CS1591: Missing XML comment for publicly visible type or member 'MeterReading.Consumption' [/Users/kady/Masterdom/src/Masterdom.Modules.Metering/Masterdom.Modules.Metering.csproj]
/Users/kady/Masterdom/src/Masterdom.Modules.Metering/Domain/Entities/Metering/MeterReading.cs(61,24): warning CS1591: Missing XML comment for publicly visible type or member 'MeterReading.ReviewedBy' [/Users/kady/Masterdom/src/Masterdom.Modules.Metering/Masterdom.Modules.Metering.csproj]
/Users/kady/Masterdom/src/Masterdom.Modules.Metering/Domain/Entities/Metering/MeterReading.cs(63,24): warning CS1591: Missing XML comment for publicly visible type or member 'MeterReading.ReviewDate' [/Users/kady/Masterdom/src/Masterdom.Modules.Metering/Masterdom.Modules.Metering.csproj]
/Users/kady/Masterdom/src/Masterdom.Modules.Metering/Domain/Entities/Metering/MeterReading.cs(65,26): warning CS1591: Missing XML comment for publicly visible type or member 'MeterReading.ReadingNotes' [/Users/kady/Masterdom/src/Masterdom.Modules.Metering/Masterdom.Modules.Metering.csproj]
/Users/kady/Masterdom/src/Masterdom.Modules.Metering/Domain/Entities/Metering/MeterReading.cs(67,30): warning CS1591: Missing XML comment for publicly visible type or member 'MeterReading.CorrectionHistory' [/Users/kady/Masterdom/src/Masterdom.Modules.Metering/Masterdom.Modules.Metering.csproj]
/Users/kady/Masterdom/src/Masterdom.Modules.Metering/Domain/Entities/Metering/MeterReading.cs(69,28): warning CS1591: Missing XML comment for publicly visible type or member 'MeterReading.Snapshot' [/Users/kady/Masterdom/src/Masterdom.Modules.Metering/Masterdom.Modules.Metering.csproj]
/Users/kady/Masterdom/src/Masterdom.Modules.Metering/Domain/Entities/Metering/MeterReading.cs(71,32): warning CS1591: Missing XML comment for publicly visible type or member 'MeterReading.Submit(ReadingDate, ReadingValue, ReadingSource, SubmittedBy, DateTime, bool, ReadingNotes?)' [/Users/kady/Masterdom/src/Masterdom.Modules.Metering/Masterdom.Modules.Metering.csproj]
/Users/kady/Masterdom/src/Masterdom.Modules.Metering/Domain/Entities/Metering/MeterReading.cs(105,25): warning CS1591: Missing XML comment for publicly visible type or member 'MeterReading.Approve(ReviewedBy, ReviewDate, Consumption)' [/Users/kady/Masterdom/src/Masterdom.Modules.Metering/Masterdom.Modules.Metering.csproj]
/Users/kady/Masterdom/src/Masterdom.Modules.Metering/Domain/Entities/Metering/MeterReading.cs(129,25): warning CS1591: Missing XML comment for publicly visible type or member 'MeterReading.Correct(ReadingValue, ReadingCorrection, Consumption?)' [/Users/kady/Masterdom/src/Masterdom.Modules.Metering/Masterdom.Modules.Metering.csproj]
/Users/kady/Masterdom/src/Masterdom.Modules.Metering/Domain/Entities/Metering/MeterReading.cs(154,45): warning CS1591: Missing XML comment for publicly visible type or member 'MeterReading.GetEqualityComponents()' [/Users/kady/Masterdom/src/Masterdom.Modules.Metering/Masterdom.Modules.Metering.csproj]
/Users/kady/Masterdom/src/Masterdom.Modules.Metering/Domain/Entities/Metering/MeterStatus.cs(5,21): warning CS1591: Missing XML comment for publicly visible type or member 'MeterStatus' [/Users/kady/Masterdom/src/Masterdom.Modules.Metering/Masterdom.Modules.Metering.csproj]
/Users/kady/Masterdom/src/Masterdom.Modules.Metering/Domain/Entities/Metering/MeterStatus.cs(7,40): warning CS1591: Missing XML comment for publicly visible type or member 'MeterStatus.Installed' [/Users/kady/Masterdom/src/Masterdom.Modules.Metering/Masterdom.Modules.Metering.csproj]
/Users/kady/Masterdom/src/Masterdom.Modules.Metering/Domain/Entities/Metering/MeterStatus.cs(8,40): warning CS1591: Missing XML comment for publicly visible type or member 'MeterStatus.Active' [/Users/kady/Masterdom/src/Masterdom.Modules.Metering/Masterdom.Modules.Metering.csproj]
/Users/kady/Masterdom/src/Masterdom.Modules.Metering/Domain/Entities/Metering/MeterStatus.cs(9,40): warning CS1591: Missing XML comment for publicly visible type or member 'MeterStatus.Retired' [/Users/kady/Masterdom/src/Masterdom.Modules.Metering/Masterdom.Modules.Metering.csproj]
/Users/kady/Masterdom/src/Masterdom.Modules.Metering/Domain/Entities/Metering/MeterStatus.cs(16,19): warning CS1591: Missing XML comment for publicly visible type or member 'MeterStatus.Value' [/Users/kady/Masterdom/src/Masterdom.Modules.Metering/Masterdom.Modules.Metering.csproj]
/Users/kady/Masterdom/src/Masterdom.Modules.Metering/Domain/Entities/Metering/MeterStatus.cs(18,31): warning CS1591: Missing XML comment for publicly visible type or member 'MeterStatus.Create(string)' [/Users/kady/Masterdom/src/Masterdom.Modules.Metering/Masterdom.Modules.Metering.csproj]
/Users/kady/Masterdom/src/Masterdom.Modules.Metering/Domain/Entities/Metering/MeterStatus.cs(31,45): warning CS1591: Missing XML comment for publicly visible type or member 'MeterStatus.GetEqualityComponents()' [/Users/kady/Masterdom/src/Masterdom.Modules.Metering/Masterdom.Modules.Metering.csproj]
/Users/kady/Masterdom/src/Masterdom.Modules.Metering/Domain/Entities/Metering/MeterType.cs(5,21): warning CS1591: Missing XML comment for publicly visible type or member 'MeterType' [/Users/kady/Masterdom/src/Masterdom.Modules.Metering/Masterdom.Modules.Metering.csproj]
/Users/kady/Masterdom/src/Masterdom.Modules.Metering/Domain/Entities/Metering/MeterType.cs(7,38): warning CS1591: Missing XML comment for publicly visible type or member 'MeterType.Mechanical' [/Users/kady/Masterdom/src/Masterdom.Modules.Metering/Masterdom.Modules.Metering.csproj]
/Users/kady/Masterdom/src/Masterdom.Modules.Metering/Domain/Entities/Metering/MeterType.cs(8,38): warning CS1591: Missing XML comment for publicly visible type or member 'MeterType.Digital' [/Users/kady/Masterdom/src/Masterdom.Modules.Metering/Masterdom.Modules.Metering.csproj]
/Users/kady/Masterdom/src/Masterdom.Modules.Metering/Domain/Entities/Metering/MeterType.cs(9,38): warning CS1591: Missing XML comment for publicly visible type or member 'MeterType.Smart' [/Users/kady/Masterdom/src/Masterdom.Modules.Metering/Masterdom.Modules.Metering.csproj]
/Users/kady/Masterdom/src/Masterdom.Modules.Metering/Domain/Entities/Metering/MeterType.cs(16,19): warning CS1591: Missing XML comment for publicly visible type or member 'MeterType.Value' [/Users/kady/Masterdom/src/Masterdom.Modules.Metering/Masterdom.Modules.Metering.csproj]
/Users/kady/Masterdom/src/Masterdom.Modules.Metering/Domain/Entities/Metering/MeterType.cs(18,29): warning CS1591: Missing XML comment for publicly visible type or member 'MeterType.Create(string)' [/Users/kady/Masterdom/src/Masterdom.Modules.Metering/Masterdom.Modules.Metering.csproj]
/Users/kady/Masterdom/src/Masterdom.Modules.Metering/Domain/Entities/Metering/MeterType.cs(31,45): warning CS1591: Missing XML comment for publicly visible type or member 'MeterType.GetEqualityComponents()' [/Users/kady/Masterdom/src/Masterdom.Modules.Metering/Masterdom.Modules.Metering.csproj]
/Users/kady/Masterdom/src/Masterdom.Modules.Metering/Domain/Entities/Metering/ReadingCorrection.cs(5,21): warning CS1591: Missing XML comment for publicly visible type or member 'ReadingCorrection' [/Users/kady/Masterdom/src/Masterdom.Modules.Metering/Masterdom.Modules.Metering.csproj]
/Users/kady/Masterdom/src/Masterdom.Modules.Metering/Domain/Entities/Metering/ReadingCorrection.cs(21,20): warning CS1591: Missing XML comment for publicly visible type or member 'ReadingCorrection.PreviousValue' [/Users/kady/Masterdom/src/Masterdom.Modules.Metering/Masterdom.Modules.Metering.csproj]
/Users/kady/Masterdom/src/Masterdom.Modules.Metering/Domain/Entities/Metering/ReadingCorrection.cs(23,20): warning CS1591: Missing XML comment for publicly visible type or member 'ReadingCorrection.CorrectedValue' [/Users/kady/Masterdom/src/Masterdom.Modules.Metering/Masterdom.Modules.Metering.csproj]
/Users/kady/Masterdom/src/Masterdom.Modules.Metering/Domain/Entities/Metering/ReadingCorrection.cs(25,19): warning CS1591: Missing XML comment for publicly visible type or member 'ReadingCorrection.Reason' [/Users/kady/Masterdom/src/Masterdom.Modules.Metering/Masterdom.Modules.Metering.csproj]
/Users/kady/Masterdom/src/Masterdom.Modules.Metering/Domain/Entities/Metering/ReadingCorrection.cs(27,24): warning CS1591: Missing XML comment for publicly visible type or member 'ReadingCorrection.CorrectedBy' [/Users/kady/Masterdom/src/Masterdom.Modules.Metering/Masterdom.Modules.Metering.csproj]
/Users/kady/Masterdom/src/Masterdom.Modules.Metering/Domain/Entities/Metering/ReadingCorrection.cs(29,21): warning CS1591: Missing XML comment for publicly visible type or member 'ReadingCorrection.CorrectedAtUtc' [/Users/kady/Masterdom/src/Masterdom.Modules.Metering/Masterdom.Modules.Metering.csproj]
/Users/kady/Masterdom/src/Masterdom.Modules.Metering/Domain/Entities/Metering/ReadingCorrection.cs(31,37): warning CS1591: Missing XML comment for publicly visible type or member 'ReadingCorrection.Create(decimal, decimal, string, SubmittedBy, DateTime)' [/Users/kady/Masterdom/src/Masterdom.Modules.Metering/Masterdom.Modules.Metering.csproj]
/Users/kady/Masterdom/src/Masterdom.Modules.Metering/Domain/Entities/Metering/ReadingCorrection.cs(60,45): warning CS1591: Missing XML comment for publicly visible type or member 'ReadingCorrection.GetEqualityComponents()' [/Users/kady/Masterdom/src/Masterdom.Modules.Metering/Masterdom.Modules.Metering.csproj]
/Users/kady/Masterdom/src/Masterdom.Modules.Metering/Domain/Entities/Metering/ReadingDate.cs(5,21): warning CS1591: Missing XML comment for publicly visible type or member 'ReadingDate' [/Users/kady/Masterdom/src/Masterdom.Modules.Metering/Masterdom.Modules.Metering.csproj]
/Users/kady/Masterdom/src/Masterdom.Modules.Metering/Domain/Entities/Metering/ReadingDate.cs(12,21): warning CS1591: Missing XML comment for publicly visible type or member 'ReadingDate.Value' [/Users/kady/Masterdom/src/Masterdom.Modules.Metering/Masterdom.Modules.Metering.csproj]
/Users/kady/Masterdom/src/Masterdom.Modules.Metering/Domain/Entities/Metering/ReadingDate.cs(14,31): warning CS1591: Missing XML comment for publicly visible type or member 'ReadingDate.Create(DateOnly)' [/Users/kady/Masterdom/src/Masterdom.Modules.Metering/Masterdom.Modules.Metering.csproj]
/Users/kady/Masterdom/src/Masterdom.Modules.Metering/Domain/Entities/Metering/ReadingDate.cs(19,45): warning CS1591: Missing XML comment for publicly visible type or member 'ReadingDate.GetEqualityComponents()' [/Users/kady/Masterdom/src/Masterdom.Modules.Metering/Masterdom.Modules.Metering.csproj]
/Users/kady/Masterdom/src/Masterdom.Modules.Metering/Domain/Entities/Metering/ReadingNotes.cs(5,21): warning CS1591: Missing XML comment for publicly visible type or member 'ReadingNotes' [/Users/kady/Masterdom/src/Masterdom.Modules.Metering/Masterdom.Modules.Metering.csproj]
/Users/kady/Masterdom/src/Masterdom.Modules.Metering/Domain/Entities/Metering/ReadingNotes.cs(12,19): warning CS1591: Missing XML comment for publicly visible type or member 'ReadingNotes.Value' [/Users/kady/Masterdom/src/Masterdom.Modules.Metering/Masterdom.Modules.Metering.csproj]
/Users/kady/Masterdom/src/Masterdom.Modules.Metering/Domain/Entities/Metering/ReadingNotes.cs(14,32): warning CS1591: Missing XML comment for publicly visible type or member 'ReadingNotes.Create(string)' [/Users/kady/Masterdom/src/Masterdom.Modules.Metering/Masterdom.Modules.Metering.csproj]
/Users/kady/Masterdom/src/Masterdom.Modules.Metering/Domain/Entities/Metering/ReadingNotes.cs(27,45): warning CS1591: Missing XML comment for publicly visible type or member 'ReadingNotes.GetEqualityComponents()' [/Users/kady/Masterdom/src/Masterdom.Modules.Metering/Masterdom.Modules.Metering.csproj]
/Users/kady/Masterdom/src/Masterdom.Modules.Metering/Domain/Entities/Metering/ReadingSnapshot.cs(5,21): warning CS1591: Missing XML comment for publicly visible type or member 'ReadingSnapshot' [/Users/kady/Masterdom/src/Masterdom.Modules.Metering/Masterdom.Modules.Metering.csproj]
/Users/kady/Masterdom/src/Masterdom.Modules.Metering/Domain/Entities/Metering/ReadingSnapshot.cs(14,21): warning CS1591: Missing XML comment for publicly visible type or member 'ReadingSnapshot.CapturedAtUtc' [/Users/kady/Masterdom/src/Masterdom.Modules.Metering/Masterdom.Modules.Metering.csproj]
/Users/kady/Masterdom/src/Masterdom.Modules.Metering/Domain/Entities/Metering/ReadingSnapshot.cs(16,26): warning CS1591: Missing XML comment for publicly visible type or member 'ReadingSnapshot.ReadingStatus' [/Users/kady/Masterdom/src/Masterdom.Modules.Metering/Masterdom.Modules.Metering.csproj]
/Users/kady/Masterdom/src/Masterdom.Modules.Metering/Domain/Entities/Metering/ReadingSnapshot.cs(18,27): warning CS1591: Missing XML comment for publicly visible type or member 'ReadingSnapshot.ApprovalStatus' [/Users/kady/Masterdom/src/Masterdom.Modules.Metering/Masterdom.Modules.Metering.csproj]
/Users/kady/Masterdom/src/Masterdom.Modules.Metering/Domain/Entities/Metering/ReadingSnapshot.cs(20,35): warning CS1591: Missing XML comment for publicly visible type or member 'ReadingSnapshot.Create(DateTime, ReadingStatus, ApprovalStatus)' [/Users/kady/Masterdom/src/Masterdom.Modules.Metering/Masterdom.Modules.Metering.csproj]
/Users/kady/Masterdom/src/Masterdom.Modules.Metering/Domain/Entities/Metering/ReadingSnapshot.cs(31,45): warning CS1591: Missing XML comment for publicly visible type or member 'ReadingSnapshot.GetEqualityComponents()' [/Users/kady/Masterdom/src/Masterdom.Modules.Metering/Masterdom.Modules.Metering.csproj]
/Users/kady/Masterdom/src/Masterdom.Modules.Metering/Domain/Entities/Metering/ReadingSource.cs(5,21): warning CS1591: Missing XML comment for publicly visible type or member 'ReadingSource' [/Users/kady/Masterdom/src/Masterdom.Modules.Metering/Masterdom.Modules.Metering.csproj]
/Users/kady/Masterdom/src/Masterdom.Modules.Metering/Domain/Entities/Metering/ReadingSource.cs(7,42): warning CS1591: Missing XML comment for publicly visible type or member 'ReadingSource.Manual' [/Users/kady/Masterdom/src/Masterdom.Modules.Metering/Masterdom.Modules.Metering.csproj]
/Users/kady/Masterdom/src/Masterdom.Modules.Metering/Domain/Entities/Metering/ReadingSource.cs(8,42): warning CS1591: Missing XML comment for publicly visible type or member 'ReadingSource.Device' [/Users/kady/Masterdom/src/Masterdom.Modules.Metering/Masterdom.Modules.Metering.csproj]
/Users/kady/Masterdom/src/Masterdom.Modules.Metering/Domain/Entities/Metering/ReadingSource.cs(9,42): warning CS1591: Missing XML comment for publicly visible type or member 'ReadingSource.Imported' [/Users/kady/Masterdom/src/Masterdom.Modules.Metering/Masterdom.Modules.Metering.csproj]
/Users/kady/Masterdom/src/Masterdom.Modules.Metering/Domain/Entities/Metering/ReadingSource.cs(16,19): warning CS1591: Missing XML comment for publicly visible type or member 'ReadingSource.Value' [/Users/kady/Masterdom/src/Masterdom.Modules.Metering/Masterdom.Modules.Metering.csproj]
/Users/kady/Masterdom/src/Masterdom.Modules.Metering/Domain/Entities/Metering/ReadingSource.cs(18,33): warning CS1591: Missing XML comment for publicly visible type or member 'ReadingSource.Create(string)' [/Users/kady/Masterdom/src/Masterdom.Modules.Metering/Masterdom.Modules.Metering.csproj]
/Users/kady/Masterdom/src/Masterdom.Modules.Metering/Domain/Entities/Metering/ReadingSource.cs(31,45): warning CS1591: Missing XML comment for publicly visible type or member 'ReadingSource.GetEqualityComponents()' [/Users/kady/Masterdom/src/Masterdom.Modules.Metering/Masterdom.Modules.Metering.csproj]
/Users/kady/Masterdom/src/Masterdom.Modules.Metering/Domain/Entities/Metering/ReadingStatus.cs(5,21): warning CS1591: Missing XML comment for publicly visible type or member 'ReadingStatus' [/Users/kady/Masterdom/src/Masterdom.Modules.Metering/Masterdom.Modules.Metering.csproj]
/Users/kady/Masterdom/src/Masterdom.Modules.Metering/Domain/Entities/Metering/ReadingStatus.cs(7,42): warning CS1591: Missing XML comment for publicly visible type or member 'ReadingStatus.Submitted' [/Users/kady/Masterdom/src/Masterdom.Modules.Metering/Masterdom.Modules.Metering.csproj]
/Users/kady/Masterdom/src/Masterdom.Modules.Metering/Domain/Entities/Metering/ReadingStatus.cs(8,42): warning CS1591: Missing XML comment for publicly visible type or member 'ReadingStatus.Approved' [/Users/kady/Masterdom/src/Masterdom.Modules.Metering/Masterdom.Modules.Metering.csproj]
/Users/kady/Masterdom/src/Masterdom.Modules.Metering/Domain/Entities/Metering/ReadingStatus.cs(9,42): warning CS1591: Missing XML comment for publicly visible type or member 'ReadingStatus.Corrected' [/Users/kady/Masterdom/src/Masterdom.Modules.Metering/Masterdom.Modules.Metering.csproj]
/Users/kady/Masterdom/src/Masterdom.Modules.Metering/Domain/Entities/Metering/ReadingStatus.cs(16,19): warning CS1591: Missing XML comment for publicly visible type or member 'ReadingStatus.Value' [/Users/kady/Masterdom/src/Masterdom.Modules.Metering/Masterdom.Modules.Metering.csproj]
/Users/kady/Masterdom/src/Masterdom.Modules.Metering/Domain/Entities/Metering/ReadingStatus.cs(18,33): warning CS1591: Missing XML comment for publicly visible type or member 'ReadingStatus.Create(string)' [/Users/kady/Masterdom/src/Masterdom.Modules.Metering/Masterdom.Modules.Metering.csproj]
/Users/kady/Masterdom/src/Masterdom.Modules.Metering/Domain/Entities/Metering/ReadingStatus.cs(31,45): warning CS1591: Missing XML comment for publicly visible type or member 'ReadingStatus.GetEqualityComponents()' [/Users/kady/Masterdom/src/Masterdom.Modules.Metering/Masterdom.Modules.Metering.csproj]
/Users/kady/Masterdom/src/Masterdom.Modules.Metering/Domain/Entities/Metering/ReadingValue.cs(5,21): warning CS1591: Missing XML comment for publicly visible type or member 'ReadingValue' [/Users/kady/Masterdom/src/Masterdom.Modules.Metering/Masterdom.Modules.Metering.csproj]
/Users/kady/Masterdom/src/Masterdom.Modules.Metering/Domain/Entities/Metering/ReadingValue.cs(12,20): warning CS1591: Missing XML comment for publicly visible type or member 'ReadingValue.Value' [/Users/kady/Masterdom/src/Masterdom.Modules.Metering/Masterdom.Modules.Metering.csproj]
/Users/kady/Masterdom/src/Masterdom.Modules.Metering/Domain/Entities/Metering/ReadingValue.cs(14,32): warning CS1591: Missing XML comment for publicly visible type or member 'ReadingValue.Create(decimal)' [/Users/kady/Masterdom/src/Masterdom.Modules.Metering/Masterdom.Modules.Metering.csproj]
/Users/kady/Masterdom/src/Masterdom.Modules.Metering/Domain/Entities/Metering/ReadingValue.cs(24,45): warning CS1591: Missing XML comment for publicly visible type or member 'ReadingValue.GetEqualityComponents()' [/Users/kady/Masterdom/src/Masterdom.Modules.Metering/Masterdom.Modules.Metering.csproj]
/Users/kady/Masterdom/src/Masterdom.Modules.Metering/Domain/Entities/Metering/RemovalDate.cs(5,21): warning CS1591: Missing XML comment for publicly visible type or member 'RemovalDate' [/Users/kady/Masterdom/src/Masterdom.Modules.Metering/Masterdom.Modules.Metering.csproj]
/Users/kady/Masterdom/src/Masterdom.Modules.Metering/Domain/Entities/Metering/RemovalDate.cs(12,21): warning CS1591: Missing XML comment for publicly visible type or member 'RemovalDate.Value' [/Users/kady/Masterdom/src/Masterdom.Modules.Metering/Masterdom.Modules.Metering.csproj]
/Users/kady/Masterdom/src/Masterdom.Modules.Metering/Domain/Entities/Metering/RemovalDate.cs(14,31): warning CS1591: Missing XML comment for publicly visible type or member 'RemovalDate.Create(DateOnly)' [/Users/kady/Masterdom/src/Masterdom.Modules.Metering/Masterdom.Modules.Metering.csproj]
/Users/kady/Masterdom/src/Masterdom.Modules.Metering/Domain/Entities/Metering/RemovalDate.cs(19,45): warning CS1591: Missing XML comment for publicly visible type or member 'RemovalDate.GetEqualityComponents()' [/Users/kady/Masterdom/src/Masterdom.Modules.Metering/Masterdom.Modules.Metering.csproj]
/Users/kady/Masterdom/src/Masterdom.Modules.Metering/Domain/Entities/Metering/ReviewDate.cs(5,21): warning CS1591: Missing XML comment for publicly visible type or member 'ReviewDate' [/Users/kady/Masterdom/src/Masterdom.Modules.Metering/Masterdom.Modules.Metering.csproj]
/Users/kady/Masterdom/src/Masterdom.Modules.Metering/Domain/Entities/Metering/ReviewDate.cs(12,21): warning CS1591: Missing XML comment for publicly visible type or member 'ReviewDate.ValueUtc' [/Users/kady/Masterdom/src/Masterdom.Modules.Metering/Masterdom.Modules.Metering.csproj]
/Users/kady/Masterdom/src/Masterdom.Modules.Metering/Domain/Entities/Metering/ReviewDate.cs(14,30): warning CS1591: Missing XML comment for publicly visible type or member 'ReviewDate.Create(DateTime)' [/Users/kady/Masterdom/src/Masterdom.Modules.Metering/Masterdom.Modules.Metering.csproj]
/Users/kady/Masterdom/src/Masterdom.Modules.Metering/Domain/Entities/Metering/ReviewDate.cs(19,45): warning CS1591: Missing XML comment for publicly visible type or member 'ReviewDate.GetEqualityComponents()' [/Users/kady/Masterdom/src/Masterdom.Modules.Metering/Masterdom.Modules.Metering.csproj]
/Users/kady/Masterdom/src/Masterdom.Modules.Metering/Domain/Entities/Metering/ReviewedBy.cs(5,21): warning CS1591: Missing XML comment for publicly visible type or member 'ReviewedBy' [/Users/kady/Masterdom/src/Masterdom.Modules.Metering/Masterdom.Modules.Metering.csproj]
/Users/kady/Masterdom/src/Masterdom.Modules.Metering/Domain/Entities/Metering/ReviewedBy.cs(12,19): warning CS1591: Missing XML comment for publicly visible type or member 'ReviewedBy.Value' [/Users/kady/Masterdom/src/Masterdom.Modules.Metering/Masterdom.Modules.Metering.csproj]
/Users/kady/Masterdom/src/Masterdom.Modules.Metering/Domain/Entities/Metering/ReviewedBy.cs(14,30): warning CS1591: Missing XML comment for publicly visible type or member 'ReviewedBy.Create(string)' [/Users/kady/Masterdom/src/Masterdom.Modules.Metering/Masterdom.Modules.Metering.csproj]
/Users/kady/Masterdom/src/Masterdom.Modules.Metering/Domain/Entities/Metering/ReviewedBy.cs(27,45): warning CS1591: Missing XML comment for publicly visible type or member 'ReviewedBy.GetEqualityComponents()' [/Users/kady/Masterdom/src/Masterdom.Modules.Metering/Masterdom.Modules.Metering.csproj]
/Users/kady/Masterdom/src/Masterdom.Modules.Metering/Domain/Entities/Metering/SubmittedBy.cs(5,21): warning CS1591: Missing XML comment for publicly visible type or member 'SubmittedBy' [/Users/kady/Masterdom/src/Masterdom.Modules.Metering/Masterdom.Modules.Metering.csproj]
/Users/kady/Masterdom/src/Masterdom.Modules.Metering/Domain/Entities/Metering/SubmittedBy.cs(12,19): warning CS1591: Missing XML comment for publicly visible type or member 'SubmittedBy.Value' [/Users/kady/Masterdom/src/Masterdom.Modules.Metering/Masterdom.Modules.Metering.csproj]
/Users/kady/Masterdom/src/Masterdom.Modules.Metering/Domain/Entities/Metering/SubmittedBy.cs(14,31): warning CS1591: Missing XML comment for publicly visible type or member 'SubmittedBy.Create(string)' [/Users/kady/Masterdom/src/Masterdom.Modules.Metering/Masterdom.Modules.Metering.csproj]
/Users/kady/Masterdom/src/Masterdom.Modules.Metering/Domain/Entities/Metering/SubmittedBy.cs(27,45): warning CS1591: Missing XML comment for publicly visible type or member 'SubmittedBy.GetEqualityComponents()' [/Users/kady/Masterdom/src/Masterdom.Modules.Metering/Masterdom.Modules.Metering.csproj]
/Users/kady/Masterdom/src/Masterdom.Abstractions/Financial/Posting/FinancialDocumentType.cs(3,13): warning CS1591: Missing XML comment for publicly visible type or member 'FinancialDocumentType' [/Users/kady/Masterdom/src/Masterdom.Abstractions/Masterdom.Abstractions.csproj]
/Users/kady/Masterdom/src/Masterdom.Modules.Metering/Domain/Repositories/IMeterRepository.cs(5,18): warning CS1591: Missing XML comment for publicly visible type or member 'IMeterRepository' [/Users/kady/Masterdom/src/Masterdom.Modules.Metering/Masterdom.Modules.Metering.csproj]
/Users/kady/Masterdom/src/Masterdom.Abstractions/Financial/Posting/FinancialDocumentType.cs(5,5): warning CS1591: Missing XML comment for publicly visible type or member 'FinancialDocumentType.Unspecified' [/Users/kady/Masterdom/src/Masterdom.Abstractions/Masterdom.Abstractions.csproj]
/Users/kady/Masterdom/src/Masterdom.Modules.Metering/Domain/Repositories/IMeterRepository.cs(7,10): warning CS1591: Missing XML comment for publicly visible type or member 'IMeterRepository.Add(Meter)' [/Users/kady/Masterdom/src/Masterdom.Modules.Metering/Masterdom.Modules.Metering.csproj]
/Users/kady/Masterdom/src/Masterdom.Abstractions/Financial/Posting/FinancialDocumentType.cs(6,5): warning CS1591: Missing XML comment for publicly visible type or member 'FinancialDocumentType.Invoice' [/Users/kady/Masterdom/src/Masterdom.Abstractions/Masterdom.Abstractions.csproj]
/Users/kady/Masterdom/src/Masterdom.Modules.Metering/Domain/Repositories/IMeterRepository.cs(9,12): warning CS1591: Missing XML comment for publicly visible type or member 'IMeterRepository.GetById(MeterId)' [/Users/kady/Masterdom/src/Masterdom.Modules.Metering/Masterdom.Modules.Metering.csproj]
/Users/kady/Masterdom/src/Masterdom.Modules.Metering/Domain/Repositories/IMeterRepository.cs(11,12): warning CS1591: Missing XML comment for publicly visible type or member 'IMeterRepository.GetByNumber(MeterNumber)' [/Users/kady/Masterdom/src/Masterdom.Modules.Metering/Masterdom.Modules.Metering.csproj]
/Users/kady/Masterdom/src/Masterdom.Modules.Metering/Domain/Repositories/IMeterRepository.cs(13,10): warning CS1591: Missing XML comment for publicly visible type or member 'IMeterRepository.Update(Meter)' [/Users/kady/Masterdom/src/Masterdom.Modules.Metering/Masterdom.Modules.Metering.csproj]
/Users/kady/Masterdom/src/Masterdom.Abstractions/Financial/Posting/FinancialDocumentType.cs(7,5): warning CS1591: Missing XML comment for publicly visible type or member 'FinancialDocumentType.Receipt' [/Users/kady/Masterdom/src/Masterdom.Abstractions/Masterdom.Abstractions.csproj]
/Users/kady/Masterdom/src/Masterdom.Abstractions/Financial/Posting/FinancialDocumentType.cs(8,5): warning CS1591: Missing XML comment for publicly visible type or member 'FinancialDocumentType.CreditNote' [/Users/kady/Masterdom/src/Masterdom.Abstractions/Masterdom.Abstractions.csproj]
/Users/kady/Masterdom/src/Masterdom.Abstractions/Financial/Posting/FinancialDocumentType.cs(9,5): warning CS1591: Missing XML comment for publicly visible type or member 'FinancialDocumentType.DebitNote' [/Users/kady/Masterdom/src/Masterdom.Abstractions/Masterdom.Abstractions.csproj]
/Users/kady/Masterdom/src/Masterdom.Abstractions/Financial/Posting/FinancialDocumentType.cs(10,5): warning CS1591: Missing XML comment for publicly visible type or member 'FinancialDocumentType.JournalEntry' [/Users/kady/Masterdom/src/Masterdom.Abstractions/Masterdom.Abstractions.csproj]
/Users/kady/Masterdom/src/Masterdom.Abstractions/Financial/Posting/FinancialDocumentType.cs(11,5): warning CS1591: Missing XML comment for publicly visible type or member 'FinancialDocumentType.Settlement' [/Users/kady/Masterdom/src/Masterdom.Abstractions/Masterdom.Abstractions.csproj]
/Users/kady/Masterdom/src/Masterdom.Abstractions/Financial/Posting/FinancialDocumentType.cs(12,5): warning CS1591: Missing XML comment for publicly visible type or member 'FinancialDocumentType.Statement' [/Users/kady/Masterdom/src/Masterdom.Abstractions/Masterdom.Abstractions.csproj]
/Users/kady/Masterdom/src/Masterdom.Abstractions/Financial/Posting/FinancialDocumentType.cs(13,5): warning CS1591: Missing XML comment for publicly visible type or member 'FinancialDocumentType.Other' [/Users/kady/Masterdom/src/Masterdom.Abstractions/Masterdom.Abstractions.csproj]
/Users/kady/Masterdom/src/Masterdom.Abstractions/Financial/Posting/FinancialPostingDirection.cs(3,13): warning CS1591: Missing XML comment for publicly visible type or member 'FinancialPostingDirection' [/Users/kady/Masterdom/src/Masterdom.Abstractions/Masterdom.Abstractions.csproj]
/Users/kady/Masterdom/src/Masterdom.Abstractions/Financial/Posting/FinancialPostingDirection.cs(5,5): warning CS1591: Missing XML comment for publicly visible type or member 'FinancialPostingDirection.Unspecified' [/Users/kady/Masterdom/src/Masterdom.Abstractions/Masterdom.Abstractions.csproj]
/Users/kady/Masterdom/src/Masterdom.Abstractions/Financial/Posting/FinancialPostingDirection.cs(6,5): warning CS1591: Missing XML comment for publicly visible type or member 'FinancialPostingDirection.Debit' [/Users/kady/Masterdom/src/Masterdom.Abstractions/Masterdom.Abstractions.csproj]
/Users/kady/Masterdom/src/Masterdom.Abstractions/Financial/Posting/FinancialPostingDirection.cs(7,5): warning CS1591: Missing XML comment for publicly visible type or member 'FinancialPostingDirection.Credit' [/Users/kady/Masterdom/src/Masterdom.Abstractions/Masterdom.Abstractions.csproj]
/Users/kady/Masterdom/src/Masterdom.Abstractions/Financial/Posting/FinancialPostingLine.cs(3,22): warning CS1591: Missing XML comment for publicly visible type or member 'FinancialPostingLine' [/Users/kady/Masterdom/src/Masterdom.Abstractions/Masterdom.Abstractions.csproj]
/Users/kady/Masterdom/src/Masterdom.Abstractions/Financial/Posting/FinancialPostingLine.cs(5,28): warning CS1591: Missing XML comment for publicly visible type or member 'FinancialPostingLine.LineId' [/Users/kady/Masterdom/src/Masterdom.Abstractions/Masterdom.Abstractions.csproj]
/Users/kady/Masterdom/src/Masterdom.Abstractions/Financial/Posting/FinancialPostingLine.cs(7,47): warning CS1591: Missing XML comment for publicly visible type or member 'FinancialPostingLine.Direction' [/Users/kady/Masterdom/src/Masterdom.Abstractions/Masterdom.Abstractions.csproj]
/Users/kady/Masterdom/src/Masterdom.Abstractions/Financial/Posting/FinancialPostingLine.cs(9,29): warning CS1591: Missing XML comment for publicly visible type or member 'FinancialPostingLine.Amount' [/Users/kady/Masterdom/src/Masterdom.Abstractions/Masterdom.Abstractions.csproj]
/Users/kady/Masterdom/src/Masterdom.Abstractions/Financial/Posting/FinancialPostingLine.cs(11,28): warning CS1591: Missing XML comment for publicly visible type or member 'FinancialPostingLine.CurrencyCode' [/Users/kady/Masterdom/src/Masterdom.Abstractions/Masterdom.Abstractions.csproj]
/Users/kady/Masterdom/src/Masterdom.Abstractions/Financial/Posting/FinancialPostingLine.cs(13,39): warning CS1591: Missing XML comment for publicly visible type or member 'FinancialPostingLine.Reference' [/Users/kady/Masterdom/src/Masterdom.Abstractions/Masterdom.Abstractions.csproj]
/Users/kady/Masterdom/src/Masterdom.Abstractions/Financial/Posting/FinancialPostingLine.cs(15,38): warning CS1591: Missing XML comment for publicly visible type or member 'FinancialPostingLine.Metadata' [/Users/kady/Masterdom/src/Masterdom.Abstractions/Masterdom.Abstractions.csproj]
/Users/kady/Masterdom/src/Masterdom.Abstractions/Financial/Posting/FinancialPostingLine.cs(17,20): warning CS1591: Missing XML comment for publicly visible type or member 'FinancialPostingLine.Description' [/Users/kady/Masterdom/src/Masterdom.Abstractions/Masterdom.Abstractions.csproj]
/Users/kady/Masterdom/src/Masterdom.Abstractions/Financial/Posting/FinancialPostingMetadata.cs(5,22): warning CS1591: Missing XML comment for publicly visible type or member 'FinancialPostingMetadata' [/Users/kady/Masterdom/src/Masterdom.Abstractions/Masterdom.Abstractions.csproj]
/Users/kady/Masterdom/src/Masterdom.Abstractions/Financial/Posting/FinancialPostingMetadata.cs(7,48): warning CS1591: Missing XML comment for publicly visible type or member 'FinancialPostingMetadata.Extensions' [/Users/kady/Masterdom/src/Masterdom.Abstractions/Masterdom.Abstractions.csproj]
/Users/kady/Masterdom/src/Masterdom.Abstractions/Financial/Posting/FinancialPostingReference.cs(3,22): warning CS1591: Missing XML comment for publicly visible type or member 'FinancialPostingReference' [/Users/kady/Masterdom/src/Masterdom.Abstractions/Masterdom.Abstractions.csproj]
/Users/kady/Masterdom/src/Masterdom.Abstractions/Financial/Posting/FinancialPostingReference.cs(5,20): warning CS1591: Missing XML comment for publicly visible type or member 'FinancialPostingReference.EntityType' [/Users/kady/Masterdom/src/Masterdom.Abstractions/Masterdom.Abstractions.csproj]
/Users/kady/Masterdom/src/Masterdom.Abstractions/Financial/Posting/FinancialPostingReference.cs(7,20): warning CS1591: Missing XML comment for publicly visible type or member 'FinancialPostingReference.EntityId' [/Users/kady/Masterdom/src/Masterdom.Abstractions/Masterdom.Abstractions.csproj]
/Users/kady/Masterdom/src/Masterdom.Abstractions/Financial/Posting/FinancialPostingReference.cs(9,20): warning CS1591: Missing XML comment for publicly visible type or member 'FinancialPostingReference.DocumentType' [/Users/kady/Masterdom/src/Masterdom.Abstractions/Masterdom.Abstractions.csproj]
/Users/kady/Masterdom/src/Masterdom.Abstractions/Financial/Posting/FinancialPostingReference.cs(11,20): warning CS1591: Missing XML comment for publicly visible type or member 'FinancialPostingReference.DocumentNumber' [/Users/kady/Masterdom/src/Masterdom.Abstractions/Masterdom.Abstractions.csproj]
/Users/kady/Masterdom/src/Masterdom.Abstractions/Financial/Posting/FinancialPostingReference.cs(13,20): warning CS1591: Missing XML comment for publicly visible type or member 'FinancialPostingReference.LineId' [/Users/kady/Masterdom/src/Masterdom.Abstractions/Masterdom.Abstractions.csproj]
/Users/kady/Masterdom/src/Masterdom.Abstractions/Financial/Posting/FinancialPostingReference.cs(15,20): warning CS1591: Missing XML comment for publicly visible type or member 'FinancialPostingReference.ExternalReference' [/Users/kady/Masterdom/src/Masterdom.Abstractions/Masterdom.Abstractions.csproj]
/Users/kady/Masterdom/src/Masterdom.Abstractions/Financial/Posting/FinancialPostingReference.cs(17,20): warning CS1591: Missing XML comment for publicly visible type or member 'FinancialPostingReference.TenantId' [/Users/kady/Masterdom/src/Masterdom.Abstractions/Masterdom.Abstractions.csproj]
/Users/kady/Masterdom/src/Masterdom.Abstractions/Financial/Posting/FinancialPostingRequest.cs(5,22): warning CS1591: Missing XML comment for publicly visible type or member 'FinancialPostingRequest' [/Users/kady/Masterdom/src/Masterdom.Abstractions/Masterdom.Abstractions.csproj]
/Users/kady/Masterdom/src/Masterdom.Abstractions/Financial/Posting/FinancialPostingRequest.cs(7,28): warning CS1591: Missing XML comment for publicly visible type or member 'FinancialPostingRequest.RequestId' [/Users/kady/Masterdom/src/Masterdom.Abstractions/Masterdom.Abstractions.csproj]
/Users/kady/Masterdom/src/Masterdom.Abstractions/Financial/Posting/FinancialPostingRequest.cs(9,28): warning CS1591: Missing XML comment for publicly visible type or member 'FinancialPostingRequest.CorrelationId' [/Users/kady/Masterdom/src/Masterdom.Abstractions/Masterdom.Abstractions.csproj]
/Users/kady/Masterdom/src/Masterdom.Abstractions/Financial/Posting/FinancialPostingRequest.cs(11,20): warning CS1591: Missing XML comment for publicly visible type or member 'FinancialPostingRequest.CausationId' [/Users/kady/Masterdom/src/Masterdom.Abstractions/Masterdom.Abstractions.csproj]
/Users/kady/Masterdom/src/Masterdom.Abstractions/Financial/Posting/FinancialPostingRequest.cs(13,28): warning CS1591: Missing XML comment for publicly visible type or member 'FinancialPostingRequest.IdempotencyKey' [/Users/kady/Masterdom/src/Masterdom.Abstractions/Masterdom.Abstractions.csproj]
/Users/kady/Masterdom/src/Masterdom.Abstractions/Financial/Posting/FinancialPostingRequest.cs(15,28): warning CS1591: Missing XML comment for publicly visible type or member 'FinancialPostingRequest.TenantId' [/Users/kady/Masterdom/src/Masterdom.Abstractions/Masterdom.Abstractions.csproj]
/Users/kady/Masterdom/src/Masterdom.Abstractions/Financial/Posting/FinancialPostingRequest.cs(17,28): warning CS1591: Missing XML comment for publicly visible type or member 'FinancialPostingRequest.CurrencyCode' [/Users/kady/Masterdom/src/Masterdom.Abstractions/Masterdom.Abstractions.csproj]
/Users/kady/Masterdom/src/Masterdom.Abstractions/Financial/Posting/FinancialPostingRequest.cs(19,36): warning CS1591: Missing XML comment for publicly visible type or member 'FinancialPostingRequest.OccurredAt' [/Users/kady/Masterdom/src/Masterdom.Abstractions/Masterdom.Abstractions.csproj]
/Users/kady/Masterdom/src/Masterdom.Abstractions/Financial/Posting/FinancialPostingRequest.cs(21,46): warning CS1591: Missing XML comment for publicly visible type or member 'FinancialPostingRequest.TransactionType' [/Users/kady/Masterdom/src/Masterdom.Abstractions/Masterdom.Abstractions.csproj]
/Users/kady/Masterdom/src/Masterdom.Abstractions/Financial/Posting/FinancialPostingRequest.cs(23,43): warning CS1591: Missing XML comment for publicly visible type or member 'FinancialPostingRequest.DocumentType' [/Users/kady/Masterdom/src/Masterdom.Abstractions/Masterdom.Abstractions.csproj]
/Users/kady/Masterdom/src/Masterdom.Abstractions/Financial/Posting/FinancialPostingRequest.cs(25,35): warning CS1591: Missing XML comment for publicly visible type or member 'FinancialPostingRequest.Source' [/Users/kady/Masterdom/src/Masterdom.Abstractions/Masterdom.Abstractions.csproj]
/Users/kady/Masterdom/src/Masterdom.Abstractions/Financial/Posting/FinancialPostingRequest.cs(27,39): warning CS1591: Missing XML comment for publicly visible type or member 'FinancialPostingRequest.Reference' [/Users/kady/Masterdom/src/Masterdom.Abstractions/Masterdom.Abstractions.csproj]
/Users/kady/Masterdom/src/Masterdom.Abstractions/Financial/Posting/FinancialPostingRequest.cs(29,38): warning CS1591: Missing XML comment for publicly visible type or member 'FinancialPostingRequest.Metadata' [/Users/kady/Masterdom/src/Masterdom.Abstractions/Masterdom.Abstractions.csproj]
/Users/kady/Masterdom/src/Masterdom.Abstractions/Financial/Posting/FinancialPostingRequest.cs(31,49): warning CS1591: Missing XML comment for publicly visible type or member 'FinancialPostingRequest.Lines' [/Users/kady/Masterdom/src/Masterdom.Abstractions/Masterdom.Abstractions.csproj]
/Users/kady/Masterdom/src/Masterdom.Abstractions/Financial/Posting/FinancialPostingRequest.cs(33,16): warning CS1591: Missing XML comment for publicly visible type or member 'FinancialPostingRequest.ContractVersion' [/Users/kady/Masterdom/src/Masterdom.Abstractions/Masterdom.Abstractions.csproj]
/Users/kady/Masterdom/src/Masterdom.Abstractions/Financial/Posting/FinancialPostingResult.cs(5,22): warning CS1591: Missing XML comment for publicly visible type or member 'FinancialPostingResult' [/Users/kady/Masterdom/src/Masterdom.Abstractions/Masterdom.Abstractions.csproj]
/Users/kady/Masterdom/src/Masterdom.Abstractions/Financial/Posting/FinancialPostingResult.cs(7,28): warning CS1591: Missing XML comment for publicly visible type or member 'FinancialPostingResult.RequestId' [/Users/kady/Masterdom/src/Masterdom.Abstractions/Masterdom.Abstractions.csproj]
/Users/kady/Masterdom/src/Masterdom.Abstractions/Financial/Posting/FinancialPostingResult.cs(9,28): warning CS1591: Missing XML comment for publicly visible type or member 'FinancialPostingResult.CorrelationId' [/Users/kady/Masterdom/src/Masterdom.Abstractions/Masterdom.Abstractions.csproj]
/Users/kady/Masterdom/src/Masterdom.Abstractions/Financial/Posting/FinancialPostingResult.cs(11,20): warning CS1591: Missing XML comment for publicly visible type or member 'FinancialPostingResult.CausationId' [/Users/kady/Masterdom/src/Masterdom.Abstractions/Masterdom.Abstractions.csproj]
/Users/kady/Masterdom/src/Masterdom.Abstractions/Financial/Posting/FinancialPostingResult.cs(13,28): warning CS1591: Missing XML comment for publicly visible type or member 'FinancialPostingResult.IdempotencyKey' [/Users/kady/Masterdom/src/Masterdom.Abstractions/Masterdom.Abstractions.csproj]
/Users/kady/Masterdom/src/Masterdom.Abstractions/Financial/Posting/FinancialPostingResult.cs(15,28): warning CS1591: Missing XML comment for publicly visible type or member 'FinancialPostingResult.TenantId' [/Users/kady/Masterdom/src/Masterdom.Abstractions/Masterdom.Abstractions.csproj]
/Users/kady/Masterdom/src/Masterdom.Abstractions/Financial/Posting/FinancialPostingResult.cs(17,28): warning CS1591: Missing XML comment for publicly visible type or member 'FinancialPostingResult.CurrencyCode' [/Users/kady/Masterdom/src/Masterdom.Abstractions/Masterdom.Abstractions.csproj]
/Users/kady/Masterdom/src/Masterdom.Abstractions/Financial/Posting/FinancialPostingResult.cs(19,36): warning CS1591: Missing XML comment for publicly visible type or member 'FinancialPostingResult.ProcessedAt' [/Users/kady/Masterdom/src/Masterdom.Abstractions/Masterdom.Abstractions.csproj]
/Users/kady/Masterdom/src/Masterdom.Abstractions/Financial/Posting/FinancialPostingResult.cs(21,44): warning CS1591: Missing XML comment for publicly visible type or member 'FinancialPostingResult.Status' [/Users/kady/Masterdom/src/Masterdom.Abstractions/Masterdom.Abstractions.csproj]
/Users/kady/Masterdom/src/Masterdom.Abstractions/Financial/Posting/FinancialPostingResult.cs(23,20): warning CS1591: Missing XML comment for publicly visible type or member 'FinancialPostingResult.PostingId' [/Users/kady/Masterdom/src/Masterdom.Abstractions/Masterdom.Abstractions.csproj]
/Users/kady/Masterdom/src/Masterdom.Abstractions/Financial/Posting/FinancialPostingResult.cs(25,20): warning CS1591: Missing XML comment for publicly visible type or member 'FinancialPostingResult.BatchId' [/Users/kady/Masterdom/src/Masterdom.Abstractions/Masterdom.Abstractions.csproj]
/Users/kady/Masterdom/src/Masterdom.Abstractions/Financial/Posting/FinancialPostingResult.cs(27,20): warning CS1591: Missing XML comment for publicly visible type or member 'FinancialPostingResult.Message' [/Users/kady/Masterdom/src/Masterdom.Abstractions/Masterdom.Abstractions.csproj]
/Users/kady/Masterdom/src/Masterdom.Abstractions/Financial/Posting/FinancialPostingResult.cs(29,39): warning CS1591: Missing XML comment for publicly visible type or member 'FinancialPostingResult.Reference' [/Users/kady/Masterdom/src/Masterdom.Abstractions/Masterdom.Abstractions.csproj]
/Users/kady/Masterdom/src/Masterdom.Abstractions/Financial/Posting/FinancialPostingResult.cs(31,38): warning CS1591: Missing XML comment for publicly visible type or member 'FinancialPostingResult.Metadata' [/Users/kady/Masterdom/src/Masterdom.Abstractions/Masterdom.Abstractions.csproj]
/Users/kady/Masterdom/src/Masterdom.Abstractions/Financial/Posting/FinancialPostingResult.cs(33,49): warning CS1591: Missing XML comment for publicly visible type or member 'FinancialPostingResult.Lines' [/Users/kady/Masterdom/src/Masterdom.Abstractions/Masterdom.Abstractions.csproj]
/Users/kady/Masterdom/src/Masterdom.Abstractions/Financial/Posting/FinancialPostingResult.cs(35,16): warning CS1591: Missing XML comment for publicly visible type or member 'FinancialPostingResult.ContractVersion' [/Users/kady/Masterdom/src/Masterdom.Abstractions/Masterdom.Abstractions.csproj]
/Users/kady/Masterdom/src/Masterdom.Abstractions/Financial/Posting/FinancialPostingStatus.cs(3,13): warning CS1591: Missing XML comment for publicly visible type or member 'FinancialPostingStatus' [/Users/kady/Masterdom/src/Masterdom.Abstractions/Masterdom.Abstractions.csproj]
/Users/kady/Masterdom/src/Masterdom.Abstractions/Financial/Posting/FinancialPostingStatus.cs(5,5): warning CS1591: Missing XML comment for publicly visible type or member 'FinancialPostingStatus.Unspecified' [/Users/kady/Masterdom/src/Masterdom.Abstractions/Masterdom.Abstractions.csproj]
/Users/kady/Masterdom/src/Masterdom.Abstractions/Financial/Posting/FinancialPostingStatus.cs(6,5): warning CS1591: Missing XML comment for publicly visible type or member 'FinancialPostingStatus.Pending' [/Users/kady/Masterdom/src/Masterdom.Abstractions/Masterdom.Abstractions.csproj]
/Users/kady/Masterdom/src/Masterdom.Abstractions/Financial/Posting/FinancialPostingStatus.cs(7,5): warning CS1591: Missing XML comment for publicly visible type or member 'FinancialPostingStatus.Accepted' [/Users/kady/Masterdom/src/Masterdom.Abstractions/Masterdom.Abstractions.csproj]
/Users/kady/Masterdom/src/Masterdom.Abstractions/Financial/Posting/FinancialPostingStatus.cs(8,5): warning CS1591: Missing XML comment for publicly visible type or member 'FinancialPostingStatus.Rejected' [/Users/kady/Masterdom/src/Masterdom.Abstractions/Masterdom.Abstractions.csproj]
/Users/kady/Masterdom/src/Masterdom.Abstractions/Financial/Posting/FinancialPostingStatus.cs(9,5): warning CS1591: Missing XML comment for publicly visible type or member 'FinancialPostingStatus.Posted' [/Users/kady/Masterdom/src/Masterdom.Abstractions/Masterdom.Abstractions.csproj]
/Users/kady/Masterdom/src/Masterdom.Abstractions/Financial/Posting/FinancialPostingStatus.cs(10,5): warning CS1591: Missing XML comment for publicly visible type or member 'FinancialPostingStatus.Failed' [/Users/kady/Masterdom/src/Masterdom.Abstractions/Masterdom.Abstractions.csproj]
/Users/kady/Masterdom/src/Masterdom.Abstractions/Financial/Posting/FinancialPostingStatus.cs(11,5): warning CS1591: Missing XML comment for publicly visible type or member 'FinancialPostingStatus.Cancelled' [/Users/kady/Masterdom/src/Masterdom.Abstractions/Masterdom.Abstractions.csproj]
/Users/kady/Masterdom/src/Masterdom.Abstractions/Financial/Posting/FinancialPostingStatus.cs(12,5): warning CS1591: Missing XML comment for publicly visible type or member 'FinancialPostingStatus.Reversed' [/Users/kady/Masterdom/src/Masterdom.Abstractions/Masterdom.Abstractions.csproj]
/Users/kady/Masterdom/src/Masterdom.Abstractions/Financial/Posting/FinancialTransactionType.cs(3,13): warning CS1591: Missing XML comment for publicly visible type or member 'FinancialTransactionType' [/Users/kady/Masterdom/src/Masterdom.Abstractions/Masterdom.Abstractions.csproj]
/Users/kady/Masterdom/src/Masterdom.Abstractions/Financial/Posting/FinancialTransactionType.cs(5,5): warning CS1591: Missing XML comment for publicly visible type or member 'FinancialTransactionType.Unspecified' [/Users/kady/Masterdom/src/Masterdom.Abstractions/Masterdom.Abstractions.csproj]
/Users/kady/Masterdom/src/Masterdom.Abstractions/Financial/Posting/FinancialTransactionType.cs(6,5): warning CS1591: Missing XML comment for publicly visible type or member 'FinancialTransactionType.Charge' [/Users/kady/Masterdom/src/Masterdom.Abstractions/Masterdom.Abstractions.csproj]
/Users/kady/Masterdom/src/Masterdom.Abstractions/Financial/Posting/FinancialTransactionType.cs(7,5): warning CS1591: Missing XML comment for publicly visible type or member 'FinancialTransactionType.Payment' [/Users/kady/Masterdom/src/Masterdom.Abstractions/Masterdom.Abstractions.csproj]
/Users/kady/Masterdom/src/Masterdom.Abstractions/Financial/Posting/FinancialTransactionType.cs(8,5): warning CS1591: Missing XML comment for publicly visible type or member 'FinancialTransactionType.Deposit' [/Users/kady/Masterdom/src/Masterdom.Abstractions/Masterdom.Abstractions.csproj]
/Users/kady/Masterdom/src/Masterdom.Abstractions/Financial/Posting/FinancialTransactionType.cs(9,5): warning CS1591: Missing XML comment for publicly visible type or member 'FinancialTransactionType.Refund' [/Users/kady/Masterdom/src/Masterdom.Abstractions/Masterdom.Abstractions.csproj]
/Users/kady/Masterdom/src/Masterdom.Abstractions/Financial/Posting/FinancialTransactionType.cs(10,5): warning CS1591: Missing XML comment for publicly visible type or member 'FinancialTransactionType.Penalty' [/Users/kady/Masterdom/src/Masterdom.Abstractions/Masterdom.Abstractions.csproj]
/Users/kady/Masterdom/src/Masterdom.Abstractions/Financial/Posting/FinancialTransactionType.cs(11,5): warning CS1591: Missing XML comment for publicly visible type or member 'FinancialTransactionType.Adjustment' [/Users/kady/Masterdom/src/Masterdom.Abstractions/Masterdom.Abstractions.csproj]
/Users/kady/Masterdom/src/Masterdom.Abstractions/Financial/Posting/FinancialTransactionType.cs(12,5): warning CS1591: Missing XML comment for publicly visible type or member 'FinancialTransactionType.Reversal' [/Users/kady/Masterdom/src/Masterdom.Abstractions/Masterdom.Abstractions.csproj]
/Users/kady/Masterdom/src/Masterdom.Abstractions/Financial/Posting/FinancialTransactionType.cs(13,5): warning CS1591: Missing XML comment for publicly visible type or member 'FinancialTransactionType.Transfer' [/Users/kady/Masterdom/src/Masterdom.Abstractions/Masterdom.Abstractions.csproj]
/Users/kady/Masterdom/src/Masterdom.Abstractions/Financial/Posting/FinancialTransactionType.cs(14,5): warning CS1591: Missing XML comment for publicly visible type or member 'FinancialTransactionType.Other' [/Users/kady/Masterdom/src/Masterdom.Abstractions/Masterdom.Abstractions.csproj]
/Users/kady/Masterdom/src/Masterdom.Abstractions/Financial/Posting/PostingSource.cs(3,13): warning CS1591: Missing XML comment for publicly visible type or member 'PostingSource' [/Users/kady/Masterdom/src/Masterdom.Abstractions/Masterdom.Abstractions.csproj]
/Users/kady/Masterdom/src/Masterdom.Abstractions/Financial/Posting/PostingSource.cs(5,5): warning CS1591: Missing XML comment for publicly visible type or member 'PostingSource.Unspecified' [/Users/kady/Masterdom/src/Masterdom.Abstractions/Masterdom.Abstractions.csproj]
/Users/kady/Masterdom/src/Masterdom.Abstractions/Financial/Posting/PostingSource.cs(6,5): warning CS1591: Missing XML comment for publicly visible type or member 'PostingSource.Billing' [/Users/kady/Masterdom/src/Masterdom.Abstractions/Masterdom.Abstractions.csproj]
/Users/kady/Masterdom/src/Masterdom.Abstractions/Financial/Posting/PostingSource.cs(7,5): warning CS1591: Missing XML comment for publicly visible type or member 'PostingSource.Payments' [/Users/kady/Masterdom/src/Masterdom.Abstractions/Masterdom.Abstractions.csproj]
/Users/kady/Masterdom/src/Masterdom.Abstractions/Financial/Posting/PostingSource.cs(8,5): warning CS1591: Missing XML comment for publicly visible type or member 'PostingSource.Deposits' [/Users/kady/Masterdom/src/Masterdom.Abstractions/Masterdom.Abstractions.csproj]
/Users/kady/Masterdom/src/Masterdom.Abstractions/Financial/Posting/PostingSource.cs(9,5): warning CS1591: Missing XML comment for publicly visible type or member 'PostingSource.Refunds' [/Users/kady/Masterdom/src/Masterdom.Abstractions/Masterdom.Abstractions.csproj]
/Users/kady/Masterdom/src/Masterdom.Abstractions/Financial/Posting/PostingSource.cs(10,5): warning CS1591: Missing XML comment for publicly visible type or member 'PostingSource.Penalties' [/Users/kady/Masterdom/src/Masterdom.Abstractions/Masterdom.Abstractions.csproj]
/Users/kady/Masterdom/src/Masterdom.Abstractions/Financial/Posting/PostingSource.cs(11,5): warning CS1591: Missing XML comment for publicly visible type or member 'PostingSource.Maintenance' [/Users/kady/Masterdom/src/Masterdom.Abstractions/Masterdom.Abstractions.csproj]
/Users/kady/Masterdom/src/Masterdom.Abstractions/Financial/Posting/PostingSource.cs(12,5): warning CS1591: Missing XML comment for publicly visible type or member 'PostingSource.Inventory' [/Users/kady/Masterdom/src/Masterdom.Abstractions/Masterdom.Abstractions.csproj]
/Users/kady/Masterdom/src/Masterdom.Abstractions/Financial/Posting/PostingSource.cs(13,5): warning CS1591: Missing XML comment for publicly visible type or member 'PostingSource.Manual' [/Users/kady/Masterdom/src/Masterdom.Abstractions/Masterdom.Abstractions.csproj]
/Users/kady/Masterdom/src/Masterdom.Abstractions/Financial/Posting/PostingSource.cs(14,5): warning CS1591: Missing XML comment for publicly visible type or member 'PostingSource.External' [/Users/kady/Masterdom/src/Masterdom.Abstractions/Masterdom.Abstractions.csproj]
/Users/kady/Masterdom/src/Masterdom.Abstractions/Translation/ITranslator.cs(3,18): warning CS1591: Missing XML comment for publicly visible type or member 'ITranslator<TSource, TTarget>' [/Users/kady/Masterdom/src/Masterdom.Abstractions/Masterdom.Abstractions.csproj]
/Users/kady/Masterdom/src/Masterdom.Abstractions/Translation/ITranslator.cs(5,13): warning CS1591: Missing XML comment for publicly visible type or member 'ITranslator<TSource, TTarget>.Translate(TSource)' [/Users/kady/Masterdom/src/Masterdom.Abstractions/Masterdom.Abstractions.csproj]
/Users/kady/Masterdom/src/Masterdom.Modules.Properties/Application/Support/ExecutionResult.cs(54,38): warning CS0108: 'ExecutionResult<T>.Failure(string, string)' hides inherited member 'ExecutionResult.Failure(string, string)'. Use the new keyword if hiding was intended. [/Users/kady/Masterdom/src/Masterdom.Modules.Properties/Masterdom.Modules.Properties.csproj]
/Users/kady/Masterdom/src/Masterdom.Modules.Properties/Application/Commands/AddExistingUnitCommand.cs(5,22): warning CS1591: Missing XML comment for publicly visible type or member 'AddExistingUnitCommand' [/Users/kady/Masterdom/src/Masterdom.Modules.Properties/Masterdom.Modules.Properties.csproj]
/Users/kady/Masterdom/src/Masterdom.Modules.Properties/Application/Commands/AddExistingUnitCommand.cs(5,22): warning CS1591: Missing XML comment for publicly visible type or member 'AddExistingUnitCommand.AddExistingUnitCommand(PropertyId, UnitId, UnitCode, UnitName, UnitType, Capacity, UnitId?)' [/Users/kady/Masterdom/src/Masterdom.Modules.Properties/Masterdom.Modules.Properties.csproj]
/Users/kady/Masterdom/src/Masterdom.Modules.Properties/Application/Commands/AddExistingUnitCommand.cs(6,16): warning CS1591: Missing XML comment for publicly visible type or member 'AddExistingUnitCommand.PropertyId' [/Users/kady/Masterdom/src/Masterdom.Modules.Properties/Masterdom.Modules.Properties.csproj]
/Users/kady/Masterdom/src/Masterdom.Modules.Properties/Application/Commands/AddExistingUnitCommand.cs(7,12): warning CS1591: Missing XML comment for publicly visible type or member 'AddExistingUnitCommand.UnitId' [/Users/kady/Masterdom/src/Masterdom.Modules.Properties/Masterdom.Modules.Properties.csproj]
/Users/kady/Masterdom/src/Masterdom.Modules.Properties/Application/Commands/AddExistingUnitCommand.cs(8,14): warning CS1591: Missing XML comment for publicly visible type or member 'AddExistingUnitCommand.Code' [/Users/kady/Masterdom/src/Masterdom.Modules.Properties/Masterdom.Modules.Properties.csproj]
/Users/kady/Masterdom/src/Masterdom.Modules.Properties/Application/Commands/AddExistingUnitCommand.cs(9,14): warning CS1591: Missing XML comment for publicly visible type or member 'AddExistingUnitCommand.Name' [/Users/kady/Masterdom/src/Masterdom.Modules.Properties/Masterdom.Modules.Properties.csproj]
/Users/kady/Masterdom/src/Masterdom.Modules.Properties/Application/Commands/AddExistingUnitCommand.cs(10,14): warning CS1591: Missing XML comment for publicly visible type or member 'AddExistingUnitCommand.Type' [/Users/kady/Masterdom/src/Masterdom.Modules.Properties/Masterdom.Modules.Properties.csproj]
/Users/kady/Masterdom/src/Masterdom.Modules.Properties/Application/Commands/AddExistingUnitCommand.cs(11,14): warning CS1591: Missing XML comment for publicly visible type or member 'AddExistingUnitCommand.Capacity' [/Users/kady/Masterdom/src/Masterdom.Modules.Properties/Masterdom.Modules.Properties.csproj]
/Users/kady/Masterdom/src/Masterdom.Modules.Properties/Application/Commands/AddExistingUnitCommand.cs(12,13): warning CS1591: Missing XML comment for publicly visible type or member 'AddExistingUnitCommand.ParentUnitId' [/Users/kady/Masterdom/src/Masterdom.Modules.Properties/Masterdom.Modules.Properties.csproj]
/Users/kady/Masterdom/src/Masterdom.Modules.Properties/Application/Commands/AddRelationshipCommand.cs(5,22): warning CS1591: Missing XML comment for publicly visible type or member 'AddRelationshipCommand' [/Users/kady/Masterdom/src/Masterdom.Modules.Properties/Masterdom.Modules.Properties.csproj]
/Users/kady/Masterdom/src/Masterdom.Modules.Properties/Application/Commands/AddRelationshipCommand.cs(5,22): warning CS1591: Missing XML comment for publicly visible type or member 'AddRelationshipCommand.AddRelationshipCommand(PropertyId, PropertyId, PropertyRelationshipType)' [/Users/kady/Masterdom/src/Masterdom.Modules.Properties/Masterdom.Modules.Properties.csproj]
/Users/kady/Masterdom/src/Masterdom.Modules.Properties/Application/Commands/AddRelationshipCommand.cs(5,56): warning CS1591: Missing XML comment for publicly visible type or member 'AddRelationshipCommand.PropertyId' [/Users/kady/Masterdom/src/Masterdom.Modules.Properties/Masterdom.Modules.Properties.csproj]
/Users/kady/Masterdom/src/Masterdom.Modules.Properties/Application/Commands/AddRelationshipCommand.cs(5,79): warning CS1591: Missing XML comment for publicly visible type or member 'AddRelationshipCommand.TargetPropertyId' [/Users/kady/Masterdom/src/Masterdom.Modules.Properties/Masterdom.Modules.Properties.csproj]
/Users/kady/Masterdom/src/Masterdom.Modules.Properties/Application/Commands/AddRelationshipCommand.cs(5,122): warning CS1591: Missing XML comment for publicly visible type or member 'AddRelationshipCommand.Type' [/Users/kady/Masterdom/src/Masterdom.Modules.Properties/Masterdom.Modules.Properties.csproj]
/Users/kady/Masterdom/src/Masterdom.Modules.Properties/Application/Commands/ChangeAddressCommand.cs(5,22): warning CS1591: Missing XML comment for publicly visible type or member 'ChangeAddressCommand' [/Users/kady/Masterdom/src/Masterdom.Modules.Properties/Masterdom.Modules.Properties.csproj]
/Users/kady/Masterdom/src/Masterdom.Modules.Properties/Application/Commands/ChangeAddressCommand.cs(5,22): warning CS1591: Missing XML comment for publicly visible type or member 'ChangeAddressCommand.ChangeAddressCommand(PropertyId, PropertyAddress?)' [/Users/kady/Masterdom/src/Masterdom.Modules.Properties/Masterdom.Modules.Properties.csproj]
/Users/kady/Masterdom/src/Masterdom.Modules.Properties/Application/Commands/ChangeAddressCommand.cs(5,54): warning CS1591: Missing XML comment for publicly visible type or member 'ChangeAddressCommand.PropertyId' [/Users/kady/Masterdom/src/Masterdom.Modules.Properties/Masterdom.Modules.Properties.csproj]
/Users/kady/Masterdom/src/Masterdom.Modules.Properties/Application/Commands/ChangeAddressCommand.cs(5,83): warning CS1591: Missing XML comment for publicly visible type or member 'ChangeAddressCommand.Address' [/Users/kady/Masterdom/src/Masterdom.Modules.Properties/Masterdom.Modules.Properties.csproj]
/Users/kady/Masterdom/src/Masterdom.Modules.Properties/Application/Commands/ChangeDescriptionCommand.cs(5,22): warning CS1591: Missing XML comment for publicly visible type or member 'ChangeDescriptionCommand' [/Users/kady/Masterdom/src/Masterdom.Modules.Properties/Masterdom.Modules.Properties.csproj]
/Users/kady/Masterdom/src/Masterdom.Modules.Properties/Application/Commands/ChangeDescriptionCommand.cs(5,22): warning CS1591: Missing XML comment for publicly visible type or member 'ChangeDescriptionCommand.ChangeDescriptionCommand(PropertyId, string?)' [/Users/kady/Masterdom/src/Masterdom.Modules.Properties/Masterdom.Modules.Properties.csproj]
/Users/kady/Masterdom/src/Masterdom.Modules.Properties/Application/Commands/ChangeDescriptionCommand.cs(5,58): warning CS1591: Missing XML comment for publicly visible type or member 'ChangeDescriptionCommand.PropertyId' [/Users/kady/Masterdom/src/Masterdom.Modules.Properties/Masterdom.Modules.Properties.csproj]
/Users/kady/Masterdom/src/Masterdom.Modules.Properties/Application/Commands/ChangeDescriptionCommand.cs(5,78): warning CS1591: Missing XML comment for publicly visible type or member 'ChangeDescriptionCommand.Description' [/Users/kady/Masterdom/src/Masterdom.Modules.Properties/Masterdom.Modules.Properties.csproj]
/Users/kady/Masterdom/src/Masterdom.Modules.Properties/Application/Commands/ChangeOwnerCommand.cs(5,22): warning CS1591: Missing XML comment for publicly visible type or member 'ChangeOwnerCommand' [/Users/kady/Masterdom/src/Masterdom.Modules.Properties/Masterdom.Modules.Properties.csproj]
/Users/kady/Masterdom/src/Masterdom.Modules.Properties/Application/Commands/ChangeOwnerCommand.cs(5,22): warning CS1591: Missing XML comment for publicly visible type or member 'ChangeOwnerCommand.ChangeOwnerCommand(PropertyId, Guid?)' [/Users/kady/Masterdom/src/Masterdom.Modules.Properties/Masterdom.Modules.Properties.csproj]
/Users/kady/Masterdom/src/Masterdom.Modules.Properties/Application/Commands/ChangeOwnerCommand.cs(5,52): warning CS1591: Missing XML comment for publicly visible type or member 'ChangeOwnerCommand.PropertyId' [/Users/kady/Masterdom/src/Masterdom.Modules.Properties/Masterdom.Modules.Properties.csproj]
/Users/kady/Masterdom/src/Masterdom.Modules.Properties/Application/Commands/ChangeOwnerCommand.cs(5,70): warning CS1591: Missing XML comment for publicly visible type or member 'ChangeOwnerCommand.OwnerId' [/Users/kady/Masterdom/src/Masterdom.Modules.Properties/Masterdom.Modules.Properties.csproj]
/Users/kady/Masterdom/src/Masterdom.Modules.Properties/Application/Commands/ChangeParentPropertyCommand.cs(5,22): warning CS1591: Missing XML comment for publicly visible type or member 'ChangeParentPropertyCommand' [/Users/kady/Masterdom/src/Masterdom.Modules.Properties/Masterdom.Modules.Properties.csproj]
/Users/kady/Masterdom/src/Masterdom.Modules.Properties/Application/Commands/ChangeParentPropertyCommand.cs(5,22): warning CS1591: Missing XML comment for publicly visible type or member 'ChangeParentPropertyCommand.ChangeParentPropertyCommand(PropertyId, PropertyId?)' [/Users/kady/Masterdom/src/Masterdom.Modules.Properties/Masterdom.Modules.Properties.csproj]
/Users/kady/Masterdom/src/Masterdom.Modules.Properties/Application/Commands/ChangeParentPropertyCommand.cs(5,61): warning CS1591: Missing XML comment for publicly visible type or member 'ChangeParentPropertyCommand.PropertyId' [/Users/kady/Masterdom/src/Masterdom.Modules.Properties/Masterdom.Modules.Properties.csproj]
/Users/kady/Masterdom/src/Masterdom.Modules.Properties/Application/Commands/ChangeParentPropertyCommand.cs(5,85): warning CS1591: Missing XML comment for publicly visible type or member 'ChangeParentPropertyCommand.ParentPropertyId' [/Users/kady/Masterdom/src/Masterdom.Modules.Properties/Masterdom.Modules.Properties.csproj]
/Users/kady/Masterdom/src/Masterdom.Modules.Properties/Application/Commands/ChangeRemarksCommand.cs(5,22): warning CS1591: Missing XML comment for publicly visible type or member 'ChangeRemarksCommand' [/Users/kady/Masterdom/src/Masterdom.Modules.Properties/Masterdom.Modules.Properties.csproj]
/Users/kady/Masterdom/src/Masterdom.Modules.Properties/Application/Commands/ChangeRemarksCommand.cs(5,22): warning CS1591: Missing XML comment for publicly visible type or member 'ChangeRemarksCommand.ChangeRemarksCommand(PropertyId, string?)' [/Users/kady/Masterdom/src/Masterdom.Modules.Properties/Masterdom.Modules.Properties.csproj]
/Users/kady/Masterdom/src/Masterdom.Modules.Properties/Application/Commands/ChangeRemarksCommand.cs(5,54): warning CS1591: Missing XML comment for publicly visible type or member 'ChangeRemarksCommand.PropertyId' [/Users/kady/Masterdom/src/Masterdom.Modules.Properties/Masterdom.Modules.Properties.csproj]
/Users/kady/Masterdom/src/Masterdom.Modules.Properties/Application/Commands/ChangeRemarksCommand.cs(5,74): warning CS1591: Missing XML comment for publicly visible type or member 'ChangeRemarksCommand.Remarks' [/Users/kady/Masterdom/src/Masterdom.Modules.Properties/Masterdom.Modules.Properties.csproj]
/Users/kady/Masterdom/src/Masterdom.Modules.Properties/Application/Commands/ChangeTypeCommand.cs(5,22): warning CS1591: Missing XML comment for publicly visible type or member 'ChangeTypeCommand' [/Users/kady/Masterdom/src/Masterdom.Modules.Properties/Masterdom.Modules.Properties.csproj]
/Users/kady/Masterdom/src/Masterdom.Modules.Properties/Application/Commands/ChangeTypeCommand.cs(5,22): warning CS1591: Missing XML comment for publicly visible type or member 'ChangeTypeCommand.ChangeTypeCommand(PropertyId, PropertyType)' [/Users/kady/Masterdom/src/Masterdom.Modules.Properties/Masterdom.Modules.Properties.csproj]
/Users/kady/Masterdom/src/Masterdom.Modules.Properties/Application/Commands/ChangeTypeCommand.cs(5,51): warning CS1591: Missing XML comment for publicly visible type or member 'ChangeTypeCommand.PropertyId' [/Users/kady/Masterdom/src/Masterdom.Modules.Properties/Masterdom.Modules.Properties.csproj]
/Users/kady/Masterdom/src/Masterdom.Modules.Properties/Application/Commands/ChangeTypeCommand.cs(5,76): warning CS1591: Missing XML comment for publicly visible type or member 'ChangeTypeCommand.Type' [/Users/kady/Masterdom/src/Masterdom.Modules.Properties/Masterdom.Modules.Properties.csproj]
/Users/kady/Masterdom/src/Masterdom.Modules.Properties/Application/Commands/ConfigureSettingsCommand.cs(5,22): warning CS1591: Missing XML comment for publicly visible type or member 'ConfigureSettingsCommand' [/Users/kady/Masterdom/src/Masterdom.Modules.Properties/Masterdom.Modules.Properties.csproj]
/Users/kady/Masterdom/src/Masterdom.Modules.Properties/Application/Commands/ConfigureSettingsCommand.cs(5,22): warning CS1591: Missing XML comment for publicly visible type or member 'ConfigureSettingsCommand.ConfigureSettingsCommand(PropertyId, PropertySettings)' [/Users/kady/Masterdom/src/Masterdom.Modules.Properties/Masterdom.Modules.Properties.csproj]
/Users/kady/Masterdom/src/Masterdom.Modules.Properties/Application/Commands/ConfigureSettingsCommand.cs(5,58): warning CS1591: Missing XML comment for publicly visible type or member 'ConfigureSettingsCommand.PropertyId' [/Users/kady/Masterdom/src/Masterdom.Modules.Properties/Masterdom.Modules.Properties.csproj]
/Users/kady/Masterdom/src/Masterdom.Modules.Properties/Application/Commands/ConfigureSettingsCommand.cs(5,87): warning CS1591: Missing XML comment for publicly visible type or member 'ConfigureSettingsCommand.Settings' [/Users/kady/Masterdom/src/Masterdom.Modules.Properties/Masterdom.Modules.Properties.csproj]
/Users/kady/Masterdom/src/Masterdom.Modules.Properties/Application/Commands/HidePropertyCommand.cs(5,22): warning CS1591: Missing XML comment for publicly visible type or member 'HidePropertyCommand' [/Users/kady/Masterdom/src/Masterdom.Modules.Properties/Masterdom.Modules.Properties.csproj]
/Users/kady/Masterdom/src/Masterdom.Modules.Properties/Application/Commands/HidePropertyCommand.cs(5,22): warning CS1591: Missing XML comment for publicly visible type or member 'HidePropertyCommand.HidePropertyCommand(PropertyId)' [/Users/kady/Masterdom/src/Masterdom.Modules.Properties/Masterdom.Modules.Properties.csproj]
/Users/kady/Masterdom/src/Masterdom.Modules.Properties/Application/Commands/HidePropertyCommand.cs(5,53): warning CS1591: Missing XML comment for publicly visible type or member 'HidePropertyCommand.PropertyId' [/Users/kady/Masterdom/src/Masterdom.Modules.Properties/Masterdom.Modules.Properties.csproj]
/Users/kady/Masterdom/src/Masterdom.Modules.Properties/Application/Commands/RemoveMetadataCommand.cs(5,22): warning CS1591: Missing XML comment for publicly visible type or member 'RemoveMetadataCommand' [/Users/kady/Masterdom/src/Masterdom.Modules.Properties/Masterdom.Modules.Properties.csproj]
/Users/kady/Masterdom/src/Masterdom.Modules.Properties/Application/Commands/RemoveMetadataCommand.cs(5,22): warning CS1591: Missing XML comment for publicly visible type or member 'RemoveMetadataCommand.RemoveMetadataCommand(PropertyId, string)' [/Users/kady/Masterdom/src/Masterdom.Modules.Properties/Masterdom.Modules.Properties.csproj]
/Users/kady/Masterdom/src/Masterdom.Modules.Properties/Application/Commands/RemoveMetadataCommand.cs(5,55): warning CS1591: Missing XML comment for publicly visible type or member 'RemoveMetadataCommand.PropertyId' [/Users/kady/Masterdom/src/Masterdom.Modules.Properties/Masterdom.Modules.Properties.csproj]
/Users/kady/Masterdom/src/Masterdom.Modules.Properties/Application/Commands/RemoveMetadataCommand.cs(5,74): warning CS1591: Missing XML comment for publicly visible type or member 'RemoveMetadataCommand.Key' [/Users/kady/Masterdom/src/Masterdom.Modules.Properties/Masterdom.Modules.Properties.csproj]
/Users/kady/Masterdom/src/Masterdom.Modules.Properties/Application/Commands/RemoveRelationshipCommand.cs(5,22): warning CS1591: Missing XML comment for publicly visible type or member 'RemoveRelationshipCommand' [/Users/kady/Masterdom/src/Masterdom.Modules.Properties/Masterdom.Modules.Properties.csproj]
/Users/kady/Masterdom/src/Masterdom.Modules.Properties/Application/Commands/RemoveRelationshipCommand.cs(5,22): warning CS1591: Missing XML comment for publicly visible type or member 'RemoveRelationshipCommand.RemoveRelationshipCommand(PropertyId, PropertyId, PropertyRelationshipType)' [/Users/kady/Masterdom/src/Masterdom.Modules.Properties/Masterdom.Modules.Properties.csproj]
/Users/kady/Masterdom/src/Masterdom.Modules.Properties/Application/Commands/RemoveRelationshipCommand.cs(5,59): warning CS1591: Missing XML comment for publicly visible type or member 'RemoveRelationshipCommand.PropertyId' [/Users/kady/Masterdom/src/Masterdom.Modules.Properties/Masterdom.Modules.Properties.csproj]
/Users/kady/Masterdom/src/Masterdom.Modules.Properties/Application/Commands/RemoveRelationshipCommand.cs(5,82): warning CS1591: Missing XML comment for publicly visible type or member 'RemoveRelationshipCommand.TargetPropertyId' [/Users/kady/Masterdom/src/Masterdom.Modules.Properties/Masterdom.Modules.Properties.csproj]
/Users/kady/Masterdom/src/Masterdom.Modules.Properties/Application/Commands/RemoveRelationshipCommand.cs(5,125): warning CS1591: Missing XML comment for publicly visible type or member 'RemoveRelationshipCommand.Type' [/Users/kady/Masterdom/src/Masterdom.Modules.Properties/Masterdom.Modules.Properties.csproj]
/Users/kady/Masterdom/src/Masterdom.Modules.Properties/Application/Commands/SetDisplayOrderCommand.cs(5,22): warning CS1591: Missing XML comment for publicly visible type or member 'SetDisplayOrderCommand' [/Users/kady/Masterdom/src/Masterdom.Modules.Properties/Masterdom.Modules.Properties.csproj]
/Users/kady/Masterdom/src/Masterdom.Modules.Properties/Application/Commands/SetDisplayOrderCommand.cs(5,22): warning CS1591: Missing XML comment for publicly visible type or member 'SetDisplayOrderCommand.SetDisplayOrderCommand(PropertyId, int)' [/Users/kady/Masterdom/src/Masterdom.Modules.Properties/Masterdom.Modules.Properties.csproj]
/Users/kady/Masterdom/src/Masterdom.Modules.Properties/Application/Commands/SetDisplayOrderCommand.cs(5,56): warning CS1591: Missing XML comment for publicly visible type or member 'SetDisplayOrderCommand.PropertyId' [/Users/kady/Masterdom/src/Masterdom.Modules.Properties/Masterdom.Modules.Properties.csproj]
/Users/kady/Masterdom/src/Masterdom.Modules.Properties/Application/Commands/SetDisplayOrderCommand.cs(5,72): warning CS1591: Missing XML comment for publicly visible type or member 'SetDisplayOrderCommand.DisplayOrder' [/Users/kady/Masterdom/src/Masterdom.Modules.Properties/Masterdom.Modules.Properties.csproj]
/Users/kady/Masterdom/src/Masterdom.Modules.Properties/Application/Commands/SetEffectivePeriodCommand.cs(5,22): warning CS1591: Missing XML comment for publicly visible type or member 'SetEffectivePeriodCommand' [/Users/kady/Masterdom/src/Masterdom.Modules.Properties/Masterdom.Modules.Properties.csproj]
/Users/kady/Masterdom/src/Masterdom.Modules.Properties/Application/Commands/SetEffectivePeriodCommand.cs(5,22): warning CS1591: Missing XML comment for publicly visible type or member 'SetEffectivePeriodCommand.SetEffectivePeriodCommand(PropertyId, DateTime?, DateTime?)' [/Users/kady/Masterdom/src/Masterdom.Modules.Properties/Masterdom.Modules.Properties.csproj]
/Users/kady/Masterdom/src/Masterdom.Modules.Properties/Application/Commands/SetEffectivePeriodCommand.cs(5,59): warning CS1591: Missing XML comment for publicly visible type or member 'SetEffectivePeriodCommand.PropertyId' [/Users/kady/Masterdom/src/Masterdom.Modules.Properties/Masterdom.Modules.Properties.csproj]
/Users/kady/Masterdom/src/Masterdom.Modules.Properties/Application/Commands/SetEffectivePeriodCommand.cs(5,81): warning CS1591: Missing XML comment for publicly visible type or member 'SetEffectivePeriodCommand.FromUtc' [/Users/kady/Masterdom/src/Masterdom.Modules.Properties/Masterdom.Modules.Properties.csproj]
/Users/kady/Masterdom/src/Masterdom.Modules.Properties/Application/Commands/SetEffectivePeriodCommand.cs(5,100): warning CS1591: Missing XML comment for publicly visible type or member 'SetEffectivePeriodCommand.ToUtc' [/Users/kady/Masterdom/src/Masterdom.Modules.Properties/Masterdom.Modules.Properties.csproj]
/Users/kady/Masterdom/src/Masterdom.Modules.Properties/Application/Commands/ShowPropertyCommand.cs(5,22): warning CS1591: Missing XML comment for publicly visible type or member 'ShowPropertyCommand' [/Users/kady/Masterdom/src/Masterdom.Modules.Properties/Masterdom.Modules.Properties.csproj]
/Users/kady/Masterdom/src/Masterdom.Modules.Properties/Application/Commands/ShowPropertyCommand.cs(5,22): warning CS1591: Missing XML comment for publicly visible type or member 'ShowPropertyCommand.ShowPropertyCommand(PropertyId)' [/Users/kady/Masterdom/src/Masterdom.Modules.Properties/Masterdom.Modules.Properties.csproj]
/Users/kady/Masterdom/src/Masterdom.Modules.Properties/Application/Commands/ShowPropertyCommand.cs(5,53): warning CS1591: Missing XML comment for publicly visible type or member 'ShowPropertyCommand.PropertyId' [/Users/kady/Masterdom/src/Masterdom.Modules.Properties/Masterdom.Modules.Properties.csproj]
/Users/kady/Masterdom/src/Masterdom.Modules.Properties/Application/Commands/UpsertMetadataCommand.cs(5,22): warning CS1591: Missing XML comment for publicly visible type or member 'UpsertMetadataCommand' [/Users/kady/Masterdom/src/Masterdom.Modules.Properties/Masterdom.Modules.Properties.csproj]
/Users/kady/Masterdom/src/Masterdom.Modules.Properties/Application/Commands/UpsertMetadataCommand.cs(5,22): warning CS1591: Missing XML comment for publicly visible type or member 'UpsertMetadataCommand.UpsertMetadataCommand(PropertyId, string, string)' [/Users/kady/Masterdom/src/Masterdom.Modules.Properties/Masterdom.Modules.Properties.csproj]
/Users/kady/Masterdom/src/Masterdom.Modules.Properties/Application/Commands/UpsertMetadataCommand.cs(5,55): warning CS1591: Missing XML comment for publicly visible type or member 'UpsertMetadataCommand.PropertyId' [/Users/kady/Masterdom/src/Masterdom.Modules.Properties/Masterdom.Modules.Properties.csproj]
/Users/kady/Masterdom/src/Masterdom.Modules.Properties/Application/Commands/UpsertMetadataCommand.cs(5,74): warning CS1591: Missing XML comment for publicly visible type or member 'UpsertMetadataCommand.Key' [/Users/kady/Masterdom/src/Masterdom.Modules.Properties/Masterdom.Modules.Properties.csproj]
/Users/kady/Masterdom/src/Masterdom.Modules.Properties/Application/Commands/UpsertMetadataCommand.cs(5,86): warning CS1591: Missing XML comment for publicly visible type or member 'UpsertMetadataCommand.Value' [/Users/kady/Masterdom/src/Masterdom.Modules.Properties/Masterdom.Modules.Properties.csproj]
/Users/kady/Masterdom/src/Masterdom.Modules.Properties/Application/Handlers/Commands/AddExistingUnitCommandHandler.cs(8,21): warning CS1591: Missing XML comment for publicly visible type or member 'AddExistingUnitCommandHandler' [/Users/kady/Masterdom/src/Masterdom.Modules.Properties/Masterdom.Modules.Properties.csproj]
/Users/kady/Masterdom/src/Masterdom.Modules.Properties/Application/Handlers/Commands/AddExistingUnitCommandHandler.cs(13,12): warning CS1591: Missing XML comment for publicly visible type or member 'AddExistingUnitCommandHandler.AddExistingUnitCommandHandler(IPropertyApplicationService)' [/Users/kady/Masterdom/src/Masterdom.Modules.Properties/Masterdom.Modules.Properties.csproj]
/Users/kady/Masterdom/src/Masterdom.Modules.Properties/Application/Handlers/Commands/AddExistingUnitCommandHandler.cs(18,34): warning CS1591: Missing XML comment for publicly visible type or member 'AddExistingUnitCommandHandler.Handle(AddExistingUnitCommand)' [/Users/kady/Masterdom/src/Masterdom.Modules.Properties/Masterdom.Modules.Properties.csproj]
/Users/kady/Masterdom/src/Masterdom.Modules.Properties/Application/Handlers/Commands/AddRelationshipCommandHandler.cs(8,21): warning CS1591: Missing XML comment for publicly visible type or member 'AddRelationshipCommandHandler' [/Users/kady/Masterdom/src/Masterdom.Modules.Properties/Masterdom.Modules.Properties.csproj]
/Users/kady/Masterdom/src/Masterdom.Modules.Properties/Application/Handlers/Commands/AddRelationshipCommandHandler.cs(13,12): warning CS1591: Missing XML comment for publicly visible type or member 'AddRelationshipCommandHandler.AddRelationshipCommandHandler(IPropertyApplicationService)' [/Users/kady/Masterdom/src/Masterdom.Modules.Properties/Masterdom.Modules.Properties.csproj]
/Users/kady/Masterdom/src/Masterdom.Modules.Properties/Application/Handlers/Commands/AddRelationshipCommandHandler.cs(18,38): warning CS1591: Missing XML comment for publicly visible type or member 'AddRelationshipCommandHandler.Handle(AddRelationshipCommand)' [/Users/kady/Masterdom/src/Masterdom.Modules.Properties/Masterdom.Modules.Properties.csproj]
/Users/kady/Masterdom/src/Masterdom.Modules.Properties/Application/Handlers/Commands/ChangeAddressCommandHandler.cs(8,21): warning CS1591: Missing XML comment for publicly visible type or member 'ChangeAddressCommandHandler' [/Users/kady/Masterdom/src/Masterdom.Modules.Properties/Masterdom.Modules.Properties.csproj]
/Users/kady/Masterdom/src/Masterdom.Modules.Properties/Application/Handlers/Commands/ChangeAddressCommandHandler.cs(13,12): warning CS1591: Missing XML comment for publicly visible type or member 'ChangeAddressCommandHandler.ChangeAddressCommandHandler(IPropertyApplicationService)' [/Users/kady/Masterdom/src/Masterdom.Modules.Properties/Masterdom.Modules.Properties.csproj]
/Users/kady/Masterdom/src/Masterdom.Modules.Properties/Application/Handlers/Commands/ChangeAddressCommandHandler.cs(18,38): warning CS1591: Missing XML comment for publicly visible type or member 'ChangeAddressCommandHandler.Handle(ChangeAddressCommand)' [/Users/kady/Masterdom/src/Masterdom.Modules.Properties/Masterdom.Modules.Properties.csproj]
/Users/kady/Masterdom/src/Masterdom.Modules.Properties/Application/Handlers/Commands/ChangeDescriptionCommandHandler.cs(8,21): warning CS1591: Missing XML comment for publicly visible type or member 'ChangeDescriptionCommandHandler' [/Users/kady/Masterdom/src/Masterdom.Modules.Properties/Masterdom.Modules.Properties.csproj]
/Users/kady/Masterdom/src/Masterdom.Modules.Properties/Application/Handlers/Commands/ChangeDescriptionCommandHandler.cs(13,12): warning CS1591: Missing XML comment for publicly visible type or member 'ChangeDescriptionCommandHandler.ChangeDescriptionCommandHandler(IPropertyApplicationService)' [/Users/kady/Masterdom/src/Masterdom.Modules.Properties/Masterdom.Modules.Properties.csproj]
/Users/kady/Masterdom/src/Masterdom.Modules.Properties/Application/Handlers/Commands/ChangeDescriptionCommandHandler.cs(18,38): warning CS1591: Missing XML comment for publicly visible type or member 'ChangeDescriptionCommandHandler.Handle(ChangeDescriptionCommand)' [/Users/kady/Masterdom/src/Masterdom.Modules.Properties/Masterdom.Modules.Properties.csproj]
/Users/kady/Masterdom/src/Masterdom.Modules.Properties/Application/Handlers/Commands/ChangeOwnerCommandHandler.cs(8,21): warning CS1591: Missing XML comment for publicly visible type or member 'ChangeOwnerCommandHandler' [/Users/kady/Masterdom/src/Masterdom.Modules.Properties/Masterdom.Modules.Properties.csproj]
/Users/kady/Masterdom/src/Masterdom.Modules.Properties/Application/Handlers/Commands/ChangeOwnerCommandHandler.cs(13,12): warning CS1591: Missing XML comment for publicly visible type or member 'ChangeOwnerCommandHandler.ChangeOwnerCommandHandler(IPropertyApplicationService)' [/Users/kady/Masterdom/src/Masterdom.Modules.Properties/Masterdom.Modules.Properties.csproj]
/Users/kady/Masterdom/src/Masterdom.Modules.Properties/Application/Handlers/Commands/ChangeOwnerCommandHandler.cs(18,38): warning CS1591: Missing XML comment for publicly visible type or member 'ChangeOwnerCommandHandler.Handle(ChangeOwnerCommand)' [/Users/kady/Masterdom/src/Masterdom.Modules.Properties/Masterdom.Modules.Properties.csproj]
/Users/kady/Masterdom/src/Masterdom.Modules.Properties/Application/Handlers/Commands/ChangeParentPropertyCommandHandler.cs(8,21): warning CS1591: Missing XML comment for publicly visible type or member 'ChangeParentPropertyCommandHandler' [/Users/kady/Masterdom/src/Masterdom.Modules.Properties/Masterdom.Modules.Properties.csproj]
/Users/kady/Masterdom/src/Masterdom.Modules.Properties/Application/Handlers/Commands/ChangeParentPropertyCommandHandler.cs(13,12): warning CS1591: Missing XML comment for publicly visible type or member 'ChangeParentPropertyCommandHandler.ChangeParentPropertyCommandHandler(IPropertyApplicationService)' [/Users/kady/Masterdom/src/Masterdom.Modules.Properties/Masterdom.Modules.Properties.csproj]
/Users/kady/Masterdom/src/Masterdom.Modules.Properties/Application/Handlers/Commands/ChangeParentPropertyCommandHandler.cs(18,38): warning CS1591: Missing XML comment for publicly visible type or member 'ChangeParentPropertyCommandHandler.Handle(ChangeParentPropertyCommand)' [/Users/kady/Masterdom/src/Masterdom.Modules.Properties/Masterdom.Modules.Properties.csproj]
/Users/kady/Masterdom/src/Masterdom.Modules.Properties/Application/Handlers/Commands/ChangePropertyStatusCommandHandler.cs(16,12): warning CS1591: Missing XML comment for publicly visible type or member 'ChangePropertyStatusCommandHandler.ChangePropertyStatusCommandHandler(IPropertyApplicationService)' [/Users/kady/Masterdom/src/Masterdom.Modules.Properties/Masterdom.Modules.Properties.csproj]
/Users/kady/Masterdom/src/Masterdom.Modules.Properties/Application/Handlers/Commands/ChangePropertyStatusCommandHandler.cs(21,38): warning CS1591: Missing XML comment for publicly visible type or member 'ChangePropertyStatusCommandHandler.Handle(ChangePropertyStatusCommand)' [/Users/kady/Masterdom/src/Masterdom.Modules.Properties/Masterdom.Modules.Properties.csproj]
/Users/kady/Masterdom/src/Masterdom.Modules.Properties/Application/Handlers/Commands/ChangeRemarksCommandHandler.cs(8,21): warning CS1591: Missing XML comment for publicly visible type or member 'ChangeRemarksCommandHandler' [/Users/kady/Masterdom/src/Masterdom.Modules.Properties/Masterdom.Modules.Properties.csproj]
/Users/kady/Masterdom/src/Masterdom.Modules.Properties/Application/Handlers/Commands/ChangeRemarksCommandHandler.cs(13,12): warning CS1591: Missing XML comment for publicly visible type or member 'ChangeRemarksCommandHandler.ChangeRemarksCommandHandler(IPropertyApplicationService)' [/Users/kady/Masterdom/src/Masterdom.Modules.Properties/Masterdom.Modules.Properties.csproj]
/Users/kady/Masterdom/src/Masterdom.Modules.Properties/Application/Handlers/Commands/ChangeRemarksCommandHandler.cs(18,38): warning CS1591: Missing XML comment for publicly visible type or member 'ChangeRemarksCommandHandler.Handle(ChangeRemarksCommand)' [/Users/kady/Masterdom/src/Masterdom.Modules.Properties/Masterdom.Modules.Properties.csproj]
/Users/kady/Masterdom/src/Masterdom.Modules.Properties/Application/Handlers/Commands/ChangeTypeCommandHandler.cs(8,21): warning CS1591: Missing XML comment for publicly visible type or member 'ChangeTypeCommandHandler' [/Users/kady/Masterdom/src/Masterdom.Modules.Properties/Masterdom.Modules.Properties.csproj]
/Users/kady/Masterdom/src/Masterdom.Modules.Properties/Application/Handlers/Commands/ChangeTypeCommandHandler.cs(13,12): warning CS1591: Missing XML comment for publicly visible type or member 'ChangeTypeCommandHandler.ChangeTypeCommandHandler(IPropertyApplicationService)' [/Users/kady/Masterdom/src/Masterdom.Modules.Properties/Masterdom.Modules.Properties.csproj]
/Users/kady/Masterdom/src/Masterdom.Modules.Properties/Application/Handlers/Commands/ChangeTypeCommandHandler.cs(18,38): warning CS1591: Missing XML comment for publicly visible type or member 'ChangeTypeCommandHandler.Handle(ChangeTypeCommand)' [/Users/kady/Masterdom/src/Masterdom.Modules.Properties/Masterdom.Modules.Properties.csproj]
/Users/kady/Masterdom/src/Masterdom.Modules.Properties/Application/Handlers/Commands/ConfigureSettingsCommandHandler.cs(8,21): warning CS1591: Missing XML comment for publicly visible type or member 'ConfigureSettingsCommandHandler' [/Users/kady/Masterdom/src/Masterdom.Modules.Properties/Masterdom.Modules.Properties.csproj]
/Users/kady/Masterdom/src/Masterdom.Modules.Properties/Application/Handlers/Commands/ConfigureSettingsCommandHandler.cs(13,12): warning CS1591: Missing XML comment for publicly visible type or member 'ConfigureSettingsCommandHandler.ConfigureSettingsCommandHandler(IPropertyApplicationService)' [/Users/kady/Masterdom/src/Masterdom.Modules.Properties/Masterdom.Modules.Properties.csproj]
/Users/kady/Masterdom/src/Masterdom.Modules.Properties/Application/Handlers/Commands/ConfigureSettingsCommandHandler.cs(18,38): warning CS1591: Missing XML comment for publicly visible type or member 'ConfigureSettingsCommandHandler.Handle(ConfigureSettingsCommand)' [/Users/kady/Masterdom/src/Masterdom.Modules.Properties/Masterdom.Modules.Properties.csproj]
/Users/kady/Masterdom/src/Masterdom.Modules.Properties/Application/Handlers/Commands/CreatePropertyCommandHandler.cs(16,12): warning CS1591: Missing XML comment for publicly visible type or member 'CreatePropertyCommandHandler.CreatePropertyCommandHandler(IPropertyApplicationService)' [/Users/kady/Masterdom/src/Masterdom.Modules.Properties/Masterdom.Modules.Properties.csproj]
/Users/kady/Masterdom/src/Masterdom.Modules.Properties/Application/Handlers/Commands/CreatePropertyCommandHandler.cs(21,38): warning CS1591: Missing XML comment for publicly visible type or member 'CreatePropertyCommandHandler.Handle(CreatePropertyCommand)' [/Users/kady/Masterdom/src/Masterdom.Modules.Properties/Masterdom.Modules.Properties.csproj]
/Users/kady/Masterdom/src/Masterdom.Modules.Properties/Application/Handlers/Commands/CreateUnitCommandHandler.cs(16,12): warning CS1591: Missing XML comment for publicly visible type or member 'CreateUnitCommandHandler.CreateUnitCommandHandler(IPropertyApplicationService)' [/Users/kady/Masterdom/src/Masterdom.Modules.Properties/Masterdom.Modules.Properties.csproj]
/Users/kady/Masterdom/src/Masterdom.Modules.Properties/Application/Handlers/Commands/CreateUnitCommandHandler.cs(21,34): warning CS1591: Missing XML comment for publicly visible type or member 'CreateUnitCommandHandler.Handle(CreateUnitCommand)' [/Users/kady/Masterdom/src/Masterdom.Modules.Properties/Masterdom.Modules.Properties.csproj]
/Users/kady/Masterdom/src/Masterdom.Modules.Properties/Application/Handlers/Commands/HidePropertyCommandHandler.cs(8,21): warning CS1591: Missing XML comment for publicly visible type or member 'HidePropertyCommandHandler' [/Users/kady/Masterdom/src/Masterdom.Modules.Properties/Masterdom.Modules.Properties.csproj]
/Users/kady/Masterdom/src/Masterdom.Modules.Properties/Application/Handlers/Commands/HidePropertyCommandHandler.cs(13,12): warning CS1591: Missing XML comment for publicly visible type or member 'HidePropertyCommandHandler.HidePropertyCommandHandler(IPropertyApplicationService)' [/Users/kady/Masterdom/src/Masterdom.Modules.Properties/Masterdom.Modules.Properties.csproj]
/Users/kady/Masterdom/src/Masterdom.Modules.Properties/Application/Handlers/Commands/HidePropertyCommandHandler.cs(18,38): warning CS1591: Missing XML comment for publicly visible type or member 'HidePropertyCommandHandler.Handle(HidePropertyCommand)' [/Users/kady/Masterdom/src/Masterdom.Modules.Properties/Masterdom.Modules.Properties.csproj]
/Users/kady/Masterdom/src/Masterdom.Modules.Properties/Application/Handlers/Commands/RemoveMetadataCommandHandler.cs(8,21): warning CS1591: Missing XML comment for publicly visible type or member 'RemoveMetadataCommandHandler' [/Users/kady/Masterdom/src/Masterdom.Modules.Properties/Masterdom.Modules.Properties.csproj]
/Users/kady/Masterdom/src/Masterdom.Modules.Properties/Application/Handlers/Commands/RemoveMetadataCommandHandler.cs(13,12): warning CS1591: Missing XML comment for publicly visible type or member 'RemoveMetadataCommandHandler.RemoveMetadataCommandHandler(IPropertyApplicationService)' [/Users/kady/Masterdom/src/Masterdom.Modules.Properties/Masterdom.Modules.Properties.csproj]
/Users/kady/Masterdom/src/Masterdom.Modules.Properties/Application/Handlers/Commands/RemoveMetadataCommandHandler.cs(18,34): warning CS1591: Missing XML comment for publicly visible type or member 'RemoveMetadataCommandHandler.Handle(RemoveMetadataCommand)' [/Users/kady/Masterdom/src/Masterdom.Modules.Properties/Masterdom.Modules.Properties.csproj]
/Users/kady/Masterdom/src/Masterdom.Modules.Properties/Application/Handlers/Commands/RemoveRelationshipCommandHandler.cs(8,21): warning CS1591: Missing XML comment for publicly visible type or member 'RemoveRelationshipCommandHandler' [/Users/kady/Masterdom/src/Masterdom.Modules.Properties/Masterdom.Modules.Properties.csproj]
/Users/kady/Masterdom/src/Masterdom.Modules.Properties/Application/Handlers/Commands/RemoveRelationshipCommandHandler.cs(13,12): warning CS1591: Missing XML comment for publicly visible type or member 'RemoveRelationshipCommandHandler.RemoveRelationshipCommandHandler(IPropertyApplicationService)' [/Users/kady/Masterdom/src/Masterdom.Modules.Properties/Masterdom.Modules.Properties.csproj]
/Users/kady/Masterdom/src/Masterdom.Modules.Properties/Application/Handlers/Commands/RemoveRelationshipCommandHandler.cs(18,34): warning CS1591: Missing XML comment for publicly visible type or member 'RemoveRelationshipCommandHandler.Handle(RemoveRelationshipCommand)' [/Users/kady/Masterdom/src/Masterdom.Modules.Properties/Masterdom.Modules.Properties.csproj]
/Users/kady/Masterdom/src/Masterdom.Modules.Properties/Application/Handlers/Commands/RemoveUnitCommandHandler.cs(15,12): warning CS1591: Missing XML comment for publicly visible type or member 'RemoveUnitCommandHandler.RemoveUnitCommandHandler(IPropertyApplicationService)' [/Users/kady/Masterdom/src/Masterdom.Modules.Properties/Masterdom.Modules.Properties.csproj]
/Users/kady/Masterdom/src/Masterdom.Modules.Properties/Application/Handlers/Commands/RemoveUnitCommandHandler.cs(20,34): warning CS1591: Missing XML comment for publicly visible type or member 'RemoveUnitCommandHandler.Handle(RemoveUnitCommand)' [/Users/kady/Masterdom/src/Masterdom.Modules.Properties/Masterdom.Modules.Properties.csproj]
/Users/kady/Masterdom/src/Masterdom.Modules.Properties/Application/Handlers/Commands/RenamePropertyCommandHandler.cs(16,12): warning CS1591: Missing XML comment for publicly visible type or member 'RenamePropertyCommandHandler.RenamePropertyCommandHandler(IPropertyApplicationService)' [/Users/kady/Masterdom/src/Masterdom.Modules.Properties/Masterdom.Modules.Properties.csproj]
/Users/kady/Masterdom/src/Masterdom.Modules.Properties/Application/Handlers/Commands/RenamePropertyCommandHandler.cs(21,38): warning CS1591: Missing XML comment for publicly visible type or member 'RenamePropertyCommandHandler.Handle(RenamePropertyCommand)' [/Users/kady/Masterdom/src/Masterdom.Modules.Properties/Masterdom.Modules.Properties.csproj]
/Users/kady/Masterdom/src/Masterdom.Modules.Properties/Application/Handlers/Commands/SetDisplayOrderCommandHandler.cs(8,21): warning CS1591: Missing XML comment for publicly visible type or member 'SetDisplayOrderCommandHandler' [/Users/kady/Masterdom/src/Masterdom.Modules.Properties/Masterdom.Modules.Properties.csproj]
/Users/kady/Masterdom/src/Masterdom.Modules.Properties/Application/Handlers/Commands/SetDisplayOrderCommandHandler.cs(13,12): warning CS1591: Missing XML comment for publicly visible type or member 'SetDisplayOrderCommandHandler.SetDisplayOrderCommandHandler(IPropertyApplicationService)' [/Users/kady/Masterdom/src/Masterdom.Modules.Properties/Masterdom.Modules.Properties.csproj]
/Users/kady/Masterdom/src/Masterdom.Modules.Properties/Application/Handlers/Commands/SetDisplayOrderCommandHandler.cs(18,38): warning CS1591: Missing XML comment for publicly visible type or member 'SetDisplayOrderCommandHandler.Handle(SetDisplayOrderCommand)' [/Users/kady/Masterdom/src/Masterdom.Modules.Properties/Masterdom.Modules.Properties.csproj]
/Users/kady/Masterdom/src/Masterdom.Modules.Properties/Application/Handlers/Commands/SetEffectivePeriodCommandHandler.cs(8,21): warning CS1591: Missing XML comment for publicly visible type or member 'SetEffectivePeriodCommandHandler' [/Users/kady/Masterdom/src/Masterdom.Modules.Properties/Masterdom.Modules.Properties.csproj]
/Users/kady/Masterdom/src/Masterdom.Modules.Properties/Application/Handlers/Commands/SetEffectivePeriodCommandHandler.cs(13,12): warning CS1591: Missing XML comment for publicly visible type or member 'SetEffectivePeriodCommandHandler.SetEffectivePeriodCommandHandler(IPropertyApplicationService)' [/Users/kady/Masterdom/src/Masterdom.Modules.Properties/Masterdom.Modules.Properties.csproj]
/Users/kady/Masterdom/src/Masterdom.Modules.Properties/Application/Handlers/Commands/SetEffectivePeriodCommandHandler.cs(18,38): warning CS1591: Missing XML comment for publicly visible type or member 'SetEffectivePeriodCommandHandler.Handle(SetEffectivePeriodCommand)' [/Users/kady/Masterdom/src/Masterdom.Modules.Properties/Masterdom.Modules.Properties.csproj]
/Users/kady/Masterdom/src/Masterdom.Modules.Properties/Application/Handlers/Commands/ShowPropertyCommandHandler.cs(8,21): warning CS1591: Missing XML comment for publicly visible type or member 'ShowPropertyCommandHandler' [/Users/kady/Masterdom/src/Masterdom.Modules.Properties/Masterdom.Modules.Properties.csproj]
/Users/kady/Masterdom/src/Masterdom.Modules.Properties/Application/Handlers/Commands/ShowPropertyCommandHandler.cs(13,12): warning CS1591: Missing XML comment for publicly visible type or member 'ShowPropertyCommandHandler.ShowPropertyCommandHandler(IPropertyApplicationService)' [/Users/kady/Masterdom/src/Masterdom.Modules.Properties/Masterdom.Modules.Properties.csproj]
/Users/kady/Masterdom/src/Masterdom.Modules.Properties/Application/Handlers/Commands/ShowPropertyCommandHandler.cs(18,38): warning CS1591: Missing XML comment for publicly visible type or member 'ShowPropertyCommandHandler.Handle(ShowPropertyCommand)' [/Users/kady/Masterdom/src/Masterdom.Modules.Properties/Masterdom.Modules.Properties.csproj]
/Users/kady/Masterdom/src/Masterdom.Modules.Properties/Application/Handlers/Commands/UpsertMetadataCommandHandler.cs(8,21): warning CS1591: Missing XML comment for publicly visible type or member 'UpsertMetadataCommandHandler' [/Users/kady/Masterdom/src/Masterdom.Modules.Properties/Masterdom.Modules.Properties.csproj]
/Users/kady/Masterdom/src/Masterdom.Modules.Properties/Application/Handlers/Commands/UpsertMetadataCommandHandler.cs(13,12): warning CS1591: Missing XML comment for publicly visible type or member 'UpsertMetadataCommandHandler.UpsertMetadataCommandHandler(IPropertyApplicationService)' [/Users/kady/Masterdom/src/Masterdom.Modules.Properties/Masterdom.Modules.Properties.csproj]
/Users/kady/Masterdom/src/Masterdom.Modules.Properties/Application/Handlers/Commands/UpsertMetadataCommandHandler.cs(18,38): warning CS1591: Missing XML comment for publicly visible type or member 'UpsertMetadataCommandHandler.Handle(UpsertMetadataCommand)' [/Users/kady/Masterdom/src/Masterdom.Modules.Properties/Masterdom.Modules.Properties.csproj]
/Users/kady/Masterdom/src/Masterdom.Modules.Properties/Application/Handlers/Queries/GetPropertyByCodeQueryHandler.cs(16,12): warning CS1591: Missing XML comment for publicly visible type or member 'GetPropertyByCodeQueryHandler.GetPropertyByCodeQueryHandler(IPropertyApplicationService)' [/Users/kady/Masterdom/src/Masterdom.Modules.Properties/Masterdom.Modules.Properties.csproj]
/Users/kady/Masterdom/src/Masterdom.Modules.Properties/Application/Handlers/Queries/GetPropertyByCodeQueryHandler.cs(21,38): warning CS1591: Missing XML comment for publicly visible type or member 'GetPropertyByCodeQueryHandler.Handle(GetPropertyByCodeQuery)' [/Users/kady/Masterdom/src/Masterdom.Modules.Properties/Masterdom.Modules.Properties.csproj]
/Users/kady/Masterdom/src/Masterdom.Modules.Properties/Application/Handlers/Queries/GetPropertyByIdQueryHandler.cs(16,12): warning CS1591: Missing XML comment for publicly visible type or member 'GetPropertyByIdQueryHandler.GetPropertyByIdQueryHandler(IPropertyApplicationService)' [/Users/kady/Masterdom/src/Masterdom.Modules.Properties/Masterdom.Modules.Properties.csproj]
/Users/kady/Masterdom/src/Masterdom.Modules.Properties/Application/Handlers/Queries/GetPropertyByIdQueryHandler.cs(21,38): warning CS1591: Missing XML comment for publicly visible type or member 'GetPropertyByIdQueryHandler.Handle(GetPropertyByIdQuery)' [/Users/kady/Masterdom/src/Masterdom.Modules.Properties/Masterdom.Modules.Properties.csproj]
/Users/kady/Masterdom/src/Masterdom.Modules.Properties/Application/Handlers/Queries/ListUnitsQueryHandler.cs(16,12): warning CS1591: Missing XML comment for publicly visible type or member 'ListUnitsQueryHandler.ListUnitsQueryHandler(IPropertyApplicationService)' [/Users/kady/Masterdom/src/Masterdom.Modules.Properties/Masterdom.Modules.Properties.csproj]
/Users/kady/Masterdom/src/Masterdom.Modules.Properties/Application/Handlers/Queries/ListUnitsQueryHandler.cs(21,55): warning CS1591: Missing XML comment for publicly visible type or member 'ListUnitsQueryHandler.Handle(ListUnitsQuery)' [/Users/kady/Masterdom/src/Masterdom.Modules.Properties/Masterdom.Modules.Properties.csproj]
/Users/kady/Masterdom/src/Masterdom.Modules.Properties/Application/Handlers/Queries/SearchPropertiesQueryHandler.cs(16,12): warning CS1591: Missing XML comment for publicly visible type or member 'SearchPropertiesQueryHandler.SearchPropertiesQueryHandler(IPropertyApplicationService)' [/Users/kady/Masterdom/src/Masterdom.Modules.Properties/Masterdom.Modules.Properties.csproj]
/Users/kady/Masterdom/src/Masterdom.Modules.Properties/Application/Handlers/Queries/SearchPropertiesQueryHandler.cs(21,59): warning CS1591: Missing XML comment for publicly visible type or member 'SearchPropertiesQueryHandler.Handle(SearchPropertiesQuery)' [/Users/kady/Masterdom/src/Masterdom.Modules.Properties/Masterdom.Modules.Properties.csproj]
/Users/kady/Masterdom/src/Masterdom.Modules.Properties/Application/Services/IPropertyApplicationService.cs(12,14): warning CS1591: Missing XML comment for publicly visible type or member 'IPropertyApplicationService.CreateProperty(CreatePropertyCommand)' [/Users/kady/Masterdom/src/Masterdom.Modules.Properties/Masterdom.Modules.Properties.csproj]
/Users/kady/Masterdom/src/Masterdom.Modules.Properties/Application/Services/IPropertyApplicationService.cs(14,14): warning CS1591: Missing XML comment for publicly visible type or member 'IPropertyApplicationService.RenameProperty(RenamePropertyCommand)' [/Users/kady/Masterdom/src/Masterdom.Modules.Properties/Masterdom.Modules.Properties.csproj]
/Users/kady/Masterdom/src/Masterdom.Modules.Properties/Application/Services/IPropertyApplicationService.cs(16,14): warning CS1591: Missing XML comment for publicly visible type or member 'IPropertyApplicationService.ChangeStatus(ChangePropertyStatusCommand)' [/Users/kady/Masterdom/src/Masterdom.Modules.Properties/Masterdom.Modules.Properties.csproj]
/Users/kady/Masterdom/src/Masterdom.Modules.Properties/Application/Services/IPropertyApplicationService.cs(18,10): warning CS1591: Missing XML comment for publicly visible type or member 'IPropertyApplicationService.CreateUnit(CreateUnitCommand)' [/Users/kady/Masterdom/src/Masterdom.Modules.Properties/Masterdom.Modules.Properties.csproj]
/Users/kady/Masterdom/src/Masterdom.Modules.Properties/Application/Services/IPropertyApplicationService.cs(20,10): warning CS1591: Missing XML comment for publicly visible type or member 'IPropertyApplicationService.RemoveUnit(RemoveUnitCommand)' [/Users/kady/Masterdom/src/Masterdom.Modules.Properties/Masterdom.Modules.Properties.csproj]
/Users/kady/Masterdom/src/Masterdom.Modules.Properties/Application/Services/IPropertyApplicationService.cs(22,15): warning CS1591: Missing XML comment for publicly visible type or member 'IPropertyApplicationService.GetProperty(GetPropertyByIdQuery)' [/Users/kady/Masterdom/src/Masterdom.Modules.Properties/Masterdom.Modules.Properties.csproj]
/Users/kady/Masterdom/src/Masterdom.Modules.Properties/Application/Services/IPropertyApplicationService.cs(24,15): warning CS1591: Missing XML comment for publicly visible type or member 'IPropertyApplicationService.GetPropertyByCode(GetPropertyByCodeQuery)' [/Users/kady/Masterdom/src/Masterdom.Modules.Properties/Masterdom.Modules.Properties.csproj]
/Users/kady/Masterdom/src/Masterdom.Modules.Properties/Application/Services/IPropertyApplicationService.cs(26,31): warning CS1591: Missing XML comment for publicly visible type or member 'IPropertyApplicationService.ListUnits(ListUnitsQuery)' [/Users/kady/Masterdom/src/Masterdom.Modules.Properties/Masterdom.Modules.Properties.csproj]
/Users/kady/Masterdom/src/Masterdom.Modules.Properties/Application/Services/IPropertyApplicationService.cs(28,35): warning CS1591: Missing XML comment for publicly visible type or member 'IPropertyApplicationService.SearchProperties(SearchPropertiesQuery)' [/Users/kady/Masterdom/src/Masterdom.Modules.Properties/Masterdom.Modules.Properties.csproj]
/Users/kady/Masterdom/src/Masterdom.Modules.Properties/Application/Services/IPropertyApplicationService.cs(30,14): warning CS1591: Missing XML comment for publicly visible type or member 'IPropertyApplicationService.ChangeDescription(ChangeDescriptionCommand)' [/Users/kady/Masterdom/src/Masterdom.Modules.Properties/Masterdom.Modules.Properties.csproj]
/Users/kady/Masterdom/src/Masterdom.Modules.Properties/Application/Services/IPropertyApplicationService.cs(32,14): warning CS1591: Missing XML comment for publicly visible type or member 'IPropertyApplicationService.ChangeRemarks(ChangeRemarksCommand)' [/Users/kady/Masterdom/src/Masterdom.Modules.Properties/Masterdom.Modules.Properties.csproj]
/Users/kady/Masterdom/src/Masterdom.Modules.Properties/Application/Services/IPropertyApplicationService.cs(34,14): warning CS1591: Missing XML comment for publicly visible type or member 'IPropertyApplicationService.ChangeOwner(ChangeOwnerCommand)' [/Users/kady/Masterdom/src/Masterdom.Modules.Properties/Masterdom.Modules.Properties.csproj]
/Users/kady/Masterdom/src/Masterdom.Modules.Properties/Application/Services/IPropertyApplicationService.cs(36,14): warning CS1591: Missing XML comment for publicly visible type or member 'IPropertyApplicationService.ChangeAddress(ChangeAddressCommand)' [/Users/kady/Masterdom/src/Masterdom.Modules.Properties/Masterdom.Modules.Properties.csproj]
/Users/kady/Masterdom/src/Masterdom.Modules.Properties/Application/Services/IPropertyApplicationService.cs(38,14): warning CS1591: Missing XML comment for publicly visible type or member 'IPropertyApplicationService.ConfigureSettings(ConfigureSettingsCommand)' [/Users/kady/Masterdom/src/Masterdom.Modules.Properties/Masterdom.Modules.Properties.csproj]
/Users/kady/Masterdom/src/Masterdom.Modules.Properties/Application/Services/IPropertyApplicationService.cs(40,14): warning CS1591: Missing XML comment for publicly visible type or member 'IPropertyApplicationService.ChangeParentProperty(ChangeParentPropertyCommand)' [/Users/kady/Masterdom/src/Masterdom.Modules.Properties/Masterdom.Modules.Properties.csproj]
/Users/kady/Masterdom/src/Masterdom.Modules.Properties/Application/Services/IPropertyApplicationService.cs(42,14): warning CS1591: Missing XML comment for publicly visible type or member 'IPropertyApplicationService.SetEffectivePeriod(SetEffectivePeriodCommand)' [/Users/kady/Masterdom/src/Masterdom.Modules.Properties/Masterdom.Modules.Properties.csproj]
/Users/kady/Masterdom/src/Masterdom.Modules.Properties/Application/Services/IPropertyApplicationService.cs(44,14): warning CS1591: Missing XML comment for publicly visible type or member 'IPropertyApplicationService.SetDisplayOrder(SetDisplayOrderCommand)' [/Users/kady/Masterdom/src/Masterdom.Modules.Properties/Masterdom.Modules.Properties.csproj]
/Users/kady/Masterdom/src/Masterdom.Modules.Properties/Application/Services/IPropertyApplicationService.cs(46,14): warning CS1591: Missing XML comment for publicly visible type or member 'IPropertyApplicationService.HideProperty(HidePropertyCommand)' [/Users/kady/Masterdom/src/Masterdom.Modules.Properties/Masterdom.Modules.Properties.csproj]
/Users/kady/Masterdom/src/Masterdom.Modules.Properties/Application/Services/IPropertyApplicationService.cs(48,14): warning CS1591: Missing XML comment for publicly visible type or member 'IPropertyApplicationService.ShowProperty(ShowPropertyCommand)' [/Users/kady/Masterdom/src/Masterdom.Modules.Properties/Masterdom.Modules.Properties.csproj]
/Users/kady/Masterdom/src/Masterdom.Modules.Properties/Application/Services/IPropertyApplicationService.cs(50,14): warning CS1591: Missing XML comment for publicly visible type or member 'IPropertyApplicationService.ChangeType(ChangeTypeCommand)' [/Users/kady/Masterdom/src/Masterdom.Modules.Properties/Masterdom.Modules.Properties.csproj]
/Users/kady/Masterdom/src/Masterdom.Modules.Properties/Application/Services/IPropertyApplicationService.cs(52,10): warning CS1591: Missing XML comment for publicly visible type or member 'IPropertyApplicationService.AddExistingUnit(AddExistingUnitCommand)' [/Users/kady/Masterdom/src/Masterdom.Modules.Properties/Masterdom.Modules.Properties.csproj]
/Users/kady/Masterdom/src/Masterdom.Modules.Properties/Application/Services/IPropertyApplicationService.cs(54,14): warning CS1591: Missing XML comment for publicly visible type or member 'IPropertyApplicationService.UpsertMetadata(UpsertMetadataCommand)' [/Users/kady/Masterdom/src/Masterdom.Modules.Properties/Masterdom.Modules.Properties.csproj]
/Users/kady/Masterdom/src/Masterdom.Modules.Properties/Application/Services/IPropertyApplicationService.cs(56,10): warning CS1591: Missing XML comment for publicly visible type or member 'IPropertyApplicationService.RemoveMetadata(RemoveMetadataCommand)' [/Users/kady/Masterdom/src/Masterdom.Modules.Properties/Masterdom.Modules.Properties.csproj]
/Users/kady/Masterdom/src/Masterdom.Modules.Properties/Application/Services/IPropertyApplicationService.cs(58,14): warning CS1591: Missing XML comment for publicly visible type or member 'IPropertyApplicationService.AddRelationship(AddRelationshipCommand)' [/Users/kady/Masterdom/src/Masterdom.Modules.Properties/Masterdom.Modules.Properties.csproj]
/Users/kady/Masterdom/src/Masterdom.Modules.Properties/Application/Services/IPropertyApplicationService.cs(60,10): warning CS1591: Missing XML comment for publicly visible type or member 'IPropertyApplicationService.RemoveRelationship(RemoveRelationshipCommand)' [/Users/kady/Masterdom/src/Masterdom.Modules.Properties/Masterdom.Modules.Properties.csproj]
/Users/kady/Masterdom/src/Masterdom.Modules.Properties/Application/Services/PropertyApplicationService.cs(20,12): warning CS1591: Missing XML comment for publicly visible type or member 'PropertyApplicationService.PropertyApplicationService(IPropertyRepository, IPropertyUnitOfWork, IPropertyPlatformOrchestrator, ICurrentUserAccessor)' [/Users/kady/Masterdom/src/Masterdom.Modules.Properties/Masterdom.Modules.Properties.csproj]
/Users/kady/Masterdom/src/Masterdom.Modules.Properties/Application/Services/PropertyApplicationService.cs(32,21): warning CS1591: Missing XML comment for publicly visible type or member 'PropertyApplicationService.CreateProperty(CreatePropertyCommand)' [/Users/kady/Masterdom/src/Masterdom.Modules.Properties/Masterdom.Modules.Properties.csproj]
/Users/kady/Masterdom/src/Masterdom.Modules.Properties/Application/Services/PropertyApplicationService.cs(58,21): warning CS1591: Missing XML comment for publicly visible type or member 'PropertyApplicationService.RenameProperty(RenamePropertyCommand)' [/Users/kady/Masterdom/src/Masterdom.Modules.Properties/Masterdom.Modules.Properties.csproj]
/Users/kady/Masterdom/src/Masterdom.Modules.Properties/Application/Services/PropertyApplicationService.cs(70,21): warning CS1591: Missing XML comment for publicly visible type or member 'PropertyApplicationService.ChangeStatus(ChangePropertyStatusCommand)' [/Users/kady/Masterdom/src/Masterdom.Modules.Properties/Masterdom.Modules.Properties.csproj]
/Users/kady/Masterdom/src/Masterdom.Modules.Properties/Application/Services/PropertyApplicationService.cs(99,17): warning CS1591: Missing XML comment for publicly visible type or member 'PropertyApplicationService.CreateUnit(CreateUnitCommand)' [/Users/kady/Masterdom/src/Masterdom.Modules.Properties/Masterdom.Modules.Properties.csproj]
/Users/kady/Masterdom/src/Masterdom.Modules.Properties/Application/Services/PropertyApplicationService.cs(111,17): warning CS1591: Missing XML comment for publicly visible type or member 'PropertyApplicationService.RemoveUnit(RemoveUnitCommand)' [/Users/kady/Masterdom/src/Masterdom.Modules.Properties/Masterdom.Modules.Properties.csproj]
/Users/kady/Masterdom/src/Masterdom.Modules.Properties/Application/Services/PropertyApplicationService.cs(128,22): warning CS1591: Missing XML comment for publicly visible type or member 'PropertyApplicationService.GetProperty(GetPropertyByIdQuery)' [/Users/kady/Masterdom/src/Masterdom.Modules.Properties/Masterdom.Modules.Properties.csproj]
/Users/kady/Masterdom/src/Masterdom.Modules.Properties/Application/Services/PropertyApplicationService.cs(134,22): warning CS1591: Missing XML comment for publicly visible type or member 'PropertyApplicationService.GetPropertyByCode(GetPropertyByCodeQuery)' [/Users/kady/Masterdom/src/Masterdom.Modules.Properties/Masterdom.Modules.Properties.csproj]
/Users/kady/Masterdom/src/Masterdom.Modules.Properties/Application/Services/PropertyApplicationService.cs(140,38): warning CS1591: Missing XML comment for publicly visible type or member 'PropertyApplicationService.ListUnits(ListUnitsQuery)' [/Users/kady/Masterdom/src/Masterdom.Modules.Properties/Masterdom.Modules.Properties.csproj]
/Users/kady/Masterdom/src/Masterdom.Modules.Properties/Application/Services/PropertyApplicationService.cs(146,42): warning CS1591: Missing XML comment for publicly visible type or member 'PropertyApplicationService.SearchProperties(SearchPropertiesQuery)' [/Users/kady/Masterdom/src/Masterdom.Modules.Properties/Masterdom.Modules.Properties.csproj]
/Users/kady/Masterdom/src/Masterdom.Modules.Properties/Application/Services/PropertyApplicationService.cs(152,21): warning CS1591: Missing XML comment for publicly visible type or member 'PropertyApplicationService.ChangeDescription(ChangeDescriptionCommand)' [/Users/kady/Masterdom/src/Masterdom.Modules.Properties/Masterdom.Modules.Properties.csproj]
/Users/kady/Masterdom/src/Masterdom.Modules.Properties/Application/Services/PropertyApplicationService.cs(162,21): warning CS1591: Missing XML comment for publicly visible type or member 'PropertyApplicationService.ChangeRemarks(ChangeRemarksCommand)' [/Users/kady/Masterdom/src/Masterdom.Modules.Properties/Masterdom.Modules.Properties.csproj]
/Users/kady/Masterdom/src/Masterdom.Modules.Properties/Application/Services/PropertyApplicationService.cs(172,21): warning CS1591: Missing XML comment for publicly visible type or member 'PropertyApplicationService.ChangeOwner(ChangeOwnerCommand)' [/Users/kady/Masterdom/src/Masterdom.Modules.Properties/Masterdom.Modules.Properties.csproj]
/Users/kady/Masterdom/src/Masterdom.Modules.Properties/Application/Services/PropertyApplicationService.cs(182,21): warning CS1591: Missing XML comment for publicly visible type or member 'PropertyApplicationService.ChangeAddress(ChangeAddressCommand)' [/Users/kady/Masterdom/src/Masterdom.Modules.Properties/Masterdom.Modules.Properties.csproj]
/Users/kady/Masterdom/src/Masterdom.Modules.Properties/Application/Services/PropertyApplicationService.cs(192,21): warning CS1591: Missing XML comment for publicly visible type or member 'PropertyApplicationService.ConfigureSettings(ConfigureSettingsCommand)' [/Users/kady/Masterdom/src/Masterdom.Modules.Properties/Masterdom.Modules.Properties.csproj]
/Users/kady/Masterdom/src/Masterdom.Modules.Properties/Application/Services/PropertyApplicationService.cs(202,21): warning CS1591: Missing XML comment for publicly visible type or member 'PropertyApplicationService.ChangeParentProperty(ChangeParentPropertyCommand)' [/Users/kady/Masterdom/src/Masterdom.Modules.Properties/Masterdom.Modules.Properties.csproj]
/Users/kady/Masterdom/src/Masterdom.Modules.Properties/Application/Services/PropertyApplicationService.cs(212,21): warning CS1591: Missing XML comment for publicly visible type or member 'PropertyApplicationService.SetEffectivePeriod(SetEffectivePeriodCommand)' [/Users/kady/Masterdom/src/Masterdom.Modules.Properties/Masterdom.Modules.Properties.csproj]
/Users/kady/Masterdom/src/Masterdom.Modules.Properties/Application/Services/PropertyApplicationService.cs(222,21): warning CS1591: Missing XML comment for publicly visible type or member 'PropertyApplicationService.SetDisplayOrder(SetDisplayOrderCommand)' [/Users/kady/Masterdom/src/Masterdom.Modules.Properties/Masterdom.Modules.Properties.csproj]
/Users/kady/Masterdom/src/Masterdom.Modules.Properties/Application/Services/PropertyApplicationService.cs(232,21): warning CS1591: Missing XML comment for publicly visible type or member 'PropertyApplicationService.HideProperty(HidePropertyCommand)' [/Users/kady/Masterdom/src/Masterdom.Modules.Properties/Masterdom.Modules.Properties.csproj]
/Users/kady/Masterdom/src/Masterdom.Modules.Properties/Application/Services/PropertyApplicationService.cs(242,21): warning CS1591: Missing XML comment for publicly visible type or member 'PropertyApplicationService.ShowProperty(ShowPropertyCommand)' [/Users/kady/Masterdom/src/Masterdom.Modules.Properties/Masterdom.Modules.Properties.csproj]
/Users/kady/Masterdom/src/Masterdom.Modules.Properties/Application/Services/PropertyApplicationService.cs(252,21): warning CS1591: Missing XML comment for publicly visible type or member 'PropertyApplicationService.ChangeType(ChangeTypeCommand)' [/Users/kady/Masterdom/src/Masterdom.Modules.Properties/Masterdom.Modules.Properties.csproj]
/Users/kady/Masterdom/src/Masterdom.Modules.Properties/Application/Services/PropertyApplicationService.cs(262,17): warning CS1591: Missing XML comment for publicly visible type or member 'PropertyApplicationService.AddExistingUnit(AddExistingUnitCommand)' [/Users/kady/Masterdom/src/Masterdom.Modules.Properties/Masterdom.Modules.Properties.csproj]
/Users/kady/Masterdom/src/Masterdom.Modules.Properties/Application/Services/PropertyApplicationService.cs(286,21): warning CS1591: Missing XML comment for publicly visible type or member 'PropertyApplicationService.UpsertMetadata(UpsertMetadataCommand)' [/Users/kady/Masterdom/src/Masterdom.Modules.Properties/Masterdom.Modules.Properties.csproj]
/Users/kady/Masterdom/src/Masterdom.Modules.Properties/Application/Services/PropertyApplicationService.cs(296,17): warning CS1591: Missing XML comment for publicly visible type or member 'PropertyApplicationService.RemoveMetadata(RemoveMetadataCommand)' [/Users/kady/Masterdom/src/Masterdom.Modules.Properties/Masterdom.Modules.Properties.csproj]
/Users/kady/Masterdom/src/Masterdom.Modules.Properties/Application/Services/PropertyApplicationService.cs(310,21): warning CS1591: Missing XML comment for publicly visible type or member 'PropertyApplicationService.AddRelationship(AddRelationshipCommand)' [/Users/kady/Masterdom/src/Masterdom.Modules.Properties/Masterdom.Modules.Properties.csproj]
/Users/kady/Masterdom/src/Masterdom.Modules.Properties/Application/Services/PropertyApplicationService.cs(320,17): warning CS1591: Missing XML comment for publicly visible type or member 'PropertyApplicationService.RemoveRelationship(RemoveRelationshipCommand)' [/Users/kady/Masterdom/src/Masterdom.Modules.Properties/Masterdom.Modules.Properties.csproj]
/Users/kady/Masterdom/src/Masterdom.Modules.Properties/Application/Support/ExecutionResult.cs(8,15): warning CS1591: Missing XML comment for publicly visible type or member 'ExecutionResult.ExecutionResult(bool, string?, string?)' [/Users/kady/Masterdom/src/Masterdom.Modules.Properties/Masterdom.Modules.Properties.csproj]
/Users/kady/Masterdom/src/Masterdom.Modules.Properties/Application/Support/ExecutionResult.cs(15,17): warning CS1591: Missing XML comment for publicly visible type or member 'ExecutionResult.IsSuccess' [/Users/kady/Masterdom/src/Masterdom.Modules.Properties/Masterdom.Modules.Properties.csproj]
/Users/kady/Masterdom/src/Masterdom.Modules.Properties/Application/Support/ExecutionResult.cs(17,20): warning CS1591: Missing XML comment for publicly visible type or member 'ExecutionResult.ErrorCode' [/Users/kady/Masterdom/src/Masterdom.Modules.Properties/Masterdom.Modules.Properties.csproj]
/Users/kady/Masterdom/src/Masterdom.Modules.Properties/Application/Support/ExecutionResult.cs(19,20): warning CS1591: Missing XML comment for publicly visible type or member 'ExecutionResult.ErrorMessage' [/Users/kady/Masterdom/src/Masterdom.Modules.Properties/Masterdom.Modules.Properties.csproj]
/Users/kady/Masterdom/src/Masterdom.Modules.Properties/Application/Support/ExecutionResult.cs(21,35): warning CS1591: Missing XML comment for publicly visible type or member 'ExecutionResult.Success()' [/Users/kady/Masterdom/src/Masterdom.Modules.Properties/Masterdom.Modules.Properties.csproj]
/Users/kady/Masterdom/src/Masterdom.Modules.Properties/Application/Support/ExecutionResult.cs(26,35): warning CS1591: Missing XML comment for publicly visible type or member 'ExecutionResult.Failure(string, string)' [/Users/kady/Masterdom/src/Masterdom.Modules.Properties/Masterdom.Modules.Properties.csproj]
/Users/kady/Masterdom/src/Masterdom.Modules.Properties/Application/Support/ExecutionResult.cs(46,15): warning CS1591: Missing XML comment for publicly visible type or member 'ExecutionResult<T>.Value' [/Users/kady/Masterdom/src/Masterdom.Modules.Properties/Masterdom.Modules.Properties.csproj]
/Users/kady/Masterdom/src/Masterdom.Modules.Properties/Application/Support/ExecutionResult.cs(48,38): warning CS1591: Missing XML comment for publicly visible type or member 'ExecutionResult<T>.Success(T)' [/Users/kady/Masterdom/src/Masterdom.Modules.Properties/Masterdom.Modules.Properties.csproj]
/Users/kady/Masterdom/src/Masterdom.Modules.Properties/Application/Support/ExecutionResult.cs(54,38): warning CS1591: Missing XML comment for publicly visible type or member 'ExecutionResult<T>.Failure(string, string)' [/Users/kady/Masterdom/src/Masterdom.Modules.Properties/Masterdom.Modules.Properties.csproj]
/Users/kady/Masterdom/src/Masterdom.Modules.Properties/Application/Support/ICommandHandler.cs(8,13): warning CS1591: Missing XML comment for publicly visible type or member 'ICommandHandler<TCommand, TResult>.Handle(TCommand)' [/Users/kady/Masterdom/src/Masterdom.Modules.Properties/Masterdom.Modules.Properties.csproj]
/Users/kady/Masterdom/src/Masterdom.Modules.Properties/Application/Support/IPropertyPlatformOrchestrator.cs(10,10): warning CS1591: Missing XML comment for publicly visible type or member 'IPropertyPlatformOrchestrator.OnPropertyMutated(Property, string)' [/Users/kady/Masterdom/src/Masterdom.Modules.Properties/Masterdom.Modules.Properties.csproj]
/Users/kady/Masterdom/src/Masterdom.Modules.Properties/Application/Support/IPropertyUnitOfWork.cs(8,10): warning CS1591: Missing XML comment for publicly visible type or member 'IPropertyUnitOfWork.Execute(Action)' [/Users/kady/Masterdom/src/Masterdom.Modules.Properties/Masterdom.Modules.Properties.csproj]
/Users/kady/Masterdom/src/Masterdom.Modules.Properties/Application/Support/IQueryHandler.cs(8,13): warning CS1591: Missing XML comment for publicly visible type or member 'IQueryHandler<TQuery, TResult>.Handle(TQuery)' [/Users/kady/Masterdom/src/Masterdom.Modules.Properties/Masterdom.Modules.Properties.csproj]
/Users/kady/Masterdom/src/Masterdom.Modules.Properties/Domain/Entities/Property/Capacity.cs(10,12): warning CS1591: Missing XML comment for publicly visible type or member 'Capacity.Capacity(int)' [/Users/kady/Masterdom/src/Masterdom.Modules.Properties/Masterdom.Modules.Properties.csproj]
/Users/kady/Masterdom/src/Masterdom.Modules.Properties/Domain/Entities/Property/Capacity.cs(20,16): warning CS1591: Missing XML comment for publicly visible type or member 'Capacity.Value' [/Users/kady/Masterdom/src/Masterdom.Modules.Properties/Masterdom.Modules.Properties.csproj]
/Users/kady/Masterdom/src/Masterdom.Modules.Properties/Domain/Entities/Property/Capacity.cs(22,45): warning CS1591: Missing XML comment for publicly visible type or member 'Capacity.GetEqualityComponents()' [/Users/kady/Masterdom/src/Masterdom.Modules.Properties/Masterdom.Modules.Properties.csproj]
/Users/kady/Masterdom/src/Masterdom.Modules.Properties/Domain/Entities/Property/Capacity.cs(27,28): warning CS1591: Missing XML comment for publicly visible type or member 'Capacity.ToString()' [/Users/kady/Masterdom/src/Masterdom.Modules.Properties/Masterdom.Modules.Properties.csproj]
/Users/kady/Masterdom/src/Masterdom.Modules.Properties/Domain/Entities/Property/Events/PropertyCreatedDomainEvent.cs(10,12): warning CS1591: Missing XML comment for publicly visible type or member 'PropertyCreatedDomainEvent.PropertyCreatedDomainEvent(PropertyId, PropertyCode)' [/Users/kady/Masterdom/src/Masterdom.Modules.Properties/Masterdom.Modules.Properties.csproj]
/Users/kady/Masterdom/src/Masterdom.Modules.Properties/Domain/Entities/Property/Events/PropertyCreatedDomainEvent.cs(19,23): warning CS1591: Missing XML comment for publicly visible type or member 'PropertyCreatedDomainEvent.PropertyId' [/Users/kady/Masterdom/src/Masterdom.Modules.Properties/Masterdom.Modules.Properties.csproj]
/Users/kady/Masterdom/src/Masterdom.Modules.Properties/Domain/Entities/Property/Events/PropertyCreatedDomainEvent.cs(21,25): warning CS1591: Missing XML comment for publicly visible type or member 'PropertyCreatedDomainEvent.Code' [/Users/kady/Masterdom/src/Masterdom.Modules.Properties/Masterdom.Modules.Properties.csproj]
/Users/kady/Masterdom/src/Masterdom.Modules.Properties/Domain/Entities/Property/Events/PropertyRenamedDomainEvent.cs(10,12): warning CS1591: Missing XML comment for publicly visible type or member 'PropertyRenamedDomainEvent.PropertyRenamedDomainEvent(PropertyId, PropertyName)' [/Users/kady/Masterdom/src/Masterdom.Modules.Properties/Masterdom.Modules.Properties.csproj]
/Users/kady/Masterdom/src/Masterdom.Modules.Properties/Domain/Entities/Property/Events/PropertyRenamedDomainEvent.cs(19,23): warning CS1591: Missing XML comment for publicly visible type or member 'PropertyRenamedDomainEvent.PropertyId' [/Users/kady/Masterdom/src/Masterdom.Modules.Properties/Masterdom.Modules.Properties.csproj]
/Users/kady/Masterdom/src/Masterdom.Modules.Properties/Domain/Entities/Property/Events/PropertyRenamedDomainEvent.cs(21,25): warning CS1591: Missing XML comment for publicly visible type or member 'PropertyRenamedDomainEvent.Name' [/Users/kady/Masterdom/src/Masterdom.Modules.Properties/Masterdom.Modules.Properties.csproj]
/Users/kady/Masterdom/src/Masterdom.Modules.Properties/Domain/Entities/Property/Events/PropertyStatusChangedDomainEvent.cs(10,12): warning CS1591: Missing XML comment for publicly visible type or member 'PropertyStatusChangedDomainEvent.PropertyStatusChangedDomainEvent(PropertyId, PropertyStatus)' [/Users/kady/Masterdom/src/Masterdom.Modules.Properties/Masterdom.Modules.Properties.csproj]
/Users/kady/Masterdom/src/Masterdom.Modules.Properties/Domain/Entities/Property/Events/PropertyStatusChangedDomainEvent.cs(18,23): warning CS1591: Missing XML comment for publicly visible type or member 'PropertyStatusChangedDomainEvent.PropertyId' [/Users/kady/Masterdom/src/Masterdom.Modules.Properties/Masterdom.Modules.Properties.csproj]
/Users/kady/Masterdom/src/Masterdom.Modules.Properties/Domain/Entities/Property/Events/PropertyStatusChangedDomainEvent.cs(20,27): warning CS1591: Missing XML comment for publicly visible type or member 'PropertyStatusChangedDomainEvent.Status' [/Users/kady/Masterdom/src/Masterdom.Modules.Properties/Masterdom.Modules.Properties.csproj]
/Users/kady/Masterdom/src/Masterdom.Modules.Properties/Domain/Entities/Property/Events/UnitCreatedDomainEvent.cs(10,12): warning CS1591: Missing XML comment for publicly visible type or member 'UnitCreatedDomainEvent.UnitCreatedDomainEvent(PropertyId, UnitId, UnitCode)' [/Users/kady/Masterdom/src/Masterdom.Modules.Properties/Masterdom.Modules.Properties.csproj]
/Users/kady/Masterdom/src/Masterdom.Modules.Properties/Domain/Entities/Property/Events/UnitCreatedDomainEvent.cs(24,23): warning CS1591: Missing XML comment for publicly visible type or member 'UnitCreatedDomainEvent.PropertyId' [/Users/kady/Masterdom/src/Masterdom.Modules.Properties/Masterdom.Modules.Properties.csproj]
/Users/kady/Masterdom/src/Masterdom.Modules.Properties/Domain/Entities/Property/Events/UnitCreatedDomainEvent.cs(26,19): warning CS1591: Missing XML comment for publicly visible type or member 'UnitCreatedDomainEvent.UnitId' [/Users/kady/Masterdom/src/Masterdom.Modules.Properties/Masterdom.Modules.Properties.csproj]
/Users/kady/Masterdom/src/Masterdom.Modules.Properties/Domain/Entities/Property/Events/UnitCreatedDomainEvent.cs(28,21): warning CS1591: Missing XML comment for publicly visible type or member 'UnitCreatedDomainEvent.UnitCode' [/Users/kady/Masterdom/src/Masterdom.Modules.Properties/Masterdom.Modules.Properties.csproj]
/Users/kady/Masterdom/src/Masterdom.Modules.Properties/Domain/Entities/Property/Events/UnitRemovedDomainEvent.cs(10,12): warning CS1591: Missing XML comment for publicly visible type or member 'UnitRemovedDomainEvent.UnitRemovedDomainEvent(PropertyId, UnitId)' [/Users/kady/Masterdom/src/Masterdom.Modules.Properties/Masterdom.Modules.Properties.csproj]
/Users/kady/Masterdom/src/Masterdom.Modules.Properties/Domain/Entities/Property/Events/UnitRemovedDomainEvent.cs(19,23): warning CS1591: Missing XML comment for publicly visible type or member 'UnitRemovedDomainEvent.PropertyId' [/Users/kady/Masterdom/src/Masterdom.Modules.Properties/Masterdom.Modules.Properties.csproj]
/Users/kady/Masterdom/src/Masterdom.Modules.Properties/Domain/Entities/Property/Events/UnitRemovedDomainEvent.cs(21,19): warning CS1591: Missing XML comment for publicly visible type or member 'UnitRemovedDomainEvent.UnitId' [/Users/kady/Masterdom/src/Masterdom.Modules.Properties/Masterdom.Modules.Properties.csproj]
/Users/kady/Masterdom/src/Masterdom.Modules.Properties/Domain/Entities/Property/OccupancyStatus.cs(8,5): warning CS1591: Missing XML comment for publicly visible type or member 'OccupancyStatus.Vacant' [/Users/kady/Masterdom/src/Masterdom.Modules.Properties/Masterdom.Modules.Properties.csproj]
/Users/kady/Masterdom/src/Masterdom.Modules.Properties/Domain/Entities/Property/OccupancyStatus.cs(9,5): warning CS1591: Missing XML comment for publicly visible type or member 'OccupancyStatus.Occupied' [/Users/kady/Masterdom/src/Masterdom.Modules.Properties/Masterdom.Modules.Properties.csproj]
/Users/kady/Masterdom/src/Masterdom.Modules.Properties/Domain/Entities/Property/OccupancyStatus.cs(10,5): warning CS1591: Missing XML comment for publicly visible type or member 'OccupancyStatus.Reserved' [/Users/kady/Masterdom/src/Masterdom.Modules.Properties/Masterdom.Modules.Properties.csproj]
/Users/kady/Masterdom/src/Masterdom.Modules.Properties/Domain/Entities/Property/OccupancyStatus.cs(11,5): warning CS1591: Missing XML comment for publicly visible type or member 'OccupancyStatus.UnderMaintenance' [/Users/kady/Masterdom/src/Masterdom.Modules.Properties/Masterdom.Modules.Properties.csproj]
/Users/kady/Masterdom/src/Masterdom.Modules.Properties/Domain/Entities/Property/OccupancyStatus.cs(12,5): warning CS1591: Missing XML comment for publicly visible type or member 'OccupancyStatus.Blocked' [/Users/kady/Masterdom/src/Masterdom.Modules.Properties/Masterdom.Modules.Properties.csproj]
/Users/kady/Masterdom/src/Masterdom.Modules.Properties/Domain/Entities/Property/PropertyAddress.cs(10,12): warning CS1591: Missing XML comment for publicly visible type or member 'PropertyAddress.PropertyAddress(string, string?, string, string, string, string)' [/Users/kady/Masterdom/src/Masterdom.Modules.Properties/Masterdom.Modules.Properties.csproj]
/Users/kady/Masterdom/src/Masterdom.Modules.Properties/Domain/Entities/Property/PropertyAddress.cs(37,19): warning CS1591: Missing XML comment for publicly visible type or member 'PropertyAddress.Line1' [/Users/kady/Masterdom/src/Masterdom.Modules.Properties/Masterdom.Modules.Properties.csproj]
/Users/kady/Masterdom/src/Masterdom.Modules.Properties/Domain/Entities/Property/PropertyAddress.cs(39,20): warning CS1591: Missing XML comment for publicly visible type or member 'PropertyAddress.Line2' [/Users/kady/Masterdom/src/Masterdom.Modules.Properties/Masterdom.Modules.Properties.csproj]
/Users/kady/Masterdom/src/Masterdom.Modules.Properties/Domain/Entities/Property/PropertyAddress.cs(41,19): warning CS1591: Missing XML comment for publicly visible type or member 'PropertyAddress.City' [/Users/kady/Masterdom/src/Masterdom.Modules.Properties/Masterdom.Modules.Properties.csproj]
/Users/kady/Masterdom/src/Masterdom.Modules.Properties/Domain/Entities/Property/PropertyAddress.cs(43,19): warning CS1591: Missing XML comment for publicly visible type or member 'PropertyAddress.StateOrProvince' [/Users/kady/Masterdom/src/Masterdom.Modules.Properties/Masterdom.Modules.Properties.csproj]
/Users/kady/Masterdom/src/Masterdom.Modules.Properties/Domain/Entities/Property/PropertyAddress.cs(45,19): warning CS1591: Missing XML comment for publicly visible type or member 'PropertyAddress.PostalCode' [/Users/kady/Masterdom/src/Masterdom.Modules.Properties/Masterdom.Modules.Properties.csproj]
/Users/kady/Masterdom/src/Masterdom.Modules.Properties/Domain/Entities/Property/PropertyAddress.cs(47,19): warning CS1591: Missing XML comment for publicly visible type or member 'PropertyAddress.CountryCode' [/Users/kady/Masterdom/src/Masterdom.Modules.Properties/Masterdom.Modules.Properties.csproj]
/Users/kady/Masterdom/src/Masterdom.Modules.Properties/Domain/Entities/Property/PropertyAddress.cs(49,45): warning CS1591: Missing XML comment for publicly visible type or member 'PropertyAddress.GetEqualityComponents()' [/Users/kady/Masterdom/src/Masterdom.Modules.Properties/Masterdom.Modules.Properties.csproj]
/Users/kady/Masterdom/src/Masterdom.Modules.Properties/Domain/Entities/Property/PropertyCode.cs(18,12): warning CS1591: Missing XML comment for publicly visible type or member 'PropertyCode.PropertyCode(string)' [/Users/kady/Masterdom/src/Masterdom.Modules.Properties/Masterdom.Modules.Properties.csproj]
/Users/kady/Masterdom/src/Masterdom.Modules.Properties/Domain/Entities/Property/PropertyCode.cs(30,45): warning CS1591: Missing XML comment for publicly visible type or member 'PropertyCode.GetEqualityComponents()' [/Users/kady/Masterdom/src/Masterdom.Modules.Properties/Masterdom.Modules.Properties.csproj]
/Users/kady/Masterdom/src/Masterdom.Modules.Properties/Domain/Entities/Property/PropertyCode.cs(35,28): warning CS1591: Missing XML comment for publicly visible type or member 'PropertyCode.ToString()' [/Users/kady/Masterdom/src/Masterdom.Modules.Properties/Masterdom.Modules.Properties.csproj]
/Users/kady/Masterdom/src/Masterdom.Modules.Properties/Domain/Entities/Property/PropertyCode.cs(38,37): warning CS1591: Missing XML comment for publicly visible type or member 'PropertyCode.implicit operator string(PropertyCode)' [/Users/kady/Masterdom/src/Masterdom.Modules.Properties/Masterdom.Modules.Properties.csproj]
/Users/kady/Masterdom/src/Masterdom.Modules.Properties/Domain/Entities/Property/PropertyId.cs(11,30): warning CS1591: Missing XML comment for publicly visible type or member 'PropertyId.New()' [/Users/kady/Masterdom/src/Masterdom.Modules.Properties/Masterdom.Modules.Properties.csproj]
/Users/kady/Masterdom/src/Masterdom.Modules.Properties/Domain/Entities/Property/PropertyMetadata.cs(10,12): warning CS1591: Missing XML comment for publicly visible type or member 'PropertyMetadata.PropertyMetadata(string, string)' [/Users/kady/Masterdom/src/Masterdom.Modules.Properties/Masterdom.Modules.Properties.csproj]
/Users/kady/Masterdom/src/Masterdom.Modules.Properties/Domain/Entities/Property/PropertyMetadata.cs(19,19): warning CS1591: Missing XML comment for publicly visible type or member 'PropertyMetadata.Key' [/Users/kady/Masterdom/src/Masterdom.Modules.Properties/Masterdom.Modules.Properties.csproj]
/Users/kady/Masterdom/src/Masterdom.Modules.Properties/Domain/Entities/Property/PropertyMetadata.cs(21,19): warning CS1591: Missing XML comment for publicly visible type or member 'PropertyMetadata.Value' [/Users/kady/Masterdom/src/Masterdom.Modules.Properties/Masterdom.Modules.Properties.csproj]
/Users/kady/Masterdom/src/Masterdom.Modules.Properties/Domain/Entities/Property/PropertyMetadata.cs(23,26): warning CS1591: Missing XML comment for publicly visible type or member 'PropertyMetadata.NormalizeKey(string)' [/Users/kady/Masterdom/src/Masterdom.Modules.Properties/Masterdom.Modules.Properties.csproj]
/Users/kady/Masterdom/src/Masterdom.Modules.Properties/Domain/Entities/Property/PropertyMetadata.cs(29,45): warning CS1591: Missing XML comment for publicly visible type or member 'PropertyMetadata.GetEqualityComponents()' [/Users/kady/Masterdom/src/Masterdom.Modules.Properties/Masterdom.Modules.Properties.csproj]
/Users/kady/Masterdom/src/Masterdom.Modules.Properties/Domain/Entities/Property/PropertyName.cs(11,12): warning CS1591: Missing XML comment for publicly visible type or member 'PropertyName.PropertyName(string)' [/Users/kady/Masterdom/src/Masterdom.Modules.Properties/Masterdom.Modules.Properties.csproj]
/Users/kady/Masterdom/src/Masterdom.Modules.Properties/Domain/Entities/Property/PropertyName.cs(23,45): warning CS1591: Missing XML comment for publicly visible type or member 'PropertyName.GetEqualityComponents()' [/Users/kady/Masterdom/src/Masterdom.Modules.Properties/Masterdom.Modules.Properties.csproj]
/Users/kady/Masterdom/src/Masterdom.Modules.Properties/Domain/Entities/Property/PropertyName.cs(28,28): warning CS1591: Missing XML comment for publicly visible type or member 'PropertyName.ToString()' [/Users/kady/Masterdom/src/Masterdom.Modules.Properties/Masterdom.Modules.Properties.csproj]
/Users/kady/Masterdom/src/Masterdom.Modules.Properties/Domain/Entities/Property/PropertyName.cs(31,37): warning CS1591: Missing XML comment for publicly visible type or member 'PropertyName.implicit operator string(PropertyName)' [/Users/kady/Masterdom/src/Masterdom.Modules.Properties/Masterdom.Modules.Properties.csproj]
/Users/kady/Masterdom/src/Masterdom.Modules.Properties/Domain/Entities/Property/PropertyRelationship.cs(10,12): warning CS1591: Missing XML comment for publicly visible type or member 'PropertyRelationship.PropertyRelationship(PropertyId, PropertyRelationshipType)' [/Users/kady/Masterdom/src/Masterdom.Modules.Properties/Masterdom.Modules.Properties.csproj]
/Users/kady/Masterdom/src/Masterdom.Modules.Properties/Domain/Entities/Property/PropertyRelationship.cs(18,23): warning CS1591: Missing XML comment for publicly visible type or member 'PropertyRelationship.TargetPropertyId' [/Users/kady/Masterdom/src/Masterdom.Modules.Properties/Masterdom.Modules.Properties.csproj]
/Users/kady/Masterdom/src/Masterdom.Modules.Properties/Domain/Entities/Property/PropertyRelationship.cs(20,37): warning CS1591: Missing XML comment for publicly visible type or member 'PropertyRelationship.Type' [/Users/kady/Masterdom/src/Masterdom.Modules.Properties/Masterdom.Modules.Properties.csproj]
/Users/kady/Masterdom/src/Masterdom.Modules.Properties/Domain/Entities/Property/PropertyRelationship.cs(22,45): warning CS1591: Missing XML comment for publicly visible type or member 'PropertyRelationship.GetEqualityComponents()' [/Users/kady/Masterdom/src/Masterdom.Modules.Properties/Masterdom.Modules.Properties.csproj]
/Users/kady/Masterdom/src/Masterdom.Modules.Properties/Domain/Entities/Property/PropertyRelationshipType.cs(8,5): warning CS1591: Missing XML comment for publicly visible type or member 'PropertyRelationshipType.ParentChild' [/Users/kady/Masterdom/src/Masterdom.Modules.Properties/Masterdom.Modules.Properties.csproj]
/Users/kady/Masterdom/src/Masterdom.Modules.Properties/Domain/Entities/Property/PropertyRelationshipType.cs(9,5): warning CS1591: Missing XML comment for publicly visible type or member 'PropertyRelationshipType.Annex' [/Users/kady/Masterdom/src/Masterdom.Modules.Properties/Masterdom.Modules.Properties.csproj]
/Users/kady/Masterdom/src/Masterdom.Modules.Properties/Domain/Entities/Property/PropertyRelationshipType.cs(10,5): warning CS1591: Missing XML comment for publicly visible type or member 'PropertyRelationshipType.SharedFacility' [/Users/kady/Masterdom/src/Masterdom.Modules.Properties/Masterdom.Modules.Properties.csproj]
/Users/kady/Masterdom/src/Masterdom.Modules.Properties/Domain/Entities/Property/PropertyRelationshipType.cs(11,5): warning CS1591: Missing XML comment for publicly visible type or member 'PropertyRelationshipType.Dependency' [/Users/kady/Masterdom/src/Masterdom.Modules.Properties/Masterdom.Modules.Properties.csproj]
/Users/kady/Masterdom/src/Masterdom.Modules.Properties/Domain/Entities/Property/PropertySettings.cs(10,36): warning CS1591: Missing XML comment for publicly visible type or member 'PropertySettings.Default' [/Users/kady/Masterdom/src/Masterdom.Modules.Properties/Masterdom.Modules.Properties.csproj]
/Users/kady/Masterdom/src/Masterdom.Modules.Properties/Domain/Entities/Property/PropertySettings.cs(12,12): warning CS1591: Missing XML comment for publicly visible type or member 'PropertySettings.PropertySettings(string, string, bool)' [/Users/kady/Masterdom/src/Masterdom.Modules.Properties/Masterdom.Modules.Properties.csproj]
/Users/kady/Masterdom/src/Masterdom.Modules.Properties/Domain/Entities/Property/PropertySettings.cs(30,19): warning CS1591: Missing XML comment for publicly visible type or member 'PropertySettings.TimeZoneId' [/Users/kady/Masterdom/src/Masterdom.Modules.Properties/Masterdom.Modules.Properties.csproj]
/Users/kady/Masterdom/src/Masterdom.Modules.Properties/Domain/Entities/Property/PropertySettings.cs(32,19): warning CS1591: Missing XML comment for publicly visible type or member 'PropertySettings.CurrencyCode' [/Users/kady/Masterdom/src/Masterdom.Modules.Properties/Masterdom.Modules.Properties.csproj]
/Users/kady/Masterdom/src/Masterdom.Modules.Properties/Domain/Entities/Property/PropertySettings.cs(34,17): warning CS1591: Missing XML comment for publicly visible type or member 'PropertySettings.AllowNegativeOccupancy' [/Users/kady/Masterdom/src/Masterdom.Modules.Properties/Masterdom.Modules.Properties.csproj]
/Users/kady/Masterdom/src/Masterdom.Modules.Properties/Domain/Entities/Property/PropertySettings.cs(36,45): warning CS1591: Missing XML comment for publicly visible type or member 'PropertySettings.GetEqualityComponents()' [/Users/kady/Masterdom/src/Masterdom.Modules.Properties/Masterdom.Modules.Properties.csproj]
/Users/kady/Masterdom/src/Masterdom.Modules.Properties/Domain/Entities/Property/PropertyStatus.cs(9,5): warning CS1591: Missing XML comment for publicly visible type or member 'PropertyStatus.Active' [/Users/kady/Masterdom/src/Masterdom.Modules.Properties/Masterdom.Modules.Properties.csproj]
/Users/kady/Masterdom/src/Masterdom.Modules.Properties/Domain/Entities/Property/PropertyStatus.cs(11,5): warning CS1591: Missing XML comment for publicly visible type or member 'PropertyStatus.Inactive' [/Users/kady/Masterdom/src/Masterdom.Modules.Properties/Masterdom.Modules.Properties.csproj]
/Users/kady/Masterdom/src/Masterdom.Modules.Properties/Domain/Entities/Property/PropertyStatus.cs(13,5): warning CS1591: Missing XML comment for publicly visible type or member 'PropertyStatus.Archived' [/Users/kady/Masterdom/src/Masterdom.Modules.Properties/Masterdom.Modules.Properties.csproj]
/Users/kady/Masterdom/src/Masterdom.Modules.Properties/Domain/Entities/Property/PropertyType.cs(8,5): warning CS1591: Missing XML comment for publicly visible type or member 'PropertyType.Residential' [/Users/kady/Masterdom/src/Masterdom.Modules.Properties/Masterdom.Modules.Properties.csproj]
/Users/kady/Masterdom/src/Masterdom.Modules.Properties/Domain/Entities/Property/PropertyType.cs(9,5): warning CS1591: Missing XML comment for publicly visible type or member 'PropertyType.Commercial' [/Users/kady/Masterdom/src/Masterdom.Modules.Properties/Masterdom.Modules.Properties.csproj]
/Users/kady/Masterdom/src/Masterdom.Modules.Properties/Domain/Entities/Property/PropertyType.cs(10,5): warning CS1591: Missing XML comment for publicly visible type or member 'PropertyType.MixedUse' [/Users/kady/Masterdom/src/Masterdom.Modules.Properties/Masterdom.Modules.Properties.csproj]
/Users/kady/Masterdom/src/Masterdom.Modules.Properties/Domain/Entities/Property/PropertyType.cs(11,5): warning CS1591: Missing XML comment for publicly visible type or member 'PropertyType.Warehouse' [/Users/kady/Masterdom/src/Masterdom.Modules.Properties/Masterdom.Modules.Properties.csproj]
/Users/kady/Masterdom/src/Masterdom.Modules.Properties/Domain/Entities/Property/PropertyType.cs(12,5): warning CS1591: Missing XML comment for publicly visible type or member 'PropertyType.Land' [/Users/kady/Masterdom/src/Masterdom.Modules.Properties/Masterdom.Modules.Properties.csproj]
/Users/kady/Masterdom/src/Masterdom.Modules.Properties/Domain/Entities/Property/PropertyType.cs(13,5): warning CS1591: Missing XML comment for publicly visible type or member 'PropertyType.Tower' [/Users/kady/Masterdom/src/Masterdom.Modules.Properties/Masterdom.Modules.Properties.csproj]
/Users/kady/Masterdom/src/Masterdom.Modules.Properties/Domain/Entities/Property/PropertyType.cs(14,5): warning CS1591: Missing XML comment for publicly visible type or member 'PropertyType.Other' [/Users/kady/Masterdom/src/Masterdom.Modules.Properties/Masterdom.Modules.Properties.csproj]
/Users/kady/Masterdom/src/Masterdom.Modules.Properties/Domain/Entities/Property/StockLocation.cs(5,21): warning CS1591: Missing XML comment for publicly visible type or member 'StockLocation' [/Users/kady/Masterdom/src/Masterdom.Modules.Properties/Masterdom.Modules.Properties.csproj]
/Users/kady/Masterdom/src/Masterdom.Modules.Properties/Domain/Entities/Property/StockLocation.cs(15,19): warning CS1591: Missing XML comment for publicly visible type or member 'StockLocation.Name' [/Users/kady/Masterdom/src/Masterdom.Modules.Properties/Masterdom.Modules.Properties.csproj]
/Users/kady/Masterdom/src/Masterdom.Modules.Properties/Domain/Entities/Property/StockLocation.cs(17,20): warning CS1591: Missing XML comment for publicly visible type or member 'StockLocation.Code' [/Users/kady/Masterdom/src/Masterdom.Modules.Properties/Masterdom.Modules.Properties.csproj]
/Users/kady/Masterdom/src/Masterdom.Modules.Properties/Domain/Entities/Property/StockLocation.cs(19,17): warning CS1591: Missing XML comment for publicly visible type or member 'StockLocation.IsActive' [/Users/kady/Masterdom/src/Masterdom.Modules.Properties/Masterdom.Modules.Properties.csproj]
/Users/kady/Masterdom/src/Masterdom.Modules.Properties/Domain/Entities/Property/StockLocation.cs(21,23): warning CS1591: Missing XML comment for publicly visible type or member 'StockLocation.PropertyId' [/Users/kady/Masterdom/src/Masterdom.Modules.Properties/Masterdom.Modules.Properties.csproj]
/Users/kady/Masterdom/src/Masterdom.Modules.Properties/Domain/Entities/Property/StockLocation.cs(23,17): warning CS1591: Missing XML comment for publicly visible type or member 'StockLocation.Activate()' [/Users/kady/Masterdom/src/Masterdom.Modules.Properties/Masterdom.Modules.Properties.csproj]
/Users/kady/Masterdom/src/Masterdom.Modules.Properties/Domain/Entities/Property/StockLocation.cs(28,17): warning CS1591: Missing XML comment for publicly visible type or member 'StockLocation.Deactivate()' [/Users/kady/Masterdom/src/Masterdom.Modules.Properties/Masterdom.Modules.Properties.csproj]
/Users/kady/Masterdom/src/Masterdom.Modules.Properties/Domain/Entities/Property/StockLocationId.cs(5,22): warning CS1591: Missing XML comment for publicly visible type or member 'StockLocationId' [/Users/kady/Masterdom/src/Masterdom.Modules.Properties/Masterdom.Modules.Properties.csproj]
/Users/kady/Masterdom/src/Masterdom.Modules.Properties/Domain/Entities/Property/StockLocationId.cs(5,22): warning CS1591: Missing XML comment for publicly visible type or member 'StockLocationId.StockLocationId(Guid)' [/Users/kady/Masterdom/src/Masterdom.Modules.Properties/Masterdom.Modules.Properties.csproj]
/Users/kady/Masterdom/src/Masterdom.Modules.Properties/Domain/Entities/Property/StockLocationId.cs(7,35): warning CS1591: Missing XML comment for publicly visible type or member 'StockLocationId.New()' [/Users/kady/Masterdom/src/Masterdom.Modules.Properties/Masterdom.Modules.Properties.csproj]
/Users/kady/Masterdom/src/Masterdom.Modules.Properties/Domain/Entities/Property/StockLocationId.cs(9,35): warning CS1591: Missing XML comment for publicly visible type or member 'StockLocationId.From(Guid)' [/Users/kady/Masterdom/src/Masterdom.Modules.Properties/Masterdom.Modules.Properties.csproj]
/Users/kady/Masterdom/src/Masterdom.Modules.Properties/Domain/Entities/Property/UnitCode.cs(10,12): warning CS1591: Missing XML comment for publicly visible type or member 'UnitCode.UnitCode(string)' [/Users/kady/Masterdom/src/Masterdom.Modules.Properties/Masterdom.Modules.Properties.csproj]
/Users/kady/Masterdom/src/Masterdom.Modules.Properties/Domain/Entities/Property/UnitCode.cs(22,45): warning CS1591: Missing XML comment for publicly visible type or member 'UnitCode.GetEqualityComponents()' [/Users/kady/Masterdom/src/Masterdom.Modules.Properties/Masterdom.Modules.Properties.csproj]
/Users/kady/Masterdom/src/Masterdom.Modules.Properties/Domain/Entities/Property/UnitCode.cs(27,28): warning CS1591: Missing XML comment for publicly visible type or member 'UnitCode.ToString()' [/Users/kady/Masterdom/src/Masterdom.Modules.Properties/Masterdom.Modules.Properties.csproj]
/Users/kady/Masterdom/src/Masterdom.Modules.Properties/Domain/Entities/Property/UnitCode.cs(30,37): warning CS1591: Missing XML comment for publicly visible type or member 'UnitCode.implicit operator string(UnitCode)' [/Users/kady/Masterdom/src/Masterdom.Modules.Properties/Masterdom.Modules.Properties.csproj]
/Users/kady/Masterdom/src/Masterdom.Modules.Properties/Domain/Entities/Property/UnitId.cs(11,26): warning CS1591: Missing XML comment for publicly visible type or member 'UnitId.New()' [/Users/kady/Masterdom/src/Masterdom.Modules.Properties/Masterdom.Modules.Properties.csproj]
/Users/kady/Masterdom/src/Masterdom.Modules.Properties/Domain/Entities/Property/UnitName.cs(10,12): warning CS1591: Missing XML comment for publicly visible type or member 'UnitName.UnitName(string)' [/Users/kady/Masterdom/src/Masterdom.Modules.Properties/Masterdom.Modules.Properties.csproj]
/Users/kady/Masterdom/src/Masterdom.Modules.Properties/Domain/Entities/Property/UnitName.cs(17,19): warning CS1591: Missing XML comment for publicly visible type or member 'UnitName.Value' [/Users/kady/Masterdom/src/Masterdom.Modules.Properties/Masterdom.Modules.Properties.csproj]
/Users/kady/Masterdom/src/Masterdom.Modules.Properties/Domain/Entities/Property/UnitName.cs(19,45): warning CS1591: Missing XML comment for publicly visible type or member 'UnitName.GetEqualityComponents()' [/Users/kady/Masterdom/src/Masterdom.Modules.Properties/Masterdom.Modules.Properties.csproj]
/Users/kady/Masterdom/src/Masterdom.Modules.Properties/Domain/Entities/Property/UnitName.cs(24,28): warning CS1591: Missing XML comment for publicly visible type or member 'UnitName.ToString()' [/Users/kady/Masterdom/src/Masterdom.Modules.Properties/Masterdom.Modules.Properties.csproj]
/Users/kady/Masterdom/src/Masterdom.Modules.Properties/Domain/Entities/Property/UnitName.cs(27,37): warning CS1591: Missing XML comment for publicly visible type or member 'UnitName.implicit operator string(UnitName)' [/Users/kady/Masterdom/src/Masterdom.Modules.Properties/Masterdom.Modules.Properties.csproj]
/Users/kady/Masterdom/src/Masterdom.Modules.Properties/Domain/Entities/Property/UnitType.cs(8,5): warning CS1591: Missing XML comment for publicly visible type or member 'UnitType.Room' [/Users/kady/Masterdom/src/Masterdom.Modules.Properties/Masterdom.Modules.Properties.csproj]
/Users/kady/Masterdom/src/Masterdom.Modules.Properties/Domain/Entities/Property/UnitType.cs(9,5): warning CS1591: Missing XML comment for publicly visible type or member 'UnitType.Shop' [/Users/kady/Masterdom/src/Masterdom.Modules.Properties/Masterdom.Modules.Properties.csproj]
/Users/kady/Masterdom/src/Masterdom.Modules.Properties/Domain/Entities/Property/UnitType.cs(10,5): warning CS1591: Missing XML comment for publicly visible type or member 'UnitType.Warehouse' [/Users/kady/Masterdom/src/Masterdom.Modules.Properties/Masterdom.Modules.Properties.csproj]
/Users/kady/Masterdom/src/Masterdom.Modules.Properties/Domain/Entities/Property/UnitType.cs(11,5): warning CS1591: Missing XML comment for publicly visible type or member 'UnitType.Tower' [/Users/kady/Masterdom/src/Masterdom.Modules.Properties/Masterdom.Modules.Properties.csproj]
/Users/kady/Masterdom/src/Masterdom.Modules.Properties/Domain/Entities/Property/UnitType.cs(12,5): warning CS1591: Missing XML comment for publicly visible type or member 'UnitType.Office' [/Users/kady/Masterdom/src/Masterdom.Modules.Properties/Masterdom.Modules.Properties.csproj]
/Users/kady/Masterdom/src/Masterdom.Modules.Properties/Domain/Entities/Property/UnitType.cs(13,5): warning CS1591: Missing XML comment for publicly visible type or member 'UnitType.Parking' [/Users/kady/Masterdom/src/Masterdom.Modules.Properties/Masterdom.Modules.Properties.csproj]
/Users/kady/Masterdom/src/Masterdom.Modules.Properties/Domain/Entities/Property/UnitType.cs(14,5): warning CS1591: Missing XML comment for publicly visible type or member 'UnitType.Other' [/Users/kady/Masterdom/src/Masterdom.Modules.Properties/Masterdom.Modules.Properties.csproj]
/Users/kady/Masterdom/src/Masterdom.Modules.Properties/Domain/Policies/PropertyPolicies.cs(10,24): warning CS1591: Missing XML comment for publicly visible type or member 'PropertyPolicies.CanArchive(Property)' [/Users/kady/Masterdom/src/Masterdom.Modules.Properties/Masterdom.Modules.Properties.csproj]
/Users/kady/Masterdom/src/Masterdom.Modules.Properties/Domain/Policies/PropertyPolicies.cs(16,24): warning CS1591: Missing XML comment for publicly visible type or member 'PropertyPolicies.CanCreateUnit(Property)' [/Users/kady/Masterdom/src/Masterdom.Modules.Properties/Masterdom.Modules.Properties.csproj]
/Users/kady/Masterdom/src/Masterdom.Modules.Properties/Domain/Repositories/IPropertyRepository.cs(10,15): warning CS1591: Missing XML comment for publicly visible type or member 'IPropertyRepository.GetById(PropertyId)' [/Users/kady/Masterdom/src/Masterdom.Modules.Properties/Masterdom.Modules.Properties.csproj]
/Users/kady/Masterdom/src/Masterdom.Modules.Properties/Domain/Repositories/IPropertyRepository.cs(12,15): warning CS1591: Missing XML comment for publicly visible type or member 'IPropertyRepository.GetByCode(PropertyCode)' [/Users/kady/Masterdom/src/Masterdom.Modules.Properties/Masterdom.Modules.Properties.csproj]
/Users/kady/Masterdom/src/Masterdom.Modules.Properties/Domain/Repositories/IPropertyRepository.cs(14,31): warning CS1591: Missing XML comment for publicly visible type or member 'IPropertyRepository.ListUnits(PropertyId)' [/Users/kady/Masterdom/src/Masterdom.Modules.Properties/Masterdom.Modules.Properties.csproj]
/Users/kady/Masterdom/src/Masterdom.Modules.Properties/Domain/Repositories/IPropertyRepository.cs(16,35): warning CS1591: Missing XML comment for publicly visible type or member 'IPropertyRepository.Search(string?, int)' [/Users/kady/Masterdom/src/Masterdom.Modules.Properties/Masterdom.Modules.Properties.csproj]
/Users/kady/Masterdom/src/Masterdom.Modules.Properties/Domain/Repositories/IPropertyRepository.cs(18,10): warning CS1591: Missing XML comment for publicly visible type or member 'IPropertyRepository.Add(Property)' [/Users/kady/Masterdom/src/Masterdom.Modules.Properties/Masterdom.Modules.Properties.csproj]
/Users/kady/Masterdom/src/Masterdom.Modules.Properties/Domain/Repositories/IPropertyRepository.cs(20,10): warning CS1591: Missing XML comment for publicly visible type or member 'IPropertyRepository.Update(Property)' [/Users/kady/Masterdom/src/Masterdom.Modules.Properties/Masterdom.Modules.Properties.csproj]
/Users/kady/Masterdom/src/Masterdom.Modules.Properties/Infrastructure/Persistence/Configurations/PropertyConfiguration.cs(7,21): warning CS1591: Missing XML comment for publicly visible type or member 'PropertyConfiguration' [/Users/kady/Masterdom/src/Masterdom.Modules.Properties/Masterdom.Modules.Properties.csproj]
/Users/kady/Masterdom/src/Masterdom.Modules.Properties/Infrastructure/Persistence/Configurations/PropertyConfiguration.cs(9,17): warning CS1591: Missing XML comment for publicly visible type or member 'PropertyConfiguration.Configure(EntityTypeBuilder<Property>)' [/Users/kady/Masterdom/src/Masterdom.Modules.Properties/Masterdom.Modules.Properties.csproj]
/Users/kady/Masterdom/src/Masterdom.Modules.Properties/Infrastructure/Persistence/Configurations/StockLocationConfiguration.cs(7,21): warning CS1591: Missing XML comment for publicly visible type or member 'StockLocationConfiguration' [/Users/kady/Masterdom/src/Masterdom.Modules.Properties/Masterdom.Modules.Properties.csproj]
/Users/kady/Masterdom/src/Masterdom.Modules.Properties/Infrastructure/Persistence/Configurations/StockLocationConfiguration.cs(9,17): warning CS1591: Missing XML comment for publicly visible type or member 'StockLocationConfiguration.Configure(EntityTypeBuilder<StockLocation>)' [/Users/kady/Masterdom/src/Masterdom.Modules.Properties/Masterdom.Modules.Properties.csproj]
/Users/kady/Masterdom/src/Masterdom.Modules.Properties/Infrastructure/Persistence/Configurations/UnitConfiguration.cs(7,21): warning CS1591: Missing XML comment for publicly visible type or member 'UnitConfiguration' [/Users/kady/Masterdom/src/Masterdom.Modules.Properties/Masterdom.Modules.Properties.csproj]
/Users/kady/Masterdom/src/Masterdom.Modules.Properties/Infrastructure/Persistence/Configurations/UnitConfiguration.cs(9,17): warning CS1591: Missing XML comment for publicly visible type or member 'UnitConfiguration.Configure(EntityTypeBuilder<Unit>)' [/Users/kady/Masterdom/src/Masterdom.Modules.Properties/Masterdom.Modules.Properties.csproj]
/Users/kady/Masterdom/src/Masterdom.Modules.Properties/Domain/Entities/Property/Unit.cs(153,9): warning CA2264: Calling 'ArgumentNullException.ThrowIfNull' and passing a non-nullable value is a no-op (https://learn.microsoft.com/dotnet/fundamentals/code-analysis/quality-rules/ca2264) [/Users/kady/Masterdom/src/Masterdom.Modules.Properties/Masterdom.Modules.Properties.csproj]
/Users/kady/Masterdom/src/Masterdom.Modules.Properties/Domain/Entities/Property/Property.cs(275,9): warning CA2264: Calling 'ArgumentNullException.ThrowIfNull' and passing a non-nullable value is a no-op (https://learn.microsoft.com/dotnet/fundamentals/code-analysis/quality-rules/ca2264) [/Users/kady/Masterdom/src/Masterdom.Modules.Properties/Masterdom.Modules.Properties.csproj]
/Users/kady/Masterdom/src/Masterdom.Modules.Properties/Domain/Entities/Property/Property.cs(434,9): warning CA2264: Calling 'ArgumentNullException.ThrowIfNull' and passing a non-nullable value is a no-op (https://learn.microsoft.com/dotnet/fundamentals/code-analysis/quality-rules/ca2264) [/Users/kady/Masterdom/src/Masterdom.Modules.Properties/Masterdom.Modules.Properties.csproj]
/Users/kady/Masterdom/src/Masterdom.Modules.Billing/Application/Support/ExecutionResult.cs(54,38): warning CS0108: 'ExecutionResult<T>.Failure(string, string)' hides inherited member 'ExecutionResult.Failure(string, string)'. Use the new keyword if hiding was intended. [/Users/kady/Masterdom/src/Masterdom.Modules.Billing/Masterdom.Modules.Billing.csproj]
/Users/kady/Masterdom/src/Masterdom.Modules.Billing/Application/Capabilities/Billability/BillabilityDeterminationService.cs(11,40): warning CS1591: Missing XML comment for publicly visible type or member 'BillabilityDeterminationService.Determine(BillabilityResolutionRequest)' [/Users/kady/Masterdom/src/Masterdom.Modules.Billing/Masterdom.Modules.Billing.csproj]
/Users/kady/Masterdom/src/Masterdom.Modules.Billing/Application/Capabilities/Billability/Contracts/BillabilityCandidate.cs(5,22): warning CS1591: Missing XML comment for publicly visible type or member 'BillabilityCandidate' [/Users/kady/Masterdom/src/Masterdom.Modules.Billing/Masterdom.Modules.Billing.csproj]
/Users/kady/Masterdom/src/Masterdom.Modules.Billing/Application/Capabilities/Billability/Contracts/BillabilityCandidate.cs(5,22): warning CS1591: Missing XML comment for publicly visible type or member 'BillabilityCandidate.BillabilityCandidate(TenancyReference?, LeaseReference?, PropertyReference?, Guid?, PersonReference?)' [/Users/kady/Masterdom/src/Masterdom.Modules.Billing/Masterdom.Modules.Billing.csproj]
/Users/kady/Masterdom/src/Masterdom.Modules.Billing/Application/Capabilities/Billability/Contracts/BillabilityCandidate.cs(6,23): warning CS1591: Missing XML comment for publicly visible type or member 'BillabilityCandidate.TenancyReference' [/Users/kady/Masterdom/src/Masterdom.Modules.Billing/Masterdom.Modules.Billing.csproj]
/Users/kady/Masterdom/src/Masterdom.Modules.Billing/Application/Capabilities/Billability/Contracts/BillabilityCandidate.cs(7,21): warning CS1591: Missing XML comment for publicly visible type or member 'BillabilityCandidate.LeaseReference' [/Users/kady/Masterdom/src/Masterdom.Modules.Billing/Masterdom.Modules.Billing.csproj]
/Users/kady/Masterdom/src/Masterdom.Modules.Billing/Application/Capabilities/Billability/Contracts/BillabilityCandidate.cs(8,24): warning CS1591: Missing XML comment for publicly visible type or member 'BillabilityCandidate.PropertyReference' [/Users/kady/Masterdom/src/Masterdom.Modules.Billing/Masterdom.Modules.Billing.csproj]
/Users/kady/Masterdom/src/Masterdom.Modules.Billing/Application/Capabilities/Billability/Contracts/BillabilityCandidate.cs(9,11): warning CS1591: Missing XML comment for publicly visible type or member 'BillabilityCandidate.UnitId' [/Users/kady/Masterdom/src/Masterdom.Modules.Billing/Masterdom.Modules.Billing.csproj]
/Users/kady/Masterdom/src/Masterdom.Modules.Billing/Application/Capabilities/Billability/Contracts/BillabilityCandidate.cs(10,22): warning CS1591: Missing XML comment for publicly visible type or member 'BillabilityCandidate.PrimaryOccupantReference' [/Users/kady/Masterdom/src/Masterdom.Modules.Billing/Masterdom.Modules.Billing.csproj]
/Users/kady/Masterdom/src/Masterdom.Modules.Billing/Application/Capabilities/Billability/Contracts/BillabilityDecision.cs(3,22): warning CS1591: Missing XML comment for publicly visible type or member 'BillabilityDecision' [/Users/kady/Masterdom/src/Masterdom.Modules.Billing/Masterdom.Modules.Billing.csproj]
/Users/kady/Masterdom/src/Masterdom.Modules.Billing/Application/Capabilities/Billability/Contracts/BillabilityDecision.cs(3,22): warning CS1591: Missing XML comment for publicly visible type or member 'BillabilityDecision.BillabilityDecision(bool, IReadOnlyCollection<BillabilityExclusionReason>, IReadOnlyCollection<string>)' [/Users/kady/Masterdom/src/Masterdom.Modules.Billing/Masterdom.Modules.Billing.csproj]
/Users/kady/Masterdom/src/Masterdom.Modules.Billing/Application/Capabilities/Billability/Contracts/BillabilityDecision.cs(4,10): warning CS1591: Missing XML comment for publicly visible type or member 'BillabilityDecision.IsBillable' [/Users/kady/Masterdom/src/Masterdom.Modules.Billing/Masterdom.Modules.Billing.csproj]
/Users/kady/Masterdom/src/Masterdom.Modules.Billing/Application/Capabilities/Billability/Contracts/BillabilityDecision.cs(5,53): warning CS1591: Missing XML comment for publicly visible type or member 'BillabilityDecision.Reasons' [/Users/kady/Masterdom/src/Masterdom.Modules.Billing/Masterdom.Modules.Billing.csproj]
/Users/kady/Masterdom/src/Masterdom.Modules.Billing/Application/Capabilities/Billability/Contracts/BillabilityDecision.cs(6,33): warning CS1591: Missing XML comment for publicly visible type or member 'BillabilityDecision.Warnings' [/Users/kady/Masterdom/src/Masterdom.Modules.Billing/Masterdom.Modules.Billing.csproj]
/Users/kady/Masterdom/src/Masterdom.Modules.Billing/Application/Capabilities/Billability/Contracts/BillabilityDecision.cs(8,39): warning CS1591: Missing XML comment for publicly visible type or member 'BillabilityDecision.Billable()' [/Users/kady/Masterdom/src/Masterdom.Modules.Billing/Masterdom.Modules.Billing.csproj]
/Users/kady/Masterdom/src/Masterdom.Modules.Billing/Application/Capabilities/Billability/Contracts/BillabilityDecision.cs(13,39): warning CS1591: Missing XML comment for publicly visible type or member 'BillabilityDecision.Excluded(IReadOnlyCollection<BillabilityExclusionReason>)' [/Users/kady/Masterdom/src/Masterdom.Modules.Billing/Masterdom.Modules.Billing.csproj]
/Users/kady/Masterdom/src/Masterdom.Modules.Billing/Application/Capabilities/Billability/Contracts/BillabilityExclusionReason.cs(3,13): warning CS1591: Missing XML comment for publicly visible type or member 'BillabilityExclusionReason' [/Users/kady/Masterdom/src/Masterdom.Modules.Billing/Masterdom.Modules.Billing.csproj]
/Users/kady/Masterdom/src/Masterdom.Modules.Billing/Application/Capabilities/Billability/Contracts/BillabilityExclusionReason.cs(5,5): warning CS1591: Missing XML comment for publicly visible type or member 'BillabilityExclusionReason.InactiveLease' [/Users/kady/Masterdom/src/Masterdom.Modules.Billing/Masterdom.Modules.Billing.csproj]
/Users/kady/Masterdom/src/Masterdom.Modules.Billing/Application/Capabilities/Billability/Contracts/BillabilityExclusionReason.cs(6,5): warning CS1591: Missing XML comment for publicly visible type or member 'BillabilityExclusionReason.InactiveTenancy' [/Users/kady/Masterdom/src/Masterdom.Modules.Billing/Masterdom.Modules.Billing.csproj]
/Users/kady/Masterdom/src/Masterdom.Modules.Billing/Application/Capabilities/Billability/Contracts/BillabilityExclusionReason.cs(7,5): warning CS1591: Missing XML comment for publicly visible type or member 'BillabilityExclusionReason.FutureLease' [/Users/kady/Masterdom/src/Masterdom.Modules.Billing/Masterdom.Modules.Billing.csproj]
/Users/kady/Masterdom/src/Masterdom.Modules.Billing/Application/Capabilities/Billability/Contracts/BillabilityExclusionReason.cs(8,5): warning CS1591: Missing XML comment for publicly visible type or member 'BillabilityExclusionReason.ExpiredLease' [/Users/kady/Masterdom/src/Masterdom.Modules.Billing/Masterdom.Modules.Billing.csproj]
/Users/kady/Masterdom/src/Masterdom.Modules.Billing/Application/Capabilities/Billability/Contracts/BillabilityExclusionReason.cs(9,5): warning CS1591: Missing XML comment for publicly visible type or member 'BillabilityExclusionReason.VacantUnit' [/Users/kady/Masterdom/src/Masterdom.Modules.Billing/Masterdom.Modules.Billing.csproj]
/Users/kady/Masterdom/src/Masterdom.Modules.Billing/Application/Capabilities/Billability/Contracts/BillabilityExclusionReason.cs(10,5): warning CS1591: Missing XML comment for publicly visible type or member 'BillabilityExclusionReason.NoPrimaryOccupant' [/Users/kady/Masterdom/src/Masterdom.Modules.Billing/Masterdom.Modules.Billing.csproj]
/Users/kady/Masterdom/src/Masterdom.Modules.Billing/Application/Capabilities/Billability/Contracts/BillabilityExclusionReason.cs(11,5): warning CS1591: Missing XML comment for publicly visible type or member 'BillabilityExclusionReason.OutsideBillingPeriod' [/Users/kady/Masterdom/src/Masterdom.Modules.Billing/Masterdom.Modules.Billing.csproj]
/Users/kady/Masterdom/src/Masterdom.Modules.Billing/Application/Capabilities/Billability/Contracts/BillabilityExclusionReason.cs(12,5): warning CS1591: Missing XML comment for publicly visible type or member 'BillabilityExclusionReason.MissingReference' [/Users/kady/Masterdom/src/Masterdom.Modules.Billing/Masterdom.Modules.Billing.csproj]
/Users/kady/Masterdom/src/Masterdom.Modules.Billing/Application/Capabilities/Billability/Contracts/BillabilityResolutionRequest.cs(5,22): warning CS1591: Missing XML comment for publicly visible type or member 'BillabilityResolutionRequest' [/Users/kady/Masterdom/src/Masterdom.Modules.Billing/Masterdom.Modules.Billing.csproj]
/Users/kady/Masterdom/src/Masterdom.Modules.Billing/Application/Capabilities/Billability/Contracts/BillabilityResolutionRequest.cs(5,22): warning CS1591: Missing XML comment for publicly visible type or member 'BillabilityResolutionRequest.BillabilityResolutionRequest(BillingPeriod, IReadOnlyCollection<BillabilityResolutionRequest.CandidateProjection>)' [/Users/kady/Masterdom/src/Masterdom.Modules.Billing/Masterdom.Modules.Billing.csproj]
/Users/kady/Masterdom/src/Masterdom.Modules.Billing/Application/Capabilities/Billability/Contracts/BillabilityResolutionRequest.cs(6,19): warning CS1591: Missing XML comment for publicly visible type or member 'BillabilityResolutionRequest.BillingPeriod' [/Users/kady/Masterdom/src/Masterdom.Modules.Billing/Masterdom.Modules.Billing.csproj]
/Users/kady/Masterdom/src/Masterdom.Modules.Billing/Application/Capabilities/Billability/Contracts/BillabilityResolutionRequest.cs(7,75): warning CS1591: Missing XML comment for publicly visible type or member 'BillabilityResolutionRequest.Candidates' [/Users/kady/Masterdom/src/Masterdom.Modules.Billing/Masterdom.Modules.Billing.csproj]
/Users/kady/Masterdom/src/Masterdom.Modules.Billing/Application/Capabilities/Billability/Contracts/BillabilityResolutionRequest.cs(9,26): warning CS1591: Missing XML comment for publicly visible type or member 'BillabilityResolutionRequest.CandidateProjection' [/Users/kady/Masterdom/src/Masterdom.Modules.Billing/Masterdom.Modules.Billing.csproj]
/Users/kady/Masterdom/src/Masterdom.Modules.Billing/Application/Capabilities/Billability/Contracts/BillabilityResolutionRequest.cs(9,26): warning CS1591: Missing XML comment for publicly visible type or member 'BillabilityResolutionRequest.CandidateProjection.CandidateProjection(TenancyReference?, LeaseReference?, PropertyReference?, Guid?, PersonReference?, string, DateOnly, DateOnly, string, DateOnly, DateOnly?, string)' [/Users/kady/Masterdom/src/Masterdom.Modules.Billing/Masterdom.Modules.Billing.csproj]
/Users/kady/Masterdom/src/Masterdom.Modules.Billing/Application/Capabilities/Billability/Contracts/BillabilityResolutionRequest.cs(10,27): warning CS1591: Missing XML comment for publicly visible type or member 'BillabilityResolutionRequest.CandidateProjection.TenancyReference' [/Users/kady/Masterdom/src/Masterdom.Modules.Billing/Masterdom.Modules.Billing.csproj]
/Users/kady/Masterdom/src/Masterdom.Modules.Billing/Application/Capabilities/Billability/Contracts/BillabilityResolutionRequest.cs(11,25): warning CS1591: Missing XML comment for publicly visible type or member 'BillabilityResolutionRequest.CandidateProjection.LeaseReference' [/Users/kady/Masterdom/src/Masterdom.Modules.Billing/Masterdom.Modules.Billing.csproj]
/Users/kady/Masterdom/src/Masterdom.Modules.Billing/Application/Capabilities/Billability/Contracts/BillabilityResolutionRequest.cs(12,28): warning CS1591: Missing XML comment for publicly visible type or member 'BillabilityResolutionRequest.CandidateProjection.PropertyReference' [/Users/kady/Masterdom/src/Masterdom.Modules.Billing/Masterdom.Modules.Billing.csproj]
/Users/kady/Masterdom/src/Masterdom.Modules.Billing/Application/Capabilities/Billability/Contracts/BillabilityResolutionRequest.cs(13,15): warning CS1591: Missing XML comment for publicly visible type or member 'BillabilityResolutionRequest.CandidateProjection.UnitId' [/Users/kady/Masterdom/src/Masterdom.Modules.Billing/Masterdom.Modules.Billing.csproj]
/Users/kady/Masterdom/src/Masterdom.Modules.Billing/Application/Capabilities/Billability/Contracts/BillabilityResolutionRequest.cs(14,26): warning CS1591: Missing XML comment for publicly visible type or member 'BillabilityResolutionRequest.CandidateProjection.PrimaryOccupantReference' [/Users/kady/Masterdom/src/Masterdom.Modules.Billing/Masterdom.Modules.Billing.csproj]
/Users/kady/Masterdom/src/Masterdom.Modules.Billing/Application/Capabilities/Billability/Contracts/BillabilityResolutionRequest.cs(15,16): warning CS1591: Missing XML comment for publicly visible type or member 'BillabilityResolutionRequest.CandidateProjection.LeaseStatus' [/Users/kady/Masterdom/src/Masterdom.Modules.Billing/Masterdom.Modules.Billing.csproj]
/Users/kady/Masterdom/src/Masterdom.Modules.Billing/Application/Capabilities/Billability/Contracts/BillabilityResolutionRequest.cs(16,18): warning CS1591: Missing XML comment for publicly visible type or member 'BillabilityResolutionRequest.CandidateProjection.LeaseEffectiveDate' [/Users/kady/Masterdom/src/Masterdom.Modules.Billing/Masterdom.Modules.Billing.csproj]
/Users/kady/Masterdom/src/Masterdom.Modules.Billing/Application/Capabilities/Billability/Contracts/BillabilityResolutionRequest.cs(17,18): warning CS1591: Missing XML comment for publicly visible type or member 'BillabilityResolutionRequest.CandidateProjection.LeaseExpiryDate' [/Users/kady/Masterdom/src/Masterdom.Modules.Billing/Masterdom.Modules.Billing.csproj]
/Users/kady/Masterdom/src/Masterdom.Modules.Billing/Application/Capabilities/Billability/Contracts/BillabilityResolutionRequest.cs(18,16): warning CS1591: Missing XML comment for publicly visible type or member 'BillabilityResolutionRequest.CandidateProjection.TenancyStatus' [/Users/kady/Masterdom/src/Masterdom.Modules.Billing/Masterdom.Modules.Billing.csproj]
/Users/kady/Masterdom/src/Masterdom.Modules.Billing/Application/Capabilities/Billability/Contracts/BillabilityResolutionRequest.cs(19,18): warning CS1591: Missing XML comment for publicly visible type or member 'BillabilityResolutionRequest.CandidateProjection.MoveInDate' [/Users/kady/Masterdom/src/Masterdom.Modules.Billing/Masterdom.Modules.Billing.csproj]
/Users/kady/Masterdom/src/Masterdom.Modules.Billing/Application/Capabilities/Billability/Contracts/BillabilityResolutionRequest.cs(20,19): warning CS1591: Missing XML comment for publicly visible type or member 'BillabilityResolutionRequest.CandidateProjection.MoveOutDate' [/Users/kady/Masterdom/src/Masterdom.Modules.Billing/Masterdom.Modules.Billing.csproj]
/Users/kady/Masterdom/src/Masterdom.Modules.Billing/Application/Capabilities/Billability/Contracts/BillabilityResolutionRequest.cs(21,16): warning CS1591: Missing XML comment for publicly visible type or member 'BillabilityResolutionRequest.CandidateProjection.UnitOccupancyStatus' [/Users/kady/Masterdom/src/Masterdom.Modules.Billing/Masterdom.Modules.Billing.csproj]
/Users/kady/Masterdom/src/Masterdom.Modules.Billing/Application/Capabilities/Billability/Contracts/BillabilityResolutionResult.cs(3,22): warning CS1591: Missing XML comment for publicly visible type or member 'BillabilityResolutionResult' [/Users/kady/Masterdom/src/Masterdom.Modules.Billing/Masterdom.Modules.Billing.csproj]
/Users/kady/Masterdom/src/Masterdom.Modules.Billing/Application/Capabilities/Billability/Contracts/BillabilityResolutionResult.cs(3,22): warning CS1591: Missing XML comment for publicly visible type or member 'BillabilityResolutionResult.BillabilityResolutionResult(IReadOnlyCollection<BillabilityCandidate>, IReadOnlyCollection<ExcludedBillabilityCandidate>)' [/Users/kady/Masterdom/src/Masterdom.Modules.Billing/Masterdom.Modules.Billing.csproj]
/Users/kady/Masterdom/src/Masterdom.Modules.Billing/Application/Capabilities/Billability/Contracts/BillabilityResolutionResult.cs(4,47): warning CS1591: Missing XML comment for publicly visible type or member 'BillabilityResolutionResult.IncludedCandidates' [/Users/kady/Masterdom/src/Masterdom.Modules.Billing/Masterdom.Modules.Billing.csproj]
/Users/kady/Masterdom/src/Masterdom.Modules.Billing/Application/Capabilities/Billability/Contracts/BillabilityResolutionResult.cs(5,55): warning CS1591: Missing XML comment for publicly visible type or member 'BillabilityResolutionResult.ExcludedCandidates' [/Users/kady/Masterdom/src/Masterdom.Modules.Billing/Masterdom.Modules.Billing.csproj]
/Users/kady/Masterdom/src/Masterdom.Modules.Billing/Application/Capabilities/Billability/Contracts/BillabilityResolutionResult.cs(7,16): warning CS1591: Missing XML comment for publicly visible type or member 'BillabilityResolutionResult.TotalEvaluated' [/Users/kady/Masterdom/src/Masterdom.Modules.Billing/Masterdom.Modules.Billing.csproj]
/Users/kady/Masterdom/src/Masterdom.Modules.Billing/Application/Capabilities/Billability/Contracts/BillabilityResolutionResult.cs(9,16): warning CS1591: Missing XML comment for publicly visible type or member 'BillabilityResolutionResult.TotalIncluded' [/Users/kady/Masterdom/src/Masterdom.Modules.Billing/Masterdom.Modules.Billing.csproj]
/Users/kady/Masterdom/src/Masterdom.Modules.Billing/Application/Capabilities/Billability/Contracts/BillabilityResolutionResult.cs(11,16): warning CS1591: Missing XML comment for publicly visible type or member 'BillabilityResolutionResult.TotalExcluded' [/Users/kady/Masterdom/src/Masterdom.Modules.Billing/Masterdom.Modules.Billing.csproj]
/Users/kady/Masterdom/src/Masterdom.Modules.Billing/Application/Capabilities/Billability/Contracts/BillabilityResolutionResult.cs(13,65): warning CS1591: Missing XML comment for publicly visible type or member 'BillabilityResolutionResult.ExclusionCountsByReason' [/Users/kady/Masterdom/src/Masterdom.Modules.Billing/Masterdom.Modules.Billing.csproj]
/Users/kady/Masterdom/src/Masterdom.Modules.Billing/Application/Capabilities/Billability/Contracts/ExcludedBillabilityCandidate.cs(3,22): warning CS1591: Missing XML comment for publicly visible type or member 'ExcludedBillabilityCandidate' [/Users/kady/Masterdom/src/Masterdom.Modules.Billing/Masterdom.Modules.Billing.csproj]
/Users/kady/Masterdom/src/Masterdom.Modules.Billing/Application/Capabilities/Billability/Contracts/ExcludedBillabilityCandidate.cs(3,22): warning CS1591: Missing XML comment for publicly visible type or member 'ExcludedBillabilityCandidate.ExcludedBillabilityCandidate(BillabilityCandidate, BillabilityDecision)' [/Users/kady/Masterdom/src/Masterdom.Modules.Billing/Masterdom.Modules.Billing.csproj]
/Users/kady/Masterdom/src/Masterdom.Modules.Billing/Application/Capabilities/Billability/Contracts/ExcludedBillabilityCandidate.cs(4,26): warning CS1591: Missing XML comment for publicly visible type or member 'ExcludedBillabilityCandidate.Candidate' [/Users/kady/Masterdom/src/Masterdom.Modules.Billing/Masterdom.Modules.Billing.csproj]
/Users/kady/Masterdom/src/Masterdom.Modules.Billing/Application/Capabilities/Billability/Contracts/ExcludedBillabilityCandidate.cs(5,25): warning CS1591: Missing XML comment for publicly visible type or member 'ExcludedBillabilityCandidate.Decision' [/Users/kady/Masterdom/src/Masterdom.Modules.Billing/Masterdom.Modules.Billing.csproj]
/Users/kady/Masterdom/src/Masterdom.Modules.Billing/Application/Capabilities/BillPersistence/BillPersistenceCapability.cs(5,14): warning CS1591: Missing XML comment for publicly visible type or member 'BillPersistenceCapability' [/Users/kady/Masterdom/src/Masterdom.Modules.Billing/Masterdom.Modules.Billing.csproj]
/Users/kady/Masterdom/src/Masterdom.Modules.Billing/Application/Capabilities/BillPersistence/BillPersistenceCapability.cs(9,12): warning CS1591: Missing XML comment for publicly visible type or member 'BillPersistenceCapability.BillPersistenceCapability(IBillPersistenceService)' [/Users/kady/Masterdom/src/Masterdom.Modules.Billing/Masterdom.Modules.Billing.csproj]
/Users/kady/Masterdom/src/Masterdom.Modules.Billing/Application/Capabilities/BillPersistence/BillPersistenceCapability.cs(14,42): warning CS1591: Missing XML comment for publicly visible type or member 'BillPersistenceCapability.Persist(BillPersistenceRequest)' [/Users/kady/Masterdom/src/Masterdom.Modules.Billing/Masterdom.Modules.Billing.csproj]
/Users/kady/Masterdom/src/Masterdom.Modules.Billing/Application/Capabilities/BillPersistence/BillPersistenceOperation.cs(8,14): warning CS1591: Missing XML comment for publicly visible type or member 'BillPersistenceOperation' [/Users/kady/Masterdom/src/Masterdom.Modules.Billing/Masterdom.Modules.Billing.csproj]
/Users/kady/Masterdom/src/Masterdom.Modules.Billing/Application/Capabilities/BillPersistence/BillPersistenceOperation.cs(13,12): warning CS1591: Missing XML comment for publicly visible type or member 'BillPersistenceOperation.BillPersistenceOperation(IBillRepository, IBillingUnitOfWork)' [/Users/kady/Masterdom/src/Masterdom.Modules.Billing/Masterdom.Modules.Billing.csproj]
/Users/kady/Masterdom/src/Masterdom.Modules.Billing/Application/Capabilities/BillPersistence/BillPersistenceOperation.cs(21,55): warning CS1591: Missing XML comment for publicly visible type or member 'BillPersistenceOperation.Execute(BillPersistenceRequest)' [/Users/kady/Masterdom/src/Masterdom.Modules.Billing/Masterdom.Modules.Billing.csproj]
/Users/kady/Masterdom/src/Masterdom.Modules.Billing/Application/Capabilities/BillPersistence/BillPersistenceService.cs(9,21): warning CS1591: Missing XML comment for publicly visible type or member 'BillPersistenceService' [/Users/kady/Masterdom/src/Masterdom.Modules.Billing/Masterdom.Modules.Billing.csproj]
/Users/kady/Masterdom/src/Masterdom.Modules.Billing/Application/Capabilities/BillPersistence/BillPersistenceService.cs(17,12): warning CS1591: Missing XML comment for publicly visible type or member 'BillPersistenceService.BillPersistenceService(BillPersistenceOperation, IBillingPlatformOrchestrator, BillingNotificationProjector)' [/Users/kady/Masterdom/src/Masterdom.Modules.Billing/Masterdom.Modules.Billing.csproj]
/Users/kady/Masterdom/src/Masterdom.Modules.Billing/Application/Capabilities/BillPersistence/BillPersistenceService.cs(27,34): warning CS1591: Missing XML comment for publicly visible type or member 'BillPersistenceService.Persist(BillPersistenceRequest)' [/Users/kady/Masterdom/src/Masterdom.Modules.Billing/Masterdom.Modules.Billing.csproj]
/Users/kady/Masterdom/src/Masterdom.Modules.Billing/Application/Capabilities/BillPersistence/Contracts/BillPersistenceRequest.cs(5,21): warning CS1591: Missing XML comment for publicly visible type or member 'BillPersistenceRequest' [/Users/kady/Masterdom/src/Masterdom.Modules.Billing/Masterdom.Modules.Billing.csproj]
/Users/kady/Masterdom/src/Masterdom.Modules.Billing/Application/Capabilities/BillPersistence/Contracts/BillPersistenceRequest.cs(7,12): warning CS1591: Missing XML comment for publicly visible type or member 'BillPersistenceRequest.BillPersistenceRequest(IReadOnlyCollection<Bill>)' [/Users/kady/Masterdom/src/Masterdom.Modules.Billing/Masterdom.Modules.Billing.csproj]
/Users/kady/Masterdom/src/Masterdom.Modules.Billing/Application/Capabilities/BillPersistence/Contracts/BillPersistenceRequest.cs(14,47): warning CS1591: Missing XML comment for publicly visible type or member 'BillPersistenceRequest.Bills' [/Users/kady/Masterdom/src/Masterdom.Modules.Billing/Masterdom.Modules.Billing.csproj]
/Users/kady/Masterdom/src/Masterdom.Modules.Billing/Application/Capabilities/BillPersistence/Contracts/BillPersistenceResult.cs(5,21): warning CS1591: Missing XML comment for publicly visible type or member 'BillPersistenceResult' [/Users/kady/Masterdom/src/Masterdom.Modules.Billing/Masterdom.Modules.Billing.csproj]
/Users/kady/Masterdom/src/Masterdom.Modules.Billing/Application/Capabilities/BillPersistence/Contracts/BillPersistenceResult.cs(7,12): warning CS1591: Missing XML comment for publicly visible type or member 'BillPersistenceResult.BillPersistenceResult(IReadOnlyCollection<Bill>)' [/Users/kady/Masterdom/src/Masterdom.Modules.Billing/Masterdom.Modules.Billing.csproj]
/Users/kady/Masterdom/src/Masterdom.Modules.Billing/Application/Capabilities/BillPersistence/Contracts/BillPersistenceResult.cs(14,47): warning CS1591: Missing XML comment for publicly visible type or member 'BillPersistenceResult.PersistedBills' [/Users/kady/Masterdom/src/Masterdom.Modules.Billing/Masterdom.Modules.Billing.csproj]
/Users/kady/Masterdom/src/Masterdom.Modules.Billing/Application/Capabilities/BillPersistence/Contracts/BillPersistenceResult.cs(16,16): warning CS1591: Missing XML comment for publicly visible type or member 'BillPersistenceResult.PersistedCount' [/Users/kady/Masterdom/src/Masterdom.Modules.Billing/Masterdom.Modules.Billing.csproj]
/Users/kady/Masterdom/src/Masterdom.Modules.Billing/Application/Capabilities/BillPersistence/IBillPersistenceService.cs(5,18): warning CS1591: Missing XML comment for publicly visible type or member 'IBillPersistenceService' [/Users/kady/Masterdom/src/Masterdom.Modules.Billing/Masterdom.Modules.Billing.csproj]
/Users/kady/Masterdom/src/Masterdom.Modules.Billing/Application/Capabilities/BillPersistence/IBillPersistenceService.cs(7,27): warning CS1591: Missing XML comment for publicly visible type or member 'IBillPersistenceService.Persist(BillPersistenceRequest)' [/Users/kady/Masterdom/src/Masterdom.Modules.Billing/Masterdom.Modules.Billing.csproj]
/Users/kady/Masterdom/src/Masterdom.Modules.Billing/Application/Capabilities/ChargeComposition/Additional/AdditionalChargeSource.cs(6,21): warning CS1591: Missing XML comment for publicly visible type or member 'AdditionalChargeSource' [/Users/kady/Masterdom/src/Masterdom.Modules.Billing/Masterdom.Modules.Billing.csproj]
/Users/kady/Masterdom/src/Masterdom.Modules.Billing/Application/Capabilities/ChargeComposition/Additional/AdditionalChargeSource.cs(8,19): warning CS1591: Missing XML comment for publicly visible type or member 'AdditionalChargeSource.ProviderId' [/Users/kady/Masterdom/src/Masterdom.Modules.Billing/Masterdom.Modules.Billing.csproj]
/Users/kady/Masterdom/src/Masterdom.Modules.Billing/Application/Capabilities/ChargeComposition/Additional/AdditionalChargeSource.cs(10,49): warning CS1591: Missing XML comment for publicly visible type or member 'AdditionalChargeSource.Compose(ChargeCompositionRequest)' [/Users/kady/Masterdom/src/Masterdom.Modules.Billing/Masterdom.Modules.Billing.csproj]
/Users/kady/Masterdom/src/Masterdom.Modules.Billing/Application/Capabilities/ChargeComposition/Arrears/CarryForwardChargeSource.cs(6,21): warning CS1591: Missing XML comment for publicly visible type or member 'CarryForwardChargeSource' [/Users/kady/Masterdom/src/Masterdom.Modules.Billing/Masterdom.Modules.Billing.csproj]
/Users/kady/Masterdom/src/Masterdom.Modules.Billing/Application/Capabilities/ChargeComposition/Arrears/CarryForwardChargeSource.cs(8,19): warning CS1591: Missing XML comment for publicly visible type or member 'CarryForwardChargeSource.ProviderId' [/Users/kady/Masterdom/src/Masterdom.Modules.Billing/Masterdom.Modules.Billing.csproj]
/Users/kady/Masterdom/src/Masterdom.Modules.Billing/Application/Capabilities/ChargeComposition/Arrears/CarryForwardChargeSource.cs(10,49): warning CS1591: Missing XML comment for publicly visible type or member 'CarryForwardChargeSource.Compose(ChargeCompositionRequest)' [/Users/kady/Masterdom/src/Masterdom.Modules.Billing/Masterdom.Modules.Billing.csproj]
/Users/kady/Masterdom/src/Masterdom.Modules.Billing/Application/Capabilities/ChargeComposition/Contracts/ChargeCandidate.cs(5,21): warning CS1591: Missing XML comment for publicly visible type or member 'ChargeCandidate' [/Users/kady/Masterdom/src/Masterdom.Modules.Billing/Masterdom.Modules.Billing.csproj]
/Users/kady/Masterdom/src/Masterdom.Modules.Billing/Application/Capabilities/ChargeComposition/Contracts/ChargeCandidate.cs(7,12): warning CS1591: Missing XML comment for publicly visible type or member 'ChargeCandidate.ChargeCandidate(string, string, decimal, string, string, string?, IReadOnlyDictionary<string, string>?)' [/Users/kady/Masterdom/src/Masterdom.Modules.Billing/Masterdom.Modules.Billing.csproj]
/Users/kady/Masterdom/src/Masterdom.Modules.Billing/Application/Capabilities/ChargeComposition/Contracts/ChargeCandidate.cs(60,19): warning CS1591: Missing XML comment for publicly visible type or member 'ChargeCandidate.ChargeType' [/Users/kady/Masterdom/src/Masterdom.Modules.Billing/Masterdom.Modules.Billing.csproj]
/Users/kady/Masterdom/src/Masterdom.Modules.Billing/Application/Capabilities/ChargeComposition/Contracts/ChargeCandidate.cs(62,19): warning CS1591: Missing XML comment for publicly visible type or member 'ChargeCandidate.Description' [/Users/kady/Masterdom/src/Masterdom.Modules.Billing/Masterdom.Modules.Billing.csproj]
/Users/kady/Masterdom/src/Masterdom.Modules.Billing/Application/Capabilities/ChargeComposition/Contracts/ChargeCandidate.cs(64,20): warning CS1591: Missing XML comment for publicly visible type or member 'ChargeCandidate.Amount' [/Users/kady/Masterdom/src/Masterdom.Modules.Billing/Masterdom.Modules.Billing.csproj]
/Users/kady/Masterdom/src/Masterdom.Modules.Billing/Application/Capabilities/ChargeComposition/Contracts/ChargeCandidate.cs(66,19): warning CS1591: Missing XML comment for publicly visible type or member 'ChargeCandidate.Currency' [/Users/kady/Masterdom/src/Masterdom.Modules.Billing/Masterdom.Modules.Billing.csproj]
/Users/kady/Masterdom/src/Masterdom.Modules.Billing/Application/Capabilities/ChargeComposition/Contracts/ChargeCandidate.cs(68,19): warning CS1591: Missing XML comment for publicly visible type or member 'ChargeCandidate.SourceCapability' [/Users/kady/Masterdom/src/Masterdom.Modules.Billing/Masterdom.Modules.Billing.csproj]
/Users/kady/Masterdom/src/Masterdom.Modules.Billing/Application/Capabilities/ChargeComposition/Contracts/ChargeCandidate.cs(70,20): warning CS1591: Missing XML comment for publicly visible type or member 'ChargeCandidate.ExternalReference' [/Users/kady/Masterdom/src/Masterdom.Modules.Billing/Masterdom.Modules.Billing.csproj]
/Users/kady/Masterdom/src/Masterdom.Modules.Billing/Application/Capabilities/ChargeComposition/Contracts/ChargeCandidate.cs(72,48): warning CS1591: Missing XML comment for publicly visible type or member 'ChargeCandidate.Metadata' [/Users/kady/Masterdom/src/Masterdom.Modules.Billing/Masterdom.Modules.Billing.csproj]
/Users/kady/Masterdom/src/Masterdom.Modules.Billing/Application/Capabilities/ChargeComposition/Contracts/ChargeCompositionRequest.cs(6,22): warning CS1591: Missing XML comment for publicly visible type or member 'ChargeCompositionRequest' [/Users/kady/Masterdom/src/Masterdom.Modules.Billing/Masterdom.Modules.Billing.csproj]
/Users/kady/Masterdom/src/Masterdom.Modules.Billing/Application/Capabilities/ChargeComposition/Contracts/ChargeCompositionRequest.cs(8,12): warning CS1591: Missing XML comment for publicly visible type or member 'ChargeCompositionRequest.ChargeCompositionRequest(BillingContext, BillabilityResolutionResult)' [/Users/kady/Masterdom/src/Masterdom.Modules.Billing/Masterdom.Modules.Billing.csproj]
/Users/kady/Masterdom/src/Masterdom.Modules.Billing/Application/Capabilities/ChargeComposition/Contracts/ChargeCompositionRequest.cs(16,27): warning CS1591: Missing XML comment for publicly visible type or member 'ChargeCompositionRequest.BillingContext' [/Users/kady/Masterdom/src/Masterdom.Modules.Billing/Masterdom.Modules.Billing.csproj]
/Users/kady/Masterdom/src/Masterdom.Modules.Billing/Application/Capabilities/ChargeComposition/Contracts/ChargeCompositionRequest.cs(18,40): warning CS1591: Missing XML comment for publicly visible type or member 'ChargeCompositionRequest.BillabilityResolutionResult' [/Users/kady/Masterdom/src/Masterdom.Modules.Billing/Masterdom.Modules.Billing.csproj]
/Users/kady/Masterdom/src/Masterdom.Modules.Billing/Application/Capabilities/ChargeComposition/Contracts/ChargeCompositionResult.cs(3,21): warning CS1591: Missing XML comment for publicly visible type or member 'ChargeCompositionResult' [/Users/kady/Masterdom/src/Masterdom.Modules.Billing/Masterdom.Modules.Billing.csproj]
/Users/kady/Masterdom/src/Masterdom.Modules.Billing/Application/Capabilities/ChargeComposition/Contracts/ChargeCompositionResult.cs(5,12): warning CS1591: Missing XML comment for publicly visible type or member 'ChargeCompositionResult.ChargeCompositionResult(IReadOnlyCollection<ChargeCandidate>)' [/Users/kady/Masterdom/src/Masterdom.Modules.Billing/Masterdom.Modules.Billing.csproj]
/Users/kady/Masterdom/src/Masterdom.Modules.Billing/Application/Capabilities/ChargeComposition/Contracts/ChargeCompositionResult.cs(12,49): warning CS1591: Missing XML comment for publicly visible type or member 'ChargeCompositionResult.ChargeCandidates' [/Users/kady/Masterdom/src/Masterdom.Modules.Billing/Masterdom.Modules.Billing.csproj]
/Users/kady/Masterdom/src/Masterdom.Modules.Billing/Application/Capabilities/ChargeComposition/Penalties/PenaltyChargeSource.cs(6,21): warning CS1591: Missing XML comment for publicly visible type or member 'PenaltyChargeSource' [/Users/kady/Masterdom/src/Masterdom.Modules.Billing/Masterdom.Modules.Billing.csproj]
/Users/kady/Masterdom/src/Masterdom.Modules.Billing/Application/Capabilities/ChargeComposition/Penalties/PenaltyChargeSource.cs(8,19): warning CS1591: Missing XML comment for publicly visible type or member 'PenaltyChargeSource.ProviderId' [/Users/kady/Masterdom/src/Masterdom.Modules.Billing/Masterdom.Modules.Billing.csproj]
/Users/kady/Masterdom/src/Masterdom.Modules.Billing/Application/Capabilities/ChargeComposition/Penalties/PenaltyChargeSource.cs(10,49): warning CS1591: Missing XML comment for publicly visible type or member 'PenaltyChargeSource.Compose(ChargeCompositionRequest)' [/Users/kady/Masterdom/src/Masterdom.Modules.Billing/Masterdom.Modules.Billing.csproj]
/Users/kady/Masterdom/src/Masterdom.Modules.Billing/Application/Capabilities/ChargeComposition/Pipeline/ChargeCompositionExecutionTrace.cs(3,21): warning CS1591: Missing XML comment for publicly visible type or member 'ChargeCompositionExecutionTrace' [/Users/kady/Masterdom/src/Masterdom.Modules.Billing/Masterdom.Modules.Billing.csproj]
/Users/kady/Masterdom/src/Masterdom.Modules.Billing/Application/Capabilities/ChargeComposition/Pipeline/ChargeCompositionExecutionTrace.cs(5,12): warning CS1591: Missing XML comment for publicly visible type or member 'ChargeCompositionExecutionTrace.ChargeCompositionExecutionTrace(IReadOnlyCollection<ExecutedProvider>)' [/Users/kady/Masterdom/src/Masterdom.Modules.Billing/Masterdom.Modules.Billing.csproj]
/Users/kady/Masterdom/src/Masterdom.Modules.Billing/Application/Capabilities/ChargeComposition/Pipeline/ChargeCompositionExecutionTrace.cs(12,50): warning CS1591: Missing XML comment for publicly visible type or member 'ChargeCompositionExecutionTrace.ExecutedProviders' [/Users/kady/Masterdom/src/Masterdom.Modules.Billing/Masterdom.Modules.Billing.csproj]
/Users/kady/Masterdom/src/Masterdom.Modules.Billing/Application/Capabilities/ChargeComposition/Pipeline/ChargeCompositionPipeline.cs(12,21): warning CS1591: Missing XML comment for publicly visible type or member 'ChargeCompositionPipeline' [/Users/kady/Masterdom/src/Masterdom.Modules.Billing/Masterdom.Modules.Billing.csproj]
/Users/kady/Masterdom/src/Masterdom.Modules.Billing/Application/Capabilities/ChargeComposition/Pipeline/ChargeCompositionPipeline.cs(16,12): warning CS1591: Missing XML comment for publicly visible type or member 'ChargeCompositionPipeline.ChargeCompositionPipeline(IChargeCompositionReadService)' [/Users/kady/Masterdom/src/Masterdom.Modules.Billing/Masterdom.Modules.Billing.csproj]
/Users/kady/Masterdom/src/Masterdom.Modules.Billing/Application/Capabilities/ChargeComposition/Pipeline/ChargeCompositionPipeline.cs(30,12): warning CS1591: Missing XML comment for publicly visible type or member 'ChargeCompositionPipeline.ChargeCompositionPipeline(IEnumerable<IChargeSource>)' [/Users/kady/Masterdom/src/Masterdom.Modules.Billing/Masterdom.Modules.Billing.csproj]
/Users/kady/Masterdom/src/Masterdom.Modules.Billing/Application/Capabilities/ChargeComposition/Pipeline/ChargeCompositionPipeline.cs(38,36): warning CS1591: Missing XML comment for publicly visible type or member 'ChargeCompositionPipeline.Compose(ChargeCompositionRequest)' [/Users/kady/Masterdom/src/Masterdom.Modules.Billing/Masterdom.Modules.Billing.csproj]
/Users/kady/Masterdom/src/Masterdom.Modules.Billing/Application/Capabilities/ChargeComposition/Pipeline/ChargeCompositionPipeline.cs(43,36): warning CS1591: Missing XML comment for publicly visible type or member 'ChargeCompositionPipeline.Compose(ChargeCompositionRequest, out ChargeCompositionExecutionTrace)' [/Users/kady/Masterdom/src/Masterdom.Modules.Billing/Masterdom.Modules.Billing.csproj]
/Users/kady/Masterdom/src/Masterdom.Modules.Billing/Application/Capabilities/ChargeComposition/Pipeline/ExecutedProvider.cs(3,22): warning CS1591: Missing XML comment for publicly visible type or member 'ExecutedProvider' [/Users/kady/Masterdom/src/Masterdom.Modules.Billing/Masterdom.Modules.Billing.csproj]
/Users/kady/Masterdom/src/Masterdom.Modules.Billing/Application/Capabilities/ChargeComposition/Pipeline/ExecutedProvider.cs(3,22): warning CS1591: Missing XML comment for publicly visible type or member 'ExecutedProvider.ExecutedProvider(string, int)' [/Users/kady/Masterdom/src/Masterdom.Modules.Billing/Masterdom.Modules.Billing.csproj]
/Users/kady/Masterdom/src/Masterdom.Modules.Billing/Application/Capabilities/ChargeComposition/Pipeline/ExecutedProvider.cs(3,46): warning CS1591: Missing XML comment for publicly visible type or member 'ExecutedProvider.ProviderId' [/Users/kady/Masterdom/src/Masterdom.Modules.Billing/Masterdom.Modules.Billing.csproj]
/Users/kady/Masterdom/src/Masterdom.Modules.Billing/Application/Capabilities/ChargeComposition/Pipeline/ExecutedProvider.cs(3,62): warning CS1591: Missing XML comment for publicly visible type or member 'ExecutedProvider.ExecutionOrder' [/Users/kady/Masterdom/src/Masterdom.Modules.Billing/Masterdom.Modules.Billing.csproj]
/Users/kady/Masterdom/src/Masterdom.Modules.Billing/Application/Capabilities/ChargeComposition/ReadModels/IChargeCompositionReadService.cs(3,18): warning CS1591: Missing XML comment for publicly visible type or member 'IChargeCompositionReadService' [/Users/kady/Masterdom/src/Masterdom.Modules.Billing/Masterdom.Modules.Billing.csproj]
/Users/kady/Masterdom/src/Masterdom.Modules.Billing/Application/Capabilities/ChargeComposition/ReadModels/IChargeCompositionReadService.cs(5,26): warning CS1591: Missing XML comment for publicly visible type or member 'IChargeCompositionReadService.GetRentChargeReadModel(Guid, Guid, Guid, Guid)' [/Users/kady/Masterdom/src/Masterdom.Modules.Billing/Masterdom.Modules.Billing.csproj]
/Users/kady/Masterdom/src/Masterdom.Modules.Billing/Application/Capabilities/ChargeComposition/ReadModels/RentChargeReadModel.cs(3,22): warning CS1591: Missing XML comment for publicly visible type or member 'RentChargeReadModel' [/Users/kady/Masterdom/src/Masterdom.Modules.Billing/Masterdom.Modules.Billing.csproj]
/Users/kady/Masterdom/src/Masterdom.Modules.Billing/Application/Capabilities/ChargeComposition/ReadModels/RentChargeReadModel.cs(3,22): warning CS1591: Missing XML comment for publicly visible type or member 'RentChargeReadModel.RentChargeReadModel(Guid, Guid, Guid, Guid, bool, bool, decimal?, string?, string?, string?)' [/Users/kady/Masterdom/src/Masterdom.Modules.Billing/Masterdom.Modules.Billing.csproj]
/Users/kady/Masterdom/src/Masterdom.Modules.Billing/Application/Capabilities/ChargeComposition/ReadModels/RentChargeReadModel.cs(4,10): warning CS1591: Missing XML comment for publicly visible type or member 'RentChargeReadModel.TenancyId' [/Users/kady/Masterdom/src/Masterdom.Modules.Billing/Masterdom.Modules.Billing.csproj]
/Users/kady/Masterdom/src/Masterdom.Modules.Billing/Application/Capabilities/ChargeComposition/ReadModels/RentChargeReadModel.cs(5,10): warning CS1591: Missing XML comment for publicly visible type or member 'RentChargeReadModel.LeaseId' [/Users/kady/Masterdom/src/Masterdom.Modules.Billing/Masterdom.Modules.Billing.csproj]
/Users/kady/Masterdom/src/Masterdom.Modules.Billing/Application/Capabilities/ChargeComposition/ReadModels/RentChargeReadModel.cs(6,10): warning CS1591: Missing XML comment for publicly visible type or member 'RentChargeReadModel.PropertyId' [/Users/kady/Masterdom/src/Masterdom.Modules.Billing/Masterdom.Modules.Billing.csproj]
/Users/kady/Masterdom/src/Masterdom.Modules.Billing/Application/Capabilities/ChargeComposition/ReadModels/RentChargeReadModel.cs(7,10): warning CS1591: Missing XML comment for publicly visible type or member 'RentChargeReadModel.UnitId' [/Users/kady/Masterdom/src/Masterdom.Modules.Billing/Masterdom.Modules.Billing.csproj]
/Users/kady/Masterdom/src/Masterdom.Modules.Billing/Application/Capabilities/ChargeComposition/ReadModels/RentChargeReadModel.cs(8,10): warning CS1591: Missing XML comment for publicly visible type or member 'RentChargeReadModel.IsTenancyActive' [/Users/kady/Masterdom/src/Masterdom.Modules.Billing/Masterdom.Modules.Billing.csproj]
/Users/kady/Masterdom/src/Masterdom.Modules.Billing/Application/Capabilities/ChargeComposition/ReadModels/RentChargeReadModel.cs(9,10): warning CS1591: Missing XML comment for publicly visible type or member 'RentChargeReadModel.IsLeaseActive' [/Users/kady/Masterdom/src/Masterdom.Modules.Billing/Masterdom.Modules.Billing.csproj]
/Users/kady/Masterdom/src/Masterdom.Modules.Billing/Application/Capabilities/ChargeComposition/ReadModels/RentChargeReadModel.cs(10,14): warning CS1591: Missing XML comment for publicly visible type or member 'RentChargeReadModel.RentAmount' [/Users/kady/Masterdom/src/Masterdom.Modules.Billing/Masterdom.Modules.Billing.csproj]
/Users/kady/Masterdom/src/Masterdom.Modules.Billing/Application/Capabilities/ChargeComposition/ReadModels/RentChargeReadModel.cs(11,13): warning CS1591: Missing XML comment for publicly visible type or member 'RentChargeReadModel.Currency' [/Users/kady/Masterdom/src/Masterdom.Modules.Billing/Masterdom.Modules.Billing.csproj]
/Users/kady/Masterdom/src/Masterdom.Modules.Billing/Application/Capabilities/ChargeComposition/ReadModels/RentChargeReadModel.cs(12,13): warning CS1591: Missing XML comment for publicly visible type or member 'RentChargeReadModel.BillingFrequency' [/Users/kady/Masterdom/src/Masterdom.Modules.Billing/Masterdom.Modules.Billing.csproj]
/Users/kady/Masterdom/src/Masterdom.Modules.Billing/Application/Capabilities/ChargeComposition/ReadModels/RentChargeReadModel.cs(13,13): warning CS1591: Missing XML comment for publicly visible type or member 'RentChargeReadModel.LeaseNumber' [/Users/kady/Masterdom/src/Masterdom.Modules.Billing/Masterdom.Modules.Billing.csproj]
/Users/kady/Masterdom/src/Masterdom.Modules.Billing/Application/Capabilities/ChargeComposition/Rent/RentChargeSource.cs(7,21): warning CS1591: Missing XML comment for publicly visible type or member 'RentChargeSource' [/Users/kady/Masterdom/src/Masterdom.Modules.Billing/Masterdom.Modules.Billing.csproj]
/Users/kady/Masterdom/src/Masterdom.Modules.Billing/Application/Capabilities/ChargeComposition/Rent/RentChargeSource.cs(9,25): warning CS1591: Missing XML comment for publicly visible type or member 'RentChargeSource.ProviderIdentifier' [/Users/kady/Masterdom/src/Masterdom.Modules.Billing/Masterdom.Modules.Billing.csproj]
/Users/kady/Masterdom/src/Masterdom.Modules.Billing/Application/Capabilities/ChargeComposition/Rent/RentChargeSource.cs(16,12): warning CS1591: Missing XML comment for publicly visible type or member 'RentChargeSource.RentChargeSource(IChargeCompositionReadService)' [/Users/kady/Masterdom/src/Masterdom.Modules.Billing/Masterdom.Modules.Billing.csproj]
/Users/kady/Masterdom/src/Masterdom.Modules.Billing/Application/Capabilities/ChargeComposition/Rent/RentChargeSource.cs(21,19): warning CS1591: Missing XML comment for publicly visible type or member 'RentChargeSource.ProviderId' [/Users/kady/Masterdom/src/Masterdom.Modules.Billing/Masterdom.Modules.Billing.csproj]
/Users/kady/Masterdom/src/Masterdom.Modules.Billing/Application/Capabilities/ChargeComposition/Rent/RentChargeSource.cs(23,49): warning CS1591: Missing XML comment for publicly visible type or member 'RentChargeSource.Compose(ChargeCompositionRequest)' [/Users/kady/Masterdom/src/Masterdom.Modules.Billing/Masterdom.Modules.Billing.csproj]
/Users/kady/Masterdom/src/Masterdom.Modules.Billing/Application/Capabilities/ChargeComposition/Shared/IChargeSource.cs(5,18): warning CS1591: Missing XML comment for publicly visible type or member 'IChargeSource' [/Users/kady/Masterdom/src/Masterdom.Modules.Billing/Masterdom.Modules.Billing.csproj]
/Users/kady/Masterdom/src/Masterdom.Modules.Billing/Application/Capabilities/ChargeComposition/Shared/IChargeSource.cs(7,12): warning CS1591: Missing XML comment for publicly visible type or member 'IChargeSource.ProviderId' [/Users/kady/Masterdom/src/Masterdom.Modules.Billing/Masterdom.Modules.Billing.csproj]
/Users/kady/Masterdom/src/Masterdom.Modules.Billing/Application/Capabilities/ChargeComposition/Shared/IChargeSource.cs(9,42): warning CS1591: Missing XML comment for publicly visible type or member 'IChargeSource.Compose(ChargeCompositionRequest)' [/Users/kady/Masterdom/src/Masterdom.Modules.Billing/Masterdom.Modules.Billing.csproj]
/Users/kady/Masterdom/src/Masterdom.Modules.Billing/Application/Capabilities/ChargeComposition/Utility/UtilityChargeSource.cs(6,21): warning CS1591: Missing XML comment for publicly visible type or member 'UtilityChargeSource' [/Users/kady/Masterdom/src/Masterdom.Modules.Billing/Masterdom.Modules.Billing.csproj]
/Users/kady/Masterdom/src/Masterdom.Modules.Billing/Application/Capabilities/ChargeComposition/Utility/UtilityChargeSource.cs(8,19): warning CS1591: Missing XML comment for publicly visible type or member 'UtilityChargeSource.ProviderId' [/Users/kady/Masterdom/src/Masterdom.Modules.Billing/Masterdom.Modules.Billing.csproj]
/Users/kady/Masterdom/src/Masterdom.Modules.Billing/Application/Capabilities/ChargeComposition/Utility/UtilityChargeSource.cs(10,49): warning CS1591: Missing XML comment for publicly visible type or member 'UtilityChargeSource.Compose(ChargeCompositionRequest)' [/Users/kady/Masterdom/src/Masterdom.Modules.Billing/Masterdom.Modules.Billing.csproj]
/Users/kady/Masterdom/src/Masterdom.Modules.Billing/Application/Capabilities/Shared/Contracts/BillingContext.cs(5,22): warning CS1591: Missing XML comment for publicly visible type or member 'BillingContext' [/Users/kady/Masterdom/src/Masterdom.Modules.Billing/Masterdom.Modules.Billing.csproj]
/Users/kady/Masterdom/src/Masterdom.Modules.Billing/Application/Capabilities/Shared/Contracts/BillingContext.cs(7,12): warning CS1591: Missing XML comment for publicly visible type or member 'BillingContext.BillingContext(BillingPeriod, BillingCycle, DateTime, DateTime, PropertyReference?, Guid?, string?)' [/Users/kady/Masterdom/src/Masterdom.Modules.Billing/Masterdom.Modules.Billing.csproj]
/Users/kady/Masterdom/src/Masterdom.Modules.Billing/Application/Capabilities/Shared/Contracts/BillingContext.cs(45,26): warning CS1591: Missing XML comment for publicly visible type or member 'BillingContext.BillingPeriod' [/Users/kady/Masterdom/src/Masterdom.Modules.Billing/Masterdom.Modules.Billing.csproj]
/Users/kady/Masterdom/src/Masterdom.Modules.Billing/Application/Capabilities/Shared/Contracts/BillingContext.cs(47,25): warning CS1591: Missing XML comment for publicly visible type or member 'BillingContext.BillingCycle' [/Users/kady/Masterdom/src/Masterdom.Modules.Billing/Masterdom.Modules.Billing.csproj]
/Users/kady/Masterdom/src/Masterdom.Modules.Billing/Application/Capabilities/Shared/Contracts/BillingContext.cs(49,31): warning CS1591: Missing XML comment for publicly visible type or member 'BillingContext.PropertyReference' [/Users/kady/Masterdom/src/Masterdom.Modules.Billing/Masterdom.Modules.Billing.csproj]
/Users/kady/Masterdom/src/Masterdom.Modules.Billing/Application/Capabilities/Shared/Contracts/BillingContext.cs(51,18): warning CS1591: Missing XML comment for publicly visible type or member 'BillingContext.UnitReference' [/Users/kady/Masterdom/src/Masterdom.Modules.Billing/Masterdom.Modules.Billing.csproj]
/Users/kady/Masterdom/src/Masterdom.Modules.Billing/Application/Capabilities/Shared/Contracts/BillingContext.cs(57,21): warning CS1591: Missing XML comment for publicly visible type or member 'BillingContext.AsOfUtc' [/Users/kady/Masterdom/src/Masterdom.Modules.Billing/Masterdom.Modules.Billing.csproj]
/Users/kady/Masterdom/src/Masterdom.Modules.Billing/Application/Capabilities/Shared/Contracts/BillingContext.cs(59,21): warning CS1591: Missing XML comment for publicly visible type or member 'BillingContext.ExecutionTimestampUtc' [/Users/kady/Masterdom/src/Masterdom.Modules.Billing/Masterdom.Modules.Billing.csproj]
/Users/kady/Masterdom/src/Masterdom.Modules.Billing/Application/Capabilities/Shared/Contracts/BillingContext.cs(61,20): warning CS1591: Missing XML comment for publicly visible type or member 'BillingContext.CorrelationId' [/Users/kady/Masterdom/src/Masterdom.Modules.Billing/Masterdom.Modules.Billing.csproj]
/Users/kady/Masterdom/src/Masterdom.Modules.Billing/Application/Commands/AddAdjustmentCommand.cs(5,22): warning CS1591: Missing XML comment for publicly visible type or member 'AddAdjustmentCommand' [/Users/kady/Masterdom/src/Masterdom.Modules.Billing/Masterdom.Modules.Billing.csproj]
/Users/kady/Masterdom/src/Masterdom.Modules.Billing/Application/Commands/AddAdjustmentCommand.cs(5,22): warning CS1591: Missing XML comment for publicly visible type or member 'AddAdjustmentCommand.AddAdjustmentCommand(BillId, AdjustmentLine, GeneratedDate, IssueDate, DueDate)' [/Users/kady/Masterdom/src/Masterdom.Modules.Billing/Masterdom.Modules.Billing.csproj]
/Users/kady/Masterdom/src/Masterdom.Modules.Billing/Application/Commands/AddAdjustmentCommand.cs(6,12): warning CS1591: Missing XML comment for publicly visible type or member 'AddAdjustmentCommand.BillId' [/Users/kady/Masterdom/src/Masterdom.Modules.Billing/Masterdom.Modules.Billing.csproj]
/Users/kady/Masterdom/src/Masterdom.Modules.Billing/Application/Commands/AddAdjustmentCommand.cs(7,20): warning CS1591: Missing XML comment for publicly visible type or member 'AddAdjustmentCommand.Adjustment' [/Users/kady/Masterdom/src/Masterdom.Modules.Billing/Masterdom.Modules.Billing.csproj]
/Users/kady/Masterdom/src/Masterdom.Modules.Billing/Application/Commands/AddAdjustmentCommand.cs(8,19): warning CS1591: Missing XML comment for publicly visible type or member 'AddAdjustmentCommand.GeneratedDate' [/Users/kady/Masterdom/src/Masterdom.Modules.Billing/Masterdom.Modules.Billing.csproj]
/Users/kady/Masterdom/src/Masterdom.Modules.Billing/Application/Commands/AddAdjustmentCommand.cs(9,15): warning CS1591: Missing XML comment for publicly visible type or member 'AddAdjustmentCommand.IssueDate' [/Users/kady/Masterdom/src/Masterdom.Modules.Billing/Masterdom.Modules.Billing.csproj]
/Users/kady/Masterdom/src/Masterdom.Modules.Billing/Application/Commands/AddAdjustmentCommand.cs(10,13): warning CS1591: Missing XML comment for publicly visible type or member 'AddAdjustmentCommand.DueDate' [/Users/kady/Masterdom/src/Masterdom.Modules.Billing/Masterdom.Modules.Billing.csproj]
/Users/kady/Masterdom/src/Masterdom.Modules.Billing/Application/Commands/ApplyCreditCommand.cs(5,22): warning CS1591: Missing XML comment for publicly visible type or member 'ApplyCreditCommand' [/Users/kady/Masterdom/src/Masterdom.Modules.Billing/Masterdom.Modules.Billing.csproj]
/Users/kady/Masterdom/src/Masterdom.Modules.Billing/Application/Commands/ApplyCreditCommand.cs(5,22): warning CS1591: Missing XML comment for publicly visible type or member 'ApplyCreditCommand.ApplyCreditCommand(BillId, CreditLine, GeneratedDate, IssueDate, DueDate)' [/Users/kady/Masterdom/src/Masterdom.Modules.Billing/Masterdom.Modules.Billing.csproj]
/Users/kady/Masterdom/src/Masterdom.Modules.Billing/Application/Commands/ApplyCreditCommand.cs(6,12): warning CS1591: Missing XML comment for publicly visible type or member 'ApplyCreditCommand.BillId' [/Users/kady/Masterdom/src/Masterdom.Modules.Billing/Masterdom.Modules.Billing.csproj]
/Users/kady/Masterdom/src/Masterdom.Modules.Billing/Application/Commands/ApplyCreditCommand.cs(7,16): warning CS1591: Missing XML comment for publicly visible type or member 'ApplyCreditCommand.Credit' [/Users/kady/Masterdom/src/Masterdom.Modules.Billing/Masterdom.Modules.Billing.csproj]
/Users/kady/Masterdom/src/Masterdom.Modules.Billing/Application/Commands/ApplyCreditCommand.cs(8,19): warning CS1591: Missing XML comment for publicly visible type or member 'ApplyCreditCommand.GeneratedDate' [/Users/kady/Masterdom/src/Masterdom.Modules.Billing/Masterdom.Modules.Billing.csproj]
/Users/kady/Masterdom/src/Masterdom.Modules.Billing/Application/Commands/ApplyCreditCommand.cs(9,15): warning CS1591: Missing XML comment for publicly visible type or member 'ApplyCreditCommand.IssueDate' [/Users/kady/Masterdom/src/Masterdom.Modules.Billing/Masterdom.Modules.Billing.csproj]
/Users/kady/Masterdom/src/Masterdom.Modules.Billing/Application/Commands/ApplyCreditCommand.cs(10,13): warning CS1591: Missing XML comment for publicly visible type or member 'ApplyCreditCommand.DueDate' [/Users/kady/Masterdom/src/Masterdom.Modules.Billing/Masterdom.Modules.Billing.csproj]
/Users/kady/Masterdom/src/Masterdom.Modules.Billing/Application/Commands/FinalizeBillCommand.cs(5,22): warning CS1591: Missing XML comment for publicly visible type or member 'FinalizeBillCommand' [/Users/kady/Masterdom/src/Masterdom.Modules.Billing/Masterdom.Modules.Billing.csproj]
/Users/kady/Masterdom/src/Masterdom.Modules.Billing/Application/Commands/FinalizeBillCommand.cs(5,22): warning CS1591: Missing XML comment for publicly visible type or member 'FinalizeBillCommand.FinalizeBillCommand(BillId)' [/Users/kady/Masterdom/src/Masterdom.Modules.Billing/Masterdom.Modules.Billing.csproj]
/Users/kady/Masterdom/src/Masterdom.Modules.Billing/Application/Commands/FinalizeBillCommand.cs(5,49): warning CS1591: Missing XML comment for publicly visible type or member 'FinalizeBillCommand.BillId' [/Users/kady/Masterdom/src/Masterdom.Modules.Billing/Masterdom.Modules.Billing.csproj]
/Users/kady/Masterdom/src/Masterdom.Modules.Billing/Application/Commands/GenerateBillCommand.cs(6,22): warning CS1591: Missing XML comment for publicly visible type or member 'GenerateBillCommand' [/Users/kady/Masterdom/src/Masterdom.Modules.Billing/Masterdom.Modules.Billing.csproj]
/Users/kady/Masterdom/src/Masterdom.Modules.Billing/Application/Commands/GenerateBillCommand.cs(6,22): warning CS1591: Missing XML comment for publicly visible type or member 'GenerateBillCommand.GenerateBillCommand(BillNumber, TenancyReference, LeaseReference, PropertyReference, PersonReference, BillingPeriod, BillingCycle, GeneratedDate, IssueDate, DueDate, Currency, ChargeCollection)' [/Users/kady/Masterdom/src/Masterdom.Modules.Billing/Masterdom.Modules.Billing.csproj]
/Users/kady/Masterdom/src/Masterdom.Modules.Billing/Application/Commands/GenerateBillCommand.cs(7,16): warning CS1591: Missing XML comment for publicly visible type or member 'GenerateBillCommand.BillNumber' [/Users/kady/Masterdom/src/Masterdom.Modules.Billing/Masterdom.Modules.Billing.csproj]
/Users/kady/Masterdom/src/Masterdom.Modules.Billing/Application/Commands/GenerateBillCommand.cs(8,22): warning CS1591: Missing XML comment for publicly visible type or member 'GenerateBillCommand.TenancyReference' [/Users/kady/Masterdom/src/Masterdom.Modules.Billing/Masterdom.Modules.Billing.csproj]
/Users/kady/Masterdom/src/Masterdom.Modules.Billing/Application/Commands/GenerateBillCommand.cs(9,20): warning CS1591: Missing XML comment for publicly visible type or member 'GenerateBillCommand.LeaseReference' [/Users/kady/Masterdom/src/Masterdom.Modules.Billing/Masterdom.Modules.Billing.csproj]
/Users/kady/Masterdom/src/Masterdom.Modules.Billing/Application/Commands/GenerateBillCommand.cs(10,23): warning CS1591: Missing XML comment for publicly visible type or member 'GenerateBillCommand.PropertyReference' [/Users/kady/Masterdom/src/Masterdom.Modules.Billing/Masterdom.Modules.Billing.csproj]
/Users/kady/Masterdom/src/Masterdom.Modules.Billing/Application/Commands/GenerateBillCommand.cs(11,21): warning CS1591: Missing XML comment for publicly visible type or member 'GenerateBillCommand.BilledParty' [/Users/kady/Masterdom/src/Masterdom.Modules.Billing/Masterdom.Modules.Billing.csproj]
/Users/kady/Masterdom/src/Masterdom.Modules.Billing/Application/Commands/GenerateBillCommand.cs(12,19): warning CS1591: Missing XML comment for publicly visible type or member 'GenerateBillCommand.BillingPeriod' [/Users/kady/Masterdom/src/Masterdom.Modules.Billing/Masterdom.Modules.Billing.csproj]
/Users/kady/Masterdom/src/Masterdom.Modules.Billing/Application/Commands/GenerateBillCommand.cs(13,18): warning CS1591: Missing XML comment for publicly visible type or member 'GenerateBillCommand.BillingCycle' [/Users/kady/Masterdom/src/Masterdom.Modules.Billing/Masterdom.Modules.Billing.csproj]
/Users/kady/Masterdom/src/Masterdom.Modules.Billing/Application/Commands/GenerateBillCommand.cs(14,19): warning CS1591: Missing XML comment for publicly visible type or member 'GenerateBillCommand.GeneratedDate' [/Users/kady/Masterdom/src/Masterdom.Modules.Billing/Masterdom.Modules.Billing.csproj]
/Users/kady/Masterdom/src/Masterdom.Modules.Billing/Application/Commands/GenerateBillCommand.cs(15,15): warning CS1591: Missing XML comment for publicly visible type or member 'GenerateBillCommand.IssueDate' [/Users/kady/Masterdom/src/Masterdom.Modules.Billing/Masterdom.Modules.Billing.csproj]
/Users/kady/Masterdom/src/Masterdom.Modules.Billing/Application/Commands/GenerateBillCommand.cs(16,13): warning CS1591: Missing XML comment for publicly visible type or member 'GenerateBillCommand.DueDate' [/Users/kady/Masterdom/src/Masterdom.Modules.Billing/Masterdom.Modules.Billing.csproj]
/Users/kady/Masterdom/src/Masterdom.Modules.Billing/Application/Commands/GenerateBillCommand.cs(17,14): warning CS1591: Missing XML comment for publicly visible type or member 'GenerateBillCommand.Currency' [/Users/kady/Masterdom/src/Masterdom.Modules.Billing/Masterdom.Modules.Billing.csproj]
/Users/kady/Masterdom/src/Masterdom.Modules.Billing/Application/Commands/GenerateBillCommand.cs(18,22): warning CS1591: Missing XML comment for publicly visible type or member 'GenerateBillCommand.Charges' [/Users/kady/Masterdom/src/Masterdom.Modules.Billing/Masterdom.Modules.Billing.csproj]
/Users/kady/Masterdom/src/Masterdom.Modules.Billing/Application/Commands/VoidBillCommand.cs(5,22): warning CS1591: Missing XML comment for publicly visible type or member 'VoidBillCommand' [/Users/kady/Masterdom/src/Masterdom.Modules.Billing/Masterdom.Modules.Billing.csproj]
/Users/kady/Masterdom/src/Masterdom.Modules.Billing/Application/Commands/VoidBillCommand.cs(5,22): warning CS1591: Missing XML comment for publicly visible type or member 'VoidBillCommand.VoidBillCommand(BillId, string)' [/Users/kady/Masterdom/src/Masterdom.Modules.Billing/Masterdom.Modules.Billing.csproj]
/Users/kady/Masterdom/src/Masterdom.Modules.Billing/Application/Commands/VoidBillCommand.cs(5,45): warning CS1591: Missing XML comment for publicly visible type or member 'VoidBillCommand.BillId' [/Users/kady/Masterdom/src/Masterdom.Modules.Billing/Masterdom.Modules.Billing.csproj]
/Users/kady/Masterdom/src/Masterdom.Modules.Billing/Application/Commands/VoidBillCommand.cs(5,60): warning CS1591: Missing XML comment for publicly visible type or member 'VoidBillCommand.Reason' [/Users/kady/Masterdom/src/Masterdom.Modules.Billing/Masterdom.Modules.Billing.csproj]
/Users/kady/Masterdom/src/Masterdom.Modules.Billing/Application/Events/BillsPersistedApplicationEvent.cs(6,21): warning CS1591: Missing XML comment for publicly visible type or member 'BillsPersistedApplicationEvent' [/Users/kady/Masterdom/src/Masterdom.Modules.Billing/Masterdom.Modules.Billing.csproj]
/Users/kady/Masterdom/src/Masterdom.Modules.Billing/Application/Events/BillsPersistedApplicationEvent.cs(8,12): warning CS1591: Missing XML comment for publicly visible type or member 'BillsPersistedApplicationEvent.BillsPersistedApplicationEvent(string, BillingPeriod, IReadOnlyCollection<BillId>, int, DateTime, PropertyReference?)' [/Users/kady/Masterdom/src/Masterdom.Modules.Billing/Masterdom.Modules.Billing.csproj]
/Users/kady/Masterdom/src/Masterdom.Modules.Billing/Application/Events/BillsPersistedApplicationEvent.cs(49,19): warning CS1591: Missing XML comment for publicly visible type or member 'BillsPersistedApplicationEvent.CorrelationId' [/Users/kady/Masterdom/src/Masterdom.Modules.Billing/Masterdom.Modules.Billing.csproj]
/Users/kady/Masterdom/src/Masterdom.Modules.Billing/Application/Events/BillsPersistedApplicationEvent.cs(51,26): warning CS1591: Missing XML comment for publicly visible type or member 'BillsPersistedApplicationEvent.BillingPeriod' [/Users/kady/Masterdom/src/Masterdom.Modules.Billing/Masterdom.Modules.Billing.csproj]
/Users/kady/Masterdom/src/Masterdom.Modules.Billing/Application/Events/BillsPersistedApplicationEvent.cs(53,40): warning CS1591: Missing XML comment for publicly visible type or member 'BillsPersistedApplicationEvent.PersistedBillIds' [/Users/kady/Masterdom/src/Masterdom.Modules.Billing/Masterdom.Modules.Billing.csproj]
/Users/kady/Masterdom/src/Masterdom.Modules.Billing/Application/Events/BillsPersistedApplicationEvent.cs(55,16): warning CS1591: Missing XML comment for publicly visible type or member 'BillsPersistedApplicationEvent.PersistedBillCount' [/Users/kady/Masterdom/src/Masterdom.Modules.Billing/Masterdom.Modules.Billing.csproj]
/Users/kady/Masterdom/src/Masterdom.Modules.Billing/Application/Events/BillsPersistedApplicationEvent.cs(57,21): warning CS1591: Missing XML comment for publicly visible type or member 'BillsPersistedApplicationEvent.ExecutionTimestampUtc' [/Users/kady/Masterdom/src/Masterdom.Modules.Billing/Masterdom.Modules.Billing.csproj]
/Users/kady/Masterdom/src/Masterdom.Modules.Billing/Application/Events/BillsPersistedApplicationEvent.cs(59,31): warning CS1591: Missing XML comment for publicly visible type or member 'BillsPersistedApplicationEvent.PropertyReference' [/Users/kady/Masterdom/src/Masterdom.Modules.Billing/Masterdom.Modules.Billing.csproj]
/Users/kady/Masterdom/src/Masterdom.Modules.Billing/Application/Events/IBillingApplicationEvent.cs(6,18): warning CS1591: Missing XML comment for publicly visible type or member 'IBillingApplicationEvent' [/Users/kady/Masterdom/src/Masterdom.Modules.Billing/Masterdom.Modules.Billing.csproj]
/Users/kady/Masterdom/src/Masterdom.Modules.Billing/Application/Events/IBillingApplicationEvent.cs(8,12): warning CS1591: Missing XML comment for publicly visible type or member 'IBillingApplicationEvent.CorrelationId' [/Users/kady/Masterdom/src/Masterdom.Modules.Billing/Masterdom.Modules.Billing.csproj]
/Users/kady/Masterdom/src/Masterdom.Modules.Billing/Application/Events/IBillingApplicationEvent.cs(10,19): warning CS1591: Missing XML comment for publicly visible type or member 'IBillingApplicationEvent.BillingPeriod' [/Users/kady/Masterdom/src/Masterdom.Modules.Billing/Masterdom.Modules.Billing.csproj]
/Users/kady/Masterdom/src/Masterdom.Modules.Billing/Application/Events/IBillingApplicationEvent.cs(12,33): warning CS1591: Missing XML comment for publicly visible type or member 'IBillingApplicationEvent.PersistedBillIds' [/Users/kady/Masterdom/src/Masterdom.Modules.Billing/Masterdom.Modules.Billing.csproj]
/Users/kady/Masterdom/src/Masterdom.Modules.Billing/Application/Events/IBillingApplicationEvent.cs(14,9): warning CS1591: Missing XML comment for publicly visible type or member 'IBillingApplicationEvent.PersistedBillCount' [/Users/kady/Masterdom/src/Masterdom.Modules.Billing/Masterdom.Modules.Billing.csproj]
/Users/kady/Masterdom/src/Masterdom.Modules.Billing/Application/Events/IBillingApplicationEvent.cs(16,14): warning CS1591: Missing XML comment for publicly visible type or member 'IBillingApplicationEvent.ExecutionTimestampUtc' [/Users/kady/Masterdom/src/Masterdom.Modules.Billing/Masterdom.Modules.Billing.csproj]
/Users/kady/Masterdom/src/Masterdom.Modules.Billing/Application/Events/IBillingApplicationEvent.cs(18,24): warning CS1591: Missing XML comment for publicly visible type or member 'IBillingApplicationEvent.PropertyReference' [/Users/kady/Masterdom/src/Masterdom.Modules.Billing/Masterdom.Modules.Billing.csproj]
/Users/kady/Masterdom/src/Masterdom.Modules.Billing/Application/Handlers/Commands/AddAdjustmentCommandHandler.cs(8,21): warning CS1591: Missing XML comment for publicly visible type or member 'AddAdjustmentCommandHandler' [/Users/kady/Masterdom/src/Masterdom.Modules.Billing/Masterdom.Modules.Billing.csproj]
/Users/kady/Masterdom/src/Masterdom.Modules.Billing/Application/Handlers/Commands/AddAdjustmentCommandHandler.cs(12,12): warning CS1591: Missing XML comment for publicly visible type or member 'AddAdjustmentCommandHandler.AddAdjustmentCommandHandler(IBillingApplicationService)' [/Users/kady/Masterdom/src/Masterdom.Modules.Billing/Masterdom.Modules.Billing.csproj]
/Users/kady/Masterdom/src/Masterdom.Modules.Billing/Application/Handlers/Commands/AddAdjustmentCommandHandler.cs(17,43): warning CS1591: Missing XML comment for publicly visible type or member 'AddAdjustmentCommandHandler.Handle(AddAdjustmentCommand)' [/Users/kady/Masterdom/src/Masterdom.Modules.Billing/Masterdom.Modules.Billing.csproj]
/Users/kady/Masterdom/src/Masterdom.Modules.Billing/Application/Handlers/Commands/ApplyCreditCommandHandler.cs(8,21): warning CS1591: Missing XML comment for publicly visible type or member 'ApplyCreditCommandHandler' [/Users/kady/Masterdom/src/Masterdom.Modules.Billing/Masterdom.Modules.Billing.csproj]
/Users/kady/Masterdom/src/Masterdom.Modules.Billing/Application/Handlers/Commands/ApplyCreditCommandHandler.cs(12,12): warning CS1591: Missing XML comment for publicly visible type or member 'ApplyCreditCommandHandler.ApplyCreditCommandHandler(IBillingApplicationService)' [/Users/kady/Masterdom/src/Masterdom.Modules.Billing/Masterdom.Modules.Billing.csproj]
/Users/kady/Masterdom/src/Masterdom.Modules.Billing/Application/Handlers/Commands/ApplyCreditCommandHandler.cs(17,43): warning CS1591: Missing XML comment for publicly visible type or member 'ApplyCreditCommandHandler.Handle(ApplyCreditCommand)' [/Users/kady/Masterdom/src/Masterdom.Modules.Billing/Masterdom.Modules.Billing.csproj]
/Users/kady/Masterdom/src/Masterdom.Modules.Billing/Application/Handlers/Commands/FinalizeBillCommandHandler.cs(8,21): warning CS1591: Missing XML comment for publicly visible type or member 'FinalizeBillCommandHandler' [/Users/kady/Masterdom/src/Masterdom.Modules.Billing/Masterdom.Modules.Billing.csproj]
/Users/kady/Masterdom/src/Masterdom.Modules.Billing/Application/Handlers/Commands/FinalizeBillCommandHandler.cs(12,12): warning CS1591: Missing XML comment for publicly visible type or member 'FinalizeBillCommandHandler.FinalizeBillCommandHandler(IBillingApplicationService)' [/Users/kady/Masterdom/src/Masterdom.Modules.Billing/Masterdom.Modules.Billing.csproj]
/Users/kady/Masterdom/src/Masterdom.Modules.Billing/Application/Handlers/Commands/FinalizeBillCommandHandler.cs(17,43): warning CS1591: Missing XML comment for publicly visible type or member 'FinalizeBillCommandHandler.Handle(FinalizeBillCommand)' [/Users/kady/Masterdom/src/Masterdom.Modules.Billing/Masterdom.Modules.Billing.csproj]
/Users/kady/Masterdom/src/Masterdom.Modules.Billing/Application/Handlers/Commands/GenerateBillCommandHandler.cs(8,21): warning CS1591: Missing XML comment for publicly visible type or member 'GenerateBillCommandHandler' [/Users/kady/Masterdom/src/Masterdom.Modules.Billing/Masterdom.Modules.Billing.csproj]
/Users/kady/Masterdom/src/Masterdom.Modules.Billing/Application/Handlers/Commands/GenerateBillCommandHandler.cs(12,12): warning CS1591: Missing XML comment for publicly visible type or member 'GenerateBillCommandHandler.GenerateBillCommandHandler(IBillingApplicationService)' [/Users/kady/Masterdom/src/Masterdom.Modules.Billing/Masterdom.Modules.Billing.csproj]
/Users/kady/Masterdom/src/Masterdom.Modules.Billing/Application/Handlers/Commands/GenerateBillCommandHandler.cs(17,43): warning CS1591: Missing XML comment for publicly visible type or member 'GenerateBillCommandHandler.Handle(GenerateBillCommand)' [/Users/kady/Masterdom/src/Masterdom.Modules.Billing/Masterdom.Modules.Billing.csproj]
/Users/kady/Masterdom/src/Masterdom.Modules.Billing/Application/Handlers/Commands/VoidBillCommandHandler.cs(8,21): warning CS1591: Missing XML comment for publicly visible type or member 'VoidBillCommandHandler' [/Users/kady/Masterdom/src/Masterdom.Modules.Billing/Masterdom.Modules.Billing.csproj]
/Users/kady/Masterdom/src/Masterdom.Modules.Billing/Application/Handlers/Commands/VoidBillCommandHandler.cs(12,12): warning CS1591: Missing XML comment for publicly visible type or member 'VoidBillCommandHandler.VoidBillCommandHandler(IBillingApplicationService)' [/Users/kady/Masterdom/src/Masterdom.Modules.Billing/Masterdom.Modules.Billing.csproj]
/Users/kady/Masterdom/src/Masterdom.Modules.Billing/Application/Handlers/Commands/VoidBillCommandHandler.cs(17,43): warning CS1591: Missing XML comment for publicly visible type or member 'VoidBillCommandHandler.Handle(VoidBillCommand)' [/Users/kady/Masterdom/src/Masterdom.Modules.Billing/Masterdom.Modules.Billing.csproj]
/Users/kady/Masterdom/src/Masterdom.Modules.Billing/Application/Handlers/Queries/GetBillByIdQueryHandler.cs(8,21): warning CS1591: Missing XML comment for publicly visible type or member 'GetBillByIdQueryHandler' [/Users/kady/Masterdom/src/Masterdom.Modules.Billing/Masterdom.Modules.Billing.csproj]
/Users/kady/Masterdom/src/Masterdom.Modules.Billing/Application/Handlers/Queries/GetBillByIdQueryHandler.cs(12,12): warning CS1591: Missing XML comment for publicly visible type or member 'GetBillByIdQueryHandler.GetBillByIdQueryHandler(IBillingApplicationService)' [/Users/kady/Masterdom/src/Masterdom.Modules.Billing/Masterdom.Modules.Billing.csproj]
/Users/kady/Masterdom/src/Masterdom.Modules.Billing/Application/Handlers/Queries/GetBillByIdQueryHandler.cs(17,43): warning CS1591: Missing XML comment for publicly visible type or member 'GetBillByIdQueryHandler.Handle(GetBillByIdQuery)' [/Users/kady/Masterdom/src/Masterdom.Modules.Billing/Masterdom.Modules.Billing.csproj]
/Users/kady/Masterdom/src/Masterdom.Modules.Billing/Application/Handlers/Queries/GetBillByNumberQueryHandler.cs(8,21): warning CS1591: Missing XML comment for publicly visible type or member 'GetBillByNumberQueryHandler' [/Users/kady/Masterdom/src/Masterdom.Modules.Billing/Masterdom.Modules.Billing.csproj]
/Users/kady/Masterdom/src/Masterdom.Modules.Billing/Application/Handlers/Queries/GetBillByNumberQueryHandler.cs(12,12): warning CS1591: Missing XML comment for publicly visible type or member 'GetBillByNumberQueryHandler.GetBillByNumberQueryHandler(IBillingApplicationService)' [/Users/kady/Masterdom/src/Masterdom.Modules.Billing/Masterdom.Modules.Billing.csproj]
/Users/kady/Masterdom/src/Masterdom.Modules.Billing/Application/Handlers/Queries/GetBillByNumberQueryHandler.cs(17,43): warning CS1591: Missing XML comment for publicly visible type or member 'GetBillByNumberQueryHandler.Handle(GetBillByNumberQuery)' [/Users/kady/Masterdom/src/Masterdom.Modules.Billing/Masterdom.Modules.Billing.csproj]
/Users/kady/Masterdom/src/Masterdom.Modules.Billing/Application/MonthlyBilling/Contracts/GeneratedBillReference.cs(5,22): warning CS1591: Missing XML comment for publicly visible type or member 'GeneratedBillReference' [/Users/kady/Masterdom/src/Masterdom.Modules.Billing/Masterdom.Modules.Billing.csproj]
/Users/kady/Masterdom/src/Masterdom.Modules.Billing/Application/MonthlyBilling/Contracts/GeneratedBillReference.cs(5,22): warning CS1591: Missing XML comment for publicly visible type or member 'GeneratedBillReference.GeneratedBillReference(BillId, BillNumber, TenancyReference, LeaseReference, PropertyReference, Guid, decimal, decimal)' [/Users/kady/Masterdom/src/Masterdom.Modules.Billing/Masterdom.Modules.Billing.csproj]
/Users/kady/Masterdom/src/Masterdom.Modules.Billing/Application/MonthlyBilling/Contracts/GeneratedBillReference.cs(6,12): warning CS1591: Missing XML comment for publicly visible type or member 'GeneratedBillReference.BillId' [/Users/kady/Masterdom/src/Masterdom.Modules.Billing/Masterdom.Modules.Billing.csproj]
/Users/kady/Masterdom/src/Masterdom.Modules.Billing/Application/MonthlyBilling/Contracts/GeneratedBillReference.cs(7,16): warning CS1591: Missing XML comment for publicly visible type or member 'GeneratedBillReference.BillNumber' [/Users/kady/Masterdom/src/Masterdom.Modules.Billing/Masterdom.Modules.Billing.csproj]
/Users/kady/Masterdom/src/Masterdom.Modules.Billing/Application/MonthlyBilling/Contracts/GeneratedBillReference.cs(8,22): warning CS1591: Missing XML comment for publicly visible type or member 'GeneratedBillReference.TenancyReference' [/Users/kady/Masterdom/src/Masterdom.Modules.Billing/Masterdom.Modules.Billing.csproj]
/Users/kady/Masterdom/src/Masterdom.Modules.Billing/Application/MonthlyBilling/Contracts/GeneratedBillReference.cs(9,20): warning CS1591: Missing XML comment for publicly visible type or member 'GeneratedBillReference.LeaseReference' [/Users/kady/Masterdom/src/Masterdom.Modules.Billing/Masterdom.Modules.Billing.csproj]
/Users/kady/Masterdom/src/Masterdom.Modules.Billing/Application/MonthlyBilling/Contracts/GeneratedBillReference.cs(10,23): warning CS1591: Missing XML comment for publicly visible type or member 'GeneratedBillReference.PropertyReference' [/Users/kady/Masterdom/src/Masterdom.Modules.Billing/Masterdom.Modules.Billing.csproj]
/Users/kady/Masterdom/src/Masterdom.Modules.Billing/Application/MonthlyBilling/Contracts/GeneratedBillReference.cs(11,10): warning CS1591: Missing XML comment for publicly visible type or member 'GeneratedBillReference.UnitId' [/Users/kady/Masterdom/src/Masterdom.Modules.Billing/Masterdom.Modules.Billing.csproj]
/Users/kady/Masterdom/src/Masterdom.Modules.Billing/Application/MonthlyBilling/Contracts/GeneratedBillReference.cs(12,13): warning CS1591: Missing XML comment for publicly visible type or member 'GeneratedBillReference.TotalAmount' [/Users/kady/Masterdom/src/Masterdom.Modules.Billing/Masterdom.Modules.Billing.csproj]
/Users/kady/Masterdom/src/Masterdom.Modules.Billing/Application/MonthlyBilling/Contracts/GeneratedBillReference.cs(13,13): warning CS1591: Missing XML comment for publicly visible type or member 'GeneratedBillReference.OutstandingAmount' [/Users/kady/Masterdom/src/Masterdom.Modules.Billing/Masterdom.Modules.Billing.csproj]
/Users/kady/Masterdom/src/Masterdom.Modules.Billing/Application/MonthlyBilling/Contracts/MonthlyBillingRequest.cs(6,21): warning CS1591: Missing XML comment for publicly visible type or member 'MonthlyBillingRequest' [/Users/kady/Masterdom/src/Masterdom.Modules.Billing/Masterdom.Modules.Billing.csproj]
/Users/kady/Masterdom/src/Masterdom.Modules.Billing/Application/MonthlyBilling/Contracts/MonthlyBillingRequest.cs(8,12): warning CS1591: Missing XML comment for publicly visible type or member 'MonthlyBillingRequest.MonthlyBillingRequest(BillingContext, IReadOnlyCollection<BillabilityResolutionRequest.CandidateProjection>, DateOnly, DateOnly, DateOnly)' [/Users/kady/Masterdom/src/Masterdom.Modules.Billing/Masterdom.Modules.Billing.csproj]
/Users/kady/Masterdom/src/Masterdom.Modules.Billing/Application/MonthlyBilling/Contracts/MonthlyBillingRequest.cs(25,27): warning CS1591: Missing XML comment for publicly visible type or member 'MonthlyBillingRequest.BillingContext' [/Users/kady/Masterdom/src/Masterdom.Modules.Billing/Masterdom.Modules.Billing.csproj]
/Users/kady/Masterdom/src/Masterdom.Modules.Billing/Application/MonthlyBilling/Contracts/MonthlyBillingRequest.cs(27,82): warning CS1591: Missing XML comment for publicly visible type or member 'MonthlyBillingRequest.CandidateProjections' [/Users/kady/Masterdom/src/Masterdom.Modules.Billing/Masterdom.Modules.Billing.csproj]
/Users/kady/Masterdom/src/Masterdom.Modules.Billing/Application/MonthlyBilling/Contracts/MonthlyBillingRequest.cs(29,21): warning CS1591: Missing XML comment for publicly visible type or member 'MonthlyBillingRequest.GeneratedDate' [/Users/kady/Masterdom/src/Masterdom.Modules.Billing/Masterdom.Modules.Billing.csproj]
/Users/kady/Masterdom/src/Masterdom.Modules.Billing/Application/MonthlyBilling/Contracts/MonthlyBillingRequest.cs(31,21): warning CS1591: Missing XML comment for publicly visible type or member 'MonthlyBillingRequest.IssueDate' [/Users/kady/Masterdom/src/Masterdom.Modules.Billing/Masterdom.Modules.Billing.csproj]
/Users/kady/Masterdom/src/Masterdom.Modules.Billing/Application/MonthlyBilling/Contracts/MonthlyBillingRequest.cs(33,21): warning CS1591: Missing XML comment for publicly visible type or member 'MonthlyBillingRequest.DueDate' [/Users/kady/Masterdom/src/Masterdom.Modules.Billing/Masterdom.Modules.Billing.csproj]
/Users/kady/Masterdom/src/Masterdom.Modules.Billing/Application/MonthlyBilling/Contracts/MonthlyBillingResult.cs(5,21): warning CS1591: Missing XML comment for publicly visible type or member 'MonthlyBillingResult' [/Users/kady/Masterdom/src/Masterdom.Modules.Billing/Masterdom.Modules.Billing.csproj]
/Users/kady/Masterdom/src/Masterdom.Modules.Billing/Application/MonthlyBilling/Contracts/MonthlyBillingResult.cs(7,12): warning CS1591: Missing XML comment for publicly visible type or member 'MonthlyBillingResult.MonthlyBillingResult(IReadOnlyCollection<GeneratedBillReference>, MonthlyBillingSummary, BillabilityResolutionResult)' [/Users/kady/Masterdom/src/Masterdom.Modules.Billing/Masterdom.Modules.Billing.csproj]
/Users/kady/Masterdom/src/Masterdom.Modules.Billing/Application/MonthlyBilling/Contracts/MonthlyBillingResult.cs(21,56): warning CS1591: Missing XML comment for publicly visible type or member 'MonthlyBillingResult.GeneratedBills' [/Users/kady/Masterdom/src/Masterdom.Modules.Billing/Masterdom.Modules.Billing.csproj]
/Users/kady/Masterdom/src/Masterdom.Modules.Billing/Application/MonthlyBilling/Contracts/MonthlyBillingResult.cs(23,34): warning CS1591: Missing XML comment for publicly visible type or member 'MonthlyBillingResult.Summary' [/Users/kady/Masterdom/src/Masterdom.Modules.Billing/Masterdom.Modules.Billing.csproj]
/Users/kady/Masterdom/src/Masterdom.Modules.Billing/Application/MonthlyBilling/Contracts/MonthlyBillingResult.cs(25,40): warning CS1591: Missing XML comment for publicly visible type or member 'MonthlyBillingResult.BillabilityResolution' [/Users/kady/Masterdom/src/Masterdom.Modules.Billing/Masterdom.Modules.Billing.csproj]
/Users/kady/Masterdom/src/Masterdom.Modules.Billing/Application/MonthlyBilling/Contracts/MonthlyBillingSummary.cs(3,22): warning CS1591: Missing XML comment for publicly visible type or member 'MonthlyBillingSummary' [/Users/kady/Masterdom/src/Masterdom.Modules.Billing/Masterdom.Modules.Billing.csproj]
/Users/kady/Masterdom/src/Masterdom.Modules.Billing/Application/MonthlyBilling/Contracts/MonthlyBillingSummary.cs(3,22): warning CS1591: Missing XML comment for publicly visible type or member 'MonthlyBillingSummary.MonthlyBillingSummary(int, int, int, int, int)' [/Users/kady/Masterdom/src/Masterdom.Modules.Billing/Masterdom.Modules.Billing.csproj]
/Users/kady/Masterdom/src/Masterdom.Modules.Billing/Application/MonthlyBilling/Contracts/MonthlyBillingSummary.cs(4,9): warning CS1591: Missing XML comment for publicly visible type or member 'MonthlyBillingSummary.CandidatesEvaluated' [/Users/kady/Masterdom/src/Masterdom.Modules.Billing/Masterdom.Modules.Billing.csproj]
/Users/kady/Masterdom/src/Masterdom.Modules.Billing/Application/MonthlyBilling/Contracts/MonthlyBillingSummary.cs(5,9): warning CS1591: Missing XML comment for publicly visible type or member 'MonthlyBillingSummary.BillableCandidates' [/Users/kady/Masterdom/src/Masterdom.Modules.Billing/Masterdom.Modules.Billing.csproj]
/Users/kady/Masterdom/src/Masterdom.Modules.Billing/Application/MonthlyBilling/Contracts/MonthlyBillingSummary.cs(6,9): warning CS1591: Missing XML comment for publicly visible type or member 'MonthlyBillingSummary.BillsGenerated' [/Users/kady/Masterdom/src/Masterdom.Modules.Billing/Masterdom.Modules.Billing.csproj]
/Users/kady/Masterdom/src/Masterdom.Modules.Billing/Application/MonthlyBilling/Contracts/MonthlyBillingSummary.cs(7,9): warning CS1591: Missing XML comment for publicly visible type or member 'MonthlyBillingSummary.CandidatesSkipped' [/Users/kady/Masterdom/src/Masterdom.Modules.Billing/Masterdom.Modules.Billing.csproj]
/Users/kady/Masterdom/src/Masterdom.Modules.Billing/Application/MonthlyBilling/Contracts/MonthlyBillingSummary.cs(8,9): warning CS1591: Missing XML comment for publicly visible type or member 'MonthlyBillingSummary.FailedCandidates' [/Users/kady/Masterdom/src/Masterdom.Modules.Billing/Masterdom.Modules.Billing.csproj]
/Users/kady/Masterdom/src/Masterdom.Modules.Billing/Application/MonthlyBilling/DefaultBillNumberGenerator.cs(7,21): warning CS1591: Missing XML comment for publicly visible type or member 'DefaultBillNumberGenerator' [/Users/kady/Masterdom/src/Masterdom.Modules.Billing/Masterdom.Modules.Billing.csproj]
/Users/kady/Masterdom/src/Masterdom.Modules.Billing/Application/MonthlyBilling/DefaultBillNumberGenerator.cs(9,23): warning CS1591: Missing XML comment for publicly visible type or member 'DefaultBillNumberGenerator.Generate(MonthlyBillingRequest, BillabilityCandidate, int)' [/Users/kady/Masterdom/src/Masterdom.Modules.Billing/Masterdom.Modules.Billing.csproj]
/Users/kady/Masterdom/src/Masterdom.Modules.Billing/Application/MonthlyBilling/IBillNumberGenerator.cs(7,18): warning CS1591: Missing XML comment for publicly visible type or member 'IBillNumberGenerator' [/Users/kady/Masterdom/src/Masterdom.Modules.Billing/Masterdom.Modules.Billing.csproj]
/Users/kady/Masterdom/src/Masterdom.Modules.Billing/Application/MonthlyBilling/IBillNumberGenerator.cs(9,16): warning CS1591: Missing XML comment for publicly visible type or member 'IBillNumberGenerator.Generate(MonthlyBillingRequest, BillabilityCandidate, int)' [/Users/kady/Masterdom/src/Masterdom.Modules.Billing/Masterdom.Modules.Billing.csproj]
/Users/kady/Masterdom/src/Masterdom.Modules.Billing/Application/MonthlyBilling/MonthlyBillFactory.cs(12,34): warning CS1591: Missing XML comment for publicly visible type or member 'MonthlyBillFactory.Generate(GenerateBillCommand)' [/Users/kady/Masterdom/src/Masterdom.Modules.Billing/Masterdom.Modules.Billing.csproj]
/Users/kady/Masterdom/src/Masterdom.Modules.Billing/Application/MonthlyBilling/MonthlyBillingApplicationService.cs(15,21): warning CS1591: Missing XML comment for publicly visible type or member 'MonthlyBillingApplicationService' [/Users/kady/Masterdom/src/Masterdom.Modules.Billing/Masterdom.Modules.Billing.csproj]
/Users/kady/Masterdom/src/Masterdom.Modules.Billing/Application/MonthlyBilling/MonthlyBillingApplicationService.cs(23,12): warning CS1591: Missing XML comment for publicly visible type or member 'MonthlyBillingApplicationService.MonthlyBillingApplicationService(BillabilityDeterminationService, ChargeCompositionPipeline, BillPersistenceCapability)' [/Users/kady/Masterdom/src/Masterdom.Modules.Billing/Masterdom.Modules.Billing.csproj]
/Users/kady/Masterdom/src/Masterdom.Modules.Billing/Application/MonthlyBilling/MonthlyBillingApplicationService.cs(36,12): warning CS1591: Missing XML comment for publicly visible type or member 'MonthlyBillingApplicationService.MonthlyBillingApplicationService(BillabilityDeterminationService, ChargeCompositionPipeline, BillPersistenceCapability, MonthlyBillFactory, IBillNumberGenerator)' [/Users/kady/Masterdom/src/Masterdom.Modules.Billing/Masterdom.Modules.Billing.csproj]
/Users/kady/Masterdom/src/Masterdom.Modules.Billing/Application/MonthlyBilling/MonthlyBillingApplicationService.cs(50,33): warning CS1591: Missing XML comment for publicly visible type or member 'MonthlyBillingApplicationService.Execute(MonthlyBillingRequest)' [/Users/kady/Masterdom/src/Masterdom.Modules.Billing/Masterdom.Modules.Billing.csproj]
/Users/kady/Masterdom/src/Masterdom.Modules.Billing/Application/Publication/BillingNotificationProjector.cs(6,14): warning CS1591: Missing XML comment for publicly visible type or member 'BillingNotificationProjector' [/Users/kady/Masterdom/src/Masterdom.Modules.Billing/Masterdom.Modules.Billing.csproj]
/Users/kady/Masterdom/src/Masterdom.Modules.Billing/Application/Publication/BillingNotificationProjector.cs(8,46): warning CS1591: Missing XML comment for publicly visible type or member 'BillingNotificationProjector.ProjectBillPersisted(string, IReadOnlyCollection<Bill>, DateTime)' [/Users/kady/Masterdom/src/Masterdom.Modules.Billing/Masterdom.Modules.Billing.csproj]
/Users/kady/Masterdom/src/Masterdom.Modules.Billing/Application/Publication/BillingSnapshotProjector.cs(6,14): warning CS1591: Missing XML comment for publicly visible type or member 'BillingSnapshotProjector' [/Users/kady/Masterdom/src/Masterdom.Modules.Billing/Masterdom.Modules.Billing.csproj]
/Users/kady/Masterdom/src/Masterdom.Modules.Billing/Application/Publication/BillingSnapshotProjector.cs(8,38): warning CS1591: Missing XML comment for publicly visible type or member 'BillingSnapshotProjector.Project(Bill, string?)' [/Users/kady/Masterdom/src/Masterdom.Modules.Billing/Masterdom.Modules.Billing.csproj]
/Users/kady/Masterdom/src/Masterdom.Modules.Billing/Application/Queries/GetBillByIdQuery.cs(5,22): warning CS1591: Missing XML comment for publicly visible type or member 'GetBillByIdQuery' [/Users/kady/Masterdom/src/Masterdom.Modules.Billing/Masterdom.Modules.Billing.csproj]
/Users/kady/Masterdom/src/Masterdom.Modules.Billing/Application/Queries/GetBillByIdQuery.cs(5,22): warning CS1591: Missing XML comment for publicly visible type or member 'GetBillByIdQuery.GetBillByIdQuery(BillId)' [/Users/kady/Masterdom/src/Masterdom.Modules.Billing/Masterdom.Modules.Billing.csproj]
/Users/kady/Masterdom/src/Masterdom.Modules.Billing/Application/Queries/GetBillByIdQuery.cs(5,46): warning CS1591: Missing XML comment for publicly visible type or member 'GetBillByIdQuery.BillId' [/Users/kady/Masterdom/src/Masterdom.Modules.Billing/Masterdom.Modules.Billing.csproj]
/Users/kady/Masterdom/src/Masterdom.Modules.Billing/Application/Queries/GetBillByNumberQuery.cs(5,22): warning CS1591: Missing XML comment for publicly visible type or member 'GetBillByNumberQuery' [/Users/kady/Masterdom/src/Masterdom.Modules.Billing/Masterdom.Modules.Billing.csproj]
/Users/kady/Masterdom/src/Masterdom.Modules.Billing/Application/Queries/GetBillByNumberQuery.cs(5,22): warning CS1591: Missing XML comment for publicly visible type or member 'GetBillByNumberQuery.GetBillByNumberQuery(BillNumber)' [/Users/kady/Masterdom/src/Masterdom.Modules.Billing/Masterdom.Modules.Billing.csproj]
/Users/kady/Masterdom/src/Masterdom.Modules.Billing/Application/Queries/GetBillByNumberQuery.cs(5,54): warning CS1591: Missing XML comment for publicly visible type or member 'GetBillByNumberQuery.BillNumber' [/Users/kady/Masterdom/src/Masterdom.Modules.Billing/Masterdom.Modules.Billing.csproj]
/Users/kady/Masterdom/src/Masterdom.Modules.Billing/Application/Services/BillingApplicationService.cs(10,21): warning CS1591: Missing XML comment for publicly visible type or member 'BillingApplicationService' [/Users/kady/Masterdom/src/Masterdom.Modules.Billing/Masterdom.Modules.Billing.csproj]
/Users/kady/Masterdom/src/Masterdom.Modules.Billing/Application/Services/BillingApplicationService.cs(16,12): warning CS1591: Missing XML comment for publicly visible type or member 'BillingApplicationService.BillingApplicationService(IBillRepository, IBillingUnitOfWork, IBillingPlatformOrchestrator)' [/Users/kady/Masterdom/src/Masterdom.Modules.Billing/Masterdom.Modules.Billing.csproj]
/Users/kady/Masterdom/src/Masterdom.Modules.Billing/Application/Services/BillingApplicationService.cs(26,26): warning CS1591: Missing XML comment for publicly visible type or member 'BillingApplicationService.GenerateBill(GenerateBillCommand)' [/Users/kady/Masterdom/src/Masterdom.Modules.Billing/Masterdom.Modules.Billing.csproj]
/Users/kady/Masterdom/src/Masterdom.Modules.Billing/Application/Services/BillingApplicationService.cs(60,26): warning CS1591: Missing XML comment for publicly visible type or member 'BillingApplicationService.FinalizeBill(FinalizeBillCommand)' [/Users/kady/Masterdom/src/Masterdom.Modules.Billing/Masterdom.Modules.Billing.csproj]
/Users/kady/Masterdom/src/Masterdom.Modules.Billing/Application/Services/BillingApplicationService.cs(71,26): warning CS1591: Missing XML comment for publicly visible type or member 'BillingApplicationService.AddAdjustment(AddAdjustmentCommand)' [/Users/kady/Masterdom/src/Masterdom.Modules.Billing/Masterdom.Modules.Billing.csproj]
/Users/kady/Masterdom/src/Masterdom.Modules.Billing/Application/Services/BillingApplicationService.cs(86,26): warning CS1591: Missing XML comment for publicly visible type or member 'BillingApplicationService.ApplyCredit(ApplyCreditCommand)' [/Users/kady/Masterdom/src/Masterdom.Modules.Billing/Masterdom.Modules.Billing.csproj]
/Users/kady/Masterdom/src/Masterdom.Modules.Billing/Application/Services/BillingApplicationService.cs(101,26): warning CS1591: Missing XML comment for publicly visible type or member 'BillingApplicationService.VoidBill(VoidBillCommand)' [/Users/kady/Masterdom/src/Masterdom.Modules.Billing/Masterdom.Modules.Billing.csproj]
/Users/kady/Masterdom/src/Masterdom.Modules.Billing/Application/Services/BillingApplicationService.cs(112,27): warning CS1591: Missing XML comment for publicly visible type or member 'BillingApplicationService.GetBill(GetBillByIdQuery)' [/Users/kady/Masterdom/src/Masterdom.Modules.Billing/Masterdom.Modules.Billing.csproj]
/Users/kady/Masterdom/src/Masterdom.Modules.Billing/Application/Services/BillingApplicationService.cs(118,27): warning CS1591: Missing XML comment for publicly visible type or member 'BillingApplicationService.GetBillByNumber(GetBillByNumberQuery)' [/Users/kady/Masterdom/src/Masterdom.Modules.Billing/Masterdom.Modules.Billing.csproj]
/Users/kady/Masterdom/src/Masterdom.Modules.Billing/Application/Services/IBillingApplicationService.cs(7,18): warning CS1591: Missing XML comment for publicly visible type or member 'IBillingApplicationService' [/Users/kady/Masterdom/src/Masterdom.Modules.Billing/Masterdom.Modules.Billing.csproj]
/Users/kady/Masterdom/src/Masterdom.Modules.Billing/Application/Services/IBillingApplicationService.cs(9,19): warning CS1591: Missing XML comment for publicly visible type or member 'IBillingApplicationService.GenerateBill(GenerateBillCommand)' [/Users/kady/Masterdom/src/Masterdom.Modules.Billing/Masterdom.Modules.Billing.csproj]
/Users/kady/Masterdom/src/Masterdom.Modules.Billing/Application/Services/IBillingApplicationService.cs(11,19): warning CS1591: Missing XML comment for publicly visible type or member 'IBillingApplicationService.FinalizeBill(FinalizeBillCommand)' [/Users/kady/Masterdom/src/Masterdom.Modules.Billing/Masterdom.Modules.Billing.csproj]
/Users/kady/Masterdom/src/Masterdom.Modules.Billing/Application/Services/IBillingApplicationService.cs(13,19): warning CS1591: Missing XML comment for publicly visible type or member 'IBillingApplicationService.AddAdjustment(AddAdjustmentCommand)' [/Users/kady/Masterdom/src/Masterdom.Modules.Billing/Masterdom.Modules.Billing.csproj]
/Users/kady/Masterdom/src/Masterdom.Modules.Billing/Application/Services/IBillingApplicationService.cs(15,19): warning CS1591: Missing XML comment for publicly visible type or member 'IBillingApplicationService.ApplyCredit(ApplyCreditCommand)' [/Users/kady/Masterdom/src/Masterdom.Modules.Billing/Masterdom.Modules.Billing.csproj]
/Users/kady/Masterdom/src/Masterdom.Modules.Billing/Application/Services/IBillingApplicationService.cs(17,19): warning CS1591: Missing XML comment for publicly visible type or member 'IBillingApplicationService.VoidBill(VoidBillCommand)' [/Users/kady/Masterdom/src/Masterdom.Modules.Billing/Masterdom.Modules.Billing.csproj]
/Users/kady/Masterdom/src/Masterdom.Modules.Billing/Application/Services/IBillingApplicationService.cs(19,20): warning CS1591: Missing XML comment for publicly visible type or member 'IBillingApplicationService.GetBill(GetBillByIdQuery)' [/Users/kady/Masterdom/src/Masterdom.Modules.Billing/Masterdom.Modules.Billing.csproj]
/Users/kady/Masterdom/src/Masterdom.Modules.Billing/Application/Services/IBillingApplicationService.cs(21,20): warning CS1591: Missing XML comment for publicly visible type or member 'IBillingApplicationService.GetBillByNumber(GetBillByNumberQuery)' [/Users/kady/Masterdom/src/Masterdom.Modules.Billing/Masterdom.Modules.Billing.csproj]
/Users/kady/Masterdom/src/Masterdom.Modules.Billing/Application/Support/ExecutionResult.cs(8,15): warning CS1591: Missing XML comment for publicly visible type or member 'ExecutionResult.ExecutionResult(bool, string?, string?)' [/Users/kady/Masterdom/src/Masterdom.Modules.Billing/Masterdom.Modules.Billing.csproj]
/Users/kady/Masterdom/src/Masterdom.Modules.Billing/Application/Support/ExecutionResult.cs(15,17): warning CS1591: Missing XML comment for publicly visible type or member 'ExecutionResult.IsSuccess' [/Users/kady/Masterdom/src/Masterdom.Modules.Billing/Masterdom.Modules.Billing.csproj]
/Users/kady/Masterdom/src/Masterdom.Modules.Billing/Application/Support/ExecutionResult.cs(17,20): warning CS1591: Missing XML comment for publicly visible type or member 'ExecutionResult.ErrorCode' [/Users/kady/Masterdom/src/Masterdom.Modules.Billing/Masterdom.Modules.Billing.csproj]
/Users/kady/Masterdom/src/Masterdom.Modules.Billing/Application/Support/ExecutionResult.cs(19,20): warning CS1591: Missing XML comment for publicly visible type or member 'ExecutionResult.ErrorMessage' [/Users/kady/Masterdom/src/Masterdom.Modules.Billing/Masterdom.Modules.Billing.csproj]
/Users/kady/Masterdom/src/Masterdom.Modules.Billing/Application/Support/ExecutionResult.cs(21,35): warning CS1591: Missing XML comment for publicly visible type or member 'ExecutionResult.Success()' [/Users/kady/Masterdom/src/Masterdom.Modules.Billing/Masterdom.Modules.Billing.csproj]
/Users/kady/Masterdom/src/Masterdom.Modules.Billing/Application/Support/ExecutionResult.cs(26,35): warning CS1591: Missing XML comment for publicly visible type or member 'ExecutionResult.Failure(string, string)' [/Users/kady/Masterdom/src/Masterdom.Modules.Billing/Masterdom.Modules.Billing.csproj]
/Users/kady/Masterdom/src/Masterdom.Modules.Billing/Application/Support/ExecutionResult.cs(46,15): warning CS1591: Missing XML comment for publicly visible type or member 'ExecutionResult<T>.Value' [/Users/kady/Masterdom/src/Masterdom.Modules.Billing/Masterdom.Modules.Billing.csproj]
/Users/kady/Masterdom/src/Masterdom.Modules.Billing/Application/Support/ExecutionResult.cs(48,38): warning CS1591: Missing XML comment for publicly visible type or member 'ExecutionResult<T>.Success(T)' [/Users/kady/Masterdom/src/Masterdom.Modules.Billing/Masterdom.Modules.Billing.csproj]
/Users/kady/Masterdom/src/Masterdom.Modules.Billing/Application/Support/ExecutionResult.cs(54,38): warning CS1591: Missing XML comment for publicly visible type or member 'ExecutionResult<T>.Failure(string, string)' [/Users/kady/Masterdom/src/Masterdom.Modules.Billing/Masterdom.Modules.Billing.csproj]
/Users/kady/Masterdom/src/Masterdom.Modules.Billing/Application/Support/IBillingPlatformOrchestrator.cs(11,10): warning CS1591: Missing XML comment for publicly visible type or member 'IBillingPlatformOrchestrator.OnBillMutated(Bill, string)' [/Users/kady/Masterdom/src/Masterdom.Modules.Billing/Masterdom.Modules.Billing.csproj]
/Users/kady/Masterdom/src/Masterdom.Modules.Billing/Application/Support/IBillingPlatformOrchestrator.cs(13,10): warning CS1591: Missing XML comment for publicly visible type or member 'IBillingPlatformOrchestrator.Publish(IBillingApplicationEvent)' [/Users/kady/Masterdom/src/Masterdom.Modules.Billing/Masterdom.Modules.Billing.csproj]
/Users/kady/Masterdom/src/Masterdom.Modules.Billing/Application/Support/IBillingUnitOfWork.cs(8,10): warning CS1591: Missing XML comment for publicly visible type or member 'IBillingUnitOfWork.Execute(Action)' [/Users/kady/Masterdom/src/Masterdom.Modules.Billing/Masterdom.Modules.Billing.csproj]
/Users/kady/Masterdom/src/Masterdom.Modules.Billing/Application/Support/ICommandHandler.cs(8,13): warning CS1591: Missing XML comment for publicly visible type or member 'ICommandHandler<TCommand, TResult>.Handle(TCommand)' [/Users/kady/Masterdom/src/Masterdom.Modules.Billing/Masterdom.Modules.Billing.csproj]
/Users/kady/Masterdom/src/Masterdom.Modules.Billing/Application/Support/IQueryHandler.cs(8,13): warning CS1591: Missing XML comment for publicly visible type or member 'IQueryHandler<TQuery, TResult>.Handle(TQuery)' [/Users/kady/Masterdom/src/Masterdom.Modules.Billing/Masterdom.Modules.Billing.csproj]
/Users/kady/Masterdom/src/Masterdom.Modules.Billing/Contracts/Published/Models/BillSnapshotModel.cs(5,21): warning CS1591: Missing XML comment for publicly visible type or member 'BillSnapshotModel' [/Users/kady/Masterdom/src/Masterdom.Modules.Billing/Masterdom.Modules.Billing.csproj]
/Users/kady/Masterdom/src/Masterdom.Modules.Billing/Contracts/Published/Models/BillSnapshotModel.cs(7,12): warning CS1591: Missing XML comment for publicly visible type or member 'BillSnapshotModel.BillSnapshotModel(Guid, string, DateOnly, DateOnly, Guid, Guid, Guid, DateOnly, DateOnly, string, decimal, decimal, IReadOnlyCollection<BillSnapshotChargeLineModel>, DateOnly?, string?)' [/Users/kady/Masterdom/src/Masterdom.Modules.Billing/Masterdom.Modules.Billing.csproj]
/Users/kady/Masterdom/src/Masterdom.Modules.Billing/Contracts/Published/Models/BillSnapshotModel.cs(96,17): warning CS1591: Missing XML comment for publicly visible type or member 'BillSnapshotModel.BillId' [/Users/kady/Masterdom/src/Masterdom.Modules.Billing/Masterdom.Modules.Billing.csproj]
/Users/kady/Masterdom/src/Masterdom.Modules.Billing/Contracts/Published/Models/BillSnapshotModel.cs(98,19): warning CS1591: Missing XML comment for publicly visible type or member 'BillSnapshotModel.BillNumber' [/Users/kady/Masterdom/src/Masterdom.Modules.Billing/Masterdom.Modules.Billing.csproj]
/Users/kady/Masterdom/src/Masterdom.Modules.Billing/Contracts/Published/Models/BillSnapshotModel.cs(100,21): warning CS1591: Missing XML comment for publicly visible type or member 'BillSnapshotModel.BillingPeriodStartDate' [/Users/kady/Masterdom/src/Masterdom.Modules.Billing/Masterdom.Modules.Billing.csproj]
/Users/kady/Masterdom/src/Masterdom.Modules.Billing/Contracts/Published/Models/BillSnapshotModel.cs(102,21): warning CS1591: Missing XML comment for publicly visible type or member 'BillSnapshotModel.BillingPeriodEndDate' [/Users/kady/Masterdom/src/Masterdom.Modules.Billing/Masterdom.Modules.Billing.csproj]
/Users/kady/Masterdom/src/Masterdom.Modules.Billing/Contracts/Published/Models/BillSnapshotModel.cs(104,17): warning CS1591: Missing XML comment for publicly visible type or member 'BillSnapshotModel.PropertyId' [/Users/kady/Masterdom/src/Masterdom.Modules.Billing/Masterdom.Modules.Billing.csproj]
/Users/kady/Masterdom/src/Masterdom.Modules.Billing/Contracts/Published/Models/BillSnapshotModel.cs(106,17): warning CS1591: Missing XML comment for publicly visible type or member 'BillSnapshotModel.TenancyId' [/Users/kady/Masterdom/src/Masterdom.Modules.Billing/Masterdom.Modules.Billing.csproj]
/Users/kady/Masterdom/src/Masterdom.Modules.Billing/Contracts/Published/Models/BillSnapshotModel.cs(108,17): warning CS1591: Missing XML comment for publicly visible type or member 'BillSnapshotModel.LeaseId' [/Users/kady/Masterdom/src/Masterdom.Modules.Billing/Masterdom.Modules.Billing.csproj]
/Users/kady/Masterdom/src/Masterdom.Modules.Billing/Contracts/Published/Models/BillSnapshotModel.cs(110,21): warning CS1591: Missing XML comment for publicly visible type or member 'BillSnapshotModel.IssueDate' [/Users/kady/Masterdom/src/Masterdom.Modules.Billing/Masterdom.Modules.Billing.csproj]
/Users/kady/Masterdom/src/Masterdom.Modules.Billing/Contracts/Published/Models/BillSnapshotModel.cs(112,21): warning CS1591: Missing XML comment for publicly visible type or member 'BillSnapshotModel.DueDate' [/Users/kady/Masterdom/src/Masterdom.Modules.Billing/Masterdom.Modules.Billing.csproj]
/Users/kady/Masterdom/src/Masterdom.Modules.Billing/Contracts/Published/Models/BillSnapshotModel.cs(114,19): warning CS1591: Missing XML comment for publicly visible type or member 'BillSnapshotModel.CurrencyCode' [/Users/kady/Masterdom/src/Masterdom.Modules.Billing/Masterdom.Modules.Billing.csproj]
/Users/kady/Masterdom/src/Masterdom.Modules.Billing/Contracts/Published/Models/BillSnapshotModel.cs(116,20): warning CS1591: Missing XML comment for publicly visible type or member 'BillSnapshotModel.TotalAmount' [/Users/kady/Masterdom/src/Masterdom.Modules.Billing/Masterdom.Modules.Billing.csproj]
/Users/kady/Masterdom/src/Masterdom.Modules.Billing/Contracts/Published/Models/BillSnapshotModel.cs(118,20): warning CS1591: Missing XML comment for publicly visible type or member 'BillSnapshotModel.OutstandingAmount' [/Users/kady/Masterdom/src/Masterdom.Modules.Billing/Masterdom.Modules.Billing.csproj]
/Users/kady/Masterdom/src/Masterdom.Modules.Billing/Contracts/Published/Models/BillSnapshotModel.cs(120,61): warning CS1591: Missing XML comment for publicly visible type or member 'BillSnapshotModel.ChargeLines' [/Users/kady/Masterdom/src/Masterdom.Modules.Billing/Masterdom.Modules.Billing.csproj]
/Users/kady/Masterdom/src/Masterdom.Modules.Billing/Contracts/Published/Models/BillSnapshotModel.cs(122,22): warning CS1591: Missing XML comment for publicly visible type or member 'BillSnapshotModel.GeneratedDate' [/Users/kady/Masterdom/src/Masterdom.Modules.Billing/Masterdom.Modules.Billing.csproj]
/Users/kady/Masterdom/src/Masterdom.Modules.Billing/Contracts/Published/Models/BillSnapshotModel.cs(124,20): warning CS1591: Missing XML comment for publicly visible type or member 'BillSnapshotModel.CorrelationId' [/Users/kady/Masterdom/src/Masterdom.Modules.Billing/Masterdom.Modules.Billing.csproj]
/Users/kady/Masterdom/src/Masterdom.Modules.Billing/Contracts/Published/Models/BillSnapshotModel.cs(127,21): warning CS1591: Missing XML comment for publicly visible type or member 'BillSnapshotChargeLineModel' [/Users/kady/Masterdom/src/Masterdom.Modules.Billing/Masterdom.Modules.Billing.csproj]
/Users/kady/Masterdom/src/Masterdom.Modules.Billing/Contracts/Published/Models/BillSnapshotModel.cs(129,12): warning CS1591: Missing XML comment for publicly visible type or member 'BillSnapshotChargeLineModel.BillSnapshotChargeLineModel(string, string, decimal, string?)' [/Users/kady/Masterdom/src/Masterdom.Modules.Billing/Masterdom.Modules.Billing.csproj]
/Users/kady/Masterdom/src/Masterdom.Modules.Billing/Contracts/Published/Models/BillSnapshotModel.cs(161,19): warning CS1591: Missing XML comment for publicly visible type or member 'BillSnapshotChargeLineModel.ChargeCategory' [/Users/kady/Masterdom/src/Masterdom.Modules.Billing/Masterdom.Modules.Billing.csproj]
/Users/kady/Masterdom/src/Masterdom.Modules.Billing/Contracts/Published/Models/BillSnapshotModel.cs(163,19): warning CS1591: Missing XML comment for publicly visible type or member 'BillSnapshotChargeLineModel.Description' [/Users/kady/Masterdom/src/Masterdom.Modules.Billing/Masterdom.Modules.Billing.csproj]
/Users/kady/Masterdom/src/Masterdom.Modules.Billing/Contracts/Published/Models/BillSnapshotModel.cs(165,20): warning CS1591: Missing XML comment for publicly visible type or member 'BillSnapshotChargeLineModel.Amount' [/Users/kady/Masterdom/src/Masterdom.Modules.Billing/Masterdom.Modules.Billing.csproj]
/Users/kady/Masterdom/src/Masterdom.Modules.Billing/Contracts/Published/Models/BillSnapshotModel.cs(167,20): warning CS1591: Missing XML comment for publicly visible type or member 'BillSnapshotChargeLineModel.ExternalReference' [/Users/kady/Masterdom/src/Masterdom.Modules.Billing/Masterdom.Modules.Billing.csproj]
/Users/kady/Masterdom/src/Masterdom.Modules.Billing/Contracts/Published/Notifications/BillPersistedNotification.cs(3,21): warning CS1591: Missing XML comment for publicly visible type or member 'BillPersistedNotification' [/Users/kady/Masterdom/src/Masterdom.Modules.Billing/Masterdom.Modules.Billing.csproj]
/Users/kady/Masterdom/src/Masterdom.Modules.Billing/Contracts/Published/Notifications/BillPersistedNotification.cs(5,12): warning CS1591: Missing XML comment for publicly visible type or member 'BillPersistedNotification.BillPersistedNotification(string, DateOnly, DateOnly, IReadOnlyCollection<Guid>, int, DateTime, Guid?)' [/Users/kady/Masterdom/src/Masterdom.Modules.Billing/Masterdom.Modules.Billing.csproj]
/Users/kady/Masterdom/src/Masterdom.Modules.Billing/Contracts/Published/Notifications/BillPersistedNotification.cs(52,19): warning CS1591: Missing XML comment for publicly visible type or member 'BillPersistedNotification.CorrelationId' [/Users/kady/Masterdom/src/Masterdom.Modules.Billing/Masterdom.Modules.Billing.csproj]
/Users/kady/Masterdom/src/Masterdom.Modules.Billing/Contracts/Published/Notifications/BillPersistedNotification.cs(54,21): warning CS1591: Missing XML comment for publicly visible type or member 'BillPersistedNotification.BillingPeriodStartDate' [/Users/kady/Masterdom/src/Masterdom.Modules.Billing/Masterdom.Modules.Billing.csproj]
/Users/kady/Masterdom/src/Masterdom.Modules.Billing/Contracts/Published/Notifications/BillPersistedNotification.cs(56,21): warning CS1591: Missing XML comment for publicly visible type or member 'BillPersistedNotification.BillingPeriodEndDate' [/Users/kady/Masterdom/src/Masterdom.Modules.Billing/Masterdom.Modules.Billing.csproj]
/Users/kady/Masterdom/src/Masterdom.Modules.Billing/Contracts/Published/Notifications/BillPersistedNotification.cs(58,38): warning CS1591: Missing XML comment for publicly visible type or member 'BillPersistedNotification.PersistedBillIds' [/Users/kady/Masterdom/src/Masterdom.Modules.Billing/Masterdom.Modules.Billing.csproj]
/Users/kady/Masterdom/src/Masterdom.Modules.Billing/Contracts/Published/Notifications/BillPersistedNotification.cs(60,16): warning CS1591: Missing XML comment for publicly visible type or member 'BillPersistedNotification.PersistedBillCount' [/Users/kady/Masterdom/src/Masterdom.Modules.Billing/Masterdom.Modules.Billing.csproj]
/Users/kady/Masterdom/src/Masterdom.Modules.Billing/Contracts/Published/Notifications/BillPersistedNotification.cs(62,21): warning CS1591: Missing XML comment for publicly visible type or member 'BillPersistedNotification.ExecutionTimestampUtc' [/Users/kady/Masterdom/src/Masterdom.Modules.Billing/Masterdom.Modules.Billing.csproj]
/Users/kady/Masterdom/src/Masterdom.Modules.Billing/Contracts/Published/Notifications/BillPersistedNotification.cs(64,18): warning CS1591: Missing XML comment for publicly visible type or member 'BillPersistedNotification.PropertyId' [/Users/kady/Masterdom/src/Masterdom.Modules.Billing/Masterdom.Modules.Billing.csproj]
/Users/kady/Masterdom/src/Masterdom.Modules.Billing/Domain/Entities/Billing/AdjustmentCollection.cs(17,40): warning CS1591: Missing XML comment for publicly visible type or member 'AdjustmentCollection.Empty' [/Users/kady/Masterdom/src/Masterdom.Modules.Billing/Masterdom.Modules.Billing.csproj]
/Users/kady/Masterdom/src/Masterdom.Modules.Billing/Domain/Entities/Billing/AdjustmentCollection.cs(19,42): warning CS1591: Missing XML comment for publicly visible type or member 'AdjustmentCollection.Items' [/Users/kady/Masterdom/src/Masterdom.Modules.Billing/Masterdom.Modules.Billing.csproj]
/Users/kady/Masterdom/src/Masterdom.Modules.Billing/Domain/Entities/Billing/AdjustmentCollection.cs(21,20): warning CS1591: Missing XML comment for publicly visible type or member 'AdjustmentCollection.TotalAmount' [/Users/kady/Masterdom/src/Masterdom.Modules.Billing/Masterdom.Modules.Billing.csproj]
/Users/kady/Masterdom/src/Masterdom.Modules.Billing/Domain/Entities/Billing/AdjustmentCollection.cs(23,33): warning CS1591: Missing XML comment for publicly visible type or member 'AdjustmentCollection.Add(AdjustmentLine)' [/Users/kady/Masterdom/src/Masterdom.Modules.Billing/Masterdom.Modules.Billing.csproj]
/Users/kady/Masterdom/src/Masterdom.Modules.Billing/Domain/Entities/Billing/AdjustmentCollection.cs(32,40): warning CS1591: Missing XML comment for publicly visible type or member 'AdjustmentCollection.Create(IEnumerable<AdjustmentLine>)' [/Users/kady/Masterdom/src/Masterdom.Modules.Billing/Masterdom.Modules.Billing.csproj]
/Users/kady/Masterdom/src/Masterdom.Modules.Billing/Domain/Entities/Billing/AdjustmentCollection.cs(38,45): warning CS1591: Missing XML comment for publicly visible type or member 'AdjustmentCollection.GetEqualityComponents()' [/Users/kady/Masterdom/src/Masterdom.Modules.Billing/Masterdom.Modules.Billing.csproj]
/Users/kady/Masterdom/src/Masterdom.Modules.Billing/Domain/Entities/Billing/AdjustmentKind.cs(10,43): warning CS1591: Missing XML comment for publicly visible type or member 'AdjustmentKind.ManualAdjustment' [/Users/kady/Masterdom/src/Masterdom.Modules.Billing/Masterdom.Modules.Billing.csproj]
/Users/kady/Masterdom/src/Masterdom.Modules.Billing/Domain/Entities/Billing/AdjustmentKind.cs(11,43): warning CS1591: Missing XML comment for publicly visible type or member 'AdjustmentKind.Debit' [/Users/kady/Masterdom/src/Masterdom.Modules.Billing/Masterdom.Modules.Billing.csproj]
/Users/kady/Masterdom/src/Masterdom.Modules.Billing/Domain/Entities/Billing/AdjustmentKind.cs(12,43): warning CS1591: Missing XML comment for publicly visible type or member 'AdjustmentKind.Discount' [/Users/kady/Masterdom/src/Masterdom.Modules.Billing/Masterdom.Modules.Billing.csproj]
/Users/kady/Masterdom/src/Masterdom.Modules.Billing/Domain/Entities/Billing/AdjustmentKind.cs(13,43): warning CS1591: Missing XML comment for publicly visible type or member 'AdjustmentKind.Waiver' [/Users/kady/Masterdom/src/Masterdom.Modules.Billing/Masterdom.Modules.Billing.csproj]
/Users/kady/Masterdom/src/Masterdom.Modules.Billing/Domain/Entities/Billing/AdjustmentKind.cs(20,19): warning CS1591: Missing XML comment for publicly visible type or member 'AdjustmentKind.Value' [/Users/kady/Masterdom/src/Masterdom.Modules.Billing/Masterdom.Modules.Billing.csproj]
/Users/kady/Masterdom/src/Masterdom.Modules.Billing/Domain/Entities/Billing/AdjustmentKind.cs(22,34): warning CS1591: Missing XML comment for publicly visible type or member 'AdjustmentKind.Create(string)' [/Users/kady/Masterdom/src/Masterdom.Modules.Billing/Masterdom.Modules.Billing.csproj]
/Users/kady/Masterdom/src/Masterdom.Modules.Billing/Domain/Entities/Billing/AdjustmentKind.cs(36,45): warning CS1591: Missing XML comment for publicly visible type or member 'AdjustmentKind.GetEqualityComponents()' [/Users/kady/Masterdom/src/Masterdom.Modules.Billing/Masterdom.Modules.Billing.csproj]
/Users/kady/Masterdom/src/Masterdom.Modules.Billing/Domain/Entities/Billing/AdjustmentLine.cs(17,27): warning CS1591: Missing XML comment for publicly visible type or member 'AdjustmentLine.Kind' [/Users/kady/Masterdom/src/Masterdom.Modules.Billing/Masterdom.Modules.Billing.csproj]
/Users/kady/Masterdom/src/Masterdom.Modules.Billing/Domain/Entities/Billing/AdjustmentLine.cs(19,19): warning CS1591: Missing XML comment for publicly visible type or member 'AdjustmentLine.Description' [/Users/kady/Masterdom/src/Masterdom.Modules.Billing/Masterdom.Modules.Billing.csproj]
/Users/kady/Masterdom/src/Masterdom.Modules.Billing/Domain/Entities/Billing/AdjustmentLine.cs(21,20): warning CS1591: Missing XML comment for publicly visible type or member 'AdjustmentLine.Amount' [/Users/kady/Masterdom/src/Masterdom.Modules.Billing/Masterdom.Modules.Billing.csproj]
/Users/kady/Masterdom/src/Masterdom.Modules.Billing/Domain/Entities/Billing/AdjustmentLine.cs(23,34): warning CS1591: Missing XML comment for publicly visible type or member 'AdjustmentLine.Create(AdjustmentKind, string, decimal)' [/Users/kady/Masterdom/src/Masterdom.Modules.Billing/Masterdom.Modules.Billing.csproj]
/Users/kady/Masterdom/src/Masterdom.Modules.Billing/Domain/Entities/Billing/AdjustmentLine.cs(37,45): warning CS1591: Missing XML comment for publicly visible type or member 'AdjustmentLine.GetEqualityComponents()' [/Users/kady/Masterdom/src/Masterdom.Modules.Billing/Masterdom.Modules.Billing.csproj]
/Users/kady/Masterdom/src/Masterdom.Modules.Billing/Domain/Entities/Billing/Bill.cs(35,23): warning CS1591: Missing XML comment for publicly visible type or member 'Bill.BillNumber' [/Users/kady/Masterdom/src/Masterdom.Modules.Billing/Masterdom.Modules.Billing.csproj]
/Users/kady/Masterdom/src/Masterdom.Modules.Billing/Domain/Entities/Billing/Bill.cs(37,23): warning CS1591: Missing XML comment for publicly visible type or member 'Bill.Status' [/Users/kady/Masterdom/src/Masterdom.Modules.Billing/Masterdom.Modules.Billing.csproj]
/Users/kady/Masterdom/src/Masterdom.Modules.Billing/Domain/Entities/Billing/Bill.cs(39,29): warning CS1591: Missing XML comment for publicly visible type or member 'Bill.TenancyReference' [/Users/kady/Masterdom/src/Masterdom.Modules.Billing/Masterdom.Modules.Billing.csproj]
/Users/kady/Masterdom/src/Masterdom.Modules.Billing/Domain/Entities/Billing/Bill.cs(41,27): warning CS1591: Missing XML comment for publicly visible type or member 'Bill.LeaseReference' [/Users/kady/Masterdom/src/Masterdom.Modules.Billing/Masterdom.Modules.Billing.csproj]
/Users/kady/Masterdom/src/Masterdom.Modules.Billing/Domain/Entities/Billing/Bill.cs(43,30): warning CS1591: Missing XML comment for publicly visible type or member 'Bill.PropertyReference' [/Users/kady/Masterdom/src/Masterdom.Modules.Billing/Masterdom.Modules.Billing.csproj]
/Users/kady/Masterdom/src/Masterdom.Modules.Billing/Domain/Entities/Billing/Bill.cs(45,28): warning CS1591: Missing XML comment for publicly visible type or member 'Bill.BilledParty' [/Users/kady/Masterdom/src/Masterdom.Modules.Billing/Masterdom.Modules.Billing.csproj]
/Users/kady/Masterdom/src/Masterdom.Modules.Billing/Domain/Entities/Billing/Bill.cs(47,48): warning CS1591: Missing XML comment for publicly visible type or member 'Bill.Versions' [/Users/kady/Masterdom/src/Masterdom.Modules.Billing/Masterdom.Modules.Billing.csproj]
/Users/kady/Masterdom/src/Masterdom.Modules.Billing/Domain/Entities/Billing/Bill.cs(49,46): warning CS1591: Missing XML comment for publicly visible type or member 'Bill.DomainEvents' [/Users/kady/Masterdom/src/Masterdom.Modules.Billing/Masterdom.Modules.Billing.csproj]
/Users/kady/Masterdom/src/Masterdom.Modules.Billing/Domain/Entities/Billing/Bill.cs(51,25): warning CS1591: Missing XML comment for publicly visible type or member 'Bill.CurrentSnapshot' [/Users/kady/Masterdom/src/Masterdom.Modules.Billing/Masterdom.Modules.Billing.csproj]
/Users/kady/Masterdom/src/Masterdom.Modules.Billing/Domain/Entities/Billing/Bill.cs(53,24): warning CS1591: Missing XML comment for publicly visible type or member 'Bill.Generate(BillId, BillNumber, TenancyReference, LeaseReference, PropertyReference, PersonReference, BillingPeriod, BillingCycle, GeneratedDate, IssueDate, DueDate, Currency, ChargeCollection)' [/Users/kady/Masterdom/src/Masterdom.Modules.Billing/Masterdom.Modules.Billing.csproj]
/Users/kady/Masterdom/src/Masterdom.Modules.Billing/Domain/Entities/Billing/Bill.cs(114,17): warning CS1591: Missing XML comment for publicly visible type or member 'Bill.FinalizeBill()' [/Users/kady/Masterdom/src/Masterdom.Modules.Billing/Masterdom.Modules.Billing.csproj]
/Users/kady/Masterdom/src/Masterdom.Modules.Billing/Domain/Entities/Billing/Bill.cs(131,17): warning CS1591: Missing XML comment for publicly visible type or member 'Bill.AddAdjustment(AdjustmentLine, GeneratedDate, IssueDate, DueDate)' [/Users/kady/Masterdom/src/Masterdom.Modules.Billing/Masterdom.Modules.Billing.csproj]
/Users/kady/Masterdom/src/Masterdom.Modules.Billing/Domain/Entities/Billing/Bill.cs(165,17): warning CS1591: Missing XML comment for publicly visible type or member 'Bill.ApplyCredit(CreditLine, GeneratedDate, IssueDate, DueDate)' [/Users/kady/Masterdom/src/Masterdom.Modules.Billing/Masterdom.Modules.Billing.csproj]
/Users/kady/Masterdom/src/Masterdom.Modules.Billing/Domain/Entities/Billing/Bill.cs(199,17): warning CS1591: Missing XML comment for publicly visible type or member 'Bill.Void(string)' [/Users/kady/Masterdom/src/Masterdom.Modules.Billing/Masterdom.Modules.Billing.csproj]
/Users/kady/Masterdom/src/Masterdom.Modules.Billing/Domain/Entities/Billing/Bill.cs(214,17): warning CS1591: Missing XML comment for publicly visible type or member 'Bill.ClearDomainEvents()' [/Users/kady/Masterdom/src/Masterdom.Modules.Billing/Masterdom.Modules.Billing.csproj]
/Users/kady/Masterdom/src/Masterdom.Modules.Billing/Domain/Entities/Billing/BillId.cs(10,26): warning CS1591: Missing XML comment for publicly visible type or member 'BillId.New()' [/Users/kady/Masterdom/src/Masterdom.Modules.Billing/Masterdom.Modules.Billing.csproj]
/Users/kady/Masterdom/src/Masterdom.Modules.Billing/Domain/Entities/Billing/BillId.cs(15,26): warning CS1591: Missing XML comment for publicly visible type or member 'BillId.From(Guid)' [/Users/kady/Masterdom/src/Masterdom.Modules.Billing/Masterdom.Modules.Billing.csproj]
/Users/kady/Masterdom/src/Masterdom.Modules.Billing/Domain/Entities/Billing/BillingCycle.cs(10,41): warning CS1591: Missing XML comment for publicly visible type or member 'BillingCycle.Monthly' [/Users/kady/Masterdom/src/Masterdom.Modules.Billing/Masterdom.Modules.Billing.csproj]
/Users/kady/Masterdom/src/Masterdom.Modules.Billing/Domain/Entities/Billing/BillingCycle.cs(11,41): warning CS1591: Missing XML comment for publicly visible type or member 'BillingCycle.Quarterly' [/Users/kady/Masterdom/src/Masterdom.Modules.Billing/Masterdom.Modules.Billing.csproj]
/Users/kady/Masterdom/src/Masterdom.Modules.Billing/Domain/Entities/Billing/BillingCycle.cs(12,41): warning CS1591: Missing XML comment for publicly visible type or member 'BillingCycle.OneTime' [/Users/kady/Masterdom/src/Masterdom.Modules.Billing/Masterdom.Modules.Billing.csproj]
/Users/kady/Masterdom/src/Masterdom.Modules.Billing/Domain/Entities/Billing/BillingCycle.cs(19,19): warning CS1591: Missing XML comment for publicly visible type or member 'BillingCycle.Value' [/Users/kady/Masterdom/src/Masterdom.Modules.Billing/Masterdom.Modules.Billing.csproj]
/Users/kady/Masterdom/src/Masterdom.Modules.Billing/Domain/Entities/Billing/BillingCycle.cs(21,32): warning CS1591: Missing XML comment for publicly visible type or member 'BillingCycle.Create(string)' [/Users/kady/Masterdom/src/Masterdom.Modules.Billing/Masterdom.Modules.Billing.csproj]
/Users/kady/Masterdom/src/Masterdom.Modules.Billing/Domain/Entities/Billing/BillingCycle.cs(34,45): warning CS1591: Missing XML comment for publicly visible type or member 'BillingCycle.GetEqualityComponents()' [/Users/kady/Masterdom/src/Masterdom.Modules.Billing/Masterdom.Modules.Billing.csproj]
/Users/kady/Masterdom/src/Masterdom.Modules.Billing/Domain/Entities/Billing/BillingPeriod.cs(18,21): warning CS1591: Missing XML comment for publicly visible type or member 'BillingPeriod.StartDate' [/Users/kady/Masterdom/src/Masterdom.Modules.Billing/Masterdom.Modules.Billing.csproj]
/Users/kady/Masterdom/src/Masterdom.Modules.Billing/Domain/Entities/Billing/BillingPeriod.cs(20,21): warning CS1591: Missing XML comment for publicly visible type or member 'BillingPeriod.EndDate' [/Users/kady/Masterdom/src/Masterdom.Modules.Billing/Masterdom.Modules.Billing.csproj]
/Users/kady/Masterdom/src/Masterdom.Modules.Billing/Domain/Entities/Billing/BillingPeriod.cs(22,33): warning CS1591: Missing XML comment for publicly visible type or member 'BillingPeriod.Create(DateOnly, DateOnly)' [/Users/kady/Masterdom/src/Masterdom.Modules.Billing/Masterdom.Modules.Billing.csproj]
/Users/kady/Masterdom/src/Masterdom.Modules.Billing/Domain/Entities/Billing/BillingPeriod.cs(27,45): warning CS1591: Missing XML comment for publicly visible type or member 'BillingPeriod.GetEqualityComponents()' [/Users/kady/Masterdom/src/Masterdom.Modules.Billing/Masterdom.Modules.Billing.csproj]
/Users/kady/Masterdom/src/Masterdom.Modules.Billing/Domain/Entities/Billing/BillingVersion.cs(16,25): warning CS1591: Missing XML comment for publicly visible type or member 'BillingVersion.Snapshot' [/Users/kady/Masterdom/src/Masterdom.Modules.Billing/Masterdom.Modules.Billing.csproj]
/Users/kady/Masterdom/src/Masterdom.Modules.Billing/Domain/Entities/Billing/BillingVersion.cs(18,27): warning CS1591: Missing XML comment for publicly visible type or member 'BillingVersion.CreatedAt' [/Users/kady/Masterdom/src/Masterdom.Modules.Billing/Masterdom.Modules.Billing.csproj]
/Users/kady/Masterdom/src/Masterdom.Modules.Billing/Domain/Entities/Billing/BillingVersion.cs(20,34): warning CS1591: Missing XML comment for publicly visible type or member 'BillingVersion.Create(BillSnapshot, DateTimeOffset)' [/Users/kady/Masterdom/src/Masterdom.Modules.Billing/Masterdom.Modules.Billing.csproj]
/Users/kady/Masterdom/src/Masterdom.Modules.Billing/Domain/Entities/Billing/BillingVersion.cs(26,45): warning CS1591: Missing XML comment for publicly visible type or member 'BillingVersion.GetEqualityComponents()' [/Users/kady/Masterdom/src/Masterdom.Modules.Billing/Masterdom.Modules.Billing.csproj]
/Users/kady/Masterdom/src/Masterdom.Modules.Billing/Domain/Entities/Billing/BillNumber.cs(15,19): warning CS1591: Missing XML comment for publicly visible type or member 'BillNumber.Value' [/Users/kady/Masterdom/src/Masterdom.Modules.Billing/Masterdom.Modules.Billing.csproj]
/Users/kady/Masterdom/src/Masterdom.Modules.Billing/Domain/Entities/Billing/BillNumber.cs(17,30): warning CS1591: Missing XML comment for publicly visible type or member 'BillNumber.Create(string)' [/Users/kady/Masterdom/src/Masterdom.Modules.Billing/Masterdom.Modules.Billing.csproj]
/Users/kady/Masterdom/src/Masterdom.Modules.Billing/Domain/Entities/Billing/BillNumber.cs(30,45): warning CS1591: Missing XML comment for publicly visible type or member 'BillNumber.GetEqualityComponents()' [/Users/kady/Masterdom/src/Masterdom.Modules.Billing/Masterdom.Modules.Billing.csproj]
/Users/kady/Masterdom/src/Masterdom.Modules.Billing/Domain/Entities/Billing/BillNumber.cs(35,28): warning CS1591: Missing XML comment for publicly visible type or member 'BillNumber.ToString()' [/Users/kady/Masterdom/src/Masterdom.Modules.Billing/Masterdom.Modules.Billing.csproj]
/Users/kady/Masterdom/src/Masterdom.Modules.Billing/Domain/Entities/Billing/BillSnapshot.cs(39,28): warning CS1591: Missing XML comment for publicly visible type or member 'BillSnapshot.Version' [/Users/kady/Masterdom/src/Masterdom.Modules.Billing/Masterdom.Modules.Billing.csproj]
/Users/kady/Masterdom/src/Masterdom.Modules.Billing/Domain/Entities/Billing/BillSnapshot.cs(41,26): warning CS1591: Missing XML comment for publicly visible type or member 'BillSnapshot.BillingPeriod' [/Users/kady/Masterdom/src/Masterdom.Modules.Billing/Masterdom.Modules.Billing.csproj]
/Users/kady/Masterdom/src/Masterdom.Modules.Billing/Domain/Entities/Billing/BillSnapshot.cs(43,25): warning CS1591: Missing XML comment for publicly visible type or member 'BillSnapshot.BillingCycle' [/Users/kady/Masterdom/src/Masterdom.Modules.Billing/Masterdom.Modules.Billing.csproj]
/Users/kady/Masterdom/src/Masterdom.Modules.Billing/Domain/Entities/Billing/BillSnapshot.cs(45,26): warning CS1591: Missing XML comment for publicly visible type or member 'BillSnapshot.GeneratedDate' [/Users/kady/Masterdom/src/Masterdom.Modules.Billing/Masterdom.Modules.Billing.csproj]
/Users/kady/Masterdom/src/Masterdom.Modules.Billing/Domain/Entities/Billing/BillSnapshot.cs(47,22): warning CS1591: Missing XML comment for publicly visible type or member 'BillSnapshot.IssueDate' [/Users/kady/Masterdom/src/Masterdom.Modules.Billing/Masterdom.Modules.Billing.csproj]
/Users/kady/Masterdom/src/Masterdom.Modules.Billing/Domain/Entities/Billing/BillSnapshot.cs(49,20): warning CS1591: Missing XML comment for publicly visible type or member 'BillSnapshot.DueDate' [/Users/kady/Masterdom/src/Masterdom.Modules.Billing/Masterdom.Modules.Billing.csproj]
/Users/kady/Masterdom/src/Masterdom.Modules.Billing/Domain/Entities/Billing/BillSnapshot.cs(51,21): warning CS1591: Missing XML comment for publicly visible type or member 'BillSnapshot.Currency' [/Users/kady/Masterdom/src/Masterdom.Modules.Billing/Masterdom.Modules.Billing.csproj]
/Users/kady/Masterdom/src/Masterdom.Modules.Billing/Domain/Entities/Billing/BillSnapshot.cs(53,29): warning CS1591: Missing XML comment for publicly visible type or member 'BillSnapshot.Charges' [/Users/kady/Masterdom/src/Masterdom.Modules.Billing/Masterdom.Modules.Billing.csproj]
/Users/kady/Masterdom/src/Masterdom.Modules.Billing/Domain/Entities/Billing/BillSnapshot.cs(55,33): warning CS1591: Missing XML comment for publicly visible type or member 'BillSnapshot.Adjustments' [/Users/kady/Masterdom/src/Masterdom.Modules.Billing/Masterdom.Modules.Billing.csproj]
/Users/kady/Masterdom/src/Masterdom.Modules.Billing/Domain/Entities/Billing/BillSnapshot.cs(57,29): warning CS1591: Missing XML comment for publicly visible type or member 'BillSnapshot.Credits' [/Users/kady/Masterdom/src/Masterdom.Modules.Billing/Masterdom.Modules.Billing.csproj]
/Users/kady/Masterdom/src/Masterdom.Modules.Billing/Domain/Entities/Billing/BillSnapshot.cs(59,24): warning CS1591: Missing XML comment for publicly visible type or member 'BillSnapshot.TotalAmount' [/Users/kady/Masterdom/src/Masterdom.Modules.Billing/Masterdom.Modules.Billing.csproj]
/Users/kady/Masterdom/src/Masterdom.Modules.Billing/Domain/Entities/Billing/BillSnapshot.cs(61,30): warning CS1591: Missing XML comment for publicly visible type or member 'BillSnapshot.OutstandingAmount' [/Users/kady/Masterdom/src/Masterdom.Modules.Billing/Masterdom.Modules.Billing.csproj]
/Users/kady/Masterdom/src/Masterdom.Modules.Billing/Domain/Entities/Billing/BillSnapshot.cs(63,32): warning CS1591: Missing XML comment for publicly visible type or member 'BillSnapshot.Create(SnapshotVersion, BillingPeriod, BillingCycle, GeneratedDate, IssueDate, DueDate, Currency, ChargeCollection, AdjustmentCollection, CreditCollection)' [/Users/kady/Masterdom/src/Masterdom.Modules.Billing/Masterdom.Modules.Billing.csproj]
/Users/kady/Masterdom/src/Masterdom.Modules.Billing/Domain/Entities/Billing/BillSnapshot.cs(112,25): warning CS1591: Missing XML comment for publicly visible type or member 'BillSnapshot.RecalculateWith(AdjustmentCollection, CreditCollection, SnapshotVersion, GeneratedDate, IssueDate, DueDate)' [/Users/kady/Masterdom/src/Masterdom.Modules.Billing/Masterdom.Modules.Billing.csproj]
/Users/kady/Masterdom/src/Masterdom.Modules.Billing/Domain/Entities/Billing/BillSnapshot.cs(133,45): warning CS1591: Missing XML comment for publicly visible type or member 'BillSnapshot.GetEqualityComponents()' [/Users/kady/Masterdom/src/Masterdom.Modules.Billing/Masterdom.Modules.Billing.csproj]
/Users/kady/Masterdom/src/Masterdom.Modules.Billing/Domain/Entities/Billing/BillStatus.cs(10,39): warning CS1591: Missing XML comment for publicly visible type or member 'BillStatus.Draft' [/Users/kady/Masterdom/src/Masterdom.Modules.Billing/Masterdom.Modules.Billing.csproj]
/Users/kady/Masterdom/src/Masterdom.Modules.Billing/Domain/Entities/Billing/BillStatus.cs(11,39): warning CS1591: Missing XML comment for publicly visible type or member 'BillStatus.Generated' [/Users/kady/Masterdom/src/Masterdom.Modules.Billing/Masterdom.Modules.Billing.csproj]
/Users/kady/Masterdom/src/Masterdom.Modules.Billing/Domain/Entities/Billing/BillStatus.cs(12,39): warning CS1591: Missing XML comment for publicly visible type or member 'BillStatus.Finalized' [/Users/kady/Masterdom/src/Masterdom.Modules.Billing/Masterdom.Modules.Billing.csproj]
/Users/kady/Masterdom/src/Masterdom.Modules.Billing/Domain/Entities/Billing/BillStatus.cs(13,39): warning CS1591: Missing XML comment for publicly visible type or member 'BillStatus.Voided' [/Users/kady/Masterdom/src/Masterdom.Modules.Billing/Masterdom.Modules.Billing.csproj]
/Users/kady/Masterdom/src/Masterdom.Modules.Billing/Domain/Entities/Billing/BillStatus.cs(20,19): warning CS1591: Missing XML comment for publicly visible type or member 'BillStatus.Value' [/Users/kady/Masterdom/src/Masterdom.Modules.Billing/Masterdom.Modules.Billing.csproj]
/Users/kady/Masterdom/src/Masterdom.Modules.Billing/Domain/Entities/Billing/BillStatus.cs(22,30): warning CS1591: Missing XML comment for publicly visible type or member 'BillStatus.Create(string)' [/Users/kady/Masterdom/src/Masterdom.Modules.Billing/Masterdom.Modules.Billing.csproj]
/Users/kady/Masterdom/src/Masterdom.Modules.Billing/Domain/Entities/Billing/BillStatus.cs(36,45): warning CS1591: Missing XML comment for publicly visible type or member 'BillStatus.GetEqualityComponents()' [/Users/kady/Masterdom/src/Masterdom.Modules.Billing/Masterdom.Modules.Billing.csproj]
/Users/kady/Masterdom/src/Masterdom.Modules.Billing/Domain/Entities/Billing/ChargeCollection.cs(17,38): warning CS1591: Missing XML comment for publicly visible type or member 'ChargeCollection.Items' [/Users/kady/Masterdom/src/Masterdom.Modules.Billing/Masterdom.Modules.Billing.csproj]
/Users/kady/Masterdom/src/Masterdom.Modules.Billing/Domain/Entities/Billing/ChargeCollection.cs(19,20): warning CS1591: Missing XML comment for publicly visible type or member 'ChargeCollection.TotalAmount' [/Users/kady/Masterdom/src/Masterdom.Modules.Billing/Masterdom.Modules.Billing.csproj]
/Users/kady/Masterdom/src/Masterdom.Modules.Billing/Domain/Entities/Billing/ChargeCollection.cs(21,36): warning CS1591: Missing XML comment for publicly visible type or member 'ChargeCollection.Create(IEnumerable<ChargeLine>)' [/Users/kady/Masterdom/src/Masterdom.Modules.Billing/Masterdom.Modules.Billing.csproj]
/Users/kady/Masterdom/src/Masterdom.Modules.Billing/Domain/Entities/Billing/ChargeCollection.cs(34,45): warning CS1591: Missing XML comment for publicly visible type or member 'ChargeCollection.GetEqualityComponents()' [/Users/kady/Masterdom/src/Masterdom.Modules.Billing/Masterdom.Modules.Billing.csproj]
/Users/kady/Masterdom/src/Masterdom.Modules.Billing/Domain/Entities/Billing/ChargeKind.cs(10,39): warning CS1591: Missing XML comment for publicly visible type or member 'ChargeKind.Rent' [/Users/kady/Masterdom/src/Masterdom.Modules.Billing/Masterdom.Modules.Billing.csproj]
/Users/kady/Masterdom/src/Masterdom.Modules.Billing/Domain/Entities/Billing/ChargeKind.cs(11,39): warning CS1591: Missing XML comment for publicly visible type or member 'ChargeKind.UtilityReference' [/Users/kady/Masterdom/src/Masterdom.Modules.Billing/Masterdom.Modules.Billing.csproj]
/Users/kady/Masterdom/src/Masterdom.Modules.Billing/Domain/Entities/Billing/ChargeKind.cs(12,39): warning CS1591: Missing XML comment for publicly visible type or member 'ChargeKind.Maintenance' [/Users/kady/Masterdom/src/Masterdom.Modules.Billing/Masterdom.Modules.Billing.csproj]
/Users/kady/Masterdom/src/Masterdom.Modules.Billing/Domain/Entities/Billing/ChargeKind.cs(13,39): warning CS1591: Missing XML comment for publicly visible type or member 'ChargeKind.Recurring' [/Users/kady/Masterdom/src/Masterdom.Modules.Billing/Masterdom.Modules.Billing.csproj]
/Users/kady/Masterdom/src/Masterdom.Modules.Billing/Domain/Entities/Billing/ChargeKind.cs(14,39): warning CS1591: Missing XML comment for publicly visible type or member 'ChargeKind.OneTime' [/Users/kady/Masterdom/src/Masterdom.Modules.Billing/Masterdom.Modules.Billing.csproj]
/Users/kady/Masterdom/src/Masterdom.Modules.Billing/Domain/Entities/Billing/ChargeKind.cs(15,39): warning CS1591: Missing XML comment for publicly visible type or member 'ChargeKind.CarryForward' [/Users/kady/Masterdom/src/Masterdom.Modules.Billing/Masterdom.Modules.Billing.csproj]
/Users/kady/Masterdom/src/Masterdom.Modules.Billing/Domain/Entities/Billing/ChargeKind.cs(22,19): warning CS1591: Missing XML comment for publicly visible type or member 'ChargeKind.Value' [/Users/kady/Masterdom/src/Masterdom.Modules.Billing/Masterdom.Modules.Billing.csproj]
/Users/kady/Masterdom/src/Masterdom.Modules.Billing/Domain/Entities/Billing/ChargeKind.cs(24,30): warning CS1591: Missing XML comment for publicly visible type or member 'ChargeKind.Create(string)' [/Users/kady/Masterdom/src/Masterdom.Modules.Billing/Masterdom.Modules.Billing.csproj]
/Users/kady/Masterdom/src/Masterdom.Modules.Billing/Domain/Entities/Billing/ChargeKind.cs(40,45): warning CS1591: Missing XML comment for publicly visible type or member 'ChargeKind.GetEqualityComponents()' [/Users/kady/Masterdom/src/Masterdom.Modules.Billing/Masterdom.Modules.Billing.csproj]
/Users/kady/Masterdom/src/Masterdom.Modules.Billing/Domain/Entities/Billing/ChargeLine.cs(18,23): warning CS1591: Missing XML comment for publicly visible type or member 'ChargeLine.Kind' [/Users/kady/Masterdom/src/Masterdom.Modules.Billing/Masterdom.Modules.Billing.csproj]
/Users/kady/Masterdom/src/Masterdom.Modules.Billing/Domain/Entities/Billing/ChargeLine.cs(20,19): warning CS1591: Missing XML comment for publicly visible type or member 'ChargeLine.Description' [/Users/kady/Masterdom/src/Masterdom.Modules.Billing/Masterdom.Modules.Billing.csproj]
/Users/kady/Masterdom/src/Masterdom.Modules.Billing/Domain/Entities/Billing/ChargeLine.cs(22,20): warning CS1591: Missing XML comment for publicly visible type or member 'ChargeLine.Amount' [/Users/kady/Masterdom/src/Masterdom.Modules.Billing/Masterdom.Modules.Billing.csproj]
/Users/kady/Masterdom/src/Masterdom.Modules.Billing/Domain/Entities/Billing/ChargeLine.cs(24,20): warning CS1591: Missing XML comment for publicly visible type or member 'ChargeLine.ExternalReference' [/Users/kady/Masterdom/src/Masterdom.Modules.Billing/Masterdom.Modules.Billing.csproj]
/Users/kady/Masterdom/src/Masterdom.Modules.Billing/Domain/Entities/Billing/ChargeLine.cs(26,30): warning CS1591: Missing XML comment for publicly visible type or member 'ChargeLine.Create(ChargeKind, string, decimal, string?)' [/Users/kady/Masterdom/src/Masterdom.Modules.Billing/Masterdom.Modules.Billing.csproj]
/Users/kady/Masterdom/src/Masterdom.Modules.Billing/Domain/Entities/Billing/ChargeLine.cs(51,45): warning CS1591: Missing XML comment for publicly visible type or member 'ChargeLine.GetEqualityComponents()' [/Users/kady/Masterdom/src/Masterdom.Modules.Billing/Masterdom.Modules.Billing.csproj]
/Users/kady/Masterdom/src/Masterdom.Modules.Billing/Domain/Entities/Billing/CreditCollection.cs(17,36): warning CS1591: Missing XML comment for publicly visible type or member 'CreditCollection.Empty' [/Users/kady/Masterdom/src/Masterdom.Modules.Billing/Masterdom.Modules.Billing.csproj]
/Users/kady/Masterdom/src/Masterdom.Modules.Billing/Domain/Entities/Billing/CreditCollection.cs(19,38): warning CS1591: Missing XML comment for publicly visible type or member 'CreditCollection.Items' [/Users/kady/Masterdom/src/Masterdom.Modules.Billing/Masterdom.Modules.Billing.csproj]
/Users/kady/Masterdom/src/Masterdom.Modules.Billing/Domain/Entities/Billing/CreditCollection.cs(21,20): warning CS1591: Missing XML comment for publicly visible type or member 'CreditCollection.TotalAmount' [/Users/kady/Masterdom/src/Masterdom.Modules.Billing/Masterdom.Modules.Billing.csproj]
/Users/kady/Masterdom/src/Masterdom.Modules.Billing/Domain/Entities/Billing/CreditCollection.cs(23,29): warning CS1591: Missing XML comment for publicly visible type or member 'CreditCollection.Add(CreditLine)' [/Users/kady/Masterdom/src/Masterdom.Modules.Billing/Masterdom.Modules.Billing.csproj]
/Users/kady/Masterdom/src/Masterdom.Modules.Billing/Domain/Entities/Billing/CreditCollection.cs(32,36): warning CS1591: Missing XML comment for publicly visible type or member 'CreditCollection.Create(IEnumerable<CreditLine>)' [/Users/kady/Masterdom/src/Masterdom.Modules.Billing/Masterdom.Modules.Billing.csproj]
/Users/kady/Masterdom/src/Masterdom.Modules.Billing/Domain/Entities/Billing/CreditCollection.cs(38,45): warning CS1591: Missing XML comment for publicly visible type or member 'CreditCollection.GetEqualityComponents()' [/Users/kady/Masterdom/src/Masterdom.Modules.Billing/Masterdom.Modules.Billing.csproj]
/Users/kady/Masterdom/src/Masterdom.Modules.Billing/Domain/Entities/Billing/CreditLine.cs(17,19): warning CS1591: Missing XML comment for publicly visible type or member 'CreditLine.Description' [/Users/kady/Masterdom/src/Masterdom.Modules.Billing/Masterdom.Modules.Billing.csproj]
/Users/kady/Masterdom/src/Masterdom.Modules.Billing/Domain/Entities/Billing/CreditLine.cs(19,20): warning CS1591: Missing XML comment for publicly visible type or member 'CreditLine.Amount' [/Users/kady/Masterdom/src/Masterdom.Modules.Billing/Masterdom.Modules.Billing.csproj]
/Users/kady/Masterdom/src/Masterdom.Modules.Billing/Domain/Entities/Billing/CreditLine.cs(21,20): warning CS1591: Missing XML comment for publicly visible type or member 'CreditLine.SourceReference' [/Users/kady/Masterdom/src/Masterdom.Modules.Billing/Masterdom.Modules.Billing.csproj]
/Users/kady/Masterdom/src/Masterdom.Modules.Billing/Domain/Entities/Billing/CreditLine.cs(23,30): warning CS1591: Missing XML comment for publicly visible type or member 'CreditLine.Create(string, decimal, string?)' [/Users/kady/Masterdom/src/Masterdom.Modules.Billing/Masterdom.Modules.Billing.csproj]
/Users/kady/Masterdom/src/Masterdom.Modules.Billing/Domain/Entities/Billing/CreditLine.cs(46,45): warning CS1591: Missing XML comment for publicly visible type or member 'CreditLine.GetEqualityComponents()' [/Users/kady/Masterdom/src/Masterdom.Modules.Billing/Masterdom.Modules.Billing.csproj]
/Users/kady/Masterdom/src/Masterdom.Modules.Billing/Domain/Entities/Billing/DueDate.cs(15,21): warning CS1591: Missing XML comment for publicly visible type or member 'DueDate.Value' [/Users/kady/Masterdom/src/Masterdom.Modules.Billing/Masterdom.Modules.Billing.csproj]
/Users/kady/Masterdom/src/Masterdom.Modules.Billing/Domain/Entities/Billing/DueDate.cs(17,27): warning CS1591: Missing XML comment for publicly visible type or member 'DueDate.Create(DateOnly)' [/Users/kady/Masterdom/src/Masterdom.Modules.Billing/Masterdom.Modules.Billing.csproj]
/Users/kady/Masterdom/src/Masterdom.Modules.Billing/Domain/Entities/Billing/DueDate.cs(22,45): warning CS1591: Missing XML comment for publicly visible type or member 'DueDate.GetEqualityComponents()' [/Users/kady/Masterdom/src/Masterdom.Modules.Billing/Masterdom.Modules.Billing.csproj]
/Users/kady/Masterdom/src/Masterdom.Modules.Billing/Domain/Entities/Billing/Events/AdjustmentAddedDomainEvent.cs(5,22): warning CS1591: Missing XML comment for publicly visible type or member 'AdjustmentAddedDomainEvent' [/Users/kady/Masterdom/src/Masterdom.Modules.Billing/Masterdom.Modules.Billing.csproj]
/Users/kady/Masterdom/src/Masterdom.Modules.Billing/Domain/Entities/Billing/Events/AdjustmentAddedDomainEvent.cs(5,22): warning CS1591: Missing XML comment for publicly visible type or member 'AdjustmentAddedDomainEvent.AdjustmentAddedDomainEvent(BillId, SnapshotVersion, decimal, DateTime)' [/Users/kady/Masterdom/src/Masterdom.Modules.Billing/Masterdom.Modules.Billing.csproj]
/Users/kady/Masterdom/src/Masterdom.Modules.Billing/Domain/Entities/Billing/Events/AdjustmentAddedDomainEvent.cs(6,12): warning CS1591: Missing XML comment for publicly visible type or member 'AdjustmentAddedDomainEvent.BillId' [/Users/kady/Masterdom/src/Masterdom.Modules.Billing/Masterdom.Modules.Billing.csproj]
/Users/kady/Masterdom/src/Masterdom.Modules.Billing/Domain/Entities/Billing/Events/AdjustmentAddedDomainEvent.cs(7,21): warning CS1591: Missing XML comment for publicly visible type or member 'AdjustmentAddedDomainEvent.SnapshotVersion' [/Users/kady/Masterdom/src/Masterdom.Modules.Billing/Masterdom.Modules.Billing.csproj]
/Users/kady/Masterdom/src/Masterdom.Modules.Billing/Domain/Entities/Billing/Events/AdjustmentAddedDomainEvent.cs(8,13): warning CS1591: Missing XML comment for publicly visible type or member 'AdjustmentAddedDomainEvent.Amount' [/Users/kady/Masterdom/src/Masterdom.Modules.Billing/Masterdom.Modules.Billing.csproj]
/Users/kady/Masterdom/src/Masterdom.Modules.Billing/Domain/Entities/Billing/Events/AdjustmentAddedDomainEvent.cs(9,14): warning CS1591: Missing XML comment for publicly visible type or member 'AdjustmentAddedDomainEvent.OccurredOnUtc' [/Users/kady/Masterdom/src/Masterdom.Modules.Billing/Masterdom.Modules.Billing.csproj]
/Users/kady/Masterdom/src/Masterdom.Modules.Billing/Domain/Entities/Billing/Events/BillFinalizedDomainEvent.cs(5,22): warning CS1591: Missing XML comment for publicly visible type or member 'BillFinalizedDomainEvent' [/Users/kady/Masterdom/src/Masterdom.Modules.Billing/Masterdom.Modules.Billing.csproj]
/Users/kady/Masterdom/src/Masterdom.Modules.Billing/Domain/Entities/Billing/Events/BillFinalizedDomainEvent.cs(5,22): warning CS1591: Missing XML comment for publicly visible type or member 'BillFinalizedDomainEvent.BillFinalizedDomainEvent(BillId, BillNumber, SnapshotVersion, DateTime)' [/Users/kady/Masterdom/src/Masterdom.Modules.Billing/Masterdom.Modules.Billing.csproj]
/Users/kady/Masterdom/src/Masterdom.Modules.Billing/Domain/Entities/Billing/Events/BillFinalizedDomainEvent.cs(6,12): warning CS1591: Missing XML comment for publicly visible type or member 'BillFinalizedDomainEvent.BillId' [/Users/kady/Masterdom/src/Masterdom.Modules.Billing/Masterdom.Modules.Billing.csproj]
/Users/kady/Masterdom/src/Masterdom.Modules.Billing/Domain/Entities/Billing/Events/BillFinalizedDomainEvent.cs(7,16): warning CS1591: Missing XML comment for publicly visible type or member 'BillFinalizedDomainEvent.BillNumber' [/Users/kady/Masterdom/src/Masterdom.Modules.Billing/Masterdom.Modules.Billing.csproj]
/Users/kady/Masterdom/src/Masterdom.Modules.Billing/Domain/Entities/Billing/Events/BillFinalizedDomainEvent.cs(8,21): warning CS1591: Missing XML comment for publicly visible type or member 'BillFinalizedDomainEvent.SnapshotVersion' [/Users/kady/Masterdom/src/Masterdom.Modules.Billing/Masterdom.Modules.Billing.csproj]
/Users/kady/Masterdom/src/Masterdom.Modules.Billing/Domain/Entities/Billing/Events/BillFinalizedDomainEvent.cs(9,14): warning CS1591: Missing XML comment for publicly visible type or member 'BillFinalizedDomainEvent.OccurredOnUtc' [/Users/kady/Masterdom/src/Masterdom.Modules.Billing/Masterdom.Modules.Billing.csproj]
/Users/kady/Masterdom/src/Masterdom.Modules.Billing/Domain/Entities/Billing/Events/BillGeneratedDomainEvent.cs(5,22): warning CS1591: Missing XML comment for publicly visible type or member 'BillGeneratedDomainEvent' [/Users/kady/Masterdom/src/Masterdom.Modules.Billing/Masterdom.Modules.Billing.csproj]
/Users/kady/Masterdom/src/Masterdom.Modules.Billing/Domain/Entities/Billing/Events/BillGeneratedDomainEvent.cs(5,22): warning CS1591: Missing XML comment for publicly visible type or member 'BillGeneratedDomainEvent.BillGeneratedDomainEvent(BillId, BillNumber, SnapshotVersion, DateTime)' [/Users/kady/Masterdom/src/Masterdom.Modules.Billing/Masterdom.Modules.Billing.csproj]
/Users/kady/Masterdom/src/Masterdom.Modules.Billing/Domain/Entities/Billing/Events/BillGeneratedDomainEvent.cs(6,12): warning CS1591: Missing XML comment for publicly visible type or member 'BillGeneratedDomainEvent.BillId' [/Users/kady/Masterdom/src/Masterdom.Modules.Billing/Masterdom.Modules.Billing.csproj]
/Users/kady/Masterdom/src/Masterdom.Modules.Billing/Domain/Entities/Billing/Events/BillGeneratedDomainEvent.cs(7,16): warning CS1591: Missing XML comment for publicly visible type or member 'BillGeneratedDomainEvent.BillNumber' [/Users/kady/Masterdom/src/Masterdom.Modules.Billing/Masterdom.Modules.Billing.csproj]
/Users/kady/Masterdom/src/Masterdom.Modules.Billing/Domain/Entities/Billing/Events/BillGeneratedDomainEvent.cs(8,21): warning CS1591: Missing XML comment for publicly visible type or member 'BillGeneratedDomainEvent.SnapshotVersion' [/Users/kady/Masterdom/src/Masterdom.Modules.Billing/Masterdom.Modules.Billing.csproj]
/Users/kady/Masterdom/src/Masterdom.Modules.Billing/Domain/Entities/Billing/Events/BillGeneratedDomainEvent.cs(9,14): warning CS1591: Missing XML comment for publicly visible type or member 'BillGeneratedDomainEvent.OccurredOnUtc' [/Users/kady/Masterdom/src/Masterdom.Modules.Billing/Masterdom.Modules.Billing.csproj]
/Users/kady/Masterdom/src/Masterdom.Modules.Billing/Domain/Entities/Billing/Events/BillRecalculatedDomainEvent.cs(5,22): warning CS1591: Missing XML comment for publicly visible type or member 'BillRecalculatedDomainEvent' [/Users/kady/Masterdom/src/Masterdom.Modules.Billing/Masterdom.Modules.Billing.csproj]
/Users/kady/Masterdom/src/Masterdom.Modules.Billing/Domain/Entities/Billing/Events/BillRecalculatedDomainEvent.cs(5,22): warning CS1591: Missing XML comment for publicly visible type or member 'BillRecalculatedDomainEvent.BillRecalculatedDomainEvent(BillId, SnapshotVersion, DateTime)' [/Users/kady/Masterdom/src/Masterdom.Modules.Billing/Masterdom.Modules.Billing.csproj]
/Users/kady/Masterdom/src/Masterdom.Modules.Billing/Domain/Entities/Billing/Events/BillRecalculatedDomainEvent.cs(6,12): warning CS1591: Missing XML comment for publicly visible type or member 'BillRecalculatedDomainEvent.BillId' [/Users/kady/Masterdom/src/Masterdom.Modules.Billing/Masterdom.Modules.Billing.csproj]
/Users/kady/Masterdom/src/Masterdom.Modules.Billing/Domain/Entities/Billing/Events/BillRecalculatedDomainEvent.cs(7,21): warning CS1591: Missing XML comment for publicly visible type or member 'BillRecalculatedDomainEvent.SnapshotVersion' [/Users/kady/Masterdom/src/Masterdom.Modules.Billing/Masterdom.Modules.Billing.csproj]
/Users/kady/Masterdom/src/Masterdom.Modules.Billing/Domain/Entities/Billing/Events/BillRecalculatedDomainEvent.cs(8,14): warning CS1591: Missing XML comment for publicly visible type or member 'BillRecalculatedDomainEvent.OccurredOnUtc' [/Users/kady/Masterdom/src/Masterdom.Modules.Billing/Masterdom.Modules.Billing.csproj]
/Users/kady/Masterdom/src/Masterdom.Modules.Billing/Domain/Entities/Billing/Events/BillVoidedDomainEvent.cs(5,22): warning CS1591: Missing XML comment for publicly visible type or member 'BillVoidedDomainEvent' [/Users/kady/Masterdom/src/Masterdom.Modules.Billing/Masterdom.Modules.Billing.csproj]
/Users/kady/Masterdom/src/Masterdom.Modules.Billing/Domain/Entities/Billing/Events/BillVoidedDomainEvent.cs(5,22): warning CS1591: Missing XML comment for publicly visible type or member 'BillVoidedDomainEvent.BillVoidedDomainEvent(BillId, string, DateTime)' [/Users/kady/Masterdom/src/Masterdom.Modules.Billing/Masterdom.Modules.Billing.csproj]
/Users/kady/Masterdom/src/Masterdom.Modules.Billing/Domain/Entities/Billing/Events/BillVoidedDomainEvent.cs(6,12): warning CS1591: Missing XML comment for publicly visible type or member 'BillVoidedDomainEvent.BillId' [/Users/kady/Masterdom/src/Masterdom.Modules.Billing/Masterdom.Modules.Billing.csproj]
/Users/kady/Masterdom/src/Masterdom.Modules.Billing/Domain/Entities/Billing/Events/BillVoidedDomainEvent.cs(7,12): warning CS1591: Missing XML comment for publicly visible type or member 'BillVoidedDomainEvent.Reason' [/Users/kady/Masterdom/src/Masterdom.Modules.Billing/Masterdom.Modules.Billing.csproj]
/Users/kady/Masterdom/src/Masterdom.Modules.Billing/Domain/Entities/Billing/Events/BillVoidedDomainEvent.cs(8,14): warning CS1591: Missing XML comment for publicly visible type or member 'BillVoidedDomainEvent.OccurredOnUtc' [/Users/kady/Masterdom/src/Masterdom.Modules.Billing/Masterdom.Modules.Billing.csproj]
/Users/kady/Masterdom/src/Masterdom.Modules.Billing/Domain/Entities/Billing/Events/CreditAppliedDomainEvent.cs(5,22): warning CS1591: Missing XML comment for publicly visible type or member 'CreditAppliedDomainEvent' [/Users/kady/Masterdom/src/Masterdom.Modules.Billing/Masterdom.Modules.Billing.csproj]
/Users/kady/Masterdom/src/Masterdom.Modules.Billing/Domain/Entities/Billing/Events/CreditAppliedDomainEvent.cs(5,22): warning CS1591: Missing XML comment for publicly visible type or member 'CreditAppliedDomainEvent.CreditAppliedDomainEvent(BillId, SnapshotVersion, decimal, DateTime)' [/Users/kady/Masterdom/src/Masterdom.Modules.Billing/Masterdom.Modules.Billing.csproj]
/Users/kady/Masterdom/src/Masterdom.Modules.Billing/Domain/Entities/Billing/Events/CreditAppliedDomainEvent.cs(6,12): warning CS1591: Missing XML comment for publicly visible type or member 'CreditAppliedDomainEvent.BillId' [/Users/kady/Masterdom/src/Masterdom.Modules.Billing/Masterdom.Modules.Billing.csproj]
/Users/kady/Masterdom/src/Masterdom.Modules.Billing/Domain/Entities/Billing/Events/CreditAppliedDomainEvent.cs(7,21): warning CS1591: Missing XML comment for publicly visible type or member 'CreditAppliedDomainEvent.SnapshotVersion' [/Users/kady/Masterdom/src/Masterdom.Modules.Billing/Masterdom.Modules.Billing.csproj]
/Users/kady/Masterdom/src/Masterdom.Modules.Billing/Domain/Entities/Billing/Events/CreditAppliedDomainEvent.cs(8,13): warning CS1591: Missing XML comment for publicly visible type or member 'CreditAppliedDomainEvent.Amount' [/Users/kady/Masterdom/src/Masterdom.Modules.Billing/Masterdom.Modules.Billing.csproj]
/Users/kady/Masterdom/src/Masterdom.Modules.Billing/Domain/Entities/Billing/Events/CreditAppliedDomainEvent.cs(9,14): warning CS1591: Missing XML comment for publicly visible type or member 'CreditAppliedDomainEvent.OccurredOnUtc' [/Users/kady/Masterdom/src/Masterdom.Modules.Billing/Masterdom.Modules.Billing.csproj]
/Users/kady/Masterdom/src/Masterdom.Modules.Billing/Domain/Entities/Billing/GeneratedDate.cs(15,21): warning CS1591: Missing XML comment for publicly visible type or member 'GeneratedDate.Value' [/Users/kady/Masterdom/src/Masterdom.Modules.Billing/Masterdom.Modules.Billing.csproj]
/Users/kady/Masterdom/src/Masterdom.Modules.Billing/Domain/Entities/Billing/GeneratedDate.cs(17,33): warning CS1591: Missing XML comment for publicly visible type or member 'GeneratedDate.Create(DateOnly)' [/Users/kady/Masterdom/src/Masterdom.Modules.Billing/Masterdom.Modules.Billing.csproj]
/Users/kady/Masterdom/src/Masterdom.Modules.Billing/Domain/Entities/Billing/GeneratedDate.cs(22,45): warning CS1591: Missing XML comment for publicly visible type or member 'GeneratedDate.GetEqualityComponents()' [/Users/kady/Masterdom/src/Masterdom.Modules.Billing/Masterdom.Modules.Billing.csproj]
/Users/kady/Masterdom/src/Masterdom.Modules.Billing/Domain/Entities/Billing/IssueDate.cs(15,21): warning CS1591: Missing XML comment for publicly visible type or member 'IssueDate.Value' [/Users/kady/Masterdom/src/Masterdom.Modules.Billing/Masterdom.Modules.Billing.csproj]
/Users/kady/Masterdom/src/Masterdom.Modules.Billing/Domain/Entities/Billing/IssueDate.cs(17,29): warning CS1591: Missing XML comment for publicly visible type or member 'IssueDate.Create(DateOnly)' [/Users/kady/Masterdom/src/Masterdom.Modules.Billing/Masterdom.Modules.Billing.csproj]
/Users/kady/Masterdom/src/Masterdom.Modules.Billing/Domain/Entities/Billing/IssueDate.cs(22,45): warning CS1591: Missing XML comment for publicly visible type or member 'IssueDate.GetEqualityComponents()' [/Users/kady/Masterdom/src/Masterdom.Modules.Billing/Masterdom.Modules.Billing.csproj]
/Users/kady/Masterdom/src/Masterdom.Modules.Billing/Domain/Entities/Billing/LeaseReference.cs(15,17): warning CS1591: Missing XML comment for publicly visible type or member 'LeaseReference.LeaseId' [/Users/kady/Masterdom/src/Masterdom.Modules.Billing/Masterdom.Modules.Billing.csproj]
/Users/kady/Masterdom/src/Masterdom.Modules.Billing/Domain/Entities/Billing/LeaseReference.cs(17,34): warning CS1591: Missing XML comment for publicly visible type or member 'LeaseReference.Create(Guid)' [/Users/kady/Masterdom/src/Masterdom.Modules.Billing/Masterdom.Modules.Billing.csproj]
/Users/kady/Masterdom/src/Masterdom.Modules.Billing/Domain/Entities/Billing/LeaseReference.cs(27,45): warning CS1591: Missing XML comment for publicly visible type or member 'LeaseReference.GetEqualityComponents()' [/Users/kady/Masterdom/src/Masterdom.Modules.Billing/Masterdom.Modules.Billing.csproj]
/Users/kady/Masterdom/src/Masterdom.Modules.Billing/Domain/Entities/Billing/OutstandingAmount.cs(15,20): warning CS1591: Missing XML comment for publicly visible type or member 'OutstandingAmount.Value' [/Users/kady/Masterdom/src/Masterdom.Modules.Billing/Masterdom.Modules.Billing.csproj]
/Users/kady/Masterdom/src/Masterdom.Modules.Billing/Domain/Entities/Billing/OutstandingAmount.cs(17,37): warning CS1591: Missing XML comment for publicly visible type or member 'OutstandingAmount.Create(decimal)' [/Users/kady/Masterdom/src/Masterdom.Modules.Billing/Masterdom.Modules.Billing.csproj]
/Users/kady/Masterdom/src/Masterdom.Modules.Billing/Domain/Entities/Billing/OutstandingAmount.cs(27,45): warning CS1591: Missing XML comment for publicly visible type or member 'OutstandingAmount.GetEqualityComponents()' [/Users/kady/Masterdom/src/Masterdom.Modules.Billing/Masterdom.Modules.Billing.csproj]
/Users/kady/Masterdom/src/Masterdom.Modules.Billing/Domain/Entities/Billing/PersonReference.cs(16,21): warning CS1591: Missing XML comment for publicly visible type or member 'PersonReference.PersonId' [/Users/kady/Masterdom/src/Masterdom.Modules.Billing/Masterdom.Modules.Billing.csproj]
/Users/kady/Masterdom/src/Masterdom.Modules.Billing/Domain/Entities/Billing/PersonReference.cs(18,35): warning CS1591: Missing XML comment for publicly visible type or member 'PersonReference.Create(PersonId)' [/Users/kady/Masterdom/src/Masterdom.Modules.Billing/Masterdom.Modules.Billing.csproj]
/Users/kady/Masterdom/src/Masterdom.Modules.Billing/Domain/Entities/Billing/PersonReference.cs(24,45): warning CS1591: Missing XML comment for publicly visible type or member 'PersonReference.GetEqualityComponents()' [/Users/kady/Masterdom/src/Masterdom.Modules.Billing/Masterdom.Modules.Billing.csproj]
/Users/kady/Masterdom/src/Masterdom.Modules.Billing/Domain/Entities/Billing/PropertyReference.cs(15,17): warning CS1591: Missing XML comment for publicly visible type or member 'PropertyReference.PropertyId' [/Users/kady/Masterdom/src/Masterdom.Modules.Billing/Masterdom.Modules.Billing.csproj]
/Users/kady/Masterdom/src/Masterdom.Modules.Billing/Domain/Entities/Billing/PropertyReference.cs(17,37): warning CS1591: Missing XML comment for publicly visible type or member 'PropertyReference.Create(Guid)' [/Users/kady/Masterdom/src/Masterdom.Modules.Billing/Masterdom.Modules.Billing.csproj]
/Users/kady/Masterdom/src/Masterdom.Modules.Billing/Domain/Entities/Billing/PropertyReference.cs(27,45): warning CS1591: Missing XML comment for publicly visible type or member 'PropertyReference.GetEqualityComponents()' [/Users/kady/Masterdom/src/Masterdom.Modules.Billing/Masterdom.Modules.Billing.csproj]
/Users/kady/Masterdom/src/Masterdom.Modules.Billing/Domain/Entities/Billing/SnapshotVersion.cs(15,16): warning CS1591: Missing XML comment for publicly visible type or member 'SnapshotVersion.Value' [/Users/kady/Masterdom/src/Masterdom.Modules.Billing/Masterdom.Modules.Billing.csproj]
/Users/kady/Masterdom/src/Masterdom.Modules.Billing/Domain/Entities/Billing/SnapshotVersion.cs(17,35): warning CS1591: Missing XML comment for publicly visible type or member 'SnapshotVersion.Create(int)' [/Users/kady/Masterdom/src/Masterdom.Modules.Billing/Masterdom.Modules.Billing.csproj]
/Users/kady/Masterdom/src/Masterdom.Modules.Billing/Domain/Entities/Billing/SnapshotVersion.cs(27,45): warning CS1591: Missing XML comment for publicly visible type or member 'SnapshotVersion.GetEqualityComponents()' [/Users/kady/Masterdom/src/Masterdom.Modules.Billing/Masterdom.Modules.Billing.csproj]
/Users/kady/Masterdom/src/Masterdom.Modules.Billing/Domain/Entities/Billing/TenancyReference.cs(15,17): warning CS1591: Missing XML comment for publicly visible type or member 'TenancyReference.TenancyId' [/Users/kady/Masterdom/src/Masterdom.Modules.Billing/Masterdom.Modules.Billing.csproj]
/Users/kady/Masterdom/src/Masterdom.Modules.Billing/Domain/Entities/Billing/TenancyReference.cs(17,36): warning CS1591: Missing XML comment for publicly visible type or member 'TenancyReference.Create(Guid)' [/Users/kady/Masterdom/src/Masterdom.Modules.Billing/Masterdom.Modules.Billing.csproj]
/Users/kady/Masterdom/src/Masterdom.Modules.Billing/Domain/Entities/Billing/TenancyReference.cs(27,45): warning CS1591: Missing XML comment for publicly visible type or member 'TenancyReference.GetEqualityComponents()' [/Users/kady/Masterdom/src/Masterdom.Modules.Billing/Masterdom.Modules.Billing.csproj]
/Users/kady/Masterdom/src/Masterdom.Modules.Billing/Domain/Entities/Billing/TotalAmount.cs(15,20): warning CS1591: Missing XML comment for publicly visible type or member 'TotalAmount.Value' [/Users/kady/Masterdom/src/Masterdom.Modules.Billing/Masterdom.Modules.Billing.csproj]
/Users/kady/Masterdom/src/Masterdom.Modules.Billing/Domain/Entities/Billing/TotalAmount.cs(17,31): warning CS1591: Missing XML comment for publicly visible type or member 'TotalAmount.Create(decimal)' [/Users/kady/Masterdom/src/Masterdom.Modules.Billing/Masterdom.Modules.Billing.csproj]
/Users/kady/Masterdom/src/Masterdom.Modules.Billing/Domain/Entities/Billing/TotalAmount.cs(27,45): warning CS1591: Missing XML comment for publicly visible type or member 'TotalAmount.GetEqualityComponents()' [/Users/kady/Masterdom/src/Masterdom.Modules.Billing/Masterdom.Modules.Billing.csproj]
/Users/kady/Masterdom/src/Masterdom.Modules.Billing/Domain/Repositories/IBillRepository.cs(6,18): warning CS1591: Missing XML comment for publicly visible type or member 'IBillRepository' [/Users/kady/Masterdom/src/Masterdom.Modules.Billing/Masterdom.Modules.Billing.csproj]
/Users/kady/Masterdom/src/Masterdom.Modules.Billing/Domain/Repositories/IBillRepository.cs(8,10): warning CS1591: Missing XML comment for publicly visible type or member 'IBillRepository.Add(Bill)' [/Users/kady/Masterdom/src/Masterdom.Modules.Billing/Masterdom.Modules.Billing.csproj]
/Users/kady/Masterdom/src/Masterdom.Modules.Billing/Domain/Repositories/IBillRepository.cs(10,20): warning CS1591: Missing XML comment for publicly visible type or member 'IBillRepository.GetById(BillId)' [/Users/kady/Masterdom/src/Masterdom.Modules.Billing/Masterdom.Modules.Billing.csproj]
/Users/kady/Masterdom/src/Masterdom.Modules.Billing/Domain/Repositories/IBillRepository.cs(12,20): warning CS1591: Missing XML comment for publicly visible type or member 'IBillRepository.GetByNumber(BillNumber)' [/Users/kady/Masterdom/src/Masterdom.Modules.Billing/Masterdom.Modules.Billing.csproj]
/Users/kady/Masterdom/src/Masterdom.Modules.Billing/Domain/Repositories/IBillRepository.cs(14,10): warning CS1591: Missing XML comment for publicly visible type or member 'IBillRepository.Update(Bill)' [/Users/kady/Masterdom/src/Masterdom.Modules.Billing/Masterdom.Modules.Billing.csproj]
/Users/kady/Masterdom/src/Masterdom.Modules.Inventory/Application/Support/ExecutionResult.cs(48,38): warning CS0108: 'ExecutionResult<T>.Failure(string, string)' hides inherited member 'ExecutionResult.Failure(string, string)'. Use the new keyword if hiding was intended. [/Users/kady/Masterdom/src/Masterdom.Modules.Inventory/Masterdom.Modules.Inventory.csproj]
/Users/kady/Masterdom/src/Masterdom.Modules.Inventory/Application/Commands/AdjustStockCommand.cs(5,22): warning CS1591: Missing XML comment for publicly visible type or member 'AdjustStockCommand' [/Users/kady/Masterdom/src/Masterdom.Modules.Inventory/Masterdom.Modules.Inventory.csproj]
/Users/kady/Masterdom/src/Masterdom.Modules.Inventory/Application/Commands/AdjustStockCommand.cs(5,22): warning CS1591: Missing XML comment for publicly visible type or member 'AdjustStockCommand.AdjustStockCommand(InventoryItemId, decimal)' [/Users/kady/Masterdom/src/Masterdom.Modules.Inventory/Masterdom.Modules.Inventory.csproj]
/Users/kady/Masterdom/src/Masterdom.Modules.Inventory/Application/Commands/AdjustStockCommand.cs(6,21): warning CS1591: Missing XML comment for publicly visible type or member 'AdjustStockCommand.InventoryItemId' [/Users/kady/Masterdom/src/Masterdom.Modules.Inventory/Masterdom.Modules.Inventory.csproj]
/Users/kady/Masterdom/src/Masterdom.Modules.Inventory/Application/Commands/AdjustStockCommand.cs(7,13): warning CS1591: Missing XML comment for publicly visible type or member 'AdjustStockCommand.AdjustmentQuantity' [/Users/kady/Masterdom/src/Masterdom.Modules.Inventory/Masterdom.Modules.Inventory.csproj]
/Users/kady/Masterdom/src/Masterdom.Modules.Inventory/Application/Commands/CreateInventoryItemCommand.cs(3,22): warning CS1591: Missing XML comment for publicly visible type or member 'CreateInventoryItemCommand' [/Users/kady/Masterdom/src/Masterdom.Modules.Inventory/Masterdom.Modules.Inventory.csproj]
/Users/kady/Masterdom/src/Masterdom.Modules.Inventory/Application/Commands/CreateInventoryItemCommand.cs(3,22): warning CS1591: Missing XML comment for publicly visible type or member 'CreateInventoryItemCommand.CreateInventoryItemCommand(Guid, Guid, string, string, decimal, DateTime)' [/Users/kady/Masterdom/src/Masterdom.Modules.Inventory/Masterdom.Modules.Inventory.csproj]
/Users/kady/Masterdom/src/Masterdom.Modules.Inventory/Application/Commands/CreateInventoryItemCommand.cs(4,10): warning CS1591: Missing XML comment for publicly visible type or member 'CreateInventoryItemCommand.PropertyId' [/Users/kady/Masterdom/src/Masterdom.Modules.Inventory/Masterdom.Modules.Inventory.csproj]
/Users/kady/Masterdom/src/Masterdom.Modules.Inventory/Application/Commands/CreateInventoryItemCommand.cs(5,10): warning CS1591: Missing XML comment for publicly visible type or member 'CreateInventoryItemCommand.StockLocationId' [/Users/kady/Masterdom/src/Masterdom.Modules.Inventory/Masterdom.Modules.Inventory.csproj]
/Users/kady/Masterdom/src/Masterdom.Modules.Inventory/Application/Commands/CreateInventoryItemCommand.cs(6,12): warning CS1591: Missing XML comment for publicly visible type or member 'CreateInventoryItemCommand.Sku' [/Users/kady/Masterdom/src/Masterdom.Modules.Inventory/Masterdom.Modules.Inventory.csproj]
/Users/kady/Masterdom/src/Masterdom.Modules.Inventory/Application/Commands/CreateInventoryItemCommand.cs(7,12): warning CS1591: Missing XML comment for publicly visible type or member 'CreateInventoryItemCommand.Name' [/Users/kady/Masterdom/src/Masterdom.Modules.Inventory/Masterdom.Modules.Inventory.csproj]
/Users/kady/Masterdom/src/Masterdom.Modules.Inventory/Application/Commands/CreateInventoryItemCommand.cs(8,13): warning CS1591: Missing XML comment for publicly visible type or member 'CreateInventoryItemCommand.QuantityOnHand' [/Users/kady/Masterdom/src/Masterdom.Modules.Inventory/Masterdom.Modules.Inventory.csproj]
/Users/kady/Masterdom/src/Masterdom.Modules.Inventory/Application/Commands/CreateInventoryItemCommand.cs(9,14): warning CS1591: Missing XML comment for publicly visible type or member 'CreateInventoryItemCommand.CreatedAtUtc' [/Users/kady/Masterdom/src/Masterdom.Modules.Inventory/Masterdom.Modules.Inventory.csproj]
/Users/kady/Masterdom/src/Masterdom.Modules.Inventory/Application/Commands/ReceiveStockCommand.cs(5,22): warning CS1591: Missing XML comment for publicly visible type or member 'ReceiveStockCommand' [/Users/kady/Masterdom/src/Masterdom.Modules.Inventory/Masterdom.Modules.Inventory.csproj]
/Users/kady/Masterdom/src/Masterdom.Modules.Inventory/Application/Commands/ReceiveStockCommand.cs(5,22): warning CS1591: Missing XML comment for publicly visible type or member 'ReceiveStockCommand.ReceiveStockCommand(InventoryItemId, decimal)' [/Users/kady/Masterdom/src/Masterdom.Modules.Inventory/Masterdom.Modules.Inventory.csproj]
/Users/kady/Masterdom/src/Masterdom.Modules.Inventory/Application/Commands/ReceiveStockCommand.cs(6,21): warning CS1591: Missing XML comment for publicly visible type or member 'ReceiveStockCommand.InventoryItemId' [/Users/kady/Masterdom/src/Masterdom.Modules.Inventory/Masterdom.Modules.Inventory.csproj]
/Users/kady/Masterdom/src/Masterdom.Modules.Inventory/Application/Commands/ReceiveStockCommand.cs(7,13): warning CS1591: Missing XML comment for publicly visible type or member 'ReceiveStockCommand.ReceivedQuantity' [/Users/kady/Masterdom/src/Masterdom.Modules.Inventory/Masterdom.Modules.Inventory.csproj]
/Users/kady/Masterdom/src/Masterdom.Modules.Inventory/Application/Commands/TransferInventoryCommand.cs(5,22): warning CS1591: Missing XML comment for publicly visible type or member 'TransferInventoryCommand' [/Users/kady/Masterdom/src/Masterdom.Modules.Inventory/Masterdom.Modules.Inventory.csproj]
/Users/kady/Masterdom/src/Masterdom.Modules.Inventory/Application/Commands/TransferInventoryCommand.cs(5,22): warning CS1591: Missing XML comment for publicly visible type or member 'TransferInventoryCommand.TransferInventoryCommand(InventoryItemId, Guid, decimal)' [/Users/kady/Masterdom/src/Masterdom.Modules.Inventory/Masterdom.Modules.Inventory.csproj]
/Users/kady/Masterdom/src/Masterdom.Modules.Inventory/Application/Commands/TransferInventoryCommand.cs(6,21): warning CS1591: Missing XML comment for publicly visible type or member 'TransferInventoryCommand.SourceInventoryItemId' [/Users/kady/Masterdom/src/Masterdom.Modules.Inventory/Masterdom.Modules.Inventory.csproj]
/Users/kady/Masterdom/src/Masterdom.Modules.Inventory/Application/Commands/TransferInventoryCommand.cs(7,10): warning CS1591: Missing XML comment for publicly visible type or member 'TransferInventoryCommand.DestinationStockLocationId' [/Users/kady/Masterdom/src/Masterdom.Modules.Inventory/Masterdom.Modules.Inventory.csproj]
/Users/kady/Masterdom/src/Masterdom.Modules.Inventory/Application/Commands/TransferInventoryCommand.cs(8,13): warning CS1591: Missing XML comment for publicly visible type or member 'TransferInventoryCommand.TransferQuantity' [/Users/kady/Masterdom/src/Masterdom.Modules.Inventory/Masterdom.Modules.Inventory.csproj]
/Users/kady/Masterdom/src/Masterdom.Modules.Inventory/Application/Handlers/Commands/AdjustStockCommandHandler.cs(8,21): warning CS1591: Missing XML comment for publicly visible type or member 'AdjustStockCommandHandler' [/Users/kady/Masterdom/src/Masterdom.Modules.Inventory/Masterdom.Modules.Inventory.csproj]
/Users/kady/Masterdom/src/Masterdom.Modules.Inventory/Application/Handlers/Commands/AdjustStockCommandHandler.cs(12,12): warning CS1591: Missing XML comment for publicly visible type or member 'AdjustStockCommandHandler.AdjustStockCommandHandler(IInventoryApplicationService)' [/Users/kady/Masterdom/src/Masterdom.Modules.Inventory/Masterdom.Modules.Inventory.csproj]
/Users/kady/Masterdom/src/Masterdom.Modules.Inventory/Application/Handlers/Commands/AdjustStockCommandHandler.cs(17,52): warning CS1591: Missing XML comment for publicly visible type or member 'AdjustStockCommandHandler.Handle(AdjustStockCommand)' [/Users/kady/Masterdom/src/Masterdom.Modules.Inventory/Masterdom.Modules.Inventory.csproj]
/Users/kady/Masterdom/src/Masterdom.Modules.Inventory/Application/Handlers/Commands/CreateInventoryItemCommandHandler.cs(8,21): warning CS1591: Missing XML comment for publicly visible type or member 'CreateInventoryItemCommandHandler' [/Users/kady/Masterdom/src/Masterdom.Modules.Inventory/Masterdom.Modules.Inventory.csproj]
/Users/kady/Masterdom/src/Masterdom.Modules.Inventory/Application/Handlers/Commands/CreateInventoryItemCommandHandler.cs(12,12): warning CS1591: Missing XML comment for publicly visible type or member 'CreateInventoryItemCommandHandler.CreateInventoryItemCommandHandler(IInventoryApplicationService)' [/Users/kady/Masterdom/src/Masterdom.Modules.Inventory/Masterdom.Modules.Inventory.csproj]
/Users/kady/Masterdom/src/Masterdom.Modules.Inventory/Application/Handlers/Commands/CreateInventoryItemCommandHandler.cs(17,52): warning CS1591: Missing XML comment for publicly visible type or member 'CreateInventoryItemCommandHandler.Handle(CreateInventoryItemCommand)' [/Users/kady/Masterdom/src/Masterdom.Modules.Inventory/Masterdom.Modules.Inventory.csproj]
/Users/kady/Masterdom/src/Masterdom.Modules.Inventory/Application/Handlers/Commands/ReceiveStockCommandHandler.cs(8,21): warning CS1591: Missing XML comment for publicly visible type or member 'ReceiveStockCommandHandler' [/Users/kady/Masterdom/src/Masterdom.Modules.Inventory/Masterdom.Modules.Inventory.csproj]
/Users/kady/Masterdom/src/Masterdom.Modules.Inventory/Application/Handlers/Commands/ReceiveStockCommandHandler.cs(12,12): warning CS1591: Missing XML comment for publicly visible type or member 'ReceiveStockCommandHandler.ReceiveStockCommandHandler(IInventoryApplicationService)' [/Users/kady/Masterdom/src/Masterdom.Modules.Inventory/Masterdom.Modules.Inventory.csproj]
/Users/kady/Masterdom/src/Masterdom.Modules.Inventory/Application/Handlers/Commands/ReceiveStockCommandHandler.cs(17,52): warning CS1591: Missing XML comment for publicly visible type or member 'ReceiveStockCommandHandler.Handle(ReceiveStockCommand)' [/Users/kady/Masterdom/src/Masterdom.Modules.Inventory/Masterdom.Modules.Inventory.csproj]
/Users/kady/Masterdom/src/Masterdom.Modules.Inventory/Application/Handlers/Commands/TransferInventoryCommandHandler.cs(8,21): warning CS1591: Missing XML comment for publicly visible type or member 'TransferInventoryCommandHandler' [/Users/kady/Masterdom/src/Masterdom.Modules.Inventory/Masterdom.Modules.Inventory.csproj]
/Users/kady/Masterdom/src/Masterdom.Modules.Inventory/Application/Handlers/Commands/TransferInventoryCommandHandler.cs(12,12): warning CS1591: Missing XML comment for publicly visible type or member 'TransferInventoryCommandHandler.TransferInventoryCommandHandler(IInventoryApplicationService)' [/Users/kady/Masterdom/src/Masterdom.Modules.Inventory/Masterdom.Modules.Inventory.csproj]
/Users/kady/Masterdom/src/Masterdom.Modules.Inventory/Application/Handlers/Commands/TransferInventoryCommandHandler.cs(17,52): warning CS1591: Missing XML comment for publicly visible type or member 'TransferInventoryCommandHandler.Handle(TransferInventoryCommand)' [/Users/kady/Masterdom/src/Masterdom.Modules.Inventory/Masterdom.Modules.Inventory.csproj]
/Users/kady/Masterdom/src/Masterdom.Modules.Inventory/Application/Services/IInventoryApplicationService.cs(6,18): warning CS1591: Missing XML comment for publicly visible type or member 'IInventoryApplicationService' [/Users/kady/Masterdom/src/Masterdom.Modules.Inventory/Masterdom.Modules.Inventory.csproj]
/Users/kady/Masterdom/src/Masterdom.Modules.Inventory/Application/Services/IInventoryApplicationService.cs(8,28): warning CS1591: Missing XML comment for publicly visible type or member 'IInventoryApplicationService.CreateInventoryItem(CreateInventoryItemCommand)' [/Users/kady/Masterdom/src/Masterdom.Modules.Inventory/Masterdom.Modules.Inventory.csproj]
/Users/kady/Masterdom/src/Masterdom.Modules.Inventory/Application/Services/IInventoryApplicationService.cs(10,28): warning CS1591: Missing XML comment for publicly visible type or member 'IInventoryApplicationService.ReceiveStock(ReceiveStockCommand)' [/Users/kady/Masterdom/src/Masterdom.Modules.Inventory/Masterdom.Modules.Inventory.csproj]
/Users/kady/Masterdom/src/Masterdom.Modules.Inventory/Application/Services/IInventoryApplicationService.cs(12,28): warning CS1591: Missing XML comment for publicly visible type or member 'IInventoryApplicationService.AdjustStock(AdjustStockCommand)' [/Users/kady/Masterdom/src/Masterdom.Modules.Inventory/Masterdom.Modules.Inventory.csproj]
/Users/kady/Masterdom/src/Masterdom.Modules.Inventory/Application/Services/IInventoryApplicationService.cs(14,28): warning CS1591: Missing XML comment for publicly visible type or member 'IInventoryApplicationService.TransferInventory(TransferInventoryCommand)' [/Users/kady/Masterdom/src/Masterdom.Modules.Inventory/Masterdom.Modules.Inventory.csproj]
/Users/kady/Masterdom/src/Masterdom.Modules.Inventory/Application/Services/InventoryApplicationService.cs(9,21): warning CS1591: Missing XML comment for publicly visible type or member 'InventoryApplicationService' [/Users/kady/Masterdom/src/Masterdom.Modules.Inventory/Masterdom.Modules.Inventory.csproj]
/Users/kady/Masterdom/src/Masterdom.Modules.Inventory/Application/Services/InventoryApplicationService.cs(16,12): warning CS1591: Missing XML comment for publicly visible type or member 'InventoryApplicationService.InventoryApplicationService(IInventoryItemRepository, IInventoryUnitOfWork, IInventoryPlatformOrchestrator, IInventoryStockLocationLookup)' [/Users/kady/Masterdom/src/Masterdom.Modules.Inventory/Masterdom.Modules.Inventory.csproj]
/Users/kady/Masterdom/src/Masterdom.Modules.Inventory/Application/Services/InventoryApplicationService.cs(28,35): warning CS1591: Missing XML comment for publicly visible type or member 'InventoryApplicationService.CreateInventoryItem(CreateInventoryItemCommand)' [/Users/kady/Masterdom/src/Masterdom.Modules.Inventory/Masterdom.Modules.Inventory.csproj]
/Users/kady/Masterdom/src/Masterdom.Modules.Inventory/Application/Services/InventoryApplicationService.cs(57,35): warning CS1591: Missing XML comment for publicly visible type or member 'InventoryApplicationService.ReceiveStock(ReceiveStockCommand)' [/Users/kady/Masterdom/src/Masterdom.Modules.Inventory/Masterdom.Modules.Inventory.csproj]
/Users/kady/Masterdom/src/Masterdom.Modules.Inventory/Application/Services/InventoryApplicationService.cs(78,35): warning CS1591: Missing XML comment for publicly visible type or member 'InventoryApplicationService.AdjustStock(AdjustStockCommand)' [/Users/kady/Masterdom/src/Masterdom.Modules.Inventory/Masterdom.Modules.Inventory.csproj]
/Users/kady/Masterdom/src/Masterdom.Modules.Inventory/Application/Services/InventoryApplicationService.cs(99,35): warning CS1591: Missing XML comment for publicly visible type or member 'InventoryApplicationService.TransferInventory(TransferInventoryCommand)' [/Users/kady/Masterdom/src/Masterdom.Modules.Inventory/Masterdom.Modules.Inventory.csproj]
/Users/kady/Masterdom/src/Masterdom.Modules.Inventory/Application/Support/ExecutionResult.cs(3,14): warning CS1591: Missing XML comment for publicly visible type or member 'ExecutionResult' [/Users/kady/Masterdom/src/Masterdom.Modules.Inventory/Masterdom.Modules.Inventory.csproj]
/Users/kady/Masterdom/src/Masterdom.Modules.Inventory/Application/Support/ExecutionResult.cs(5,15): warning CS1591: Missing XML comment for publicly visible type or member 'ExecutionResult.ExecutionResult(bool, string?, string?)' [/Users/kady/Masterdom/src/Masterdom.Modules.Inventory/Masterdom.Modules.Inventory.csproj]
/Users/kady/Masterdom/src/Masterdom.Modules.Inventory/Application/Support/ExecutionResult.cs(12,17): warning CS1591: Missing XML comment for publicly visible type or member 'ExecutionResult.IsSuccess' [/Users/kady/Masterdom/src/Masterdom.Modules.Inventory/Masterdom.Modules.Inventory.csproj]
/Users/kady/Masterdom/src/Masterdom.Modules.Inventory/Application/Support/ExecutionResult.cs(14,20): warning CS1591: Missing XML comment for publicly visible type or member 'ExecutionResult.ErrorCode' [/Users/kady/Masterdom/src/Masterdom.Modules.Inventory/Masterdom.Modules.Inventory.csproj]
/Users/kady/Masterdom/src/Masterdom.Modules.Inventory/Application/Support/ExecutionResult.cs(16,20): warning CS1591: Missing XML comment for publicly visible type or member 'ExecutionResult.ErrorMessage' [/Users/kady/Masterdom/src/Masterdom.Modules.Inventory/Masterdom.Modules.Inventory.csproj]
/Users/kady/Masterdom/src/Masterdom.Modules.Inventory/Application/Support/ExecutionResult.cs(18,35): warning CS1591: Missing XML comment for publicly visible type or member 'ExecutionResult.Success()' [/Users/kady/Masterdom/src/Masterdom.Modules.Inventory/Masterdom.Modules.Inventory.csproj]
/Users/kady/Masterdom/src/Masterdom.Modules.Inventory/Application/Support/ExecutionResult.cs(23,35): warning CS1591: Missing XML comment for publicly visible type or member 'ExecutionResult.Failure(string, string)' [/Users/kady/Masterdom/src/Masterdom.Modules.Inventory/Masterdom.Modules.Inventory.csproj]
/Users/kady/Masterdom/src/Masterdom.Modules.Inventory/Application/Support/ExecutionResult.cs(32,21): warning CS1591: Missing XML comment for publicly visible type or member 'ExecutionResult<T>' [/Users/kady/Masterdom/src/Masterdom.Modules.Inventory/Masterdom.Modules.Inventory.csproj]
/Users/kady/Masterdom/src/Masterdom.Modules.Inventory/Application/Support/ExecutionResult.cs(40,15): warning CS1591: Missing XML comment for publicly visible type or member 'ExecutionResult<T>.Value' [/Users/kady/Masterdom/src/Masterdom.Modules.Inventory/Masterdom.Modules.Inventory.csproj]
/Users/kady/Masterdom/src/Masterdom.Modules.Inventory/Application/Support/ExecutionResult.cs(42,38): warning CS1591: Missing XML comment for publicly visible type or member 'ExecutionResult<T>.Success(T)' [/Users/kady/Masterdom/src/Masterdom.Modules.Inventory/Masterdom.Modules.Inventory.csproj]
/Users/kady/Masterdom/src/Masterdom.Modules.Inventory/Application/Support/ExecutionResult.cs(48,38): warning CS1591: Missing XML comment for publicly visible type or member 'ExecutionResult<T>.Failure(string, string)' [/Users/kady/Masterdom/src/Masterdom.Modules.Inventory/Masterdom.Modules.Inventory.csproj]
/Users/kady/Masterdom/src/Masterdom.Modules.Inventory/Application/Support/ICommandHandler.cs(3,18): warning CS1591: Missing XML comment for publicly visible type or member 'ICommandHandler<TCommand, TResult>' [/Users/kady/Masterdom/src/Masterdom.Modules.Inventory/Masterdom.Modules.Inventory.csproj]
/Users/kady/Masterdom/src/Masterdom.Modules.Inventory/Application/Support/ICommandHandler.cs(5,13): warning CS1591: Missing XML comment for publicly visible type or member 'ICommandHandler<TCommand, TResult>.Handle(TCommand)' [/Users/kady/Masterdom/src/Masterdom.Modules.Inventory/Masterdom.Modules.Inventory.csproj]
/Users/kady/Masterdom/src/Masterdom.Modules.Inventory/Application/Support/IInventoryPlatformOrchestrator.cs(5,18): warning CS1591: Missing XML comment for publicly visible type or member 'IInventoryPlatformOrchestrator' [/Users/kady/Masterdom/src/Masterdom.Modules.Inventory/Masterdom.Modules.Inventory.csproj]
/Users/kady/Masterdom/src/Masterdom.Modules.Inventory/Application/Support/IInventoryPlatformOrchestrator.cs(7,10): warning CS1591: Missing XML comment for publicly visible type or member 'IInventoryPlatformOrchestrator.OnInventoryItemMutated(InventoryItem, string)' [/Users/kady/Masterdom/src/Masterdom.Modules.Inventory/Masterdom.Modules.Inventory.csproj]
/Users/kady/Masterdom/src/Masterdom.Modules.Inventory/Application/Support/IInventoryStockLocationLookup.cs(3,18): warning CS1591: Missing XML comment for publicly visible type or member 'IInventoryStockLocationLookup' [/Users/kady/Masterdom/src/Masterdom.Modules.Inventory/Masterdom.Modules.Inventory.csproj]
/Users/kady/Masterdom/src/Masterdom.Modules.Inventory/Application/Support/IInventoryStockLocationLookup.cs(5,39): warning CS1591: Missing XML comment for publicly visible type or member 'IInventoryStockLocationLookup.Find(Guid)' [/Users/kady/Masterdom/src/Masterdom.Modules.Inventory/Masterdom.Modules.Inventory.csproj]
/Users/kady/Masterdom/src/Masterdom.Modules.Inventory/Application/Support/IInventoryUnitOfWork.cs(3,18): warning CS1591: Missing XML comment for publicly visible type or member 'IInventoryUnitOfWork' [/Users/kady/Masterdom/src/Masterdom.Modules.Inventory/Masterdom.Modules.Inventory.csproj]
/Users/kady/Masterdom/src/Masterdom.Modules.Inventory/Application/Support/IInventoryUnitOfWork.cs(5,10): warning CS1591: Missing XML comment for publicly visible type or member 'IInventoryUnitOfWork.Execute(Action)' [/Users/kady/Masterdom/src/Masterdom.Modules.Inventory/Masterdom.Modules.Inventory.csproj]
/Users/kady/Masterdom/src/Masterdom.Modules.Inventory/Domain/Entities/Inventory/Events/InventoryItemCreatedDomainEvent.cs(5,22): warning CS1591: Missing XML comment for publicly visible type or member 'InventoryItemCreatedDomainEvent' [/Users/kady/Masterdom/src/Masterdom.Modules.Inventory/Masterdom.Modules.Inventory.csproj]
/Users/kady/Masterdom/src/Masterdom.Modules.Inventory/Domain/Entities/Inventory/Events/InventoryItemCreatedDomainEvent.cs(5,22): warning CS1591: Missing XML comment for publicly visible type or member 'InventoryItemCreatedDomainEvent.InventoryItemCreatedDomainEvent(InventoryItemId, Guid, Guid, string, DateTime)' [/Users/kady/Masterdom/src/Masterdom.Modules.Inventory/Masterdom.Modules.Inventory.csproj]
/Users/kady/Masterdom/src/Masterdom.Modules.Inventory/Domain/Entities/Inventory/Events/InventoryItemCreatedDomainEvent.cs(6,21): warning CS1591: Missing XML comment for publicly visible type or member 'InventoryItemCreatedDomainEvent.InventoryItemId' [/Users/kady/Masterdom/src/Masterdom.Modules.Inventory/Masterdom.Modules.Inventory.csproj]
/Users/kady/Masterdom/src/Masterdom.Modules.Inventory/Domain/Entities/Inventory/Events/InventoryItemCreatedDomainEvent.cs(7,10): warning CS1591: Missing XML comment for publicly visible type or member 'InventoryItemCreatedDomainEvent.PropertyId' [/Users/kady/Masterdom/src/Masterdom.Modules.Inventory/Masterdom.Modules.Inventory.csproj]
/Users/kady/Masterdom/src/Masterdom.Modules.Inventory/Domain/Entities/Inventory/Events/InventoryItemCreatedDomainEvent.cs(8,10): warning CS1591: Missing XML comment for publicly visible type or member 'InventoryItemCreatedDomainEvent.StockLocationId' [/Users/kady/Masterdom/src/Masterdom.Modules.Inventory/Masterdom.Modules.Inventory.csproj]
/Users/kady/Masterdom/src/Masterdom.Modules.Inventory/Domain/Entities/Inventory/Events/InventoryItemCreatedDomainEvent.cs(9,12): warning CS1591: Missing XML comment for publicly visible type or member 'InventoryItemCreatedDomainEvent.Sku' [/Users/kady/Masterdom/src/Masterdom.Modules.Inventory/Masterdom.Modules.Inventory.csproj]
/Users/kady/Masterdom/src/Masterdom.Modules.Inventory/Domain/Entities/Inventory/Events/InventoryItemCreatedDomainEvent.cs(10,14): warning CS1591: Missing XML comment for publicly visible type or member 'InventoryItemCreatedDomainEvent.OccurredOnUtc' [/Users/kady/Masterdom/src/Masterdom.Modules.Inventory/Masterdom.Modules.Inventory.csproj]
/Users/kady/Masterdom/src/Masterdom.Modules.Inventory/Domain/Entities/Inventory/Events/InventoryStockAdjustedDomainEvent.cs(5,22): warning CS1591: Missing XML comment for publicly visible type or member 'InventoryStockAdjustedDomainEvent' [/Users/kady/Masterdom/src/Masterdom.Modules.Inventory/Masterdom.Modules.Inventory.csproj]
/Users/kady/Masterdom/src/Masterdom.Modules.Inventory/Domain/Entities/Inventory/Events/InventoryStockAdjustedDomainEvent.cs(5,22): warning CS1591: Missing XML comment for publicly visible type or member 'InventoryStockAdjustedDomainEvent.InventoryStockAdjustedDomainEvent(InventoryItemId, Guid, decimal, decimal, DateTime)' [/Users/kady/Masterdom/src/Masterdom.Modules.Inventory/Masterdom.Modules.Inventory.csproj]
/Users/kady/Masterdom/src/Masterdom.Modules.Inventory/Domain/Entities/Inventory/Events/InventoryStockAdjustedDomainEvent.cs(6,21): warning CS1591: Missing XML comment for publicly visible type or member 'InventoryStockAdjustedDomainEvent.InventoryItemId' [/Users/kady/Masterdom/src/Masterdom.Modules.Inventory/Masterdom.Modules.Inventory.csproj]
/Users/kady/Masterdom/src/Masterdom.Modules.Inventory/Domain/Entities/Inventory/Events/InventoryStockAdjustedDomainEvent.cs(7,10): warning CS1591: Missing XML comment for publicly visible type or member 'InventoryStockAdjustedDomainEvent.PropertyId' [/Users/kady/Masterdom/src/Masterdom.Modules.Inventory/Masterdom.Modules.Inventory.csproj]
/Users/kady/Masterdom/src/Masterdom.Modules.Inventory/Domain/Entities/Inventory/Events/InventoryStockAdjustedDomainEvent.cs(8,13): warning CS1591: Missing XML comment for publicly visible type or member 'InventoryStockAdjustedDomainEvent.AdjustmentQuantity' [/Users/kady/Masterdom/src/Masterdom.Modules.Inventory/Masterdom.Modules.Inventory.csproj]
/Users/kady/Masterdom/src/Masterdom.Modules.Inventory/Domain/Entities/Inventory/Events/InventoryStockAdjustedDomainEvent.cs(9,13): warning CS1591: Missing XML comment for publicly visible type or member 'InventoryStockAdjustedDomainEvent.QuantityOnHand' [/Users/kady/Masterdom/src/Masterdom.Modules.Inventory/Masterdom.Modules.Inventory.csproj]
/Users/kady/Masterdom/src/Masterdom.Modules.Inventory/Domain/Entities/Inventory/Events/InventoryStockAdjustedDomainEvent.cs(10,14): warning CS1591: Missing XML comment for publicly visible type or member 'InventoryStockAdjustedDomainEvent.OccurredOnUtc' [/Users/kady/Masterdom/src/Masterdom.Modules.Inventory/Masterdom.Modules.Inventory.csproj]
/Users/kady/Masterdom/src/Masterdom.Modules.Inventory/Domain/Entities/Inventory/Events/InventoryStockReceivedDomainEvent.cs(5,22): warning CS1591: Missing XML comment for publicly visible type or member 'InventoryStockReceivedDomainEvent' [/Users/kady/Masterdom/src/Masterdom.Modules.Inventory/Masterdom.Modules.Inventory.csproj]
/Users/kady/Masterdom/src/Masterdom.Modules.Inventory/Domain/Entities/Inventory/Events/InventoryStockReceivedDomainEvent.cs(5,22): warning CS1591: Missing XML comment for publicly visible type or member 'InventoryStockReceivedDomainEvent.InventoryStockReceivedDomainEvent(InventoryItemId, Guid, decimal, DateTime)' [/Users/kady/Masterdom/src/Masterdom.Modules.Inventory/Masterdom.Modules.Inventory.csproj]
/Users/kady/Masterdom/src/Masterdom.Modules.Inventory/Domain/Entities/Inventory/Events/InventoryStockReceivedDomainEvent.cs(6,21): warning CS1591: Missing XML comment for publicly visible type or member 'InventoryStockReceivedDomainEvent.InventoryItemId' [/Users/kady/Masterdom/src/Masterdom.Modules.Inventory/Masterdom.Modules.Inventory.csproj]
/Users/kady/Masterdom/src/Masterdom.Modules.Inventory/Domain/Entities/Inventory/Events/InventoryStockReceivedDomainEvent.cs(7,10): warning CS1591: Missing XML comment for publicly visible type or member 'InventoryStockReceivedDomainEvent.PropertyId' [/Users/kady/Masterdom/src/Masterdom.Modules.Inventory/Masterdom.Modules.Inventory.csproj]
/Users/kady/Masterdom/src/Masterdom.Modules.Inventory/Domain/Entities/Inventory/Events/InventoryStockReceivedDomainEvent.cs(8,13): warning CS1591: Missing XML comment for publicly visible type or member 'InventoryStockReceivedDomainEvent.ReceivedQuantity' [/Users/kady/Masterdom/src/Masterdom.Modules.Inventory/Masterdom.Modules.Inventory.csproj]
/Users/kady/Masterdom/src/Masterdom.Modules.Inventory/Domain/Entities/Inventory/Events/InventoryStockReceivedDomainEvent.cs(9,14): warning CS1591: Missing XML comment for publicly visible type or member 'InventoryStockReceivedDomainEvent.OccurredOnUtc' [/Users/kady/Masterdom/src/Masterdom.Modules.Inventory/Masterdom.Modules.Inventory.csproj]
/Users/kady/Masterdom/src/Masterdom.Modules.Inventory/Domain/Entities/Inventory/Events/InventoryStockTransferredDomainEvent.cs(5,22): warning CS1591: Missing XML comment for publicly visible type or member 'InventoryStockTransferredDomainEvent' [/Users/kady/Masterdom/src/Masterdom.Modules.Inventory/Masterdom.Modules.Inventory.csproj]
/Users/kady/Masterdom/src/Masterdom.Modules.Inventory/Domain/Entities/Inventory/Events/InventoryStockTransferredDomainEvent.cs(5,22): warning CS1591: Missing XML comment for publicly visible type or member 'InventoryStockTransferredDomainEvent.InventoryStockTransferredDomainEvent(Guid, string, Guid, Guid, decimal, DateTime)' [/Users/kady/Masterdom/src/Masterdom.Modules.Inventory/Masterdom.Modules.Inventory.csproj]
/Users/kady/Masterdom/src/Masterdom.Modules.Inventory/Domain/Entities/Inventory/Events/InventoryStockTransferredDomainEvent.cs(6,10): warning CS1591: Missing XML comment for publicly visible type or member 'InventoryStockTransferredDomainEvent.PropertyId' [/Users/kady/Masterdom/src/Masterdom.Modules.Inventory/Masterdom.Modules.Inventory.csproj]
/Users/kady/Masterdom/src/Masterdom.Modules.Inventory/Domain/Entities/Inventory/Events/InventoryStockTransferredDomainEvent.cs(7,12): warning CS1591: Missing XML comment for publicly visible type or member 'InventoryStockTransferredDomainEvent.Sku' [/Users/kady/Masterdom/src/Masterdom.Modules.Inventory/Masterdom.Modules.Inventory.csproj]
/Users/kady/Masterdom/src/Masterdom.Modules.Inventory/Domain/Entities/Inventory/Events/InventoryStockTransferredDomainEvent.cs(8,10): warning CS1591: Missing XML comment for publicly visible type or member 'InventoryStockTransferredDomainEvent.SourceStockLocationId' [/Users/kady/Masterdom/src/Masterdom.Modules.Inventory/Masterdom.Modules.Inventory.csproj]
/Users/kady/Masterdom/src/Masterdom.Modules.Inventory/Domain/Entities/Inventory/Events/InventoryStockTransferredDomainEvent.cs(9,10): warning CS1591: Missing XML comment for publicly visible type or member 'InventoryStockTransferredDomainEvent.DestinationStockLocationId' [/Users/kady/Masterdom/src/Masterdom.Modules.Inventory/Masterdom.Modules.Inventory.csproj]
/Users/kady/Masterdom/src/Masterdom.Modules.Inventory/Domain/Entities/Inventory/Events/InventoryStockTransferredDomainEvent.cs(10,13): warning CS1591: Missing XML comment for publicly visible type or member 'InventoryStockTransferredDomainEvent.Quantity' [/Users/kady/Masterdom/src/Masterdom.Modules.Inventory/Masterdom.Modules.Inventory.csproj]
/Users/kady/Masterdom/src/Masterdom.Modules.Inventory/Domain/Entities/Inventory/Events/InventoryStockTransferredDomainEvent.cs(11,14): warning CS1591: Missing XML comment for publicly visible type or member 'InventoryStockTransferredDomainEvent.OccurredOnUtc' [/Users/kady/Masterdom/src/Masterdom.Modules.Inventory/Masterdom.Modules.Inventory.csproj]
/Users/kady/Masterdom/src/Masterdom.Modules.Inventory/Domain/Entities/Inventory/InventoryItem.cs(8,21): warning CS1591: Missing XML comment for publicly visible type or member 'InventoryItem' [/Users/kady/Masterdom/src/Masterdom.Modules.Inventory/Masterdom.Modules.Inventory.csproj]
/Users/kady/Masterdom/src/Masterdom.Modules.Inventory/Domain/Entities/Inventory/InventoryItem.cs(30,17): warning CS1591: Missing XML comment for publicly visible type or member 'InventoryItem.PropertyId' [/Users/kady/Masterdom/src/Masterdom.Modules.Inventory/Masterdom.Modules.Inventory.csproj]
/Users/kady/Masterdom/src/Masterdom.Modules.Inventory/Domain/Entities/Inventory/InventoryItem.cs(32,17): warning CS1591: Missing XML comment for publicly visible type or member 'InventoryItem.StockLocationId' [/Users/kady/Masterdom/src/Masterdom.Modules.Inventory/Masterdom.Modules.Inventory.csproj]
/Users/kady/Masterdom/src/Masterdom.Modules.Inventory/Domain/Entities/Inventory/InventoryItem.cs(34,19): warning CS1591: Missing XML comment for publicly visible type or member 'InventoryItem.Sku' [/Users/kady/Masterdom/src/Masterdom.Modules.Inventory/Masterdom.Modules.Inventory.csproj]
/Users/kady/Masterdom/src/Masterdom.Modules.Inventory/Domain/Entities/Inventory/InventoryItem.cs(36,19): warning CS1591: Missing XML comment for publicly visible type or member 'InventoryItem.Name' [/Users/kady/Masterdom/src/Masterdom.Modules.Inventory/Masterdom.Modules.Inventory.csproj]
/Users/kady/Masterdom/src/Masterdom.Modules.Inventory/Domain/Entities/Inventory/InventoryItem.cs(38,20): warning CS1591: Missing XML comment for publicly visible type or member 'InventoryItem.QuantityOnHand' [/Users/kady/Masterdom/src/Masterdom.Modules.Inventory/Masterdom.Modules.Inventory.csproj]
/Users/kady/Masterdom/src/Masterdom.Modules.Inventory/Domain/Entities/Inventory/InventoryItem.cs(40,21): warning CS1591: Missing XML comment for publicly visible type or member 'InventoryItem.CreatedAtUtc' [/Users/kady/Masterdom/src/Masterdom.Modules.Inventory/Masterdom.Modules.Inventory.csproj]
/Users/kady/Masterdom/src/Masterdom.Modules.Inventory/Domain/Entities/Inventory/InventoryItem.cs(42,46): warning CS1591: Missing XML comment for publicly visible type or member 'InventoryItem.DomainEvents' [/Users/kady/Masterdom/src/Masterdom.Modules.Inventory/Masterdom.Modules.Inventory.csproj]
/Users/kady/Masterdom/src/Masterdom.Modules.Inventory/Domain/Entities/Inventory/InventoryItem.cs(44,33): warning CS1591: Missing XML comment for publicly visible type or member 'InventoryItem.Create(InventoryItemId, Guid, Guid, string, string, decimal, DateTime)' [/Users/kady/Masterdom/src/Masterdom.Modules.Inventory/Masterdom.Modules.Inventory.csproj]
/Users/kady/Masterdom/src/Masterdom.Modules.Inventory/Domain/Entities/Inventory/InventoryItem.cs(107,17): warning CS1591: Missing XML comment for publicly visible type or member 'InventoryItem.ReceiveStock(decimal)' [/Users/kady/Masterdom/src/Masterdom.Modules.Inventory/Masterdom.Modules.Inventory.csproj]
/Users/kady/Masterdom/src/Masterdom.Modules.Inventory/Domain/Entities/Inventory/InventoryItem.cs(123,17): warning CS1591: Missing XML comment for publicly visible type or member 'InventoryItem.AdjustStock(decimal)' [/Users/kady/Masterdom/src/Masterdom.Modules.Inventory/Masterdom.Modules.Inventory.csproj]
/Users/kady/Masterdom/src/Masterdom.Modules.Inventory/Domain/Entities/Inventory/InventoryItem.cs(146,17): warning CS1591: Missing XML comment for publicly visible type or member 'InventoryItem.TransferStockTo(InventoryItem, decimal)' [/Users/kady/Masterdom/src/Masterdom.Modules.Inventory/Masterdom.Modules.Inventory.csproj]
/Users/kady/Masterdom/src/Masterdom.Modules.Inventory/Domain/Entities/Inventory/InventoryItem.cs(187,17): warning CS1591: Missing XML comment for publicly visible type or member 'InventoryItem.ClearDomainEvents()' [/Users/kady/Masterdom/src/Masterdom.Modules.Inventory/Masterdom.Modules.Inventory.csproj]
/Users/kady/Masterdom/src/Masterdom.Modules.Inventory/Domain/Entities/Inventory/InventoryItemId.cs(5,22): warning CS1591: Missing XML comment for publicly visible type or member 'InventoryItemId' [/Users/kady/Masterdom/src/Masterdom.Modules.Inventory/Masterdom.Modules.Inventory.csproj]
/Users/kady/Masterdom/src/Masterdom.Modules.Inventory/Domain/Entities/Inventory/InventoryItemId.cs(5,22): warning CS1591: Missing XML comment for publicly visible type or member 'InventoryItemId.InventoryItemId(Guid)' [/Users/kady/Masterdom/src/Masterdom.Modules.Inventory/Masterdom.Modules.Inventory.csproj]
/Users/kady/Masterdom/src/Masterdom.Modules.Inventory/Domain/Entities/Inventory/InventoryItemId.cs(7,35): warning CS1591: Missing XML comment for publicly visible type or member 'InventoryItemId.New()' [/Users/kady/Masterdom/src/Masterdom.Modules.Inventory/Masterdom.Modules.Inventory.csproj]
/Users/kady/Masterdom/src/Masterdom.Modules.Inventory/Domain/Entities/Inventory/InventoryItemId.cs(12,35): warning CS1591: Missing XML comment for publicly visible type or member 'InventoryItemId.From(Guid)' [/Users/kady/Masterdom/src/Masterdom.Modules.Inventory/Masterdom.Modules.Inventory.csproj]
/Users/kady/Masterdom/src/Masterdom.Modules.Inventory/Domain/Repositories/IInventoryItemRepository.cs(5,18): warning CS1591: Missing XML comment for publicly visible type or member 'IInventoryItemRepository' [/Users/kady/Masterdom/src/Masterdom.Modules.Inventory/Masterdom.Modules.Inventory.csproj]
/Users/kady/Masterdom/src/Masterdom.Modules.Inventory/Domain/Repositories/IInventoryItemRepository.cs(7,10): warning CS1591: Missing XML comment for publicly visible type or member 'IInventoryItemRepository.Add(InventoryItem)' [/Users/kady/Masterdom/src/Masterdom.Modules.Inventory/Masterdom.Modules.Inventory.csproj]
/Users/kady/Masterdom/src/Masterdom.Modules.Inventory/Domain/Repositories/IInventoryItemRepository.cs(9,10): warning CS1591: Missing XML comment for publicly visible type or member 'IInventoryItemRepository.Update(InventoryItem)' [/Users/kady/Masterdom/src/Masterdom.Modules.Inventory/Masterdom.Modules.Inventory.csproj]
/Users/kady/Masterdom/src/Masterdom.Modules.Inventory/Domain/Repositories/IInventoryItemRepository.cs(11,20): warning CS1591: Missing XML comment for publicly visible type or member 'IInventoryItemRepository.GetById(InventoryItemId)' [/Users/kady/Masterdom/src/Masterdom.Modules.Inventory/Masterdom.Modules.Inventory.csproj]
/Users/kady/Masterdom/src/Masterdom.Modules.Inventory/Domain/Repositories/IInventoryItemRepository.cs(13,20): warning CS1591: Missing XML comment for publicly visible type or member 'IInventoryItemRepository.GetBySku(Guid, string)' [/Users/kady/Masterdom/src/Masterdom.Modules.Inventory/Masterdom.Modules.Inventory.csproj]
/Users/kady/Masterdom/src/Masterdom.Modules.Inventory/Domain/Repositories/IInventoryItemRepository.cs(15,20): warning CS1591: Missing XML comment for publicly visible type or member 'IInventoryItemRepository.GetBySkuAndLocation(Guid, Guid, string)' [/Users/kady/Masterdom/src/Masterdom.Modules.Inventory/Masterdom.Modules.Inventory.csproj]
/Users/kady/Masterdom/src/Masterdom.Platform/Services/PlatformServiceRegistry.cs(80,27): warning CS8600: Converting null literal or possible null value to non-nullable type. [/Users/kady/Masterdom/src/Masterdom.Platform/Masterdom.Platform.csproj]
/Users/kady/Masterdom/src/Masterdom.Platform/BusinessContext/BusinessContext.cs(13,12): warning CS1591: Missing XML comment for publicly visible type or member 'BusinessContext.BusinessContext(BusinessContextVersion, BusinessContextMetadata, IReadOnlyDictionary<string, BusinessContextSnapshot>, IReadOnlyList<BusinessContextReference>)' [/Users/kady/Masterdom/src/Masterdom.Platform/Masterdom.Platform.csproj]
/Users/kady/Masterdom/src/Masterdom.Platform/BusinessContext/BusinessContext.cs(33,35): warning CS1591: Missing XML comment for publicly visible type or member 'BusinessContext.Version' [/Users/kady/Masterdom/src/Masterdom.Platform/Masterdom.Platform.csproj]
/Users/kady/Masterdom/src/Masterdom.Platform/BusinessContext/BusinessContext.cs(35,36): warning CS1591: Missing XML comment for publicly visible type or member 'BusinessContext.Metadata' [/Users/kady/Masterdom/src/Masterdom.Platform/Masterdom.Platform.csproj]
/Users/kady/Masterdom/src/Masterdom.Platform/BusinessContext/BusinessContext.cs(37,65): warning CS1591: Missing XML comment for publicly visible type or member 'BusinessContext.Snapshots' [/Users/kady/Masterdom/src/Masterdom.Platform/Masterdom.Platform.csproj]
/Users/kady/Masterdom/src/Masterdom.Platform/BusinessContext/BusinessContext.cs(39,52): warning CS1591: Missing XML comment for publicly visible type or member 'BusinessContext.References' [/Users/kady/Masterdom/src/Masterdom.Platform/Masterdom.Platform.csproj]
/Users/kady/Masterdom/src/Masterdom.Platform/BusinessContext/BusinessContext.cs(41,17): warning CS1591: Missing XML comment for publicly visible type or member 'BusinessContext.TryGetSnapshot(string, out BusinessContextSnapshot?)' [/Users/kady/Masterdom/src/Masterdom.Platform/Masterdom.Platform.csproj]
/Users/kady/Masterdom/src/Masterdom.Platform/BusinessContext/BusinessContextBuilder.cs(13,12): warning CS1591: Missing XML comment for publicly visible type or member 'BusinessContextBuilder.BusinessContextBuilder(BusinessContextBuilderRegistry, BusinessContextOptions?)' [/Users/kady/Masterdom/src/Masterdom.Platform/Masterdom.Platform.csproj]
/Users/kady/Masterdom/src/Masterdom.Platform/BusinessContext/BusinessContextBuilder.cs(21,34): warning CS1591: Missing XML comment for publicly visible type or member 'BusinessContextBuilder.Build(BusinessContextRequest)' [/Users/kady/Masterdom/src/Masterdom.Platform/Masterdom.Platform.csproj]
/Users/kady/Masterdom/src/Masterdom.Platform/BusinessContext/BusinessContextBuilderRegistry.cs(10,12): warning CS1591: Missing XML comment for publicly visible type or member 'BusinessContextBuilderRegistry.BusinessContextBuilderRegistry(IEnumerable<IBusinessContextProvider>?)' [/Users/kady/Masterdom/src/Masterdom.Platform/Masterdom.Platform.csproj]
/Users/kady/Masterdom/src/Masterdom.Platform/BusinessContext/BusinessContextBuilderRegistry.cs(15,52): warning CS1591: Missing XML comment for publicly visible type or member 'BusinessContextBuilderRegistry.GetOrderedProviders()' [/Users/kady/Masterdom/src/Masterdom.Platform/Masterdom.Platform.csproj]
/Users/kady/Masterdom/src/Masterdom.Platform/BusinessContext/BusinessContextMetadata.cs(10,12): warning CS1591: Missing XML comment for publicly visible type or member 'BusinessContextMetadata.BusinessContextMetadata(DateTime, DateTime, string?, string?, string?, string?, string?, IReadOnlyList<string>, IReadOnlyList<string>, IReadOnlyDictionary<string, string>?)' [/Users/kady/Masterdom/src/Masterdom.Platform/Masterdom.Platform.csproj]
/Users/kady/Masterdom/src/Masterdom.Platform/BusinessContext/BusinessContextMetadata.cs(35,21): warning CS1591: Missing XML comment for publicly visible type or member 'BusinessContextMetadata.CreatedAtUtc' [/Users/kady/Masterdom/src/Masterdom.Platform/Masterdom.Platform.csproj]
/Users/kady/Masterdom/src/Masterdom.Platform/BusinessContext/BusinessContextMetadata.cs(37,21): warning CS1591: Missing XML comment for publicly visible type or member 'BusinessContextMetadata.EffectiveDateUtc' [/Users/kady/Masterdom/src/Masterdom.Platform/Masterdom.Platform.csproj]
/Users/kady/Masterdom/src/Masterdom.Platform/BusinessContext/BusinessContextMetadata.cs(39,20): warning CS1591: Missing XML comment for publicly visible type or member 'BusinessContextMetadata.ConfigurationVersion' [/Users/kady/Masterdom/src/Masterdom.Platform/Masterdom.Platform.csproj]
/Users/kady/Masterdom/src/Masterdom.Platform/BusinessContext/BusinessContextMetadata.cs(41,20): warning CS1591: Missing XML comment for publicly visible type or member 'BusinessContextMetadata.Language' [/Users/kady/Masterdom/src/Masterdom.Platform/Masterdom.Platform.csproj]
/Users/kady/Masterdom/src/Masterdom.Platform/BusinessContext/BusinessContextMetadata.cs(43,20): warning CS1591: Missing XML comment for publicly visible type or member 'BusinessContextMetadata.SecurityContext' [/Users/kady/Masterdom/src/Masterdom.Platform/Masterdom.Platform.csproj]
/Users/kady/Masterdom/src/Masterdom.Platform/BusinessContext/BusinessContextMetadata.cs(45,20): warning CS1591: Missing XML comment for publicly visible type or member 'BusinessContextMetadata.UserId' [/Users/kady/Masterdom/src/Masterdom.Platform/Masterdom.Platform.csproj]
/Users/kady/Masterdom/src/Masterdom.Platform/BusinessContext/BusinessContextMetadata.cs(47,20): warning CS1591: Missing XML comment for publicly visible type or member 'BusinessContextMetadata.PortfolioId' [/Users/kady/Masterdom/src/Masterdom.Platform/Masterdom.Platform.csproj]
/Users/kady/Masterdom/src/Masterdom.Platform/BusinessContext/BusinessContextMetadata.cs(49,34): warning CS1591: Missing XML comment for publicly visible type or member 'BusinessContextMetadata.ProviderExecutionOrder' [/Users/kady/Masterdom/src/Masterdom.Platform/Masterdom.Platform.csproj]
/Users/kady/Masterdom/src/Masterdom.Platform/BusinessContext/BusinessContextMetadata.cs(51,34): warning CS1591: Missing XML comment for publicly visible type or member 'BusinessContextMetadata.Warnings' [/Users/kady/Masterdom/src/Masterdom.Platform/Masterdom.Platform.csproj]
/Users/kady/Masterdom/src/Masterdom.Platform/BusinessContext/BusinessContextMetadata.cs(53,48): warning CS1591: Missing XML comment for publicly visible type or member 'BusinessContextMetadata.Attributes' [/Users/kady/Masterdom/src/Masterdom.Platform/Masterdom.Platform.csproj]
/Users/kady/Masterdom/src/Masterdom.Platform/BusinessContext/BusinessContextOptions.cs(8,42): warning CS1591: Missing XML comment for publicly visible type or member 'BusinessContextOptions.Default' [/Users/kady/Masterdom/src/Masterdom.Platform/Masterdom.Platform.csproj]
/Users/kady/Masterdom/src/Masterdom.Platform/BusinessContext/BusinessContextOptions.cs(10,35): warning CS1591: Missing XML comment for publicly visible type or member 'BusinessContextOptions.Version' [/Users/kady/Masterdom/src/Masterdom.Platform/Masterdom.Platform.csproj]
/Users/kady/Masterdom/src/Masterdom.Platform/BusinessContext/BusinessContextOptions.cs(12,17): warning CS1591: Missing XML comment for publicly visible type or member 'BusinessContextOptions.RequireUtcEffectiveDate' [/Users/kady/Masterdom/src/Masterdom.Platform/Masterdom.Platform.csproj]
/Users/kady/Masterdom/src/Masterdom.Platform/BusinessContext/BusinessContextOptions.cs(14,27): warning CS1591: Missing XML comment for publicly visible type or member 'BusinessContextOptions.SnapshotKeyComparer' [/Users/kady/Masterdom/src/Masterdom.Platform/Masterdom.Platform.csproj]
/Users/kady/Masterdom/src/Masterdom.Platform/BusinessContext/BusinessContextProviderResult.cs(10,49): warning CS1591: Missing XML comment for publicly visible type or member 'BusinessContextProviderResult.Empty' [/Users/kady/Masterdom/src/Masterdom.Platform/Masterdom.Platform.csproj]
/Users/kady/Masterdom/src/Masterdom.Platform/BusinessContext/BusinessContextProviderResult.cs(17,12): warning CS1591: Missing XML comment for publicly visible type or member 'BusinessContextProviderResult.BusinessContextProviderResult(IReadOnlyList<BusinessContextSnapshot>, IReadOnlyList<BusinessContextReference>, IReadOnlyList<string>?, IReadOnlyDictionary<string, string>?)' [/Users/kady/Masterdom/src/Masterdom.Platform/Masterdom.Platform.csproj]
/Users/kady/Masterdom/src/Masterdom.Platform/BusinessContext/BusinessContextProviderResult.cs(30,51): warning CS1591: Missing XML comment for publicly visible type or member 'BusinessContextProviderResult.Snapshots' [/Users/kady/Masterdom/src/Masterdom.Platform/Masterdom.Platform.csproj]
/Users/kady/Masterdom/src/Masterdom.Platform/BusinessContext/BusinessContextProviderResult.cs(32,52): warning CS1591: Missing XML comment for publicly visible type or member 'BusinessContextProviderResult.References' [/Users/kady/Masterdom/src/Masterdom.Platform/Masterdom.Platform.csproj]
/Users/kady/Masterdom/src/Masterdom.Platform/BusinessContext/BusinessContextProviderResult.cs(34,34): warning CS1591: Missing XML comment for publicly visible type or member 'BusinessContextProviderResult.Warnings' [/Users/kady/Masterdom/src/Masterdom.Platform/Masterdom.Platform.csproj]
/Users/kady/Masterdom/src/Masterdom.Platform/BusinessContext/BusinessContextProviderResult.cs(36,48): warning CS1591: Missing XML comment for publicly visible type or member 'BusinessContextProviderResult.Metadata' [/Users/kady/Masterdom/src/Masterdom.Platform/Masterdom.Platform.csproj]
/Users/kady/Masterdom/src/Masterdom.Platform/BusinessContext/BusinessContextReference.cs(10,12): warning CS1591: Missing XML comment for publicly visible type or member 'BusinessContextReference.BusinessContextReference(string, string, string, string?, DateTime?, IReadOnlyDictionary<string, string>?)' [/Users/kady/Masterdom/src/Masterdom.Platform/Masterdom.Platform.csproj]
/Users/kady/Masterdom/src/Masterdom.Platform/BusinessContext/BusinessContextReference.cs(27,19): warning CS1591: Missing XML comment for publicly visible type or member 'BusinessContextReference.Provider' [/Users/kady/Masterdom/src/Masterdom.Platform/Masterdom.Platform.csproj]
/Users/kady/Masterdom/src/Masterdom.Platform/BusinessContext/BusinessContextReference.cs(29,19): warning CS1591: Missing XML comment for publicly visible type or member 'BusinessContextReference.Source' [/Users/kady/Masterdom/src/Masterdom.Platform/Masterdom.Platform.csproj]
/Users/kady/Masterdom/src/Masterdom.Platform/BusinessContext/BusinessContextReference.cs(31,19): warning CS1591: Missing XML comment for publicly visible type or member 'BusinessContextReference.ReferenceId' [/Users/kady/Masterdom/src/Masterdom.Platform/Masterdom.Platform.csproj]
/Users/kady/Masterdom/src/Masterdom.Platform/BusinessContext/BusinessContextReference.cs(33,20): warning CS1591: Missing XML comment for publicly visible type or member 'BusinessContextReference.SourceVersion' [/Users/kady/Masterdom/src/Masterdom.Platform/Masterdom.Platform.csproj]
/Users/kady/Masterdom/src/Masterdom.Platform/BusinessContext/BusinessContextReference.cs(35,22): warning CS1591: Missing XML comment for publicly visible type or member 'BusinessContextReference.EffectiveDateUtc' [/Users/kady/Masterdom/src/Masterdom.Platform/Masterdom.Platform.csproj]
/Users/kady/Masterdom/src/Masterdom.Platform/BusinessContext/BusinessContextReference.cs(37,48): warning CS1591: Missing XML comment for publicly visible type or member 'BusinessContextReference.Attributes' [/Users/kady/Masterdom/src/Masterdom.Platform/Masterdom.Platform.csproj]
/Users/kady/Masterdom/src/Masterdom.Platform/BusinessContext/BusinessContextRequest.cs(10,12): warning CS1591: Missing XML comment for publicly visible type or member 'BusinessContextRequest.BusinessContextRequest(DateTime, string?, string?, string?, string?, string?, IReadOnlyDictionary<string, string>?)' [/Users/kady/Masterdom/src/Masterdom.Platform/Masterdom.Platform.csproj]
/Users/kady/Masterdom/src/Masterdom.Platform/BusinessContext/BusinessContextRequest.cs(29,21): warning CS1591: Missing XML comment for publicly visible type or member 'BusinessContextRequest.EffectiveDateUtc' [/Users/kady/Masterdom/src/Masterdom.Platform/Masterdom.Platform.csproj]
/Users/kady/Masterdom/src/Masterdom.Platform/BusinessContext/BusinessContextRequest.cs(31,20): warning CS1591: Missing XML comment for publicly visible type or member 'BusinessContextRequest.ConfigurationVersion' [/Users/kady/Masterdom/src/Masterdom.Platform/Masterdom.Platform.csproj]
/Users/kady/Masterdom/src/Masterdom.Platform/BusinessContext/BusinessContextRequest.cs(33,20): warning CS1591: Missing XML comment for publicly visible type or member 'BusinessContextRequest.Language' [/Users/kady/Masterdom/src/Masterdom.Platform/Masterdom.Platform.csproj]
/Users/kady/Masterdom/src/Masterdom.Platform/BusinessContext/BusinessContextRequest.cs(35,20): warning CS1591: Missing XML comment for publicly visible type or member 'BusinessContextRequest.SecurityContext' [/Users/kady/Masterdom/src/Masterdom.Platform/Masterdom.Platform.csproj]
/Users/kady/Masterdom/src/Masterdom.Platform/BusinessContext/BusinessContextRequest.cs(37,20): warning CS1591: Missing XML comment for publicly visible type or member 'BusinessContextRequest.UserId' [/Users/kady/Masterdom/src/Masterdom.Platform/Masterdom.Platform.csproj]
/Users/kady/Masterdom/src/Masterdom.Platform/BusinessContext/BusinessContextRequest.cs(39,20): warning CS1591: Missing XML comment for publicly visible type or member 'BusinessContextRequest.PortfolioId' [/Users/kady/Masterdom/src/Masterdom.Platform/Masterdom.Platform.csproj]
/Users/kady/Masterdom/src/Masterdom.Platform/BusinessContext/BusinessContextRequest.cs(41,48): warning CS1591: Missing XML comment for publicly visible type or member 'BusinessContextRequest.Attributes' [/Users/kady/Masterdom/src/Masterdom.Platform/Masterdom.Platform.csproj]
/Users/kady/Masterdom/src/Masterdom.Platform/BusinessContext/BusinessContextResult.cs(8,12): warning CS1591: Missing XML comment for publicly visible type or member 'BusinessContextResult.BusinessContextResult(BusinessContext, IReadOnlyList<string>)' [/Users/kady/Masterdom/src/Masterdom.Platform/Masterdom.Platform.csproj]
/Users/kady/Masterdom/src/Masterdom.Platform/BusinessContext/BusinessContextResult.cs(16,28): warning CS1591: Missing XML comment for publicly visible type or member 'BusinessContextResult.Context' [/Users/kady/Masterdom/src/Masterdom.Platform/Masterdom.Platform.csproj]
/Users/kady/Masterdom/src/Masterdom.Platform/BusinessContext/BusinessContextResult.cs(18,34): warning CS1591: Missing XML comment for publicly visible type or member 'BusinessContextResult.Warnings' [/Users/kady/Masterdom/src/Masterdom.Platform/Masterdom.Platform.csproj]
/Users/kady/Masterdom/src/Masterdom.Platform/BusinessContext/BusinessContextValidation.cs(8,24): warning CS1591: Missing XML comment for publicly visible type or member 'BusinessContextValidation.ValidateRequest(BusinessContextRequest, BusinessContextOptions)' [/Users/kady/Masterdom/src/Masterdom.Platform/Masterdom.Platform.csproj]
/Users/kady/Masterdom/src/Masterdom.Platform/BusinessContext/BusinessContextValidation.cs(25,24): warning CS1591: Missing XML comment for publicly visible type or member 'BusinessContextValidation.ValidateProviders(IReadOnlyList<IBusinessContextProvider>)' [/Users/kady/Masterdom/src/Masterdom.Platform/Masterdom.Platform.csproj]
/Users/kady/Masterdom/src/Masterdom.Platform/BusinessContext/BusinessContextValidation.cs(42,24): warning CS1591: Missing XML comment for publicly visible type or member 'BusinessContextValidation.ValidateProviderResult(IBusinessContextProvider, BusinessContextProviderResult)' [/Users/kady/Masterdom/src/Masterdom.Platform/Masterdom.Platform.csproj]
/Users/kady/Masterdom/src/Masterdom.Platform/BusinessContext/BusinessContextValidationException.cs(8,12): warning CS1591: Missing XML comment for publicly visible type or member 'BusinessContextValidationException.BusinessContextValidationException(string)' [/Users/kady/Masterdom/src/Masterdom.Platform/Masterdom.Platform.csproj]
/Users/kady/Masterdom/src/Masterdom.Platform/BusinessContext/BusinessContextVersion.cs(10,42): warning CS1591: Missing XML comment for publicly visible type or member 'BusinessContextVersion.BaselineV1' [/Users/kady/Masterdom/src/Masterdom.Platform/Masterdom.Platform.csproj]
/Users/kady/Masterdom/src/Masterdom.Platform/BusinessContext/BusinessContextVersion.cs(12,28): warning CS1591: Missing XML comment for publicly visible type or member 'BusinessContextVersion.ToString()' [/Users/kady/Masterdom/src/Masterdom.Platform/Masterdom.Platform.csproj]
/Users/kady/Masterdom/src/Masterdom.Platform/BusinessContext/IBusinessContextBuilder.cs(8,27): warning CS1591: Missing XML comment for publicly visible type or member 'IBusinessContextBuilder.Build(BusinessContextRequest)' [/Users/kady/Masterdom/src/Masterdom.Platform/Masterdom.Platform.csproj]
/Users/kady/Masterdom/src/Masterdom.Platform/BusinessContext/IBusinessContextProvider.cs(8,12): warning CS1591: Missing XML comment for publicly visible type or member 'IBusinessContextProvider.Name' [/Users/kady/Masterdom/src/Masterdom.Platform/Masterdom.Platform.csproj]
/Users/kady/Masterdom/src/Masterdom.Platform/BusinessContext/IBusinessContextProvider.cs(10,9): warning CS1591: Missing XML comment for publicly visible type or member 'IBusinessContextProvider.Order' [/Users/kady/Masterdom/src/Masterdom.Platform/Masterdom.Platform.csproj]
/Users/kady/Masterdom/src/Masterdom.Platform/BusinessContext/IBusinessContextProvider.cs(12,9): warning CS1591: Missing XML comment for publicly visible type or member 'IBusinessContextProvider.Priority' [/Users/kady/Masterdom/src/Masterdom.Platform/Masterdom.Platform.csproj]
/Users/kady/Masterdom/src/Masterdom.Platform/BusinessContext/IBusinessContextProvider.cs(14,10): warning CS1591: Missing XML comment for publicly visible type or member 'IBusinessContextProvider.IsOptional' [/Users/kady/Masterdom/src/Masterdom.Platform/Masterdom.Platform.csproj]
/Users/kady/Masterdom/src/Masterdom.Platform/BusinessContext/IBusinessContextProvider.cs(16,35): warning CS1591: Missing XML comment for publicly visible type or member 'IBusinessContextProvider.Provide(BusinessContextRequest)' [/Users/kady/Masterdom/src/Masterdom.Platform/Masterdom.Platform.csproj]
/Users/kady/Masterdom/src/Masterdom.Platform/CalculationEngine/CalculationEngineServiceCollectionExtensions.cs(7,21): warning CS1591: Missing XML comment for publicly visible type or member 'CalculationEngineServiceCollectionExtensions' [/Users/kady/Masterdom/src/Masterdom.Platform/Masterdom.Platform.csproj]
/Users/kady/Masterdom/src/Masterdom.Platform/CalculationEngine/CalculationEngineServiceCollectionExtensions.cs(9,38): warning CS1591: Missing XML comment for publicly visible type or member 'CalculationEngineServiceCollectionExtensions.AddCalculationEngine(IServiceCollection)' [/Users/kady/Masterdom/src/Masterdom.Platform/Masterdom.Platform.csproj]
/Users/kady/Masterdom/src/Masterdom.Platform/CalculationEngine/Contracts/CalculationEngineContracts.cs(6,18): warning CS1591: Missing XML comment for publicly visible type or member 'ICalculationInput' [/Users/kady/Masterdom/src/Masterdom.Platform/Masterdom.Platform.csproj]
/Users/kady/Masterdom/src/Masterdom.Platform/CalculationEngine/Contracts/CalculationEngineContracts.cs(8,42): warning CS1591: Missing XML comment for publicly visible type or member 'ICalculationInput.Values' [/Users/kady/Masterdom/src/Masterdom.Platform/Masterdom.Platform.csproj]
/Users/kady/Masterdom/src/Masterdom.Platform/CalculationEngine/Contracts/CalculationEngineContracts.cs(11,21): warning CS1591: Missing XML comment for publicly visible type or member 'CalculationInput' [/Users/kady/Masterdom/src/Masterdom.Platform/Masterdom.Platform.csproj]
/Users/kady/Masterdom/src/Masterdom.Platform/CalculationEngine/Contracts/CalculationEngineContracts.cs(15,12): warning CS1591: Missing XML comment for publicly visible type or member 'CalculationInput.CalculationInput(IReadOnlyDictionary<string, object?>?)' [/Users/kady/Masterdom/src/Masterdom.Platform/Masterdom.Platform.csproj]
/Users/kady/Masterdom/src/Masterdom.Platform/CalculationEngine/Contracts/CalculationEngineContracts.cs(22,49): warning CS1591: Missing XML comment for publicly visible type or member 'CalculationInput.Values' [/Users/kady/Masterdom/src/Masterdom.Platform/Masterdom.Platform.csproj]
/Users/kady/Masterdom/src/Masterdom.Platform/CalculationEngine/Contracts/CalculationEngineContracts.cs(25,18): warning CS1591: Missing XML comment for publicly visible type or member 'ICalculationOutput' [/Users/kady/Masterdom/src/Masterdom.Platform/Masterdom.Platform.csproj]
/Users/kady/Masterdom/src/Masterdom.Platform/CalculationEngine/Contracts/CalculationEngineContracts.cs(27,42): warning CS1591: Missing XML comment for publicly visible type or member 'ICalculationOutput.Values' [/Users/kady/Masterdom/src/Masterdom.Platform/Masterdom.Platform.csproj]
/Users/kady/Masterdom/src/Masterdom.Platform/CalculationEngine/Contracts/CalculationEngineContracts.cs(30,21): warning CS1591: Missing XML comment for publicly visible type or member 'CalculationOutput' [/Users/kady/Masterdom/src/Masterdom.Platform/Masterdom.Platform.csproj]
/Users/kady/Masterdom/src/Masterdom.Platform/CalculationEngine/Contracts/CalculationEngineContracts.cs(34,12): warning CS1591: Missing XML comment for publicly visible type or member 'CalculationOutput.CalculationOutput(IReadOnlyDictionary<string, object?>?)' [/Users/kady/Masterdom/src/Masterdom.Platform/Masterdom.Platform.csproj]
/Users/kady/Masterdom/src/Masterdom.Platform/CalculationEngine/Contracts/CalculationEngineContracts.cs(41,49): warning CS1591: Missing XML comment for publicly visible type or member 'CalculationOutput.Values' [/Users/kady/Masterdom/src/Masterdom.Platform/Masterdom.Platform.csproj]
/Users/kady/Masterdom/src/Masterdom.Platform/CalculationEngine/Contracts/CalculationEngineContracts.cs(44,18): warning CS1591: Missing XML comment for publicly visible type or member 'ICalculationContext' [/Users/kady/Masterdom/src/Masterdom.Platform/Masterdom.Platform.csproj]
/Users/kady/Masterdom/src/Masterdom.Platform/CalculationEngine/Contracts/CalculationEngineContracts.cs(46,14): warning CS1591: Missing XML comment for publicly visible type or member 'ICalculationContext.EffectiveDateUtc' [/Users/kady/Masterdom/src/Masterdom.Platform/Masterdom.Platform.csproj]
/Users/kady/Masterdom/src/Masterdom.Platform/CalculationEngine/Contracts/CalculationEngineContracts.cs(48,41): warning CS1591: Missing XML comment for publicly visible type or member 'ICalculationContext.ConfigurationSnapshots' [/Users/kady/Masterdom/src/Masterdom.Platform/Masterdom.Platform.csproj]
/Users/kady/Masterdom/src/Masterdom.Platform/CalculationEngine/Contracts/CalculationEngineContracts.cs(50,41): warning CS1591: Missing XML comment for publicly visible type or member 'ICalculationContext.StrategyIdentifiers' [/Users/kady/Masterdom/src/Masterdom.Platform/Masterdom.Platform.csproj]
/Users/kady/Masterdom/src/Masterdom.Platform/CalculationEngine/Contracts/CalculationEngineContracts.cs(52,41): warning CS1591: Missing XML comment for publicly visible type or member 'ICalculationContext.CallerMetadata' [/Users/kady/Masterdom/src/Masterdom.Platform/Masterdom.Platform.csproj]
/Users/kady/Masterdom/src/Masterdom.Platform/CalculationEngine/Contracts/CalculationEngineContracts.cs(55,21): warning CS1591: Missing XML comment for publicly visible type or member 'CalculationContext' [/Users/kady/Masterdom/src/Masterdom.Platform/Masterdom.Platform.csproj]
/Users/kady/Masterdom/src/Masterdom.Platform/CalculationEngine/Contracts/CalculationEngineContracts.cs(61,12): warning CS1591: Missing XML comment for publicly visible type or member 'CalculationContext.CalculationContext(DateTime, IReadOnlyDictionary<string, string>?, IReadOnlyDictionary<string, string>?, IReadOnlyDictionary<string, string>?)' [/Users/kady/Masterdom/src/Masterdom.Platform/Masterdom.Platform.csproj]
/Users/kady/Masterdom/src/Masterdom.Platform/CalculationEngine/Contracts/CalculationEngineContracts.cs(84,21): warning CS1591: Missing XML comment for publicly visible type or member 'CalculationContext.EffectiveDateUtc' [/Users/kady/Masterdom/src/Masterdom.Platform/Masterdom.Platform.csproj]
/Users/kady/Masterdom/src/Masterdom.Platform/CalculationEngine/Contracts/CalculationEngineContracts.cs(86,48): warning CS1591: Missing XML comment for publicly visible type or member 'CalculationContext.ConfigurationSnapshots' [/Users/kady/Masterdom/src/Masterdom.Platform/Masterdom.Platform.csproj]
/Users/kady/Masterdom/src/Masterdom.Platform/CalculationEngine/Contracts/CalculationEngineContracts.cs(88,48): warning CS1591: Missing XML comment for publicly visible type or member 'CalculationContext.StrategyIdentifiers' [/Users/kady/Masterdom/src/Masterdom.Platform/Masterdom.Platform.csproj]
/Users/kady/Masterdom/src/Masterdom.Platform/CalculationEngine/Contracts/CalculationEngineContracts.cs(90,48): warning CS1591: Missing XML comment for publicly visible type or member 'CalculationContext.CallerMetadata' [/Users/kady/Masterdom/src/Masterdom.Platform/Masterdom.Platform.csproj]
/Users/kady/Masterdom/src/Masterdom.Platform/CalculationEngine/Contracts/CalculationEngineContracts.cs(93,18): warning CS1591: Missing XML comment for publicly visible type or member 'ICalculationRequest' [/Users/kady/Masterdom/src/Masterdom.Platform/Masterdom.Platform.csproj]
/Users/kady/Masterdom/src/Masterdom.Platform/CalculationEngine/Contracts/CalculationEngineContracts.cs(95,38): warning CS1591: Missing XML comment for publicly visible type or member 'ICalculationRequest.OperationId' [/Users/kady/Masterdom/src/Masterdom.Platform/Masterdom.Platform.csproj]
/Users/kady/Masterdom/src/Masterdom.Platform/CalculationEngine/Contracts/CalculationEngineContracts.cs(97,25): warning CS1591: Missing XML comment for publicly visible type or member 'ICalculationRequest.Context' [/Users/kady/Masterdom/src/Masterdom.Platform/Masterdom.Platform.csproj]
/Users/kady/Masterdom/src/Masterdom.Platform/CalculationEngine/Contracts/CalculationEngineContracts.cs(99,23): warning CS1591: Missing XML comment for publicly visible type or member 'ICalculationRequest.Input' [/Users/kady/Masterdom/src/Masterdom.Platform/Masterdom.Platform.csproj]
/Users/kady/Masterdom/src/Masterdom.Platform/CalculationEngine/Contracts/CalculationEngineContracts.cs(102,21): warning CS1591: Missing XML comment for publicly visible type or member 'CalculationRequest' [/Users/kady/Masterdom/src/Masterdom.Platform/Masterdom.Platform.csproj]
/Users/kady/Masterdom/src/Masterdom.Platform/CalculationEngine/Contracts/CalculationEngineContracts.cs(104,12): warning CS1591: Missing XML comment for publicly visible type or member 'CalculationRequest.CalculationRequest(CalculationOperationDescriptorId, ICalculationContext, ICalculationInput)' [/Users/kady/Masterdom/src/Masterdom.Platform/Masterdom.Platform.csproj]
/Users/kady/Masterdom/src/Masterdom.Platform/CalculationEngine/Contracts/CalculationEngineContracts.cs(114,45): warning CS1591: Missing XML comment for publicly visible type or member 'CalculationRequest.OperationId' [/Users/kady/Masterdom/src/Masterdom.Platform/Masterdom.Platform.csproj]
/Users/kady/Masterdom/src/Masterdom.Platform/CalculationEngine/Contracts/CalculationEngineContracts.cs(116,32): warning CS1591: Missing XML comment for publicly visible type or member 'CalculationRequest.Context' [/Users/kady/Masterdom/src/Masterdom.Platform/Masterdom.Platform.csproj]
/Users/kady/Masterdom/src/Masterdom.Platform/CalculationEngine/Contracts/CalculationEngineContracts.cs(118,30): warning CS1591: Missing XML comment for publicly visible type or member 'CalculationRequest.Input' [/Users/kady/Masterdom/src/Masterdom.Platform/Masterdom.Platform.csproj]
/Users/kady/Masterdom/src/Masterdom.Platform/CalculationEngine/Contracts/CalculationEngineContracts.cs(121,18): warning CS1591: Missing XML comment for publicly visible type or member 'ICalculationExecutionMetadata' [/Users/kady/Masterdom/src/Masterdom.Platform/Masterdom.Platform.csproj]
/Users/kady/Masterdom/src/Masterdom.Platform/CalculationEngine/Contracts/CalculationEngineContracts.cs(123,38): warning CS1591: Missing XML comment for publicly visible type or member 'ICalculationExecutionMetadata.OperationId' [/Users/kady/Masterdom/src/Masterdom.Platform/Masterdom.Platform.csproj]
/Users/kady/Masterdom/src/Masterdom.Platform/CalculationEngine/Contracts/CalculationEngineContracts.cs(125,33): warning CS1591: Missing XML comment for publicly visible type or member 'ICalculationExecutionMetadata.DescriptorVersion' [/Users/kady/Masterdom/src/Masterdom.Platform/Masterdom.Platform.csproj]
/Users/kady/Masterdom/src/Masterdom.Platform/CalculationEngine/Contracts/CalculationEngineContracts.cs(127,14): warning CS1591: Missing XML comment for publicly visible type or member 'ICalculationExecutionMetadata.ExecutionTimestampUtc' [/Users/kady/Masterdom/src/Masterdom.Platform/Masterdom.Platform.csproj]
/Users/kady/Masterdom/src/Masterdom.Platform/CalculationEngine/Contracts/CalculationEngineContracts.cs(129,14): warning CS1591: Missing XML comment for publicly visible type or member 'ICalculationExecutionMetadata.ExecutionDuration' [/Users/kady/Masterdom/src/Masterdom.Platform/Masterdom.Platform.csproj]
/Users/kady/Masterdom/src/Masterdom.Platform/CalculationEngine/Contracts/CalculationEngineContracts.cs(131,38): warning CS1591: Missing XML comment for publicly visible type or member 'ICalculationExecutionMetadata.CapabilityId' [/Users/kady/Masterdom/src/Masterdom.Platform/Masterdom.Platform.csproj]
/Users/kady/Masterdom/src/Masterdom.Platform/CalculationEngine/Contracts/CalculationEngineContracts.cs(133,44): warning CS1591: Missing XML comment for publicly visible type or member 'ICalculationExecutionMetadata.CapabilityCategory' [/Users/kady/Masterdom/src/Masterdom.Platform/Masterdom.Platform.csproj]
/Users/kady/Masterdom/src/Masterdom.Platform/CalculationEngine/Contracts/CalculationEngineContracts.cs(135,45): warning CS1591: Missing XML comment for publicly visible type or member 'ICalculationExecutionMetadata.CompatibilityStatus' [/Users/kady/Masterdom/src/Masterdom.Platform/Masterdom.Platform.csproj]
/Users/kady/Masterdom/src/Masterdom.Platform/CalculationEngine/Contracts/CalculationEngineContracts.cs(138,21): warning CS1591: Missing XML comment for publicly visible type or member 'CalculationExecutionMetadata' [/Users/kady/Masterdom/src/Masterdom.Platform/Masterdom.Platform.csproj]
/Users/kady/Masterdom/src/Masterdom.Platform/CalculationEngine/Contracts/CalculationEngineContracts.cs(140,12): warning CS1591: Missing XML comment for publicly visible type or member 'CalculationExecutionMetadata.CalculationExecutionMetadata(CalculationOperationDescriptorId, CalculationOperationVersion, DateTime, TimeSpan, CalculationOperationCapabilityId, CalculationOperationCapabilityCategory, CalculationOperationCompatibilityStatus)' [/Users/kady/Masterdom/src/Masterdom.Platform/Masterdom.Platform.csproj]
/Users/kady/Masterdom/src/Masterdom.Platform/CalculationEngine/Contracts/CalculationEngineContracts.cs(169,45): warning CS1591: Missing XML comment for publicly visible type or member 'CalculationExecutionMetadata.OperationId' [/Users/kady/Masterdom/src/Masterdom.Platform/Masterdom.Platform.csproj]
/Users/kady/Masterdom/src/Masterdom.Platform/CalculationEngine/Contracts/CalculationEngineContracts.cs(171,40): warning CS1591: Missing XML comment for publicly visible type or member 'CalculationExecutionMetadata.DescriptorVersion' [/Users/kady/Masterdom/src/Masterdom.Platform/Masterdom.Platform.csproj]
/Users/kady/Masterdom/src/Masterdom.Platform/CalculationEngine/Contracts/CalculationEngineContracts.cs(173,21): warning CS1591: Missing XML comment for publicly visible type or member 'CalculationExecutionMetadata.ExecutionTimestampUtc' [/Users/kady/Masterdom/src/Masterdom.Platform/Masterdom.Platform.csproj]
/Users/kady/Masterdom/src/Masterdom.Platform/CalculationEngine/Contracts/CalculationEngineContracts.cs(175,21): warning CS1591: Missing XML comment for publicly visible type or member 'CalculationExecutionMetadata.ExecutionDuration' [/Users/kady/Masterdom/src/Masterdom.Platform/Masterdom.Platform.csproj]
/Users/kady/Masterdom/src/Masterdom.Platform/CalculationEngine/Contracts/CalculationEngineContracts.cs(177,45): warning CS1591: Missing XML comment for publicly visible type or member 'CalculationExecutionMetadata.CapabilityId' [/Users/kady/Masterdom/src/Masterdom.Platform/Masterdom.Platform.csproj]
/Users/kady/Masterdom/src/Masterdom.Platform/CalculationEngine/Contracts/CalculationEngineContracts.cs(179,51): warning CS1591: Missing XML comment for publicly visible type or member 'CalculationExecutionMetadata.CapabilityCategory' [/Users/kady/Masterdom/src/Masterdom.Platform/Masterdom.Platform.csproj]
/Users/kady/Masterdom/src/Masterdom.Platform/CalculationEngine/Contracts/CalculationEngineContracts.cs(181,52): warning CS1591: Missing XML comment for publicly visible type or member 'CalculationExecutionMetadata.CompatibilityStatus' [/Users/kady/Masterdom/src/Masterdom.Platform/Masterdom.Platform.csproj]
/Users/kady/Masterdom/src/Masterdom.Platform/CalculationEngine/Contracts/CalculationEngineContracts.cs(184,18): warning CS1591: Missing XML comment for publicly visible type or member 'ICalculationResult' [/Users/kady/Masterdom/src/Masterdom.Platform/Masterdom.Platform.csproj]
/Users/kady/Masterdom/src/Masterdom.Platform/CalculationEngine/Contracts/CalculationEngineContracts.cs(186,24): warning CS1591: Missing XML comment for publicly visible type or member 'ICalculationResult.Output' [/Users/kady/Masterdom/src/Masterdom.Platform/Masterdom.Platform.csproj]
/Users/kady/Masterdom/src/Masterdom.Platform/CalculationEngine/Contracts/CalculationEngineContracts.cs(188,35): warning CS1591: Missing XML comment for publicly visible type or member 'ICalculationResult.ExecutionMetadata' [/Users/kady/Masterdom/src/Masterdom.Platform/Masterdom.Platform.csproj]
/Users/kady/Masterdom/src/Masterdom.Platform/CalculationEngine/Contracts/CalculationEngineContracts.cs(191,21): warning CS1591: Missing XML comment for publicly visible type or member 'CalculationResult' [/Users/kady/Masterdom/src/Masterdom.Platform/Masterdom.Platform.csproj]
/Users/kady/Masterdom/src/Masterdom.Platform/CalculationEngine/Contracts/CalculationEngineContracts.cs(193,12): warning CS1591: Missing XML comment for publicly visible type or member 'CalculationResult.CalculationResult(ICalculationOutput, ICalculationExecutionMetadata)' [/Users/kady/Masterdom/src/Masterdom.Platform/Masterdom.Platform.csproj]
/Users/kady/Masterdom/src/Masterdom.Platform/CalculationEngine/Contracts/CalculationEngineContracts.cs(199,31): warning CS1591: Missing XML comment for publicly visible type or member 'CalculationResult.Output' [/Users/kady/Masterdom/src/Masterdom.Platform/Masterdom.Platform.csproj]
/Users/kady/Masterdom/src/Masterdom.Platform/CalculationEngine/Contracts/CalculationEngineContracts.cs(201,42): warning CS1591: Missing XML comment for publicly visible type or member 'CalculationResult.ExecutionMetadata' [/Users/kady/Masterdom/src/Masterdom.Platform/Masterdom.Platform.csproj]
/Users/kady/Masterdom/src/Masterdom.Platform/CalculationEngine/Contracts/CalculationEngineContracts.cs(204,18): warning CS1591: Missing XML comment for publicly visible type or member 'ICalculationOperation' [/Users/kady/Masterdom/src/Masterdom.Platform/Masterdom.Platform.csproj]
/Users/kady/Masterdom/src/Masterdom.Platform/CalculationEngine/Contracts/CalculationEngineContracts.cs(206,24): warning CS1591: Missing XML comment for publicly visible type or member 'ICalculationOperation.Execute(ICalculationRequest)' [/Users/kady/Masterdom/src/Masterdom.Platform/Masterdom.Platform.csproj]
/Users/kady/Masterdom/src/Masterdom.Platform/CalculationEngine/Contracts/CalculationEngineContracts.cs(209,18): warning CS1591: Missing XML comment for publicly visible type or member 'ICalculationPrimitive' [/Users/kady/Masterdom/src/Masterdom.Platform/Masterdom.Platform.csproj]
/Users/kady/Masterdom/src/Masterdom.Platform/CalculationEngine/Contracts/CalculationEngineContracts.cs(213,18): warning CS1591: Missing XML comment for publicly visible type or member 'ICalculationComposite' [/Users/kady/Masterdom/src/Masterdom.Platform/Masterdom.Platform.csproj]
/Users/kady/Masterdom/src/Masterdom.Platform/CalculationEngine/Contracts/CalculationEngineContracts.cs(217,18): warning CS1591: Missing XML comment for publicly visible type or member 'ICalculationEngine' [/Users/kady/Masterdom/src/Masterdom.Platform/Masterdom.Platform.csproj]
/Users/kady/Masterdom/src/Masterdom.Platform/CalculationEngine/Contracts/CalculationEngineContracts.cs(219,24): warning CS1591: Missing XML comment for publicly visible type or member 'ICalculationEngine.Execute(ICalculationRequest)' [/Users/kady/Masterdom/src/Masterdom.Platform/Masterdom.Platform.csproj]
/Users/kady/Masterdom/src/Masterdom.Platform/CalculationEngine/Contracts/CalculationEngineContracts.cs(222,18): warning CS1591: Missing XML comment for publicly visible type or member 'ICalculationRuntime' [/Users/kady/Masterdom/src/Masterdom.Platform/Masterdom.Platform.csproj]
/Users/kady/Masterdom/src/Masterdom.Platform/CalculationEngine/Contracts/CalculationEngineContracts.cs(224,24): warning CS1591: Missing XML comment for publicly visible type or member 'ICalculationRuntime.Execute(CalculationRuntimeRequest)' [/Users/kady/Masterdom/src/Masterdom.Platform/Masterdom.Platform.csproj]
/Users/kady/Masterdom/src/Masterdom.Platform/CalculationEngine/Contracts/CalculationEngineContracts.cs(227,31): warning CS1591: Missing XML comment for publicly visible type or member 'CalculationCapabilityId' [/Users/kady/Masterdom/src/Masterdom.Platform/Masterdom.Platform.csproj]
/Users/kady/Masterdom/src/Masterdom.Platform/CalculationEngine/Contracts/CalculationEngineContracts.cs(234,19): warning CS1591: Missing XML comment for publicly visible type or member 'CalculationCapabilityId.Value' [/Users/kady/Masterdom/src/Masterdom.Platform/Masterdom.Platform.csproj]
/Users/kady/Masterdom/src/Masterdom.Platform/CalculationEngine/Contracts/CalculationEngineContracts.cs(236,43): warning CS1591: Missing XML comment for publicly visible type or member 'CalculationCapabilityId.Create(string)' [/Users/kady/Masterdom/src/Masterdom.Platform/Masterdom.Platform.csproj]
/Users/kady/Masterdom/src/Masterdom.Platform/CalculationEngine/Contracts/CalculationEngineContracts.cs(247,21): warning CS1591: Missing XML comment for publicly visible type or member 'CalculationRuntimeRequest' [/Users/kady/Masterdom/src/Masterdom.Platform/Masterdom.Platform.csproj]
/Users/kady/Masterdom/src/Masterdom.Platform/CalculationEngine/Contracts/CalculationEngineContracts.cs(249,12): warning CS1591: Missing XML comment for publicly visible type or member 'CalculationRuntimeRequest.CalculationRuntimeRequest(CalculationCapabilityId, ICalculationContext, ICalculationInput)' [/Users/kady/Masterdom/src/Masterdom.Platform/Masterdom.Platform.csproj]
/Users/kady/Masterdom/src/Masterdom.Platform/CalculationEngine/Contracts/CalculationEngineContracts.cs(264,36): warning CS1591: Missing XML comment for publicly visible type or member 'CalculationRuntimeRequest.CapabilityId' [/Users/kady/Masterdom/src/Masterdom.Platform/Masterdom.Platform.csproj]
/Users/kady/Masterdom/src/Masterdom.Platform/CalculationEngine/Contracts/CalculationEngineContracts.cs(266,32): warning CS1591: Missing XML comment for publicly visible type or member 'CalculationRuntimeRequest.Context' [/Users/kady/Masterdom/src/Masterdom.Platform/Masterdom.Platform.csproj]
/Users/kady/Masterdom/src/Masterdom.Platform/CalculationEngine/Contracts/CalculationEngineContracts.cs(268,30): warning CS1591: Missing XML comment for publicly visible type or member 'CalculationRuntimeRequest.Input' [/Users/kady/Masterdom/src/Masterdom.Platform/Masterdom.Platform.csproj]
/Users/kady/Masterdom/src/Masterdom.Platform/CalculationEngine/Contracts/CalculationEngineContracts.cs(271,18): warning CS1591: Missing XML comment for publicly visible type or member 'ICalculationRegistry' [/Users/kady/Masterdom/src/Masterdom.Platform/Masterdom.Platform.csproj]
/Users/kady/Masterdom/src/Masterdom.Platform/CalculationEngine/Contracts/CalculationEngineContracts.cs(273,10): warning CS1591: Missing XML comment for publicly visible type or member 'ICalculationRegistry.TryResolve(CalculationOperationDescriptorId, out ICalculationOperation)' [/Users/kady/Masterdom/src/Masterdom.Platform/Masterdom.Platform.csproj]
/Users/kady/Masterdom/src/Masterdom.Platform/CalculationEngine/Contracts/CalculationEngineContracts.cs(275,10): warning CS1591: Missing XML comment for publicly visible type or member 'ICalculationRegistry.TryResolve(CalculationOperationCapabilityId, out ICalculationOperation)' [/Users/kady/Masterdom/src/Masterdom.Platform/Masterdom.Platform.csproj]
/Users/kady/Masterdom/src/Masterdom.Platform/CalculationEngine/Metadata/CalculationOperationCapabilityCategory.cs(3,13): warning CS1591: Missing XML comment for publicly visible type or member 'CalculationOperationCapabilityCategory' [/Users/kady/Masterdom/src/Masterdom.Platform/Masterdom.Platform.csproj]
/Users/kady/Masterdom/src/Masterdom.Platform/CalculationEngine/Metadata/CalculationOperationCapabilityCategory.cs(5,5): warning CS1591: Missing XML comment for publicly visible type or member 'CalculationOperationCapabilityCategory.Unspecified' [/Users/kady/Masterdom/src/Masterdom.Platform/Masterdom.Platform.csproj]
/Users/kady/Masterdom/src/Masterdom.Platform/CalculationEngine/Metadata/CalculationOperationCapabilityCategory.cs(6,5): warning CS1591: Missing XML comment for publicly visible type or member 'CalculationOperationCapabilityCategory.Aggregation' [/Users/kady/Masterdom/src/Masterdom.Platform/Masterdom.Platform.csproj]
/Users/kady/Masterdom/src/Masterdom.Platform/CalculationEngine/Metadata/CalculationOperationCapabilityCategory.cs(7,5): warning CS1591: Missing XML comment for publicly visible type or member 'CalculationOperationCapabilityCategory.Normalization' [/Users/kady/Masterdom/src/Masterdom.Platform/Masterdom.Platform.csproj]
/Users/kady/Masterdom/src/Masterdom.Platform/CalculationEngine/Metadata/CalculationOperationCapabilityCategory.cs(8,5): warning CS1591: Missing XML comment for publicly visible type or member 'CalculationOperationCapabilityCategory.Interpolation' [/Users/kady/Masterdom/src/Masterdom.Platform/Masterdom.Platform.csproj]
/Users/kady/Masterdom/src/Masterdom.Platform/CalculationEngine/Metadata/CalculationOperationCapabilityCategory.cs(9,5): warning CS1591: Missing XML comment for publicly visible type or member 'CalculationOperationCapabilityCategory.Projection' [/Users/kady/Masterdom/src/Masterdom.Platform/Masterdom.Platform.csproj]
/Users/kady/Masterdom/src/Masterdom.Platform/CalculationEngine/Metadata/CalculationOperationCapabilityCategory.cs(10,5): warning CS1591: Missing XML comment for publicly visible type or member 'CalculationOperationCapabilityCategory.Statistics' [/Users/kady/Masterdom/src/Masterdom.Platform/Masterdom.Platform.csproj]
/Users/kady/Masterdom/src/Masterdom.Platform/CalculationEngine/Metadata/CalculationOperationCapabilityCategory.cs(11,5): warning CS1591: Missing XML comment for publicly visible type or member 'CalculationOperationCapabilityCategory.Scoring' [/Users/kady/Masterdom/src/Masterdom.Platform/Masterdom.Platform.csproj]
/Users/kady/Masterdom/src/Masterdom.Platform/CalculationEngine/Metadata/CalculationOperationCapabilityCategory.cs(12,5): warning CS1591: Missing XML comment for publicly visible type or member 'CalculationOperationCapabilityCategory.Ranking' [/Users/kady/Masterdom/src/Masterdom.Platform/Masterdom.Platform.csproj]
/Users/kady/Masterdom/src/Masterdom.Platform/CalculationEngine/Metadata/CalculationOperationCapabilityCategory.cs(13,5): warning CS1591: Missing XML comment for publicly visible type or member 'CalculationOperationCapabilityCategory.Transformation' [/Users/kady/Masterdom/src/Masterdom.Platform/Masterdom.Platform.csproj]
/Users/kady/Masterdom/src/Masterdom.Platform/CalculationEngine/Metadata/CalculationOperationCapabilityCategory.cs(14,5): warning CS1591: Missing XML comment for publicly visible type or member 'CalculationOperationCapabilityCategory.Validation' [/Users/kady/Masterdom/src/Masterdom.Platform/Masterdom.Platform.csproj]
/Users/kady/Masterdom/src/Masterdom.Platform/CalculationEngine/Metadata/CalculationOperationCapabilityId.cs(3,21): warning CS1591: Missing XML comment for publicly visible type or member 'CalculationOperationCapabilityId' [/Users/kady/Masterdom/src/Masterdom.Platform/Masterdom.Platform.csproj]
/Users/kady/Masterdom/src/Masterdom.Platform/CalculationEngine/Metadata/CalculationOperationCapabilityId.cs(10,19): warning CS1591: Missing XML comment for publicly visible type or member 'CalculationOperationCapabilityId.Value' [/Users/kady/Masterdom/src/Masterdom.Platform/Masterdom.Platform.csproj]
/Users/kady/Masterdom/src/Masterdom.Platform/CalculationEngine/Metadata/CalculationOperationCapabilityId.cs(12,52): warning CS1591: Missing XML comment for publicly visible type or member 'CalculationOperationCapabilityId.Create(string)' [/Users/kady/Masterdom/src/Masterdom.Platform/Masterdom.Platform.csproj]
/Users/kady/Masterdom/src/Masterdom.Platform/CalculationEngine/Metadata/CalculationOperationCapabilityId.cs(22,17): warning CS1591: Missing XML comment for publicly visible type or member 'CalculationOperationCapabilityId.IsDefault' [/Users/kady/Masterdom/src/Masterdom.Platform/Masterdom.Platform.csproj]
/Users/kady/Masterdom/src/Masterdom.Platform/CalculationEngine/Metadata/CalculationOperationCapabilityId.cs(24,17): warning CS1591: Missing XML comment for publicly visible type or member 'CalculationOperationCapabilityId.Equals(CalculationOperationCapabilityId?)' [/Users/kady/Masterdom/src/Masterdom.Platform/Masterdom.Platform.csproj]
/Users/kady/Masterdom/src/Masterdom.Platform/CalculationEngine/Metadata/CalculationOperationCapabilityId.cs(29,26): warning CS1591: Missing XML comment for publicly visible type or member 'CalculationOperationCapabilityId.Equals(object?)' [/Users/kady/Masterdom/src/Masterdom.Platform/Masterdom.Platform.csproj]
/Users/kady/Masterdom/src/Masterdom.Platform/CalculationEngine/Metadata/CalculationOperationCapabilityId.cs(34,25): warning CS1591: Missing XML comment for publicly visible type or member 'CalculationOperationCapabilityId.GetHashCode()' [/Users/kady/Masterdom/src/Masterdom.Platform/Masterdom.Platform.csproj]
/Users/kady/Masterdom/src/Masterdom.Platform/CalculationEngine/Metadata/CalculationOperationCapabilityId.cs(39,28): warning CS1591: Missing XML comment for publicly visible type or member 'CalculationOperationCapabilityId.ToString()' [/Users/kady/Masterdom/src/Masterdom.Platform/Masterdom.Platform.csproj]
/Users/kady/Masterdom/src/Masterdom.Platform/CalculationEngine/Metadata/CalculationOperationCategory.cs(3,13): warning CS1591: Missing XML comment for publicly visible type or member 'CalculationOperationCategory' [/Users/kady/Masterdom/src/Masterdom.Platform/Masterdom.Platform.csproj]
/Users/kady/Masterdom/src/Masterdom.Platform/CalculationEngine/Metadata/CalculationOperationCategory.cs(5,5): warning CS1591: Missing XML comment for publicly visible type or member 'CalculationOperationCategory.Unspecified' [/Users/kady/Masterdom/src/Masterdom.Platform/Masterdom.Platform.csproj]
/Users/kady/Masterdom/src/Masterdom.Platform/CalculationEngine/Metadata/CalculationOperationCategory.cs(6,5): warning CS1591: Missing XML comment for publicly visible type or member 'CalculationOperationCategory.Primitive' [/Users/kady/Masterdom/src/Masterdom.Platform/Masterdom.Platform.csproj]
/Users/kady/Masterdom/src/Masterdom.Platform/CalculationEngine/Metadata/CalculationOperationCategory.cs(7,5): warning CS1591: Missing XML comment for publicly visible type or member 'CalculationOperationCategory.Composite' [/Users/kady/Masterdom/src/Masterdom.Platform/Masterdom.Platform.csproj]
/Users/kady/Masterdom/src/Masterdom.Platform/CalculationEngine/Metadata/CalculationOperationCompatibilityStatus.cs(3,13): warning CS1591: Missing XML comment for publicly visible type or member 'CalculationOperationCompatibilityStatus' [/Users/kady/Masterdom/src/Masterdom.Platform/Masterdom.Platform.csproj]
/Users/kady/Masterdom/src/Masterdom.Platform/CalculationEngine/Metadata/CalculationOperationCompatibilityStatus.cs(5,5): warning CS1591: Missing XML comment for publicly visible type or member 'CalculationOperationCompatibilityStatus.Unspecified' [/Users/kady/Masterdom/src/Masterdom.Platform/Masterdom.Platform.csproj]
/Users/kady/Masterdom/src/Masterdom.Platform/CalculationEngine/Metadata/CalculationOperationCompatibilityStatus.cs(6,5): warning CS1591: Missing XML comment for publicly visible type or member 'CalculationOperationCompatibilityStatus.Supported' [/Users/kady/Masterdom/src/Masterdom.Platform/Masterdom.Platform.csproj]
/Users/kady/Masterdom/src/Masterdom.Platform/CalculationEngine/Metadata/CalculationOperationCompatibilityStatus.cs(7,5): warning CS1591: Missing XML comment for publicly visible type or member 'CalculationOperationCompatibilityStatus.Deprecated' [/Users/kady/Masterdom/src/Masterdom.Platform/Masterdom.Platform.csproj]
/Users/kady/Masterdom/src/Masterdom.Platform/CalculationEngine/Metadata/CalculationOperationCompatibilityStatus.cs(8,5): warning CS1591: Missing XML comment for publicly visible type or member 'CalculationOperationCompatibilityStatus.Obsolete' [/Users/kady/Masterdom/src/Masterdom.Platform/Masterdom.Platform.csproj]
/Users/kady/Masterdom/src/Masterdom.Platform/CalculationEngine/Metadata/CalculationOperationCompatibilityStatus.cs(9,5): warning CS1591: Missing XML comment for publicly visible type or member 'CalculationOperationCompatibilityStatus.Experimental' [/Users/kady/Masterdom/src/Masterdom.Platform/Masterdom.Platform.csproj]
/Users/kady/Masterdom/src/Masterdom.Platform/CalculationEngine/Metadata/CalculationOperationCompositionLevel.cs(3,13): warning CS1591: Missing XML comment for publicly visible type or member 'CalculationOperationCompositionLevel' [/Users/kady/Masterdom/src/Masterdom.Platform/Masterdom.Platform.csproj]
/Users/kady/Masterdom/src/Masterdom.Platform/CalculationEngine/Metadata/CalculationOperationCompositionLevel.cs(5,5): warning CS1591: Missing XML comment for publicly visible type or member 'CalculationOperationCompositionLevel.Unspecified' [/Users/kady/Masterdom/src/Masterdom.Platform/Masterdom.Platform.csproj]
/Users/kady/Masterdom/src/Masterdom.Platform/CalculationEngine/Metadata/CalculationOperationCompositionLevel.cs(6,5): warning CS1591: Missing XML comment for publicly visible type or member 'CalculationOperationCompositionLevel.Primitive' [/Users/kady/Masterdom/src/Masterdom.Platform/Masterdom.Platform.csproj]
/Users/kady/Masterdom/src/Masterdom.Platform/CalculationEngine/Metadata/CalculationOperationCompositionLevel.cs(7,5): warning CS1591: Missing XML comment for publicly visible type or member 'CalculationOperationCompositionLevel.Composite' [/Users/kady/Masterdom/src/Masterdom.Platform/Masterdom.Platform.csproj]
/Users/kady/Masterdom/src/Masterdom.Platform/CalculationEngine/Metadata/CalculationOperationCompositionLevel.cs(8,5): warning CS1591: Missing XML comment for publicly visible type or member 'CalculationOperationCompositionLevel.Workflow' [/Users/kady/Masterdom/src/Masterdom.Platform/Masterdom.Platform.csproj]
/Users/kady/Masterdom/src/Masterdom.Platform/CalculationEngine/Metadata/CalculationOperationDescriptorId.cs(3,21): warning CS1591: Missing XML comment for publicly visible type or member 'CalculationOperationDescriptorId' [/Users/kady/Masterdom/src/Masterdom.Platform/Masterdom.Platform.csproj]
/Users/kady/Masterdom/src/Masterdom.Platform/CalculationEngine/Metadata/CalculationOperationDescriptorId.cs(10,19): warning CS1591: Missing XML comment for publicly visible type or member 'CalculationOperationDescriptorId.Value' [/Users/kady/Masterdom/src/Masterdom.Platform/Masterdom.Platform.csproj]
/Users/kady/Masterdom/src/Masterdom.Platform/CalculationEngine/Metadata/CalculationOperationDescriptorId.cs(12,52): warning CS1591: Missing XML comment for publicly visible type or member 'CalculationOperationDescriptorId.Create(string)' [/Users/kady/Masterdom/src/Masterdom.Platform/Masterdom.Platform.csproj]
/Users/kady/Masterdom/src/Masterdom.Platform/CalculationEngine/Metadata/CalculationOperationDescriptorId.cs(22,17): warning CS1591: Missing XML comment for publicly visible type or member 'CalculationOperationDescriptorId.IsDefault' [/Users/kady/Masterdom/src/Masterdom.Platform/Masterdom.Platform.csproj]
/Users/kady/Masterdom/src/Masterdom.Platform/CalculationEngine/Metadata/CalculationOperationDescriptorId.cs(24,17): warning CS1591: Missing XML comment for publicly visible type or member 'CalculationOperationDescriptorId.Equals(CalculationOperationDescriptorId?)' [/Users/kady/Masterdom/src/Masterdom.Platform/Masterdom.Platform.csproj]
/Users/kady/Masterdom/src/Masterdom.Platform/CalculationEngine/Metadata/CalculationOperationDescriptorId.cs(29,26): warning CS1591: Missing XML comment for publicly visible type or member 'CalculationOperationDescriptorId.Equals(object?)' [/Users/kady/Masterdom/src/Masterdom.Platform/Masterdom.Platform.csproj]
/Users/kady/Masterdom/src/Masterdom.Platform/CalculationEngine/Metadata/CalculationOperationDescriptorId.cs(34,25): warning CS1591: Missing XML comment for publicly visible type or member 'CalculationOperationDescriptorId.GetHashCode()' [/Users/kady/Masterdom/src/Masterdom.Platform/Masterdom.Platform.csproj]
/Users/kady/Masterdom/src/Masterdom.Platform/CalculationEngine/Metadata/CalculationOperationDescriptorId.cs(39,28): warning CS1591: Missing XML comment for publicly visible type or member 'CalculationOperationDescriptorId.ToString()' [/Users/kady/Masterdom/src/Masterdom.Platform/Masterdom.Platform.csproj]
/Users/kady/Masterdom/src/Masterdom.Platform/CalculationEngine/Metadata/CalculationOperationDeterminism.cs(3,13): warning CS1591: Missing XML comment for publicly visible type or member 'CalculationOperationDeterminism' [/Users/kady/Masterdom/src/Masterdom.Platform/Masterdom.Platform.csproj]
/Users/kady/Masterdom/src/Masterdom.Platform/CalculationEngine/Metadata/CalculationOperationDeterminism.cs(5,5): warning CS1591: Missing XML comment for publicly visible type or member 'CalculationOperationDeterminism.Unspecified' [/Users/kady/Masterdom/src/Masterdom.Platform/Masterdom.Platform.csproj]
/Users/kady/Masterdom/src/Masterdom.Platform/CalculationEngine/Metadata/CalculationOperationDeterminism.cs(6,5): warning CS1591: Missing XML comment for publicly visible type or member 'CalculationOperationDeterminism.Deterministic' [/Users/kady/Masterdom/src/Masterdom.Platform/Masterdom.Platform.csproj]
/Users/kady/Masterdom/src/Masterdom.Platform/CalculationEngine/Metadata/CalculationOperationDeterminism.cs(7,5): warning CS1591: Missing XML comment for publicly visible type or member 'CalculationOperationDeterminism.NonDeterministic' [/Users/kady/Masterdom/src/Masterdom.Platform/Masterdom.Platform.csproj]
/Users/kady/Masterdom/src/Masterdom.Platform/CalculationEngine/Metadata/CalculationOperationExecutionClassification.cs(3,13): warning CS1591: Missing XML comment for publicly visible type or member 'CalculationOperationExecutionClassification' [/Users/kady/Masterdom/src/Masterdom.Platform/Masterdom.Platform.csproj]
/Users/kady/Masterdom/src/Masterdom.Platform/CalculationEngine/Metadata/CalculationOperationExecutionClassification.cs(5,5): warning CS1591: Missing XML comment for publicly visible type or member 'CalculationOperationExecutionClassification.Unspecified' [/Users/kady/Masterdom/src/Masterdom.Platform/Masterdom.Platform.csproj]
/Users/kady/Masterdom/src/Masterdom.Platform/CalculationEngine/Metadata/CalculationOperationExecutionClassification.cs(6,5): warning CS1591: Missing XML comment for publicly visible type or member 'CalculationOperationExecutionClassification.Primitive' [/Users/kady/Masterdom/src/Masterdom.Platform/Masterdom.Platform.csproj]
/Users/kady/Masterdom/src/Masterdom.Platform/CalculationEngine/Metadata/CalculationOperationExecutionClassification.cs(7,5): warning CS1591: Missing XML comment for publicly visible type or member 'CalculationOperationExecutionClassification.Composite' [/Users/kady/Masterdom/src/Masterdom.Platform/Masterdom.Platform.csproj]
/Users/kady/Masterdom/src/Masterdom.Platform/CalculationEngine/Metadata/CalculationOperationExecutionClassification.cs(8,5): warning CS1591: Missing XML comment for publicly visible type or member 'CalculationOperationExecutionClassification.Workflow' [/Users/kady/Masterdom/src/Masterdom.Platform/Masterdom.Platform.csproj]
/Users/kady/Masterdom/src/Masterdom.Platform/CalculationEngine/Metadata/CalculationOperationPrimitiveFamily.cs(3,13): warning CS1591: Missing XML comment for publicly visible type or member 'CalculationOperationPrimitiveFamily' [/Users/kady/Masterdom/src/Masterdom.Platform/Masterdom.Platform.csproj]
/Users/kady/Masterdom/src/Masterdom.Platform/CalculationEngine/Metadata/CalculationOperationPrimitiveFamily.cs(5,5): warning CS1591: Missing XML comment for publicly visible type or member 'CalculationOperationPrimitiveFamily.Unspecified' [/Users/kady/Masterdom/src/Masterdom.Platform/Masterdom.Platform.csproj]
/Users/kady/Masterdom/src/Masterdom.Platform/CalculationEngine/Metadata/CalculationOperationPrimitiveFamily.cs(6,5): warning CS1591: Missing XML comment for publicly visible type or member 'CalculationOperationPrimitiveFamily.Aggregation' [/Users/kady/Masterdom/src/Masterdom.Platform/Masterdom.Platform.csproj]
/Users/kady/Masterdom/src/Masterdom.Platform/CalculationEngine/Metadata/CalculationOperationPrimitiveFamily.cs(7,5): warning CS1591: Missing XML comment for publicly visible type or member 'CalculationOperationPrimitiveFamily.Normalization' [/Users/kady/Masterdom/src/Masterdom.Platform/Masterdom.Platform.csproj]
/Users/kady/Masterdom/src/Masterdom.Platform/CalculationEngine/Metadata/CalculationOperationPrimitiveFamily.cs(8,5): warning CS1591: Missing XML comment for publicly visible type or member 'CalculationOperationPrimitiveFamily.Interpolation' [/Users/kady/Masterdom/src/Masterdom.Platform/Masterdom.Platform.csproj]
/Users/kady/Masterdom/src/Masterdom.Platform/CalculationEngine/Metadata/CalculationOperationPrimitiveFamily.cs(9,5): warning CS1591: Missing XML comment for publicly visible type or member 'CalculationOperationPrimitiveFamily.Projection' [/Users/kady/Masterdom/src/Masterdom.Platform/Masterdom.Platform.csproj]
/Users/kady/Masterdom/src/Masterdom.Platform/CalculationEngine/Metadata/CalculationOperationPrimitiveFamily.cs(10,5): warning CS1591: Missing XML comment for publicly visible type or member 'CalculationOperationPrimitiveFamily.Statistics' [/Users/kady/Masterdom/src/Masterdom.Platform/Masterdom.Platform.csproj]
/Users/kady/Masterdom/src/Masterdom.Platform/CalculationEngine/Metadata/CalculationOperationPrimitiveFamily.cs(11,5): warning CS1591: Missing XML comment for publicly visible type or member 'CalculationOperationPrimitiveFamily.Scoring' [/Users/kady/Masterdom/src/Masterdom.Platform/Masterdom.Platform.csproj]
/Users/kady/Masterdom/src/Masterdom.Platform/CalculationEngine/Metadata/CalculationOperationPrimitiveFamily.cs(12,5): warning CS1591: Missing XML comment for publicly visible type or member 'CalculationOperationPrimitiveFamily.Ranking' [/Users/kady/Masterdom/src/Masterdom.Platform/Masterdom.Platform.csproj]
/Users/kady/Masterdom/src/Masterdom.Platform/CalculationEngine/Metadata/CalculationOperationPrimitiveFamily.cs(13,5): warning CS1591: Missing XML comment for publicly visible type or member 'CalculationOperationPrimitiveFamily.Transformation' [/Users/kady/Masterdom/src/Masterdom.Platform/Masterdom.Platform.csproj]
/Users/kady/Masterdom/src/Masterdom.Platform/CalculationEngine/Metadata/CalculationOperationPrimitiveFamily.cs(14,5): warning CS1591: Missing XML comment for publicly visible type or member 'CalculationOperationPrimitiveFamily.Validation' [/Users/kady/Masterdom/src/Masterdom.Platform/Masterdom.Platform.csproj]
/Users/kady/Masterdom/src/Masterdom.Platform/CalculationEngine/Metadata/CalculationOperationPurity.cs(3,13): warning CS1591: Missing XML comment for publicly visible type or member 'CalculationOperationPurity' [/Users/kady/Masterdom/src/Masterdom.Platform/Masterdom.Platform.csproj]
/Users/kady/Masterdom/src/Masterdom.Platform/CalculationEngine/Metadata/CalculationOperationPurity.cs(5,5): warning CS1591: Missing XML comment for publicly visible type or member 'CalculationOperationPurity.Unspecified' [/Users/kady/Masterdom/src/Masterdom.Platform/Masterdom.Platform.csproj]
/Users/kady/Masterdom/src/Masterdom.Platform/CalculationEngine/Metadata/CalculationOperationPurity.cs(6,5): warning CS1591: Missing XML comment for publicly visible type or member 'CalculationOperationPurity.Pure' [/Users/kady/Masterdom/src/Masterdom.Platform/Masterdom.Platform.csproj]
/Users/kady/Masterdom/src/Masterdom.Platform/CalculationEngine/Metadata/CalculationOperationPurity.cs(7,5): warning CS1591: Missing XML comment for publicly visible type or member 'CalculationOperationPurity.Contextual' [/Users/kady/Masterdom/src/Masterdom.Platform/Masterdom.Platform.csproj]
/Users/kady/Masterdom/src/Masterdom.Platform/CalculationEngine/Metadata/CalculationOperationRegistry.cs(20,12): warning CS1591: Missing XML comment for publicly visible type or member 'CalculationOperationRegistry.CalculationOperationRegistry()' [/Users/kady/Masterdom/src/Masterdom.Platform/Masterdom.Platform.csproj]
/Users/kady/Masterdom/src/Masterdom.Platform/CalculationEngine/Metadata/CalculationOperationRegistry.cs(48,65): warning CS1591: Missing XML comment for publicly visible type or member 'CalculationOperationRegistry.GetAll()' [/Users/kady/Masterdom/src/Masterdom.Platform/Masterdom.Platform.csproj]
/Users/kady/Masterdom/src/Masterdom.Platform/CalculationEngine/Metadata/CalculationOperationRegistry.cs(53,44): warning CS1591: Missing XML comment for publicly visible type or member 'CalculationOperationRegistry.ResolveByDescriptorId(CalculationOperationDescriptorId)' [/Users/kady/Masterdom/src/Masterdom.Platform/Masterdom.Platform.csproj]
/Users/kady/Masterdom/src/Masterdom.Platform/CalculationEngine/Metadata/CalculationOperationRegistry.cs(65,44): warning CS1591: Missing XML comment for publicly visible type or member 'CalculationOperationRegistry.ResolveByCapabilityId(CalculationOperationCapabilityId)' [/Users/kady/Masterdom/src/Masterdom.Platform/Masterdom.Platform.csproj]
/Users/kady/Masterdom/src/Masterdom.Platform/CalculationEngine/Metadata/CalculationOperationRegistry.cs(77,44): warning CS1591: Missing XML comment for publicly visible type or member 'CalculationOperationRegistry.ResolveByOperationName(string)' [/Users/kady/Masterdom/src/Masterdom.Platform/Masterdom.Platform.csproj]
/Users/kady/Masterdom/src/Masterdom.Platform/CalculationEngine/Metadata/CalculationOperationRegistry.cs(92,65): warning CS1591: Missing XML comment for publicly visible type or member 'CalculationOperationRegistry.ResolveByPrimitiveFamily(CalculationOperationPrimitiveFamily)' [/Users/kady/Masterdom/src/Masterdom.Platform/Masterdom.Platform.csproj]
/Users/kady/Masterdom/src/Masterdom.Platform/CalculationEngine/Metadata/CalculationOperationRegistry.cs(104,65): warning CS1591: Missing XML comment for publicly visible type or member 'CalculationOperationRegistry.GetByCapabilityCategory(CalculationOperationCapabilityCategory)' [/Users/kady/Masterdom/src/Masterdom.Platform/Masterdom.Platform.csproj]
/Users/kady/Masterdom/src/Masterdom.Platform/CalculationEngine/Metadata/CalculationOperationRegistry.cs(116,65): warning CS1591: Missing XML comment for publicly visible type or member 'CalculationOperationRegistry.ResolveByCompositionLevel(CalculationOperationCompositionLevel)' [/Users/kady/Masterdom/src/Masterdom.Platform/Masterdom.Platform.csproj]
/Users/kady/Masterdom/src/Masterdom.Platform/CalculationEngine/Metadata/CalculationOperationRegistry.cs(128,65): warning CS1591: Missing XML comment for publicly visible type or member 'CalculationOperationRegistry.ResolveByCompatibilityStatus(CalculationOperationCompatibilityStatus)' [/Users/kady/Masterdom/src/Masterdom.Platform/Masterdom.Platform.csproj]
/Users/kady/Masterdom/src/Masterdom.Platform/CalculationEngine/Metadata/CalculationOperationStability.cs(3,13): warning CS1591: Missing XML comment for publicly visible type or member 'CalculationOperationStability' [/Users/kady/Masterdom/src/Masterdom.Platform/Masterdom.Platform.csproj]
/Users/kady/Masterdom/src/Masterdom.Platform/CalculationEngine/Metadata/CalculationOperationStability.cs(5,5): warning CS1591: Missing XML comment for publicly visible type or member 'CalculationOperationStability.Unspecified' [/Users/kady/Masterdom/src/Masterdom.Platform/Masterdom.Platform.csproj]
/Users/kady/Masterdom/src/Masterdom.Platform/CalculationEngine/Metadata/CalculationOperationStability.cs(6,5): warning CS1591: Missing XML comment for publicly visible type or member 'CalculationOperationStability.Fundamental' [/Users/kady/Masterdom/src/Masterdom.Platform/Masterdom.Platform.csproj]
/Users/kady/Masterdom/src/Masterdom.Platform/CalculationEngine/Metadata/CalculationOperationStability.cs(7,5): warning CS1591: Missing XML comment for publicly visible type or member 'CalculationOperationStability.Stable' [/Users/kady/Masterdom/src/Masterdom.Platform/Masterdom.Platform.csproj]
/Users/kady/Masterdom/src/Masterdom.Platform/CalculationEngine/Metadata/CalculationOperationStability.cs(8,5): warning CS1591: Missing XML comment for publicly visible type or member 'CalculationOperationStability.Experimental' [/Users/kady/Masterdom/src/Masterdom.Platform/Masterdom.Platform.csproj]
/Users/kady/Masterdom/src/Masterdom.Platform/CalculationEngine/Metadata/CalculationOperationValidationException.cs(8,12): warning CS1591: Missing XML comment for publicly visible type or member 'CalculationOperationValidationException.CalculationOperationValidationException(string)' [/Users/kady/Masterdom/src/Masterdom.Platform/Masterdom.Platform.csproj]
/Users/kady/Masterdom/src/Masterdom.Platform/CalculationEngine/Metadata/CalculationOperationVersion.cs(3,21): warning CS1591: Missing XML comment for publicly visible type or member 'CalculationOperationVersion' [/Users/kady/Masterdom/src/Masterdom.Platform/Masterdom.Platform.csproj]
/Users/kady/Masterdom/src/Masterdom.Platform/CalculationEngine/Metadata/CalculationOperationVersion.cs(10,19): warning CS1591: Missing XML comment for publicly visible type or member 'CalculationOperationVersion.Value' [/Users/kady/Masterdom/src/Masterdom.Platform/Masterdom.Platform.csproj]
/Users/kady/Masterdom/src/Masterdom.Platform/CalculationEngine/Metadata/CalculationOperationVersion.cs(12,47): warning CS1591: Missing XML comment for publicly visible type or member 'CalculationOperationVersion.Create(string)' [/Users/kady/Masterdom/src/Masterdom.Platform/Masterdom.Platform.csproj]
/Users/kady/Masterdom/src/Masterdom.Platform/CalculationEngine/Metadata/CalculationOperationVersion.cs(22,17): warning CS1591: Missing XML comment for publicly visible type or member 'CalculationOperationVersion.IsDefault' [/Users/kady/Masterdom/src/Masterdom.Platform/Masterdom.Platform.csproj]
/Users/kady/Masterdom/src/Masterdom.Platform/CalculationEngine/Metadata/CalculationOperationVersion.cs(24,17): warning CS1591: Missing XML comment for publicly visible type or member 'CalculationOperationVersion.Equals(CalculationOperationVersion?)' [/Users/kady/Masterdom/src/Masterdom.Platform/Masterdom.Platform.csproj]
/Users/kady/Masterdom/src/Masterdom.Platform/CalculationEngine/Metadata/CalculationOperationVersion.cs(29,26): warning CS1591: Missing XML comment for publicly visible type or member 'CalculationOperationVersion.Equals(object?)' [/Users/kady/Masterdom/src/Masterdom.Platform/Masterdom.Platform.csproj]
/Users/kady/Masterdom/src/Masterdom.Platform/CalculationEngine/Metadata/CalculationOperationVersion.cs(34,25): warning CS1591: Missing XML comment for publicly visible type or member 'CalculationOperationVersion.GetHashCode()' [/Users/kady/Masterdom/src/Masterdom.Platform/Masterdom.Platform.csproj]
/Users/kady/Masterdom/src/Masterdom.Platform/CalculationEngine/Metadata/CalculationOperationVersion.cs(39,28): warning CS1591: Missing XML comment for publicly visible type or member 'CalculationOperationVersion.ToString()' [/Users/kady/Masterdom/src/Masterdom.Platform/Masterdom.Platform.csproj]
/Users/kady/Masterdom/src/Masterdom.Platform/CalculationEngine/Metadata/ICalculationOperationRegistry.cs(10,58): warning CS1591: Missing XML comment for publicly visible type or member 'ICalculationOperationRegistry.GetAll()' [/Users/kady/Masterdom/src/Masterdom.Platform/Masterdom.Platform.csproj]
/Users/kady/Masterdom/src/Masterdom.Platform/CalculationEngine/Metadata/ICalculationOperationRegistry.cs(12,37): warning CS1591: Missing XML comment for publicly visible type or member 'ICalculationOperationRegistry.ResolveByDescriptorId(CalculationOperationDescriptorId)' [/Users/kady/Masterdom/src/Masterdom.Platform/Masterdom.Platform.csproj]
/Users/kady/Masterdom/src/Masterdom.Platform/CalculationEngine/Metadata/ICalculationOperationRegistry.cs(14,37): warning CS1591: Missing XML comment for publicly visible type or member 'ICalculationOperationRegistry.ResolveByCapabilityId(CalculationOperationCapabilityId)' [/Users/kady/Masterdom/src/Masterdom.Platform/Masterdom.Platform.csproj]
/Users/kady/Masterdom/src/Masterdom.Platform/CalculationEngine/Metadata/ICalculationOperationRegistry.cs(16,37): warning CS1591: Missing XML comment for publicly visible type or member 'ICalculationOperationRegistry.ResolveByOperationName(string)' [/Users/kady/Masterdom/src/Masterdom.Platform/Masterdom.Platform.csproj]
/Users/kady/Masterdom/src/Masterdom.Platform/CalculationEngine/Metadata/ICalculationOperationRegistry.cs(18,58): warning CS1591: Missing XML comment for publicly visible type or member 'ICalculationOperationRegistry.ResolveByPrimitiveFamily(CalculationOperationPrimitiveFamily)' [/Users/kady/Masterdom/src/Masterdom.Platform/Masterdom.Platform.csproj]
/Users/kady/Masterdom/src/Masterdom.Platform/CalculationEngine/Metadata/ICalculationOperationRegistry.cs(20,58): warning CS1591: Missing XML comment for publicly visible type or member 'ICalculationOperationRegistry.GetByCapabilityCategory(CalculationOperationCapabilityCategory)' [/Users/kady/Masterdom/src/Masterdom.Platform/Masterdom.Platform.csproj]
/Users/kady/Masterdom/src/Masterdom.Platform/CalculationEngine/Metadata/ICalculationOperationRegistry.cs(22,58): warning CS1591: Missing XML comment for publicly visible type or member 'ICalculationOperationRegistry.ResolveByCompositionLevel(CalculationOperationCompositionLevel)' [/Users/kady/Masterdom/src/Masterdom.Platform/Masterdom.Platform.csproj]
/Users/kady/Masterdom/src/Masterdom.Platform/CalculationEngine/Metadata/ICalculationOperationRegistry.cs(24,58): warning CS1591: Missing XML comment for publicly visible type or member 'ICalculationOperationRegistry.ResolveByCompatibilityStatus(CalculationOperationCompatibilityStatus)' [/Users/kady/Masterdom/src/Masterdom.Platform/Masterdom.Platform.csproj]
/Users/kady/Masterdom/src/Masterdom.Platform/Configuration/BusinessConfigurationAsset.cs(3,22): warning CS1591: Missing XML comment for publicly visible type or member 'BusinessConfigurationAsset<TPayload>' [/Users/kady/Masterdom/src/Masterdom.Platform/Masterdom.Platform.csproj]
/Users/kady/Masterdom/src/Masterdom.Platform/Configuration/BusinessConfigurationAsset.cs(3,22): warning CS1591: Missing XML comment for publicly visible type or member 'BusinessConfigurationAsset<TPayload>.BusinessConfigurationAsset(BusinessConfigurationMetadata, TPayload)' [/Users/kady/Masterdom/src/Masterdom.Platform/Masterdom.Platform.csproj]
/Users/kady/Masterdom/src/Masterdom.Platform/Configuration/BusinessConfigurationAsset.cs(4,35): warning CS1591: Missing XML comment for publicly visible type or member 'BusinessConfigurationAsset<TPayload>.Metadata' [/Users/kady/Masterdom/src/Masterdom.Platform/Masterdom.Platform.csproj]
/Users/kady/Masterdom/src/Masterdom.Platform/Configuration/BusinessConfigurationAsset.cs(5,14): warning CS1591: Missing XML comment for publicly visible type or member 'BusinessConfigurationAsset<TPayload>.Payload' [/Users/kady/Masterdom/src/Masterdom.Platform/Masterdom.Platform.csproj]
/Users/kady/Masterdom/src/Masterdom.Platform/Configuration/BusinessConfigurationCatalog.cs(5,21): warning CS1591: Missing XML comment for publicly visible type or member 'BusinessConfigurationCatalog' [/Users/kady/Masterdom/src/Masterdom.Platform/Masterdom.Platform.csproj]
/Users/kady/Masterdom/src/Masterdom.Platform/Configuration/BusinessConfigurationCatalog.cs(9,12): warning CS1591: Missing XML comment for publicly visible type or member 'BusinessConfigurationCatalog.BusinessConfigurationCatalog(IConfigurationResolver)' [/Users/kady/Masterdom/src/Masterdom.Platform/Masterdom.Platform.csproj]
/Users/kady/Masterdom/src/Masterdom.Platform/Configuration/BusinessConfigurationCatalog.cs(14,49): warning CS1591: Missing XML comment for publicly visible type or member 'BusinessConfigurationCatalog.Resolve<TPayload>(ConfigurationKey, ConfigurationResolutionRequest)' [/Users/kady/Masterdom/src/Masterdom.Platform/Masterdom.Platform.csproj]
/Users/kady/Masterdom/src/Masterdom.Platform/Configuration/BusinessConfigurationMetadata.cs(3,22): warning CS1591: Missing XML comment for publicly visible type or member 'BusinessConfigurationMetadata' [/Users/kady/Masterdom/src/Masterdom.Platform/Masterdom.Platform.csproj]
/Users/kady/Masterdom/src/Masterdom.Platform/Configuration/BusinessConfigurationMetadata.cs(3,22): warning CS1591: Missing XML comment for publicly visible type or member 'BusinessConfigurationMetadata.BusinessConfigurationMetadata(string, string, int, BusinessConfigurationStatus, string, DateTime, DateTime?, string, string, DateTime, DateTime, IReadOnlyDictionary<string, string>)' [/Users/kady/Masterdom/src/Masterdom.Platform/Masterdom.Platform.csproj]
/Users/kady/Masterdom/src/Masterdom.Platform/Configuration/BusinessConfigurationMetadata.cs(4,12): warning CS1591: Missing XML comment for publicly visible type or member 'BusinessConfigurationMetadata.DefinitionId' [/Users/kady/Masterdom/src/Masterdom.Platform/Masterdom.Platform.csproj]
/Users/kady/Masterdom/src/Masterdom.Platform/Configuration/BusinessConfigurationMetadata.cs(5,12): warning CS1591: Missing XML comment for publicly visible type or member 'BusinessConfigurationMetadata.Name' [/Users/kady/Masterdom/src/Masterdom.Platform/Masterdom.Platform.csproj]
/Users/kady/Masterdom/src/Masterdom.Platform/Configuration/BusinessConfigurationMetadata.cs(6,9): warning CS1591: Missing XML comment for publicly visible type or member 'BusinessConfigurationMetadata.Version' [/Users/kady/Masterdom/src/Masterdom.Platform/Masterdom.Platform.csproj]
/Users/kady/Masterdom/src/Masterdom.Platform/Configuration/BusinessConfigurationMetadata.cs(7,33): warning CS1591: Missing XML comment for publicly visible type or member 'BusinessConfigurationMetadata.Status' [/Users/kady/Masterdom/src/Masterdom.Platform/Masterdom.Platform.csproj]
/Users/kady/Masterdom/src/Masterdom.Platform/Configuration/BusinessConfigurationMetadata.cs(8,12): warning CS1591: Missing XML comment for publicly visible type or member 'BusinessConfigurationMetadata.Description' [/Users/kady/Masterdom/src/Masterdom.Platform/Masterdom.Platform.csproj]
/Users/kady/Masterdom/src/Masterdom.Platform/Configuration/BusinessConfigurationMetadata.cs(9,14): warning CS1591: Missing XML comment for publicly visible type or member 'BusinessConfigurationMetadata.EffectiveFromUtc' [/Users/kady/Masterdom/src/Masterdom.Platform/Masterdom.Platform.csproj]
/Users/kady/Masterdom/src/Masterdom.Platform/Configuration/BusinessConfigurationMetadata.cs(10,15): warning CS1591: Missing XML comment for publicly visible type or member 'BusinessConfigurationMetadata.EffectiveToUtc' [/Users/kady/Masterdom/src/Masterdom.Platform/Masterdom.Platform.csproj]
/Users/kady/Masterdom/src/Masterdom.Platform/Configuration/BusinessConfigurationMetadata.cs(11,12): warning CS1591: Missing XML comment for publicly visible type or member 'BusinessConfigurationMetadata.CreatedBy' [/Users/kady/Masterdom/src/Masterdom.Platform/Masterdom.Platform.csproj]
/Users/kady/Masterdom/src/Masterdom.Platform/Configuration/BusinessConfigurationMetadata.cs(12,12): warning CS1591: Missing XML comment for publicly visible type or member 'BusinessConfigurationMetadata.ModifiedBy' [/Users/kady/Masterdom/src/Masterdom.Platform/Masterdom.Platform.csproj]
/Users/kady/Masterdom/src/Masterdom.Platform/Configuration/BusinessConfigurationMetadata.cs(13,14): warning CS1591: Missing XML comment for publicly visible type or member 'BusinessConfigurationMetadata.CreatedAtUtc' [/Users/kady/Masterdom/src/Masterdom.Platform/Masterdom.Platform.csproj]
/Users/kady/Masterdom/src/Masterdom.Platform/Configuration/BusinessConfigurationMetadata.cs(14,14): warning CS1591: Missing XML comment for publicly visible type or member 'BusinessConfigurationMetadata.ModifiedAtUtc' [/Users/kady/Masterdom/src/Masterdom.Platform/Masterdom.Platform.csproj]
/Users/kady/Masterdom/src/Masterdom.Platform/Configuration/BusinessConfigurationMetadata.cs(15,41): warning CS1591: Missing XML comment for publicly visible type or member 'BusinessConfigurationMetadata.AuditMetadata' [/Users/kady/Masterdom/src/Masterdom.Platform/Masterdom.Platform.csproj]
/Users/kady/Masterdom/src/Masterdom.Platform/Configuration/BusinessConfigurationStatus.cs(3,13): warning CS1591: Missing XML comment for publicly visible type or member 'BusinessConfigurationStatus' [/Users/kady/Masterdom/src/Masterdom.Platform/Masterdom.Platform.csproj]
/Users/kady/Masterdom/src/Masterdom.Platform/Configuration/BusinessConfigurationStatus.cs(5,5): warning CS1591: Missing XML comment for publicly visible type or member 'BusinessConfigurationStatus.Draft' [/Users/kady/Masterdom/src/Masterdom.Platform/Masterdom.Platform.csproj]
/Users/kady/Masterdom/src/Masterdom.Platform/Configuration/BusinessConfigurationStatus.cs(6,5): warning CS1591: Missing XML comment for publicly visible type or member 'BusinessConfigurationStatus.Active' [/Users/kady/Masterdom/src/Masterdom.Platform/Masterdom.Platform.csproj]
/Users/kady/Masterdom/src/Masterdom.Platform/Configuration/BusinessConfigurationStatus.cs(7,5): warning CS1591: Missing XML comment for publicly visible type or member 'BusinessConfigurationStatus.Inactive' [/Users/kady/Masterdom/src/Masterdom.Platform/Masterdom.Platform.csproj]
/Users/kady/Masterdom/src/Masterdom.Platform/Configuration/BusinessConfigurationStatus.cs(8,5): warning CS1591: Missing XML comment for publicly visible type or member 'BusinessConfigurationStatus.Deprecated' [/Users/kady/Masterdom/src/Masterdom.Platform/Masterdom.Platform.csproj]
/Users/kady/Masterdom/src/Masterdom.Platform/Configuration/ConfigurationCatalogBuilder.cs(12,54): warning CS1591: Missing XML comment for publicly visible type or member 'ConfigurationCatalogBuilder.BuildFromCatalog(IEnumerable<ModuleCatalogEntry>, DateTime?)' [/Users/kady/Masterdom/src/Masterdom.Platform/Masterdom.Platform.csproj]
/Users/kady/Masterdom/src/Masterdom.Platform/Configuration/ConfigurationId.cs(10,12): warning CS1591: Missing XML comment for publicly visible type or member 'ConfigurationId.ConfigurationId(Guid)' [/Users/kady/Masterdom/src/Masterdom.Platform/Masterdom.Platform.csproj]
/Users/kady/Masterdom/src/Masterdom.Platform/Configuration/ConfigurationId.cs(21,17): warning CS1591: Missing XML comment for publicly visible type or member 'ConfigurationId.Value' [/Users/kady/Masterdom/src/Masterdom.Platform/Masterdom.Platform.csproj]
/Users/kady/Masterdom/src/Masterdom.Platform/Configuration/ConfigurationKey.cs(10,12): warning CS1591: Missing XML comment for publicly visible type or member 'ConfigurationKey.ConfigurationKey(string)' [/Users/kady/Masterdom/src/Masterdom.Platform/Masterdom.Platform.csproj]
/Users/kady/Masterdom/src/Masterdom.Platform/Configuration/ConfigurationKey.cs(21,19): warning CS1591: Missing XML comment for publicly visible type or member 'ConfigurationKey.Value' [/Users/kady/Masterdom/src/Masterdom.Platform/Masterdom.Platform.csproj]
/Users/kady/Masterdom/src/Masterdom.Platform/Configuration/ConfigurationKey.cs(23,17): warning CS1591: Missing XML comment for publicly visible type or member 'ConfigurationKey.Equals(ConfigurationKey?)' [/Users/kady/Masterdom/src/Masterdom.Platform/Masterdom.Platform.csproj]
/Users/kady/Masterdom/src/Masterdom.Platform/Configuration/ConfigurationKey.cs(33,26): warning CS1591: Missing XML comment for publicly visible type or member 'ConfigurationKey.Equals(object?)' [/Users/kady/Masterdom/src/Masterdom.Platform/Masterdom.Platform.csproj]
/Users/kady/Masterdom/src/Masterdom.Platform/Configuration/ConfigurationKey.cs(38,25): warning CS1591: Missing XML comment for publicly visible type or member 'ConfigurationKey.GetHashCode()' [/Users/kady/Masterdom/src/Masterdom.Platform/Masterdom.Platform.csproj]
/Users/kady/Masterdom/src/Masterdom.Platform/Configuration/ConfigurationKey.cs(43,28): warning CS1591: Missing XML comment for publicly visible type or member 'ConfigurationKey.ToString()' [/Users/kady/Masterdom/src/Masterdom.Platform/Masterdom.Platform.csproj]
/Users/kady/Masterdom/src/Masterdom.Platform/Configuration/ConfigurationRecord.cs(10,12): warning CS1591: Missing XML comment for publicly visible type or member 'ConfigurationRecord.ConfigurationRecord(ConfigurationId, ConfigurationKey, ConfigurationScope, ConfigurationVersion, ConfigurationValue, EffectivePeriod, string, string, DateTime)' [/Users/kady/Masterdom/src/Masterdom.Platform/Masterdom.Platform.csproj]
/Users/kady/Masterdom/src/Masterdom.Platform/Configuration/ConfigurationRecord.cs(51,28): warning CS1591: Missing XML comment for publicly visible type or member 'ConfigurationRecord.Id' [/Users/kady/Masterdom/src/Masterdom.Platform/Masterdom.Platform.csproj]
/Users/kady/Masterdom/src/Masterdom.Platform/Configuration/ConfigurationRecord.cs(53,29): warning CS1591: Missing XML comment for publicly visible type or member 'ConfigurationRecord.Key' [/Users/kady/Masterdom/src/Masterdom.Platform/Masterdom.Platform.csproj]
/Users/kady/Masterdom/src/Masterdom.Platform/Configuration/ConfigurationRecord.cs(55,31): warning CS1591: Missing XML comment for publicly visible type or member 'ConfigurationRecord.Scope' [/Users/kady/Masterdom/src/Masterdom.Platform/Masterdom.Platform.csproj]
/Users/kady/Masterdom/src/Masterdom.Platform/Configuration/ConfigurationRecord.cs(57,33): warning CS1591: Missing XML comment for publicly visible type or member 'ConfigurationRecord.Version' [/Users/kady/Masterdom/src/Masterdom.Platform/Masterdom.Platform.csproj]
/Users/kady/Masterdom/src/Masterdom.Platform/Configuration/ConfigurationRecord.cs(59,31): warning CS1591: Missing XML comment for publicly visible type or member 'ConfigurationRecord.Value' [/Users/kady/Masterdom/src/Masterdom.Platform/Masterdom.Platform.csproj]
/Users/kady/Masterdom/src/Masterdom.Platform/Configuration/ConfigurationRecord.cs(61,28): warning CS1591: Missing XML comment for publicly visible type or member 'ConfigurationRecord.Period' [/Users/kady/Masterdom/src/Masterdom.Platform/Masterdom.Platform.csproj]
/Users/kady/Masterdom/src/Masterdom.Platform/Configuration/ConfigurationRecord.cs(63,19): warning CS1591: Missing XML comment for publicly visible type or member 'ConfigurationRecord.ChangedBy' [/Users/kady/Masterdom/src/Masterdom.Platform/Masterdom.Platform.csproj]
/Users/kady/Masterdom/src/Masterdom.Platform/Configuration/ConfigurationRecord.cs(65,19): warning CS1591: Missing XML comment for publicly visible type or member 'ConfigurationRecord.Reason' [/Users/kady/Masterdom/src/Masterdom.Platform/Masterdom.Platform.csproj]
/Users/kady/Masterdom/src/Masterdom.Platform/Configuration/ConfigurationRecord.cs(67,21): warning CS1591: Missing XML comment for publicly visible type or member 'ConfigurationRecord.ChangedAtUtc' [/Users/kady/Masterdom/src/Masterdom.Platform/Masterdom.Platform.csproj]
/Users/kady/Masterdom/src/Masterdom.Platform/Configuration/ConfigurationRegistry.cs(14,12): warning CS1591: Missing XML comment for publicly visible type or member 'ConfigurationRegistry.ConfigurationRegistry(IConfigurationRepository?)' [/Users/kady/Masterdom/src/Masterdom.Platform/Masterdom.Platform.csproj]
/Users/kady/Masterdom/src/Masterdom.Platform/Configuration/ConfigurationRegistry.cs(20,17): warning CS1591: Missing XML comment for publicly visible type or member 'ConfigurationRegistry.ReplaceAll(IReadOnlyList<ConfigurationRecord>)' [/Users/kady/Masterdom/src/Masterdom.Platform/Masterdom.Platform.csproj]
/Users/kady/Masterdom/src/Masterdom.Platform/Configuration/ConfigurationRegistry.cs(29,17): warning CS1591: Missing XML comment for publicly visible type or member 'ConfigurationRegistry.RegisterRange(IReadOnlyList<ConfigurationRecord>)' [/Users/kady/Masterdom/src/Masterdom.Platform/Masterdom.Platform.csproj]
/Users/kady/Masterdom/src/Masterdom.Platform/Configuration/ConfigurationRegistry.cs(42,47): warning CS1591: Missing XML comment for publicly visible type or member 'ConfigurationRegistry.GetAll()' [/Users/kady/Masterdom/src/Masterdom.Platform/Masterdom.Platform.csproj]
/Users/kady/Masterdom/src/Masterdom.Platform/Configuration/ConfigurationResolutionRequest.cs(10,28): warning CS1591: Missing XML comment for publicly visible type or member 'ConfigurationResolutionRequest.ModuleId' [/Users/kady/Masterdom/src/Masterdom.Platform/Masterdom.Platform.csproj]
/Users/kady/Masterdom/src/Masterdom.Platform/Configuration/ConfigurationResolutionRequest.cs(12,20): warning CS1591: Missing XML comment for publicly visible type or member 'ConfigurationResolutionRequest.TenantId' [/Users/kady/Masterdom/src/Masterdom.Platform/Masterdom.Platform.csproj]
/Users/kady/Masterdom/src/Masterdom.Platform/Configuration/ConfigurationResolutionRequest.cs(14,20): warning CS1591: Missing XML comment for publicly visible type or member 'ConfigurationResolutionRequest.PropertyId' [/Users/kady/Masterdom/src/Masterdom.Platform/Masterdom.Platform.csproj]
/Users/kady/Masterdom/src/Masterdom.Platform/Configuration/ConfigurationResolutionRequest.cs(16,21): warning CS1591: Missing XML comment for publicly visible type or member 'ConfigurationResolutionRequest.AsOfUtc' [/Users/kady/Masterdom/src/Masterdom.Platform/Masterdom.Platform.csproj]
/Users/kady/Masterdom/src/Masterdom.Platform/Configuration/ConfigurationResolutionResult.cs(8,41): warning CS1591: Missing XML comment for publicly visible type or member 'ConfigurationResolutionResult.Record' [/Users/kady/Masterdom/src/Masterdom.Platform/Masterdom.Platform.csproj]
/Users/kady/Masterdom/src/Masterdom.Platform/Configuration/ConfigurationResolutionResult.cs(10,26): warning CS1591: Missing XML comment for publicly visible type or member 'ConfigurationResolutionResult.IsDefault' [/Users/kady/Masterdom/src/Masterdom.Platform/Masterdom.Platform.csproj]
/Users/kady/Masterdom/src/Masterdom.Platform/Configuration/ConfigurationResolver.cs(15,12): warning CS1591: Missing XML comment for publicly visible type or member 'ConfigurationResolver.ConfigurationResolver(IConfigurationRepository, IConfigurationDefaults?)' [/Users/kady/Masterdom/src/Masterdom.Platform/Masterdom.Platform.csproj]
/Users/kady/Masterdom/src/Masterdom.Platform/Configuration/ConfigurationResolver.cs(23,42): warning CS1591: Missing XML comment for publicly visible type or member 'ConfigurationResolver.Resolve(ConfigurationKey, ConfigurationResolutionRequest)' [/Users/kady/Masterdom/src/Masterdom.Platform/Masterdom.Platform.csproj]
/Users/kady/Masterdom/src/Masterdom.Platform/Configuration/ConfigurationScope.cs(16,35): warning CS1591: Missing XML comment for publicly visible type or member 'ConfigurationScope.Kind' [/Users/kady/Masterdom/src/Masterdom.Platform/Masterdom.Platform.csproj]
/Users/kady/Masterdom/src/Masterdom.Platform/Configuration/ConfigurationScope.cs(18,20): warning CS1591: Missing XML comment for publicly visible type or member 'ConfigurationScope.Identifier' [/Users/kady/Masterdom/src/Masterdom.Platform/Masterdom.Platform.csproj]
/Users/kady/Masterdom/src/Masterdom.Platform/Configuration/ConfigurationScope.cs(20,38): warning CS1591: Missing XML comment for publicly visible type or member 'ConfigurationScope.Global()' [/Users/kady/Masterdom/src/Masterdom.Platform/Masterdom.Platform.csproj]
/Users/kady/Masterdom/src/Masterdom.Platform/Configuration/ConfigurationScope.cs(25,38): warning CS1591: Missing XML comment for publicly visible type or member 'ConfigurationScope.Module(string)' [/Users/kady/Masterdom/src/Masterdom.Platform/Masterdom.Platform.csproj]
/Users/kady/Masterdom/src/Masterdom.Platform/Configuration/ConfigurationScope.cs(30,38): warning CS1591: Missing XML comment for publicly visible type or member 'ConfigurationScope.Tenant(string)' [/Users/kady/Masterdom/src/Masterdom.Platform/Masterdom.Platform.csproj]
/Users/kady/Masterdom/src/Masterdom.Platform/Configuration/ConfigurationScope.cs(35,38): warning CS1591: Missing XML comment for publicly visible type or member 'ConfigurationScope.Property(string)' [/Users/kady/Masterdom/src/Masterdom.Platform/Masterdom.Platform.csproj]
/Users/kady/Masterdom/src/Masterdom.Platform/Configuration/ConfigurationScope.cs(40,38): warning CS1591: Missing XML comment for publicly visible type or member 'ConfigurationScope.Create(ConfigurationScopeKind, string?)' [/Users/kady/Masterdom/src/Masterdom.Platform/Masterdom.Platform.csproj]
/Users/kady/Masterdom/src/Masterdom.Platform/Configuration/ConfigurationScope.cs(64,17): warning CS1591: Missing XML comment for publicly visible type or member 'ConfigurationScope.Equals(ConfigurationScope?)' [/Users/kady/Masterdom/src/Masterdom.Platform/Masterdom.Platform.csproj]
/Users/kady/Masterdom/src/Masterdom.Platform/Configuration/ConfigurationScope.cs(75,26): warning CS1591: Missing XML comment for publicly visible type or member 'ConfigurationScope.Equals(object?)' [/Users/kady/Masterdom/src/Masterdom.Platform/Masterdom.Platform.csproj]
/Users/kady/Masterdom/src/Masterdom.Platform/Configuration/ConfigurationScope.cs(80,25): warning CS1591: Missing XML comment for publicly visible type or member 'ConfigurationScope.GetHashCode()' [/Users/kady/Masterdom/src/Masterdom.Platform/Masterdom.Platform.csproj]
/Users/kady/Masterdom/src/Masterdom.Platform/Configuration/ConfigurationScopeKind.cs(8,5): warning CS1591: Missing XML comment for publicly visible type or member 'ConfigurationScopeKind.Global' [/Users/kady/Masterdom/src/Masterdom.Platform/Masterdom.Platform.csproj]
/Users/kady/Masterdom/src/Masterdom.Platform/Configuration/ConfigurationScopeKind.cs(9,5): warning CS1591: Missing XML comment for publicly visible type or member 'ConfigurationScopeKind.Module' [/Users/kady/Masterdom/src/Masterdom.Platform/Masterdom.Platform.csproj]
/Users/kady/Masterdom/src/Masterdom.Platform/Configuration/ConfigurationScopeKind.cs(10,5): warning CS1591: Missing XML comment for publicly visible type or member 'ConfigurationScopeKind.Tenant' [/Users/kady/Masterdom/src/Masterdom.Platform/Masterdom.Platform.csproj]
/Users/kady/Masterdom/src/Masterdom.Platform/Configuration/ConfigurationScopeKind.cs(11,5): warning CS1591: Missing XML comment for publicly visible type or member 'ConfigurationScopeKind.Property' [/Users/kady/Masterdom/src/Masterdom.Platform/Masterdom.Platform.csproj]
/Users/kady/Masterdom/src/Masterdom.Platform/Configuration/ConfigurationValue.cs(10,12): warning CS1591: Missing XML comment for publicly visible type or member 'ConfigurationValue.ConfigurationValue(string)' [/Users/kady/Masterdom/src/Masterdom.Platform/Masterdom.Platform.csproj]
/Users/kady/Masterdom/src/Masterdom.Platform/Configuration/ConfigurationValue.cs(21,19): warning CS1591: Missing XML comment for publicly visible type or member 'ConfigurationValue.Value' [/Users/kady/Masterdom/src/Masterdom.Platform/Masterdom.Platform.csproj]
/Users/kady/Masterdom/src/Masterdom.Platform/Configuration/ConfigurationValue.cs(23,28): warning CS1591: Missing XML comment for publicly visible type or member 'ConfigurationValue.ToString()' [/Users/kady/Masterdom/src/Masterdom.Platform/Masterdom.Platform.csproj]
/Users/kady/Masterdom/src/Masterdom.Platform/Configuration/ConfigurationVersion.cs(8,12): warning CS1591: Missing XML comment for publicly visible type or member 'ConfigurationVersion.ConfigurationVersion(int)' [/Users/kady/Masterdom/src/Masterdom.Platform/Masterdom.Platform.csproj]
/Users/kady/Masterdom/src/Masterdom.Platform/Configuration/ConfigurationVersion.cs(19,16): warning CS1591: Missing XML comment for publicly visible type or member 'ConfigurationVersion.Value' [/Users/kady/Masterdom/src/Masterdom.Platform/Masterdom.Platform.csproj]
/Users/kady/Masterdom/src/Masterdom.Platform/Configuration/DefaultConfigurationDefaults.cs(13,70): warning CS1591: Missing XML comment for publicly visible type or member 'DefaultConfigurationDefaults.GetDefaults()' [/Users/kady/Masterdom/src/Masterdom.Platform/Masterdom.Platform.csproj]
/Users/kady/Masterdom/src/Masterdom.Platform/Configuration/EffectivePeriod.cs(10,12): warning CS1591: Missing XML comment for publicly visible type or member 'EffectivePeriod.EffectivePeriod(DateTime, DateTime?)' [/Users/kady/Masterdom/src/Masterdom.Platform/Masterdom.Platform.csproj]
/Users/kady/Masterdom/src/Masterdom.Platform/Configuration/EffectivePeriod.cs(34,21): warning CS1591: Missing XML comment for publicly visible type or member 'EffectivePeriod.EffectiveFromUtc' [/Users/kady/Masterdom/src/Masterdom.Platform/Masterdom.Platform.csproj]
/Users/kady/Masterdom/src/Masterdom.Platform/Configuration/EffectivePeriod.cs(36,22): warning CS1591: Missing XML comment for publicly visible type or member 'EffectivePeriod.EffectiveToUtc' [/Users/kady/Masterdom/src/Masterdom.Platform/Masterdom.Platform.csproj]
/Users/kady/Masterdom/src/Masterdom.Platform/Configuration/EffectivePeriod.cs(38,17): warning CS1591: Missing XML comment for publicly visible type or member 'EffectivePeriod.IsEffectiveAt(DateTime)' [/Users/kady/Masterdom/src/Masterdom.Platform/Masterdom.Platform.csproj]
/Users/kady/Masterdom/src/Masterdom.Platform/Configuration/IBusinessConfigurationCatalog.cs(3,18): warning CS1591: Missing XML comment for publicly visible type or member 'IBusinessConfigurationCatalog' [/Users/kady/Masterdom/src/Masterdom.Platform/Masterdom.Platform.csproj]
/Users/kady/Masterdom/src/Masterdom.Platform/Configuration/IBusinessConfigurationCatalog.cs(5,42): warning CS1591: Missing XML comment for publicly visible type or member 'IBusinessConfigurationCatalog.Resolve<TPayload>(ConfigurationKey, ConfigurationResolutionRequest)' [/Users/kady/Masterdom/src/Masterdom.Platform/Masterdom.Platform.csproj]
/Users/kady/Masterdom/src/Masterdom.Platform/Configuration/IConfigurationDefaults.cs(10,63): warning CS1591: Missing XML comment for publicly visible type or member 'IConfigurationDefaults.GetDefaults()' [/Users/kady/Masterdom/src/Masterdom.Platform/Masterdom.Platform.csproj]
/Users/kady/Masterdom/src/Masterdom.Platform/Configuration/IConfigurationRepository.cs(10,40): warning CS1591: Missing XML comment for publicly visible type or member 'IConfigurationRepository.GetAll()' [/Users/kady/Masterdom/src/Masterdom.Platform/Masterdom.Platform.csproj]
/Users/kady/Masterdom/src/Masterdom.Platform/Configuration/IConfigurationResolver.cs(8,35): warning CS1591: Missing XML comment for publicly visible type or member 'IConfigurationResolver.Resolve(ConfigurationKey, ConfigurationResolutionRequest)' [/Users/kady/Masterdom/src/Masterdom.Platform/Masterdom.Platform.csproj]
/Users/kady/Masterdom/src/Masterdom.Platform/Configuration/InMemoryConfigurationRepository.cs(14,12): warning CS1591: Missing XML comment for publicly visible type or member 'InMemoryConfigurationRepository.InMemoryConfigurationRepository(IReadOnlyList<ConfigurationRecord>?)' [/Users/kady/Masterdom/src/Masterdom.Platform/Masterdom.Platform.csproj]
/Users/kady/Masterdom/src/Masterdom.Platform/Configuration/InMemoryConfigurationRepository.cs(19,47): warning CS1591: Missing XML comment for publicly visible type or member 'InMemoryConfigurationRepository.GetAll()' [/Users/kady/Masterdom/src/Masterdom.Platform/Masterdom.Platform.csproj]
/Users/kady/Masterdom/src/Masterdom.Platform/Configuration/InMemoryConfigurationRepository.cs(24,17): warning CS1591: Missing XML comment for publicly visible type or member 'InMemoryConfigurationRepository.ReplaceAll(IReadOnlyList<ConfigurationRecord>)' [/Users/kady/Masterdom/src/Masterdom.Platform/Masterdom.Platform.csproj]
/Users/kady/Masterdom/src/Masterdom.Platform/Configuration/PlatformConfigurationValidationException.cs(10,12): warning CS1591: Missing XML comment for publicly visible type or member 'PlatformConfigurationValidationException.PlatformConfigurationValidationException(string)' [/Users/kady/Masterdom/src/Masterdom.Platform/Masterdom.Platform.csproj]
/Users/kady/Masterdom/src/Masterdom.Platform/Core/KernelHealthCheckResult.cs(10,30): warning CS1591: Missing XML comment for publicly visible type or member 'KernelHealthCheckResult.TimestampUtc' [/Users/kady/Masterdom/src/Masterdom.Platform/Masterdom.Platform.csproj]
/Users/kady/Masterdom/src/Masterdom.Platform/Core/KernelHealthCheckResult.cs(12,40): warning CS1591: Missing XML comment for publicly visible type or member 'KernelHealthCheckResult.Status' [/Users/kady/Masterdom/src/Masterdom.Platform/Masterdom.Platform.csproj]
/Users/kady/Masterdom/src/Masterdom.Platform/Core/KernelHealthCheckResult.cs(14,33): warning CS1591: Missing XML comment for publicly visible type or member 'KernelHealthCheckResult.State' [/Users/kady/Masterdom/src/Masterdom.Platform/Masterdom.Platform.csproj]
/Users/kady/Masterdom/src/Masterdom.Platform/Core/KernelHealthCheckResult.cs(16,28): warning CS1591: Missing XML comment for publicly visible type or member 'KernelHealthCheckResult.Message' [/Users/kady/Masterdom/src/Masterdom.Platform/Masterdom.Platform.csproj]
/Users/kady/Masterdom/src/Masterdom.Platform/Core/KernelHealthStatus.cs(8,5): warning CS1591: Missing XML comment for publicly visible type or member 'KernelHealthStatus.Healthy' [/Users/kady/Masterdom/src/Masterdom.Platform/Masterdom.Platform.csproj]
/Users/kady/Masterdom/src/Masterdom.Platform/Core/KernelHealthStatus.cs(10,5): warning CS1591: Missing XML comment for publicly visible type or member 'KernelHealthStatus.Degraded' [/Users/kady/Masterdom/src/Masterdom.Platform/Masterdom.Platform.csproj]
/Users/kady/Masterdom/src/Masterdom.Platform/Core/KernelHealthStatus.cs(12,5): warning CS1591: Missing XML comment for publicly visible type or member 'KernelHealthStatus.Unhealthy' [/Users/kady/Masterdom/src/Masterdom.Platform/Masterdom.Platform.csproj]
/Users/kady/Masterdom/src/Masterdom.Platform/Diagnostics/ConsoleDiagnostics.cs(10,17): warning CS1591: Missing XML comment for publicly visible type or member 'ConsoleDiagnostics.Write(DiagnosticEntry)' [/Users/kady/Masterdom/src/Masterdom.Platform/Masterdom.Platform.csproj]
/Users/kady/Masterdom/src/Masterdom.Platform/Diagnostics/DiagnosticSeverity.cs(8,5): warning CS1591: Missing XML comment for publicly visible type or member 'DiagnosticSeverity.Trace' [/Users/kady/Masterdom/src/Masterdom.Platform/Masterdom.Platform.csproj]
/Users/kady/Masterdom/src/Masterdom.Platform/Diagnostics/DiagnosticSeverity.cs(10,5): warning CS1591: Missing XML comment for publicly visible type or member 'DiagnosticSeverity.Debug' [/Users/kady/Masterdom/src/Masterdom.Platform/Masterdom.Platform.csproj]
/Users/kady/Masterdom/src/Masterdom.Platform/Diagnostics/DiagnosticSeverity.cs(12,5): warning CS1591: Missing XML comment for publicly visible type or member 'DiagnosticSeverity.Information' [/Users/kady/Masterdom/src/Masterdom.Platform/Masterdom.Platform.csproj]
/Users/kady/Masterdom/src/Masterdom.Platform/Diagnostics/DiagnosticSeverity.cs(14,5): warning CS1591: Missing XML comment for publicly visible type or member 'DiagnosticSeverity.Warning' [/Users/kady/Masterdom/src/Masterdom.Platform/Masterdom.Platform.csproj]
/Users/kady/Masterdom/src/Masterdom.Platform/Diagnostics/DiagnosticSeverity.cs(16,5): warning CS1591: Missing XML comment for publicly visible type or member 'DiagnosticSeverity.Error' [/Users/kady/Masterdom/src/Masterdom.Platform/Masterdom.Platform.csproj]
/Users/kady/Masterdom/src/Masterdom.Platform/Diagnostics/DiagnosticSeverity.cs(18,5): warning CS1591: Missing XML comment for publicly visible type or member 'DiagnosticSeverity.Critical' [/Users/kady/Masterdom/src/Masterdom.Platform/Masterdom.Platform.csproj]
/Users/kady/Masterdom/src/Masterdom.Platform/Diagnostics/IDiagnostics.cs(8,10): warning CS1591: Missing XML comment for publicly visible type or member 'IDiagnostics.Write(DiagnosticEntry)' [/Users/kady/Masterdom/src/Masterdom.Platform/Masterdom.Platform.csproj]
/Users/kady/Masterdom/src/Masterdom.Platform/Events/DomainEventAdapter.cs(13,31): warning CS1591: Missing XML comment for publicly visible type or member 'DomainEventAdapter.Adapt(IDomainEvent, EventContext)' [/Users/kady/Masterdom/src/Masterdom.Platform/Masterdom.Platform.csproj]
/Users/kady/Masterdom/src/Masterdom.Platform/Events/DomainEventPublisher.cs(15,12): warning CS1591: Missing XML comment for publicly visible type or member 'DomainEventPublisher.DomainEventPublisher(IDomainEventAdapter, IEventPublisher)' [/Users/kady/Masterdom/src/Masterdom.Platform/Masterdom.Platform.csproj]
/Users/kady/Masterdom/src/Masterdom.Platform/Events/DomainEventPublisher.cs(21,37): warning CS1591: Missing XML comment for publicly visible type or member 'DomainEventPublisher.Publish(IHasDomainEvents, EventContext, EventDispatchPolicy?, bool)' [/Users/kady/Masterdom/src/Masterdom.Platform/Masterdom.Platform.csproj]
/Users/kady/Masterdom/src/Masterdom.Platform/Events/DomainEventPublishResult.cs(10,25): warning CS1591: Missing XML comment for publicly visible type or member 'DomainEventPublishResult.PublishedCount' [/Users/kady/Masterdom/src/Masterdom.Platform/Masterdom.Platform.csproj]
/Users/kady/Masterdom/src/Masterdom.Platform/Events/DomainEventPublishResult.cs(12,55): warning CS1591: Missing XML comment for publicly visible type or member 'DomainEventPublishResult.PublishedEvents' [/Users/kady/Masterdom/src/Masterdom.Platform/Masterdom.Platform.csproj]
/Users/kady/Masterdom/src/Masterdom.Platform/Events/DomainRuntimeEvent.cs(12,12): warning CS1591: Missing XML comment for publicly visible type or member 'DomainRuntimeEvent.DomainRuntimeEvent(EventId, EventVersion, EventType, DateTime, EventPayload, IDomainEvent, IReadOnlyDictionary<string, string>?, IReadOnlyDictionary<string, string>?)' [/Users/kady/Masterdom/src/Masterdom.Platform/Masterdom.Platform.csproj]
/Users/kady/Masterdom/src/Masterdom.Platform/Events/DomainRuntimeEvent.cs(34,32): warning CS1591: Missing XML comment for publicly visible type or member 'DomainRuntimeEvent.DomainEvent' [/Users/kady/Masterdom/src/Masterdom.Platform/Masterdom.Platform.csproj]
/Users/kady/Masterdom/src/Masterdom.Platform/Events/Event.cs(12,15): warning CS1591: Missing XML comment for publicly visible type or member 'Event.Event(EventId, EventVersion, EventCategory, EventType, DateTime, EventPayload, IReadOnlyDictionary<string, string>?, IReadOnlyDictionary<string, string>?)' [/Users/kady/Masterdom/src/Masterdom.Platform/Masterdom.Platform.csproj]
/Users/kady/Masterdom/src/Masterdom.Platform/Events/Event.cs(39,20): warning CS1591: Missing XML comment for publicly visible type or member 'Event.EventId' [/Users/kady/Masterdom/src/Masterdom.Platform/Masterdom.Platform.csproj]
/Users/kady/Masterdom/src/Masterdom.Platform/Events/Event.cs(41,25): warning CS1591: Missing XML comment for publicly visible type or member 'Event.EventVersion' [/Users/kady/Masterdom/src/Masterdom.Platform/Masterdom.Platform.csproj]
/Users/kady/Masterdom/src/Masterdom.Platform/Events/Event.cs(43,26): warning CS1591: Missing XML comment for publicly visible type or member 'Event.Category' [/Users/kady/Masterdom/src/Masterdom.Platform/Masterdom.Platform.csproj]
/Users/kady/Masterdom/src/Masterdom.Platform/Events/Event.cs(45,22): warning CS1591: Missing XML comment for publicly visible type or member 'Event.EventType' [/Users/kady/Masterdom/src/Masterdom.Platform/Masterdom.Platform.csproj]
/Users/kady/Masterdom/src/Masterdom.Platform/Events/Event.cs(47,21): warning CS1591: Missing XML comment for publicly visible type or member 'Event.OccurredAtUtc' [/Users/kady/Masterdom/src/Masterdom.Platform/Masterdom.Platform.csproj]
/Users/kady/Masterdom/src/Masterdom.Platform/Events/Event.cs(49,25): warning CS1591: Missing XML comment for publicly visible type or member 'Event.Payload' [/Users/kady/Masterdom/src/Masterdom.Platform/Masterdom.Platform.csproj]
/Users/kady/Masterdom/src/Masterdom.Platform/Events/Event.cs(51,48): warning CS1591: Missing XML comment for publicly visible type or member 'Event.Headers' [/Users/kady/Masterdom/src/Masterdom.Platform/Masterdom.Platform.csproj]
/Users/kady/Masterdom/src/Masterdom.Platform/Events/Event.cs(53,48): warning CS1591: Missing XML comment for publicly visible type or member 'Event.Metadata' [/Users/kady/Masterdom/src/Masterdom.Platform/Masterdom.Platform.csproj]
/Users/kady/Masterdom/src/Masterdom.Platform/Events/EventCatalog.cs(12,12): warning CS1591: Missing XML comment for publicly visible type or member 'EventCatalog.EventCatalog(IEnumerable<EventDescriptor>, IEnumerable<EventHandlerDescriptor>)' [/Users/kady/Masterdom/src/Masterdom.Platform/Masterdom.Platform.csproj]
/Users/kady/Masterdom/src/Masterdom.Platform/Events/EventCatalog.cs(23,43): warning CS1591: Missing XML comment for publicly visible type or member 'EventCatalog.Events' [/Users/kady/Masterdom/src/Masterdom.Platform/Masterdom.Platform.csproj]
/Users/kady/Masterdom/src/Masterdom.Platform/Events/EventCatalog.cs(25,50): warning CS1591: Missing XML comment for publicly visible type or member 'EventCatalog.Handlers' [/Users/kady/Masterdom/src/Masterdom.Platform/Masterdom.Platform.csproj]
/Users/kady/Masterdom/src/Masterdom.Platform/Events/EventCatalogBuilder.cs(12,50): warning CS1591: Missing XML comment for publicly visible type or member 'EventCatalogBuilder.BuildFromCatalog(IEnumerable<ModuleCatalogEntry>)' [/Users/kady/Masterdom/src/Masterdom.Platform/Masterdom.Platform.csproj]
/Users/kady/Masterdom/src/Masterdom.Platform/Events/EventCategory.cs(8,5): warning CS1591: Missing XML comment for publicly visible type or member 'EventCategory.Domain' [/Users/kady/Masterdom/src/Masterdom.Platform/Masterdom.Platform.csproj]
/Users/kady/Masterdom/src/Masterdom.Platform/Events/EventCategory.cs(9,5): warning CS1591: Missing XML comment for publicly visible type or member 'EventCategory.Platform' [/Users/kady/Masterdom/src/Masterdom.Platform/Masterdom.Platform.csproj]
/Users/kady/Masterdom/src/Masterdom.Platform/Events/EventCategory.cs(10,5): warning CS1591: Missing XML comment for publicly visible type or member 'EventCategory.Application' [/Users/kady/Masterdom/src/Masterdom.Platform/Masterdom.Platform.csproj]
/Users/kady/Masterdom/src/Masterdom.Platform/Events/EventCategory.cs(11,5): warning CS1591: Missing XML comment for publicly visible type or member 'EventCategory.Integration' [/Users/kady/Masterdom/src/Masterdom.Platform/Masterdom.Platform.csproj]
/Users/kady/Masterdom/src/Masterdom.Platform/Events/EventCategory.cs(12,5): warning CS1591: Missing XML comment for publicly visible type or member 'EventCategory.Notification' [/Users/kady/Masterdom/src/Masterdom.Platform/Masterdom.Platform.csproj]
/Users/kady/Masterdom/src/Masterdom.Platform/Events/EventCategory.cs(13,5): warning CS1591: Missing XML comment for publicly visible type or member 'EventCategory.System' [/Users/kady/Masterdom/src/Masterdom.Platform/Masterdom.Platform.csproj]
/Users/kady/Masterdom/src/Masterdom.Platform/Events/EventCategory.cs(14,5): warning CS1591: Missing XML comment for publicly visible type or member 'EventCategory.Lifecycle' [/Users/kady/Masterdom/src/Masterdom.Platform/Masterdom.Platform.csproj]
/Users/kady/Masterdom/src/Masterdom.Platform/Events/EventContext.cs(10,28): warning CS1591: Missing XML comment for publicly visible type or member 'EventContext.ModuleId' [/Users/kady/Masterdom/src/Masterdom.Platform/Masterdom.Platform.csproj]
/Users/kady/Masterdom/src/Masterdom.Platform/Events/EventContext.cs(12,20): warning CS1591: Missing XML comment for publicly visible type or member 'EventContext.CorrelationId' [/Users/kady/Masterdom/src/Masterdom.Platform/Masterdom.Platform.csproj]
/Users/kady/Masterdom/src/Masterdom.Platform/Events/EventContext.cs(14,20): warning CS1591: Missing XML comment for publicly visible type or member 'EventContext.CausationId' [/Users/kady/Masterdom/src/Masterdom.Platform/Masterdom.Platform.csproj]
/Users/kady/Masterdom/src/Masterdom.Platform/Events/EventContext.cs(16,20): warning CS1591: Missing XML comment for publicly visible type or member 'EventContext.TenantId' [/Users/kady/Masterdom/src/Masterdom.Platform/Masterdom.Platform.csproj]
/Users/kady/Masterdom/src/Masterdom.Platform/Events/EventContext.cs(18,20): warning CS1591: Missing XML comment for publicly visible type or member 'EventContext.AggregateId' [/Users/kady/Masterdom/src/Masterdom.Platform/Masterdom.Platform.csproj]
/Users/kady/Masterdom/src/Masterdom.Platform/Events/EventContext.cs(20,20): warning CS1591: Missing XML comment for publicly visible type or member 'EventContext.AggregateType' [/Users/kady/Masterdom/src/Masterdom.Platform/Masterdom.Platform.csproj]
/Users/kady/Masterdom/src/Masterdom.Platform/Events/EventContext.cs(22,21): warning CS1591: Missing XML comment for publicly visible type or member 'EventContext.OccurredAtUtc' [/Users/kady/Masterdom/src/Masterdom.Platform/Masterdom.Platform.csproj]
/Users/kady/Masterdom/src/Masterdom.Platform/Events/EventContext.cs(24,17): warning CS1591: Missing XML comment for publicly visible type or member 'EventContext.Validate()' [/Users/kady/Masterdom/src/Masterdom.Platform/Masterdom.Platform.csproj]
/Users/kady/Masterdom/src/Masterdom.Platform/Events/EventDescriptor.cs(8,31): warning CS1591: Missing XML comment for publicly visible type or member 'EventDescriptor.EventType' [/Users/kady/Masterdom/src/Masterdom.Platform/Masterdom.Platform.csproj]
/Users/kady/Masterdom/src/Masterdom.Platform/Events/EventDescriptor.cs(10,35): warning CS1591: Missing XML comment for publicly visible type or member 'EventDescriptor.Category' [/Users/kady/Masterdom/src/Masterdom.Platform/Masterdom.Platform.csproj]
/Users/kady/Masterdom/src/Masterdom.Platform/Events/EventDescriptor.cs(12,34): warning CS1591: Missing XML comment for publicly visible type or member 'EventDescriptor.Version' [/Users/kady/Masterdom/src/Masterdom.Platform/Masterdom.Platform.csproj]
/Users/kady/Masterdom/src/Masterdom.Platform/Events/EventDescriptor.cs(14,17): warning CS1591: Missing XML comment for publicly visible type or member 'EventDescriptor.RequiresHandler' [/Users/kady/Masterdom/src/Masterdom.Platform/Masterdom.Platform.csproj]
/Users/kady/Masterdom/src/Masterdom.Platform/Events/EventDispatchContext.cs(10,35): warning CS1591: Missing XML comment for publicly visible type or member 'EventDispatchContext.Envelope' [/Users/kady/Masterdom/src/Masterdom.Platform/Masterdom.Platform.csproj]
/Users/kady/Masterdom/src/Masterdom.Platform/Events/EventDispatchContext.cs(12,41): warning CS1591: Missing XML comment for publicly visible type or member 'EventDispatchContext.Policy' [/Users/kady/Masterdom/src/Masterdom.Platform/Masterdom.Platform.csproj]
/Users/kady/Masterdom/src/Masterdom.Platform/Events/EventDispatchContext.cs(14,30): warning CS1591: Missing XML comment for publicly visible type or member 'EventDispatchContext.StartedAtUtc' [/Users/kady/Masterdom/src/Masterdom.Platform/Masterdom.Platform.csproj]
/Users/kady/Masterdom/src/Masterdom.Platform/Events/EventDispatchDiagnostic.cs(8,53): warning CS1591: Missing XML comment for publicly visible type or member 'EventDispatchDiagnostic.Severity' [/Users/kady/Masterdom/src/Masterdom.Platform/Masterdom.Platform.csproj]
/Users/kady/Masterdom/src/Masterdom.Platform/Events/EventDispatchDiagnostic.cs(10,28): warning CS1591: Missing XML comment for publicly visible type or member 'EventDispatchDiagnostic.Message' [/Users/kady/Masterdom/src/Masterdom.Platform/Masterdom.Platform.csproj]
/Users/kady/Masterdom/src/Masterdom.Platform/Events/EventDispatchDiagnostic.cs(12,20): warning CS1591: Missing XML comment for publicly visible type or member 'EventDispatchDiagnostic.HandlerId' [/Users/kady/Masterdom/src/Masterdom.Platform/Masterdom.Platform.csproj]
/Users/kady/Masterdom/src/Masterdom.Platform/Events/EventDispatchDiagnosticSeverity.cs(8,5): warning CS1591: Missing XML comment for publicly visible type or member 'EventDispatchDiagnosticSeverity.Information' [/Users/kady/Masterdom/src/Masterdom.Platform/Masterdom.Platform.csproj]
/Users/kady/Masterdom/src/Masterdom.Platform/Events/EventDispatchDiagnosticSeverity.cs(9,5): warning CS1591: Missing XML comment for publicly visible type or member 'EventDispatchDiagnosticSeverity.Warning' [/Users/kady/Masterdom/src/Masterdom.Platform/Masterdom.Platform.csproj]
/Users/kady/Masterdom/src/Masterdom.Platform/Events/EventDispatchDiagnosticSeverity.cs(10,5): warning CS1591: Missing XML comment for publicly visible type or member 'EventDispatchDiagnosticSeverity.Error' [/Users/kady/Masterdom/src/Masterdom.Platform/Masterdom.Platform.csproj]
/Users/kady/Masterdom/src/Masterdom.Platform/Events/EventDispatcher.cs(15,12): warning CS1591: Missing XML comment for publicly visible type or member 'EventDispatcher.EventDispatcher(IEventHandlerResolver, IEventIdempotencyTracker?)' [/Users/kady/Masterdom/src/Masterdom.Platform/Masterdom.Platform.csproj]
/Users/kady/Masterdom/src/Masterdom.Platform/Events/EventDispatcher.cs(23,32): warning CS1591: Missing XML comment for publicly visible type or member 'EventDispatcher.Dispatch(EventEnvelope, EventDispatchPolicy?)' [/Users/kady/Masterdom/src/Masterdom.Platform/Masterdom.Platform.csproj]
/Users/kady/Masterdom/src/Masterdom.Platform/Events/EventDispatchOrdering.cs(8,5): warning CS1591: Missing XML comment for publicly visible type or member 'EventDispatchOrdering.RegistrationOrder' [/Users/kady/Masterdom/src/Masterdom.Platform/Masterdom.Platform.csproj]
/Users/kady/Masterdom/src/Masterdom.Platform/Events/EventDispatchOrdering.cs(9,5): warning CS1591: Missing XML comment for publicly visible type or member 'EventDispatchOrdering.ExplicitOrder' [/Users/kady/Masterdom/src/Masterdom.Platform/Masterdom.Platform.csproj]
/Users/kady/Masterdom/src/Masterdom.Platform/Events/EventDispatchPolicy.cs(8,17): warning CS1591: Missing XML comment for publicly visible type or member 'EventDispatchPolicy.ContinueOnHandlerFailure' [/Users/kady/Masterdom/src/Masterdom.Platform/Masterdom.Platform.csproj]
/Users/kady/Masterdom/src/Masterdom.Platform/Events/EventDispatchPolicy.cs(10,34): warning CS1591: Missing XML comment for publicly visible type or member 'EventDispatchPolicy.Ordering' [/Users/kady/Masterdom/src/Masterdom.Platform/Masterdom.Platform.csproj]
/Users/kady/Masterdom/src/Masterdom.Platform/Events/EventDispatchPolicy.cs(12,17): warning CS1591: Missing XML comment for publicly visible type or member 'EventDispatchPolicy.RequireAtLeastOneHandler' [/Users/kady/Masterdom/src/Masterdom.Platform/Masterdom.Platform.csproj]
/Users/kady/Masterdom/src/Masterdom.Platform/Events/EventDispatchPolicy.cs(14,17): warning CS1591: Missing XML comment for publicly visible type or member 'EventDispatchPolicy.CaptureDiagnostics' [/Users/kady/Masterdom/src/Masterdom.Platform/Masterdom.Platform.csproj]
/Users/kady/Masterdom/src/Masterdom.Platform/Events/EventDispatchResult.cs(11,29): warning CS1591: Missing XML comment for publicly visible type or member 'EventDispatchResult.EventId' [/Users/kady/Masterdom/src/Masterdom.Platform/Masterdom.Platform.csproj]
/Users/kady/Masterdom/src/Masterdom.Platform/Events/EventDispatchResult.cs(13,31): warning CS1591: Missing XML comment for publicly visible type or member 'EventDispatchResult.EventType' [/Users/kady/Masterdom/src/Masterdom.Platform/Masterdom.Platform.csproj]
/Users/kady/Masterdom/src/Masterdom.Platform/Events/EventDispatchResult.cs(15,30): warning CS1591: Missing XML comment for publicly visible type or member 'EventDispatchResult.ExecutionTime' [/Users/kady/Masterdom/src/Masterdom.Platform/Masterdom.Platform.csproj]
/Users/kady/Masterdom/src/Masterdom.Platform/Events/EventDispatchResult.cs(17,25): warning CS1591: Missing XML comment for publicly visible type or member 'EventDispatchResult.HandlerCount' [/Users/kady/Masterdom/src/Masterdom.Platform/Masterdom.Platform.csproj]
/Users/kady/Masterdom/src/Masterdom.Platform/Events/EventDispatchResult.cs(19,25): warning CS1591: Missing XML comment for publicly visible type or member 'EventDispatchResult.SuccessfulHandlers' [/Users/kady/Masterdom/src/Masterdom.Platform/Masterdom.Platform.csproj]
/Users/kady/Masterdom/src/Masterdom.Platform/Events/EventDispatchResult.cs(21,25): warning CS1591: Missing XML comment for publicly visible type or member 'EventDispatchResult.FailedHandlers' [/Users/kady/Masterdom/src/Masterdom.Platform/Masterdom.Platform.csproj]
/Users/kady/Masterdom/src/Masterdom.Platform/Events/EventDispatchResult.cs(23,43): warning CS1591: Missing XML comment for publicly visible type or member 'EventDispatchResult.Warnings' [/Users/kady/Masterdom/src/Masterdom.Platform/Masterdom.Platform.csproj]
/Users/kady/Masterdom/src/Masterdom.Platform/Events/EventDispatchResult.cs(25,60): warning CS1591: Missing XML comment for publicly visible type or member 'EventDispatchResult.Diagnostics' [/Users/kady/Masterdom/src/Masterdom.Platform/Masterdom.Platform.csproj]
/Users/kady/Masterdom/src/Masterdom.Platform/Events/EventDispatchResult.cs(27,63): warning CS1591: Missing XML comment for publicly visible type or member 'EventDispatchResult.HandlerResults' [/Users/kady/Masterdom/src/Masterdom.Platform/Masterdom.Platform.csproj]
/Users/kady/Masterdom/src/Masterdom.Platform/Events/EventEnvelope.cs(12,12): warning CS1591: Missing XML comment for publicly visible type or member 'EventEnvelope.EventEnvelope(IEvent, EventContext, IReadOnlyDictionary<string, string>?, IReadOnlyDictionary<string, string>?)' [/Users/kady/Masterdom/src/Masterdom.Platform/Masterdom.Platform.csproj]
/Users/kady/Masterdom/src/Masterdom.Platform/Events/EventEnvelope.cs(43,19): warning CS1591: Missing XML comment for publicly visible type or member 'EventEnvelope.Event' [/Users/kady/Masterdom/src/Masterdom.Platform/Masterdom.Platform.csproj]
/Users/kady/Masterdom/src/Masterdom.Platform/Events/EventEnvelope.cs(45,20): warning CS1591: Missing XML comment for publicly visible type or member 'EventEnvelope.EventId' [/Users/kady/Masterdom/src/Masterdom.Platform/Masterdom.Platform.csproj]
/Users/kady/Masterdom/src/Masterdom.Platform/Events/EventEnvelope.cs(47,25): warning CS1591: Missing XML comment for publicly visible type or member 'EventEnvelope.EventVersion' [/Users/kady/Masterdom/src/Masterdom.Platform/Masterdom.Platform.csproj]
/Users/kady/Masterdom/src/Masterdom.Platform/Events/EventEnvelope.cs(49,21): warning CS1591: Missing XML comment for publicly visible type or member 'EventEnvelope.OccurredAtUtc' [/Users/kady/Masterdom/src/Masterdom.Platform/Masterdom.Platform.csproj]
/Users/kady/Masterdom/src/Masterdom.Platform/Events/EventEnvelope.cs(51,20): warning CS1591: Missing XML comment for publicly visible type or member 'EventEnvelope.CorrelationId' [/Users/kady/Masterdom/src/Masterdom.Platform/Masterdom.Platform.csproj]
/Users/kady/Masterdom/src/Masterdom.Platform/Events/EventEnvelope.cs(53,20): warning CS1591: Missing XML comment for publicly visible type or member 'EventEnvelope.CausationId' [/Users/kady/Masterdom/src/Masterdom.Platform/Masterdom.Platform.csproj]
/Users/kady/Masterdom/src/Masterdom.Platform/Events/EventEnvelope.cs(55,20): warning CS1591: Missing XML comment for publicly visible type or member 'EventEnvelope.TenantId' [/Users/kady/Masterdom/src/Masterdom.Platform/Masterdom.Platform.csproj]
/Users/kady/Masterdom/src/Masterdom.Platform/Events/EventEnvelope.cs(57,19): warning CS1591: Missing XML comment for publicly visible type or member 'EventEnvelope.ModuleId' [/Users/kady/Masterdom/src/Masterdom.Platform/Masterdom.Platform.csproj]
/Users/kady/Masterdom/src/Masterdom.Platform/Events/EventEnvelope.cs(59,20): warning CS1591: Missing XML comment for publicly visible type or member 'EventEnvelope.AggregateId' [/Users/kady/Masterdom/src/Masterdom.Platform/Masterdom.Platform.csproj]
/Users/kady/Masterdom/src/Masterdom.Platform/Events/EventEnvelope.cs(61,20): warning CS1591: Missing XML comment for publicly visible type or member 'EventEnvelope.AggregateType' [/Users/kady/Masterdom/src/Masterdom.Platform/Masterdom.Platform.csproj]
/Users/kady/Masterdom/src/Masterdom.Platform/Events/EventEnvelope.cs(63,22): warning CS1591: Missing XML comment for publicly visible type or member 'EventEnvelope.EventType' [/Users/kady/Masterdom/src/Masterdom.Platform/Masterdom.Platform.csproj]
/Users/kady/Masterdom/src/Masterdom.Platform/Events/EventEnvelope.cs(65,25): warning CS1591: Missing XML comment for publicly visible type or member 'EventEnvelope.Payload' [/Users/kady/Masterdom/src/Masterdom.Platform/Masterdom.Platform.csproj]
/Users/kady/Masterdom/src/Masterdom.Platform/Events/EventEnvelope.cs(67,48): warning CS1591: Missing XML comment for publicly visible type or member 'EventEnvelope.Headers' [/Users/kady/Masterdom/src/Masterdom.Platform/Masterdom.Platform.csproj]
/Users/kady/Masterdom/src/Masterdom.Platform/Events/EventEnvelope.cs(69,48): warning CS1591: Missing XML comment for publicly visible type or member 'EventEnvelope.Metadata' [/Users/kady/Masterdom/src/Masterdom.Platform/Masterdom.Platform.csproj]
/Users/kady/Masterdom/src/Masterdom.Platform/Events/EventEnvelope.cs(71,25): warning CS1591: Missing XML comment for publicly visible type or member 'EventEnvelope.Context' [/Users/kady/Masterdom/src/Masterdom.Platform/Masterdom.Platform.csproj]
/Users/kady/Masterdom/src/Masterdom.Platform/Events/EventHandlerDescriptor.cs(10,28): warning CS1591: Missing XML comment for publicly visible type or member 'EventHandlerDescriptor.HandlerId' [/Users/kady/Masterdom/src/Masterdom.Platform/Masterdom.Platform.csproj]
/Users/kady/Masterdom/src/Masterdom.Platform/Events/EventHandlerDescriptor.cs(12,31): warning CS1591: Missing XML comment for publicly visible type or member 'EventHandlerDescriptor.SubscribedEventType' [/Users/kady/Masterdom/src/Masterdom.Platform/Masterdom.Platform.csproj]
/Users/kady/Masterdom/src/Masterdom.Platform/Events/EventHandlerDescriptor.cs(14,16): warning CS1591: Missing XML comment for publicly visible type or member 'EventHandlerDescriptor.ExplicitOrder' [/Users/kady/Masterdom/src/Masterdom.Platform/Masterdom.Platform.csproj]
/Users/kady/Masterdom/src/Masterdom.Platform/Events/EventHandlerDescriptor.cs(16,37): warning CS1591: Missing XML comment for publicly visible type or member 'EventHandlerDescriptor.EmitsEventTypes' [/Users/kady/Masterdom/src/Masterdom.Platform/Masterdom.Platform.csproj]
/Users/kady/Masterdom/src/Masterdom.Platform/Events/EventHandlerDispatchResult.cs(10,28): warning CS1591: Missing XML comment for publicly visible type or member 'EventHandlerDispatchResult.HandlerId' [/Users/kady/Masterdom/src/Masterdom.Platform/Masterdom.Platform.csproj]
/Users/kady/Masterdom/src/Masterdom.Platform/Events/EventHandlerDispatchResult.cs(12,26): warning CS1591: Missing XML comment for publicly visible type or member 'EventHandlerDispatchResult.IsSuccess' [/Users/kady/Masterdom/src/Masterdom.Platform/Masterdom.Platform.csproj]
/Users/kady/Masterdom/src/Masterdom.Platform/Events/EventHandlerDispatchResult.cs(14,30): warning CS1591: Missing XML comment for publicly visible type or member 'EventHandlerDispatchResult.ExecutionTime' [/Users/kady/Masterdom/src/Masterdom.Platform/Masterdom.Platform.csproj]
/Users/kady/Masterdom/src/Masterdom.Platform/Events/EventHandlerDispatchResult.cs(16,20): warning CS1591: Missing XML comment for publicly visible type or member 'EventHandlerDispatchResult.Message' [/Users/kady/Masterdom/src/Masterdom.Platform/Masterdom.Platform.csproj]
/Users/kady/Masterdom/src/Masterdom.Platform/Events/EventHandlerResolver.cs(14,12): warning CS1591: Missing XML comment for publicly visible type or member 'EventHandlerResolver.EventHandlerResolver(IEventRegistry)' [/Users/kady/Masterdom/src/Masterdom.Platform/Masterdom.Platform.csproj]
/Users/kady/Masterdom/src/Masterdom.Platform/Events/EventHandlerResolver.cs(19,41): warning CS1591: Missing XML comment for publicly visible type or member 'EventHandlerResolver.Resolve(EventEnvelope, EventDispatchPolicy)' [/Users/kady/Masterdom/src/Masterdom.Platform/Masterdom.Platform.csproj]
/Users/kady/Masterdom/src/Masterdom.Platform/Events/EventHandlerResult.cs(10,17): warning CS1591: Missing XML comment for publicly visible type or member 'EventHandlerResult.IsSuccessful' [/Users/kady/Masterdom/src/Masterdom.Platform/Masterdom.Platform.csproj]
/Users/kady/Masterdom/src/Masterdom.Platform/Events/EventHandlerResult.cs(12,20): warning CS1591: Missing XML comment for publicly visible type or member 'EventHandlerResult.Warning' [/Users/kady/Masterdom/src/Masterdom.Platform/Masterdom.Platform.csproj]
/Users/kady/Masterdom/src/Masterdom.Platform/Events/EventHandlerResult.cs(14,48): warning CS1591: Missing XML comment for publicly visible type or member 'EventHandlerResult.Diagnostics' [/Users/kady/Masterdom/src/Masterdom.Platform/Masterdom.Platform.csproj]
/Users/kady/Masterdom/src/Masterdom.Platform/Events/EventId.cs(10,12): warning CS1591: Missing XML comment for publicly visible type or member 'EventId.EventId(Guid)' [/Users/kady/Masterdom/src/Masterdom.Platform/Masterdom.Platform.csproj]
/Users/kady/Masterdom/src/Masterdom.Platform/Events/EventId.cs(20,17): warning CS1591: Missing XML comment for publicly visible type or member 'EventId.Value' [/Users/kady/Masterdom/src/Masterdom.Platform/Masterdom.Platform.csproj]
/Users/kady/Masterdom/src/Masterdom.Platform/Events/EventPayload.cs(10,12): warning CS1591: Missing XML comment for publicly visible type or member 'EventPayload.EventPayload(string, string)' [/Users/kady/Masterdom/src/Masterdom.Platform/Masterdom.Platform.csproj]
/Users/kady/Masterdom/src/Masterdom.Platform/Events/EventPayload.cs(26,19): warning CS1591: Missing XML comment for publicly visible type or member 'EventPayload.Body' [/Users/kady/Masterdom/src/Masterdom.Platform/Masterdom.Platform.csproj]
/Users/kady/Masterdom/src/Masterdom.Platform/Events/EventPayload.cs(28,19): warning CS1591: Missing XML comment for publicly visible type or member 'EventPayload.ContentType' [/Users/kady/Masterdom/src/Masterdom.Platform/Masterdom.Platform.csproj]
/Users/kady/Masterdom/src/Masterdom.Platform/Events/EventPublisher.cs(13,12): warning CS1591: Missing XML comment for publicly visible type or member 'EventPublisher.EventPublisher(IEventStore, IEventDispatcher)' [/Users/kady/Masterdom/src/Masterdom.Platform/Masterdom.Platform.csproj]
/Users/kady/Masterdom/src/Masterdom.Platform/Events/EventPublisher.cs(19,31): warning CS1591: Missing XML comment for publicly visible type or member 'EventPublisher.Publish(EventEnvelope, EventDispatchPolicy?)' [/Users/kady/Masterdom/src/Masterdom.Platform/Masterdom.Platform.csproj]
/Users/kady/Masterdom/src/Masterdom.Platform/Events/EventPublisher.cs(33,31): warning CS1591: Missing XML comment for publicly visible type or member 'EventPublisher.Publish(IPlatformEvent, EventContext, EventDispatchPolicy?)' [/Users/kady/Masterdom/src/Masterdom.Platform/Masterdom.Platform.csproj]
/Users/kady/Masterdom/src/Masterdom.Platform/Events/EventPublishResult.cs(8,35): warning CS1591: Missing XML comment for publicly visible type or member 'EventPublishResult.Envelope' [/Users/kady/Masterdom/src/Masterdom.Platform/Masterdom.Platform.csproj]
/Users/kady/Masterdom/src/Masterdom.Platform/Events/EventPublishResult.cs(10,41): warning CS1591: Missing XML comment for publicly visible type or member 'EventPublishResult.Dispatch' [/Users/kady/Masterdom/src/Masterdom.Platform/Masterdom.Platform.csproj]
/Users/kady/Masterdom/src/Masterdom.Platform/Events/EventReadRequest.cs(10,23): warning CS1591: Missing XML comment for publicly visible type or member 'EventReadRequest.EventType' [/Users/kady/Masterdom/src/Masterdom.Platform/Masterdom.Platform.csproj]
/Users/kady/Masterdom/src/Masterdom.Platform/Events/EventReadRequest.cs(12,20): warning CS1591: Missing XML comment for publicly visible type or member 'EventReadRequest.AggregateId' [/Users/kady/Masterdom/src/Masterdom.Platform/Masterdom.Platform.csproj]
/Users/kady/Masterdom/src/Masterdom.Platform/Events/EventReadRequest.cs(14,20): warning CS1591: Missing XML comment for publicly visible type or member 'EventReadRequest.ModuleId' [/Users/kady/Masterdom/src/Masterdom.Platform/Masterdom.Platform.csproj]
/Users/kady/Masterdom/src/Masterdom.Platform/Events/EventReadRequest.cs(16,22): warning CS1591: Missing XML comment for publicly visible type or member 'EventReadRequest.FromUtc' [/Users/kady/Masterdom/src/Masterdom.Platform/Masterdom.Platform.csproj]
/Users/kady/Masterdom/src/Masterdom.Platform/Events/EventReadRequest.cs(18,22): warning CS1591: Missing XML comment for publicly visible type or member 'EventReadRequest.ToUtc' [/Users/kady/Masterdom/src/Masterdom.Platform/Masterdom.Platform.csproj]
/Users/kady/Masterdom/src/Masterdom.Platform/Events/EventRegistry.cs(20,17): warning CS1591: Missing XML comment for publicly visible type or member 'EventRegistry.RegisterEvent(EventDescriptor)' [/Users/kady/Masterdom/src/Masterdom.Platform/Masterdom.Platform.csproj]
/Users/kady/Masterdom/src/Masterdom.Platform/Events/EventRegistry.cs(35,17): warning CS1591: Missing XML comment for publicly visible type or member 'EventRegistry.RegisterEvents(IReadOnlyList<EventDescriptor>)' [/Users/kady/Masterdom/src/Masterdom.Platform/Masterdom.Platform.csproj]
/Users/kady/Masterdom/src/Masterdom.Platform/Events/EventRegistry.cs(45,17): warning CS1591: Missing XML comment for publicly visible type or member 'EventRegistry.RegisterHandler(IEventHandler)' [/Users/kady/Masterdom/src/Masterdom.Platform/Masterdom.Platform.csproj]
/Users/kady/Masterdom/src/Masterdom.Platform/Events/EventRegistry.cs(78,17): warning CS1591: Missing XML comment for publicly visible type or member 'EventRegistry.RegisterSubscriber(IEventSubscriber)' [/Users/kady/Masterdom/src/Masterdom.Platform/Masterdom.Platform.csproj]
/Users/kady/Masterdom/src/Masterdom.Platform/Events/EventRegistry.cs(83,26): warning CS1591: Missing XML comment for publicly visible type or member 'EventRegistry.GetCatalog()' [/Users/kady/Masterdom/src/Masterdom.Platform/Masterdom.Platform.csproj]
/Users/kady/Masterdom/src/Masterdom.Platform/Events/EventRegistry.cs(93,41): warning CS1591: Missing XML comment for publicly visible type or member 'EventRegistry.GetHandlers(EventType)' [/Users/kady/Masterdom/src/Masterdom.Platform/Masterdom.Platform.csproj]
/Users/kady/Masterdom/src/Masterdom.Platform/Events/EventRegistry.cs(108,17): warning CS1591: Missing XML comment for publicly visible type or member 'EventRegistry.Validate()' [/Users/kady/Masterdom/src/Masterdom.Platform/Masterdom.Platform.csproj]
/Users/kady/Masterdom/src/Masterdom.Platform/Events/EventStore.cs(13,12): warning CS1591: Missing XML comment for publicly visible type or member 'EventStore.EventStore(IEventRepository)' [/Users/kady/Masterdom/src/Masterdom.Platform/Masterdom.Platform.csproj]
/Users/kady/Masterdom/src/Masterdom.Platform/Events/EventStore.cs(18,17): warning CS1591: Missing XML comment for publicly visible type or member 'EventStore.Append(EventEnvelope)' [/Users/kady/Masterdom/src/Masterdom.Platform/Masterdom.Platform.csproj]
/Users/kady/Masterdom/src/Masterdom.Platform/Events/EventStore.cs(23,41): warning CS1591: Missing XML comment for publicly visible type or member 'EventStore.Read(EventReadRequest)' [/Users/kady/Masterdom/src/Masterdom.Platform/Masterdom.Platform.csproj]
/Users/kady/Masterdom/src/Masterdom.Platform/Events/EventType.cs(10,12): warning CS1591: Missing XML comment for publicly visible type or member 'EventType.EventType(string)' [/Users/kady/Masterdom/src/Masterdom.Platform/Masterdom.Platform.csproj]
/Users/kady/Masterdom/src/Masterdom.Platform/Events/EventType.cs(20,19): warning CS1591: Missing XML comment for publicly visible type or member 'EventType.Value' [/Users/kady/Masterdom/src/Masterdom.Platform/Masterdom.Platform.csproj]
/Users/kady/Masterdom/src/Masterdom.Platform/Events/EventType.cs(22,17): warning CS1591: Missing XML comment for publicly visible type or member 'EventType.Equals(EventType?)' [/Users/kady/Masterdom/src/Masterdom.Platform/Masterdom.Platform.csproj]
/Users/kady/Masterdom/src/Masterdom.Platform/Events/EventType.cs(28,26): warning CS1591: Missing XML comment for publicly visible type or member 'EventType.Equals(object?)' [/Users/kady/Masterdom/src/Masterdom.Platform/Masterdom.Platform.csproj]
/Users/kady/Masterdom/src/Masterdom.Platform/Events/EventType.cs(33,25): warning CS1591: Missing XML comment for publicly visible type or member 'EventType.GetHashCode()' [/Users/kady/Masterdom/src/Masterdom.Platform/Masterdom.Platform.csproj]
/Users/kady/Masterdom/src/Masterdom.Platform/Events/EventType.cs(38,28): warning CS1591: Missing XML comment for publicly visible type or member 'EventType.ToString()' [/Users/kady/Masterdom/src/Masterdom.Platform/Masterdom.Platform.csproj]
/Users/kady/Masterdom/src/Masterdom.Platform/Events/EventValidationException.cs(10,12): warning CS1591: Missing XML comment for publicly visible type or member 'EventValidationException.EventValidationException(string)' [/Users/kady/Masterdom/src/Masterdom.Platform/Masterdom.Platform.csproj]
/Users/kady/Masterdom/src/Masterdom.Platform/Events/EventVersion.cs(8,12): warning CS1591: Missing XML comment for publicly visible type or member 'EventVersion.EventVersion(int)' [/Users/kady/Masterdom/src/Masterdom.Platform/Masterdom.Platform.csproj]
/Users/kady/Masterdom/src/Masterdom.Platform/Events/EventVersion.cs(18,16): warning CS1591: Missing XML comment for publicly visible type or member 'EventVersion.Value' [/Users/kady/Masterdom/src/Masterdom.Platform/Masterdom.Platform.csproj]
/Users/kady/Masterdom/src/Masterdom.Platform/Events/IDomainEventAdapter.cs(10,24): warning CS1591: Missing XML comment for publicly visible type or member 'IDomainEventAdapter.Adapt(IDomainEvent, EventContext)' [/Users/kady/Masterdom/src/Masterdom.Platform/Masterdom.Platform.csproj]
/Users/kady/Masterdom/src/Masterdom.Platform/Events/IDomainEventPublisher.cs(10,30): warning CS1591: Missing XML comment for publicly visible type or member 'IDomainEventPublisher.Publish(IHasDomainEvents, EventContext, EventDispatchPolicy?, bool)' [/Users/kady/Masterdom/src/Masterdom.Platform/Masterdom.Platform.csproj]
/Users/kady/Masterdom/src/Masterdom.Platform/Events/IDomainRuntimeEvent.cs(10,25): warning CS1591: Missing XML comment for publicly visible type or member 'IDomainRuntimeEvent.DomainEvent' [/Users/kady/Masterdom/src/Masterdom.Platform/Masterdom.Platform.csproj]
/Users/kady/Masterdom/src/Masterdom.Platform/Events/IEvent.cs(11,13): warning CS1591: Missing XML comment for publicly visible type or member 'IEvent.EventId' [/Users/kady/Masterdom/src/Masterdom.Platform/Masterdom.Platform.csproj]
/Users/kady/Masterdom/src/Masterdom.Platform/Events/IEvent.cs(13,18): warning CS1591: Missing XML comment for publicly visible type or member 'IEvent.EventVersion' [/Users/kady/Masterdom/src/Masterdom.Platform/Masterdom.Platform.csproj]
/Users/kady/Masterdom/src/Masterdom.Platform/Events/IEvent.cs(15,19): warning CS1591: Missing XML comment for publicly visible type or member 'IEvent.Category' [/Users/kady/Masterdom/src/Masterdom.Platform/Masterdom.Platform.csproj]
/Users/kady/Masterdom/src/Masterdom.Platform/Events/IEvent.cs(17,15): warning CS1591: Missing XML comment for publicly visible type or member 'IEvent.EventType' [/Users/kady/Masterdom/src/Masterdom.Platform/Masterdom.Platform.csproj]
/Users/kady/Masterdom/src/Masterdom.Platform/Events/IEvent.cs(19,14): warning CS1591: Missing XML comment for publicly visible type or member 'IEvent.OccurredAtUtc' [/Users/kady/Masterdom/src/Masterdom.Platform/Masterdom.Platform.csproj]
/Users/kady/Masterdom/src/Masterdom.Platform/Events/IEvent.cs(21,18): warning CS1591: Missing XML comment for publicly visible type or member 'IEvent.Payload' [/Users/kady/Masterdom/src/Masterdom.Platform/Masterdom.Platform.csproj]
/Users/kady/Masterdom/src/Masterdom.Platform/Events/IEvent.cs(23,41): warning CS1591: Missing XML comment for publicly visible type or member 'IEvent.Headers' [/Users/kady/Masterdom/src/Masterdom.Platform/Masterdom.Platform.csproj]
/Users/kady/Masterdom/src/Masterdom.Platform/Events/IEvent.cs(25,41): warning CS1591: Missing XML comment for publicly visible type or member 'IEvent.Metadata' [/Users/kady/Masterdom/src/Masterdom.Platform/Masterdom.Platform.csproj]
/Users/kady/Masterdom/src/Masterdom.Platform/Events/IEventCatalog.cs(10,36): warning CS1591: Missing XML comment for publicly visible type or member 'IEventCatalog.Events' [/Users/kady/Masterdom/src/Masterdom.Platform/Masterdom.Platform.csproj]
/Users/kady/Masterdom/src/Masterdom.Platform/Events/IEventCatalog.cs(12,43): warning CS1591: Missing XML comment for publicly visible type or member 'IEventCatalog.Handlers' [/Users/kady/Masterdom/src/Masterdom.Platform/Masterdom.Platform.csproj]
/Users/kady/Masterdom/src/Masterdom.Platform/Events/IEventDispatcher.cs(8,25): warning CS1591: Missing XML comment for publicly visible type or member 'IEventDispatcher.Dispatch(EventEnvelope, EventDispatchPolicy?)' [/Users/kady/Masterdom/src/Masterdom.Platform/Masterdom.Platform.csproj]
/Users/kady/Masterdom/src/Masterdom.Platform/Events/IEventHandler.cs(8,28): warning CS1591: Missing XML comment for publicly visible type or member 'IEventHandler.Descriptor' [/Users/kady/Masterdom/src/Masterdom.Platform/Masterdom.Platform.csproj]
/Users/kady/Masterdom/src/Masterdom.Platform/Events/IEventHandler.cs(10,24): warning CS1591: Missing XML comment for publicly visible type or member 'IEventHandler.Handle(EventDispatchContext)' [/Users/kady/Masterdom/src/Masterdom.Platform/Masterdom.Platform.csproj]
/Users/kady/Masterdom/src/Masterdom.Platform/Events/IEventHandlerResolver.cs(10,34): warning CS1591: Missing XML comment for publicly visible type or member 'IEventHandlerResolver.Resolve(EventEnvelope, EventDispatchPolicy)' [/Users/kady/Masterdom/src/Masterdom.Platform/Masterdom.Platform.csproj]
/Users/kady/Masterdom/src/Masterdom.Platform/Events/IEventIdempotencyTracker.cs(8,10): warning CS1591: Missing XML comment for publicly visible type or member 'IEventIdempotencyTracker.HasProcessed(EventId, string)' [/Users/kady/Masterdom/src/Masterdom.Platform/Masterdom.Platform.csproj]
/Users/kady/Masterdom/src/Masterdom.Platform/Events/IEventIdempotencyTracker.cs(10,10): warning CS1591: Missing XML comment for publicly visible type or member 'IEventIdempotencyTracker.MarkProcessed(EventId, string)' [/Users/kady/Masterdom/src/Masterdom.Platform/Masterdom.Platform.csproj]
/Users/kady/Masterdom/src/Masterdom.Platform/Events/IEventOutbox.cs(8,10): warning CS1591: Missing XML comment for publicly visible type or member 'IEventOutbox.Enqueue(EventEnvelope)' [/Users/kady/Masterdom/src/Masterdom.Platform/Masterdom.Platform.csproj]
/Users/kady/Masterdom/src/Masterdom.Platform/Events/IEventPublisher.cs(8,24): warning CS1591: Missing XML comment for publicly visible type or member 'IEventPublisher.Publish(EventEnvelope, EventDispatchPolicy?)' [/Users/kady/Masterdom/src/Masterdom.Platform/Masterdom.Platform.csproj]
/Users/kady/Masterdom/src/Masterdom.Platform/Events/IEventPublisher.cs(10,24): warning CS1591: Missing XML comment for publicly visible type or member 'IEventPublisher.Publish(IPlatformEvent, EventContext, EventDispatchPolicy?)' [/Users/kady/Masterdom/src/Masterdom.Platform/Masterdom.Platform.csproj]
/Users/kady/Masterdom/src/Masterdom.Platform/Events/IEventRegistry.cs(10,10): warning CS1591: Missing XML comment for publicly visible type or member 'IEventRegistry.RegisterEvent(EventDescriptor)' [/Users/kady/Masterdom/src/Masterdom.Platform/Masterdom.Platform.csproj]
/Users/kady/Masterdom/src/Masterdom.Platform/Events/IEventRegistry.cs(12,10): warning CS1591: Missing XML comment for publicly visible type or member 'IEventRegistry.RegisterEvents(IReadOnlyList<EventDescriptor>)' [/Users/kady/Masterdom/src/Masterdom.Platform/Masterdom.Platform.csproj]
/Users/kady/Masterdom/src/Masterdom.Platform/Events/IEventRegistry.cs(14,10): warning CS1591: Missing XML comment for publicly visible type or member 'IEventRegistry.RegisterHandler(IEventHandler)' [/Users/kady/Masterdom/src/Masterdom.Platform/Masterdom.Platform.csproj]
/Users/kady/Masterdom/src/Masterdom.Platform/Events/IEventRegistry.cs(16,10): warning CS1591: Missing XML comment for publicly visible type or member 'IEventRegistry.RegisterSubscriber(IEventSubscriber)' [/Users/kady/Masterdom/src/Masterdom.Platform/Masterdom.Platform.csproj]
/Users/kady/Masterdom/src/Masterdom.Platform/Events/IEventRegistry.cs(18,19): warning CS1591: Missing XML comment for publicly visible type or member 'IEventRegistry.GetCatalog()' [/Users/kady/Masterdom/src/Masterdom.Platform/Masterdom.Platform.csproj]
/Users/kady/Masterdom/src/Masterdom.Platform/Events/IEventRegistry.cs(20,34): warning CS1591: Missing XML comment for publicly visible type or member 'IEventRegistry.GetHandlers(EventType)' [/Users/kady/Masterdom/src/Masterdom.Platform/Masterdom.Platform.csproj]
/Users/kady/Masterdom/src/Masterdom.Platform/Events/IEventRegistry.cs(22,10): warning CS1591: Missing XML comment for publicly visible type or member 'IEventRegistry.Validate()' [/Users/kady/Masterdom/src/Masterdom.Platform/Masterdom.Platform.csproj]
/Users/kady/Masterdom/src/Masterdom.Platform/Events/IEventRepository.cs(10,10): warning CS1591: Missing XML comment for publicly visible type or member 'IEventRepository.Save(EventEnvelope)' [/Users/kady/Masterdom/src/Masterdom.Platform/Masterdom.Platform.csproj]
/Users/kady/Masterdom/src/Masterdom.Platform/Events/IEventRepository.cs(12,34): warning CS1591: Missing XML comment for publicly visible type or member 'IEventRepository.Read(EventReadRequest)' [/Users/kady/Masterdom/src/Masterdom.Platform/Masterdom.Platform.csproj]
/Users/kady/Masterdom/src/Masterdom.Platform/Events/IEventStore.cs(10,10): warning CS1591: Missing XML comment for publicly visible type or member 'IEventStore.Append(EventEnvelope)' [/Users/kady/Masterdom/src/Masterdom.Platform/Masterdom.Platform.csproj]
/Users/kady/Masterdom/src/Masterdom.Platform/Events/IEventStore.cs(12,34): warning CS1591: Missing XML comment for publicly visible type or member 'IEventStore.Read(EventReadRequest)' [/Users/kady/Masterdom/src/Masterdom.Platform/Masterdom.Platform.csproj]
/Users/kady/Masterdom/src/Masterdom.Platform/Events/InMemoryEventRepository.cs(15,17): warning CS1591: Missing XML comment for publicly visible type or member 'InMemoryEventRepository.Save(EventEnvelope)' [/Users/kady/Masterdom/src/Masterdom.Platform/Masterdom.Platform.csproj]
/Users/kady/Masterdom/src/Masterdom.Platform/Events/InMemoryEventRepository.cs(28,41): warning CS1591: Missing XML comment for publicly visible type or member 'InMemoryEventRepository.Read(EventReadRequest)' [/Users/kady/Masterdom/src/Masterdom.Platform/Masterdom.Platform.csproj]
/Users/kady/Masterdom/src/Masterdom.Platform/Events/NoOpEventIdempotencyTracker.cs(8,17): warning CS1591: Missing XML comment for publicly visible type or member 'NoOpEventIdempotencyTracker.HasProcessed(EventId, string)' [/Users/kady/Masterdom/src/Masterdom.Platform/Masterdom.Platform.csproj]
/Users/kady/Masterdom/src/Masterdom.Platform/Events/NoOpEventIdempotencyTracker.cs(13,17): warning CS1591: Missing XML comment for publicly visible type or member 'NoOpEventIdempotencyTracker.MarkProcessed(EventId, string)' [/Users/kady/Masterdom/src/Masterdom.Platform/Masterdom.Platform.csproj]
/Users/kady/Masterdom/src/Masterdom.Platform/Events/PlatformEvent.cs(11,12): warning CS1591: Missing XML comment for publicly visible type or member 'PlatformEvent.PlatformEvent(EventId, EventVersion, EventType, DateTime, EventPayload, EventCategory, IReadOnlyDictionary<string, string>?, IReadOnlyDictionary<string, string>?)' [/Users/kady/Masterdom/src/Masterdom.Platform/Masterdom.Platform.csproj]
/Users/kady/Masterdom/src/Masterdom.Platform/Events/PlatformEventTypes.cs(8,29): warning CS1591: Missing XML comment for publicly visible type or member 'PlatformEventTypes.KernelStarted' [/Users/kady/Masterdom/src/Masterdom.Platform/Masterdom.Platform.csproj]
/Users/kady/Masterdom/src/Masterdom.Platform/Events/PlatformEventTypes.cs(11,29): warning CS1591: Missing XML comment for publicly visible type or member 'PlatformEventTypes.KernelStopped' [/Users/kady/Masterdom/src/Masterdom.Platform/Masterdom.Platform.csproj]
/Users/kady/Masterdom/src/Masterdom.Platform/Events/PlatformEventTypes.cs(14,29): warning CS1591: Missing XML comment for publicly visible type or member 'PlatformEventTypes.ModuleLoaded(string)' [/Users/kady/Masterdom/src/Masterdom.Platform/Masterdom.Platform.csproj]
/Users/kady/Masterdom/src/Masterdom.Platform/Events/PlatformEventTypes.cs(19,29): warning CS1591: Missing XML comment for publicly visible type or member 'PlatformEventTypes.ModuleInitialized(string)' [/Users/kady/Masterdom/src/Masterdom.Platform/Masterdom.Platform.csproj]
/Users/kady/Masterdom/src/Masterdom.Platform/Events/PlatformEventTypes.cs(24,29): warning CS1591: Missing XML comment for publicly visible type or member 'PlatformEventTypes.ModuleShutdown(string)' [/Users/kady/Masterdom/src/Masterdom.Platform/Masterdom.Platform.csproj]
/Users/kady/Masterdom/src/Masterdom.Platform/ImportExport/ColumnDefinition.cs(3,22): warning CS1591: Missing XML comment for publicly visible type or member 'ColumnDefinition' [/Users/kady/Masterdom/src/Masterdom.Platform/Masterdom.Platform.csproj]
/Users/kady/Masterdom/src/Masterdom.Platform/ImportExport/ColumnDefinition.cs(3,22): warning CS1591: Missing XML comment for publicly visible type or member 'ColumnDefinition.ColumnDefinition(string, string, bool, IReadOnlyCollection<string>, bool, string, string, string, string, string, string, string)' [/Users/kady/Masterdom/src/Masterdom.Platform/Masterdom.Platform.csproj]
/Users/kady/Masterdom/src/Masterdom.Platform/ImportExport/ColumnDefinition.cs(4,12): warning CS1591: Missing XML comment for publicly visible type or member 'ColumnDefinition.CanonicalName' [/Users/kady/Masterdom/src/Masterdom.Platform/Masterdom.Platform.csproj]
/Users/kady/Masterdom/src/Masterdom.Platform/ImportExport/ColumnDefinition.cs(5,12): warning CS1591: Missing XML comment for publicly visible type or member 'ColumnDefinition.SourceColumn' [/Users/kady/Masterdom/src/Masterdom.Platform/Masterdom.Platform.csproj]
/Users/kady/Masterdom/src/Masterdom.Platform/ImportExport/ColumnDefinition.cs(6,10): warning CS1591: Missing XML comment for publicly visible type or member 'ColumnDefinition.IsRequired' [/Users/kady/Masterdom/src/Masterdom.Platform/Masterdom.Platform.csproj]
/Users/kady/Masterdom/src/Masterdom.Platform/ImportExport/ColumnDefinition.cs(7,33): warning CS1591: Missing XML comment for publicly visible type or member 'ColumnDefinition.HeaderAliases' [/Users/kady/Masterdom/src/Masterdom.Platform/Masterdom.Platform.csproj]
/Users/kady/Masterdom/src/Masterdom.Platform/ImportExport/ColumnDefinition.cs(8,10): warning CS1591: Missing XML comment for publicly visible type or member 'ColumnDefinition.IsOptional' [/Users/kady/Masterdom/src/Masterdom.Platform/Masterdom.Platform.csproj]
/Users/kady/Masterdom/src/Masterdom.Platform/ImportExport/ColumnDefinition.cs(9,12): warning CS1591: Missing XML comment for publicly visible type or member 'ColumnDefinition.DefaultValue' [/Users/kady/Masterdom/src/Masterdom.Platform/Masterdom.Platform.csproj]
/Users/kady/Masterdom/src/Masterdom.Platform/ImportExport/ColumnDefinition.cs(10,12): warning CS1591: Missing XML comment for publicly visible type or member 'ColumnDefinition.DataType' [/Users/kady/Masterdom/src/Masterdom.Platform/Masterdom.Platform.csproj]
/Users/kady/Masterdom/src/Masterdom.Platform/ImportExport/ColumnDefinition.cs(11,12): warning CS1591: Missing XML comment for publicly visible type or member 'ColumnDefinition.DateFormat' [/Users/kady/Masterdom/src/Masterdom.Platform/Masterdom.Platform.csproj]
/Users/kady/Masterdom/src/Masterdom.Platform/ImportExport/ColumnDefinition.cs(12,12): warning CS1591: Missing XML comment for publicly visible type or member 'ColumnDefinition.NumberFormat' [/Users/kady/Masterdom/src/Masterdom.Platform/Masterdom.Platform.csproj]
/Users/kady/Masterdom/src/Masterdom.Platform/ImportExport/ColumnDefinition.cs(13,12): warning CS1591: Missing XML comment for publicly visible type or member 'ColumnDefinition.ValidationRule' [/Users/kady/Masterdom/src/Masterdom.Platform/Masterdom.Platform.csproj]
/Users/kady/Masterdom/src/Masterdom.Platform/ImportExport/ColumnDefinition.cs(14,12): warning CS1591: Missing XML comment for publicly visible type or member 'ColumnDefinition.TransformationRule' [/Users/kady/Masterdom/src/Masterdom.Platform/Masterdom.Platform.csproj]
/Users/kady/Masterdom/src/Masterdom.Platform/ImportExport/ColumnDefinition.cs(15,12): warning CS1591: Missing XML comment for publicly visible type or member 'ColumnDefinition.LookupRule' [/Users/kady/Masterdom/src/Masterdom.Platform/Masterdom.Platform.csproj]
/Users/kady/Masterdom/src/Masterdom.Platform/ImportExport/CsvImportExportProvider.cs(8,21): warning CS1591: Missing XML comment for publicly visible type or member 'CsvImportExportProvider' [/Users/kady/Masterdom/src/Masterdom.Platform/Masterdom.Platform.csproj]
/Users/kady/Masterdom/src/Masterdom.Platform/ImportExport/CsvImportExportProvider.cs(10,31): warning CS1591: Missing XML comment for publicly visible type or member 'CsvImportExportProvider.Format' [/Users/kady/Masterdom/src/Masterdom.Platform/Masterdom.Platform.csproj]
/Users/kady/Masterdom/src/Masterdom.Platform/ImportExport/CsvImportExportProvider.cs(12,69): warning CS1591: Missing XML comment for publicly visible type or member 'CsvImportExportProvider.ReadRows(Stream, ImportDefinition)' [/Users/kady/Masterdom/src/Masterdom.Platform/Masterdom.Platform.csproj]
/Users/kady/Masterdom/src/Masterdom.Platform/ImportExport/CsvImportExportProvider.cs(83,25): warning CS1591: Missing XML comment for publicly visible type or member 'CsvImportExportProvider.WriteRows(ExportRequest)' [/Users/kady/Masterdom/src/Masterdom.Platform/Masterdom.Platform.csproj]
/Users/kady/Masterdom/src/Masterdom.Platform/ImportExport/ExcelImportExportProvider.cs(5,21): warning CS1591: Missing XML comment for publicly visible type or member 'ExcelImportExportProvider' [/Users/kady/Masterdom/src/Masterdom.Platform/Masterdom.Platform.csproj]
/Users/kady/Masterdom/src/Masterdom.Platform/ImportExport/ExcelImportExportProvider.cs(7,31): warning CS1591: Missing XML comment for publicly visible type or member 'ExcelImportExportProvider.Format' [/Users/kady/Masterdom/src/Masterdom.Platform/Masterdom.Platform.csproj]
/Users/kady/Masterdom/src/Masterdom.Platform/ImportExport/ExcelImportExportProvider.cs(9,69): warning CS1591: Missing XML comment for publicly visible type or member 'ExcelImportExportProvider.ReadRows(Stream, ImportDefinition)' [/Users/kady/Masterdom/src/Masterdom.Platform/Masterdom.Platform.csproj]
/Users/kady/Masterdom/src/Masterdom.Platform/ImportExport/ExcelImportExportProvider.cs(66,25): warning CS1591: Missing XML comment for publicly visible type or member 'ExcelImportExportProvider.WriteRows(ExportRequest)' [/Users/kady/Masterdom/src/Masterdom.Platform/Masterdom.Platform.csproj]
/Users/kady/Masterdom/src/Masterdom.Platform/ImportExport/ExportPipeline.cs(3,21): warning CS1591: Missing XML comment for publicly visible type or member 'ExportPipeline' [/Users/kady/Masterdom/src/Masterdom.Platform/Masterdom.Platform.csproj]
/Users/kady/Masterdom/src/Masterdom.Platform/ImportExport/ExportPipeline.cs(7,12): warning CS1591: Missing XML comment for publicly visible type or member 'ExportPipeline.ExportPipeline(IImportExportRegistry)' [/Users/kady/Masterdom/src/Masterdom.Platform/Masterdom.Platform.csproj]
/Users/kady/Masterdom/src/Masterdom.Platform/ImportExport/ExportPipeline.cs(12,25): warning CS1591: Missing XML comment for publicly visible type or member 'ExportPipeline.Execute(ExportRequest)' [/Users/kady/Masterdom/src/Masterdom.Platform/Masterdom.Platform.csproj]
/Users/kady/Masterdom/src/Masterdom.Platform/ImportExport/ExportRequest.cs(3,22): warning CS1591: Missing XML comment for publicly visible type or member 'ExportRequest' [/Users/kady/Masterdom/src/Masterdom.Platform/Masterdom.Platform.csproj]
/Users/kady/Masterdom/src/Masterdom.Platform/ImportExport/ExportRequest.cs(3,22): warning CS1591: Missing XML comment for publicly visible type or member 'ExportRequest.ExportRequest(string, ImportExportFormat, ImportDefinition, IReadOnlyCollection<IReadOnlyDictionary<string, string>>)' [/Users/kady/Masterdom/src/Masterdom.Platform/Masterdom.Platform.csproj]
/Users/kady/Masterdom/src/Masterdom.Platform/ImportExport/ExportRequest.cs(4,12): warning CS1591: Missing XML comment for publicly visible type or member 'ExportRequest.JobCode' [/Users/kady/Masterdom/src/Masterdom.Platform/Masterdom.Platform.csproj]
/Users/kady/Masterdom/src/Masterdom.Platform/ImportExport/ExportRequest.cs(5,24): warning CS1591: Missing XML comment for publicly visible type or member 'ExportRequest.Format' [/Users/kady/Masterdom/src/Masterdom.Platform/Masterdom.Platform.csproj]
/Users/kady/Masterdom/src/Masterdom.Platform/ImportExport/ExportRequest.cs(6,22): warning CS1591: Missing XML comment for publicly visible type or member 'ExportRequest.Definition' [/Users/kady/Masterdom/src/Masterdom.Platform/Masterdom.Platform.csproj]
/Users/kady/Masterdom/src/Masterdom.Platform/ImportExport/ExportRequest.cs(7,62): warning CS1591: Missing XML comment for publicly visible type or member 'ExportRequest.Rows' [/Users/kady/Masterdom/src/Masterdom.Platform/Masterdom.Platform.csproj]
/Users/kady/Masterdom/src/Masterdom.Platform/ImportExport/ExportResult.cs(3,22): warning CS1591: Missing XML comment for publicly visible type or member 'ExportResult' [/Users/kady/Masterdom/src/Masterdom.Platform/Masterdom.Platform.csproj]
/Users/kady/Masterdom/src/Masterdom.Platform/ImportExport/ExportResult.cs(3,22): warning CS1591: Missing XML comment for publicly visible type or member 'ExportResult.ExportResult(string, string, byte[])' [/Users/kady/Masterdom/src/Masterdom.Platform/Masterdom.Platform.csproj]
/Users/kady/Masterdom/src/Masterdom.Platform/ImportExport/ExportResult.cs(4,12): warning CS1591: Missing XML comment for publicly visible type or member 'ExportResult.MimeType' [/Users/kady/Masterdom/src/Masterdom.Platform/Masterdom.Platform.csproj]
/Users/kady/Masterdom/src/Masterdom.Platform/ImportExport/ExportResult.cs(5,12): warning CS1591: Missing XML comment for publicly visible type or member 'ExportResult.FileName' [/Users/kady/Masterdom/src/Masterdom.Platform/Masterdom.Platform.csproj]
/Users/kady/Masterdom/src/Masterdom.Platform/ImportExport/ExportResult.cs(6,12): warning CS1591: Missing XML comment for publicly visible type or member 'ExportResult.Content' [/Users/kady/Masterdom/src/Masterdom.Platform/Masterdom.Platform.csproj]
/Users/kady/Masterdom/src/Masterdom.Platform/ImportExport/IExportPipeline.cs(3,18): warning CS1591: Missing XML comment for publicly visible type or member 'IExportPipeline' [/Users/kady/Masterdom/src/Masterdom.Platform/Masterdom.Platform.csproj]
/Users/kady/Masterdom/src/Masterdom.Platform/ImportExport/IExportPipeline.cs(5,18): warning CS1591: Missing XML comment for publicly visible type or member 'IExportPipeline.Execute(ExportRequest)' [/Users/kady/Masterdom/src/Masterdom.Platform/Masterdom.Platform.csproj]
/Users/kady/Masterdom/src/Masterdom.Platform/ImportExport/IExportProvider.cs(3,18): warning CS1591: Missing XML comment for publicly visible type or member 'IExportProvider' [/Users/kady/Masterdom/src/Masterdom.Platform/Masterdom.Platform.csproj]
/Users/kady/Masterdom/src/Masterdom.Platform/ImportExport/IExportProvider.cs(5,24): warning CS1591: Missing XML comment for publicly visible type or member 'IExportProvider.Format' [/Users/kady/Masterdom/src/Masterdom.Platform/Masterdom.Platform.csproj]
/Users/kady/Masterdom/src/Masterdom.Platform/ImportExport/IExportProvider.cs(7,18): warning CS1591: Missing XML comment for publicly visible type or member 'IExportProvider.WriteRows(ExportRequest)' [/Users/kady/Masterdom/src/Masterdom.Platform/Masterdom.Platform.csproj]
/Users/kady/Masterdom/src/Masterdom.Platform/ImportExport/IImportExportRegistry.cs(3,18): warning CS1591: Missing XML comment for publicly visible type or member 'IImportExportRegistry' [/Users/kady/Masterdom/src/Masterdom.Platform/Masterdom.Platform.csproj]
/Users/kady/Masterdom/src/Masterdom.Platform/ImportExport/IImportExportRegistry.cs(5,21): warning CS1591: Missing XML comment for publicly visible type or member 'IImportExportRegistry.ResolveImportProvider(ImportExportFormat)' [/Users/kady/Masterdom/src/Masterdom.Platform/Masterdom.Platform.csproj]
/Users/kady/Masterdom/src/Masterdom.Platform/ImportExport/IImportExportRegistry.cs(7,21): warning CS1591: Missing XML comment for publicly visible type or member 'IImportExportRegistry.ResolveExportProvider(ImportExportFormat)' [/Users/kady/Masterdom/src/Masterdom.Platform/Masterdom.Platform.csproj]
/Users/kady/Masterdom/src/Masterdom.Platform/ImportExport/IImportPipeline.cs(3,18): warning CS1591: Missing XML comment for publicly visible type or member 'IImportPipeline' [/Users/kady/Masterdom/src/Masterdom.Platform/Masterdom.Platform.csproj]
/Users/kady/Masterdom/src/Masterdom.Platform/ImportExport/IImportPipeline.cs(5,18): warning CS1591: Missing XML comment for publicly visible type or member 'IImportPipeline.Execute(ImportRequest)' [/Users/kady/Masterdom/src/Masterdom.Platform/Masterdom.Platform.csproj]
/Users/kady/Masterdom/src/Masterdom.Platform/ImportExport/IImportProvider.cs(3,18): warning CS1591: Missing XML comment for publicly visible type or member 'IImportProvider' [/Users/kady/Masterdom/src/Masterdom.Platform/Masterdom.Platform.csproj]
/Users/kady/Masterdom/src/Masterdom.Platform/ImportExport/IImportProvider.cs(5,24): warning CS1591: Missing XML comment for publicly visible type or member 'IImportProvider.Format' [/Users/kady/Masterdom/src/Masterdom.Platform/Masterdom.Platform.csproj]
/Users/kady/Masterdom/src/Masterdom.Platform/ImportExport/IImportProvider.cs(7,62): warning CS1591: Missing XML comment for publicly visible type or member 'IImportProvider.ReadRows(Stream, ImportDefinition)' [/Users/kady/Masterdom/src/Masterdom.Platform/Masterdom.Platform.csproj]
/Users/kady/Masterdom/src/Masterdom.Platform/ImportExport/ILookupProvider.cs(3,18): warning CS1591: Missing XML comment for publicly visible type or member 'ILookupProvider' [/Users/kady/Masterdom/src/Masterdom.Platform/Masterdom.Platform.csproj]
/Users/kady/Masterdom/src/Masterdom.Platform/ImportExport/ILookupProvider.cs(5,12): warning CS1591: Missing XML comment for publicly visible type or member 'ILookupProvider.Name' [/Users/kady/Masterdom/src/Masterdom.Platform/Masterdom.Platform.csproj]
/Users/kady/Masterdom/src/Masterdom.Platform/ImportExport/ILookupProvider.cs(7,12): warning CS1591: Missing XML comment for publicly visible type or member 'ILookupProvider.Resolve(string, string, IReadOnlyDictionary<string, string>)' [/Users/kady/Masterdom/src/Masterdom.Platform/Masterdom.Platform.csproj]
/Users/kady/Masterdom/src/Masterdom.Platform/ImportExport/ILookupProviderRegistry.cs(3,18): warning CS1591: Missing XML comment for publicly visible type or member 'ILookupProviderRegistry' [/Users/kady/Masterdom/src/Masterdom.Platform/Masterdom.Platform.csproj]
/Users/kady/Masterdom/src/Masterdom.Platform/ImportExport/ILookupProviderRegistry.cs(5,21): warning CS1591: Missing XML comment for publicly visible type or member 'ILookupProviderRegistry.Resolve(string)' [/Users/kady/Masterdom/src/Masterdom.Platform/Masterdom.Platform.csproj]
/Users/kady/Masterdom/src/Masterdom.Platform/ImportExport/ImportDefinition.cs(3,22): warning CS1591: Missing XML comment for publicly visible type or member 'ImportDefinition' [/Users/kady/Masterdom/src/Masterdom.Platform/Masterdom.Platform.csproj]
/Users/kady/Masterdom/src/Masterdom.Platform/ImportExport/ImportDefinition.cs(3,22): warning CS1591: Missing XML comment for publicly visible type or member 'ImportDefinition.ImportDefinition(string, int, int, string, IReadOnlyCollection<ColumnDefinition>, IReadOnlyDictionary<string, string>, string, string, string, string, string, IReadOnlyDictionary<string, string>, IReadOnlyDictionary<string, string>, IReadOnlyDictionary<string, string>, string)' [/Users/kady/Masterdom/src/Masterdom.Platform/Masterdom.Platform.csproj]
/Users/kady/Masterdom/src/Masterdom.Platform/ImportExport/ImportDefinition.cs(4,12): warning CS1591: Missing XML comment for publicly visible type or member 'ImportDefinition.Worksheet' [/Users/kady/Masterdom/src/Masterdom.Platform/Masterdom.Platform.csproj]
/Users/kady/Masterdom/src/Masterdom.Platform/ImportExport/ImportDefinition.cs(5,9): warning CS1591: Missing XML comment for publicly visible type or member 'ImportDefinition.HeaderRow' [/Users/kady/Masterdom/src/Masterdom.Platform/Masterdom.Platform.csproj]
/Users/kady/Masterdom/src/Masterdom.Platform/ImportExport/ImportDefinition.cs(6,9): warning CS1591: Missing XML comment for publicly visible type or member 'ImportDefinition.DataStartRow' [/Users/kady/Masterdom/src/Masterdom.Platform/Masterdom.Platform.csproj]
/Users/kady/Masterdom/src/Masterdom.Platform/ImportExport/ImportDefinition.cs(7,12): warning CS1591: Missing XML comment for publicly visible type or member 'ImportDefinition.FooterHandling' [/Users/kady/Masterdom/src/Masterdom.Platform/Masterdom.Platform.csproj]
/Users/kady/Masterdom/src/Masterdom.Platform/ImportExport/ImportDefinition.cs(8,43): warning CS1591: Missing XML comment for publicly visible type or member 'ImportDefinition.Columns' [/Users/kady/Masterdom/src/Masterdom.Platform/Masterdom.Platform.csproj]
/Users/kady/Masterdom/src/Masterdom.Platform/ImportExport/ImportDefinition.cs(9,41): warning CS1591: Missing XML comment for publicly visible type or member 'ImportDefinition.DefaultValues' [/Users/kady/Masterdom/src/Masterdom.Platform/Masterdom.Platform.csproj]
/Users/kady/Masterdom/src/Masterdom.Platform/ImportExport/ImportDefinition.cs(10,12): warning CS1591: Missing XML comment for publicly visible type or member 'ImportDefinition.TextEncoding' [/Users/kady/Masterdom/src/Masterdom.Platform/Masterdom.Platform.csproj]
/Users/kady/Masterdom/src/Masterdom.Platform/ImportExport/ImportDefinition.cs(11,12): warning CS1591: Missing XML comment for publicly visible type or member 'ImportDefinition.CsvDelimiter' [/Users/kady/Masterdom/src/Masterdom.Platform/Masterdom.Platform.csproj]
/Users/kady/Masterdom/src/Masterdom.Platform/ImportExport/ImportDefinition.cs(12,12): warning CS1591: Missing XML comment for publicly visible type or member 'ImportDefinition.DateFormat' [/Users/kady/Masterdom/src/Masterdom.Platform/Masterdom.Platform.csproj]
/Users/kady/Masterdom/src/Masterdom.Platform/ImportExport/ImportDefinition.cs(13,12): warning CS1591: Missing XML comment for publicly visible type or member 'ImportDefinition.NumberFormat' [/Users/kady/Masterdom/src/Masterdom.Platform/Masterdom.Platform.csproj]
/Users/kady/Masterdom/src/Masterdom.Platform/ImportExport/ImportDefinition.cs(14,12): warning CS1591: Missing XML comment for publicly visible type or member 'ImportDefinition.DuplicateHandlingStrategy' [/Users/kady/Masterdom/src/Masterdom.Platform/Masterdom.Platform.csproj]
/Users/kady/Masterdom/src/Masterdom.Platform/ImportExport/ImportDefinition.cs(15,41): warning CS1591: Missing XML comment for publicly visible type or member 'ImportDefinition.ValidationRules' [/Users/kady/Masterdom/src/Masterdom.Platform/Masterdom.Platform.csproj]
/Users/kady/Masterdom/src/Masterdom.Platform/ImportExport/ImportDefinition.cs(16,41): warning CS1591: Missing XML comment for publicly visible type or member 'ImportDefinition.TransformationRules' [/Users/kady/Masterdom/src/Masterdom.Platform/Masterdom.Platform.csproj]
/Users/kady/Masterdom/src/Masterdom.Platform/ImportExport/ImportDefinition.cs(17,41): warning CS1591: Missing XML comment for publicly visible type or member 'ImportDefinition.LookupRules' [/Users/kady/Masterdom/src/Masterdom.Platform/Masterdom.Platform.csproj]
/Users/kady/Masterdom/src/Masterdom.Platform/ImportExport/ImportDefinition.cs(18,12): warning CS1591: Missing XML comment for publicly visible type or member 'ImportDefinition.ErrorHandlingPolicy' [/Users/kady/Masterdom/src/Masterdom.Platform/Masterdom.Platform.csproj]
/Users/kady/Masterdom/src/Masterdom.Platform/ImportExport/ImportDefinitionCatalogReference.cs(5,22): warning CS1591: Missing XML comment for publicly visible type or member 'ImportDefinitionCatalogReference' [/Users/kady/Masterdom/src/Masterdom.Platform/Masterdom.Platform.csproj]
/Users/kady/Masterdom/src/Masterdom.Platform/ImportExport/ImportDefinitionCatalogReference.cs(5,22): warning CS1591: Missing XML comment for publicly visible type or member 'ImportDefinitionCatalogReference.ImportDefinitionCatalogReference(ConfigurationKey, ConfigurationResolutionRequest)' [/Users/kady/Masterdom/src/Masterdom.Platform/Masterdom.Platform.csproj]
/Users/kady/Masterdom/src/Masterdom.Platform/ImportExport/ImportDefinitionCatalogReference.cs(6,22): warning CS1591: Missing XML comment for publicly visible type or member 'ImportDefinitionCatalogReference.ConfigurationKey' [/Users/kady/Masterdom/src/Masterdom.Platform/Masterdom.Platform.csproj]
/Users/kady/Masterdom/src/Masterdom.Platform/ImportExport/ImportDefinitionCatalogReference.cs(7,36): warning CS1591: Missing XML comment for publicly visible type or member 'ImportDefinitionCatalogReference.ResolutionRequest' [/Users/kady/Masterdom/src/Masterdom.Platform/Masterdom.Platform.csproj]
/Users/kady/Masterdom/src/Masterdom.Platform/ImportExport/ImportError.cs(3,22): warning CS1591: Missing XML comment for publicly visible type or member 'ImportError' [/Users/kady/Masterdom/src/Masterdom.Platform/Masterdom.Platform.csproj]
/Users/kady/Masterdom/src/Masterdom.Platform/ImportExport/ImportError.cs(3,22): warning CS1591: Missing XML comment for publicly visible type or member 'ImportError.ImportError(int, string, string, string, ImportExportSeverity, bool)' [/Users/kady/Masterdom/src/Masterdom.Platform/Masterdom.Platform.csproj]
/Users/kady/Masterdom/src/Masterdom.Platform/ImportExport/ImportError.cs(4,9): warning CS1591: Missing XML comment for publicly visible type or member 'ImportError.RowNumber' [/Users/kady/Masterdom/src/Masterdom.Platform/Masterdom.Platform.csproj]
/Users/kady/Masterdom/src/Masterdom.Platform/ImportExport/ImportError.cs(5,12): warning CS1591: Missing XML comment for publicly visible type or member 'ImportError.Column' [/Users/kady/Masterdom/src/Masterdom.Platform/Masterdom.Platform.csproj]
/Users/kady/Masterdom/src/Masterdom.Platform/ImportExport/ImportError.cs(6,12): warning CS1591: Missing XML comment for publicly visible type or member 'ImportError.OffendingValue' [/Users/kady/Masterdom/src/Masterdom.Platform/Masterdom.Platform.csproj]
/Users/kady/Masterdom/src/Masterdom.Platform/ImportExport/ImportError.cs(7,12): warning CS1591: Missing XML comment for publicly visible type or member 'ImportError.Message' [/Users/kady/Masterdom/src/Masterdom.Platform/Masterdom.Platform.csproj]
/Users/kady/Masterdom/src/Masterdom.Platform/ImportExport/ImportError.cs(8,26): warning CS1591: Missing XML comment for publicly visible type or member 'ImportError.Severity' [/Users/kady/Masterdom/src/Masterdom.Platform/Masterdom.Platform.csproj]
/Users/kady/Masterdom/src/Masterdom.Platform/ImportExport/ImportError.cs(9,10): warning CS1591: Missing XML comment for publicly visible type or member 'ImportError.IsRecoverable' [/Users/kady/Masterdom/src/Masterdom.Platform/Masterdom.Platform.csproj]
/Users/kady/Masterdom/src/Masterdom.Platform/ImportExport/ImportExportFormat.cs(3,13): warning CS1591: Missing XML comment for publicly visible type or member 'ImportExportFormat' [/Users/kady/Masterdom/src/Masterdom.Platform/Masterdom.Platform.csproj]
/Users/kady/Masterdom/src/Masterdom.Platform/ImportExport/ImportExportFormat.cs(5,5): warning CS1591: Missing XML comment for publicly visible type or member 'ImportExportFormat.Csv' [/Users/kady/Masterdom/src/Masterdom.Platform/Masterdom.Platform.csproj]
/Users/kady/Masterdom/src/Masterdom.Platform/ImportExport/ImportExportFormat.cs(6,5): warning CS1591: Missing XML comment for publicly visible type or member 'ImportExportFormat.ExcelXlsx' [/Users/kady/Masterdom/src/Masterdom.Platform/Masterdom.Platform.csproj]
/Users/kady/Masterdom/src/Masterdom.Platform/ImportExport/ImportExportRegistry.cs(3,21): warning CS1591: Missing XML comment for publicly visible type or member 'ImportExportRegistry' [/Users/kady/Masterdom/src/Masterdom.Platform/Masterdom.Platform.csproj]
/Users/kady/Masterdom/src/Masterdom.Platform/ImportExport/ImportExportRegistry.cs(8,12): warning CS1591: Missing XML comment for publicly visible type or member 'ImportExportRegistry.ImportExportRegistry(IEnumerable<IImportProvider>, IEnumerable<IExportProvider>)' [/Users/kady/Masterdom/src/Masterdom.Platform/Masterdom.Platform.csproj]
/Users/kady/Masterdom/src/Masterdom.Platform/ImportExport/ImportExportRegistry.cs(19,28): warning CS1591: Missing XML comment for publicly visible type or member 'ImportExportRegistry.ResolveImportProvider(ImportExportFormat)' [/Users/kady/Masterdom/src/Masterdom.Platform/Masterdom.Platform.csproj]
/Users/kady/Masterdom/src/Masterdom.Platform/ImportExport/ImportExportRegistry.cs(26,28): warning CS1591: Missing XML comment for publicly visible type or member 'ImportExportRegistry.ResolveExportProvider(ImportExportFormat)' [/Users/kady/Masterdom/src/Masterdom.Platform/Masterdom.Platform.csproj]
/Users/kady/Masterdom/src/Masterdom.Platform/ImportExport/ImportExportSeverity.cs(3,13): warning CS1591: Missing XML comment for publicly visible type or member 'ImportExportSeverity' [/Users/kady/Masterdom/src/Masterdom.Platform/Masterdom.Platform.csproj]
/Users/kady/Masterdom/src/Masterdom.Platform/ImportExport/ImportExportSeverity.cs(5,5): warning CS1591: Missing XML comment for publicly visible type or member 'ImportExportSeverity.Info' [/Users/kady/Masterdom/src/Masterdom.Platform/Masterdom.Platform.csproj]
/Users/kady/Masterdom/src/Masterdom.Platform/ImportExport/ImportExportSeverity.cs(6,5): warning CS1591: Missing XML comment for publicly visible type or member 'ImportExportSeverity.Warning' [/Users/kady/Masterdom/src/Masterdom.Platform/Masterdom.Platform.csproj]
/Users/kady/Masterdom/src/Masterdom.Platform/ImportExport/ImportExportSeverity.cs(7,5): warning CS1591: Missing XML comment for publicly visible type or member 'ImportExportSeverity.Error' [/Users/kady/Masterdom/src/Masterdom.Platform/Masterdom.Platform.csproj]
/Users/kady/Masterdom/src/Masterdom.Platform/ImportExport/ImportPipeline.cs(5,21): warning CS1591: Missing XML comment for publicly visible type or member 'ImportPipeline' [/Users/kady/Masterdom/src/Masterdom.Platform/Masterdom.Platform.csproj]
/Users/kady/Masterdom/src/Masterdom.Platform/ImportExport/ImportPipeline.cs(11,12): warning CS1591: Missing XML comment for publicly visible type or member 'ImportPipeline.ImportPipeline(IImportExportRegistry, IBusinessConfigurationCatalog, ILookupProviderRegistry?)' [/Users/kady/Masterdom/src/Masterdom.Platform/Masterdom.Platform.csproj]
/Users/kady/Masterdom/src/Masterdom.Platform/ImportExport/ImportPipeline.cs(21,25): warning CS1591: Missing XML comment for publicly visible type or member 'ImportPipeline.Execute(ImportRequest)' [/Users/kady/Masterdom/src/Masterdom.Platform/Masterdom.Platform.csproj]
/Users/kady/Masterdom/src/Masterdom.Platform/ImportExport/ImportProgress.cs(3,22): warning CS1591: Missing XML comment for publicly visible type or member 'ImportProgress' [/Users/kady/Masterdom/src/Masterdom.Platform/Masterdom.Platform.csproj]
/Users/kady/Masterdom/src/Masterdom.Platform/ImportExport/ImportProgress.cs(3,22): warning CS1591: Missing XML comment for publicly visible type or member 'ImportProgress.ImportProgress(int, int, int, int)' [/Users/kady/Masterdom/src/Masterdom.Platform/Masterdom.Platform.csproj]
/Users/kady/Masterdom/src/Masterdom.Platform/ImportExport/ImportProgress.cs(4,9): warning CS1591: Missing XML comment for publicly visible type or member 'ImportProgress.TotalRows' [/Users/kady/Masterdom/src/Masterdom.Platform/Masterdom.Platform.csproj]
/Users/kady/Masterdom/src/Masterdom.Platform/ImportExport/ImportProgress.cs(5,9): warning CS1591: Missing XML comment for publicly visible type or member 'ImportProgress.ProcessedRows' [/Users/kady/Masterdom/src/Masterdom.Platform/Masterdom.Platform.csproj]
/Users/kady/Masterdom/src/Masterdom.Platform/ImportExport/ImportProgress.cs(6,9): warning CS1591: Missing XML comment for publicly visible type or member 'ImportProgress.SuccessfulRows' [/Users/kady/Masterdom/src/Masterdom.Platform/Masterdom.Platform.csproj]
/Users/kady/Masterdom/src/Masterdom.Platform/ImportExport/ImportProgress.cs(7,9): warning CS1591: Missing XML comment for publicly visible type or member 'ImportProgress.FailedRows' [/Users/kady/Masterdom/src/Masterdom.Platform/Masterdom.Platform.csproj]
/Users/kady/Masterdom/src/Masterdom.Platform/ImportExport/ImportRequest.cs(3,22): warning CS1591: Missing XML comment for publicly visible type or member 'ImportRequest' [/Users/kady/Masterdom/src/Masterdom.Platform/Masterdom.Platform.csproj]
/Users/kady/Masterdom/src/Masterdom.Platform/ImportExport/ImportRequest.cs(3,22): warning CS1591: Missing XML comment for publicly visible type or member 'ImportRequest.ImportRequest(string, ImportExportFormat, Stream, ImportDefinitionCatalogReference, bool)' [/Users/kady/Masterdom/src/Masterdom.Platform/Masterdom.Platform.csproj]
/Users/kady/Masterdom/src/Masterdom.Platform/ImportExport/ImportRequest.cs(4,12): warning CS1591: Missing XML comment for publicly visible type or member 'ImportRequest.JobCode' [/Users/kady/Masterdom/src/Masterdom.Platform/Masterdom.Platform.csproj]
/Users/kady/Masterdom/src/Masterdom.Platform/ImportExport/ImportRequest.cs(5,24): warning CS1591: Missing XML comment for publicly visible type or member 'ImportRequest.Format' [/Users/kady/Masterdom/src/Masterdom.Platform/Masterdom.Platform.csproj]
/Users/kady/Masterdom/src/Masterdom.Platform/ImportExport/ImportRequest.cs(6,12): warning CS1591: Missing XML comment for publicly visible type or member 'ImportRequest.Content' [/Users/kady/Masterdom/src/Masterdom.Platform/Masterdom.Platform.csproj]
/Users/kady/Masterdom/src/Masterdom.Platform/ImportExport/ImportRequest.cs(7,38): warning CS1591: Missing XML comment for publicly visible type or member 'ImportRequest.DefinitionReference' [/Users/kady/Masterdom/src/Masterdom.Platform/Masterdom.Platform.csproj]
/Users/kady/Masterdom/src/Masterdom.Platform/ImportExport/ImportRequest.cs(8,10): warning CS1591: Missing XML comment for publicly visible type or member 'ImportRequest.ContinueOnRecoverableErrors' [/Users/kady/Masterdom/src/Masterdom.Platform/Masterdom.Platform.csproj]
/Users/kady/Masterdom/src/Masterdom.Platform/ImportExport/ImportResult.cs(3,22): warning CS1591: Missing XML comment for publicly visible type or member 'ImportResult' [/Users/kady/Masterdom/src/Masterdom.Platform/Masterdom.Platform.csproj]
/Users/kady/Masterdom/src/Masterdom.Platform/ImportExport/ImportResult.cs(3,22): warning CS1591: Missing XML comment for publicly visible type or member 'ImportResult.ImportResult(IReadOnlyCollection<IReadOnlyDictionary<string, string>>, IReadOnlyCollection<ImportError>, ImportProgress)' [/Users/kady/Masterdom/src/Masterdom.Platform/Masterdom.Platform.csproj]
/Users/kady/Masterdom/src/Masterdom.Platform/ImportExport/ImportResult.cs(4,62): warning CS1591: Missing XML comment for publicly visible type or member 'ImportResult.Rows' [/Users/kady/Masterdom/src/Masterdom.Platform/Masterdom.Platform.csproj]
/Users/kady/Masterdom/src/Masterdom.Platform/ImportExport/ImportResult.cs(5,38): warning CS1591: Missing XML comment for publicly visible type or member 'ImportResult.Errors' [/Users/kady/Masterdom/src/Masterdom.Platform/Masterdom.Platform.csproj]
/Users/kady/Masterdom/src/Masterdom.Platform/ImportExport/ImportResult.cs(6,20): warning CS1591: Missing XML comment for publicly visible type or member 'ImportResult.Progress' [/Users/kady/Masterdom/src/Masterdom.Platform/Masterdom.Platform.csproj]
/Users/kady/Masterdom/src/Masterdom.Platform/ImportExport/LookupProviderRegistry.cs(3,21): warning CS1591: Missing XML comment for publicly visible type or member 'LookupProviderRegistry' [/Users/kady/Masterdom/src/Masterdom.Platform/Masterdom.Platform.csproj]
/Users/kady/Masterdom/src/Masterdom.Platform/ImportExport/LookupProviderRegistry.cs(7,12): warning CS1591: Missing XML comment for publicly visible type or member 'LookupProviderRegistry.LookupProviderRegistry(IEnumerable<ILookupProvider>?)' [/Users/kady/Masterdom/src/Masterdom.Platform/Masterdom.Platform.csproj]
/Users/kady/Masterdom/src/Masterdom.Platform/ImportExport/LookupProviderRegistry.cs(13,28): warning CS1591: Missing XML comment for publicly visible type or member 'LookupProviderRegistry.Resolve(string)' [/Users/kady/Masterdom/src/Masterdom.Platform/Masterdom.Platform.csproj]
/Users/kady/Masterdom/src/Masterdom.Platform/ImportExport/PassthroughLookupProvider.cs(3,21): warning CS1591: Missing XML comment for publicly visible type or member 'PassthroughLookupProvider' [/Users/kady/Masterdom/src/Masterdom.Platform/Masterdom.Platform.csproj]
/Users/kady/Masterdom/src/Masterdom.Platform/ImportExport/PassthroughLookupProvider.cs(5,25): warning CS1591: Missing XML comment for publicly visible type or member 'PassthroughLookupProvider.ProviderName' [/Users/kady/Masterdom/src/Masterdom.Platform/Masterdom.Platform.csproj]
/Users/kady/Masterdom/src/Masterdom.Platform/ImportExport/PassthroughLookupProvider.cs(7,19): warning CS1591: Missing XML comment for publicly visible type or member 'PassthroughLookupProvider.Name' [/Users/kady/Masterdom/src/Masterdom.Platform/Masterdom.Platform.csproj]
/Users/kady/Masterdom/src/Masterdom.Platform/ImportExport/PassthroughLookupProvider.cs(9,19): warning CS1591: Missing XML comment for publicly visible type or member 'PassthroughLookupProvider.Resolve(string, string, IReadOnlyDictionary<string, string>)' [/Users/kady/Masterdom/src/Masterdom.Platform/Masterdom.Platform.csproj]
/Users/kady/Masterdom/src/Masterdom.Platform/ImportExport/SchemaMappingDefinition.cs(3,22): warning CS1591: Missing XML comment for publicly visible type or member 'SchemaMappingDefinition' [/Users/kady/Masterdom/src/Masterdom.Platform/Masterdom.Platform.csproj]
/Users/kady/Masterdom/src/Masterdom.Platform/ImportExport/SchemaMappingDefinition.cs(3,22): warning CS1591: Missing XML comment for publicly visible type or member 'SchemaMappingDefinition.SchemaMappingDefinition(string, int, string, string, string, string, string, string, IReadOnlyCollection<ColumnDefinition>)' [/Users/kady/Masterdom/src/Masterdom.Platform/Masterdom.Platform.csproj]
/Users/kady/Masterdom/src/Masterdom.Platform/ImportExport/SchemaMappingDefinition.cs(4,12): warning CS1591: Missing XML comment for publicly visible type or member 'SchemaMappingDefinition.MappingCode' [/Users/kady/Masterdom/src/Masterdom.Platform/Masterdom.Platform.csproj]
/Users/kady/Masterdom/src/Masterdom.Platform/ImportExport/SchemaMappingDefinition.cs(5,9): warning CS1591: Missing XML comment for publicly visible type or member 'SchemaMappingDefinition.Version' [/Users/kady/Masterdom/src/Masterdom.Platform/Masterdom.Platform.csproj]
/Users/kady/Masterdom/src/Masterdom.Platform/ImportExport/SchemaMappingDefinition.cs(6,12): warning CS1591: Missing XML comment for publicly visible type or member 'SchemaMappingDefinition.Worksheet' [/Users/kady/Masterdom/src/Masterdom.Platform/Masterdom.Platform.csproj]
/Users/kady/Masterdom/src/Masterdom.Platform/ImportExport/SchemaMappingDefinition.cs(7,12): warning CS1591: Missing XML comment for publicly visible type or member 'SchemaMappingDefinition.Delimiter' [/Users/kady/Masterdom/src/Masterdom.Platform/Masterdom.Platform.csproj]
/Users/kady/Masterdom/src/Masterdom.Platform/ImportExport/SchemaMappingDefinition.cs(8,12): warning CS1591: Missing XML comment for publicly visible type or member 'SchemaMappingDefinition.Encoding' [/Users/kady/Masterdom/src/Masterdom.Platform/Masterdom.Platform.csproj]
/Users/kady/Masterdom/src/Masterdom.Platform/ImportExport/SchemaMappingDefinition.cs(9,12): warning CS1591: Missing XML comment for publicly visible type or member 'SchemaMappingDefinition.DateFormat' [/Users/kady/Masterdom/src/Masterdom.Platform/Masterdom.Platform.csproj]
/Users/kady/Masterdom/src/Masterdom.Platform/ImportExport/SchemaMappingDefinition.cs(10,12): warning CS1591: Missing XML comment for publicly visible type or member 'SchemaMappingDefinition.NumberFormat' [/Users/kady/Masterdom/src/Masterdom.Platform/Masterdom.Platform.csproj]
/Users/kady/Masterdom/src/Masterdom.Platform/ImportExport/SchemaMappingDefinition.cs(11,12): warning CS1591: Missing XML comment for publicly visible type or member 'SchemaMappingDefinition.DuplicateHandling' [/Users/kady/Masterdom/src/Masterdom.Platform/Masterdom.Platform.csproj]
/Users/kady/Masterdom/src/Masterdom.Platform/ImportExport/SchemaMappingDefinition.cs(12,43): warning CS1591: Missing XML comment for publicly visible type or member 'SchemaMappingDefinition.Columns' [/Users/kady/Masterdom/src/Masterdom.Platform/Masterdom.Platform.csproj]
/Users/kady/Masterdom/src/Masterdom.Platform/LanguageSupport/AsyncLocalLanguageContextAccessor.cs(5,21): warning CS1591: Missing XML comment for publicly visible type or member 'AsyncLocalLanguageContextAccessor' [/Users/kady/Masterdom/src/Masterdom.Platform/Masterdom.Platform.csproj]
/Users/kady/Masterdom/src/Masterdom.Platform/LanguageSupport/AsyncLocalLanguageContextAccessor.cs(9,29): warning CS1591: Missing XML comment for publicly visible type or member 'AsyncLocalLanguageContextAccessor.Current' [/Users/kady/Masterdom/src/Masterdom.Platform/Masterdom.Platform.csproj]
/Users/kady/Masterdom/src/Masterdom.Platform/LanguageSupport/ConfigurationLanguageSettingsResolver.cs(6,21): warning CS1591: Missing XML comment for publicly visible type or member 'ConfigurationLanguageSettingsResolver' [/Users/kady/Masterdom/src/Masterdom.Platform/Masterdom.Platform.csproj]
/Users/kady/Masterdom/src/Masterdom.Platform/LanguageSupport/ConfigurationLanguageSettingsResolver.cs(11,12): warning CS1591: Missing XML comment for publicly visible type or member 'ConfigurationLanguageSettingsResolver.ConfigurationLanguageSettingsResolver(IConfigurationResolver)' [/Users/kady/Masterdom/src/Masterdom.Platform/Masterdom.Platform.csproj]
/Users/kady/Masterdom/src/Masterdom.Platform/LanguageSupport/ConfigurationLanguageSettingsResolver.cs(16,29): warning CS1591: Missing XML comment for publicly visible type or member 'ConfigurationLanguageSettingsResolver.Resolve(LanguageResolutionRequest)' [/Users/kady/Masterdom/src/Masterdom.Platform/Masterdom.Platform.csproj]
/Users/kady/Masterdom/src/Masterdom.Platform/LanguageSupport/DefaultLanguageFormatterProvider.cs(3,21): warning CS1591: Missing XML comment for publicly visible type or member 'DefaultLanguageFormatterProvider' [/Users/kady/Masterdom/src/Masterdom.Platform/Masterdom.Platform.csproj]
/Users/kady/Masterdom/src/Masterdom.Platform/LanguageSupport/DefaultLanguageFormatterProvider.cs(5,19): warning CS1591: Missing XML comment for publicly visible type or member 'DefaultLanguageFormatterProvider.Name' [/Users/kady/Masterdom/src/Masterdom.Platform/Masterdom.Platform.csproj]
/Users/kady/Masterdom/src/Masterdom.Platform/LanguageSupport/DefaultLanguageFormatterProvider.cs(7,19): warning CS1591: Missing XML comment for publicly visible type or member 'DefaultLanguageFormatterProvider.Format(string, IReadOnlyDictionary<string, string>?, LanguageSettings)' [/Users/kady/Masterdom/src/Masterdom.Platform/Masterdom.Platform.csproj]
/Users/kady/Masterdom/src/Masterdom.Platform/LanguageSupport/DefaultLanguageResourceProvider.cs(6,21): warning CS1591: Missing XML comment for publicly visible type or member 'DefaultLanguageResourceProvider' [/Users/kady/Masterdom/src/Masterdom.Platform/Masterdom.Platform.csproj]
/Users/kady/Masterdom/src/Masterdom.Platform/LanguageSupport/DefaultLanguageResourceProvider.cs(13,12): warning CS1591: Missing XML comment for publicly visible type or member 'DefaultLanguageResourceProvider.DefaultLanguageResourceProvider(IReadOnlyDictionary<string, IReadOnlyDictionary<string, string>>?, IBusinessConfigurationCatalog?, ILanguageContextAccessor?, string)' [/Users/kady/Masterdom/src/Masterdom.Platform/Masterdom.Platform.csproj]
/Users/kady/Masterdom/src/Masterdom.Platform/LanguageSupport/DefaultLanguageResourceProvider.cs(25,19): warning CS1591: Missing XML comment for publicly visible type or member 'DefaultLanguageResourceProvider.Name' [/Users/kady/Masterdom/src/Masterdom.Platform/Masterdom.Platform.csproj]
/Users/kady/Masterdom/src/Masterdom.Platform/LanguageSupport/DefaultLanguageResourceProvider.cs(27,17): warning CS1591: Missing XML comment for publicly visible type or member 'DefaultLanguageResourceProvider.TryGet(string, string, out string)' [/Users/kady/Masterdom/src/Masterdom.Platform/Masterdom.Platform.csproj]
/Users/kady/Masterdom/src/Masterdom.Platform/LanguageSupport/DefaultLanguageSupportService.cs(6,21): warning CS1591: Missing XML comment for publicly visible type or member 'DefaultLanguageSupportService' [/Users/kady/Masterdom/src/Masterdom.Platform/Masterdom.Platform.csproj]
/Users/kady/Masterdom/src/Masterdom.Platform/LanguageSupport/DefaultLanguageSupportService.cs(13,12): warning CS1591: Missing XML comment for publicly visible type or member 'DefaultLanguageSupportService.DefaultLanguageSupportService(IEnumerable<ILanguageResourceProvider>, ILanguageSettingsResolver, ILanguageContextAccessor, ILanguageFormatterProvider)' [/Users/kady/Masterdom/src/Masterdom.Platform/Masterdom.Platform.csproj]
/Users/kady/Masterdom/src/Masterdom.Platform/LanguageSupport/DefaultLanguageSupportService.cs(25,29): warning CS1591: Missing XML comment for publicly visible type or member 'DefaultLanguageSupportService.CurrentSettings' [/Users/kady/Masterdom/src/Masterdom.Platform/Masterdom.Platform.csproj]
/Users/kady/Masterdom/src/Masterdom.Platform/LanguageSupport/DefaultLanguageSupportService.cs(27,17): warning CS1591: Missing XML comment for publicly visible type or member 'DefaultLanguageSupportService.SwitchLanguage(LanguageResolutionRequest)' [/Users/kady/Masterdom/src/Masterdom.Platform/Masterdom.Platform.csproj]
/Users/kady/Masterdom/src/Masterdom.Platform/LanguageSupport/DefaultLanguageSupportService.cs(36,19): warning CS1591: Missing XML comment for publicly visible type or member 'DefaultLanguageSupportService.ResolveText(string, IReadOnlyDictionary<string, string>?)' [/Users/kady/Masterdom/src/Masterdom.Platform/Masterdom.Platform.csproj]
/Users/kady/Masterdom/src/Masterdom.Platform/LanguageSupport/DefaultLanguageSupportService.cs(56,19): warning CS1591: Missing XML comment for publicly visible type or member 'DefaultLanguageSupportService.ResolvePluralText(string, long, IReadOnlyDictionary<string, string>?)' [/Users/kady/Masterdom/src/Masterdom.Platform/Masterdom.Platform.csproj]
/Users/kady/Masterdom/src/Masterdom.Platform/LanguageSupport/DefaultLanguageSupportService.cs(70,19): warning CS1591: Missing XML comment for publicly visible type or member 'DefaultLanguageSupportService.FormatDate(DateTime)' [/Users/kady/Masterdom/src/Masterdom.Platform/Masterdom.Platform.csproj]
/Users/kady/Masterdom/src/Masterdom.Platform/LanguageSupport/DefaultLanguageSupportService.cs(76,19): warning CS1591: Missing XML comment for publicly visible type or member 'DefaultLanguageSupportService.FormatTime(TimeOnly)' [/Users/kady/Masterdom/src/Masterdom.Platform/Masterdom.Platform.csproj]
/Users/kady/Masterdom/src/Masterdom.Platform/LanguageSupport/DefaultLanguageSupportService.cs(82,19): warning CS1591: Missing XML comment for publicly visible type or member 'DefaultLanguageSupportService.FormatNumber(decimal)' [/Users/kady/Masterdom/src/Masterdom.Platform/Masterdom.Platform.csproj]
/Users/kady/Masterdom/src/Masterdom.Platform/LanguageSupport/DefaultLanguageSupportService.cs(88,19): warning CS1591: Missing XML comment for publicly visible type or member 'DefaultLanguageSupportService.FormatCurrency(decimal)' [/Users/kady/Masterdom/src/Masterdom.Platform/Masterdom.Platform.csproj]
/Users/kady/Masterdom/src/Masterdom.Platform/LanguageSupport/DefaultLanguageSupportService.cs(94,21): warning CS1591: Missing XML comment for publicly visible type or member 'DefaultLanguageSupportService.ParseDate(string)' [/Users/kady/Masterdom/src/Masterdom.Platform/Masterdom.Platform.csproj]
/Users/kady/Masterdom/src/Masterdom.Platform/LanguageSupport/DefaultLanguageSupportService.cs(101,21): warning CS1591: Missing XML comment for publicly visible type or member 'DefaultLanguageSupportService.ParseTime(string)' [/Users/kady/Masterdom/src/Masterdom.Platform/Masterdom.Platform.csproj]
/Users/kady/Masterdom/src/Masterdom.Platform/LanguageSupport/DefaultLanguageSupportService.cs(108,20): warning CS1591: Missing XML comment for publicly visible type or member 'DefaultLanguageSupportService.ParseNumber(string)' [/Users/kady/Masterdom/src/Masterdom.Platform/Masterdom.Platform.csproj]
/Users/kady/Masterdom/src/Masterdom.Platform/LanguageSupport/ILanguageContextAccessor.cs(3,18): warning CS1591: Missing XML comment for publicly visible type or member 'ILanguageContextAccessor' [/Users/kady/Masterdom/src/Masterdom.Platform/Masterdom.Platform.csproj]
/Users/kady/Masterdom/src/Masterdom.Platform/LanguageSupport/ILanguageContextAccessor.cs(5,22): warning CS1591: Missing XML comment for publicly visible type or member 'ILanguageContextAccessor.Current' [/Users/kady/Masterdom/src/Masterdom.Platform/Masterdom.Platform.csproj]
/Users/kady/Masterdom/src/Masterdom.Platform/LanguageSupport/ILanguageFormatterProvider.cs(3,18): warning CS1591: Missing XML comment for publicly visible type or member 'ILanguageFormatterProvider' [/Users/kady/Masterdom/src/Masterdom.Platform/Masterdom.Platform.csproj]
/Users/kady/Masterdom/src/Masterdom.Platform/LanguageSupport/ILanguageFormatterProvider.cs(5,12): warning CS1591: Missing XML comment for publicly visible type or member 'ILanguageFormatterProvider.Name' [/Users/kady/Masterdom/src/Masterdom.Platform/Masterdom.Platform.csproj]
/Users/kady/Masterdom/src/Masterdom.Platform/LanguageSupport/ILanguageFormatterProvider.cs(7,12): warning CS1591: Missing XML comment for publicly visible type or member 'ILanguageFormatterProvider.Format(string, IReadOnlyDictionary<string, string>?, LanguageSettings)' [/Users/kady/Masterdom/src/Masterdom.Platform/Masterdom.Platform.csproj]
/Users/kady/Masterdom/src/Masterdom.Platform/LanguageSupport/ILanguageResourceProvider.cs(3,18): warning CS1591: Missing XML comment for publicly visible type or member 'ILanguageResourceProvider' [/Users/kady/Masterdom/src/Masterdom.Platform/Masterdom.Platform.csproj]
/Users/kady/Masterdom/src/Masterdom.Platform/LanguageSupport/ILanguageResourceProvider.cs(5,12): warning CS1591: Missing XML comment for publicly visible type or member 'ILanguageResourceProvider.Name' [/Users/kady/Masterdom/src/Masterdom.Platform/Masterdom.Platform.csproj]
/Users/kady/Masterdom/src/Masterdom.Platform/LanguageSupport/ILanguageResourceProvider.cs(7,10): warning CS1591: Missing XML comment for publicly visible type or member 'ILanguageResourceProvider.TryGet(string, string, out string)' [/Users/kady/Masterdom/src/Masterdom.Platform/Masterdom.Platform.csproj]
/Users/kady/Masterdom/src/Masterdom.Platform/LanguageSupport/ILanguageSettingsResolver.cs(3,18): warning CS1591: Missing XML comment for publicly visible type or member 'ILanguageSettingsResolver' [/Users/kady/Masterdom/src/Masterdom.Platform/Masterdom.Platform.csproj]
/Users/kady/Masterdom/src/Masterdom.Platform/LanguageSupport/ILanguageSettingsResolver.cs(5,22): warning CS1591: Missing XML comment for publicly visible type or member 'ILanguageSettingsResolver.Resolve(LanguageResolutionRequest)' [/Users/kady/Masterdom/src/Masterdom.Platform/Masterdom.Platform.csproj]
/Users/kady/Masterdom/src/Masterdom.Platform/LanguageSupport/ILanguageSupportService.cs(3,18): warning CS1591: Missing XML comment for publicly visible type or member 'ILanguageSupportService' [/Users/kady/Masterdom/src/Masterdom.Platform/Masterdom.Platform.csproj]
/Users/kady/Masterdom/src/Masterdom.Platform/LanguageSupport/ILanguageSupportService.cs(5,22): warning CS1591: Missing XML comment for publicly visible type or member 'ILanguageSupportService.CurrentSettings' [/Users/kady/Masterdom/src/Masterdom.Platform/Masterdom.Platform.csproj]
/Users/kady/Masterdom/src/Masterdom.Platform/LanguageSupport/ILanguageSupportService.cs(7,10): warning CS1591: Missing XML comment for publicly visible type or member 'ILanguageSupportService.SwitchLanguage(LanguageResolutionRequest)' [/Users/kady/Masterdom/src/Masterdom.Platform/Masterdom.Platform.csproj]
/Users/kady/Masterdom/src/Masterdom.Platform/LanguageSupport/ILanguageSupportService.cs(9,12): warning CS1591: Missing XML comment for publicly visible type or member 'ILanguageSupportService.ResolveText(string, IReadOnlyDictionary<string, string>?)' [/Users/kady/Masterdom/src/Masterdom.Platform/Masterdom.Platform.csproj]
/Users/kady/Masterdom/src/Masterdom.Platform/LanguageSupport/ILanguageSupportService.cs(11,12): warning CS1591: Missing XML comment for publicly visible type or member 'ILanguageSupportService.ResolvePluralText(string, long, IReadOnlyDictionary<string, string>?)' [/Users/kady/Masterdom/src/Masterdom.Platform/Masterdom.Platform.csproj]
/Users/kady/Masterdom/src/Masterdom.Platform/LanguageSupport/ILanguageSupportService.cs(13,12): warning CS1591: Missing XML comment for publicly visible type or member 'ILanguageSupportService.FormatDate(DateTime)' [/Users/kady/Masterdom/src/Masterdom.Platform/Masterdom.Platform.csproj]
/Users/kady/Masterdom/src/Masterdom.Platform/LanguageSupport/ILanguageSupportService.cs(15,12): warning CS1591: Missing XML comment for publicly visible type or member 'ILanguageSupportService.FormatTime(TimeOnly)' [/Users/kady/Masterdom/src/Masterdom.Platform/Masterdom.Platform.csproj]
/Users/kady/Masterdom/src/Masterdom.Platform/LanguageSupport/ILanguageSupportService.cs(17,12): warning CS1591: Missing XML comment for publicly visible type or member 'ILanguageSupportService.FormatNumber(decimal)' [/Users/kady/Masterdom/src/Masterdom.Platform/Masterdom.Platform.csproj]
/Users/kady/Masterdom/src/Masterdom.Platform/LanguageSupport/ILanguageSupportService.cs(19,12): warning CS1591: Missing XML comment for publicly visible type or member 'ILanguageSupportService.FormatCurrency(decimal)' [/Users/kady/Masterdom/src/Masterdom.Platform/Masterdom.Platform.csproj]
/Users/kady/Masterdom/src/Masterdom.Platform/LanguageSupport/ILanguageSupportService.cs(21,14): warning CS1591: Missing XML comment for publicly visible type or member 'ILanguageSupportService.ParseDate(string)' [/Users/kady/Masterdom/src/Masterdom.Platform/Masterdom.Platform.csproj]
/Users/kady/Masterdom/src/Masterdom.Platform/LanguageSupport/ILanguageSupportService.cs(23,14): warning CS1591: Missing XML comment for publicly visible type or member 'ILanguageSupportService.ParseTime(string)' [/Users/kady/Masterdom/src/Masterdom.Platform/Masterdom.Platform.csproj]
/Users/kady/Masterdom/src/Masterdom.Platform/LanguageSupport/ILanguageSupportService.cs(25,13): warning CS1591: Missing XML comment for publicly visible type or member 'ILanguageSupportService.ParseNumber(string)' [/Users/kady/Masterdom/src/Masterdom.Platform/Masterdom.Platform.csproj]
/Users/kady/Masterdom/src/Masterdom.Platform/LanguageSupport/InMemoryLanguageResourceProvider.cs(7,21): warning CS1591: Missing XML comment for publicly visible type or member 'InMemoryLanguageResourceProvider' [/Users/kady/Masterdom/src/Masterdom.Platform/Masterdom.Platform.csproj]
/Users/kady/Masterdom/src/Masterdom.Platform/LanguageSupport/InMemoryLanguageResourceProvider.cs(11,12): warning CS1591: Missing XML comment for publicly visible type or member 'InMemoryLanguageResourceProvider.InMemoryLanguageResourceProvider(IReadOnlyDictionary<string, IReadOnlyDictionary<string, string>>?, IBusinessConfigurationCatalog?, ILanguageContextAccessor?, string)' [/Users/kady/Masterdom/src/Masterdom.Platform/Masterdom.Platform.csproj]
/Users/kady/Masterdom/src/Masterdom.Platform/LanguageSupport/InMemoryLanguageResourceProvider.cs(20,19): warning CS1591: Missing XML comment for publicly visible type or member 'InMemoryLanguageResourceProvider.Name' [/Users/kady/Masterdom/src/Masterdom.Platform/Masterdom.Platform.csproj]
/Users/kady/Masterdom/src/Masterdom.Platform/LanguageSupport/InMemoryLanguageResourceProvider.cs(22,17): warning CS1591: Missing XML comment for publicly visible type or member 'InMemoryLanguageResourceProvider.TryGet(string, string, out string)' [/Users/kady/Masterdom/src/Masterdom.Platform/Masterdom.Platform.csproj]
/Users/kady/Masterdom/src/Masterdom.Platform/LanguageSupport/LanguageContext.cs(5,22): warning CS1591: Missing XML comment for publicly visible type or member 'LanguageContext' [/Users/kady/Masterdom/src/Masterdom.Platform/Masterdom.Platform.csproj]
/Users/kady/Masterdom/src/Masterdom.Platform/LanguageSupport/LanguageContext.cs(5,22): warning CS1591: Missing XML comment for publicly visible type or member 'LanguageContext.LanguageContext(LanguageSettings, ConfigurationResolutionRequest, LanguageResourceCatalogReference?)' [/Users/kady/Masterdom/src/Masterdom.Platform/Masterdom.Platform.csproj]
/Users/kady/Masterdom/src/Masterdom.Platform/LanguageSupport/LanguageContext.cs(6,22): warning CS1591: Missing XML comment for publicly visible type or member 'LanguageContext.Settings' [/Users/kady/Masterdom/src/Masterdom.Platform/Masterdom.Platform.csproj]
/Users/kady/Masterdom/src/Masterdom.Platform/LanguageSupport/LanguageContext.cs(7,36): warning CS1591: Missing XML comment for publicly visible type or member 'LanguageContext.ConfigurationRequest' [/Users/kady/Masterdom/src/Masterdom.Platform/Masterdom.Platform.csproj]
/Users/kady/Masterdom/src/Masterdom.Platform/LanguageSupport/LanguageContext.cs(8,39): warning CS1591: Missing XML comment for publicly visible type or member 'LanguageContext.ResourceCatalogReference' [/Users/kady/Masterdom/src/Masterdom.Platform/Masterdom.Platform.csproj]
/Users/kady/Masterdom/src/Masterdom.Platform/LanguageSupport/LanguageResolutionRequest.cs(5,22): warning CS1591: Missing XML comment for publicly visible type or member 'LanguageResolutionRequest' [/Users/kady/Masterdom/src/Masterdom.Platform/Masterdom.Platform.csproj]
/Users/kady/Masterdom/src/Masterdom.Platform/LanguageSupport/LanguageResolutionRequest.cs(5,22): warning CS1591: Missing XML comment for publicly visible type or member 'LanguageResolutionRequest.LanguageResolutionRequest(ConfigurationResolutionRequest, string?, string?, LanguageResourceCatalogReference?)' [/Users/kady/Masterdom/src/Masterdom.Platform/Masterdom.Platform.csproj]
/Users/kady/Masterdom/src/Masterdom.Platform/LanguageSupport/LanguageResolutionRequest.cs(6,36): warning CS1591: Missing XML comment for publicly visible type or member 'LanguageResolutionRequest.ConfigurationRequest' [/Users/kady/Masterdom/src/Masterdom.Platform/Masterdom.Platform.csproj]
/Users/kady/Masterdom/src/Masterdom.Platform/LanguageSupport/LanguageResolutionRequest.cs(7,13): warning CS1591: Missing XML comment for publicly visible type or member 'LanguageResolutionRequest.RequestedCulture' [/Users/kady/Masterdom/src/Masterdom.Platform/Masterdom.Platform.csproj]
/Users/kady/Masterdom/src/Masterdom.Platform/LanguageSupport/LanguageResolutionRequest.cs(8,13): warning CS1591: Missing XML comment for publicly visible type or member 'LanguageResolutionRequest.RequestedLocale' [/Users/kady/Masterdom/src/Masterdom.Platform/Masterdom.Platform.csproj]
/Users/kady/Masterdom/src/Masterdom.Platform/LanguageSupport/LanguageResolutionRequest.cs(9,39): warning CS1591: Missing XML comment for publicly visible type or member 'LanguageResolutionRequest.ResourceCatalogReference' [/Users/kady/Masterdom/src/Masterdom.Platform/Masterdom.Platform.csproj]
/Users/kady/Masterdom/src/Masterdom.Platform/LanguageSupport/LanguageResourceCatalog.cs(3,22): warning CS1591: Missing XML comment for publicly visible type or member 'LanguageResourceCatalog' [/Users/kady/Masterdom/src/Masterdom.Platform/Masterdom.Platform.csproj]
/Users/kady/Masterdom/src/Masterdom.Platform/LanguageSupport/LanguageResourceCatalog.cs(3,22): warning CS1591: Missing XML comment for publicly visible type or member 'LanguageResourceCatalog.LanguageResourceCatalog(IReadOnlyCollection<LanguageResourceEntry>)' [/Users/kady/Masterdom/src/Masterdom.Platform/Masterdom.Platform.csproj]
/Users/kady/Masterdom/src/Masterdom.Platform/LanguageSupport/LanguageResourceCatalog.cs(4,48): warning CS1591: Missing XML comment for publicly visible type or member 'LanguageResourceCatalog.Entries' [/Users/kady/Masterdom/src/Masterdom.Platform/Masterdom.Platform.csproj]
/Users/kady/Masterdom/src/Masterdom.Platform/LanguageSupport/LanguageResourceCatalogReference.cs(5,22): warning CS1591: Missing XML comment for publicly visible type or member 'LanguageResourceCatalogReference' [/Users/kady/Masterdom/src/Masterdom.Platform/Masterdom.Platform.csproj]
/Users/kady/Masterdom/src/Masterdom.Platform/LanguageSupport/LanguageResourceCatalogReference.cs(5,22): warning CS1591: Missing XML comment for publicly visible type or member 'LanguageResourceCatalogReference.LanguageResourceCatalogReference(ConfigurationKey, ConfigurationResolutionRequest)' [/Users/kady/Masterdom/src/Masterdom.Platform/Masterdom.Platform.csproj]
/Users/kady/Masterdom/src/Masterdom.Platform/LanguageSupport/LanguageResourceCatalogReference.cs(6,22): warning CS1591: Missing XML comment for publicly visible type or member 'LanguageResourceCatalogReference.ConfigurationKey' [/Users/kady/Masterdom/src/Masterdom.Platform/Masterdom.Platform.csproj]
/Users/kady/Masterdom/src/Masterdom.Platform/LanguageSupport/LanguageResourceCatalogReference.cs(7,36): warning CS1591: Missing XML comment for publicly visible type or member 'LanguageResourceCatalogReference.ResolutionRequest' [/Users/kady/Masterdom/src/Masterdom.Platform/Masterdom.Platform.csproj]
/Users/kady/Masterdom/src/Masterdom.Platform/LanguageSupport/LanguageResourceEntry.cs(3,22): warning CS1591: Missing XML comment for publicly visible type or member 'LanguageResourceEntry' [/Users/kady/Masterdom/src/Masterdom.Platform/Masterdom.Platform.csproj]
/Users/kady/Masterdom/src/Masterdom.Platform/LanguageSupport/LanguageResourceEntry.cs(3,22): warning CS1591: Missing XML comment for publicly visible type or member 'LanguageResourceEntry.LanguageResourceEntry(string, string, string)' [/Users/kady/Masterdom/src/Masterdom.Platform/Masterdom.Platform.csproj]
/Users/kady/Masterdom/src/Masterdom.Platform/LanguageSupport/LanguageResourceEntry.cs(4,12): warning CS1591: Missing XML comment for publicly visible type or member 'LanguageResourceEntry.Culture' [/Users/kady/Masterdom/src/Masterdom.Platform/Masterdom.Platform.csproj]
/Users/kady/Masterdom/src/Masterdom.Platform/LanguageSupport/LanguageResourceEntry.cs(5,12): warning CS1591: Missing XML comment for publicly visible type or member 'LanguageResourceEntry.Key' [/Users/kady/Masterdom/src/Masterdom.Platform/Masterdom.Platform.csproj]
/Users/kady/Masterdom/src/Masterdom.Platform/LanguageSupport/LanguageResourceEntry.cs(6,12): warning CS1591: Missing XML comment for publicly visible type or member 'LanguageResourceEntry.Value' [/Users/kady/Masterdom/src/Masterdom.Platform/Masterdom.Platform.csproj]
/Users/kady/Masterdom/src/Masterdom.Platform/LanguageSupport/LanguageSettings.cs(3,22): warning CS1591: Missing XML comment for publicly visible type or member 'LanguageSettings' [/Users/kady/Masterdom/src/Masterdom.Platform/Masterdom.Platform.csproj]
/Users/kady/Masterdom/src/Masterdom.Platform/LanguageSupport/LanguageSettings.cs(3,22): warning CS1591: Missing XML comment for publicly visible type or member 'LanguageSettings.LanguageSettings(string, string, IReadOnlyCollection<string>, string, string, string, string, bool)' [/Users/kady/Masterdom/src/Masterdom.Platform/Masterdom.Platform.csproj]
/Users/kady/Masterdom/src/Masterdom.Platform/LanguageSupport/LanguageSettings.cs(4,12): warning CS1591: Missing XML comment for publicly visible type or member 'LanguageSettings.Culture' [/Users/kady/Masterdom/src/Masterdom.Platform/Masterdom.Platform.csproj]
/Users/kady/Masterdom/src/Masterdom.Platform/LanguageSupport/LanguageSettings.cs(5,12): warning CS1591: Missing XML comment for publicly visible type or member 'LanguageSettings.Locale' [/Users/kady/Masterdom/src/Masterdom.Platform/Masterdom.Platform.csproj]
/Users/kady/Masterdom/src/Masterdom.Platform/LanguageSupport/LanguageSettings.cs(6,33): warning CS1591: Missing XML comment for publicly visible type or member 'LanguageSettings.FallbackCultures' [/Users/kady/Masterdom/src/Masterdom.Platform/Masterdom.Platform.csproj]
/Users/kady/Masterdom/src/Masterdom.Platform/LanguageSupport/LanguageSettings.cs(7,12): warning CS1591: Missing XML comment for publicly visible type or member 'LanguageSettings.DateFormat' [/Users/kady/Masterdom/src/Masterdom.Platform/Masterdom.Platform.csproj]
/Users/kady/Masterdom/src/Masterdom.Platform/LanguageSupport/LanguageSettings.cs(8,12): warning CS1591: Missing XML comment for publicly visible type or member 'LanguageSettings.TimeFormat' [/Users/kady/Masterdom/src/Masterdom.Platform/Masterdom.Platform.csproj]
/Users/kady/Masterdom/src/Masterdom.Platform/LanguageSupport/LanguageSettings.cs(9,12): warning CS1591: Missing XML comment for publicly visible type or member 'LanguageSettings.NumberFormat' [/Users/kady/Masterdom/src/Masterdom.Platform/Masterdom.Platform.csproj]
/Users/kady/Masterdom/src/Masterdom.Platform/LanguageSupport/LanguageSettings.cs(10,12): warning CS1591: Missing XML comment for publicly visible type or member 'LanguageSettings.CurrencyFormat' [/Users/kady/Masterdom/src/Masterdom.Platform/Masterdom.Platform.csproj]
/Users/kady/Masterdom/src/Masterdom.Platform/LanguageSupport/LanguageSettings.cs(11,10): warning CS1591: Missing XML comment for publicly visible type or member 'LanguageSettings.UseTwentyFourHourTime' [/Users/kady/Masterdom/src/Masterdom.Platform/Masterdom.Platform.csproj]
/Users/kady/Masterdom/src/Masterdom.Platform/LanguageSupport/LanguageSettings.cs(13,36): warning CS1591: Missing XML comment for publicly visible type or member 'LanguageSettings.EnglishBaseline()' [/Users/kady/Masterdom/src/Masterdom.Platform/Masterdom.Platform.csproj]
/Users/kady/Masterdom/src/Masterdom.Platform/Metadata/IMetadataCatalog.cs(10,39): warning CS1591: Missing XML comment for publicly visible type or member 'IMetadataCatalog.Definitions' [/Users/kady/Masterdom/src/Masterdom.Platform/Masterdom.Platform.csproj]
/Users/kady/Masterdom/src/Masterdom.Platform/Metadata/IMetadataRegistry.cs(10,10): warning CS1591: Missing XML comment for publicly visible type or member 'IMetadataRegistry.ReplaceAll(IReadOnlyList<MetadataDefinition>)' [/Users/kady/Masterdom/src/Masterdom.Platform/Masterdom.Platform.csproj]
/Users/kady/Masterdom/src/Masterdom.Platform/Metadata/IMetadataRegistry.cs(12,10): warning CS1591: Missing XML comment for publicly visible type or member 'IMetadataRegistry.RegisterRange(IReadOnlyList<MetadataDefinition>)' [/Users/kady/Masterdom/src/Masterdom.Platform/Masterdom.Platform.csproj]
/Users/kady/Masterdom/src/Masterdom.Platform/Metadata/IMetadataRegistry.cs(14,22): warning CS1591: Missing XML comment for publicly visible type or member 'IMetadataRegistry.GetCatalog()' [/Users/kady/Masterdom/src/Masterdom.Platform/Masterdom.Platform.csproj]
/Users/kady/Masterdom/src/Masterdom.Platform/Metadata/IMetadataRepository.cs(10,39): warning CS1591: Missing XML comment for publicly visible type or member 'IMetadataRepository.GetAll()' [/Users/kady/Masterdom/src/Masterdom.Platform/Masterdom.Platform.csproj]
/Users/kady/Masterdom/src/Masterdom.Platform/Metadata/IMetadataResolver.cs(11,24): warning CS1591: Missing XML comment for publicly visible type or member 'IMetadataResolver.Resolve(MetadataKey, MetadataScope, DateTime)' [/Users/kady/Masterdom/src/Masterdom.Platform/Masterdom.Platform.csproj]
/Users/kady/Masterdom/src/Masterdom.Platform/Metadata/IMetadataResolver.cs(16,39): warning CS1591: Missing XML comment for publicly visible type or member 'IMetadataResolver.ResolveInheritanceChain(MetadataId, DateTime)' [/Users/kady/Masterdom/src/Masterdom.Platform/Masterdom.Platform.csproj]
/Users/kady/Masterdom/src/Masterdom.Platform/Metadata/InMemoryMetadataRepository.cs(14,12): warning CS1591: Missing XML comment for publicly visible type or member 'InMemoryMetadataRepository.InMemoryMetadataRepository(IReadOnlyList<MetadataDefinition>?)' [/Users/kady/Masterdom/src/Masterdom.Platform/Masterdom.Platform.csproj]
/Users/kady/Masterdom/src/Masterdom.Platform/Metadata/InMemoryMetadataRepository.cs(19,46): warning CS1591: Missing XML comment for publicly visible type or member 'InMemoryMetadataRepository.GetAll()' [/Users/kady/Masterdom/src/Masterdom.Platform/Masterdom.Platform.csproj]
/Users/kady/Masterdom/src/Masterdom.Platform/Metadata/InMemoryMetadataRepository.cs(24,17): warning CS1591: Missing XML comment for publicly visible type or member 'InMemoryMetadataRepository.ReplaceAll(IReadOnlyList<MetadataDefinition>)' [/Users/kady/Masterdom/src/Masterdom.Platform/Masterdom.Platform.csproj]
/Users/kady/Masterdom/src/Masterdom.Platform/Metadata/MetadataCatalog.cs(12,12): warning CS1591: Missing XML comment for publicly visible type or member 'MetadataCatalog.MetadataCatalog(IEnumerable<MetadataDefinition>)' [/Users/kady/Masterdom/src/Masterdom.Platform/Masterdom.Platform.csproj]
/Users/kady/Masterdom/src/Masterdom.Platform/Metadata/MetadataCatalog.cs(19,46): warning CS1591: Missing XML comment for publicly visible type or member 'MetadataCatalog.Definitions' [/Users/kady/Masterdom/src/Masterdom.Platform/Masterdom.Platform.csproj]
/Users/kady/Masterdom/src/Masterdom.Platform/Metadata/MetadataCatalogBuilder.cs(12,53): warning CS1591: Missing XML comment for publicly visible type or member 'MetadataCatalogBuilder.BuildFromCatalog(IEnumerable<ModuleCatalogEntry>, DateTime?)' [/Users/kady/Masterdom/src/Masterdom.Platform/Masterdom.Platform.csproj]
/Users/kady/Masterdom/src/Masterdom.Platform/Metadata/MetadataCategory.cs(8,5): warning CS1591: Missing XML comment for publicly visible type or member 'MetadataCategory.Module' [/Users/kady/Masterdom/src/Masterdom.Platform/Masterdom.Platform.csproj]
/Users/kady/Masterdom/src/Masterdom.Platform/Metadata/MetadataCategory.cs(9,5): warning CS1591: Missing XML comment for publicly visible type or member 'MetadataCategory.Aggregate' [/Users/kady/Masterdom/src/Masterdom.Platform/Masterdom.Platform.csproj]
/Users/kady/Masterdom/src/Masterdom.Platform/Metadata/MetadataCategory.cs(10,5): warning CS1591: Missing XML comment for publicly visible type or member 'MetadataCategory.Entity' [/Users/kady/Masterdom/src/Masterdom.Platform/Masterdom.Platform.csproj]
/Users/kady/Masterdom/src/Masterdom.Platform/Metadata/MetadataCategory.cs(11,5): warning CS1591: Missing XML comment for publicly visible type or member 'MetadataCategory.Property' [/Users/kady/Masterdom/src/Masterdom.Platform/Masterdom.Platform.csproj]
/Users/kady/Masterdom/src/Masterdom.Platform/Metadata/MetadataCategory.cs(12,5): warning CS1591: Missing XML comment for publicly visible type or member 'MetadataCategory.Field' [/Users/kady/Masterdom/src/Masterdom.Platform/Masterdom.Platform.csproj]
/Users/kady/Masterdom/src/Masterdom.Platform/Metadata/MetadataCategory.cs(13,5): warning CS1591: Missing XML comment for publicly visible type or member 'MetadataCategory.Enumeration' [/Users/kady/Masterdom/src/Masterdom.Platform/Masterdom.Platform.csproj]
/Users/kady/Masterdom/src/Masterdom.Platform/Metadata/MetadataCategory.cs(14,5): warning CS1591: Missing XML comment for publicly visible type or member 'MetadataCategory.Validation' [/Users/kady/Masterdom/src/Masterdom.Platform/Masterdom.Platform.csproj]
/Users/kady/Masterdom/src/Masterdom.Platform/Metadata/MetadataCategory.cs(15,5): warning CS1591: Missing XML comment for publicly visible type or member 'MetadataCategory.Ui' [/Users/kady/Masterdom/src/Masterdom.Platform/Masterdom.Platform.csproj]
/Users/kady/Masterdom/src/Masterdom.Platform/Metadata/MetadataCategory.cs(16,5): warning CS1591: Missing XML comment for publicly visible type or member 'MetadataCategory.Reporting' [/Users/kady/Masterdom/src/Masterdom.Platform/Masterdom.Platform.csproj]
/Users/kady/Masterdom/src/Masterdom.Platform/Metadata/MetadataCategory.cs(17,5): warning CS1591: Missing XML comment for publicly visible type or member 'MetadataCategory.Search' [/Users/kady/Masterdom/src/Masterdom.Platform/Masterdom.Platform.csproj]
/Users/kady/Masterdom/src/Masterdom.Platform/Metadata/MetadataDefinition.cs(10,12): warning CS1591: Missing XML comment for publicly visible type or member 'MetadataDefinition.MetadataDefinition(MetadataId, MetadataKey, MetadataCategory, MetadataScope, MetadataVersion, MetadataEffectivePeriod, string, string?, MetadataId?, bool, MetadataKey?, string?, string, DateTime)' [/Users/kady/Masterdom/src/Masterdom.Platform/Masterdom.Platform.csproj]
/Users/kady/Masterdom/src/Masterdom.Platform/Metadata/MetadataDefinition.cs(64,23): warning CS1591: Missing XML comment for publicly visible type or member 'MetadataDefinition.Id' [/Users/kady/Masterdom/src/Masterdom.Platform/Masterdom.Platform.csproj]
/Users/kady/Masterdom/src/Masterdom.Platform/Metadata/MetadataDefinition.cs(66,24): warning CS1591: Missing XML comment for publicly visible type or member 'MetadataDefinition.Key' [/Users/kady/Masterdom/src/Masterdom.Platform/Masterdom.Platform.csproj]
/Users/kady/Masterdom/src/Masterdom.Platform/Metadata/MetadataDefinition.cs(68,29): warning CS1591: Missing XML comment for publicly visible type or member 'MetadataDefinition.Category' [/Users/kady/Masterdom/src/Masterdom.Platform/Masterdom.Platform.csproj]
/Users/kady/Masterdom/src/Masterdom.Platform/Metadata/MetadataDefinition.cs(70,26): warning CS1591: Missing XML comment for publicly visible type or member 'MetadataDefinition.Scope' [/Users/kady/Masterdom/src/Masterdom.Platform/Masterdom.Platform.csproj]
/Users/kady/Masterdom/src/Masterdom.Platform/Metadata/MetadataDefinition.cs(72,28): warning CS1591: Missing XML comment for publicly visible type or member 'MetadataDefinition.Version' [/Users/kady/Masterdom/src/Masterdom.Platform/Masterdom.Platform.csproj]
/Users/kady/Masterdom/src/Masterdom.Platform/Metadata/MetadataDefinition.cs(74,36): warning CS1591: Missing XML comment for publicly visible type or member 'MetadataDefinition.Period' [/Users/kady/Masterdom/src/Masterdom.Platform/Masterdom.Platform.csproj]
/Users/kady/Masterdom/src/Masterdom.Platform/Metadata/MetadataDefinition.cs(76,19): warning CS1591: Missing XML comment for publicly visible type or member 'MetadataDefinition.Name' [/Users/kady/Masterdom/src/Masterdom.Platform/Masterdom.Platform.csproj]
/Users/kady/Masterdom/src/Masterdom.Platform/Metadata/MetadataDefinition.cs(78,20): warning CS1591: Missing XML comment for publicly visible type or member 'MetadataDefinition.Description' [/Users/kady/Masterdom/src/Masterdom.Platform/Masterdom.Platform.csproj]
/Users/kady/Masterdom/src/Masterdom.Platform/Metadata/MetadataDefinition.cs(80,24): warning CS1591: Missing XML comment for publicly visible type or member 'MetadataDefinition.ParentId' [/Users/kady/Masterdom/src/Masterdom.Platform/Masterdom.Platform.csproj]
/Users/kady/Masterdom/src/Masterdom.Platform/Metadata/MetadataDefinition.cs(82,17): warning CS1591: Missing XML comment for publicly visible type or member 'MetadataDefinition.IsDeprecated' [/Users/kady/Masterdom/src/Masterdom.Platform/Masterdom.Platform.csproj]
/Users/kady/Masterdom/src/Masterdom.Platform/Metadata/MetadataDefinition.cs(84,25): warning CS1591: Missing XML comment for publicly visible type or member 'MetadataDefinition.ReplacedByKey' [/Users/kady/Masterdom/src/Masterdom.Platform/Masterdom.Platform.csproj]
/Users/kady/Masterdom/src/Masterdom.Platform/Metadata/MetadataDefinition.cs(86,20): warning CS1591: Missing XML comment for publicly visible type or member 'MetadataDefinition.Compatibility' [/Users/kady/Masterdom/src/Masterdom.Platform/Masterdom.Platform.csproj]
/Users/kady/Masterdom/src/Masterdom.Platform/Metadata/MetadataDefinition.cs(88,19): warning CS1591: Missing XML comment for publicly visible type or member 'MetadataDefinition.ChangedBy' [/Users/kady/Masterdom/src/Masterdom.Platform/Masterdom.Platform.csproj]
/Users/kady/Masterdom/src/Masterdom.Platform/Metadata/MetadataDefinition.cs(90,21): warning CS1591: Missing XML comment for publicly visible type or member 'MetadataDefinition.ChangedAtUtc' [/Users/kady/Masterdom/src/Masterdom.Platform/Masterdom.Platform.csproj]
/Users/kady/Masterdom/src/Masterdom.Platform/Metadata/MetadataEffectivePeriod.cs(10,12): warning CS1591: Missing XML comment for publicly visible type or member 'MetadataEffectivePeriod.MetadataEffectivePeriod(DateTime, DateTime?)' [/Users/kady/Masterdom/src/Masterdom.Platform/Masterdom.Platform.csproj]
/Users/kady/Masterdom/src/Masterdom.Platform/Metadata/MetadataEffectivePeriod.cs(34,21): warning CS1591: Missing XML comment for publicly visible type or member 'MetadataEffectivePeriod.EffectiveFromUtc' [/Users/kady/Masterdom/src/Masterdom.Platform/Masterdom.Platform.csproj]
/Users/kady/Masterdom/src/Masterdom.Platform/Metadata/MetadataEffectivePeriod.cs(36,22): warning CS1591: Missing XML comment for publicly visible type or member 'MetadataEffectivePeriod.EffectiveToUtc' [/Users/kady/Masterdom/src/Masterdom.Platform/Masterdom.Platform.csproj]
/Users/kady/Masterdom/src/Masterdom.Platform/Metadata/MetadataEffectivePeriod.cs(38,17): warning CS1591: Missing XML comment for publicly visible type or member 'MetadataEffectivePeriod.IsEffectiveAt(DateTime)' [/Users/kady/Masterdom/src/Masterdom.Platform/Masterdom.Platform.csproj]
/Users/kady/Masterdom/src/Masterdom.Platform/Metadata/MetadataId.cs(10,12): warning CS1591: Missing XML comment for publicly visible type or member 'MetadataId.MetadataId(Guid)' [/Users/kady/Masterdom/src/Masterdom.Platform/Masterdom.Platform.csproj]
/Users/kady/Masterdom/src/Masterdom.Platform/Metadata/MetadataId.cs(21,17): warning CS1591: Missing XML comment for publicly visible type or member 'MetadataId.Value' [/Users/kady/Masterdom/src/Masterdom.Platform/Masterdom.Platform.csproj]
/Users/kady/Masterdom/src/Masterdom.Platform/Metadata/MetadataKey.cs(10,12): warning CS1591: Missing XML comment for publicly visible type or member 'MetadataKey.MetadataKey(string)' [/Users/kady/Masterdom/src/Masterdom.Platform/Masterdom.Platform.csproj]
/Users/kady/Masterdom/src/Masterdom.Platform/Metadata/MetadataKey.cs(21,19): warning CS1591: Missing XML comment for publicly visible type or member 'MetadataKey.Value' [/Users/kady/Masterdom/src/Masterdom.Platform/Masterdom.Platform.csproj]
/Users/kady/Masterdom/src/Masterdom.Platform/Metadata/MetadataKey.cs(23,17): warning CS1591: Missing XML comment for publicly visible type or member 'MetadataKey.Equals(MetadataKey?)' [/Users/kady/Masterdom/src/Masterdom.Platform/Masterdom.Platform.csproj]
/Users/kady/Masterdom/src/Masterdom.Platform/Metadata/MetadataKey.cs(33,26): warning CS1591: Missing XML comment for publicly visible type or member 'MetadataKey.Equals(object?)' [/Users/kady/Masterdom/src/Masterdom.Platform/Masterdom.Platform.csproj]
/Users/kady/Masterdom/src/Masterdom.Platform/Metadata/MetadataKey.cs(38,25): warning CS1591: Missing XML comment for publicly visible type or member 'MetadataKey.GetHashCode()' [/Users/kady/Masterdom/src/Masterdom.Platform/Masterdom.Platform.csproj]
/Users/kady/Masterdom/src/Masterdom.Platform/Metadata/MetadataKey.cs(43,28): warning CS1591: Missing XML comment for publicly visible type or member 'MetadataKey.ToString()' [/Users/kady/Masterdom/src/Masterdom.Platform/Masterdom.Platform.csproj]
/Users/kady/Masterdom/src/Masterdom.Platform/Metadata/MetadataRegistry.cs(14,12): warning CS1591: Missing XML comment for publicly visible type or member 'MetadataRegistry.MetadataRegistry(IMetadataRepository?)' [/Users/kady/Masterdom/src/Masterdom.Platform/Masterdom.Platform.csproj]
/Users/kady/Masterdom/src/Masterdom.Platform/Metadata/MetadataRegistry.cs(20,17): warning CS1591: Missing XML comment for publicly visible type or member 'MetadataRegistry.ReplaceAll(IReadOnlyList<MetadataDefinition>)' [/Users/kady/Masterdom/src/Masterdom.Platform/Masterdom.Platform.csproj]
/Users/kady/Masterdom/src/Masterdom.Platform/Metadata/MetadataRegistry.cs(29,17): warning CS1591: Missing XML comment for publicly visible type or member 'MetadataRegistry.RegisterRange(IReadOnlyList<MetadataDefinition>)' [/Users/kady/Masterdom/src/Masterdom.Platform/Masterdom.Platform.csproj]
/Users/kady/Masterdom/src/Masterdom.Platform/Metadata/MetadataRegistry.cs(42,29): warning CS1591: Missing XML comment for publicly visible type or member 'MetadataRegistry.GetCatalog()' [/Users/kady/Masterdom/src/Masterdom.Platform/Masterdom.Platform.csproj]
/Users/kady/Masterdom/src/Masterdom.Platform/Metadata/MetadataResolver.cs(14,12): warning CS1591: Missing XML comment for publicly visible type or member 'MetadataResolver.MetadataResolver(IMetadataRepository)' [/Users/kady/Masterdom/src/Masterdom.Platform/Masterdom.Platform.csproj]
/Users/kady/Masterdom/src/Masterdom.Platform/Metadata/MetadataResolver.cs(19,31): warning CS1591: Missing XML comment for publicly visible type or member 'MetadataResolver.Resolve(MetadataKey, MetadataScope, DateTime)' [/Users/kady/Masterdom/src/Masterdom.Platform/Masterdom.Platform.csproj]
/Users/kady/Masterdom/src/Masterdom.Platform/Metadata/MetadataResolver.cs(51,46): warning CS1591: Missing XML comment for publicly visible type or member 'MetadataResolver.ResolveInheritanceChain(MetadataId, DateTime)' [/Users/kady/Masterdom/src/Masterdom.Platform/Masterdom.Platform.csproj]
/Users/kady/Masterdom/src/Masterdom.Platform/Metadata/MetadataScope.cs(16,30): warning CS1591: Missing XML comment for publicly visible type or member 'MetadataScope.Kind' [/Users/kady/Masterdom/src/Masterdom.Platform/Masterdom.Platform.csproj]
/Users/kady/Masterdom/src/Masterdom.Platform/Metadata/MetadataScope.cs(18,20): warning CS1591: Missing XML comment for publicly visible type or member 'MetadataScope.Identifier' [/Users/kady/Masterdom/src/Masterdom.Platform/Masterdom.Platform.csproj]
/Users/kady/Masterdom/src/Masterdom.Platform/Metadata/MetadataScope.cs(20,33): warning CS1591: Missing XML comment for publicly visible type or member 'MetadataScope.Global()' [/Users/kady/Masterdom/src/Masterdom.Platform/Masterdom.Platform.csproj]
/Users/kady/Masterdom/src/Masterdom.Platform/Metadata/MetadataScope.cs(25,33): warning CS1591: Missing XML comment for publicly visible type or member 'MetadataScope.Module(string)' [/Users/kady/Masterdom/src/Masterdom.Platform/Masterdom.Platform.csproj]
/Users/kady/Masterdom/src/Masterdom.Platform/Metadata/MetadataScope.cs(30,33): warning CS1591: Missing XML comment for publicly visible type or member 'MetadataScope.Aggregate(string)' [/Users/kady/Masterdom/src/Masterdom.Platform/Masterdom.Platform.csproj]
/Users/kady/Masterdom/src/Masterdom.Platform/Metadata/MetadataScope.cs(35,33): warning CS1591: Missing XML comment for publicly visible type or member 'MetadataScope.Entity(string)' [/Users/kady/Masterdom/src/Masterdom.Platform/Masterdom.Platform.csproj]
/Users/kady/Masterdom/src/Masterdom.Platform/Metadata/MetadataScope.cs(40,33): warning CS1591: Missing XML comment for publicly visible type or member 'MetadataScope.Property(string)' [/Users/kady/Masterdom/src/Masterdom.Platform/Masterdom.Platform.csproj]
/Users/kady/Masterdom/src/Masterdom.Platform/Metadata/MetadataScope.cs(45,33): warning CS1591: Missing XML comment for publicly visible type or member 'MetadataScope.Field(string)' [/Users/kady/Masterdom/src/Masterdom.Platform/Masterdom.Platform.csproj]
/Users/kady/Masterdom/src/Masterdom.Platform/Metadata/MetadataScope.cs(50,33): warning CS1591: Missing XML comment for publicly visible type or member 'MetadataScope.Enumeration(string)' [/Users/kady/Masterdom/src/Masterdom.Platform/Masterdom.Platform.csproj]
/Users/kady/Masterdom/src/Masterdom.Platform/Metadata/MetadataScope.cs(55,33): warning CS1591: Missing XML comment for publicly visible type or member 'MetadataScope.Create(MetadataScopeKind, string?)' [/Users/kady/Masterdom/src/Masterdom.Platform/Masterdom.Platform.csproj]
/Users/kady/Masterdom/src/Masterdom.Platform/Metadata/MetadataScope.cs(77,17): warning CS1591: Missing XML comment for publicly visible type or member 'MetadataScope.Equals(MetadataScope?)' [/Users/kady/Masterdom/src/Masterdom.Platform/Masterdom.Platform.csproj]
/Users/kady/Masterdom/src/Masterdom.Platform/Metadata/MetadataScope.cs(88,26): warning CS1591: Missing XML comment for publicly visible type or member 'MetadataScope.Equals(object?)' [/Users/kady/Masterdom/src/Masterdom.Platform/Masterdom.Platform.csproj]
/Users/kady/Masterdom/src/Masterdom.Platform/Metadata/MetadataScope.cs(93,25): warning CS1591: Missing XML comment for publicly visible type or member 'MetadataScope.GetHashCode()' [/Users/kady/Masterdom/src/Masterdom.Platform/Masterdom.Platform.csproj]
/Users/kady/Masterdom/src/Masterdom.Platform/Metadata/MetadataScope.cs(100,28): warning CS1591: Missing XML comment for publicly visible type or member 'MetadataScope.ToString()' [/Users/kady/Masterdom/src/Masterdom.Platform/Masterdom.Platform.csproj]
/Users/kady/Masterdom/src/Masterdom.Platform/Metadata/MetadataScopeKind.cs(8,5): warning CS1591: Missing XML comment for publicly visible type or member 'MetadataScopeKind.Global' [/Users/kady/Masterdom/src/Masterdom.Platform/Masterdom.Platform.csproj]
/Users/kady/Masterdom/src/Masterdom.Platform/Metadata/MetadataScopeKind.cs(9,5): warning CS1591: Missing XML comment for publicly visible type or member 'MetadataScopeKind.Module' [/Users/kady/Masterdom/src/Masterdom.Platform/Masterdom.Platform.csproj]
/Users/kady/Masterdom/src/Masterdom.Platform/Metadata/MetadataScopeKind.cs(10,5): warning CS1591: Missing XML comment for publicly visible type or member 'MetadataScopeKind.Aggregate' [/Users/kady/Masterdom/src/Masterdom.Platform/Masterdom.Platform.csproj]
/Users/kady/Masterdom/src/Masterdom.Platform/Metadata/MetadataScopeKind.cs(11,5): warning CS1591: Missing XML comment for publicly visible type or member 'MetadataScopeKind.Entity' [/Users/kady/Masterdom/src/Masterdom.Platform/Masterdom.Platform.csproj]
/Users/kady/Masterdom/src/Masterdom.Platform/Metadata/MetadataScopeKind.cs(12,5): warning CS1591: Missing XML comment for publicly visible type or member 'MetadataScopeKind.Property' [/Users/kady/Masterdom/src/Masterdom.Platform/Masterdom.Platform.csproj]
/Users/kady/Masterdom/src/Masterdom.Platform/Metadata/MetadataScopeKind.cs(13,5): warning CS1591: Missing XML comment for publicly visible type or member 'MetadataScopeKind.Field' [/Users/kady/Masterdom/src/Masterdom.Platform/Masterdom.Platform.csproj]
/Users/kady/Masterdom/src/Masterdom.Platform/Metadata/MetadataScopeKind.cs(14,5): warning CS1591: Missing XML comment for publicly visible type or member 'MetadataScopeKind.Enumeration' [/Users/kady/Masterdom/src/Masterdom.Platform/Masterdom.Platform.csproj]
/Users/kady/Masterdom/src/Masterdom.Platform/Metadata/MetadataValidation.cs(12,24): warning CS1591: Missing XML comment for publicly visible type or member 'MetadataValidation.ValidateAll(IReadOnlyList<MetadataDefinition>)' [/Users/kady/Masterdom/src/Masterdom.Platform/Masterdom.Platform.csproj]
/Users/kady/Masterdom/src/Masterdom.Platform/Metadata/MetadataValidationException.cs(10,12): warning CS1591: Missing XML comment for publicly visible type or member 'MetadataValidationException.MetadataValidationException(string)' [/Users/kady/Masterdom/src/Masterdom.Platform/Masterdom.Platform.csproj]
/Users/kady/Masterdom/src/Masterdom.Platform/Metadata/MetadataVersion.cs(8,12): warning CS1591: Missing XML comment for publicly visible type or member 'MetadataVersion.MetadataVersion(int)' [/Users/kady/Masterdom/src/Masterdom.Platform/Masterdom.Platform.csproj]
/Users/kady/Masterdom/src/Masterdom.Platform/Metadata/MetadataVersion.cs(19,16): warning CS1591: Missing XML comment for publicly visible type or member 'MetadataVersion.Value' [/Users/kady/Masterdom/src/Masterdom.Platform/Masterdom.Platform.csproj]
/Users/kady/Masterdom/src/Masterdom.Platform/Modules/ModuleCatalogValidationException.cs(10,12): warning CS1591: Missing XML comment for publicly visible type or member 'ModuleCatalogValidationException.ModuleCatalogValidationException(string)' [/Users/kady/Masterdom/src/Masterdom.Platform/Masterdom.Platform.csproj]
/Users/kady/Masterdom/src/Masterdom.Platform/Modules/ModuleValidationException.cs(10,12): warning CS1591: Missing XML comment for publicly visible type or member 'ModuleValidationException.ModuleValidationException(string)' [/Users/kady/Masterdom/src/Masterdom.Platform/Masterdom.Platform.csproj]
/Users/kady/Masterdom/src/Masterdom.Platform/Notifications/INotificationChannelResolver.cs(3,18): warning CS1591: Missing XML comment for publicly visible type or member 'INotificationChannelResolver' [/Users/kady/Masterdom/src/Masterdom.Platform/Masterdom.Platform.csproj]
/Users/kady/Masterdom/src/Masterdom.Platform/Notifications/INotificationChannelResolver.cs(5,33): warning CS1591: Missing XML comment for publicly visible type or member 'INotificationChannelResolver.ResolveChannels(NotificationRegistration, IReadOnlyCollection<string>, bool)' [/Users/kady/Masterdom/src/Masterdom.Platform/Masterdom.Platform.csproj]
/Users/kady/Masterdom/src/Masterdom.Platform/Notifications/INotificationDeliveryProcessor.cs(3,18): warning CS1591: Missing XML comment for publicly visible type or member 'INotificationDeliveryProcessor' [/Users/kady/Masterdom/src/Masterdom.Platform/Masterdom.Platform.csproj]
/Users/kady/Masterdom/src/Masterdom.Platform/Notifications/INotificationDeliveryProcessor.cs(5,26): warning CS1591: Missing XML comment for publicly visible type or member 'INotificationDeliveryProcessor.Deliver(NotificationDeliveryEnvelope)' [/Users/kady/Masterdom/src/Masterdom.Platform/Masterdom.Platform.csproj]
/Users/kady/Masterdom/src/Masterdom.Platform/Notifications/INotificationDeliveryQueue.cs(3,18): warning CS1591: Missing XML comment for publicly visible type or member 'INotificationDeliveryQueue' [/Users/kady/Masterdom/src/Masterdom.Platform/Masterdom.Platform.csproj]
/Users/kady/Masterdom/src/Masterdom.Platform/Notifications/INotificationDeliveryQueue.cs(5,10): warning CS1591: Missing XML comment for publicly visible type or member 'INotificationDeliveryQueue.Enqueue(NotificationDeliveryEnvelope)' [/Users/kady/Masterdom/src/Masterdom.Platform/Masterdom.Platform.csproj]
/Users/kady/Masterdom/src/Masterdom.Platform/Notifications/INotificationDeliveryQueue.cs(7,35): warning CS1591: Missing XML comment for publicly visible type or member 'INotificationDeliveryQueue.Dequeue()' [/Users/kady/Masterdom/src/Masterdom.Platform/Masterdom.Platform.csproj]
/Users/kady/Masterdom/src/Masterdom.Platform/Notifications/INotificationGenerationEngine.cs(3,18): warning CS1591: Missing XML comment for publicly visible type or member 'INotificationGenerationEngine' [/Users/kady/Masterdom/src/Masterdom.Platform/Masterdom.Platform.csproj]
/Users/kady/Masterdom/src/Masterdom.Platform/Notifications/INotificationGenerationEngine.cs(5,34): warning CS1591: Missing XML comment for publicly visible type or member 'INotificationGenerationEngine.Generate(NotificationRegistration, Guid, DateTime, IReadOnlyDictionary<string, string>, DateTime?)' [/Users/kady/Masterdom/src/Masterdom.Platform/Masterdom.Platform.csproj]
/Users/kady/Masterdom/src/Masterdom.Platform/Notifications/INotificationRecipientResolver.cs(3,18): warning CS1591: Missing XML comment for publicly visible type or member 'INotificationRecipientResolver' [/Users/kady/Masterdom/src/Masterdom.Platform/Masterdom.Platform.csproj]
/Users/kady/Masterdom/src/Masterdom.Platform/Notifications/INotificationRecipientResolver.cs(5,10): warning CS1591: Missing XML comment for publicly visible type or member 'INotificationRecipientResolver.Resolve(string, Guid, IReadOnlyDictionary<string, string>)' [/Users/kady/Masterdom/src/Masterdom.Platform/Masterdom.Platform.csproj]
/Users/kady/Masterdom/src/Masterdom.Platform/Notifications/INotificationRegistry.cs(3,18): warning CS1591: Missing XML comment for publicly visible type or member 'INotificationRegistry' [/Users/kady/Masterdom/src/Masterdom.Platform/Masterdom.Platform.csproj]
/Users/kady/Masterdom/src/Masterdom.Platform/Notifications/INotificationRegistry.cs(5,30): warning CS1591: Missing XML comment for publicly visible type or member 'INotificationRegistry.Resolve(string)' [/Users/kady/Masterdom/src/Masterdom.Platform/Masterdom.Platform.csproj]
/Users/kady/Masterdom/src/Masterdom.Platform/Notifications/INotificationRegistry.cs(7,51): warning CS1591: Missing XML comment for publicly visible type or member 'INotificationRegistry.GetAll()' [/Users/kady/Masterdom/src/Masterdom.Platform/Masterdom.Platform.csproj]
/Users/kady/Masterdom/src/Masterdom.Platform/Notifications/INotificationTemplateRenderer.cs(3,18): warning CS1591: Missing XML comment for publicly visible type or member 'INotificationTemplateRenderer' [/Users/kady/Masterdom/src/Masterdom.Platform/Masterdom.Platform.csproj]
/Users/kady/Masterdom/src/Masterdom.Platform/Notifications/INotificationTemplateRenderer.cs(5,12): warning CS1591: Missing XML comment for publicly visible type or member 'INotificationTemplateRenderer.Render(string, IReadOnlyDictionary<string, string>)' [/Users/kady/Masterdom/src/Masterdom.Platform/Masterdom.Platform.csproj]
/Users/kady/Masterdom/src/Masterdom.Platform/Notifications/NotificationDeliveryEnvelope.cs(3,22): warning CS1591: Missing XML comment for publicly visible type or member 'NotificationDeliveryEnvelope' [/Users/kady/Masterdom/src/Masterdom.Platform/Masterdom.Platform.csproj]
/Users/kady/Masterdom/src/Masterdom.Platform/Notifications/NotificationDeliveryEnvelope.cs(3,22): warning CS1591: Missing XML comment for publicly visible type or member 'NotificationDeliveryEnvelope.NotificationDeliveryEnvelope(NotificationInstance, int, int)' [/Users/kady/Masterdom/src/Masterdom.Platform/Masterdom.Platform.csproj]
/Users/kady/Masterdom/src/Masterdom.Platform/Notifications/NotificationDeliveryEnvelope.cs(4,26): warning CS1591: Missing XML comment for publicly visible type or member 'NotificationDeliveryEnvelope.Instance' [/Users/kady/Masterdom/src/Masterdom.Platform/Masterdom.Platform.csproj]
/Users/kady/Masterdom/src/Masterdom.Platform/Notifications/NotificationDeliveryEnvelope.cs(5,9): warning CS1591: Missing XML comment for publicly visible type or member 'NotificationDeliveryEnvelope.MaxAttempts' [/Users/kady/Masterdom/src/Masterdom.Platform/Masterdom.Platform.csproj]
/Users/kady/Masterdom/src/Masterdom.Platform/Notifications/NotificationDeliveryEnvelope.cs(6,9): warning CS1591: Missing XML comment for publicly visible type or member 'NotificationDeliveryEnvelope.RetryDelaySeconds' [/Users/kady/Masterdom/src/Masterdom.Platform/Masterdom.Platform.csproj]
/Users/kady/Masterdom/src/Masterdom.Platform/Notifications/NotificationInstance.cs(3,22): warning CS1591: Missing XML comment for publicly visible type or member 'NotificationInstance' [/Users/kady/Masterdom/src/Masterdom.Platform/Masterdom.Platform.csproj]
/Users/kady/Masterdom/src/Masterdom.Platform/Notifications/NotificationInstance.cs(3,22): warning CS1591: Missing XML comment for publicly visible type or member 'NotificationInstance.NotificationInstance(string, string, Guid, string, string, IReadOnlyCollection<string>, string, string, DateTime, int, bool, string)' [/Users/kady/Masterdom/src/Masterdom.Platform/Masterdom.Platform.csproj]
/Users/kady/Masterdom/src/Masterdom.Platform/Notifications/NotificationInstance.cs(4,12): warning CS1591: Missing XML comment for publicly visible type or member 'NotificationInstance.NotificationId' [/Users/kady/Masterdom/src/Masterdom.Platform/Masterdom.Platform.csproj]
/Users/kady/Masterdom/src/Masterdom.Platform/Notifications/NotificationInstance.cs(5,12): warning CS1591: Missing XML comment for publicly visible type or member 'NotificationInstance.EventCode' [/Users/kady/Masterdom/src/Masterdom.Platform/Masterdom.Platform.csproj]
/Users/kady/Masterdom/src/Masterdom.Platform/Notifications/NotificationInstance.cs(6,10): warning CS1591: Missing XML comment for publicly visible type or member 'NotificationInstance.RecipientId' [/Users/kady/Masterdom/src/Masterdom.Platform/Masterdom.Platform.csproj]
/Users/kady/Masterdom/src/Masterdom.Platform/Notifications/NotificationInstance.cs(7,12): warning CS1591: Missing XML comment for publicly visible type or member 'NotificationInstance.Subject' [/Users/kady/Masterdom/src/Masterdom.Platform/Masterdom.Platform.csproj]
/Users/kady/Masterdom/src/Masterdom.Platform/Notifications/NotificationInstance.cs(8,12): warning CS1591: Missing XML comment for publicly visible type or member 'NotificationInstance.Body' [/Users/kady/Masterdom/src/Masterdom.Platform/Masterdom.Platform.csproj]
/Users/kady/Masterdom/src/Masterdom.Platform/Notifications/NotificationInstance.cs(9,33): warning CS1591: Missing XML comment for publicly visible type or member 'NotificationInstance.Channels' [/Users/kady/Masterdom/src/Masterdom.Platform/Masterdom.Platform.csproj]
/Users/kady/Masterdom/src/Masterdom.Platform/Notifications/NotificationInstance.cs(10,12): warning CS1591: Missing XML comment for publicly visible type or member 'NotificationInstance.Category' [/Users/kady/Masterdom/src/Masterdom.Platform/Masterdom.Platform.csproj]
/Users/kady/Masterdom/src/Masterdom.Platform/Notifications/NotificationInstance.cs(11,12): warning CS1591: Missing XML comment for publicly visible type or member 'NotificationInstance.Priority' [/Users/kady/Masterdom/src/Masterdom.Platform/Masterdom.Platform.csproj]
/Users/kady/Masterdom/src/Masterdom.Platform/Notifications/NotificationInstance.cs(12,14): warning CS1591: Missing XML comment for publicly visible type or member 'NotificationInstance.ScheduledAtUtc' [/Users/kady/Masterdom/src/Masterdom.Platform/Masterdom.Platform.csproj]
/Users/kady/Masterdom/src/Masterdom.Platform/Notifications/NotificationInstance.cs(13,9): warning CS1591: Missing XML comment for publicly visible type or member 'NotificationInstance.AttemptCount' [/Users/kady/Masterdom/src/Masterdom.Platform/Masterdom.Platform.csproj]
/Users/kady/Masterdom/src/Masterdom.Platform/Notifications/NotificationInstance.cs(14,10): warning CS1591: Missing XML comment for publicly visible type or member 'NotificationInstance.IsDelivered' [/Users/kady/Masterdom/src/Masterdom.Platform/Masterdom.Platform.csproj]
/Users/kady/Masterdom/src/Masterdom.Platform/Notifications/NotificationInstance.cs(15,12): warning CS1591: Missing XML comment for publicly visible type or member 'NotificationInstance.Status' [/Users/kady/Masterdom/src/Masterdom.Platform/Masterdom.Platform.csproj]
/Users/kady/Masterdom/src/Masterdom.Platform/Notifications/NotificationRegistration.cs(3,22): warning CS1591: Missing XML comment for publicly visible type or member 'NotificationRegistration' [/Users/kady/Masterdom/src/Masterdom.Platform/Masterdom.Platform.csproj]
/Users/kady/Masterdom/src/Masterdom.Platform/Notifications/NotificationRegistration.cs(3,22): warning CS1591: Missing XML comment for publicly visible type or member 'NotificationRegistration.NotificationRegistration(string, int, string, string, string, IReadOnlyCollection<string>, string, int, int, string, bool)' [/Users/kady/Masterdom/src/Masterdom.Platform/Masterdom.Platform.csproj]
/Users/kady/Masterdom/src/Masterdom.Platform/Notifications/NotificationRegistration.cs(4,12): warning CS1591: Missing XML comment for publicly visible type or member 'NotificationRegistration.EventCode' [/Users/kady/Masterdom/src/Masterdom.Platform/Masterdom.Platform.csproj]
/Users/kady/Masterdom/src/Masterdom.Platform/Notifications/NotificationRegistration.cs(5,9): warning CS1591: Missing XML comment for publicly visible type or member 'NotificationRegistration.Version' [/Users/kady/Masterdom/src/Masterdom.Platform/Masterdom.Platform.csproj]
/Users/kady/Masterdom/src/Masterdom.Platform/Notifications/NotificationRegistration.cs(6,12): warning CS1591: Missing XML comment for publicly visible type or member 'NotificationRegistration.ReadModelKey' [/Users/kady/Masterdom/src/Masterdom.Platform/Masterdom.Platform.csproj]
/Users/kady/Masterdom/src/Masterdom.Platform/Notifications/NotificationRegistration.cs(7,12): warning CS1591: Missing XML comment for publicly visible type or member 'NotificationRegistration.TemplateCode' [/Users/kady/Masterdom/src/Masterdom.Platform/Masterdom.Platform.csproj]
/Users/kady/Masterdom/src/Masterdom.Platform/Notifications/NotificationRegistration.cs(8,12): warning CS1591: Missing XML comment for publicly visible type or member 'NotificationRegistration.RecipientResolver' [/Users/kady/Masterdom/src/Masterdom.Platform/Masterdom.Platform.csproj]
/Users/kady/Masterdom/src/Masterdom.Platform/Notifications/NotificationRegistration.cs(9,33): warning CS1591: Missing XML comment for publicly visible type or member 'NotificationRegistration.DeliveryChannels' [/Users/kady/Masterdom/src/Masterdom.Platform/Masterdom.Platform.csproj]
/Users/kady/Masterdom/src/Masterdom.Platform/Notifications/NotificationRegistration.cs(10,12): warning CS1591: Missing XML comment for publicly visible type or member 'NotificationRegistration.Priority' [/Users/kady/Masterdom/src/Masterdom.Platform/Masterdom.Platform.csproj]
/Users/kady/Masterdom/src/Masterdom.Platform/Notifications/NotificationRegistration.cs(11,9): warning CS1591: Missing XML comment for publicly visible type or member 'NotificationRegistration.RetryMaxAttempts' [/Users/kady/Masterdom/src/Masterdom.Platform/Masterdom.Platform.csproj]
/Users/kady/Masterdom/src/Masterdom.Platform/Notifications/NotificationRegistration.cs(12,9): warning CS1591: Missing XML comment for publicly visible type or member 'NotificationRegistration.RetryDelaySeconds' [/Users/kady/Masterdom/src/Masterdom.Platform/Masterdom.Platform.csproj]
/Users/kady/Masterdom/src/Masterdom.Platform/Notifications/NotificationRegistration.cs(13,12): warning CS1591: Missing XML comment for publicly visible type or member 'NotificationRegistration.SchedulingPolicy' [/Users/kady/Masterdom/src/Masterdom.Platform/Masterdom.Platform.csproj]
/Users/kady/Masterdom/src/Masterdom.Platform/Notifications/NotificationRegistration.cs(14,10): warning CS1591: Missing XML comment for publicly visible type or member 'NotificationRegistration.AuditEnabled' [/Users/kady/Masterdom/src/Masterdom.Platform/Masterdom.Platform.csproj]
/Users/kady/Masterdom/src/Masterdom.Platform/ReadModels/BaselineReadModelKeys.cs(3,21): warning CS1591: Missing XML comment for publicly visible type or member 'BaselineReadModelKeys' [/Users/kady/Masterdom/src/Masterdom.Platform/Masterdom.Platform.csproj]
/Users/kady/Masterdom/src/Masterdom.Platform/ReadModels/BaselineReadModelKeys.cs(5,25): warning CS1591: Missing XML comment for publicly visible type or member 'BaselineReadModelKeys.ActiveTenancies' [/Users/kady/Masterdom/src/Masterdom.Platform/Masterdom.Platform.csproj]
/Users/kady/Masterdom/src/Masterdom.Platform/ReadModels/BaselineReadModelKeys.cs(6,25): warning CS1591: Missing XML comment for publicly visible type or member 'BaselineReadModelKeys.UpcomingMoveIns' [/Users/kady/Masterdom/src/Masterdom.Platform/Masterdom.Platform.csproj]
/Users/kady/Masterdom/src/Masterdom.Platform/ReadModels/BaselineReadModelKeys.cs(7,25): warning CS1591: Missing XML comment for publicly visible type or member 'BaselineReadModelKeys.UpcomingMoveOuts' [/Users/kady/Masterdom/src/Masterdom.Platform/Masterdom.Platform.csproj]
/Users/kady/Masterdom/src/Masterdom.Platform/ReadModels/BaselineReadModelKeys.cs(9,25): warning CS1591: Missing XML comment for publicly visible type or member 'BaselineReadModelKeys.VacantUnits' [/Users/kady/Masterdom/src/Masterdom.Platform/Masterdom.Platform.csproj]
/Users/kady/Masterdom/src/Masterdom.Platform/ReadModels/BaselineReadModelKeys.cs(10,25): warning CS1591: Missing XML comment for publicly visible type or member 'BaselineReadModelKeys.OccupancySummary' [/Users/kady/Masterdom/src/Masterdom.Platform/Masterdom.Platform.csproj]
/Users/kady/Masterdom/src/Masterdom.Platform/ReadModels/BaselineReadModelKeys.cs(12,25): warning CS1591: Missing XML comment for publicly visible type or member 'BaselineReadModelKeys.MeterReadingHistory' [/Users/kady/Masterdom/src/Masterdom.Platform/Masterdom.Platform.csproj]
/Users/kady/Masterdom/src/Masterdom.Platform/ReadModels/BaselineReadModelKeys.cs(13,25): warning CS1591: Missing XML comment for publicly visible type or member 'BaselineReadModelKeys.MissingReadings' [/Users/kady/Masterdom/src/Masterdom.Platform/Masterdom.Platform.csproj]
/Users/kady/Masterdom/src/Masterdom.Platform/ReadModels/BaselineReadModelKeys.cs(14,25): warning CS1591: Missing XML comment for publicly visible type or member 'BaselineReadModelKeys.ConsumptionSummary' [/Users/kady/Masterdom/src/Masterdom.Platform/Masterdom.Platform.csproj]
/Users/kady/Masterdom/src/Masterdom.Platform/ReadModels/BaselineReadModelKeys.cs(15,25): warning CS1591: Missing XML comment for publicly visible type or member 'BaselineReadModelKeys.HighConsumption' [/Users/kady/Masterdom/src/Masterdom.Platform/Masterdom.Platform.csproj]
/Users/kady/Masterdom/src/Masterdom.Platform/ReadModels/BaselineReadModelKeys.cs(16,25): warning CS1591: Missing XML comment for publicly visible type or member 'BaselineReadModelKeys.ReadingCorrections' [/Users/kady/Masterdom/src/Masterdom.Platform/Masterdom.Platform.csproj]
/Users/kady/Masterdom/src/Masterdom.Platform/ReadModels/BaselineReadModelKeys.cs(18,25): warning CS1591: Missing XML comment for publicly visible type or member 'BaselineReadModelKeys.BillsGenerated' [/Users/kady/Masterdom/src/Masterdom.Platform/Masterdom.Platform.csproj]
/Users/kady/Masterdom/src/Masterdom.Platform/ReadModels/BaselineReadModelKeys.cs(19,25): warning CS1591: Missing XML comment for publicly visible type or member 'BaselineReadModelKeys.BillsPending' [/Users/kady/Masterdom/src/Masterdom.Platform/Masterdom.Platform.csproj]
/Users/kady/Masterdom/src/Masterdom.Platform/ReadModels/BaselineReadModelKeys.cs(20,25): warning CS1591: Missing XML comment for publicly visible type or member 'BaselineReadModelKeys.BillsFinalized' [/Users/kady/Masterdom/src/Masterdom.Platform/Masterdom.Platform.csproj]
/Users/kady/Masterdom/src/Masterdom.Platform/ReadModels/BaselineReadModelKeys.cs(21,25): warning CS1591: Missing XML comment for publicly visible type or member 'BaselineReadModelKeys.BillsVoided' [/Users/kady/Masterdom/src/Masterdom.Platform/Masterdom.Platform.csproj]
/Users/kady/Masterdom/src/Masterdom.Platform/ReadModels/BaselineReadModelKeys.cs(22,25): warning CS1591: Missing XML comment for publicly visible type or member 'BaselineReadModelKeys.OutstandingBills' [/Users/kady/Masterdom/src/Masterdom.Platform/Masterdom.Platform.csproj]
/Users/kady/Masterdom/src/Masterdom.Platform/ReadModels/BaselineReadModelKeys.cs(23,25): warning CS1591: Missing XML comment for publicly visible type or member 'BaselineReadModelKeys.BillingSummary' [/Users/kady/Masterdom/src/Masterdom.Platform/Masterdom.Platform.csproj]
/Users/kady/Masterdom/src/Masterdom.Platform/ReadModels/BaselineReadModelKeys.cs(24,25): warning CS1591: Missing XML comment for publicly visible type or member 'BaselineReadModelKeys.ChargeBreakdown' [/Users/kady/Masterdom/src/Masterdom.Platform/Masterdom.Platform.csproj]
/Users/kady/Masterdom/src/Masterdom.Platform/ReadModels/BaselineReadModelKeys.cs(26,25): warning CS1591: Missing XML comment for publicly visible type or member 'BaselineReadModelKeys.TrialBalance' [/Users/kady/Masterdom/src/Masterdom.Platform/Masterdom.Platform.csproj]
/Users/kady/Masterdom/src/Masterdom.Platform/ReadModels/BaselineReadModelKeys.cs(27,25): warning CS1591: Missing XML comment for publicly visible type or member 'BaselineReadModelKeys.GeneralLedger' [/Users/kady/Masterdom/src/Masterdom.Platform/Masterdom.Platform.csproj]
/Users/kady/Masterdom/src/Masterdom.Platform/ReadModels/BaselineReadModelKeys.cs(28,25): warning CS1591: Missing XML comment for publicly visible type or member 'BaselineReadModelKeys.JournalRegister' [/Users/kady/Masterdom/src/Masterdom.Platform/Masterdom.Platform.csproj]
/Users/kady/Masterdom/src/Masterdom.Platform/ReadModels/BaselineReadModelKeys.cs(29,25): warning CS1591: Missing XML comment for publicly visible type or member 'BaselineReadModelKeys.AccountBalances' [/Users/kady/Masterdom/src/Masterdom.Platform/Masterdom.Platform.csproj]
/Users/kady/Masterdom/src/Masterdom.Platform/ReadModels/BaselineReadModelKeys.cs(30,25): warning CS1591: Missing XML comment for publicly visible type or member 'BaselineReadModelKeys.LedgerCreditSummary' [/Users/kady/Masterdom/src/Masterdom.Platform/Masterdom.Platform.csproj]
/Users/kady/Masterdom/src/Masterdom.Platform/ReadModels/BaselineReadModelKeys.cs(32,25): warning CS1591: Missing XML comment for publicly visible type or member 'BaselineReadModelKeys.PaymentRegister' [/Users/kady/Masterdom/src/Masterdom.Platform/Masterdom.Platform.csproj]
/Users/kady/Masterdom/src/Masterdom.Platform/ReadModels/BaselineReadModelKeys.cs(33,25): warning CS1591: Missing XML comment for publicly visible type or member 'BaselineReadModelKeys.UnallocatedPayments' [/Users/kady/Masterdom/src/Masterdom.Platform/Masterdom.Platform.csproj]
/Users/kady/Masterdom/src/Masterdom.Platform/ReadModels/BaselineReadModelKeys.cs(34,25): warning CS1591: Missing XML comment for publicly visible type or member 'BaselineReadModelKeys.PartiallyAllocatedPayments' [/Users/kady/Masterdom/src/Masterdom.Platform/Masterdom.Platform.csproj]
/Users/kady/Masterdom/src/Masterdom.Platform/ReadModels/BaselineReadModelKeys.cs(35,25): warning CS1591: Missing XML comment for publicly visible type or member 'BaselineReadModelKeys.PaymentReversals' [/Users/kady/Masterdom/src/Masterdom.Platform/Masterdom.Platform.csproj]
/Users/kady/Masterdom/src/Masterdom.Platform/ReadModels/BaselineReadModelKeys.cs(36,25): warning CS1591: Missing XML comment for publicly visible type or member 'BaselineReadModelKeys.CollectionSummary' [/Users/kady/Masterdom/src/Masterdom.Platform/Masterdom.Platform.csproj]
/Users/kady/Masterdom/src/Masterdom.Platform/ReadModels/BaselineReadModelKeys.cs(37,25): warning CS1591: Missing XML comment for publicly visible type or member 'BaselineReadModelKeys.CollectionsByProperty' [/Users/kady/Masterdom/src/Masterdom.Platform/Masterdom.Platform.csproj]
/Users/kady/Masterdom/src/Masterdom.Platform/ReadModels/IBaselineReadModelProviders.cs(3,18): warning CS1591: Missing XML comment for publicly visible type or member 'ITenancyReadModelProvider' [/Users/kady/Masterdom/src/Masterdom.Platform/Masterdom.Platform.csproj]
/Users/kady/Masterdom/src/Masterdom.Platform/ReadModels/IBaselineReadModelProviders.cs(5,18): warning CS1591: Missing XML comment for publicly visible type or member 'IPropertyReadModelProvider' [/Users/kady/Masterdom/src/Masterdom.Platform/Masterdom.Platform.csproj]
/Users/kady/Masterdom/src/Masterdom.Platform/ReadModels/IBaselineReadModelProviders.cs(7,18): warning CS1591: Missing XML comment for publicly visible type or member 'IMeteringReadModelProvider' [/Users/kady/Masterdom/src/Masterdom.Platform/Masterdom.Platform.csproj]
/Users/kady/Masterdom/src/Masterdom.Platform/ReadModels/IBaselineReadModelProviders.cs(9,18): warning CS1591: Missing XML comment for publicly visible type or member 'IBillingReadModelProvider' [/Users/kady/Masterdom/src/Masterdom.Platform/Masterdom.Platform.csproj]
/Users/kady/Masterdom/src/Masterdom.Platform/ReadModels/IBaselineReadModelProviders.cs(11,18): warning CS1591: Missing XML comment for publicly visible type or member 'IPaymentReadModelProvider' [/Users/kady/Masterdom/src/Masterdom.Platform/Masterdom.Platform.csproj]
/Users/kady/Masterdom/src/Masterdom.Platform/ReadModels/IBaselineReadModelProviders.cs(13,18): warning CS1591: Missing XML comment for publicly visible type or member 'IFinancialLedgerReadModelProvider' [/Users/kady/Masterdom/src/Masterdom.Platform/Masterdom.Platform.csproj]
/Users/kady/Masterdom/src/Masterdom.Platform/ReadModels/IReadModelProjectionOrchestrator.cs(3,18): warning CS1591: Missing XML comment for publicly visible type or member 'IReadModelProjectionOrchestrator' [/Users/kady/Masterdom/src/Masterdom.Platform/Masterdom.Platform.csproj]
/Users/kady/Masterdom/src/Masterdom.Platform/ReadModels/IReadModelProjectionOrchestrator.cs(5,52): warning CS1591: Missing XML comment for publicly visible type or member 'IReadModelProjectionOrchestrator.Project(string, ReadModelProjectionRequest)' [/Users/kady/Masterdom/src/Masterdom.Platform/Masterdom.Platform.csproj]
/Users/kady/Masterdom/src/Masterdom.Platform/ReadModels/IReadModelProvider.cs(3,18): warning CS1591: Missing XML comment for publicly visible type or member 'IReadModelProvider' [/Users/kady/Masterdom/src/Masterdom.Platform/Masterdom.Platform.csproj]
/Users/kady/Masterdom/src/Masterdom.Platform/ReadModels/IReadModelProvider.cs(5,12): warning CS1591: Missing XML comment for publicly visible type or member 'IReadModelProvider.ModuleId' [/Users/kady/Masterdom/src/Masterdom.Platform/Masterdom.Platform.csproj]
/Users/kady/Masterdom/src/Masterdom.Platform/ReadModels/IReadModelProvider.cs(7,44): warning CS1591: Missing XML comment for publicly visible type or member 'IReadModelProvider.GetRegisteredReadModels()' [/Users/kady/Masterdom/src/Masterdom.Platform/Masterdom.Platform.csproj]
/Users/kady/Masterdom/src/Masterdom.Platform/ReadModels/IReadModelProvider.cs(9,42): warning CS1591: Missing XML comment for publicly visible type or member 'IReadModelProvider.Project(string, ReadModelProjectionRequest)' [/Users/kady/Masterdom/src/Masterdom.Platform/Masterdom.Platform.csproj]
/Users/kady/Masterdom/src/Masterdom.Platform/ReadModels/IReadModelRegistry.cs(3,18): warning CS1591: Missing XML comment for publicly visible type or member 'IReadModelRegistry' [/Users/kady/Masterdom/src/Masterdom.Platform/Masterdom.Platform.csproj]
/Users/kady/Masterdom/src/Masterdom.Platform/ReadModels/IReadModelRegistry.cs(5,45): warning CS1591: Missing XML comment for publicly visible type or member 'IReadModelRegistry.GetProviders()' [/Users/kady/Masterdom/src/Masterdom.Platform/Masterdom.Platform.csproj]
/Users/kady/Masterdom/src/Masterdom.Platform/ReadModels/IReadModelRegistry.cs(7,44): warning CS1591: Missing XML comment for publicly visible type or member 'IReadModelRegistry.GetRegisteredReadModels()' [/Users/kady/Masterdom/src/Masterdom.Platform/Masterdom.Platform.csproj]
/Users/kady/Masterdom/src/Masterdom.Platform/ReadModels/IReadModelRegistry.cs(9,45): warning CS1591: Missing XML comment for publicly visible type or member 'IReadModelRegistry.ResolveProviders(string)' [/Users/kady/Masterdom/src/Masterdom.Platform/Masterdom.Platform.csproj]
/Users/kady/Masterdom/src/Masterdom.Platform/ReadModels/IReadModelRegistry.cs(11,44): warning CS1591: Missing XML comment for publicly visible type or member 'IReadModelRegistry.ResolveMetadata(string)' [/Users/kady/Masterdom/src/Masterdom.Platform/Masterdom.Platform.csproj]
/Users/kady/Masterdom/src/Masterdom.Platform/ReadModels/IReportReadModelRegistry.cs(3,18): warning CS1591: Missing XML comment for publicly visible type or member 'IReportReadModelRegistry' [/Users/kady/Masterdom/src/Masterdom.Platform/Masterdom.Platform.csproj]
/Users/kady/Masterdom/src/Masterdom.Platform/ReadModels/IReportReadModelRegistry.cs(5,54): warning CS1591: Missing XML comment for publicly visible type or member 'IReportReadModelRegistry.GetRegistrations()' [/Users/kady/Masterdom/src/Masterdom.Platform/Masterdom.Platform.csproj]
/Users/kady/Masterdom/src/Masterdom.Platform/ReadModels/IReportReadModelRegistry.cs(7,33): warning CS1591: Missing XML comment for publicly visible type or member 'IReportReadModelRegistry.Resolve(string)' [/Users/kady/Masterdom/src/Masterdom.Platform/Masterdom.Platform.csproj]
/Users/kady/Masterdom/src/Masterdom.Platform/ReadModels/ReadModelMetadata.cs(3,22): warning CS1591: Missing XML comment for publicly visible type or member 'ReadModelMetadata' [/Users/kady/Masterdom/src/Masterdom.Platform/Masterdom.Platform.csproj]
/Users/kady/Masterdom/src/Masterdom.Platform/ReadModels/ReadModelMetadata.cs(3,22): warning CS1591: Missing XML comment for publicly visible type or member 'ReadModelMetadata.ReadModelMetadata(string, string, int, string, string, IReadOnlyCollection<string>, IReadOnlyCollection<string>, IReadOnlyDictionary<string, string>)' [/Users/kady/Masterdom/src/Masterdom.Platform/Masterdom.Platform.csproj]
/Users/kady/Masterdom/src/Masterdom.Platform/ReadModels/ReadModelMetadata.cs(4,12): warning CS1591: Missing XML comment for publicly visible type or member 'ReadModelMetadata.ModuleId' [/Users/kady/Masterdom/src/Masterdom.Platform/Masterdom.Platform.csproj]
/Users/kady/Masterdom/src/Masterdom.Platform/ReadModels/ReadModelMetadata.cs(5,12): warning CS1591: Missing XML comment for publicly visible type or member 'ReadModelMetadata.ReadModelKey' [/Users/kady/Masterdom/src/Masterdom.Platform/Masterdom.Platform.csproj]
/Users/kady/Masterdom/src/Masterdom.Platform/ReadModels/ReadModelMetadata.cs(6,9): warning CS1591: Missing XML comment for publicly visible type or member 'ReadModelMetadata.Version' [/Users/kady/Masterdom/src/Masterdom.Platform/Masterdom.Platform.csproj]
/Users/kady/Masterdom/src/Masterdom.Platform/ReadModels/ReadModelMetadata.cs(7,12): warning CS1591: Missing XML comment for publicly visible type or member 'ReadModelMetadata.Description' [/Users/kady/Masterdom/src/Masterdom.Platform/Masterdom.Platform.csproj]
/Users/kady/Masterdom/src/Masterdom.Platform/ReadModels/ReadModelMetadata.cs(8,12): warning CS1591: Missing XML comment for publicly visible type or member 'ReadModelMetadata.Provider' [/Users/kady/Masterdom/src/Masterdom.Platform/Masterdom.Platform.csproj]
/Users/kady/Masterdom/src/Masterdom.Platform/ReadModels/ReadModelMetadata.cs(9,33): warning CS1591: Missing XML comment for publicly visible type or member 'ReadModelMetadata.ConsumerCompatibility' [/Users/kady/Masterdom/src/Masterdom.Platform/Masterdom.Platform.csproj]
/Users/kady/Masterdom/src/Masterdom.Platform/ReadModels/ReadModelMetadata.cs(10,33): warning CS1591: Missing XML comment for publicly visible type or member 'ReadModelMetadata.SupportedParameters' [/Users/kady/Masterdom/src/Masterdom.Platform/Masterdom.Platform.csproj]
/Users/kady/Masterdom/src/Masterdom.Platform/ReadModels/ReadModelMetadata.cs(11,41): warning CS1591: Missing XML comment for publicly visible type or member 'ReadModelMetadata.OutputSchema' [/Users/kady/Masterdom/src/Masterdom.Platform/Masterdom.Platform.csproj]
/Users/kady/Masterdom/src/Masterdom.Platform/ReadModels/ReadModelMetadata.cs(13,22): warning CS1591: Missing XML comment for publicly visible type or member 'ReportReadModelRegistration' [/Users/kady/Masterdom/src/Masterdom.Platform/Masterdom.Platform.csproj]
/Users/kady/Masterdom/src/Masterdom.Platform/ReadModels/ReadModelMetadata.cs(13,22): warning CS1591: Missing XML comment for publicly visible type or member 'ReportReadModelRegistration.ReportReadModelRegistration(string, IReadOnlyCollection<string>, IReadOnlyCollection<string>, IReadOnlyDictionary<string, string>, string)' [/Users/kady/Masterdom/src/Masterdom.Platform/Masterdom.Platform.csproj]
/Users/kady/Masterdom/src/Masterdom.Platform/ReadModels/ReadModelMetadata.cs(14,12): warning CS1591: Missing XML comment for publicly visible type or member 'ReportReadModelRegistration.ReportCode' [/Users/kady/Masterdom/src/Masterdom.Platform/Masterdom.Platform.csproj]
/Users/kady/Masterdom/src/Masterdom.Platform/ReadModels/ReadModelMetadata.cs(15,33): warning CS1591: Missing XML comment for publicly visible type or member 'ReportReadModelRegistration.ReadModelKeys' [/Users/kady/Masterdom/src/Masterdom.Platform/Masterdom.Platform.csproj]
/Users/kady/Masterdom/src/Masterdom.Platform/ReadModels/ReadModelMetadata.cs(16,33): warning CS1591: Missing XML comment for publicly visible type or member 'ReportReadModelRegistration.SupportedParameters' [/Users/kady/Masterdom/src/Masterdom.Platform/Masterdom.Platform.csproj]
/Users/kady/Masterdom/src/Masterdom.Platform/ReadModels/ReadModelMetadata.cs(17,41): warning CS1591: Missing XML comment for publicly visible type or member 'ReportReadModelRegistration.OutputSchema' [/Users/kady/Masterdom/src/Masterdom.Platform/Masterdom.Platform.csproj]
/Users/kady/Masterdom/src/Masterdom.Platform/ReadModels/ReadModelMetadata.cs(18,12): warning CS1591: Missing XML comment for publicly visible type or member 'ReportReadModelRegistration.Description' [/Users/kady/Masterdom/src/Masterdom.Platform/Masterdom.Platform.csproj]
/Users/kady/Masterdom/src/Masterdom.Platform/ReadModels/ReadModelProjectionRequest.cs(3,21): warning CS1591: Missing XML comment for publicly visible type or member 'ReadModelProjectionRequest' [/Users/kady/Masterdom/src/Masterdom.Platform/Masterdom.Platform.csproj]
/Users/kady/Masterdom/src/Masterdom.Platform/ReadModels/ReadModelProjectionRequest.cs(5,12): warning CS1591: Missing XML comment for publicly visible type or member 'ReadModelProjectionRequest.ReadModelProjectionRequest(IReadOnlyDictionary<string, string>, DateTime)' [/Users/kady/Masterdom/src/Masterdom.Platform/Masterdom.Platform.csproj]
/Users/kady/Masterdom/src/Masterdom.Platform/ReadModels/ReadModelProjectionRequest.cs(11,48): warning CS1591: Missing XML comment for publicly visible type or member 'ReadModelProjectionRequest.Filters' [/Users/kady/Masterdom/src/Masterdom.Platform/Masterdom.Platform.csproj]
/Users/kady/Masterdom/src/Masterdom.Platform/ReadModels/ReadModelProjectionRequest.cs(13,21): warning CS1591: Missing XML comment for publicly visible type or member 'ReadModelProjectionRequest.AsOfUtc' [/Users/kady/Masterdom/src/Masterdom.Platform/Masterdom.Platform.csproj]
/Users/kady/Masterdom/src/Masterdom.Platform/ReadModels/ReadModelProjectionResult.cs(3,22): warning CS1591: Missing XML comment for publicly visible type or member 'ReadModelProjectionResult' [/Users/kady/Masterdom/src/Masterdom.Platform/Masterdom.Platform.csproj]
/Users/kady/Masterdom/src/Masterdom.Platform/ReadModels/ReadModelProjectionResult.cs(3,22): warning CS1591: Missing XML comment for publicly visible type or member 'ReadModelProjectionResult.ReadModelProjectionResult(ReadModelMetadata, IReadOnlyCollection<ReadModelRecord>, DateTime)' [/Users/kady/Masterdom/src/Masterdom.Platform/Masterdom.Platform.csproj]
/Users/kady/Masterdom/src/Masterdom.Platform/ReadModels/ReadModelProjectionResult.cs(4,23): warning CS1591: Missing XML comment for publicly visible type or member 'ReadModelProjectionResult.Metadata' [/Users/kady/Masterdom/src/Masterdom.Platform/Masterdom.Platform.csproj]
/Users/kady/Masterdom/src/Masterdom.Platform/ReadModels/ReadModelProjectionResult.cs(5,42): warning CS1591: Missing XML comment for publicly visible type or member 'ReadModelProjectionResult.Records' [/Users/kady/Masterdom/src/Masterdom.Platform/Masterdom.Platform.csproj]
/Users/kady/Masterdom/src/Masterdom.Platform/ReadModels/ReadModelProjectionResult.cs(6,14): warning CS1591: Missing XML comment for publicly visible type or member 'ReadModelProjectionResult.GeneratedAtUtc' [/Users/kady/Masterdom/src/Masterdom.Platform/Masterdom.Platform.csproj]
/Users/kady/Masterdom/src/Masterdom.Platform/ReadModels/ReadModelRecord.cs(3,22): warning CS1591: Missing XML comment for publicly visible type or member 'ReadModelRecord' [/Users/kady/Masterdom/src/Masterdom.Platform/Masterdom.Platform.csproj]
/Users/kady/Masterdom/src/Masterdom.Platform/ReadModels/ReadModelRecord.cs(3,22): warning CS1591: Missing XML comment for publicly visible type or member 'ReadModelRecord.ReadModelRecord(IReadOnlyDictionary<string, string>)' [/Users/kady/Masterdom/src/Masterdom.Platform/Masterdom.Platform.csproj]
/Users/kady/Masterdom/src/Masterdom.Platform/ReadModels/ReadModelRecord.cs(3,74): warning CS1591: Missing XML comment for publicly visible type or member 'ReadModelRecord.Fields' [/Users/kady/Masterdom/src/Masterdom.Platform/Masterdom.Platform.csproj]
/Users/kady/Masterdom/src/Masterdom.Platform/Recommendation/Decision.cs(3,21): warning CS1591: Missing XML comment for publicly visible type or member 'Decision' [/Users/kady/Masterdom/src/Masterdom.Platform/Masterdom.Platform.csproj]
/Users/kady/Masterdom/src/Masterdom.Platform/Recommendation/Decision.cs(25,23): warning CS1591: Missing XML comment for publicly visible type or member 'Decision.Id' [/Users/kady/Masterdom/src/Masterdom.Platform/Masterdom.Platform.csproj]
/Users/kady/Masterdom/src/Masterdom.Platform/Recommendation/Decision.cs(27,25): warning CS1591: Missing XML comment for publicly visible type or member 'Decision.Type' [/Users/kady/Masterdom/src/Masterdom.Platform/Masterdom.Platform.csproj]
/Users/kady/Masterdom/src/Masterdom.Platform/Recommendation/Decision.cs(29,27): warning CS1591: Missing XML comment for publicly visible type or member 'Decision.Status' [/Users/kady/Masterdom/src/Masterdom.Platform/Masterdom.Platform.csproj]
/Users/kady/Masterdom/src/Masterdom.Platform/Recommendation/Decision.cs(31,27): warning CS1591: Missing XML comment for publicly visible type or member 'Decision.Reason' [/Users/kady/Masterdom/src/Masterdom.Platform/Masterdom.Platform.csproj]
/Users/kady/Masterdom/src/Masterdom.Platform/Recommendation/Decision.cs(33,35): warning CS1591: Missing XML comment for publicly visible type or member 'Decision.BundleId' [/Users/kady/Masterdom/src/Masterdom.Platform/Masterdom.Platform.csproj]
/Users/kady/Masterdom/src/Masterdom.Platform/Recommendation/Decision.cs(35,21): warning CS1591: Missing XML comment for publicly visible type or member 'Decision.CreatedAtUtc' [/Users/kady/Masterdom/src/Masterdom.Platform/Masterdom.Platform.csproj]
/Users/kady/Masterdom/src/Masterdom.Platform/Recommendation/Decision.cs(37,22): warning CS1591: Missing XML comment for publicly visible type or member 'Decision.DecidedAtUtc' [/Users/kady/Masterdom/src/Masterdom.Platform/Masterdom.Platform.csproj]
/Users/kady/Masterdom/src/Masterdom.Platform/Recommendation/Decision.cs(39,22): warning CS1591: Missing XML comment for publicly visible type or member 'Decision.AppliedAtUtc' [/Users/kady/Masterdom/src/Masterdom.Platform/Masterdom.Platform.csproj]
/Users/kady/Masterdom/src/Masterdom.Platform/Recommendation/Decision.cs(41,28): warning CS1591: Missing XML comment for publicly visible type or member 'Decision.CreatePending(DecisionId, DecisionType, DecisionReason, RecommendationBundleId, DateTime)' [/Users/kady/Masterdom/src/Masterdom.Platform/Masterdom.Platform.csproj]
/Users/kady/Masterdom/src/Masterdom.Platform/Recommendation/Decision.cs(69,21): warning CS1591: Missing XML comment for publicly visible type or member 'Decision.Approve(DateTime)' [/Users/kady/Masterdom/src/Masterdom.Platform/Masterdom.Platform.csproj]
/Users/kady/Masterdom/src/Masterdom.Platform/Recommendation/Decision.cs(89,21): warning CS1591: Missing XML comment for publicly visible type or member 'Decision.Reject(DateTime)' [/Users/kady/Masterdom/src/Masterdom.Platform/Masterdom.Platform.csproj]
/Users/kady/Masterdom/src/Masterdom.Platform/Recommendation/Decision.cs(109,21): warning CS1591: Missing XML comment for publicly visible type or member 'Decision.Apply(DateTime)' [/Users/kady/Masterdom/src/Masterdom.Platform/Masterdom.Platform.csproj]
/Users/kady/Masterdom/src/Masterdom.Platform/Recommendation/DecisionId.cs(3,21): warning CS1591: Missing XML comment for publicly visible type or member 'DecisionId' [/Users/kady/Masterdom/src/Masterdom.Platform/Masterdom.Platform.csproj]
/Users/kady/Masterdom/src/Masterdom.Platform/Recommendation/DecisionId.cs(10,17): warning CS1591: Missing XML comment for publicly visible type or member 'DecisionId.Value' [/Users/kady/Masterdom/src/Masterdom.Platform/Masterdom.Platform.csproj]
/Users/kady/Masterdom/src/Masterdom.Platform/Recommendation/DecisionId.cs(12,30): warning CS1591: Missing XML comment for publicly visible type or member 'DecisionId.New()' [/Users/kady/Masterdom/src/Masterdom.Platform/Masterdom.Platform.csproj]
/Users/kady/Masterdom/src/Masterdom.Platform/Recommendation/DecisionId.cs(17,30): warning CS1591: Missing XML comment for publicly visible type or member 'DecisionId.From(Guid)' [/Users/kady/Masterdom/src/Masterdom.Platform/Masterdom.Platform.csproj]
/Users/kady/Masterdom/src/Masterdom.Platform/Recommendation/DecisionId.cs(27,17): warning CS1591: Missing XML comment for publicly visible type or member 'DecisionId.Equals(DecisionId?)' [/Users/kady/Masterdom/src/Masterdom.Platform/Masterdom.Platform.csproj]
/Users/kady/Masterdom/src/Masterdom.Platform/Recommendation/DecisionId.cs(32,26): warning CS1591: Missing XML comment for publicly visible type or member 'DecisionId.Equals(object?)' [/Users/kady/Masterdom/src/Masterdom.Platform/Masterdom.Platform.csproj]
/Users/kady/Masterdom/src/Masterdom.Platform/Recommendation/DecisionId.cs(37,25): warning CS1591: Missing XML comment for publicly visible type or member 'DecisionId.GetHashCode()' [/Users/kady/Masterdom/src/Masterdom.Platform/Masterdom.Platform.csproj]
/Users/kady/Masterdom/src/Masterdom.Platform/Recommendation/DecisionReason.cs(3,21): warning CS1591: Missing XML comment for publicly visible type or member 'DecisionReason' [/Users/kady/Masterdom/src/Masterdom.Platform/Masterdom.Platform.csproj]
/Users/kady/Masterdom/src/Masterdom.Platform/Recommendation/DecisionReason.cs(10,19): warning CS1591: Missing XML comment for publicly visible type or member 'DecisionReason.Value' [/Users/kady/Masterdom/src/Masterdom.Platform/Masterdom.Platform.csproj]
/Users/kady/Masterdom/src/Masterdom.Platform/Recommendation/DecisionReason.cs(12,34): warning CS1591: Missing XML comment for publicly visible type or member 'DecisionReason.Create(string)' [/Users/kady/Masterdom/src/Masterdom.Platform/Masterdom.Platform.csproj]
/Users/kady/Masterdom/src/Masterdom.Platform/Recommendation/DecisionReason.cs(22,17): warning CS1591: Missing XML comment for publicly visible type or member 'DecisionReason.Equals(DecisionReason?)' [/Users/kady/Masterdom/src/Masterdom.Platform/Masterdom.Platform.csproj]
/Users/kady/Masterdom/src/Masterdom.Platform/Recommendation/DecisionReason.cs(27,26): warning CS1591: Missing XML comment for publicly visible type or member 'DecisionReason.Equals(object?)' [/Users/kady/Masterdom/src/Masterdom.Platform/Masterdom.Platform.csproj]
/Users/kady/Masterdom/src/Masterdom.Platform/Recommendation/DecisionReason.cs(32,25): warning CS1591: Missing XML comment for publicly visible type or member 'DecisionReason.GetHashCode()' [/Users/kady/Masterdom/src/Masterdom.Platform/Masterdom.Platform.csproj]
/Users/kady/Masterdom/src/Masterdom.Platform/Recommendation/DecisionStatus.cs(3,13): warning CS1591: Missing XML comment for publicly visible type or member 'DecisionStatus' [/Users/kady/Masterdom/src/Masterdom.Platform/Masterdom.Platform.csproj]
/Users/kady/Masterdom/src/Masterdom.Platform/Recommendation/DecisionStatus.cs(5,5): warning CS1591: Missing XML comment for publicly visible type or member 'DecisionStatus.Pending' [/Users/kady/Masterdom/src/Masterdom.Platform/Masterdom.Platform.csproj]
/Users/kady/Masterdom/src/Masterdom.Platform/Recommendation/DecisionStatus.cs(6,5): warning CS1591: Missing XML comment for publicly visible type or member 'DecisionStatus.Approved' [/Users/kady/Masterdom/src/Masterdom.Platform/Masterdom.Platform.csproj]
/Users/kady/Masterdom/src/Masterdom.Platform/Recommendation/DecisionStatus.cs(7,5): warning CS1591: Missing XML comment for publicly visible type or member 'DecisionStatus.Rejected' [/Users/kady/Masterdom/src/Masterdom.Platform/Masterdom.Platform.csproj]
/Users/kady/Masterdom/src/Masterdom.Platform/Recommendation/DecisionStatus.cs(8,5): warning CS1591: Missing XML comment for publicly visible type or member 'DecisionStatus.Applied' [/Users/kady/Masterdom/src/Masterdom.Platform/Masterdom.Platform.csproj]
/Users/kady/Masterdom/src/Masterdom.Platform/Recommendation/DecisionType.cs(3,21): warning CS1591: Missing XML comment for publicly visible type or member 'DecisionType' [/Users/kady/Masterdom/src/Masterdom.Platform/Masterdom.Platform.csproj]
/Users/kady/Masterdom/src/Masterdom.Platform/Recommendation/DecisionType.cs(10,19): warning CS1591: Missing XML comment for publicly visible type or member 'DecisionType.Value' [/Users/kady/Masterdom/src/Masterdom.Platform/Masterdom.Platform.csproj]
/Users/kady/Masterdom/src/Masterdom.Platform/Recommendation/DecisionType.cs(12,32): warning CS1591: Missing XML comment for publicly visible type or member 'DecisionType.Create(string)' [/Users/kady/Masterdom/src/Masterdom.Platform/Masterdom.Platform.csproj]
/Users/kady/Masterdom/src/Masterdom.Platform/Recommendation/DecisionType.cs(22,17): warning CS1591: Missing XML comment for publicly visible type or member 'DecisionType.Equals(DecisionType?)' [/Users/kady/Masterdom/src/Masterdom.Platform/Masterdom.Platform.csproj]
/Users/kady/Masterdom/src/Masterdom.Platform/Recommendation/DecisionType.cs(27,26): warning CS1591: Missing XML comment for publicly visible type or member 'DecisionType.Equals(object?)' [/Users/kady/Masterdom/src/Masterdom.Platform/Masterdom.Platform.csproj]
/Users/kady/Masterdom/src/Masterdom.Platform/Recommendation/DecisionType.cs(32,25): warning CS1591: Missing XML comment for publicly visible type or member 'DecisionType.GetHashCode()' [/Users/kady/Masterdom/src/Masterdom.Platform/Masterdom.Platform.csproj]
/Users/kady/Masterdom/src/Masterdom.Platform/Recommendation/IDecisionHandler.cs(6,18): warning CS1591: Missing XML comment for publicly visible type or member 'IDecisionHandler' [/Users/kady/Masterdom/src/Masterdom.Platform/Masterdom.Platform.csproj]
/Users/kady/Masterdom/src/Masterdom.Platform/Recommendation/IDecisionHandler.cs(8,12): warning CS1591: Missing XML comment for publicly visible type or member 'IDecisionHandler.Name' [/Users/kady/Masterdom/src/Masterdom.Platform/Masterdom.Platform.csproj]
/Users/kady/Masterdom/src/Masterdom.Platform/Recommendation/IDecisionHandler.cs(10,9): warning CS1591: Missing XML comment for publicly visible type or member 'IDecisionHandler.Order' [/Users/kady/Masterdom/src/Masterdom.Platform/Masterdom.Platform.csproj]
/Users/kady/Masterdom/src/Masterdom.Platform/Recommendation/IDecisionHandler.cs(12,9): warning CS1591: Missing XML comment for publicly visible type or member 'IDecisionHandler.Priority' [/Users/kady/Masterdom/src/Masterdom.Platform/Masterdom.Platform.csproj]
/Users/kady/Masterdom/src/Masterdom.Platform/Recommendation/IDecisionHandler.cs(14,14): warning CS1591: Missing XML comment for publicly visible type or member 'IDecisionHandler.Handle(Decision, RecommendationBundle, BusinessContext)' [/Users/kady/Masterdom/src/Masterdom.Platform/Masterdom.Platform.csproj]
/Users/kady/Masterdom/src/Masterdom.Platform/Recommendation/IDecisionRepository.cs(3,18): warning CS1591: Missing XML comment for publicly visible type or member 'IDecisionRepository' [/Users/kady/Masterdom/src/Masterdom.Platform/Masterdom.Platform.csproj]
/Users/kady/Masterdom/src/Masterdom.Platform/Recommendation/IDecisionRepository.cs(5,10): warning CS1591: Missing XML comment for publicly visible type or member 'IDecisionRepository.Save(Decision)' [/Users/kady/Masterdom/src/Masterdom.Platform/Masterdom.Platform.csproj]
/Users/kady/Masterdom/src/Masterdom.Platform/Recommendation/IDecisionRepository.cs(7,15): warning CS1591: Missing XML comment for publicly visible type or member 'IDecisionRepository.Get(DecisionId)' [/Users/kady/Masterdom/src/Masterdom.Platform/Masterdom.Platform.csproj]
/Users/kady/Masterdom/src/Masterdom.Platform/Recommendation/InMemoryDecisionRepository.cs(3,21): warning CS1591: Missing XML comment for publicly visible type or member 'InMemoryDecisionRepository' [/Users/kady/Masterdom/src/Masterdom.Platform/Masterdom.Platform.csproj]
/Users/kady/Masterdom/src/Masterdom.Platform/Recommendation/InMemoryDecisionRepository.cs(7,17): warning CS1591: Missing XML comment for publicly visible type or member 'InMemoryDecisionRepository.Save(Decision)' [/Users/kady/Masterdom/src/Masterdom.Platform/Masterdom.Platform.csproj]
/Users/kady/Masterdom/src/Masterdom.Platform/Recommendation/InMemoryDecisionRepository.cs(14,22): warning CS1591: Missing XML comment for publicly visible type or member 'InMemoryDecisionRepository.Get(DecisionId)' [/Users/kady/Masterdom/src/Masterdom.Platform/Masterdom.Platform.csproj]
/Users/kady/Masterdom/src/Masterdom.Platform/Recommendation/InMemoryOptimizationSessionRepository.cs(3,21): warning CS1591: Missing XML comment for publicly visible type or member 'InMemoryOptimizationSessionRepository' [/Users/kady/Masterdom/src/Masterdom.Platform/Masterdom.Platform.csproj]
/Users/kady/Masterdom/src/Masterdom.Platform/Recommendation/InMemoryOptimizationSessionRepository.cs(7,17): warning CS1591: Missing XML comment for publicly visible type or member 'InMemoryOptimizationSessionRepository.Save(OptimizationSession)' [/Users/kady/Masterdom/src/Masterdom.Platform/Masterdom.Platform.csproj]
/Users/kady/Masterdom/src/Masterdom.Platform/Recommendation/InMemoryOptimizationSessionRepository.cs(14,33): warning CS1591: Missing XML comment for publicly visible type or member 'InMemoryOptimizationSessionRepository.Get(OptimizationSessionId)' [/Users/kady/Masterdom/src/Masterdom.Platform/Masterdom.Platform.csproj]
/Users/kady/Masterdom/src/Masterdom.Platform/Recommendation/InMemoryRecommendationRepository.cs(3,21): warning CS1591: Missing XML comment for publicly visible type or member 'InMemoryRecommendationRepository' [/Users/kady/Masterdom/src/Masterdom.Platform/Masterdom.Platform.csproj]
/Users/kady/Masterdom/src/Masterdom.Platform/Recommendation/InMemoryRecommendationRepository.cs(7,17): warning CS1591: Missing XML comment for publicly visible type or member 'InMemoryRecommendationRepository.SaveBundle(RecommendationBundle)' [/Users/kady/Masterdom/src/Masterdom.Platform/Masterdom.Platform.csproj]
/Users/kady/Masterdom/src/Masterdom.Platform/Recommendation/InMemoryRecommendationRepository.cs(14,34): warning CS1591: Missing XML comment for publicly visible type or member 'InMemoryRecommendationRepository.GetBundle(RecommendationBundleId)' [/Users/kady/Masterdom/src/Masterdom.Platform/Masterdom.Platform.csproj]
/Users/kady/Masterdom/src/Masterdom.Platform/Recommendation/IOptimizationSessionRepository.cs(3,18): warning CS1591: Missing XML comment for publicly visible type or member 'IOptimizationSessionRepository' [/Users/kady/Masterdom/src/Masterdom.Platform/Masterdom.Platform.csproj]
/Users/kady/Masterdom/src/Masterdom.Platform/Recommendation/IOptimizationSessionRepository.cs(5,10): warning CS1591: Missing XML comment for publicly visible type or member 'IOptimizationSessionRepository.Save(OptimizationSession)' [/Users/kady/Masterdom/src/Masterdom.Platform/Masterdom.Platform.csproj]
/Users/kady/Masterdom/src/Masterdom.Platform/Recommendation/IOptimizationSessionRepository.cs(7,26): warning CS1591: Missing XML comment for publicly visible type or member 'IOptimizationSessionRepository.Get(OptimizationSessionId)' [/Users/kady/Masterdom/src/Masterdom.Platform/Masterdom.Platform.csproj]
/Users/kady/Masterdom/src/Masterdom.Platform/Recommendation/IRecommendationConsumer.cs(10,12): warning CS1591: Missing XML comment for publicly visible type or member 'IRecommendationConsumer.Name' [/Users/kady/Masterdom/src/Masterdom.Platform/Masterdom.Platform.csproj]
/Users/kady/Masterdom/src/Masterdom.Platform/Recommendation/IRecommendationConsumer.cs(12,9): warning CS1591: Missing XML comment for publicly visible type or member 'IRecommendationConsumer.Order' [/Users/kady/Masterdom/src/Masterdom.Platform/Masterdom.Platform.csproj]
/Users/kady/Masterdom/src/Masterdom.Platform/Recommendation/IRecommendationConsumer.cs(14,9): warning CS1591: Missing XML comment for publicly visible type or member 'IRecommendationConsumer.Priority' [/Users/kady/Masterdom/src/Masterdom.Platform/Masterdom.Platform.csproj]
/Users/kady/Masterdom/src/Masterdom.Platform/Recommendation/IRecommendationConsumer.cs(16,10): warning CS1591: Missing XML comment for publicly visible type or member 'IRecommendationConsumer.IsOptional' [/Users/kady/Masterdom/src/Masterdom.Platform/Masterdom.Platform.csproj]
/Users/kady/Masterdom/src/Masterdom.Platform/Recommendation/IRecommendationConsumer.cs(18,34): warning CS1591: Missing XML comment for publicly visible type or member 'IRecommendationConsumer.Consume(RecommendationConsumerExecutionContext)' [/Users/kady/Masterdom/src/Masterdom.Platform/Masterdom.Platform.csproj]
/Users/kady/Masterdom/src/Masterdom.Platform/Recommendation/IRecommendationProvider.cs(6,18): warning CS1591: Missing XML comment for publicly visible type or member 'IRecommendationProvider' [/Users/kady/Masterdom/src/Masterdom.Platform/Masterdom.Platform.csproj]
/Users/kady/Masterdom/src/Masterdom.Platform/Recommendation/IRecommendationProvider.cs(8,12): warning CS1591: Missing XML comment for publicly visible type or member 'IRecommendationProvider.Name' [/Users/kady/Masterdom/src/Masterdom.Platform/Masterdom.Platform.csproj]
/Users/kady/Masterdom/src/Masterdom.Platform/Recommendation/IRecommendationProvider.cs(10,9): warning CS1591: Missing XML comment for publicly visible type or member 'IRecommendationProvider.Order' [/Users/kady/Masterdom/src/Masterdom.Platform/Masterdom.Platform.csproj]
/Users/kady/Masterdom/src/Masterdom.Platform/Recommendation/IRecommendationProvider.cs(12,9): warning CS1591: Missing XML comment for publicly visible type or member 'IRecommendationProvider.Priority' [/Users/kady/Masterdom/src/Masterdom.Platform/Masterdom.Platform.csproj]
/Users/kady/Masterdom/src/Masterdom.Platform/Recommendation/IRecommendationProvider.cs(14,10): warning CS1591: Missing XML comment for publicly visible type or member 'IRecommendationProvider.IsOptional' [/Users/kady/Masterdom/src/Masterdom.Platform/Masterdom.Platform.csproj]
/Users/kady/Masterdom/src/Masterdom.Platform/Recommendation/IRecommendationProvider.cs(16,35): warning CS1591: Missing XML comment for publicly visible type or member 'IRecommendationProvider.Provide(BusinessContext, OptimizationSession)' [/Users/kady/Masterdom/src/Masterdom.Platform/Masterdom.Platform.csproj]
/Users/kady/Masterdom/src/Masterdom.Platform/Recommendation/IRecommendationRepository.cs(3,18): warning CS1591: Missing XML comment for publicly visible type or member 'IRecommendationRepository' [/Users/kady/Masterdom/src/Masterdom.Platform/Masterdom.Platform.csproj]
/Users/kady/Masterdom/src/Masterdom.Platform/Recommendation/IRecommendationRepository.cs(5,10): warning CS1591: Missing XML comment for publicly visible type or member 'IRecommendationRepository.SaveBundle(RecommendationBundle)' [/Users/kady/Masterdom/src/Masterdom.Platform/Masterdom.Platform.csproj]
/Users/kady/Masterdom/src/Masterdom.Platform/Recommendation/IRecommendationRepository.cs(7,27): warning CS1591: Missing XML comment for publicly visible type or member 'IRecommendationRepository.GetBundle(RecommendationBundleId)' [/Users/kady/Masterdom/src/Masterdom.Platform/Masterdom.Platform.csproj]
/Users/kady/Masterdom/src/Masterdom.Platform/Recommendation/OptimizationSession.cs(3,21): warning CS1591: Missing XML comment for publicly visible type or member 'OptimizationSession' [/Users/kady/Masterdom/src/Masterdom.Platform/Masterdom.Platform.csproj]
/Users/kady/Masterdom/src/Masterdom.Platform/Recommendation/OptimizationSession.cs(23,34): warning CS1591: Missing XML comment for publicly visible type or member 'OptimizationSession.Id' [/Users/kady/Masterdom/src/Masterdom.Platform/Masterdom.Platform.csproj]
/Users/kady/Masterdom/src/Masterdom.Platform/Recommendation/OptimizationSession.cs(25,38): warning CS1591: Missing XML comment for publicly visible type or member 'OptimizationSession.Status' [/Users/kady/Masterdom/src/Masterdom.Platform/Masterdom.Platform.csproj]
/Users/kady/Masterdom/src/Masterdom.Platform/Recommendation/OptimizationSession.cs(27,40): warning CS1591: Missing XML comment for publicly visible type or member 'OptimizationSession.Metadata' [/Users/kady/Masterdom/src/Masterdom.Platform/Masterdom.Platform.csproj]
/Users/kady/Masterdom/src/Masterdom.Platform/Recommendation/OptimizationSession.cs(29,22): warning CS1591: Missing XML comment for publicly visible type or member 'OptimizationSession.StartedAtUtc' [/Users/kady/Masterdom/src/Masterdom.Platform/Masterdom.Platform.csproj]
/Users/kady/Masterdom/src/Masterdom.Platform/Recommendation/OptimizationSession.cs(31,22): warning CS1591: Missing XML comment for publicly visible type or member 'OptimizationSession.CompletedAtUtc' [/Users/kady/Masterdom/src/Masterdom.Platform/Masterdom.Platform.csproj]
/Users/kady/Masterdom/src/Masterdom.Platform/Recommendation/OptimizationSession.cs(33,22): warning CS1591: Missing XML comment for publicly visible type or member 'OptimizationSession.CancelledAtUtc' [/Users/kady/Masterdom/src/Masterdom.Platform/Masterdom.Platform.csproj]
/Users/kady/Masterdom/src/Masterdom.Platform/Recommendation/OptimizationSession.cs(35,20): warning CS1591: Missing XML comment for publicly visible type or member 'OptimizationSession.CancellationReason' [/Users/kady/Masterdom/src/Masterdom.Platform/Masterdom.Platform.csproj]
/Users/kady/Masterdom/src/Masterdom.Platform/Recommendation/OptimizationSession.cs(37,39): warning CS1591: Missing XML comment for publicly visible type or member 'OptimizationSession.Create(OptimizationSessionId, OptimizationSessionMetadata)' [/Users/kady/Masterdom/src/Masterdom.Platform/Masterdom.Platform.csproj]
/Users/kady/Masterdom/src/Masterdom.Platform/Recommendation/OptimizationSession.cs(52,32): warning CS1591: Missing XML comment for publicly visible type or member 'OptimizationSession.Start(DateTime)' [/Users/kady/Masterdom/src/Masterdom.Platform/Masterdom.Platform.csproj]
/Users/kady/Masterdom/src/Masterdom.Platform/Recommendation/OptimizationSession.cs(71,32): warning CS1591: Missing XML comment for publicly visible type or member 'OptimizationSession.Complete(DateTime)' [/Users/kady/Masterdom/src/Masterdom.Platform/Masterdom.Platform.csproj]
/Users/kady/Masterdom/src/Masterdom.Platform/Recommendation/OptimizationSession.cs(90,32): warning CS1591: Missing XML comment for publicly visible type or member 'OptimizationSession.Cancel(string, DateTime)' [/Users/kady/Masterdom/src/Masterdom.Platform/Masterdom.Platform.csproj]
/Users/kady/Masterdom/src/Masterdom.Platform/Recommendation/OptimizationSessionId.cs(3,21): warning CS1591: Missing XML comment for publicly visible type or member 'OptimizationSessionId' [/Users/kady/Masterdom/src/Masterdom.Platform/Masterdom.Platform.csproj]
/Users/kady/Masterdom/src/Masterdom.Platform/Recommendation/OptimizationSessionId.cs(10,17): warning CS1591: Missing XML comment for publicly visible type or member 'OptimizationSessionId.Value' [/Users/kady/Masterdom/src/Masterdom.Platform/Masterdom.Platform.csproj]
/Users/kady/Masterdom/src/Masterdom.Platform/Recommendation/OptimizationSessionId.cs(12,41): warning CS1591: Missing XML comment for publicly visible type or member 'OptimizationSessionId.New()' [/Users/kady/Masterdom/src/Masterdom.Platform/Masterdom.Platform.csproj]
/Users/kady/Masterdom/src/Masterdom.Platform/Recommendation/OptimizationSessionId.cs(17,41): warning CS1591: Missing XML comment for publicly visible type or member 'OptimizationSessionId.From(Guid)' [/Users/kady/Masterdom/src/Masterdom.Platform/Masterdom.Platform.csproj]
/Users/kady/Masterdom/src/Masterdom.Platform/Recommendation/OptimizationSessionId.cs(27,17): warning CS1591: Missing XML comment for publicly visible type or member 'OptimizationSessionId.Equals(OptimizationSessionId?)' [/Users/kady/Masterdom/src/Masterdom.Platform/Masterdom.Platform.csproj]
/Users/kady/Masterdom/src/Masterdom.Platform/Recommendation/OptimizationSessionId.cs(32,26): warning CS1591: Missing XML comment for publicly visible type or member 'OptimizationSessionId.Equals(object?)' [/Users/kady/Masterdom/src/Masterdom.Platform/Masterdom.Platform.csproj]
/Users/kady/Masterdom/src/Masterdom.Platform/Recommendation/OptimizationSessionId.cs(37,25): warning CS1591: Missing XML comment for publicly visible type or member 'OptimizationSessionId.GetHashCode()' [/Users/kady/Masterdom/src/Masterdom.Platform/Masterdom.Platform.csproj]
/Users/kady/Masterdom/src/Masterdom.Platform/Recommendation/OptimizationSessionMetadata.cs(5,21): warning CS1591: Missing XML comment for publicly visible type or member 'OptimizationSessionMetadata' [/Users/kady/Masterdom/src/Masterdom.Platform/Masterdom.Platform.csproj]
/Users/kady/Masterdom/src/Masterdom.Platform/Recommendation/OptimizationSessionMetadata.cs(7,12): warning CS1591: Missing XML comment for publicly visible type or member 'OptimizationSessionMetadata.OptimizationSessionMetadata(DateTime, DateTime, string, string, IReadOnlyDictionary<string, string>?)' [/Users/kady/Masterdom/src/Masterdom.Platform/Masterdom.Platform.csproj]
/Users/kady/Masterdom/src/Masterdom.Platform/Recommendation/OptimizationSessionMetadata.cs(42,21): warning CS1591: Missing XML comment for publicly visible type or member 'OptimizationSessionMetadata.CreatedAtUtc' [/Users/kady/Masterdom/src/Masterdom.Platform/Masterdom.Platform.csproj]
/Users/kady/Masterdom/src/Masterdom.Platform/Recommendation/OptimizationSessionMetadata.cs(44,21): warning CS1591: Missing XML comment for publicly visible type or member 'OptimizationSessionMetadata.EffectiveDateUtc' [/Users/kady/Masterdom/src/Masterdom.Platform/Masterdom.Platform.csproj]
/Users/kady/Masterdom/src/Masterdom.Platform/Recommendation/OptimizationSessionMetadata.cs(46,19): warning CS1591: Missing XML comment for publicly visible type or member 'OptimizationSessionMetadata.ContextVersion' [/Users/kady/Masterdom/src/Masterdom.Platform/Masterdom.Platform.csproj]
/Users/kady/Masterdom/src/Masterdom.Platform/Recommendation/OptimizationSessionMetadata.cs(48,19): warning CS1591: Missing XML comment for publicly visible type or member 'OptimizationSessionMetadata.RecommendationVersion' [/Users/kady/Masterdom/src/Masterdom.Platform/Masterdom.Platform.csproj]
/Users/kady/Masterdom/src/Masterdom.Platform/Recommendation/OptimizationSessionMetadata.cs(50,48): warning CS1591: Missing XML comment for publicly visible type or member 'OptimizationSessionMetadata.Attributes' [/Users/kady/Masterdom/src/Masterdom.Platform/Masterdom.Platform.csproj]
/Users/kady/Masterdom/src/Masterdom.Platform/Recommendation/OptimizationSessionStatus.cs(3,13): warning CS1591: Missing XML comment for publicly visible type or member 'OptimizationSessionStatus' [/Users/kady/Masterdom/src/Masterdom.Platform/Masterdom.Platform.csproj]
/Users/kady/Masterdom/src/Masterdom.Platform/Recommendation/OptimizationSessionStatus.cs(5,5): warning CS1591: Missing XML comment for publicly visible type or member 'OptimizationSessionStatus.Created' [/Users/kady/Masterdom/src/Masterdom.Platform/Masterdom.Platform.csproj]
/Users/kady/Masterdom/src/Masterdom.Platform/Recommendation/OptimizationSessionStatus.cs(6,5): warning CS1591: Missing XML comment for publicly visible type or member 'OptimizationSessionStatus.Running' [/Users/kady/Masterdom/src/Masterdom.Platform/Masterdom.Platform.csproj]
/Users/kady/Masterdom/src/Masterdom.Platform/Recommendation/OptimizationSessionStatus.cs(7,5): warning CS1591: Missing XML comment for publicly visible type or member 'OptimizationSessionStatus.Completed' [/Users/kady/Masterdom/src/Masterdom.Platform/Masterdom.Platform.csproj]
/Users/kady/Masterdom/src/Masterdom.Platform/Recommendation/OptimizationSessionStatus.cs(8,5): warning CS1591: Missing XML comment for publicly visible type or member 'OptimizationSessionStatus.Cancelled' [/Users/kady/Masterdom/src/Masterdom.Platform/Masterdom.Platform.csproj]
/Users/kady/Masterdom/src/Masterdom.Platform/Recommendation/Recommendation.cs(3,21): warning CS1591: Missing XML comment for publicly visible type or member 'Recommendation' [/Users/kady/Masterdom/src/Masterdom.Platform/Masterdom.Platform.csproj]
/Users/kady/Masterdom/src/Masterdom.Platform/Recommendation/Recommendation.cs(29,29): warning CS1591: Missing XML comment for publicly visible type or member 'Recommendation.Id' [/Users/kady/Masterdom/src/Masterdom.Platform/Masterdom.Platform.csproj]
/Users/kady/Masterdom/src/Masterdom.Platform/Recommendation/Recommendation.cs(31,31): warning CS1591: Missing XML comment for publicly visible type or member 'Recommendation.Type' [/Users/kady/Masterdom/src/Masterdom.Platform/Masterdom.Platform.csproj]
/Users/kady/Masterdom/src/Masterdom.Platform/Recommendation/Recommendation.cs(33,33): warning CS1591: Missing XML comment for publicly visible type or member 'Recommendation.Status' [/Users/kady/Masterdom/src/Masterdom.Platform/Masterdom.Platform.csproj]
/Users/kady/Masterdom/src/Masterdom.Platform/Recommendation/Recommendation.cs(35,35): warning CS1591: Missing XML comment for publicly visible type or member 'Recommendation.Priority' [/Users/kady/Masterdom/src/Masterdom.Platform/Masterdom.Platform.csproj]
/Users/kady/Masterdom/src/Masterdom.Platform/Recommendation/Recommendation.cs(37,37): warning CS1591: Missing XML comment for publicly visible type or member 'Recommendation.Confidence' [/Users/kady/Masterdom/src/Masterdom.Platform/Masterdom.Platform.csproj]
/Users/kady/Masterdom/src/Masterdom.Platform/Recommendation/Recommendation.cs(39,35): warning CS1591: Missing XML comment for publicly visible type or member 'Recommendation.Evidence' [/Users/kady/Masterdom/src/Masterdom.Platform/Masterdom.Platform.csproj]
/Users/kady/Masterdom/src/Masterdom.Platform/Recommendation/Recommendation.cs(41,38): warning CS1591: Missing XML comment for publicly visible type or member 'Recommendation.Explanation' [/Users/kady/Masterdom/src/Masterdom.Platform/Masterdom.Platform.csproj]
/Users/kady/Masterdom/src/Masterdom.Platform/Recommendation/Recommendation.cs(43,35): warning CS1591: Missing XML comment for publicly visible type or member 'Recommendation.Metadata' [/Users/kady/Masterdom/src/Masterdom.Platform/Masterdom.Platform.csproj]
/Users/kady/Masterdom/src/Masterdom.Platform/Recommendation/Recommendation.cs(45,20): warning CS1591: Missing XML comment for publicly visible type or member 'Recommendation.StatusReason' [/Users/kady/Masterdom/src/Masterdom.Platform/Masterdom.Platform.csproj]
/Users/kady/Masterdom/src/Masterdom.Platform/Recommendation/Recommendation.cs(47,22): warning CS1591: Missing XML comment for publicly visible type or member 'Recommendation.StatusChangedAtUtc' [/Users/kady/Masterdom/src/Masterdom.Platform/Masterdom.Platform.csproj]
/Users/kady/Masterdom/src/Masterdom.Platform/Recommendation/Recommendation.cs(49,34): warning CS1591: Missing XML comment for publicly visible type or member 'Recommendation.CreateDraft(RecommendationId, RecommendationType, RecommendationPriority, RecommendationConfidence, RecommendationEvidence, RecommendationExplanation, RecommendationMetadata)' [/Users/kady/Masterdom/src/Masterdom.Platform/Masterdom.Platform.csproj]
/Users/kady/Masterdom/src/Masterdom.Platform/Recommendation/Recommendation.cs(79,27): warning CS1591: Missing XML comment for publicly visible type or member 'Recommendation.MarkProposed(DateTime)' [/Users/kady/Masterdom/src/Masterdom.Platform/Masterdom.Platform.csproj]
/Users/kady/Masterdom/src/Masterdom.Platform/Recommendation/Recommendation.cs(91,27): warning CS1591: Missing XML comment for publicly visible type or member 'Recommendation.Accept(string, DateTime)' [/Users/kady/Masterdom/src/Masterdom.Platform/Masterdom.Platform.csproj]
/Users/kady/Masterdom/src/Masterdom.Platform/Recommendation/Recommendation.cs(103,27): warning CS1591: Missing XML comment for publicly visible type or member 'Recommendation.Reject(string, DateTime)' [/Users/kady/Masterdom/src/Masterdom.Platform/Masterdom.Platform.csproj]
/Users/kady/Masterdom/src/Masterdom.Platform/Recommendation/Recommendation.cs(115,27): warning CS1591: Missing XML comment for publicly visible type or member 'Recommendation.Archive(string, DateTime)' [/Users/kady/Masterdom/src/Masterdom.Platform/Masterdom.Platform.csproj]
/Users/kady/Masterdom/src/Masterdom.Platform/Recommendation/RecommendationBundle.cs(3,21): warning CS1591: Missing XML comment for publicly visible type or member 'RecommendationBundle' [/Users/kady/Masterdom/src/Masterdom.Platform/Masterdom.Platform.csproj]
/Users/kady/Masterdom/src/Masterdom.Platform/Recommendation/RecommendationBundle.cs(23,35): warning CS1591: Missing XML comment for publicly visible type or member 'RecommendationBundle.Id' [/Users/kady/Masterdom/src/Masterdom.Platform/Masterdom.Platform.csproj]
/Users/kady/Masterdom/src/Masterdom.Platform/Recommendation/RecommendationBundle.cs(25,39): warning CS1591: Missing XML comment for publicly visible type or member 'RecommendationBundle.Status' [/Users/kady/Masterdom/src/Masterdom.Platform/Masterdom.Platform.csproj]
/Users/kady/Masterdom/src/Masterdom.Platform/Recommendation/RecommendationBundle.cs(27,42): warning CS1591: Missing XML comment for publicly visible type or member 'RecommendationBundle.Recommendations' [/Users/kady/Masterdom/src/Masterdom.Platform/Masterdom.Platform.csproj]
/Users/kady/Masterdom/src/Masterdom.Platform/Recommendation/RecommendationBundle.cs(29,21): warning CS1591: Missing XML comment for publicly visible type or member 'RecommendationBundle.CreatedAtUtc' [/Users/kady/Masterdom/src/Masterdom.Platform/Masterdom.Platform.csproj]
/Users/kady/Masterdom/src/Masterdom.Platform/Recommendation/RecommendationBundle.cs(31,21): warning CS1591: Missing XML comment for publicly visible type or member 'RecommendationBundle.EffectiveDateUtc' [/Users/kady/Masterdom/src/Masterdom.Platform/Masterdom.Platform.csproj]
/Users/kady/Masterdom/src/Masterdom.Platform/Recommendation/RecommendationBundle.cs(33,19): warning CS1591: Missing XML comment for publicly visible type or member 'RecommendationBundle.Version' [/Users/kady/Masterdom/src/Masterdom.Platform/Masterdom.Platform.csproj]
/Users/kady/Masterdom/src/Masterdom.Platform/Recommendation/RecommendationBundle.cs(35,24): warning CS1591: Missing XML comment for publicly visible type or member 'RecommendationBundle.DecisionId' [/Users/kady/Masterdom/src/Masterdom.Platform/Masterdom.Platform.csproj]
/Users/kady/Masterdom/src/Masterdom.Platform/Recommendation/RecommendationBundle.cs(37,40): warning CS1591: Missing XML comment for publicly visible type or member 'RecommendationBundle.CreateDraft(RecommendationBundleId, IReadOnlyList<Recommendation>, DateTime, DateTime, string)' [/Users/kady/Masterdom/src/Masterdom.Platform/Masterdom.Platform.csproj]
/Users/kady/Masterdom/src/Masterdom.Platform/Recommendation/RecommendationBundle.cs(72,33): warning CS1591: Missing XML comment for publicly visible type or member 'RecommendationBundle.Open()' [/Users/kady/Masterdom/src/Masterdom.Platform/Masterdom.Platform.csproj]
/Users/kady/Masterdom/src/Masterdom.Platform/Recommendation/RecommendationBundle.cs(82,33): warning CS1591: Missing XML comment for publicly visible type or member 'RecommendationBundle.FinalizeBundle()' [/Users/kady/Masterdom/src/Masterdom.Platform/Masterdom.Platform.csproj]
/Users/kady/Masterdom/src/Masterdom.Platform/Recommendation/RecommendationBundle.cs(92,33): warning CS1591: Missing XML comment for publicly visible type or member 'RecommendationBundle.MarkDecided(DecisionId)' [/Users/kady/Masterdom/src/Masterdom.Platform/Masterdom.Platform.csproj]
/Users/kady/Masterdom/src/Masterdom.Platform/Recommendation/RecommendationBundleId.cs(3,21): warning CS1591: Missing XML comment for publicly visible type or member 'RecommendationBundleId' [/Users/kady/Masterdom/src/Masterdom.Platform/Masterdom.Platform.csproj]
/Users/kady/Masterdom/src/Masterdom.Platform/Recommendation/RecommendationBundleId.cs(10,17): warning CS1591: Missing XML comment for publicly visible type or member 'RecommendationBundleId.Value' [/Users/kady/Masterdom/src/Masterdom.Platform/Masterdom.Platform.csproj]
/Users/kady/Masterdom/src/Masterdom.Platform/Recommendation/RecommendationBundleId.cs(12,42): warning CS1591: Missing XML comment for publicly visible type or member 'RecommendationBundleId.New()' [/Users/kady/Masterdom/src/Masterdom.Platform/Masterdom.Platform.csproj]
/Users/kady/Masterdom/src/Masterdom.Platform/Recommendation/RecommendationBundleId.cs(17,42): warning CS1591: Missing XML comment for publicly visible type or member 'RecommendationBundleId.From(Guid)' [/Users/kady/Masterdom/src/Masterdom.Platform/Masterdom.Platform.csproj]
/Users/kady/Masterdom/src/Masterdom.Platform/Recommendation/RecommendationBundleId.cs(27,17): warning CS1591: Missing XML comment for publicly visible type or member 'RecommendationBundleId.Equals(RecommendationBundleId?)' [/Users/kady/Masterdom/src/Masterdom.Platform/Masterdom.Platform.csproj]
/Users/kady/Masterdom/src/Masterdom.Platform/Recommendation/RecommendationBundleId.cs(32,26): warning CS1591: Missing XML comment for publicly visible type or member 'RecommendationBundleId.Equals(object?)' [/Users/kady/Masterdom/src/Masterdom.Platform/Masterdom.Platform.csproj]
/Users/kady/Masterdom/src/Masterdom.Platform/Recommendation/RecommendationBundleId.cs(37,25): warning CS1591: Missing XML comment for publicly visible type or member 'RecommendationBundleId.GetHashCode()' [/Users/kady/Masterdom/src/Masterdom.Platform/Masterdom.Platform.csproj]
/Users/kady/Masterdom/src/Masterdom.Platform/Recommendation/RecommendationBundleStatus.cs(3,13): warning CS1591: Missing XML comment for publicly visible type or member 'RecommendationBundleStatus' [/Users/kady/Masterdom/src/Masterdom.Platform/Masterdom.Platform.csproj]
/Users/kady/Masterdom/src/Masterdom.Platform/Recommendation/RecommendationBundleStatus.cs(5,5): warning CS1591: Missing XML comment for publicly visible type or member 'RecommendationBundleStatus.Draft' [/Users/kady/Masterdom/src/Masterdom.Platform/Masterdom.Platform.csproj]
/Users/kady/Masterdom/src/Masterdom.Platform/Recommendation/RecommendationBundleStatus.cs(6,5): warning CS1591: Missing XML comment for publicly visible type or member 'RecommendationBundleStatus.Open' [/Users/kady/Masterdom/src/Masterdom.Platform/Masterdom.Platform.csproj]
/Users/kady/Masterdom/src/Masterdom.Platform/Recommendation/RecommendationBundleStatus.cs(7,5): warning CS1591: Missing XML comment for publicly visible type or member 'RecommendationBundleStatus.Finalized' [/Users/kady/Masterdom/src/Masterdom.Platform/Masterdom.Platform.csproj]
/Users/kady/Masterdom/src/Masterdom.Platform/Recommendation/RecommendationBundleStatus.cs(8,5): warning CS1591: Missing XML comment for publicly visible type or member 'RecommendationBundleStatus.Decided' [/Users/kady/Masterdom/src/Masterdom.Platform/Masterdom.Platform.csproj]
/Users/kady/Masterdom/src/Masterdom.Platform/Recommendation/RecommendationConfidence.cs(3,21): warning CS1591: Missing XML comment for publicly visible type or member 'RecommendationConfidence' [/Users/kady/Masterdom/src/Masterdom.Platform/Masterdom.Platform.csproj]
/Users/kady/Masterdom/src/Masterdom.Platform/Recommendation/RecommendationConfidence.cs(10,20): warning CS1591: Missing XML comment for publicly visible type or member 'RecommendationConfidence.Value' [/Users/kady/Masterdom/src/Masterdom.Platform/Masterdom.Platform.csproj]
/Users/kady/Masterdom/src/Masterdom.Platform/Recommendation/RecommendationConfidence.cs(12,44): warning CS1591: Missing XML comment for publicly visible type or member 'RecommendationConfidence.Create(decimal)' [/Users/kady/Masterdom/src/Masterdom.Platform/Masterdom.Platform.csproj]
/Users/kady/Masterdom/src/Masterdom.Platform/Recommendation/RecommendationConfidence.cs(22,17): warning CS1591: Missing XML comment for publicly visible type or member 'RecommendationConfidence.Equals(RecommendationConfidence?)' [/Users/kady/Masterdom/src/Masterdom.Platform/Masterdom.Platform.csproj]
/Users/kady/Masterdom/src/Masterdom.Platform/Recommendation/RecommendationConfidence.cs(27,26): warning CS1591: Missing XML comment for publicly visible type or member 'RecommendationConfidence.Equals(object?)' [/Users/kady/Masterdom/src/Masterdom.Platform/Masterdom.Platform.csproj]
/Users/kady/Masterdom/src/Masterdom.Platform/Recommendation/RecommendationConfidence.cs(32,25): warning CS1591: Missing XML comment for publicly visible type or member 'RecommendationConfidence.GetHashCode()' [/Users/kady/Masterdom/src/Masterdom.Platform/Masterdom.Platform.csproj]
/Users/kady/Masterdom/src/Masterdom.Platform/Recommendation/RecommendationConsumerExecutionContext.cs(6,21): warning CS1591: Missing XML comment for publicly visible type or member 'RecommendationConsumerExecutionContext' [/Users/kady/Masterdom/src/Masterdom.Platform/Masterdom.Platform.csproj]
/Users/kady/Masterdom/src/Masterdom.Platform/Recommendation/RecommendationConsumerExecutionContext.cs(8,12): warning CS1591: Missing XML comment for publicly visible type or member 'RecommendationConsumerExecutionContext.RecommendationConsumerExecutionContext(Recommendation, RecommendationBundle, OptimizationSession, BusinessContext, Guid, DateTime, DateTime, string?, Decision?, bool, CancellationToken, IReadOnlyDictionary<string, string>?)' [/Users/kady/Masterdom/src/Masterdom.Platform/Masterdom.Platform.csproj]
/Users/kady/Masterdom/src/Masterdom.Platform/Recommendation/RecommendationConsumerExecutionContext.cs(57,27): warning CS1591: Missing XML comment for publicly visible type or member 'RecommendationConsumerExecutionContext.Recommendation' [/Users/kady/Masterdom/src/Masterdom.Platform/Masterdom.Platform.csproj]
/Users/kady/Masterdom/src/Masterdom.Platform/Recommendation/RecommendationConsumerExecutionContext.cs(59,33): warning CS1591: Missing XML comment for publicly visible type or member 'RecommendationConsumerExecutionContext.RecommendationBundle' [/Users/kady/Masterdom/src/Masterdom.Platform/Masterdom.Platform.csproj]
/Users/kady/Masterdom/src/Masterdom.Platform/Recommendation/RecommendationConsumerExecutionContext.cs(61,32): warning CS1591: Missing XML comment for publicly visible type or member 'RecommendationConsumerExecutionContext.OptimizationSession' [/Users/kady/Masterdom/src/Masterdom.Platform/Masterdom.Platform.csproj]
/Users/kady/Masterdom/src/Masterdom.Platform/Recommendation/RecommendationConsumerExecutionContext.cs(63,33): warning CS1591: Missing XML comment for publicly visible type or member 'RecommendationConsumerExecutionContext.BusinessContext' [/Users/kady/Masterdom/src/Masterdom.Platform/Masterdom.Platform.csproj]
/Users/kady/Masterdom/src/Masterdom.Platform/Recommendation/RecommendationConsumerExecutionContext.cs(65,17): warning CS1591: Missing XML comment for publicly visible type or member 'RecommendationConsumerExecutionContext.CorrelationId' [/Users/kady/Masterdom/src/Masterdom.Platform/Masterdom.Platform.csproj]
/Users/kady/Masterdom/src/Masterdom.Platform/Recommendation/RecommendationConsumerExecutionContext.cs(67,21): warning CS1591: Missing XML comment for publicly visible type or member 'RecommendationConsumerExecutionContext.ExecutionTimestampUtc' [/Users/kady/Masterdom/src/Masterdom.Platform/Masterdom.Platform.csproj]
/Users/kady/Masterdom/src/Masterdom.Platform/Recommendation/RecommendationConsumerExecutionContext.cs(69,21): warning CS1591: Missing XML comment for publicly visible type or member 'RecommendationConsumerExecutionContext.EffectiveDateUtc' [/Users/kady/Masterdom/src/Masterdom.Platform/Masterdom.Platform.csproj]
/Users/kady/Masterdom/src/Masterdom.Platform/Recommendation/RecommendationConsumerExecutionContext.cs(71,20): warning CS1591: Missing XML comment for publicly visible type or member 'RecommendationConsumerExecutionContext.ConfigurationVersion' [/Users/kady/Masterdom/src/Masterdom.Platform/Masterdom.Platform.csproj]
/Users/kady/Masterdom/src/Masterdom.Platform/Recommendation/RecommendationConsumerExecutionContext.cs(73,22): warning CS1591: Missing XML comment for publicly visible type or member 'RecommendationConsumerExecutionContext.Decision' [/Users/kady/Masterdom/src/Masterdom.Platform/Masterdom.Platform.csproj]
/Users/kady/Masterdom/src/Masterdom.Platform/Recommendation/RecommendationConsumerExecutionContext.cs(75,17): warning CS1591: Missing XML comment for publicly visible type or member 'RecommendationConsumerExecutionContext.StopOnConsumerFailure' [/Users/kady/Masterdom/src/Masterdom.Platform/Masterdom.Platform.csproj]
/Users/kady/Masterdom/src/Masterdom.Platform/Recommendation/RecommendationConsumerExecutionContext.cs(77,30): warning CS1591: Missing XML comment for publicly visible type or member 'RecommendationConsumerExecutionContext.CancellationToken' [/Users/kady/Masterdom/src/Masterdom.Platform/Masterdom.Platform.csproj]
/Users/kady/Masterdom/src/Masterdom.Platform/Recommendation/RecommendationConsumerExecutionContext.cs(79,48): warning CS1591: Missing XML comment for publicly visible type or member 'RecommendationConsumerExecutionContext.Attributes' [/Users/kady/Masterdom/src/Masterdom.Platform/Masterdom.Platform.csproj]
/Users/kady/Masterdom/src/Masterdom.Platform/Recommendation/RecommendationConsumerExecutionSummary.cs(3,21): warning CS1591: Missing XML comment for publicly visible type or member 'RecommendationConsumerExecutionSummary' [/Users/kady/Masterdom/src/Masterdom.Platform/Masterdom.Platform.csproj]
/Users/kady/Masterdom/src/Masterdom.Platform/Recommendation/RecommendationConsumerExecutionSummary.cs(5,58): warning CS1591: Missing XML comment for publicly visible type or member 'RecommendationConsumerExecutionSummary.Empty' [/Users/kady/Masterdom/src/Masterdom.Platform/Masterdom.Platform.csproj]
/Users/kady/Masterdom/src/Masterdom.Platform/Recommendation/RecommendationConsumerExecutionSummary.cs(7,12): warning CS1591: Missing XML comment for publicly visible type or member 'RecommendationConsumerExecutionSummary.RecommendationConsumerExecutionSummary(IReadOnlyList<RecommendationConsumerResult>, IReadOnlyList<string>)' [/Users/kady/Masterdom/src/Masterdom.Platform/Masterdom.Platform.csproj]
/Users/kady/Masterdom/src/Masterdom.Platform/Recommendation/RecommendationConsumerExecutionSummary.cs(15,56): warning CS1591: Missing XML comment for publicly visible type or member 'RecommendationConsumerExecutionSummary.Results' [/Users/kady/Masterdom/src/Masterdom.Platform/Masterdom.Platform.csproj]
/Users/kady/Masterdom/src/Masterdom.Platform/Recommendation/RecommendationConsumerExecutionSummary.cs(17,34): warning CS1591: Missing XML comment for publicly visible type or member 'RecommendationConsumerExecutionSummary.Failures' [/Users/kady/Masterdom/src/Masterdom.Platform/Masterdom.Platform.csproj]
/Users/kady/Masterdom/src/Masterdom.Platform/Recommendation/RecommendationConsumerExecutionSummary.cs(19,17): warning CS1591: Missing XML comment for publicly visible type or member 'RecommendationConsumerExecutionSummary.HasFailures' [/Users/kady/Masterdom/src/Masterdom.Platform/Masterdom.Platform.csproj]
/Users/kady/Masterdom/src/Masterdom.Platform/Recommendation/RecommendationConsumerExecutionSummary.cs(21,16): warning CS1591: Missing XML comment for publicly visible type or member 'RecommendationConsumerExecutionSummary.ExecutedConsumerCount' [/Users/kady/Masterdom/src/Masterdom.Platform/Masterdom.Platform.csproj]
/Users/kady/Masterdom/src/Masterdom.Platform/Recommendation/RecommendationConsumerExecutionSummary.cs(23,16): warning CS1591: Missing XML comment for publicly visible type or member 'RecommendationConsumerExecutionSummary.SuccessfulConsumerCount' [/Users/kady/Masterdom/src/Masterdom.Platform/Masterdom.Platform.csproj]
/Users/kady/Masterdom/src/Masterdom.Platform/Recommendation/RecommendationConsumerExecutionSummary.cs(25,16): warning CS1591: Missing XML comment for publicly visible type or member 'RecommendationConsumerExecutionSummary.FailedConsumerCount' [/Users/kady/Masterdom/src/Masterdom.Platform/Masterdom.Platform.csproj]
/Users/kady/Masterdom/src/Masterdom.Platform/Recommendation/RecommendationConsumerExecutionSummary.cs(27,58): warning CS1591: Missing XML comment for publicly visible type or member 'RecommendationConsumerExecutionSummary.Merge(RecommendationConsumerExecutionSummary, RecommendationConsumerExecutionSummary)' [/Users/kady/Masterdom/src/Masterdom.Platform/Masterdom.Platform.csproj]
/Users/kady/Masterdom/src/Masterdom.Platform/Recommendation/RecommendationConsumerRegistry.cs(3,21): warning CS1591: Missing XML comment for publicly visible type or member 'RecommendationConsumerRegistry' [/Users/kady/Masterdom/src/Masterdom.Platform/Masterdom.Platform.csproj]
/Users/kady/Masterdom/src/Masterdom.Platform/Recommendation/RecommendationConsumerRegistry.cs(7,12): warning CS1591: Missing XML comment for publicly visible type or member 'RecommendationConsumerRegistry.RecommendationConsumerRegistry(IEnumerable<IRecommendationConsumer>?)' [/Users/kady/Masterdom/src/Masterdom.Platform/Masterdom.Platform.csproj]
/Users/kady/Masterdom/src/Masterdom.Platform/Recommendation/RecommendationConsumerRegistry.cs(12,51): warning CS1591: Missing XML comment for publicly visible type or member 'RecommendationConsumerRegistry.GetOrderedConsumers()' [/Users/kady/Masterdom/src/Masterdom.Platform/Masterdom.Platform.csproj]
/Users/kady/Masterdom/src/Masterdom.Platform/Recommendation/RecommendationConsumerRegistry.cs(21,51): warning CS1591: Missing XML comment for publicly visible type or member 'RecommendationConsumerRegistry.Execute(RecommendationConsumerExecutionContext)' [/Users/kady/Masterdom/src/Masterdom.Platform/Masterdom.Platform.csproj]
/Users/kady/Masterdom/src/Masterdom.Platform/Recommendation/RecommendationConsumerResult.cs(3,21): warning CS1591: Missing XML comment for publicly visible type or member 'RecommendationConsumerResult' [/Users/kady/Masterdom/src/Masterdom.Platform/Masterdom.Platform.csproj]
/Users/kady/Masterdom/src/Masterdom.Platform/Recommendation/RecommendationConsumerResult.cs(5,12): warning CS1591: Missing XML comment for publicly visible type or member 'RecommendationConsumerResult.RecommendationConsumerResult(string, bool, bool, int, string?)' [/Users/kady/Masterdom/src/Masterdom.Platform/Masterdom.Platform.csproj]
/Users/kady/Masterdom/src/Masterdom.Platform/Recommendation/RecommendationConsumerResult.cs(29,19): warning CS1591: Missing XML comment for publicly visible type or member 'RecommendationConsumerResult.ConsumerName' [/Users/kady/Masterdom/src/Masterdom.Platform/Masterdom.Platform.csproj]
/Users/kady/Masterdom/src/Masterdom.Platform/Recommendation/RecommendationConsumerResult.cs(31,17): warning CS1591: Missing XML comment for publicly visible type or member 'RecommendationConsumerResult.Succeeded' [/Users/kady/Masterdom/src/Masterdom.Platform/Masterdom.Platform.csproj]
/Users/kady/Masterdom/src/Masterdom.Platform/Recommendation/RecommendationConsumerResult.cs(33,17): warning CS1591: Missing XML comment for publicly visible type or member 'RecommendationConsumerResult.IsOptional' [/Users/kady/Masterdom/src/Masterdom.Platform/Masterdom.Platform.csproj]
/Users/kady/Masterdom/src/Masterdom.Platform/Recommendation/RecommendationConsumerResult.cs(35,16): warning CS1591: Missing XML comment for publicly visible type or member 'RecommendationConsumerResult.ProcessedRecommendationCount' [/Users/kady/Masterdom/src/Masterdom.Platform/Masterdom.Platform.csproj]
/Users/kady/Masterdom/src/Masterdom.Platform/Recommendation/RecommendationConsumerResult.cs(37,20): warning CS1591: Missing XML comment for publicly visible type or member 'RecommendationConsumerResult.Message' [/Users/kady/Masterdom/src/Masterdom.Platform/Masterdom.Platform.csproj]
/Users/kady/Masterdom/src/Masterdom.Platform/Recommendation/RecommendationConsumerValidation.cs(3,21): warning CS1591: Missing XML comment for publicly visible type or member 'RecommendationConsumerValidation' [/Users/kady/Masterdom/src/Masterdom.Platform/Masterdom.Platform.csproj]
/Users/kady/Masterdom/src/Masterdom.Platform/Recommendation/RecommendationConsumerValidation.cs(5,24): warning CS1591: Missing XML comment for publicly visible type or member 'RecommendationConsumerValidation.ValidateRegistrations(IReadOnlyList<IRecommendationConsumer>)' [/Users/kady/Masterdom/src/Masterdom.Platform/Masterdom.Platform.csproj]
/Users/kady/Masterdom/src/Masterdom.Platform/Recommendation/RecommendationConsumerValidation.cs(62,24): warning CS1591: Missing XML comment for publicly visible type or member 'RecommendationConsumerValidation.ValidateResult(IRecommendationConsumer, RecommendationConsumerResult, RecommendationConsumerExecutionContext)' [/Users/kady/Masterdom/src/Masterdom.Platform/Masterdom.Platform.csproj]
/Users/kady/Masterdom/src/Masterdom.Platform/Recommendation/RecommendationEvidence.cs(5,21): warning CS1591: Missing XML comment for publicly visible type or member 'RecommendationEvidence' [/Users/kady/Masterdom/src/Masterdom.Platform/Masterdom.Platform.csproj]
/Users/kady/Masterdom/src/Masterdom.Platform/Recommendation/RecommendationEvidence.cs(7,12): warning CS1591: Missing XML comment for publicly visible type or member 'RecommendationEvidence.RecommendationEvidence(string, string, IReadOnlyDictionary<string, string>?)' [/Users/kady/Masterdom/src/Masterdom.Platform/Masterdom.Platform.csproj]
/Users/kady/Masterdom/src/Masterdom.Platform/Recommendation/RecommendationEvidence.cs(28,19): warning CS1591: Missing XML comment for publicly visible type or member 'RecommendationEvidence.Code' [/Users/kady/Masterdom/src/Masterdom.Platform/Masterdom.Platform.csproj]
/Users/kady/Masterdom/src/Masterdom.Platform/Recommendation/RecommendationEvidence.cs(30,19): warning CS1591: Missing XML comment for publicly visible type or member 'RecommendationEvidence.Detail' [/Users/kady/Masterdom/src/Masterdom.Platform/Masterdom.Platform.csproj]
/Users/kady/Masterdom/src/Masterdom.Platform/Recommendation/RecommendationEvidence.cs(32,48): warning CS1591: Missing XML comment for publicly visible type or member 'RecommendationEvidence.Attributes' [/Users/kady/Masterdom/src/Masterdom.Platform/Masterdom.Platform.csproj]
/Users/kady/Masterdom/src/Masterdom.Platform/Recommendation/RecommendationExplanation.cs(3,21): warning CS1591: Missing XML comment for publicly visible type or member 'RecommendationExplanation' [/Users/kady/Masterdom/src/Masterdom.Platform/Masterdom.Platform.csproj]
/Users/kady/Masterdom/src/Masterdom.Platform/Recommendation/RecommendationExplanation.cs(5,12): warning CS1591: Missing XML comment for publicly visible type or member 'RecommendationExplanation.RecommendationExplanation(string, IReadOnlyList<string>?)' [/Users/kady/Masterdom/src/Masterdom.Platform/Masterdom.Platform.csproj]
/Users/kady/Masterdom/src/Masterdom.Platform/Recommendation/RecommendationExplanation.cs(16,19): warning CS1591: Missing XML comment for publicly visible type or member 'RecommendationExplanation.Summary' [/Users/kady/Masterdom/src/Masterdom.Platform/Masterdom.Platform.csproj]
/Users/kady/Masterdom/src/Masterdom.Platform/Recommendation/RecommendationExplanation.cs(18,34): warning CS1591: Missing XML comment for publicly visible type or member 'RecommendationExplanation.ReasoningSteps' [/Users/kady/Masterdom/src/Masterdom.Platform/Masterdom.Platform.csproj]
/Users/kady/Masterdom/src/Masterdom.Platform/Recommendation/RecommendationId.cs(13,17): warning CS1591: Missing XML comment for publicly visible type or member 'RecommendationId.Value' [/Users/kady/Masterdom/src/Masterdom.Platform/Masterdom.Platform.csproj]
/Users/kady/Masterdom/src/Masterdom.Platform/Recommendation/RecommendationId.cs(15,36): warning CS1591: Missing XML comment for publicly visible type or member 'RecommendationId.New()' [/Users/kady/Masterdom/src/Masterdom.Platform/Masterdom.Platform.csproj]
/Users/kady/Masterdom/src/Masterdom.Platform/Recommendation/RecommendationId.cs(20,36): warning CS1591: Missing XML comment for publicly visible type or member 'RecommendationId.From(Guid)' [/Users/kady/Masterdom/src/Masterdom.Platform/Masterdom.Platform.csproj]
/Users/kady/Masterdom/src/Masterdom.Platform/Recommendation/RecommendationId.cs(30,17): warning CS1591: Missing XML comment for publicly visible type or member 'RecommendationId.Equals(RecommendationId?)' [/Users/kady/Masterdom/src/Masterdom.Platform/Masterdom.Platform.csproj]
/Users/kady/Masterdom/src/Masterdom.Platform/Recommendation/RecommendationId.cs(35,26): warning CS1591: Missing XML comment for publicly visible type or member 'RecommendationId.Equals(object?)' [/Users/kady/Masterdom/src/Masterdom.Platform/Masterdom.Platform.csproj]
/Users/kady/Masterdom/src/Masterdom.Platform/Recommendation/RecommendationId.cs(40,25): warning CS1591: Missing XML comment for publicly visible type or member 'RecommendationId.GetHashCode()' [/Users/kady/Masterdom/src/Masterdom.Platform/Masterdom.Platform.csproj]
/Users/kady/Masterdom/src/Masterdom.Platform/Recommendation/RecommendationId.cs(45,28): warning CS1591: Missing XML comment for publicly visible type or member 'RecommendationId.ToString()' [/Users/kady/Masterdom/src/Masterdom.Platform/Masterdom.Platform.csproj]
/Users/kady/Masterdom/src/Masterdom.Platform/Recommendation/RecommendationMetadata.cs(5,21): warning CS1591: Missing XML comment for publicly visible type or member 'RecommendationMetadata' [/Users/kady/Masterdom/src/Masterdom.Platform/Masterdom.Platform.csproj]
/Users/kady/Masterdom/src/Masterdom.Platform/Recommendation/RecommendationMetadata.cs(7,12): warning CS1591: Missing XML comment for publicly visible type or member 'RecommendationMetadata.RecommendationMetadata(DateTime, DateTime, string, string, IReadOnlyDictionary<string, string>?)' [/Users/kady/Masterdom/src/Masterdom.Platform/Masterdom.Platform.csproj]
/Users/kady/Masterdom/src/Masterdom.Platform/Recommendation/RecommendationMetadata.cs(42,21): warning CS1591: Missing XML comment for publicly visible type or member 'RecommendationMetadata.CreatedAtUtc' [/Users/kady/Masterdom/src/Masterdom.Platform/Masterdom.Platform.csproj]
/Users/kady/Masterdom/src/Masterdom.Platform/Recommendation/RecommendationMetadata.cs(44,21): warning CS1591: Missing XML comment for publicly visible type or member 'RecommendationMetadata.EffectiveDateUtc' [/Users/kady/Masterdom/src/Masterdom.Platform/Masterdom.Platform.csproj]
/Users/kady/Masterdom/src/Masterdom.Platform/Recommendation/RecommendationMetadata.cs(46,19): warning CS1591: Missing XML comment for publicly visible type or member 'RecommendationMetadata.Version' [/Users/kady/Masterdom/src/Masterdom.Platform/Masterdom.Platform.csproj]
/Users/kady/Masterdom/src/Masterdom.Platform/Recommendation/RecommendationMetadata.cs(48,19): warning CS1591: Missing XML comment for publicly visible type or member 'RecommendationMetadata.Source' [/Users/kady/Masterdom/src/Masterdom.Platform/Masterdom.Platform.csproj]
/Users/kady/Masterdom/src/Masterdom.Platform/Recommendation/RecommendationMetadata.cs(50,48): warning CS1591: Missing XML comment for publicly visible type or member 'RecommendationMetadata.Attributes' [/Users/kady/Masterdom/src/Masterdom.Platform/Masterdom.Platform.csproj]
/Users/kady/Masterdom/src/Masterdom.Platform/Recommendation/RecommendationPipeline.cs(6,21): warning CS1591: Missing XML comment for publicly visible type or member 'RecommendationPipeline' [/Users/kady/Masterdom/src/Masterdom.Platform/Masterdom.Platform.csproj]
/Users/kady/Masterdom/src/Masterdom.Platform/Recommendation/RecommendationPipeline.cs(15,12): warning CS1591: Missing XML comment for publicly visible type or member 'RecommendationPipeline.RecommendationPipeline(RecommendationProviderRegistry, RecommendationConsumerRegistry, IEnumerable<IDecisionHandler>, IRecommendationRepository, IDecisionRepository, IOptimizationSessionRepository)' [/Users/kady/Masterdom/src/Masterdom.Platform/Masterdom.Platform.csproj]
/Users/kady/Masterdom/src/Masterdom.Platform/Recommendation/RecommendationPipeline.cs(31,32): warning CS1591: Missing XML comment for publicly visible type or member 'RecommendationPipeline.CreateSession(BusinessContext)' [/Users/kady/Masterdom/src/Masterdom.Platform/Masterdom.Platform.csproj]
/Users/kady/Masterdom/src/Masterdom.Platform/Recommendation/RecommendationPipeline.cs(51,33): warning CS1591: Missing XML comment for publicly visible type or member 'RecommendationPipeline.BuildBundle(BusinessContext, OptimizationSession)' [/Users/kady/Masterdom/src/Masterdom.Platform/Masterdom.Platform.csproj]
/Users/kady/Masterdom/src/Masterdom.Platform/Recommendation/RecommendationPipeline.cs(99,21): warning CS1591: Missing XML comment for publicly visible type or member 'RecommendationPipeline.CreateDecision(BusinessContext, RecommendationBundle, DecisionType, DecisionReason, bool)' [/Users/kady/Masterdom/src/Masterdom.Platform/Masterdom.Platform.csproj]
/Users/kady/Masterdom/src/Masterdom.Platform/Recommendation/RecommendationPipeline.cs(138,51): warning CS1591: Missing XML comment for publicly visible type or member 'RecommendationPipeline.ExecuteConsumers(BusinessContext, OptimizationSession, RecommendationBundle, Decision?, bool, CancellationToken)' [/Users/kady/Masterdom/src/Masterdom.Platform/Masterdom.Platform.csproj]
/Users/kady/Masterdom/src/Masterdom.Platform/Recommendation/RecommendationPriority.cs(3,21): warning CS1591: Missing XML comment for publicly visible type or member 'RecommendationPriority' [/Users/kady/Masterdom/src/Masterdom.Platform/Masterdom.Platform.csproj]
/Users/kady/Masterdom/src/Masterdom.Platform/Recommendation/RecommendationPriority.cs(10,16): warning CS1591: Missing XML comment for publicly visible type or member 'RecommendationPriority.Value' [/Users/kady/Masterdom/src/Masterdom.Platform/Masterdom.Platform.csproj]
/Users/kady/Masterdom/src/Masterdom.Platform/Recommendation/RecommendationPriority.cs(12,42): warning CS1591: Missing XML comment for publicly visible type or member 'RecommendationPriority.Create(int)' [/Users/kady/Masterdom/src/Masterdom.Platform/Masterdom.Platform.csproj]
/Users/kady/Masterdom/src/Masterdom.Platform/Recommendation/RecommendationPriority.cs(22,17): warning CS1591: Missing XML comment for publicly visible type or member 'RecommendationPriority.Equals(RecommendationPriority?)' [/Users/kady/Masterdom/src/Masterdom.Platform/Masterdom.Platform.csproj]
/Users/kady/Masterdom/src/Masterdom.Platform/Recommendation/RecommendationPriority.cs(27,26): warning CS1591: Missing XML comment for publicly visible type or member 'RecommendationPriority.Equals(object?)' [/Users/kady/Masterdom/src/Masterdom.Platform/Masterdom.Platform.csproj]
/Users/kady/Masterdom/src/Masterdom.Platform/Recommendation/RecommendationPriority.cs(32,25): warning CS1591: Missing XML comment for publicly visible type or member 'RecommendationPriority.GetHashCode()' [/Users/kady/Masterdom/src/Masterdom.Platform/Masterdom.Platform.csproj]
/Users/kady/Masterdom/src/Masterdom.Platform/Recommendation/RecommendationProviderRegistry.cs(3,21): warning CS1591: Missing XML comment for publicly visible type or member 'RecommendationProviderRegistry' [/Users/kady/Masterdom/src/Masterdom.Platform/Masterdom.Platform.csproj]
/Users/kady/Masterdom/src/Masterdom.Platform/Recommendation/RecommendationProviderRegistry.cs(7,12): warning CS1591: Missing XML comment for publicly visible type or member 'RecommendationProviderRegistry.RecommendationProviderRegistry(IEnumerable<IRecommendationProvider>?)' [/Users/kady/Masterdom/src/Masterdom.Platform/Masterdom.Platform.csproj]
/Users/kady/Masterdom/src/Masterdom.Platform/Recommendation/RecommendationProviderRegistry.cs(12,51): warning CS1591: Missing XML comment for publicly visible type or member 'RecommendationProviderRegistry.GetOrderedProviders()' [/Users/kady/Masterdom/src/Masterdom.Platform/Masterdom.Platform.csproj]
/Users/kady/Masterdom/src/Masterdom.Platform/Recommendation/RecommendationStatus.cs(3,13): warning CS1591: Missing XML comment for publicly visible type or member 'RecommendationStatus' [/Users/kady/Masterdom/src/Masterdom.Platform/Masterdom.Platform.csproj]
/Users/kady/Masterdom/src/Masterdom.Platform/Recommendation/RecommendationStatus.cs(5,5): warning CS1591: Missing XML comment for publicly visible type or member 'RecommendationStatus.Draft' [/Users/kady/Masterdom/src/Masterdom.Platform/Masterdom.Platform.csproj]
/Users/kady/Masterdom/src/Masterdom.Platform/Recommendation/RecommendationStatus.cs(6,5): warning CS1591: Missing XML comment for publicly visible type or member 'RecommendationStatus.Proposed' [/Users/kady/Masterdom/src/Masterdom.Platform/Masterdom.Platform.csproj]
/Users/kady/Masterdom/src/Masterdom.Platform/Recommendation/RecommendationStatus.cs(7,5): warning CS1591: Missing XML comment for publicly visible type or member 'RecommendationStatus.Accepted' [/Users/kady/Masterdom/src/Masterdom.Platform/Masterdom.Platform.csproj]
/Users/kady/Masterdom/src/Masterdom.Platform/Recommendation/RecommendationStatus.cs(8,5): warning CS1591: Missing XML comment for publicly visible type or member 'RecommendationStatus.Rejected' [/Users/kady/Masterdom/src/Masterdom.Platform/Masterdom.Platform.csproj]
/Users/kady/Masterdom/src/Masterdom.Platform/Recommendation/RecommendationStatus.cs(9,5): warning CS1591: Missing XML comment for publicly visible type or member 'RecommendationStatus.Archived' [/Users/kady/Masterdom/src/Masterdom.Platform/Masterdom.Platform.csproj]
/Users/kady/Masterdom/src/Masterdom.Platform/Recommendation/RecommendationType.cs(3,21): warning CS1591: Missing XML comment for publicly visible type or member 'RecommendationType' [/Users/kady/Masterdom/src/Masterdom.Platform/Masterdom.Platform.csproj]
/Users/kady/Masterdom/src/Masterdom.Platform/Recommendation/RecommendationType.cs(10,19): warning CS1591: Missing XML comment for publicly visible type or member 'RecommendationType.Value' [/Users/kady/Masterdom/src/Masterdom.Platform/Masterdom.Platform.csproj]
/Users/kady/Masterdom/src/Masterdom.Platform/Recommendation/RecommendationType.cs(12,38): warning CS1591: Missing XML comment for publicly visible type or member 'RecommendationType.Create(string)' [/Users/kady/Masterdom/src/Masterdom.Platform/Masterdom.Platform.csproj]
/Users/kady/Masterdom/src/Masterdom.Platform/Recommendation/RecommendationType.cs(22,17): warning CS1591: Missing XML comment for publicly visible type or member 'RecommendationType.Equals(RecommendationType?)' [/Users/kady/Masterdom/src/Masterdom.Platform/Masterdom.Platform.csproj]
/Users/kady/Masterdom/src/Masterdom.Platform/Recommendation/RecommendationType.cs(28,26): warning CS1591: Missing XML comment for publicly visible type or member 'RecommendationType.Equals(object?)' [/Users/kady/Masterdom/src/Masterdom.Platform/Masterdom.Platform.csproj]
/Users/kady/Masterdom/src/Masterdom.Platform/Recommendation/RecommendationType.cs(33,25): warning CS1591: Missing XML comment for publicly visible type or member 'RecommendationType.GetHashCode()' [/Users/kady/Masterdom/src/Masterdom.Platform/Masterdom.Platform.csproj]
/Users/kady/Masterdom/src/Masterdom.Platform/Recommendation/RecommendationType.cs(38,28): warning CS1591: Missing XML comment for publicly visible type or member 'RecommendationType.ToString()' [/Users/kady/Masterdom/src/Masterdom.Platform/Masterdom.Platform.csproj]
/Users/kady/Masterdom/src/Masterdom.Platform/Recommendation/RecommendationValidation.cs(3,21): warning CS1591: Missing XML comment for publicly visible type or member 'RecommendationValidation' [/Users/kady/Masterdom/src/Masterdom.Platform/Masterdom.Platform.csproj]
/Users/kady/Masterdom/src/Masterdom.Platform/Recommendation/RecommendationValidation.cs(5,24): warning CS1591: Missing XML comment for publicly visible type or member 'RecommendationValidation.ValidateProviders(IReadOnlyList<IRecommendationProvider>)' [/Users/kady/Masterdom/src/Masterdom.Platform/Masterdom.Platform.csproj]
/Users/kady/Masterdom/src/Masterdom.Platform/Recommendation/RecommendationValidation.cs(22,24): warning CS1591: Missing XML comment for publicly visible type or member 'RecommendationValidation.ValidateRecommendations(IRecommendationProvider, IReadOnlyList<Recommendation>)' [/Users/kady/Masterdom/src/Masterdom.Platform/Masterdom.Platform.csproj]
/Users/kady/Masterdom/src/Masterdom.Platform/Recommendation/RecommendationValidation.cs(47,24): warning CS1591: Missing XML comment for publicly visible type or member 'RecommendationValidation.ValidateConsumers(IReadOnlyList<IRecommendationConsumer>)' [/Users/kady/Masterdom/src/Masterdom.Platform/Masterdom.Platform.csproj]
/Users/kady/Masterdom/src/Masterdom.Platform/Recommendation/RecommendationValidation.cs(52,24): warning CS1591: Missing XML comment for publicly visible type or member 'RecommendationValidation.ValidateConsumerResult(IRecommendationConsumer, RecommendationConsumerResult, RecommendationConsumerExecutionContext)' [/Users/kady/Masterdom/src/Masterdom.Platform/Masterdom.Platform.csproj]
/Users/kady/Masterdom/src/Masterdom.Platform/Recommendation/RecommendationValidationException.cs(3,21): warning CS1591: Missing XML comment for publicly visible type or member 'RecommendationValidationException' [/Users/kady/Masterdom/src/Masterdom.Platform/Masterdom.Platform.csproj]
/Users/kady/Masterdom/src/Masterdom.Platform/Recommendation/RecommendationValidationException.cs(5,12): warning CS1591: Missing XML comment for publicly visible type or member 'RecommendationValidationException.RecommendationValidationException(string)' [/Users/kady/Masterdom/src/Masterdom.Platform/Masterdom.Platform.csproj]
/Users/kady/Masterdom/src/Masterdom.Platform/Rules/InMemoryRuleRepository.cs(15,12): warning CS1591: Missing XML comment for publicly visible type or member 'InMemoryRuleRepository.InMemoryRuleRepository(IReadOnlyList<RuleSetDefinition>?, IReadOnlyList<RuleDefinition>?)' [/Users/kady/Masterdom/src/Masterdom.Platform/Masterdom.Platform.csproj]
/Users/kady/Masterdom/src/Masterdom.Platform/Rules/InMemoryRuleRepository.cs(23,45): warning CS1591: Missing XML comment for publicly visible type or member 'InMemoryRuleRepository.GetAllRuleSets()' [/Users/kady/Masterdom/src/Masterdom.Platform/Masterdom.Platform.csproj]
/Users/kady/Masterdom/src/Masterdom.Platform/Rules/InMemoryRuleRepository.cs(28,42): warning CS1591: Missing XML comment for publicly visible type or member 'InMemoryRuleRepository.GetAllRules()' [/Users/kady/Masterdom/src/Masterdom.Platform/Masterdom.Platform.csproj]
/Users/kady/Masterdom/src/Masterdom.Platform/Rules/InMemoryRuleRepository.cs(33,17): warning CS1591: Missing XML comment for publicly visible type or member 'InMemoryRuleRepository.ReplaceAll(IReadOnlyList<RuleSetDefinition>, IReadOnlyList<RuleDefinition>)' [/Users/kady/Masterdom/src/Masterdom.Platform/Masterdom.Platform.csproj]
/Users/kady/Masterdom/src/Masterdom.Platform/Rules/IRuleCatalog.cs(10,38): warning CS1591: Missing XML comment for publicly visible type or member 'IRuleCatalog.RuleSets' [/Users/kady/Masterdom/src/Masterdom.Platform/Masterdom.Platform.csproj]
/Users/kady/Masterdom/src/Masterdom.Platform/Rules/IRuleCatalog.cs(12,35): warning CS1591: Missing XML comment for publicly visible type or member 'IRuleCatalog.Rules' [/Users/kady/Masterdom/src/Masterdom.Platform/Masterdom.Platform.csproj]
/Users/kady/Masterdom/src/Masterdom.Platform/Rules/IRuleRegistry.cs(10,10): warning CS1591: Missing XML comment for publicly visible type or member 'IRuleRegistry.ReplaceAll(IReadOnlyList<RuleSetDefinition>, IReadOnlyList<RuleDefinition>)' [/Users/kady/Masterdom/src/Masterdom.Platform/Masterdom.Platform.csproj]
/Users/kady/Masterdom/src/Masterdom.Platform/Rules/IRuleRegistry.cs(14,10): warning CS1591: Missing XML comment for publicly visible type or member 'IRuleRegistry.Register(IReadOnlyList<RuleSetDefinition>, IReadOnlyList<RuleDefinition>)' [/Users/kady/Masterdom/src/Masterdom.Platform/Masterdom.Platform.csproj]
/Users/kady/Masterdom/src/Masterdom.Platform/Rules/IRuleRegistry.cs(18,18): warning CS1591: Missing XML comment for publicly visible type or member 'IRuleRegistry.GetCatalog()' [/Users/kady/Masterdom/src/Masterdom.Platform/Masterdom.Platform.csproj]
/Users/kady/Masterdom/src/Masterdom.Platform/Rules/IRuleRepository.cs(10,38): warning CS1591: Missing XML comment for publicly visible type or member 'IRuleRepository.GetAllRuleSets()' [/Users/kady/Masterdom/src/Masterdom.Platform/Masterdom.Platform.csproj]
/Users/kady/Masterdom/src/Masterdom.Platform/Rules/IRuleRepository.cs(12,35): warning CS1591: Missing XML comment for publicly visible type or member 'IRuleRepository.GetAllRules()' [/Users/kady/Masterdom/src/Masterdom.Platform/Masterdom.Platform.csproj]
/Users/kady/Masterdom/src/Masterdom.Platform/Rules/IRuleResolver.cs(8,16): warning CS1591: Missing XML comment for publicly visible type or member 'IRuleResolver.Evaluate(RuleSetKey, RuleScope, RuleContext, RuleInput)' [/Users/kady/Masterdom/src/Masterdom.Platform/Masterdom.Platform.csproj]
/Users/kady/Masterdom/src/Masterdom.Platform/Rules/RuleArithmeticOperator.cs(8,5): warning CS1591: Missing XML comment for publicly visible type or member 'RuleArithmeticOperator.Add' [/Users/kady/Masterdom/src/Masterdom.Platform/Masterdom.Platform.csproj]
/Users/kady/Masterdom/src/Masterdom.Platform/Rules/RuleArithmeticOperator.cs(9,5): warning CS1591: Missing XML comment for publicly visible type or member 'RuleArithmeticOperator.Subtract' [/Users/kady/Masterdom/src/Masterdom.Platform/Masterdom.Platform.csproj]
/Users/kady/Masterdom/src/Masterdom.Platform/Rules/RuleArithmeticOperator.cs(10,5): warning CS1591: Missing XML comment for publicly visible type or member 'RuleArithmeticOperator.Multiply' [/Users/kady/Masterdom/src/Masterdom.Platform/Masterdom.Platform.csproj]
/Users/kady/Masterdom/src/Masterdom.Platform/Rules/RuleArithmeticOperator.cs(11,5): warning CS1591: Missing XML comment for publicly visible type or member 'RuleArithmeticOperator.Divide' [/Users/kady/Masterdom/src/Masterdom.Platform/Masterdom.Platform.csproj]
/Users/kady/Masterdom/src/Masterdom.Platform/Rules/RuleCatalog.cs(12,12): warning CS1591: Missing XML comment for publicly visible type or member 'RuleCatalog.RuleCatalog(IEnumerable<RuleSetDefinition>, IEnumerable<RuleDefinition>)' [/Users/kady/Masterdom/src/Masterdom.Platform/Masterdom.Platform.csproj]
/Users/kady/Masterdom/src/Masterdom.Platform/Rules/RuleCatalog.cs(23,45): warning CS1591: Missing XML comment for publicly visible type or member 'RuleCatalog.RuleSets' [/Users/kady/Masterdom/src/Masterdom.Platform/Masterdom.Platform.csproj]
/Users/kady/Masterdom/src/Masterdom.Platform/Rules/RuleCatalog.cs(25,42): warning CS1591: Missing XML comment for publicly visible type or member 'RuleCatalog.Rules' [/Users/kady/Masterdom/src/Masterdom.Platform/Masterdom.Platform.csproj]
/Users/kady/Masterdom/src/Masterdom.Platform/Rules/RuleCatalogBuilder.cs(12,35): warning CS1591: Missing XML comment for publicly visible type or member 'RuleCatalogBuilder.BuildFromCatalog(IEnumerable<ModuleCatalogEntry>, DateTime?)' [/Users/kady/Masterdom/src/Masterdom.Platform/Masterdom.Platform.csproj]
/Users/kady/Masterdom/src/Masterdom.Platform/Rules/RuleCatalogSeed.cs(10,54): warning CS1591: Missing XML comment for publicly visible type or member 'RuleCatalogSeed.RuleSets' [/Users/kady/Masterdom/src/Masterdom.Platform/Masterdom.Platform.csproj]
/Users/kady/Masterdom/src/Masterdom.Platform/Rules/RuleCatalogSeed.cs(12,51): warning CS1591: Missing XML comment for publicly visible type or member 'RuleCatalogSeed.Rules' [/Users/kady/Masterdom/src/Masterdom.Platform/Masterdom.Platform.csproj]
/Users/kady/Masterdom/src/Masterdom.Platform/Rules/RuleCategory.cs(8,5): warning CS1591: Missing XML comment for publicly visible type or member 'RuleCategory.Validation' [/Users/kady/Masterdom/src/Masterdom.Platform/Masterdom.Platform.csproj]
/Users/kady/Masterdom/src/Masterdom.Platform/Rules/RuleCategory.cs(9,5): warning CS1591: Missing XML comment for publicly visible type or member 'RuleCategory.Eligibility' [/Users/kady/Masterdom/src/Masterdom.Platform/Masterdom.Platform.csproj]
/Users/kady/Masterdom/src/Masterdom.Platform/Rules/RuleCategory.cs(10,5): warning CS1591: Missing XML comment for publicly visible type or member 'RuleCategory.Pricing' [/Users/kady/Masterdom/src/Masterdom.Platform/Masterdom.Platform.csproj]
/Users/kady/Masterdom/src/Masterdom.Platform/Rules/RuleCategory.cs(11,5): warning CS1591: Missing XML comment for publicly visible type or member 'RuleCategory.Compliance' [/Users/kady/Masterdom/src/Masterdom.Platform/Masterdom.Platform.csproj]
/Users/kady/Masterdom/src/Masterdom.Platform/Rules/RuleCategory.cs(12,5): warning CS1591: Missing XML comment for publicly visible type or member 'RuleCategory.Security' [/Users/kady/Masterdom/src/Masterdom.Platform/Masterdom.Platform.csproj]
/Users/kady/Masterdom/src/Masterdom.Platform/Rules/RuleCategory.cs(13,5): warning CS1591: Missing XML comment for publicly visible type or member 'RuleCategory.Custom' [/Users/kady/Masterdom/src/Masterdom.Platform/Masterdom.Platform.csproj]
/Users/kady/Masterdom/src/Masterdom.Platform/Rules/RuleComparisonOperator.cs(8,5): warning CS1591: Missing XML comment for publicly visible type or member 'RuleComparisonOperator.Equal' [/Users/kady/Masterdom/src/Masterdom.Platform/Masterdom.Platform.csproj]
/Users/kady/Masterdom/src/Masterdom.Platform/Rules/RuleComparisonOperator.cs(9,5): warning CS1591: Missing XML comment for publicly visible type or member 'RuleComparisonOperator.NotEqual' [/Users/kady/Masterdom/src/Masterdom.Platform/Masterdom.Platform.csproj]
/Users/kady/Masterdom/src/Masterdom.Platform/Rules/RuleComparisonOperator.cs(10,5): warning CS1591: Missing XML comment for publicly visible type or member 'RuleComparisonOperator.GreaterThan' [/Users/kady/Masterdom/src/Masterdom.Platform/Masterdom.Platform.csproj]
/Users/kady/Masterdom/src/Masterdom.Platform/Rules/RuleComparisonOperator.cs(11,5): warning CS1591: Missing XML comment for publicly visible type or member 'RuleComparisonOperator.GreaterThanOrEqual' [/Users/kady/Masterdom/src/Masterdom.Platform/Masterdom.Platform.csproj]
/Users/kady/Masterdom/src/Masterdom.Platform/Rules/RuleComparisonOperator.cs(12,5): warning CS1591: Missing XML comment for publicly visible type or member 'RuleComparisonOperator.LessThan' [/Users/kady/Masterdom/src/Masterdom.Platform/Masterdom.Platform.csproj]
/Users/kady/Masterdom/src/Masterdom.Platform/Rules/RuleComparisonOperator.cs(13,5): warning CS1591: Missing XML comment for publicly visible type or member 'RuleComparisonOperator.LessThanOrEqual' [/Users/kady/Masterdom/src/Masterdom.Platform/Masterdom.Platform.csproj]
/Users/kady/Masterdom/src/Masterdom.Platform/Rules/RuleComparisonOperator.cs(14,5): warning CS1591: Missing XML comment for publicly visible type or member 'RuleComparisonOperator.Contains' [/Users/kady/Masterdom/src/Masterdom.Platform/Masterdom.Platform.csproj]
/Users/kady/Masterdom/src/Masterdom.Platform/Rules/RuleComparisonOperator.cs(15,5): warning CS1591: Missing XML comment for publicly visible type or member 'RuleComparisonOperator.StartsWith' [/Users/kady/Masterdom/src/Masterdom.Platform/Masterdom.Platform.csproj]
/Users/kady/Masterdom/src/Masterdom.Platform/Rules/RuleComparisonOperator.cs(16,5): warning CS1591: Missing XML comment for publicly visible type or member 'RuleComparisonOperator.EndsWith' [/Users/kady/Masterdom/src/Masterdom.Platform/Masterdom.Platform.csproj]
/Users/kady/Masterdom/src/Masterdom.Platform/Rules/RuleCompositeOperator.cs(8,5): warning CS1591: Missing XML comment for publicly visible type or member 'RuleCompositeOperator.All' [/Users/kady/Masterdom/src/Masterdom.Platform/Masterdom.Platform.csproj]
/Users/kady/Masterdom/src/Masterdom.Platform/Rules/RuleCompositeOperator.cs(9,5): warning CS1591: Missing XML comment for publicly visible type or member 'RuleCompositeOperator.Any' [/Users/kady/Masterdom/src/Masterdom.Platform/Masterdom.Platform.csproj]
/Users/kady/Masterdom/src/Masterdom.Platform/Rules/RuleCompositeOperator.cs(10,5): warning CS1591: Missing XML comment for publicly visible type or member 'RuleCompositeOperator.None' [/Users/kady/Masterdom/src/Masterdom.Platform/Masterdom.Platform.csproj]
/Users/kady/Masterdom/src/Masterdom.Platform/Rules/RuleCondition.cs(36,26): warning CS1591: Missing XML comment for publicly visible type or member 'RuleCondition.InputKey' [/Users/kady/Masterdom/src/Masterdom.Platform/Masterdom.Platform.csproj]
/Users/kady/Masterdom/src/Masterdom.Platform/Rules/RuleCondition.cs(38,36): warning CS1591: Missing XML comment for publicly visible type or member 'RuleCondition.ComparisonOperator' [/Users/kady/Masterdom/src/Masterdom.Platform/Masterdom.Platform.csproj]
/Users/kady/Masterdom/src/Masterdom.Platform/Rules/RuleCondition.cs(40,23): warning CS1591: Missing XML comment for publicly visible type or member 'RuleCondition.ExpectedValue' [/Users/kady/Masterdom/src/Masterdom.Platform/Masterdom.Platform.csproj]
/Users/kady/Masterdom/src/Masterdom.Platform/Rules/RuleCondition.cs(42,26): warning CS1591: Missing XML comment for publicly visible type or member 'RuleCondition.CompareInputKey' [/Users/kady/Masterdom/src/Masterdom.Platform/Masterdom.Platform.csproj]
/Users/kady/Masterdom/src/Masterdom.Platform/Rules/RuleCondition.cs(44,23): warning CS1591: Missing XML comment for publicly visible type or member 'RuleCondition.MinimumValue' [/Users/kady/Masterdom/src/Masterdom.Platform/Masterdom.Platform.csproj]
/Users/kady/Masterdom/src/Masterdom.Platform/Rules/RuleCondition.cs(46,23): warning CS1591: Missing XML comment for publicly visible type or member 'RuleCondition.MaximumValue' [/Users/kady/Masterdom/src/Masterdom.Platform/Masterdom.Platform.csproj]
/Users/kady/Masterdom/src/Masterdom.Platform/Rules/RuleCondition.cs(48,35): warning CS1591: Missing XML comment for publicly visible type or member 'RuleCondition.CompositeOperator' [/Users/kady/Masterdom/src/Masterdom.Platform/Masterdom.Platform.csproj]
/Users/kady/Masterdom/src/Masterdom.Platform/Rules/RuleCondition.cs(50,36): warning CS1591: Missing XML comment for publicly visible type or member 'RuleCondition.ArithmeticOperator' [/Users/kady/Masterdom/src/Masterdom.Platform/Masterdom.Platform.csproj]
/Users/kady/Masterdom/src/Masterdom.Platform/Rules/RuleCondition.cs(52,26): warning CS1591: Missing XML comment for publicly visible type or member 'RuleCondition.ExpressionLeftKey' [/Users/kady/Masterdom/src/Masterdom.Platform/Masterdom.Platform.csproj]
/Users/kady/Masterdom/src/Masterdom.Platform/Rules/RuleCondition.cs(54,26): warning CS1591: Missing XML comment for publicly visible type or member 'RuleCondition.ExpressionRightKey' [/Users/kady/Masterdom/src/Masterdom.Platform/Masterdom.Platform.csproj]
/Users/kady/Masterdom/src/Masterdom.Platform/Rules/RuleCondition.cs(56,23): warning CS1591: Missing XML comment for publicly visible type or member 'RuleCondition.ExpressionExpectedValue' [/Users/kady/Masterdom/src/Masterdom.Platform/Masterdom.Platform.csproj]
/Users/kady/Masterdom/src/Masterdom.Platform/Rules/RuleCondition.cs(58,33): warning CS1591: Missing XML comment for publicly visible type or member 'RuleCondition.Boolean(RuleInputKey, bool)' [/Users/kady/Masterdom/src/Masterdom.Platform/Masterdom.Platform.csproj]
/Users/kady/Masterdom/src/Masterdom.Platform/Rules/RuleCondition.cs(76,33): warning CS1591: Missing XML comment for publicly visible type or member 'RuleCondition.Comparison(RuleInputKey, RuleComparisonOperator, RuleValue, RuleInputKey?)' [/Users/kady/Masterdom/src/Masterdom.Platform/Masterdom.Platform.csproj]
/Users/kady/Masterdom/src/Masterdom.Platform/Rules/RuleCondition.cs(99,33): warning CS1591: Missing XML comment for publicly visible type or member 'RuleCondition.Range(RuleInputKey, RuleValue, RuleValue)' [/Users/kady/Masterdom/src/Masterdom.Platform/Masterdom.Platform.csproj]
/Users/kady/Masterdom/src/Masterdom.Platform/Rules/RuleCondition.cs(122,33): warning CS1591: Missing XML comment for publicly visible type or member 'RuleCondition.Expression(RuleInputKey, RuleInputKey, RuleArithmeticOperator, RuleComparisonOperator, RuleValue)' [/Users/kady/Masterdom/src/Masterdom.Platform/Masterdom.Platform.csproj]
/Users/kady/Masterdom/src/Masterdom.Platform/Rules/RuleCondition.cs(147,33): warning CS1591: Missing XML comment for publicly visible type or member 'RuleCondition.Composite(RuleCompositeOperator)' [/Users/kady/Masterdom/src/Masterdom.Platform/Masterdom.Platform.csproj]
/Users/kady/Masterdom/src/Masterdom.Platform/Rules/RuleContext.cs(10,28): warning CS1591: Missing XML comment for publicly visible type or member 'RuleContext.ModuleId' [/Users/kady/Masterdom/src/Masterdom.Platform/Masterdom.Platform.csproj]
/Users/kady/Masterdom/src/Masterdom.Platform/Rules/RuleContext.cs(12,20): warning CS1591: Missing XML comment for publicly visible type or member 'RuleContext.TenantId' [/Users/kady/Masterdom/src/Masterdom.Platform/Masterdom.Platform.csproj]
/Users/kady/Masterdom/src/Masterdom.Platform/Rules/RuleContext.cs(14,20): warning CS1591: Missing XML comment for publicly visible type or member 'RuleContext.PropertyId' [/Users/kady/Masterdom/src/Masterdom.Platform/Masterdom.Platform.csproj]
/Users/kady/Masterdom/src/Masterdom.Platform/Rules/RuleContext.cs(16,21): warning CS1591: Missing XML comment for publicly visible type or member 'RuleContext.AsOfUtc' [/Users/kady/Masterdom/src/Masterdom.Platform/Masterdom.Platform.csproj]
/Users/kady/Masterdom/src/Masterdom.Platform/Rules/RuleContext.cs(18,20): warning CS1591: Missing XML comment for publicly visible type or member 'RuleContext.CorrelationId' [/Users/kady/Masterdom/src/Masterdom.Platform/Masterdom.Platform.csproj]
/Users/kady/Masterdom/src/Masterdom.Platform/Rules/RuleDefinition.cs(10,12): warning CS1591: Missing XML comment for publicly visible type or member 'RuleDefinition.RuleDefinition(RuleId, RuleSetId, RuleKey, string, string?, RuleKind, RuleCondition, RuleCategory, RuleSeverity, RulePriority, RuleScope, RuleVersion, RuleEffectivePeriod, RuleId?, bool, RuleKey?, string?, string, DateTime)' [/Users/kady/Masterdom/src/Masterdom.Platform/Masterdom.Platform.csproj]
/Users/kady/Masterdom/src/Masterdom.Platform/Rules/RuleDefinition.cs(74,19): warning CS1591: Missing XML comment for publicly visible type or member 'RuleDefinition.Id' [/Users/kady/Masterdom/src/Masterdom.Platform/Masterdom.Platform.csproj]
/Users/kady/Masterdom/src/Masterdom.Platform/Rules/RuleDefinition.cs(76,22): warning CS1591: Missing XML comment for publicly visible type or member 'RuleDefinition.RuleSetId' [/Users/kady/Masterdom/src/Masterdom.Platform/Masterdom.Platform.csproj]
/Users/kady/Masterdom/src/Masterdom.Platform/Rules/RuleDefinition.cs(78,20): warning CS1591: Missing XML comment for publicly visible type or member 'RuleDefinition.Key' [/Users/kady/Masterdom/src/Masterdom.Platform/Masterdom.Platform.csproj]
/Users/kady/Masterdom/src/Masterdom.Platform/Rules/RuleDefinition.cs(80,19): warning CS1591: Missing XML comment for publicly visible type or member 'RuleDefinition.Name' [/Users/kady/Masterdom/src/Masterdom.Platform/Masterdom.Platform.csproj]
/Users/kady/Masterdom/src/Masterdom.Platform/Rules/RuleDefinition.cs(82,20): warning CS1591: Missing XML comment for publicly visible type or member 'RuleDefinition.Description' [/Users/kady/Masterdom/src/Masterdom.Platform/Masterdom.Platform.csproj]
/Users/kady/Masterdom/src/Masterdom.Platform/Rules/RuleDefinition.cs(84,21): warning CS1591: Missing XML comment for publicly visible type or member 'RuleDefinition.Kind' [/Users/kady/Masterdom/src/Masterdom.Platform/Masterdom.Platform.csproj]
/Users/kady/Masterdom/src/Masterdom.Platform/Rules/RuleDefinition.cs(86,26): warning CS1591: Missing XML comment for publicly visible type or member 'RuleDefinition.Condition' [/Users/kady/Masterdom/src/Masterdom.Platform/Masterdom.Platform.csproj]
/Users/kady/Masterdom/src/Masterdom.Platform/Rules/RuleDefinition.cs(88,25): warning CS1591: Missing XML comment for publicly visible type or member 'RuleDefinition.Category' [/Users/kady/Masterdom/src/Masterdom.Platform/Masterdom.Platform.csproj]
/Users/kady/Masterdom/src/Masterdom.Platform/Rules/RuleDefinition.cs(90,25): warning CS1591: Missing XML comment for publicly visible type or member 'RuleDefinition.Severity' [/Users/kady/Masterdom/src/Masterdom.Platform/Masterdom.Platform.csproj]
/Users/kady/Masterdom/src/Masterdom.Platform/Rules/RuleDefinition.cs(92,25): warning CS1591: Missing XML comment for publicly visible type or member 'RuleDefinition.Priority' [/Users/kady/Masterdom/src/Masterdom.Platform/Masterdom.Platform.csproj]
/Users/kady/Masterdom/src/Masterdom.Platform/Rules/RuleDefinition.cs(94,22): warning CS1591: Missing XML comment for publicly visible type or member 'RuleDefinition.Scope' [/Users/kady/Masterdom/src/Masterdom.Platform/Masterdom.Platform.csproj]
/Users/kady/Masterdom/src/Masterdom.Platform/Rules/RuleDefinition.cs(96,24): warning CS1591: Missing XML comment for publicly visible type or member 'RuleDefinition.Version' [/Users/kady/Masterdom/src/Masterdom.Platform/Masterdom.Platform.csproj]
/Users/kady/Masterdom/src/Masterdom.Platform/Rules/RuleDefinition.cs(98,32): warning CS1591: Missing XML comment for publicly visible type or member 'RuleDefinition.Period' [/Users/kady/Masterdom/src/Masterdom.Platform/Masterdom.Platform.csproj]
/Users/kady/Masterdom/src/Masterdom.Platform/Rules/RuleDefinition.cs(100,20): warning CS1591: Missing XML comment for publicly visible type or member 'RuleDefinition.ParentRuleId' [/Users/kady/Masterdom/src/Masterdom.Platform/Masterdom.Platform.csproj]
/Users/kady/Masterdom/src/Masterdom.Platform/Rules/RuleDefinition.cs(102,17): warning CS1591: Missing XML comment for publicly visible type or member 'RuleDefinition.IsDeprecated' [/Users/kady/Masterdom/src/Masterdom.Platform/Masterdom.Platform.csproj]
/Users/kady/Masterdom/src/Masterdom.Platform/Rules/RuleDefinition.cs(104,21): warning CS1591: Missing XML comment for publicly visible type or member 'RuleDefinition.ReplacedByKey' [/Users/kady/Masterdom/src/Masterdom.Platform/Masterdom.Platform.csproj]
/Users/kady/Masterdom/src/Masterdom.Platform/Rules/RuleDefinition.cs(106,20): warning CS1591: Missing XML comment for publicly visible type or member 'RuleDefinition.Compatibility' [/Users/kady/Masterdom/src/Masterdom.Platform/Masterdom.Platform.csproj]
/Users/kady/Masterdom/src/Masterdom.Platform/Rules/RuleDefinition.cs(108,19): warning CS1591: Missing XML comment for publicly visible type or member 'RuleDefinition.ChangedBy' [/Users/kady/Masterdom/src/Masterdom.Platform/Masterdom.Platform.csproj]
/Users/kady/Masterdom/src/Masterdom.Platform/Rules/RuleDefinition.cs(110,21): warning CS1591: Missing XML comment for publicly visible type or member 'RuleDefinition.ChangedAtUtc' [/Users/kady/Masterdom/src/Masterdom.Platform/Masterdom.Platform.csproj]
/Users/kady/Masterdom/src/Masterdom.Platform/Rules/RuleEffectivePeriod.cs(10,12): warning CS1591: Missing XML comment for publicly visible type or member 'RuleEffectivePeriod.RuleEffectivePeriod(DateTime, DateTime?)' [/Users/kady/Masterdom/src/Masterdom.Platform/Masterdom.Platform.csproj]
/Users/kady/Masterdom/src/Masterdom.Platform/Rules/RuleEffectivePeriod.cs(32,21): warning CS1591: Missing XML comment for publicly visible type or member 'RuleEffectivePeriod.EffectiveFromUtc' [/Users/kady/Masterdom/src/Masterdom.Platform/Masterdom.Platform.csproj]
/Users/kady/Masterdom/src/Masterdom.Platform/Rules/RuleEffectivePeriod.cs(34,22): warning CS1591: Missing XML comment for publicly visible type or member 'RuleEffectivePeriod.EffectiveToUtc' [/Users/kady/Masterdom/src/Masterdom.Platform/Masterdom.Platform.csproj]
/Users/kady/Masterdom/src/Masterdom.Platform/Rules/RuleEffectivePeriod.cs(36,17): warning CS1591: Missing XML comment for publicly visible type or member 'RuleEffectivePeriod.IsEffectiveAt(DateTime)' [/Users/kady/Masterdom/src/Masterdom.Platform/Masterdom.Platform.csproj]
/Users/kady/Masterdom/src/Masterdom.Platform/Rules/RuleId.cs(10,12): warning CS1591: Missing XML comment for publicly visible type or member 'RuleId.RuleId(Guid)' [/Users/kady/Masterdom/src/Masterdom.Platform/Masterdom.Platform.csproj]
/Users/kady/Masterdom/src/Masterdom.Platform/Rules/RuleId.cs(20,17): warning CS1591: Missing XML comment for publicly visible type or member 'RuleId.Value' [/Users/kady/Masterdom/src/Masterdom.Platform/Masterdom.Platform.csproj]
/Users/kady/Masterdom/src/Masterdom.Platform/Rules/RuleInput.cs(14,12): warning CS1591: Missing XML comment for publicly visible type or member 'RuleInput.RuleInput(IEnumerable<RuleInputItem>)' [/Users/kady/Masterdom/src/Masterdom.Platform/Masterdom.Platform.csproj]
/Users/kady/Masterdom/src/Masterdom.Platform/Rules/RuleInput.cs(21,41): warning CS1591: Missing XML comment for publicly visible type or member 'RuleInput.Items' [/Users/kady/Masterdom/src/Masterdom.Platform/Masterdom.Platform.csproj]
/Users/kady/Masterdom/src/Masterdom.Platform/Rules/RuleInput.cs(23,17): warning CS1591: Missing XML comment for publicly visible type or member 'RuleInput.TryGetValue(RuleInputKey, out RuleValue?)' [/Users/kady/Masterdom/src/Masterdom.Platform/Masterdom.Platform.csproj]
/Users/kady/Masterdom/src/Masterdom.Platform/Rules/RuleInput.cs(33,22): warning CS1591: Missing XML comment for publicly visible type or member 'RuleInput.GetRequiredValue(RuleInputKey)' [/Users/kady/Masterdom/src/Masterdom.Platform/Masterdom.Platform.csproj]
/Users/kady/Masterdom/src/Masterdom.Platform/Rules/RuleInputItem.cs(8,34): warning CS1591: Missing XML comment for publicly visible type or member 'RuleInputItem.Key' [/Users/kady/Masterdom/src/Masterdom.Platform/Masterdom.Platform.csproj]
/Users/kady/Masterdom/src/Masterdom.Platform/Rules/RuleInputItem.cs(10,31): warning CS1591: Missing XML comment for publicly visible type or member 'RuleInputItem.Value' [/Users/kady/Masterdom/src/Masterdom.Platform/Masterdom.Platform.csproj]
/Users/kady/Masterdom/src/Masterdom.Platform/Rules/RuleInputKey.cs(10,12): warning CS1591: Missing XML comment for publicly visible type or member 'RuleInputKey.RuleInputKey(string)' [/Users/kady/Masterdom/src/Masterdom.Platform/Masterdom.Platform.csproj]
/Users/kady/Masterdom/src/Masterdom.Platform/Rules/RuleInputKey.cs(20,19): warning CS1591: Missing XML comment for publicly visible type or member 'RuleInputKey.Value' [/Users/kady/Masterdom/src/Masterdom.Platform/Masterdom.Platform.csproj]
/Users/kady/Masterdom/src/Masterdom.Platform/Rules/RuleInputKey.cs(22,17): warning CS1591: Missing XML comment for publicly visible type or member 'RuleInputKey.Equals(RuleInputKey?)' [/Users/kady/Masterdom/src/Masterdom.Platform/Masterdom.Platform.csproj]
/Users/kady/Masterdom/src/Masterdom.Platform/Rules/RuleInputKey.cs(28,26): warning CS1591: Missing XML comment for publicly visible type or member 'RuleInputKey.Equals(object?)' [/Users/kady/Masterdom/src/Masterdom.Platform/Masterdom.Platform.csproj]
/Users/kady/Masterdom/src/Masterdom.Platform/Rules/RuleInputKey.cs(33,25): warning CS1591: Missing XML comment for publicly visible type or member 'RuleInputKey.GetHashCode()' [/Users/kady/Masterdom/src/Masterdom.Platform/Masterdom.Platform.csproj]
/Users/kady/Masterdom/src/Masterdom.Platform/Rules/RuleInputKey.cs(38,28): warning CS1591: Missing XML comment for publicly visible type or member 'RuleInputKey.ToString()' [/Users/kady/Masterdom/src/Masterdom.Platform/Masterdom.Platform.csproj]
/Users/kady/Masterdom/src/Masterdom.Platform/Rules/RuleKey.cs(10,12): warning CS1591: Missing XML comment for publicly visible type or member 'RuleKey.RuleKey(string)' [/Users/kady/Masterdom/src/Masterdom.Platform/Masterdom.Platform.csproj]
/Users/kady/Masterdom/src/Masterdom.Platform/Rules/RuleKey.cs(20,19): warning CS1591: Missing XML comment for publicly visible type or member 'RuleKey.Value' [/Users/kady/Masterdom/src/Masterdom.Platform/Masterdom.Platform.csproj]
/Users/kady/Masterdom/src/Masterdom.Platform/Rules/RuleKey.cs(22,17): warning CS1591: Missing XML comment for publicly visible type or member 'RuleKey.Equals(RuleKey?)' [/Users/kady/Masterdom/src/Masterdom.Platform/Masterdom.Platform.csproj]
/Users/kady/Masterdom/src/Masterdom.Platform/Rules/RuleKey.cs(28,26): warning CS1591: Missing XML comment for publicly visible type or member 'RuleKey.Equals(object?)' [/Users/kady/Masterdom/src/Masterdom.Platform/Masterdom.Platform.csproj]
/Users/kady/Masterdom/src/Masterdom.Platform/Rules/RuleKey.cs(33,25): warning CS1591: Missing XML comment for publicly visible type or member 'RuleKey.GetHashCode()' [/Users/kady/Masterdom/src/Masterdom.Platform/Masterdom.Platform.csproj]
/Users/kady/Masterdom/src/Masterdom.Platform/Rules/RuleKey.cs(38,28): warning CS1591: Missing XML comment for publicly visible type or member 'RuleKey.ToString()' [/Users/kady/Masterdom/src/Masterdom.Platform/Masterdom.Platform.csproj]
/Users/kady/Masterdom/src/Masterdom.Platform/Rules/RuleKind.cs(8,5): warning CS1591: Missing XML comment for publicly visible type or member 'RuleKind.Boolean' [/Users/kady/Masterdom/src/Masterdom.Platform/Masterdom.Platform.csproj]
/Users/kady/Masterdom/src/Masterdom.Platform/Rules/RuleKind.cs(9,5): warning CS1591: Missing XML comment for publicly visible type or member 'RuleKind.Comparison' [/Users/kady/Masterdom/src/Masterdom.Platform/Masterdom.Platform.csproj]
/Users/kady/Masterdom/src/Masterdom.Platform/Rules/RuleKind.cs(10,5): warning CS1591: Missing XML comment for publicly visible type or member 'RuleKind.Range' [/Users/kady/Masterdom/src/Masterdom.Platform/Masterdom.Platform.csproj]
/Users/kady/Masterdom/src/Masterdom.Platform/Rules/RuleKind.cs(11,5): warning CS1591: Missing XML comment for publicly visible type or member 'RuleKind.Expression' [/Users/kady/Masterdom/src/Masterdom.Platform/Masterdom.Platform.csproj]
/Users/kady/Masterdom/src/Masterdom.Platform/Rules/RuleKind.cs(12,5): warning CS1591: Missing XML comment for publicly visible type or member 'RuleKind.Composite' [/Users/kady/Masterdom/src/Masterdom.Platform/Masterdom.Platform.csproj]
/Users/kady/Masterdom/src/Masterdom.Platform/Rules/RuleOutput.cs(11,31): warning CS1591: Missing XML comment for publicly visible type or member 'RuleOutput.RuleSetId' [/Users/kady/Masterdom/src/Masterdom.Platform/Masterdom.Platform.csproj]
/Users/kady/Masterdom/src/Masterdom.Platform/Rules/RuleOutput.cs(13,32): warning CS1591: Missing XML comment for publicly visible type or member 'RuleOutput.RuleSetKey' [/Users/kady/Masterdom/src/Masterdom.Platform/Masterdom.Platform.csproj]
/Users/kady/Masterdom/src/Masterdom.Platform/Rules/RuleOutput.cs(15,47): warning CS1591: Missing XML comment for publicly visible type or member 'RuleOutput.Results' [/Users/kady/Masterdom/src/Masterdom.Platform/Masterdom.Platform.csproj]
/Users/kady/Masterdom/src/Masterdom.Platform/Rules/RuleOutput.cs(17,17): warning CS1591: Missing XML comment for publicly visible type or member 'RuleOutput.Passed' [/Users/kady/Masterdom/src/Masterdom.Platform/Masterdom.Platform.csproj]
/Users/kady/Masterdom/src/Masterdom.Platform/Rules/RulePriority.cs(8,12): warning CS1591: Missing XML comment for publicly visible type or member 'RulePriority.RulePriority(int)' [/Users/kady/Masterdom/src/Masterdom.Platform/Masterdom.Platform.csproj]
/Users/kady/Masterdom/src/Masterdom.Platform/Rules/RulePriority.cs(19,16): warning CS1591: Missing XML comment for publicly visible type or member 'RulePriority.Value' [/Users/kady/Masterdom/src/Masterdom.Platform/Masterdom.Platform.csproj]
/Users/kady/Masterdom/src/Masterdom.Platform/Rules/RuleRegistry.cs(14,12): warning CS1591: Missing XML comment for publicly visible type or member 'RuleRegistry.RuleRegistry(IRuleRepository?)' [/Users/kady/Masterdom/src/Masterdom.Platform/Masterdom.Platform.csproj]
/Users/kady/Masterdom/src/Masterdom.Platform/Rules/RuleRegistry.cs(22,17): warning CS1591: Missing XML comment for publicly visible type or member 'RuleRegistry.ReplaceAll(IReadOnlyList<RuleSetDefinition>, IReadOnlyList<RuleDefinition>)' [/Users/kady/Masterdom/src/Masterdom.Platform/Masterdom.Platform.csproj]
/Users/kady/Masterdom/src/Masterdom.Platform/Rules/RuleRegistry.cs(34,17): warning CS1591: Missing XML comment for publicly visible type or member 'RuleRegistry.Register(IReadOnlyList<RuleSetDefinition>, IReadOnlyList<RuleDefinition>)' [/Users/kady/Masterdom/src/Masterdom.Platform/Masterdom.Platform.csproj]
/Users/kady/Masterdom/src/Masterdom.Platform/Rules/RuleRegistry.cs(54,25): warning CS1591: Missing XML comment for publicly visible type or member 'RuleRegistry.GetCatalog()' [/Users/kady/Masterdom/src/Masterdom.Platform/Masterdom.Platform.csproj]
/Users/kady/Masterdom/src/Masterdom.Platform/Rules/RuleResolver.cs(19,12): warning CS1591: Missing XML comment for publicly visible type or member 'RuleResolver.RuleResolver(IRuleRepository, IConfigurationResolver, IMetadataResolver)' [/Users/kady/Masterdom/src/Masterdom.Platform/Masterdom.Platform.csproj]
/Users/kady/Masterdom/src/Masterdom.Platform/Rules/RuleResolver.cs(29,23): warning CS1591: Missing XML comment for publicly visible type or member 'RuleResolver.Evaluate(RuleSetKey, RuleScope, RuleContext, RuleInput)' [/Users/kady/Masterdom/src/Masterdom.Platform/Masterdom.Platform.csproj]
/Users/kady/Masterdom/src/Masterdom.Platform/Rules/RuleResult.cs(8,28): warning CS1591: Missing XML comment for publicly visible type or member 'RuleResult.RuleId' [/Users/kady/Masterdom/src/Masterdom.Platform/Masterdom.Platform.csproj]
/Users/kady/Masterdom/src/Masterdom.Platform/Rules/RuleResult.cs(10,29): warning CS1591: Missing XML comment for publicly visible type or member 'RuleResult.RuleKey' [/Users/kady/Masterdom/src/Masterdom.Platform/Masterdom.Platform.csproj]
/Users/kady/Masterdom/src/Masterdom.Platform/Rules/RuleResult.cs(12,38): warning CS1591: Missing XML comment for publicly visible type or member 'RuleResult.Status' [/Users/kady/Masterdom/src/Masterdom.Platform/Masterdom.Platform.csproj]
/Users/kady/Masterdom/src/Masterdom.Platform/Rules/RuleResult.cs(14,34): warning CS1591: Missing XML comment for publicly visible type or member 'RuleResult.Severity' [/Users/kady/Masterdom/src/Masterdom.Platform/Masterdom.Platform.csproj]
/Users/kady/Masterdom/src/Masterdom.Platform/Rules/RuleResult.cs(16,34): warning CS1591: Missing XML comment for publicly visible type or member 'RuleResult.Priority' [/Users/kady/Masterdom/src/Masterdom.Platform/Masterdom.Platform.csproj]
/Users/kady/Masterdom/src/Masterdom.Platform/Rules/RuleResult.cs(18,28): warning CS1591: Missing XML comment for publicly visible type or member 'RuleResult.Message' [/Users/kady/Masterdom/src/Masterdom.Platform/Masterdom.Platform.csproj]
/Users/kady/Masterdom/src/Masterdom.Platform/Rules/RuleResultStatus.cs(8,5): warning CS1591: Missing XML comment for publicly visible type or member 'RuleResultStatus.Passed' [/Users/kady/Masterdom/src/Masterdom.Platform/Masterdom.Platform.csproj]
/Users/kady/Masterdom/src/Masterdom.Platform/Rules/RuleResultStatus.cs(9,5): warning CS1591: Missing XML comment for publicly visible type or member 'RuleResultStatus.Failed' [/Users/kady/Masterdom/src/Masterdom.Platform/Masterdom.Platform.csproj]
/Users/kady/Masterdom/src/Masterdom.Platform/Rules/RuleResultStatus.cs(10,5): warning CS1591: Missing XML comment for publicly visible type or member 'RuleResultStatus.Skipped' [/Users/kady/Masterdom/src/Masterdom.Platform/Masterdom.Platform.csproj]
/Users/kady/Masterdom/src/Masterdom.Platform/Rules/RuleScope.cs(16,26): warning CS1591: Missing XML comment for publicly visible type or member 'RuleScope.Kind' [/Users/kady/Masterdom/src/Masterdom.Platform/Masterdom.Platform.csproj]
/Users/kady/Masterdom/src/Masterdom.Platform/Rules/RuleScope.cs(18,20): warning CS1591: Missing XML comment for publicly visible type or member 'RuleScope.Identifier' [/Users/kady/Masterdom/src/Masterdom.Platform/Masterdom.Platform.csproj]
/Users/kady/Masterdom/src/Masterdom.Platform/Rules/RuleScope.cs(20,29): warning CS1591: Missing XML comment for publicly visible type or member 'RuleScope.Global()' [/Users/kady/Masterdom/src/Masterdom.Platform/Masterdom.Platform.csproj]
/Users/kady/Masterdom/src/Masterdom.Platform/Rules/RuleScope.cs(25,29): warning CS1591: Missing XML comment for publicly visible type or member 'RuleScope.Create(RuleScopeKind, string?)' [/Users/kady/Masterdom/src/Masterdom.Platform/Masterdom.Platform.csproj]
/Users/kady/Masterdom/src/Masterdom.Platform/Rules/RuleScope.cs(47,17): warning CS1591: Missing XML comment for publicly visible type or member 'RuleScope.Equals(RuleScope?)' [/Users/kady/Masterdom/src/Masterdom.Platform/Masterdom.Platform.csproj]
/Users/kady/Masterdom/src/Masterdom.Platform/Rules/RuleScope.cs(54,26): warning CS1591: Missing XML comment for publicly visible type or member 'RuleScope.Equals(object?)' [/Users/kady/Masterdom/src/Masterdom.Platform/Masterdom.Platform.csproj]
/Users/kady/Masterdom/src/Masterdom.Platform/Rules/RuleScope.cs(59,25): warning CS1591: Missing XML comment for publicly visible type or member 'RuleScope.GetHashCode()' [/Users/kady/Masterdom/src/Masterdom.Platform/Masterdom.Platform.csproj]
/Users/kady/Masterdom/src/Masterdom.Platform/Rules/RuleScope.cs(64,28): warning CS1591: Missing XML comment for publicly visible type or member 'RuleScope.ToString()' [/Users/kady/Masterdom/src/Masterdom.Platform/Masterdom.Platform.csproj]
/Users/kady/Masterdom/src/Masterdom.Platform/Rules/RuleScopeKind.cs(8,5): warning CS1591: Missing XML comment for publicly visible type or member 'RuleScopeKind.Global' [/Users/kady/Masterdom/src/Masterdom.Platform/Masterdom.Platform.csproj]
/Users/kady/Masterdom/src/Masterdom.Platform/Rules/RuleScopeKind.cs(9,5): warning CS1591: Missing XML comment for publicly visible type or member 'RuleScopeKind.Module' [/Users/kady/Masterdom/src/Masterdom.Platform/Masterdom.Platform.csproj]
/Users/kady/Masterdom/src/Masterdom.Platform/Rules/RuleScopeKind.cs(10,5): warning CS1591: Missing XML comment for publicly visible type or member 'RuleScopeKind.Tenant' [/Users/kady/Masterdom/src/Masterdom.Platform/Masterdom.Platform.csproj]
/Users/kady/Masterdom/src/Masterdom.Platform/Rules/RuleScopeKind.cs(11,5): warning CS1591: Missing XML comment for publicly visible type or member 'RuleScopeKind.Aggregate' [/Users/kady/Masterdom/src/Masterdom.Platform/Masterdom.Platform.csproj]
/Users/kady/Masterdom/src/Masterdom.Platform/Rules/RuleScopeKind.cs(12,5): warning CS1591: Missing XML comment for publicly visible type or member 'RuleScopeKind.Entity' [/Users/kady/Masterdom/src/Masterdom.Platform/Masterdom.Platform.csproj]
/Users/kady/Masterdom/src/Masterdom.Platform/Rules/RuleScopeKind.cs(13,5): warning CS1591: Missing XML comment for publicly visible type or member 'RuleScopeKind.Property' [/Users/kady/Masterdom/src/Masterdom.Platform/Masterdom.Platform.csproj]
/Users/kady/Masterdom/src/Masterdom.Platform/Rules/RuleScopeKind.cs(14,5): warning CS1591: Missing XML comment for publicly visible type or member 'RuleScopeKind.Field' [/Users/kady/Masterdom/src/Masterdom.Platform/Masterdom.Platform.csproj]
/Users/kady/Masterdom/src/Masterdom.Platform/Rules/RuleSetDefinition.cs(10,12): warning CS1591: Missing XML comment for publicly visible type or member 'RuleSetDefinition.RuleSetDefinition(RuleSetId, RuleSetKey, string, string?, RuleCategory, RuleScope, RuleVersion, RuleEffectivePeriod, bool, RuleSetKey?, string?, string, DateTime)' [/Users/kady/Masterdom/src/Masterdom.Platform/Masterdom.Platform.csproj]
/Users/kady/Masterdom/src/Masterdom.Platform/Rules/RuleSetDefinition.cs(62,22): warning CS1591: Missing XML comment for publicly visible type or member 'RuleSetDefinition.Id' [/Users/kady/Masterdom/src/Masterdom.Platform/Masterdom.Platform.csproj]
/Users/kady/Masterdom/src/Masterdom.Platform/Rules/RuleSetDefinition.cs(64,23): warning CS1591: Missing XML comment for publicly visible type or member 'RuleSetDefinition.Key' [/Users/kady/Masterdom/src/Masterdom.Platform/Masterdom.Platform.csproj]
/Users/kady/Masterdom/src/Masterdom.Platform/Rules/RuleSetDefinition.cs(66,19): warning CS1591: Missing XML comment for publicly visible type or member 'RuleSetDefinition.Name' [/Users/kady/Masterdom/src/Masterdom.Platform/Masterdom.Platform.csproj]
/Users/kady/Masterdom/src/Masterdom.Platform/Rules/RuleSetDefinition.cs(68,20): warning CS1591: Missing XML comment for publicly visible type or member 'RuleSetDefinition.Description' [/Users/kady/Masterdom/src/Masterdom.Platform/Masterdom.Platform.csproj]
/Users/kady/Masterdom/src/Masterdom.Platform/Rules/RuleSetDefinition.cs(70,25): warning CS1591: Missing XML comment for publicly visible type or member 'RuleSetDefinition.Category' [/Users/kady/Masterdom/src/Masterdom.Platform/Masterdom.Platform.csproj]
/Users/kady/Masterdom/src/Masterdom.Platform/Rules/RuleSetDefinition.cs(72,22): warning CS1591: Missing XML comment for publicly visible type or member 'RuleSetDefinition.Scope' [/Users/kady/Masterdom/src/Masterdom.Platform/Masterdom.Platform.csproj]
/Users/kady/Masterdom/src/Masterdom.Platform/Rules/RuleSetDefinition.cs(74,24): warning CS1591: Missing XML comment for publicly visible type or member 'RuleSetDefinition.Version' [/Users/kady/Masterdom/src/Masterdom.Platform/Masterdom.Platform.csproj]
/Users/kady/Masterdom/src/Masterdom.Platform/Rules/RuleSetDefinition.cs(76,32): warning CS1591: Missing XML comment for publicly visible type or member 'RuleSetDefinition.Period' [/Users/kady/Masterdom/src/Masterdom.Platform/Masterdom.Platform.csproj]
/Users/kady/Masterdom/src/Masterdom.Platform/Rules/RuleSetDefinition.cs(78,17): warning CS1591: Missing XML comment for publicly visible type or member 'RuleSetDefinition.IsDeprecated' [/Users/kady/Masterdom/src/Masterdom.Platform/Masterdom.Platform.csproj]
/Users/kady/Masterdom/src/Masterdom.Platform/Rules/RuleSetDefinition.cs(80,24): warning CS1591: Missing XML comment for publicly visible type or member 'RuleSetDefinition.ReplacedByKey' [/Users/kady/Masterdom/src/Masterdom.Platform/Masterdom.Platform.csproj]
/Users/kady/Masterdom/src/Masterdom.Platform/Rules/RuleSetDefinition.cs(82,20): warning CS1591: Missing XML comment for publicly visible type or member 'RuleSetDefinition.Compatibility' [/Users/kady/Masterdom/src/Masterdom.Platform/Masterdom.Platform.csproj]
/Users/kady/Masterdom/src/Masterdom.Platform/Rules/RuleSetDefinition.cs(84,19): warning CS1591: Missing XML comment for publicly visible type or member 'RuleSetDefinition.ChangedBy' [/Users/kady/Masterdom/src/Masterdom.Platform/Masterdom.Platform.csproj]
/Users/kady/Masterdom/src/Masterdom.Platform/Rules/RuleSetDefinition.cs(86,21): warning CS1591: Missing XML comment for publicly visible type or member 'RuleSetDefinition.ChangedAtUtc' [/Users/kady/Masterdom/src/Masterdom.Platform/Masterdom.Platform.csproj]
/Users/kady/Masterdom/src/Masterdom.Platform/Rules/RuleSetId.cs(10,12): warning CS1591: Missing XML comment for publicly visible type or member 'RuleSetId.RuleSetId(Guid)' [/Users/kady/Masterdom/src/Masterdom.Platform/Masterdom.Platform.csproj]
/Users/kady/Masterdom/src/Masterdom.Platform/Rules/RuleSetId.cs(20,17): warning CS1591: Missing XML comment for publicly visible type or member 'RuleSetId.Value' [/Users/kady/Masterdom/src/Masterdom.Platform/Masterdom.Platform.csproj]
/Users/kady/Masterdom/src/Masterdom.Platform/Rules/RuleSetKey.cs(10,12): warning CS1591: Missing XML comment for publicly visible type or member 'RuleSetKey.RuleSetKey(string)' [/Users/kady/Masterdom/src/Masterdom.Platform/Masterdom.Platform.csproj]
/Users/kady/Masterdom/src/Masterdom.Platform/Rules/RuleSetKey.cs(20,19): warning CS1591: Missing XML comment for publicly visible type or member 'RuleSetKey.Value' [/Users/kady/Masterdom/src/Masterdom.Platform/Masterdom.Platform.csproj]
/Users/kady/Masterdom/src/Masterdom.Platform/Rules/RuleSetKey.cs(22,17): warning CS1591: Missing XML comment for publicly visible type or member 'RuleSetKey.Equals(RuleSetKey?)' [/Users/kady/Masterdom/src/Masterdom.Platform/Masterdom.Platform.csproj]
/Users/kady/Masterdom/src/Masterdom.Platform/Rules/RuleSetKey.cs(28,26): warning CS1591: Missing XML comment for publicly visible type or member 'RuleSetKey.Equals(object?)' [/Users/kady/Masterdom/src/Masterdom.Platform/Masterdom.Platform.csproj]
/Users/kady/Masterdom/src/Masterdom.Platform/Rules/RuleSetKey.cs(33,25): warning CS1591: Missing XML comment for publicly visible type or member 'RuleSetKey.GetHashCode()' [/Users/kady/Masterdom/src/Masterdom.Platform/Masterdom.Platform.csproj]
/Users/kady/Masterdom/src/Masterdom.Platform/Rules/RuleSetKey.cs(38,28): warning CS1591: Missing XML comment for publicly visible type or member 'RuleSetKey.ToString()' [/Users/kady/Masterdom/src/Masterdom.Platform/Masterdom.Platform.csproj]
/Users/kady/Masterdom/src/Masterdom.Platform/Rules/RuleSeverity.cs(8,5): warning CS1591: Missing XML comment for publicly visible type or member 'RuleSeverity.Info' [/Users/kady/Masterdom/src/Masterdom.Platform/Masterdom.Platform.csproj]
/Users/kady/Masterdom/src/Masterdom.Platform/Rules/RuleSeverity.cs(9,5): warning CS1591: Missing XML comment for publicly visible type or member 'RuleSeverity.Warning' [/Users/kady/Masterdom/src/Masterdom.Platform/Masterdom.Platform.csproj]
/Users/kady/Masterdom/src/Masterdom.Platform/Rules/RuleSeverity.cs(10,5): warning CS1591: Missing XML comment for publicly visible type or member 'RuleSeverity.Error' [/Users/kady/Masterdom/src/Masterdom.Platform/Masterdom.Platform.csproj]
/Users/kady/Masterdom/src/Masterdom.Platform/Rules/RuleSeverity.cs(11,5): warning CS1591: Missing XML comment for publicly visible type or member 'RuleSeverity.Critical' [/Users/kady/Masterdom/src/Masterdom.Platform/Masterdom.Platform.csproj]
/Users/kady/Masterdom/src/Masterdom.Platform/Rules/RuleValidation.cs(12,24): warning CS1591: Missing XML comment for publicly visible type or member 'RuleValidation.ValidateAll(IReadOnlyList<RuleSetDefinition>, IReadOnlyList<RuleDefinition>)' [/Users/kady/Masterdom/src/Masterdom.Platform/Masterdom.Platform.csproj]
/Users/kady/Masterdom/src/Masterdom.Platform/Rules/RuleValidationException.cs(10,12): warning CS1591: Missing XML comment for publicly visible type or member 'RuleValidationException.RuleValidationException(string)' [/Users/kady/Masterdom/src/Masterdom.Platform/Masterdom.Platform.csproj]
/Users/kady/Masterdom/src/Masterdom.Platform/Rules/RuleValue.cs(22,26): warning CS1591: Missing XML comment for publicly visible type or member 'RuleValue.Kind' [/Users/kady/Masterdom/src/Masterdom.Platform/Masterdom.Platform.csproj]
/Users/kady/Masterdom/src/Masterdom.Platform/Rules/RuleValue.cs(24,18): warning CS1591: Missing XML comment for publicly visible type or member 'RuleValue.BooleanValue' [/Users/kady/Masterdom/src/Masterdom.Platform/Masterdom.Platform.csproj]
/Users/kady/Masterdom/src/Masterdom.Platform/Rules/RuleValue.cs(26,21): warning CS1591: Missing XML comment for publicly visible type or member 'RuleValue.NumberValue' [/Users/kady/Masterdom/src/Masterdom.Platform/Masterdom.Platform.csproj]
/Users/kady/Masterdom/src/Masterdom.Platform/Rules/RuleValue.cs(28,20): warning CS1591: Missing XML comment for publicly visible type or member 'RuleValue.TextValue' [/Users/kady/Masterdom/src/Masterdom.Platform/Masterdom.Platform.csproj]
/Users/kady/Masterdom/src/Masterdom.Platform/Rules/RuleValue.cs(30,29): warning CS1591: Missing XML comment for publicly visible type or member 'RuleValue.FromBoolean(bool)' [/Users/kady/Masterdom/src/Masterdom.Platform/Masterdom.Platform.csproj]
/Users/kady/Masterdom/src/Masterdom.Platform/Rules/RuleValue.cs(35,29): warning CS1591: Missing XML comment for publicly visible type or member 'RuleValue.FromNumber(decimal)' [/Users/kady/Masterdom/src/Masterdom.Platform/Masterdom.Platform.csproj]
/Users/kady/Masterdom/src/Masterdom.Platform/Rules/RuleValue.cs(40,29): warning CS1591: Missing XML comment for publicly visible type or member 'RuleValue.FromText(string)' [/Users/kady/Masterdom/src/Masterdom.Platform/Masterdom.Platform.csproj]
/Users/kady/Masterdom/src/Masterdom.Platform/Rules/RuleValue.cs(50,17): warning CS1591: Missing XML comment for publicly visible type or member 'RuleValue.AsBoolean()' [/Users/kady/Masterdom/src/Masterdom.Platform/Masterdom.Platform.csproj]
/Users/kady/Masterdom/src/Masterdom.Platform/Rules/RuleValue.cs(60,20): warning CS1591: Missing XML comment for publicly visible type or member 'RuleValue.AsNumber()' [/Users/kady/Masterdom/src/Masterdom.Platform/Masterdom.Platform.csproj]
/Users/kady/Masterdom/src/Masterdom.Platform/Rules/RuleValue.cs(70,19): warning CS1591: Missing XML comment for publicly visible type or member 'RuleValue.AsText()' [/Users/kady/Masterdom/src/Masterdom.Platform/Masterdom.Platform.csproj]
/Users/kady/Masterdom/src/Masterdom.Platform/Rules/RuleValueKind.cs(8,5): warning CS1591: Missing XML comment for publicly visible type or member 'RuleValueKind.Boolean' [/Users/kady/Masterdom/src/Masterdom.Platform/Masterdom.Platform.csproj]
/Users/kady/Masterdom/src/Masterdom.Platform/Rules/RuleValueKind.cs(9,5): warning CS1591: Missing XML comment for publicly visible type or member 'RuleValueKind.Number' [/Users/kady/Masterdom/src/Masterdom.Platform/Masterdom.Platform.csproj]
/Users/kady/Masterdom/src/Masterdom.Platform/Rules/RuleValueKind.cs(10,5): warning CS1591: Missing XML comment for publicly visible type or member 'RuleValueKind.Text' [/Users/kady/Masterdom/src/Masterdom.Platform/Masterdom.Platform.csproj]
/Users/kady/Masterdom/src/Masterdom.Platform/Rules/RuleVersion.cs(8,12): warning CS1591: Missing XML comment for publicly visible type or member 'RuleVersion.RuleVersion(int)' [/Users/kady/Masterdom/src/Masterdom.Platform/Masterdom.Platform.csproj]
/Users/kady/Masterdom/src/Masterdom.Platform/Rules/RuleVersion.cs(18,16): warning CS1591: Missing XML comment for publicly visible type or member 'RuleVersion.Value' [/Users/kady/Masterdom/src/Masterdom.Platform/Masterdom.Platform.csproj]
/Users/kady/Masterdom/src/Masterdom.Platform/Workflow/InMemoryWorkflowRepository.cs(17,12): warning CS1591: Missing XML comment for publicly visible type or member 'InMemoryWorkflowRepository.InMemoryWorkflowRepository(IReadOnlyList<WorkflowDefinition>?, IReadOnlyList<WorkflowVersionDefinition>?, IReadOnlyList<WorkflowStepDefinition>?, IReadOnlyList<WorkflowTransitionDefinition>?)' [/Users/kady/Masterdom/src/Masterdom.Platform/Masterdom.Platform.csproj]
/Users/kady/Masterdom/src/Masterdom.Platform/Workflow/InMemoryWorkflowRepository.cs(29,46): warning CS1591: Missing XML comment for publicly visible type or member 'InMemoryWorkflowRepository.GetAllWorkflows()' [/Users/kady/Masterdom/src/Masterdom.Platform/Masterdom.Platform.csproj]
/Users/kady/Masterdom/src/Masterdom.Platform/Workflow/InMemoryWorkflowRepository.cs(31,53): warning CS1591: Missing XML comment for publicly visible type or member 'InMemoryWorkflowRepository.GetAllVersions()' [/Users/kady/Masterdom/src/Masterdom.Platform/Masterdom.Platform.csproj]
/Users/kady/Masterdom/src/Masterdom.Platform/Workflow/InMemoryWorkflowRepository.cs(33,50): warning CS1591: Missing XML comment for publicly visible type or member 'InMemoryWorkflowRepository.GetAllSteps()' [/Users/kady/Masterdom/src/Masterdom.Platform/Masterdom.Platform.csproj]
/Users/kady/Masterdom/src/Masterdom.Platform/Workflow/InMemoryWorkflowRepository.cs(35,56): warning CS1591: Missing XML comment for publicly visible type or member 'InMemoryWorkflowRepository.GetAllTransitions()' [/Users/kady/Masterdom/src/Masterdom.Platform/Masterdom.Platform.csproj]
/Users/kady/Masterdom/src/Masterdom.Platform/Workflow/InMemoryWorkflowRepository.cs(37,17): warning CS1591: Missing XML comment for publicly visible type or member 'InMemoryWorkflowRepository.ReplaceAll(IReadOnlyList<WorkflowDefinition>, IReadOnlyList<WorkflowVersionDefinition>, IReadOnlyList<WorkflowStepDefinition>, IReadOnlyList<WorkflowTransitionDefinition>)' [/Users/kady/Masterdom/src/Masterdom.Platform/Masterdom.Platform.csproj]
/Users/kady/Masterdom/src/Masterdom.Platform/Workflow/InMemoryWorkflowStateStore.cs(13,17): warning CS1591: Missing XML comment for publicly visible type or member 'InMemoryWorkflowStateStore.Save(WorkflowState)' [/Users/kady/Masterdom/src/Masterdom.Platform/Masterdom.Platform.csproj]
/Users/kady/Masterdom/src/Masterdom.Platform/Workflow/InMemoryWorkflowStateStore.cs(20,17): warning CS1591: Missing XML comment for publicly visible type or member 'InMemoryWorkflowStateStore.TryGet(Guid, out WorkflowState?)' [/Users/kady/Masterdom/src/Masterdom.Platform/Masterdom.Platform.csproj]
/Users/kady/Masterdom/src/Masterdom.Platform/Workflow/IWorkflowCatalog.cs(10,39): warning CS1591: Missing XML comment for publicly visible type or member 'IWorkflowCatalog.Workflows' [/Users/kady/Masterdom/src/Masterdom.Platform/Masterdom.Platform.csproj]
/Users/kady/Masterdom/src/Masterdom.Platform/Workflow/IWorkflowCatalog.cs(12,46): warning CS1591: Missing XML comment for publicly visible type or member 'IWorkflowCatalog.Versions' [/Users/kady/Masterdom/src/Masterdom.Platform/Masterdom.Platform.csproj]
/Users/kady/Masterdom/src/Masterdom.Platform/Workflow/IWorkflowCatalog.cs(14,43): warning CS1591: Missing XML comment for publicly visible type or member 'IWorkflowCatalog.Steps' [/Users/kady/Masterdom/src/Masterdom.Platform/Masterdom.Platform.csproj]
/Users/kady/Masterdom/src/Masterdom.Platform/Workflow/IWorkflowCatalog.cs(16,49): warning CS1591: Missing XML comment for publicly visible type or member 'IWorkflowCatalog.Transitions' [/Users/kady/Masterdom/src/Masterdom.Platform/Masterdom.Platform.csproj]
/Users/kady/Masterdom/src/Masterdom.Platform/Workflow/IWorkflowRegistry.cs(10,10): warning CS1591: Missing XML comment for publicly visible type or member 'IWorkflowRegistry.ReplaceAll(IReadOnlyList<WorkflowDefinition>, IReadOnlyList<WorkflowVersionDefinition>, IReadOnlyList<WorkflowStepDefinition>, IReadOnlyList<WorkflowTransitionDefinition>)' [/Users/kady/Masterdom/src/Masterdom.Platform/Masterdom.Platform.csproj]
/Users/kady/Masterdom/src/Masterdom.Platform/Workflow/IWorkflowRegistry.cs(16,22): warning CS1591: Missing XML comment for publicly visible type or member 'IWorkflowRegistry.GetCatalog()' [/Users/kady/Masterdom/src/Masterdom.Platform/Masterdom.Platform.csproj]
/Users/kady/Masterdom/src/Masterdom.Platform/Workflow/IWorkflowRepository.cs(10,39): warning CS1591: Missing XML comment for publicly visible type or member 'IWorkflowRepository.GetAllWorkflows()' [/Users/kady/Masterdom/src/Masterdom.Platform/Masterdom.Platform.csproj]
/Users/kady/Masterdom/src/Masterdom.Platform/Workflow/IWorkflowRepository.cs(12,46): warning CS1591: Missing XML comment for publicly visible type or member 'IWorkflowRepository.GetAllVersions()' [/Users/kady/Masterdom/src/Masterdom.Platform/Masterdom.Platform.csproj]
/Users/kady/Masterdom/src/Masterdom.Platform/Workflow/IWorkflowRepository.cs(14,43): warning CS1591: Missing XML comment for publicly visible type or member 'IWorkflowRepository.GetAllSteps()' [/Users/kady/Masterdom/src/Masterdom.Platform/Masterdom.Platform.csproj]
/Users/kady/Masterdom/src/Masterdom.Platform/Workflow/IWorkflowRepository.cs(16,49): warning CS1591: Missing XML comment for publicly visible type or member 'IWorkflowRepository.GetAllTransitions()' [/Users/kady/Masterdom/src/Masterdom.Platform/Masterdom.Platform.csproj]
/Users/kady/Masterdom/src/Masterdom.Platform/Workflow/IWorkflowResolver.cs(8,20): warning CS1591: Missing XML comment for publicly visible type or member 'IWorkflowResolver.Execute(WorkflowKey, WorkflowScope, WorkflowContext)' [/Users/kady/Masterdom/src/Masterdom.Platform/Masterdom.Platform.csproj]
/Users/kady/Masterdom/src/Masterdom.Platform/Workflow/IWorkflowStateStore.cs(8,10): warning CS1591: Missing XML comment for publicly visible type or member 'IWorkflowStateStore.Save(WorkflowState)' [/Users/kady/Masterdom/src/Masterdom.Platform/Masterdom.Platform.csproj]
/Users/kady/Masterdom/src/Masterdom.Platform/Workflow/IWorkflowStateStore.cs(10,10): warning CS1591: Missing XML comment for publicly visible type or member 'IWorkflowStateStore.TryGet(Guid, out WorkflowState?)' [/Users/kady/Masterdom/src/Masterdom.Platform/Masterdom.Platform.csproj]
/Users/kady/Masterdom/src/Masterdom.Platform/Workflow/WorkflowBranchKind.cs(8,5): warning CS1591: Missing XML comment for publicly visible type or member 'WorkflowBranchKind.Sequential' [/Users/kady/Masterdom/src/Masterdom.Platform/Masterdom.Platform.csproj]
/Users/kady/Masterdom/src/Masterdom.Platform/Workflow/WorkflowBranchKind.cs(9,5): warning CS1591: Missing XML comment for publicly visible type or member 'WorkflowBranchKind.Conditional' [/Users/kady/Masterdom/src/Masterdom.Platform/Masterdom.Platform.csproj]
/Users/kady/Masterdom/src/Masterdom.Platform/Workflow/WorkflowBranchKind.cs(10,5): warning CS1591: Missing XML comment for publicly visible type or member 'WorkflowBranchKind.Parallel' [/Users/kady/Masterdom/src/Masterdom.Platform/Masterdom.Platform.csproj]
/Users/kady/Masterdom/src/Masterdom.Platform/Workflow/WorkflowCatalog.cs(12,12): warning CS1591: Missing XML comment for publicly visible type or member 'WorkflowCatalog.WorkflowCatalog(IEnumerable<WorkflowDefinition>, IEnumerable<WorkflowVersionDefinition>, IEnumerable<WorkflowStepDefinition>, IEnumerable<WorkflowTransitionDefinition>)' [/Users/kady/Masterdom/src/Masterdom.Platform/Masterdom.Platform.csproj]
/Users/kady/Masterdom/src/Masterdom.Platform/Workflow/WorkflowCatalog.cs(29,46): warning CS1591: Missing XML comment for publicly visible type or member 'WorkflowCatalog.Workflows' [/Users/kady/Masterdom/src/Masterdom.Platform/Masterdom.Platform.csproj]
/Users/kady/Masterdom/src/Masterdom.Platform/Workflow/WorkflowCatalog.cs(31,53): warning CS1591: Missing XML comment for publicly visible type or member 'WorkflowCatalog.Versions' [/Users/kady/Masterdom/src/Masterdom.Platform/Masterdom.Platform.csproj]
/Users/kady/Masterdom/src/Masterdom.Platform/Workflow/WorkflowCatalog.cs(33,50): warning CS1591: Missing XML comment for publicly visible type or member 'WorkflowCatalog.Steps' [/Users/kady/Masterdom/src/Masterdom.Platform/Masterdom.Platform.csproj]
/Users/kady/Masterdom/src/Masterdom.Platform/Workflow/WorkflowCatalog.cs(35,56): warning CS1591: Missing XML comment for publicly visible type or member 'WorkflowCatalog.Transitions' [/Users/kady/Masterdom/src/Masterdom.Platform/Masterdom.Platform.csproj]
/Users/kady/Masterdom/src/Masterdom.Platform/Workflow/WorkflowCatalogBuilder.cs(12,39): warning CS1591: Missing XML comment for publicly visible type or member 'WorkflowCatalogBuilder.BuildFromCatalog(IEnumerable<ModuleCatalogEntry>, DateTime?)' [/Users/kady/Masterdom/src/Masterdom.Platform/Masterdom.Platform.csproj]
/Users/kady/Masterdom/src/Masterdom.Platform/Workflow/WorkflowCatalogSeed.cs(10,55): warning CS1591: Missing XML comment for publicly visible type or member 'WorkflowCatalogSeed.Workflows' [/Users/kady/Masterdom/src/Masterdom.Platform/Masterdom.Platform.csproj]
/Users/kady/Masterdom/src/Masterdom.Platform/Workflow/WorkflowCatalogSeed.cs(12,62): warning CS1591: Missing XML comment for publicly visible type or member 'WorkflowCatalogSeed.Versions' [/Users/kady/Masterdom/src/Masterdom.Platform/Masterdom.Platform.csproj]
/Users/kady/Masterdom/src/Masterdom.Platform/Workflow/WorkflowCatalogSeed.cs(14,59): warning CS1591: Missing XML comment for publicly visible type or member 'WorkflowCatalogSeed.Steps' [/Users/kady/Masterdom/src/Masterdom.Platform/Masterdom.Platform.csproj]
/Users/kady/Masterdom/src/Masterdom.Platform/Workflow/WorkflowCatalogSeed.cs(16,65): warning CS1591: Missing XML comment for publicly visible type or member 'WorkflowCatalogSeed.Transitions' [/Users/kady/Masterdom/src/Masterdom.Platform/Masterdom.Platform.csproj]
/Users/kady/Masterdom/src/Masterdom.Platform/Workflow/WorkflowCompensationHook.cs(8,12): warning CS1591: Missing XML comment for publicly visible type or member 'WorkflowCompensationHook.WorkflowCompensationHook(string)' [/Users/kady/Masterdom/src/Masterdom.Platform/Masterdom.Platform.csproj]
/Users/kady/Masterdom/src/Masterdom.Platform/Workflow/WorkflowCompensationHook.cs(18,19): warning CS1591: Missing XML comment for publicly visible type or member 'WorkflowCompensationHook.Operation' [/Users/kady/Masterdom/src/Masterdom.Platform/Masterdom.Platform.csproj]
/Users/kady/Masterdom/src/Masterdom.Platform/Workflow/WorkflowContext.cs(11,28): warning CS1591: Missing XML comment for publicly visible type or member 'WorkflowContext.ModuleId' [/Users/kady/Masterdom/src/Masterdom.Platform/Masterdom.Platform.csproj]
/Users/kady/Masterdom/src/Masterdom.Platform/Workflow/WorkflowContext.cs(13,20): warning CS1591: Missing XML comment for publicly visible type or member 'WorkflowContext.TenantId' [/Users/kady/Masterdom/src/Masterdom.Platform/Masterdom.Platform.csproj]
/Users/kady/Masterdom/src/Masterdom.Platform/Workflow/WorkflowContext.cs(15,20): warning CS1591: Missing XML comment for publicly visible type or member 'WorkflowContext.PropertyId' [/Users/kady/Masterdom/src/Masterdom.Platform/Masterdom.Platform.csproj]
/Users/kady/Masterdom/src/Masterdom.Platform/Workflow/WorkflowContext.cs(17,21): warning CS1591: Missing XML comment for publicly visible type or member 'WorkflowContext.AsOfUtc' [/Users/kady/Masterdom/src/Masterdom.Platform/Masterdom.Platform.csproj]
/Users/kady/Masterdom/src/Masterdom.Platform/Workflow/WorkflowContext.cs(19,20): warning CS1591: Missing XML comment for publicly visible type or member 'WorkflowContext.CorrelationId' [/Users/kady/Masterdom/src/Masterdom.Platform/Masterdom.Platform.csproj]
/Users/kady/Masterdom/src/Masterdom.Platform/Workflow/WorkflowContext.cs(21,17): warning CS1591: Missing XML comment for publicly visible type or member 'WorkflowContext.CancellationRequested' [/Users/kady/Masterdom/src/Masterdom.Platform/Masterdom.Platform.csproj]
/Users/kady/Masterdom/src/Masterdom.Platform/Workflow/WorkflowContext.cs(23,22): warning CS1591: Missing XML comment for publicly visible type or member 'WorkflowContext.Input' [/Users/kady/Masterdom/src/Masterdom.Platform/Masterdom.Platform.csproj]
/Users/kady/Masterdom/src/Masterdom.Platform/Workflow/WorkflowDefinition.cs(10,12): warning CS1591: Missing XML comment for publicly visible type or member 'WorkflowDefinition.WorkflowDefinition(WorkflowId, WorkflowKey, string, string?, WorkflowScope, string, DateTime)' [/Users/kady/Masterdom/src/Masterdom.Platform/Masterdom.Platform.csproj]
/Users/kady/Masterdom/src/Masterdom.Platform/Workflow/WorkflowDefinition.cs(44,23): warning CS1591: Missing XML comment for publicly visible type or member 'WorkflowDefinition.Id' [/Users/kady/Masterdom/src/Masterdom.Platform/Masterdom.Platform.csproj]
/Users/kady/Masterdom/src/Masterdom.Platform/Workflow/WorkflowDefinition.cs(46,24): warning CS1591: Missing XML comment for publicly visible type or member 'WorkflowDefinition.Key' [/Users/kady/Masterdom/src/Masterdom.Platform/Masterdom.Platform.csproj]
/Users/kady/Masterdom/src/Masterdom.Platform/Workflow/WorkflowDefinition.cs(48,19): warning CS1591: Missing XML comment for publicly visible type or member 'WorkflowDefinition.Name' [/Users/kady/Masterdom/src/Masterdom.Platform/Masterdom.Platform.csproj]
/Users/kady/Masterdom/src/Masterdom.Platform/Workflow/WorkflowDefinition.cs(50,20): warning CS1591: Missing XML comment for publicly visible type or member 'WorkflowDefinition.Description' [/Users/kady/Masterdom/src/Masterdom.Platform/Masterdom.Platform.csproj]
/Users/kady/Masterdom/src/Masterdom.Platform/Workflow/WorkflowDefinition.cs(52,26): warning CS1591: Missing XML comment for publicly visible type or member 'WorkflowDefinition.Scope' [/Users/kady/Masterdom/src/Masterdom.Platform/Masterdom.Platform.csproj]
/Users/kady/Masterdom/src/Masterdom.Platform/Workflow/WorkflowDefinition.cs(54,19): warning CS1591: Missing XML comment for publicly visible type or member 'WorkflowDefinition.ChangedBy' [/Users/kady/Masterdom/src/Masterdom.Platform/Masterdom.Platform.csproj]
/Users/kady/Masterdom/src/Masterdom.Platform/Workflow/WorkflowDefinition.cs(56,21): warning CS1591: Missing XML comment for publicly visible type or member 'WorkflowDefinition.ChangedAtUtc' [/Users/kady/Masterdom/src/Masterdom.Platform/Masterdom.Platform.csproj]
/Users/kady/Masterdom/src/Masterdom.Platform/Workflow/WorkflowEffectivePeriod.cs(10,12): warning CS1591: Missing XML comment for publicly visible type or member 'WorkflowEffectivePeriod.WorkflowEffectivePeriod(DateTime, DateTime?)' [/Users/kady/Masterdom/src/Masterdom.Platform/Masterdom.Platform.csproj]
/Users/kady/Masterdom/src/Masterdom.Platform/Workflow/WorkflowEffectivePeriod.cs(31,21): warning CS1591: Missing XML comment for publicly visible type or member 'WorkflowEffectivePeriod.EffectiveFromUtc' [/Users/kady/Masterdom/src/Masterdom.Platform/Masterdom.Platform.csproj]
/Users/kady/Masterdom/src/Masterdom.Platform/Workflow/WorkflowEffectivePeriod.cs(33,22): warning CS1591: Missing XML comment for publicly visible type or member 'WorkflowEffectivePeriod.EffectiveToUtc' [/Users/kady/Masterdom/src/Masterdom.Platform/Masterdom.Platform.csproj]
/Users/kady/Masterdom/src/Masterdom.Platform/Workflow/WorkflowEffectivePeriod.cs(35,17): warning CS1591: Missing XML comment for publicly visible type or member 'WorkflowEffectivePeriod.IsEffectiveAt(DateTime)' [/Users/kady/Masterdom/src/Masterdom.Platform/Masterdom.Platform.csproj]
/Users/kady/Masterdom/src/Masterdom.Platform/Workflow/WorkflowExecutionEvent.cs(10,30): warning CS1591: Missing XML comment for publicly visible type or member 'WorkflowExecutionEvent.TimestampUtc' [/Users/kady/Masterdom/src/Masterdom.Platform/Masterdom.Platform.csproj]
/Users/kady/Masterdom/src/Masterdom.Platform/Workflow/WorkflowExecutionEvent.cs(12,28): warning CS1591: Missing XML comment for publicly visible type or member 'WorkflowExecutionEvent.EventType' [/Users/kady/Masterdom/src/Masterdom.Platform/Masterdom.Platform.csproj]
/Users/kady/Masterdom/src/Masterdom.Platform/Workflow/WorkflowExecutionEvent.cs(14,28): warning CS1591: Missing XML comment for publicly visible type or member 'WorkflowExecutionEvent.StepId' [/Users/kady/Masterdom/src/Masterdom.Platform/Masterdom.Platform.csproj]
/Users/kady/Masterdom/src/Masterdom.Platform/Workflow/WorkflowExecutionEvent.cs(16,28): warning CS1591: Missing XML comment for publicly visible type or member 'WorkflowExecutionEvent.Message' [/Users/kady/Masterdom/src/Masterdom.Platform/Masterdom.Platform.csproj]
/Users/kady/Masterdom/src/Masterdom.Platform/Workflow/WorkflowExecutionStatus.cs(8,5): warning CS1591: Missing XML comment for publicly visible type or member 'WorkflowExecutionStatus.Running' [/Users/kady/Masterdom/src/Masterdom.Platform/Masterdom.Platform.csproj]
/Users/kady/Masterdom/src/Masterdom.Platform/Workflow/WorkflowExecutionStatus.cs(9,5): warning CS1591: Missing XML comment for publicly visible type or member 'WorkflowExecutionStatus.Completed' [/Users/kady/Masterdom/src/Masterdom.Platform/Masterdom.Platform.csproj]
/Users/kady/Masterdom/src/Masterdom.Platform/Workflow/WorkflowExecutionStatus.cs(10,5): warning CS1591: Missing XML comment for publicly visible type or member 'WorkflowExecutionStatus.Failed' [/Users/kady/Masterdom/src/Masterdom.Platform/Masterdom.Platform.csproj]
/Users/kady/Masterdom/src/Masterdom.Platform/Workflow/WorkflowExecutionStatus.cs(11,5): warning CS1591: Missing XML comment for publicly visible type or member 'WorkflowExecutionStatus.Cancelled' [/Users/kady/Masterdom/src/Masterdom.Platform/Masterdom.Platform.csproj]
/Users/kady/Masterdom/src/Masterdom.Platform/Workflow/WorkflowExecutionStatus.cs(12,5): warning CS1591: Missing XML comment for publicly visible type or member 'WorkflowExecutionStatus.TimedOut' [/Users/kady/Masterdom/src/Masterdom.Platform/Masterdom.Platform.csproj]
/Users/kady/Masterdom/src/Masterdom.Platform/Workflow/WorkflowId.cs(10,12): warning CS1591: Missing XML comment for publicly visible type or member 'WorkflowId.WorkflowId(Guid)' [/Users/kady/Masterdom/src/Masterdom.Platform/Masterdom.Platform.csproj]
/Users/kady/Masterdom/src/Masterdom.Platform/Workflow/WorkflowId.cs(20,17): warning CS1591: Missing XML comment for publicly visible type or member 'WorkflowId.Value' [/Users/kady/Masterdom/src/Masterdom.Platform/Masterdom.Platform.csproj]
/Users/kady/Masterdom/src/Masterdom.Platform/Workflow/WorkflowKey.cs(10,12): warning CS1591: Missing XML comment for publicly visible type or member 'WorkflowKey.WorkflowKey(string)' [/Users/kady/Masterdom/src/Masterdom.Platform/Masterdom.Platform.csproj]
/Users/kady/Masterdom/src/Masterdom.Platform/Workflow/WorkflowKey.cs(20,19): warning CS1591: Missing XML comment for publicly visible type or member 'WorkflowKey.Value' [/Users/kady/Masterdom/src/Masterdom.Platform/Masterdom.Platform.csproj]
/Users/kady/Masterdom/src/Masterdom.Platform/Workflow/WorkflowKey.cs(22,17): warning CS1591: Missing XML comment for publicly visible type or member 'WorkflowKey.Equals(WorkflowKey?)' [/Users/kady/Masterdom/src/Masterdom.Platform/Masterdom.Platform.csproj]
/Users/kady/Masterdom/src/Masterdom.Platform/Workflow/WorkflowKey.cs(28,26): warning CS1591: Missing XML comment for publicly visible type or member 'WorkflowKey.Equals(object?)' [/Users/kady/Masterdom/src/Masterdom.Platform/Masterdom.Platform.csproj]
/Users/kady/Masterdom/src/Masterdom.Platform/Workflow/WorkflowKey.cs(33,25): warning CS1591: Missing XML comment for publicly visible type or member 'WorkflowKey.GetHashCode()' [/Users/kady/Masterdom/src/Masterdom.Platform/Masterdom.Platform.csproj]
/Users/kady/Masterdom/src/Masterdom.Platform/Workflow/WorkflowPriority.cs(8,12): warning CS1591: Missing XML comment for publicly visible type or member 'WorkflowPriority.WorkflowPriority(int)' [/Users/kady/Masterdom/src/Masterdom.Platform/Masterdom.Platform.csproj]
/Users/kady/Masterdom/src/Masterdom.Platform/Workflow/WorkflowPriority.cs(18,16): warning CS1591: Missing XML comment for publicly visible type or member 'WorkflowPriority.Value' [/Users/kady/Masterdom/src/Masterdom.Platform/Masterdom.Platform.csproj]
/Users/kady/Masterdom/src/Masterdom.Platform/Workflow/WorkflowRegistry.cs(13,12): warning CS1591: Missing XML comment for publicly visible type or member 'WorkflowRegistry.WorkflowRegistry(IWorkflowRepository?)' [/Users/kady/Masterdom/src/Masterdom.Platform/Masterdom.Platform.csproj]
/Users/kady/Masterdom/src/Masterdom.Platform/Workflow/WorkflowRegistry.cs(23,17): warning CS1591: Missing XML comment for publicly visible type or member 'WorkflowRegistry.ReplaceAll(IReadOnlyList<WorkflowDefinition>, IReadOnlyList<WorkflowVersionDefinition>, IReadOnlyList<WorkflowStepDefinition>, IReadOnlyList<WorkflowTransitionDefinition>)' [/Users/kady/Masterdom/src/Masterdom.Platform/Masterdom.Platform.csproj]
/Users/kady/Masterdom/src/Masterdom.Platform/Workflow/WorkflowRegistry.cs(38,29): warning CS1591: Missing XML comment for publicly visible type or member 'WorkflowRegistry.GetCatalog()' [/Users/kady/Masterdom/src/Masterdom.Platform/Masterdom.Platform.csproj]
/Users/kady/Masterdom/src/Masterdom.Platform/Workflow/WorkflowResolver.cs(21,12): warning CS1591: Missing XML comment for publicly visible type or member 'WorkflowResolver.WorkflowResolver(IWorkflowRepository, IConfigurationResolver, IMetadataResolver, IRuleResolver, IWorkflowStateStore)' [/Users/kady/Masterdom/src/Masterdom.Platform/Masterdom.Platform.csproj]
/Users/kady/Masterdom/src/Masterdom.Platform/Workflow/WorkflowResolver.cs(35,27): warning CS1591: Missing XML comment for publicly visible type or member 'WorkflowResolver.Execute(WorkflowKey, WorkflowScope, WorkflowContext)' [/Users/kady/Masterdom/src/Masterdom.Platform/Masterdom.Platform.csproj]
/Users/kady/Masterdom/src/Masterdom.Platform/Workflow/WorkflowResult.cs(8,35): warning CS1591: Missing XML comment for publicly visible type or member 'WorkflowResult.State' [/Users/kady/Masterdom/src/Masterdom.Platform/Masterdom.Platform.csproj]
/Users/kady/Masterdom/src/Masterdom.Platform/Workflow/WorkflowResult.cs(10,17): warning CS1591: Missing XML comment for publicly visible type or member 'WorkflowResult.IsTerminal' [/Users/kady/Masterdom/src/Masterdom.Platform/Masterdom.Platform.csproj]
/Users/kady/Masterdom/src/Masterdom.Platform/Workflow/WorkflowRetryPolicy.cs(10,12): warning CS1591: Missing XML comment for publicly visible type or member 'WorkflowRetryPolicy.WorkflowRetryPolicy(int, TimeSpan)' [/Users/kady/Masterdom/src/Masterdom.Platform/Masterdom.Platform.csproj]
/Users/kady/Masterdom/src/Masterdom.Platform/Workflow/WorkflowRetryPolicy.cs(26,16): warning CS1591: Missing XML comment for publicly visible type or member 'WorkflowRetryPolicy.MaxAttempts' [/Users/kady/Masterdom/src/Masterdom.Platform/Masterdom.Platform.csproj]
/Users/kady/Masterdom/src/Masterdom.Platform/Workflow/WorkflowRetryPolicy.cs(28,21): warning CS1591: Missing XML comment for publicly visible type or member 'WorkflowRetryPolicy.RetryDelay' [/Users/kady/Masterdom/src/Masterdom.Platform/Masterdom.Platform.csproj]
/Users/kady/Masterdom/src/Masterdom.Platform/Workflow/WorkflowRetryPolicy.cs(30,39): warning CS1591: Missing XML comment for publicly visible type or member 'WorkflowRetryPolicy.None()' [/Users/kady/Masterdom/src/Masterdom.Platform/Masterdom.Platform.csproj]
/Users/kady/Masterdom/src/Masterdom.Platform/Workflow/WorkflowScope.cs(16,30): warning CS1591: Missing XML comment for publicly visible type or member 'WorkflowScope.Kind' [/Users/kady/Masterdom/src/Masterdom.Platform/Masterdom.Platform.csproj]
/Users/kady/Masterdom/src/Masterdom.Platform/Workflow/WorkflowScope.cs(18,20): warning CS1591: Missing XML comment for publicly visible type or member 'WorkflowScope.Identifier' [/Users/kady/Masterdom/src/Masterdom.Platform/Masterdom.Platform.csproj]
/Users/kady/Masterdom/src/Masterdom.Platform/Workflow/WorkflowScope.cs(20,33): warning CS1591: Missing XML comment for publicly visible type or member 'WorkflowScope.Global()' [/Users/kady/Masterdom/src/Masterdom.Platform/Masterdom.Platform.csproj]
/Users/kady/Masterdom/src/Masterdom.Platform/Workflow/WorkflowScope.cs(25,33): warning CS1591: Missing XML comment for publicly visible type or member 'WorkflowScope.Create(WorkflowScopeKind, string?)' [/Users/kady/Masterdom/src/Masterdom.Platform/Masterdom.Platform.csproj]
/Users/kady/Masterdom/src/Masterdom.Platform/Workflow/WorkflowScope.cs(45,17): warning CS1591: Missing XML comment for publicly visible type or member 'WorkflowScope.Equals(WorkflowScope?)' [/Users/kady/Masterdom/src/Masterdom.Platform/Masterdom.Platform.csproj]
/Users/kady/Masterdom/src/Masterdom.Platform/Workflow/WorkflowScope.cs(52,26): warning CS1591: Missing XML comment for publicly visible type or member 'WorkflowScope.Equals(object?)' [/Users/kady/Masterdom/src/Masterdom.Platform/Masterdom.Platform.csproj]
/Users/kady/Masterdom/src/Masterdom.Platform/Workflow/WorkflowScope.cs(57,25): warning CS1591: Missing XML comment for publicly visible type or member 'WorkflowScope.GetHashCode()' [/Users/kady/Masterdom/src/Masterdom.Platform/Masterdom.Platform.csproj]
/Users/kady/Masterdom/src/Masterdom.Platform/Workflow/WorkflowScopeKind.cs(8,5): warning CS1591: Missing XML comment for publicly visible type or member 'WorkflowScopeKind.Global' [/Users/kady/Masterdom/src/Masterdom.Platform/Masterdom.Platform.csproj]
/Users/kady/Masterdom/src/Masterdom.Platform/Workflow/WorkflowScopeKind.cs(9,5): warning CS1591: Missing XML comment for publicly visible type or member 'WorkflowScopeKind.Module' [/Users/kady/Masterdom/src/Masterdom.Platform/Masterdom.Platform.csproj]
/Users/kady/Masterdom/src/Masterdom.Platform/Workflow/WorkflowScopeKind.cs(10,5): warning CS1591: Missing XML comment for publicly visible type or member 'WorkflowScopeKind.Tenant' [/Users/kady/Masterdom/src/Masterdom.Platform/Masterdom.Platform.csproj]
/Users/kady/Masterdom/src/Masterdom.Platform/Workflow/WorkflowScopeKind.cs(11,5): warning CS1591: Missing XML comment for publicly visible type or member 'WorkflowScopeKind.Aggregate' [/Users/kady/Masterdom/src/Masterdom.Platform/Masterdom.Platform.csproj]
/Users/kady/Masterdom/src/Masterdom.Platform/Workflow/WorkflowScopeKind.cs(12,5): warning CS1591: Missing XML comment for publicly visible type or member 'WorkflowScopeKind.Entity' [/Users/kady/Masterdom/src/Masterdom.Platform/Masterdom.Platform.csproj]
/Users/kady/Masterdom/src/Masterdom.Platform/Workflow/WorkflowState.cs(11,26): warning CS1591: Missing XML comment for publicly visible type or member 'WorkflowState.InstanceId' [/Users/kady/Masterdom/src/Masterdom.Platform/Masterdom.Platform.csproj]
/Users/kady/Masterdom/src/Masterdom.Platform/Workflow/WorkflowState.cs(13,32): warning CS1591: Missing XML comment for publicly visible type or member 'WorkflowState.WorkflowId' [/Users/kady/Masterdom/src/Masterdom.Platform/Masterdom.Platform.csproj]
/Users/kady/Masterdom/src/Masterdom.Platform/Workflow/WorkflowState.cs(15,39): warning CS1591: Missing XML comment for publicly visible type or member 'WorkflowState.WorkflowVersionId' [/Users/kady/Masterdom/src/Masterdom.Platform/Masterdom.Platform.csproj]
/Users/kady/Masterdom/src/Masterdom.Platform/Workflow/WorkflowState.cs(17,28): warning CS1591: Missing XML comment for publicly visible type or member 'WorkflowState.CurrentStepId' [/Users/kady/Masterdom/src/Masterdom.Platform/Masterdom.Platform.csproj]
/Users/kady/Masterdom/src/Masterdom.Platform/Workflow/WorkflowState.cs(19,45): warning CS1591: Missing XML comment for publicly visible type or member 'WorkflowState.Status' [/Users/kady/Masterdom/src/Masterdom.Platform/Masterdom.Platform.csproj]
/Users/kady/Masterdom/src/Masterdom.Platform/Workflow/WorkflowState.cs(21,42): warning CS1591: Missing XML comment for publicly visible type or member 'WorkflowState.CompletedSteps' [/Users/kady/Masterdom/src/Masterdom.Platform/Masterdom.Platform.csproj]
/Users/kady/Masterdom/src/Masterdom.Platform/Workflow/WorkflowState.cs(23,42): warning CS1591: Missing XML comment for publicly visible type or member 'WorkflowState.PendingSteps' [/Users/kady/Masterdom/src/Masterdom.Platform/Masterdom.Platform.csproj]
/Users/kady/Masterdom/src/Masterdom.Platform/Workflow/WorkflowState.cs(25,50): warning CS1591: Missing XML comment for publicly visible type or member 'WorkflowState.History' [/Users/kady/Masterdom/src/Masterdom.Platform/Masterdom.Platform.csproj]
/Users/kady/Masterdom/src/Masterdom.Platform/Workflow/WorkflowState.cs(27,20): warning CS1591: Missing XML comment for publicly visible type or member 'WorkflowState.Error' [/Users/kady/Masterdom/src/Masterdom.Platform/Masterdom.Platform.csproj]
/Users/kady/Masterdom/src/Masterdom.Platform/Workflow/WorkflowState.cs(29,30): warning CS1591: Missing XML comment for publicly visible type or member 'WorkflowState.StartedAtUtc' [/Users/kady/Masterdom/src/Masterdom.Platform/Masterdom.Platform.csproj]
/Users/kady/Masterdom/src/Masterdom.Platform/Workflow/WorkflowState.cs(31,22): warning CS1591: Missing XML comment for publicly visible type or member 'WorkflowState.CompletedAtUtc' [/Users/kady/Masterdom/src/Masterdom.Platform/Masterdom.Platform.csproj]
/Users/kady/Masterdom/src/Masterdom.Platform/Workflow/WorkflowStepDefinition.cs(10,12): warning CS1591: Missing XML comment for publicly visible type or member 'WorkflowStepDefinition.WorkflowStepDefinition(WorkflowStepId, WorkflowVersionId, string, string, WorkflowStepKind, bool, bool, WorkflowRetryPolicy, WorkflowTimeoutPolicy, WorkflowCompensationHook?)' [/Users/kady/Masterdom/src/Masterdom.Platform/Masterdom.Platform.csproj]
/Users/kady/Masterdom/src/Masterdom.Platform/Workflow/WorkflowStepDefinition.cs(50,27): warning CS1591: Missing XML comment for publicly visible type or member 'WorkflowStepDefinition.Id' [/Users/kady/Masterdom/src/Masterdom.Platform/Masterdom.Platform.csproj]
/Users/kady/Masterdom/src/Masterdom.Platform/Workflow/WorkflowStepDefinition.cs(52,30): warning CS1591: Missing XML comment for publicly visible type or member 'WorkflowStepDefinition.WorkflowVersionId' [/Users/kady/Masterdom/src/Masterdom.Platform/Masterdom.Platform.csproj]
/Users/kady/Masterdom/src/Masterdom.Platform/Workflow/WorkflowStepDefinition.cs(54,19): warning CS1591: Missing XML comment for publicly visible type or member 'WorkflowStepDefinition.Key' [/Users/kady/Masterdom/src/Masterdom.Platform/Masterdom.Platform.csproj]
/Users/kady/Masterdom/src/Masterdom.Platform/Workflow/WorkflowStepDefinition.cs(56,19): warning CS1591: Missing XML comment for publicly visible type or member 'WorkflowStepDefinition.Name' [/Users/kady/Masterdom/src/Masterdom.Platform/Masterdom.Platform.csproj]
/Users/kady/Masterdom/src/Masterdom.Platform/Workflow/WorkflowStepDefinition.cs(58,29): warning CS1591: Missing XML comment for publicly visible type or member 'WorkflowStepDefinition.Kind' [/Users/kady/Masterdom/src/Masterdom.Platform/Masterdom.Platform.csproj]
/Users/kady/Masterdom/src/Masterdom.Platform/Workflow/WorkflowStepDefinition.cs(60,17): warning CS1591: Missing XML comment for publicly visible type or member 'WorkflowStepDefinition.IsStart' [/Users/kady/Masterdom/src/Masterdom.Platform/Masterdom.Platform.csproj]
/Users/kady/Masterdom/src/Masterdom.Platform/Workflow/WorkflowStepDefinition.cs(62,17): warning CS1591: Missing XML comment for publicly visible type or member 'WorkflowStepDefinition.IsTerminal' [/Users/kady/Masterdom/src/Masterdom.Platform/Masterdom.Platform.csproj]
/Users/kady/Masterdom/src/Masterdom.Platform/Workflow/WorkflowStepDefinition.cs(64,32): warning CS1591: Missing XML comment for publicly visible type or member 'WorkflowStepDefinition.RetryPolicy' [/Users/kady/Masterdom/src/Masterdom.Platform/Masterdom.Platform.csproj]
/Users/kady/Masterdom/src/Masterdom.Platform/Workflow/WorkflowStepDefinition.cs(66,34): warning CS1591: Missing XML comment for publicly visible type or member 'WorkflowStepDefinition.TimeoutPolicy' [/Users/kady/Masterdom/src/Masterdom.Platform/Masterdom.Platform.csproj]
/Users/kady/Masterdom/src/Masterdom.Platform/Workflow/WorkflowStepDefinition.cs(68,38): warning CS1591: Missing XML comment for publicly visible type or member 'WorkflowStepDefinition.CompensationHook' [/Users/kady/Masterdom/src/Masterdom.Platform/Masterdom.Platform.csproj]
/Users/kady/Masterdom/src/Masterdom.Platform/Workflow/WorkflowStepId.cs(10,12): warning CS1591: Missing XML comment for publicly visible type or member 'WorkflowStepId.WorkflowStepId(Guid)' [/Users/kady/Masterdom/src/Masterdom.Platform/Masterdom.Platform.csproj]
/Users/kady/Masterdom/src/Masterdom.Platform/Workflow/WorkflowStepId.cs(20,17): warning CS1591: Missing XML comment for publicly visible type or member 'WorkflowStepId.Value' [/Users/kady/Masterdom/src/Masterdom.Platform/Masterdom.Platform.csproj]
/Users/kady/Masterdom/src/Masterdom.Platform/Workflow/WorkflowStepKind.cs(8,5): warning CS1591: Missing XML comment for publicly visible type or member 'WorkflowStepKind.Automatic' [/Users/kady/Masterdom/src/Masterdom.Platform/Masterdom.Platform.csproj]
/Users/kady/Masterdom/src/Masterdom.Platform/Workflow/WorkflowStepKind.cs(9,5): warning CS1591: Missing XML comment for publicly visible type or member 'WorkflowStepKind.ManualApproval' [/Users/kady/Masterdom/src/Masterdom.Platform/Masterdom.Platform.csproj]
/Users/kady/Masterdom/src/Masterdom.Platform/Workflow/WorkflowTimeoutPolicy.cs(10,12): warning CS1591: Missing XML comment for publicly visible type or member 'WorkflowTimeoutPolicy.WorkflowTimeoutPolicy(TimeSpan)' [/Users/kady/Masterdom/src/Masterdom.Platform/Masterdom.Platform.csproj]
/Users/kady/Masterdom/src/Masterdom.Platform/Workflow/WorkflowTimeoutPolicy.cs(20,21): warning CS1591: Missing XML comment for publicly visible type or member 'WorkflowTimeoutPolicy.Timeout' [/Users/kady/Masterdom/src/Masterdom.Platform/Masterdom.Platform.csproj]
/Users/kady/Masterdom/src/Masterdom.Platform/Workflow/WorkflowTimeoutPolicy.cs(22,41): warning CS1591: Missing XML comment for publicly visible type or member 'WorkflowTimeoutPolicy.None()' [/Users/kady/Masterdom/src/Masterdom.Platform/Masterdom.Platform.csproj]
/Users/kady/Masterdom/src/Masterdom.Platform/Workflow/WorkflowTransitionConditionKind.cs(8,5): warning CS1591: Missing XML comment for publicly visible type or member 'WorkflowTransitionConditionKind.Always' [/Users/kady/Masterdom/src/Masterdom.Platform/Masterdom.Platform.csproj]
/Users/kady/Masterdom/src/Masterdom.Platform/Workflow/WorkflowTransitionConditionKind.cs(9,5): warning CS1591: Missing XML comment for publicly visible type or member 'WorkflowTransitionConditionKind.Rule' [/Users/kady/Masterdom/src/Masterdom.Platform/Masterdom.Platform.csproj]
/Users/kady/Masterdom/src/Masterdom.Platform/Workflow/WorkflowTransitionDefinition.cs(10,12): warning CS1591: Missing XML comment for publicly visible type or member 'WorkflowTransitionDefinition.WorkflowTransitionDefinition(WorkflowTransitionId, WorkflowVersionId, WorkflowStepId, WorkflowStepId, WorkflowBranchKind, WorkflowPriority, WorkflowTransitionConditionKind, string?, WorkflowScope?)' [/Users/kady/Masterdom/src/Masterdom.Platform/Masterdom.Platform.csproj]
/Users/kady/Masterdom/src/Masterdom.Platform/Workflow/WorkflowTransitionDefinition.cs(42,33): warning CS1591: Missing XML comment for publicly visible type or member 'WorkflowTransitionDefinition.Id' [/Users/kady/Masterdom/src/Masterdom.Platform/Masterdom.Platform.csproj]
/Users/kady/Masterdom/src/Masterdom.Platform/Workflow/WorkflowTransitionDefinition.cs(44,30): warning CS1591: Missing XML comment for publicly visible type or member 'WorkflowTransitionDefinition.WorkflowVersionId' [/Users/kady/Masterdom/src/Masterdom.Platform/Masterdom.Platform.csproj]
/Users/kady/Masterdom/src/Masterdom.Platform/Workflow/WorkflowTransitionDefinition.cs(46,27): warning CS1591: Missing XML comment for publicly visible type or member 'WorkflowTransitionDefinition.FromStepId' [/Users/kady/Masterdom/src/Masterdom.Platform/Masterdom.Platform.csproj]
/Users/kady/Masterdom/src/Masterdom.Platform/Workflow/WorkflowTransitionDefinition.cs(48,27): warning CS1591: Missing XML comment for publicly visible type or member 'WorkflowTransitionDefinition.ToStepId' [/Users/kady/Masterdom/src/Masterdom.Platform/Masterdom.Platform.csproj]
/Users/kady/Masterdom/src/Masterdom.Platform/Workflow/WorkflowTransitionDefinition.cs(50,31): warning CS1591: Missing XML comment for publicly visible type or member 'WorkflowTransitionDefinition.BranchKind' [/Users/kady/Masterdom/src/Masterdom.Platform/Masterdom.Platform.csproj]
/Users/kady/Masterdom/src/Masterdom.Platform/Workflow/WorkflowTransitionDefinition.cs(52,29): warning CS1591: Missing XML comment for publicly visible type or member 'WorkflowTransitionDefinition.Priority' [/Users/kady/Masterdom/src/Masterdom.Platform/Masterdom.Platform.csproj]
/Users/kady/Masterdom/src/Masterdom.Platform/Workflow/WorkflowTransitionDefinition.cs(54,44): warning CS1591: Missing XML comment for publicly visible type or member 'WorkflowTransitionDefinition.ConditionKind' [/Users/kady/Masterdom/src/Masterdom.Platform/Masterdom.Platform.csproj]
/Users/kady/Masterdom/src/Masterdom.Platform/Workflow/WorkflowTransitionDefinition.cs(56,25): warning CS1591: Missing XML comment for publicly visible type or member 'WorkflowTransitionDefinition.RuleSetKey' [/Users/kady/Masterdom/src/Masterdom.Platform/Masterdom.Platform.csproj]
/Users/kady/Masterdom/src/Masterdom.Platform/Workflow/WorkflowTransitionDefinition.cs(58,27): warning CS1591: Missing XML comment for publicly visible type or member 'WorkflowTransitionDefinition.RuleScope' [/Users/kady/Masterdom/src/Masterdom.Platform/Masterdom.Platform.csproj]
/Users/kady/Masterdom/src/Masterdom.Platform/Workflow/WorkflowTransitionId.cs(10,12): warning CS1591: Missing XML comment for publicly visible type or member 'WorkflowTransitionId.WorkflowTransitionId(Guid)' [/Users/kady/Masterdom/src/Masterdom.Platform/Masterdom.Platform.csproj]
/Users/kady/Masterdom/src/Masterdom.Platform/Workflow/WorkflowTransitionId.cs(20,17): warning CS1591: Missing XML comment for publicly visible type or member 'WorkflowTransitionId.Value' [/Users/kady/Masterdom/src/Masterdom.Platform/Masterdom.Platform.csproj]
/Users/kady/Masterdom/src/Masterdom.Platform/Workflow/WorkflowValidation.cs(12,24): warning CS1591: Missing XML comment for publicly visible type or member 'WorkflowValidation.ValidateAll(IReadOnlyList<WorkflowDefinition>, IReadOnlyList<WorkflowVersionDefinition>, IReadOnlyList<WorkflowStepDefinition>, IReadOnlyList<WorkflowTransitionDefinition>)' [/Users/kady/Masterdom/src/Masterdom.Platform/Masterdom.Platform.csproj]
/Users/kady/Masterdom/src/Masterdom.Platform/Workflow/WorkflowValidationException.cs(10,12): warning CS1591: Missing XML comment for publicly visible type or member 'WorkflowValidationException.WorkflowValidationException(string)' [/Users/kady/Masterdom/src/Masterdom.Platform/Masterdom.Platform.csproj]
/Users/kady/Masterdom/src/Masterdom.Platform/Workflow/WorkflowVersion.cs(8,12): warning CS1591: Missing XML comment for publicly visible type or member 'WorkflowVersion.WorkflowVersion(int)' [/Users/kady/Masterdom/src/Masterdom.Platform/Masterdom.Platform.csproj]
/Users/kady/Masterdom/src/Masterdom.Platform/Workflow/WorkflowVersion.cs(18,16): warning CS1591: Missing XML comment for publicly visible type or member 'WorkflowVersion.Value' [/Users/kady/Masterdom/src/Masterdom.Platform/Masterdom.Platform.csproj]
/Users/kady/Masterdom/src/Masterdom.Platform/Workflow/WorkflowVersionDefinition.cs(10,12): warning CS1591: Missing XML comment for publicly visible type or member 'WorkflowVersionDefinition.WorkflowVersionDefinition(WorkflowVersionId, WorkflowId, WorkflowVersion, WorkflowEffectivePeriod, bool, WorkflowVersionId?, string?, string, DateTime)' [/Users/kady/Masterdom/src/Masterdom.Platform/Masterdom.Platform.csproj]
/Users/kady/Masterdom/src/Masterdom.Platform/Workflow/WorkflowVersionDefinition.cs(48,30): warning CS1591: Missing XML comment for publicly visible type or member 'WorkflowVersionDefinition.Id' [/Users/kady/Masterdom/src/Masterdom.Platform/Masterdom.Platform.csproj]
/Users/kady/Masterdom/src/Masterdom.Platform/Workflow/WorkflowVersionDefinition.cs(50,23): warning CS1591: Missing XML comment for publicly visible type or member 'WorkflowVersionDefinition.WorkflowId' [/Users/kady/Masterdom/src/Masterdom.Platform/Masterdom.Platform.csproj]
/Users/kady/Masterdom/src/Masterdom.Platform/Workflow/WorkflowVersionDefinition.cs(52,28): warning CS1591: Missing XML comment for publicly visible type or member 'WorkflowVersionDefinition.Version' [/Users/kady/Masterdom/src/Masterdom.Platform/Masterdom.Platform.csproj]
/Users/kady/Masterdom/src/Masterdom.Platform/Workflow/WorkflowVersionDefinition.cs(54,36): warning CS1591: Missing XML comment for publicly visible type or member 'WorkflowVersionDefinition.Period' [/Users/kady/Masterdom/src/Masterdom.Platform/Masterdom.Platform.csproj]
/Users/kady/Masterdom/src/Masterdom.Platform/Workflow/WorkflowVersionDefinition.cs(56,17): warning CS1591: Missing XML comment for publicly visible type or member 'WorkflowVersionDefinition.IsDeprecated' [/Users/kady/Masterdom/src/Masterdom.Platform/Masterdom.Platform.csproj]
/Users/kady/Masterdom/src/Masterdom.Platform/Workflow/WorkflowVersionDefinition.cs(58,31): warning CS1591: Missing XML comment for publicly visible type or member 'WorkflowVersionDefinition.ReplacedBy' [/Users/kady/Masterdom/src/Masterdom.Platform/Masterdom.Platform.csproj]
/Users/kady/Masterdom/src/Masterdom.Platform/Workflow/WorkflowVersionDefinition.cs(60,20): warning CS1591: Missing XML comment for publicly visible type or member 'WorkflowVersionDefinition.Compatibility' [/Users/kady/Masterdom/src/Masterdom.Platform/Masterdom.Platform.csproj]
/Users/kady/Masterdom/src/Masterdom.Platform/Workflow/WorkflowVersionDefinition.cs(62,19): warning CS1591: Missing XML comment for publicly visible type or member 'WorkflowVersionDefinition.ChangedBy' [/Users/kady/Masterdom/src/Masterdom.Platform/Masterdom.Platform.csproj]
/Users/kady/Masterdom/src/Masterdom.Platform/Workflow/WorkflowVersionDefinition.cs(64,21): warning CS1591: Missing XML comment for publicly visible type or member 'WorkflowVersionDefinition.ChangedAtUtc' [/Users/kady/Masterdom/src/Masterdom.Platform/Masterdom.Platform.csproj]
/Users/kady/Masterdom/src/Masterdom.Platform/Workflow/WorkflowVersionId.cs(10,12): warning CS1591: Missing XML comment for publicly visible type or member 'WorkflowVersionId.WorkflowVersionId(Guid)' [/Users/kady/Masterdom/src/Masterdom.Platform/Masterdom.Platform.csproj]
/Users/kady/Masterdom/src/Masterdom.Platform/Workflow/WorkflowVersionId.cs(20,17): warning CS1591: Missing XML comment for publicly visible type or member 'WorkflowVersionId.Value' [/Users/kady/Masterdom/src/Masterdom.Platform/Masterdom.Platform.csproj]
/Users/kady/Masterdom/src/Masterdom.Modules.CRM/Application/Support/ExecutionResult.cs(54,38): warning CS0108: 'ExecutionResult<T>.Failure(string, string)' hides inherited member 'ExecutionResult.Failure(string, string)'. Use the new keyword if hiding was intended. [/Users/kady/Masterdom/src/Masterdom.Modules.CRM/Masterdom.Modules.CRM.csproj]
/Users/kady/Masterdom/src/Masterdom.Modules.CRM/Application/Handlers/Commands/AddAddressCommandHandler.cs(15,12): warning CS1591: Missing XML comment for publicly visible type or member 'AddAddressCommandHandler.AddAddressCommandHandler(IPartyApplicationService)' [/Users/kady/Masterdom/src/Masterdom.Modules.CRM/Masterdom.Modules.CRM.csproj]
/Users/kady/Masterdom/src/Masterdom.Modules.CRM/Application/Handlers/Commands/AddAddressCommandHandler.cs(20,35): warning CS1591: Missing XML comment for publicly visible type or member 'AddAddressCommandHandler.Handle(AddAddressCommand)' [/Users/kady/Masterdom/src/Masterdom.Modules.CRM/Masterdom.Modules.CRM.csproj]
/Users/kady/Masterdom/src/Masterdom.Modules.CRM/Application/Handlers/Commands/AddContactMethodCommandHandler.cs(15,12): warning CS1591: Missing XML comment for publicly visible type or member 'AddContactMethodCommandHandler.AddContactMethodCommandHandler(IPartyApplicationService)' [/Users/kady/Masterdom/src/Masterdom.Modules.CRM/Masterdom.Modules.CRM.csproj]
/Users/kady/Masterdom/src/Masterdom.Modules.CRM/Application/Handlers/Commands/AddContactMethodCommandHandler.cs(20,35): warning CS1591: Missing XML comment for publicly visible type or member 'AddContactMethodCommandHandler.Handle(AddContactMethodCommand)' [/Users/kady/Masterdom/src/Masterdom.Modules.CRM/Masterdom.Modules.CRM.csproj]
/Users/kady/Masterdom/src/Masterdom.Modules.CRM/Application/Handlers/Commands/AssignPartyRoleCommandHandler.cs(15,12): warning CS1591: Missing XML comment for publicly visible type or member 'AssignPartyRoleCommandHandler.AssignPartyRoleCommandHandler(IPartyApplicationService)' [/Users/kady/Masterdom/src/Masterdom.Modules.CRM/Masterdom.Modules.CRM.csproj]
/Users/kady/Masterdom/src/Masterdom.Modules.CRM/Application/Handlers/Commands/AssignPartyRoleCommandHandler.cs(20,35): warning CS1591: Missing XML comment for publicly visible type or member 'AssignPartyRoleCommandHandler.Handle(AssignPartyRoleCommand)' [/Users/kady/Masterdom/src/Masterdom.Modules.CRM/Masterdom.Modules.CRM.csproj]
/Users/kady/Masterdom/src/Masterdom.Modules.CRM/Application/Handlers/Commands/CreatePartyCommandHandler.cs(15,12): warning CS1591: Missing XML comment for publicly visible type or member 'CreatePartyCommandHandler.CreatePartyCommandHandler(IPartyApplicationService)' [/Users/kady/Masterdom/src/Masterdom.Modules.CRM/Masterdom.Modules.CRM.csproj]
/Users/kady/Masterdom/src/Masterdom.Modules.CRM/Application/Handlers/Commands/CreatePartyCommandHandler.cs(20,35): warning CS1591: Missing XML comment for publicly visible type or member 'CreatePartyCommandHandler.Handle(CreatePartyCommand)' [/Users/kady/Masterdom/src/Masterdom.Modules.CRM/Masterdom.Modules.CRM.csproj]
/Users/kady/Masterdom/src/Masterdom.Modules.CRM/Application/Handlers/Commands/CreateRelationshipCommandHandler.cs(15,12): warning CS1591: Missing XML comment for publicly visible type or member 'CreateRelationshipCommandHandler.CreateRelationshipCommandHandler(IPartyApplicationService)' [/Users/kady/Masterdom/src/Masterdom.Modules.CRM/Masterdom.Modules.CRM.csproj]
/Users/kady/Masterdom/src/Masterdom.Modules.CRM/Application/Handlers/Commands/CreateRelationshipCommandHandler.cs(20,35): warning CS1591: Missing XML comment for publicly visible type or member 'CreateRelationshipCommandHandler.Handle(CreateRelationshipCommand)' [/Users/kady/Masterdom/src/Masterdom.Modules.CRM/Masterdom.Modules.CRM.csproj]
/Users/kady/Masterdom/src/Masterdom.Modules.CRM/Application/Handlers/Commands/DeactivatePartyCommandHandler.cs(15,12): warning CS1591: Missing XML comment for publicly visible type or member 'DeactivatePartyCommandHandler.DeactivatePartyCommandHandler(IPartyApplicationService)' [/Users/kady/Masterdom/src/Masterdom.Modules.CRM/Masterdom.Modules.CRM.csproj]
/Users/kady/Masterdom/src/Masterdom.Modules.CRM/Application/Handlers/Commands/DeactivatePartyCommandHandler.cs(20,35): warning CS1591: Missing XML comment for publicly visible type or member 'DeactivatePartyCommandHandler.Handle(DeactivatePartyCommand)' [/Users/kady/Masterdom/src/Masterdom.Modules.CRM/Masterdom.Modules.CRM.csproj]
/Users/kady/Masterdom/src/Masterdom.Modules.CRM/Application/Handlers/Commands/DeactivatePartyRoleCommandHandler.cs(14,12): warning CS1591: Missing XML comment for publicly visible type or member 'DeactivatePartyRoleCommandHandler.DeactivatePartyRoleCommandHandler(IPartyApplicationService)' [/Users/kady/Masterdom/src/Masterdom.Modules.CRM/Masterdom.Modules.CRM.csproj]
/Users/kady/Masterdom/src/Masterdom.Modules.CRM/Application/Handlers/Commands/DeactivatePartyRoleCommandHandler.cs(19,34): warning CS1591: Missing XML comment for publicly visible type or member 'DeactivatePartyRoleCommandHandler.Handle(DeactivatePartyRoleCommand)' [/Users/kady/Masterdom/src/Masterdom.Modules.CRM/Masterdom.Modules.CRM.csproj]
/Users/kady/Masterdom/src/Masterdom.Modules.CRM/Application/Handlers/Commands/ReactivatePartyRoleCommandHandler.cs(14,12): warning CS1591: Missing XML comment for publicly visible type or member 'ReactivatePartyRoleCommandHandler.ReactivatePartyRoleCommandHandler(IPartyApplicationService)' [/Users/kady/Masterdom/src/Masterdom.Modules.CRM/Masterdom.Modules.CRM.csproj]
/Users/kady/Masterdom/src/Masterdom.Modules.CRM/Application/Handlers/Commands/ReactivatePartyRoleCommandHandler.cs(19,34): warning CS1591: Missing XML comment for publicly visible type or member 'ReactivatePartyRoleCommandHandler.Handle(ReactivatePartyRoleCommand)' [/Users/kady/Masterdom/src/Masterdom.Modules.CRM/Masterdom.Modules.CRM.csproj]
/Users/kady/Masterdom/src/Masterdom.Modules.CRM/Application/Handlers/Commands/RemoveAddressCommandHandler.cs(14,12): warning CS1591: Missing XML comment for publicly visible type or member 'RemoveAddressCommandHandler.RemoveAddressCommandHandler(IPartyApplicationService)' [/Users/kady/Masterdom/src/Masterdom.Modules.CRM/Masterdom.Modules.CRM.csproj]
/Users/kady/Masterdom/src/Masterdom.Modules.CRM/Application/Handlers/Commands/RemoveAddressCommandHandler.cs(19,34): warning CS1591: Missing XML comment for publicly visible type or member 'RemoveAddressCommandHandler.Handle(RemoveAddressCommand)' [/Users/kady/Masterdom/src/Masterdom.Modules.CRM/Masterdom.Modules.CRM.csproj]
/Users/kady/Masterdom/src/Masterdom.Modules.CRM/Application/Handlers/Commands/RemoveContactMethodCommandHandler.cs(14,12): warning CS1591: Missing XML comment for publicly visible type or member 'RemoveContactMethodCommandHandler.RemoveContactMethodCommandHandler(IPartyApplicationService)' [/Users/kady/Masterdom/src/Masterdom.Modules.CRM/Masterdom.Modules.CRM.csproj]
/Users/kady/Masterdom/src/Masterdom.Modules.CRM/Application/Handlers/Commands/RemoveContactMethodCommandHandler.cs(19,34): warning CS1591: Missing XML comment for publicly visible type or member 'RemoveContactMethodCommandHandler.Handle(RemoveContactMethodCommand)' [/Users/kady/Masterdom/src/Masterdom.Modules.CRM/Masterdom.Modules.CRM.csproj]
/Users/kady/Masterdom/src/Masterdom.Modules.CRM/Application/Handlers/Commands/RemovePartyRoleCommandHandler.cs(14,12): warning CS1591: Missing XML comment for publicly visible type or member 'RemovePartyRoleCommandHandler.RemovePartyRoleCommandHandler(IPartyApplicationService)' [/Users/kady/Masterdom/src/Masterdom.Modules.CRM/Masterdom.Modules.CRM.csproj]
/Users/kady/Masterdom/src/Masterdom.Modules.CRM/Application/Handlers/Commands/RemovePartyRoleCommandHandler.cs(19,34): warning CS1591: Missing XML comment for publicly visible type or member 'RemovePartyRoleCommandHandler.Handle(RemovePartyRoleCommand)' [/Users/kady/Masterdom/src/Masterdom.Modules.CRM/Masterdom.Modules.CRM.csproj]
/Users/kady/Masterdom/src/Masterdom.Modules.CRM/Application/Handlers/Commands/RemoveRelationshipCommandHandler.cs(14,12): warning CS1591: Missing XML comment for publicly visible type or member 'RemoveRelationshipCommandHandler.RemoveRelationshipCommandHandler(IPartyApplicationService)' [/Users/kady/Masterdom/src/Masterdom.Modules.CRM/Masterdom.Modules.CRM.csproj]
/Users/kady/Masterdom/src/Masterdom.Modules.CRM/Application/Handlers/Commands/RemoveRelationshipCommandHandler.cs(19,34): warning CS1591: Missing XML comment for publicly visible type or member 'RemoveRelationshipCommandHandler.Handle(RemoveRelationshipCommand)' [/Users/kady/Masterdom/src/Masterdom.Modules.CRM/Masterdom.Modules.CRM.csproj]
/Users/kady/Masterdom/src/Masterdom.Modules.CRM/Application/Handlers/Commands/UpdatePartyCommandHandler.cs(15,12): warning CS1591: Missing XML comment for publicly visible type or member 'UpdatePartyCommandHandler.UpdatePartyCommandHandler(IPartyApplicationService)' [/Users/kady/Masterdom/src/Masterdom.Modules.CRM/Masterdom.Modules.CRM.csproj]
/Users/kady/Masterdom/src/Masterdom.Modules.CRM/Application/Handlers/Commands/UpdatePartyCommandHandler.cs(20,35): warning CS1591: Missing XML comment for publicly visible type or member 'UpdatePartyCommandHandler.Handle(UpdatePartyCommand)' [/Users/kady/Masterdom/src/Masterdom.Modules.CRM/Masterdom.Modules.CRM.csproj]
/Users/kady/Masterdom/src/Masterdom.Modules.CRM/Application/Handlers/Queries/GetPartyByIdQueryHandler.cs(15,12): warning CS1591: Missing XML comment for publicly visible type or member 'GetPartyByIdQueryHandler.GetPartyByIdQueryHandler(IPartyApplicationService)' [/Users/kady/Masterdom/src/Masterdom.Modules.CRM/Masterdom.Modules.CRM.csproj]
/Users/kady/Masterdom/src/Masterdom.Modules.CRM/Application/Handlers/Queries/GetPartyByIdQueryHandler.cs(20,35): warning CS1591: Missing XML comment for publicly visible type or member 'GetPartyByIdQueryHandler.Handle(GetPartyByIdQuery)' [/Users/kady/Masterdom/src/Masterdom.Modules.CRM/Masterdom.Modules.CRM.csproj]
/Users/kady/Masterdom/src/Masterdom.Modules.CRM/Application/Handlers/Queries/GetPartyRolesQueryHandler.cs(15,12): warning CS1591: Missing XML comment for publicly visible type or member 'GetPartyRolesQueryHandler.GetPartyRolesQueryHandler(IPartyApplicationService)' [/Users/kady/Masterdom/src/Masterdom.Modules.CRM/Masterdom.Modules.CRM.csproj]
/Users/kady/Masterdom/src/Masterdom.Modules.CRM/Application/Handlers/Queries/GetPartyRolesQueryHandler.cs(20,70): warning CS1591: Missing XML comment for publicly visible type or member 'GetPartyRolesQueryHandler.Handle(GetPartyRolesQuery)' [/Users/kady/Masterdom/src/Masterdom.Modules.CRM/Masterdom.Modules.CRM.csproj]
/Users/kady/Masterdom/src/Masterdom.Modules.CRM/Application/Handlers/Queries/SearchPartiesByRoleQueryHandler.cs(15,12): warning CS1591: Missing XML comment for publicly visible type or member 'SearchPartiesByRoleQueryHandler.SearchPartiesByRoleQueryHandler(IPartyApplicationService)' [/Users/kady/Masterdom/src/Masterdom.Modules.CRM/Masterdom.Modules.CRM.csproj]
/Users/kady/Masterdom/src/Masterdom.Modules.CRM/Application/Handlers/Queries/SearchPartiesByRoleQueryHandler.cs(20,56): warning CS1591: Missing XML comment for publicly visible type or member 'SearchPartiesByRoleQueryHandler.Handle(SearchPartiesByRoleQuery)' [/Users/kady/Masterdom/src/Masterdom.Modules.CRM/Masterdom.Modules.CRM.csproj]
  Masterdom.Platform -> /Users/kady/Masterdom/src/Masterdom.Platform/bin/Debug/net10.0/Masterdom.Platform.dll
/Users/kady/Masterdom/src/Masterdom.Modules.CRM/Application/Handlers/Queries/SearchPartiesQueryHandler.cs(15,12): warning CS1591: Missing XML comment for publicly visible type or member 'SearchPartiesQueryHandler.SearchPartiesQueryHandler(IPartyApplicationService)' [/Users/kady/Masterdom/src/Masterdom.Modules.CRM/Masterdom.Modules.CRM.csproj]
/Users/kady/Masterdom/src/Masterdom.Modules.CRM/Application/Handlers/Queries/SearchPartiesQueryHandler.cs(20,56): warning CS1591: Missing XML comment for publicly visible type or member 'SearchPartiesQueryHandler.Handle(SearchPartiesQuery)' [/Users/kady/Masterdom/src/Masterdom.Modules.CRM/Masterdom.Modules.CRM.csproj]
/Users/kady/Masterdom/src/Masterdom.Modules.CRM/Application/Services/IPartyApplicationService.cs(12,11): warning CS1591: Missing XML comment for publicly visible type or member 'IPartyApplicationService.CreateParty(CreatePartyCommand)' [/Users/kady/Masterdom/src/Masterdom.Modules.CRM/Masterdom.Modules.CRM.csproj]
/Users/kady/Masterdom/src/Masterdom.Modules.CRM/Application/Services/IPartyApplicationService.cs(14,11): warning CS1591: Missing XML comment for publicly visible type or member 'IPartyApplicationService.UpdateParty(UpdatePartyCommand)' [/Users/kady/Masterdom/src/Masterdom.Modules.CRM/Masterdom.Modules.CRM.csproj]
/Users/kady/Masterdom/src/Masterdom.Modules.CRM/Application/Services/IPartyApplicationService.cs(16,11): warning CS1591: Missing XML comment for publicly visible type or member 'IPartyApplicationService.DeactivateParty(DeactivatePartyCommand)' [/Users/kady/Masterdom/src/Masterdom.Modules.CRM/Masterdom.Modules.CRM.csproj]
/Users/kady/Masterdom/src/Masterdom.Modules.CRM/Application/Services/IPartyApplicationService.cs(18,11): warning CS1591: Missing XML comment for publicly visible type or member 'IPartyApplicationService.AddContactMethod(AddContactMethodCommand)' [/Users/kady/Masterdom/src/Masterdom.Modules.CRM/Masterdom.Modules.CRM.csproj]
/Users/kady/Masterdom/src/Masterdom.Modules.CRM/Application/Services/IPartyApplicationService.cs(20,10): warning CS1591: Missing XML comment for publicly visible type or member 'IPartyApplicationService.RemoveContactMethod(RemoveContactMethodCommand)' [/Users/kady/Masterdom/src/Masterdom.Modules.CRM/Masterdom.Modules.CRM.csproj]
/Users/kady/Masterdom/src/Masterdom.Modules.CRM/Application/Services/IPartyApplicationService.cs(22,11): warning CS1591: Missing XML comment for publicly visible type or member 'IPartyApplicationService.AddAddress(AddAddressCommand)' [/Users/kady/Masterdom/src/Masterdom.Modules.CRM/Masterdom.Modules.CRM.csproj]
/Users/kady/Masterdom/src/Masterdom.Modules.CRM/Application/Services/IPartyApplicationService.cs(24,10): warning CS1591: Missing XML comment for publicly visible type or member 'IPartyApplicationService.RemoveAddress(RemoveAddressCommand)' [/Users/kady/Masterdom/src/Masterdom.Modules.CRM/Masterdom.Modules.CRM.csproj]
/Users/kady/Masterdom/src/Masterdom.Modules.CRM/Application/Services/IPartyApplicationService.cs(26,11): warning CS1591: Missing XML comment for publicly visible type or member 'IPartyApplicationService.CreateRelationship(CreateRelationshipCommand)' [/Users/kady/Masterdom/src/Masterdom.Modules.CRM/Masterdom.Modules.CRM.csproj]
/Users/kady/Masterdom/src/Masterdom.Modules.CRM/Application/Services/IPartyApplicationService.cs(28,10): warning CS1591: Missing XML comment for publicly visible type or member 'IPartyApplicationService.RemoveRelationship(RemoveRelationshipCommand)' [/Users/kady/Masterdom/src/Masterdom.Modules.CRM/Masterdom.Modules.CRM.csproj]
/Users/kady/Masterdom/src/Masterdom.Modules.CRM/Application/Services/IPartyApplicationService.cs(30,11): warning CS1591: Missing XML comment for publicly visible type or member 'IPartyApplicationService.AssignPartyRole(AssignPartyRoleCommand)' [/Users/kady/Masterdom/src/Masterdom.Modules.CRM/Masterdom.Modules.CRM.csproj]
/Users/kady/Masterdom/src/Masterdom.Modules.CRM/Application/Services/IPartyApplicationService.cs(32,10): warning CS1591: Missing XML comment for publicly visible type or member 'IPartyApplicationService.RemovePartyRole(RemovePartyRoleCommand)' [/Users/kady/Masterdom/src/Masterdom.Modules.CRM/Masterdom.Modules.CRM.csproj]
/Users/kady/Masterdom/src/Masterdom.Modules.CRM/Application/Services/IPartyApplicationService.cs(34,10): warning CS1591: Missing XML comment for publicly visible type or member 'IPartyApplicationService.DeactivatePartyRole(DeactivatePartyRoleCommand)' [/Users/kady/Masterdom/src/Masterdom.Modules.CRM/Masterdom.Modules.CRM.csproj]
/Users/kady/Masterdom/src/Masterdom.Modules.CRM/Application/Services/IPartyApplicationService.cs(36,10): warning CS1591: Missing XML comment for publicly visible type or member 'IPartyApplicationService.ReactivatePartyRole(ReactivatePartyRoleCommand)' [/Users/kady/Masterdom/src/Masterdom.Modules.CRM/Masterdom.Modules.CRM.csproj]
/Users/kady/Masterdom/src/Masterdom.Modules.CRM/Application/Services/IPartyApplicationService.cs(38,12): warning CS1591: Missing XML comment for publicly visible type or member 'IPartyApplicationService.GetParty(GetPartyByIdQuery)' [/Users/kady/Masterdom/src/Masterdom.Modules.CRM/Masterdom.Modules.CRM.csproj]
/Users/kady/Masterdom/src/Masterdom.Modules.CRM/Application/Services/IPartyApplicationService.cs(40,46): warning CS1591: Missing XML comment for publicly visible type or member 'IPartyApplicationService.GetPartyRoles(GetPartyRolesQuery)' [/Users/kady/Masterdom/src/Masterdom.Modules.CRM/Masterdom.Modules.CRM.csproj]
/Users/kady/Masterdom/src/Masterdom.Modules.CRM/Application/Services/IPartyApplicationService.cs(42,32): warning CS1591: Missing XML comment for publicly visible type or member 'IPartyApplicationService.SearchParties(SearchPartiesQuery)' [/Users/kady/Masterdom/src/Masterdom.Modules.CRM/Masterdom.Modules.CRM.csproj]
/Users/kady/Masterdom/src/Masterdom.Modules.CRM/Application/Services/IPartyApplicationService.cs(44,32): warning CS1591: Missing XML comment for publicly visible type or member 'IPartyApplicationService.SearchPartiesByRole(SearchPartiesByRoleQuery)' [/Users/kady/Masterdom/src/Masterdom.Modules.CRM/Masterdom.Modules.CRM.csproj]
/Users/kady/Masterdom/src/Masterdom.Modules.CRM/Application/Services/PartyApplicationService.cs(18,12): warning CS1591: Missing XML comment for publicly visible type or member 'PartyApplicationService.PartyApplicationService(IPartyRepository, IPartyUnitOfWork, IPartyPlatformOrchestrator)' [/Users/kady/Masterdom/src/Masterdom.Modules.CRM/Masterdom.Modules.CRM.csproj]
/Users/kady/Masterdom/src/Masterdom.Modules.CRM/Application/Services/PartyApplicationService.cs(28,18): warning CS1591: Missing XML comment for publicly visible type or member 'PartyApplicationService.CreateParty(CreatePartyCommand)' [/Users/kady/Masterdom/src/Masterdom.Modules.CRM/Masterdom.Modules.CRM.csproj]
/Users/kady/Masterdom/src/Masterdom.Modules.CRM/Application/Services/PartyApplicationService.cs(45,18): warning CS1591: Missing XML comment for publicly visible type or member 'PartyApplicationService.UpdateParty(UpdatePartyCommand)' [/Users/kady/Masterdom/src/Masterdom.Modules.CRM/Masterdom.Modules.CRM.csproj]
/Users/kady/Masterdom/src/Masterdom.Modules.CRM/Application/Services/PartyApplicationService.cs(61,18): warning CS1591: Missing XML comment for publicly visible type or member 'PartyApplicationService.DeactivateParty(DeactivatePartyCommand)' [/Users/kady/Masterdom/src/Masterdom.Modules.CRM/Masterdom.Modules.CRM.csproj]
/Users/kady/Masterdom/src/Masterdom.Modules.CRM/Application/Services/PartyApplicationService.cs(72,18): warning CS1591: Missing XML comment for publicly visible type or member 'PartyApplicationService.AddContactMethod(AddContactMethodCommand)' [/Users/kady/Masterdom/src/Masterdom.Modules.CRM/Masterdom.Modules.CRM.csproj]
/Users/kady/Masterdom/src/Masterdom.Modules.CRM/Application/Services/PartyApplicationService.cs(83,17): warning CS1591: Missing XML comment for publicly visible type or member 'PartyApplicationService.RemoveContactMethod(RemoveContactMethodCommand)' [/Users/kady/Masterdom/src/Masterdom.Modules.CRM/Masterdom.Modules.CRM.csproj]
/Users/kady/Masterdom/src/Masterdom.Modules.CRM/Application/Services/PartyApplicationService.cs(98,18): warning CS1591: Missing XML comment for publicly visible type or member 'PartyApplicationService.AddAddress(AddAddressCommand)' [/Users/kady/Masterdom/src/Masterdom.Modules.CRM/Masterdom.Modules.CRM.csproj]
/Users/kady/Masterdom/src/Masterdom.Modules.CRM/Application/Services/PartyApplicationService.cs(109,17): warning CS1591: Missing XML comment for publicly visible type or member 'PartyApplicationService.RemoveAddress(RemoveAddressCommand)' [/Users/kady/Masterdom/src/Masterdom.Modules.CRM/Masterdom.Modules.CRM.csproj]
/Users/kady/Masterdom/src/Masterdom.Modules.CRM/Application/Services/PartyApplicationService.cs(124,18): warning CS1591: Missing XML comment for publicly visible type or member 'PartyApplicationService.CreateRelationship(CreateRelationshipCommand)' [/Users/kady/Masterdom/src/Masterdom.Modules.CRM/Masterdom.Modules.CRM.csproj]
/Users/kady/Masterdom/src/Masterdom.Modules.CRM/Application/Services/PartyApplicationService.cs(135,17): warning CS1591: Missing XML comment for publicly visible type or member 'PartyApplicationService.RemoveRelationship(RemoveRelationshipCommand)' [/Users/kady/Masterdom/src/Masterdom.Modules.CRM/Masterdom.Modules.CRM.csproj]
/Users/kady/Masterdom/src/Masterdom.Modules.CRM/Application/Services/PartyApplicationService.cs(150,18): warning CS1591: Missing XML comment for publicly visible type or member 'PartyApplicationService.AssignPartyRole(AssignPartyRoleCommand)' [/Users/kady/Masterdom/src/Masterdom.Modules.CRM/Masterdom.Modules.CRM.csproj]
/Users/kady/Masterdom/src/Masterdom.Modules.CRM/Application/Services/PartyApplicationService.cs(167,17): warning CS1591: Missing XML comment for publicly visible type or member 'PartyApplicationService.RemovePartyRole(RemovePartyRoleCommand)' [/Users/kady/Masterdom/src/Masterdom.Modules.CRM/Masterdom.Modules.CRM.csproj]
/Users/kady/Masterdom/src/Masterdom.Modules.CRM/Application/Services/PartyApplicationService.cs(182,17): warning CS1591: Missing XML comment for publicly visible type or member 'PartyApplicationService.DeactivatePartyRole(DeactivatePartyRoleCommand)' [/Users/kady/Masterdom/src/Masterdom.Modules.CRM/Masterdom.Modules.CRM.csproj]
/Users/kady/Masterdom/src/Masterdom.Modules.CRM/Application/Services/PartyApplicationService.cs(197,17): warning CS1591: Missing XML comment for publicly visible type or member 'PartyApplicationService.ReactivatePartyRole(ReactivatePartyRoleCommand)' [/Users/kady/Masterdom/src/Masterdom.Modules.CRM/Masterdom.Modules.CRM.csproj]
/Users/kady/Masterdom/src/Masterdom.Modules.CRM/Application/Services/PartyApplicationService.cs(212,19): warning CS1591: Missing XML comment for publicly visible type or member 'PartyApplicationService.GetParty(GetPartyByIdQuery)' [/Users/kady/Masterdom/src/Masterdom.Modules.CRM/Masterdom.Modules.CRM.csproj]
/Users/kady/Masterdom/src/Masterdom.Modules.CRM/Application/Services/PartyApplicationService.cs(218,53): warning CS1591: Missing XML comment for publicly visible type or member 'PartyApplicationService.GetPartyRoles(GetPartyRolesQuery)' [/Users/kady/Masterdom/src/Masterdom.Modules.CRM/Masterdom.Modules.CRM.csproj]
/Users/kady/Masterdom/src/Masterdom.Modules.CRM/Application/Services/PartyApplicationService.cs(226,39): warning CS1591: Missing XML comment for publicly visible type or member 'PartyApplicationService.SearchParties(SearchPartiesQuery)' [/Users/kady/Masterdom/src/Masterdom.Modules.CRM/Masterdom.Modules.CRM.csproj]
/Users/kady/Masterdom/src/Masterdom.Modules.CRM/Application/Services/PartyApplicationService.cs(232,39): warning CS1591: Missing XML comment for publicly visible type or member 'PartyApplicationService.SearchPartiesByRole(SearchPartiesByRoleQuery)' [/Users/kady/Masterdom/src/Masterdom.Modules.CRM/Masterdom.Modules.CRM.csproj]
/Users/kady/Masterdom/src/Masterdom.Modules.CRM/Application/Support/ExecutionResult.cs(8,15): warning CS1591: Missing XML comment for publicly visible type or member 'ExecutionResult.ExecutionResult(bool, string?, string?)' [/Users/kady/Masterdom/src/Masterdom.Modules.CRM/Masterdom.Modules.CRM.csproj]
/Users/kady/Masterdom/src/Masterdom.Modules.CRM/Application/Support/ExecutionResult.cs(15,17): warning CS1591: Missing XML comment for publicly visible type or member 'ExecutionResult.IsSuccess' [/Users/kady/Masterdom/src/Masterdom.Modules.CRM/Masterdom.Modules.CRM.csproj]
/Users/kady/Masterdom/src/Masterdom.Modules.CRM/Application/Support/ExecutionResult.cs(17,20): warning CS1591: Missing XML comment for publicly visible type or member 'ExecutionResult.ErrorCode' [/Users/kady/Masterdom/src/Masterdom.Modules.CRM/Masterdom.Modules.CRM.csproj]
/Users/kady/Masterdom/src/Masterdom.Modules.CRM/Application/Support/ExecutionResult.cs(19,20): warning CS1591: Missing XML comment for publicly visible type or member 'ExecutionResult.ErrorMessage' [/Users/kady/Masterdom/src/Masterdom.Modules.CRM/Masterdom.Modules.CRM.csproj]
/Users/kady/Masterdom/src/Masterdom.Modules.CRM/Application/Support/ExecutionResult.cs(21,35): warning CS1591: Missing XML comment for publicly visible type or member 'ExecutionResult.Success()' [/Users/kady/Masterdom/src/Masterdom.Modules.CRM/Masterdom.Modules.CRM.csproj]
/Users/kady/Masterdom/src/Masterdom.Modules.CRM/Application/Support/ExecutionResult.cs(26,35): warning CS1591: Missing XML comment for publicly visible type or member 'ExecutionResult.Failure(string, string)' [/Users/kady/Masterdom/src/Masterdom.Modules.CRM/Masterdom.Modules.CRM.csproj]
/Users/kady/Masterdom/src/Masterdom.Modules.CRM/Application/Support/ExecutionResult.cs(46,15): warning CS1591: Missing XML comment for publicly visible type or member 'ExecutionResult<T>.Value' [/Users/kady/Masterdom/src/Masterdom.Modules.CRM/Masterdom.Modules.CRM.csproj]
/Users/kady/Masterdom/src/Masterdom.Modules.CRM/Application/Support/ExecutionResult.cs(48,38): warning CS1591: Missing XML comment for publicly visible type or member 'ExecutionResult<T>.Success(T)' [/Users/kady/Masterdom/src/Masterdom.Modules.CRM/Masterdom.Modules.CRM.csproj]
/Users/kady/Masterdom/src/Masterdom.Modules.CRM/Application/Support/ExecutionResult.cs(54,38): warning CS1591: Missing XML comment for publicly visible type or member 'ExecutionResult<T>.Failure(string, string)' [/Users/kady/Masterdom/src/Masterdom.Modules.CRM/Masterdom.Modules.CRM.csproj]
/Users/kady/Masterdom/src/Masterdom.Modules.CRM/Application/Support/ICommandHandler.cs(8,13): warning CS1591: Missing XML comment for publicly visible type or member 'ICommandHandler<TCommand, TResult>.Handle(TCommand)' [/Users/kady/Masterdom/src/Masterdom.Modules.CRM/Masterdom.Modules.CRM.csproj]
/Users/kady/Masterdom/src/Masterdom.Modules.CRM/Application/Support/IPartyPlatformOrchestrator.cs(10,10): warning CS1591: Missing XML comment for publicly visible type or member 'IPartyPlatformOrchestrator.OnPartyMutated(Party, string)' [/Users/kady/Masterdom/src/Masterdom.Modules.CRM/Masterdom.Modules.CRM.csproj]
/Users/kady/Masterdom/src/Masterdom.Modules.CRM/Application/Support/IPartyUnitOfWork.cs(8,10): warning CS1591: Missing XML comment for publicly visible type or member 'IPartyUnitOfWork.Execute(Action)' [/Users/kady/Masterdom/src/Masterdom.Modules.CRM/Masterdom.Modules.CRM.csproj]
/Users/kady/Masterdom/src/Masterdom.Modules.CRM/Application/Support/IQueryHandler.cs(8,13): warning CS1591: Missing XML comment for publicly visible type or member 'IQueryHandler<TQuery, TResult>.Handle(TQuery)' [/Users/kady/Masterdom/src/Masterdom.Modules.CRM/Masterdom.Modules.CRM.csproj]
/Users/kady/Masterdom/src/Masterdom.Modules.CRM/Domain/Entities/Party/Address.cs(30,24): warning CS1591: Missing XML comment for publicly visible type or member 'Address.Type' [/Users/kady/Masterdom/src/Masterdom.Modules.CRM/Masterdom.Modules.CRM.csproj]
/Users/kady/Masterdom/src/Masterdom.Modules.CRM/Domain/Entities/Party/Address.cs(32,19): warning CS1591: Missing XML comment for publicly visible type or member 'Address.Line1' [/Users/kady/Masterdom/src/Masterdom.Modules.CRM/Masterdom.Modules.CRM.csproj]
/Users/kady/Masterdom/src/Masterdom.Modules.CRM/Domain/Entities/Party/Address.cs(34,20): warning CS1591: Missing XML comment for publicly visible type or member 'Address.Line2' [/Users/kady/Masterdom/src/Masterdom.Modules.CRM/Masterdom.Modules.CRM.csproj]
/Users/kady/Masterdom/src/Masterdom.Modules.CRM/Domain/Entities/Party/Address.cs(36,19): warning CS1591: Missing XML comment for publicly visible type or member 'Address.City' [/Users/kady/Masterdom/src/Masterdom.Modules.CRM/Masterdom.Modules.CRM.csproj]
/Users/kady/Masterdom/src/Masterdom.Modules.CRM/Domain/Entities/Party/Address.cs(38,19): warning CS1591: Missing XML comment for publicly visible type or member 'Address.StateOrProvince' [/Users/kady/Masterdom/src/Masterdom.Modules.CRM/Masterdom.Modules.CRM.csproj]
/Users/kady/Masterdom/src/Masterdom.Modules.CRM/Domain/Entities/Party/Address.cs(40,19): warning CS1591: Missing XML comment for publicly visible type or member 'Address.PostalCode' [/Users/kady/Masterdom/src/Masterdom.Modules.CRM/Masterdom.Modules.CRM.csproj]
/Users/kady/Masterdom/src/Masterdom.Modules.CRM/Domain/Entities/Party/Address.cs(42,19): warning CS1591: Missing XML comment for publicly visible type or member 'Address.Country' [/Users/kady/Masterdom/src/Masterdom.Modules.CRM/Masterdom.Modules.CRM.csproj]
/Users/kady/Masterdom/src/Masterdom.Modules.CRM/Domain/Entities/Party/Address.cs(44,17): warning CS1591: Missing XML comment for publicly visible type or member 'Address.IsPreferred' [/Users/kady/Masterdom/src/Masterdom.Modules.CRM/Masterdom.Modules.CRM.csproj]
/Users/kady/Masterdom/src/Masterdom.Modules.CRM/Domain/Entities/Party/Address.cs(46,27): warning CS1591: Missing XML comment for publicly visible type or member 'Address.Create(string, string, string?, string, string, string, string, bool)' [/Users/kady/Masterdom/src/Masterdom.Modules.CRM/Masterdom.Modules.CRM.csproj]
/Users/kady/Masterdom/src/Masterdom.Modules.CRM/Domain/Entities/Party/Address.cs(67,27): warning CS1591: Missing XML comment for publicly visible type or member 'Address.Create(AddressType, string, string?, string, string, string, string, bool)' [/Users/kady/Masterdom/src/Masterdom.Modules.CRM/Masterdom.Modules.CRM.csproj]
/Users/kady/Masterdom/src/Masterdom.Modules.CRM/Domain/Entities/Party/Address.cs(90,20): warning CS1591: Missing XML comment for publicly visible type or member 'Address.WithPreferred(bool)' [/Users/kady/Masterdom/src/Masterdom.Modules.CRM/Masterdom.Modules.CRM.csproj]
/Users/kady/Masterdom/src/Masterdom.Modules.CRM/Domain/Entities/Party/Address.cs(95,17): warning CS1591: Missing XML comment for publicly visible type or member 'Address.Matches(Address)' [/Users/kady/Masterdom/src/Masterdom.Modules.CRM/Masterdom.Modules.CRM.csproj]
/Users/kady/Masterdom/src/Masterdom.Modules.CRM/Domain/Entities/Party/Address.cs(108,45): warning CS1591: Missing XML comment for publicly visible type or member 'Address.GetEqualityComponents()' [/Users/kady/Masterdom/src/Masterdom.Modules.CRM/Masterdom.Modules.CRM.csproj]
/Users/kady/Masterdom/src/Masterdom.Modules.CRM/Domain/Entities/Party/AddressType.cs(10,40): warning CS1591: Missing XML comment for publicly visible type or member 'AddressType.Residential' [/Users/kady/Masterdom/src/Masterdom.Modules.CRM/Masterdom.Modules.CRM.csproj]
/Users/kady/Masterdom/src/Masterdom.Modules.CRM/Domain/Entities/Party/AddressType.cs(11,40): warning CS1591: Missing XML comment for publicly visible type or member 'AddressType.Business' [/Users/kady/Masterdom/src/Masterdom.Modules.CRM/Masterdom.Modules.CRM.csproj]
/Users/kady/Masterdom/src/Masterdom.Modules.CRM/Domain/Entities/Party/AddressType.cs(12,40): warning CS1591: Missing XML comment for publicly visible type or member 'AddressType.Billing' [/Users/kady/Masterdom/src/Masterdom.Modules.CRM/Masterdom.Modules.CRM.csproj]
/Users/kady/Masterdom/src/Masterdom.Modules.CRM/Domain/Entities/Party/AddressType.cs(13,40): warning CS1591: Missing XML comment for publicly visible type or member 'AddressType.RegisteredOffice' [/Users/kady/Masterdom/src/Masterdom.Modules.CRM/Masterdom.Modules.CRM.csproj]
/Users/kady/Masterdom/src/Masterdom.Modules.CRM/Domain/Entities/Party/AddressType.cs(20,19): warning CS1591: Missing XML comment for publicly visible type or member 'AddressType.Value' [/Users/kady/Masterdom/src/Masterdom.Modules.CRM/Masterdom.Modules.CRM.csproj]
/Users/kady/Masterdom/src/Masterdom.Modules.CRM/Domain/Entities/Party/AddressType.cs(22,31): warning CS1591: Missing XML comment for publicly visible type or member 'AddressType.Create(string)' [/Users/kady/Masterdom/src/Masterdom.Modules.CRM/Masterdom.Modules.CRM.csproj]
/Users/kady/Masterdom/src/Masterdom.Modules.CRM/Domain/Entities/Party/AddressType.cs(38,45): warning CS1591: Missing XML comment for publicly visible type or member 'AddressType.GetEqualityComponents()' [/Users/kady/Masterdom/src/Masterdom.Modules.CRM/Masterdom.Modules.CRM.csproj]
/Users/kady/Masterdom/src/Masterdom.Modules.CRM/Domain/Entities/Party/AddressType.cs(43,28): warning CS1591: Missing XML comment for publicly visible type or member 'AddressType.ToString()' [/Users/kady/Masterdom/src/Masterdom.Modules.CRM/Masterdom.Modules.CRM.csproj]
/Users/kady/Masterdom/src/Masterdom.Modules.CRM/Domain/Entities/Party/AuditInfo.cs(16,20): warning CS1591: Missing XML comment for publicly visible type or member 'AuditInfo.CreatedBy' [/Users/kady/Masterdom/src/Masterdom.Modules.CRM/Masterdom.Modules.CRM.csproj]
/Users/kady/Masterdom/src/Masterdom.Modules.CRM/Domain/Entities/Party/AuditInfo.cs(18,20): warning CS1591: Missing XML comment for publicly visible type or member 'AuditInfo.UpdatedBy' [/Users/kady/Masterdom/src/Masterdom.Modules.CRM/Masterdom.Modules.CRM.csproj]
/Users/kady/Masterdom/src/Masterdom.Modules.CRM/Domain/Entities/Party/AuditInfo.cs(20,29): warning CS1591: Missing XML comment for publicly visible type or member 'AuditInfo.Create(string?)' [/Users/kady/Masterdom/src/Masterdom.Modules.CRM/Masterdom.Modules.CRM.csproj]
/Users/kady/Masterdom/src/Masterdom.Modules.CRM/Domain/Entities/Party/AuditInfo.cs(25,22): warning CS1591: Missing XML comment for publicly visible type or member 'AuditInfo.WithUpdatedBy(string?)' [/Users/kady/Masterdom/src/Masterdom.Modules.CRM/Masterdom.Modules.CRM.csproj]
/Users/kady/Masterdom/src/Masterdom.Modules.CRM/Domain/Entities/Party/AuditInfo.cs(30,45): warning CS1591: Missing XML comment for publicly visible type or member 'AuditInfo.GetEqualityComponents()' [/Users/kady/Masterdom/src/Masterdom.Modules.CRM/Masterdom.Modules.CRM.csproj]
/Users/kady/Masterdom/src/Masterdom.Modules.CRM/Domain/Entities/Party/ContactMethod.cs(17,30): warning CS1591: Missing XML comment for publicly visible type or member 'ContactMethod.Type' [/Users/kady/Masterdom/src/Masterdom.Modules.CRM/Masterdom.Modules.CRM.csproj]
/Users/kady/Masterdom/src/Masterdom.Modules.CRM/Domain/Entities/Party/ContactMethod.cs(19,19): warning CS1591: Missing XML comment for publicly visible type or member 'ContactMethod.Value' [/Users/kady/Masterdom/src/Masterdom.Modules.CRM/Masterdom.Modules.CRM.csproj]
/Users/kady/Masterdom/src/Masterdom.Modules.CRM/Domain/Entities/Party/ContactMethod.cs(21,17): warning CS1591: Missing XML comment for publicly visible type or member 'ContactMethod.IsPreferred' [/Users/kady/Masterdom/src/Masterdom.Modules.CRM/Masterdom.Modules.CRM.csproj]
/Users/kady/Masterdom/src/Masterdom.Modules.CRM/Domain/Entities/Party/ContactMethod.cs(23,33): warning CS1591: Missing XML comment for publicly visible type or member 'ContactMethod.Create(string, string, bool)' [/Users/kady/Masterdom/src/Masterdom.Modules.CRM/Masterdom.Modules.CRM.csproj]
/Users/kady/Masterdom/src/Masterdom.Modules.CRM/Domain/Entities/Party/ContactMethod.cs(28,33): warning CS1591: Missing XML comment for publicly visible type or member 'ContactMethod.Create(ContactMethodType, string, bool)' [/Users/kady/Masterdom/src/Masterdom.Modules.CRM/Masterdom.Modules.CRM.csproj]
/Users/kady/Masterdom/src/Masterdom.Modules.CRM/Domain/Entities/Party/ContactMethod.cs(49,26): warning CS1591: Missing XML comment for publicly visible type or member 'ContactMethod.WithPreferred(bool)' [/Users/kady/Masterdom/src/Masterdom.Modules.CRM/Masterdom.Modules.CRM.csproj]
/Users/kady/Masterdom/src/Masterdom.Modules.CRM/Domain/Entities/Party/ContactMethod.cs(54,17): warning CS1591: Missing XML comment for publicly visible type or member 'ContactMethod.Matches(ContactMethod)' [/Users/kady/Masterdom/src/Masterdom.Modules.CRM/Masterdom.Modules.CRM.csproj]
/Users/kady/Masterdom/src/Masterdom.Modules.CRM/Domain/Entities/Party/ContactMethod.cs(61,45): warning CS1591: Missing XML comment for publicly visible type or member 'ContactMethod.GetEqualityComponents()' [/Users/kady/Masterdom/src/Masterdom.Modules.CRM/Masterdom.Modules.CRM.csproj]
/Users/kady/Masterdom/src/Masterdom.Modules.CRM/Domain/Entities/Party/ContactMethodType.cs(10,46): warning CS1591: Missing XML comment for publicly visible type or member 'ContactMethodType.Phone' [/Users/kady/Masterdom/src/Masterdom.Modules.CRM/Masterdom.Modules.CRM.csproj]
/Users/kady/Masterdom/src/Masterdom.Modules.CRM/Domain/Entities/Party/ContactMethodType.cs(11,46): warning CS1591: Missing XML comment for publicly visible type or member 'ContactMethodType.Email' [/Users/kady/Masterdom/src/Masterdom.Modules.CRM/Masterdom.Modules.CRM.csproj]
/Users/kady/Masterdom/src/Masterdom.Modules.CRM/Domain/Entities/Party/ContactMethodType.cs(12,46): warning CS1591: Missing XML comment for publicly visible type or member 'ContactMethodType.Website' [/Users/kady/Masterdom/src/Masterdom.Modules.CRM/Masterdom.Modules.CRM.csproj]
/Users/kady/Masterdom/src/Masterdom.Modules.CRM/Domain/Entities/Party/ContactMethodType.cs(19,19): warning CS1591: Missing XML comment for publicly visible type or member 'ContactMethodType.Value' [/Users/kady/Masterdom/src/Masterdom.Modules.CRM/Masterdom.Modules.CRM.csproj]
/Users/kady/Masterdom/src/Masterdom.Modules.CRM/Domain/Entities/Party/ContactMethodType.cs(21,37): warning CS1591: Missing XML comment for publicly visible type or member 'ContactMethodType.Create(string)' [/Users/kady/Masterdom/src/Masterdom.Modules.CRM/Masterdom.Modules.CRM.csproj]
/Users/kady/Masterdom/src/Masterdom.Modules.CRM/Domain/Entities/Party/ContactMethodType.cs(36,45): warning CS1591: Missing XML comment for publicly visible type or member 'ContactMethodType.GetEqualityComponents()' [/Users/kady/Masterdom/src/Masterdom.Modules.CRM/Masterdom.Modules.CRM.csproj]
/Users/kady/Masterdom/src/Masterdom.Modules.CRM/Domain/Entities/Party/ContactMethodType.cs(41,28): warning CS1591: Missing XML comment for publicly visible type or member 'ContactMethodType.ToString()' [/Users/kady/Masterdom/src/Masterdom.Modules.CRM/Masterdom.Modules.CRM.csproj]
/Users/kady/Masterdom/src/Masterdom.Modules.CRM/Domain/Entities/Party/Events/PartyCreatedDomainEvent.cs(10,12): warning CS1591: Missing XML comment for publicly visible type or member 'PartyCreatedDomainEvent.PartyCreatedDomainEvent(PartyId, PartyType)' [/Users/kady/Masterdom/src/Masterdom.Modules.CRM/Masterdom.Modules.CRM.csproj]
/Users/kady/Masterdom/src/Masterdom.Modules.CRM/Domain/Entities/Party/Events/PartyCreatedDomainEvent.cs(19,20): warning CS1591: Missing XML comment for publicly visible type or member 'PartyCreatedDomainEvent.PartyId' [/Users/kady/Masterdom/src/Masterdom.Modules.CRM/Masterdom.Modules.CRM.csproj]
/Users/kady/Masterdom/src/Masterdom.Modules.CRM/Domain/Entities/Party/Events/PartyCreatedDomainEvent.cs(21,22): warning CS1591: Missing XML comment for publicly visible type or member 'PartyCreatedDomainEvent.PartyType' [/Users/kady/Masterdom/src/Masterdom.Modules.CRM/Masterdom.Modules.CRM.csproj]
/Users/kady/Masterdom/src/Masterdom.Modules.CRM/Domain/Entities/Party/Events/PartyDeactivatedDomainEvent.cs(10,12): warning CS1591: Missing XML comment for publicly visible type or member 'PartyDeactivatedDomainEvent.PartyDeactivatedDomainEvent(PartyId)' [/Users/kady/Masterdom/src/Masterdom.Modules.CRM/Masterdom.Modules.CRM.csproj]
/Users/kady/Masterdom/src/Masterdom.Modules.CRM/Domain/Entities/Party/Events/PartyDeactivatedDomainEvent.cs(16,20): warning CS1591: Missing XML comment for publicly visible type or member 'PartyDeactivatedDomainEvent.PartyId' [/Users/kady/Masterdom/src/Masterdom.Modules.CRM/Masterdom.Modules.CRM.csproj]
/Users/kady/Masterdom/src/Masterdom.Modules.CRM/Domain/Entities/Party/Events/PartyRoleActivatedDomainEvent.cs(10,12): warning CS1591: Missing XML comment for publicly visible type or member 'PartyRoleActivatedDomainEvent.PartyRoleActivatedDomainEvent(PartyId, PartyRoleAssignmentId, PartyRoleType)' [/Users/kady/Masterdom/src/Masterdom.Modules.CRM/Masterdom.Modules.CRM.csproj]
/Users/kady/Masterdom/src/Masterdom.Modules.CRM/Domain/Entities/Party/Events/PartyRoleActivatedDomainEvent.cs(21,20): warning CS1591: Missing XML comment for publicly visible type or member 'PartyRoleActivatedDomainEvent.PartyId' [/Users/kady/Masterdom/src/Masterdom.Modules.CRM/Masterdom.Modules.CRM.csproj]
/Users/kady/Masterdom/src/Masterdom.Modules.CRM/Domain/Entities/Party/Events/PartyRoleActivatedDomainEvent.cs(23,34): warning CS1591: Missing XML comment for publicly visible type or member 'PartyRoleActivatedDomainEvent.RoleAssignmentId' [/Users/kady/Masterdom/src/Masterdom.Modules.CRM/Masterdom.Modules.CRM.csproj]
/Users/kady/Masterdom/src/Masterdom.Modules.CRM/Domain/Entities/Party/Events/PartyRoleActivatedDomainEvent.cs(25,26): warning CS1591: Missing XML comment for publicly visible type or member 'PartyRoleActivatedDomainEvent.RoleType' [/Users/kady/Masterdom/src/Masterdom.Modules.CRM/Masterdom.Modules.CRM.csproj]
/Users/kady/Masterdom/src/Masterdom.Modules.CRM/Domain/Entities/Party/Events/PartyRoleAssignedDomainEvent.cs(10,12): warning CS1591: Missing XML comment for publicly visible type or member 'PartyRoleAssignedDomainEvent.PartyRoleAssignedDomainEvent(PartyId, PartyRoleAssignmentId, PartyRoleType)' [/Users/kady/Masterdom/src/Masterdom.Modules.CRM/Masterdom.Modules.CRM.csproj]
/Users/kady/Masterdom/src/Masterdom.Modules.CRM/Domain/Entities/Party/Events/PartyRoleAssignedDomainEvent.cs(21,20): warning CS1591: Missing XML comment for publicly visible type or member 'PartyRoleAssignedDomainEvent.PartyId' [/Users/kady/Masterdom/src/Masterdom.Modules.CRM/Masterdom.Modules.CRM.csproj]
/Users/kady/Masterdom/src/Masterdom.Modules.CRM/Domain/Entities/Party/Events/PartyRoleAssignedDomainEvent.cs(23,34): warning CS1591: Missing XML comment for publicly visible type or member 'PartyRoleAssignedDomainEvent.RoleAssignmentId' [/Users/kady/Masterdom/src/Masterdom.Modules.CRM/Masterdom.Modules.CRM.csproj]
/Users/kady/Masterdom/src/Masterdom.Modules.CRM/Domain/Entities/Party/Events/PartyRoleAssignedDomainEvent.cs(25,26): warning CS1591: Missing XML comment for publicly visible type or member 'PartyRoleAssignedDomainEvent.RoleType' [/Users/kady/Masterdom/src/Masterdom.Modules.CRM/Masterdom.Modules.CRM.csproj]
/Users/kady/Masterdom/src/Masterdom.Modules.CRM/Domain/Entities/Party/Events/PartyRoleDeactivatedDomainEvent.cs(10,12): warning CS1591: Missing XML comment for publicly visible type or member 'PartyRoleDeactivatedDomainEvent.PartyRoleDeactivatedDomainEvent(PartyId, PartyRoleAssignmentId, PartyRoleType)' [/Users/kady/Masterdom/src/Masterdom.Modules.CRM/Masterdom.Modules.CRM.csproj]
/Users/kady/Masterdom/src/Masterdom.Modules.CRM/Domain/Entities/Party/Events/PartyRoleDeactivatedDomainEvent.cs(21,20): warning CS1591: Missing XML comment for publicly visible type or member 'PartyRoleDeactivatedDomainEvent.PartyId' [/Users/kady/Masterdom/src/Masterdom.Modules.CRM/Masterdom.Modules.CRM.csproj]
/Users/kady/Masterdom/src/Masterdom.Modules.CRM/Domain/Entities/Party/Events/PartyRoleDeactivatedDomainEvent.cs(23,34): warning CS1591: Missing XML comment for publicly visible type or member 'PartyRoleDeactivatedDomainEvent.RoleAssignmentId' [/Users/kady/Masterdom/src/Masterdom.Modules.CRM/Masterdom.Modules.CRM.csproj]
/Users/kady/Masterdom/src/Masterdom.Modules.CRM/Domain/Entities/Party/Events/PartyRoleDeactivatedDomainEvent.cs(25,26): warning CS1591: Missing XML comment for publicly visible type or member 'PartyRoleDeactivatedDomainEvent.RoleType' [/Users/kady/Masterdom/src/Masterdom.Modules.CRM/Masterdom.Modules.CRM.csproj]
/Users/kady/Masterdom/src/Masterdom.Modules.CRM/Domain/Entities/Party/Events/PartyRoleRemovedDomainEvent.cs(10,12): warning CS1591: Missing XML comment for publicly visible type or member 'PartyRoleRemovedDomainEvent.PartyRoleRemovedDomainEvent(PartyId, PartyRoleAssignmentId, PartyRoleType)' [/Users/kady/Masterdom/src/Masterdom.Modules.CRM/Masterdom.Modules.CRM.csproj]
/Users/kady/Masterdom/src/Masterdom.Modules.CRM/Domain/Entities/Party/Events/PartyRoleRemovedDomainEvent.cs(21,20): warning CS1591: Missing XML comment for publicly visible type or member 'PartyRoleRemovedDomainEvent.PartyId' [/Users/kady/Masterdom/src/Masterdom.Modules.CRM/Masterdom.Modules.CRM.csproj]
/Users/kady/Masterdom/src/Masterdom.Modules.CRM/Domain/Entities/Party/Events/PartyRoleRemovedDomainEvent.cs(23,34): warning CS1591: Missing XML comment for publicly visible type or member 'PartyRoleRemovedDomainEvent.RoleAssignmentId' [/Users/kady/Masterdom/src/Masterdom.Modules.CRM/Masterdom.Modules.CRM.csproj]
/Users/kady/Masterdom/src/Masterdom.Modules.CRM/Domain/Entities/Party/Events/PartyRoleRemovedDomainEvent.cs(25,26): warning CS1591: Missing XML comment for publicly visible type or member 'PartyRoleRemovedDomainEvent.RoleType' [/Users/kady/Masterdom/src/Masterdom.Modules.CRM/Masterdom.Modules.CRM.csproj]
/Users/kady/Masterdom/src/Masterdom.Modules.CRM/Domain/Entities/Party/Events/PartyUpdatedDomainEvent.cs(10,12): warning CS1591: Missing XML comment for publicly visible type or member 'PartyUpdatedDomainEvent.PartyUpdatedDomainEvent(PartyId)' [/Users/kady/Masterdom/src/Masterdom.Modules.CRM/Masterdom.Modules.CRM.csproj]
/Users/kady/Masterdom/src/Masterdom.Modules.CRM/Domain/Entities/Party/Events/PartyUpdatedDomainEvent.cs(16,20): warning CS1591: Missing XML comment for publicly visible type or member 'PartyUpdatedDomainEvent.PartyId' [/Users/kady/Masterdom/src/Masterdom.Modules.CRM/Masterdom.Modules.CRM.csproj]
/Users/kady/Masterdom/src/Masterdom.Modules.CRM/Domain/Entities/Party/Party.cs(38,19): warning CS1591: Missing XML comment for publicly visible type or member 'Party.DisplayName' [/Users/kady/Masterdom/src/Masterdom.Modules.CRM/Masterdom.Modules.CRM.csproj]
/Users/kady/Masterdom/src/Masterdom.Modules.CRM/Domain/Entities/Party/Party.cs(40,20): warning CS1591: Missing XML comment for publicly visible type or member 'Party.LegalName' [/Users/kady/Masterdom/src/Masterdom.Modules.CRM/Masterdom.Modules.CRM.csproj]
/Users/kady/Masterdom/src/Masterdom.Modules.CRM/Domain/Entities/Party/Party.cs(42,22): warning CS1591: Missing XML comment for publicly visible type or member 'Party.PartyType' [/Users/kady/Masterdom/src/Masterdom.Modules.CRM/Masterdom.Modules.CRM.csproj]
/Users/kady/Masterdom/src/Masterdom.Modules.CRM/Domain/Entities/Party/Party.cs(44,24): warning CS1591: Missing XML comment for publicly visible type or member 'Party.Status' [/Users/kady/Masterdom/src/Masterdom.Modules.CRM/Masterdom.Modules.CRM.csproj]
/Users/kady/Masterdom/src/Masterdom.Modules.CRM/Domain/Entities/Party/Party.cs(46,21): warning CS1591: Missing XML comment for publicly visible type or member 'Party.CreatedAtUtc' [/Users/kady/Masterdom/src/Masterdom.Modules.CRM/Masterdom.Modules.CRM.csproj]
/Users/kady/Masterdom/src/Masterdom.Modules.CRM/Domain/Entities/Party/Party.cs(48,21): warning CS1591: Missing XML comment for publicly visible type or member 'Party.UpdatedAtUtc' [/Users/kady/Masterdom/src/Masterdom.Modules.CRM/Masterdom.Modules.CRM.csproj]
/Users/kady/Masterdom/src/Masterdom.Modules.CRM/Domain/Entities/Party/Party.cs(50,22): warning CS1591: Missing XML comment for publicly visible type or member 'Party.AuditInfo' [/Users/kady/Masterdom/src/Masterdom.Modules.CRM/Masterdom.Modules.CRM.csproj]
/Users/kady/Masterdom/src/Masterdom.Modules.CRM/Domain/Entities/Party/Party.cs(52,47): warning CS1591: Missing XML comment for publicly visible type or member 'Party.ContactMethods' [/Users/kady/Masterdom/src/Masterdom.Modules.CRM/Masterdom.Modules.CRM.csproj]
/Users/kady/Masterdom/src/Masterdom.Modules.CRM/Domain/Entities/Party/Party.cs(54,41): warning CS1591: Missing XML comment for publicly visible type or member 'Party.Addresses' [/Users/kady/Masterdom/src/Masterdom.Modules.CRM/Masterdom.Modules.CRM.csproj]
/Users/kady/Masterdom/src/Masterdom.Modules.CRM/Domain/Entities/Party/Party.cs(56,46): warning CS1591: Missing XML comment for publicly visible type or member 'Party.Relationships' [/Users/kady/Masterdom/src/Masterdom.Modules.CRM/Masterdom.Modules.CRM.csproj]
/Users/kady/Masterdom/src/Masterdom.Modules.CRM/Domain/Entities/Party/Party.cs(58,53): warning CS1591: Missing XML comment for publicly visible type or member 'Party.RoleAssignments' [/Users/kady/Masterdom/src/Masterdom.Modules.CRM/Masterdom.Modules.CRM.csproj]
/Users/kady/Masterdom/src/Masterdom.Modules.CRM/Domain/Entities/Party/Party.cs(60,46): warning CS1591: Missing XML comment for publicly visible type or member 'Party.DomainEvents' [/Users/kady/Masterdom/src/Masterdom.Modules.CRM/Masterdom.Modules.CRM.csproj]
/Users/kady/Masterdom/src/Masterdom.Modules.CRM/Domain/Entities/Party/Party.cs(62,25): warning CS1591: Missing XML comment for publicly visible type or member 'Party.Create(string, string?, PartyType, DateTime, string?)' [/Users/kady/Masterdom/src/Masterdom.Modules.CRM/Masterdom.Modules.CRM.csproj]
/Users/kady/Masterdom/src/Masterdom.Modules.CRM/Domain/Entities/Party/Party.cs(87,17): warning CS1591: Missing XML comment for publicly visible type or member 'Party.Update(string, string?, PartyType, DateTime, string?)' [/Users/kady/Masterdom/src/Masterdom.Modules.CRM/Masterdom.Modules.CRM.csproj]
/Users/kady/Masterdom/src/Masterdom.Modules.CRM/Domain/Entities/Party/Party.cs(113,17): warning CS1591: Missing XML comment for publicly visible type or member 'Party.Deactivate(DateTime, string?)' [/Users/kady/Masterdom/src/Masterdom.Modules.CRM/Masterdom.Modules.CRM.csproj]
/Users/kady/Masterdom/src/Masterdom.Modules.CRM/Domain/Entities/Party/Party.cs(125,17): warning CS1591: Missing XML comment for publicly visible type or member 'Party.AddContactMethod(ContactMethod, DateTime, string?)' [/Users/kady/Masterdom/src/Masterdom.Modules.CRM/Masterdom.Modules.CRM.csproj]
/Users/kady/Masterdom/src/Masterdom.Modules.CRM/Domain/Entities/Party/Party.cs(154,17): warning CS1591: Missing XML comment for publicly visible type or member 'Party.RemoveContactMethod(ContactMethod, DateTime, string?)' [/Users/kady/Masterdom/src/Masterdom.Modules.CRM/Masterdom.Modules.CRM.csproj]
/Users/kady/Masterdom/src/Masterdom.Modules.CRM/Domain/Entities/Party/Party.cs(169,17): warning CS1591: Missing XML comment for publicly visible type or member 'Party.AddAddress(Address, DateTime, string?)' [/Users/kady/Masterdom/src/Masterdom.Modules.CRM/Masterdom.Modules.CRM.csproj]
/Users/kady/Masterdom/src/Masterdom.Modules.CRM/Domain/Entities/Party/Party.cs(198,17): warning CS1591: Missing XML comment for publicly visible type or member 'Party.RemoveAddress(Address, DateTime, string?)' [/Users/kady/Masterdom/src/Masterdom.Modules.CRM/Masterdom.Modules.CRM.csproj]
/Users/kady/Masterdom/src/Masterdom.Modules.CRM/Domain/Entities/Party/Party.cs(213,17): warning CS1591: Missing XML comment for publicly visible type or member 'Party.AddRelationship(Relationship, DateTime, string?)' [/Users/kady/Masterdom/src/Masterdom.Modules.CRM/Masterdom.Modules.CRM.csproj]
/Users/kady/Masterdom/src/Masterdom.Modules.CRM/Domain/Entities/Party/Party.cs(233,17): warning CS1591: Missing XML comment for publicly visible type or member 'Party.RemoveRelationship(Relationship, DateTime, string?)' [/Users/kady/Masterdom/src/Masterdom.Modules.CRM/Masterdom.Modules.CRM.csproj]
/Users/kady/Masterdom/src/Masterdom.Modules.CRM/Domain/Entities/Party/Party.cs(248,32): warning CS1591: Missing XML comment for publicly visible type or member 'Party.AssignRole(PartyRoleType, DateTime, DateTime?, DateTime?, string?, string?)' [/Users/kady/Masterdom/src/Masterdom.Modules.CRM/Masterdom.Modules.CRM.csproj]
/Users/kady/Masterdom/src/Masterdom.Modules.CRM/Domain/Entities/Party/Party.cs(281,17): warning CS1591: Missing XML comment for publicly visible type or member 'Party.RemoveRole(PartyRoleAssignmentId, DateTime, string?, string?)' [/Users/kady/Masterdom/src/Masterdom.Modules.CRM/Masterdom.Modules.CRM.csproj]
/Users/kady/Masterdom/src/Masterdom.Modules.CRM/Domain/Entities/Party/Party.cs(296,17): warning CS1591: Missing XML comment for publicly visible type or member 'Party.DeactivateRole(PartyRoleAssignmentId, DateTime, string?, string?)' [/Users/kady/Masterdom/src/Masterdom.Modules.CRM/Masterdom.Modules.CRM.csproj]
/Users/kady/Masterdom/src/Masterdom.Modules.CRM/Domain/Entities/Party/Party.cs(311,17): warning CS1591: Missing XML comment for publicly visible type or member 'Party.ReactivateRole(PartyRoleAssignmentId, DateTime, string?, string?)' [/Users/kady/Masterdom/src/Masterdom.Modules.CRM/Masterdom.Modules.CRM.csproj]
/Users/kady/Masterdom/src/Masterdom.Modules.CRM/Domain/Entities/Party/Party.cs(336,53): warning CS1591: Missing XML comment for publicly visible type or member 'Party.GetRoles()' [/Users/kady/Masterdom/src/Masterdom.Modules.CRM/Masterdom.Modules.CRM.csproj]
/Users/kady/Masterdom/src/Masterdom.Modules.CRM/Domain/Entities/Party/Party.cs(341,17): warning CS1591: Missing XML comment for publicly visible type or member 'Party.ClearDomainEvents()' [/Users/kady/Masterdom/src/Masterdom.Modules.CRM/Masterdom.Modules.CRM.csproj]
/Users/kady/Masterdom/src/Masterdom.Modules.CRM/Domain/Entities/Party/PartyId.cs(10,27): warning CS1591: Missing XML comment for publicly visible type or member 'PartyId.New()' [/Users/kady/Masterdom/src/Masterdom.Modules.CRM/Masterdom.Modules.CRM.csproj]
/Users/kady/Masterdom/src/Masterdom.Modules.CRM/Domain/Entities/Party/PartyId.cs(15,27): warning CS1591: Missing XML comment for publicly visible type or member 'PartyId.From(Guid)' [/Users/kady/Masterdom/src/Masterdom.Modules.CRM/Masterdom.Modules.CRM.csproj]
/Users/kady/Masterdom/src/Masterdom.Modules.CRM/Domain/Entities/Party/PartyId.cs(25,27): warning CS1591: Missing XML comment for publicly visible type or member 'PartyId.Parse(string)' [/Users/kady/Masterdom/src/Masterdom.Modules.CRM/Masterdom.Modules.CRM.csproj]
/Users/kady/Masterdom/src/Masterdom.Modules.CRM/Domain/Entities/Party/PartyId.cs(31,28): warning CS1591: Missing XML comment for publicly visible type or member 'PartyId.ToString()' [/Users/kady/Masterdom/src/Masterdom.Modules.CRM/Masterdom.Modules.CRM.csproj]
/Users/kady/Masterdom/src/Masterdom.Modules.CRM/Domain/Entities/Party/PartyRoleAssignment.cs(51,26): warning CS1591: Missing XML comment for publicly visible type or member 'PartyRoleAssignment.RoleType' [/Users/kady/Masterdom/src/Masterdom.Modules.CRM/Masterdom.Modules.CRM.csproj]
/Users/kady/Masterdom/src/Masterdom.Modules.CRM/Domain/Entities/Party/PartyRoleAssignment.cs(53,21): warning CS1591: Missing XML comment for publicly visible type or member 'PartyRoleAssignment.AssignedAtUtc' [/Users/kady/Masterdom/src/Masterdom.Modules.CRM/Masterdom.Modules.CRM.csproj]
/Users/kady/Masterdom/src/Masterdom.Modules.CRM/Domain/Entities/Party/PartyRoleAssignment.cs(55,21): warning CS1591: Missing XML comment for publicly visible type or member 'PartyRoleAssignment.EffectiveFromUtc' [/Users/kady/Masterdom/src/Masterdom.Modules.CRM/Masterdom.Modules.CRM.csproj]
/Users/kady/Masterdom/src/Masterdom.Modules.CRM/Domain/Entities/Party/PartyRoleAssignment.cs(57,22): warning CS1591: Missing XML comment for publicly visible type or member 'PartyRoleAssignment.EffectiveToUtc' [/Users/kady/Masterdom/src/Masterdom.Modules.CRM/Masterdom.Modules.CRM.csproj]
/Users/kady/Masterdom/src/Masterdom.Modules.CRM/Domain/Entities/Party/PartyRoleAssignment.cs(59,20): warning CS1591: Missing XML comment for publicly visible type or member 'PartyRoleAssignment.AssignmentReason' [/Users/kady/Masterdom/src/Masterdom.Modules.CRM/Masterdom.Modules.CRM.csproj]
/Users/kady/Masterdom/src/Masterdom.Modules.CRM/Domain/Entities/Party/PartyRoleAssignment.cs(61,38): warning CS1591: Missing XML comment for publicly visible type or member 'PartyRoleAssignment.Status' [/Users/kady/Masterdom/src/Masterdom.Modules.CRM/Masterdom.Modules.CRM.csproj]
/Users/kady/Masterdom/src/Masterdom.Modules.CRM/Domain/Entities/Party/PartyRoleAssignment.cs(63,22): warning CS1591: Missing XML comment for publicly visible type or member 'PartyRoleAssignment.DeactivatedAtUtc' [/Users/kady/Masterdom/src/Masterdom.Modules.CRM/Masterdom.Modules.CRM.csproj]
/Users/kady/Masterdom/src/Masterdom.Modules.CRM/Domain/Entities/Party/PartyRoleAssignment.cs(65,20): warning CS1591: Missing XML comment for publicly visible type or member 'PartyRoleAssignment.DeactivationReason' [/Users/kady/Masterdom/src/Masterdom.Modules.CRM/Masterdom.Modules.CRM.csproj]
/Users/kady/Masterdom/src/Masterdom.Modules.CRM/Domain/Entities/Party/PartyRoleAssignment.cs(67,22): warning CS1591: Missing XML comment for publicly visible type or member 'PartyRoleAssignment.RemovedAtUtc' [/Users/kady/Masterdom/src/Masterdom.Modules.CRM/Masterdom.Modules.CRM.csproj]
/Users/kady/Masterdom/src/Masterdom.Modules.CRM/Domain/Entities/Party/PartyRoleAssignment.cs(69,20): warning CS1591: Missing XML comment for publicly visible type or member 'PartyRoleAssignment.RemovalReason' [/Users/kady/Masterdom/src/Masterdom.Modules.CRM/Masterdom.Modules.CRM.csproj]
/Users/kady/Masterdom/src/Masterdom.Modules.CRM/Domain/Entities/Party/PartyRoleAssignment.cs(71,22): warning CS1591: Missing XML comment for publicly visible type or member 'PartyRoleAssignment.ReactivatedAtUtc' [/Users/kady/Masterdom/src/Masterdom.Modules.CRM/Masterdom.Modules.CRM.csproj]
/Users/kady/Masterdom/src/Masterdom.Modules.CRM/Domain/Entities/Party/PartyRoleAssignment.cs(73,20): warning CS1591: Missing XML comment for publicly visible type or member 'PartyRoleAssignment.ReactivationReason' [/Users/kady/Masterdom/src/Masterdom.Modules.CRM/Masterdom.Modules.CRM.csproj]
/Users/kady/Masterdom/src/Masterdom.Modules.CRM/Domain/Entities/Party/PartyRoleAssignment.cs(75,39): warning CS1591: Missing XML comment for publicly visible type or member 'PartyRoleAssignment.Create(PartyRoleType, DateTime, DateTime?, DateTime?, string?)' [/Users/kady/Masterdom/src/Masterdom.Modules.CRM/Masterdom.Modules.CRM.csproj]
/Users/kady/Masterdom/src/Masterdom.Modules.CRM/Domain/Entities/Party/PartyRoleAssignment.cs(105,17): warning CS1591: Missing XML comment for publicly visible type or member 'PartyRoleAssignment.MatchesActiveRoleType(PartyRoleType, DateTime)' [/Users/kady/Masterdom/src/Masterdom.Modules.CRM/Masterdom.Modules.CRM.csproj]
/Users/kady/Masterdom/src/Masterdom.Modules.CRM/Domain/Entities/Party/PartyRoleAssignment.cs(115,17): warning CS1591: Missing XML comment for publicly visible type or member 'PartyRoleAssignment.IsEffectiveAt(DateTime)' [/Users/kady/Masterdom/src/Masterdom.Modules.CRM/Masterdom.Modules.CRM.csproj]
/Users/kady/Masterdom/src/Masterdom.Modules.CRM/Domain/Entities/Party/PartyRoleAssignment.cs(132,17): warning CS1591: Missing XML comment for publicly visible type or member 'PartyRoleAssignment.OverlapsWith(DateTime, DateTime?)' [/Users/kady/Masterdom/src/Masterdom.Modules.CRM/Masterdom.Modules.CRM.csproj]
/Users/kady/Masterdom/src/Masterdom.Modules.CRM/Domain/Entities/Party/PartyRoleAssignment.cs(145,17): warning CS1591: Missing XML comment for publicly visible type or member 'PartyRoleAssignment.Deactivate(DateTime, string?)' [/Users/kady/Masterdom/src/Masterdom.Modules.CRM/Masterdom.Modules.CRM.csproj]
/Users/kady/Masterdom/src/Masterdom.Modules.CRM/Domain/Entities/Party/PartyRoleAssignment.cs(162,17): warning CS1591: Missing XML comment for publicly visible type or member 'PartyRoleAssignment.Reactivate(DateTime, string?)' [/Users/kady/Masterdom/src/Masterdom.Modules.CRM/Masterdom.Modules.CRM.csproj]
/Users/kady/Masterdom/src/Masterdom.Modules.CRM/Domain/Entities/Party/PartyRoleAssignment.cs(181,17): warning CS1591: Missing XML comment for publicly visible type or member 'PartyRoleAssignment.Remove(DateTime, string?)' [/Users/kady/Masterdom/src/Masterdom.Modules.CRM/Masterdom.Modules.CRM.csproj]
/Users/kady/Masterdom/src/Masterdom.Modules.CRM/Domain/Entities/Party/PartyRoleAssignmentId.cs(10,41): warning CS1591: Missing XML comment for publicly visible type or member 'PartyRoleAssignmentId.New()' [/Users/kady/Masterdom/src/Masterdom.Modules.CRM/Masterdom.Modules.CRM.csproj]
/Users/kady/Masterdom/src/Masterdom.Modules.CRM/Domain/Entities/Party/PartyRoleAssignmentId.cs(15,41): warning CS1591: Missing XML comment for publicly visible type or member 'PartyRoleAssignmentId.From(Guid)' [/Users/kady/Masterdom/src/Masterdom.Modules.CRM/Masterdom.Modules.CRM.csproj]
/Users/kady/Masterdom/src/Masterdom.Modules.CRM/Domain/Entities/Party/PartyRoleAssignmentId.cs(25,28): warning CS1591: Missing XML comment for publicly visible type or member 'PartyRoleAssignmentId.ToString()' [/Users/kady/Masterdom/src/Masterdom.Modules.CRM/Masterdom.Modules.CRM.csproj]
/Users/kady/Masterdom/src/Masterdom.Modules.CRM/Domain/Entities/Party/PartyRoleAssignmentStatus.cs(10,54): warning CS1591: Missing XML comment for publicly visible type or member 'PartyRoleAssignmentStatus.Active' [/Users/kady/Masterdom/src/Masterdom.Modules.CRM/Masterdom.Modules.CRM.csproj]
/Users/kady/Masterdom/src/Masterdom.Modules.CRM/Domain/Entities/Party/PartyRoleAssignmentStatus.cs(11,54): warning CS1591: Missing XML comment for publicly visible type or member 'PartyRoleAssignmentStatus.Inactive' [/Users/kady/Masterdom/src/Masterdom.Modules.CRM/Masterdom.Modules.CRM.csproj]
/Users/kady/Masterdom/src/Masterdom.Modules.CRM/Domain/Entities/Party/PartyRoleAssignmentStatus.cs(12,54): warning CS1591: Missing XML comment for publicly visible type or member 'PartyRoleAssignmentStatus.Removed' [/Users/kady/Masterdom/src/Masterdom.Modules.CRM/Masterdom.Modules.CRM.csproj]
/Users/kady/Masterdom/src/Masterdom.Modules.CRM/Domain/Entities/Party/PartyRoleAssignmentStatus.cs(19,19): warning CS1591: Missing XML comment for publicly visible type or member 'PartyRoleAssignmentStatus.Value' [/Users/kady/Masterdom/src/Masterdom.Modules.CRM/Masterdom.Modules.CRM.csproj]
/Users/kady/Masterdom/src/Masterdom.Modules.CRM/Domain/Entities/Party/PartyRoleAssignmentStatus.cs(21,45): warning CS1591: Missing XML comment for publicly visible type or member 'PartyRoleAssignmentStatus.Create(string)' [/Users/kady/Masterdom/src/Masterdom.Modules.CRM/Masterdom.Modules.CRM.csproj]
/Users/kady/Masterdom/src/Masterdom.Modules.CRM/Domain/Entities/Party/PartyRoleAssignmentStatus.cs(36,45): warning CS1591: Missing XML comment for publicly visible type or member 'PartyRoleAssignmentStatus.GetEqualityComponents()' [/Users/kady/Masterdom/src/Masterdom.Modules.CRM/Masterdom.Modules.CRM.csproj]
/Users/kady/Masterdom/src/Masterdom.Modules.CRM/Domain/Entities/Party/PartyRoleAssignmentStatus.cs(41,28): warning CS1591: Missing XML comment for publicly visible type or member 'PartyRoleAssignmentStatus.ToString()' [/Users/kady/Masterdom/src/Masterdom.Modules.CRM/Masterdom.Modules.CRM.csproj]
/Users/kady/Masterdom/src/Masterdom.Modules.CRM/Domain/Entities/Party/PartyRoleType.cs(10,42): warning CS1591: Missing XML comment for publicly visible type or member 'PartyRoleType.Tenant' [/Users/kady/Masterdom/src/Masterdom.Modules.CRM/Masterdom.Modules.CRM.csproj]
/Users/kady/Masterdom/src/Masterdom.Modules.CRM/Domain/Entities/Party/PartyRoleType.cs(11,42): warning CS1591: Missing XML comment for publicly visible type or member 'PartyRoleType.PropertyOwner' [/Users/kady/Masterdom/src/Masterdom.Modules.CRM/Masterdom.Modules.CRM.csproj]
/Users/kady/Masterdom/src/Masterdom.Modules.CRM/Domain/Entities/Party/PartyRoleType.cs(12,42): warning CS1591: Missing XML comment for publicly visible type or member 'PartyRoleType.Vendor' [/Users/kady/Masterdom/src/Masterdom.Modules.CRM/Masterdom.Modules.CRM.csproj]
/Users/kady/Masterdom/src/Masterdom.Modules.CRM/Domain/Entities/Party/PartyRoleType.cs(13,42): warning CS1591: Missing XML comment for publicly visible type or member 'PartyRoleType.Contractor' [/Users/kady/Masterdom/src/Masterdom.Modules.CRM/Masterdom.Modules.CRM.csproj]
/Users/kady/Masterdom/src/Masterdom.Modules.CRM/Domain/Entities/Party/PartyRoleType.cs(14,42): warning CS1591: Missing XML comment for publicly visible type or member 'PartyRoleType.Employee' [/Users/kady/Masterdom/src/Masterdom.Modules.CRM/Masterdom.Modules.CRM.csproj]
/Users/kady/Masterdom/src/Masterdom.Modules.CRM/Domain/Entities/Party/PartyRoleType.cs(15,42): warning CS1591: Missing XML comment for publicly visible type or member 'PartyRoleType.Broker' [/Users/kady/Masterdom/src/Masterdom.Modules.CRM/Masterdom.Modules.CRM.csproj]
/Users/kady/Masterdom/src/Masterdom.Modules.CRM/Domain/Entities/Party/PartyRoleType.cs(16,42): warning CS1591: Missing XML comment for publicly visible type or member 'PartyRoleType.EmergencyContact' [/Users/kady/Masterdom/src/Masterdom.Modules.CRM/Masterdom.Modules.CRM.csproj]
/Users/kady/Masterdom/src/Masterdom.Modules.CRM/Domain/Entities/Party/PartyRoleType.cs(17,42): warning CS1591: Missing XML comment for publicly visible type or member 'PartyRoleType.UtilityProvider' [/Users/kady/Masterdom/src/Masterdom.Modules.CRM/Masterdom.Modules.CRM.csproj]
/Users/kady/Masterdom/src/Masterdom.Modules.CRM/Domain/Entities/Party/PartyRoleType.cs(18,42): warning CS1591: Missing XML comment for publicly visible type or member 'PartyRoleType.TelecomProvider' [/Users/kady/Masterdom/src/Masterdom.Modules.CRM/Masterdom.Modules.CRM.csproj]
/Users/kady/Masterdom/src/Masterdom.Modules.CRM/Domain/Entities/Party/PartyRoleType.cs(19,42): warning CS1591: Missing XML comment for publicly visible type or member 'PartyRoleType.GovernmentAuthority' [/Users/kady/Masterdom/src/Masterdom.Modules.CRM/Masterdom.Modules.CRM.csproj]
/Users/kady/Masterdom/src/Masterdom.Modules.CRM/Domain/Entities/Party/PartyRoleType.cs(20,42): warning CS1591: Missing XML comment for publicly visible type or member 'PartyRoleType.Society' [/Users/kady/Masterdom/src/Masterdom.Modules.CRM/Masterdom.Modules.CRM.csproj]
/Users/kady/Masterdom/src/Masterdom.Modules.CRM/Domain/Entities/Party/PartyRoleType.cs(21,42): warning CS1591: Missing XML comment for publicly visible type or member 'PartyRoleType.LegalAdvisor' [/Users/kady/Masterdom/src/Masterdom.Modules.CRM/Masterdom.Modules.CRM.csproj]
/Users/kady/Masterdom/src/Masterdom.Modules.CRM/Domain/Entities/Party/PartyRoleType.cs(22,42): warning CS1591: Missing XML comment for publicly visible type or member 'PartyRoleType.Accountant' [/Users/kady/Masterdom/src/Masterdom.Modules.CRM/Masterdom.Modules.CRM.csproj]
/Users/kady/Masterdom/src/Masterdom.Modules.CRM/Domain/Entities/Party/PartyRoleType.cs(23,42): warning CS1591: Missing XML comment for publicly visible type or member 'PartyRoleType.PropertyManager' [/Users/kady/Masterdom/src/Masterdom.Modules.CRM/Masterdom.Modules.CRM.csproj]
/Users/kady/Masterdom/src/Masterdom.Modules.CRM/Domain/Entities/Party/PartyRoleType.cs(30,19): warning CS1591: Missing XML comment for publicly visible type or member 'PartyRoleType.Value' [/Users/kady/Masterdom/src/Masterdom.Modules.CRM/Masterdom.Modules.CRM.csproj]
/Users/kady/Masterdom/src/Masterdom.Modules.CRM/Domain/Entities/Party/PartyRoleType.cs(32,33): warning CS1591: Missing XML comment for publicly visible type or member 'PartyRoleType.Create(string)' [/Users/kady/Masterdom/src/Masterdom.Modules.CRM/Masterdom.Modules.CRM.csproj]
/Users/kady/Masterdom/src/Masterdom.Modules.CRM/Domain/Entities/Party/PartyRoleType.cs(58,45): warning CS1591: Missing XML comment for publicly visible type or member 'PartyRoleType.GetEqualityComponents()' [/Users/kady/Masterdom/src/Masterdom.Modules.CRM/Masterdom.Modules.CRM.csproj]
/Users/kady/Masterdom/src/Masterdom.Modules.CRM/Domain/Entities/Party/PartyRoleType.cs(63,28): warning CS1591: Missing XML comment for publicly visible type or member 'PartyRoleType.ToString()' [/Users/kady/Masterdom/src/Masterdom.Modules.CRM/Masterdom.Modules.CRM.csproj]
/Users/kady/Masterdom/src/Masterdom.Modules.CRM/Domain/Entities/Party/PartyStatus.cs(10,40): warning CS1591: Missing XML comment for publicly visible type or member 'PartyStatus.Active' [/Users/kady/Masterdom/src/Masterdom.Modules.CRM/Masterdom.Modules.CRM.csproj]
/Users/kady/Masterdom/src/Masterdom.Modules.CRM/Domain/Entities/Party/PartyStatus.cs(11,40): warning CS1591: Missing XML comment for publicly visible type or member 'PartyStatus.Inactive' [/Users/kady/Masterdom/src/Masterdom.Modules.CRM/Masterdom.Modules.CRM.csproj]
/Users/kady/Masterdom/src/Masterdom.Modules.CRM/Domain/Entities/Party/PartyStatus.cs(18,19): warning CS1591: Missing XML comment for publicly visible type or member 'PartyStatus.Value' [/Users/kady/Masterdom/src/Masterdom.Modules.CRM/Masterdom.Modules.CRM.csproj]
/Users/kady/Masterdom/src/Masterdom.Modules.CRM/Domain/Entities/Party/PartyStatus.cs(20,31): warning CS1591: Missing XML comment for publicly visible type or member 'PartyStatus.Create(string)' [/Users/kady/Masterdom/src/Masterdom.Modules.CRM/Masterdom.Modules.CRM.csproj]
/Users/kady/Masterdom/src/Masterdom.Modules.CRM/Domain/Entities/Party/PartyStatus.cs(34,45): warning CS1591: Missing XML comment for publicly visible type or member 'PartyStatus.GetEqualityComponents()' [/Users/kady/Masterdom/src/Masterdom.Modules.CRM/Masterdom.Modules.CRM.csproj]
/Users/kady/Masterdom/src/Masterdom.Modules.CRM/Domain/Entities/Party/PartyStatus.cs(39,28): warning CS1591: Missing XML comment for publicly visible type or member 'PartyStatus.ToString()' [/Users/kady/Masterdom/src/Masterdom.Modules.CRM/Masterdom.Modules.CRM.csproj]
/Users/kady/Masterdom/src/Masterdom.Modules.CRM/Domain/Entities/Party/PartyType.cs(10,38): warning CS1591: Missing XML comment for publicly visible type or member 'PartyType.Person' [/Users/kady/Masterdom/src/Masterdom.Modules.CRM/Masterdom.Modules.CRM.csproj]
/Users/kady/Masterdom/src/Masterdom.Modules.CRM/Domain/Entities/Party/PartyType.cs(11,38): warning CS1591: Missing XML comment for publicly visible type or member 'PartyType.Organization' [/Users/kady/Masterdom/src/Masterdom.Modules.CRM/Masterdom.Modules.CRM.csproj]
/Users/kady/Masterdom/src/Masterdom.Modules.CRM/Domain/Entities/Party/PartyType.cs(18,19): warning CS1591: Missing XML comment for publicly visible type or member 'PartyType.Value' [/Users/kady/Masterdom/src/Masterdom.Modules.CRM/Masterdom.Modules.CRM.csproj]
/Users/kady/Masterdom/src/Masterdom.Modules.CRM/Domain/Entities/Party/PartyType.cs(20,29): warning CS1591: Missing XML comment for publicly visible type or member 'PartyType.Create(string)' [/Users/kady/Masterdom/src/Masterdom.Modules.CRM/Masterdom.Modules.CRM.csproj]
/Users/kady/Masterdom/src/Masterdom.Modules.CRM/Domain/Entities/Party/PartyType.cs(34,45): warning CS1591: Missing XML comment for publicly visible type or member 'PartyType.GetEqualityComponents()' [/Users/kady/Masterdom/src/Masterdom.Modules.CRM/Masterdom.Modules.CRM.csproj]
/Users/kady/Masterdom/src/Masterdom.Modules.CRM/Domain/Entities/Party/PartyType.cs(39,28): warning CS1591: Missing XML comment for publicly visible type or member 'PartyType.ToString()' [/Users/kady/Masterdom/src/Masterdom.Modules.CRM/Masterdom.Modules.CRM.csproj]
/Users/kady/Masterdom/src/Masterdom.Modules.CRM/Domain/Entities/Party/Relationship.cs(17,20): warning CS1591: Missing XML comment for publicly visible type or member 'Relationship.RelatedPartyId' [/Users/kady/Masterdom/src/Masterdom.Modules.CRM/Masterdom.Modules.CRM.csproj]
/Users/kady/Masterdom/src/Masterdom.Modules.CRM/Domain/Entities/Party/Relationship.cs(19,29): warning CS1591: Missing XML comment for publicly visible type or member 'Relationship.Type' [/Users/kady/Masterdom/src/Masterdom.Modules.CRM/Masterdom.Modules.CRM.csproj]
/Users/kady/Masterdom/src/Masterdom.Modules.CRM/Domain/Entities/Party/Relationship.cs(21,17): warning CS1591: Missing XML comment for publicly visible type or member 'Relationship.AllowsSelfReference' [/Users/kady/Masterdom/src/Masterdom.Modules.CRM/Masterdom.Modules.CRM.csproj]
/Users/kady/Masterdom/src/Masterdom.Modules.CRM/Domain/Entities/Party/Relationship.cs(23,32): warning CS1591: Missing XML comment for publicly visible type or member 'Relationship.Create(PartyId, string, bool)' [/Users/kady/Masterdom/src/Masterdom.Modules.CRM/Masterdom.Modules.CRM.csproj]
/Users/kady/Masterdom/src/Masterdom.Modules.CRM/Domain/Entities/Party/Relationship.cs(28,32): warning CS1591: Missing XML comment for publicly visible type or member 'Relationship.Create(PartyId, RelationshipType, bool)' [/Users/kady/Masterdom/src/Masterdom.Modules.CRM/Masterdom.Modules.CRM.csproj]
/Users/kady/Masterdom/src/Masterdom.Modules.CRM/Domain/Entities/Party/Relationship.cs(36,17): warning CS1591: Missing XML comment for publicly visible type or member 'Relationship.Matches(Relationship)' [/Users/kady/Masterdom/src/Masterdom.Modules.CRM/Masterdom.Modules.CRM.csproj]
/Users/kady/Masterdom/src/Masterdom.Modules.CRM/Domain/Entities/Party/Relationship.cs(42,45): warning CS1591: Missing XML comment for publicly visible type or member 'Relationship.GetEqualityComponents()' [/Users/kady/Masterdom/src/Masterdom.Modules.CRM/Masterdom.Modules.CRM.csproj]
/Users/kady/Masterdom/src/Masterdom.Modules.CRM/Domain/Entities/Party/RelationshipType.cs(10,45): warning CS1591: Missing XML comment for publicly visible type or member 'RelationshipType.Owns' [/Users/kady/Masterdom/src/Masterdom.Modules.CRM/Masterdom.Modules.CRM.csproj]
/Users/kady/Masterdom/src/Masterdom.Modules.CRM/Domain/Entities/Party/RelationshipType.cs(11,45): warning CS1591: Missing XML comment for publicly visible type or member 'RelationshipType.Manages' [/Users/kady/Masterdom/src/Masterdom.Modules.CRM/Masterdom.Modules.CRM.csproj]
/Users/kady/Masterdom/src/Masterdom.Modules.CRM/Domain/Entities/Party/RelationshipType.cs(12,45): warning CS1591: Missing XML comment for publicly visible type or member 'RelationshipType.WorksFor' [/Users/kady/Masterdom/src/Masterdom.Modules.CRM/Masterdom.Modules.CRM.csproj]
/Users/kady/Masterdom/src/Masterdom.Modules.CRM/Domain/Entities/Party/RelationshipType.cs(13,45): warning CS1591: Missing XML comment for publicly visible type or member 'RelationshipType.GuarantorOf' [/Users/kady/Masterdom/src/Masterdom.Modules.CRM/Masterdom.Modules.CRM.csproj]
/Users/kady/Masterdom/src/Masterdom.Modules.CRM/Domain/Entities/Party/RelationshipType.cs(14,45): warning CS1591: Missing XML comment for publicly visible type or member 'RelationshipType.EmergencyContact' [/Users/kady/Masterdom/src/Masterdom.Modules.CRM/Masterdom.Modules.CRM.csproj]
/Users/kady/Masterdom/src/Masterdom.Modules.CRM/Domain/Entities/Party/RelationshipType.cs(15,45): warning CS1591: Missing XML comment for publicly visible type or member 'RelationshipType.SupplierOf' [/Users/kady/Masterdom/src/Masterdom.Modules.CRM/Masterdom.Modules.CRM.csproj]
/Users/kady/Masterdom/src/Masterdom.Modules.CRM/Domain/Entities/Party/RelationshipType.cs(16,45): warning CS1591: Missing XML comment for publicly visible type or member 'RelationshipType.TenantOf' [/Users/kady/Masterdom/src/Masterdom.Modules.CRM/Masterdom.Modules.CRM.csproj]
/Users/kady/Masterdom/src/Masterdom.Modules.CRM/Domain/Entities/Party/RelationshipType.cs(17,45): warning CS1591: Missing XML comment for publicly visible type or member 'RelationshipType.ContractorFor' [/Users/kady/Masterdom/src/Masterdom.Modules.CRM/Masterdom.Modules.CRM.csproj]
/Users/kady/Masterdom/src/Masterdom.Modules.CRM/Domain/Entities/Party/RelationshipType.cs(24,19): warning CS1591: Missing XML comment for publicly visible type or member 'RelationshipType.Value' [/Users/kady/Masterdom/src/Masterdom.Modules.CRM/Masterdom.Modules.CRM.csproj]
/Users/kady/Masterdom/src/Masterdom.Modules.CRM/Domain/Entities/Party/RelationshipType.cs(26,36): warning CS1591: Missing XML comment for publicly visible type or member 'RelationshipType.Create(string)' [/Users/kady/Masterdom/src/Masterdom.Modules.CRM/Masterdom.Modules.CRM.csproj]
/Users/kady/Masterdom/src/Masterdom.Modules.CRM/Domain/Entities/Party/RelationshipType.cs(46,45): warning CS1591: Missing XML comment for publicly visible type or member 'RelationshipType.GetEqualityComponents()' [/Users/kady/Masterdom/src/Masterdom.Modules.CRM/Masterdom.Modules.CRM.csproj]
/Users/kady/Masterdom/src/Masterdom.Modules.CRM/Domain/Entities/Party/RelationshipType.cs(51,28): warning CS1591: Missing XML comment for publicly visible type or member 'RelationshipType.ToString()' [/Users/kady/Masterdom/src/Masterdom.Modules.CRM/Masterdom.Modules.CRM.csproj]
/Users/kady/Masterdom/src/Masterdom.Modules.CRM/Domain/Repositories/IPartyRepository.cs(10,12): warning CS1591: Missing XML comment for publicly visible type or member 'IPartyRepository.GetById(PartyId)' [/Users/kady/Masterdom/src/Masterdom.Modules.CRM/Masterdom.Modules.CRM.csproj]
/Users/kady/Masterdom/src/Masterdom.Modules.CRM/Domain/Repositories/IPartyRepository.cs(12,32): warning CS1591: Missing XML comment for publicly visible type or member 'IPartyRepository.Search(string?, PartyType?, int)' [/Users/kady/Masterdom/src/Masterdom.Modules.CRM/Masterdom.Modules.CRM.csproj]
/Users/kady/Masterdom/src/Masterdom.Modules.CRM/Domain/Repositories/IPartyRepository.cs(14,32): warning CS1591: Missing XML comment for publicly visible type or member 'IPartyRepository.SearchByRole(PartyRoleType, DateTime, int)' [/Users/kady/Masterdom/src/Masterdom.Modules.CRM/Masterdom.Modules.CRM.csproj]
/Users/kady/Masterdom/src/Masterdom.Modules.CRM/Domain/Repositories/IPartyRepository.cs(16,10): warning CS1591: Missing XML comment for publicly visible type or member 'IPartyRepository.Add(Party)' [/Users/kady/Masterdom/src/Masterdom.Modules.CRM/Masterdom.Modules.CRM.csproj]
/Users/kady/Masterdom/src/Masterdom.Modules.CRM/Domain/Repositories/IPartyRepository.cs(18,10): warning CS1591: Missing XML comment for publicly visible type or member 'IPartyRepository.Update(Party)' [/Users/kady/Masterdom/src/Masterdom.Modules.CRM/Masterdom.Modules.CRM.csproj]
  Masterdom.Modules.Settings -> /Users/kady/Masterdom/src/Masterdom.Modules.Settings/bin/Debug/net10.0/Masterdom.Modules.Settings.dll
  Masterdom.Modules.People -> /Users/kady/Masterdom/src/Masterdom.Modules.People/bin/Debug/net10.0/Masterdom.Modules.People.dll
  Masterdom.Modules.Payment -> /Users/kady/Masterdom/src/Masterdom.Modules.Payment/bin/Debug/net10.0/Masterdom.Modules.Payment.dll
  Masterdom.Modules.PolicyFramework -> /Users/kady/Masterdom/src/Masterdom.Modules.PolicyFramework/bin/Debug/net10.0/Masterdom.Modules.PolicyFramework.dll
  Masterdom.Modules.Tenancy -> /Users/kady/Masterdom/src/Masterdom.Modules.Tenancy/bin/Debug/net10.0/Masterdom.Modules.Tenancy.dll
  Masterdom.Modules.UtilityRating -> /Users/kady/Masterdom/src/Masterdom.Modules.UtilityRating/bin/Debug/net10.0/Masterdom.Modules.UtilityRating.dll
  Masterdom.Modules.Metering -> /Users/kady/Masterdom/src/Masterdom.Modules.Metering/bin/Debug/net10.0/Masterdom.Modules.Metering.dll
  Masterdom.Modules.Intelligence -> /Users/kady/Masterdom/src/Masterdom.Modules.Intelligence/bin/Debug/net10.0/Masterdom.Modules.Intelligence.dll
  Masterdom.Modules.Inventory -> /Users/kady/Masterdom/src/Masterdom.Modules.Inventory/bin/Debug/net10.0/Masterdom.Modules.Inventory.dll
  Masterdom.Modules.Billing -> /Users/kady/Masterdom/src/Masterdom.Modules.Billing/bin/Debug/net10.0/Masterdom.Modules.Billing.dll
  Masterdom.Modules.CRM -> /Users/kady/Masterdom/src/Masterdom.Modules.CRM/bin/Debug/net10.0/Masterdom.Modules.CRM.dll
/Users/kady/Masterdom/src/Masterdom.Modules.Reporting/Application/Export/ReportExportFormat.cs(3,13): warning CS1591: Missing XML comment for publicly visible type or member 'ReportExportFormat' [/Users/kady/Masterdom/src/Masterdom.Modules.Reporting/Masterdom.Modules.Reporting.csproj]
/Users/kady/Masterdom/src/Masterdom.Modules.Reporting/Application/Export/ReportExportFormat.cs(5,5): warning CS1591: Missing XML comment for publicly visible type or member 'ReportExportFormat.Csv' [/Users/kady/Masterdom/src/Masterdom.Modules.Reporting/Masterdom.Modules.Reporting.csproj]
/Users/kady/Masterdom/src/Masterdom.Modules.Reporting/Application/Export/ReportExportFormat.cs(6,5): warning CS1591: Missing XML comment for publicly visible type or member 'ReportExportFormat.Excel' [/Users/kady/Masterdom/src/Masterdom.Modules.Reporting/Masterdom.Modules.Reporting.csproj]
/Users/kady/Masterdom/src/Masterdom.Modules.Reporting/Application/Export/ReportExportFormat.cs(7,5): warning CS1591: Missing XML comment for publicly visible type or member 'ReportExportFormat.Pdf' [/Users/kady/Masterdom/src/Masterdom.Modules.Reporting/Masterdom.Modules.Reporting.csproj]
/Users/kady/Masterdom/src/Masterdom.Modules.Reporting/Application/Handlers/Queries/GenerateReportQueryHandler.cs(8,21): warning CS1591: Missing XML comment for publicly visible type or member 'GenerateReportQueryHandler' [/Users/kady/Masterdom/src/Masterdom.Modules.Reporting/Masterdom.Modules.Reporting.csproj]
/Users/kady/Masterdom/src/Masterdom.Modules.Reporting/Application/Handlers/Queries/GenerateReportQueryHandler.cs(12,12): warning CS1591: Missing XML comment for publicly visible type or member 'GenerateReportQueryHandler.GenerateReportQueryHandler(IReportApplicationService)' [/Users/kady/Masterdom/src/Masterdom.Modules.Reporting/Masterdom.Modules.Reporting.csproj]
/Users/kady/Masterdom/src/Masterdom.Modules.Reporting/Application/Handlers/Queries/GenerateReportQueryHandler.cs(17,45): warning CS1591: Missing XML comment for publicly visible type or member 'GenerateReportQueryHandler.Handle(GenerateReportQuery)' [/Users/kady/Masterdom/src/Masterdom.Modules.Reporting/Masterdom.Modules.Reporting.csproj]
/Users/kady/Masterdom/src/Masterdom.Modules.Reporting/Application/Models/GeneratedReport.cs(3,22): warning CS1591: Missing XML comment for publicly visible type or member 'GeneratedReport' [/Users/kady/Masterdom/src/Masterdom.Modules.Reporting/Masterdom.Modules.Reporting.csproj]
/Users/kady/Masterdom/src/Masterdom.Modules.Reporting/Application/Models/GeneratedReport.cs(3,22): warning CS1591: Missing XML comment for publicly visible type or member 'GeneratedReport.GeneratedReport(string, string, string, string, ReportDataSet, ReportSnapshot?, ReportTemplate?, IReadOnlyCollection<string>, IReadOnlyCollection<string>)' [/Users/kady/Masterdom/src/Masterdom.Modules.Reporting/Masterdom.Modules.Reporting.csproj]
/Users/kady/Masterdom/src/Masterdom.Modules.Reporting/Application/Models/GeneratedReport.cs(4,12): warning CS1591: Missing XML comment for publicly visible type or member 'GeneratedReport.ReportCode' [/Users/kady/Masterdom/src/Masterdom.Modules.Reporting/Masterdom.Modules.Reporting.csproj]
/Users/kady/Masterdom/src/Masterdom.Modules.Reporting/Application/Models/GeneratedReport.cs(5,12): warning CS1591: Missing XML comment for publicly visible type or member 'GeneratedReport.MimeType' [/Users/kady/Masterdom/src/Masterdom.Modules.Reporting/Masterdom.Modules.Reporting.csproj]
/Users/kady/Masterdom/src/Masterdom.Modules.Reporting/Application/Models/GeneratedReport.cs(6,12): warning CS1591: Missing XML comment for publicly visible type or member 'GeneratedReport.ExportFileName' [/Users/kady/Masterdom/src/Masterdom.Modules.Reporting/Masterdom.Modules.Reporting.csproj]
/Users/kady/Masterdom/src/Masterdom.Modules.Reporting/Application/Models/GeneratedReport.cs(7,12): warning CS1591: Missing XML comment for publicly visible type or member 'GeneratedReport.ExportContent' [/Users/kady/Masterdom/src/Masterdom.Modules.Reporting/Masterdom.Modules.Reporting.csproj]
/Users/kady/Masterdom/src/Masterdom.Modules.Reporting/Application/Models/GeneratedReport.cs(8,19): warning CS1591: Missing XML comment for publicly visible type or member 'GeneratedReport.DataSet' [/Users/kady/Masterdom/src/Masterdom.Modules.Reporting/Masterdom.Modules.Reporting.csproj]
/Users/kady/Masterdom/src/Masterdom.Modules.Reporting/Application/Models/GeneratedReport.cs(9,21): warning CS1591: Missing XML comment for publicly visible type or member 'GeneratedReport.Snapshot' [/Users/kady/Masterdom/src/Masterdom.Modules.Reporting/Masterdom.Modules.Reporting.csproj]
/Users/kady/Masterdom/src/Masterdom.Modules.Reporting/Application/Models/GeneratedReport.cs(10,21): warning CS1591: Missing XML comment for publicly visible type or member 'GeneratedReport.AppliedTemplate' [/Users/kady/Masterdom/src/Masterdom.Modules.Reporting/Masterdom.Modules.Reporting.csproj]
/Users/kady/Masterdom/src/Masterdom.Modules.Reporting/Application/Models/GeneratedReport.cs(11,33): warning CS1591: Missing XML comment for publicly visible type or member 'GeneratedReport.Kpis' [/Users/kady/Masterdom/src/Masterdom.Modules.Reporting/Masterdom.Modules.Reporting.csproj]
/Users/kady/Masterdom/src/Masterdom.Modules.Reporting/Application/Models/GeneratedReport.cs(12,33): warning CS1591: Missing XML comment for publicly visible type or member 'GeneratedReport.DashboardSummaries' [/Users/kady/Masterdom/src/Masterdom.Modules.Reporting/Masterdom.Modules.Reporting.csproj]
/Users/kady/Masterdom/src/Masterdom.Modules.Reporting/Application/Models/ReportColumn.cs(3,22): warning CS1591: Missing XML comment for publicly visible type or member 'ReportColumn' [/Users/kady/Masterdom/src/Masterdom.Modules.Reporting/Masterdom.Modules.Reporting.csproj]
/Users/kady/Masterdom/src/Masterdom.Modules.Reporting/Application/Models/ReportColumn.cs(3,22): warning CS1591: Missing XML comment for publicly visible type or member 'ReportColumn.ReportColumn(string, string)' [/Users/kady/Masterdom/src/Masterdom.Modules.Reporting/Masterdom.Modules.Reporting.csproj]
/Users/kady/Masterdom/src/Masterdom.Modules.Reporting/Application/Models/ReportColumn.cs(3,42): warning CS1591: Missing XML comment for publicly visible type or member 'ReportColumn.Key' [/Users/kady/Masterdom/src/Masterdom.Modules.Reporting/Masterdom.Modules.Reporting.csproj]
/Users/kady/Masterdom/src/Masterdom.Modules.Reporting/Application/Models/ReportColumn.cs(3,54): warning CS1591: Missing XML comment for publicly visible type or member 'ReportColumn.Label' [/Users/kady/Masterdom/src/Masterdom.Modules.Reporting/Masterdom.Modules.Reporting.csproj]
/Users/kady/Masterdom/src/Masterdom.Modules.Reporting/Application/Models/ReportDataSet.cs(3,21): warning CS1591: Missing XML comment for publicly visible type or member 'ReportDataSet' [/Users/kady/Masterdom/src/Masterdom.Modules.Reporting/Masterdom.Modules.Reporting.csproj]
/Users/kady/Masterdom/src/Masterdom.Modules.Reporting/Application/Models/ReportDataSet.cs(5,12): warning CS1591: Missing XML comment for publicly visible type or member 'ReportDataSet.ReportDataSet(IReadOnlyCollection<ReportColumn>, IReadOnlyCollection<ReportRow>, int, int, int, string, bool)' [/Users/kady/Masterdom/src/Masterdom.Modules.Reporting/Masterdom.Modules.Reporting.csproj]
/Users/kady/Masterdom/src/Masterdom.Modules.Reporting/Application/Models/ReportDataSet.cs(23,46): warning CS1591: Missing XML comment for publicly visible type or member 'ReportDataSet.Columns' [/Users/kady/Masterdom/src/Masterdom.Modules.Reporting/Masterdom.Modules.Reporting.csproj]
/Users/kady/Masterdom/src/Masterdom.Modules.Reporting/Application/Models/ReportDataSet.cs(25,43): warning CS1591: Missing XML comment for publicly visible type or member 'ReportDataSet.Rows' [/Users/kady/Masterdom/src/Masterdom.Modules.Reporting/Masterdom.Modules.Reporting.csproj]
/Users/kady/Masterdom/src/Masterdom.Modules.Reporting/Application/Models/ReportDataSet.cs(27,16): warning CS1591: Missing XML comment for publicly visible type or member 'ReportDataSet.TotalCount' [/Users/kady/Masterdom/src/Masterdom.Modules.Reporting/Masterdom.Modules.Reporting.csproj]
/Users/kady/Masterdom/src/Masterdom.Modules.Reporting/Application/Models/ReportDataSet.cs(29,16): warning CS1591: Missing XML comment for publicly visible type or member 'ReportDataSet.Page' [/Users/kady/Masterdom/src/Masterdom.Modules.Reporting/Masterdom.Modules.Reporting.csproj]
/Users/kady/Masterdom/src/Masterdom.Modules.Reporting/Application/Models/ReportDataSet.cs(31,16): warning CS1591: Missing XML comment for publicly visible type or member 'ReportDataSet.PageSize' [/Users/kady/Masterdom/src/Masterdom.Modules.Reporting/Masterdom.Modules.Reporting.csproj]
/Users/kady/Masterdom/src/Masterdom.Modules.Reporting/Application/Models/ReportDataSet.cs(33,19): warning CS1591: Missing XML comment for publicly visible type or member 'ReportDataSet.SortBy' [/Users/kady/Masterdom/src/Masterdom.Modules.Reporting/Masterdom.Modules.Reporting.csproj]
/Users/kady/Masterdom/src/Masterdom.Modules.Reporting/Application/Models/ReportDataSet.cs(35,17): warning CS1591: Missing XML comment for publicly visible type or member 'ReportDataSet.SortDescending' [/Users/kady/Masterdom/src/Masterdom.Modules.Reporting/Masterdom.Modules.Reporting.csproj]
/Users/kady/Masterdom/src/Masterdom.Modules.Reporting/Application/Models/ReportPermissionContext.cs(3,22): warning CS1591: Missing XML comment for publicly visible type or member 'ReportPermissionContext' [/Users/kady/Masterdom/src/Masterdom.Modules.Reporting/Masterdom.Modules.Reporting.csproj]
/Users/kady/Masterdom/src/Masterdom.Modules.Reporting/Application/Models/ReportPermissionContext.cs(3,22): warning CS1591: Missing XML comment for publicly visible type or member 'ReportPermissionContext.ReportPermissionContext(string)' [/Users/kady/Masterdom/src/Masterdom.Modules.Reporting/Masterdom.Modules.Reporting.csproj]
/Users/kady/Masterdom/src/Masterdom.Modules.Reporting/Application/Models/ReportPermissionContext.cs(3,53): warning CS1591: Missing XML comment for publicly visible type or member 'ReportPermissionContext.RequiredPermission' [/Users/kady/Masterdom/src/Masterdom.Modules.Reporting/Masterdom.Modules.Reporting.csproj]
/Users/kady/Masterdom/src/Masterdom.Modules.Reporting/Application/Models/ReportRequest.cs(5,21): warning CS1591: Missing XML comment for publicly visible type or member 'ReportRequest' [/Users/kady/Masterdom/src/Masterdom.Modules.Reporting/Masterdom.Modules.Reporting.csproj]
/Users/kady/Masterdom/src/Masterdom.Modules.Reporting/Application/Models/ReportRequest.cs(7,12): warning CS1591: Missing XML comment for publicly visible type or member 'ReportRequest.ReportRequest(string, string, bool, int, int, ReportExportFormat, string?, bool, IReadOnlyDictionary<string, string>)' [/Users/kady/Masterdom/src/Masterdom.Modules.Reporting/Masterdom.Modules.Reporting.csproj]
/Users/kady/Masterdom/src/Masterdom.Modules.Reporting/Application/Models/ReportRequest.cs(29,19): warning CS1591: Missing XML comment for publicly visible type or member 'ReportRequest.ReportCode' [/Users/kady/Masterdom/src/Masterdom.Modules.Reporting/Masterdom.Modules.Reporting.csproj]
/Users/kady/Masterdom/src/Masterdom.Modules.Reporting/Application/Models/ReportRequest.cs(31,19): warning CS1591: Missing XML comment for publicly visible type or member 'ReportRequest.SortBy' [/Users/kady/Masterdom/src/Masterdom.Modules.Reporting/Masterdom.Modules.Reporting.csproj]
/Users/kady/Masterdom/src/Masterdom.Modules.Reporting/Application/Models/ReportRequest.cs(33,17): warning CS1591: Missing XML comment for publicly visible type or member 'ReportRequest.SortDescending' [/Users/kady/Masterdom/src/Masterdom.Modules.Reporting/Masterdom.Modules.Reporting.csproj]
/Users/kady/Masterdom/src/Masterdom.Modules.Reporting/Application/Models/ReportRequest.cs(35,16): warning CS1591: Missing XML comment for publicly visible type or member 'ReportRequest.Page' [/Users/kady/Masterdom/src/Masterdom.Modules.Reporting/Masterdom.Modules.Reporting.csproj]
/Users/kady/Masterdom/src/Masterdom.Modules.Reporting/Application/Models/ReportRequest.cs(37,16): warning CS1591: Missing XML comment for publicly visible type or member 'ReportRequest.PageSize' [/Users/kady/Masterdom/src/Masterdom.Modules.Reporting/Masterdom.Modules.Reporting.csproj]
/Users/kady/Masterdom/src/Masterdom.Modules.Reporting/Application/Models/ReportRequest.cs(39,31): warning CS1591: Missing XML comment for publicly visible type or member 'ReportRequest.ExportFormat' [/Users/kady/Masterdom/src/Masterdom.Modules.Reporting/Masterdom.Modules.Reporting.csproj]
/Users/kady/Masterdom/src/Masterdom.Modules.Reporting/Application/Models/ReportRequest.cs(41,20): warning CS1591: Missing XML comment for publicly visible type or member 'ReportRequest.TemplateName' [/Users/kady/Masterdom/src/Masterdom.Modules.Reporting/Masterdom.Modules.Reporting.csproj]
/Users/kady/Masterdom/src/Masterdom.Modules.Reporting/Application/Models/ReportRequest.cs(43,17): warning CS1591: Missing XML comment for publicly visible type or member 'ReportRequest.CreateSnapshot' [/Users/kady/Masterdom/src/Masterdom.Modules.Reporting/Masterdom.Modules.Reporting.csproj]
/Users/kady/Masterdom/src/Masterdom.Modules.Reporting/Application/Models/ReportRequest.cs(45,48): warning CS1591: Missing XML comment for publicly visible type or member 'ReportRequest.Filters' [/Users/kady/Masterdom/src/Masterdom.Modules.Reporting/Masterdom.Modules.Reporting.csproj]
/Users/kady/Masterdom/src/Masterdom.Modules.Reporting/Application/Models/ReportRow.cs(3,22): warning CS1591: Missing XML comment for publicly visible type or member 'ReportRow' [/Users/kady/Masterdom/src/Masterdom.Modules.Reporting/Masterdom.Modules.Reporting.csproj]
/Users/kady/Masterdom/src/Masterdom.Modules.Reporting/Application/Models/ReportRow.cs(3,22): warning CS1591: Missing XML comment for publicly visible type or member 'ReportRow.ReportRow(IReadOnlyDictionary<string, string>)' [/Users/kady/Masterdom/src/Masterdom.Modules.Reporting/Masterdom.Modules.Reporting.csproj]
/Users/kady/Masterdom/src/Masterdom.Modules.Reporting/Application/Models/ReportRow.cs(3,68): warning CS1591: Missing XML comment for publicly visible type or member 'ReportRow.Values' [/Users/kady/Masterdom/src/Masterdom.Modules.Reporting/Masterdom.Modules.Reporting.csproj]
/Users/kady/Masterdom/src/Masterdom.Modules.Reporting/Application/Models/ReportSnapshot.cs(3,22): warning CS1591: Missing XML comment for publicly visible type or member 'ReportSnapshot' [/Users/kady/Masterdom/src/Masterdom.Modules.Reporting/Masterdom.Modules.Reporting.csproj]
/Users/kady/Masterdom/src/Masterdom.Modules.Reporting/Application/Models/ReportSnapshot.cs(3,22): warning CS1591: Missing XML comment for publicly visible type or member 'ReportSnapshot.ReportSnapshot(string, string, DateTime, ReportDataSet)' [/Users/kady/Masterdom/src/Masterdom.Modules.Reporting/Masterdom.Modules.Reporting.csproj]
/Users/kady/Masterdom/src/Masterdom.Modules.Reporting/Application/Models/ReportSnapshot.cs(4,12): warning CS1591: Missing XML comment for publicly visible type or member 'ReportSnapshot.SnapshotId' [/Users/kady/Masterdom/src/Masterdom.Modules.Reporting/Masterdom.Modules.Reporting.csproj]
/Users/kady/Masterdom/src/Masterdom.Modules.Reporting/Application/Models/ReportSnapshot.cs(5,12): warning CS1591: Missing XML comment for publicly visible type or member 'ReportSnapshot.ReportCode' [/Users/kady/Masterdom/src/Masterdom.Modules.Reporting/Masterdom.Modules.Reporting.csproj]
/Users/kady/Masterdom/src/Masterdom.Modules.Reporting/Application/Models/ReportSnapshot.cs(6,14): warning CS1591: Missing XML comment for publicly visible type or member 'ReportSnapshot.CreatedAtUtc' [/Users/kady/Masterdom/src/Masterdom.Modules.Reporting/Masterdom.Modules.Reporting.csproj]
/Users/kady/Masterdom/src/Masterdom.Modules.Reporting/Application/Models/ReportSnapshot.cs(7,19): warning CS1591: Missing XML comment for publicly visible type or member 'ReportSnapshot.DataSet' [/Users/kady/Masterdom/src/Masterdom.Modules.Reporting/Masterdom.Modules.Reporting.csproj]
/Users/kady/Masterdom/src/Masterdom.Modules.Reporting/Application/Models/ReportTemplate.cs(3,22): warning CS1591: Missing XML comment for publicly visible type or member 'ReportTemplate' [/Users/kady/Masterdom/src/Masterdom.Modules.Reporting/Masterdom.Modules.Reporting.csproj]
/Users/kady/Masterdom/src/Masterdom.Modules.Reporting/Application/Models/ReportTemplate.cs(3,22): warning CS1591: Missing XML comment for publicly visible type or member 'ReportTemplate.ReportTemplate(string, string, string, bool, int, IReadOnlyDictionary<string, string>)' [/Users/kady/Masterdom/src/Masterdom.Modules.Reporting/Masterdom.Modules.Reporting.csproj]
/Users/kady/Masterdom/src/Masterdom.Modules.Reporting/Application/Models/ReportTemplate.cs(4,12): warning CS1591: Missing XML comment for publicly visible type or member 'ReportTemplate.Name' [/Users/kady/Masterdom/src/Masterdom.Modules.Reporting/Masterdom.Modules.Reporting.csproj]
/Users/kady/Masterdom/src/Masterdom.Modules.Reporting/Application/Models/ReportTemplate.cs(5,12): warning CS1591: Missing XML comment for publicly visible type or member 'ReportTemplate.ReportCode' [/Users/kady/Masterdom/src/Masterdom.Modules.Reporting/Masterdom.Modules.Reporting.csproj]
/Users/kady/Masterdom/src/Masterdom.Modules.Reporting/Application/Models/ReportTemplate.cs(6,12): warning CS1591: Missing XML comment for publicly visible type or member 'ReportTemplate.SortBy' [/Users/kady/Masterdom/src/Masterdom.Modules.Reporting/Masterdom.Modules.Reporting.csproj]
/Users/kady/Masterdom/src/Masterdom.Modules.Reporting/Application/Models/ReportTemplate.cs(7,10): warning CS1591: Missing XML comment for publicly visible type or member 'ReportTemplate.SortDescending' [/Users/kady/Masterdom/src/Masterdom.Modules.Reporting/Masterdom.Modules.Reporting.csproj]
/Users/kady/Masterdom/src/Masterdom.Modules.Reporting/Application/Models/ReportTemplate.cs(8,9): warning CS1591: Missing XML comment for publicly visible type or member 'ReportTemplate.PageSize' [/Users/kady/Masterdom/src/Masterdom.Modules.Reporting/Masterdom.Modules.Reporting.csproj]
/Users/kady/Masterdom/src/Masterdom.Modules.Reporting/Application/Models/ReportTemplate.cs(9,41): warning CS1591: Missing XML comment for publicly visible type or member 'ReportTemplate.Filters' [/Users/kady/Masterdom/src/Masterdom.Modules.Reporting/Masterdom.Modules.Reporting.csproj]
/Users/kady/Masterdom/src/Masterdom.Modules.Reporting/Application/Queries/GenerateReportQuery.cs(5,22): warning CS1591: Missing XML comment for publicly visible type or member 'GenerateReportQuery' [/Users/kady/Masterdom/src/Masterdom.Modules.Reporting/Masterdom.Modules.Reporting.csproj]
/Users/kady/Masterdom/src/Masterdom.Modules.Reporting/Application/Queries/GenerateReportQuery.cs(5,22): warning CS1591: Missing XML comment for publicly visible type or member 'GenerateReportQuery.GenerateReportQuery(string, string, bool, int, int, ReportExportFormat, string?, bool, IReadOnlyDictionary<string, string>)' [/Users/kady/Masterdom/src/Masterdom.Modules.Reporting/Masterdom.Modules.Reporting.csproj]
/Users/kady/Masterdom/src/Masterdom.Modules.Reporting/Application/Queries/GenerateReportQuery.cs(6,12): warning CS1591: Missing XML comment for publicly visible type or member 'GenerateReportQuery.ReportCode' [/Users/kady/Masterdom/src/Masterdom.Modules.Reporting/Masterdom.Modules.Reporting.csproj]
/Users/kady/Masterdom/src/Masterdom.Modules.Reporting/Application/Queries/GenerateReportQuery.cs(7,12): warning CS1591: Missing XML comment for publicly visible type or member 'GenerateReportQuery.SortBy' [/Users/kady/Masterdom/src/Masterdom.Modules.Reporting/Masterdom.Modules.Reporting.csproj]
/Users/kady/Masterdom/src/Masterdom.Modules.Reporting/Application/Queries/GenerateReportQuery.cs(8,10): warning CS1591: Missing XML comment for publicly visible type or member 'GenerateReportQuery.SortDescending' [/Users/kady/Masterdom/src/Masterdom.Modules.Reporting/Masterdom.Modules.Reporting.csproj]
/Users/kady/Masterdom/src/Masterdom.Modules.Reporting/Application/Queries/GenerateReportQuery.cs(9,9): warning CS1591: Missing XML comment for publicly visible type or member 'GenerateReportQuery.Page' [/Users/kady/Masterdom/src/Masterdom.Modules.Reporting/Masterdom.Modules.Reporting.csproj]
/Users/kady/Masterdom/src/Masterdom.Modules.Reporting/Application/Queries/GenerateReportQuery.cs(10,9): warning CS1591: Missing XML comment for publicly visible type or member 'GenerateReportQuery.PageSize' [/Users/kady/Masterdom/src/Masterdom.Modules.Reporting/Masterdom.Modules.Reporting.csproj]
/Users/kady/Masterdom/src/Masterdom.Modules.Reporting/Application/Queries/GenerateReportQuery.cs(11,24): warning CS1591: Missing XML comment for publicly visible type or member 'GenerateReportQuery.ExportFormat' [/Users/kady/Masterdom/src/Masterdom.Modules.Reporting/Masterdom.Modules.Reporting.csproj]
/Users/kady/Masterdom/src/Masterdom.Modules.Reporting/Application/Queries/GenerateReportQuery.cs(12,13): warning CS1591: Missing XML comment for publicly visible type or member 'GenerateReportQuery.TemplateName' [/Users/kady/Masterdom/src/Masterdom.Modules.Reporting/Masterdom.Modules.Reporting.csproj]
/Users/kady/Masterdom/src/Masterdom.Modules.Reporting/Application/Queries/GenerateReportQuery.cs(13,10): warning CS1591: Missing XML comment for publicly visible type or member 'GenerateReportQuery.CreateSnapshot' [/Users/kady/Masterdom/src/Masterdom.Modules.Reporting/Masterdom.Modules.Reporting.csproj]
/Users/kady/Masterdom/src/Masterdom.Modules.Reporting/Application/Queries/GenerateReportQuery.cs(14,41): warning CS1591: Missing XML comment for publicly visible type or member 'GenerateReportQuery.Filters' [/Users/kady/Masterdom/src/Masterdom.Modules.Reporting/Masterdom.Modules.Reporting.csproj]
/Users/kady/Masterdom/src/Masterdom.Modules.Reporting/Application/Services/InMemoryReportSnapshotStore.cs(5,21): warning CS1591: Missing XML comment for publicly visible type or member 'InMemoryReportSnapshotStore' [/Users/kady/Masterdom/src/Masterdom.Modules.Reporting/Masterdom.Modules.Reporting.csproj]
/Users/kady/Masterdom/src/Masterdom.Modules.Reporting/Application/Services/InMemoryReportSnapshotStore.cs(9,27): warning CS1591: Missing XML comment for publicly visible type or member 'InMemoryReportSnapshotStore.Save(string, ReportDataSet, DateTime)' [/Users/kady/Masterdom/src/Masterdom.Modules.Reporting/Masterdom.Modules.Reporting.csproj]
/Users/kady/Masterdom/src/Masterdom.Modules.Reporting/Application/Services/InMemoryReportTemplateStore.cs(5,21): warning CS1591: Missing XML comment for publicly visible type or member 'InMemoryReportTemplateStore' [/Users/kady/Masterdom/src/Masterdom.Modules.Reporting/Masterdom.Modules.Reporting.csproj]
/Users/kady/Masterdom/src/Masterdom.Modules.Reporting/Application/Services/InMemoryReportTemplateStore.cs(9,17): warning CS1591: Missing XML comment for publicly visible type or member 'InMemoryReportTemplateStore.Save(ReportTemplate)' [/Users/kady/Masterdom/src/Masterdom.Modules.Reporting/Masterdom.Modules.Reporting.csproj]
/Users/kady/Masterdom/src/Masterdom.Modules.Reporting/Application/Services/InMemoryReportTemplateStore.cs(15,28): warning CS1591: Missing XML comment for publicly visible type or member 'InMemoryReportTemplateStore.Get(string, string)' [/Users/kady/Masterdom/src/Masterdom.Modules.Reporting/Masterdom.Modules.Reporting.csproj]
/Users/kady/Masterdom/src/Masterdom.Modules.Reporting/Application/Services/IReportApplicationService.cs(6,18): warning CS1591: Missing XML comment for publicly visible type or member 'IReportApplicationService' [/Users/kady/Masterdom/src/Masterdom.Modules.Reporting/Masterdom.Modules.Reporting.csproj]
/Users/kady/Masterdom/src/Masterdom.Modules.Reporting/Application/Services/IReportApplicationService.cs(8,21): warning CS1591: Missing XML comment for publicly visible type or member 'IReportApplicationService.Generate(GenerateReportQuery)' [/Users/kady/Masterdom/src/Masterdom.Modules.Reporting/Masterdom.Modules.Reporting.csproj]
/Users/kady/Masterdom/src/Masterdom.Modules.Reporting/Application/Services/IReportExportService.cs(6,18): warning CS1591: Missing XML comment for publicly visible type or member 'IReportExportService' [/Users/kady/Masterdom/src/Masterdom.Modules.Reporting/Masterdom.Modules.Reporting.csproj]
/Users/kady/Masterdom/src/Masterdom.Modules.Reporting/Application/Services/IReportExportService.cs(8,56): warning CS1591: Missing XML comment for publicly visible type or member 'IReportExportService.Export(string, ReportExportFormat, ReportDataSet)' [/Users/kady/Masterdom/src/Masterdom.Modules.Reporting/Masterdom.Modules.Reporting.csproj]
/Users/kady/Masterdom/src/Masterdom.Modules.Reporting/Application/Services/IReportPermissionService.cs(3,18): warning CS1591: Missing XML comment for publicly visible type or member 'IReportPermissionService' [/Users/kady/Masterdom/src/Masterdom.Modules.Reporting/Masterdom.Modules.Reporting.csproj]
/Users/kady/Masterdom/src/Masterdom.Modules.Reporting/Application/Services/IReportPermissionService.cs(5,10): warning CS1591: Missing XML comment for publicly visible type or member 'IReportPermissionService.HasPermission(string)' [/Users/kady/Masterdom/src/Masterdom.Modules.Reporting/Masterdom.Modules.Reporting.csproj]
/Users/kady/Masterdom/src/Masterdom.Modules.Reporting/Application/Services/IReportSnapshotStore.cs(5,18): warning CS1591: Missing XML comment for publicly visible type or member 'IReportSnapshotStore' [/Users/kady/Masterdom/src/Masterdom.Modules.Reporting/Masterdom.Modules.Reporting.csproj]
/Users/kady/Masterdom/src/Masterdom.Modules.Reporting/Application/Services/IReportSnapshotStore.cs(7,20): warning CS1591: Missing XML comment for publicly visible type or member 'IReportSnapshotStore.Save(string, ReportDataSet, DateTime)' [/Users/kady/Masterdom/src/Masterdom.Modules.Reporting/Masterdom.Modules.Reporting.csproj]
/Users/kady/Masterdom/src/Masterdom.Modules.Reporting/Application/Services/IReportTemplateStore.cs(5,18): warning CS1591: Missing XML comment for publicly visible type or member 'IReportTemplateStore' [/Users/kady/Masterdom/src/Masterdom.Modules.Reporting/Masterdom.Modules.Reporting.csproj]
/Users/kady/Masterdom/src/Masterdom.Modules.Reporting/Application/Services/IReportTemplateStore.cs(7,10): warning CS1591: Missing XML comment for publicly visible type or member 'IReportTemplateStore.Save(ReportTemplate)' [/Users/kady/Masterdom/src/Masterdom.Modules.Reporting/Masterdom.Modules.Reporting.csproj]
/Users/kady/Masterdom/src/Masterdom.Modules.Reporting/Application/Services/IReportTemplateStore.cs(9,21): warning CS1591: Missing XML comment for publicly visible type or member 'IReportTemplateStore.Get(string, string)' [/Users/kady/Masterdom/src/Masterdom.Modules.Reporting/Masterdom.Modules.Reporting.csproj]
/Users/kady/Masterdom/src/Masterdom.Modules.Reporting/Application/Services/ReportApplicationService.cs(8,21): warning CS1591: Missing XML comment for publicly visible type or member 'ReportApplicationService' [/Users/kady/Masterdom/src/Masterdom.Modules.Reporting/Masterdom.Modules.Reporting.csproj]
/Users/kady/Masterdom/src/Masterdom.Modules.Reporting/Application/Services/ReportApplicationService.cs(19,12): warning CS1591: Missing XML comment for publicly visible type or member 'ReportApplicationService.ReportApplicationService(IReportReadModelRegistry, IReadModelRegistry, IReadModelProjectionOrchestrator, IReportTemplateStore, IReportSnapshotStore, IReportPermissionService, IReportExportService, IReportPlatformOrchestrator)' [/Users/kady/Masterdom/src/Masterdom.Modules.Reporting/Masterdom.Modules.Reporting.csproj]
/Users/kady/Masterdom/src/Masterdom.Modules.Reporting/Application/Services/ReportApplicationService.cs(39,28): warning CS1591: Missing XML comment for publicly visible type or member 'ReportApplicationService.Generate(GenerateReportQuery)' [/Users/kady/Masterdom/src/Masterdom.Modules.Reporting/Masterdom.Modules.Reporting.csproj]
/Users/kady/Masterdom/src/Masterdom.Modules.Reporting/Application/Services/ReportExportService.cs(7,21): warning CS1591: Missing XML comment for publicly visible type or member 'ReportExportService' [/Users/kady/Masterdom/src/Masterdom.Modules.Reporting/Masterdom.Modules.Reporting.csproj]
/Users/kady/Masterdom/src/Masterdom.Modules.Reporting/Application/Services/ReportExportService.cs(9,63): warning CS1591: Missing XML comment for publicly visible type or member 'ReportExportService.Export(string, ReportExportFormat, ReportDataSet)' [/Users/kady/Masterdom/src/Masterdom.Modules.Reporting/Masterdom.Modules.Reporting.csproj]
/Users/kady/Masterdom/src/Masterdom.Modules.Reporting/Application/Services/ReportPermissionService.cs(5,21): warning CS1591: Missing XML comment for publicly visible type or member 'ReportPermissionService' [/Users/kady/Masterdom/src/Masterdom.Modules.Reporting/Masterdom.Modules.Reporting.csproj]
/Users/kady/Masterdom/src/Masterdom.Modules.Reporting/Application/Services/ReportPermissionService.cs(9,12): warning CS1591: Missing XML comment for publicly visible type or member 'ReportPermissionService.ReportPermissionService(ICurrentUserAccessor)' [/Users/kady/Masterdom/src/Masterdom.Modules.Reporting/Masterdom.Modules.Reporting.csproj]
/Users/kady/Masterdom/src/Masterdom.Modules.Reporting/Application/Services/ReportPermissionService.cs(14,17): warning CS1591: Missing XML comment for publicly visible type or member 'ReportPermissionService.HasPermission(string)' [/Users/kady/Masterdom/src/Masterdom.Modules.Reporting/Masterdom.Modules.Reporting.csproj]
/Users/kady/Masterdom/src/Masterdom.Modules.Reporting/Application/Services/ReportReadModelRegistry.cs(5,21): warning CS1591: Missing XML comment for publicly visible type or member 'ReportReadModelRegistry' [/Users/kady/Masterdom/src/Masterdom.Modules.Reporting/Masterdom.Modules.Reporting.csproj]
/Users/kady/Masterdom/src/Masterdom.Modules.Reporting/Application/Services/ReportReadModelRegistry.cs(43,61): warning CS1591: Missing XML comment for publicly visible type or member 'ReportReadModelRegistry.GetRegistrations()' [/Users/kady/Masterdom/src/Masterdom.Modules.Reporting/Masterdom.Modules.Reporting.csproj]
/Users/kady/Masterdom/src/Masterdom.Modules.Reporting/Application/Services/ReportReadModelRegistry.cs(45,40): warning CS1591: Missing XML comment for publicly visible type or member 'ReportReadModelRegistry.Resolve(string)' [/Users/kady/Masterdom/src/Masterdom.Modules.Reporting/Masterdom.Modules.Reporting.csproj]
/Users/kady/Masterdom/src/Masterdom.Modules.Reporting/Application/Support/ExecutionResult.cs(3,14): warning CS1591: Missing XML comment for publicly visible type or member 'ExecutionResult' [/Users/kady/Masterdom/src/Masterdom.Modules.Reporting/Masterdom.Modules.Reporting.csproj]
/Users/kady/Masterdom/src/Masterdom.Modules.Reporting/Application/Support/ExecutionResult.cs(5,15): warning CS1591: Missing XML comment for publicly visible type or member 'ExecutionResult.ExecutionResult(bool, string?, string?)' [/Users/kady/Masterdom/src/Masterdom.Modules.Reporting/Masterdom.Modules.Reporting.csproj]
/Users/kady/Masterdom/src/Masterdom.Modules.Reporting/Application/Support/ExecutionResult.cs(12,17): warning CS1591: Missing XML comment for publicly visible type or member 'ExecutionResult.IsSuccess' [/Users/kady/Masterdom/src/Masterdom.Modules.Reporting/Masterdom.Modules.Reporting.csproj]
/Users/kady/Masterdom/src/Masterdom.Modules.Reporting/Application/Support/ExecutionResult.cs(14,20): warning CS1591: Missing XML comment for publicly visible type or member 'ExecutionResult.ErrorCode' [/Users/kady/Masterdom/src/Masterdom.Modules.Reporting/Masterdom.Modules.Reporting.csproj]
/Users/kady/Masterdom/src/Masterdom.Modules.Reporting/Application/Support/ExecutionResult.cs(16,20): warning CS1591: Missing XML comment for publicly visible type or member 'ExecutionResult.ErrorMessage' [/Users/kady/Masterdom/src/Masterdom.Modules.Reporting/Masterdom.Modules.Reporting.csproj]
/Users/kady/Masterdom/src/Masterdom.Modules.Reporting/Application/Support/ExecutionResult.cs(18,35): warning CS1591: Missing XML comment for publicly visible type or member 'ExecutionResult.Success()' [/Users/kady/Masterdom/src/Masterdom.Modules.Reporting/Masterdom.Modules.Reporting.csproj]
/Users/kady/Masterdom/src/Masterdom.Modules.Reporting/Application/Support/ExecutionResult.cs(23,35): warning CS1591: Missing XML comment for publicly visible type or member 'ExecutionResult.Failure(string, string)' [/Users/kady/Masterdom/src/Masterdom.Modules.Reporting/Masterdom.Modules.Reporting.csproj]
/Users/kady/Masterdom/src/Masterdom.Modules.Reporting/Application/Support/ExecutionResult.cs(29,21): warning CS1591: Missing XML comment for publicly visible type or member 'ExecutionResult<T>' [/Users/kady/Masterdom/src/Masterdom.Modules.Reporting/Masterdom.Modules.Reporting.csproj]
/Users/kady/Masterdom/src/Masterdom.Modules.Reporting/Application/Support/ExecutionResult.cs(37,15): warning CS1591: Missing XML comment for publicly visible type or member 'ExecutionResult<T>.Value' [/Users/kady/Masterdom/src/Masterdom.Modules.Reporting/Masterdom.Modules.Reporting.csproj]
/Users/kady/Masterdom/src/Masterdom.Modules.Reporting/Application/Support/ExecutionResult.cs(39,38): warning CS1591: Missing XML comment for publicly visible type or member 'ExecutionResult<T>.Success(T)' [/Users/kady/Masterdom/src/Masterdom.Modules.Reporting/Masterdom.Modules.Reporting.csproj]
/Users/kady/Masterdom/src/Masterdom.Modules.Reporting/Application/Support/ExecutionResult.cs(44,42): warning CS1591: Missing XML comment for publicly visible type or member 'ExecutionResult<T>.Failure(string, string)' [/Users/kady/Masterdom/src/Masterdom.Modules.Reporting/Masterdom.Modules.Reporting.csproj]
/Users/kady/Masterdom/src/Masterdom.Modules.Reporting/Application/Support/IQueryHandler.cs(3,18): warning CS1591: Missing XML comment for publicly visible type or member 'IQueryHandler<TQuery, TResult>' [/Users/kady/Masterdom/src/Masterdom.Modules.Reporting/Masterdom.Modules.Reporting.csproj]
/Users/kady/Masterdom/src/Masterdom.Modules.Reporting/Application/Support/IQueryHandler.cs(5,13): warning CS1591: Missing XML comment for publicly visible type or member 'IQueryHandler<TQuery, TResult>.Handle(TQuery)' [/Users/kady/Masterdom/src/Masterdom.Modules.Reporting/Masterdom.Modules.Reporting.csproj]
/Users/kady/Masterdom/src/Masterdom.Modules.Reporting/Application/Support/IReportPlatformOrchestrator.cs(3,18): warning CS1591: Missing XML comment for publicly visible type or member 'IReportPlatformOrchestrator' [/Users/kady/Masterdom/src/Masterdom.Modules.Reporting/Masterdom.Modules.Reporting.csproj]
/Users/kady/Masterdom/src/Masterdom.Modules.Reporting/Application/Support/IReportPlatformOrchestrator.cs(5,10): warning CS1591: Missing XML comment for publicly visible type or member 'IReportPlatformOrchestrator.OnReportGenerated(string, DateTime)' [/Users/kady/Masterdom/src/Masterdom.Modules.Reporting/Masterdom.Modules.Reporting.csproj]
/Users/kady/Masterdom/src/Masterdom.Modules.Notifications/Application/Models/NotificationRequest.cs(5,12): warning CS8618: Non-nullable property 'EventCode' must contain a non-null value when exiting constructor. Consider adding the 'required' modifier or declaring the property as nullable. [/Users/kady/Masterdom/src/Masterdom.Modules.Notifications/Masterdom.Modules.Notifications.csproj]
/Users/kady/Masterdom/src/Masterdom.Modules.Notifications/Application/Models/NotificationRequest.cs(5,12): warning CS8618: Non-nullable property 'Parameters' must contain a non-null value when exiting constructor. Consider adding the 'required' modifier or declaring the property as nullable. [/Users/kady/Masterdom/src/Masterdom.Modules.Notifications/Masterdom.Modules.Notifications.csproj]
/Users/kady/Masterdom/src/Masterdom.Modules.Notifications/Application/Models/NotificationRequest.cs(12,9): warning CS1717: Assignment made to same variable; did you mean to assign something else? [/Users/kady/Masterdom/src/Masterdom.Modules.Notifications/Masterdom.Modules.Notifications.csproj]
/Users/kady/Masterdom/src/Masterdom.Modules.Notifications/Application/Models/NotificationRequest.cs(13,9): warning CS1717: Assignment made to same variable; did you mean to assign something else? [/Users/kady/Masterdom/src/Masterdom.Modules.Notifications/Masterdom.Modules.Notifications.csproj]
/Users/kady/Masterdom/src/Masterdom.Modules.Notifications/Application/Models/NotificationRequest.cs(14,9): warning CS1717: Assignment made to same variable; did you mean to assign something else? [/Users/kady/Masterdom/src/Masterdom.Modules.Notifications/Masterdom.Modules.Notifications.csproj]
/Users/kady/Masterdom/src/Masterdom.Modules.Notifications/Application/Commands/GenerateNotificationCommand.cs(3,22): warning CS1591: Missing XML comment for publicly visible type or member 'GenerateNotificationCommand' [/Users/kady/Masterdom/src/Masterdom.Modules.Notifications/Masterdom.Modules.Notifications.csproj]
/Users/kady/Masterdom/src/Masterdom.Modules.Notifications/Application/Commands/GenerateNotificationCommand.cs(3,22): warning CS1591: Missing XML comment for publicly visible type or member 'GenerateNotificationCommand.GenerateNotificationCommand(string, Guid, DateTime, IReadOnlyDictionary<string, string>, DateTime?)' [/Users/kady/Masterdom/src/Masterdom.Modules.Notifications/Masterdom.Modules.Notifications.csproj]
/Users/kady/Masterdom/src/Masterdom.Modules.Notifications/Application/Commands/GenerateNotificationCommand.cs(4,12): warning CS1591: Missing XML comment for publicly visible type or member 'GenerateNotificationCommand.EventCode' [/Users/kady/Masterdom/src/Masterdom.Modules.Notifications/Masterdom.Modules.Notifications.csproj]
/Users/kady/Masterdom/src/Masterdom.Modules.Notifications/Application/Commands/GenerateNotificationCommand.cs(5,10): warning CS1591: Missing XML comment for publicly visible type or member 'GenerateNotificationCommand.RecipientId' [/Users/kady/Masterdom/src/Masterdom.Modules.Notifications/Masterdom.Modules.Notifications.csproj]
/Users/kady/Masterdom/src/Masterdom.Modules.Notifications/Application/Commands/GenerateNotificationCommand.cs(6,14): warning CS1591: Missing XML comment for publicly visible type or member 'GenerateNotificationCommand.RequestedAtUtc' [/Users/kady/Masterdom/src/Masterdom.Modules.Notifications/Masterdom.Modules.Notifications.csproj]
/Users/kady/Masterdom/src/Masterdom.Modules.Notifications/Application/Commands/GenerateNotificationCommand.cs(7,41): warning CS1591: Missing XML comment for publicly visible type or member 'GenerateNotificationCommand.Parameters' [/Users/kady/Masterdom/src/Masterdom.Modules.Notifications/Masterdom.Modules.Notifications.csproj]
/Users/kady/Masterdom/src/Masterdom.Modules.Notifications/Application/Commands/GenerateNotificationCommand.cs(8,15): warning CS1591: Missing XML comment for publicly visible type or member 'GenerateNotificationCommand.RequestedDeliveryAtUtc' [/Users/kady/Masterdom/src/Masterdom.Modules.Notifications/Masterdom.Modules.Notifications.csproj]
/Users/kady/Masterdom/src/Masterdom.Modules.Notifications/Application/Handlers/Commands/GenerateNotificationCommandHandler.cs(8,21): warning CS1591: Missing XML comment for publicly visible type or member 'GenerateNotificationCommandHandler' [/Users/kady/Masterdom/src/Masterdom.Modules.Notifications/Masterdom.Modules.Notifications.csproj]
/Users/kady/Masterdom/src/Masterdom.Modules.Notifications/Application/Handlers/Commands/GenerateNotificationCommandHandler.cs(13,12): warning CS1591: Missing XML comment for publicly visible type or member 'GenerateNotificationCommandHandler.GenerateNotificationCommandHandler(INotificationApplicationService)' [/Users/kady/Masterdom/src/Masterdom.Modules.Notifications/Masterdom.Modules.Notifications.csproj]
/Users/kady/Masterdom/src/Masterdom.Modules.Notifications/Application/Handlers/Commands/GenerateNotificationCommandHandler.cs(18,51): warning CS1591: Missing XML comment for publicly visible type or member 'GenerateNotificationCommandHandler.Handle(GenerateNotificationCommand)' [/Users/kady/Masterdom/src/Masterdom.Modules.Notifications/Masterdom.Modules.Notifications.csproj]
/Users/kady/Masterdom/src/Masterdom.Modules.Notifications/Application/Handlers/Queries/GetNotificationHistoryQueryHandler.cs(8,21): warning CS1591: Missing XML comment for publicly visible type or member 'GetNotificationHistoryQueryHandler' [/Users/kady/Masterdom/src/Masterdom.Modules.Notifications/Masterdom.Modules.Notifications.csproj]
/Users/kady/Masterdom/src/Masterdom.Modules.Notifications/Application/Handlers/Queries/GetNotificationHistoryQueryHandler.cs(13,12): warning CS1591: Missing XML comment for publicly visible type or member 'GetNotificationHistoryQueryHandler.GetNotificationHistoryQueryHandler(INotificationApplicationService)' [/Users/kady/Masterdom/src/Masterdom.Modules.Notifications/Masterdom.Modules.Notifications.csproj]
/Users/kady/Masterdom/src/Masterdom.Modules.Notifications/Application/Handlers/Queries/GetNotificationHistoryQueryHandler.cs(18,75): warning CS1591: Missing XML comment for publicly visible type or member 'GetNotificationHistoryQueryHandler.Handle(GetNotificationHistoryQuery)' [/Users/kady/Masterdom/src/Masterdom.Modules.Notifications/Masterdom.Modules.Notifications.csproj]
/Users/kady/Masterdom/src/Masterdom.Modules.Notifications/Application/Models/DeliveryChannel.cs(3,13): warning CS1591: Missing XML comment for publicly visible type or member 'DeliveryChannel' [/Users/kady/Masterdom/src/Masterdom.Modules.Notifications/Masterdom.Modules.Notifications.csproj]
/Users/kady/Masterdom/src/Masterdom.Modules.Notifications/Application/Models/DeliveryChannel.cs(5,5): warning CS1591: Missing XML comment for publicly visible type or member 'DeliveryChannel.Email' [/Users/kady/Masterdom/src/Masterdom.Modules.Notifications/Masterdom.Modules.Notifications.csproj]
/Users/kady/Masterdom/src/Masterdom.Modules.Notifications/Application/Models/DeliveryChannel.cs(6,5): warning CS1591: Missing XML comment for publicly visible type or member 'DeliveryChannel.Sms' [/Users/kady/Masterdom/src/Masterdom.Modules.Notifications/Masterdom.Modules.Notifications.csproj]
/Users/kady/Masterdom/src/Masterdom.Modules.Notifications/Application/Models/DeliveryChannel.cs(7,5): warning CS1591: Missing XML comment for publicly visible type or member 'DeliveryChannel.Push' [/Users/kady/Masterdom/src/Masterdom.Modules.Notifications/Masterdom.Modules.Notifications.csproj]
/Users/kady/Masterdom/src/Masterdom.Modules.Notifications/Application/Models/DeliveryChannel.cs(8,5): warning CS1591: Missing XML comment for publicly visible type or member 'DeliveryChannel.WhatsApp' [/Users/kady/Masterdom/src/Masterdom.Modules.Notifications/Masterdom.Modules.Notifications.csproj]
/Users/kady/Masterdom/src/Masterdom.Modules.Notifications/Application/Models/EventCodeCatalog.cs(3,21): warning CS1591: Missing XML comment for publicly visible type or member 'EventCodeCatalog' [/Users/kady/Masterdom/src/Masterdom.Modules.Notifications/Masterdom.Modules.Notifications.csproj]
/Users/kady/Masterdom/src/Masterdom.Modules.Notifications/Application/Models/EventCodeCatalog.cs(5,25): warning CS1591: Missing XML comment for publicly visible type or member 'EventCodeCatalog.BillGenerated' [/Users/kady/Masterdom/src/Masterdom.Modules.Notifications/Masterdom.Modules.Notifications.csproj]
/Users/kady/Masterdom/src/Masterdom.Modules.Notifications/Application/Models/EventCodeCatalog.cs(6,25): warning CS1591: Missing XML comment for publicly visible type or member 'EventCodeCatalog.BillFinalized' [/Users/kady/Masterdom/src/Masterdom.Modules.Notifications/Masterdom.Modules.Notifications.csproj]
/Users/kady/Masterdom/src/Masterdom.Modules.Notifications/Application/Models/EventCodeCatalog.cs(7,25): warning CS1591: Missing XML comment for publicly visible type or member 'EventCodeCatalog.PaymentReceived' [/Users/kady/Masterdom/src/Masterdom.Modules.Notifications/Masterdom.Modules.Notifications.csproj]
/Users/kady/Masterdom/src/Masterdom.Modules.Notifications/Application/Models/EventCodeCatalog.cs(8,25): warning CS1591: Missing XML comment for publicly visible type or member 'EventCodeCatalog.PaymentReversed' [/Users/kady/Masterdom/src/Masterdom.Modules.Notifications/Masterdom.Modules.Notifications.csproj]
/Users/kady/Masterdom/src/Masterdom.Modules.Notifications/Application/Models/EventCodeCatalog.cs(9,25): warning CS1591: Missing XML comment for publicly visible type or member 'EventCodeCatalog.MeterReadingReminder' [/Users/kady/Masterdom/src/Masterdom.Modules.Notifications/Masterdom.Modules.Notifications.csproj]
/Users/kady/Masterdom/src/Masterdom.Modules.Notifications/Application/Models/EventCodeCatalog.cs(10,25): warning CS1591: Missing XML comment for publicly visible type or member 'EventCodeCatalog.MissingMeterReadingReminder' [/Users/kady/Masterdom/src/Masterdom.Modules.Notifications/Masterdom.Modules.Notifications.csproj]
/Users/kady/Masterdom/src/Masterdom.Modules.Notifications/Application/Models/EventCodeCatalog.cs(11,25): warning CS1591: Missing XML comment for publicly visible type or member 'EventCodeCatalog.UpcomingMoveIn' [/Users/kady/Masterdom/src/Masterdom.Modules.Notifications/Masterdom.Modules.Notifications.csproj]
/Users/kady/Masterdom/src/Masterdom.Modules.Notifications/Application/Models/EventCodeCatalog.cs(12,25): warning CS1591: Missing XML comment for publicly visible type or member 'EventCodeCatalog.UpcomingMoveOut' [/Users/kady/Masterdom/src/Masterdom.Modules.Notifications/Masterdom.Modules.Notifications.csproj]
/Users/kady/Masterdom/src/Masterdom.Modules.Notifications/Application/Models/EventCodeCatalog.cs(13,25): warning CS1591: Missing XML comment for publicly visible type or member 'EventCodeCatalog.TenancyCreated' [/Users/kady/Masterdom/src/Masterdom.Modules.Notifications/Masterdom.Modules.Notifications.csproj]
/Users/kady/Masterdom/src/Masterdom.Modules.Notifications/Application/Models/EventCodeCatalog.cs(14,25): warning CS1591: Missing XML comment for publicly visible type or member 'EventCodeCatalog.TenancyClosed' [/Users/kady/Masterdom/src/Masterdom.Modules.Notifications/Masterdom.Modules.Notifications.csproj]
/Users/kady/Masterdom/src/Masterdom.Modules.Notifications/Application/Models/EventCodeCatalog.cs(15,25): warning CS1591: Missing XML comment for publicly visible type or member 'EventCodeCatalog.MaintenanceTicketUpdated' [/Users/kady/Masterdom/src/Masterdom.Modules.Notifications/Masterdom.Modules.Notifications.csproj]
/Users/kady/Masterdom/src/Masterdom.Modules.Notifications/Application/Models/EventCodeCatalog.cs(16,25): warning CS1591: Missing XML comment for publicly visible type or member 'EventCodeCatalog.SystemAnnouncement' [/Users/kady/Masterdom/src/Masterdom.Modules.Notifications/Masterdom.Modules.Notifications.csproj]
/Users/kady/Masterdom/src/Masterdom.Modules.Notifications/Application/Models/EventCodeCatalog.cs(18,56): warning CS1591: Missing XML comment for publicly visible type or member 'EventCodeCatalog.All' [/Users/kady/Masterdom/src/Masterdom.Modules.Notifications/Masterdom.Modules.Notifications.csproj]
/Users/kady/Masterdom/src/Masterdom.Modules.Notifications/Application/Models/EventCodeCatalog.cs(34,26): warning CS1591: Missing XML comment for publicly visible type or member 'EventCodeCatalog.Normalize(string)' [/Users/kady/Masterdom/src/Masterdom.Modules.Notifications/Masterdom.Modules.Notifications.csproj]
/Users/kady/Masterdom/src/Masterdom.Modules.Notifications/Application/Models/GeneratedNotification.cs(3,22): warning CS1591: Missing XML comment for publicly visible type or member 'GeneratedNotification' [/Users/kady/Masterdom/src/Masterdom.Modules.Notifications/Masterdom.Modules.Notifications.csproj]
/Users/kady/Masterdom/src/Masterdom.Modules.Notifications/Application/Models/GeneratedNotification.cs(3,22): warning CS1591: Missing XML comment for publicly visible type or member 'GeneratedNotification.GeneratedNotification(string, string, Guid, NotificationCategory, NotificationPriority, string, string, IReadOnlyCollection<DeliveryChannel>, DateTime, int, bool, string)' [/Users/kady/Masterdom/src/Masterdom.Modules.Notifications/Masterdom.Modules.Notifications.csproj]
/Users/kady/Masterdom/src/Masterdom.Modules.Notifications/Application/Models/GeneratedNotification.cs(4,12): warning CS1591: Missing XML comment for publicly visible type or member 'GeneratedNotification.NotificationId' [/Users/kady/Masterdom/src/Masterdom.Modules.Notifications/Masterdom.Modules.Notifications.csproj]
/Users/kady/Masterdom/src/Masterdom.Modules.Notifications/Application/Models/GeneratedNotification.cs(5,12): warning CS1591: Missing XML comment for publicly visible type or member 'GeneratedNotification.EventCode' [/Users/kady/Masterdom/src/Masterdom.Modules.Notifications/Masterdom.Modules.Notifications.csproj]
/Users/kady/Masterdom/src/Masterdom.Modules.Notifications/Application/Models/GeneratedNotification.cs(6,10): warning CS1591: Missing XML comment for publicly visible type or member 'GeneratedNotification.RecipientId' [/Users/kady/Masterdom/src/Masterdom.Modules.Notifications/Masterdom.Modules.Notifications.csproj]
/Users/kady/Masterdom/src/Masterdom.Modules.Notifications/Application/Models/GeneratedNotification.cs(7,26): warning CS1591: Missing XML comment for publicly visible type or member 'GeneratedNotification.Category' [/Users/kady/Masterdom/src/Masterdom.Modules.Notifications/Masterdom.Modules.Notifications.csproj]
/Users/kady/Masterdom/src/Masterdom.Modules.Notifications/Application/Models/GeneratedNotification.cs(8,26): warning CS1591: Missing XML comment for publicly visible type or member 'GeneratedNotification.Priority' [/Users/kady/Masterdom/src/Masterdom.Modules.Notifications/Masterdom.Modules.Notifications.csproj]
/Users/kady/Masterdom/src/Masterdom.Modules.Notifications/Application/Models/GeneratedNotification.cs(9,12): warning CS1591: Missing XML comment for publicly visible type or member 'GeneratedNotification.Subject' [/Users/kady/Masterdom/src/Masterdom.Modules.Notifications/Masterdom.Modules.Notifications.csproj]
/Users/kady/Masterdom/src/Masterdom.Modules.Notifications/Application/Models/GeneratedNotification.cs(10,12): warning CS1591: Missing XML comment for publicly visible type or member 'GeneratedNotification.Body' [/Users/kady/Masterdom/src/Masterdom.Modules.Notifications/Masterdom.Modules.Notifications.csproj]
/Users/kady/Masterdom/src/Masterdom.Modules.Notifications/Application/Models/GeneratedNotification.cs(11,42): warning CS1591: Missing XML comment for publicly visible type or member 'GeneratedNotification.Channels' [/Users/kady/Masterdom/src/Masterdom.Modules.Notifications/Masterdom.Modules.Notifications.csproj]
/Users/kady/Masterdom/src/Masterdom.Modules.Notifications/Application/Models/GeneratedNotification.cs(12,14): warning CS1591: Missing XML comment for publicly visible type or member 'GeneratedNotification.ScheduledAtUtc' [/Users/kady/Masterdom/src/Masterdom.Modules.Notifications/Masterdom.Modules.Notifications.csproj]
/Users/kady/Masterdom/src/Masterdom.Modules.Notifications/Application/Models/GeneratedNotification.cs(13,9): warning CS1591: Missing XML comment for publicly visible type or member 'GeneratedNotification.AttemptCount' [/Users/kady/Masterdom/src/Masterdom.Modules.Notifications/Masterdom.Modules.Notifications.csproj]
/Users/kady/Masterdom/src/Masterdom.Modules.Notifications/Application/Models/GeneratedNotification.cs(14,10): warning CS1591: Missing XML comment for publicly visible type or member 'GeneratedNotification.IsDelivered' [/Users/kady/Masterdom/src/Masterdom.Modules.Notifications/Masterdom.Modules.Notifications.csproj]
/Users/kady/Masterdom/src/Masterdom.Modules.Notifications/Application/Models/GeneratedNotification.cs(15,12): warning CS1591: Missing XML comment for publicly visible type or member 'GeneratedNotification.Status' [/Users/kady/Masterdom/src/Masterdom.Modules.Notifications/Masterdom.Modules.Notifications.csproj]
/Users/kady/Masterdom/src/Masterdom.Modules.Notifications/Application/Models/NotificationCategory.cs(3,13): warning CS1591: Missing XML comment for publicly visible type or member 'NotificationCategory' [/Users/kady/Masterdom/src/Masterdom.Modules.Notifications/Masterdom.Modules.Notifications.csproj]
/Users/kady/Masterdom/src/Masterdom.Modules.Notifications/Application/Models/NotificationCategory.cs(5,5): warning CS1591: Missing XML comment for publicly visible type or member 'NotificationCategory.Billing' [/Users/kady/Masterdom/src/Masterdom.Modules.Notifications/Masterdom.Modules.Notifications.csproj]
/Users/kady/Masterdom/src/Masterdom.Modules.Notifications/Application/Models/NotificationCategory.cs(6,5): warning CS1591: Missing XML comment for publicly visible type or member 'NotificationCategory.Payment' [/Users/kady/Masterdom/src/Masterdom.Modules.Notifications/Masterdom.Modules.Notifications.csproj]
/Users/kady/Masterdom/src/Masterdom.Modules.Notifications/Application/Models/NotificationCategory.cs(7,5): warning CS1591: Missing XML comment for publicly visible type or member 'NotificationCategory.Metering' [/Users/kady/Masterdom/src/Masterdom.Modules.Notifications/Masterdom.Modules.Notifications.csproj]
/Users/kady/Masterdom/src/Masterdom.Modules.Notifications/Application/Models/NotificationCategory.cs(8,5): warning CS1591: Missing XML comment for publicly visible type or member 'NotificationCategory.Tenancy' [/Users/kady/Masterdom/src/Masterdom.Modules.Notifications/Masterdom.Modules.Notifications.csproj]
/Users/kady/Masterdom/src/Masterdom.Modules.Notifications/Application/Models/NotificationCategory.cs(9,5): warning CS1591: Missing XML comment for publicly visible type or member 'NotificationCategory.Maintenance' [/Users/kady/Masterdom/src/Masterdom.Modules.Notifications/Masterdom.Modules.Notifications.csproj]
/Users/kady/Masterdom/src/Masterdom.Modules.Notifications/Application/Models/NotificationCategory.cs(10,5): warning CS1591: Missing XML comment for publicly visible type or member 'NotificationCategory.Announcement' [/Users/kady/Masterdom/src/Masterdom.Modules.Notifications/Masterdom.Modules.Notifications.csproj]
/Users/kady/Masterdom/src/Masterdom.Modules.Notifications/Application/Models/NotificationHistoryEntry.cs(3,22): warning CS1591: Missing XML comment for publicly visible type or member 'NotificationHistoryEntry' [/Users/kady/Masterdom/src/Masterdom.Modules.Notifications/Masterdom.Modules.Notifications.csproj]
/Users/kady/Masterdom/src/Masterdom.Modules.Notifications/Application/Models/NotificationHistoryEntry.cs(3,22): warning CS1591: Missing XML comment for publicly visible type or member 'NotificationHistoryEntry.NotificationHistoryEntry(string, string, Guid, DateTime, DateTime, int, bool, string, string)' [/Users/kady/Masterdom/src/Masterdom.Modules.Notifications/Masterdom.Modules.Notifications.csproj]
/Users/kady/Masterdom/src/Masterdom.Modules.Notifications/Application/Models/NotificationHistoryEntry.cs(4,12): warning CS1591: Missing XML comment for publicly visible type or member 'NotificationHistoryEntry.NotificationId' [/Users/kady/Masterdom/src/Masterdom.Modules.Notifications/Masterdom.Modules.Notifications.csproj]
/Users/kady/Masterdom/src/Masterdom.Modules.Notifications/Application/Models/NotificationHistoryEntry.cs(5,12): warning CS1591: Missing XML comment for publicly visible type or member 'NotificationHistoryEntry.EventCode' [/Users/kady/Masterdom/src/Masterdom.Modules.Notifications/Masterdom.Modules.Notifications.csproj]
/Users/kady/Masterdom/src/Masterdom.Modules.Notifications/Application/Models/NotificationHistoryEntry.cs(6,10): warning CS1591: Missing XML comment for publicly visible type or member 'NotificationHistoryEntry.RecipientId' [/Users/kady/Masterdom/src/Masterdom.Modules.Notifications/Masterdom.Modules.Notifications.csproj]
/Users/kady/Masterdom/src/Masterdom.Modules.Notifications/Application/Models/NotificationHistoryEntry.cs(7,14): warning CS1591: Missing XML comment for publicly visible type or member 'NotificationHistoryEntry.RequestedAtUtc' [/Users/kady/Masterdom/src/Masterdom.Modules.Notifications/Masterdom.Modules.Notifications.csproj]
/Users/kady/Masterdom/src/Masterdom.Modules.Notifications/Application/Models/NotificationHistoryEntry.cs(8,14): warning CS1591: Missing XML comment for publicly visible type or member 'NotificationHistoryEntry.LastAttemptAtUtc' [/Users/kady/Masterdom/src/Masterdom.Modules.Notifications/Masterdom.Modules.Notifications.csproj]
/Users/kady/Masterdom/src/Masterdom.Modules.Notifications/Application/Models/NotificationHistoryEntry.cs(9,9): warning CS1591: Missing XML comment for publicly visible type or member 'NotificationHistoryEntry.AttemptCount' [/Users/kady/Masterdom/src/Masterdom.Modules.Notifications/Masterdom.Modules.Notifications.csproj]
/Users/kady/Masterdom/src/Masterdom.Modules.Notifications/Application/Models/NotificationHistoryEntry.cs(10,10): warning CS1591: Missing XML comment for publicly visible type or member 'NotificationHistoryEntry.IsDelivered' [/Users/kady/Masterdom/src/Masterdom.Modules.Notifications/Masterdom.Modules.Notifications.csproj]
/Users/kady/Masterdom/src/Masterdom.Modules.Notifications/Application/Models/NotificationHistoryEntry.cs(11,12): warning CS1591: Missing XML comment for publicly visible type or member 'NotificationHistoryEntry.Status' [/Users/kady/Masterdom/src/Masterdom.Modules.Notifications/Masterdom.Modules.Notifications.csproj]
/Users/kady/Masterdom/src/Masterdom.Modules.Notifications/Application/Models/NotificationHistoryEntry.cs(12,12): warning CS1591: Missing XML comment for publicly visible type or member 'NotificationHistoryEntry.AuditTrail' [/Users/kady/Masterdom/src/Masterdom.Modules.Notifications/Masterdom.Modules.Notifications.csproj]
/Users/kady/Masterdom/src/Masterdom.Modules.Notifications/Application/Models/NotificationPreference.cs(3,22): warning CS1591: Missing XML comment for publicly visible type or member 'NotificationPreference' [/Users/kady/Masterdom/src/Masterdom.Modules.Notifications/Masterdom.Modules.Notifications.csproj]
/Users/kady/Masterdom/src/Masterdom.Modules.Notifications/Application/Models/NotificationPreference.cs(3,22): warning CS1591: Missing XML comment for publicly visible type or member 'NotificationPreference.NotificationPreference(Guid, IReadOnlyCollection<DeliveryChannel>, bool, int, int)' [/Users/kady/Masterdom/src/Masterdom.Modules.Notifications/Masterdom.Modules.Notifications.csproj]
/Users/kady/Masterdom/src/Masterdom.Modules.Notifications/Application/Models/NotificationPreference.cs(4,10): warning CS1591: Missing XML comment for publicly visible type or member 'NotificationPreference.RecipientId' [/Users/kady/Masterdom/src/Masterdom.Modules.Notifications/Masterdom.Modules.Notifications.csproj]
/Users/kady/Masterdom/src/Masterdom.Modules.Notifications/Application/Models/NotificationPreference.cs(5,42): warning CS1591: Missing XML comment for publicly visible type or member 'NotificationPreference.Channels' [/Users/kady/Masterdom/src/Masterdom.Modules.Notifications/Masterdom.Modules.Notifications.csproj]
/Users/kady/Masterdom/src/Masterdom.Modules.Notifications/Application/Models/NotificationPreference.cs(6,10): warning CS1591: Missing XML comment for publicly visible type or member 'NotificationPreference.IsEnabled' [/Users/kady/Masterdom/src/Masterdom.Modules.Notifications/Masterdom.Modules.Notifications.csproj]
/Users/kady/Masterdom/src/Masterdom.Modules.Notifications/Application/Models/NotificationPreference.cs(7,9): warning CS1591: Missing XML comment for publicly visible type or member 'NotificationPreference.QuietHoursStart' [/Users/kady/Masterdom/src/Masterdom.Modules.Notifications/Masterdom.Modules.Notifications.csproj]
/Users/kady/Masterdom/src/Masterdom.Modules.Notifications/Application/Models/NotificationPreference.cs(8,9): warning CS1591: Missing XML comment for publicly visible type or member 'NotificationPreference.QuietHoursEnd' [/Users/kady/Masterdom/src/Masterdom.Modules.Notifications/Masterdom.Modules.Notifications.csproj]
/Users/kady/Masterdom/src/Masterdom.Modules.Notifications/Application/Models/NotificationPriority.cs(3,13): warning CS1591: Missing XML comment for publicly visible type or member 'NotificationPriority' [/Users/kady/Masterdom/src/Masterdom.Modules.Notifications/Masterdom.Modules.Notifications.csproj]
/Users/kady/Masterdom/src/Masterdom.Modules.Notifications/Application/Models/NotificationPriority.cs(5,5): warning CS1591: Missing XML comment for publicly visible type or member 'NotificationPriority.Low' [/Users/kady/Masterdom/src/Masterdom.Modules.Notifications/Masterdom.Modules.Notifications.csproj]
/Users/kady/Masterdom/src/Masterdom.Modules.Notifications/Application/Models/NotificationPriority.cs(6,5): warning CS1591: Missing XML comment for publicly visible type or member 'NotificationPriority.Normal' [/Users/kady/Masterdom/src/Masterdom.Modules.Notifications/Masterdom.Modules.Notifications.csproj]
/Users/kady/Masterdom/src/Masterdom.Modules.Notifications/Application/Models/NotificationPriority.cs(7,5): warning CS1591: Missing XML comment for publicly visible type or member 'NotificationPriority.High' [/Users/kady/Masterdom/src/Masterdom.Modules.Notifications/Masterdom.Modules.Notifications.csproj]
/Users/kady/Masterdom/src/Masterdom.Modules.Notifications/Application/Models/NotificationPriority.cs(8,5): warning CS1591: Missing XML comment for publicly visible type or member 'NotificationPriority.Critical' [/Users/kady/Masterdom/src/Masterdom.Modules.Notifications/Masterdom.Modules.Notifications.csproj]
/Users/kady/Masterdom/src/Masterdom.Modules.Notifications/Application/Models/NotificationRequest.cs(3,21): warning CS1591: Missing XML comment for publicly visible type or member 'NotificationRequest' [/Users/kady/Masterdom/src/Masterdom.Modules.Notifications/Masterdom.Modules.Notifications.csproj]
/Users/kady/Masterdom/src/Masterdom.Modules.Notifications/Application/Models/NotificationRequest.cs(5,12): warning CS1591: Missing XML comment for publicly visible type or member 'NotificationRequest.NotificationRequest(string, Guid, DateTime, IReadOnlyDictionary<string, string>)' [/Users/kady/Masterdom/src/Masterdom.Modules.Notifications/Masterdom.Modules.Notifications.csproj]
/Users/kady/Masterdom/src/Masterdom.Modules.Notifications/Application/Models/NotificationRequest.cs(17,19): warning CS1591: Missing XML comment for publicly visible type or member 'NotificationRequest.EventCode' [/Users/kady/Masterdom/src/Masterdom.Modules.Notifications/Masterdom.Modules.Notifications.csproj]
/Users/kady/Masterdom/src/Masterdom.Modules.Notifications/Application/Models/NotificationRequest.cs(19,17): warning CS1591: Missing XML comment for publicly visible type or member 'NotificationRequest.RecipientId' [/Users/kady/Masterdom/src/Masterdom.Modules.Notifications/Masterdom.Modules.Notifications.csproj]
/Users/kady/Masterdom/src/Masterdom.Modules.Notifications/Application/Models/NotificationRequest.cs(21,21): warning CS1591: Missing XML comment for publicly visible type or member 'NotificationRequest.RequestedAtUtc' [/Users/kady/Masterdom/src/Masterdom.Modules.Notifications/Masterdom.Modules.Notifications.csproj]
/Users/kady/Masterdom/src/Masterdom.Modules.Notifications/Application/Models/NotificationRequest.cs(23,48): warning CS1591: Missing XML comment for publicly visible type or member 'NotificationRequest.Parameters' [/Users/kady/Masterdom/src/Masterdom.Modules.Notifications/Masterdom.Modules.Notifications.csproj]
/Users/kady/Masterdom/src/Masterdom.Modules.Notifications/Application/Models/NotificationTemplate.cs(3,22): warning CS1591: Missing XML comment for publicly visible type or member 'NotificationTemplate' [/Users/kady/Masterdom/src/Masterdom.Modules.Notifications/Masterdom.Modules.Notifications.csproj]
/Users/kady/Masterdom/src/Masterdom.Modules.Notifications/Application/Models/NotificationTemplate.cs(3,22): warning CS1591: Missing XML comment for publicly visible type or member 'NotificationTemplate.NotificationTemplate(string, string, string, NotificationCategory, NotificationPriority, IReadOnlyCollection<DeliveryChannel>)' [/Users/kady/Masterdom/src/Masterdom.Modules.Notifications/Masterdom.Modules.Notifications.csproj]
/Users/kady/Masterdom/src/Masterdom.Modules.Notifications/Application/Models/NotificationTemplate.cs(4,12): warning CS1591: Missing XML comment for publicly visible type or member 'NotificationTemplate.TemplateCode' [/Users/kady/Masterdom/src/Masterdom.Modules.Notifications/Masterdom.Modules.Notifications.csproj]
/Users/kady/Masterdom/src/Masterdom.Modules.Notifications/Application/Models/NotificationTemplate.cs(5,12): warning CS1591: Missing XML comment for publicly visible type or member 'NotificationTemplate.SubjectTemplate' [/Users/kady/Masterdom/src/Masterdom.Modules.Notifications/Masterdom.Modules.Notifications.csproj]
/Users/kady/Masterdom/src/Masterdom.Modules.Notifications/Application/Models/NotificationTemplate.cs(6,12): warning CS1591: Missing XML comment for publicly visible type or member 'NotificationTemplate.BodyTemplate' [/Users/kady/Masterdom/src/Masterdom.Modules.Notifications/Masterdom.Modules.Notifications.csproj]
/Users/kady/Masterdom/src/Masterdom.Modules.Notifications/Application/Models/NotificationTemplate.cs(7,26): warning CS1591: Missing XML comment for publicly visible type or member 'NotificationTemplate.Category' [/Users/kady/Masterdom/src/Masterdom.Modules.Notifications/Masterdom.Modules.Notifications.csproj]
/Users/kady/Masterdom/src/Masterdom.Modules.Notifications/Application/Models/NotificationTemplate.cs(8,26): warning CS1591: Missing XML comment for publicly visible type or member 'NotificationTemplate.Priority' [/Users/kady/Masterdom/src/Masterdom.Modules.Notifications/Masterdom.Modules.Notifications.csproj]
/Users/kady/Masterdom/src/Masterdom.Modules.Notifications/Application/Models/NotificationTemplate.cs(9,42): warning CS1591: Missing XML comment for publicly visible type or member 'NotificationTemplate.DefaultChannels' [/Users/kady/Masterdom/src/Masterdom.Modules.Notifications/Masterdom.Modules.Notifications.csproj]
/Users/kady/Masterdom/src/Masterdom.Modules.Notifications/Application/Queries/GetNotificationHistoryQuery.cs(3,22): warning CS1591: Missing XML comment for publicly visible type or member 'GetNotificationHistoryQuery' [/Users/kady/Masterdom/src/Masterdom.Modules.Notifications/Masterdom.Modules.Notifications.csproj]
/Users/kady/Masterdom/src/Masterdom.Modules.Notifications/Application/Queries/GetNotificationHistoryQuery.cs(3,22): warning CS1591: Missing XML comment for publicly visible type or member 'GetNotificationHistoryQuery.GetNotificationHistoryQuery(Guid, int, int)' [/Users/kady/Masterdom/src/Masterdom.Modules.Notifications/Masterdom.Modules.Notifications.csproj]
/Users/kady/Masterdom/src/Masterdom.Modules.Notifications/Application/Queries/GetNotificationHistoryQuery.cs(3,55): warning CS1591: Missing XML comment for publicly visible type or member 'GetNotificationHistoryQuery.RecipientId' [/Users/kady/Masterdom/src/Masterdom.Modules.Notifications/Masterdom.Modules.Notifications.csproj]
/Users/kady/Masterdom/src/Masterdom.Modules.Notifications/Application/Queries/GetNotificationHistoryQuery.cs(3,72): warning CS1591: Missing XML comment for publicly visible type or member 'GetNotificationHistoryQuery.Page' [/Users/kady/Masterdom/src/Masterdom.Modules.Notifications/Masterdom.Modules.Notifications.csproj]
/Users/kady/Masterdom/src/Masterdom.Modules.Notifications/Application/Queries/GetNotificationHistoryQuery.cs(3,82): warning CS1591: Missing XML comment for publicly visible type or member 'GetNotificationHistoryQuery.PageSize' [/Users/kady/Masterdom/src/Masterdom.Modules.Notifications/Masterdom.Modules.Notifications.csproj]
/Users/kady/Masterdom/src/Masterdom.Modules.Notifications/Application/Services/DefaultNotificationTemplateRenderer.cs(5,21): warning CS1591: Missing XML comment for publicly visible type or member 'DefaultNotificationTemplateRenderer' [/Users/kady/Masterdom/src/Masterdom.Modules.Notifications/Masterdom.Modules.Notifications.csproj]
/Users/kady/Masterdom/src/Masterdom.Modules.Notifications/Application/Services/DefaultNotificationTemplateRenderer.cs(7,19): warning CS1591: Missing XML comment for publicly visible type or member 'DefaultNotificationTemplateRenderer.Render(string, IReadOnlyDictionary<string, string>)' [/Users/kady/Masterdom/src/Masterdom.Modules.Notifications/Masterdom.Modules.Notifications.csproj]
/Users/kady/Masterdom/src/Masterdom.Modules.Notifications/Application/Services/DirectRecipientResolver.cs(5,21): warning CS1591: Missing XML comment for publicly visible type or member 'DirectRecipientResolver' [/Users/kady/Masterdom/src/Masterdom.Modules.Notifications/Masterdom.Modules.Notifications.csproj]
/Users/kady/Masterdom/src/Masterdom.Modules.Notifications/Application/Services/DirectRecipientResolver.cs(7,17): warning CS1591: Missing XML comment for publicly visible type or member 'DirectRecipientResolver.Resolve(string, Guid, IReadOnlyDictionary<string, string>)' [/Users/kady/Masterdom/src/Masterdom.Modules.Notifications/Masterdom.Modules.Notifications.csproj]
/Users/kady/Masterdom/src/Masterdom.Modules.Notifications/Application/Services/EmailDeliveryProvider.cs(5,21): warning CS1591: Missing XML comment for publicly visible type or member 'EmailDeliveryProvider' [/Users/kady/Masterdom/src/Masterdom.Modules.Notifications/Masterdom.Modules.Notifications.csproj]
/Users/kady/Masterdom/src/Masterdom.Modules.Notifications/Application/Services/EmailDeliveryProvider.cs(7,28): warning CS1591: Missing XML comment for publicly visible type or member 'EmailDeliveryProvider.Channel' [/Users/kady/Masterdom/src/Masterdom.Modules.Notifications/Masterdom.Modules.Notifications.csproj]
/Users/kady/Masterdom/src/Masterdom.Modules.Notifications/Application/Services/EmailDeliveryProvider.cs(9,17): warning CS1591: Missing XML comment for publicly visible type or member 'EmailDeliveryProvider.Deliver(GeneratedNotification)' [/Users/kady/Masterdom/src/Masterdom.Modules.Notifications/Masterdom.Modules.Notifications.csproj]
/Users/kady/Masterdom/src/Masterdom.Modules.Notifications/Application/Services/IDeliveryProvider.cs(5,18): warning CS1591: Missing XML comment for publicly visible type or member 'IDeliveryProvider' [/Users/kady/Masterdom/src/Masterdom.Modules.Notifications/Masterdom.Modules.Notifications.csproj]
/Users/kady/Masterdom/src/Masterdom.Modules.Notifications/Application/Services/IDeliveryProvider.cs(7,21): warning CS1591: Missing XML comment for publicly visible type or member 'IDeliveryProvider.Channel' [/Users/kady/Masterdom/src/Masterdom.Modules.Notifications/Masterdom.Modules.Notifications.csproj]
/Users/kady/Masterdom/src/Masterdom.Modules.Notifications/Application/Services/IDeliveryProvider.cs(9,10): warning CS1591: Missing XML comment for publicly visible type or member 'IDeliveryProvider.Deliver(GeneratedNotification)' [/Users/kady/Masterdom/src/Masterdom.Modules.Notifications/Masterdom.Modules.Notifications.csproj]
/Users/kady/Masterdom/src/Masterdom.Modules.Notifications/Application/Services/InMemoryNotificationDeliveryQueue.cs(5,21): warning CS1591: Missing XML comment for publicly visible type or member 'InMemoryNotificationDeliveryQueue' [/Users/kady/Masterdom/src/Masterdom.Modules.Notifications/Masterdom.Modules.Notifications.csproj]
/Users/kady/Masterdom/src/Masterdom.Modules.Notifications/Application/Services/InMemoryNotificationDeliveryQueue.cs(9,17): warning CS1591: Missing XML comment for publicly visible type or member 'InMemoryNotificationDeliveryQueue.Enqueue(NotificationDeliveryEnvelope)' [/Users/kady/Masterdom/src/Masterdom.Modules.Notifications/Masterdom.Modules.Notifications.csproj]
/Users/kady/Masterdom/src/Masterdom.Modules.Notifications/Application/Services/InMemoryNotificationDeliveryQueue.cs(15,42): warning CS1591: Missing XML comment for publicly visible type or member 'InMemoryNotificationDeliveryQueue.Dequeue()' [/Users/kady/Masterdom/src/Masterdom.Modules.Notifications/Masterdom.Modules.Notifications.csproj]
/Users/kady/Masterdom/src/Masterdom.Modules.Notifications/Application/Services/InMemoryNotificationHistoryStore.cs(5,21): warning CS1591: Missing XML comment for publicly visible type or member 'InMemoryNotificationHistoryStore' [/Users/kady/Masterdom/src/Masterdom.Modules.Notifications/Masterdom.Modules.Notifications.csproj]
/Users/kady/Masterdom/src/Masterdom.Modules.Notifications/Application/Services/InMemoryNotificationHistoryStore.cs(9,17): warning CS1591: Missing XML comment for publicly visible type or member 'InMemoryNotificationHistoryStore.Save(NotificationHistoryEntry)' [/Users/kady/Masterdom/src/Masterdom.Modules.Notifications/Masterdom.Modules.Notifications.csproj]
/Users/kady/Masterdom/src/Masterdom.Modules.Notifications/Application/Services/InMemoryNotificationHistoryStore.cs(15,58): warning CS1591: Missing XML comment for publicly visible type or member 'InMemoryNotificationHistoryStore.GetByRecipient(Guid, int, int)' [/Users/kady/Masterdom/src/Masterdom.Modules.Notifications/Masterdom.Modules.Notifications.csproj]
/Users/kady/Masterdom/src/Masterdom.Modules.Notifications/Application/Services/InMemoryNotificationPreferenceStore.cs(5,21): warning CS1591: Missing XML comment for publicly visible type or member 'InMemoryNotificationPreferenceStore' [/Users/kady/Masterdom/src/Masterdom.Modules.Notifications/Masterdom.Modules.Notifications.csproj]
/Users/kady/Masterdom/src/Masterdom.Modules.Notifications/Application/Services/InMemoryNotificationPreferenceStore.cs(9,35): warning CS1591: Missing XML comment for publicly visible type or member 'InMemoryNotificationPreferenceStore.Get(Guid)' [/Users/kady/Masterdom/src/Masterdom.Modules.Notifications/Masterdom.Modules.Notifications.csproj]
/Users/kady/Masterdom/src/Masterdom.Modules.Notifications/Application/Services/InMemoryNotificationPreferenceStore.cs(24,17): warning CS1591: Missing XML comment for publicly visible type or member 'InMemoryNotificationPreferenceStore.Save(NotificationPreference)' [/Users/kady/Masterdom/src/Masterdom.Modules.Notifications/Masterdom.Modules.Notifications.csproj]
/Users/kady/Masterdom/src/Masterdom.Modules.Notifications/Application/Services/INotificationApplicationService.cs(5,18): warning CS1591: Missing XML comment for publicly visible type or member 'INotificationApplicationService' [/Users/kady/Masterdom/src/Masterdom.Modules.Notifications/Masterdom.Modules.Notifications.csproj]
/Users/kady/Masterdom/src/Masterdom.Modules.Notifications/Application/Services/INotificationApplicationService.cs(7,27): warning CS1591: Missing XML comment for publicly visible type or member 'INotificationApplicationService.Generate(string, Guid, DateTime, IReadOnlyDictionary<string, string>, DateTime?)' [/Users/kady/Masterdom/src/Masterdom.Modules.Notifications/Masterdom.Modules.Notifications.csproj]
/Users/kady/Masterdom/src/Masterdom.Modules.Notifications/Application/Services/INotificationApplicationService.cs(14,51): warning CS1591: Missing XML comment for publicly visible type or member 'INotificationApplicationService.History(Guid, int, int)' [/Users/kady/Masterdom/src/Masterdom.Modules.Notifications/Masterdom.Modules.Notifications.csproj]
/Users/kady/Masterdom/src/Masterdom.Modules.Notifications/Application/Services/INotificationAuthorizationService.cs(3,18): warning CS1591: Missing XML comment for publicly visible type or member 'INotificationAuthorizationService' [/Users/kady/Masterdom/src/Masterdom.Modules.Notifications/Masterdom.Modules.Notifications.csproj]
/Users/kady/Masterdom/src/Masterdom.Modules.Notifications/Application/Services/INotificationAuthorizationService.cs(5,10): warning CS1591: Missing XML comment for publicly visible type or member 'INotificationAuthorizationService.EnsureAuthorized(string, Guid)' [/Users/kady/Masterdom/src/Masterdom.Modules.Notifications/Masterdom.Modules.Notifications.csproj]
/Users/kady/Masterdom/src/Masterdom.Modules.Notifications/Application/Services/INotificationHistoryStore.cs(5,18): warning CS1591: Missing XML comment for publicly visible type or member 'INotificationHistoryStore' [/Users/kady/Masterdom/src/Masterdom.Modules.Notifications/Masterdom.Modules.Notifications.csproj]
/Users/kady/Masterdom/src/Masterdom.Modules.Notifications/Application/Services/INotificationHistoryStore.cs(7,10): warning CS1591: Missing XML comment for publicly visible type or member 'INotificationHistoryStore.Save(NotificationHistoryEntry)' [/Users/kady/Masterdom/src/Masterdom.Modules.Notifications/Masterdom.Modules.Notifications.csproj]
/Users/kady/Masterdom/src/Masterdom.Modules.Notifications/Application/Services/INotificationHistoryStore.cs(9,51): warning CS1591: Missing XML comment for publicly visible type or member 'INotificationHistoryStore.GetByRecipient(Guid, int, int)' [/Users/kady/Masterdom/src/Masterdom.Modules.Notifications/Masterdom.Modules.Notifications.csproj]
/Users/kady/Masterdom/src/Masterdom.Modules.Notifications/Application/Services/INotificationPreferenceStore.cs(5,18): warning CS1591: Missing XML comment for publicly visible type or member 'INotificationPreferenceStore' [/Users/kady/Masterdom/src/Masterdom.Modules.Notifications/Masterdom.Modules.Notifications.csproj]
/Users/kady/Masterdom/src/Masterdom.Modules.Notifications/Application/Services/INotificationPreferenceStore.cs(7,28): warning CS1591: Missing XML comment for publicly visible type or member 'INotificationPreferenceStore.Get(Guid)' [/Users/kady/Masterdom/src/Masterdom.Modules.Notifications/Masterdom.Modules.Notifications.csproj]
/Users/kady/Masterdom/src/Masterdom.Modules.Notifications/Application/Services/INotificationPreferenceStore.cs(9,10): warning CS1591: Missing XML comment for publicly visible type or member 'INotificationPreferenceStore.Save(NotificationPreference)' [/Users/kady/Masterdom/src/Masterdom.Modules.Notifications/Masterdom.Modules.Notifications.csproj]
/Users/kady/Masterdom/src/Masterdom.Modules.Notifications/Application/Services/INotificationTemplateRegistry.cs(5,18): warning CS1591: Missing XML comment for publicly visible type or member 'INotificationTemplateRegistry' [/Users/kady/Masterdom/src/Masterdom.Modules.Notifications/Masterdom.Modules.Notifications.csproj]
/Users/kady/Masterdom/src/Masterdom.Modules.Notifications/Application/Services/INotificationTemplateRegistry.cs(7,26): warning CS1591: Missing XML comment for publicly visible type or member 'INotificationTemplateRegistry.Resolve(string)' [/Users/kady/Masterdom/src/Masterdom.Modules.Notifications/Masterdom.Modules.Notifications.csproj]
/Users/kady/Masterdom/src/Masterdom.Modules.Notifications/Application/Services/INotificationTemplateRegistry.cs(9,47): warning CS1591: Missing XML comment for publicly visible type or member 'INotificationTemplateRegistry.GetAll()' [/Users/kady/Masterdom/src/Masterdom.Modules.Notifications/Masterdom.Modules.Notifications.csproj]
/Users/kady/Masterdom/src/Masterdom.Modules.Notifications/Application/Services/MetadataDrivenNotificationRegistry.cs(7,21): warning CS1591: Missing XML comment for publicly visible type or member 'MetadataDrivenNotificationRegistry' [/Users/kady/Masterdom/src/Masterdom.Modules.Notifications/Masterdom.Modules.Notifications.csproj]
/Users/kady/Masterdom/src/Masterdom.Modules.Notifications/Application/Services/MetadataDrivenNotificationRegistry.cs(25,37): warning CS1591: Missing XML comment for publicly visible type or member 'MetadataDrivenNotificationRegistry.Resolve(string)' [/Users/kady/Masterdom/src/Masterdom.Modules.Notifications/Masterdom.Modules.Notifications.csproj]
/Users/kady/Masterdom/src/Masterdom.Modules.Notifications/Application/Services/MetadataDrivenNotificationRegistry.cs(32,58): warning CS1591: Missing XML comment for publicly visible type or member 'MetadataDrivenNotificationRegistry.GetAll()' [/Users/kady/Masterdom/src/Masterdom.Modules.Notifications/Masterdom.Modules.Notifications.csproj]
/Users/kady/Masterdom/src/Masterdom.Modules.Notifications/Application/Services/NotificationApplicationService.cs(7,21): warning CS1591: Missing XML comment for publicly visible type or member 'NotificationApplicationService' [/Users/kady/Masterdom/src/Masterdom.Modules.Notifications/Masterdom.Modules.Notifications.csproj]
/Users/kady/Masterdom/src/Masterdom.Modules.Notifications/Application/Services/NotificationApplicationService.cs(16,12): warning CS1591: Missing XML comment for publicly visible type or member 'NotificationApplicationService.NotificationApplicationService(INotificationRegistry, INotificationHistoryStore, INotificationAuthorizationService, INotificationGenerationEngine, INotificationDeliveryQueue, INotificationDeliveryProcessor)' [/Users/kady/Masterdom/src/Masterdom.Modules.Notifications/Masterdom.Modules.Notifications.csproj]
/Users/kady/Masterdom/src/Masterdom.Modules.Notifications/Application/Services/NotificationApplicationService.cs(32,34): warning CS1591: Missing XML comment for publicly visible type or member 'NotificationApplicationService.Generate(string, Guid, DateTime, IReadOnlyDictionary<string, string>, DateTime?)' [/Users/kady/Masterdom/src/Masterdom.Modules.Notifications/Masterdom.Modules.Notifications.csproj]
/Users/kady/Masterdom/src/Masterdom.Modules.Notifications/Application/Services/NotificationApplicationService.cs(82,58): warning CS1591: Missing XML comment for publicly visible type or member 'NotificationApplicationService.History(Guid, int, int)' [/Users/kady/Masterdom/src/Masterdom.Modules.Notifications/Masterdom.Modules.Notifications.csproj]
/Users/kady/Masterdom/src/Masterdom.Modules.Notifications/Application/Services/NotificationAuthorizationService.cs(5,21): warning CS1591: Missing XML comment for publicly visible type or member 'NotificationAuthorizationService' [/Users/kady/Masterdom/src/Masterdom.Modules.Notifications/Masterdom.Modules.Notifications.csproj]
/Users/kady/Masterdom/src/Masterdom.Modules.Notifications/Application/Services/NotificationAuthorizationService.cs(9,12): warning CS1591: Missing XML comment for publicly visible type or member 'NotificationAuthorizationService.NotificationAuthorizationService(ICurrentUserAccessor)' [/Users/kady/Masterdom/src/Masterdom.Modules.Notifications/Masterdom.Modules.Notifications.csproj]
/Users/kady/Masterdom/src/Masterdom.Modules.Notifications/Application/Services/NotificationAuthorizationService.cs(14,17): warning CS1591: Missing XML comment for publicly visible type or member 'NotificationAuthorizationService.EnsureAuthorized(string, Guid)' [/Users/kady/Masterdom/src/Masterdom.Modules.Notifications/Masterdom.Modules.Notifications.csproj]
/Users/kady/Masterdom/src/Masterdom.Modules.Notifications/Application/Services/NotificationDeliveryProcessor.cs(6,21): warning CS1591: Missing XML comment for publicly visible type or member 'NotificationDeliveryProcessor' [/Users/kady/Masterdom/src/Masterdom.Modules.Notifications/Masterdom.Modules.Notifications.csproj]
/Users/kady/Masterdom/src/Masterdom.Modules.Notifications/Application/Services/NotificationDeliveryProcessor.cs(10,12): warning CS1591: Missing XML comment for publicly visible type or member 'NotificationDeliveryProcessor.NotificationDeliveryProcessor(IEnumerable<IDeliveryProvider>)' [/Users/kady/Masterdom/src/Masterdom.Modules.Notifications/Masterdom.Modules.Notifications.csproj]
/Users/kady/Masterdom/src/Masterdom.Modules.Notifications/Application/Services/NotificationDeliveryProcessor.cs(16,33): warning CS1591: Missing XML comment for publicly visible type or member 'NotificationDeliveryProcessor.Deliver(NotificationDeliveryEnvelope)' [/Users/kady/Masterdom/src/Masterdom.Modules.Notifications/Masterdom.Modules.Notifications.csproj]
/Users/kady/Masterdom/src/Masterdom.Modules.Notifications/Application/Services/NotificationGenerationEngine.cs(7,21): warning CS1591: Missing XML comment for publicly visible type or member 'NotificationGenerationEngine' [/Users/kady/Masterdom/src/Masterdom.Modules.Notifications/Masterdom.Modules.Notifications.csproj]
/Users/kady/Masterdom/src/Masterdom.Modules.Notifications/Application/Services/NotificationGenerationEngine.cs(16,12): warning CS1591: Missing XML comment for publicly visible type or member 'NotificationGenerationEngine.NotificationGenerationEngine(INotificationTemplateRegistry, INotificationPreferenceStore, IReadModelProjectionOrchestrator, INotificationTemplateRenderer, INotificationRecipientResolver, INotificationChannelResolver)' [/Users/kady/Masterdom/src/Masterdom.Modules.Notifications/Masterdom.Modules.Notifications.csproj]
/Users/kady/Masterdom/src/Masterdom.Modules.Notifications/Application/Services/NotificationGenerationEngine.cs(32,41): warning CS1591: Missing XML comment for publicly visible type or member 'NotificationGenerationEngine.Generate(NotificationRegistration, Guid, DateTime, IReadOnlyDictionary<string, string>, DateTime?)' [/Users/kady/Masterdom/src/Masterdom.Modules.Notifications/Masterdom.Modules.Notifications.csproj]
/Users/kady/Masterdom/src/Masterdom.Modules.Notifications/Application/Services/NotificationTemplateRegistry.cs(5,21): warning CS1591: Missing XML comment for publicly visible type or member 'NotificationTemplateRegistry' [/Users/kady/Masterdom/src/Masterdom.Modules.Notifications/Masterdom.Modules.Notifications.csproj]
/Users/kady/Masterdom/src/Masterdom.Modules.Notifications/Application/Services/NotificationTemplateRegistry.cs(96,33): warning CS1591: Missing XML comment for publicly visible type or member 'NotificationTemplateRegistry.Resolve(string)' [/Users/kady/Masterdom/src/Masterdom.Modules.Notifications/Masterdom.Modules.Notifications.csproj]
/Users/kady/Masterdom/src/Masterdom.Modules.Notifications/Application/Services/NotificationTemplateRegistry.cs(104,54): warning CS1591: Missing XML comment for publicly visible type or member 'NotificationTemplateRegistry.GetAll()' [/Users/kady/Masterdom/src/Masterdom.Modules.Notifications/Masterdom.Modules.Notifications.csproj]
/Users/kady/Masterdom/src/Masterdom.Modules.Notifications/Application/Services/PreferenceNotificationChannelResolver.cs(6,21): warning CS1591: Missing XML comment for publicly visible type or member 'PreferenceNotificationChannelResolver' [/Users/kady/Masterdom/src/Masterdom.Modules.Notifications/Masterdom.Modules.Notifications.csproj]
/Users/kady/Masterdom/src/Masterdom.Modules.Notifications/Application/Services/PreferenceNotificationChannelResolver.cs(8,40): warning CS1591: Missing XML comment for publicly visible type or member 'PreferenceNotificationChannelResolver.ResolveChannels(NotificationRegistration, IReadOnlyCollection<string>, bool)' [/Users/kady/Masterdom/src/Masterdom.Modules.Notifications/Masterdom.Modules.Notifications.csproj]
/Users/kady/Masterdom/src/Masterdom.Modules.Notifications/Application/Services/PushDeliveryProvider.cs(5,21): warning CS1591: Missing XML comment for publicly visible type or member 'PushDeliveryProvider' [/Users/kady/Masterdom/src/Masterdom.Modules.Notifications/Masterdom.Modules.Notifications.csproj]
/Users/kady/Masterdom/src/Masterdom.Modules.Notifications/Application/Services/PushDeliveryProvider.cs(7,28): warning CS1591: Missing XML comment for publicly visible type or member 'PushDeliveryProvider.Channel' [/Users/kady/Masterdom/src/Masterdom.Modules.Notifications/Masterdom.Modules.Notifications.csproj]
/Users/kady/Masterdom/src/Masterdom.Modules.Notifications/Application/Services/PushDeliveryProvider.cs(9,17): warning CS1591: Missing XML comment for publicly visible type or member 'PushDeliveryProvider.Deliver(GeneratedNotification)' [/Users/kady/Masterdom/src/Masterdom.Modules.Notifications/Masterdom.Modules.Notifications.csproj]
/Users/kady/Masterdom/src/Masterdom.Modules.Notifications/Application/Services/SmsDeliveryProvider.cs(5,21): warning CS1591: Missing XML comment for publicly visible type or member 'SmsDeliveryProvider' [/Users/kady/Masterdom/src/Masterdom.Modules.Notifications/Masterdom.Modules.Notifications.csproj]
/Users/kady/Masterdom/src/Masterdom.Modules.Notifications/Application/Services/SmsDeliveryProvider.cs(7,28): warning CS1591: Missing XML comment for publicly visible type or member 'SmsDeliveryProvider.Channel' [/Users/kady/Masterdom/src/Masterdom.Modules.Notifications/Masterdom.Modules.Notifications.csproj]
/Users/kady/Masterdom/src/Masterdom.Modules.Notifications/Application/Services/SmsDeliveryProvider.cs(9,17): warning CS1591: Missing XML comment for publicly visible type or member 'SmsDeliveryProvider.Deliver(GeneratedNotification)' [/Users/kady/Masterdom/src/Masterdom.Modules.Notifications/Masterdom.Modules.Notifications.csproj]
/Users/kady/Masterdom/src/Masterdom.Modules.Notifications/Application/Services/WhatsAppDeliveryProvider.cs(5,21): warning CS1591: Missing XML comment for publicly visible type or member 'WhatsAppDeliveryProvider' [/Users/kady/Masterdom/src/Masterdom.Modules.Notifications/Masterdom.Modules.Notifications.csproj]
/Users/kady/Masterdom/src/Masterdom.Modules.Notifications/Application/Services/WhatsAppDeliveryProvider.cs(7,28): warning CS1591: Missing XML comment for publicly visible type or member 'WhatsAppDeliveryProvider.Channel' [/Users/kady/Masterdom/src/Masterdom.Modules.Notifications/Masterdom.Modules.Notifications.csproj]
/Users/kady/Masterdom/src/Masterdom.Modules.Notifications/Application/Services/WhatsAppDeliveryProvider.cs(9,17): warning CS1591: Missing XML comment for publicly visible type or member 'WhatsAppDeliveryProvider.Deliver(GeneratedNotification)' [/Users/kady/Masterdom/src/Masterdom.Modules.Notifications/Masterdom.Modules.Notifications.csproj]
/Users/kady/Masterdom/src/Masterdom.Modules.Notifications/Application/Support/ExecutionResult.cs(3,14): warning CS1591: Missing XML comment for publicly visible type or member 'ExecutionResult' [/Users/kady/Masterdom/src/Masterdom.Modules.Notifications/Masterdom.Modules.Notifications.csproj]
/Users/kady/Masterdom/src/Masterdom.Modules.Notifications/Application/Support/ExecutionResult.cs(5,15): warning CS1591: Missing XML comment for publicly visible type or member 'ExecutionResult.ExecutionResult(bool, string?, string?)' [/Users/kady/Masterdom/src/Masterdom.Modules.Notifications/Masterdom.Modules.Notifications.csproj]
/Users/kady/Masterdom/src/Masterdom.Modules.Notifications/Application/Support/ExecutionResult.cs(12,17): warning CS1591: Missing XML comment for publicly visible type or member 'ExecutionResult.IsSuccess' [/Users/kady/Masterdom/src/Masterdom.Modules.Notifications/Masterdom.Modules.Notifications.csproj]
/Users/kady/Masterdom/src/Masterdom.Modules.Notifications/Application/Support/ExecutionResult.cs(14,20): warning CS1591: Missing XML comment for publicly visible type or member 'ExecutionResult.ErrorCode' [/Users/kady/Masterdom/src/Masterdom.Modules.Notifications/Masterdom.Modules.Notifications.csproj]
/Users/kady/Masterdom/src/Masterdom.Modules.Notifications/Application/Support/ExecutionResult.cs(16,20): warning CS1591: Missing XML comment for publicly visible type or member 'ExecutionResult.ErrorMessage' [/Users/kady/Masterdom/src/Masterdom.Modules.Notifications/Masterdom.Modules.Notifications.csproj]
/Users/kady/Masterdom/src/Masterdom.Modules.Notifications/Application/Support/ExecutionResult.cs(18,35): warning CS1591: Missing XML comment for publicly visible type or member 'ExecutionResult.Success()' [/Users/kady/Masterdom/src/Masterdom.Modules.Notifications/Masterdom.Modules.Notifications.csproj]
/Users/kady/Masterdom/src/Masterdom.Modules.Notifications/Application/Support/ExecutionResult.cs(20,35): warning CS1591: Missing XML comment for publicly visible type or member 'ExecutionResult.Failure(string, string)' [/Users/kady/Masterdom/src/Masterdom.Modules.Notifications/Masterdom.Modules.Notifications.csproj]
/Users/kady/Masterdom/src/Masterdom.Modules.Notifications/Application/Support/ExecutionResult.cs(24,21): warning CS1591: Missing XML comment for publicly visible type or member 'ExecutionResult<T>' [/Users/kady/Masterdom/src/Masterdom.Modules.Notifications/Masterdom.Modules.Notifications.csproj]
/Users/kady/Masterdom/src/Masterdom.Modules.Notifications/Application/Support/ExecutionResult.cs(32,15): warning CS1591: Missing XML comment for publicly visible type or member 'ExecutionResult<T>.Value' [/Users/kady/Masterdom/src/Masterdom.Modules.Notifications/Masterdom.Modules.Notifications.csproj]
/Users/kady/Masterdom/src/Masterdom.Modules.Notifications/Application/Support/ExecutionResult.cs(34,38): warning CS1591: Missing XML comment for publicly visible type or member 'ExecutionResult<T>.Success(T)' [/Users/kady/Masterdom/src/Masterdom.Modules.Notifications/Masterdom.Modules.Notifications.csproj]
/Users/kady/Masterdom/src/Masterdom.Modules.Notifications/Application/Support/ExecutionResult.cs(36,42): warning CS1591: Missing XML comment for publicly visible type or member 'ExecutionResult<T>.Failure(string, string)' [/Users/kady/Masterdom/src/Masterdom.Modules.Notifications/Masterdom.Modules.Notifications.csproj]
/Users/kady/Masterdom/src/Masterdom.Modules.Notifications/Application/Support/ICommandHandler.cs(3,18): warning CS1591: Missing XML comment for publicly visible type or member 'ICommandHandler<TCommand, TResult>' [/Users/kady/Masterdom/src/Masterdom.Modules.Notifications/Masterdom.Modules.Notifications.csproj]
/Users/kady/Masterdom/src/Masterdom.Modules.Notifications/Application/Support/ICommandHandler.cs(5,13): warning CS1591: Missing XML comment for publicly visible type or member 'ICommandHandler<TCommand, TResult>.Handle(TCommand)' [/Users/kady/Masterdom/src/Masterdom.Modules.Notifications/Masterdom.Modules.Notifications.csproj]
/Users/kady/Masterdom/src/Masterdom.Modules.Notifications/Application/Support/IQueryHandler.cs(3,18): warning CS1591: Missing XML comment for publicly visible type or member 'IQueryHandler<TQuery, TResult>' [/Users/kady/Masterdom/src/Masterdom.Modules.Notifications/Masterdom.Modules.Notifications.csproj]
/Users/kady/Masterdom/src/Masterdom.Modules.Notifications/Application/Support/IQueryHandler.cs(5,13): warning CS1591: Missing XML comment for publicly visible type or member 'IQueryHandler<TQuery, TResult>.Handle(TQuery)' [/Users/kady/Masterdom/src/Masterdom.Modules.Notifications/Masterdom.Modules.Notifications.csproj]
  Masterdom.Modules.Properties -> /Users/kady/Masterdom/src/Masterdom.Modules.Properties/bin/Debug/net10.0/Masterdom.Modules.Properties.dll
  Masterdom.Modules.Maintenance -> /Users/kady/Masterdom/src/Masterdom.Modules.Maintenance/bin/Debug/net10.0/Masterdom.Modules.Maintenance.dll
  Masterdom.Modules.Reporting -> /Users/kady/Masterdom/src/Masterdom.Modules.Reporting/bin/Debug/net10.0/Masterdom.Modules.Reporting.dll
  Masterdom.Modules.Notifications -> /Users/kady/Masterdom/src/Masterdom.Modules.Notifications/bin/Debug/net10.0/Masterdom.Modules.Notifications.dll
/Users/kady/Masterdom/src/Masterdom.Modules.Documents/Application/Commands/GenerateDocumentCommand.cs(5,22): warning CS1591: Missing XML comment for publicly visible type or member 'GenerateDocumentCommand' [/Users/kady/Masterdom/src/Masterdom.Modules.Documents/Masterdom.Modules.Documents.csproj]
/Users/kady/Masterdom/src/Masterdom.Modules.Documents/Application/Commands/GenerateDocumentCommand.cs(5,22): warning CS1591: Missing XML comment for publicly visible type or member 'GenerateDocumentCommand.GenerateDocumentCommand(string, Guid, IReadOnlyDictionary<string, string>, string?, int?, DocumentExportFormat)' [/Users/kady/Masterdom/src/Masterdom.Modules.Documents/Masterdom.Modules.Documents.csproj]
/Users/kady/Masterdom/src/Masterdom.Modules.Documents/Application/Commands/GenerateDocumentCommand.cs(6,12): warning CS1591: Missing XML comment for publicly visible type or member 'GenerateDocumentCommand.DocumentType' [/Users/kady/Masterdom/src/Masterdom.Modules.Documents/Masterdom.Modules.Documents.csproj]
/Users/kady/Masterdom/src/Masterdom.Modules.Documents/Application/Commands/GenerateDocumentCommand.cs(7,10): warning CS1591: Missing XML comment for publicly visible type or member 'GenerateDocumentCommand.RequestedBy' [/Users/kady/Masterdom/src/Masterdom.Modules.Documents/Masterdom.Modules.Documents.csproj]
/Users/kady/Masterdom/src/Masterdom.Modules.Documents/Application/Commands/GenerateDocumentCommand.cs(8,41): warning CS1591: Missing XML comment for publicly visible type or member 'GenerateDocumentCommand.Parameters' [/Users/kady/Masterdom/src/Masterdom.Modules.Documents/Masterdom.Modules.Documents.csproj]
/Users/kady/Masterdom/src/Masterdom.Modules.Documents/Application/Commands/GenerateDocumentCommand.cs(9,13): warning CS1591: Missing XML comment for publicly visible type or member 'GenerateDocumentCommand.TemplateCode' [/Users/kady/Masterdom/src/Masterdom.Modules.Documents/Masterdom.Modules.Documents.csproj]
/Users/kady/Masterdom/src/Masterdom.Modules.Documents/Application/Commands/GenerateDocumentCommand.cs(10,10): warning CS1591: Missing XML comment for publicly visible type or member 'GenerateDocumentCommand.TemplateVersion' [/Users/kady/Masterdom/src/Masterdom.Modules.Documents/Masterdom.Modules.Documents.csproj]
/Users/kady/Masterdom/src/Masterdom.Modules.Documents/Application/Commands/GenerateDocumentCommand.cs(11,26): warning CS1591: Missing XML comment for publicly visible type or member 'GenerateDocumentCommand.ExportFormat' [/Users/kady/Masterdom/src/Masterdom.Modules.Documents/Masterdom.Modules.Documents.csproj]
/Users/kady/Masterdom/src/Masterdom.Modules.Documents/Application/Commands/RegenerateDocumentCommand.cs(5,22): warning CS1591: Missing XML comment for publicly visible type or member 'RegenerateDocumentCommand' [/Users/kady/Masterdom/src/Masterdom.Modules.Documents/Masterdom.Modules.Documents.csproj]
/Users/kady/Masterdom/src/Masterdom.Modules.Documents/Application/Commands/RegenerateDocumentCommand.cs(5,22): warning CS1591: Missing XML comment for publicly visible type or member 'RegenerateDocumentCommand.RegenerateDocumentCommand(string, Guid, DocumentExportFormat)' [/Users/kady/Masterdom/src/Masterdom.Modules.Documents/Masterdom.Modules.Documents.csproj]
/Users/kady/Masterdom/src/Masterdom.Modules.Documents/Application/Commands/RegenerateDocumentCommand.cs(6,12): warning CS1591: Missing XML comment for publicly visible type or member 'RegenerateDocumentCommand.DocumentId' [/Users/kady/Masterdom/src/Masterdom.Modules.Documents/Masterdom.Modules.Documents.csproj]
/Users/kady/Masterdom/src/Masterdom.Modules.Documents/Application/Commands/RegenerateDocumentCommand.cs(7,10): warning CS1591: Missing XML comment for publicly visible type or member 'RegenerateDocumentCommand.RequestedBy' [/Users/kady/Masterdom/src/Masterdom.Modules.Documents/Masterdom.Modules.Documents.csproj]
/Users/kady/Masterdom/src/Masterdom.Modules.Documents/Application/Commands/RegenerateDocumentCommand.cs(8,26): warning CS1591: Missing XML comment for publicly visible type or member 'RegenerateDocumentCommand.ExportFormat' [/Users/kady/Masterdom/src/Masterdom.Modules.Documents/Masterdom.Modules.Documents.csproj]
/Users/kady/Masterdom/src/Masterdom.Modules.Documents/Application/Handlers/Commands/GenerateDocumentCommandHandler.cs(8,21): warning CS1591: Missing XML comment for publicly visible type or member 'GenerateDocumentCommandHandler' [/Users/kady/Masterdom/src/Masterdom.Modules.Documents/Masterdom.Modules.Documents.csproj]
/Users/kady/Masterdom/src/Masterdom.Modules.Documents/Application/Handlers/Commands/GenerateDocumentCommandHandler.cs(13,12): warning CS1591: Missing XML comment for publicly visible type or member 'GenerateDocumentCommandHandler.GenerateDocumentCommandHandler(IDocumentApplicationService)' [/Users/kady/Masterdom/src/Masterdom.Modules.Documents/Masterdom.Modules.Documents.csproj]
/Users/kady/Masterdom/src/Masterdom.Modules.Documents/Application/Handlers/Commands/GenerateDocumentCommandHandler.cs(18,47): warning CS1591: Missing XML comment for publicly visible type or member 'GenerateDocumentCommandHandler.Handle(GenerateDocumentCommand)' [/Users/kady/Masterdom/src/Masterdom.Modules.Documents/Masterdom.Modules.Documents.csproj]
/Users/kady/Masterdom/src/Masterdom.Modules.Documents/Application/Handlers/Commands/RegenerateDocumentCommandHandler.cs(8,21): warning CS1591: Missing XML comment for publicly visible type or member 'RegenerateDocumentCommandHandler' [/Users/kady/Masterdom/src/Masterdom.Modules.Documents/Masterdom.Modules.Documents.csproj]
/Users/kady/Masterdom/src/Masterdom.Modules.Documents/Application/Handlers/Commands/RegenerateDocumentCommandHandler.cs(13,12): warning CS1591: Missing XML comment for publicly visible type or member 'RegenerateDocumentCommandHandler.RegenerateDocumentCommandHandler(IDocumentApplicationService)' [/Users/kady/Masterdom/src/Masterdom.Modules.Documents/Masterdom.Modules.Documents.csproj]
/Users/kady/Masterdom/src/Masterdom.Modules.Documents/Application/Handlers/Commands/RegenerateDocumentCommandHandler.cs(18,47): warning CS1591: Missing XML comment for publicly visible type or member 'RegenerateDocumentCommandHandler.Handle(RegenerateDocumentCommand)' [/Users/kady/Masterdom/src/Masterdom.Modules.Documents/Masterdom.Modules.Documents.csproj]
/Users/kady/Masterdom/src/Masterdom.Modules.Documents/Application/Handlers/Queries/DownloadDocumentQueryHandler.cs(8,21): warning CS1591: Missing XML comment for publicly visible type or member 'DownloadDocumentQueryHandler' [/Users/kady/Masterdom/src/Masterdom.Modules.Documents/Masterdom.Modules.Documents.csproj]
/Users/kady/Masterdom/src/Masterdom.Modules.Documents/Application/Handlers/Queries/DownloadDocumentQueryHandler.cs(13,12): warning CS1591: Missing XML comment for publicly visible type or member 'DownloadDocumentQueryHandler.DownloadDocumentQueryHandler(IDocumentApplicationService)' [/Users/kady/Masterdom/src/Masterdom.Modules.Documents/Masterdom.Modules.Documents.csproj]
/Users/kady/Masterdom/src/Masterdom.Modules.Documents/Application/Handlers/Queries/DownloadDocumentQueryHandler.cs(18,47): warning CS1591: Missing XML comment for publicly visible type or member 'DownloadDocumentQueryHandler.Handle(DownloadDocumentQuery)' [/Users/kady/Masterdom/src/Masterdom.Modules.Documents/Masterdom.Modules.Documents.csproj]
/Users/kady/Masterdom/src/Masterdom.Modules.Documents/Application/Handlers/Queries/GetDocumentHistoryQueryHandler.cs(8,21): warning CS1591: Missing XML comment for publicly visible type or member 'GetDocumentHistoryQueryHandler' [/Users/kady/Masterdom/src/Masterdom.Modules.Documents/Masterdom.Modules.Documents.csproj]
/Users/kady/Masterdom/src/Masterdom.Modules.Documents/Application/Handlers/Queries/GetDocumentHistoryQueryHandler.cs(13,12): warning CS1591: Missing XML comment for publicly visible type or member 'GetDocumentHistoryQueryHandler.GetDocumentHistoryQueryHandler(IDocumentApplicationService)' [/Users/kady/Masterdom/src/Masterdom.Modules.Documents/Masterdom.Modules.Documents.csproj]
/Users/kady/Masterdom/src/Masterdom.Modules.Documents/Application/Handlers/Queries/GetDocumentHistoryQueryHandler.cs(18,71): warning CS1591: Missing XML comment for publicly visible type or member 'GetDocumentHistoryQueryHandler.Handle(GetDocumentHistoryQuery)' [/Users/kady/Masterdom/src/Masterdom.Modules.Documents/Masterdom.Modules.Documents.csproj]
/Users/kady/Masterdom/src/Masterdom.Modules.Documents/Application/Handlers/Queries/PreviewDocumentQueryHandler.cs(8,21): warning CS1591: Missing XML comment for publicly visible type or member 'PreviewDocumentQueryHandler' [/Users/kady/Masterdom/src/Masterdom.Modules.Documents/Masterdom.Modules.Documents.csproj]
/Users/kady/Masterdom/src/Masterdom.Modules.Documents/Application/Handlers/Queries/PreviewDocumentQueryHandler.cs(13,12): warning CS1591: Missing XML comment for publicly visible type or member 'PreviewDocumentQueryHandler.PreviewDocumentQueryHandler(IDocumentApplicationService)' [/Users/kady/Masterdom/src/Masterdom.Modules.Documents/Masterdom.Modules.Documents.csproj]
/Users/kady/Masterdom/src/Masterdom.Modules.Documents/Application/Handlers/Queries/PreviewDocumentQueryHandler.cs(18,47): warning CS1591: Missing XML comment for publicly visible type or member 'PreviewDocumentQueryHandler.Handle(PreviewDocumentQuery)' [/Users/kady/Masterdom/src/Masterdom.Modules.Documents/Masterdom.Modules.Documents.csproj]
/Users/kady/Masterdom/src/Masterdom.Modules.Documents/Application/Models/DocumentCategory.cs(3,13): warning CS1591: Missing XML comment for publicly visible type or member 'DocumentCategory' [/Users/kady/Masterdom/src/Masterdom.Modules.Documents/Masterdom.Modules.Documents.csproj]
/Users/kady/Masterdom/src/Masterdom.Modules.Documents/Application/Models/DocumentCategory.cs(5,5): warning CS1591: Missing XML comment for publicly visible type or member 'DocumentCategory.Tenancy' [/Users/kady/Masterdom/src/Masterdom.Modules.Documents/Masterdom.Modules.Documents.csproj]
/Users/kady/Masterdom/src/Masterdom.Modules.Documents/Application/Models/DocumentCategory.cs(6,5): warning CS1591: Missing XML comment for publicly visible type or member 'DocumentCategory.Billing' [/Users/kady/Masterdom/src/Masterdom.Modules.Documents/Masterdom.Modules.Documents.csproj]
/Users/kady/Masterdom/src/Masterdom.Modules.Documents/Application/Models/DocumentCategory.cs(7,5): warning CS1591: Missing XML comment for publicly visible type or member 'DocumentCategory.Payment' [/Users/kady/Masterdom/src/Masterdom.Modules.Documents/Masterdom.Modules.Documents.csproj]
/Users/kady/Masterdom/src/Masterdom.Modules.Documents/Application/Models/DocumentCategory.cs(8,5): warning CS1591: Missing XML comment for publicly visible type or member 'DocumentCategory.FinancialLedger' [/Users/kady/Masterdom/src/Masterdom.Modules.Documents/Masterdom.Modules.Documents.csproj]
/Users/kady/Masterdom/src/Masterdom.Modules.Documents/Application/Models/DocumentCategory.cs(9,5): warning CS1591: Missing XML comment for publicly visible type or member 'DocumentCategory.Property' [/Users/kady/Masterdom/src/Masterdom.Modules.Documents/Masterdom.Modules.Documents.csproj]
/Users/kady/Masterdom/src/Masterdom.Modules.Documents/Application/Models/DocumentCategory.cs(10,5): warning CS1591: Missing XML comment for publicly visible type or member 'DocumentCategory.Management' [/Users/kady/Masterdom/src/Masterdom.Modules.Documents/Masterdom.Modules.Documents.csproj]
/Users/kady/Masterdom/src/Masterdom.Modules.Documents/Application/Models/DocumentExportFormat.cs(3,13): warning CS1591: Missing XML comment for publicly visible type or member 'DocumentExportFormat' [/Users/kady/Masterdom/src/Masterdom.Modules.Documents/Masterdom.Modules.Documents.csproj]
/Users/kady/Masterdom/src/Masterdom.Modules.Documents/Application/Models/DocumentExportFormat.cs(5,5): warning CS1591: Missing XML comment for publicly visible type or member 'DocumentExportFormat.Pdf' [/Users/kady/Masterdom/src/Masterdom.Modules.Documents/Masterdom.Modules.Documents.csproj]
/Users/kady/Masterdom/src/Masterdom.Modules.Documents/Application/Models/DocumentExportFormat.cs(6,5): warning CS1591: Missing XML comment for publicly visible type or member 'DocumentExportFormat.Html' [/Users/kady/Masterdom/src/Masterdom.Modules.Documents/Masterdom.Modules.Documents.csproj]
/Users/kady/Masterdom/src/Masterdom.Modules.Documents/Application/Models/DocumentExportFormat.cs(7,5): warning CS1591: Missing XML comment for publicly visible type or member 'DocumentExportFormat.Text' [/Users/kady/Masterdom/src/Masterdom.Modules.Documents/Masterdom.Modules.Documents.csproj]
/Users/kady/Masterdom/src/Masterdom.Modules.Documents/Application/Models/DocumentHistoryEntry.cs(3,22): warning CS1591: Missing XML comment for publicly visible type or member 'DocumentHistoryEntry' [/Users/kady/Masterdom/src/Masterdom.Modules.Documents/Masterdom.Modules.Documents.csproj]
/Users/kady/Masterdom/src/Masterdom.Modules.Documents/Application/Models/DocumentHistoryEntry.cs(3,22): warning CS1591: Missing XML comment for publicly visible type or member 'DocumentHistoryEntry.DocumentHistoryEntry(string, string, DocumentCategory, string, int, string, string, string, DateTime, Guid, IReadOnlyDictionary<string, string>)' [/Users/kady/Masterdom/src/Masterdom.Modules.Documents/Masterdom.Modules.Documents.csproj]
/Users/kady/Masterdom/src/Masterdom.Modules.Documents/Application/Models/DocumentHistoryEntry.cs(4,12): warning CS1591: Missing XML comment for publicly visible type or member 'DocumentHistoryEntry.DocumentId' [/Users/kady/Masterdom/src/Masterdom.Modules.Documents/Masterdom.Modules.Documents.csproj]
/Users/kady/Masterdom/src/Masterdom.Modules.Documents/Application/Models/DocumentHistoryEntry.cs(5,12): warning CS1591: Missing XML comment for publicly visible type or member 'DocumentHistoryEntry.DocumentType' [/Users/kady/Masterdom/src/Masterdom.Modules.Documents/Masterdom.Modules.Documents.csproj]
/Users/kady/Masterdom/src/Masterdom.Modules.Documents/Application/Models/DocumentHistoryEntry.cs(6,22): warning CS1591: Missing XML comment for publicly visible type or member 'DocumentHistoryEntry.Category' [/Users/kady/Masterdom/src/Masterdom.Modules.Documents/Masterdom.Modules.Documents.csproj]
/Users/kady/Masterdom/src/Masterdom.Modules.Documents/Application/Models/DocumentHistoryEntry.cs(7,12): warning CS1591: Missing XML comment for publicly visible type or member 'DocumentHistoryEntry.TemplateCode' [/Users/kady/Masterdom/src/Masterdom.Modules.Documents/Masterdom.Modules.Documents.csproj]
/Users/kady/Masterdom/src/Masterdom.Modules.Documents/Application/Models/DocumentHistoryEntry.cs(8,9): warning CS1591: Missing XML comment for publicly visible type or member 'DocumentHistoryEntry.TemplateVersion' [/Users/kady/Masterdom/src/Masterdom.Modules.Documents/Masterdom.Modules.Documents.csproj]
/Users/kady/Masterdom/src/Masterdom.Modules.Documents/Application/Models/DocumentHistoryEntry.cs(9,12): warning CS1591: Missing XML comment for publicly visible type or member 'DocumentHistoryEntry.FileName' [/Users/kady/Masterdom/src/Masterdom.Modules.Documents/Masterdom.Modules.Documents.csproj]
/Users/kady/Masterdom/src/Masterdom.Modules.Documents/Application/Models/DocumentHistoryEntry.cs(10,12): warning CS1591: Missing XML comment for publicly visible type or member 'DocumentHistoryEntry.MimeType' [/Users/kady/Masterdom/src/Masterdom.Modules.Documents/Masterdom.Modules.Documents.csproj]
/Users/kady/Masterdom/src/Masterdom.Modules.Documents/Application/Models/DocumentHistoryEntry.cs(11,12): warning CS1591: Missing XML comment for publicly visible type or member 'DocumentHistoryEntry.Content' [/Users/kady/Masterdom/src/Masterdom.Modules.Documents/Masterdom.Modules.Documents.csproj]
/Users/kady/Masterdom/src/Masterdom.Modules.Documents/Application/Models/DocumentHistoryEntry.cs(12,14): warning CS1591: Missing XML comment for publicly visible type or member 'DocumentHistoryEntry.GeneratedAtUtc' [/Users/kady/Masterdom/src/Masterdom.Modules.Documents/Masterdom.Modules.Documents.csproj]
/Users/kady/Masterdom/src/Masterdom.Modules.Documents/Application/Models/DocumentHistoryEntry.cs(13,10): warning CS1591: Missing XML comment for publicly visible type or member 'DocumentHistoryEntry.RequestedBy' [/Users/kady/Masterdom/src/Masterdom.Modules.Documents/Masterdom.Modules.Documents.csproj]
/Users/kady/Masterdom/src/Masterdom.Modules.Documents/Application/Models/DocumentHistoryEntry.cs(14,41): warning CS1591: Missing XML comment for publicly visible type or member 'DocumentHistoryEntry.Parameters' [/Users/kady/Masterdom/src/Masterdom.Modules.Documents/Masterdom.Modules.Documents.csproj]
/Users/kady/Masterdom/src/Masterdom.Modules.Documents/Application/Models/DocumentReadModelRegistration.cs(3,22): warning CS1591: Missing XML comment for publicly visible type or member 'DocumentReadModelRegistration' [/Users/kady/Masterdom/src/Masterdom.Modules.Documents/Masterdom.Modules.Documents.csproj]
/Users/kady/Masterdom/src/Masterdom.Modules.Documents/Application/Models/DocumentReadModelRegistration.cs(3,22): warning CS1591: Missing XML comment for publicly visible type or member 'DocumentReadModelRegistration.DocumentReadModelRegistration(string, string, DocumentCategory, string, IReadOnlyCollection<string>, string)' [/Users/kady/Masterdom/src/Masterdom.Modules.Documents/Masterdom.Modules.Documents.csproj]
/Users/kady/Masterdom/src/Masterdom.Modules.Documents/Application/Models/DocumentReadModelRegistration.cs(4,12): warning CS1591: Missing XML comment for publicly visible type or member 'DocumentReadModelRegistration.DocumentType' [/Users/kady/Masterdom/src/Masterdom.Modules.Documents/Masterdom.Modules.Documents.csproj]
/Users/kady/Masterdom/src/Masterdom.Modules.Documents/Application/Models/DocumentReadModelRegistration.cs(5,12): warning CS1591: Missing XML comment for publicly visible type or member 'DocumentReadModelRegistration.ReadModelKey' [/Users/kady/Masterdom/src/Masterdom.Modules.Documents/Masterdom.Modules.Documents.csproj]
/Users/kady/Masterdom/src/Masterdom.Modules.Documents/Application/Models/DocumentReadModelRegistration.cs(6,22): warning CS1591: Missing XML comment for publicly visible type or member 'DocumentReadModelRegistration.Category' [/Users/kady/Masterdom/src/Masterdom.Modules.Documents/Masterdom.Modules.Documents.csproj]
/Users/kady/Masterdom/src/Masterdom.Modules.Documents/Application/Models/DocumentReadModelRegistration.cs(7,12): warning CS1591: Missing XML comment for publicly visible type or member 'DocumentReadModelRegistration.DefaultTemplateCode' [/Users/kady/Masterdom/src/Masterdom.Modules.Documents/Masterdom.Modules.Documents.csproj]
/Users/kady/Masterdom/src/Masterdom.Modules.Documents/Application/Models/DocumentReadModelRegistration.cs(8,33): warning CS1591: Missing XML comment for publicly visible type or member 'DocumentReadModelRegistration.SupportedParameters' [/Users/kady/Masterdom/src/Masterdom.Modules.Documents/Masterdom.Modules.Documents.csproj]
/Users/kady/Masterdom/src/Masterdom.Modules.Documents/Application/Models/DocumentReadModelRegistration.cs(9,12): warning CS1591: Missing XML comment for publicly visible type or member 'DocumentReadModelRegistration.Description' [/Users/kady/Masterdom/src/Masterdom.Modules.Documents/Masterdom.Modules.Documents.csproj]
/Users/kady/Masterdom/src/Masterdom.Modules.Documents/Application/Models/DocumentTemplate.cs(3,22): warning CS1591: Missing XML comment for publicly visible type or member 'DocumentTemplate' [/Users/kady/Masterdom/src/Masterdom.Modules.Documents/Masterdom.Modules.Documents.csproj]
/Users/kady/Masterdom/src/Masterdom.Modules.Documents/Application/Models/DocumentTemplate.cs(3,22): warning CS1591: Missing XML comment for publicly visible type or member 'DocumentTemplate.DocumentTemplate(string, string, int, bool, string, IReadOnlyCollection<string>, IReadOnlyDictionary<string, string>)' [/Users/kady/Masterdom/src/Masterdom.Modules.Documents/Masterdom.Modules.Documents.csproj]
/Users/kady/Masterdom/src/Masterdom.Modules.Documents/Application/Models/DocumentTemplate.cs(4,12): warning CS1591: Missing XML comment for publicly visible type or member 'DocumentTemplate.TemplateCode' [/Users/kady/Masterdom/src/Masterdom.Modules.Documents/Masterdom.Modules.Documents.csproj]
/Users/kady/Masterdom/src/Masterdom.Modules.Documents/Application/Models/DocumentTemplate.cs(5,12): warning CS1591: Missing XML comment for publicly visible type or member 'DocumentTemplate.DocumentType' [/Users/kady/Masterdom/src/Masterdom.Modules.Documents/Masterdom.Modules.Documents.csproj]
/Users/kady/Masterdom/src/Masterdom.Modules.Documents/Application/Models/DocumentTemplate.cs(6,9): warning CS1591: Missing XML comment for publicly visible type or member 'DocumentTemplate.Version' [/Users/kady/Masterdom/src/Masterdom.Modules.Documents/Masterdom.Modules.Documents.csproj]
/Users/kady/Masterdom/src/Masterdom.Modules.Documents/Application/Models/DocumentTemplate.cs(7,10): warning CS1591: Missing XML comment for publicly visible type or member 'DocumentTemplate.IsActive' [/Users/kady/Masterdom/src/Masterdom.Modules.Documents/Masterdom.Modules.Documents.csproj]
/Users/kady/Masterdom/src/Masterdom.Modules.Documents/Application/Models/DocumentTemplate.cs(8,12): warning CS1591: Missing XML comment for publicly visible type or member 'DocumentTemplate.Layout' [/Users/kady/Masterdom/src/Masterdom.Modules.Documents/Masterdom.Modules.Documents.csproj]
/Users/kady/Masterdom/src/Masterdom.Modules.Documents/Application/Models/DocumentTemplate.cs(9,33): warning CS1591: Missing XML comment for publicly visible type or member 'DocumentTemplate.ParameterKeys' [/Users/kady/Masterdom/src/Masterdom.Modules.Documents/Masterdom.Modules.Documents.csproj]
/Users/kady/Masterdom/src/Masterdom.Modules.Documents/Application/Models/DocumentTemplate.cs(10,41): warning CS1591: Missing XML comment for publicly visible type or member 'DocumentTemplate.Metadata' [/Users/kady/Masterdom/src/Masterdom.Modules.Documents/Masterdom.Modules.Documents.csproj]
/Users/kady/Masterdom/src/Masterdom.Modules.Documents/Application/Models/DocumentTypeCatalog.cs(3,21): warning CS1591: Missing XML comment for publicly visible type or member 'DocumentTypeCatalog' [/Users/kady/Masterdom/src/Masterdom.Modules.Documents/Masterdom.Modules.Documents.csproj]
/Users/kady/Masterdom/src/Masterdom.Modules.Documents/Application/Models/DocumentTypeCatalog.cs(5,25): warning CS1591: Missing XML comment for publicly visible type or member 'DocumentTypeCatalog.TenancyAgreement' [/Users/kady/Masterdom/src/Masterdom.Modules.Documents/Masterdom.Modules.Documents.csproj]
/Users/kady/Masterdom/src/Masterdom.Modules.Documents/Application/Models/DocumentTypeCatalog.cs(6,25): warning CS1591: Missing XML comment for publicly visible type or member 'DocumentTypeCatalog.MoveInForm' [/Users/kady/Masterdom/src/Masterdom.Modules.Documents/Masterdom.Modules.Documents.csproj]
/Users/kady/Masterdom/src/Masterdom.Modules.Documents/Application/Models/DocumentTypeCatalog.cs(7,25): warning CS1591: Missing XML comment for publicly visible type or member 'DocumentTypeCatalog.MoveOutForm' [/Users/kady/Masterdom/src/Masterdom.Modules.Documents/Masterdom.Modules.Documents.csproj]
/Users/kady/Masterdom/src/Masterdom.Modules.Documents/Application/Models/DocumentTypeCatalog.cs(8,25): warning CS1591: Missing XML comment for publicly visible type or member 'DocumentTypeCatalog.OccupancyCertificate' [/Users/kady/Masterdom/src/Masterdom.Modules.Documents/Masterdom.Modules.Documents.csproj]
/Users/kady/Masterdom/src/Masterdom.Modules.Documents/Application/Models/DocumentTypeCatalog.cs(9,25): warning CS1591: Missing XML comment for publicly visible type or member 'DocumentTypeCatalog.Noc' [/Users/kady/Masterdom/src/Masterdom.Modules.Documents/Masterdom.Modules.Documents.csproj]
/Users/kady/Masterdom/src/Masterdom.Modules.Documents/Application/Models/DocumentTypeCatalog.cs(11,25): warning CS1591: Missing XML comment for publicly visible type or member 'DocumentTypeCatalog.Bill' [/Users/kady/Masterdom/src/Masterdom.Modules.Documents/Masterdom.Modules.Documents.csproj]
/Users/kady/Masterdom/src/Masterdom.Modules.Documents/Application/Models/DocumentTypeCatalog.cs(12,25): warning CS1591: Missing XML comment for publicly visible type or member 'DocumentTypeCatalog.TaxInvoice' [/Users/kady/Masterdom/src/Masterdom.Modules.Documents/Masterdom.Modules.Documents.csproj]
/Users/kady/Masterdom/src/Masterdom.Modules.Documents/Application/Models/DocumentTypeCatalog.cs(13,25): warning CS1591: Missing XML comment for publicly visible type or member 'DocumentTypeCatalog.DebitNote' [/Users/kady/Masterdom/src/Masterdom.Modules.Documents/Masterdom.Modules.Documents.csproj]
/Users/kady/Masterdom/src/Masterdom.Modules.Documents/Application/Models/DocumentTypeCatalog.cs(14,25): warning CS1591: Missing XML comment for publicly visible type or member 'DocumentTypeCatalog.CreditNote' [/Users/kady/Masterdom/src/Masterdom.Modules.Documents/Masterdom.Modules.Documents.csproj]
/Users/kady/Masterdom/src/Masterdom.Modules.Documents/Application/Models/DocumentTypeCatalog.cs(16,25): warning CS1591: Missing XML comment for publicly visible type or member 'DocumentTypeCatalog.PaymentReceipt' [/Users/kady/Masterdom/src/Masterdom.Modules.Documents/Masterdom.Modules.Documents.csproj]
/Users/kady/Masterdom/src/Masterdom.Modules.Documents/Application/Models/DocumentTypeCatalog.cs(17,25): warning CS1591: Missing XML comment for publicly visible type or member 'DocumentTypeCatalog.RefundReceipt' [/Users/kady/Masterdom/src/Masterdom.Modules.Documents/Masterdom.Modules.Documents.csproj]
/Users/kady/Masterdom/src/Masterdom.Modules.Documents/Application/Models/DocumentTypeCatalog.cs(19,25): warning CS1591: Missing XML comment for publicly visible type or member 'DocumentTypeCatalog.AccountStatement' [/Users/kady/Masterdom/src/Masterdom.Modules.Documents/Masterdom.Modules.Documents.csproj]
/Users/kady/Masterdom/src/Masterdom.Modules.Documents/Application/Models/DocumentTypeCatalog.cs(20,25): warning CS1591: Missing XML comment for publicly visible type or member 'DocumentTypeCatalog.LedgerStatement' [/Users/kady/Masterdom/src/Masterdom.Modules.Documents/Masterdom.Modules.Documents.csproj]
/Users/kady/Masterdom/src/Masterdom.Modules.Documents/Application/Models/DocumentTypeCatalog.cs(22,25): warning CS1591: Missing XML comment for publicly visible type or member 'DocumentTypeCatalog.PropertySummary' [/Users/kady/Masterdom/src/Masterdom.Modules.Documents/Masterdom.Modules.Documents.csproj]
/Users/kady/Masterdom/src/Masterdom.Modules.Documents/Application/Models/DocumentTypeCatalog.cs(24,25): warning CS1591: Missing XML comment for publicly visible type or member 'DocumentTypeCatalog.ArrearsNotice' [/Users/kady/Masterdom/src/Masterdom.Modules.Documents/Masterdom.Modules.Documents.csproj]
/Users/kady/Masterdom/src/Masterdom.Modules.Documents/Application/Models/DocumentTypeCatalog.cs(25,25): warning CS1591: Missing XML comment for publicly visible type or member 'DocumentTypeCatalog.PaymentReminder' [/Users/kady/Masterdom/src/Masterdom.Modules.Documents/Masterdom.Modules.Documents.csproj]
/Users/kady/Masterdom/src/Masterdom.Modules.Documents/Application/Models/DocumentTypeCatalog.cs(26,25): warning CS1591: Missing XML comment for publicly visible type or member 'DocumentTypeCatalog.DemandNotice' [/Users/kady/Masterdom/src/Masterdom.Modules.Documents/Masterdom.Modules.Documents.csproj]
/Users/kady/Masterdom/src/Masterdom.Modules.Documents/Application/Models/DocumentTypeCatalog.cs(28,56): warning CS1591: Missing XML comment for publicly visible type or member 'DocumentTypeCatalog.All' [/Users/kady/Masterdom/src/Masterdom.Modules.Documents/Masterdom.Modules.Documents.csproj]
/Users/kady/Masterdom/src/Masterdom.Modules.Documents/Application/Models/DocumentTypeCatalog.cs(49,26): warning CS1591: Missing XML comment for publicly visible type or member 'DocumentTypeCatalog.Normalize(string)' [/Users/kady/Masterdom/src/Masterdom.Modules.Documents/Masterdom.Modules.Documents.csproj]
/Users/kady/Masterdom/src/Masterdom.Modules.Documents/Application/Models/GeneratedDocument.cs(3,22): warning CS1591: Missing XML comment for publicly visible type or member 'GeneratedDocument' [/Users/kady/Masterdom/src/Masterdom.Modules.Documents/Masterdom.Modules.Documents.csproj]
/Users/kady/Masterdom/src/Masterdom.Modules.Documents/Application/Models/GeneratedDocument.cs(3,22): warning CS1591: Missing XML comment for publicly visible type or member 'GeneratedDocument.GeneratedDocument(string, string, DocumentCategory, string, int, string, string, string, string, DateTime, IReadOnlyDictionary<string, string>)' [/Users/kady/Masterdom/src/Masterdom.Modules.Documents/Masterdom.Modules.Documents.csproj]
/Users/kady/Masterdom/src/Masterdom.Modules.Documents/Application/Models/GeneratedDocument.cs(4,12): warning CS1591: Missing XML comment for publicly visible type or member 'GeneratedDocument.DocumentId' [/Users/kady/Masterdom/src/Masterdom.Modules.Documents/Masterdom.Modules.Documents.csproj]
/Users/kady/Masterdom/src/Masterdom.Modules.Documents/Application/Models/GeneratedDocument.cs(5,12): warning CS1591: Missing XML comment for publicly visible type or member 'GeneratedDocument.DocumentType' [/Users/kady/Masterdom/src/Masterdom.Modules.Documents/Masterdom.Modules.Documents.csproj]
/Users/kady/Masterdom/src/Masterdom.Modules.Documents/Application/Models/GeneratedDocument.cs(6,22): warning CS1591: Missing XML comment for publicly visible type or member 'GeneratedDocument.Category' [/Users/kady/Masterdom/src/Masterdom.Modules.Documents/Masterdom.Modules.Documents.csproj]
/Users/kady/Masterdom/src/Masterdom.Modules.Documents/Application/Models/GeneratedDocument.cs(7,12): warning CS1591: Missing XML comment for publicly visible type or member 'GeneratedDocument.TemplateCode' [/Users/kady/Masterdom/src/Masterdom.Modules.Documents/Masterdom.Modules.Documents.csproj]
/Users/kady/Masterdom/src/Masterdom.Modules.Documents/Application/Models/GeneratedDocument.cs(8,9): warning CS1591: Missing XML comment for publicly visible type or member 'GeneratedDocument.TemplateVersion' [/Users/kady/Masterdom/src/Masterdom.Modules.Documents/Masterdom.Modules.Documents.csproj]
/Users/kady/Masterdom/src/Masterdom.Modules.Documents/Application/Models/GeneratedDocument.cs(9,12): warning CS1591: Missing XML comment for publicly visible type or member 'GeneratedDocument.FileName' [/Users/kady/Masterdom/src/Masterdom.Modules.Documents/Masterdom.Modules.Documents.csproj]
/Users/kady/Masterdom/src/Masterdom.Modules.Documents/Application/Models/GeneratedDocument.cs(10,12): warning CS1591: Missing XML comment for publicly visible type or member 'GeneratedDocument.MimeType' [/Users/kady/Masterdom/src/Masterdom.Modules.Documents/Masterdom.Modules.Documents.csproj]
/Users/kady/Masterdom/src/Masterdom.Modules.Documents/Application/Models/GeneratedDocument.cs(11,12): warning CS1591: Missing XML comment for publicly visible type or member 'GeneratedDocument.Content' [/Users/kady/Masterdom/src/Masterdom.Modules.Documents/Masterdom.Modules.Documents.csproj]
/Users/kady/Masterdom/src/Masterdom.Modules.Documents/Application/Models/GeneratedDocument.cs(12,12): warning CS1591: Missing XML comment for publicly visible type or member 'GeneratedDocument.Preview' [/Users/kady/Masterdom/src/Masterdom.Modules.Documents/Masterdom.Modules.Documents.csproj]
/Users/kady/Masterdom/src/Masterdom.Modules.Documents/Application/Models/GeneratedDocument.cs(13,14): warning CS1591: Missing XML comment for publicly visible type or member 'GeneratedDocument.GeneratedAtUtc' [/Users/kady/Masterdom/src/Masterdom.Modules.Documents/Masterdom.Modules.Documents.csproj]
/Users/kady/Masterdom/src/Masterdom.Modules.Documents/Application/Models/GeneratedDocument.cs(14,41): warning CS1591: Missing XML comment for publicly visible type or member 'GeneratedDocument.Parameters' [/Users/kady/Masterdom/src/Masterdom.Modules.Documents/Masterdom.Modules.Documents.csproj]
/Users/kady/Masterdom/src/Masterdom.Modules.Documents/Application/Queries/DownloadDocumentQuery.cs(3,22): warning CS1591: Missing XML comment for publicly visible type or member 'DownloadDocumentQuery' [/Users/kady/Masterdom/src/Masterdom.Modules.Documents/Masterdom.Modules.Documents.csproj]
/Users/kady/Masterdom/src/Masterdom.Modules.Documents/Application/Queries/DownloadDocumentQuery.cs(3,22): warning CS1591: Missing XML comment for publicly visible type or member 'DownloadDocumentQuery.DownloadDocumentQuery(string)' [/Users/kady/Masterdom/src/Masterdom.Modules.Documents/Masterdom.Modules.Documents.csproj]
/Users/kady/Masterdom/src/Masterdom.Modules.Documents/Application/Queries/DownloadDocumentQuery.cs(3,51): warning CS1591: Missing XML comment for publicly visible type or member 'DownloadDocumentQuery.DocumentId' [/Users/kady/Masterdom/src/Masterdom.Modules.Documents/Masterdom.Modules.Documents.csproj]
/Users/kady/Masterdom/src/Masterdom.Modules.Documents/Application/Queries/GetDocumentHistoryQuery.cs(3,22): warning CS1591: Missing XML comment for publicly visible type or member 'GetDocumentHistoryQuery' [/Users/kady/Masterdom/src/Masterdom.Modules.Documents/Masterdom.Modules.Documents.csproj]
/Users/kady/Masterdom/src/Masterdom.Modules.Documents/Application/Queries/GetDocumentHistoryQuery.cs(3,22): warning CS1591: Missing XML comment for publicly visible type or member 'GetDocumentHistoryQuery.GetDocumentHistoryQuery(string, int, int)' [/Users/kady/Masterdom/src/Masterdom.Modules.Documents/Masterdom.Modules.Documents.csproj]
/Users/kady/Masterdom/src/Masterdom.Modules.Documents/Application/Queries/GetDocumentHistoryQuery.cs(3,53): warning CS1591: Missing XML comment for publicly visible type or member 'GetDocumentHistoryQuery.DocumentType' [/Users/kady/Masterdom/src/Masterdom.Modules.Documents/Masterdom.Modules.Documents.csproj]
/Users/kady/Masterdom/src/Masterdom.Modules.Documents/Application/Queries/GetDocumentHistoryQuery.cs(3,71): warning CS1591: Missing XML comment for publicly visible type or member 'GetDocumentHistoryQuery.Page' [/Users/kady/Masterdom/src/Masterdom.Modules.Documents/Masterdom.Modules.Documents.csproj]
/Users/kady/Masterdom/src/Masterdom.Modules.Documents/Application/Queries/GetDocumentHistoryQuery.cs(3,81): warning CS1591: Missing XML comment for publicly visible type or member 'GetDocumentHistoryQuery.PageSize' [/Users/kady/Masterdom/src/Masterdom.Modules.Documents/Masterdom.Modules.Documents.csproj]
/Users/kady/Masterdom/src/Masterdom.Modules.Documents/Application/Queries/PreviewDocumentQuery.cs(3,22): warning CS1591: Missing XML comment for publicly visible type or member 'PreviewDocumentQuery' [/Users/kady/Masterdom/src/Masterdom.Modules.Documents/Masterdom.Modules.Documents.csproj]
/Users/kady/Masterdom/src/Masterdom.Modules.Documents/Application/Queries/PreviewDocumentQuery.cs(3,22): warning CS1591: Missing XML comment for publicly visible type or member 'PreviewDocumentQuery.PreviewDocumentQuery(string, Guid, IReadOnlyDictionary<string, string>, string?, int?)' [/Users/kady/Masterdom/src/Masterdom.Modules.Documents/Masterdom.Modules.Documents.csproj]
/Users/kady/Masterdom/src/Masterdom.Modules.Documents/Application/Queries/PreviewDocumentQuery.cs(4,12): warning CS1591: Missing XML comment for publicly visible type or member 'PreviewDocumentQuery.DocumentType' [/Users/kady/Masterdom/src/Masterdom.Modules.Documents/Masterdom.Modules.Documents.csproj]
/Users/kady/Masterdom/src/Masterdom.Modules.Documents/Application/Queries/PreviewDocumentQuery.cs(5,10): warning CS1591: Missing XML comment for publicly visible type or member 'PreviewDocumentQuery.RequestedBy' [/Users/kady/Masterdom/src/Masterdom.Modules.Documents/Masterdom.Modules.Documents.csproj]
/Users/kady/Masterdom/src/Masterdom.Modules.Documents/Application/Queries/PreviewDocumentQuery.cs(6,41): warning CS1591: Missing XML comment for publicly visible type or member 'PreviewDocumentQuery.Parameters' [/Users/kady/Masterdom/src/Masterdom.Modules.Documents/Masterdom.Modules.Documents.csproj]
/Users/kady/Masterdom/src/Masterdom.Modules.Documents/Application/Queries/PreviewDocumentQuery.cs(7,13): warning CS1591: Missing XML comment for publicly visible type or member 'PreviewDocumentQuery.TemplateCode' [/Users/kady/Masterdom/src/Masterdom.Modules.Documents/Masterdom.Modules.Documents.csproj]
/Users/kady/Masterdom/src/Masterdom.Modules.Documents/Application/Queries/PreviewDocumentQuery.cs(8,10): warning CS1591: Missing XML comment for publicly visible type or member 'PreviewDocumentQuery.TemplateVersion' [/Users/kady/Masterdom/src/Masterdom.Modules.Documents/Masterdom.Modules.Documents.csproj]
/Users/kady/Masterdom/src/Masterdom.Modules.Documents/Application/Services/DocumentApplicationService.cs(6,21): warning CS1591: Missing XML comment for publicly visible type or member 'DocumentApplicationService' [/Users/kady/Masterdom/src/Masterdom.Modules.Documents/Masterdom.Modules.Documents.csproj]
/Users/kady/Masterdom/src/Masterdom.Modules.Documents/Application/Services/DocumentApplicationService.cs(16,12): warning CS1591: Missing XML comment for publicly visible type or member 'DocumentApplicationService.DocumentApplicationService(IDocumentReadModelRegistry, IDocumentTemplateStore, IDocumentHistoryStore, IDocumentPermissionService, IDocumentRenderer, IReadModelProjectionOrchestrator, IDocumentPlatformOrchestrator)' [/Users/kady/Masterdom/src/Masterdom.Modules.Documents/Masterdom.Modules.Documents.csproj]
/Users/kady/Masterdom/src/Masterdom.Modules.Documents/Application/Services/DocumentApplicationService.cs(34,30): warning CS1591: Missing XML comment for publicly visible type or member 'DocumentApplicationService.Generate(string, Guid, IReadOnlyDictionary<string, string>, string?, int?, DocumentExportFormat)' [/Users/kady/Masterdom/src/Masterdom.Modules.Documents/Masterdom.Modules.Documents.csproj]
/Users/kady/Masterdom/src/Masterdom.Modules.Documents/Application/Services/DocumentApplicationService.cs(82,30): warning CS1591: Missing XML comment for publicly visible type or member 'DocumentApplicationService.Preview(string, Guid, IReadOnlyDictionary<string, string>, string?, int?)' [/Users/kady/Masterdom/src/Masterdom.Modules.Documents/Masterdom.Modules.Documents.csproj]
/Users/kady/Masterdom/src/Masterdom.Modules.Documents/Application/Services/DocumentApplicationService.cs(104,30): warning CS1591: Missing XML comment for publicly visible type or member 'DocumentApplicationService.Download(string)' [/Users/kady/Masterdom/src/Masterdom.Modules.Documents/Masterdom.Modules.Documents.csproj]
/Users/kady/Masterdom/src/Masterdom.Modules.Documents/Application/Services/DocumentApplicationService.cs(125,30): warning CS1591: Missing XML comment for publicly visible type or member 'DocumentApplicationService.Regenerate(string, Guid, DocumentExportFormat)' [/Users/kady/Masterdom/src/Masterdom.Modules.Documents/Masterdom.Modules.Documents.csproj]
/Users/kady/Masterdom/src/Masterdom.Modules.Documents/Application/Services/DocumentApplicationService.cs(139,54): warning CS1591: Missing XML comment for publicly visible type or member 'DocumentApplicationService.History(string, int, int)' [/Users/kady/Masterdom/src/Masterdom.Modules.Documents/Masterdom.Modules.Documents.csproj]
/Users/kady/Masterdom/src/Masterdom.Modules.Documents/Application/Services/DocumentPermissionService.cs(5,21): warning CS1591: Missing XML comment for publicly visible type or member 'DocumentPermissionService' [/Users/kady/Masterdom/src/Masterdom.Modules.Documents/Masterdom.Modules.Documents.csproj]
/Users/kady/Masterdom/src/Masterdom.Modules.Documents/Application/Services/DocumentPermissionService.cs(9,12): warning CS1591: Missing XML comment for publicly visible type or member 'DocumentPermissionService.DocumentPermissionService(ICurrentUserAccessor)' [/Users/kady/Masterdom/src/Masterdom.Modules.Documents/Masterdom.Modules.Documents.csproj]
/Users/kady/Masterdom/src/Masterdom.Modules.Documents/Application/Services/DocumentPermissionService.cs(14,17): warning CS1591: Missing XML comment for publicly visible type or member 'DocumentPermissionService.EnsureCanGenerate(string)' [/Users/kady/Masterdom/src/Masterdom.Modules.Documents/Masterdom.Modules.Documents.csproj]
/Users/kady/Masterdom/src/Masterdom.Modules.Documents/Application/Services/DocumentPermissionService.cs(32,17): warning CS1591: Missing XML comment for publicly visible type or member 'DocumentPermissionService.EnsureCanDownload(string)' [/Users/kady/Masterdom/src/Masterdom.Modules.Documents/Masterdom.Modules.Documents.csproj]
/Users/kady/Masterdom/src/Masterdom.Modules.Documents/Application/Services/DocumentPlatformOrchestrator.cs(5,21): warning CS1591: Missing XML comment for publicly visible type or member 'DocumentPlatformOrchestrator' [/Users/kady/Masterdom/src/Masterdom.Modules.Documents/Masterdom.Modules.Documents.csproj]
/Users/kady/Masterdom/src/Masterdom.Modules.Documents/Application/Services/DocumentPlatformOrchestrator.cs(7,17): warning CS1591: Missing XML comment for publicly visible type or member 'DocumentPlatformOrchestrator.OnDocumentGenerated(GeneratedDocument)' [/Users/kady/Masterdom/src/Masterdom.Modules.Documents/Masterdom.Modules.Documents.csproj]
/Users/kady/Masterdom/src/Masterdom.Modules.Documents/Application/Services/DocxDocumentRenderer.cs(3,21): warning CS1591: Missing XML comment for publicly visible type or member 'DocxDocumentRenderer' [/Users/kady/Masterdom/src/Masterdom.Modules.Documents/Masterdom.Modules.Documents.csproj]
/Users/kady/Masterdom/src/Masterdom.Modules.Documents/Application/Services/DocxDocumentRenderer.cs(5,19): warning CS1591: Missing XML comment for publicly visible type or member 'DocxDocumentRenderer.Render(string, IReadOnlyDictionary<string, string>)' [/Users/kady/Masterdom/src/Masterdom.Modules.Documents/Masterdom.Modules.Documents.csproj]
/Users/kady/Masterdom/src/Masterdom.Modules.Documents/Application/Services/ExcelDocumentRenderer.cs(3,21): warning CS1591: Missing XML comment for publicly visible type or member 'ExcelDocumentRenderer' [/Users/kady/Masterdom/src/Masterdom.Modules.Documents/Masterdom.Modules.Documents.csproj]
/Users/kady/Masterdom/src/Masterdom.Modules.Documents/Application/Services/ExcelDocumentRenderer.cs(5,19): warning CS1591: Missing XML comment for publicly visible type or member 'ExcelDocumentRenderer.Render(string, IReadOnlyDictionary<string, string>)' [/Users/kady/Masterdom/src/Masterdom.Modules.Documents/Masterdom.Modules.Documents.csproj]
/Users/kady/Masterdom/src/Masterdom.Modules.Documents/Application/Services/HtmlDocumentRenderer.cs(3,21): warning CS1591: Missing XML comment for publicly visible type or member 'HtmlDocumentRenderer' [/Users/kady/Masterdom/src/Masterdom.Modules.Documents/Masterdom.Modules.Documents.csproj]
/Users/kady/Masterdom/src/Masterdom.Modules.Documents/Application/Services/HtmlDocumentRenderer.cs(5,19): warning CS1591: Missing XML comment for publicly visible type or member 'HtmlDocumentRenderer.Render(string, IReadOnlyDictionary<string, string>)' [/Users/kady/Masterdom/src/Masterdom.Modules.Documents/Masterdom.Modules.Documents.csproj]
/Users/kady/Masterdom/src/Masterdom.Modules.Documents/Application/Services/IDocumentApplicationService.cs(5,18): warning CS1591: Missing XML comment for publicly visible type or member 'IDocumentApplicationService' [/Users/kady/Masterdom/src/Masterdom.Modules.Documents/Masterdom.Modules.Documents.csproj]
/Users/kady/Masterdom/src/Masterdom.Modules.Documents/Application/Services/IDocumentApplicationService.cs(7,23): warning CS1591: Missing XML comment for publicly visible type or member 'IDocumentApplicationService.Generate(string, Guid, IReadOnlyDictionary<string, string>, string?, int?, DocumentExportFormat)' [/Users/kady/Masterdom/src/Masterdom.Modules.Documents/Masterdom.Modules.Documents.csproj]
/Users/kady/Masterdom/src/Masterdom.Modules.Documents/Application/Services/IDocumentApplicationService.cs(15,23): warning CS1591: Missing XML comment for publicly visible type or member 'IDocumentApplicationService.Preview(string, Guid, IReadOnlyDictionary<string, string>, string?, int?)' [/Users/kady/Masterdom/src/Masterdom.Modules.Documents/Masterdom.Modules.Documents.csproj]
/Users/kady/Masterdom/src/Masterdom.Modules.Documents/Application/Services/IDocumentApplicationService.cs(22,23): warning CS1591: Missing XML comment for publicly visible type or member 'IDocumentApplicationService.Download(string)' [/Users/kady/Masterdom/src/Masterdom.Modules.Documents/Masterdom.Modules.Documents.csproj]
/Users/kady/Masterdom/src/Masterdom.Modules.Documents/Application/Services/IDocumentApplicationService.cs(24,23): warning CS1591: Missing XML comment for publicly visible type or member 'IDocumentApplicationService.Regenerate(string, Guid, DocumentExportFormat)' [/Users/kady/Masterdom/src/Masterdom.Modules.Documents/Masterdom.Modules.Documents.csproj]
/Users/kady/Masterdom/src/Masterdom.Modules.Documents/Application/Services/IDocumentApplicationService.cs(26,47): warning CS1591: Missing XML comment for publicly visible type or member 'IDocumentApplicationService.History(string, int, int)' [/Users/kady/Masterdom/src/Masterdom.Modules.Documents/Masterdom.Modules.Documents.csproj]
/Users/kady/Masterdom/src/Masterdom.Modules.Documents/Application/Services/IDocumentHistoryStore.cs(5,18): warning CS1591: Missing XML comment for publicly visible type or member 'IDocumentHistoryStore' [/Users/kady/Masterdom/src/Masterdom.Modules.Documents/Masterdom.Modules.Documents.csproj]
/Users/kady/Masterdom/src/Masterdom.Modules.Documents/Application/Services/IDocumentHistoryStore.cs(7,10): warning CS1591: Missing XML comment for publicly visible type or member 'IDocumentHistoryStore.Save(DocumentHistoryEntry)' [/Users/kady/Masterdom/src/Masterdom.Modules.Documents/Masterdom.Modules.Documents.csproj]
/Users/kady/Masterdom/src/Masterdom.Modules.Documents/Application/Services/IDocumentHistoryStore.cs(9,27): warning CS1591: Missing XML comment for publicly visible type or member 'IDocumentHistoryStore.GetById(string)' [/Users/kady/Masterdom/src/Masterdom.Modules.Documents/Masterdom.Modules.Documents.csproj]
/Users/kady/Masterdom/src/Masterdom.Modules.Documents/Application/Services/IDocumentHistoryStore.cs(11,47): warning CS1591: Missing XML comment for publicly visible type or member 'IDocumentHistoryStore.GetByDocumentType(string, int, int)' [/Users/kady/Masterdom/src/Masterdom.Modules.Documents/Masterdom.Modules.Documents.csproj]
/Users/kady/Masterdom/src/Masterdom.Modules.Documents/Application/Services/IDocumentPermissionService.cs(3,18): warning CS1591: Missing XML comment for publicly visible type or member 'IDocumentPermissionService' [/Users/kady/Masterdom/src/Masterdom.Modules.Documents/Masterdom.Modules.Documents.csproj]
/Users/kady/Masterdom/src/Masterdom.Modules.Documents/Application/Services/IDocumentPermissionService.cs(5,10): warning CS1591: Missing XML comment for publicly visible type or member 'IDocumentPermissionService.EnsureCanGenerate(string)' [/Users/kady/Masterdom/src/Masterdom.Modules.Documents/Masterdom.Modules.Documents.csproj]
/Users/kady/Masterdom/src/Masterdom.Modules.Documents/Application/Services/IDocumentPermissionService.cs(7,10): warning CS1591: Missing XML comment for publicly visible type or member 'IDocumentPermissionService.EnsureCanDownload(string)' [/Users/kady/Masterdom/src/Masterdom.Modules.Documents/Masterdom.Modules.Documents.csproj]
/Users/kady/Masterdom/src/Masterdom.Modules.Documents/Application/Services/IDocumentPlatformOrchestrator.cs(5,18): warning CS1591: Missing XML comment for publicly visible type or member 'IDocumentPlatformOrchestrator' [/Users/kady/Masterdom/src/Masterdom.Modules.Documents/Masterdom.Modules.Documents.csproj]
/Users/kady/Masterdom/src/Masterdom.Modules.Documents/Application/Services/IDocumentPlatformOrchestrator.cs(7,10): warning CS1591: Missing XML comment for publicly visible type or member 'IDocumentPlatformOrchestrator.OnDocumentGenerated(GeneratedDocument)' [/Users/kady/Masterdom/src/Masterdom.Modules.Documents/Masterdom.Modules.Documents.csproj]
/Users/kady/Masterdom/src/Masterdom.Modules.Documents/Application/Services/IDocumentReadModelRegistry.cs(5,18): warning CS1591: Missing XML comment for publicly visible type or member 'IDocumentReadModelRegistry' [/Users/kady/Masterdom/src/Masterdom.Modules.Documents/Masterdom.Modules.Documents.csproj]
/Users/kady/Masterdom/src/Masterdom.Modules.Documents/Application/Services/IDocumentReadModelRegistry.cs(7,35): warning CS1591: Missing XML comment for publicly visible type or member 'IDocumentReadModelRegistry.Resolve(string)' [/Users/kady/Masterdom/src/Masterdom.Modules.Documents/Masterdom.Modules.Documents.csproj]
/Users/kady/Masterdom/src/Masterdom.Modules.Documents/Application/Services/IDocumentReadModelRegistry.cs(9,56): warning CS1591: Missing XML comment for publicly visible type or member 'IDocumentReadModelRegistry.GetAll()' [/Users/kady/Masterdom/src/Masterdom.Modules.Documents/Masterdom.Modules.Documents.csproj]
/Users/kady/Masterdom/src/Masterdom.Modules.Documents/Application/Services/IDocumentRenderer.cs(3,18): warning CS1591: Missing XML comment for publicly visible type or member 'IDocumentRenderer' [/Users/kady/Masterdom/src/Masterdom.Modules.Documents/Masterdom.Modules.Documents.csproj]
/Users/kady/Masterdom/src/Masterdom.Modules.Documents/Application/Services/IDocumentRenderer.cs(5,12): warning CS1591: Missing XML comment for publicly visible type or member 'IDocumentRenderer.Render(string, IReadOnlyDictionary<string, string>)' [/Users/kady/Masterdom/src/Masterdom.Modules.Documents/Masterdom.Modules.Documents.csproj]
/Users/kady/Masterdom/src/Masterdom.Modules.Documents/Application/Services/IDocumentTemplateStore.cs(5,18): warning CS1591: Missing XML comment for publicly visible type or member 'IDocumentTemplateStore' [/Users/kady/Masterdom/src/Masterdom.Modules.Documents/Masterdom.Modules.Documents.csproj]
/Users/kady/Masterdom/src/Masterdom.Modules.Documents/Application/Services/IDocumentTemplateStore.cs(7,22): warning CS1591: Missing XML comment for publicly visible type or member 'IDocumentTemplateStore.Resolve(string, string?, int?)' [/Users/kady/Masterdom/src/Masterdom.Modules.Documents/Masterdom.Modules.Documents.csproj]
/Users/kady/Masterdom/src/Masterdom.Modules.Documents/Application/Services/IDocumentTemplateStore.cs(9,43): warning CS1591: Missing XML comment for publicly visible type or member 'IDocumentTemplateStore.GetByDocumentType(string)' [/Users/kady/Masterdom/src/Masterdom.Modules.Documents/Masterdom.Modules.Documents.csproj]
/Users/kady/Masterdom/src/Masterdom.Modules.Documents/Application/Services/InMemoryDocumentHistoryStore.cs(5,21): warning CS1591: Missing XML comment for publicly visible type or member 'InMemoryDocumentHistoryStore' [/Users/kady/Masterdom/src/Masterdom.Modules.Documents/Masterdom.Modules.Documents.csproj]
/Users/kady/Masterdom/src/Masterdom.Modules.Documents/Application/Services/InMemoryDocumentHistoryStore.cs(9,17): warning CS1591: Missing XML comment for publicly visible type or member 'InMemoryDocumentHistoryStore.Save(DocumentHistoryEntry)' [/Users/kady/Masterdom/src/Masterdom.Modules.Documents/Masterdom.Modules.Documents.csproj]
/Users/kady/Masterdom/src/Masterdom.Modules.Documents/Application/Services/InMemoryDocumentHistoryStore.cs(15,34): warning CS1591: Missing XML comment for publicly visible type or member 'InMemoryDocumentHistoryStore.GetById(string)' [/Users/kady/Masterdom/src/Masterdom.Modules.Documents/Masterdom.Modules.Documents.csproj]
/Users/kady/Masterdom/src/Masterdom.Modules.Documents/Application/Services/InMemoryDocumentHistoryStore.cs(21,54): warning CS1591: Missing XML comment for publicly visible type or member 'InMemoryDocumentHistoryStore.GetByDocumentType(string, int, int)' [/Users/kady/Masterdom/src/Masterdom.Modules.Documents/Masterdom.Modules.Documents.csproj]
/Users/kady/Masterdom/src/Masterdom.Modules.Documents/Application/Services/InMemoryDocumentTemplateStore.cs(5,21): warning CS1591: Missing XML comment for publicly visible type or member 'InMemoryDocumentTemplateStore' [/Users/kady/Masterdom/src/Masterdom.Modules.Documents/Masterdom.Modules.Documents.csproj]
/Users/kady/Masterdom/src/Masterdom.Modules.Documents/Application/Services/InMemoryDocumentTemplateStore.cs(33,29): warning CS1591: Missing XML comment for publicly visible type or member 'InMemoryDocumentTemplateStore.Resolve(string, string?, int?)' [/Users/kady/Masterdom/src/Masterdom.Modules.Documents/Masterdom.Modules.Documents.csproj]
/Users/kady/Masterdom/src/Masterdom.Modules.Documents/Application/Services/InMemoryDocumentTemplateStore.cs(61,50): warning CS1591: Missing XML comment for publicly visible type or member 'InMemoryDocumentTemplateStore.GetByDocumentType(string)' [/Users/kady/Masterdom/src/Masterdom.Modules.Documents/Masterdom.Modules.Documents.csproj]
/Users/kady/Masterdom/src/Masterdom.Modules.Documents/Application/Services/MetadataDrivenDocumentReadModelRegistry.cs(6,21): warning CS1591: Missing XML comment for publicly visible type or member 'MetadataDrivenDocumentReadModelRegistry' [/Users/kady/Masterdom/src/Masterdom.Modules.Documents/Masterdom.Modules.Documents.csproj]
/Users/kady/Masterdom/src/Masterdom.Modules.Documents/Application/Services/MetadataDrivenDocumentReadModelRegistry.cs(34,42): warning CS1591: Missing XML comment for publicly visible type or member 'MetadataDrivenDocumentReadModelRegistry.Resolve(string)' [/Users/kady/Masterdom/src/Masterdom.Modules.Documents/Masterdom.Modules.Documents.csproj]
/Users/kady/Masterdom/src/Masterdom.Modules.Documents/Application/Services/MetadataDrivenDocumentReadModelRegistry.cs(42,63): warning CS1591: Missing XML comment for publicly visible type or member 'MetadataDrivenDocumentReadModelRegistry.GetAll()' [/Users/kady/Masterdom/src/Masterdom.Modules.Documents/Masterdom.Modules.Documents.csproj]
/Users/kady/Masterdom/src/Masterdom.Modules.Documents/Application/Services/PdfDocumentRenderer.cs(3,21): warning CS1591: Missing XML comment for publicly visible type or member 'PdfDocumentRenderer' [/Users/kady/Masterdom/src/Masterdom.Modules.Documents/Masterdom.Modules.Documents.csproj]
/Users/kady/Masterdom/src/Masterdom.Modules.Documents/Application/Services/PdfDocumentRenderer.cs(5,19): warning CS1591: Missing XML comment for publicly visible type or member 'PdfDocumentRenderer.Render(string, IReadOnlyDictionary<string, string>)' [/Users/kady/Masterdom/src/Masterdom.Modules.Documents/Masterdom.Modules.Documents.csproj]
/Users/kady/Masterdom/src/Masterdom.Modules.Documents/Application/Services/TextDocumentRenderer.cs(3,21): warning CS1591: Missing XML comment for publicly visible type or member 'TextDocumentRenderer' [/Users/kady/Masterdom/src/Masterdom.Modules.Documents/Masterdom.Modules.Documents.csproj]
/Users/kady/Masterdom/src/Masterdom.Modules.Documents/Application/Services/TextDocumentRenderer.cs(5,19): warning CS1591: Missing XML comment for publicly visible type or member 'TextDocumentRenderer.Render(string, IReadOnlyDictionary<string, string>)' [/Users/kady/Masterdom/src/Masterdom.Modules.Documents/Masterdom.Modules.Documents.csproj]
/Users/kady/Masterdom/src/Masterdom.Modules.Documents/Application/Support/ExecutionResult.cs(3,14): warning CS1591: Missing XML comment for publicly visible type or member 'ExecutionResult' [/Users/kady/Masterdom/src/Masterdom.Modules.Documents/Masterdom.Modules.Documents.csproj]
/Users/kady/Masterdom/src/Masterdom.Modules.Documents/Application/Support/ExecutionResult.cs(5,15): warning CS1591: Missing XML comment for publicly visible type or member 'ExecutionResult.ExecutionResult(bool, string?, string?)' [/Users/kady/Masterdom/src/Masterdom.Modules.Documents/Masterdom.Modules.Documents.csproj]
/Users/kady/Masterdom/src/Masterdom.Modules.Documents/Application/Support/ExecutionResult.cs(12,17): warning CS1591: Missing XML comment for publicly visible type or member 'ExecutionResult.IsSuccess' [/Users/kady/Masterdom/src/Masterdom.Modules.Documents/Masterdom.Modules.Documents.csproj]
/Users/kady/Masterdom/src/Masterdom.Modules.Documents/Application/Support/ExecutionResult.cs(14,20): warning CS1591: Missing XML comment for publicly visible type or member 'ExecutionResult.ErrorCode' [/Users/kady/Masterdom/src/Masterdom.Modules.Documents/Masterdom.Modules.Documents.csproj]
/Users/kady/Masterdom/src/Masterdom.Modules.Documents/Application/Support/ExecutionResult.cs(16,20): warning CS1591: Missing XML comment for publicly visible type or member 'ExecutionResult.ErrorMessage' [/Users/kady/Masterdom/src/Masterdom.Modules.Documents/Masterdom.Modules.Documents.csproj]
/Users/kady/Masterdom/src/Masterdom.Modules.Documents/Application/Support/ExecutionResult.cs(18,35): warning CS1591: Missing XML comment for publicly visible type or member 'ExecutionResult.Success()' [/Users/kady/Masterdom/src/Masterdom.Modules.Documents/Masterdom.Modules.Documents.csproj]
/Users/kady/Masterdom/src/Masterdom.Modules.Documents/Application/Support/ExecutionResult.cs(20,35): warning CS1591: Missing XML comment for publicly visible type or member 'ExecutionResult.Failure(string, string)' [/Users/kady/Masterdom/src/Masterdom.Modules.Documents/Masterdom.Modules.Documents.csproj]
/Users/kady/Masterdom/src/Masterdom.Modules.Documents/Application/Support/ExecutionResult.cs(24,21): warning CS1591: Missing XML comment for publicly visible type or member 'ExecutionResult<T>' [/Users/kady/Masterdom/src/Masterdom.Modules.Documents/Masterdom.Modules.Documents.csproj]
/Users/kady/Masterdom/src/Masterdom.Modules.Documents/Application/Support/ExecutionResult.cs(32,15): warning CS1591: Missing XML comment for publicly visible type or member 'ExecutionResult<T>.Value' [/Users/kady/Masterdom/src/Masterdom.Modules.Documents/Masterdom.Modules.Documents.csproj]
/Users/kady/Masterdom/src/Masterdom.Modules.Documents/Application/Support/ExecutionResult.cs(34,38): warning CS1591: Missing XML comment for publicly visible type or member 'ExecutionResult<T>.Success(T)' [/Users/kady/Masterdom/src/Masterdom.Modules.Documents/Masterdom.Modules.Documents.csproj]
/Users/kady/Masterdom/src/Masterdom.Modules.Documents/Application/Support/ExecutionResult.cs(36,42): warning CS1591: Missing XML comment for publicly visible type or member 'ExecutionResult<T>.Failure(string, string)' [/Users/kady/Masterdom/src/Masterdom.Modules.Documents/Masterdom.Modules.Documents.csproj]
/Users/kady/Masterdom/src/Masterdom.Modules.Documents/Application/Support/ICommandHandler.cs(3,18): warning CS1591: Missing XML comment for publicly visible type or member 'ICommandHandler<TCommand, TResult>' [/Users/kady/Masterdom/src/Masterdom.Modules.Documents/Masterdom.Modules.Documents.csproj]
/Users/kady/Masterdom/src/Masterdom.Modules.Documents/Application/Support/ICommandHandler.cs(5,13): warning CS1591: Missing XML comment for publicly visible type or member 'ICommandHandler<TCommand, TResult>.Handle(TCommand)' [/Users/kady/Masterdom/src/Masterdom.Modules.Documents/Masterdom.Modules.Documents.csproj]
/Users/kady/Masterdom/src/Masterdom.Modules.Documents/Application/Support/IQueryHandler.cs(3,18): warning CS1591: Missing XML comment for publicly visible type or member 'IQueryHandler<TQuery, TResult>' [/Users/kady/Masterdom/src/Masterdom.Modules.Documents/Masterdom.Modules.Documents.csproj]
/Users/kady/Masterdom/src/Masterdom.Modules.Documents/Application/Support/IQueryHandler.cs(5,13): warning CS1591: Missing XML comment for publicly visible type or member 'IQueryHandler<TQuery, TResult>.Handle(TQuery)' [/Users/kady/Masterdom/src/Masterdom.Modules.Documents/Masterdom.Modules.Documents.csproj]
  Masterdom.Modules.Finance -> /Users/kady/Masterdom/src/Masterdom.Modules.Finance/bin/Debug/net10.0/Masterdom.Modules.Finance.dll
  Masterdom.Modules.Documents -> /Users/kady/Masterdom/src/Masterdom.Modules.Documents/bin/Debug/net10.0/Masterdom.Modules.Documents.dll
/Users/kady/Masterdom/src/Masterdom.Modules.SubsidyOptimization/Application/Support/ExecutionResult.cs(48,38): warning CS0108: 'ExecutionResult<T>.Failure(string, string)' hides inherited member 'ExecutionResult.Failure(string, string)'. Use the new keyword if hiding was intended. [/Users/kady/Masterdom/src/Masterdom.Modules.SubsidyOptimization/Masterdom.Modules.SubsidyOptimization.csproj]
/Users/kady/Masterdom/src/Masterdom.Modules.SubsidyOptimization/Application/Commands/ArchiveOptimizationRunCommand.cs(5,22): warning CS1591: Missing XML comment for publicly visible type or member 'ArchiveOptimizationRunCommand' [/Users/kady/Masterdom/src/Masterdom.Modules.SubsidyOptimization/Masterdom.Modules.SubsidyOptimization.csproj]
/Users/kady/Masterdom/src/Masterdom.Modules.SubsidyOptimization/Application/Commands/ArchiveOptimizationRunCommand.cs(5,22): warning CS1591: Missing XML comment for publicly visible type or member 'ArchiveOptimizationRunCommand.ArchiveOptimizationRunCommand(OptimizationRunId, DateTime)' [/Users/kady/Masterdom/src/Masterdom.Modules.SubsidyOptimization/Masterdom.Modules.SubsidyOptimization.csproj]
/Users/kady/Masterdom/src/Masterdom.Modules.SubsidyOptimization/Application/Commands/ArchiveOptimizationRunCommand.cs(6,23): warning CS1591: Missing XML comment for publicly visible type or member 'ArchiveOptimizationRunCommand.OptimizationRunId' [/Users/kady/Masterdom/src/Masterdom.Modules.SubsidyOptimization/Masterdom.Modules.SubsidyOptimization.csproj]
/Users/kady/Masterdom/src/Masterdom.Modules.SubsidyOptimization/Application/Commands/ArchiveOptimizationRunCommand.cs(7,14): warning CS1591: Missing XML comment for publicly visible type or member 'ArchiveOptimizationRunCommand.ArchivedAtUtc' [/Users/kady/Masterdom/src/Masterdom.Modules.SubsidyOptimization/Masterdom.Modules.SubsidyOptimization.csproj]
/Users/kady/Masterdom/src/Masterdom.Modules.SubsidyOptimization/Application/Commands/ArchiveRecommendationCommand.cs(5,22): warning CS1591: Missing XML comment for publicly visible type or member 'ArchiveRecommendationCommand' [/Users/kady/Masterdom/src/Masterdom.Modules.SubsidyOptimization/Masterdom.Modules.SubsidyOptimization.csproj]
/Users/kady/Masterdom/src/Masterdom.Modules.SubsidyOptimization/Application/Commands/ArchiveRecommendationCommand.cs(5,22): warning CS1591: Missing XML comment for publicly visible type or member 'ArchiveRecommendationCommand.ArchiveRecommendationCommand(OptimizationRunId, RecommendationId, string, DateTime)' [/Users/kady/Masterdom/src/Masterdom.Modules.SubsidyOptimization/Masterdom.Modules.SubsidyOptimization.csproj]
/Users/kady/Masterdom/src/Masterdom.Modules.SubsidyOptimization/Application/Commands/ArchiveRecommendationCommand.cs(6,23): warning CS1591: Missing XML comment for publicly visible type or member 'ArchiveRecommendationCommand.OptimizationRunId' [/Users/kady/Masterdom/src/Masterdom.Modules.SubsidyOptimization/Masterdom.Modules.SubsidyOptimization.csproj]
/Users/kady/Masterdom/src/Masterdom.Modules.SubsidyOptimization/Application/Commands/ArchiveRecommendationCommand.cs(7,22): warning CS1591: Missing XML comment for publicly visible type or member 'ArchiveRecommendationCommand.RecommendationId' [/Users/kady/Masterdom/src/Masterdom.Modules.SubsidyOptimization/Masterdom.Modules.SubsidyOptimization.csproj]
/Users/kady/Masterdom/src/Masterdom.Modules.SubsidyOptimization/Application/Commands/ArchiveRecommendationCommand.cs(8,12): warning CS1591: Missing XML comment for publicly visible type or member 'ArchiveRecommendationCommand.Reason' [/Users/kady/Masterdom/src/Masterdom.Modules.SubsidyOptimization/Masterdom.Modules.SubsidyOptimization.csproj]
/Users/kady/Masterdom/src/Masterdom.Modules.SubsidyOptimization/Application/Commands/ArchiveRecommendationCommand.cs(9,14): warning CS1591: Missing XML comment for publicly visible type or member 'ArchiveRecommendationCommand.ArchivedAtUtc' [/Users/kady/Masterdom/src/Masterdom.Modules.SubsidyOptimization/Masterdom.Modules.SubsidyOptimization.csproj]
/Users/kady/Masterdom/src/Masterdom.Modules.SubsidyOptimization/Application/Commands/CreateScenarioVersionCommand.cs(6,22): warning CS1591: Missing XML comment for publicly visible type or member 'CreateScenarioVersionCommand' [/Users/kady/Masterdom/src/Masterdom.Modules.SubsidyOptimization/Masterdom.Modules.SubsidyOptimization.csproj]
/Users/kady/Masterdom/src/Masterdom.Modules.SubsidyOptimization/Application/Commands/CreateScenarioVersionCommand.cs(6,22): warning CS1591: Missing XML comment for publicly visible type or member 'CreateScenarioVersionCommand.CreateScenarioVersionCommand(OptimizationRunId, IReadOnlyCollection<RatedConsumptionContract>, DateTime)' [/Users/kady/Masterdom/src/Masterdom.Modules.SubsidyOptimization/Masterdom.Modules.SubsidyOptimization.csproj]
/Users/kady/Masterdom/src/Masterdom.Modules.SubsidyOptimization/Application/Commands/CreateScenarioVersionCommand.cs(7,23): warning CS1591: Missing XML comment for publicly visible type or member 'CreateScenarioVersionCommand.OptimizationRunId' [/Users/kady/Masterdom/src/Masterdom.Modules.SubsidyOptimization/Masterdom.Modules.SubsidyOptimization.csproj]
/Users/kady/Masterdom/src/Masterdom.Modules.SubsidyOptimization/Application/Commands/CreateScenarioVersionCommand.cs(8,51): warning CS1591: Missing XML comment for publicly visible type or member 'CreateScenarioVersionCommand.RatedConsumptions' [/Users/kady/Masterdom/src/Masterdom.Modules.SubsidyOptimization/Masterdom.Modules.SubsidyOptimization.csproj]
/Users/kady/Masterdom/src/Masterdom.Modules.SubsidyOptimization/Application/Commands/CreateScenarioVersionCommand.cs(9,14): warning CS1591: Missing XML comment for publicly visible type or member 'CreateScenarioVersionCommand.StartedAtUtc' [/Users/kady/Masterdom/src/Masterdom.Modules.SubsidyOptimization/Masterdom.Modules.SubsidyOptimization.csproj]
/Users/kady/Masterdom/src/Masterdom.Modules.SubsidyOptimization/Application/Commands/CreateScenarioVersionCommand.cs(11,28): warning CS1591: Missing XML comment for publicly visible type or member 'CreateScenarioVersionCommand.ToRatingReference()' [/Users/kady/Masterdom/src/Masterdom.Modules.SubsidyOptimization/Masterdom.Modules.SubsidyOptimization.csproj]
/Users/kady/Masterdom/src/Masterdom.Modules.SubsidyOptimization/Application/Commands/ExecuteSubsidyOptimizationCommand.cs(6,22): warning CS1591: Missing XML comment for publicly visible type or member 'ExecuteSubsidyOptimizationCommand' [/Users/kady/Masterdom/src/Masterdom.Modules.SubsidyOptimization/Masterdom.Modules.SubsidyOptimization.csproj]
/Users/kady/Masterdom/src/Masterdom.Modules.SubsidyOptimization/Application/Commands/ExecuteSubsidyOptimizationCommand.cs(6,22): warning CS1591: Missing XML comment for publicly visible type or member 'ExecuteSubsidyOptimizationCommand.ExecuteSubsidyOptimizationCommand(SubsidyScenario, MeterGroup, OptimizationPeriod, SubsidyMaximizerRequest)' [/Users/kady/Masterdom/src/Masterdom.Modules.SubsidyOptimization/Masterdom.Modules.SubsidyOptimization.csproj]
/Users/kady/Masterdom/src/Masterdom.Modules.SubsidyOptimization/Application/Commands/ExecuteSubsidyOptimizationCommand.cs(7,21): warning CS1591: Missing XML comment for publicly visible type or member 'ExecuteSubsidyOptimizationCommand.Scenario' [/Users/kady/Masterdom/src/Masterdom.Modules.SubsidyOptimization/Masterdom.Modules.SubsidyOptimization.csproj]
/Users/kady/Masterdom/src/Masterdom.Modules.SubsidyOptimization/Application/Commands/ExecuteSubsidyOptimizationCommand.cs(8,16): warning CS1591: Missing XML comment for publicly visible type or member 'ExecuteSubsidyOptimizationCommand.MeterGroup' [/Users/kady/Masterdom/src/Masterdom.Modules.SubsidyOptimization/Masterdom.Modules.SubsidyOptimization.csproj]
/Users/kady/Masterdom/src/Masterdom.Modules.SubsidyOptimization/Application/Commands/ExecuteSubsidyOptimizationCommand.cs(9,24): warning CS1591: Missing XML comment for publicly visible type or member 'ExecuteSubsidyOptimizationCommand.OptimizationPeriod' [/Users/kady/Masterdom/src/Masterdom.Modules.SubsidyOptimization/Masterdom.Modules.SubsidyOptimization.csproj]
/Users/kady/Masterdom/src/Masterdom.Modules.SubsidyOptimization/Application/Commands/ExecuteSubsidyOptimizationCommand.cs(10,29): warning CS1591: Missing XML comment for publicly visible type or member 'ExecuteSubsidyOptimizationCommand.Request' [/Users/kady/Masterdom/src/Masterdom.Modules.SubsidyOptimization/Masterdom.Modules.SubsidyOptimization.csproj]
/Users/kady/Masterdom/src/Masterdom.Modules.SubsidyOptimization/Application/Commands/StartOptimizationCommand.cs(7,22): warning CS1591: Missing XML comment for publicly visible type or member 'StartOptimizationCommand' [/Users/kady/Masterdom/src/Masterdom.Modules.SubsidyOptimization/Masterdom.Modules.SubsidyOptimization.csproj]
/Users/kady/Masterdom/src/Masterdom.Modules.SubsidyOptimization/Application/Commands/StartOptimizationCommand.cs(7,22): warning CS1591: Missing XML comment for publicly visible type or member 'StartOptimizationCommand.StartOptimizationCommand(SubsidyScenario, MeterGroup, OptimizationPeriod, IReadOnlyCollection<MeteringConsumptionHistoryContract>, IReadOnlyCollection<RatedConsumptionContract>)' [/Users/kady/Masterdom/src/Masterdom.Modules.SubsidyOptimization/Masterdom.Modules.SubsidyOptimization.csproj]
/Users/kady/Masterdom/src/Masterdom.Modules.SubsidyOptimization/Application/Commands/StartOptimizationCommand.cs(8,21): warning CS1591: Missing XML comment for publicly visible type or member 'StartOptimizationCommand.Scenario' [/Users/kady/Masterdom/src/Masterdom.Modules.SubsidyOptimization/Masterdom.Modules.SubsidyOptimization.csproj]
/Users/kady/Masterdom/src/Masterdom.Modules.SubsidyOptimization/Application/Commands/StartOptimizationCommand.cs(9,16): warning CS1591: Missing XML comment for publicly visible type or member 'StartOptimizationCommand.MeterGroup' [/Users/kady/Masterdom/src/Masterdom.Modules.SubsidyOptimization/Masterdom.Modules.SubsidyOptimization.csproj]
/Users/kady/Masterdom/src/Masterdom.Modules.SubsidyOptimization/Application/Commands/StartOptimizationCommand.cs(10,24): warning CS1591: Missing XML comment for publicly visible type or member 'StartOptimizationCommand.OptimizationPeriod' [/Users/kady/Masterdom/src/Masterdom.Modules.SubsidyOptimization/Masterdom.Modules.SubsidyOptimization.csproj]
/Users/kady/Masterdom/src/Masterdom.Modules.SubsidyOptimization/Application/Commands/StartOptimizationCommand.cs(11,61): warning CS1591: Missing XML comment for publicly visible type or member 'StartOptimizationCommand.ConsumptionHistory' [/Users/kady/Masterdom/src/Masterdom.Modules.SubsidyOptimization/Masterdom.Modules.SubsidyOptimization.csproj]
/Users/kady/Masterdom/src/Masterdom.Modules.SubsidyOptimization/Application/Commands/StartOptimizationCommand.cs(12,51): warning CS1591: Missing XML comment for publicly visible type or member 'StartOptimizationCommand.RatedConsumptions' [/Users/kady/Masterdom/src/Masterdom.Modules.SubsidyOptimization/Masterdom.Modules.SubsidyOptimization.csproj]
/Users/kady/Masterdom/src/Masterdom.Modules.SubsidyOptimization/Application/Commands/StartOptimizationCommand.cs(14,28): warning CS1591: Missing XML comment for publicly visible type or member 'StartOptimizationCommand.ToRatingReference()' [/Users/kady/Masterdom/src/Masterdom.Modules.SubsidyOptimization/Masterdom.Modules.SubsidyOptimization.csproj]
/Users/kady/Masterdom/src/Masterdom.Modules.SubsidyOptimization/Application/Handlers/Commands/ArchiveOptimizationRunCommandHandler.cs(8,21): warning CS1591: Missing XML comment for publicly visible type or member 'ArchiveOptimizationRunCommandHandler' [/Users/kady/Masterdom/src/Masterdom.Modules.SubsidyOptimization/Masterdom.Modules.SubsidyOptimization.csproj]
/Users/kady/Masterdom/src/Masterdom.Modules.SubsidyOptimization/Application/Handlers/Commands/ArchiveOptimizationRunCommandHandler.cs(12,12): warning CS1591: Missing XML comment for publicly visible type or member 'ArchiveOptimizationRunCommandHandler.ArchiveOptimizationRunCommandHandler(ISubsidyOptimizationApplicationService)' [/Users/kady/Masterdom/src/Masterdom.Modules.SubsidyOptimization/Masterdom.Modules.SubsidyOptimization.csproj]
/Users/kady/Masterdom/src/Masterdom.Modules.SubsidyOptimization/Application/Handlers/Commands/ArchiveOptimizationRunCommandHandler.cs(17,54): warning CS1591: Missing XML comment for publicly visible type or member 'ArchiveOptimizationRunCommandHandler.Handle(ArchiveOptimizationRunCommand)' [/Users/kady/Masterdom/src/Masterdom.Modules.SubsidyOptimization/Masterdom.Modules.SubsidyOptimization.csproj]
/Users/kady/Masterdom/src/Masterdom.Modules.SubsidyOptimization/Application/Handlers/Commands/ArchiveRecommendationCommandHandler.cs(8,21): warning CS1591: Missing XML comment for publicly visible type or member 'ArchiveRecommendationCommandHandler' [/Users/kady/Masterdom/src/Masterdom.Modules.SubsidyOptimization/Masterdom.Modules.SubsidyOptimization.csproj]
/Users/kady/Masterdom/src/Masterdom.Modules.SubsidyOptimization/Application/Handlers/Commands/ArchiveRecommendationCommandHandler.cs(12,12): warning CS1591: Missing XML comment for publicly visible type or member 'ArchiveRecommendationCommandHandler.ArchiveRecommendationCommandHandler(ISubsidyOptimizationApplicationService)' [/Users/kady/Masterdom/src/Masterdom.Modules.SubsidyOptimization/Masterdom.Modules.SubsidyOptimization.csproj]
/Users/kady/Masterdom/src/Masterdom.Modules.SubsidyOptimization/Application/Handlers/Commands/ArchiveRecommendationCommandHandler.cs(17,54): warning CS1591: Missing XML comment for publicly visible type or member 'ArchiveRecommendationCommandHandler.Handle(ArchiveRecommendationCommand)' [/Users/kady/Masterdom/src/Masterdom.Modules.SubsidyOptimization/Masterdom.Modules.SubsidyOptimization.csproj]
/Users/kady/Masterdom/src/Masterdom.Modules.SubsidyOptimization/Application/Handlers/Commands/CreateScenarioVersionCommandHandler.cs(8,21): warning CS1591: Missing XML comment for publicly visible type or member 'CreateScenarioVersionCommandHandler' [/Users/kady/Masterdom/src/Masterdom.Modules.SubsidyOptimization/Masterdom.Modules.SubsidyOptimization.csproj]
/Users/kady/Masterdom/src/Masterdom.Modules.SubsidyOptimization/Application/Handlers/Commands/CreateScenarioVersionCommandHandler.cs(12,12): warning CS1591: Missing XML comment for publicly visible type or member 'CreateScenarioVersionCommandHandler.CreateScenarioVersionCommandHandler(ISubsidyOptimizationApplicationService)' [/Users/kady/Masterdom/src/Masterdom.Modules.SubsidyOptimization/Masterdom.Modules.SubsidyOptimization.csproj]
/Users/kady/Masterdom/src/Masterdom.Modules.SubsidyOptimization/Application/Handlers/Commands/CreateScenarioVersionCommandHandler.cs(17,54): warning CS1591: Missing XML comment for publicly visible type or member 'CreateScenarioVersionCommandHandler.Handle(CreateScenarioVersionCommand)' [/Users/kady/Masterdom/src/Masterdom.Modules.SubsidyOptimization/Masterdom.Modules.SubsidyOptimization.csproj]
/Users/kady/Masterdom/src/Masterdom.Modules.SubsidyOptimization/Application/Handlers/Commands/ExecuteSubsidyOptimizationCommandHandler.cs(8,21): warning CS1591: Missing XML comment for publicly visible type or member 'ExecuteSubsidyOptimizationCommandHandler' [/Users/kady/Masterdom/src/Masterdom.Modules.SubsidyOptimization/Masterdom.Modules.SubsidyOptimization.csproj]
/Users/kady/Masterdom/src/Masterdom.Modules.SubsidyOptimization/Application/Handlers/Commands/ExecuteSubsidyOptimizationCommandHandler.cs(12,12): warning CS1591: Missing XML comment for publicly visible type or member 'ExecuteSubsidyOptimizationCommandHandler.ExecuteSubsidyOptimizationCommandHandler(ISubsidyOptimizationApplicationService)' [/Users/kady/Masterdom/src/Masterdom.Modules.SubsidyOptimization/Masterdom.Modules.SubsidyOptimization.csproj]
/Users/kady/Masterdom/src/Masterdom.Modules.SubsidyOptimization/Application/Handlers/Commands/ExecuteSubsidyOptimizationCommandHandler.cs(17,54): warning CS1591: Missing XML comment for publicly visible type or member 'ExecuteSubsidyOptimizationCommandHandler.Handle(ExecuteSubsidyOptimizationCommand)' [/Users/kady/Masterdom/src/Masterdom.Modules.SubsidyOptimization/Masterdom.Modules.SubsidyOptimization.csproj]
/Users/kady/Masterdom/src/Masterdom.Modules.SubsidyOptimization/Application/Handlers/Commands/StartOptimizationCommandHandler.cs(8,21): warning CS1591: Missing XML comment for publicly visible type or member 'StartOptimizationCommandHandler' [/Users/kady/Masterdom/src/Masterdom.Modules.SubsidyOptimization/Masterdom.Modules.SubsidyOptimization.csproj]
/Users/kady/Masterdom/src/Masterdom.Modules.SubsidyOptimization/Application/Handlers/Commands/StartOptimizationCommandHandler.cs(12,12): warning CS1591: Missing XML comment for publicly visible type or member 'StartOptimizationCommandHandler.StartOptimizationCommandHandler(ISubsidyOptimizationApplicationService)' [/Users/kady/Masterdom/src/Masterdom.Modules.SubsidyOptimization/Masterdom.Modules.SubsidyOptimization.csproj]
/Users/kady/Masterdom/src/Masterdom.Modules.SubsidyOptimization/Application/Handlers/Commands/StartOptimizationCommandHandler.cs(17,54): warning CS1591: Missing XML comment for publicly visible type or member 'StartOptimizationCommandHandler.Handle(StartOptimizationCommand)' [/Users/kady/Masterdom/src/Masterdom.Modules.SubsidyOptimization/Masterdom.Modules.SubsidyOptimization.csproj]
/Users/kady/Masterdom/src/Masterdom.Modules.SubsidyOptimization/Application/Handlers/Queries/GetLatestOptimizationRunQueryHandler.cs(8,21): warning CS1591: Missing XML comment for publicly visible type or member 'GetLatestOptimizationRunQueryHandler' [/Users/kady/Masterdom/src/Masterdom.Modules.SubsidyOptimization/Masterdom.Modules.SubsidyOptimization.csproj]
/Users/kady/Masterdom/src/Masterdom.Modules.SubsidyOptimization/Application/Handlers/Queries/GetLatestOptimizationRunQueryHandler.cs(12,12): warning CS1591: Missing XML comment for publicly visible type or member 'GetLatestOptimizationRunQueryHandler.GetLatestOptimizationRunQueryHandler(ISubsidyOptimizationApplicationService)' [/Users/kady/Masterdom/src/Masterdom.Modules.SubsidyOptimization/Masterdom.Modules.SubsidyOptimization.csproj]
/Users/kady/Masterdom/src/Masterdom.Modules.SubsidyOptimization/Application/Handlers/Queries/GetLatestOptimizationRunQueryHandler.cs(17,54): warning CS1591: Missing XML comment for publicly visible type or member 'GetLatestOptimizationRunQueryHandler.Handle(GetLatestOptimizationRunQuery)' [/Users/kady/Masterdom/src/Masterdom.Modules.SubsidyOptimization/Masterdom.Modules.SubsidyOptimization.csproj]
/Users/kady/Masterdom/src/Masterdom.Modules.SubsidyOptimization/Application/Handlers/Queries/GetOptimizationRunByIdQueryHandler.cs(8,21): warning CS1591: Missing XML comment for publicly visible type or member 'GetOptimizationRunByIdQueryHandler' [/Users/kady/Masterdom/src/Masterdom.Modules.SubsidyOptimization/Masterdom.Modules.SubsidyOptimization.csproj]
/Users/kady/Masterdom/src/Masterdom.Modules.SubsidyOptimization/Application/Handlers/Queries/GetOptimizationRunByIdQueryHandler.cs(12,12): warning CS1591: Missing XML comment for publicly visible type or member 'GetOptimizationRunByIdQueryHandler.GetOptimizationRunByIdQueryHandler(ISubsidyOptimizationApplicationService)' [/Users/kady/Masterdom/src/Masterdom.Modules.SubsidyOptimization/Masterdom.Modules.SubsidyOptimization.csproj]
/Users/kady/Masterdom/src/Masterdom.Modules.SubsidyOptimization/Application/Handlers/Queries/GetOptimizationRunByIdQueryHandler.cs(17,54): warning CS1591: Missing XML comment for publicly visible type or member 'GetOptimizationRunByIdQueryHandler.Handle(GetOptimizationRunByIdQuery)' [/Users/kady/Masterdom/src/Masterdom.Modules.SubsidyOptimization/Masterdom.Modules.SubsidyOptimization.csproj]
/Users/kady/Masterdom/src/Masterdom.Modules.SubsidyOptimization/Application/Maximizer/ConfidenceScorer.cs(5,21): warning CS1591: Missing XML comment for publicly visible type or member 'ConfidenceScorer' [/Users/kady/Masterdom/src/Masterdom.Modules.SubsidyOptimization/Masterdom.Modules.SubsidyOptimization.csproj]
/Users/kady/Masterdom/src/Masterdom.Modules.SubsidyOptimization/Application/Maximizer/ConfidenceScorer.cs(9,12): warning CS1591: Missing XML comment for publicly visible type or member 'ConfidenceScorer.ConfidenceScorer(SubsidyCalculationRuntimeInvoker)' [/Users/kady/Masterdom/src/Masterdom.Modules.SubsidyOptimization/Masterdom.Modules.SubsidyOptimization.csproj]
/Users/kady/Masterdom/src/Masterdom.Modules.SubsidyOptimization/Application/Maximizer/ConfidenceScorer.cs(14,37): warning CS1591: Missing XML comment for publicly visible type or member 'ConfidenceScorer.Score(SubsidyConsumptionEstimate, IReadOnlyCollection<SubsidyOptimizationScenario>, decimal, DateTime)' [/Users/kady/Masterdom/src/Masterdom.Modules.SubsidyOptimization/Masterdom.Modules.SubsidyOptimization.csproj]
/Users/kady/Masterdom/src/Masterdom.Modules.SubsidyOptimization/Application/Maximizer/ConsumptionEstimator.cs(6,21): warning CS1591: Missing XML comment for publicly visible type or member 'ConsumptionEstimator' [/Users/kady/Masterdom/src/Masterdom.Modules.SubsidyOptimization/Masterdom.Modules.SubsidyOptimization.csproj]
/Users/kady/Masterdom/src/Masterdom.Modules.SubsidyOptimization/Application/Maximizer/ConsumptionEstimator.cs(10,12): warning CS1591: Missing XML comment for publicly visible type or member 'ConsumptionEstimator.ConsumptionEstimator(SubsidyCalculationRuntimeInvoker)' [/Users/kady/Masterdom/src/Masterdom.Modules.SubsidyOptimization/Masterdom.Modules.SubsidyOptimization.csproj]
/Users/kady/Masterdom/src/Masterdom.Modules.SubsidyOptimization/Application/Maximizer/ConsumptionEstimator.cs(15,39): warning CS1591: Missing XML comment for publicly visible type or member 'ConsumptionEstimator.Estimate(IReadOnlyCollection<MeteringConsumptionHistoryContract>, IReadOnlyCollection<RatedConsumptionContract>, decimal, DateTime)' [/Users/kady/Masterdom/src/Masterdom.Modules.SubsidyOptimization/Masterdom.Modules.SubsidyOptimization.csproj]
/Users/kady/Masterdom/src/Masterdom.Modules.SubsidyOptimization/Application/Maximizer/ForecastEngine.cs(5,21): warning CS1591: Missing XML comment for publicly visible type or member 'ForecastEngine' [/Users/kady/Masterdom/src/Masterdom.Modules.SubsidyOptimization/Masterdom.Modules.SubsidyOptimization.csproj]
/Users/kady/Masterdom/src/Masterdom.Modules.SubsidyOptimization/Application/Maximizer/ForecastEngine.cs(9,12): warning CS1591: Missing XML comment for publicly visible type or member 'ForecastEngine.ForecastEngine(SubsidyCalculationRuntimeInvoker)' [/Users/kady/Masterdom/src/Masterdom.Modules.SubsidyOptimization/Masterdom.Modules.SubsidyOptimization.csproj]
/Users/kady/Masterdom/src/Masterdom.Modules.SubsidyOptimization/Application/Maximizer/ForecastEngine.cs(14,28): warning CS1591: Missing XML comment for publicly visible type or member 'ForecastEngine.Forecast(SubsidyConsumptionEstimate, IReadOnlyCollection<RatedConsumptionContract>, DateTime)' [/Users/kady/Masterdom/src/Masterdom.Modules.SubsidyOptimization/Masterdom.Modules.SubsidyOptimization.csproj]
/Users/kady/Masterdom/src/Masterdom.Modules.SubsidyOptimization/Application/Maximizer/ImportedDatasetReference.cs(3,22): warning CS1591: Missing XML comment for publicly visible type or member 'ImportedDatasetReference' [/Users/kady/Masterdom/src/Masterdom.Modules.SubsidyOptimization/Masterdom.Modules.SubsidyOptimization.csproj]
/Users/kady/Masterdom/src/Masterdom.Modules.SubsidyOptimization/Application/Maximizer/ImportedDatasetReference.cs(3,22): warning CS1591: Missing XML comment for publicly visible type or member 'ImportedDatasetReference.ImportedDatasetReference(string, string, string, string, DateTime)' [/Users/kady/Masterdom/src/Masterdom.Modules.SubsidyOptimization/Masterdom.Modules.SubsidyOptimization.csproj]
/Users/kady/Masterdom/src/Masterdom.Modules.SubsidyOptimization/Application/Maximizer/ImportedDatasetReference.cs(4,12): warning CS1591: Missing XML comment for publicly visible type or member 'ImportedDatasetReference.DatasetId' [/Users/kady/Masterdom/src/Masterdom.Modules.SubsidyOptimization/Masterdom.Modules.SubsidyOptimization.csproj]
/Users/kady/Masterdom/src/Masterdom.Modules.SubsidyOptimization/Application/Maximizer/ImportedDatasetReference.cs(5,12): warning CS1591: Missing XML comment for publicly visible type or member 'ImportedDatasetReference.DatasetType' [/Users/kady/Masterdom/src/Masterdom.Modules.SubsidyOptimization/Masterdom.Modules.SubsidyOptimization.csproj]
/Users/kady/Masterdom/src/Masterdom.Modules.SubsidyOptimization/Application/Maximizer/ImportedDatasetReference.cs(6,12): warning CS1591: Missing XML comment for publicly visible type or member 'ImportedDatasetReference.SourceSystem' [/Users/kady/Masterdom/src/Masterdom.Modules.SubsidyOptimization/Masterdom.Modules.SubsidyOptimization.csproj]
/Users/kady/Masterdom/src/Masterdom.Modules.SubsidyOptimization/Application/Maximizer/ImportedDatasetReference.cs(7,12): warning CS1591: Missing XML comment for publicly visible type or member 'ImportedDatasetReference.Version' [/Users/kady/Masterdom/src/Masterdom.Modules.SubsidyOptimization/Masterdom.Modules.SubsidyOptimization.csproj]
/Users/kady/Masterdom/src/Masterdom.Modules.SubsidyOptimization/Application/Maximizer/ImportedDatasetReference.cs(8,14): warning CS1591: Missing XML comment for publicly visible type or member 'ImportedDatasetReference.ImportedAtUtc' [/Users/kady/Masterdom/src/Masterdom.Modules.SubsidyOptimization/Masterdom.Modules.SubsidyOptimization.csproj]
/Users/kady/Masterdom/src/Masterdom.Modules.SubsidyOptimization/Application/Maximizer/ISubsidyMaximizerService.cs(3,18): warning CS1591: Missing XML comment for publicly visible type or member 'ISubsidyMaximizerService' [/Users/kady/Masterdom/src/Masterdom.Modules.SubsidyOptimization/Masterdom.Modules.SubsidyOptimization.csproj]
/Users/kady/Masterdom/src/Masterdom.Modules.SubsidyOptimization/Application/Maximizer/ISubsidyMaximizerService.cs(5,28): warning CS1591: Missing XML comment for publicly visible type or member 'ISubsidyMaximizerService.Execute(SubsidyMaximizerRequest)' [/Users/kady/Masterdom/src/Masterdom.Modules.SubsidyOptimization/Masterdom.Modules.SubsidyOptimization.csproj]
/Users/kady/Masterdom/src/Masterdom.Modules.SubsidyOptimization/Application/Maximizer/OptimizationSessionBuilder.cs(6,21): warning CS1591: Missing XML comment for publicly visible type or member 'OptimizationSessionBuilder' [/Users/kady/Masterdom/src/Masterdom.Modules.SubsidyOptimization/Masterdom.Modules.SubsidyOptimization.csproj]
/Users/kady/Masterdom/src/Masterdom.Modules.SubsidyOptimization/Application/Maximizer/OptimizationSessionBuilder.cs(8,32): warning CS1591: Missing XML comment for publicly visible type or member 'OptimizationSessionBuilder.Build(BusinessContext, SubsidyMaximizerRequest, IReadOnlyDictionary<string, string>, string, string)' [/Users/kady/Masterdom/src/Masterdom.Modules.SubsidyOptimization/Masterdom.Modules.SubsidyOptimization.csproj]
/Users/kady/Masterdom/src/Masterdom.Modules.SubsidyOptimization/Application/Maximizer/RecommendationEvidenceBuilder.cs(5,21): warning CS1591: Missing XML comment for publicly visible type or member 'RecommendationEvidenceBuilder' [/Users/kady/Masterdom/src/Masterdom.Modules.SubsidyOptimization/Masterdom.Modules.SubsidyOptimization.csproj]
/Users/kady/Masterdom/src/Masterdom.Modules.SubsidyOptimization/Application/Maximizer/RecommendationEvidenceBuilder.cs(7,35): warning CS1591: Missing XML comment for publicly visible type or member 'RecommendationEvidenceBuilder.Build(SubsidyOptimizationScenario, SubsidyConsumptionEstimate, SubsidyForecast, RecommendationConfidence, IReadOnlyCollection<ImportedDatasetReference>, IReadOnlyDictionary<string, string>, string, string, string)' [/Users/kady/Masterdom/src/Masterdom.Modules.SubsidyOptimization/Masterdom.Modules.SubsidyOptimization.csproj]
/Users/kady/Masterdom/src/Masterdom.Modules.SubsidyOptimization/Application/Maximizer/RecommendationExplanationBuilder.cs(5,21): warning CS1591: Missing XML comment for publicly visible type or member 'RecommendationExplanationBuilder' [/Users/kady/Masterdom/src/Masterdom.Modules.SubsidyOptimization/Masterdom.Modules.SubsidyOptimization.csproj]
/Users/kady/Masterdom/src/Masterdom.Modules.SubsidyOptimization/Application/Maximizer/RecommendationExplanationBuilder.cs(7,38): warning CS1591: Missing XML comment for publicly visible type or member 'RecommendationExplanationBuilder.Build(SubsidyOptimizationScenario, SubsidyConsumptionEstimate, SubsidyForecast, RecommendationConfidence, IReadOnlyDictionary<string, string>, string, string, string)' [/Users/kady/Masterdom/src/Masterdom.Modules.SubsidyOptimization/Masterdom.Modules.SubsidyOptimization.csproj]
/Users/kady/Masterdom/src/Masterdom.Modules.SubsidyOptimization/Application/Maximizer/RecommendationGenerator.cs(5,21): warning CS1591: Missing XML comment for publicly visible type or member 'RecommendationGenerator' [/Users/kady/Masterdom/src/Masterdom.Modules.SubsidyOptimization/Masterdom.Modules.SubsidyOptimization.csproj]
/Users/kady/Masterdom/src/Masterdom.Modules.SubsidyOptimization/Application/Maximizer/RecommendationGenerator.cs(10,12): warning CS1591: Missing XML comment for publicly visible type or member 'RecommendationGenerator.RecommendationGenerator(RecommendationExplanationBuilder, RecommendationEvidenceBuilder)' [/Users/kady/Masterdom/src/Masterdom.Modules.SubsidyOptimization/Masterdom.Modules.SubsidyOptimization.csproj]
/Users/kady/Masterdom/src/Masterdom.Modules.SubsidyOptimization/Application/Maximizer/RecommendationGenerator.cs(18,42): warning CS1591: Missing XML comment for publicly visible type or member 'RecommendationGenerator.Generate(IReadOnlyCollection<SubsidyOptimizationScenario>, SubsidyConsumptionEstimate, SubsidyForecast, RecommendationConfidence, IReadOnlyCollection<ImportedDatasetReference>, IReadOnlyDictionary<string, string>, DateTime, string, string, string)' [/Users/kady/Masterdom/src/Masterdom.Modules.SubsidyOptimization/Masterdom.Modules.SubsidyOptimization.csproj]
/Users/kady/Masterdom/src/Masterdom.Modules.SubsidyOptimization/Application/Maximizer/ScenarioEvaluator.cs(6,21): warning CS1591: Missing XML comment for publicly visible type or member 'ScenarioEvaluator' [/Users/kady/Masterdom/src/Masterdom.Modules.SubsidyOptimization/Masterdom.Modules.SubsidyOptimization.csproj]
/Users/kady/Masterdom/src/Masterdom.Modules.SubsidyOptimization/Application/Maximizer/ScenarioEvaluator.cs(10,12): warning CS1591: Missing XML comment for publicly visible type or member 'ScenarioEvaluator.ScenarioEvaluator(SubsidyCalculationRuntimeInvoker)' [/Users/kady/Masterdom/src/Masterdom.Modules.SubsidyOptimization/Masterdom.Modules.SubsidyOptimization.csproj]
/Users/kady/Masterdom/src/Masterdom.Modules.SubsidyOptimization/Application/Maximizer/ScenarioEvaluator.cs(15,55): warning CS1591: Missing XML comment for publicly visible type or member 'ScenarioEvaluator.RankScenarios(IReadOnlyCollection<SubsidyOptimizationScenario>, SubsidyPolicyConfiguration, OptimizationModelConfiguration, OptimizationStrategyConfiguration, IReadOnlyCollection<RatedConsumptionContract>, DateTime)' [/Users/kady/Masterdom/src/Masterdom.Modules.SubsidyOptimization/Masterdom.Modules.SubsidyOptimization.csproj]
/Users/kady/Masterdom/src/Masterdom.Modules.SubsidyOptimization/Application/Maximizer/ScenarioGenerator.cs(5,21): warning CS1591: Missing XML comment for publicly visible type or member 'ScenarioGenerator' [/Users/kady/Masterdom/src/Masterdom.Modules.SubsidyOptimization/Masterdom.Modules.SubsidyOptimization.csproj]
/Users/kady/Masterdom/src/Masterdom.Modules.SubsidyOptimization/Application/Maximizer/ScenarioGenerator.cs(7,55): warning CS1591: Missing XML comment for publicly visible type or member 'ScenarioGenerator.Generate(SubsidyConsumptionEstimate, SubsidyForecast, SubsidyPolicyConfiguration, OptimizationStrategyConfiguration, OptimizationModelConfiguration)' [/Users/kady/Masterdom/src/Masterdom.Modules.SubsidyOptimization/Masterdom.Modules.SubsidyOptimization.csproj]
/Users/kady/Masterdom/src/Masterdom.Modules.SubsidyOptimization/Application/Maximizer/SubsidyCalculationRuntimeInvoker.cs(5,14): warning CS1591: Missing XML comment for publicly visible type or member 'SubsidyCalculationRuntimeInvoker' [/Users/kady/Masterdom/src/Masterdom.Modules.SubsidyOptimization/Masterdom.Modules.SubsidyOptimization.csproj]
/Users/kady/Masterdom/src/Masterdom.Modules.SubsidyOptimization/Application/Maximizer/SubsidyCalculationRuntimeInvoker.cs(9,12): warning CS1591: Missing XML comment for publicly visible type or member 'SubsidyCalculationRuntimeInvoker.SubsidyCalculationRuntimeInvoker(ICalculationRuntime)' [/Users/kady/Masterdom/src/Masterdom.Modules.SubsidyOptimization/Masterdom.Modules.SubsidyOptimization.csproj]
/Users/kady/Masterdom/src/Masterdom.Modules.SubsidyOptimization/Application/Maximizer/SubsidyCalculationRuntimeInvoker.cs(14,39): warning CS1591: Missing XML comment for publicly visible type or member 'SubsidyCalculationRuntimeInvoker.Execute(string, IReadOnlyDictionary<string, object?>, DateTime)' [/Users/kady/Masterdom/src/Masterdom.Modules.SubsidyOptimization/Masterdom.Modules.SubsidyOptimization.csproj]
/Users/kady/Masterdom/src/Masterdom.Modules.SubsidyOptimization/Application/Maximizer/SubsidyCalculationRuntimeInvoker.cs(39,27): warning CS1591: Missing XML comment for publicly visible type or member 'SubsidyCalculationRuntimeInvoker.ReadDecimal(ICalculationResult, string)' [/Users/kady/Masterdom/src/Masterdom.Modules.SubsidyOptimization/Masterdom.Modules.SubsidyOptimization.csproj]
/Users/kady/Masterdom/src/Masterdom.Modules.SubsidyOptimization/Application/Maximizer/SubsidyCalculationRuntimeInvoker.cs(45,24): warning CS1591: Missing XML comment for publicly visible type or member 'SubsidyCalculationRuntimeInvoker.ReadBool(ICalculationResult, string)' [/Users/kady/Masterdom/src/Masterdom.Modules.SubsidyOptimization/Masterdom.Modules.SubsidyOptimization.csproj]
/Users/kady/Masterdom/src/Masterdom.Modules.SubsidyOptimization/Application/Maximizer/SubsidyCalculationRuntimeInvoker.cs(51,26): warning CS1591: Missing XML comment for publicly visible type or member 'SubsidyCalculationRuntimeInvoker.ReadString(ICalculationResult, string)' [/Users/kady/Masterdom/src/Masterdom.Modules.SubsidyOptimization/Masterdom.Modules.SubsidyOptimization.csproj]
/Users/kady/Masterdom/src/Masterdom.Modules.SubsidyOptimization/Application/Maximizer/SubsidyCalculationRuntimeInvoker.cs(65,38): warning CS1591: Missing XML comment for publicly visible type or member 'SubsidyCalculationRuntimeInvoker.ReadIntList(ICalculationResult, string)' [/Users/kady/Masterdom/src/Masterdom.Modules.SubsidyOptimization/Masterdom.Modules.SubsidyOptimization.csproj]
/Users/kady/Masterdom/src/Masterdom.Modules.SubsidyOptimization/Application/Maximizer/SubsidyConsumptionEstimate.cs(3,22): warning CS1591: Missing XML comment for publicly visible type or member 'SubsidyConsumptionEstimate' [/Users/kady/Masterdom/src/Masterdom.Modules.SubsidyOptimization/Masterdom.Modules.SubsidyOptimization.csproj]
/Users/kady/Masterdom/src/Masterdom.Modules.SubsidyOptimization/Application/Maximizer/SubsidyConsumptionEstimate.cs(3,22): warning CS1591: Missing XML comment for publicly visible type or member 'SubsidyConsumptionEstimate.SubsidyConsumptionEstimate(decimal, decimal, decimal, decimal, decimal, IReadOnlyList<SubsidyMeterEstimate>)' [/Users/kady/Masterdom/src/Masterdom.Modules.SubsidyOptimization/Masterdom.Modules.SubsidyOptimization.csproj]
/Users/kady/Masterdom/src/Masterdom.Modules.SubsidyOptimization/Application/Maximizer/SubsidyConsumptionEstimate.cs(4,13): warning CS1591: Missing XML comment for publicly visible type or member 'SubsidyConsumptionEstimate.HistoricalAverageUnits' [/Users/kady/Masterdom/src/Masterdom.Modules.SubsidyOptimization/Masterdom.Modules.SubsidyOptimization.csproj]
/Users/kady/Masterdom/src/Masterdom.Modules.SubsidyOptimization/Application/Maximizer/SubsidyConsumptionEstimate.cs(5,13): warning CS1591: Missing XML comment for publicly visible type or member 'SubsidyConsumptionEstimate.WeightedAverageUnits' [/Users/kady/Masterdom/src/Masterdom.Modules.SubsidyOptimization/Masterdom.Modules.SubsidyOptimization.csproj]
/Users/kady/Masterdom/src/Masterdom.Modules.SubsidyOptimization/Application/Maximizer/SubsidyConsumptionEstimate.cs(6,13): warning CS1591: Missing XML comment for publicly visible type or member 'SubsidyConsumptionEstimate.FailedMeterEstimateUnits' [/Users/kady/Masterdom/src/Masterdom.Modules.SubsidyOptimization/Masterdom.Modules.SubsidyOptimization.csproj]
/Users/kady/Masterdom/src/Masterdom.Modules.SubsidyOptimization/Application/Maximizer/SubsidyConsumptionEstimate.cs(7,13): warning CS1591: Missing XML comment for publicly visible type or member 'SubsidyConsumptionEstimate.OccupancyAdjustedUnits' [/Users/kady/Masterdom/src/Masterdom.Modules.SubsidyOptimization/Masterdom.Modules.SubsidyOptimization.csproj]
/Users/kady/Masterdom/src/Masterdom.Modules.SubsidyOptimization/Application/Maximizer/SubsidyConsumptionEstimate.cs(8,13): warning CS1591: Missing XML comment for publicly visible type or member 'SubsidyConsumptionEstimate.DataCompletenessRatio' [/Users/kady/Masterdom/src/Masterdom.Modules.SubsidyOptimization/Masterdom.Modules.SubsidyOptimization.csproj]
/Users/kady/Masterdom/src/Masterdom.Modules.SubsidyOptimization/Application/Maximizer/SubsidyConsumptionEstimate.cs(9,41): warning CS1591: Missing XML comment for publicly visible type or member 'SubsidyConsumptionEstimate.MeterEstimates' [/Users/kady/Masterdom/src/Masterdom.Modules.SubsidyOptimization/Masterdom.Modules.SubsidyOptimization.csproj]
/Users/kady/Masterdom/src/Masterdom.Modules.SubsidyOptimization/Application/Maximizer/SubsidyConsumptionEstimate.cs(11,22): warning CS1591: Missing XML comment for publicly visible type or member 'SubsidyMeterEstimate' [/Users/kady/Masterdom/src/Masterdom.Modules.SubsidyOptimization/Masterdom.Modules.SubsidyOptimization.csproj]
/Users/kady/Masterdom/src/Masterdom.Modules.SubsidyOptimization/Application/Maximizer/SubsidyConsumptionEstimate.cs(11,22): warning CS1591: Missing XML comment for publicly visible type or member 'SubsidyMeterEstimate.SubsidyMeterEstimate(Guid, decimal, decimal)' [/Users/kady/Masterdom/src/Masterdom.Modules.SubsidyOptimization/Masterdom.Modules.SubsidyOptimization.csproj]
/Users/kady/Masterdom/src/Masterdom.Modules.SubsidyOptimization/Application/Maximizer/SubsidyConsumptionEstimate.cs(12,10): warning CS1591: Missing XML comment for publicly visible type or member 'SubsidyMeterEstimate.MeterId' [/Users/kady/Masterdom/src/Masterdom.Modules.SubsidyOptimization/Masterdom.Modules.SubsidyOptimization.csproj]
/Users/kady/Masterdom/src/Masterdom.Modules.SubsidyOptimization/Application/Maximizer/SubsidyConsumptionEstimate.cs(13,13): warning CS1591: Missing XML comment for publicly visible type or member 'SubsidyMeterEstimate.BaselineUnits' [/Users/kady/Masterdom/src/Masterdom.Modules.SubsidyOptimization/Masterdom.Modules.SubsidyOptimization.csproj]
/Users/kady/Masterdom/src/Masterdom.Modules.SubsidyOptimization/Application/Maximizer/SubsidyConsumptionEstimate.cs(14,13): warning CS1591: Missing XML comment for publicly visible type or member 'SubsidyMeterEstimate.SanctionedLoad' [/Users/kady/Masterdom/src/Masterdom.Modules.SubsidyOptimization/Masterdom.Modules.SubsidyOptimization.csproj]
/Users/kady/Masterdom/src/Masterdom.Modules.SubsidyOptimization/Application/Maximizer/SubsidyForecast.cs(3,22): warning CS1591: Missing XML comment for publicly visible type or member 'SubsidyForecast' [/Users/kady/Masterdom/src/Masterdom.Modules.SubsidyOptimization/Masterdom.Modules.SubsidyOptimization.csproj]
/Users/kady/Masterdom/src/Masterdom.Modules.SubsidyOptimization/Application/Maximizer/SubsidyForecast.cs(3,22): warning CS1591: Missing XML comment for publicly visible type or member 'SubsidyForecast.SubsidyForecast(decimal, decimal, decimal)' [/Users/kady/Masterdom/src/Masterdom.Modules.SubsidyOptimization/Masterdom.Modules.SubsidyOptimization.csproj]
/Users/kady/Masterdom/src/Masterdom.Modules.SubsidyOptimization/Application/Maximizer/SubsidyForecast.cs(4,13): warning CS1591: Missing XML comment for publicly visible type or member 'SubsidyForecast.ProjectedConsumptionUnits' [/Users/kady/Masterdom/src/Masterdom.Modules.SubsidyOptimization/Masterdom.Modules.SubsidyOptimization.csproj]
/Users/kady/Masterdom/src/Masterdom.Modules.SubsidyOptimization/Application/Maximizer/SubsidyForecast.cs(5,13): warning CS1591: Missing XML comment for publicly visible type or member 'SubsidyForecast.TrendFactor' [/Users/kady/Masterdom/src/Masterdom.Modules.SubsidyOptimization/Masterdom.Modules.SubsidyOptimization.csproj]
/Users/kady/Masterdom/src/Masterdom.Modules.SubsidyOptimization/Application/Maximizer/SubsidyForecast.cs(6,13): warning CS1591: Missing XML comment for publicly visible type or member 'SubsidyForecast.ThresholdVarianceUnits' [/Users/kady/Masterdom/src/Masterdom.Modules.SubsidyOptimization/Masterdom.Modules.SubsidyOptimization.csproj]
/Users/kady/Masterdom/src/Masterdom.Modules.SubsidyOptimization/Application/Maximizer/SubsidyMaximizerRequest.cs(6,22): warning CS1591: Missing XML comment for publicly visible type or member 'SubsidyMaximizerRequest' [/Users/kady/Masterdom/src/Masterdom.Modules.SubsidyOptimization/Masterdom.Modules.SubsidyOptimization.csproj]
/Users/kady/Masterdom/src/Masterdom.Modules.SubsidyOptimization/Application/Maximizer/SubsidyMaximizerRequest.cs(6,22): warning CS1591: Missing XML comment for publicly visible type or member 'SubsidyMaximizerRequest.SubsidyMaximizerRequest(IReadOnlyCollection<MeteringConsumptionHistoryContract>, IReadOnlyCollection<RatedConsumptionContract>, IReadOnlyCollection<ImportedDatasetReference>, DateTime, string, decimal, decimal, string?, string?, string?, string?, string?, string?, string?, string?)' [/Users/kady/Masterdom/src/Masterdom.Modules.SubsidyOptimization/Masterdom.Modules.SubsidyOptimization.csproj]
/Users/kady/Masterdom/src/Masterdom.Modules.SubsidyOptimization/Application/Maximizer/SubsidyMaximizerRequest.cs(7,61): warning CS1591: Missing XML comment for publicly visible type or member 'SubsidyMaximizerRequest.ConsumptionHistory' [/Users/kady/Masterdom/src/Masterdom.Modules.SubsidyOptimization/Masterdom.Modules.SubsidyOptimization.csproj]
/Users/kady/Masterdom/src/Masterdom.Modules.SubsidyOptimization/Application/Maximizer/SubsidyMaximizerRequest.cs(8,51): warning CS1591: Missing XML comment for publicly visible type or member 'SubsidyMaximizerRequest.RatedConsumptions' [/Users/kady/Masterdom/src/Masterdom.Modules.SubsidyOptimization/Masterdom.Modules.SubsidyOptimization.csproj]
/Users/kady/Masterdom/src/Masterdom.Modules.SubsidyOptimization/Application/Maximizer/SubsidyMaximizerRequest.cs(9,51): warning CS1591: Missing XML comment for publicly visible type or member 'SubsidyMaximizerRequest.ImportedDatasets' [/Users/kady/Masterdom/src/Masterdom.Modules.SubsidyOptimization/Masterdom.Modules.SubsidyOptimization.csproj]
/Users/kady/Masterdom/src/Masterdom.Modules.SubsidyOptimization/Application/Maximizer/SubsidyMaximizerRequest.cs(10,14): warning CS1591: Missing XML comment for publicly visible type or member 'SubsidyMaximizerRequest.EffectiveDateUtc' [/Users/kady/Masterdom/src/Masterdom.Modules.SubsidyOptimization/Masterdom.Modules.SubsidyOptimization.csproj]
/Users/kady/Masterdom/src/Masterdom.Modules.SubsidyOptimization/Application/Maximizer/SubsidyMaximizerRequest.cs(11,12): warning CS1591: Missing XML comment for publicly visible type or member 'SubsidyMaximizerRequest.ConfigurationVersion' [/Users/kady/Masterdom/src/Masterdom.Modules.SubsidyOptimization/Masterdom.Modules.SubsidyOptimization.csproj]
/Users/kady/Masterdom/src/Masterdom.Modules.SubsidyOptimization/Application/Maximizer/SubsidyMaximizerRequest.cs(12,13): warning CS1591: Missing XML comment for publicly visible type or member 'SubsidyMaximizerRequest.OccupancyRate' [/Users/kady/Masterdom/src/Masterdom.Modules.SubsidyOptimization/Masterdom.Modules.SubsidyOptimization.csproj]
/Users/kady/Masterdom/src/Masterdom.Modules.SubsidyOptimization/Application/Maximizer/SubsidyMaximizerRequest.cs(13,13): warning CS1591: Missing XML comment for publicly visible type or member 'SubsidyMaximizerRequest.ConfidenceThreshold' [/Users/kady/Masterdom/src/Masterdom.Modules.SubsidyOptimization/Masterdom.Modules.SubsidyOptimization.csproj]
/Users/kady/Masterdom/src/Masterdom.Modules.SubsidyOptimization/Application/Maximizer/SubsidyMaximizerRequest.cs(14,13): warning CS1591: Missing XML comment for publicly visible type or member 'SubsidyMaximizerRequest.TenantId' [/Users/kady/Masterdom/src/Masterdom.Modules.SubsidyOptimization/Masterdom.Modules.SubsidyOptimization.csproj]
/Users/kady/Masterdom/src/Masterdom.Modules.SubsidyOptimization/Application/Maximizer/SubsidyMaximizerRequest.cs(15,13): warning CS1591: Missing XML comment for publicly visible type or member 'SubsidyMaximizerRequest.PropertyId' [/Users/kady/Masterdom/src/Masterdom.Modules.SubsidyOptimization/Masterdom.Modules.SubsidyOptimization.csproj]
/Users/kady/Masterdom/src/Masterdom.Modules.SubsidyOptimization/Application/Maximizer/SubsidyMaximizerRequest.cs(16,13): warning CS1591: Missing XML comment for publicly visible type or member 'SubsidyMaximizerRequest.UserId' [/Users/kady/Masterdom/src/Masterdom.Modules.SubsidyOptimization/Masterdom.Modules.SubsidyOptimization.csproj]
/Users/kady/Masterdom/src/Masterdom.Modules.SubsidyOptimization/Application/Maximizer/SubsidyMaximizerRequest.cs(17,13): warning CS1591: Missing XML comment for publicly visible type or member 'SubsidyMaximizerRequest.PortfolioId' [/Users/kady/Masterdom/src/Masterdom.Modules.SubsidyOptimization/Masterdom.Modules.SubsidyOptimization.csproj]
/Users/kady/Masterdom/src/Masterdom.Modules.SubsidyOptimization/Application/Maximizer/SubsidyMaximizerRequest.cs(18,13): warning CS1591: Missing XML comment for publicly visible type or member 'SubsidyMaximizerRequest.Language' [/Users/kady/Masterdom/src/Masterdom.Modules.SubsidyOptimization/Masterdom.Modules.SubsidyOptimization.csproj]
/Users/kady/Masterdom/src/Masterdom.Modules.SubsidyOptimization/Application/Maximizer/SubsidyMaximizerRequest.cs(19,13): warning CS1591: Missing XML comment for publicly visible type or member 'SubsidyMaximizerRequest.SecurityContext' [/Users/kady/Masterdom/src/Masterdom.Modules.SubsidyOptimization/Masterdom.Modules.SubsidyOptimization.csproj]
/Users/kady/Masterdom/src/Masterdom.Modules.SubsidyOptimization/Application/Maximizer/SubsidyMaximizerRequest.cs(20,13): warning CS1591: Missing XML comment for publicly visible type or member 'SubsidyMaximizerRequest.OptimizationModel' [/Users/kady/Masterdom/src/Masterdom.Modules.SubsidyOptimization/Masterdom.Modules.SubsidyOptimization.csproj]
/Users/kady/Masterdom/src/Masterdom.Modules.SubsidyOptimization/Application/Maximizer/SubsidyMaximizerRequest.cs(21,13): warning CS1591: Missing XML comment for publicly visible type or member 'SubsidyMaximizerRequest.OptimizationStrategy' [/Users/kady/Masterdom/src/Masterdom.Modules.SubsidyOptimization/Masterdom.Modules.SubsidyOptimization.csproj]
/Users/kady/Masterdom/src/Masterdom.Modules.SubsidyOptimization/Application/Maximizer/SubsidyMaximizerResult.cs(7,22): warning CS1591: Missing XML comment for publicly visible type or member 'SubsidyMaximizerResult' [/Users/kady/Masterdom/src/Masterdom.Modules.SubsidyOptimization/Masterdom.Modules.SubsidyOptimization.csproj]
/Users/kady/Masterdom/src/Masterdom.Modules.SubsidyOptimization/Application/Maximizer/SubsidyMaximizerResult.cs(7,22): warning CS1591: Missing XML comment for publicly visible type or member 'SubsidyMaximizerResult.SubsidyMaximizerResult(BusinessContext, OptimizationSession, RecommendationBundle, IReadOnlyList<SubsidyOptimizationScenario>, SubsidyConsumptionEstimate, SubsidyForecast, RecommendationConfidence, IReadOnlyList<MeteringConsumptionHistoryContract>, IReadOnlyDictionary<string, string>, ResolvedSubsidyOptimizerConfiguration)' [/Users/kady/Masterdom/src/Masterdom.Modules.SubsidyOptimization/Masterdom.Modules.SubsidyOptimization.csproj]
/Users/kady/Masterdom/src/Masterdom.Modules.SubsidyOptimization/Application/Maximizer/SubsidyMaximizerResult.cs(8,21): warning CS1591: Missing XML comment for publicly visible type or member 'SubsidyMaximizerResult.BusinessContext' [/Users/kady/Masterdom/src/Masterdom.Modules.SubsidyOptimization/Masterdom.Modules.SubsidyOptimization.csproj]
/Users/kady/Masterdom/src/Masterdom.Modules.SubsidyOptimization/Application/Maximizer/SubsidyMaximizerResult.cs(9,25): warning CS1591: Missing XML comment for publicly visible type or member 'SubsidyMaximizerResult.OptimizationSession' [/Users/kady/Masterdom/src/Masterdom.Modules.SubsidyOptimization/Masterdom.Modules.SubsidyOptimization.csproj]
/Users/kady/Masterdom/src/Masterdom.Modules.SubsidyOptimization/Application/Maximizer/SubsidyMaximizerResult.cs(10,26): warning CS1591: Missing XML comment for publicly visible type or member 'SubsidyMaximizerResult.RecommendationBundle' [/Users/kady/Masterdom/src/Masterdom.Modules.SubsidyOptimization/Masterdom.Modules.SubsidyOptimization.csproj]
/Users/kady/Masterdom/src/Masterdom.Modules.SubsidyOptimization/Application/Maximizer/SubsidyMaximizerResult.cs(11,48): warning CS1591: Missing XML comment for publicly visible type or member 'SubsidyMaximizerResult.RankedScenarios' [/Users/kady/Masterdom/src/Masterdom.Modules.SubsidyOptimization/Masterdom.Modules.SubsidyOptimization.csproj]
/Users/kady/Masterdom/src/Masterdom.Modules.SubsidyOptimization/Application/Maximizer/SubsidyMaximizerResult.cs(12,32): warning CS1591: Missing XML comment for publicly visible type or member 'SubsidyMaximizerResult.ConsumptionEstimate' [/Users/kady/Masterdom/src/Masterdom.Modules.SubsidyOptimization/Masterdom.Modules.SubsidyOptimization.csproj]
/Users/kady/Masterdom/src/Masterdom.Modules.SubsidyOptimization/Application/Maximizer/SubsidyMaximizerResult.cs(13,21): warning CS1591: Missing XML comment for publicly visible type or member 'SubsidyMaximizerResult.Forecast' [/Users/kady/Masterdom/src/Masterdom.Modules.SubsidyOptimization/Masterdom.Modules.SubsidyOptimization.csproj]
/Users/kady/Masterdom/src/Masterdom.Modules.SubsidyOptimization/Application/Maximizer/SubsidyMaximizerResult.cs(14,30): warning CS1591: Missing XML comment for publicly visible type or member 'SubsidyMaximizerResult.Confidence' [/Users/kady/Masterdom/src/Masterdom.Modules.SubsidyOptimization/Masterdom.Modules.SubsidyOptimization.csproj]
/Users/kady/Masterdom/src/Masterdom.Modules.SubsidyOptimization/Application/Maximizer/SubsidyMaximizerResult.cs(15,55): warning CS1591: Missing XML comment for publicly visible type or member 'SubsidyMaximizerResult.ParticipatingConsumptionHistory' [/Users/kady/Masterdom/src/Masterdom.Modules.SubsidyOptimization/Masterdom.Modules.SubsidyOptimization.csproj]
/Users/kady/Masterdom/src/Masterdom.Modules.SubsidyOptimization/Application/Maximizer/SubsidyMaximizerResult.cs(16,41): warning CS1591: Missing XML comment for publicly visible type or member 'SubsidyMaximizerResult.ConsumedConfigurationVersions' [/Users/kady/Masterdom/src/Masterdom.Modules.SubsidyOptimization/Masterdom.Modules.SubsidyOptimization.csproj]
/Users/kady/Masterdom/src/Masterdom.Modules.SubsidyOptimization/Application/Maximizer/SubsidyMaximizerResult.cs(17,43): warning CS1591: Missing XML comment for publicly visible type or member 'SubsidyMaximizerResult.GovernedConfiguration' [/Users/kady/Masterdom/src/Masterdom.Modules.SubsidyOptimization/Masterdom.Modules.SubsidyOptimization.csproj]
/Users/kady/Masterdom/src/Masterdom.Modules.SubsidyOptimization/Application/Maximizer/SubsidyMaximizerService.cs(8,21): warning CS1591: Missing XML comment for publicly visible type or member 'SubsidyMaximizerService' [/Users/kady/Masterdom/src/Masterdom.Modules.SubsidyOptimization/Masterdom.Modules.SubsidyOptimization.csproj]
/Users/kady/Masterdom/src/Masterdom.Modules.SubsidyOptimization/Application/Maximizer/SubsidyMaximizerService.cs(37,12): warning CS1591: Missing XML comment for publicly visible type or member 'SubsidyMaximizerService.SubsidyMaximizerService(IBusinessContextBuilder, IBusinessConfigurationCatalog, ConsumptionEstimator, ForecastEngine, ScenarioGenerator, ScenarioEvaluator, ConfidenceScorer, RecommendationGenerator, OptimizationSessionBuilder)' [/Users/kady/Masterdom/src/Masterdom.Modules.SubsidyOptimization/Masterdom.Modules.SubsidyOptimization.csproj]
/Users/kady/Masterdom/src/Masterdom.Modules.SubsidyOptimization/Application/Maximizer/SubsidyMaximizerService.cs(59,35): warning CS1591: Missing XML comment for publicly visible type or member 'SubsidyMaximizerService.Execute(SubsidyMaximizerRequest)' [/Users/kady/Masterdom/src/Masterdom.Modules.SubsidyOptimization/Masterdom.Modules.SubsidyOptimization.csproj]
/Users/kady/Masterdom/src/Masterdom.Modules.SubsidyOptimization/Application/Maximizer/SubsidyOptimizationScenario.cs(3,22): warning CS1591: Missing XML comment for publicly visible type or member 'SubsidyOptimizationScenario' [/Users/kady/Masterdom/src/Masterdom.Modules.SubsidyOptimization/Masterdom.Modules.SubsidyOptimization.csproj]
/Users/kady/Masterdom/src/Masterdom.Modules.SubsidyOptimization/Application/Maximizer/SubsidyOptimizationScenario.cs(3,22): warning CS1591: Missing XML comment for publicly visible type or member 'SubsidyOptimizationScenario.SubsidyOptimizationScenario(string, string, decimal, decimal, decimal, decimal, decimal, decimal, decimal, decimal, decimal, bool, string?, decimal?, string, decimal, IReadOnlyList<SubsidyMeterAllocation>)' [/Users/kady/Masterdom/src/Masterdom.Modules.SubsidyOptimization/Masterdom.Modules.SubsidyOptimization.csproj]
/Users/kady/Masterdom/src/Masterdom.Modules.SubsidyOptimization/Application/Maximizer/SubsidyOptimizationScenario.cs(4,12): warning CS1591: Missing XML comment for publicly visible type or member 'SubsidyOptimizationScenario.ScenarioCode' [/Users/kady/Masterdom/src/Masterdom.Modules.SubsidyOptimization/Masterdom.Modules.SubsidyOptimization.csproj]
/Users/kady/Masterdom/src/Masterdom.Modules.SubsidyOptimization/Application/Maximizer/SubsidyOptimizationScenario.cs(5,12): warning CS1591: Missing XML comment for publicly visible type or member 'SubsidyOptimizationScenario.ScenarioName' [/Users/kady/Masterdom/src/Masterdom.Modules.SubsidyOptimization/Masterdom.Modules.SubsidyOptimization.csproj]
/Users/kady/Masterdom/src/Masterdom.Modules.SubsidyOptimization/Application/Maximizer/SubsidyOptimizationScenario.cs(6,13): warning CS1591: Missing XML comment for publicly visible type or member 'SubsidyOptimizationScenario.EstimatedConsumptionUnits' [/Users/kady/Masterdom/src/Masterdom.Modules.SubsidyOptimization/Masterdom.Modules.SubsidyOptimization.csproj]
/Users/kady/Masterdom/src/Masterdom.Modules.SubsidyOptimization/Application/Maximizer/SubsidyOptimizationScenario.cs(7,13): warning CS1591: Missing XML comment for publicly visible type or member 'SubsidyOptimizationScenario.ForecastConsumptionUnits' [/Users/kady/Masterdom/src/Masterdom.Modules.SubsidyOptimization/Masterdom.Modules.SubsidyOptimization.csproj]
/Users/kady/Masterdom/src/Masterdom.Modules.SubsidyOptimization/Application/Maximizer/SubsidyOptimizationScenario.cs(8,13): warning CS1591: Missing XML comment for publicly visible type or member 'SubsidyOptimizationScenario.ExpectedSubsidy' [/Users/kady/Masterdom/src/Masterdom.Modules.SubsidyOptimization/Masterdom.Modules.SubsidyOptimization.csproj]
/Users/kady/Masterdom/src/Masterdom.Modules.SubsidyOptimization/Application/Maximizer/SubsidyOptimizationScenario.cs(9,13): warning CS1591: Missing XML comment for publicly visible type or member 'SubsidyOptimizationScenario.ExpectedCost' [/Users/kady/Masterdom/src/Masterdom.Modules.SubsidyOptimization/Masterdom.Modules.SubsidyOptimization.csproj]
/Users/kady/Masterdom/src/Masterdom.Modules.SubsidyOptimization/Application/Maximizer/SubsidyOptimizationScenario.cs(10,13): warning CS1591: Missing XML comment for publicly visible type or member 'SubsidyOptimizationScenario.SanctionedLoadImpact' [/Users/kady/Masterdom/src/Masterdom.Modules.SubsidyOptimization/Masterdom.Modules.SubsidyOptimization.csproj]
/Users/kady/Masterdom/src/Masterdom.Modules.SubsidyOptimization/Application/Maximizer/SubsidyOptimizationScenario.cs(11,13): warning CS1591: Missing XML comment for publicly visible type or member 'SubsidyOptimizationScenario.ExpectedBenefit' [/Users/kady/Masterdom/src/Masterdom.Modules.SubsidyOptimization/Masterdom.Modules.SubsidyOptimization.csproj]
/Users/kady/Masterdom/src/Masterdom.Modules.SubsidyOptimization/Application/Maximizer/SubsidyOptimizationScenario.cs(12,13): warning CS1591: Missing XML comment for publicly visible type or member 'SubsidyOptimizationScenario.ExpectedRisk' [/Users/kady/Masterdom/src/Masterdom.Modules.SubsidyOptimization/Masterdom.Modules.SubsidyOptimization.csproj]
/Users/kady/Masterdom/src/Masterdom.Modules.SubsidyOptimization/Application/Maximizer/SubsidyOptimizationScenario.cs(13,13): warning CS1591: Missing XML comment for publicly visible type or member 'SubsidyOptimizationScenario.ThresholdDelta' [/Users/kady/Masterdom/src/Masterdom.Modules.SubsidyOptimization/Masterdom.Modules.SubsidyOptimization.csproj]
/Users/kady/Masterdom/src/Masterdom.Modules.SubsidyOptimization/Application/Maximizer/SubsidyOptimizationScenario.cs(14,13): warning CS1591: Missing XML comment for publicly visible type or member 'SubsidyOptimizationScenario.SubsidyPreservationScore' [/Users/kady/Masterdom/src/Masterdom.Modules.SubsidyOptimization/Masterdom.Modules.SubsidyOptimization.csproj]
/Users/kady/Masterdom/src/Masterdom.Modules.SubsidyOptimization/Application/Maximizer/SubsidyOptimizationScenario.cs(15,10): warning CS1591: Missing XML comment for publicly visible type or member 'SubsidyOptimizationScenario.IsFeasible' [/Users/kady/Masterdom/src/Masterdom.Modules.SubsidyOptimization/Masterdom.Modules.SubsidyOptimization.csproj]
/Users/kady/Masterdom/src/Masterdom.Modules.SubsidyOptimization/Application/Maximizer/SubsidyOptimizationScenario.cs(16,13): warning CS1591: Missing XML comment for publicly visible type or member 'SubsidyOptimizationScenario.InfeasibilityReason' [/Users/kady/Masterdom/src/Masterdom.Modules.SubsidyOptimization/Masterdom.Modules.SubsidyOptimization.csproj]
/Users/kady/Masterdom/src/Masterdom.Modules.SubsidyOptimization/Application/Maximizer/SubsidyOptimizationScenario.cs(17,14): warning CS1591: Missing XML comment for publicly visible type or member 'SubsidyOptimizationScenario.TriggeredBoundary' [/Users/kady/Masterdom/src/Masterdom.Modules.SubsidyOptimization/Masterdom.Modules.SubsidyOptimization.csproj]
/Users/kady/Masterdom/src/Masterdom.Modules.SubsidyOptimization/Application/Maximizer/SubsidyOptimizationScenario.cs(18,12): warning CS1591: Missing XML comment for publicly visible type or member 'SubsidyOptimizationScenario.TradeOffSummary' [/Users/kady/Masterdom/src/Masterdom.Modules.SubsidyOptimization/Masterdom.Modules.SubsidyOptimization.csproj]
/Users/kady/Masterdom/src/Masterdom.Modules.SubsidyOptimization/Application/Maximizer/SubsidyOptimizationScenario.cs(19,13): warning CS1591: Missing XML comment for publicly visible type or member 'SubsidyOptimizationScenario.RankScore' [/Users/kady/Masterdom/src/Masterdom.Modules.SubsidyOptimization/Masterdom.Modules.SubsidyOptimization.csproj]
/Users/kady/Masterdom/src/Masterdom.Modules.SubsidyOptimization/Application/Maximizer/SubsidyOptimizationScenario.cs(20,43): warning CS1591: Missing XML comment for publicly visible type or member 'SubsidyOptimizationScenario.MeterAllocations' [/Users/kady/Masterdom/src/Masterdom.Modules.SubsidyOptimization/Masterdom.Modules.SubsidyOptimization.csproj]
/Users/kady/Masterdom/src/Masterdom.Modules.SubsidyOptimization/Application/Maximizer/SubsidyOptimizationScenario.cs(22,22): warning CS1591: Missing XML comment for publicly visible type or member 'SubsidyMeterAllocation' [/Users/kady/Masterdom/src/Masterdom.Modules.SubsidyOptimization/Masterdom.Modules.SubsidyOptimization.csproj]
/Users/kady/Masterdom/src/Masterdom.Modules.SubsidyOptimization/Application/Maximizer/SubsidyOptimizationScenario.cs(22,22): warning CS1591: Missing XML comment for publicly visible type or member 'SubsidyMeterAllocation.SubsidyMeterAllocation(Guid, decimal, decimal, decimal, decimal)' [/Users/kady/Masterdom/src/Masterdom.Modules.SubsidyOptimization/Masterdom.Modules.SubsidyOptimization.csproj]
/Users/kady/Masterdom/src/Masterdom.Modules.SubsidyOptimization/Application/Maximizer/SubsidyOptimizationScenario.cs(23,10): warning CS1591: Missing XML comment for publicly visible type or member 'SubsidyMeterAllocation.MeterId' [/Users/kady/Masterdom/src/Masterdom.Modules.SubsidyOptimization/Masterdom.Modules.SubsidyOptimization.csproj]
/Users/kady/Masterdom/src/Masterdom.Modules.SubsidyOptimization/Application/Maximizer/SubsidyOptimizationScenario.cs(24,13): warning CS1591: Missing XML comment for publicly visible type or member 'SubsidyMeterAllocation.BaselineUnits' [/Users/kady/Masterdom/src/Masterdom.Modules.SubsidyOptimization/Masterdom.Modules.SubsidyOptimization.csproj]
/Users/kady/Masterdom/src/Masterdom.Modules.SubsidyOptimization/Application/Maximizer/SubsidyOptimizationScenario.cs(25,13): warning CS1591: Missing XML comment for publicly visible type or member 'SubsidyMeterAllocation.AllocatedUnits' [/Users/kady/Masterdom/src/Masterdom.Modules.SubsidyOptimization/Masterdom.Modules.SubsidyOptimization.csproj]
/Users/kady/Masterdom/src/Masterdom.Modules.SubsidyOptimization/Application/Maximizer/SubsidyOptimizationScenario.cs(26,13): warning CS1591: Missing XML comment for publicly visible type or member 'SubsidyMeterAllocation.SanctionedLoad' [/Users/kady/Masterdom/src/Masterdom.Modules.SubsidyOptimization/Masterdom.Modules.SubsidyOptimization.csproj]
/Users/kady/Masterdom/src/Masterdom.Modules.SubsidyOptimization/Application/Maximizer/SubsidyOptimizationScenario.cs(27,13): warning CS1591: Missing XML comment for publicly visible type or member 'SubsidyMeterAllocation.MovementUnits' [/Users/kady/Masterdom/src/Masterdom.Modules.SubsidyOptimization/Masterdom.Modules.SubsidyOptimization.csproj]
/Users/kady/Masterdom/src/Masterdom.Modules.SubsidyOptimization/Application/Maximizer/SubsidyOptimizerConfiguration.cs(3,22): warning CS1591: Missing XML comment for publicly visible type or member 'SubsidyPolicyConfiguration' [/Users/kady/Masterdom/src/Masterdom.Modules.SubsidyOptimization/Masterdom.Modules.SubsidyOptimization.csproj]
/Users/kady/Masterdom/src/Masterdom.Modules.SubsidyOptimization/Application/Maximizer/SubsidyOptimizerConfiguration.cs(3,22): warning CS1591: Missing XML comment for publicly visible type or member 'SubsidyPolicyConfiguration.SubsidyPolicyConfiguration(string, IReadOnlyList<SubsidySlabConfiguration>, decimal, decimal, IReadOnlyList<string>)' [/Users/kady/Masterdom/src/Masterdom.Modules.SubsidyOptimization/Masterdom.Modules.SubsidyOptimization.csproj]
/Users/kady/Masterdom/src/Masterdom.Modules.SubsidyOptimization/Application/Maximizer/SubsidyOptimizerConfiguration.cs(4,12): warning CS1591: Missing XML comment for publicly visible type or member 'SubsidyPolicyConfiguration.PolicyCode' [/Users/kady/Masterdom/src/Masterdom.Modules.SubsidyOptimization/Masterdom.Modules.SubsidyOptimization.csproj]
/Users/kady/Masterdom/src/Masterdom.Modules.SubsidyOptimization/Application/Maximizer/SubsidyOptimizerConfiguration.cs(5,45): warning CS1591: Missing XML comment for publicly visible type or member 'SubsidyPolicyConfiguration.Slabs' [/Users/kady/Masterdom/src/Masterdom.Modules.SubsidyOptimization/Masterdom.Modules.SubsidyOptimization.csproj]
/Users/kady/Masterdom/src/Masterdom.Modules.SubsidyOptimization/Application/Maximizer/SubsidyOptimizerConfiguration.cs(6,13): warning CS1591: Missing XML comment for publicly visible type or member 'SubsidyPolicyConfiguration.SanctionedLoadLimit' [/Users/kady/Masterdom/src/Masterdom.Modules.SubsidyOptimization/Masterdom.Modules.SubsidyOptimization.csproj]
/Users/kady/Masterdom/src/Masterdom.Modules.SubsidyOptimization/Application/Maximizer/SubsidyOptimizerConfiguration.cs(7,13): warning CS1591: Missing XML comment for publicly visible type or member 'SubsidyPolicyConfiguration.SanctionedLoadPenaltyPerUnit' [/Users/kady/Masterdom/src/Masterdom.Modules.SubsidyOptimization/Masterdom.Modules.SubsidyOptimization.csproj]
/Users/kady/Masterdom/src/Masterdom.Modules.SubsidyOptimization/Application/Maximizer/SubsidyOptimizerConfiguration.cs(8,27): warning CS1591: Missing XML comment for publicly visible type or member 'SubsidyPolicyConfiguration.EligibleMeterTypes' [/Users/kady/Masterdom/src/Masterdom.Modules.SubsidyOptimization/Masterdom.Modules.SubsidyOptimization.csproj]
/Users/kady/Masterdom/src/Masterdom.Modules.SubsidyOptimization/Application/Maximizer/SubsidyOptimizerConfiguration.cs(10,22): warning CS1591: Missing XML comment for publicly visible type or member 'SubsidySlabConfiguration' [/Users/kady/Masterdom/src/Masterdom.Modules.SubsidyOptimization/Masterdom.Modules.SubsidyOptimization.csproj]
/Users/kady/Masterdom/src/Masterdom.Modules.SubsidyOptimization/Application/Maximizer/SubsidyOptimizerConfiguration.cs(10,22): warning CS1591: Missing XML comment for publicly visible type or member 'SubsidySlabConfiguration.SubsidySlabConfiguration(decimal, decimal, bool)' [/Users/kady/Masterdom/src/Masterdom.Modules.SubsidyOptimization/Masterdom.Modules.SubsidyOptimization.csproj]
/Users/kady/Masterdom/src/Masterdom.Modules.SubsidyOptimization/Application/Maximizer/SubsidyOptimizerConfiguration.cs(11,13): warning CS1591: Missing XML comment for publicly visible type or member 'SubsidySlabConfiguration.MaximumUnits' [/Users/kady/Masterdom/src/Masterdom.Modules.SubsidyOptimization/Masterdom.Modules.SubsidyOptimization.csproj]
/Users/kady/Masterdom/src/Masterdom.Modules.SubsidyOptimization/Application/Maximizer/SubsidyOptimizerConfiguration.cs(12,13): warning CS1591: Missing XML comment for publicly visible type or member 'SubsidySlabConfiguration.SubsidyAmount' [/Users/kady/Masterdom/src/Masterdom.Modules.SubsidyOptimization/Masterdom.Modules.SubsidyOptimization.csproj]
/Users/kady/Masterdom/src/Masterdom.Modules.SubsidyOptimization/Application/Maximizer/SubsidyOptimizerConfiguration.cs(13,10): warning CS1591: Missing XML comment for publicly visible type or member 'SubsidySlabConfiguration.IsCliff' [/Users/kady/Masterdom/src/Masterdom.Modules.SubsidyOptimization/Masterdom.Modules.SubsidyOptimization.csproj]
/Users/kady/Masterdom/src/Masterdom.Modules.SubsidyOptimization/Application/Maximizer/SubsidyOptimizerConfiguration.cs(15,22): warning CS1591: Missing XML comment for publicly visible type or member 'OptimizationModelConfiguration' [/Users/kady/Masterdom/src/Masterdom.Modules.SubsidyOptimization/Masterdom.Modules.SubsidyOptimization.csproj]
/Users/kady/Masterdom/src/Masterdom.Modules.SubsidyOptimization/Application/Maximizer/SubsidyOptimizerConfiguration.cs(15,22): warning CS1591: Missing XML comment for publicly visible type or member 'OptimizationModelConfiguration.OptimizationModelConfiguration(string, decimal, decimal, decimal, decimal, decimal, int)' [/Users/kady/Masterdom/src/Masterdom.Modules.SubsidyOptimization/Masterdom.Modules.SubsidyOptimization.csproj]
/Users/kady/Masterdom/src/Masterdom.Modules.SubsidyOptimization/Application/Maximizer/SubsidyOptimizerConfiguration.cs(16,12): warning CS1591: Missing XML comment for publicly visible type or member 'OptimizationModelConfiguration.ModelCode' [/Users/kady/Masterdom/src/Masterdom.Modules.SubsidyOptimization/Masterdom.Modules.SubsidyOptimization.csproj]
/Users/kady/Masterdom/src/Masterdom.Modules.SubsidyOptimization/Application/Maximizer/SubsidyOptimizerConfiguration.cs(17,13): warning CS1591: Missing XML comment for publicly visible type or member 'OptimizationModelConfiguration.SubsidyWeight' [/Users/kady/Masterdom/src/Masterdom.Modules.SubsidyOptimization/Masterdom.Modules.SubsidyOptimization.csproj]
/Users/kady/Masterdom/src/Masterdom.Modules.SubsidyOptimization/Application/Maximizer/SubsidyOptimizerConfiguration.cs(18,13): warning CS1591: Missing XML comment for publicly visible type or member 'OptimizationModelConfiguration.CostWeight' [/Users/kady/Masterdom/src/Masterdom.Modules.SubsidyOptimization/Masterdom.Modules.SubsidyOptimization.csproj]
/Users/kady/Masterdom/src/Masterdom.Modules.SubsidyOptimization/Application/Maximizer/SubsidyOptimizerConfiguration.cs(19,13): warning CS1591: Missing XML comment for publicly visible type or member 'OptimizationModelConfiguration.LoadImpactWeight' [/Users/kady/Masterdom/src/Masterdom.Modules.SubsidyOptimization/Masterdom.Modules.SubsidyOptimization.csproj]
/Users/kady/Masterdom/src/Masterdom.Modules.SubsidyOptimization/Application/Maximizer/SubsidyOptimizerConfiguration.cs(20,13): warning CS1591: Missing XML comment for publicly visible type or member 'OptimizationModelConfiguration.RiskWeight' [/Users/kady/Masterdom/src/Masterdom.Modules.SubsidyOptimization/Masterdom.Modules.SubsidyOptimization.csproj]
/Users/kady/Masterdom/src/Masterdom.Modules.SubsidyOptimization/Application/Maximizer/SubsidyOptimizerConfiguration.cs(21,13): warning CS1591: Missing XML comment for publicly visible type or member 'OptimizationModelConfiguration.BoundaryTolerance' [/Users/kady/Masterdom/src/Masterdom.Modules.SubsidyOptimization/Masterdom.Modules.SubsidyOptimization.csproj]
/Users/kady/Masterdom/src/Masterdom.Modules.SubsidyOptimization/Application/Maximizer/SubsidyOptimizerConfiguration.cs(22,9): warning CS1591: Missing XML comment for publicly visible type or member 'OptimizationModelConfiguration.MaximumScenarioCount' [/Users/kady/Masterdom/src/Masterdom.Modules.SubsidyOptimization/Masterdom.Modules.SubsidyOptimization.csproj]
/Users/kady/Masterdom/src/Masterdom.Modules.SubsidyOptimization/Application/Maximizer/SubsidyOptimizerConfiguration.cs(24,22): warning CS1591: Missing XML comment for publicly visible type or member 'OptimizationStrategyConfiguration' [/Users/kady/Masterdom/src/Masterdom.Modules.SubsidyOptimization/Masterdom.Modules.SubsidyOptimization.csproj]
/Users/kady/Masterdom/src/Masterdom.Modules.SubsidyOptimization/Application/Maximizer/SubsidyOptimizerConfiguration.cs(24,22): warning CS1591: Missing XML comment for publicly visible type or member 'OptimizationStrategyConfiguration.OptimizationStrategyConfiguration(string, IReadOnlyList<decimal>, bool, bool, decimal)' [/Users/kady/Masterdom/src/Masterdom.Modules.SubsidyOptimization/Masterdom.Modules.SubsidyOptimization.csproj]
/Users/kady/Masterdom/src/Masterdom.Modules.SubsidyOptimization/Application/Maximizer/SubsidyOptimizerConfiguration.cs(25,12): warning CS1591: Missing XML comment for publicly visible type or member 'OptimizationStrategyConfiguration.StrategyCode' [/Users/kady/Masterdom/src/Masterdom.Modules.SubsidyOptimization/Masterdom.Modules.SubsidyOptimization.csproj]
/Users/kady/Masterdom/src/Masterdom.Modules.SubsidyOptimization/Application/Maximizer/SubsidyOptimizerConfiguration.cs(26,28): warning CS1591: Missing XML comment for publicly visible type or member 'OptimizationStrategyConfiguration.ConsumptionFactors' [/Users/kady/Masterdom/src/Masterdom.Modules.SubsidyOptimization/Masterdom.Modules.SubsidyOptimization.csproj]
/Users/kady/Masterdom/src/Masterdom.Modules.SubsidyOptimization/Application/Maximizer/SubsidyOptimizerConfiguration.cs(27,10): warning CS1591: Missing XML comment for publicly visible type or member 'OptimizationStrategyConfiguration.IncludeSubsidyBoundaries' [/Users/kady/Masterdom/src/Masterdom.Modules.SubsidyOptimization/Masterdom.Modules.SubsidyOptimization.csproj]
/Users/kady/Masterdom/src/Masterdom.Modules.SubsidyOptimization/Application/Maximizer/SubsidyOptimizerConfiguration.cs(28,10): warning CS1591: Missing XML comment for publicly visible type or member 'OptimizationStrategyConfiguration.PermitCrossMeterMovement' [/Users/kady/Masterdom/src/Masterdom.Modules.SubsidyOptimization/Masterdom.Modules.SubsidyOptimization.csproj]
/Users/kady/Masterdom/src/Masterdom.Modules.SubsidyOptimization/Application/Maximizer/SubsidyOptimizerConfiguration.cs(29,13): warning CS1591: Missing XML comment for publicly visible type or member 'OptimizationStrategyConfiguration.MaximumCrossMeterMovementFraction' [/Users/kady/Masterdom/src/Masterdom.Modules.SubsidyOptimization/Masterdom.Modules.SubsidyOptimization.csproj]
/Users/kady/Masterdom/src/Masterdom.Modules.SubsidyOptimization/Application/Maximizer/SubsidyOptimizerConfiguration.cs(31,22): warning CS1591: Missing XML comment for publicly visible type or member 'ResolvedConfigurationIdentity' [/Users/kady/Masterdom/src/Masterdom.Modules.SubsidyOptimization/Masterdom.Modules.SubsidyOptimization.csproj]
/Users/kady/Masterdom/src/Masterdom.Modules.SubsidyOptimization/Application/Maximizer/SubsidyOptimizerConfiguration.cs(31,22): warning CS1591: Missing XML comment for publicly visible type or member 'ResolvedConfigurationIdentity.ResolvedConfigurationIdentity(string, string, int, DateTime, DateTime?, string?, string?)' [/Users/kady/Masterdom/src/Masterdom.Modules.SubsidyOptimization/Masterdom.Modules.SubsidyOptimization.csproj]
/Users/kady/Masterdom/src/Masterdom.Modules.SubsidyOptimization/Application/Maximizer/SubsidyOptimizerConfiguration.cs(32,12): warning CS1591: Missing XML comment for publicly visible type or member 'ResolvedConfigurationIdentity.ConfigurationKey' [/Users/kady/Masterdom/src/Masterdom.Modules.SubsidyOptimization/Masterdom.Modules.SubsidyOptimization.csproj]
/Users/kady/Masterdom/src/Masterdom.Modules.SubsidyOptimization/Application/Maximizer/SubsidyOptimizerConfiguration.cs(33,12): warning CS1591: Missing XML comment for publicly visible type or member 'ResolvedConfigurationIdentity.DefinitionId' [/Users/kady/Masterdom/src/Masterdom.Modules.SubsidyOptimization/Masterdom.Modules.SubsidyOptimization.csproj]
/Users/kady/Masterdom/src/Masterdom.Modules.SubsidyOptimization/Application/Maximizer/SubsidyOptimizerConfiguration.cs(34,9): warning CS1591: Missing XML comment for publicly visible type or member 'ResolvedConfigurationIdentity.Version' [/Users/kady/Masterdom/src/Masterdom.Modules.SubsidyOptimization/Masterdom.Modules.SubsidyOptimization.csproj]
/Users/kady/Masterdom/src/Masterdom.Modules.SubsidyOptimization/Application/Maximizer/SubsidyOptimizerConfiguration.cs(35,14): warning CS1591: Missing XML comment for publicly visible type or member 'ResolvedConfigurationIdentity.EffectiveFromUtc' [/Users/kady/Masterdom/src/Masterdom.Modules.SubsidyOptimization/Masterdom.Modules.SubsidyOptimization.csproj]
/Users/kady/Masterdom/src/Masterdom.Modules.SubsidyOptimization/Application/Maximizer/SubsidyOptimizerConfiguration.cs(36,15): warning CS1591: Missing XML comment for publicly visible type or member 'ResolvedConfigurationIdentity.EffectiveToUtc' [/Users/kady/Masterdom/src/Masterdom.Modules.SubsidyOptimization/Masterdom.Modules.SubsidyOptimization.csproj]
/Users/kady/Masterdom/src/Masterdom.Modules.SubsidyOptimization/Application/Maximizer/SubsidyOptimizerConfiguration.cs(37,13): warning CS1591: Missing XML comment for publicly visible type or member 'ResolvedConfigurationIdentity.TenantId' [/Users/kady/Masterdom/src/Masterdom.Modules.SubsidyOptimization/Masterdom.Modules.SubsidyOptimization.csproj]
/Users/kady/Masterdom/src/Masterdom.Modules.SubsidyOptimization/Application/Maximizer/SubsidyOptimizerConfiguration.cs(38,13): warning CS1591: Missing XML comment for publicly visible type or member 'ResolvedConfigurationIdentity.PropertyId' [/Users/kady/Masterdom/src/Masterdom.Modules.SubsidyOptimization/Masterdom.Modules.SubsidyOptimization.csproj]
/Users/kady/Masterdom/src/Masterdom.Modules.SubsidyOptimization/Application/Maximizer/SubsidyOptimizerConfiguration.cs(40,22): warning CS1591: Missing XML comment for publicly visible type or member 'ResolvedSubsidyOptimizerConfiguration' [/Users/kady/Masterdom/src/Masterdom.Modules.SubsidyOptimization/Masterdom.Modules.SubsidyOptimization.csproj]
/Users/kady/Masterdom/src/Masterdom.Modules.SubsidyOptimization/Application/Maximizer/SubsidyOptimizerConfiguration.cs(40,22): warning CS1591: Missing XML comment for publicly visible type or member 'ResolvedSubsidyOptimizerConfiguration.ResolvedSubsidyOptimizerConfiguration(SubsidyPolicyConfiguration, OptimizationModelConfiguration, OptimizationStrategyConfiguration, IReadOnlyDictionary<string, string>, ResolvedConfigurationIdentity, ResolvedConfigurationIdentity, ResolvedConfigurationIdentity)' [/Users/kady/Masterdom/src/Masterdom.Modules.SubsidyOptimization/Masterdom.Modules.SubsidyOptimization.csproj]
/Users/kady/Masterdom/src/Masterdom.Modules.SubsidyOptimization/Application/Maximizer/SubsidyOptimizerConfiguration.cs(41,32): warning CS1591: Missing XML comment for publicly visible type or member 'ResolvedSubsidyOptimizerConfiguration.Policy' [/Users/kady/Masterdom/src/Masterdom.Modules.SubsidyOptimization/Masterdom.Modules.SubsidyOptimization.csproj]
/Users/kady/Masterdom/src/Masterdom.Modules.SubsidyOptimization/Application/Maximizer/SubsidyOptimizerConfiguration.cs(42,36): warning CS1591: Missing XML comment for publicly visible type or member 'ResolvedSubsidyOptimizerConfiguration.Model' [/Users/kady/Masterdom/src/Masterdom.Modules.SubsidyOptimization/Masterdom.Modules.SubsidyOptimization.csproj]
/Users/kady/Masterdom/src/Masterdom.Modules.SubsidyOptimization/Application/Maximizer/SubsidyOptimizerConfiguration.cs(43,39): warning CS1591: Missing XML comment for publicly visible type or member 'ResolvedSubsidyOptimizerConfiguration.Strategy' [/Users/kady/Masterdom/src/Masterdom.Modules.SubsidyOptimization/Masterdom.Modules.SubsidyOptimization.csproj]
/Users/kady/Masterdom/src/Masterdom.Modules.SubsidyOptimization/Application/Maximizer/SubsidyOptimizerConfiguration.cs(44,41): warning CS1591: Missing XML comment for publicly visible type or member 'ResolvedSubsidyOptimizerConfiguration.Versions' [/Users/kady/Masterdom/src/Masterdom.Modules.SubsidyOptimization/Masterdom.Modules.SubsidyOptimization.csproj]
/Users/kady/Masterdom/src/Masterdom.Modules.SubsidyOptimization/Application/Maximizer/SubsidyOptimizerConfiguration.cs(45,35): warning CS1591: Missing XML comment for publicly visible type or member 'ResolvedSubsidyOptimizerConfiguration.PolicyIdentity' [/Users/kady/Masterdom/src/Masterdom.Modules.SubsidyOptimization/Masterdom.Modules.SubsidyOptimization.csproj]
/Users/kady/Masterdom/src/Masterdom.Modules.SubsidyOptimization/Application/Maximizer/SubsidyOptimizerConfiguration.cs(46,35): warning CS1591: Missing XML comment for publicly visible type or member 'ResolvedSubsidyOptimizerConfiguration.ModelIdentity' [/Users/kady/Masterdom/src/Masterdom.Modules.SubsidyOptimization/Masterdom.Modules.SubsidyOptimization.csproj]
/Users/kady/Masterdom/src/Masterdom.Modules.SubsidyOptimization/Application/Maximizer/SubsidyOptimizerConfiguration.cs(47,35): warning CS1591: Missing XML comment for publicly visible type or member 'ResolvedSubsidyOptimizerConfiguration.StrategyIdentity' [/Users/kady/Masterdom/src/Masterdom.Modules.SubsidyOptimization/Masterdom.Modules.SubsidyOptimization.csproj]
/Users/kady/Masterdom/src/Masterdom.Modules.SubsidyOptimization/Application/Queries/GetLatestOptimizationRunQuery.cs(5,22): warning CS1591: Missing XML comment for publicly visible type or member 'GetLatestOptimizationRunQuery' [/Users/kady/Masterdom/src/Masterdom.Modules.SubsidyOptimization/Masterdom.Modules.SubsidyOptimization.csproj]
/Users/kady/Masterdom/src/Masterdom.Modules.SubsidyOptimization/Application/Queries/GetLatestOptimizationRunQuery.cs(5,22): warning CS1591: Missing XML comment for publicly visible type or member 'GetLatestOptimizationRunQuery.GetLatestOptimizationRunQuery(ScenarioId, OptimizationPeriod)' [/Users/kady/Masterdom/src/Masterdom.Modules.SubsidyOptimization/Masterdom.Modules.SubsidyOptimization.csproj]
/Users/kady/Masterdom/src/Masterdom.Modules.SubsidyOptimization/Application/Queries/GetLatestOptimizationRunQuery.cs(6,16): warning CS1591: Missing XML comment for publicly visible type or member 'GetLatestOptimizationRunQuery.ScenarioId' [/Users/kady/Masterdom/src/Masterdom.Modules.SubsidyOptimization/Masterdom.Modules.SubsidyOptimization.csproj]
/Users/kady/Masterdom/src/Masterdom.Modules.SubsidyOptimization/Application/Queries/GetLatestOptimizationRunQuery.cs(7,24): warning CS1591: Missing XML comment for publicly visible type or member 'GetLatestOptimizationRunQuery.OptimizationPeriod' [/Users/kady/Masterdom/src/Masterdom.Modules.SubsidyOptimization/Masterdom.Modules.SubsidyOptimization.csproj]
/Users/kady/Masterdom/src/Masterdom.Modules.SubsidyOptimization/Application/Queries/GetOptimizationRunByIdQuery.cs(5,22): warning CS1591: Missing XML comment for publicly visible type or member 'GetOptimizationRunByIdQuery' [/Users/kady/Masterdom/src/Masterdom.Modules.SubsidyOptimization/Masterdom.Modules.SubsidyOptimization.csproj]
/Users/kady/Masterdom/src/Masterdom.Modules.SubsidyOptimization/Application/Queries/GetOptimizationRunByIdQuery.cs(5,22): warning CS1591: Missing XML comment for publicly visible type or member 'GetOptimizationRunByIdQuery.GetOptimizationRunByIdQuery(OptimizationRunId)' [/Users/kady/Masterdom/src/Masterdom.Modules.SubsidyOptimization/Masterdom.Modules.SubsidyOptimization.csproj]
/Users/kady/Masterdom/src/Masterdom.Modules.SubsidyOptimization/Application/Queries/GetOptimizationRunByIdQuery.cs(5,68): warning CS1591: Missing XML comment for publicly visible type or member 'GetOptimizationRunByIdQuery.OptimizationRunId' [/Users/kady/Masterdom/src/Masterdom.Modules.SubsidyOptimization/Masterdom.Modules.SubsidyOptimization.csproj]
/Users/kady/Masterdom/src/Masterdom.Modules.SubsidyOptimization/Application/Services/ISubsidyOptimizationApplicationService.cs(7,18): warning CS1591: Missing XML comment for publicly visible type or member 'ISubsidyOptimizationApplicationService' [/Users/kady/Masterdom/src/Masterdom.Modules.SubsidyOptimization/Masterdom.Modules.SubsidyOptimization.csproj]
/Users/kady/Masterdom/src/Masterdom.Modules.SubsidyOptimization/Application/Services/ISubsidyOptimizationApplicationService.cs(9,30): warning CS1591: Missing XML comment for publicly visible type or member 'ISubsidyOptimizationApplicationService.ExecuteOptimization(ExecuteSubsidyOptimizationCommand)' [/Users/kady/Masterdom/src/Masterdom.Modules.SubsidyOptimization/Masterdom.Modules.SubsidyOptimization.csproj]
/Users/kady/Masterdom/src/Masterdom.Modules.SubsidyOptimization/Application/Services/ISubsidyOptimizationApplicationService.cs(11,30): warning CS1591: Missing XML comment for publicly visible type or member 'ISubsidyOptimizationApplicationService.StartOptimization(StartOptimizationCommand)' [/Users/kady/Masterdom/src/Masterdom.Modules.SubsidyOptimization/Masterdom.Modules.SubsidyOptimization.csproj]
/Users/kady/Masterdom/src/Masterdom.Modules.SubsidyOptimization/Application/Services/ISubsidyOptimizationApplicationService.cs(13,30): warning CS1591: Missing XML comment for publicly visible type or member 'ISubsidyOptimizationApplicationService.CreateScenarioVersion(CreateScenarioVersionCommand)' [/Users/kady/Masterdom/src/Masterdom.Modules.SubsidyOptimization/Masterdom.Modules.SubsidyOptimization.csproj]
/Users/kady/Masterdom/src/Masterdom.Modules.SubsidyOptimization/Application/Services/ISubsidyOptimizationApplicationService.cs(15,30): warning CS1591: Missing XML comment for publicly visible type or member 'ISubsidyOptimizationApplicationService.ArchiveRecommendation(ArchiveRecommendationCommand)' [/Users/kady/Masterdom/src/Masterdom.Modules.SubsidyOptimization/Masterdom.Modules.SubsidyOptimization.csproj]
/Users/kady/Masterdom/src/Masterdom.Modules.SubsidyOptimization/Application/Services/ISubsidyOptimizationApplicationService.cs(17,30): warning CS1591: Missing XML comment for publicly visible type or member 'ISubsidyOptimizationApplicationService.ArchiveOptimizationRun(ArchiveOptimizationRunCommand)' [/Users/kady/Masterdom/src/Masterdom.Modules.SubsidyOptimization/Masterdom.Modules.SubsidyOptimization.csproj]
/Users/kady/Masterdom/src/Masterdom.Modules.SubsidyOptimization/Application/Services/ISubsidyOptimizationApplicationService.cs(19,31): warning CS1591: Missing XML comment for publicly visible type or member 'ISubsidyOptimizationApplicationService.GetOptimizationRun(GetOptimizationRunByIdQuery)' [/Users/kady/Masterdom/src/Masterdom.Modules.SubsidyOptimization/Masterdom.Modules.SubsidyOptimization.csproj]
/Users/kady/Masterdom/src/Masterdom.Modules.SubsidyOptimization/Application/Services/ISubsidyOptimizationApplicationService.cs(21,31): warning CS1591: Missing XML comment for publicly visible type or member 'ISubsidyOptimizationApplicationService.GetLatestOptimizationRun(GetLatestOptimizationRunQuery)' [/Users/kady/Masterdom/src/Masterdom.Modules.SubsidyOptimization/Masterdom.Modules.SubsidyOptimization.csproj]
/Users/kady/Masterdom/src/Masterdom.Modules.SubsidyOptimization/Application/Services/SubsidyOptimizationApplicationService.cs(13,21): warning CS1591: Missing XML comment for publicly visible type or member 'SubsidyOptimizationApplicationService' [/Users/kady/Masterdom/src/Masterdom.Modules.SubsidyOptimization/Masterdom.Modules.SubsidyOptimization.csproj]
/Users/kady/Masterdom/src/Masterdom.Modules.SubsidyOptimization/Application/Services/SubsidyOptimizationApplicationService.cs(20,12): warning CS1591: Missing XML comment for publicly visible type or member 'SubsidyOptimizationApplicationService.SubsidyOptimizationApplicationService(IOptimizationRunRepository, ISubsidyOptimizationUnitOfWork, ISubsidyOptimizationPlatformOrchestrator, ISubsidyMaximizerService)' [/Users/kady/Masterdom/src/Masterdom.Modules.SubsidyOptimization/Masterdom.Modules.SubsidyOptimization.csproj]
/Users/kady/Masterdom/src/Masterdom.Modules.SubsidyOptimization/Application/Services/SubsidyOptimizationApplicationService.cs(32,37): warning CS1591: Missing XML comment for publicly visible type or member 'SubsidyOptimizationApplicationService.ExecuteOptimization(ExecuteSubsidyOptimizationCommand)' [/Users/kady/Masterdom/src/Masterdom.Modules.SubsidyOptimization/Masterdom.Modules.SubsidyOptimization.csproj]
/Users/kady/Masterdom/src/Masterdom.Modules.SubsidyOptimization/Application/Services/SubsidyOptimizationApplicationService.cs(99,37): warning CS1591: Missing XML comment for publicly visible type or member 'SubsidyOptimizationApplicationService.StartOptimization(StartOptimizationCommand)' [/Users/kady/Masterdom/src/Masterdom.Modules.SubsidyOptimization/Masterdom.Modules.SubsidyOptimization.csproj]
/Users/kady/Masterdom/src/Masterdom.Modules.SubsidyOptimization/Application/Services/SubsidyOptimizationApplicationService.cs(127,37): warning CS1591: Missing XML comment for publicly visible type or member 'SubsidyOptimizationApplicationService.CreateScenarioVersion(CreateScenarioVersionCommand)' [/Users/kady/Masterdom/src/Masterdom.Modules.SubsidyOptimization/Masterdom.Modules.SubsidyOptimization.csproj]
/Users/kady/Masterdom/src/Masterdom.Modules.SubsidyOptimization/Application/Services/SubsidyOptimizationApplicationService.cs(150,37): warning CS1591: Missing XML comment for publicly visible type or member 'SubsidyOptimizationApplicationService.ArchiveRecommendation(ArchiveRecommendationCommand)' [/Users/kady/Masterdom/src/Masterdom.Modules.SubsidyOptimization/Masterdom.Modules.SubsidyOptimization.csproj]
/Users/kady/Masterdom/src/Masterdom.Modules.SubsidyOptimization/Application/Services/SubsidyOptimizationApplicationService.cs(163,37): warning CS1591: Missing XML comment for publicly visible type or member 'SubsidyOptimizationApplicationService.ArchiveOptimizationRun(ArchiveOptimizationRunCommand)' [/Users/kady/Masterdom/src/Masterdom.Modules.SubsidyOptimization/Masterdom.Modules.SubsidyOptimization.csproj]
/Users/kady/Masterdom/src/Masterdom.Modules.SubsidyOptimization/Application/Services/SubsidyOptimizationApplicationService.cs(175,38): warning CS1591: Missing XML comment for publicly visible type or member 'SubsidyOptimizationApplicationService.GetOptimizationRun(GetOptimizationRunByIdQuery)' [/Users/kady/Masterdom/src/Masterdom.Modules.SubsidyOptimization/Masterdom.Modules.SubsidyOptimization.csproj]
/Users/kady/Masterdom/src/Masterdom.Modules.SubsidyOptimization/Application/Services/SubsidyOptimizationApplicationService.cs(181,38): warning CS1591: Missing XML comment for publicly visible type or member 'SubsidyOptimizationApplicationService.GetLatestOptimizationRun(GetLatestOptimizationRunQuery)' [/Users/kady/Masterdom/src/Masterdom.Modules.SubsidyOptimization/Masterdom.Modules.SubsidyOptimization.csproj]
/Users/kady/Masterdom/src/Masterdom.Modules.SubsidyOptimization/Application/Support/ExecutionResult.cs(3,14): warning CS1591: Missing XML comment for publicly visible type or member 'ExecutionResult' [/Users/kady/Masterdom/src/Masterdom.Modules.SubsidyOptimization/Masterdom.Modules.SubsidyOptimization.csproj]
/Users/kady/Masterdom/src/Masterdom.Modules.SubsidyOptimization/Application/Support/ExecutionResult.cs(5,15): warning CS1591: Missing XML comment for publicly visible type or member 'ExecutionResult.ExecutionResult(bool, string?, string?)' [/Users/kady/Masterdom/src/Masterdom.Modules.SubsidyOptimization/Masterdom.Modules.SubsidyOptimization.csproj]
/Users/kady/Masterdom/src/Masterdom.Modules.SubsidyOptimization/Application/Support/ExecutionResult.cs(12,17): warning CS1591: Missing XML comment for publicly visible type or member 'ExecutionResult.IsSuccess' [/Users/kady/Masterdom/src/Masterdom.Modules.SubsidyOptimization/Masterdom.Modules.SubsidyOptimization.csproj]
/Users/kady/Masterdom/src/Masterdom.Modules.SubsidyOptimization/Application/Support/ExecutionResult.cs(14,20): warning CS1591: Missing XML comment for publicly visible type or member 'ExecutionResult.ErrorCode' [/Users/kady/Masterdom/src/Masterdom.Modules.SubsidyOptimization/Masterdom.Modules.SubsidyOptimization.csproj]
/Users/kady/Masterdom/src/Masterdom.Modules.SubsidyOptimization/Application/Support/ExecutionResult.cs(16,20): warning CS1591: Missing XML comment for publicly visible type or member 'ExecutionResult.ErrorMessage' [/Users/kady/Masterdom/src/Masterdom.Modules.SubsidyOptimization/Masterdom.Modules.SubsidyOptimization.csproj]
/Users/kady/Masterdom/src/Masterdom.Modules.SubsidyOptimization/Application/Support/ExecutionResult.cs(18,35): warning CS1591: Missing XML comment for publicly visible type or member 'ExecutionResult.Success()' [/Users/kady/Masterdom/src/Masterdom.Modules.SubsidyOptimization/Masterdom.Modules.SubsidyOptimization.csproj]
/Users/kady/Masterdom/src/Masterdom.Modules.SubsidyOptimization/Application/Support/ExecutionResult.cs(23,35): warning CS1591: Missing XML comment for publicly visible type or member 'ExecutionResult.Failure(string, string)' [/Users/kady/Masterdom/src/Masterdom.Modules.SubsidyOptimization/Masterdom.Modules.SubsidyOptimization.csproj]
/Users/kady/Masterdom/src/Masterdom.Modules.SubsidyOptimization/Application/Support/ExecutionResult.cs(32,21): warning CS1591: Missing XML comment for publicly visible type or member 'ExecutionResult<T>' [/Users/kady/Masterdom/src/Masterdom.Modules.SubsidyOptimization/Masterdom.Modules.SubsidyOptimization.csproj]
/Users/kady/Masterdom/src/Masterdom.Modules.SubsidyOptimization/Application/Support/ExecutionResult.cs(40,15): warning CS1591: Missing XML comment for publicly visible type or member 'ExecutionResult<T>.Value' [/Users/kady/Masterdom/src/Masterdom.Modules.SubsidyOptimization/Masterdom.Modules.SubsidyOptimization.csproj]
/Users/kady/Masterdom/src/Masterdom.Modules.SubsidyOptimization/Application/Support/ExecutionResult.cs(42,38): warning CS1591: Missing XML comment for publicly visible type or member 'ExecutionResult<T>.Success(T)' [/Users/kady/Masterdom/src/Masterdom.Modules.SubsidyOptimization/Masterdom.Modules.SubsidyOptimization.csproj]
/Users/kady/Masterdom/src/Masterdom.Modules.SubsidyOptimization/Application/Support/ExecutionResult.cs(48,38): warning CS1591: Missing XML comment for publicly visible type or member 'ExecutionResult<T>.Failure(string, string)' [/Users/kady/Masterdom/src/Masterdom.Modules.SubsidyOptimization/Masterdom.Modules.SubsidyOptimization.csproj]
/Users/kady/Masterdom/src/Masterdom.Modules.SubsidyOptimization/Application/Support/ICommandHandler.cs(3,18): warning CS1591: Missing XML comment for publicly visible type or member 'ICommandHandler<TCommand, TResult>' [/Users/kady/Masterdom/src/Masterdom.Modules.SubsidyOptimization/Masterdom.Modules.SubsidyOptimization.csproj]
/Users/kady/Masterdom/src/Masterdom.Modules.SubsidyOptimization/Application/Support/ICommandHandler.cs(5,13): warning CS1591: Missing XML comment for publicly visible type or member 'ICommandHandler<TCommand, TResult>.Handle(TCommand)' [/Users/kady/Masterdom/src/Masterdom.Modules.SubsidyOptimization/Masterdom.Modules.SubsidyOptimization.csproj]
/Users/kady/Masterdom/src/Masterdom.Modules.SubsidyOptimization/Application/Support/IQueryHandler.cs(3,18): warning CS1591: Missing XML comment for publicly visible type or member 'IQueryHandler<TQuery, TResult>' [/Users/kady/Masterdom/src/Masterdom.Modules.SubsidyOptimization/Masterdom.Modules.SubsidyOptimization.csproj]
/Users/kady/Masterdom/src/Masterdom.Modules.SubsidyOptimization/Application/Support/IQueryHandler.cs(5,13): warning CS1591: Missing XML comment for publicly visible type or member 'IQueryHandler<TQuery, TResult>.Handle(TQuery)' [/Users/kady/Masterdom/src/Masterdom.Modules.SubsidyOptimization/Masterdom.Modules.SubsidyOptimization.csproj]
/Users/kady/Masterdom/src/Masterdom.Modules.SubsidyOptimization/Application/Support/ISubsidyOptimizationPlatformOrchestrator.cs(5,18): warning CS1591: Missing XML comment for publicly visible type or member 'ISubsidyOptimizationPlatformOrchestrator' [/Users/kady/Masterdom/src/Masterdom.Modules.SubsidyOptimization/Masterdom.Modules.SubsidyOptimization.csproj]
/Users/kady/Masterdom/src/Masterdom.Modules.SubsidyOptimization/Application/Support/ISubsidyOptimizationPlatformOrchestrator.cs(7,10): warning CS1591: Missing XML comment for publicly visible type or member 'ISubsidyOptimizationPlatformOrchestrator.OnOptimizationRunMutated(OptimizationRun, string)' [/Users/kady/Masterdom/src/Masterdom.Modules.SubsidyOptimization/Masterdom.Modules.SubsidyOptimization.csproj]
/Users/kady/Masterdom/src/Masterdom.Modules.SubsidyOptimization/Application/Support/ISubsidyOptimizationUnitOfWork.cs(3,18): warning CS1591: Missing XML comment for publicly visible type or member 'ISubsidyOptimizationUnitOfWork' [/Users/kady/Masterdom/src/Masterdom.Modules.SubsidyOptimization/Masterdom.Modules.SubsidyOptimization.csproj]
/Users/kady/Masterdom/src/Masterdom.Modules.SubsidyOptimization/Application/Support/ISubsidyOptimizationUnitOfWork.cs(5,10): warning CS1591: Missing XML comment for publicly visible type or member 'ISubsidyOptimizationUnitOfWork.Execute(Action)' [/Users/kady/Masterdom/src/Masterdom.Modules.SubsidyOptimization/Masterdom.Modules.SubsidyOptimization.csproj]
/Users/kady/Masterdom/src/Masterdom.Modules.SubsidyOptimization/Contracts/Metering/MeteringConsumptionHistoryContract.cs(3,22): warning CS1591: Missing XML comment for publicly visible type or member 'MeteringConsumptionHistoryContract' [/Users/kady/Masterdom/src/Masterdom.Modules.SubsidyOptimization/Masterdom.Modules.SubsidyOptimization.csproj]
/Users/kady/Masterdom/src/Masterdom.Modules.SubsidyOptimization/Contracts/Metering/MeteringConsumptionHistoryContract.cs(3,22): warning CS1591: Missing XML comment for publicly visible type or member 'MeteringConsumptionHistoryContract.MeteringConsumptionHistoryContract(Guid, DateOnly, DateOnly, decimal, DateTime, string, string, decimal?)' [/Users/kady/Masterdom/src/Masterdom.Modules.SubsidyOptimization/Masterdom.Modules.SubsidyOptimization.csproj]
/Users/kady/Masterdom/src/Masterdom.Modules.SubsidyOptimization/Contracts/Metering/MeteringConsumptionHistoryContract.cs(4,10): warning CS1591: Missing XML comment for publicly visible type or member 'MeteringConsumptionHistoryContract.MeterId' [/Users/kady/Masterdom/src/Masterdom.Modules.SubsidyOptimization/Masterdom.Modules.SubsidyOptimization.csproj]
/Users/kady/Masterdom/src/Masterdom.Modules.SubsidyOptimization/Contracts/Metering/MeteringConsumptionHistoryContract.cs(5,14): warning CS1591: Missing XML comment for publicly visible type or member 'MeteringConsumptionHistoryContract.PeriodStart' [/Users/kady/Masterdom/src/Masterdom.Modules.SubsidyOptimization/Masterdom.Modules.SubsidyOptimization.csproj]
/Users/kady/Masterdom/src/Masterdom.Modules.SubsidyOptimization/Contracts/Metering/MeteringConsumptionHistoryContract.cs(6,14): warning CS1591: Missing XML comment for publicly visible type or member 'MeteringConsumptionHistoryContract.PeriodEnd' [/Users/kady/Masterdom/src/Masterdom.Modules.SubsidyOptimization/Masterdom.Modules.SubsidyOptimization.csproj]
/Users/kady/Masterdom/src/Masterdom.Modules.SubsidyOptimization/Contracts/Metering/MeteringConsumptionHistoryContract.cs(7,13): warning CS1591: Missing XML comment for publicly visible type or member 'MeteringConsumptionHistoryContract.TotalConsumptionUnits' [/Users/kady/Masterdom/src/Masterdom.Modules.SubsidyOptimization/Masterdom.Modules.SubsidyOptimization.csproj]
/Users/kady/Masterdom/src/Masterdom.Modules.SubsidyOptimization/Contracts/Metering/MeteringConsumptionHistoryContract.cs(8,14): warning CS1591: Missing XML comment for publicly visible type or member 'MeteringConsumptionHistoryContract.CapturedAtUtc' [/Users/kady/Masterdom/src/Masterdom.Modules.SubsidyOptimization/Masterdom.Modules.SubsidyOptimization.csproj]
/Users/kady/Masterdom/src/Masterdom.Modules.SubsidyOptimization/Contracts/Metering/MeteringConsumptionHistoryContract.cs(9,12): warning CS1591: Missing XML comment for publicly visible type or member 'MeteringConsumptionHistoryContract.MeterType' [/Users/kady/Masterdom/src/Masterdom.Modules.SubsidyOptimization/Masterdom.Modules.SubsidyOptimization.csproj]
/Users/kady/Masterdom/src/Masterdom.Modules.SubsidyOptimization/Contracts/Metering/MeteringConsumptionHistoryContract.cs(10,12): warning CS1591: Missing XML comment for publicly visible type or member 'MeteringConsumptionHistoryContract.MeterStatus' [/Users/kady/Masterdom/src/Masterdom.Modules.SubsidyOptimization/Masterdom.Modules.SubsidyOptimization.csproj]
/Users/kady/Masterdom/src/Masterdom.Modules.SubsidyOptimization/Contracts/Metering/MeteringConsumptionHistoryContract.cs(11,14): warning CS1591: Missing XML comment for publicly visible type or member 'MeteringConsumptionHistoryContract.SanctionedLoad' [/Users/kady/Masterdom/src/Masterdom.Modules.SubsidyOptimization/Masterdom.Modules.SubsidyOptimization.csproj]
/Users/kady/Masterdom/src/Masterdom.Modules.SubsidyOptimization/Contracts/UtilityRating/RatedConsumptionContract.cs(3,22): warning CS1591: Missing XML comment for publicly visible type or member 'RatedConsumptionContract' [/Users/kady/Masterdom/src/Masterdom.Modules.SubsidyOptimization/Masterdom.Modules.SubsidyOptimization.csproj]
/Users/kady/Masterdom/src/Masterdom.Modules.SubsidyOptimization/Contracts/UtilityRating/RatedConsumptionContract.cs(3,22): warning CS1591: Missing XML comment for publicly visible type or member 'RatedConsumptionContract.RatedConsumptionContract(Guid, Guid, DateOnly, DateOnly, decimal, decimal, DateTime)' [/Users/kady/Masterdom/src/Masterdom.Modules.SubsidyOptimization/Masterdom.Modules.SubsidyOptimization.csproj]
/Users/kady/Masterdom/src/Masterdom.Modules.SubsidyOptimization/Contracts/UtilityRating/RatedConsumptionContract.cs(4,10): warning CS1591: Missing XML comment for publicly visible type or member 'RatedConsumptionContract.RatingId' [/Users/kady/Masterdom/src/Masterdom.Modules.SubsidyOptimization/Masterdom.Modules.SubsidyOptimization.csproj]
/Users/kady/Masterdom/src/Masterdom.Modules.SubsidyOptimization/Contracts/UtilityRating/RatedConsumptionContract.cs(5,10): warning CS1591: Missing XML comment for publicly visible type or member 'RatedConsumptionContract.MeterId' [/Users/kady/Masterdom/src/Masterdom.Modules.SubsidyOptimization/Masterdom.Modules.SubsidyOptimization.csproj]
/Users/kady/Masterdom/src/Masterdom.Modules.SubsidyOptimization/Contracts/UtilityRating/RatedConsumptionContract.cs(6,14): warning CS1591: Missing XML comment for publicly visible type or member 'RatedConsumptionContract.PeriodStart' [/Users/kady/Masterdom/src/Masterdom.Modules.SubsidyOptimization/Masterdom.Modules.SubsidyOptimization.csproj]
/Users/kady/Masterdom/src/Masterdom.Modules.SubsidyOptimization/Contracts/UtilityRating/RatedConsumptionContract.cs(7,14): warning CS1591: Missing XML comment for publicly visible type or member 'RatedConsumptionContract.PeriodEnd' [/Users/kady/Masterdom/src/Masterdom.Modules.SubsidyOptimization/Masterdom.Modules.SubsidyOptimization.csproj]
/Users/kady/Masterdom/src/Masterdom.Modules.SubsidyOptimization/Contracts/UtilityRating/RatedConsumptionContract.cs(8,13): warning CS1591: Missing XML comment for publicly visible type or member 'RatedConsumptionContract.RatedUnits' [/Users/kady/Masterdom/src/Masterdom.Modules.SubsidyOptimization/Masterdom.Modules.SubsidyOptimization.csproj]
/Users/kady/Masterdom/src/Masterdom.Modules.SubsidyOptimization/Contracts/UtilityRating/RatedConsumptionContract.cs(9,13): warning CS1591: Missing XML comment for publicly visible type or member 'RatedConsumptionContract.RatedAmount' [/Users/kady/Masterdom/src/Masterdom.Modules.SubsidyOptimization/Masterdom.Modules.SubsidyOptimization.csproj]
/Users/kady/Masterdom/src/Masterdom.Modules.SubsidyOptimization/Contracts/UtilityRating/RatedConsumptionContract.cs(10,14): warning CS1591: Missing XML comment for publicly visible type or member 'RatedConsumptionContract.RatedAtUtc' [/Users/kady/Masterdom/src/Masterdom.Modules.SubsidyOptimization/Masterdom.Modules.SubsidyOptimization.csproj]
/Users/kady/Masterdom/src/Masterdom.Modules.SubsidyOptimization/Domain/Entities/SubsidyOptimization/ConsumptionForecast.cs(5,21): warning CS1591: Missing XML comment for publicly visible type or member 'ConsumptionForecast' [/Users/kady/Masterdom/src/Masterdom.Modules.SubsidyOptimization/Masterdom.Modules.SubsidyOptimization.csproj]
/Users/kady/Masterdom/src/Masterdom.Modules.SubsidyOptimization/Domain/Entities/SubsidyOptimization/ConsumptionForecast.cs(14,20): warning CS1591: Missing XML comment for publicly visible type or member 'ConsumptionForecast.BaselineConsumption' [/Users/kady/Masterdom/src/Masterdom.Modules.SubsidyOptimization/Masterdom.Modules.SubsidyOptimization.csproj]
/Users/kady/Masterdom/src/Masterdom.Modules.SubsidyOptimization/Domain/Entities/SubsidyOptimization/ConsumptionForecast.cs(16,20): warning CS1591: Missing XML comment for publicly visible type or member 'ConsumptionForecast.ProjectedConsumption' [/Users/kady/Masterdom/src/Masterdom.Modules.SubsidyOptimization/Masterdom.Modules.SubsidyOptimization.csproj]
/Users/kady/Masterdom/src/Masterdom.Modules.SubsidyOptimization/Domain/Entities/SubsidyOptimization/ConsumptionForecast.cs(18,19): warning CS1591: Missing XML comment for publicly visible type or member 'ConsumptionForecast.Assumptions' [/Users/kady/Masterdom/src/Masterdom.Modules.SubsidyOptimization/Masterdom.Modules.SubsidyOptimization.csproj]
/Users/kady/Masterdom/src/Masterdom.Modules.SubsidyOptimization/Domain/Entities/SubsidyOptimization/ConsumptionForecast.cs(20,39): warning CS1591: Missing XML comment for publicly visible type or member 'ConsumptionForecast.Create(decimal, decimal, string)' [/Users/kady/Masterdom/src/Masterdom.Modules.SubsidyOptimization/Masterdom.Modules.SubsidyOptimization.csproj]
/Users/kady/Masterdom/src/Masterdom.Modules.SubsidyOptimization/Domain/Entities/SubsidyOptimization/ConsumptionForecast.cs(37,45): warning CS1591: Missing XML comment for publicly visible type or member 'ConsumptionForecast.GetEqualityComponents()' [/Users/kady/Masterdom/src/Masterdom.Modules.SubsidyOptimization/Masterdom.Modules.SubsidyOptimization.csproj]
/Users/kady/Masterdom/src/Masterdom.Modules.SubsidyOptimization/Domain/Entities/SubsidyOptimization/Events/OptimizationCompletedDomainEvent.cs(5,22): warning CS1591: Missing XML comment for publicly visible type or member 'OptimizationCompletedDomainEvent' [/Users/kady/Masterdom/src/Masterdom.Modules.SubsidyOptimization/Masterdom.Modules.SubsidyOptimization.csproj]
/Users/kady/Masterdom/src/Masterdom.Modules.SubsidyOptimization/Domain/Entities/SubsidyOptimization/Events/OptimizationCompletedDomainEvent.cs(5,22): warning CS1591: Missing XML comment for publicly visible type or member 'OptimizationCompletedDomainEvent.OptimizationCompletedDomainEvent(OptimizationRunId, string, int, DateTime)' [/Users/kady/Masterdom/src/Masterdom.Modules.SubsidyOptimization/Masterdom.Modules.SubsidyOptimization.csproj]
/Users/kady/Masterdom/src/Masterdom.Modules.SubsidyOptimization/Domain/Entities/SubsidyOptimization/Events/OptimizationCompletedDomainEvent.cs(6,23): warning CS1591: Missing XML comment for publicly visible type or member 'OptimizationCompletedDomainEvent.OptimizationRunId' [/Users/kady/Masterdom/src/Masterdom.Modules.SubsidyOptimization/Masterdom.Modules.SubsidyOptimization.csproj]
/Users/kady/Masterdom/src/Masterdom.Modules.SubsidyOptimization/Domain/Entities/SubsidyOptimization/Events/OptimizationCompletedDomainEvent.cs(7,12): warning CS1591: Missing XML comment for publicly visible type or member 'OptimizationCompletedDomainEvent.ScenarioId' [/Users/kady/Masterdom/src/Masterdom.Modules.SubsidyOptimization/Masterdom.Modules.SubsidyOptimization.csproj]
/Users/kady/Masterdom/src/Masterdom.Modules.SubsidyOptimization/Domain/Entities/SubsidyOptimization/Events/OptimizationCompletedDomainEvent.cs(8,9): warning CS1591: Missing XML comment for publicly visible type or member 'OptimizationCompletedDomainEvent.Version' [/Users/kady/Masterdom/src/Masterdom.Modules.SubsidyOptimization/Masterdom.Modules.SubsidyOptimization.csproj]
/Users/kady/Masterdom/src/Masterdom.Modules.SubsidyOptimization/Domain/Entities/SubsidyOptimization/Events/OptimizationCompletedDomainEvent.cs(9,14): warning CS1591: Missing XML comment for publicly visible type or member 'OptimizationCompletedDomainEvent.OccurredOnUtc' [/Users/kady/Masterdom/src/Masterdom.Modules.SubsidyOptimization/Masterdom.Modules.SubsidyOptimization.csproj]
/Users/kady/Masterdom/src/Masterdom.Modules.SubsidyOptimization/Domain/Entities/SubsidyOptimization/Events/OptimizationStartedDomainEvent.cs(5,22): warning CS1591: Missing XML comment for publicly visible type or member 'OptimizationStartedDomainEvent' [/Users/kady/Masterdom/src/Masterdom.Modules.SubsidyOptimization/Masterdom.Modules.SubsidyOptimization.csproj]
/Users/kady/Masterdom/src/Masterdom.Modules.SubsidyOptimization/Domain/Entities/SubsidyOptimization/Events/OptimizationStartedDomainEvent.cs(5,22): warning CS1591: Missing XML comment for publicly visible type or member 'OptimizationStartedDomainEvent.OptimizationStartedDomainEvent(OptimizationRunId, string, int, DateTime)' [/Users/kady/Masterdom/src/Masterdom.Modules.SubsidyOptimization/Masterdom.Modules.SubsidyOptimization.csproj]
/Users/kady/Masterdom/src/Masterdom.Modules.SubsidyOptimization/Domain/Entities/SubsidyOptimization/Events/OptimizationStartedDomainEvent.cs(6,23): warning CS1591: Missing XML comment for publicly visible type or member 'OptimizationStartedDomainEvent.OptimizationRunId' [/Users/kady/Masterdom/src/Masterdom.Modules.SubsidyOptimization/Masterdom.Modules.SubsidyOptimization.csproj]
/Users/kady/Masterdom/src/Masterdom.Modules.SubsidyOptimization/Domain/Entities/SubsidyOptimization/Events/OptimizationStartedDomainEvent.cs(7,12): warning CS1591: Missing XML comment for publicly visible type or member 'OptimizationStartedDomainEvent.ScenarioId' [/Users/kady/Masterdom/src/Masterdom.Modules.SubsidyOptimization/Masterdom.Modules.SubsidyOptimization.csproj]
/Users/kady/Masterdom/src/Masterdom.Modules.SubsidyOptimization/Domain/Entities/SubsidyOptimization/Events/OptimizationStartedDomainEvent.cs(8,9): warning CS1591: Missing XML comment for publicly visible type or member 'OptimizationStartedDomainEvent.Version' [/Users/kady/Masterdom/src/Masterdom.Modules.SubsidyOptimization/Masterdom.Modules.SubsidyOptimization.csproj]
/Users/kady/Masterdom/src/Masterdom.Modules.SubsidyOptimization/Domain/Entities/SubsidyOptimization/Events/OptimizationStartedDomainEvent.cs(9,14): warning CS1591: Missing XML comment for publicly visible type or member 'OptimizationStartedDomainEvent.OccurredOnUtc' [/Users/kady/Masterdom/src/Masterdom.Modules.SubsidyOptimization/Masterdom.Modules.SubsidyOptimization.csproj]
/Users/kady/Masterdom/src/Masterdom.Modules.SubsidyOptimization/Domain/Entities/SubsidyOptimization/Events/RecommendationArchivedDomainEvent.cs(5,22): warning CS1591: Missing XML comment for publicly visible type or member 'RecommendationArchivedDomainEvent' [/Users/kady/Masterdom/src/Masterdom.Modules.SubsidyOptimization/Masterdom.Modules.SubsidyOptimization.csproj]
/Users/kady/Masterdom/src/Masterdom.Modules.SubsidyOptimization/Domain/Entities/SubsidyOptimization/Events/RecommendationArchivedDomainEvent.cs(5,22): warning CS1591: Missing XML comment for publicly visible type or member 'RecommendationArchivedDomainEvent.RecommendationArchivedDomainEvent(OptimizationRunId, Guid, DateTime)' [/Users/kady/Masterdom/src/Masterdom.Modules.SubsidyOptimization/Masterdom.Modules.SubsidyOptimization.csproj]
/Users/kady/Masterdom/src/Masterdom.Modules.SubsidyOptimization/Domain/Entities/SubsidyOptimization/Events/RecommendationArchivedDomainEvent.cs(6,23): warning CS1591: Missing XML comment for publicly visible type or member 'RecommendationArchivedDomainEvent.OptimizationRunId' [/Users/kady/Masterdom/src/Masterdom.Modules.SubsidyOptimization/Masterdom.Modules.SubsidyOptimization.csproj]
/Users/kady/Masterdom/src/Masterdom.Modules.SubsidyOptimization/Domain/Entities/SubsidyOptimization/Events/RecommendationArchivedDomainEvent.cs(7,10): warning CS1591: Missing XML comment for publicly visible type or member 'RecommendationArchivedDomainEvent.RecommendationId' [/Users/kady/Masterdom/src/Masterdom.Modules.SubsidyOptimization/Masterdom.Modules.SubsidyOptimization.csproj]
/Users/kady/Masterdom/src/Masterdom.Modules.SubsidyOptimization/Domain/Entities/SubsidyOptimization/Events/RecommendationArchivedDomainEvent.cs(8,14): warning CS1591: Missing XML comment for publicly visible type or member 'RecommendationArchivedDomainEvent.OccurredOnUtc' [/Users/kady/Masterdom/src/Masterdom.Modules.SubsidyOptimization/Masterdom.Modules.SubsidyOptimization.csproj]
/Users/kady/Masterdom/src/Masterdom.Modules.SubsidyOptimization/Domain/Entities/SubsidyOptimization/Events/RecommendationGeneratedDomainEvent.cs(5,22): warning CS1591: Missing XML comment for publicly visible type or member 'RecommendationGeneratedDomainEvent' [/Users/kady/Masterdom/src/Masterdom.Modules.SubsidyOptimization/Masterdom.Modules.SubsidyOptimization.csproj]
/Users/kady/Masterdom/src/Masterdom.Modules.SubsidyOptimization/Domain/Entities/SubsidyOptimization/Events/RecommendationGeneratedDomainEvent.cs(5,22): warning CS1591: Missing XML comment for publicly visible type or member 'RecommendationGeneratedDomainEvent.RecommendationGeneratedDomainEvent(OptimizationRunId, Guid, string, DateTime)' [/Users/kady/Masterdom/src/Masterdom.Modules.SubsidyOptimization/Masterdom.Modules.SubsidyOptimization.csproj]
/Users/kady/Masterdom/src/Masterdom.Modules.SubsidyOptimization/Domain/Entities/SubsidyOptimization/Events/RecommendationGeneratedDomainEvent.cs(6,23): warning CS1591: Missing XML comment for publicly visible type or member 'RecommendationGeneratedDomainEvent.OptimizationRunId' [/Users/kady/Masterdom/src/Masterdom.Modules.SubsidyOptimization/Masterdom.Modules.SubsidyOptimization.csproj]
/Users/kady/Masterdom/src/Masterdom.Modules.SubsidyOptimization/Domain/Entities/SubsidyOptimization/Events/RecommendationGeneratedDomainEvent.cs(7,10): warning CS1591: Missing XML comment for publicly visible type or member 'RecommendationGeneratedDomainEvent.RecommendationId' [/Users/kady/Masterdom/src/Masterdom.Modules.SubsidyOptimization/Masterdom.Modules.SubsidyOptimization.csproj]
/Users/kady/Masterdom/src/Masterdom.Modules.SubsidyOptimization/Domain/Entities/SubsidyOptimization/Events/RecommendationGeneratedDomainEvent.cs(8,12): warning CS1591: Missing XML comment for publicly visible type or member 'RecommendationGeneratedDomainEvent.Priority' [/Users/kady/Masterdom/src/Masterdom.Modules.SubsidyOptimization/Masterdom.Modules.SubsidyOptimization.csproj]
/Users/kady/Masterdom/src/Masterdom.Modules.SubsidyOptimization/Domain/Entities/SubsidyOptimization/Events/RecommendationGeneratedDomainEvent.cs(9,14): warning CS1591: Missing XML comment for publicly visible type or member 'RecommendationGeneratedDomainEvent.OccurredOnUtc' [/Users/kady/Masterdom/src/Masterdom.Modules.SubsidyOptimization/Masterdom.Modules.SubsidyOptimization.csproj]
/Users/kady/Masterdom/src/Masterdom.Modules.SubsidyOptimization/Domain/Entities/SubsidyOptimization/Events/ScenarioVersionCreatedDomainEvent.cs(5,22): warning CS1591: Missing XML comment for publicly visible type or member 'ScenarioVersionCreatedDomainEvent' [/Users/kady/Masterdom/src/Masterdom.Modules.SubsidyOptimization/Masterdom.Modules.SubsidyOptimization.csproj]
/Users/kady/Masterdom/src/Masterdom.Modules.SubsidyOptimization/Domain/Entities/SubsidyOptimization/Events/ScenarioVersionCreatedDomainEvent.cs(5,22): warning CS1591: Missing XML comment for publicly visible type or member 'ScenarioVersionCreatedDomainEvent.ScenarioVersionCreatedDomainEvent(OptimizationRunId, OptimizationRunId, string, int, DateTime)' [/Users/kady/Masterdom/src/Masterdom.Modules.SubsidyOptimization/Masterdom.Modules.SubsidyOptimization.csproj]
/Users/kady/Masterdom/src/Masterdom.Modules.SubsidyOptimization/Domain/Entities/SubsidyOptimization/Events/ScenarioVersionCreatedDomainEvent.cs(6,23): warning CS1591: Missing XML comment for publicly visible type or member 'ScenarioVersionCreatedDomainEvent.PreviousRunId' [/Users/kady/Masterdom/src/Masterdom.Modules.SubsidyOptimization/Masterdom.Modules.SubsidyOptimization.csproj]
/Users/kady/Masterdom/src/Masterdom.Modules.SubsidyOptimization/Domain/Entities/SubsidyOptimization/Events/ScenarioVersionCreatedDomainEvent.cs(7,23): warning CS1591: Missing XML comment for publicly visible type or member 'ScenarioVersionCreatedDomainEvent.NewRunId' [/Users/kady/Masterdom/src/Masterdom.Modules.SubsidyOptimization/Masterdom.Modules.SubsidyOptimization.csproj]
/Users/kady/Masterdom/src/Masterdom.Modules.SubsidyOptimization/Domain/Entities/SubsidyOptimization/Events/ScenarioVersionCreatedDomainEvent.cs(8,12): warning CS1591: Missing XML comment for publicly visible type or member 'ScenarioVersionCreatedDomainEvent.ScenarioId' [/Users/kady/Masterdom/src/Masterdom.Modules.SubsidyOptimization/Masterdom.Modules.SubsidyOptimization.csproj]
/Users/kady/Masterdom/src/Masterdom.Modules.SubsidyOptimization/Domain/Entities/SubsidyOptimization/Events/ScenarioVersionCreatedDomainEvent.cs(9,9): warning CS1591: Missing XML comment for publicly visible type or member 'ScenarioVersionCreatedDomainEvent.Version' [/Users/kady/Masterdom/src/Masterdom.Modules.SubsidyOptimization/Masterdom.Modules.SubsidyOptimization.csproj]
/Users/kady/Masterdom/src/Masterdom.Modules.SubsidyOptimization/Domain/Entities/SubsidyOptimization/Events/ScenarioVersionCreatedDomainEvent.cs(10,14): warning CS1591: Missing XML comment for publicly visible type or member 'ScenarioVersionCreatedDomainEvent.OccurredOnUtc' [/Users/kady/Masterdom/src/Masterdom.Modules.SubsidyOptimization/Masterdom.Modules.SubsidyOptimization.csproj]
/Users/kady/Masterdom/src/Masterdom.Modules.SubsidyOptimization/Domain/Entities/SubsidyOptimization/MeterGroup.cs(5,21): warning CS1591: Missing XML comment for publicly visible type or member 'MeterGroup' [/Users/kady/Masterdom/src/Masterdom.Modules.SubsidyOptimization/Masterdom.Modules.SubsidyOptimization.csproj]
/Users/kady/Masterdom/src/Masterdom.Modules.SubsidyOptimization/Domain/Entities/SubsidyOptimization/MeterGroup.cs(13,32): warning CS1591: Missing XML comment for publicly visible type or member 'MeterGroup.Reference' [/Users/kady/Masterdom/src/Masterdom.Modules.SubsidyOptimization/Masterdom.Modules.SubsidyOptimization.csproj]
/Users/kady/Masterdom/src/Masterdom.Modules.SubsidyOptimization/Domain/Entities/SubsidyOptimization/MeterGroup.cs(15,19): warning CS1591: Missing XML comment for publicly visible type or member 'MeterGroup.DisplayName' [/Users/kady/Masterdom/src/Masterdom.Modules.SubsidyOptimization/Masterdom.Modules.SubsidyOptimization.csproj]
/Users/kady/Masterdom/src/Masterdom.Modules.SubsidyOptimization/Domain/Entities/SubsidyOptimization/MeterGroup.cs(17,30): warning CS1591: Missing XML comment for publicly visible type or member 'MeterGroup.Create(MeterGroupReference, string)' [/Users/kady/Masterdom/src/Masterdom.Modules.SubsidyOptimization/Masterdom.Modules.SubsidyOptimization.csproj]
/Users/kady/Masterdom/src/Masterdom.Modules.SubsidyOptimization/Domain/Entities/SubsidyOptimization/MeterGroup.cs(25,45): warning CS1591: Missing XML comment for publicly visible type or member 'MeterGroup.GetEqualityComponents()' [/Users/kady/Masterdom/src/Masterdom.Modules.SubsidyOptimization/Masterdom.Modules.SubsidyOptimization.csproj]
/Users/kady/Masterdom/src/Masterdom.Modules.SubsidyOptimization/Domain/Entities/SubsidyOptimization/MeterGroupReference.cs(5,21): warning CS1591: Missing XML comment for publicly visible type or member 'MeterGroupReference' [/Users/kady/Masterdom/src/Masterdom.Modules.SubsidyOptimization/Masterdom.Modules.SubsidyOptimization.csproj]
/Users/kady/Masterdom/src/Masterdom.Modules.SubsidyOptimization/Domain/Entities/SubsidyOptimization/MeterGroupReference.cs(13,19): warning CS1591: Missing XML comment for publicly visible type or member 'MeterGroupReference.MeterGroupCode' [/Users/kady/Masterdom/src/Masterdom.Modules.SubsidyOptimization/Masterdom.Modules.SubsidyOptimization.csproj]
/Users/kady/Masterdom/src/Masterdom.Modules.SubsidyOptimization/Domain/Entities/SubsidyOptimization/MeterGroupReference.cs(15,32): warning CS1591: Missing XML comment for publicly visible type or member 'MeterGroupReference.MeterIds' [/Users/kady/Masterdom/src/Masterdom.Modules.SubsidyOptimization/Masterdom.Modules.SubsidyOptimization.csproj]
/Users/kady/Masterdom/src/Masterdom.Modules.SubsidyOptimization/Domain/Entities/SubsidyOptimization/MeterGroupReference.cs(17,39): warning CS1591: Missing XML comment for publicly visible type or member 'MeterGroupReference.Create(string, IReadOnlyList<Guid>)' [/Users/kady/Masterdom/src/Masterdom.Modules.SubsidyOptimization/Masterdom.Modules.SubsidyOptimization.csproj]
/Users/kady/Masterdom/src/Masterdom.Modules.SubsidyOptimization/Domain/Entities/SubsidyOptimization/MeterGroupReference.cs(40,45): warning CS1591: Missing XML comment for publicly visible type or member 'MeterGroupReference.GetEqualityComponents()' [/Users/kady/Masterdom/src/Masterdom.Modules.SubsidyOptimization/Masterdom.Modules.SubsidyOptimization.csproj]
/Users/kady/Masterdom/src/Masterdom.Modules.SubsidyOptimization/Domain/Entities/SubsidyOptimization/OptimizationExecutionEvidence.cs(5,21): warning CS1591: Missing XML comment for publicly visible type or member 'OptimizationExecutionEvidence' [/Users/kady/Masterdom/src/Masterdom.Modules.SubsidyOptimization/Masterdom.Modules.SubsidyOptimization.csproj]
/Users/kady/Masterdom/src/Masterdom.Modules.SubsidyOptimization/Domain/Entities/SubsidyOptimization/OptimizationExecutionEvidence.cs(43,20): warning CS1591: Missing XML comment for publicly visible type or member 'OptimizationExecutionEvidence.TenantId' [/Users/kady/Masterdom/src/Masterdom.Modules.SubsidyOptimization/Masterdom.Modules.SubsidyOptimization.csproj]
/Users/kady/Masterdom/src/Masterdom.Modules.SubsidyOptimization/Domain/Entities/SubsidyOptimization/OptimizationExecutionEvidence.cs(44,20): warning CS1591: Missing XML comment for publicly visible type or member 'OptimizationExecutionEvidence.PropertyId' [/Users/kady/Masterdom/src/Masterdom.Modules.SubsidyOptimization/Masterdom.Modules.SubsidyOptimization.csproj]
/Users/kady/Masterdom/src/Masterdom.Modules.SubsidyOptimization/Domain/Entities/SubsidyOptimization/OptimizationExecutionEvidence.cs(45,19): warning CS1591: Missing XML comment for publicly visible type or member 'OptimizationExecutionEvidence.ConfigurationContextVersion' [/Users/kady/Masterdom/src/Masterdom.Modules.SubsidyOptimization/Masterdom.Modules.SubsidyOptimization.csproj]
/Users/kady/Masterdom/src/Masterdom.Modules.SubsidyOptimization/Domain/Entities/SubsidyOptimization/OptimizationExecutionEvidence.cs(46,21): warning CS1591: Missing XML comment for publicly visible type or member 'OptimizationExecutionEvidence.EffectiveDateUtc' [/Users/kady/Masterdom/src/Masterdom.Modules.SubsidyOptimization/Masterdom.Modules.SubsidyOptimization.csproj]
/Users/kady/Masterdom/src/Masterdom.Modules.SubsidyOptimization/Domain/Entities/SubsidyOptimization/OptimizationExecutionEvidence.cs(47,20): warning CS1591: Missing XML comment for publicly visible type or member 'OptimizationExecutionEvidence.OccupancyRate' [/Users/kady/Masterdom/src/Masterdom.Modules.SubsidyOptimization/Masterdom.Modules.SubsidyOptimization.csproj]
/Users/kady/Masterdom/src/Masterdom.Modules.SubsidyOptimization/Domain/Entities/SubsidyOptimization/OptimizationExecutionEvidence.cs(48,20): warning CS1591: Missing XML comment for publicly visible type or member 'OptimizationExecutionEvidence.ConfidenceThreshold' [/Users/kady/Masterdom/src/Masterdom.Modules.SubsidyOptimization/Masterdom.Modules.SubsidyOptimization.csproj]
/Users/kady/Masterdom/src/Masterdom.Modules.SubsidyOptimization/Domain/Entities/SubsidyOptimization/OptimizationExecutionEvidence.cs(49,19): warning CS1591: Missing XML comment for publicly visible type or member 'OptimizationExecutionEvidence.AlgorithmVersion' [/Users/kady/Masterdom/src/Masterdom.Modules.SubsidyOptimization/Masterdom.Modules.SubsidyOptimization.csproj]
/Users/kady/Masterdom/src/Masterdom.Modules.SubsidyOptimization/Domain/Entities/SubsidyOptimization/OptimizationExecutionEvidence.cs(50,50): warning CS1591: Missing XML comment for publicly visible type or member 'OptimizationExecutionEvidence.MeterInputs' [/Users/kady/Masterdom/src/Masterdom.Modules.SubsidyOptimization/Masterdom.Modules.SubsidyOptimization.csproj]
/Users/kady/Masterdom/src/Masterdom.Modules.SubsidyOptimization/Domain/Entities/SubsidyOptimization/OptimizationExecutionEvidence.cs(51,51): warning CS1591: Missing XML comment for publicly visible type or member 'OptimizationExecutionEvidence.RatingInputs' [/Users/kady/Masterdom/src/Masterdom.Modules.SubsidyOptimization/Masterdom.Modules.SubsidyOptimization.csproj]
/Users/kady/Masterdom/src/Masterdom.Modules.SubsidyOptimization/Domain/Entities/SubsidyOptimization/OptimizationExecutionEvidence.cs(52,60): warning CS1591: Missing XML comment for publicly visible type or member 'OptimizationExecutionEvidence.ImportedDatasets' [/Users/kady/Masterdom/src/Masterdom.Modules.SubsidyOptimization/Masterdom.Modules.SubsidyOptimization.csproj]
/Users/kady/Masterdom/src/Masterdom.Modules.SubsidyOptimization/Domain/Entities/SubsidyOptimization/OptimizationExecutionEvidence.cs(53,39): warning CS1591: Missing XML comment for publicly visible type or member 'OptimizationExecutionEvidence.Policy' [/Users/kady/Masterdom/src/Masterdom.Modules.SubsidyOptimization/Masterdom.Modules.SubsidyOptimization.csproj]
/Users/kady/Masterdom/src/Masterdom.Modules.SubsidyOptimization/Domain/Entities/SubsidyOptimization/OptimizationExecutionEvidence.cs(54,38): warning CS1591: Missing XML comment for publicly visible type or member 'OptimizationExecutionEvidence.Model' [/Users/kady/Masterdom/src/Masterdom.Modules.SubsidyOptimization/Masterdom.Modules.SubsidyOptimization.csproj]
/Users/kady/Masterdom/src/Masterdom.Modules.SubsidyOptimization/Domain/Entities/SubsidyOptimization/OptimizationExecutionEvidence.cs(55,41): warning CS1591: Missing XML comment for publicly visible type or member 'OptimizationExecutionEvidence.Strategy' [/Users/kady/Masterdom/src/Masterdom.Modules.SubsidyOptimization/Masterdom.Modules.SubsidyOptimization.csproj]
/Users/kady/Masterdom/src/Masterdom.Modules.SubsidyOptimization/Domain/Entities/SubsidyOptimization/OptimizationExecutionEvidence.cs(56,56): warning CS1591: Missing XML comment for publicly visible type or member 'OptimizationExecutionEvidence.Scenarios' [/Users/kady/Masterdom/src/Masterdom.Modules.SubsidyOptimization/Masterdom.Modules.SubsidyOptimization.csproj]
/Users/kady/Masterdom/src/Masterdom.Modules.SubsidyOptimization/Domain/Entities/SubsidyOptimization/OptimizationExecutionEvidence.cs(57,19): warning CS1591: Missing XML comment for publicly visible type or member 'OptimizationExecutionEvidence.SelectedScenarioCode' [/Users/kady/Masterdom/src/Masterdom.Modules.SubsidyOptimization/Masterdom.Modules.SubsidyOptimization.csproj]
/Users/kady/Masterdom/src/Masterdom.Modules.SubsidyOptimization/Domain/Entities/SubsidyOptimization/OptimizationExecutionEvidence.cs(58,40): warning CS1591: Missing XML comment for publicly visible type or member 'OptimizationExecutionEvidence.Outcome' [/Users/kady/Masterdom/src/Masterdom.Modules.SubsidyOptimization/Masterdom.Modules.SubsidyOptimization.csproj]
/Users/kady/Masterdom/src/Masterdom.Modules.SubsidyOptimization/Domain/Entities/SubsidyOptimization/OptimizationExecutionEvidence.cs(60,49): warning CS1591: Missing XML comment for publicly visible type or member 'OptimizationExecutionEvidence.Create(string?, string?, string, DateTime, decimal, decimal, string, IReadOnlyList<OptimizationMeterInput>, IReadOnlyList<OptimizationRatingInput>, IReadOnlyList<OptimizationImportedDatasetInput>, OptimizationPolicySnapshot, OptimizationModelSnapshot, OptimizationStrategySnapshot, IReadOnlyList<OptimizationScenarioEvidence>, string, OptimizationOutcomeEvidence)' [/Users/kady/Masterdom/src/Masterdom.Modules.SubsidyOptimization/Masterdom.Modules.SubsidyOptimization.csproj]
/Users/kady/Masterdom/src/Masterdom.Modules.SubsidyOptimization/Domain/Entities/SubsidyOptimization/OptimizationExecutionEvidence.cs(220,45): warning CS1591: Missing XML comment for publicly visible type or member 'OptimizationExecutionEvidence.GetEqualityComponents()' [/Users/kady/Masterdom/src/Masterdom.Modules.SubsidyOptimization/Masterdom.Modules.SubsidyOptimization.csproj]
/Users/kady/Masterdom/src/Masterdom.Modules.SubsidyOptimization/Domain/Entities/SubsidyOptimization/OptimizationExecutionEvidence.cs(241,22): warning CS1591: Missing XML comment for publicly visible type or member 'OptimizationMeterInput' [/Users/kady/Masterdom/src/Masterdom.Modules.SubsidyOptimization/Masterdom.Modules.SubsidyOptimization.csproj]
/Users/kady/Masterdom/src/Masterdom.Modules.SubsidyOptimization/Domain/Entities/SubsidyOptimization/OptimizationExecutionEvidence.cs(241,22): warning CS1591: Missing XML comment for publicly visible type or member 'OptimizationMeterInput.OptimizationMeterInput(Guid, DateOnly, DateOnly, decimal, DateTime, string, string, decimal)' [/Users/kady/Masterdom/src/Masterdom.Modules.SubsidyOptimization/Masterdom.Modules.SubsidyOptimization.csproj]
/Users/kady/Masterdom/src/Masterdom.Modules.SubsidyOptimization/Domain/Entities/SubsidyOptimization/OptimizationExecutionEvidence.cs(241,50): warning CS1591: Missing XML comment for publicly visible type or member 'OptimizationMeterInput.MeterId' [/Users/kady/Masterdom/src/Masterdom.Modules.SubsidyOptimization/Masterdom.Modules.SubsidyOptimization.csproj]
/Users/kady/Masterdom/src/Masterdom.Modules.SubsidyOptimization/Domain/Entities/SubsidyOptimization/OptimizationExecutionEvidence.cs(241,68): warning CS1591: Missing XML comment for publicly visible type or member 'OptimizationMeterInput.PeriodStart' [/Users/kady/Masterdom/src/Masterdom.Modules.SubsidyOptimization/Masterdom.Modules.SubsidyOptimization.csproj]
/Users/kady/Masterdom/src/Masterdom.Modules.SubsidyOptimization/Domain/Entities/SubsidyOptimization/OptimizationExecutionEvidence.cs(241,90): warning CS1591: Missing XML comment for publicly visible type or member 'OptimizationMeterInput.PeriodEnd' [/Users/kady/Masterdom/src/Masterdom.Modules.SubsidyOptimization/Masterdom.Modules.SubsidyOptimization.csproj]
/Users/kady/Masterdom/src/Masterdom.Modules.SubsidyOptimization/Domain/Entities/SubsidyOptimization/OptimizationExecutionEvidence.cs(241,109): warning CS1591: Missing XML comment for publicly visible type or member 'OptimizationMeterInput.ConsumptionUnits' [/Users/kady/Masterdom/src/Masterdom.Modules.SubsidyOptimization/Masterdom.Modules.SubsidyOptimization.csproj]
/Users/kady/Masterdom/src/Masterdom.Modules.SubsidyOptimization/Domain/Entities/SubsidyOptimization/OptimizationExecutionEvidence.cs(241,136): warning CS1591: Missing XML comment for publicly visible type or member 'OptimizationMeterInput.CapturedAtUtc' [/Users/kady/Masterdom/src/Masterdom.Modules.SubsidyOptimization/Masterdom.Modules.SubsidyOptimization.csproj]
/Users/kady/Masterdom/src/Masterdom.Modules.SubsidyOptimization/Domain/Entities/SubsidyOptimization/OptimizationExecutionEvidence.cs(241,158): warning CS1591: Missing XML comment for publicly visible type or member 'OptimizationMeterInput.MeterType' [/Users/kady/Masterdom/src/Masterdom.Modules.SubsidyOptimization/Masterdom.Modules.SubsidyOptimization.csproj]
/Users/kady/Masterdom/src/Masterdom.Modules.SubsidyOptimization/Domain/Entities/SubsidyOptimization/OptimizationExecutionEvidence.cs(241,176): warning CS1591: Missing XML comment for publicly visible type or member 'OptimizationMeterInput.MeterStatus' [/Users/kady/Masterdom/src/Masterdom.Modules.SubsidyOptimization/Masterdom.Modules.SubsidyOptimization.csproj]
/Users/kady/Masterdom/src/Masterdom.Modules.SubsidyOptimization/Domain/Entities/SubsidyOptimization/OptimizationExecutionEvidence.cs(241,197): warning CS1591: Missing XML comment for publicly visible type or member 'OptimizationMeterInput.SanctionedLoad' [/Users/kady/Masterdom/src/Masterdom.Modules.SubsidyOptimization/Masterdom.Modules.SubsidyOptimization.csproj]
/Users/kady/Masterdom/src/Masterdom.Modules.SubsidyOptimization/Domain/Entities/SubsidyOptimization/OptimizationExecutionEvidence.cs(243,22): warning CS1591: Missing XML comment for publicly visible type or member 'OptimizationRatingInput' [/Users/kady/Masterdom/src/Masterdom.Modules.SubsidyOptimization/Masterdom.Modules.SubsidyOptimization.csproj]
/Users/kady/Masterdom/src/Masterdom.Modules.SubsidyOptimization/Domain/Entities/SubsidyOptimization/OptimizationExecutionEvidence.cs(243,22): warning CS1591: Missing XML comment for publicly visible type or member 'OptimizationRatingInput.OptimizationRatingInput(Guid, Guid, DateOnly, DateOnly, decimal, decimal, DateTime)' [/Users/kady/Masterdom/src/Masterdom.Modules.SubsidyOptimization/Masterdom.Modules.SubsidyOptimization.csproj]
/Users/kady/Masterdom/src/Masterdom.Modules.SubsidyOptimization/Domain/Entities/SubsidyOptimization/OptimizationExecutionEvidence.cs(243,51): warning CS1591: Missing XML comment for publicly visible type or member 'OptimizationRatingInput.RatingId' [/Users/kady/Masterdom/src/Masterdom.Modules.SubsidyOptimization/Masterdom.Modules.SubsidyOptimization.csproj]
/Users/kady/Masterdom/src/Masterdom.Modules.SubsidyOptimization/Domain/Entities/SubsidyOptimization/OptimizationExecutionEvidence.cs(243,66): warning CS1591: Missing XML comment for publicly visible type or member 'OptimizationRatingInput.MeterId' [/Users/kady/Masterdom/src/Masterdom.Modules.SubsidyOptimization/Masterdom.Modules.SubsidyOptimization.csproj]
/Users/kady/Masterdom/src/Masterdom.Modules.SubsidyOptimization/Domain/Entities/SubsidyOptimization/OptimizationExecutionEvidence.cs(243,84): warning CS1591: Missing XML comment for publicly visible type or member 'OptimizationRatingInput.PeriodStart' [/Users/kady/Masterdom/src/Masterdom.Modules.SubsidyOptimization/Masterdom.Modules.SubsidyOptimization.csproj]
/Users/kady/Masterdom/src/Masterdom.Modules.SubsidyOptimization/Domain/Entities/SubsidyOptimization/OptimizationExecutionEvidence.cs(243,106): warning CS1591: Missing XML comment for publicly visible type or member 'OptimizationRatingInput.PeriodEnd' [/Users/kady/Masterdom/src/Masterdom.Modules.SubsidyOptimization/Masterdom.Modules.SubsidyOptimization.csproj]
/Users/kady/Masterdom/src/Masterdom.Modules.SubsidyOptimization/Domain/Entities/SubsidyOptimization/OptimizationExecutionEvidence.cs(243,125): warning CS1591: Missing XML comment for publicly visible type or member 'OptimizationRatingInput.RatedUnits' [/Users/kady/Masterdom/src/Masterdom.Modules.SubsidyOptimization/Masterdom.Modules.SubsidyOptimization.csproj]
/Users/kady/Masterdom/src/Masterdom.Modules.SubsidyOptimization/Domain/Entities/SubsidyOptimization/OptimizationExecutionEvidence.cs(243,145): warning CS1591: Missing XML comment for publicly visible type or member 'OptimizationRatingInput.RatedAmount' [/Users/kady/Masterdom/src/Masterdom.Modules.SubsidyOptimization/Masterdom.Modules.SubsidyOptimization.csproj]
/Users/kady/Masterdom/src/Masterdom.Modules.SubsidyOptimization/Domain/Entities/SubsidyOptimization/OptimizationExecutionEvidence.cs(243,167): warning CS1591: Missing XML comment for publicly visible type or member 'OptimizationRatingInput.RatedAtUtc' [/Users/kady/Masterdom/src/Masterdom.Modules.SubsidyOptimization/Masterdom.Modules.SubsidyOptimization.csproj]
/Users/kady/Masterdom/src/Masterdom.Modules.SubsidyOptimization/Domain/Entities/SubsidyOptimization/OptimizationExecutionEvidence.cs(245,22): warning CS1591: Missing XML comment for publicly visible type or member 'OptimizationImportedDatasetInput' [/Users/kady/Masterdom/src/Masterdom.Modules.SubsidyOptimization/Masterdom.Modules.SubsidyOptimization.csproj]
/Users/kady/Masterdom/src/Masterdom.Modules.SubsidyOptimization/Domain/Entities/SubsidyOptimization/OptimizationExecutionEvidence.cs(245,22): warning CS1591: Missing XML comment for publicly visible type or member 'OptimizationImportedDatasetInput.OptimizationImportedDatasetInput(string, string, string, string, DateTime)' [/Users/kady/Masterdom/src/Masterdom.Modules.SubsidyOptimization/Masterdom.Modules.SubsidyOptimization.csproj]
/Users/kady/Masterdom/src/Masterdom.Modules.SubsidyOptimization/Domain/Entities/SubsidyOptimization/OptimizationExecutionEvidence.cs(245,62): warning CS1591: Missing XML comment for publicly visible type or member 'OptimizationImportedDatasetInput.DatasetId' [/Users/kady/Masterdom/src/Masterdom.Modules.SubsidyOptimization/Masterdom.Modules.SubsidyOptimization.csproj]
/Users/kady/Masterdom/src/Masterdom.Modules.SubsidyOptimization/Domain/Entities/SubsidyOptimization/OptimizationExecutionEvidence.cs(245,80): warning CS1591: Missing XML comment for publicly visible type or member 'OptimizationImportedDatasetInput.DatasetType' [/Users/kady/Masterdom/src/Masterdom.Modules.SubsidyOptimization/Masterdom.Modules.SubsidyOptimization.csproj]
/Users/kady/Masterdom/src/Masterdom.Modules.SubsidyOptimization/Domain/Entities/SubsidyOptimization/OptimizationExecutionEvidence.cs(245,100): warning CS1591: Missing XML comment for publicly visible type or member 'OptimizationImportedDatasetInput.SourceSystem' [/Users/kady/Masterdom/src/Masterdom.Modules.SubsidyOptimization/Masterdom.Modules.SubsidyOptimization.csproj]
/Users/kady/Masterdom/src/Masterdom.Modules.SubsidyOptimization/Domain/Entities/SubsidyOptimization/OptimizationExecutionEvidence.cs(245,121): warning CS1591: Missing XML comment for publicly visible type or member 'OptimizationImportedDatasetInput.Version' [/Users/kady/Masterdom/src/Masterdom.Modules.SubsidyOptimization/Masterdom.Modules.SubsidyOptimization.csproj]
/Users/kady/Masterdom/src/Masterdom.Modules.SubsidyOptimization/Domain/Entities/SubsidyOptimization/OptimizationExecutionEvidence.cs(245,139): warning CS1591: Missing XML comment for publicly visible type or member 'OptimizationImportedDatasetInput.ImportedAtUtc' [/Users/kady/Masterdom/src/Masterdom.Modules.SubsidyOptimization/Masterdom.Modules.SubsidyOptimization.csproj]
/Users/kady/Masterdom/src/Masterdom.Modules.SubsidyOptimization/Domain/Entities/SubsidyOptimization/OptimizationExecutionEvidence.cs(247,22): warning CS1591: Missing XML comment for publicly visible type or member 'OptimizationConfigurationIdentity' [/Users/kady/Masterdom/src/Masterdom.Modules.SubsidyOptimization/Masterdom.Modules.SubsidyOptimization.csproj]
/Users/kady/Masterdom/src/Masterdom.Modules.SubsidyOptimization/Domain/Entities/SubsidyOptimization/OptimizationExecutionEvidence.cs(247,22): warning CS1591: Missing XML comment for publicly visible type or member 'OptimizationConfigurationIdentity.OptimizationConfigurationIdentity(string, string, int, DateTime, DateTime?, string?, string?)' [/Users/kady/Masterdom/src/Masterdom.Modules.SubsidyOptimization/Masterdom.Modules.SubsidyOptimization.csproj]
/Users/kady/Masterdom/src/Masterdom.Modules.SubsidyOptimization/Domain/Entities/SubsidyOptimization/OptimizationExecutionEvidence.cs(247,63): warning CS1591: Missing XML comment for publicly visible type or member 'OptimizationConfigurationIdentity.ConfigurationKey' [/Users/kady/Masterdom/src/Masterdom.Modules.SubsidyOptimization/Masterdom.Modules.SubsidyOptimization.csproj]
/Users/kady/Masterdom/src/Masterdom.Modules.SubsidyOptimization/Domain/Entities/SubsidyOptimization/OptimizationExecutionEvidence.cs(247,88): warning CS1591: Missing XML comment for publicly visible type or member 'OptimizationConfigurationIdentity.DefinitionId' [/Users/kady/Masterdom/src/Masterdom.Modules.SubsidyOptimization/Masterdom.Modules.SubsidyOptimization.csproj]
/Users/kady/Masterdom/src/Masterdom.Modules.SubsidyOptimization/Domain/Entities/SubsidyOptimization/OptimizationExecutionEvidence.cs(247,106): warning CS1591: Missing XML comment for publicly visible type or member 'OptimizationConfigurationIdentity.Version' [/Users/kady/Masterdom/src/Masterdom.Modules.SubsidyOptimization/Masterdom.Modules.SubsidyOptimization.csproj]
/Users/kady/Masterdom/src/Masterdom.Modules.SubsidyOptimization/Domain/Entities/SubsidyOptimization/OptimizationExecutionEvidence.cs(247,124): warning CS1591: Missing XML comment for publicly visible type or member 'OptimizationConfigurationIdentity.EffectiveFromUtc' [/Users/kady/Masterdom/src/Masterdom.Modules.SubsidyOptimization/Masterdom.Modules.SubsidyOptimization.csproj]
/Users/kady/Masterdom/src/Masterdom.Modules.SubsidyOptimization/Domain/Entities/SubsidyOptimization/OptimizationExecutionEvidence.cs(247,152): warning CS1591: Missing XML comment for publicly visible type or member 'OptimizationConfigurationIdentity.EffectiveToUtc' [/Users/kady/Masterdom/src/Masterdom.Modules.SubsidyOptimization/Masterdom.Modules.SubsidyOptimization.csproj]
/Users/kady/Masterdom/src/Masterdom.Modules.SubsidyOptimization/Domain/Entities/SubsidyOptimization/OptimizationExecutionEvidence.cs(247,176): warning CS1591: Missing XML comment for publicly visible type or member 'OptimizationConfigurationIdentity.TenantId' [/Users/kady/Masterdom/src/Masterdom.Modules.SubsidyOptimization/Masterdom.Modules.SubsidyOptimization.csproj]
/Users/kady/Masterdom/src/Masterdom.Modules.SubsidyOptimization/Domain/Entities/SubsidyOptimization/OptimizationExecutionEvidence.cs(247,194): warning CS1591: Missing XML comment for publicly visible type or member 'OptimizationConfigurationIdentity.PropertyId' [/Users/kady/Masterdom/src/Masterdom.Modules.SubsidyOptimization/Masterdom.Modules.SubsidyOptimization.csproj]
/Users/kady/Masterdom/src/Masterdom.Modules.SubsidyOptimization/Domain/Entities/SubsidyOptimization/OptimizationExecutionEvidence.cs(249,22): warning CS1591: Missing XML comment for publicly visible type or member 'OptimizationSubsidySlabSnapshot' [/Users/kady/Masterdom/src/Masterdom.Modules.SubsidyOptimization/Masterdom.Modules.SubsidyOptimization.csproj]
/Users/kady/Masterdom/src/Masterdom.Modules.SubsidyOptimization/Domain/Entities/SubsidyOptimization/OptimizationExecutionEvidence.cs(249,22): warning CS1591: Missing XML comment for publicly visible type or member 'OptimizationSubsidySlabSnapshot.OptimizationSubsidySlabSnapshot(decimal, decimal, bool)' [/Users/kady/Masterdom/src/Masterdom.Modules.SubsidyOptimization/Masterdom.Modules.SubsidyOptimization.csproj]
/Users/kady/Masterdom/src/Masterdom.Modules.SubsidyOptimization/Domain/Entities/SubsidyOptimization/OptimizationExecutionEvidence.cs(249,62): warning CS1591: Missing XML comment for publicly visible type or member 'OptimizationSubsidySlabSnapshot.MaximumUnits' [/Users/kady/Masterdom/src/Masterdom.Modules.SubsidyOptimization/Masterdom.Modules.SubsidyOptimization.csproj]
/Users/kady/Masterdom/src/Masterdom.Modules.SubsidyOptimization/Domain/Entities/SubsidyOptimization/OptimizationExecutionEvidence.cs(249,84): warning CS1591: Missing XML comment for publicly visible type or member 'OptimizationSubsidySlabSnapshot.SubsidyAmount' [/Users/kady/Masterdom/src/Masterdom.Modules.SubsidyOptimization/Masterdom.Modules.SubsidyOptimization.csproj]
/Users/kady/Masterdom/src/Masterdom.Modules.SubsidyOptimization/Domain/Entities/SubsidyOptimization/OptimizationExecutionEvidence.cs(249,104): warning CS1591: Missing XML comment for publicly visible type or member 'OptimizationSubsidySlabSnapshot.IsCliff' [/Users/kady/Masterdom/src/Masterdom.Modules.SubsidyOptimization/Masterdom.Modules.SubsidyOptimization.csproj]
/Users/kady/Masterdom/src/Masterdom.Modules.SubsidyOptimization/Domain/Entities/SubsidyOptimization/OptimizationExecutionEvidence.cs(251,22): warning CS1591: Missing XML comment for publicly visible type or member 'OptimizationPolicySnapshot' [/Users/kady/Masterdom/src/Masterdom.Modules.SubsidyOptimization/Masterdom.Modules.SubsidyOptimization.csproj]
/Users/kady/Masterdom/src/Masterdom.Modules.SubsidyOptimization/Domain/Entities/SubsidyOptimization/OptimizationExecutionEvidence.cs(251,22): warning CS1591: Missing XML comment for publicly visible type or member 'OptimizationPolicySnapshot.OptimizationPolicySnapshot(string, OptimizationConfigurationIdentity, IReadOnlyList<OptimizationSubsidySlabSnapshot>, decimal, decimal, IReadOnlyList<string>)' [/Users/kady/Masterdom/src/Masterdom.Modules.SubsidyOptimization/Masterdom.Modules.SubsidyOptimization.csproj]
/Users/kady/Masterdom/src/Masterdom.Modules.SubsidyOptimization/Domain/Entities/SubsidyOptimization/OptimizationExecutionEvidence.cs(251,56): warning CS1591: Missing XML comment for publicly visible type or member 'OptimizationPolicySnapshot.Code' [/Users/kady/Masterdom/src/Masterdom.Modules.SubsidyOptimization/Masterdom.Modules.SubsidyOptimization.csproj]
/Users/kady/Masterdom/src/Masterdom.Modules.SubsidyOptimization/Domain/Entities/SubsidyOptimization/OptimizationExecutionEvidence.cs(251,96): warning CS1591: Missing XML comment for publicly visible type or member 'OptimizationPolicySnapshot.Identity' [/Users/kady/Masterdom/src/Masterdom.Modules.SubsidyOptimization/Masterdom.Modules.SubsidyOptimization.csproj]
/Users/kady/Masterdom/src/Masterdom.Modules.SubsidyOptimization/Domain/Entities/SubsidyOptimization/OptimizationExecutionEvidence.cs(251,153): warning CS1591: Missing XML comment for publicly visible type or member 'OptimizationPolicySnapshot.Slabs' [/Users/kady/Masterdom/src/Masterdom.Modules.SubsidyOptimization/Masterdom.Modules.SubsidyOptimization.csproj]
/Users/kady/Masterdom/src/Masterdom.Modules.SubsidyOptimization/Domain/Entities/SubsidyOptimization/OptimizationExecutionEvidence.cs(251,168): warning CS1591: Missing XML comment for publicly visible type or member 'OptimizationPolicySnapshot.SanctionedLoadLimit' [/Users/kady/Masterdom/src/Masterdom.Modules.SubsidyOptimization/Masterdom.Modules.SubsidyOptimization.csproj]
/Users/kady/Masterdom/src/Masterdom.Modules.SubsidyOptimization/Domain/Entities/SubsidyOptimization/OptimizationExecutionEvidence.cs(251,197): warning CS1591: Missing XML comment for publicly visible type or member 'OptimizationPolicySnapshot.SanctionedLoadPenaltyPerUnit' [/Users/kady/Masterdom/src/Masterdom.Modules.SubsidyOptimization/Masterdom.Modules.SubsidyOptimization.csproj]
/Users/kady/Masterdom/src/Masterdom.Modules.SubsidyOptimization/Domain/Entities/SubsidyOptimization/OptimizationExecutionEvidence.cs(251,249): warning CS1591: Missing XML comment for publicly visible type or member 'OptimizationPolicySnapshot.EligibleMeterTypes' [/Users/kady/Masterdom/src/Masterdom.Modules.SubsidyOptimization/Masterdom.Modules.SubsidyOptimization.csproj]
/Users/kady/Masterdom/src/Masterdom.Modules.SubsidyOptimization/Domain/Entities/SubsidyOptimization/OptimizationExecutionEvidence.cs(253,16): warning CS1591: Missing XML comment for publicly visible type or member 'OptimizationPolicySnapshot.Version' [/Users/kady/Masterdom/src/Masterdom.Modules.SubsidyOptimization/Masterdom.Modules.SubsidyOptimization.csproj]
/Users/kady/Masterdom/src/Masterdom.Modules.SubsidyOptimization/Domain/Entities/SubsidyOptimization/OptimizationExecutionEvidence.cs(256,22): warning CS1591: Missing XML comment for publicly visible type or member 'OptimizationModelSnapshot' [/Users/kady/Masterdom/src/Masterdom.Modules.SubsidyOptimization/Masterdom.Modules.SubsidyOptimization.csproj]
/Users/kady/Masterdom/src/Masterdom.Modules.SubsidyOptimization/Domain/Entities/SubsidyOptimization/OptimizationExecutionEvidence.cs(256,22): warning CS1591: Missing XML comment for publicly visible type or member 'OptimizationModelSnapshot.OptimizationModelSnapshot(string, OptimizationConfigurationIdentity, decimal, decimal, decimal, decimal, decimal, int)' [/Users/kady/Masterdom/src/Masterdom.Modules.SubsidyOptimization/Masterdom.Modules.SubsidyOptimization.csproj]
/Users/kady/Masterdom/src/Masterdom.Modules.SubsidyOptimization/Domain/Entities/SubsidyOptimization/OptimizationExecutionEvidence.cs(256,55): warning CS1591: Missing XML comment for publicly visible type or member 'OptimizationModelSnapshot.Code' [/Users/kady/Masterdom/src/Masterdom.Modules.SubsidyOptimization/Masterdom.Modules.SubsidyOptimization.csproj]
/Users/kady/Masterdom/src/Masterdom.Modules.SubsidyOptimization/Domain/Entities/SubsidyOptimization/OptimizationExecutionEvidence.cs(256,95): warning CS1591: Missing XML comment for publicly visible type or member 'OptimizationModelSnapshot.Identity' [/Users/kady/Masterdom/src/Masterdom.Modules.SubsidyOptimization/Masterdom.Modules.SubsidyOptimization.csproj]
/Users/kady/Masterdom/src/Masterdom.Modules.SubsidyOptimization/Domain/Entities/SubsidyOptimization/OptimizationExecutionEvidence.cs(256,113): warning CS1591: Missing XML comment for publicly visible type or member 'OptimizationModelSnapshot.SubsidyWeight' [/Users/kady/Masterdom/src/Masterdom.Modules.SubsidyOptimization/Masterdom.Modules.SubsidyOptimization.csproj]
/Users/kady/Masterdom/src/Masterdom.Modules.SubsidyOptimization/Domain/Entities/SubsidyOptimization/OptimizationExecutionEvidence.cs(256,136): warning CS1591: Missing XML comment for publicly visible type or member 'OptimizationModelSnapshot.CostWeight' [/Users/kady/Masterdom/src/Masterdom.Modules.SubsidyOptimization/Masterdom.Modules.SubsidyOptimization.csproj]
/Users/kady/Masterdom/src/Masterdom.Modules.SubsidyOptimization/Domain/Entities/SubsidyOptimization/OptimizationExecutionEvidence.cs(256,156): warning CS1591: Missing XML comment for publicly visible type or member 'OptimizationModelSnapshot.LoadImpactWeight' [/Users/kady/Masterdom/src/Masterdom.Modules.SubsidyOptimization/Masterdom.Modules.SubsidyOptimization.csproj]
/Users/kady/Masterdom/src/Masterdom.Modules.SubsidyOptimization/Domain/Entities/SubsidyOptimization/OptimizationExecutionEvidence.cs(256,182): warning CS1591: Missing XML comment for publicly visible type or member 'OptimizationModelSnapshot.RiskWeight' [/Users/kady/Masterdom/src/Masterdom.Modules.SubsidyOptimization/Masterdom.Modules.SubsidyOptimization.csproj]
/Users/kady/Masterdom/src/Masterdom.Modules.SubsidyOptimization/Domain/Entities/SubsidyOptimization/OptimizationExecutionEvidence.cs(256,202): warning CS1591: Missing XML comment for publicly visible type or member 'OptimizationModelSnapshot.BoundaryTolerance' [/Users/kady/Masterdom/src/Masterdom.Modules.SubsidyOptimization/Masterdom.Modules.SubsidyOptimization.csproj]
/Users/kady/Masterdom/src/Masterdom.Modules.SubsidyOptimization/Domain/Entities/SubsidyOptimization/OptimizationExecutionEvidence.cs(256,225): warning CS1591: Missing XML comment for publicly visible type or member 'OptimizationModelSnapshot.MaximumScenarioCount' [/Users/kady/Masterdom/src/Masterdom.Modules.SubsidyOptimization/Masterdom.Modules.SubsidyOptimization.csproj]
/Users/kady/Masterdom/src/Masterdom.Modules.SubsidyOptimization/Domain/Entities/SubsidyOptimization/OptimizationExecutionEvidence.cs(258,16): warning CS1591: Missing XML comment for publicly visible type or member 'OptimizationModelSnapshot.Version' [/Users/kady/Masterdom/src/Masterdom.Modules.SubsidyOptimization/Masterdom.Modules.SubsidyOptimization.csproj]
/Users/kady/Masterdom/src/Masterdom.Modules.SubsidyOptimization/Domain/Entities/SubsidyOptimization/OptimizationExecutionEvidence.cs(261,22): warning CS1591: Missing XML comment for publicly visible type or member 'OptimizationStrategySnapshot' [/Users/kady/Masterdom/src/Masterdom.Modules.SubsidyOptimization/Masterdom.Modules.SubsidyOptimization.csproj]
/Users/kady/Masterdom/src/Masterdom.Modules.SubsidyOptimization/Domain/Entities/SubsidyOptimization/OptimizationExecutionEvidence.cs(261,22): warning CS1591: Missing XML comment for publicly visible type or member 'OptimizationStrategySnapshot.OptimizationStrategySnapshot(string, OptimizationConfigurationIdentity, IReadOnlyList<decimal>, bool, bool, decimal)' [/Users/kady/Masterdom/src/Masterdom.Modules.SubsidyOptimization/Masterdom.Modules.SubsidyOptimization.csproj]
/Users/kady/Masterdom/src/Masterdom.Modules.SubsidyOptimization/Domain/Entities/SubsidyOptimization/OptimizationExecutionEvidence.cs(261,58): warning CS1591: Missing XML comment for publicly visible type or member 'OptimizationStrategySnapshot.Code' [/Users/kady/Masterdom/src/Masterdom.Modules.SubsidyOptimization/Masterdom.Modules.SubsidyOptimization.csproj]
/Users/kady/Masterdom/src/Masterdom.Modules.SubsidyOptimization/Domain/Entities/SubsidyOptimization/OptimizationExecutionEvidence.cs(261,98): warning CS1591: Missing XML comment for publicly visible type or member 'OptimizationStrategySnapshot.Identity' [/Users/kady/Masterdom/src/Masterdom.Modules.SubsidyOptimization/Masterdom.Modules.SubsidyOptimization.csproj]
/Users/kady/Masterdom/src/Masterdom.Modules.SubsidyOptimization/Domain/Entities/SubsidyOptimization/OptimizationExecutionEvidence.cs(261,131): warning CS1591: Missing XML comment for publicly visible type or member 'OptimizationStrategySnapshot.ConsumptionFactors' [/Users/kady/Masterdom/src/Masterdom.Modules.SubsidyOptimization/Masterdom.Modules.SubsidyOptimization.csproj]
/Users/kady/Masterdom/src/Masterdom.Modules.SubsidyOptimization/Domain/Entities/SubsidyOptimization/OptimizationExecutionEvidence.cs(261,156): warning CS1591: Missing XML comment for publicly visible type or member 'OptimizationStrategySnapshot.IncludeSubsidyBoundaries' [/Users/kady/Masterdom/src/Masterdom.Modules.SubsidyOptimization/Masterdom.Modules.SubsidyOptimization.csproj]
/Users/kady/Masterdom/src/Masterdom.Modules.SubsidyOptimization/Domain/Entities/SubsidyOptimization/OptimizationExecutionEvidence.cs(261,187): warning CS1591: Missing XML comment for publicly visible type or member 'OptimizationStrategySnapshot.PermitCrossMeterMovement' [/Users/kady/Masterdom/src/Masterdom.Modules.SubsidyOptimization/Masterdom.Modules.SubsidyOptimization.csproj]
/Users/kady/Masterdom/src/Masterdom.Modules.SubsidyOptimization/Domain/Entities/SubsidyOptimization/OptimizationExecutionEvidence.cs(261,221): warning CS1591: Missing XML comment for publicly visible type or member 'OptimizationStrategySnapshot.MaximumCrossMeterMovementFraction' [/Users/kady/Masterdom/src/Masterdom.Modules.SubsidyOptimization/Masterdom.Modules.SubsidyOptimization.csproj]
/Users/kady/Masterdom/src/Masterdom.Modules.SubsidyOptimization/Domain/Entities/SubsidyOptimization/OptimizationExecutionEvidence.cs(263,16): warning CS1591: Missing XML comment for publicly visible type or member 'OptimizationStrategySnapshot.Version' [/Users/kady/Masterdom/src/Masterdom.Modules.SubsidyOptimization/Masterdom.Modules.SubsidyOptimization.csproj]
/Users/kady/Masterdom/src/Masterdom.Modules.SubsidyOptimization/Domain/Entities/SubsidyOptimization/OptimizationExecutionEvidence.cs(266,22): warning CS1591: Missing XML comment for publicly visible type or member 'OptimizationMeterAllocationEvidence' [/Users/kady/Masterdom/src/Masterdom.Modules.SubsidyOptimization/Masterdom.Modules.SubsidyOptimization.csproj]
/Users/kady/Masterdom/src/Masterdom.Modules.SubsidyOptimization/Domain/Entities/SubsidyOptimization/OptimizationExecutionEvidence.cs(266,22): warning CS1591: Missing XML comment for publicly visible type or member 'OptimizationMeterAllocationEvidence.OptimizationMeterAllocationEvidence(Guid, decimal, decimal, decimal, decimal)' [/Users/kady/Masterdom/src/Masterdom.Modules.SubsidyOptimization/Masterdom.Modules.SubsidyOptimization.csproj]
/Users/kady/Masterdom/src/Masterdom.Modules.SubsidyOptimization/Domain/Entities/SubsidyOptimization/OptimizationExecutionEvidence.cs(266,63): warning CS1591: Missing XML comment for publicly visible type or member 'OptimizationMeterAllocationEvidence.MeterId' [/Users/kady/Masterdom/src/Masterdom.Modules.SubsidyOptimization/Masterdom.Modules.SubsidyOptimization.csproj]
/Users/kady/Masterdom/src/Masterdom.Modules.SubsidyOptimization/Domain/Entities/SubsidyOptimization/OptimizationExecutionEvidence.cs(266,80): warning CS1591: Missing XML comment for publicly visible type or member 'OptimizationMeterAllocationEvidence.BaselineUnits' [/Users/kady/Masterdom/src/Masterdom.Modules.SubsidyOptimization/Masterdom.Modules.SubsidyOptimization.csproj]
/Users/kady/Masterdom/src/Masterdom.Modules.SubsidyOptimization/Domain/Entities/SubsidyOptimization/OptimizationExecutionEvidence.cs(266,103): warning CS1591: Missing XML comment for publicly visible type or member 'OptimizationMeterAllocationEvidence.AllocatedUnits' [/Users/kady/Masterdom/src/Masterdom.Modules.SubsidyOptimization/Masterdom.Modules.SubsidyOptimization.csproj]
/Users/kady/Masterdom/src/Masterdom.Modules.SubsidyOptimization/Domain/Entities/SubsidyOptimization/OptimizationExecutionEvidence.cs(266,127): warning CS1591: Missing XML comment for publicly visible type or member 'OptimizationMeterAllocationEvidence.SanctionedLoad' [/Users/kady/Masterdom/src/Masterdom.Modules.SubsidyOptimization/Masterdom.Modules.SubsidyOptimization.csproj]
/Users/kady/Masterdom/src/Masterdom.Modules.SubsidyOptimization/Domain/Entities/SubsidyOptimization/OptimizationExecutionEvidence.cs(266,151): warning CS1591: Missing XML comment for publicly visible type or member 'OptimizationMeterAllocationEvidence.MovementUnits' [/Users/kady/Masterdom/src/Masterdom.Modules.SubsidyOptimization/Masterdom.Modules.SubsidyOptimization.csproj]
/Users/kady/Masterdom/src/Masterdom.Modules.SubsidyOptimization/Domain/Entities/SubsidyOptimization/OptimizationExecutionEvidence.cs(268,22): warning CS1591: Missing XML comment for publicly visible type or member 'OptimizationScenarioEvidence' [/Users/kady/Masterdom/src/Masterdom.Modules.SubsidyOptimization/Masterdom.Modules.SubsidyOptimization.csproj]
/Users/kady/Masterdom/src/Masterdom.Modules.SubsidyOptimization/Domain/Entities/SubsidyOptimization/OptimizationExecutionEvidence.cs(268,22): warning CS1591: Missing XML comment for publicly visible type or member 'OptimizationScenarioEvidence.OptimizationScenarioEvidence(string, decimal, decimal, decimal, decimal, decimal, bool, string?, decimal?, string, IReadOnlyList<OptimizationMeterAllocationEvidence>)' [/Users/kady/Masterdom/src/Masterdom.Modules.SubsidyOptimization/Masterdom.Modules.SubsidyOptimization.csproj]
/Users/kady/Masterdom/src/Masterdom.Modules.SubsidyOptimization/Domain/Entities/SubsidyOptimization/OptimizationExecutionEvidence.cs(268,58): warning CS1591: Missing XML comment for publicly visible type or member 'OptimizationScenarioEvidence.ScenarioCode' [/Users/kady/Masterdom/src/Masterdom.Modules.SubsidyOptimization/Masterdom.Modules.SubsidyOptimization.csproj]
/Users/kady/Masterdom/src/Masterdom.Modules.SubsidyOptimization/Domain/Entities/SubsidyOptimization/OptimizationExecutionEvidence.cs(268,80): warning CS1591: Missing XML comment for publicly visible type or member 'OptimizationScenarioEvidence.ConsumptionUnits' [/Users/kady/Masterdom/src/Masterdom.Modules.SubsidyOptimization/Masterdom.Modules.SubsidyOptimization.csproj]
/Users/kady/Masterdom/src/Masterdom.Modules.SubsidyOptimization/Domain/Entities/SubsidyOptimization/OptimizationExecutionEvidence.cs(268,106): warning CS1591: Missing XML comment for publicly visible type or member 'OptimizationScenarioEvidence.ExpectedSubsidy' [/Users/kady/Masterdom/src/Masterdom.Modules.SubsidyOptimization/Masterdom.Modules.SubsidyOptimization.csproj]
/Users/kady/Masterdom/src/Masterdom.Modules.SubsidyOptimization/Domain/Entities/SubsidyOptimization/OptimizationExecutionEvidence.cs(268,131): warning CS1591: Missing XML comment for publicly visible type or member 'OptimizationScenarioEvidence.ExpectedCost' [/Users/kady/Masterdom/src/Masterdom.Modules.SubsidyOptimization/Masterdom.Modules.SubsidyOptimization.csproj]
/Users/kady/Masterdom/src/Masterdom.Modules.SubsidyOptimization/Domain/Entities/SubsidyOptimization/OptimizationExecutionEvidence.cs(268,153): warning CS1591: Missing XML comment for publicly visible type or member 'OptimizationScenarioEvidence.SanctionedLoadImpact' [/Users/kady/Masterdom/src/Masterdom.Modules.SubsidyOptimization/Masterdom.Modules.SubsidyOptimization.csproj]
/Users/kady/Masterdom/src/Masterdom.Modules.SubsidyOptimization/Domain/Entities/SubsidyOptimization/OptimizationExecutionEvidence.cs(268,183): warning CS1591: Missing XML comment for publicly visible type or member 'OptimizationScenarioEvidence.Score' [/Users/kady/Masterdom/src/Masterdom.Modules.SubsidyOptimization/Masterdom.Modules.SubsidyOptimization.csproj]
/Users/kady/Masterdom/src/Masterdom.Modules.SubsidyOptimization/Domain/Entities/SubsidyOptimization/OptimizationExecutionEvidence.cs(268,195): warning CS1591: Missing XML comment for publicly visible type or member 'OptimizationScenarioEvidence.IsFeasible' [/Users/kady/Masterdom/src/Masterdom.Modules.SubsidyOptimization/Masterdom.Modules.SubsidyOptimization.csproj]
/Users/kady/Masterdom/src/Masterdom.Modules.SubsidyOptimization/Domain/Entities/SubsidyOptimization/OptimizationExecutionEvidence.cs(268,215): warning CS1591: Missing XML comment for publicly visible type or member 'OptimizationScenarioEvidence.InfeasibilityReason' [/Users/kady/Masterdom/src/Masterdom.Modules.SubsidyOptimization/Masterdom.Modules.SubsidyOptimization.csproj]
/Users/kady/Masterdom/src/Masterdom.Modules.SubsidyOptimization/Domain/Entities/SubsidyOptimization/OptimizationExecutionEvidence.cs(268,245): warning CS1591: Missing XML comment for publicly visible type or member 'OptimizationScenarioEvidence.TriggeredBoundary' [/Users/kady/Masterdom/src/Masterdom.Modules.SubsidyOptimization/Masterdom.Modules.SubsidyOptimization.csproj]
/Users/kady/Masterdom/src/Masterdom.Modules.SubsidyOptimization/Domain/Entities/SubsidyOptimization/OptimizationExecutionEvidence.cs(268,271): warning CS1591: Missing XML comment for publicly visible type or member 'OptimizationScenarioEvidence.TradeOffSummary' [/Users/kady/Masterdom/src/Masterdom.Modules.SubsidyOptimization/Masterdom.Modules.SubsidyOptimization.csproj]
/Users/kady/Masterdom/src/Masterdom.Modules.SubsidyOptimization/Domain/Entities/SubsidyOptimization/OptimizationExecutionEvidence.cs(268,339): warning CS1591: Missing XML comment for publicly visible type or member 'OptimizationScenarioEvidence.MeterAllocations' [/Users/kady/Masterdom/src/Masterdom.Modules.SubsidyOptimization/Masterdom.Modules.SubsidyOptimization.csproj]
/Users/kady/Masterdom/src/Masterdom.Modules.SubsidyOptimization/Domain/Entities/SubsidyOptimization/OptimizationExecutionEvidence.cs(270,22): warning CS1591: Missing XML comment for publicly visible type or member 'OptimizationOutcomeEvidence' [/Users/kady/Masterdom/src/Masterdom.Modules.SubsidyOptimization/Masterdom.Modules.SubsidyOptimization.csproj]
/Users/kady/Masterdom/src/Masterdom.Modules.SubsidyOptimization/Domain/Entities/SubsidyOptimization/OptimizationExecutionEvidence.cs(270,22): warning CS1591: Missing XML comment for publicly visible type or member 'OptimizationOutcomeEvidence.OptimizationOutcomeEvidence(decimal, decimal, string, Guid, string, string, string)' [/Users/kady/Masterdom/src/Masterdom.Modules.SubsidyOptimization/Masterdom.Modules.SubsidyOptimization.csproj]
/Users/kady/Masterdom/src/Masterdom.Modules.SubsidyOptimization/Domain/Entities/SubsidyOptimization/OptimizationExecutionEvidence.cs(270,58): warning CS1591: Missing XML comment for publicly visible type or member 'OptimizationOutcomeEvidence.EstimatedSavings' [/Users/kady/Masterdom/src/Masterdom.Modules.SubsidyOptimization/Masterdom.Modules.SubsidyOptimization.csproj]
/Users/kady/Masterdom/src/Masterdom.Modules.SubsidyOptimization/Domain/Entities/SubsidyOptimization/OptimizationExecutionEvidence.cs(270,84): warning CS1591: Missing XML comment for publicly visible type or member 'OptimizationOutcomeEvidence.EstimatedCost' [/Users/kady/Masterdom/src/Masterdom.Modules.SubsidyOptimization/Masterdom.Modules.SubsidyOptimization.csproj]
/Users/kady/Masterdom/src/Masterdom.Modules.SubsidyOptimization/Domain/Entities/SubsidyOptimization/OptimizationExecutionEvidence.cs(270,106): warning CS1591: Missing XML comment for publicly visible type or member 'OptimizationOutcomeEvidence.Summary' [/Users/kady/Masterdom/src/Masterdom.Modules.SubsidyOptimization/Masterdom.Modules.SubsidyOptimization.csproj]
/Users/kady/Masterdom/src/Masterdom.Modules.SubsidyOptimization/Domain/Entities/SubsidyOptimization/OptimizationExecutionEvidence.cs(270,120): warning CS1591: Missing XML comment for publicly visible type or member 'OptimizationOutcomeEvidence.RecommendationId' [/Users/kady/Masterdom/src/Masterdom.Modules.SubsidyOptimization/Masterdom.Modules.SubsidyOptimization.csproj]
/Users/kady/Masterdom/src/Masterdom.Modules.SubsidyOptimization/Domain/Entities/SubsidyOptimization/OptimizationExecutionEvidence.cs(270,145): warning CS1591: Missing XML comment for publicly visible type or member 'OptimizationOutcomeEvidence.RecommendationTitle' [/Users/kady/Masterdom/src/Masterdom.Modules.SubsidyOptimization/Masterdom.Modules.SubsidyOptimization.csproj]
/Users/kady/Masterdom/src/Masterdom.Modules.SubsidyOptimization/Domain/Entities/SubsidyOptimization/OptimizationExecutionEvidence.cs(270,173): warning CS1591: Missing XML comment for publicly visible type or member 'OptimizationOutcomeEvidence.RecommendationDetails' [/Users/kady/Masterdom/src/Masterdom.Modules.SubsidyOptimization/Masterdom.Modules.SubsidyOptimization.csproj]
/Users/kady/Masterdom/src/Masterdom.Modules.SubsidyOptimization/Domain/Entities/SubsidyOptimization/OptimizationExecutionEvidence.cs(270,203): warning CS1591: Missing XML comment for publicly visible type or member 'OptimizationOutcomeEvidence.RecommendationPriority' [/Users/kady/Masterdom/src/Masterdom.Modules.SubsidyOptimization/Masterdom.Modules.SubsidyOptimization.csproj]
/Users/kady/Masterdom/src/Masterdom.Modules.SubsidyOptimization/Domain/Entities/SubsidyOptimization/OptimizationPeriod.cs(5,21): warning CS1591: Missing XML comment for publicly visible type or member 'OptimizationPeriod' [/Users/kady/Masterdom/src/Masterdom.Modules.SubsidyOptimization/Masterdom.Modules.SubsidyOptimization.csproj]
/Users/kady/Masterdom/src/Masterdom.Modules.SubsidyOptimization/Domain/Entities/SubsidyOptimization/OptimizationPeriod.cs(13,21): warning CS1591: Missing XML comment for publicly visible type or member 'OptimizationPeriod.StartDate' [/Users/kady/Masterdom/src/Masterdom.Modules.SubsidyOptimization/Masterdom.Modules.SubsidyOptimization.csproj]
/Users/kady/Masterdom/src/Masterdom.Modules.SubsidyOptimization/Domain/Entities/SubsidyOptimization/OptimizationPeriod.cs(15,21): warning CS1591: Missing XML comment for publicly visible type or member 'OptimizationPeriod.EndDate' [/Users/kady/Masterdom/src/Masterdom.Modules.SubsidyOptimization/Masterdom.Modules.SubsidyOptimization.csproj]
/Users/kady/Masterdom/src/Masterdom.Modules.SubsidyOptimization/Domain/Entities/SubsidyOptimization/OptimizationPeriod.cs(17,38): warning CS1591: Missing XML comment for publicly visible type or member 'OptimizationPeriod.Create(DateOnly, DateOnly)' [/Users/kady/Masterdom/src/Masterdom.Modules.SubsidyOptimization/Masterdom.Modules.SubsidyOptimization.csproj]
/Users/kady/Masterdom/src/Masterdom.Modules.SubsidyOptimization/Domain/Entities/SubsidyOptimization/OptimizationPeriod.cs(27,45): warning CS1591: Missing XML comment for publicly visible type or member 'OptimizationPeriod.GetEqualityComponents()' [/Users/kady/Masterdom/src/Masterdom.Modules.SubsidyOptimization/Masterdom.Modules.SubsidyOptimization.csproj]
/Users/kady/Masterdom/src/Masterdom.Modules.SubsidyOptimization/Domain/Entities/SubsidyOptimization/OptimizationRecommendation.cs(5,21): warning CS1591: Missing XML comment for publicly visible type or member 'OptimizationRecommendation' [/Users/kady/Masterdom/src/Masterdom.Modules.SubsidyOptimization/Masterdom.Modules.SubsidyOptimization.csproj]
/Users/kady/Masterdom/src/Masterdom.Modules.SubsidyOptimization/Domain/Entities/SubsidyOptimization/OptimizationRecommendation.cs(27,29): warning CS1591: Missing XML comment for publicly visible type or member 'OptimizationRecommendation.RecommendationId' [/Users/kady/Masterdom/src/Masterdom.Modules.SubsidyOptimization/Masterdom.Modules.SubsidyOptimization.csproj]
/Users/kady/Masterdom/src/Masterdom.Modules.SubsidyOptimization/Domain/Entities/SubsidyOptimization/OptimizationRecommendation.cs(29,19): warning CS1591: Missing XML comment for publicly visible type or member 'OptimizationRecommendation.Title' [/Users/kady/Masterdom/src/Masterdom.Modules.SubsidyOptimization/Masterdom.Modules.SubsidyOptimization.csproj]
/Users/kady/Masterdom/src/Masterdom.Modules.SubsidyOptimization/Domain/Entities/SubsidyOptimization/OptimizationRecommendation.cs(31,19): warning CS1591: Missing XML comment for publicly visible type or member 'OptimizationRecommendation.Details' [/Users/kady/Masterdom/src/Masterdom.Modules.SubsidyOptimization/Masterdom.Modules.SubsidyOptimization.csproj]
/Users/kady/Masterdom/src/Masterdom.Modules.SubsidyOptimization/Domain/Entities/SubsidyOptimization/OptimizationRecommendation.cs(33,35): warning CS1591: Missing XML comment for publicly visible type or member 'OptimizationRecommendation.Priority' [/Users/kady/Masterdom/src/Masterdom.Modules.SubsidyOptimization/Masterdom.Modules.SubsidyOptimization.csproj]
/Users/kady/Masterdom/src/Masterdom.Modules.SubsidyOptimization/Domain/Entities/SubsidyOptimization/OptimizationRecommendation.cs(35,21): warning CS1591: Missing XML comment for publicly visible type or member 'OptimizationRecommendation.GeneratedAtUtc' [/Users/kady/Masterdom/src/Masterdom.Modules.SubsidyOptimization/Masterdom.Modules.SubsidyOptimization.csproj]
/Users/kady/Masterdom/src/Masterdom.Modules.SubsidyOptimization/Domain/Entities/SubsidyOptimization/OptimizationRecommendation.cs(37,17): warning CS1591: Missing XML comment for publicly visible type or member 'OptimizationRecommendation.IsArchived' [/Users/kady/Masterdom/src/Masterdom.Modules.SubsidyOptimization/Masterdom.Modules.SubsidyOptimization.csproj]
/Users/kady/Masterdom/src/Masterdom.Modules.SubsidyOptimization/Domain/Entities/SubsidyOptimization/OptimizationRecommendation.cs(39,22): warning CS1591: Missing XML comment for publicly visible type or member 'OptimizationRecommendation.ArchivedAtUtc' [/Users/kady/Masterdom/src/Masterdom.Modules.SubsidyOptimization/Masterdom.Modules.SubsidyOptimization.csproj]
/Users/kady/Masterdom/src/Masterdom.Modules.SubsidyOptimization/Domain/Entities/SubsidyOptimization/OptimizationRecommendation.cs(41,20): warning CS1591: Missing XML comment for publicly visible type or member 'OptimizationRecommendation.ArchivedReason' [/Users/kady/Masterdom/src/Masterdom.Modules.SubsidyOptimization/Masterdom.Modules.SubsidyOptimization.csproj]
/Users/kady/Masterdom/src/Masterdom.Modules.SubsidyOptimization/Domain/Entities/SubsidyOptimization/OptimizationRecommendation.cs(43,46): warning CS1591: Missing XML comment for publicly visible type or member 'OptimizationRecommendation.Generate(RecommendationId, string, string, RecommendationPriority, DateTime)' [/Users/kady/Masterdom/src/Masterdom.Modules.SubsidyOptimization/Masterdom.Modules.SubsidyOptimization.csproj]
/Users/kady/Masterdom/src/Masterdom.Modules.SubsidyOptimization/Domain/Entities/SubsidyOptimization/OptimizationRecommendation.cs(71,39): warning CS1591: Missing XML comment for publicly visible type or member 'OptimizationRecommendation.Archive(string, DateTime)' [/Users/kady/Masterdom/src/Masterdom.Modules.SubsidyOptimization/Masterdom.Modules.SubsidyOptimization.csproj]
/Users/kady/Masterdom/src/Masterdom.Modules.SubsidyOptimization/Domain/Entities/SubsidyOptimization/OptimizationRecommendation.cs(96,45): warning CS1591: Missing XML comment for publicly visible type or member 'OptimizationRecommendation.GetEqualityComponents()' [/Users/kady/Masterdom/src/Masterdom.Modules.SubsidyOptimization/Masterdom.Modules.SubsidyOptimization.csproj]
/Users/kady/Masterdom/src/Masterdom.Modules.SubsidyOptimization/Domain/Entities/SubsidyOptimization/OptimizationResult.cs(5,21): warning CS1591: Missing XML comment for publicly visible type or member 'OptimizationResult' [/Users/kady/Masterdom/src/Masterdom.Modules.SubsidyOptimization/Masterdom.Modules.SubsidyOptimization.csproj]
/Users/kady/Masterdom/src/Masterdom.Modules.SubsidyOptimization/Domain/Entities/SubsidyOptimization/OptimizationResult.cs(14,20): warning CS1591: Missing XML comment for publicly visible type or member 'OptimizationResult.EstimatedSavings' [/Users/kady/Masterdom/src/Masterdom.Modules.SubsidyOptimization/Masterdom.Modules.SubsidyOptimization.csproj]
/Users/kady/Masterdom/src/Masterdom.Modules.SubsidyOptimization/Domain/Entities/SubsidyOptimization/OptimizationResult.cs(16,20): warning CS1591: Missing XML comment for publicly visible type or member 'OptimizationResult.EstimatedCost' [/Users/kady/Masterdom/src/Masterdom.Modules.SubsidyOptimization/Masterdom.Modules.SubsidyOptimization.csproj]
/Users/kady/Masterdom/src/Masterdom.Modules.SubsidyOptimization/Domain/Entities/SubsidyOptimization/OptimizationResult.cs(18,19): warning CS1591: Missing XML comment for publicly visible type or member 'OptimizationResult.Summary' [/Users/kady/Masterdom/src/Masterdom.Modules.SubsidyOptimization/Masterdom.Modules.SubsidyOptimization.csproj]
/Users/kady/Masterdom/src/Masterdom.Modules.SubsidyOptimization/Domain/Entities/SubsidyOptimization/OptimizationResult.cs(20,38): warning CS1591: Missing XML comment for publicly visible type or member 'OptimizationResult.Create(decimal, decimal, string)' [/Users/kady/Masterdom/src/Masterdom.Modules.SubsidyOptimization/Masterdom.Modules.SubsidyOptimization.csproj]
/Users/kady/Masterdom/src/Masterdom.Modules.SubsidyOptimization/Domain/Entities/SubsidyOptimization/OptimizationResult.cs(37,45): warning CS1591: Missing XML comment for publicly visible type or member 'OptimizationResult.GetEqualityComponents()' [/Users/kady/Masterdom/src/Masterdom.Modules.SubsidyOptimization/Masterdom.Modules.SubsidyOptimization.csproj]
/Users/kady/Masterdom/src/Masterdom.Modules.SubsidyOptimization/Domain/Entities/SubsidyOptimization/OptimizationRun.cs(8,21): warning CS1591: Missing XML comment for publicly visible type or member 'OptimizationRun' [/Users/kady/Masterdom/src/Masterdom.Modules.SubsidyOptimization/Masterdom.Modules.SubsidyOptimization.csproj]
/Users/kady/Masterdom/src/Masterdom.Modules.SubsidyOptimization/Domain/Entities/SubsidyOptimization/OptimizationRun.cs(36,28): warning CS1591: Missing XML comment for publicly visible type or member 'OptimizationRun.Scenario' [/Users/kady/Masterdom/src/Masterdom.Modules.SubsidyOptimization/Masterdom.Modules.SubsidyOptimization.csproj]
/Users/kady/Masterdom/src/Masterdom.Modules.SubsidyOptimization/Domain/Entities/SubsidyOptimization/OptimizationRun.cs(38,23): warning CS1591: Missing XML comment for publicly visible type or member 'OptimizationRun.MeterGroup' [/Users/kady/Masterdom/src/Masterdom.Modules.SubsidyOptimization/Masterdom.Modules.SubsidyOptimization.csproj]
/Users/kady/Masterdom/src/Masterdom.Modules.SubsidyOptimization/Domain/Entities/SubsidyOptimization/OptimizationRun.cs(40,28): warning CS1591: Missing XML comment for publicly visible type or member 'OptimizationRun.RatingReference' [/Users/kady/Masterdom/src/Masterdom.Modules.SubsidyOptimization/Masterdom.Modules.SubsidyOptimization.csproj]
/Users/kady/Masterdom/src/Masterdom.Modules.SubsidyOptimization/Domain/Entities/SubsidyOptimization/OptimizationRun.cs(42,31): warning CS1591: Missing XML comment for publicly visible type or member 'OptimizationRun.OptimizationPeriod' [/Users/kady/Masterdom/src/Masterdom.Modules.SubsidyOptimization/Masterdom.Modules.SubsidyOptimization.csproj]
/Users/kady/Masterdom/src/Masterdom.Modules.SubsidyOptimization/Domain/Entities/SubsidyOptimization/OptimizationRun.cs(44,31): warning CS1591: Missing XML comment for publicly visible type or member 'OptimizationRun.OptimizationStatus' [/Users/kady/Masterdom/src/Masterdom.Modules.SubsidyOptimization/Masterdom.Modules.SubsidyOptimization.csproj]
/Users/kady/Masterdom/src/Masterdom.Modules.SubsidyOptimization/Domain/Entities/SubsidyOptimization/OptimizationRun.cs(46,32): warning CS1591: Missing XML comment for publicly visible type or member 'OptimizationRun.OptimizationVersion' [/Users/kady/Masterdom/src/Masterdom.Modules.SubsidyOptimization/Masterdom.Modules.SubsidyOptimization.csproj]
/Users/kady/Masterdom/src/Masterdom.Modules.SubsidyOptimization/Domain/Entities/SubsidyOptimization/OptimizationRun.cs(48,32): warning CS1591: Missing XML comment for publicly visible type or member 'OptimizationRun.OptimizationResult' [/Users/kady/Masterdom/src/Masterdom.Modules.SubsidyOptimization/Masterdom.Modules.SubsidyOptimization.csproj]
/Users/kady/Masterdom/src/Masterdom.Modules.SubsidyOptimization/Domain/Entities/SubsidyOptimization/OptimizationRun.cs(50,33): warning CS1591: Missing XML comment for publicly visible type or member 'OptimizationRun.ConsumptionForecast' [/Users/kady/Masterdom/src/Masterdom.Modules.SubsidyOptimization/Masterdom.Modules.SubsidyOptimization.csproj]
/Users/kady/Masterdom/src/Masterdom.Modules.SubsidyOptimization/Domain/Entities/SubsidyOptimization/OptimizationRun.cs(52,43): warning CS1591: Missing XML comment for publicly visible type or member 'OptimizationRun.ExecutionEvidence' [/Users/kady/Masterdom/src/Masterdom.Modules.SubsidyOptimization/Masterdom.Modules.SubsidyOptimization.csproj]
/Users/kady/Masterdom/src/Masterdom.Modules.SubsidyOptimization/Domain/Entities/SubsidyOptimization/OptimizationRun.cs(54,31): warning CS1591: Missing XML comment for publicly visible type or member 'OptimizationRun.RecommendationSet' [/Users/kady/Masterdom/src/Masterdom.Modules.SubsidyOptimization/Masterdom.Modules.SubsidyOptimization.csproj]
/Users/kady/Masterdom/src/Masterdom.Modules.SubsidyOptimization/Domain/Entities/SubsidyOptimization/OptimizationRun.cs(58,21): warning CS1591: Missing XML comment for publicly visible type or member 'OptimizationRun.StartedAtUtc' [/Users/kady/Masterdom/src/Masterdom.Modules.SubsidyOptimization/Masterdom.Modules.SubsidyOptimization.csproj]
/Users/kady/Masterdom/src/Masterdom.Modules.SubsidyOptimization/Domain/Entities/SubsidyOptimization/OptimizationRun.cs(60,22): warning CS1591: Missing XML comment for publicly visible type or member 'OptimizationRun.CompletedAtUtc' [/Users/kady/Masterdom/src/Masterdom.Modules.SubsidyOptimization/Masterdom.Modules.SubsidyOptimization.csproj]
/Users/kady/Masterdom/src/Masterdom.Modules.SubsidyOptimization/Domain/Entities/SubsidyOptimization/OptimizationRun.cs(62,60): warning CS1591: Missing XML comment for publicly visible type or member 'OptimizationRun.Recommendations' [/Users/kady/Masterdom/src/Masterdom.Modules.SubsidyOptimization/Masterdom.Modules.SubsidyOptimization.csproj]
/Users/kady/Masterdom/src/Masterdom.Modules.SubsidyOptimization/Domain/Entities/SubsidyOptimization/OptimizationRun.cs(64,54): warning CS1591: Missing XML comment for publicly visible type or member 'OptimizationRun.Snapshots' [/Users/kady/Masterdom/src/Masterdom.Modules.SubsidyOptimization/Masterdom.Modules.SubsidyOptimization.csproj]
/Users/kady/Masterdom/src/Masterdom.Modules.SubsidyOptimization/Domain/Entities/SubsidyOptimization/OptimizationRun.cs(66,59): warning CS1591: Missing XML comment for publicly visible type or member 'OptimizationRun.VersionHistory' [/Users/kady/Masterdom/src/Masterdom.Modules.SubsidyOptimization/Masterdom.Modules.SubsidyOptimization.csproj]
/Users/kady/Masterdom/src/Masterdom.Modules.SubsidyOptimization/Domain/Entities/SubsidyOptimization/OptimizationRun.cs(68,46): warning CS1591: Missing XML comment for publicly visible type or member 'OptimizationRun.DomainEvents' [/Users/kady/Masterdom/src/Masterdom.Modules.SubsidyOptimization/Masterdom.Modules.SubsidyOptimization.csproj]
/Users/kady/Masterdom/src/Masterdom.Modules.SubsidyOptimization/Domain/Entities/SubsidyOptimization/OptimizationRun.cs(70,35): warning CS1591: Missing XML comment for publicly visible type or member 'OptimizationRun.Start(OptimizationRunId, SubsidyScenario, MeterGroup, RatingReference, OptimizationPeriod, DateTime)' [/Users/kady/Masterdom/src/Masterdom.Modules.SubsidyOptimization/Masterdom.Modules.SubsidyOptimization.csproj]
/Users/kady/Masterdom/src/Masterdom.Modules.SubsidyOptimization/Domain/Entities/SubsidyOptimization/OptimizationRun.cs(107,17): warning CS1591: Missing XML comment for publicly visible type or member 'OptimizationRun.Complete(OptimizationResult, ConsumptionForecast, RecommendationSet, DateTime, OptimizationExecutionEvidence)' [/Users/kady/Masterdom/src/Masterdom.Modules.SubsidyOptimization/Masterdom.Modules.SubsidyOptimization.csproj]
/Users/kady/Masterdom/src/Masterdom.Modules.SubsidyOptimization/Domain/Entities/SubsidyOptimization/OptimizationRun.cs(197,28): warning CS1591: Missing XML comment for publicly visible type or member 'OptimizationRun.CreateScenarioVersion(DateTime, RatingReference)' [/Users/kady/Masterdom/src/Masterdom.Modules.SubsidyOptimization/Masterdom.Modules.SubsidyOptimization.csproj]
/Users/kady/Masterdom/src/Masterdom.Modules.SubsidyOptimization/Domain/Entities/SubsidyOptimization/OptimizationRun.cs(235,17): warning CS1591: Missing XML comment for publicly visible type or member 'OptimizationRun.ArchiveRecommendation(RecommendationId, string, DateTime)' [/Users/kady/Masterdom/src/Masterdom.Modules.SubsidyOptimization/Masterdom.Modules.SubsidyOptimization.csproj]
/Users/kady/Masterdom/src/Masterdom.Modules.SubsidyOptimization/Domain/Entities/SubsidyOptimization/OptimizationRun.cs(266,17): warning CS1591: Missing XML comment for publicly visible type or member 'OptimizationRun.ArchiveRun(DateTime)' [/Users/kady/Masterdom/src/Masterdom.Modules.SubsidyOptimization/Masterdom.Modules.SubsidyOptimization.csproj]
/Users/kady/Masterdom/src/Masterdom.Modules.SubsidyOptimization/Domain/Entities/SubsidyOptimization/OptimizationRun.cs(283,17): warning CS1591: Missing XML comment for publicly visible type or member 'OptimizationRun.ClearDomainEvents()' [/Users/kady/Masterdom/src/Masterdom.Modules.SubsidyOptimization/Masterdom.Modules.SubsidyOptimization.csproj]
/Users/kady/Masterdom/src/Masterdom.Modules.SubsidyOptimization/Domain/Entities/SubsidyOptimization/OptimizationRunId.cs(5,22): warning CS1591: Missing XML comment for publicly visible type or member 'OptimizationRunId' [/Users/kady/Masterdom/src/Masterdom.Modules.SubsidyOptimization/Masterdom.Modules.SubsidyOptimization.csproj]
/Users/kady/Masterdom/src/Masterdom.Modules.SubsidyOptimization/Domain/Entities/SubsidyOptimization/OptimizationRunId.cs(5,22): warning CS1591: Missing XML comment for publicly visible type or member 'OptimizationRunId.OptimizationRunId(Guid)' [/Users/kady/Masterdom/src/Masterdom.Modules.SubsidyOptimization/Masterdom.Modules.SubsidyOptimization.csproj]
/Users/kady/Masterdom/src/Masterdom.Modules.SubsidyOptimization/Domain/Entities/SubsidyOptimization/OptimizationRunId.cs(7,37): warning CS1591: Missing XML comment for publicly visible type or member 'OptimizationRunId.New()' [/Users/kady/Masterdom/src/Masterdom.Modules.SubsidyOptimization/Masterdom.Modules.SubsidyOptimization.csproj]
/Users/kady/Masterdom/src/Masterdom.Modules.SubsidyOptimization/Domain/Entities/SubsidyOptimization/OptimizationRunId.cs(12,37): warning CS1591: Missing XML comment for publicly visible type or member 'OptimizationRunId.From(Guid)' [/Users/kady/Masterdom/src/Masterdom.Modules.SubsidyOptimization/Masterdom.Modules.SubsidyOptimization.csproj]
/Users/kady/Masterdom/src/Masterdom.Modules.SubsidyOptimization/Domain/Entities/SubsidyOptimization/OptimizationSnapshot.cs(5,21): warning CS1591: Missing XML comment for publicly visible type or member 'OptimizationSnapshot' [/Users/kady/Masterdom/src/Masterdom.Modules.SubsidyOptimization/Masterdom.Modules.SubsidyOptimization.csproj]
/Users/kady/Masterdom/src/Masterdom.Modules.SubsidyOptimization/Domain/Entities/SubsidyOptimization/OptimizationSnapshot.cs(25,17): warning CS1591: Missing XML comment for publicly visible type or member 'OptimizationSnapshot.SnapshotId' [/Users/kady/Masterdom/src/Masterdom.Modules.SubsidyOptimization/Masterdom.Modules.SubsidyOptimization.csproj]
/Users/kady/Masterdom/src/Masterdom.Modules.SubsidyOptimization/Domain/Entities/SubsidyOptimization/OptimizationSnapshot.cs(27,32): warning CS1591: Missing XML comment for publicly visible type or member 'OptimizationSnapshot.Version' [/Users/kady/Masterdom/src/Masterdom.Modules.SubsidyOptimization/Masterdom.Modules.SubsidyOptimization.csproj]
/Users/kady/Masterdom/src/Masterdom.Modules.SubsidyOptimization/Domain/Entities/SubsidyOptimization/OptimizationSnapshot.cs(29,21): warning CS1591: Missing XML comment for publicly visible type or member 'OptimizationSnapshot.CapturedAtUtc' [/Users/kady/Masterdom/src/Masterdom.Modules.SubsidyOptimization/Masterdom.Modules.SubsidyOptimization.csproj]
/Users/kady/Masterdom/src/Masterdom.Modules.SubsidyOptimization/Domain/Entities/SubsidyOptimization/OptimizationSnapshot.cs(31,31): warning CS1591: Missing XML comment for publicly visible type or member 'OptimizationSnapshot.OptimizationResult' [/Users/kady/Masterdom/src/Masterdom.Modules.SubsidyOptimization/Masterdom.Modules.SubsidyOptimization.csproj]
/Users/kady/Masterdom/src/Masterdom.Modules.SubsidyOptimization/Domain/Entities/SubsidyOptimization/OptimizationSnapshot.cs(33,32): warning CS1591: Missing XML comment for publicly visible type or member 'OptimizationSnapshot.ConsumptionForecast' [/Users/kady/Masterdom/src/Masterdom.Modules.SubsidyOptimization/Masterdom.Modules.SubsidyOptimization.csproj]
/Users/kady/Masterdom/src/Masterdom.Modules.SubsidyOptimization/Domain/Entities/SubsidyOptimization/OptimizationSnapshot.cs(35,30): warning CS1591: Missing XML comment for publicly visible type or member 'OptimizationSnapshot.RecommendationSet' [/Users/kady/Masterdom/src/Masterdom.Modules.SubsidyOptimization/Masterdom.Modules.SubsidyOptimization.csproj]
/Users/kady/Masterdom/src/Masterdom.Modules.SubsidyOptimization/Domain/Entities/SubsidyOptimization/OptimizationSnapshot.cs(37,43): warning CS1591: Missing XML comment for publicly visible type or member 'OptimizationSnapshot.ExecutionEvidence' [/Users/kady/Masterdom/src/Masterdom.Modules.SubsidyOptimization/Masterdom.Modules.SubsidyOptimization.csproj]
/Users/kady/Masterdom/src/Masterdom.Modules.SubsidyOptimization/Domain/Entities/SubsidyOptimization/OptimizationSnapshot.cs(39,40): warning CS1591: Missing XML comment for publicly visible type or member 'OptimizationSnapshot.Create(OptimizationVersion, DateTime, OptimizationResult, ConsumptionForecast, RecommendationSet, OptimizationExecutionEvidence?)' [/Users/kady/Masterdom/src/Masterdom.Modules.SubsidyOptimization/Masterdom.Modules.SubsidyOptimization.csproj]
/Users/kady/Masterdom/src/Masterdom.Modules.SubsidyOptimization/Domain/Entities/SubsidyOptimization/OptimizationSnapshot.cs(67,45): warning CS1591: Missing XML comment for publicly visible type or member 'OptimizationSnapshot.GetEqualityComponents()' [/Users/kady/Masterdom/src/Masterdom.Modules.SubsidyOptimization/Masterdom.Modules.SubsidyOptimization.csproj]
/Users/kady/Masterdom/src/Masterdom.Modules.SubsidyOptimization/Domain/Entities/SubsidyOptimization/OptimizationStatus.cs(5,21): warning CS1591: Missing XML comment for publicly visible type or member 'OptimizationStatus' [/Users/kady/Masterdom/src/Masterdom.Modules.SubsidyOptimization/Masterdom.Modules.SubsidyOptimization.csproj]
/Users/kady/Masterdom/src/Masterdom.Modules.SubsidyOptimization/Domain/Entities/SubsidyOptimization/OptimizationStatus.cs(7,47): warning CS1591: Missing XML comment for publicly visible type or member 'OptimizationStatus.Started' [/Users/kady/Masterdom/src/Masterdom.Modules.SubsidyOptimization/Masterdom.Modules.SubsidyOptimization.csproj]
/Users/kady/Masterdom/src/Masterdom.Modules.SubsidyOptimization/Domain/Entities/SubsidyOptimization/OptimizationStatus.cs(8,47): warning CS1591: Missing XML comment for publicly visible type or member 'OptimizationStatus.Completed' [/Users/kady/Masterdom/src/Masterdom.Modules.SubsidyOptimization/Masterdom.Modules.SubsidyOptimization.csproj]
/Users/kady/Masterdom/src/Masterdom.Modules.SubsidyOptimization/Domain/Entities/SubsidyOptimization/OptimizationStatus.cs(9,47): warning CS1591: Missing XML comment for publicly visible type or member 'OptimizationStatus.Archived' [/Users/kady/Masterdom/src/Masterdom.Modules.SubsidyOptimization/Masterdom.Modules.SubsidyOptimization.csproj]
/Users/kady/Masterdom/src/Masterdom.Modules.SubsidyOptimization/Domain/Entities/SubsidyOptimization/OptimizationStatus.cs(16,19): warning CS1591: Missing XML comment for publicly visible type or member 'OptimizationStatus.Value' [/Users/kady/Masterdom/src/Masterdom.Modules.SubsidyOptimization/Masterdom.Modules.SubsidyOptimization.csproj]
/Users/kady/Masterdom/src/Masterdom.Modules.SubsidyOptimization/Domain/Entities/SubsidyOptimization/OptimizationStatus.cs(18,38): warning CS1591: Missing XML comment for publicly visible type or member 'OptimizationStatus.Create(string)' [/Users/kady/Masterdom/src/Masterdom.Modules.SubsidyOptimization/Masterdom.Modules.SubsidyOptimization.csproj]
/Users/kady/Masterdom/src/Masterdom.Modules.SubsidyOptimization/Domain/Entities/SubsidyOptimization/OptimizationStatus.cs(31,45): warning CS1591: Missing XML comment for publicly visible type or member 'OptimizationStatus.GetEqualityComponents()' [/Users/kady/Masterdom/src/Masterdom.Modules.SubsidyOptimization/Masterdom.Modules.SubsidyOptimization.csproj]
/Users/kady/Masterdom/src/Masterdom.Modules.SubsidyOptimization/Domain/Entities/SubsidyOptimization/OptimizationVersion.cs(5,21): warning CS1591: Missing XML comment for publicly visible type or member 'OptimizationVersion' [/Users/kady/Masterdom/src/Masterdom.Modules.SubsidyOptimization/Masterdom.Modules.SubsidyOptimization.csproj]
/Users/kady/Masterdom/src/Masterdom.Modules.SubsidyOptimization/Domain/Entities/SubsidyOptimization/OptimizationVersion.cs(12,16): warning CS1591: Missing XML comment for publicly visible type or member 'OptimizationVersion.Value' [/Users/kady/Masterdom/src/Masterdom.Modules.SubsidyOptimization/Masterdom.Modules.SubsidyOptimization.csproj]
/Users/kady/Masterdom/src/Masterdom.Modules.SubsidyOptimization/Domain/Entities/SubsidyOptimization/OptimizationVersion.cs(14,39): warning CS1591: Missing XML comment for publicly visible type or member 'OptimizationVersion.Initial' [/Users/kady/Masterdom/src/Masterdom.Modules.SubsidyOptimization/Masterdom.Modules.SubsidyOptimization.csproj]
/Users/kady/Masterdom/src/Masterdom.Modules.SubsidyOptimization/Domain/Entities/SubsidyOptimization/OptimizationVersion.cs(16,39): warning CS1591: Missing XML comment for publicly visible type or member 'OptimizationVersion.Create(int)' [/Users/kady/Masterdom/src/Masterdom.Modules.SubsidyOptimization/Masterdom.Modules.SubsidyOptimization.csproj]
/Users/kady/Masterdom/src/Masterdom.Modules.SubsidyOptimization/Domain/Entities/SubsidyOptimization/OptimizationVersion.cs(26,32): warning CS1591: Missing XML comment for publicly visible type or member 'OptimizationVersion.Next()' [/Users/kady/Masterdom/src/Masterdom.Modules.SubsidyOptimization/Masterdom.Modules.SubsidyOptimization.csproj]
/Users/kady/Masterdom/src/Masterdom.Modules.SubsidyOptimization/Domain/Entities/SubsidyOptimization/OptimizationVersion.cs(31,45): warning CS1591: Missing XML comment for publicly visible type or member 'OptimizationVersion.GetEqualityComponents()' [/Users/kady/Masterdom/src/Masterdom.Modules.SubsidyOptimization/Masterdom.Modules.SubsidyOptimization.csproj]
/Users/kady/Masterdom/src/Masterdom.Modules.SubsidyOptimization/Domain/Entities/SubsidyOptimization/OptimizationVersionRecord.cs(5,21): warning CS1591: Missing XML comment for publicly visible type or member 'OptimizationVersionRecord' [/Users/kady/Masterdom/src/Masterdom.Modules.SubsidyOptimization/Masterdom.Modules.SubsidyOptimization.csproj]
/Users/kady/Masterdom/src/Masterdom.Modules.SubsidyOptimization/Domain/Entities/SubsidyOptimization/OptimizationVersionRecord.cs(13,32): warning CS1591: Missing XML comment for publicly visible type or member 'OptimizationVersionRecord.Version' [/Users/kady/Masterdom/src/Masterdom.Modules.SubsidyOptimization/Masterdom.Modules.SubsidyOptimization.csproj]
/Users/kady/Masterdom/src/Masterdom.Modules.SubsidyOptimization/Domain/Entities/SubsidyOptimization/OptimizationVersionRecord.cs(15,21): warning CS1591: Missing XML comment for publicly visible type or member 'OptimizationVersionRecord.CreatedAtUtc' [/Users/kady/Masterdom/src/Masterdom.Modules.SubsidyOptimization/Masterdom.Modules.SubsidyOptimization.csproj]
/Users/kady/Masterdom/src/Masterdom.Modules.SubsidyOptimization/Domain/Entities/SubsidyOptimization/OptimizationVersionRecord.cs(17,45): warning CS1591: Missing XML comment for publicly visible type or member 'OptimizationVersionRecord.Create(OptimizationVersion, DateTime)' [/Users/kady/Masterdom/src/Masterdom.Modules.SubsidyOptimization/Masterdom.Modules.SubsidyOptimization.csproj]
/Users/kady/Masterdom/src/Masterdom.Modules.SubsidyOptimization/Domain/Entities/SubsidyOptimization/OptimizationVersionRecord.cs(29,45): warning CS1591: Missing XML comment for publicly visible type or member 'OptimizationVersionRecord.GetEqualityComponents()' [/Users/kady/Masterdom/src/Masterdom.Modules.SubsidyOptimization/Masterdom.Modules.SubsidyOptimization.csproj]
/Users/kady/Masterdom/src/Masterdom.Modules.SubsidyOptimization/Domain/Entities/SubsidyOptimization/RatingReference.cs(5,21): warning CS1591: Missing XML comment for publicly visible type or member 'RatingReference' [/Users/kady/Masterdom/src/Masterdom.Modules.SubsidyOptimization/Masterdom.Modules.SubsidyOptimization.csproj]
/Users/kady/Masterdom/src/Masterdom.Modules.SubsidyOptimization/Domain/Entities/SubsidyOptimization/RatingReference.cs(12,32): warning CS1591: Missing XML comment for publicly visible type or member 'RatingReference.RatingIds' [/Users/kady/Masterdom/src/Masterdom.Modules.SubsidyOptimization/Masterdom.Modules.SubsidyOptimization.csproj]
/Users/kady/Masterdom/src/Masterdom.Modules.SubsidyOptimization/Domain/Entities/SubsidyOptimization/RatingReference.cs(14,35): warning CS1591: Missing XML comment for publicly visible type or member 'RatingReference.Create(IReadOnlyList<Guid>)' [/Users/kady/Masterdom/src/Masterdom.Modules.SubsidyOptimization/Masterdom.Modules.SubsidyOptimization.csproj]
/Users/kady/Masterdom/src/Masterdom.Modules.SubsidyOptimization/Domain/Entities/SubsidyOptimization/RatingReference.cs(36,45): warning CS1591: Missing XML comment for publicly visible type or member 'RatingReference.GetEqualityComponents()' [/Users/kady/Masterdom/src/Masterdom.Modules.SubsidyOptimization/Masterdom.Modules.SubsidyOptimization.csproj]
/Users/kady/Masterdom/src/Masterdom.Modules.SubsidyOptimization/Domain/Entities/SubsidyOptimization/RecommendationId.cs(5,21): warning CS1591: Missing XML comment for publicly visible type or member 'RecommendationId' [/Users/kady/Masterdom/src/Masterdom.Modules.SubsidyOptimization/Masterdom.Modules.SubsidyOptimization.csproj]
/Users/kady/Masterdom/src/Masterdom.Modules.SubsidyOptimization/Domain/Entities/SubsidyOptimization/RecommendationId.cs(12,17): warning CS1591: Missing XML comment for publicly visible type or member 'RecommendationId.Value' [/Users/kady/Masterdom/src/Masterdom.Modules.SubsidyOptimization/Masterdom.Modules.SubsidyOptimization.csproj]
/Users/kady/Masterdom/src/Masterdom.Modules.SubsidyOptimization/Domain/Entities/SubsidyOptimization/RecommendationId.cs(14,36): warning CS1591: Missing XML comment for publicly visible type or member 'RecommendationId.New()' [/Users/kady/Masterdom/src/Masterdom.Modules.SubsidyOptimization/Masterdom.Modules.SubsidyOptimization.csproj]
/Users/kady/Masterdom/src/Masterdom.Modules.SubsidyOptimization/Domain/Entities/SubsidyOptimization/RecommendationId.cs(19,36): warning CS1591: Missing XML comment for publicly visible type or member 'RecommendationId.From(Guid)' [/Users/kady/Masterdom/src/Masterdom.Modules.SubsidyOptimization/Masterdom.Modules.SubsidyOptimization.csproj]
/Users/kady/Masterdom/src/Masterdom.Modules.SubsidyOptimization/Domain/Entities/SubsidyOptimization/RecommendationId.cs(29,45): warning CS1591: Missing XML comment for publicly visible type or member 'RecommendationId.GetEqualityComponents()' [/Users/kady/Masterdom/src/Masterdom.Modules.SubsidyOptimization/Masterdom.Modules.SubsidyOptimization.csproj]
/Users/kady/Masterdom/src/Masterdom.Modules.SubsidyOptimization/Domain/Entities/SubsidyOptimization/RecommendationPriority.cs(5,21): warning CS1591: Missing XML comment for publicly visible type or member 'RecommendationPriority' [/Users/kady/Masterdom/src/Masterdom.Modules.SubsidyOptimization/Masterdom.Modules.SubsidyOptimization.csproj]
/Users/kady/Masterdom/src/Masterdom.Modules.SubsidyOptimization/Domain/Entities/SubsidyOptimization/RecommendationPriority.cs(7,51): warning CS1591: Missing XML comment for publicly visible type or member 'RecommendationPriority.High' [/Users/kady/Masterdom/src/Masterdom.Modules.SubsidyOptimization/Masterdom.Modules.SubsidyOptimization.csproj]
/Users/kady/Masterdom/src/Masterdom.Modules.SubsidyOptimization/Domain/Entities/SubsidyOptimization/RecommendationPriority.cs(8,51): warning CS1591: Missing XML comment for publicly visible type or member 'RecommendationPriority.Medium' [/Users/kady/Masterdom/src/Masterdom.Modules.SubsidyOptimization/Masterdom.Modules.SubsidyOptimization.csproj]
/Users/kady/Masterdom/src/Masterdom.Modules.SubsidyOptimization/Domain/Entities/SubsidyOptimization/RecommendationPriority.cs(9,51): warning CS1591: Missing XML comment for publicly visible type or member 'RecommendationPriority.Low' [/Users/kady/Masterdom/src/Masterdom.Modules.SubsidyOptimization/Masterdom.Modules.SubsidyOptimization.csproj]
/Users/kady/Masterdom/src/Masterdom.Modules.SubsidyOptimization/Domain/Entities/SubsidyOptimization/RecommendationPriority.cs(17,19): warning CS1591: Missing XML comment for publicly visible type or member 'RecommendationPriority.Value' [/Users/kady/Masterdom/src/Masterdom.Modules.SubsidyOptimization/Masterdom.Modules.SubsidyOptimization.csproj]
/Users/kady/Masterdom/src/Masterdom.Modules.SubsidyOptimization/Domain/Entities/SubsidyOptimization/RecommendationPriority.cs(19,16): warning CS1591: Missing XML comment for publicly visible type or member 'RecommendationPriority.Rank' [/Users/kady/Masterdom/src/Masterdom.Modules.SubsidyOptimization/Masterdom.Modules.SubsidyOptimization.csproj]
/Users/kady/Masterdom/src/Masterdom.Modules.SubsidyOptimization/Domain/Entities/SubsidyOptimization/RecommendationPriority.cs(21,42): warning CS1591: Missing XML comment for publicly visible type or member 'RecommendationPriority.Create(string)' [/Users/kady/Masterdom/src/Masterdom.Modules.SubsidyOptimization/Masterdom.Modules.SubsidyOptimization.csproj]
/Users/kady/Masterdom/src/Masterdom.Modules.SubsidyOptimization/Domain/Entities/SubsidyOptimization/RecommendationPriority.cs(34,45): warning CS1591: Missing XML comment for publicly visible type or member 'RecommendationPriority.GetEqualityComponents()' [/Users/kady/Masterdom/src/Masterdom.Modules.SubsidyOptimization/Masterdom.Modules.SubsidyOptimization.csproj]
/Users/kady/Masterdom/src/Masterdom.Modules.SubsidyOptimization/Domain/Entities/SubsidyOptimization/RecommendationSet.cs(5,21): warning CS1591: Missing XML comment for publicly visible type or member 'RecommendationSet' [/Users/kady/Masterdom/src/Masterdom.Modules.SubsidyOptimization/Masterdom.Modules.SubsidyOptimization.csproj]
/Users/kady/Masterdom/src/Masterdom.Modules.SubsidyOptimization/Domain/Entities/SubsidyOptimization/RecommendationSet.cs(12,54): warning CS1591: Missing XML comment for publicly visible type or member 'RecommendationSet.Items' [/Users/kady/Masterdom/src/Masterdom.Modules.SubsidyOptimization/Masterdom.Modules.SubsidyOptimization.csproj]
/Users/kady/Masterdom/src/Masterdom.Modules.SubsidyOptimization/Domain/Entities/SubsidyOptimization/RecommendationSet.cs(14,37): warning CS1591: Missing XML comment for publicly visible type or member 'RecommendationSet.Create(IReadOnlyCollection<OptimizationRecommendation>)' [/Users/kady/Masterdom/src/Masterdom.Modules.SubsidyOptimization/Masterdom.Modules.SubsidyOptimization.csproj]
/Users/kady/Masterdom/src/Masterdom.Modules.SubsidyOptimization/Domain/Entities/SubsidyOptimization/RecommendationSet.cs(36,30): warning CS1591: Missing XML comment for publicly visible type or member 'RecommendationSet.Archive(RecommendationId, string, DateTime)' [/Users/kady/Masterdom/src/Masterdom.Modules.SubsidyOptimization/Masterdom.Modules.SubsidyOptimization.csproj]
/Users/kady/Masterdom/src/Masterdom.Modules.SubsidyOptimization/Domain/Entities/SubsidyOptimization/RecommendationSet.cs(51,45): warning CS1591: Missing XML comment for publicly visible type or member 'RecommendationSet.GetEqualityComponents()' [/Users/kady/Masterdom/src/Masterdom.Modules.SubsidyOptimization/Masterdom.Modules.SubsidyOptimization.csproj]
/Users/kady/Masterdom/src/Masterdom.Modules.SubsidyOptimization/Domain/Entities/SubsidyOptimization/ScenarioId.cs(5,21): warning CS1591: Missing XML comment for publicly visible type or member 'ScenarioId' [/Users/kady/Masterdom/src/Masterdom.Modules.SubsidyOptimization/Masterdom.Modules.SubsidyOptimization.csproj]
/Users/kady/Masterdom/src/Masterdom.Modules.SubsidyOptimization/Domain/Entities/SubsidyOptimization/ScenarioId.cs(12,19): warning CS1591: Missing XML comment for publicly visible type or member 'ScenarioId.Value' [/Users/kady/Masterdom/src/Masterdom.Modules.SubsidyOptimization/Masterdom.Modules.SubsidyOptimization.csproj]
/Users/kady/Masterdom/src/Masterdom.Modules.SubsidyOptimization/Domain/Entities/SubsidyOptimization/ScenarioId.cs(14,30): warning CS1591: Missing XML comment for publicly visible type or member 'ScenarioId.Create(string)' [/Users/kady/Masterdom/src/Masterdom.Modules.SubsidyOptimization/Masterdom.Modules.SubsidyOptimization.csproj]
/Users/kady/Masterdom/src/Masterdom.Modules.SubsidyOptimization/Domain/Entities/SubsidyOptimization/ScenarioId.cs(27,45): warning CS1591: Missing XML comment for publicly visible type or member 'ScenarioId.GetEqualityComponents()' [/Users/kady/Masterdom/src/Masterdom.Modules.SubsidyOptimization/Masterdom.Modules.SubsidyOptimization.csproj]
/Users/kady/Masterdom/src/Masterdom.Modules.SubsidyOptimization/Domain/Entities/SubsidyOptimization/SubsidyScenario.cs(5,21): warning CS1591: Missing XML comment for publicly visible type or member 'SubsidyScenario' [/Users/kady/Masterdom/src/Masterdom.Modules.SubsidyOptimization/Masterdom.Modules.SubsidyOptimization.csproj]
/Users/kady/Masterdom/src/Masterdom.Modules.SubsidyOptimization/Domain/Entities/SubsidyOptimization/SubsidyScenario.cs(14,23): warning CS1591: Missing XML comment for publicly visible type or member 'SubsidyScenario.ScenarioId' [/Users/kady/Masterdom/src/Masterdom.Modules.SubsidyOptimization/Masterdom.Modules.SubsidyOptimization.csproj]
/Users/kady/Masterdom/src/Masterdom.Modules.SubsidyOptimization/Domain/Entities/SubsidyOptimization/SubsidyScenario.cs(16,19): warning CS1591: Missing XML comment for publicly visible type or member 'SubsidyScenario.Name' [/Users/kady/Masterdom/src/Masterdom.Modules.SubsidyOptimization/Masterdom.Modules.SubsidyOptimization.csproj]
/Users/kady/Masterdom/src/Masterdom.Modules.SubsidyOptimization/Domain/Entities/SubsidyOptimization/SubsidyScenario.cs(18,19): warning CS1591: Missing XML comment for publicly visible type or member 'SubsidyScenario.Description' [/Users/kady/Masterdom/src/Masterdom.Modules.SubsidyOptimization/Masterdom.Modules.SubsidyOptimization.csproj]
/Users/kady/Masterdom/src/Masterdom.Modules.SubsidyOptimization/Domain/Entities/SubsidyOptimization/SubsidyScenario.cs(20,35): warning CS1591: Missing XML comment for publicly visible type or member 'SubsidyScenario.Create(ScenarioId, string, string)' [/Users/kady/Masterdom/src/Masterdom.Modules.SubsidyOptimization/Masterdom.Modules.SubsidyOptimization.csproj]
/Users/kady/Masterdom/src/Masterdom.Modules.SubsidyOptimization/Domain/Entities/SubsidyOptimization/SubsidyScenario.cs(32,45): warning CS1591: Missing XML comment for publicly visible type or member 'SubsidyScenario.GetEqualityComponents()' [/Users/kady/Masterdom/src/Masterdom.Modules.SubsidyOptimization/Masterdom.Modules.SubsidyOptimization.csproj]
/Users/kady/Masterdom/src/Masterdom.Modules.SubsidyOptimization/Domain/Repositories/IOptimizationRunRepository.cs(6,18): warning CS1591: Missing XML comment for publicly visible type or member 'IOptimizationRunRepository' [/Users/kady/Masterdom/src/Masterdom.Modules.SubsidyOptimization/Masterdom.Modules.SubsidyOptimization.csproj]
/Users/kady/Masterdom/src/Masterdom.Modules.SubsidyOptimization/Domain/Repositories/IOptimizationRunRepository.cs(8,10): warning CS1591: Missing XML comment for publicly visible type or member 'IOptimizationRunRepository.Add(OptimizationRun)' [/Users/kady/Masterdom/src/Masterdom.Modules.SubsidyOptimization/Masterdom.Modules.SubsidyOptimization.csproj]
/Users/kady/Masterdom/src/Masterdom.Modules.SubsidyOptimization/Domain/Repositories/IOptimizationRunRepository.cs(10,10): warning CS1591: Missing XML comment for publicly visible type or member 'IOptimizationRunRepository.Update(OptimizationRun)' [/Users/kady/Masterdom/src/Masterdom.Modules.SubsidyOptimization/Masterdom.Modules.SubsidyOptimization.csproj]
/Users/kady/Masterdom/src/Masterdom.Modules.SubsidyOptimization/Domain/Repositories/IOptimizationRunRepository.cs(12,31): warning CS1591: Missing XML comment for publicly visible type or member 'IOptimizationRunRepository.GetById(OptimizationRunId)' [/Users/kady/Masterdom/src/Masterdom.Modules.SubsidyOptimization/Masterdom.Modules.SubsidyOptimization.csproj]
/Users/kady/Masterdom/src/Masterdom.Modules.SubsidyOptimization/Domain/Repositories/IOptimizationRunRepository.cs(14,31): warning CS1591: Missing XML comment for publicly visible type or member 'IOptimizationRunRepository.GetByScenarioPeriodAndVersion(ScenarioId, OptimizationPeriod, OptimizationVersion)' [/Users/kady/Masterdom/src/Masterdom.Modules.SubsidyOptimization/Masterdom.Modules.SubsidyOptimization.csproj]
/Users/kady/Masterdom/src/Masterdom.Modules.SubsidyOptimization/Domain/Repositories/IOptimizationRunRepository.cs(19,31): warning CS1591: Missing XML comment for publicly visible type or member 'IOptimizationRunRepository.GetLatestByScenarioAndPeriod(ScenarioId, OptimizationPeriod)' [/Users/kady/Masterdom/src/Masterdom.Modules.SubsidyOptimization/Masterdom.Modules.SubsidyOptimization.csproj]
  Masterdom.Modules.SubsidyOptimization -> /Users/kady/Masterdom/src/Masterdom.Modules.SubsidyOptimization/bin/Debug/net10.0/Masterdom.Modules.SubsidyOptimization.dll
  Masterdom.Abstractions -> /Users/kady/Masterdom/src/Masterdom.Abstractions/bin/Debug/net10.0/Masterdom.Abstractions.dll
/Users/kady/Masterdom/src/Masterdom.Modules.Lease/Application/Support/ExecutionResult.cs(54,38): warning CS0108: 'ExecutionResult<T>.Failure(string, string)' hides inherited member 'ExecutionResult.Failure(string, string)'. Use the new keyword if hiding was intended. [/Users/kady/Masterdom/src/Masterdom.Modules.Lease/Masterdom.Modules.Lease.csproj]
/Users/kady/Masterdom/src/Masterdom.Modules.Lease/Application/Commands/ActivateLeaseCommand.cs(5,22): warning CS1591: Missing XML comment for publicly visible type or member 'ActivateLeaseCommand' [/Users/kady/Masterdom/src/Masterdom.Modules.Lease/Masterdom.Modules.Lease.csproj]
/Users/kady/Masterdom/src/Masterdom.Modules.Lease/Application/Commands/ActivateLeaseCommand.cs(5,22): warning CS1591: Missing XML comment for publicly visible type or member 'ActivateLeaseCommand.ActivateLeaseCommand(LeaseId)' [/Users/kady/Masterdom/src/Masterdom.Modules.Lease/Masterdom.Modules.Lease.csproj]
/Users/kady/Masterdom/src/Masterdom.Modules.Lease/Application/Commands/ActivateLeaseCommand.cs(5,51): warning CS1591: Missing XML comment for publicly visible type or member 'ActivateLeaseCommand.LeaseId' [/Users/kady/Masterdom/src/Masterdom.Modules.Lease/Masterdom.Modules.Lease.csproj]
/Users/kady/Masterdom/src/Masterdom.Modules.Lease/Application/Commands/ChangeCommercialTermsCommand.cs(5,22): warning CS1591: Missing XML comment for publicly visible type or member 'ChangeCommercialTermsCommand' [/Users/kady/Masterdom/src/Masterdom.Modules.Lease/Masterdom.Modules.Lease.csproj]
/Users/kady/Masterdom/src/Masterdom.Modules.Lease/Application/Commands/ChangeCommercialTermsCommand.cs(5,22): warning CS1591: Missing XML comment for publicly visible type or member 'ChangeCommercialTermsCommand.ChangeCommercialTermsCommand(LeaseId, CommercialTerms, EffectivePeriod)' [/Users/kady/Masterdom/src/Masterdom.Modules.Lease/Masterdom.Modules.Lease.csproj]
/Users/kady/Masterdom/src/Masterdom.Modules.Lease/Application/Commands/ChangeCommercialTermsCommand.cs(6,13): warning CS1591: Missing XML comment for publicly visible type or member 'ChangeCommercialTermsCommand.LeaseId' [/Users/kady/Masterdom/src/Masterdom.Modules.Lease/Masterdom.Modules.Lease.csproj]
/Users/kady/Masterdom/src/Masterdom.Modules.Lease/Application/Commands/ChangeCommercialTermsCommand.cs(7,21): warning CS1591: Missing XML comment for publicly visible type or member 'ChangeCommercialTermsCommand.CommercialTerms' [/Users/kady/Masterdom/src/Masterdom.Modules.Lease/Masterdom.Modules.Lease.csproj]
/Users/kady/Masterdom/src/Masterdom.Modules.Lease/Application/Commands/ChangeCommercialTermsCommand.cs(8,21): warning CS1591: Missing XML comment for publicly visible type or member 'ChangeCommercialTermsCommand.EffectivePeriod' [/Users/kady/Masterdom/src/Masterdom.Modules.Lease/Masterdom.Modules.Lease.csproj]
/Users/kady/Masterdom/src/Masterdom.Modules.Lease/Application/Commands/CloseLeaseCommand.cs(5,22): warning CS1591: Missing XML comment for publicly visible type or member 'CloseLeaseCommand' [/Users/kady/Masterdom/src/Masterdom.Modules.Lease/Masterdom.Modules.Lease.csproj]
/Users/kady/Masterdom/src/Masterdom.Modules.Lease/Application/Commands/CloseLeaseCommand.cs(5,22): warning CS1591: Missing XML comment for publicly visible type or member 'CloseLeaseCommand.CloseLeaseCommand(LeaseId)' [/Users/kady/Masterdom/src/Masterdom.Modules.Lease/Masterdom.Modules.Lease.csproj]
/Users/kady/Masterdom/src/Masterdom.Modules.Lease/Application/Commands/CloseLeaseCommand.cs(5,48): warning CS1591: Missing XML comment for publicly visible type or member 'CloseLeaseCommand.LeaseId' [/Users/kady/Masterdom/src/Masterdom.Modules.Lease/Masterdom.Modules.Lease.csproj]
/Users/kady/Masterdom/src/Masterdom.Modules.Lease/Application/Commands/CreateLeaseCommand.cs(5,22): warning CS1591: Missing XML comment for publicly visible type or member 'CreateLeaseCommand' [/Users/kady/Masterdom/src/Masterdom.Modules.Lease/Masterdom.Modules.Lease.csproj]
/Users/kady/Masterdom/src/Masterdom.Modules.Lease/Application/Commands/CreateLeaseCommand.cs(5,22): warning CS1591: Missing XML comment for publicly visible type or member 'CreateLeaseCommand.CreateLeaseCommand(LeaseNumber, LeaseType, TenancyReference, PropertyReference, UnitReference, PersonReference, EffectivePeriod, CommercialTerms, LeaseClauses)' [/Users/kady/Masterdom/src/Masterdom.Modules.Lease/Masterdom.Modules.Lease.csproj]
/Users/kady/Masterdom/src/Masterdom.Modules.Lease/Application/Commands/CreateLeaseCommand.cs(6,17): warning CS1591: Missing XML comment for publicly visible type or member 'CreateLeaseCommand.Number' [/Users/kady/Masterdom/src/Masterdom.Modules.Lease/Masterdom.Modules.Lease.csproj]
/Users/kady/Masterdom/src/Masterdom.Modules.Lease/Application/Commands/CreateLeaseCommand.cs(7,15): warning CS1591: Missing XML comment for publicly visible type or member 'CreateLeaseCommand.Type' [/Users/kady/Masterdom/src/Masterdom.Modules.Lease/Masterdom.Modules.Lease.csproj]
/Users/kady/Masterdom/src/Masterdom.Modules.Lease/Application/Commands/CreateLeaseCommand.cs(8,22): warning CS1591: Missing XML comment for publicly visible type or member 'CreateLeaseCommand.Tenancy' [/Users/kady/Masterdom/src/Masterdom.Modules.Lease/Masterdom.Modules.Lease.csproj]
/Users/kady/Masterdom/src/Masterdom.Modules.Lease/Application/Commands/CreateLeaseCommand.cs(9,23): warning CS1591: Missing XML comment for publicly visible type or member 'CreateLeaseCommand.Property' [/Users/kady/Masterdom/src/Masterdom.Modules.Lease/Masterdom.Modules.Lease.csproj]
/Users/kady/Masterdom/src/Masterdom.Modules.Lease/Application/Commands/CreateLeaseCommand.cs(10,19): warning CS1591: Missing XML comment for publicly visible type or member 'CreateLeaseCommand.Unit' [/Users/kady/Masterdom/src/Masterdom.Modules.Lease/Masterdom.Modules.Lease.csproj]
/Users/kady/Masterdom/src/Masterdom.Modules.Lease/Application/Commands/CreateLeaseCommand.cs(11,21): warning CS1591: Missing XML comment for publicly visible type or member 'CreateLeaseCommand.Person' [/Users/kady/Masterdom/src/Masterdom.Modules.Lease/Masterdom.Modules.Lease.csproj]
/Users/kady/Masterdom/src/Masterdom.Modules.Lease/Application/Commands/CreateLeaseCommand.cs(12,21): warning CS1591: Missing XML comment for publicly visible type or member 'CreateLeaseCommand.EffectivePeriod' [/Users/kady/Masterdom/src/Masterdom.Modules.Lease/Masterdom.Modules.Lease.csproj]
/Users/kady/Masterdom/src/Masterdom.Modules.Lease/Application/Commands/CreateLeaseCommand.cs(13,21): warning CS1591: Missing XML comment for publicly visible type or member 'CreateLeaseCommand.CommercialTerms' [/Users/kady/Masterdom/src/Masterdom.Modules.Lease/Masterdom.Modules.Lease.csproj]
/Users/kady/Masterdom/src/Masterdom.Modules.Lease/Application/Commands/CreateLeaseCommand.cs(14,18): warning CS1591: Missing XML comment for publicly visible type or member 'CreateLeaseCommand.LeaseClauses' [/Users/kady/Masterdom/src/Masterdom.Modules.Lease/Masterdom.Modules.Lease.csproj]
/Users/kady/Masterdom/src/Masterdom.Modules.Lease/Application/Commands/ExpireLeaseCommand.cs(5,22): warning CS1591: Missing XML comment for publicly visible type or member 'ExpireLeaseCommand' [/Users/kady/Masterdom/src/Masterdom.Modules.Lease/Masterdom.Modules.Lease.csproj]
/Users/kady/Masterdom/src/Masterdom.Modules.Lease/Application/Commands/ExpireLeaseCommand.cs(5,22): warning CS1591: Missing XML comment for publicly visible type or member 'ExpireLeaseCommand.ExpireLeaseCommand(LeaseId)' [/Users/kady/Masterdom/src/Masterdom.Modules.Lease/Masterdom.Modules.Lease.csproj]
/Users/kady/Masterdom/src/Masterdom.Modules.Lease/Application/Commands/ExpireLeaseCommand.cs(5,49): warning CS1591: Missing XML comment for publicly visible type or member 'ExpireLeaseCommand.LeaseId' [/Users/kady/Masterdom/src/Masterdom.Modules.Lease/Masterdom.Modules.Lease.csproj]
/Users/kady/Masterdom/src/Masterdom.Modules.Lease/Application/Commands/RenewLeaseCommand.cs(5,22): warning CS1591: Missing XML comment for publicly visible type or member 'RenewLeaseCommand' [/Users/kady/Masterdom/src/Masterdom.Modules.Lease/Masterdom.Modules.Lease.csproj]
/Users/kady/Masterdom/src/Masterdom.Modules.Lease/Application/Commands/RenewLeaseCommand.cs(5,22): warning CS1591: Missing XML comment for publicly visible type or member 'RenewLeaseCommand.RenewLeaseCommand(LeaseId, RenewalDate, EffectivePeriod, CommercialTerms, LeaseClauses)' [/Users/kady/Masterdom/src/Masterdom.Modules.Lease/Masterdom.Modules.Lease.csproj]
/Users/kady/Masterdom/src/Masterdom.Modules.Lease/Application/Commands/RenewLeaseCommand.cs(6,13): warning CS1591: Missing XML comment for publicly visible type or member 'RenewLeaseCommand.LeaseId' [/Users/kady/Masterdom/src/Masterdom.Modules.Lease/Masterdom.Modules.Lease.csproj]
/Users/kady/Masterdom/src/Masterdom.Modules.Lease/Application/Commands/RenewLeaseCommand.cs(7,17): warning CS1591: Missing XML comment for publicly visible type or member 'RenewLeaseCommand.RenewalDate' [/Users/kady/Masterdom/src/Masterdom.Modules.Lease/Masterdom.Modules.Lease.csproj]
/Users/kady/Masterdom/src/Masterdom.Modules.Lease/Application/Commands/RenewLeaseCommand.cs(8,21): warning CS1591: Missing XML comment for publicly visible type or member 'RenewLeaseCommand.EffectivePeriod' [/Users/kady/Masterdom/src/Masterdom.Modules.Lease/Masterdom.Modules.Lease.csproj]
/Users/kady/Masterdom/src/Masterdom.Modules.Lease/Application/Commands/RenewLeaseCommand.cs(9,21): warning CS1591: Missing XML comment for publicly visible type or member 'RenewLeaseCommand.CommercialTerms' [/Users/kady/Masterdom/src/Masterdom.Modules.Lease/Masterdom.Modules.Lease.csproj]
/Users/kady/Masterdom/src/Masterdom.Modules.Lease/Application/Commands/RenewLeaseCommand.cs(10,18): warning CS1591: Missing XML comment for publicly visible type or member 'RenewLeaseCommand.LeaseClauses' [/Users/kady/Masterdom/src/Masterdom.Modules.Lease/Masterdom.Modules.Lease.csproj]
/Users/kady/Masterdom/src/Masterdom.Modules.Lease/Application/Commands/TerminateLeaseCommand.cs(5,22): warning CS1591: Missing XML comment for publicly visible type or member 'TerminateLeaseCommand' [/Users/kady/Masterdom/src/Masterdom.Modules.Lease/Masterdom.Modules.Lease.csproj]
/Users/kady/Masterdom/src/Masterdom.Modules.Lease/Application/Commands/TerminateLeaseCommand.cs(5,22): warning CS1591: Missing XML comment for publicly visible type or member 'TerminateLeaseCommand.TerminateLeaseCommand(LeaseId, TerminationReason)' [/Users/kady/Masterdom/src/Masterdom.Modules.Lease/Masterdom.Modules.Lease.csproj]
/Users/kady/Masterdom/src/Masterdom.Modules.Lease/Application/Commands/TerminateLeaseCommand.cs(6,13): warning CS1591: Missing XML comment for publicly visible type or member 'TerminateLeaseCommand.LeaseId' [/Users/kady/Masterdom/src/Masterdom.Modules.Lease/Masterdom.Modules.Lease.csproj]
/Users/kady/Masterdom/src/Masterdom.Modules.Lease/Application/Commands/TerminateLeaseCommand.cs(7,23): warning CS1591: Missing XML comment for publicly visible type or member 'TerminateLeaseCommand.Reason' [/Users/kady/Masterdom/src/Masterdom.Modules.Lease/Masterdom.Modules.Lease.csproj]
/Users/kady/Masterdom/src/Masterdom.Modules.Lease/Application/Handlers/Commands/ActivateLeaseCommandHandler.cs(8,21): warning CS1591: Missing XML comment for publicly visible type or member 'ActivateLeaseCommandHandler' [/Users/kady/Masterdom/src/Masterdom.Modules.Lease/Masterdom.Modules.Lease.csproj]
/Users/kady/Masterdom/src/Masterdom.Modules.Lease/Application/Handlers/Commands/ActivateLeaseCommandHandler.cs(12,12): warning CS1591: Missing XML comment for publicly visible type or member 'ActivateLeaseCommandHandler.ActivateLeaseCommandHandler(ILeaseApplicationService)' [/Users/kady/Masterdom/src/Masterdom.Modules.Lease/Masterdom.Modules.Lease.csproj]
/Users/kady/Masterdom/src/Masterdom.Modules.Lease/Application/Handlers/Commands/ActivateLeaseCommandHandler.cs(17,44): warning CS1591: Missing XML comment for publicly visible type or member 'ActivateLeaseCommandHandler.Handle(ActivateLeaseCommand)' [/Users/kady/Masterdom/src/Masterdom.Modules.Lease/Masterdom.Modules.Lease.csproj]
/Users/kady/Masterdom/src/Masterdom.Modules.Lease/Application/Handlers/Commands/ChangeCommercialTermsCommandHandler.cs(8,21): warning CS1591: Missing XML comment for publicly visible type or member 'ChangeCommercialTermsCommandHandler' [/Users/kady/Masterdom/src/Masterdom.Modules.Lease/Masterdom.Modules.Lease.csproj]
/Users/kady/Masterdom/src/Masterdom.Modules.Lease/Application/Handlers/Commands/ChangeCommercialTermsCommandHandler.cs(12,12): warning CS1591: Missing XML comment for publicly visible type or member 'ChangeCommercialTermsCommandHandler.ChangeCommercialTermsCommandHandler(ILeaseApplicationService)' [/Users/kady/Masterdom/src/Masterdom.Modules.Lease/Masterdom.Modules.Lease.csproj]
/Users/kady/Masterdom/src/Masterdom.Modules.Lease/Application/Handlers/Commands/ChangeCommercialTermsCommandHandler.cs(17,44): warning CS1591: Missing XML comment for publicly visible type or member 'ChangeCommercialTermsCommandHandler.Handle(ChangeCommercialTermsCommand)' [/Users/kady/Masterdom/src/Masterdom.Modules.Lease/Masterdom.Modules.Lease.csproj]
/Users/kady/Masterdom/src/Masterdom.Modules.Lease/Application/Handlers/Commands/CloseLeaseCommandHandler.cs(8,21): warning CS1591: Missing XML comment for publicly visible type or member 'CloseLeaseCommandHandler' [/Users/kady/Masterdom/src/Masterdom.Modules.Lease/Masterdom.Modules.Lease.csproj]
/Users/kady/Masterdom/src/Masterdom.Modules.Lease/Application/Handlers/Commands/CloseLeaseCommandHandler.cs(12,12): warning CS1591: Missing XML comment for publicly visible type or member 'CloseLeaseCommandHandler.CloseLeaseCommandHandler(ILeaseApplicationService)' [/Users/kady/Masterdom/src/Masterdom.Modules.Lease/Masterdom.Modules.Lease.csproj]
/Users/kady/Masterdom/src/Masterdom.Modules.Lease/Application/Handlers/Commands/CloseLeaseCommandHandler.cs(17,44): warning CS1591: Missing XML comment for publicly visible type or member 'CloseLeaseCommandHandler.Handle(CloseLeaseCommand)' [/Users/kady/Masterdom/src/Masterdom.Modules.Lease/Masterdom.Modules.Lease.csproj]
/Users/kady/Masterdom/src/Masterdom.Modules.Lease/Application/Handlers/Commands/CreateLeaseCommandHandler.cs(8,21): warning CS1591: Missing XML comment for publicly visible type or member 'CreateLeaseCommandHandler' [/Users/kady/Masterdom/src/Masterdom.Modules.Lease/Masterdom.Modules.Lease.csproj]
/Users/kady/Masterdom/src/Masterdom.Modules.Lease/Application/Handlers/Commands/CreateLeaseCommandHandler.cs(12,12): warning CS1591: Missing XML comment for publicly visible type or member 'CreateLeaseCommandHandler.CreateLeaseCommandHandler(ILeaseApplicationService)' [/Users/kady/Masterdom/src/Masterdom.Modules.Lease/Masterdom.Modules.Lease.csproj]
/Users/kady/Masterdom/src/Masterdom.Modules.Lease/Application/Handlers/Commands/CreateLeaseCommandHandler.cs(17,44): warning CS1591: Missing XML comment for publicly visible type or member 'CreateLeaseCommandHandler.Handle(CreateLeaseCommand)' [/Users/kady/Masterdom/src/Masterdom.Modules.Lease/Masterdom.Modules.Lease.csproj]
/Users/kady/Masterdom/src/Masterdom.Modules.Lease/Application/Handlers/Commands/ExpireLeaseCommandHandler.cs(8,21): warning CS1591: Missing XML comment for publicly visible type or member 'ExpireLeaseCommandHandler' [/Users/kady/Masterdom/src/Masterdom.Modules.Lease/Masterdom.Modules.Lease.csproj]
/Users/kady/Masterdom/src/Masterdom.Modules.Lease/Application/Handlers/Commands/ExpireLeaseCommandHandler.cs(12,12): warning CS1591: Missing XML comment for publicly visible type or member 'ExpireLeaseCommandHandler.ExpireLeaseCommandHandler(ILeaseApplicationService)' [/Users/kady/Masterdom/src/Masterdom.Modules.Lease/Masterdom.Modules.Lease.csproj]
/Users/kady/Masterdom/src/Masterdom.Modules.Lease/Application/Handlers/Commands/ExpireLeaseCommandHandler.cs(17,44): warning CS1591: Missing XML comment for publicly visible type or member 'ExpireLeaseCommandHandler.Handle(ExpireLeaseCommand)' [/Users/kady/Masterdom/src/Masterdom.Modules.Lease/Masterdom.Modules.Lease.csproj]
/Users/kady/Masterdom/src/Masterdom.Modules.Lease/Application/Handlers/Commands/RenewLeaseCommandHandler.cs(8,21): warning CS1591: Missing XML comment for publicly visible type or member 'RenewLeaseCommandHandler' [/Users/kady/Masterdom/src/Masterdom.Modules.Lease/Masterdom.Modules.Lease.csproj]
/Users/kady/Masterdom/src/Masterdom.Modules.Lease/Application/Handlers/Commands/RenewLeaseCommandHandler.cs(12,12): warning CS1591: Missing XML comment for publicly visible type or member 'RenewLeaseCommandHandler.RenewLeaseCommandHandler(ILeaseApplicationService)' [/Users/kady/Masterdom/src/Masterdom.Modules.Lease/Masterdom.Modules.Lease.csproj]
/Users/kady/Masterdom/src/Masterdom.Modules.Lease/Application/Handlers/Commands/RenewLeaseCommandHandler.cs(17,44): warning CS1591: Missing XML comment for publicly visible type or member 'RenewLeaseCommandHandler.Handle(RenewLeaseCommand)' [/Users/kady/Masterdom/src/Masterdom.Modules.Lease/Masterdom.Modules.Lease.csproj]
/Users/kady/Masterdom/src/Masterdom.Modules.Lease/Application/Handlers/Commands/TerminateLeaseCommandHandler.cs(8,21): warning CS1591: Missing XML comment for publicly visible type or member 'TerminateLeaseCommandHandler' [/Users/kady/Masterdom/src/Masterdom.Modules.Lease/Masterdom.Modules.Lease.csproj]
/Users/kady/Masterdom/src/Masterdom.Modules.Lease/Application/Handlers/Commands/TerminateLeaseCommandHandler.cs(12,12): warning CS1591: Missing XML comment for publicly visible type or member 'TerminateLeaseCommandHandler.TerminateLeaseCommandHandler(ILeaseApplicationService)' [/Users/kady/Masterdom/src/Masterdom.Modules.Lease/Masterdom.Modules.Lease.csproj]
/Users/kady/Masterdom/src/Masterdom.Modules.Lease/Application/Handlers/Commands/TerminateLeaseCommandHandler.cs(17,44): warning CS1591: Missing XML comment for publicly visible type or member 'TerminateLeaseCommandHandler.Handle(TerminateLeaseCommand)' [/Users/kady/Masterdom/src/Masterdom.Modules.Lease/Masterdom.Modules.Lease.csproj]
/Users/kady/Masterdom/src/Masterdom.Modules.Lease/Application/Handlers/Queries/GetLeaseByIdQueryHandler.cs(8,21): warning CS1591: Missing XML comment for publicly visible type or member 'GetLeaseByIdQueryHandler' [/Users/kady/Masterdom/src/Masterdom.Modules.Lease/Masterdom.Modules.Lease.csproj]
/Users/kady/Masterdom/src/Masterdom.Modules.Lease/Application/Handlers/Queries/GetLeaseByIdQueryHandler.cs(12,12): warning CS1591: Missing XML comment for publicly visible type or member 'GetLeaseByIdQueryHandler.GetLeaseByIdQueryHandler(ILeaseApplicationService)' [/Users/kady/Masterdom/src/Masterdom.Modules.Lease/Masterdom.Modules.Lease.csproj]
/Users/kady/Masterdom/src/Masterdom.Modules.Lease/Application/Handlers/Queries/GetLeaseByIdQueryHandler.cs(17,44): warning CS1591: Missing XML comment for publicly visible type or member 'GetLeaseByIdQueryHandler.Handle(GetLeaseByIdQuery)' [/Users/kady/Masterdom/src/Masterdom.Modules.Lease/Masterdom.Modules.Lease.csproj]
/Users/kady/Masterdom/src/Masterdom.Modules.Lease/Application/Handlers/Queries/GetLeaseByNumberQueryHandler.cs(8,21): warning CS1591: Missing XML comment for publicly visible type or member 'GetLeaseByNumberQueryHandler' [/Users/kady/Masterdom/src/Masterdom.Modules.Lease/Masterdom.Modules.Lease.csproj]
/Users/kady/Masterdom/src/Masterdom.Modules.Lease/Application/Handlers/Queries/GetLeaseByNumberQueryHandler.cs(12,12): warning CS1591: Missing XML comment for publicly visible type or member 'GetLeaseByNumberQueryHandler.GetLeaseByNumberQueryHandler(ILeaseApplicationService)' [/Users/kady/Masterdom/src/Masterdom.Modules.Lease/Masterdom.Modules.Lease.csproj]
/Users/kady/Masterdom/src/Masterdom.Modules.Lease/Application/Handlers/Queries/GetLeaseByNumberQueryHandler.cs(17,44): warning CS1591: Missing XML comment for publicly visible type or member 'GetLeaseByNumberQueryHandler.Handle(GetLeaseByNumberQuery)' [/Users/kady/Masterdom/src/Masterdom.Modules.Lease/Masterdom.Modules.Lease.csproj]
/Users/kady/Masterdom/src/Masterdom.Modules.Lease/Application/Queries/GetLeaseByIdQuery.cs(5,22): warning CS1591: Missing XML comment for publicly visible type or member 'GetLeaseByIdQuery' [/Users/kady/Masterdom/src/Masterdom.Modules.Lease/Masterdom.Modules.Lease.csproj]
/Users/kady/Masterdom/src/Masterdom.Modules.Lease/Application/Queries/GetLeaseByIdQuery.cs(5,22): warning CS1591: Missing XML comment for publicly visible type or member 'GetLeaseByIdQuery.GetLeaseByIdQuery(LeaseId)' [/Users/kady/Masterdom/src/Masterdom.Modules.Lease/Masterdom.Modules.Lease.csproj]
/Users/kady/Masterdom/src/Masterdom.Modules.Lease/Application/Queries/GetLeaseByIdQuery.cs(5,48): warning CS1591: Missing XML comment for publicly visible type or member 'GetLeaseByIdQuery.LeaseId' [/Users/kady/Masterdom/src/Masterdom.Modules.Lease/Masterdom.Modules.Lease.csproj]
/Users/kady/Masterdom/src/Masterdom.Modules.Lease/Application/Queries/GetLeaseByNumberQuery.cs(5,22): warning CS1591: Missing XML comment for publicly visible type or member 'GetLeaseByNumberQuery' [/Users/kady/Masterdom/src/Masterdom.Modules.Lease/Masterdom.Modules.Lease.csproj]
/Users/kady/Masterdom/src/Masterdom.Modules.Lease/Application/Queries/GetLeaseByNumberQuery.cs(5,22): warning CS1591: Missing XML comment for publicly visible type or member 'GetLeaseByNumberQuery.GetLeaseByNumberQuery(LeaseNumber)' [/Users/kady/Masterdom/src/Masterdom.Modules.Lease/Masterdom.Modules.Lease.csproj]
/Users/kady/Masterdom/src/Masterdom.Modules.Lease/Application/Queries/GetLeaseByNumberQuery.cs(5,56): warning CS1591: Missing XML comment for publicly visible type or member 'GetLeaseByNumberQuery.Number' [/Users/kady/Masterdom/src/Masterdom.Modules.Lease/Masterdom.Modules.Lease.csproj]
/Users/kady/Masterdom/src/Masterdom.Modules.Lease/Application/Services/ILeaseApplicationService.cs(7,18): warning CS1591: Missing XML comment for publicly visible type or member 'ILeaseApplicationService' [/Users/kady/Masterdom/src/Masterdom.Modules.Lease/Masterdom.Modules.Lease.csproj]
/Users/kady/Masterdom/src/Masterdom.Modules.Lease/Application/Services/ILeaseApplicationService.cs(9,20): warning CS1591: Missing XML comment for publicly visible type or member 'ILeaseApplicationService.CreateLease(CreateLeaseCommand)' [/Users/kady/Masterdom/src/Masterdom.Modules.Lease/Masterdom.Modules.Lease.csproj]
/Users/kady/Masterdom/src/Masterdom.Modules.Lease/Application/Services/ILeaseApplicationService.cs(11,20): warning CS1591: Missing XML comment for publicly visible type or member 'ILeaseApplicationService.ActivateLease(ActivateLeaseCommand)' [/Users/kady/Masterdom/src/Masterdom.Modules.Lease/Masterdom.Modules.Lease.csproj]
/Users/kady/Masterdom/src/Masterdom.Modules.Lease/Application/Services/ILeaseApplicationService.cs(13,20): warning CS1591: Missing XML comment for publicly visible type or member 'ILeaseApplicationService.RenewLease(RenewLeaseCommand)' [/Users/kady/Masterdom/src/Masterdom.Modules.Lease/Masterdom.Modules.Lease.csproj]
/Users/kady/Masterdom/src/Masterdom.Modules.Lease/Application/Services/ILeaseApplicationService.cs(15,20): warning CS1591: Missing XML comment for publicly visible type or member 'ILeaseApplicationService.TerminateLease(TerminateLeaseCommand)' [/Users/kady/Masterdom/src/Masterdom.Modules.Lease/Masterdom.Modules.Lease.csproj]
/Users/kady/Masterdom/src/Masterdom.Modules.Lease/Application/Services/ILeaseApplicationService.cs(17,20): warning CS1591: Missing XML comment for publicly visible type or member 'ILeaseApplicationService.ExpireLease(ExpireLeaseCommand)' [/Users/kady/Masterdom/src/Masterdom.Modules.Lease/Masterdom.Modules.Lease.csproj]
/Users/kady/Masterdom/src/Masterdom.Modules.Lease/Application/Services/ILeaseApplicationService.cs(19,20): warning CS1591: Missing XML comment for publicly visible type or member 'ILeaseApplicationService.ChangeCommercialTerms(ChangeCommercialTermsCommand)' [/Users/kady/Masterdom/src/Masterdom.Modules.Lease/Masterdom.Modules.Lease.csproj]
/Users/kady/Masterdom/src/Masterdom.Modules.Lease/Application/Services/ILeaseApplicationService.cs(21,20): warning CS1591: Missing XML comment for publicly visible type or member 'ILeaseApplicationService.CloseLease(CloseLeaseCommand)' [/Users/kady/Masterdom/src/Masterdom.Modules.Lease/Masterdom.Modules.Lease.csproj]
/Users/kady/Masterdom/src/Masterdom.Modules.Lease/Application/Services/ILeaseApplicationService.cs(23,21): warning CS1591: Missing XML comment for publicly visible type or member 'ILeaseApplicationService.GetLease(GetLeaseByIdQuery)' [/Users/kady/Masterdom/src/Masterdom.Modules.Lease/Masterdom.Modules.Lease.csproj]
/Users/kady/Masterdom/src/Masterdom.Modules.Lease/Application/Services/ILeaseApplicationService.cs(25,21): warning CS1591: Missing XML comment for publicly visible type or member 'ILeaseApplicationService.GetLeaseByNumber(GetLeaseByNumberQuery)' [/Users/kady/Masterdom/src/Masterdom.Modules.Lease/Masterdom.Modules.Lease.csproj]
/Users/kady/Masterdom/src/Masterdom.Modules.Lease/Application/Services/LeaseApplicationService.cs(9,21): warning CS1591: Missing XML comment for publicly visible type or member 'LeaseApplicationService' [/Users/kady/Masterdom/src/Masterdom.Modules.Lease/Masterdom.Modules.Lease.csproj]
/Users/kady/Masterdom/src/Masterdom.Modules.Lease/Application/Services/LeaseApplicationService.cs(15,12): warning CS1591: Missing XML comment for publicly visible type or member 'LeaseApplicationService.LeaseApplicationService(ILeaseRepository, ILeaseUnitOfWork, ILeasePlatformOrchestrator)' [/Users/kady/Masterdom/src/Masterdom.Modules.Lease/Masterdom.Modules.Lease.csproj]
/Users/kady/Masterdom/src/Masterdom.Modules.Lease/Application/Services/LeaseApplicationService.cs(25,27): warning CS1591: Missing XML comment for publicly visible type or member 'LeaseApplicationService.CreateLease(CreateLeaseCommand)' [/Users/kady/Masterdom/src/Masterdom.Modules.Lease/Masterdom.Modules.Lease.csproj]
/Users/kady/Masterdom/src/Masterdom.Modules.Lease/Application/Services/LeaseApplicationService.cs(60,27): warning CS1591: Missing XML comment for publicly visible type or member 'LeaseApplicationService.ActivateLease(ActivateLeaseCommand)' [/Users/kady/Masterdom/src/Masterdom.Modules.Lease/Masterdom.Modules.Lease.csproj]
/Users/kady/Masterdom/src/Masterdom.Modules.Lease/Application/Services/LeaseApplicationService.cs(71,27): warning CS1591: Missing XML comment for publicly visible type or member 'LeaseApplicationService.RenewLease(RenewLeaseCommand)' [/Users/kady/Masterdom/src/Masterdom.Modules.Lease/Masterdom.Modules.Lease.csproj]
/Users/kady/Masterdom/src/Masterdom.Modules.Lease/Application/Services/LeaseApplicationService.cs(82,27): warning CS1591: Missing XML comment for publicly visible type or member 'LeaseApplicationService.TerminateLease(TerminateLeaseCommand)' [/Users/kady/Masterdom/src/Masterdom.Modules.Lease/Masterdom.Modules.Lease.csproj]
/Users/kady/Masterdom/src/Masterdom.Modules.Lease/Application/Services/LeaseApplicationService.cs(93,27): warning CS1591: Missing XML comment for publicly visible type or member 'LeaseApplicationService.ExpireLease(ExpireLeaseCommand)' [/Users/kady/Masterdom/src/Masterdom.Modules.Lease/Masterdom.Modules.Lease.csproj]
/Users/kady/Masterdom/src/Masterdom.Modules.Lease/Application/Services/LeaseApplicationService.cs(104,27): warning CS1591: Missing XML comment for publicly visible type or member 'LeaseApplicationService.ChangeCommercialTerms(ChangeCommercialTermsCommand)' [/Users/kady/Masterdom/src/Masterdom.Modules.Lease/Masterdom.Modules.Lease.csproj]
/Users/kady/Masterdom/src/Masterdom.Modules.Lease/Application/Services/LeaseApplicationService.cs(115,27): warning CS1591: Missing XML comment for publicly visible type or member 'LeaseApplicationService.CloseLease(CloseLeaseCommand)' [/Users/kady/Masterdom/src/Masterdom.Modules.Lease/Masterdom.Modules.Lease.csproj]
/Users/kady/Masterdom/src/Masterdom.Modules.Lease/Application/Services/LeaseApplicationService.cs(126,28): warning CS1591: Missing XML comment for publicly visible type or member 'LeaseApplicationService.GetLease(GetLeaseByIdQuery)' [/Users/kady/Masterdom/src/Masterdom.Modules.Lease/Masterdom.Modules.Lease.csproj]
/Users/kady/Masterdom/src/Masterdom.Modules.Lease/Application/Services/LeaseApplicationService.cs(132,28): warning CS1591: Missing XML comment for publicly visible type or member 'LeaseApplicationService.GetLeaseByNumber(GetLeaseByNumberQuery)' [/Users/kady/Masterdom/src/Masterdom.Modules.Lease/Masterdom.Modules.Lease.csproj]
/Users/kady/Masterdom/src/Masterdom.Modules.Lease/Application/Support/ExecutionResult.cs(8,15): warning CS1591: Missing XML comment for publicly visible type or member 'ExecutionResult.ExecutionResult(bool, string?, string?)' [/Users/kady/Masterdom/src/Masterdom.Modules.Lease/Masterdom.Modules.Lease.csproj]
/Users/kady/Masterdom/src/Masterdom.Modules.Lease/Application/Support/ExecutionResult.cs(15,17): warning CS1591: Missing XML comment for publicly visible type or member 'ExecutionResult.IsSuccess' [/Users/kady/Masterdom/src/Masterdom.Modules.Lease/Masterdom.Modules.Lease.csproj]
/Users/kady/Masterdom/src/Masterdom.Modules.Lease/Application/Support/ExecutionResult.cs(17,20): warning CS1591: Missing XML comment for publicly visible type or member 'ExecutionResult.ErrorCode' [/Users/kady/Masterdom/src/Masterdom.Modules.Lease/Masterdom.Modules.Lease.csproj]
/Users/kady/Masterdom/src/Masterdom.Modules.Lease/Application/Support/ExecutionResult.cs(19,20): warning CS1591: Missing XML comment for publicly visible type or member 'ExecutionResult.ErrorMessage' [/Users/kady/Masterdom/src/Masterdom.Modules.Lease/Masterdom.Modules.Lease.csproj]
/Users/kady/Masterdom/src/Masterdom.Modules.Lease/Application/Support/ExecutionResult.cs(21,35): warning CS1591: Missing XML comment for publicly visible type or member 'ExecutionResult.Success()' [/Users/kady/Masterdom/src/Masterdom.Modules.Lease/Masterdom.Modules.Lease.csproj]
/Users/kady/Masterdom/src/Masterdom.Modules.Lease/Application/Support/ExecutionResult.cs(26,35): warning CS1591: Missing XML comment for publicly visible type or member 'ExecutionResult.Failure(string, string)' [/Users/kady/Masterdom/src/Masterdom.Modules.Lease/Masterdom.Modules.Lease.csproj]
/Users/kady/Masterdom/src/Masterdom.Modules.Lease/Application/Support/ExecutionResult.cs(46,15): warning CS1591: Missing XML comment for publicly visible type or member 'ExecutionResult<T>.Value' [/Users/kady/Masterdom/src/Masterdom.Modules.Lease/Masterdom.Modules.Lease.csproj]
/Users/kady/Masterdom/src/Masterdom.Modules.Lease/Application/Support/ExecutionResult.cs(48,38): warning CS1591: Missing XML comment for publicly visible type or member 'ExecutionResult<T>.Success(T)' [/Users/kady/Masterdom/src/Masterdom.Modules.Lease/Masterdom.Modules.Lease.csproj]
/Users/kady/Masterdom/src/Masterdom.Modules.Lease/Application/Support/ExecutionResult.cs(54,38): warning CS1591: Missing XML comment for publicly visible type or member 'ExecutionResult<T>.Failure(string, string)' [/Users/kady/Masterdom/src/Masterdom.Modules.Lease/Masterdom.Modules.Lease.csproj]
/Users/kady/Masterdom/src/Masterdom.Modules.Lease/Application/Support/ICommandHandler.cs(8,13): warning CS1591: Missing XML comment for publicly visible type or member 'ICommandHandler<TCommand, TResult>.Handle(TCommand)' [/Users/kady/Masterdom/src/Masterdom.Modules.Lease/Masterdom.Modules.Lease.csproj]
/Users/kady/Masterdom/src/Masterdom.Modules.Lease/Application/Support/ILeasePlatformOrchestrator.cs(10,10): warning CS1591: Missing XML comment for publicly visible type or member 'ILeasePlatformOrchestrator.OnLeaseMutated(Lease, string)' [/Users/kady/Masterdom/src/Masterdom.Modules.Lease/Masterdom.Modules.Lease.csproj]
/Users/kady/Masterdom/src/Masterdom.Modules.Lease/Application/Support/ILeaseUnitOfWork.cs(8,10): warning CS1591: Missing XML comment for publicly visible type or member 'ILeaseUnitOfWork.Execute(Action)' [/Users/kady/Masterdom/src/Masterdom.Modules.Lease/Masterdom.Modules.Lease.csproj]
/Users/kady/Masterdom/src/Masterdom.Modules.Lease/Application/Support/IQueryHandler.cs(8,13): warning CS1591: Missing XML comment for publicly visible type or member 'IQueryHandler<TQuery, TResult>.Handle(TQuery)' [/Users/kady/Masterdom/src/Masterdom.Modules.Lease/Masterdom.Modules.Lease.csproj]
/Users/kady/Masterdom/src/Masterdom.Modules.Lease/Domain/Entities/Lease/BillingFrequency.cs(10,45): warning CS1591: Missing XML comment for publicly visible type or member 'BillingFrequency.Monthly' [/Users/kady/Masterdom/src/Masterdom.Modules.Lease/Masterdom.Modules.Lease.csproj]
/Users/kady/Masterdom/src/Masterdom.Modules.Lease/Domain/Entities/Lease/BillingFrequency.cs(11,45): warning CS1591: Missing XML comment for publicly visible type or member 'BillingFrequency.Quarterly' [/Users/kady/Masterdom/src/Masterdom.Modules.Lease/Masterdom.Modules.Lease.csproj]
/Users/kady/Masterdom/src/Masterdom.Modules.Lease/Domain/Entities/Lease/BillingFrequency.cs(12,45): warning CS1591: Missing XML comment for publicly visible type or member 'BillingFrequency.Yearly' [/Users/kady/Masterdom/src/Masterdom.Modules.Lease/Masterdom.Modules.Lease.csproj]
/Users/kady/Masterdom/src/Masterdom.Modules.Lease/Domain/Entities/Lease/BillingFrequency.cs(19,19): warning CS1591: Missing XML comment for publicly visible type or member 'BillingFrequency.Value' [/Users/kady/Masterdom/src/Masterdom.Modules.Lease/Masterdom.Modules.Lease.csproj]
/Users/kady/Masterdom/src/Masterdom.Modules.Lease/Domain/Entities/Lease/BillingFrequency.cs(21,36): warning CS1591: Missing XML comment for publicly visible type or member 'BillingFrequency.Create(string)' [/Users/kady/Masterdom/src/Masterdom.Modules.Lease/Masterdom.Modules.Lease.csproj]
/Users/kady/Masterdom/src/Masterdom.Modules.Lease/Domain/Entities/Lease/BillingFrequency.cs(34,45): warning CS1591: Missing XML comment for publicly visible type or member 'BillingFrequency.GetEqualityComponents()' [/Users/kady/Masterdom/src/Masterdom.Modules.Lease/Masterdom.Modules.Lease.csproj]
/Users/kady/Masterdom/src/Masterdom.Modules.Lease/Domain/Entities/Lease/ClauseCollection.cs(17,39): warning CS1591: Missing XML comment for publicly visible type or member 'ClauseCollection.Items' [/Users/kady/Masterdom/src/Masterdom.Modules.Lease/Masterdom.Modules.Lease.csproj]
/Users/kady/Masterdom/src/Masterdom.Modules.Lease/Domain/Entities/Lease/ClauseCollection.cs(19,36): warning CS1591: Missing XML comment for publicly visible type or member 'ClauseCollection.Create(IEnumerable<LeaseClause>)' [/Users/kady/Masterdom/src/Masterdom.Modules.Lease/Masterdom.Modules.Lease.csproj]
/Users/kady/Masterdom/src/Masterdom.Modules.Lease/Domain/Entities/Lease/ClauseCollection.cs(41,45): warning CS1591: Missing XML comment for publicly visible type or member 'ClauseCollection.GetEqualityComponents()' [/Users/kady/Masterdom/src/Masterdom.Modules.Lease/Masterdom.Modules.Lease.csproj]
/Users/kady/Masterdom/src/Masterdom.Modules.Lease/Domain/Entities/Lease/CommercialTerms.cs(22,22): warning CS1591: Missing XML comment for publicly visible type or member 'CommercialTerms.RentTerms' [/Users/kady/Masterdom/src/Masterdom.Modules.Lease/Masterdom.Modules.Lease.csproj]
/Users/kady/Masterdom/src/Masterdom.Modules.Lease/Domain/Entities/Lease/CommercialTerms.cs(24,25): warning CS1591: Missing XML comment for publicly visible type or member 'CommercialTerms.DepositTerms' [/Users/kady/Masterdom/src/Masterdom.Modules.Lease/Masterdom.Modules.Lease.csproj]
/Users/kady/Masterdom/src/Masterdom.Modules.Lease/Domain/Entities/Lease/CommercialTerms.cs(26,25): warning CS1591: Missing XML comment for publicly visible type or member 'CommercialTerms.RenewalTerms' [/Users/kady/Masterdom/src/Masterdom.Modules.Lease/Masterdom.Modules.Lease.csproj]
/Users/kady/Masterdom/src/Masterdom.Modules.Lease/Domain/Entities/Lease/CommercialTerms.cs(28,29): warning CS1591: Missing XML comment for publicly visible type or member 'CommercialTerms.TerminationTerms' [/Users/kady/Masterdom/src/Masterdom.Modules.Lease/Masterdom.Modules.Lease.csproj]
/Users/kady/Masterdom/src/Masterdom.Modules.Lease/Domain/Entities/Lease/CommercialTerms.cs(30,35): warning CS1591: Missing XML comment for publicly visible type or member 'CommercialTerms.Create(RentTerms, DepositTerms, RenewalTerms, TerminationTerms)' [/Users/kady/Masterdom/src/Masterdom.Modules.Lease/Masterdom.Modules.Lease.csproj]
/Users/kady/Masterdom/src/Masterdom.Modules.Lease/Domain/Entities/Lease/CommercialTerms.cs(44,45): warning CS1591: Missing XML comment for publicly visible type or member 'CommercialTerms.GetEqualityComponents()' [/Users/kady/Masterdom/src/Masterdom.Modules.Lease/Masterdom.Modules.Lease.csproj]
/Users/kady/Masterdom/src/Masterdom.Modules.Lease/Domain/Entities/Lease/DepositTerms.cs(22,20): warning CS1591: Missing XML comment for publicly visible type or member 'DepositTerms.DepositAmount' [/Users/kady/Masterdom/src/Masterdom.Modules.Lease/Masterdom.Modules.Lease.csproj]
/Users/kady/Masterdom/src/Masterdom.Modules.Lease/Domain/Entities/Lease/DepositTerms.cs(24,17): warning CS1591: Missing XML comment for publicly visible type or member 'DepositTerms.IsRefundable' [/Users/kady/Masterdom/src/Masterdom.Modules.Lease/Masterdom.Modules.Lease.csproj]
/Users/kady/Masterdom/src/Masterdom.Modules.Lease/Domain/Entities/Lease/DepositTerms.cs(26,37): warning CS1591: Missing XML comment for publicly visible type or member 'DepositTerms.SecurityDepositReference' [/Users/kady/Masterdom/src/Masterdom.Modules.Lease/Masterdom.Modules.Lease.csproj]
/Users/kady/Masterdom/src/Masterdom.Modules.Lease/Domain/Entities/Lease/DepositTerms.cs(28,19): warning CS1591: Missing XML comment for publicly visible type or member 'DepositTerms.DepositRulesReference' [/Users/kady/Masterdom/src/Masterdom.Modules.Lease/Masterdom.Modules.Lease.csproj]
/Users/kady/Masterdom/src/Masterdom.Modules.Lease/Domain/Entities/Lease/DepositTerms.cs(30,32): warning CS1591: Missing XML comment for publicly visible type or member 'DepositTerms.Create(decimal, bool, SecurityDepositReference, string)' [/Users/kady/Masterdom/src/Masterdom.Modules.Lease/Masterdom.Modules.Lease.csproj]
/Users/kady/Masterdom/src/Masterdom.Modules.Lease/Domain/Entities/Lease/DepositTerms.cs(57,45): warning CS1591: Missing XML comment for publicly visible type or member 'DepositTerms.GetEqualityComponents()' [/Users/kady/Masterdom/src/Masterdom.Modules.Lease/Masterdom.Modules.Lease.csproj]
/Users/kady/Masterdom/src/Masterdom.Modules.Lease/Domain/Entities/Lease/EffectiveDate.cs(15,21): warning CS1591: Missing XML comment for publicly visible type or member 'EffectiveDate.Value' [/Users/kady/Masterdom/src/Masterdom.Modules.Lease/Masterdom.Modules.Lease.csproj]
/Users/kady/Masterdom/src/Masterdom.Modules.Lease/Domain/Entities/Lease/EffectiveDate.cs(17,33): warning CS1591: Missing XML comment for publicly visible type or member 'EffectiveDate.Create(DateOnly)' [/Users/kady/Masterdom/src/Masterdom.Modules.Lease/Masterdom.Modules.Lease.csproj]
/Users/kady/Masterdom/src/Masterdom.Modules.Lease/Domain/Entities/Lease/EffectiveDate.cs(22,45): warning CS1591: Missing XML comment for publicly visible type or member 'EffectiveDate.GetEqualityComponents()' [/Users/kady/Masterdom/src/Masterdom.Modules.Lease/Masterdom.Modules.Lease.csproj]
/Users/kady/Masterdom/src/Masterdom.Modules.Lease/Domain/Entities/Lease/EffectivePeriod.cs(16,26): warning CS1591: Missing XML comment for publicly visible type or member 'EffectivePeriod.EffectiveDate' [/Users/kady/Masterdom/src/Masterdom.Modules.Lease/Masterdom.Modules.Lease.csproj]
/Users/kady/Masterdom/src/Masterdom.Modules.Lease/Domain/Entities/Lease/EffectivePeriod.cs(18,23): warning CS1591: Missing XML comment for publicly visible type or member 'EffectivePeriod.ExpiryDate' [/Users/kady/Masterdom/src/Masterdom.Modules.Lease/Masterdom.Modules.Lease.csproj]
/Users/kady/Masterdom/src/Masterdom.Modules.Lease/Domain/Entities/Lease/EffectivePeriod.cs(20,35): warning CS1591: Missing XML comment for publicly visible type or member 'EffectivePeriod.Create(EffectiveDate, ExpiryDate)' [/Users/kady/Masterdom/src/Masterdom.Modules.Lease/Masterdom.Modules.Lease.csproj]
/Users/kady/Masterdom/src/Masterdom.Modules.Lease/Domain/Entities/Lease/EffectivePeriod.cs(33,45): warning CS1591: Missing XML comment for publicly visible type or member 'EffectivePeriod.GetEqualityComponents()' [/Users/kady/Masterdom/src/Masterdom.Modules.Lease/Masterdom.Modules.Lease.csproj]
/Users/kady/Masterdom/src/Masterdom.Modules.Lease/Domain/Entities/Lease/Events/CommercialTermsChangedDomainEvent.cs(5,22): warning CS1591: Missing XML comment for publicly visible type or member 'CommercialTermsChangedDomainEvent' [/Users/kady/Masterdom/src/Masterdom.Modules.Lease/Masterdom.Modules.Lease.csproj]
/Users/kady/Masterdom/src/Masterdom.Modules.Lease/Domain/Entities/Lease/Events/CommercialTermsChangedDomainEvent.cs(5,22): warning CS1591: Missing XML comment for publicly visible type or member 'CommercialTermsChangedDomainEvent.CommercialTermsChangedDomainEvent(LeaseId, int, int, DateTime)' [/Users/kady/Masterdom/src/Masterdom.Modules.Lease/Masterdom.Modules.Lease.csproj]
/Users/kady/Masterdom/src/Masterdom.Modules.Lease/Domain/Entities/Lease/Events/CommercialTermsChangedDomainEvent.cs(6,13): warning CS1591: Missing XML comment for publicly visible type or member 'CommercialTermsChangedDomainEvent.LeaseId' [/Users/kady/Masterdom/src/Masterdom.Modules.Lease/Masterdom.Modules.Lease.csproj]
/Users/kady/Masterdom/src/Masterdom.Modules.Lease/Domain/Entities/Lease/Events/CommercialTermsChangedDomainEvent.cs(7,9): warning CS1591: Missing XML comment for publicly visible type or member 'CommercialTermsChangedDomainEvent.PreviousVersion' [/Users/kady/Masterdom/src/Masterdom.Modules.Lease/Masterdom.Modules.Lease.csproj]
/Users/kady/Masterdom/src/Masterdom.Modules.Lease/Domain/Entities/Lease/Events/CommercialTermsChangedDomainEvent.cs(8,9): warning CS1591: Missing XML comment for publicly visible type or member 'CommercialTermsChangedDomainEvent.NewVersion' [/Users/kady/Masterdom/src/Masterdom.Modules.Lease/Masterdom.Modules.Lease.csproj]
/Users/kady/Masterdom/src/Masterdom.Modules.Lease/Domain/Entities/Lease/Events/CommercialTermsChangedDomainEvent.cs(9,14): warning CS1591: Missing XML comment for publicly visible type or member 'CommercialTermsChangedDomainEvent.OccurredOnUtc' [/Users/kady/Masterdom/src/Masterdom.Modules.Lease/Masterdom.Modules.Lease.csproj]
/Users/kady/Masterdom/src/Masterdom.Modules.Lease/Domain/Entities/Lease/Events/LeaseActivatedDomainEvent.cs(5,22): warning CS1591: Missing XML comment for publicly visible type or member 'LeaseActivatedDomainEvent' [/Users/kady/Masterdom/src/Masterdom.Modules.Lease/Masterdom.Modules.Lease.csproj]
/Users/kady/Masterdom/src/Masterdom.Modules.Lease/Domain/Entities/Lease/Events/LeaseActivatedDomainEvent.cs(5,22): warning CS1591: Missing XML comment for publicly visible type or member 'LeaseActivatedDomainEvent.LeaseActivatedDomainEvent(LeaseId, int, DateTime)' [/Users/kady/Masterdom/src/Masterdom.Modules.Lease/Masterdom.Modules.Lease.csproj]
/Users/kady/Masterdom/src/Masterdom.Modules.Lease/Domain/Entities/Lease/Events/LeaseActivatedDomainEvent.cs(6,13): warning CS1591: Missing XML comment for publicly visible type or member 'LeaseActivatedDomainEvent.LeaseId' [/Users/kady/Masterdom/src/Masterdom.Modules.Lease/Masterdom.Modules.Lease.csproj]
/Users/kady/Masterdom/src/Masterdom.Modules.Lease/Domain/Entities/Lease/Events/LeaseActivatedDomainEvent.cs(7,9): warning CS1591: Missing XML comment for publicly visible type or member 'LeaseActivatedDomainEvent.VersionNumber' [/Users/kady/Masterdom/src/Masterdom.Modules.Lease/Masterdom.Modules.Lease.csproj]
/Users/kady/Masterdom/src/Masterdom.Modules.Lease/Domain/Entities/Lease/Events/LeaseActivatedDomainEvent.cs(8,14): warning CS1591: Missing XML comment for publicly visible type or member 'LeaseActivatedDomainEvent.OccurredOnUtc' [/Users/kady/Masterdom/src/Masterdom.Modules.Lease/Masterdom.Modules.Lease.csproj]
/Users/kady/Masterdom/src/Masterdom.Modules.Lease/Domain/Entities/Lease/Events/LeaseCreatedDomainEvent.cs(5,22): warning CS1591: Missing XML comment for publicly visible type or member 'LeaseCreatedDomainEvent' [/Users/kady/Masterdom/src/Masterdom.Modules.Lease/Masterdom.Modules.Lease.csproj]
/Users/kady/Masterdom/src/Masterdom.Modules.Lease/Domain/Entities/Lease/Events/LeaseCreatedDomainEvent.cs(5,22): warning CS1591: Missing XML comment for publicly visible type or member 'LeaseCreatedDomainEvent.LeaseCreatedDomainEvent(LeaseId, LeaseNumber, DateTime)' [/Users/kady/Masterdom/src/Masterdom.Modules.Lease/Masterdom.Modules.Lease.csproj]
/Users/kady/Masterdom/src/Masterdom.Modules.Lease/Domain/Entities/Lease/Events/LeaseCreatedDomainEvent.cs(6,13): warning CS1591: Missing XML comment for publicly visible type or member 'LeaseCreatedDomainEvent.LeaseId' [/Users/kady/Masterdom/src/Masterdom.Modules.Lease/Masterdom.Modules.Lease.csproj]
/Users/kady/Masterdom/src/Masterdom.Modules.Lease/Domain/Entities/Lease/Events/LeaseCreatedDomainEvent.cs(7,17): warning CS1591: Missing XML comment for publicly visible type or member 'LeaseCreatedDomainEvent.LeaseNumber' [/Users/kady/Masterdom/src/Masterdom.Modules.Lease/Masterdom.Modules.Lease.csproj]
/Users/kady/Masterdom/src/Masterdom.Modules.Lease/Domain/Entities/Lease/Events/LeaseCreatedDomainEvent.cs(8,14): warning CS1591: Missing XML comment for publicly visible type or member 'LeaseCreatedDomainEvent.OccurredOnUtc' [/Users/kady/Masterdom/src/Masterdom.Modules.Lease/Masterdom.Modules.Lease.csproj]
/Users/kady/Masterdom/src/Masterdom.Modules.Lease/Domain/Entities/Lease/Events/LeaseExpiredDomainEvent.cs(5,22): warning CS1591: Missing XML comment for publicly visible type or member 'LeaseExpiredDomainEvent' [/Users/kady/Masterdom/src/Masterdom.Modules.Lease/Masterdom.Modules.Lease.csproj]
/Users/kady/Masterdom/src/Masterdom.Modules.Lease/Domain/Entities/Lease/Events/LeaseExpiredDomainEvent.cs(5,22): warning CS1591: Missing XML comment for publicly visible type or member 'LeaseExpiredDomainEvent.LeaseExpiredDomainEvent(LeaseId, DateTime)' [/Users/kady/Masterdom/src/Masterdom.Modules.Lease/Masterdom.Modules.Lease.csproj]
/Users/kady/Masterdom/src/Masterdom.Modules.Lease/Domain/Entities/Lease/Events/LeaseExpiredDomainEvent.cs(6,13): warning CS1591: Missing XML comment for publicly visible type or member 'LeaseExpiredDomainEvent.LeaseId' [/Users/kady/Masterdom/src/Masterdom.Modules.Lease/Masterdom.Modules.Lease.csproj]
/Users/kady/Masterdom/src/Masterdom.Modules.Lease/Domain/Entities/Lease/Events/LeaseExpiredDomainEvent.cs(7,14): warning CS1591: Missing XML comment for publicly visible type or member 'LeaseExpiredDomainEvent.OccurredOnUtc' [/Users/kady/Masterdom/src/Masterdom.Modules.Lease/Masterdom.Modules.Lease.csproj]
/Users/kady/Masterdom/src/Masterdom.Modules.Lease/Domain/Entities/Lease/Events/LeaseRenewedDomainEvent.cs(5,22): warning CS1591: Missing XML comment for publicly visible type or member 'LeaseRenewedDomainEvent' [/Users/kady/Masterdom/src/Masterdom.Modules.Lease/Masterdom.Modules.Lease.csproj]
/Users/kady/Masterdom/src/Masterdom.Modules.Lease/Domain/Entities/Lease/Events/LeaseRenewedDomainEvent.cs(5,22): warning CS1591: Missing XML comment for publicly visible type or member 'LeaseRenewedDomainEvent.LeaseRenewedDomainEvent(LeaseId, int, int, RenewalDate, DateTime)' [/Users/kady/Masterdom/src/Masterdom.Modules.Lease/Masterdom.Modules.Lease.csproj]
/Users/kady/Masterdom/src/Masterdom.Modules.Lease/Domain/Entities/Lease/Events/LeaseRenewedDomainEvent.cs(6,13): warning CS1591: Missing XML comment for publicly visible type or member 'LeaseRenewedDomainEvent.LeaseId' [/Users/kady/Masterdom/src/Masterdom.Modules.Lease/Masterdom.Modules.Lease.csproj]
/Users/kady/Masterdom/src/Masterdom.Modules.Lease/Domain/Entities/Lease/Events/LeaseRenewedDomainEvent.cs(7,9): warning CS1591: Missing XML comment for publicly visible type or member 'LeaseRenewedDomainEvent.PreviousVersion' [/Users/kady/Masterdom/src/Masterdom.Modules.Lease/Masterdom.Modules.Lease.csproj]
/Users/kady/Masterdom/src/Masterdom.Modules.Lease/Domain/Entities/Lease/Events/LeaseRenewedDomainEvent.cs(8,9): warning CS1591: Missing XML comment for publicly visible type or member 'LeaseRenewedDomainEvent.NewVersion' [/Users/kady/Masterdom/src/Masterdom.Modules.Lease/Masterdom.Modules.Lease.csproj]
/Users/kady/Masterdom/src/Masterdom.Modules.Lease/Domain/Entities/Lease/Events/LeaseRenewedDomainEvent.cs(9,17): warning CS1591: Missing XML comment for publicly visible type or member 'LeaseRenewedDomainEvent.RenewalDate' [/Users/kady/Masterdom/src/Masterdom.Modules.Lease/Masterdom.Modules.Lease.csproj]
/Users/kady/Masterdom/src/Masterdom.Modules.Lease/Domain/Entities/Lease/Events/LeaseRenewedDomainEvent.cs(10,14): warning CS1591: Missing XML comment for publicly visible type or member 'LeaseRenewedDomainEvent.OccurredOnUtc' [/Users/kady/Masterdom/src/Masterdom.Modules.Lease/Masterdom.Modules.Lease.csproj]
/Users/kady/Masterdom/src/Masterdom.Modules.Lease/Domain/Entities/Lease/Events/LeaseTerminatedDomainEvent.cs(5,22): warning CS1591: Missing XML comment for publicly visible type or member 'LeaseTerminatedDomainEvent' [/Users/kady/Masterdom/src/Masterdom.Modules.Lease/Masterdom.Modules.Lease.csproj]
/Users/kady/Masterdom/src/Masterdom.Modules.Lease/Domain/Entities/Lease/Events/LeaseTerminatedDomainEvent.cs(5,22): warning CS1591: Missing XML comment for publicly visible type or member 'LeaseTerminatedDomainEvent.LeaseTerminatedDomainEvent(LeaseId, TerminationReason, DateTime)' [/Users/kady/Masterdom/src/Masterdom.Modules.Lease/Masterdom.Modules.Lease.csproj]
/Users/kady/Masterdom/src/Masterdom.Modules.Lease/Domain/Entities/Lease/Events/LeaseTerminatedDomainEvent.cs(6,13): warning CS1591: Missing XML comment for publicly visible type or member 'LeaseTerminatedDomainEvent.LeaseId' [/Users/kady/Masterdom/src/Masterdom.Modules.Lease/Masterdom.Modules.Lease.csproj]
/Users/kady/Masterdom/src/Masterdom.Modules.Lease/Domain/Entities/Lease/Events/LeaseTerminatedDomainEvent.cs(7,23): warning CS1591: Missing XML comment for publicly visible type or member 'LeaseTerminatedDomainEvent.Reason' [/Users/kady/Masterdom/src/Masterdom.Modules.Lease/Masterdom.Modules.Lease.csproj]
/Users/kady/Masterdom/src/Masterdom.Modules.Lease/Domain/Entities/Lease/Events/LeaseTerminatedDomainEvent.cs(8,14): warning CS1591: Missing XML comment for publicly visible type or member 'LeaseTerminatedDomainEvent.OccurredOnUtc' [/Users/kady/Masterdom/src/Masterdom.Modules.Lease/Masterdom.Modules.Lease.csproj]
/Users/kady/Masterdom/src/Masterdom.Modules.Lease/Domain/Entities/Lease/ExpiryDate.cs(15,21): warning CS1591: Missing XML comment for publicly visible type or member 'ExpiryDate.Value' [/Users/kady/Masterdom/src/Masterdom.Modules.Lease/Masterdom.Modules.Lease.csproj]
/Users/kady/Masterdom/src/Masterdom.Modules.Lease/Domain/Entities/Lease/ExpiryDate.cs(17,30): warning CS1591: Missing XML comment for publicly visible type or member 'ExpiryDate.Create(DateOnly)' [/Users/kady/Masterdom/src/Masterdom.Modules.Lease/Masterdom.Modules.Lease.csproj]
/Users/kady/Masterdom/src/Masterdom.Modules.Lease/Domain/Entities/Lease/ExpiryDate.cs(22,45): warning CS1591: Missing XML comment for publicly visible type or member 'ExpiryDate.GetEqualityComponents()' [/Users/kady/Masterdom/src/Masterdom.Modules.Lease/Masterdom.Modules.Lease.csproj]
/Users/kady/Masterdom/src/Masterdom.Modules.Lease/Domain/Entities/Lease/Lease.cs(37,24): warning CS1591: Missing XML comment for publicly visible type or member 'Lease.Number' [/Users/kady/Masterdom/src/Masterdom.Modules.Lease/Masterdom.Modules.Lease.csproj]
/Users/kady/Masterdom/src/Masterdom.Modules.Lease/Domain/Entities/Lease/Lease.cs(39,22): warning CS1591: Missing XML comment for publicly visible type or member 'Lease.Type' [/Users/kady/Masterdom/src/Masterdom.Modules.Lease/Masterdom.Modules.Lease.csproj]
/Users/kady/Masterdom/src/Masterdom.Modules.Lease/Domain/Entities/Lease/Lease.cs(41,29): warning CS1591: Missing XML comment for publicly visible type or member 'Lease.Tenancy' [/Users/kady/Masterdom/src/Masterdom.Modules.Lease/Masterdom.Modules.Lease.csproj]
/Users/kady/Masterdom/src/Masterdom.Modules.Lease/Domain/Entities/Lease/Lease.cs(43,30): warning CS1591: Missing XML comment for publicly visible type or member 'Lease.Property' [/Users/kady/Masterdom/src/Masterdom.Modules.Lease/Masterdom.Modules.Lease.csproj]
/Users/kady/Masterdom/src/Masterdom.Modules.Lease/Domain/Entities/Lease/Lease.cs(45,26): warning CS1591: Missing XML comment for publicly visible type or member 'Lease.Unit' [/Users/kady/Masterdom/src/Masterdom.Modules.Lease/Masterdom.Modules.Lease.csproj]
/Users/kady/Masterdom/src/Masterdom.Modules.Lease/Domain/Entities/Lease/Lease.cs(47,28): warning CS1591: Missing XML comment for publicly visible type or member 'Lease.Person' [/Users/kady/Masterdom/src/Masterdom.Modules.Lease/Masterdom.Modules.Lease.csproj]
/Users/kady/Masterdom/src/Masterdom.Modules.Lease/Domain/Entities/Lease/Lease.cs(49,24): warning CS1591: Missing XML comment for publicly visible type or member 'Lease.Status' [/Users/kady/Masterdom/src/Masterdom.Modules.Lease/Masterdom.Modules.Lease.csproj]
/Users/kady/Masterdom/src/Masterdom.Modules.Lease/Domain/Entities/Lease/Lease.cs(51,31): warning CS1591: Missing XML comment for publicly visible type or member 'Lease.TerminationReason' [/Users/kady/Masterdom/src/Masterdom.Modules.Lease/Masterdom.Modules.Lease.csproj]
/Users/kady/Masterdom/src/Masterdom.Modules.Lease/Domain/Entities/Lease/Lease.cs(53,46): warning CS1591: Missing XML comment for publicly visible type or member 'Lease.Versions' [/Users/kady/Masterdom/src/Masterdom.Modules.Lease/Masterdom.Modules.Lease.csproj]
/Users/kady/Masterdom/src/Masterdom.Modules.Lease/Domain/Entities/Lease/Lease.cs(55,46): warning CS1591: Missing XML comment for publicly visible type or member 'Lease.DomainEvents' [/Users/kady/Masterdom/src/Masterdom.Modules.Lease/Masterdom.Modules.Lease.csproj]
/Users/kady/Masterdom/src/Masterdom.Modules.Lease/Domain/Entities/Lease/Lease.cs(57,25): warning CS1591: Missing XML comment for publicly visible type or member 'Lease.Create(LeaseNumber, LeaseType, TenancyReference, PropertyReference, UnitReference, PersonReference, EffectivePeriod, CommercialTerms, LeaseClauses)' [/Users/kady/Masterdom/src/Masterdom.Modules.Lease/Masterdom.Modules.Lease.csproj]
/Users/kady/Masterdom/src/Masterdom.Modules.Lease/Domain/Entities/Lease/Lease.cs(101,25): warning CS1591: Missing XML comment for publicly visible type or member 'Lease.CurrentVersion' [/Users/kady/Masterdom/src/Masterdom.Modules.Lease/Masterdom.Modules.Lease.csproj]
/Users/kady/Masterdom/src/Masterdom.Modules.Lease/Domain/Entities/Lease/Lease.cs(103,17): warning CS1591: Missing XML comment for publicly visible type or member 'Lease.Activate()' [/Users/kady/Masterdom/src/Masterdom.Modules.Lease/Masterdom.Modules.Lease.csproj]
/Users/kady/Masterdom/src/Masterdom.Modules.Lease/Domain/Entities/Lease/Lease.cs(122,17): warning CS1591: Missing XML comment for publicly visible type or member 'Lease.Renew(RenewalDate, EffectivePeriod, CommercialTerms, LeaseClauses)' [/Users/kady/Masterdom/src/Masterdom.Modules.Lease/Masterdom.Modules.Lease.csproj]
/Users/kady/Masterdom/src/Masterdom.Modules.Lease/Domain/Entities/Lease/Lease.cs(159,17): warning CS1591: Missing XML comment for publicly visible type or member 'Lease.ChangeCommercialTerms(CommercialTerms, EffectivePeriod)' [/Users/kady/Masterdom/src/Masterdom.Modules.Lease/Masterdom.Modules.Lease.csproj]
/Users/kady/Masterdom/src/Masterdom.Modules.Lease/Domain/Entities/Lease/Lease.cs(184,17): warning CS1591: Missing XML comment for publicly visible type or member 'Lease.Terminate(TerminationReason)' [/Users/kady/Masterdom/src/Masterdom.Modules.Lease/Masterdom.Modules.Lease.csproj]
/Users/kady/Masterdom/src/Masterdom.Modules.Lease/Domain/Entities/Lease/Lease.cs(195,17): warning CS1591: Missing XML comment for publicly visible type or member 'Lease.Expire()' [/Users/kady/Masterdom/src/Masterdom.Modules.Lease/Masterdom.Modules.Lease.csproj]
/Users/kady/Masterdom/src/Masterdom.Modules.Lease/Domain/Entities/Lease/Lease.cs(204,17): warning CS1591: Missing XML comment for publicly visible type or member 'Lease.Close()' [/Users/kady/Masterdom/src/Masterdom.Modules.Lease/Masterdom.Modules.Lease.csproj]
/Users/kady/Masterdom/src/Masterdom.Modules.Lease/Domain/Entities/Lease/Lease.cs(214,17): warning CS1591: Missing XML comment for publicly visible type or member 'Lease.ClearDomainEvents()' [/Users/kady/Masterdom/src/Masterdom.Modules.Lease/Masterdom.Modules.Lease.csproj]
/Users/kady/Masterdom/src/Masterdom.Modules.Lease/Domain/Entities/Lease/LeaseClause.cs(16,19): warning CS1591: Missing XML comment for publicly visible type or member 'LeaseClause.Code' [/Users/kady/Masterdom/src/Masterdom.Modules.Lease/Masterdom.Modules.Lease.csproj]
/Users/kady/Masterdom/src/Masterdom.Modules.Lease/Domain/Entities/Lease/LeaseClause.cs(18,19): warning CS1591: Missing XML comment for publicly visible type or member 'LeaseClause.Text' [/Users/kady/Masterdom/src/Masterdom.Modules.Lease/Masterdom.Modules.Lease.csproj]
/Users/kady/Masterdom/src/Masterdom.Modules.Lease/Domain/Entities/Lease/LeaseClause.cs(20,31): warning CS1591: Missing XML comment for publicly visible type or member 'LeaseClause.Create(string, string)' [/Users/kady/Masterdom/src/Masterdom.Modules.Lease/Masterdom.Modules.Lease.csproj]
/Users/kady/Masterdom/src/Masterdom.Modules.Lease/Domain/Entities/Lease/LeaseClause.cs(41,45): warning CS1591: Missing XML comment for publicly visible type or member 'LeaseClause.GetEqualityComponents()' [/Users/kady/Masterdom/src/Masterdom.Modules.Lease/Masterdom.Modules.Lease.csproj]
/Users/kady/Masterdom/src/Masterdom.Modules.Lease/Domain/Entities/Lease/LeaseClauses.cs(15,29): warning CS1591: Missing XML comment for publicly visible type or member 'LeaseClauses.Collection' [/Users/kady/Masterdom/src/Masterdom.Modules.Lease/Masterdom.Modules.Lease.csproj]
/Users/kady/Masterdom/src/Masterdom.Modules.Lease/Domain/Entities/Lease/LeaseClauses.cs(17,32): warning CS1591: Missing XML comment for publicly visible type or member 'LeaseClauses.Create(ClauseCollection)' [/Users/kady/Masterdom/src/Masterdom.Modules.Lease/Masterdom.Modules.Lease.csproj]
/Users/kady/Masterdom/src/Masterdom.Modules.Lease/Domain/Entities/Lease/LeaseClauses.cs(23,45): warning CS1591: Missing XML comment for publicly visible type or member 'LeaseClauses.GetEqualityComponents()' [/Users/kady/Masterdom/src/Masterdom.Modules.Lease/Masterdom.Modules.Lease.csproj]
/Users/kady/Masterdom/src/Masterdom.Modules.Lease/Domain/Entities/Lease/LeaseId.cs(10,27): warning CS1591: Missing XML comment for publicly visible type or member 'LeaseId.New()' [/Users/kady/Masterdom/src/Masterdom.Modules.Lease/Masterdom.Modules.Lease.csproj]
/Users/kady/Masterdom/src/Masterdom.Modules.Lease/Domain/Entities/Lease/LeaseId.cs(15,27): warning CS1591: Missing XML comment for publicly visible type or member 'LeaseId.From(Guid)' [/Users/kady/Masterdom/src/Masterdom.Modules.Lease/Masterdom.Modules.Lease.csproj]
/Users/kady/Masterdom/src/Masterdom.Modules.Lease/Domain/Entities/Lease/LeaseNumber.cs(15,19): warning CS1591: Missing XML comment for publicly visible type or member 'LeaseNumber.Value' [/Users/kady/Masterdom/src/Masterdom.Modules.Lease/Masterdom.Modules.Lease.csproj]
/Users/kady/Masterdom/src/Masterdom.Modules.Lease/Domain/Entities/Lease/LeaseNumber.cs(17,31): warning CS1591: Missing XML comment for publicly visible type or member 'LeaseNumber.Create(string)' [/Users/kady/Masterdom/src/Masterdom.Modules.Lease/Masterdom.Modules.Lease.csproj]
/Users/kady/Masterdom/src/Masterdom.Modules.Lease/Domain/Entities/Lease/LeaseNumber.cs(30,45): warning CS1591: Missing XML comment for publicly visible type or member 'LeaseNumber.GetEqualityComponents()' [/Users/kady/Masterdom/src/Masterdom.Modules.Lease/Masterdom.Modules.Lease.csproj]
/Users/kady/Masterdom/src/Masterdom.Modules.Lease/Domain/Entities/Lease/LeaseNumber.cs(35,28): warning CS1591: Missing XML comment for publicly visible type or member 'LeaseNumber.ToString()' [/Users/kady/Masterdom/src/Masterdom.Modules.Lease/Masterdom.Modules.Lease.csproj]
/Users/kady/Masterdom/src/Masterdom.Modules.Lease/Domain/Entities/Lease/LeaseStatus.cs(10,40): warning CS1591: Missing XML comment for publicly visible type or member 'LeaseStatus.Draft' [/Users/kady/Masterdom/src/Masterdom.Modules.Lease/Masterdom.Modules.Lease.csproj]
/Users/kady/Masterdom/src/Masterdom.Modules.Lease/Domain/Entities/Lease/LeaseStatus.cs(11,40): warning CS1591: Missing XML comment for publicly visible type or member 'LeaseStatus.Active' [/Users/kady/Masterdom/src/Masterdom.Modules.Lease/Masterdom.Modules.Lease.csproj]
/Users/kady/Masterdom/src/Masterdom.Modules.Lease/Domain/Entities/Lease/LeaseStatus.cs(12,40): warning CS1591: Missing XML comment for publicly visible type or member 'LeaseStatus.Terminated' [/Users/kady/Masterdom/src/Masterdom.Modules.Lease/Masterdom.Modules.Lease.csproj]
/Users/kady/Masterdom/src/Masterdom.Modules.Lease/Domain/Entities/Lease/LeaseStatus.cs(13,40): warning CS1591: Missing XML comment for publicly visible type or member 'LeaseStatus.Expired' [/Users/kady/Masterdom/src/Masterdom.Modules.Lease/Masterdom.Modules.Lease.csproj]
/Users/kady/Masterdom/src/Masterdom.Modules.Lease/Domain/Entities/Lease/LeaseStatus.cs(14,40): warning CS1591: Missing XML comment for publicly visible type or member 'LeaseStatus.Closed' [/Users/kady/Masterdom/src/Masterdom.Modules.Lease/Masterdom.Modules.Lease.csproj]
/Users/kady/Masterdom/src/Masterdom.Modules.Lease/Domain/Entities/Lease/LeaseStatus.cs(21,19): warning CS1591: Missing XML comment for publicly visible type or member 'LeaseStatus.Value' [/Users/kady/Masterdom/src/Masterdom.Modules.Lease/Masterdom.Modules.Lease.csproj]
/Users/kady/Masterdom/src/Masterdom.Modules.Lease/Domain/Entities/Lease/LeaseStatus.cs(23,31): warning CS1591: Missing XML comment for publicly visible type or member 'LeaseStatus.Create(string)' [/Users/kady/Masterdom/src/Masterdom.Modules.Lease/Masterdom.Modules.Lease.csproj]
/Users/kady/Masterdom/src/Masterdom.Modules.Lease/Domain/Entities/Lease/LeaseStatus.cs(38,45): warning CS1591: Missing XML comment for publicly visible type or member 'LeaseStatus.GetEqualityComponents()' [/Users/kady/Masterdom/src/Masterdom.Modules.Lease/Masterdom.Modules.Lease.csproj]
/Users/kady/Masterdom/src/Masterdom.Modules.Lease/Domain/Entities/Lease/LeaseStatus.cs(43,28): warning CS1591: Missing XML comment for publicly visible type or member 'LeaseStatus.ToString()' [/Users/kady/Masterdom/src/Masterdom.Modules.Lease/Masterdom.Modules.Lease.csproj]
/Users/kady/Masterdom/src/Masterdom.Modules.Lease/Domain/Entities/Lease/LeaseType.cs(10,38): warning CS1591: Missing XML comment for publicly visible type or member 'LeaseType.Residential' [/Users/kady/Masterdom/src/Masterdom.Modules.Lease/Masterdom.Modules.Lease.csproj]
/Users/kady/Masterdom/src/Masterdom.Modules.Lease/Domain/Entities/Lease/LeaseType.cs(11,38): warning CS1591: Missing XML comment for publicly visible type or member 'LeaseType.Commercial' [/Users/kady/Masterdom/src/Masterdom.Modules.Lease/Masterdom.Modules.Lease.csproj]
/Users/kady/Masterdom/src/Masterdom.Modules.Lease/Domain/Entities/Lease/LeaseType.cs(12,38): warning CS1591: Missing XML comment for publicly visible type or member 'LeaseType.Corporate' [/Users/kady/Masterdom/src/Masterdom.Modules.Lease/Masterdom.Modules.Lease.csproj]
/Users/kady/Masterdom/src/Masterdom.Modules.Lease/Domain/Entities/Lease/LeaseType.cs(19,19): warning CS1591: Missing XML comment for publicly visible type or member 'LeaseType.Value' [/Users/kady/Masterdom/src/Masterdom.Modules.Lease/Masterdom.Modules.Lease.csproj]
/Users/kady/Masterdom/src/Masterdom.Modules.Lease/Domain/Entities/Lease/LeaseType.cs(21,29): warning CS1591: Missing XML comment for publicly visible type or member 'LeaseType.Create(string)' [/Users/kady/Masterdom/src/Masterdom.Modules.Lease/Masterdom.Modules.Lease.csproj]
/Users/kady/Masterdom/src/Masterdom.Modules.Lease/Domain/Entities/Lease/LeaseType.cs(34,45): warning CS1591: Missing XML comment for publicly visible type or member 'LeaseType.GetEqualityComponents()' [/Users/kady/Masterdom/src/Masterdom.Modules.Lease/Masterdom.Modules.Lease.csproj]
/Users/kady/Masterdom/src/Masterdom.Modules.Lease/Domain/Entities/Lease/LeaseType.cs(39,28): warning CS1591: Missing XML comment for publicly visible type or member 'LeaseType.ToString()' [/Users/kady/Masterdom/src/Masterdom.Modules.Lease/Masterdom.Modules.Lease.csproj]
/Users/kady/Masterdom/src/Masterdom.Modules.Lease/Domain/Entities/Lease/LeaseVersion.cs(26,16): warning CS1591: Missing XML comment for publicly visible type or member 'LeaseVersion.VersionNumber' [/Users/kady/Masterdom/src/Masterdom.Modules.Lease/Masterdom.Modules.Lease.csproj]
/Users/kady/Masterdom/src/Masterdom.Modules.Lease/Domain/Entities/Lease/LeaseVersion.cs(28,28): warning CS1591: Missing XML comment for publicly visible type or member 'LeaseVersion.EffectivePeriod' [/Users/kady/Masterdom/src/Masterdom.Modules.Lease/Masterdom.Modules.Lease.csproj]
/Users/kady/Masterdom/src/Masterdom.Modules.Lease/Domain/Entities/Lease/LeaseVersion.cs(30,25): warning CS1591: Missing XML comment for publicly visible type or member 'LeaseVersion.RenewalDate' [/Users/kady/Masterdom/src/Masterdom.Modules.Lease/Masterdom.Modules.Lease.csproj]
/Users/kady/Masterdom/src/Masterdom.Modules.Lease/Domain/Entities/Lease/LeaseVersion.cs(32,28): warning CS1591: Missing XML comment for publicly visible type or member 'LeaseVersion.CommercialTerms' [/Users/kady/Masterdom/src/Masterdom.Modules.Lease/Masterdom.Modules.Lease.csproj]
/Users/kady/Masterdom/src/Masterdom.Modules.Lease/Domain/Entities/Lease/LeaseVersion.cs(34,25): warning CS1591: Missing XML comment for publicly visible type or member 'LeaseVersion.LeaseClauses' [/Users/kady/Masterdom/src/Masterdom.Modules.Lease/Masterdom.Modules.Lease.csproj]
/Users/kady/Masterdom/src/Masterdom.Modules.Lease/Domain/Entities/Lease/LeaseVersion.cs(36,17): warning CS1591: Missing XML comment for publicly visible type or member 'LeaseVersion.IsActive' [/Users/kady/Masterdom/src/Masterdom.Modules.Lease/Masterdom.Modules.Lease.csproj]
/Users/kady/Masterdom/src/Masterdom.Modules.Lease/Domain/Entities/Lease/LeaseVersion.cs(38,32): warning CS1591: Missing XML comment for publicly visible type or member 'LeaseVersion.Create(int, EffectivePeriod, RenewalDate?, CommercialTerms, LeaseClauses, bool)' [/Users/kady/Masterdom/src/Masterdom.Modules.Lease/Masterdom.Modules.Lease.csproj]
/Users/kady/Masterdom/src/Masterdom.Modules.Lease/Domain/Entities/Lease/LeaseVersion.cs(64,25): warning CS1591: Missing XML comment for publicly visible type or member 'LeaseVersion.Activate()' [/Users/kady/Masterdom/src/Masterdom.Modules.Lease/Masterdom.Modules.Lease.csproj]
/Users/kady/Masterdom/src/Masterdom.Modules.Lease/Domain/Entities/Lease/LeaseVersion.cs(75,25): warning CS1591: Missing XML comment for publicly visible type or member 'LeaseVersion.Deactivate()' [/Users/kady/Masterdom/src/Masterdom.Modules.Lease/Masterdom.Modules.Lease.csproj]
/Users/kady/Masterdom/src/Masterdom.Modules.Lease/Domain/Entities/Lease/LeaseVersion.cs(86,45): warning CS1591: Missing XML comment for publicly visible type or member 'LeaseVersion.GetEqualityComponents()' [/Users/kady/Masterdom/src/Masterdom.Modules.Lease/Masterdom.Modules.Lease.csproj]
/Users/kady/Masterdom/src/Masterdom.Modules.Lease/Domain/Entities/Lease/PersonReference.cs(16,21): warning CS1591: Missing XML comment for publicly visible type or member 'PersonReference.PersonId' [/Users/kady/Masterdom/src/Masterdom.Modules.Lease/Masterdom.Modules.Lease.csproj]
/Users/kady/Masterdom/src/Masterdom.Modules.Lease/Domain/Entities/Lease/PersonReference.cs(18,35): warning CS1591: Missing XML comment for publicly visible type or member 'PersonReference.Create(PersonId)' [/Users/kady/Masterdom/src/Masterdom.Modules.Lease/Masterdom.Modules.Lease.csproj]
/Users/kady/Masterdom/src/Masterdom.Modules.Lease/Domain/Entities/Lease/PersonReference.cs(24,45): warning CS1591: Missing XML comment for publicly visible type or member 'PersonReference.GetEqualityComponents()' [/Users/kady/Masterdom/src/Masterdom.Modules.Lease/Masterdom.Modules.Lease.csproj]
/Users/kady/Masterdom/src/Masterdom.Modules.Lease/Domain/Entities/Lease/PropertyReference.cs(15,17): warning CS1591: Missing XML comment for publicly visible type or member 'PropertyReference.PropertyId' [/Users/kady/Masterdom/src/Masterdom.Modules.Lease/Masterdom.Modules.Lease.csproj]
/Users/kady/Masterdom/src/Masterdom.Modules.Lease/Domain/Entities/Lease/PropertyReference.cs(17,37): warning CS1591: Missing XML comment for publicly visible type or member 'PropertyReference.Create(Guid)' [/Users/kady/Masterdom/src/Masterdom.Modules.Lease/Masterdom.Modules.Lease.csproj]
/Users/kady/Masterdom/src/Masterdom.Modules.Lease/Domain/Entities/Lease/PropertyReference.cs(27,45): warning CS1591: Missing XML comment for publicly visible type or member 'PropertyReference.GetEqualityComponents()' [/Users/kady/Masterdom/src/Masterdom.Modules.Lease/Masterdom.Modules.Lease.csproj]
/Users/kady/Masterdom/src/Masterdom.Modules.Lease/Domain/Entities/Lease/RenewalDate.cs(15,21): warning CS1591: Missing XML comment for publicly visible type or member 'RenewalDate.Value' [/Users/kady/Masterdom/src/Masterdom.Modules.Lease/Masterdom.Modules.Lease.csproj]
/Users/kady/Masterdom/src/Masterdom.Modules.Lease/Domain/Entities/Lease/RenewalDate.cs(17,31): warning CS1591: Missing XML comment for publicly visible type or member 'RenewalDate.Create(DateOnly)' [/Users/kady/Masterdom/src/Masterdom.Modules.Lease/Masterdom.Modules.Lease.csproj]
/Users/kady/Masterdom/src/Masterdom.Modules.Lease/Domain/Entities/Lease/RenewalDate.cs(22,45): warning CS1591: Missing XML comment for publicly visible type or member 'RenewalDate.GetEqualityComponents()' [/Users/kady/Masterdom/src/Masterdom.Modules.Lease/Masterdom.Modules.Lease.csproj]
/Users/kady/Masterdom/src/Masterdom.Modules.Lease/Domain/Entities/Lease/RenewalTerms.cs(17,17): warning CS1591: Missing XML comment for publicly visible type or member 'RenewalTerms.AutoRenew' [/Users/kady/Masterdom/src/Masterdom.Modules.Lease/Masterdom.Modules.Lease.csproj]
/Users/kady/Masterdom/src/Masterdom.Modules.Lease/Domain/Entities/Lease/RenewalTerms.cs(19,16): warning CS1591: Missing XML comment for publicly visible type or member 'RenewalTerms.NoticePeriodDays' [/Users/kady/Masterdom/src/Masterdom.Modules.Lease/Masterdom.Modules.Lease.csproj]
/Users/kady/Masterdom/src/Masterdom.Modules.Lease/Domain/Entities/Lease/RenewalTerms.cs(21,19): warning CS1591: Missing XML comment for publicly visible type or member 'RenewalTerms.RenewalPolicyReference' [/Users/kady/Masterdom/src/Masterdom.Modules.Lease/Masterdom.Modules.Lease.csproj]
/Users/kady/Masterdom/src/Masterdom.Modules.Lease/Domain/Entities/Lease/RenewalTerms.cs(23,32): warning CS1591: Missing XML comment for publicly visible type or member 'RenewalTerms.Create(bool, int, string)' [/Users/kady/Masterdom/src/Masterdom.Modules.Lease/Masterdom.Modules.Lease.csproj]
/Users/kady/Masterdom/src/Masterdom.Modules.Lease/Domain/Entities/Lease/RenewalTerms.cs(41,45): warning CS1591: Missing XML comment for publicly visible type or member 'RenewalTerms.GetEqualityComponents()' [/Users/kady/Masterdom/src/Masterdom.Modules.Lease/Masterdom.Modules.Lease.csproj]
/Users/kady/Masterdom/src/Masterdom.Modules.Lease/Domain/Entities/Lease/RentTerms.cs(18,20): warning CS1591: Missing XML comment for publicly visible type or member 'RentTerms.MonthlyRent' [/Users/kady/Masterdom/src/Masterdom.Modules.Lease/Masterdom.Modules.Lease.csproj]
/Users/kady/Masterdom/src/Masterdom.Modules.Lease/Domain/Entities/Lease/RentTerms.cs(20,29): warning CS1591: Missing XML comment for publicly visible type or member 'RentTerms.BillingFrequency' [/Users/kady/Masterdom/src/Masterdom.Modules.Lease/Masterdom.Modules.Lease.csproj]
/Users/kady/Masterdom/src/Masterdom.Modules.Lease/Domain/Entities/Lease/RentTerms.cs(22,16): warning CS1591: Missing XML comment for publicly visible type or member 'RentTerms.RentDueDay' [/Users/kady/Masterdom/src/Masterdom.Modules.Lease/Masterdom.Modules.Lease.csproj]
/Users/kady/Masterdom/src/Masterdom.Modules.Lease/Domain/Entities/Lease/RentTerms.cs(24,16): warning CS1591: Missing XML comment for publicly visible type or member 'RentTerms.GracePeriodDays' [/Users/kady/Masterdom/src/Masterdom.Modules.Lease/Masterdom.Modules.Lease.csproj]
/Users/kady/Masterdom/src/Masterdom.Modules.Lease/Domain/Entities/Lease/RentTerms.cs(26,29): warning CS1591: Missing XML comment for publicly visible type or member 'RentTerms.Create(decimal, BillingFrequency, int, int)' [/Users/kady/Masterdom/src/Masterdom.Modules.Lease/Masterdom.Modules.Lease.csproj]
/Users/kady/Masterdom/src/Masterdom.Modules.Lease/Domain/Entities/Lease/RentTerms.cs(48,45): warning CS1591: Missing XML comment for publicly visible type or member 'RentTerms.GetEqualityComponents()' [/Users/kady/Masterdom/src/Masterdom.Modules.Lease/Masterdom.Modules.Lease.csproj]
/Users/kady/Masterdom/src/Masterdom.Modules.Lease/Domain/Entities/Lease/SecurityDepositReference.cs(15,19): warning CS1591: Missing XML comment for publicly visible type or member 'SecurityDepositReference.Value' [/Users/kady/Masterdom/src/Masterdom.Modules.Lease/Masterdom.Modules.Lease.csproj]
/Users/kady/Masterdom/src/Masterdom.Modules.Lease/Domain/Entities/Lease/SecurityDepositReference.cs(17,44): warning CS1591: Missing XML comment for publicly visible type or member 'SecurityDepositReference.Create(string)' [/Users/kady/Masterdom/src/Masterdom.Modules.Lease/Masterdom.Modules.Lease.csproj]
/Users/kady/Masterdom/src/Masterdom.Modules.Lease/Domain/Entities/Lease/SecurityDepositReference.cs(30,45): warning CS1591: Missing XML comment for publicly visible type or member 'SecurityDepositReference.GetEqualityComponents()' [/Users/kady/Masterdom/src/Masterdom.Modules.Lease/Masterdom.Modules.Lease.csproj]
/Users/kady/Masterdom/src/Masterdom.Modules.Lease/Domain/Entities/Lease/TenancyReference.cs(15,17): warning CS1591: Missing XML comment for publicly visible type or member 'TenancyReference.TenancyId' [/Users/kady/Masterdom/src/Masterdom.Modules.Lease/Masterdom.Modules.Lease.csproj]
/Users/kady/Masterdom/src/Masterdom.Modules.Lease/Domain/Entities/Lease/TenancyReference.cs(17,36): warning CS1591: Missing XML comment for publicly visible type or member 'TenancyReference.Create(Guid)' [/Users/kady/Masterdom/src/Masterdom.Modules.Lease/Masterdom.Modules.Lease.csproj]
/Users/kady/Masterdom/src/Masterdom.Modules.Lease/Domain/Entities/Lease/TenancyReference.cs(27,45): warning CS1591: Missing XML comment for publicly visible type or member 'TenancyReference.GetEqualityComponents()' [/Users/kady/Masterdom/src/Masterdom.Modules.Lease/Masterdom.Modules.Lease.csproj]
/Users/kady/Masterdom/src/Masterdom.Modules.Lease/Domain/Entities/Lease/TerminationReason.cs(15,19): warning CS1591: Missing XML comment for publicly visible type or member 'TerminationReason.Value' [/Users/kady/Masterdom/src/Masterdom.Modules.Lease/Masterdom.Modules.Lease.csproj]
/Users/kady/Masterdom/src/Masterdom.Modules.Lease/Domain/Entities/Lease/TerminationReason.cs(17,37): warning CS1591: Missing XML comment for publicly visible type or member 'TerminationReason.Create(string)' [/Users/kady/Masterdom/src/Masterdom.Modules.Lease/Masterdom.Modules.Lease.csproj]
/Users/kady/Masterdom/src/Masterdom.Modules.Lease/Domain/Entities/Lease/TerminationReason.cs(30,45): warning CS1591: Missing XML comment for publicly visible type or member 'TerminationReason.GetEqualityComponents()' [/Users/kady/Masterdom/src/Masterdom.Modules.Lease/Masterdom.Modules.Lease.csproj]
/Users/kady/Masterdom/src/Masterdom.Modules.Lease/Domain/Entities/Lease/TerminationTerms.cs(17,16): warning CS1591: Missing XML comment for publicly visible type or member 'TerminationTerms.NoticePeriodDays' [/Users/kady/Masterdom/src/Masterdom.Modules.Lease/Masterdom.Modules.Lease.csproj]
/Users/kady/Masterdom/src/Masterdom.Modules.Lease/Domain/Entities/Lease/TerminationTerms.cs(19,19): warning CS1591: Missing XML comment for publicly visible type or member 'TerminationTerms.TerminationPolicyReference' [/Users/kady/Masterdom/src/Masterdom.Modules.Lease/Masterdom.Modules.Lease.csproj]
/Users/kady/Masterdom/src/Masterdom.Modules.Lease/Domain/Entities/Lease/TerminationTerms.cs(21,19): warning CS1591: Missing XML comment for publicly visible type or member 'TerminationTerms.LateFeePolicyReference' [/Users/kady/Masterdom/src/Masterdom.Modules.Lease/Masterdom.Modules.Lease.csproj]
/Users/kady/Masterdom/src/Masterdom.Modules.Lease/Domain/Entities/Lease/TerminationTerms.cs(23,36): warning CS1591: Missing XML comment for publicly visible type or member 'TerminationTerms.Create(int, string, string)' [/Users/kady/Masterdom/src/Masterdom.Modules.Lease/Masterdom.Modules.Lease.csproj]
/Users/kady/Masterdom/src/Masterdom.Modules.Lease/Domain/Entities/Lease/TerminationTerms.cs(49,45): warning CS1591: Missing XML comment for publicly visible type or member 'TerminationTerms.GetEqualityComponents()' [/Users/kady/Masterdom/src/Masterdom.Modules.Lease/Masterdom.Modules.Lease.csproj]
/Users/kady/Masterdom/src/Masterdom.Modules.Lease/Domain/Entities/Lease/UnitReference.cs(15,17): warning CS1591: Missing XML comment for publicly visible type or member 'UnitReference.UnitId' [/Users/kady/Masterdom/src/Masterdom.Modules.Lease/Masterdom.Modules.Lease.csproj]
/Users/kady/Masterdom/src/Masterdom.Modules.Lease/Domain/Entities/Lease/UnitReference.cs(17,33): warning CS1591: Missing XML comment for publicly visible type or member 'UnitReference.Create(Guid)' [/Users/kady/Masterdom/src/Masterdom.Modules.Lease/Masterdom.Modules.Lease.csproj]
/Users/kady/Masterdom/src/Masterdom.Modules.Lease/Domain/Entities/Lease/UnitReference.cs(27,45): warning CS1591: Missing XML comment for publicly visible type or member 'UnitReference.GetEqualityComponents()' [/Users/kady/Masterdom/src/Masterdom.Modules.Lease/Masterdom.Modules.Lease.csproj]
/Users/kady/Masterdom/src/Masterdom.Modules.Lease/Domain/Repositories/ILeaseRepository.cs(6,18): warning CS1591: Missing XML comment for publicly visible type or member 'ILeaseRepository' [/Users/kady/Masterdom/src/Masterdom.Modules.Lease/Masterdom.Modules.Lease.csproj]
/Users/kady/Masterdom/src/Masterdom.Modules.Lease/Domain/Repositories/ILeaseRepository.cs(8,10): warning CS1591: Missing XML comment for publicly visible type or member 'ILeaseRepository.Add(Lease)' [/Users/kady/Masterdom/src/Masterdom.Modules.Lease/Masterdom.Modules.Lease.csproj]
/Users/kady/Masterdom/src/Masterdom.Modules.Lease/Domain/Repositories/ILeaseRepository.cs(10,21): warning CS1591: Missing XML comment for publicly visible type or member 'ILeaseRepository.GetById(LeaseId)' [/Users/kady/Masterdom/src/Masterdom.Modules.Lease/Masterdom.Modules.Lease.csproj]
/Users/kady/Masterdom/src/Masterdom.Modules.Lease/Domain/Repositories/ILeaseRepository.cs(12,21): warning CS1591: Missing XML comment for publicly visible type or member 'ILeaseRepository.GetByNumber(LeaseNumber)' [/Users/kady/Masterdom/src/Masterdom.Modules.Lease/Masterdom.Modules.Lease.csproj]
/Users/kady/Masterdom/src/Masterdom.Modules.Lease/Domain/Repositories/ILeaseRepository.cs(14,10): warning CS1591: Missing XML comment for publicly visible type or member 'ILeaseRepository.HasActiveLeaseForTenancy(TenancyReference)' [/Users/kady/Masterdom/src/Masterdom.Modules.Lease/Masterdom.Modules.Lease.csproj]
/Users/kady/Masterdom/src/Masterdom.Modules.Lease/Domain/Repositories/ILeaseRepository.cs(16,10): warning CS1591: Missing XML comment for publicly visible type or member 'ILeaseRepository.Update(Lease)' [/Users/kady/Masterdom/src/Masterdom.Modules.Lease/Masterdom.Modules.Lease.csproj]
/Users/kady/Masterdom/src/Masterdom.Modules.FinancialLedger/Application/Support/ExecutionResult.cs(48,38): warning CS0108: 'ExecutionResult<T>.Failure(string, string)' hides inherited member 'ExecutionResult.Failure(string, string)'. Use the new keyword if hiding was intended. [/Users/kady/Masterdom/src/Masterdom.Modules.FinancialLedger/Masterdom.Modules.FinancialLedger.csproj]
/Users/kady/Masterdom/src/Masterdom.Modules.FinancialLedger/Application/Commands/CompletePostingBatchCommand.cs(5,22): warning CS1591: Missing XML comment for publicly visible type or member 'CompletePostingBatchCommand' [/Users/kady/Masterdom/src/Masterdom.Modules.FinancialLedger/Masterdom.Modules.FinancialLedger.csproj]
/Users/kady/Masterdom/src/Masterdom.Modules.FinancialLedger/Application/Commands/CompletePostingBatchCommand.cs(5,22): warning CS1591: Missing XML comment for publicly visible type or member 'CompletePostingBatchCommand.CompletePostingBatchCommand(LedgerId, string, DateTime)' [/Users/kady/Masterdom/src/Masterdom.Modules.FinancialLedger/Masterdom.Modules.FinancialLedger.csproj]
/Users/kady/Masterdom/src/Masterdom.Modules.FinancialLedger/Application/Commands/CompletePostingBatchCommand.cs(6,14): warning CS1591: Missing XML comment for publicly visible type or member 'CompletePostingBatchCommand.LedgerId' [/Users/kady/Masterdom/src/Masterdom.Modules.FinancialLedger/Masterdom.Modules.FinancialLedger.csproj]
/Users/kady/Masterdom/src/Masterdom.Modules.FinancialLedger/Application/Commands/CompletePostingBatchCommand.cs(7,12): warning CS1591: Missing XML comment for publicly visible type or member 'CompletePostingBatchCommand.BatchReference' [/Users/kady/Masterdom/src/Masterdom.Modules.FinancialLedger/Masterdom.Modules.FinancialLedger.csproj]
/Users/kady/Masterdom/src/Masterdom.Modules.FinancialLedger/Application/Commands/CompletePostingBatchCommand.cs(8,14): warning CS1591: Missing XML comment for publicly visible type or member 'CompletePostingBatchCommand.CompletedAtUtc' [/Users/kady/Masterdom/src/Masterdom.Modules.FinancialLedger/Masterdom.Modules.FinancialLedger.csproj]
/Users/kady/Masterdom/src/Masterdom.Modules.FinancialLedger/Application/Commands/OpenLedgerCommand.cs(3,22): warning CS1591: Missing XML comment for publicly visible type or member 'OpenLedgerCommand' [/Users/kady/Masterdom/src/Masterdom.Modules.FinancialLedger/Masterdom.Modules.FinancialLedger.csproj]
/Users/kady/Masterdom/src/Masterdom.Modules.FinancialLedger/Application/Commands/OpenLedgerCommand.cs(3,22): warning CS1591: Missing XML comment for publicly visible type or member 'OpenLedgerCommand.OpenLedgerCommand(string, string, DateTime)' [/Users/kady/Masterdom/src/Masterdom.Modules.FinancialLedger/Masterdom.Modules.FinancialLedger.csproj]
/Users/kady/Masterdom/src/Masterdom.Modules.FinancialLedger/Application/Commands/OpenLedgerCommand.cs(4,12): warning CS1591: Missing XML comment for publicly visible type or member 'OpenLedgerCommand.LedgerCode' [/Users/kady/Masterdom/src/Masterdom.Modules.FinancialLedger/Masterdom.Modules.FinancialLedger.csproj]
/Users/kady/Masterdom/src/Masterdom.Modules.FinancialLedger/Application/Commands/OpenLedgerCommand.cs(5,12): warning CS1591: Missing XML comment for publicly visible type or member 'OpenLedgerCommand.LedgerName' [/Users/kady/Masterdom/src/Masterdom.Modules.FinancialLedger/Masterdom.Modules.FinancialLedger.csproj]
/Users/kady/Masterdom/src/Masterdom.Modules.FinancialLedger/Application/Commands/OpenLedgerCommand.cs(6,14): warning CS1591: Missing XML comment for publicly visible type or member 'OpenLedgerCommand.CreatedAtUtc' [/Users/kady/Masterdom/src/Masterdom.Modules.FinancialLedger/Masterdom.Modules.FinancialLedger.csproj]
/Users/kady/Masterdom/src/Masterdom.Modules.FinancialLedger/Application/Commands/PostBillingJournalCommand.cs(6,22): warning CS1591: Missing XML comment for publicly visible type or member 'PostBillingJournalCommand' [/Users/kady/Masterdom/src/Masterdom.Modules.FinancialLedger/Masterdom.Modules.FinancialLedger.csproj]
/Users/kady/Masterdom/src/Masterdom.Modules.FinancialLedger/Application/Commands/PostBillingJournalCommand.cs(6,22): warning CS1591: Missing XML comment for publicly visible type or member 'PostBillingJournalCommand.PostBillingJournalCommand(LedgerId, BillingLedgerPostingContract, DateTime)' [/Users/kady/Masterdom/src/Masterdom.Modules.FinancialLedger/Masterdom.Modules.FinancialLedger.csproj]
/Users/kady/Masterdom/src/Masterdom.Modules.FinancialLedger/Application/Commands/PostBillingJournalCommand.cs(7,14): warning CS1591: Missing XML comment for publicly visible type or member 'PostBillingJournalCommand.LedgerId' [/Users/kady/Masterdom/src/Masterdom.Modules.FinancialLedger/Masterdom.Modules.FinancialLedger.csproj]
/Users/kady/Masterdom/src/Masterdom.Modules.FinancialLedger/Application/Commands/PostBillingJournalCommand.cs(8,34): warning CS1591: Missing XML comment for publicly visible type or member 'PostBillingJournalCommand.Contract' [/Users/kady/Masterdom/src/Masterdom.Modules.FinancialLedger/Masterdom.Modules.FinancialLedger.csproj]
/Users/kady/Masterdom/src/Masterdom.Modules.FinancialLedger/Application/Commands/PostBillingJournalCommand.cs(9,14): warning CS1591: Missing XML comment for publicly visible type or member 'PostBillingJournalCommand.PostedAtUtc' [/Users/kady/Masterdom/src/Masterdom.Modules.FinancialLedger/Masterdom.Modules.FinancialLedger.csproj]
/Users/kady/Masterdom/src/Masterdom.Modules.FinancialLedger/Application/Commands/PostBillingJournalCommand.cs(11,21): warning CS1591: Missing XML comment for publicly visible type or member 'PostBillingJournalCommandFactory' [/Users/kady/Masterdom/src/Masterdom.Modules.FinancialLedger/Masterdom.Modules.FinancialLedger.csproj]
/Users/kady/Masterdom/src/Masterdom.Modules.FinancialLedger/Application/Commands/PostBillingJournalCommand.cs(13,45): warning CS1591: Missing XML comment for publicly visible type or member 'PostBillingJournalCommandFactory.Create(LedgerId, string, string, DateOnly, string, string, IEnumerable<(string AccountCode, string AccountName, decimal DebitAmount, decimal CreditAmount, string Description)>, DateTime)' [/Users/kady/Masterdom/src/Masterdom.Modules.FinancialLedger/Masterdom.Modules.FinancialLedger.csproj]
/Users/kady/Masterdom/src/Masterdom.Modules.FinancialLedger/Application/Commands/PostPaymentJournalCommand.cs(6,22): warning CS1591: Missing XML comment for publicly visible type or member 'PostPaymentJournalCommand' [/Users/kady/Masterdom/src/Masterdom.Modules.FinancialLedger/Masterdom.Modules.FinancialLedger.csproj]
/Users/kady/Masterdom/src/Masterdom.Modules.FinancialLedger/Application/Commands/PostPaymentJournalCommand.cs(6,22): warning CS1591: Missing XML comment for publicly visible type or member 'PostPaymentJournalCommand.PostPaymentJournalCommand(LedgerId, PaymentLedgerPostingContract, DateTime)' [/Users/kady/Masterdom/src/Masterdom.Modules.FinancialLedger/Masterdom.Modules.FinancialLedger.csproj]
/Users/kady/Masterdom/src/Masterdom.Modules.FinancialLedger/Application/Commands/PostPaymentJournalCommand.cs(7,14): warning CS1591: Missing XML comment for publicly visible type or member 'PostPaymentJournalCommand.LedgerId' [/Users/kady/Masterdom/src/Masterdom.Modules.FinancialLedger/Masterdom.Modules.FinancialLedger.csproj]
/Users/kady/Masterdom/src/Masterdom.Modules.FinancialLedger/Application/Commands/PostPaymentJournalCommand.cs(8,34): warning CS1591: Missing XML comment for publicly visible type or member 'PostPaymentJournalCommand.Contract' [/Users/kady/Masterdom/src/Masterdom.Modules.FinancialLedger/Masterdom.Modules.FinancialLedger.csproj]
/Users/kady/Masterdom/src/Masterdom.Modules.FinancialLedger/Application/Commands/PostPaymentJournalCommand.cs(9,14): warning CS1591: Missing XML comment for publicly visible type or member 'PostPaymentJournalCommand.PostedAtUtc' [/Users/kady/Masterdom/src/Masterdom.Modules.FinancialLedger/Masterdom.Modules.FinancialLedger.csproj]
/Users/kady/Masterdom/src/Masterdom.Modules.FinancialLedger/Application/Commands/PostPaymentJournalCommand.cs(11,21): warning CS1591: Missing XML comment for publicly visible type or member 'PostPaymentJournalCommandFactory' [/Users/kady/Masterdom/src/Masterdom.Modules.FinancialLedger/Masterdom.Modules.FinancialLedger.csproj]
/Users/kady/Masterdom/src/Masterdom.Modules.FinancialLedger/Application/Commands/PostPaymentJournalCommand.cs(13,45): warning CS1591: Missing XML comment for publicly visible type or member 'PostPaymentJournalCommandFactory.Create(LedgerId, string, string, DateOnly, string, string, IEnumerable<(string AccountCode, string AccountName, decimal DebitAmount, decimal CreditAmount, string Description)>, DateTime)' [/Users/kady/Masterdom/src/Masterdom.Modules.FinancialLedger/Masterdom.Modules.FinancialLedger.csproj]
/Users/kady/Masterdom/src/Masterdom.Modules.FinancialLedger/Application/Commands/ReverseJournalCommand.cs(5,22): warning CS1591: Missing XML comment for publicly visible type or member 'ReverseJournalCommand' [/Users/kady/Masterdom/src/Masterdom.Modules.FinancialLedger/Masterdom.Modules.FinancialLedger.csproj]
/Users/kady/Masterdom/src/Masterdom.Modules.FinancialLedger/Application/Commands/ReverseJournalCommand.cs(5,22): warning CS1591: Missing XML comment for publicly visible type or member 'ReverseJournalCommand.ReverseJournalCommand(LedgerId, Guid, string, string, DateTime)' [/Users/kady/Masterdom/src/Masterdom.Modules.FinancialLedger/Masterdom.Modules.FinancialLedger.csproj]
/Users/kady/Masterdom/src/Masterdom.Modules.FinancialLedger/Application/Commands/ReverseJournalCommand.cs(6,14): warning CS1591: Missing XML comment for publicly visible type or member 'ReverseJournalCommand.LedgerId' [/Users/kady/Masterdom/src/Masterdom.Modules.FinancialLedger/Masterdom.Modules.FinancialLedger.csproj]
/Users/kady/Masterdom/src/Masterdom.Modules.FinancialLedger/Application/Commands/ReverseJournalCommand.cs(7,10): warning CS1591: Missing XML comment for publicly visible type or member 'ReverseJournalCommand.LedgerTransactionId' [/Users/kady/Masterdom/src/Masterdom.Modules.FinancialLedger/Masterdom.Modules.FinancialLedger.csproj]
/Users/kady/Masterdom/src/Masterdom.Modules.FinancialLedger/Application/Commands/ReverseJournalCommand.cs(8,12): warning CS1591: Missing XML comment for publicly visible type or member 'ReverseJournalCommand.ReversalJournalNumber' [/Users/kady/Masterdom/src/Masterdom.Modules.FinancialLedger/Masterdom.Modules.FinancialLedger.csproj]
/Users/kady/Masterdom/src/Masterdom.Modules.FinancialLedger/Application/Commands/ReverseJournalCommand.cs(9,12): warning CS1591: Missing XML comment for publicly visible type or member 'ReverseJournalCommand.Reason' [/Users/kady/Masterdom/src/Masterdom.Modules.FinancialLedger/Masterdom.Modules.FinancialLedger.csproj]
/Users/kady/Masterdom/src/Masterdom.Modules.FinancialLedger/Application/Commands/ReverseJournalCommand.cs(10,14): warning CS1591: Missing XML comment for publicly visible type or member 'ReverseJournalCommand.ReversedAtUtc' [/Users/kady/Masterdom/src/Masterdom.Modules.FinancialLedger/Masterdom.Modules.FinancialLedger.csproj]
/Users/kady/Masterdom/src/Masterdom.Modules.FinancialLedger/Application/Handlers/Commands/CompletePostingBatchCommandHandler.cs(8,21): warning CS1591: Missing XML comment for publicly visible type or member 'CompletePostingBatchCommandHandler' [/Users/kady/Masterdom/src/Masterdom.Modules.FinancialLedger/Masterdom.Modules.FinancialLedger.csproj]
/Users/kady/Masterdom/src/Masterdom.Modules.FinancialLedger/Application/Handlers/Commands/CompletePostingBatchCommandHandler.cs(12,12): warning CS1591: Missing XML comment for publicly visible type or member 'CompletePostingBatchCommandHandler.CompletePostingBatchCommandHandler(ILedgerApplicationService)' [/Users/kady/Masterdom/src/Masterdom.Modules.FinancialLedger/Masterdom.Modules.FinancialLedger.csproj]
/Users/kady/Masterdom/src/Masterdom.Modules.FinancialLedger/Application/Handlers/Commands/CompletePostingBatchCommandHandler.cs(17,45): warning CS1591: Missing XML comment for publicly visible type or member 'CompletePostingBatchCommandHandler.Handle(CompletePostingBatchCommand)' [/Users/kady/Masterdom/src/Masterdom.Modules.FinancialLedger/Masterdom.Modules.FinancialLedger.csproj]
/Users/kady/Masterdom/src/Masterdom.Modules.FinancialLedger/Application/Handlers/Commands/OpenLedgerCommandHandler.cs(8,21): warning CS1591: Missing XML comment for publicly visible type or member 'OpenLedgerCommandHandler' [/Users/kady/Masterdom/src/Masterdom.Modules.FinancialLedger/Masterdom.Modules.FinancialLedger.csproj]
/Users/kady/Masterdom/src/Masterdom.Modules.FinancialLedger/Application/Handlers/Commands/OpenLedgerCommandHandler.cs(12,12): warning CS1591: Missing XML comment for publicly visible type or member 'OpenLedgerCommandHandler.OpenLedgerCommandHandler(ILedgerApplicationService)' [/Users/kady/Masterdom/src/Masterdom.Modules.FinancialLedger/Masterdom.Modules.FinancialLedger.csproj]
/Users/kady/Masterdom/src/Masterdom.Modules.FinancialLedger/Application/Handlers/Commands/OpenLedgerCommandHandler.cs(17,45): warning CS1591: Missing XML comment for publicly visible type or member 'OpenLedgerCommandHandler.Handle(OpenLedgerCommand)' [/Users/kady/Masterdom/src/Masterdom.Modules.FinancialLedger/Masterdom.Modules.FinancialLedger.csproj]
/Users/kady/Masterdom/src/Masterdom.Modules.FinancialLedger/Application/Handlers/Commands/PostBillingJournalCommandHandler.cs(8,21): warning CS1591: Missing XML comment for publicly visible type or member 'PostBillingJournalCommandHandler' [/Users/kady/Masterdom/src/Masterdom.Modules.FinancialLedger/Masterdom.Modules.FinancialLedger.csproj]
/Users/kady/Masterdom/src/Masterdom.Modules.FinancialLedger/Application/Handlers/Commands/PostBillingJournalCommandHandler.cs(12,12): warning CS1591: Missing XML comment for publicly visible type or member 'PostBillingJournalCommandHandler.PostBillingJournalCommandHandler(ILedgerApplicationService)' [/Users/kady/Masterdom/src/Masterdom.Modules.FinancialLedger/Masterdom.Modules.FinancialLedger.csproj]
/Users/kady/Masterdom/src/Masterdom.Modules.FinancialLedger/Application/Handlers/Commands/PostBillingJournalCommandHandler.cs(17,45): warning CS1591: Missing XML comment for publicly visible type or member 'PostBillingJournalCommandHandler.Handle(PostBillingJournalCommand)' [/Users/kady/Masterdom/src/Masterdom.Modules.FinancialLedger/Masterdom.Modules.FinancialLedger.csproj]
/Users/kady/Masterdom/src/Masterdom.Modules.FinancialLedger/Application/Handlers/Commands/PostPaymentJournalCommandHandler.cs(8,21): warning CS1591: Missing XML comment for publicly visible type or member 'PostPaymentJournalCommandHandler' [/Users/kady/Masterdom/src/Masterdom.Modules.FinancialLedger/Masterdom.Modules.FinancialLedger.csproj]
/Users/kady/Masterdom/src/Masterdom.Modules.FinancialLedger/Application/Handlers/Commands/PostPaymentJournalCommandHandler.cs(12,12): warning CS1591: Missing XML comment for publicly visible type or member 'PostPaymentJournalCommandHandler.PostPaymentJournalCommandHandler(ILedgerApplicationService)' [/Users/kady/Masterdom/src/Masterdom.Modules.FinancialLedger/Masterdom.Modules.FinancialLedger.csproj]
/Users/kady/Masterdom/src/Masterdom.Modules.FinancialLedger/Application/Handlers/Commands/PostPaymentJournalCommandHandler.cs(17,45): warning CS1591: Missing XML comment for publicly visible type or member 'PostPaymentJournalCommandHandler.Handle(PostPaymentJournalCommand)' [/Users/kady/Masterdom/src/Masterdom.Modules.FinancialLedger/Masterdom.Modules.FinancialLedger.csproj]
/Users/kady/Masterdom/src/Masterdom.Modules.FinancialLedger/Application/Handlers/Commands/ReverseJournalCommandHandler.cs(8,21): warning CS1591: Missing XML comment for publicly visible type or member 'ReverseJournalCommandHandler' [/Users/kady/Masterdom/src/Masterdom.Modules.FinancialLedger/Masterdom.Modules.FinancialLedger.csproj]
/Users/kady/Masterdom/src/Masterdom.Modules.FinancialLedger/Application/Handlers/Commands/ReverseJournalCommandHandler.cs(12,12): warning CS1591: Missing XML comment for publicly visible type or member 'ReverseJournalCommandHandler.ReverseJournalCommandHandler(ILedgerApplicationService)' [/Users/kady/Masterdom/src/Masterdom.Modules.FinancialLedger/Masterdom.Modules.FinancialLedger.csproj]
/Users/kady/Masterdom/src/Masterdom.Modules.FinancialLedger/Application/Handlers/Commands/ReverseJournalCommandHandler.cs(17,45): warning CS1591: Missing XML comment for publicly visible type or member 'ReverseJournalCommandHandler.Handle(ReverseJournalCommand)' [/Users/kady/Masterdom/src/Masterdom.Modules.FinancialLedger/Masterdom.Modules.FinancialLedger.csproj]
/Users/kady/Masterdom/src/Masterdom.Modules.FinancialLedger/Application/Handlers/Queries/GetLedgerByCodeQueryHandler.cs(8,21): warning CS1591: Missing XML comment for publicly visible type or member 'GetLedgerByCodeQueryHandler' [/Users/kady/Masterdom/src/Masterdom.Modules.FinancialLedger/Masterdom.Modules.FinancialLedger.csproj]
/Users/kady/Masterdom/src/Masterdom.Modules.FinancialLedger/Application/Handlers/Queries/GetLedgerByCodeQueryHandler.cs(12,12): warning CS1591: Missing XML comment for publicly visible type or member 'GetLedgerByCodeQueryHandler.GetLedgerByCodeQueryHandler(ILedgerApplicationService)' [/Users/kady/Masterdom/src/Masterdom.Modules.FinancialLedger/Masterdom.Modules.FinancialLedger.csproj]
/Users/kady/Masterdom/src/Masterdom.Modules.FinancialLedger/Application/Handlers/Queries/GetLedgerByCodeQueryHandler.cs(17,45): warning CS1591: Missing XML comment for publicly visible type or member 'GetLedgerByCodeQueryHandler.Handle(GetLedgerByCodeQuery)' [/Users/kady/Masterdom/src/Masterdom.Modules.FinancialLedger/Masterdom.Modules.FinancialLedger.csproj]
/Users/kady/Masterdom/src/Masterdom.Modules.FinancialLedger/Application/Handlers/Queries/GetLedgerByIdQueryHandler.cs(8,21): warning CS1591: Missing XML comment for publicly visible type or member 'GetLedgerByIdQueryHandler' [/Users/kady/Masterdom/src/Masterdom.Modules.FinancialLedger/Masterdom.Modules.FinancialLedger.csproj]
/Users/kady/Masterdom/src/Masterdom.Modules.FinancialLedger/Application/Handlers/Queries/GetLedgerByIdQueryHandler.cs(12,12): warning CS1591: Missing XML comment for publicly visible type or member 'GetLedgerByIdQueryHandler.GetLedgerByIdQueryHandler(ILedgerApplicationService)' [/Users/kady/Masterdom/src/Masterdom.Modules.FinancialLedger/Masterdom.Modules.FinancialLedger.csproj]
/Users/kady/Masterdom/src/Masterdom.Modules.FinancialLedger/Application/Handlers/Queries/GetLedgerByIdQueryHandler.cs(17,45): warning CS1591: Missing XML comment for publicly visible type or member 'GetLedgerByIdQueryHandler.Handle(GetLedgerByIdQuery)' [/Users/kady/Masterdom/src/Masterdom.Modules.FinancialLedger/Masterdom.Modules.FinancialLedger.csproj]
/Users/kady/Masterdom/src/Masterdom.Modules.FinancialLedger/Application/Queries/GetLedgerByCodeQuery.cs(3,22): warning CS1591: Missing XML comment for publicly visible type or member 'GetLedgerByCodeQuery' [/Users/kady/Masterdom/src/Masterdom.Modules.FinancialLedger/Masterdom.Modules.FinancialLedger.csproj]
/Users/kady/Masterdom/src/Masterdom.Modules.FinancialLedger/Application/Queries/GetLedgerByCodeQuery.cs(3,22): warning CS1591: Missing XML comment for publicly visible type or member 'GetLedgerByCodeQuery.GetLedgerByCodeQuery(string)' [/Users/kady/Masterdom/src/Masterdom.Modules.FinancialLedger/Masterdom.Modules.FinancialLedger.csproj]
/Users/kady/Masterdom/src/Masterdom.Modules.FinancialLedger/Application/Queries/GetLedgerByCodeQuery.cs(3,50): warning CS1591: Missing XML comment for publicly visible type or member 'GetLedgerByCodeQuery.LedgerCode' [/Users/kady/Masterdom/src/Masterdom.Modules.FinancialLedger/Masterdom.Modules.FinancialLedger.csproj]
/Users/kady/Masterdom/src/Masterdom.Modules.FinancialLedger/Application/Queries/GetLedgerByIdQuery.cs(5,22): warning CS1591: Missing XML comment for publicly visible type or member 'GetLedgerByIdQuery' [/Users/kady/Masterdom/src/Masterdom.Modules.FinancialLedger/Masterdom.Modules.FinancialLedger.csproj]
/Users/kady/Masterdom/src/Masterdom.Modules.FinancialLedger/Application/Queries/GetLedgerByIdQuery.cs(5,22): warning CS1591: Missing XML comment for publicly visible type or member 'GetLedgerByIdQuery.GetLedgerByIdQuery(LedgerId)' [/Users/kady/Masterdom/src/Masterdom.Modules.FinancialLedger/Masterdom.Modules.FinancialLedger.csproj]
/Users/kady/Masterdom/src/Masterdom.Modules.FinancialLedger/Application/Queries/GetLedgerByIdQuery.cs(5,50): warning CS1591: Missing XML comment for publicly visible type or member 'GetLedgerByIdQuery.LedgerId' [/Users/kady/Masterdom/src/Masterdom.Modules.FinancialLedger/Masterdom.Modules.FinancialLedger.csproj]
/Users/kady/Masterdom/src/Masterdom.Modules.FinancialLedger/Application/Services/ILedgerApplicationService.cs(7,18): warning CS1591: Missing XML comment for publicly visible type or member 'ILedgerApplicationService' [/Users/kady/Masterdom/src/Masterdom.Modules.FinancialLedger/Masterdom.Modules.FinancialLedger.csproj]
/Users/kady/Masterdom/src/Masterdom.Modules.FinancialLedger/Application/Services/ILedgerApplicationService.cs(9,21): warning CS1591: Missing XML comment for publicly visible type or member 'ILedgerApplicationService.OpenLedger(OpenLedgerCommand)' [/Users/kady/Masterdom/src/Masterdom.Modules.FinancialLedger/Masterdom.Modules.FinancialLedger.csproj]
/Users/kady/Masterdom/src/Masterdom.Modules.FinancialLedger/Application/Services/ILedgerApplicationService.cs(11,21): warning CS1591: Missing XML comment for publicly visible type or member 'ILedgerApplicationService.PostBillingJournal(PostBillingJournalCommand)' [/Users/kady/Masterdom/src/Masterdom.Modules.FinancialLedger/Masterdom.Modules.FinancialLedger.csproj]
/Users/kady/Masterdom/src/Masterdom.Modules.FinancialLedger/Application/Services/ILedgerApplicationService.cs(13,21): warning CS1591: Missing XML comment for publicly visible type or member 'ILedgerApplicationService.PostPaymentJournal(PostPaymentJournalCommand)' [/Users/kady/Masterdom/src/Masterdom.Modules.FinancialLedger/Masterdom.Modules.FinancialLedger.csproj]
/Users/kady/Masterdom/src/Masterdom.Modules.FinancialLedger/Application/Services/ILedgerApplicationService.cs(15,21): warning CS1591: Missing XML comment for publicly visible type or member 'ILedgerApplicationService.ReverseJournal(ReverseJournalCommand)' [/Users/kady/Masterdom/src/Masterdom.Modules.FinancialLedger/Masterdom.Modules.FinancialLedger.csproj]
/Users/kady/Masterdom/src/Masterdom.Modules.FinancialLedger/Application/Services/ILedgerApplicationService.cs(17,21): warning CS1591: Missing XML comment for publicly visible type or member 'ILedgerApplicationService.CompletePostingBatch(CompletePostingBatchCommand)' [/Users/kady/Masterdom/src/Masterdom.Modules.FinancialLedger/Masterdom.Modules.FinancialLedger.csproj]
/Users/kady/Masterdom/src/Masterdom.Modules.FinancialLedger/Application/Services/ILedgerApplicationService.cs(19,22): warning CS1591: Missing XML comment for publicly visible type or member 'ILedgerApplicationService.GetLedger(GetLedgerByIdQuery)' [/Users/kady/Masterdom/src/Masterdom.Modules.FinancialLedger/Masterdom.Modules.FinancialLedger.csproj]
/Users/kady/Masterdom/src/Masterdom.Modules.FinancialLedger/Application/Services/ILedgerApplicationService.cs(21,22): warning CS1591: Missing XML comment for publicly visible type or member 'ILedgerApplicationService.GetLedger(GetLedgerByCodeQuery)' [/Users/kady/Masterdom/src/Masterdom.Modules.FinancialLedger/Masterdom.Modules.FinancialLedger.csproj]
/Users/kady/Masterdom/src/Masterdom.Modules.FinancialLedger/Application/Services/LedgerApplicationService.cs(10,21): warning CS1591: Missing XML comment for publicly visible type or member 'LedgerApplicationService' [/Users/kady/Masterdom/src/Masterdom.Modules.FinancialLedger/Masterdom.Modules.FinancialLedger.csproj]
/Users/kady/Masterdom/src/Masterdom.Modules.FinancialLedger/Application/Services/LedgerApplicationService.cs(16,12): warning CS1591: Missing XML comment for publicly visible type or member 'LedgerApplicationService.LedgerApplicationService(ILedgerRepository, ILedgerUnitOfWork, ILedgerPlatformOrchestrator)' [/Users/kady/Masterdom/src/Masterdom.Modules.FinancialLedger/Masterdom.Modules.FinancialLedger.csproj]
/Users/kady/Masterdom/src/Masterdom.Modules.FinancialLedger/Application/Services/LedgerApplicationService.cs(26,28): warning CS1591: Missing XML comment for publicly visible type or member 'LedgerApplicationService.OpenLedger(OpenLedgerCommand)' [/Users/kady/Masterdom/src/Masterdom.Modules.FinancialLedger/Masterdom.Modules.FinancialLedger.csproj]
/Users/kady/Masterdom/src/Masterdom.Modules.FinancialLedger/Application/Services/LedgerApplicationService.cs(44,28): warning CS1591: Missing XML comment for publicly visible type or member 'LedgerApplicationService.PostBillingJournal(PostBillingJournalCommand)' [/Users/kady/Masterdom/src/Masterdom.Modules.FinancialLedger/Masterdom.Modules.FinancialLedger.csproj]
/Users/kady/Masterdom/src/Masterdom.Modules.FinancialLedger/Application/Services/LedgerApplicationService.cs(57,28): warning CS1591: Missing XML comment for publicly visible type or member 'LedgerApplicationService.PostPaymentJournal(PostPaymentJournalCommand)' [/Users/kady/Masterdom/src/Masterdom.Modules.FinancialLedger/Masterdom.Modules.FinancialLedger.csproj]
/Users/kady/Masterdom/src/Masterdom.Modules.FinancialLedger/Application/Services/LedgerApplicationService.cs(70,28): warning CS1591: Missing XML comment for publicly visible type or member 'LedgerApplicationService.ReverseJournal(ReverseJournalCommand)' [/Users/kady/Masterdom/src/Masterdom.Modules.FinancialLedger/Masterdom.Modules.FinancialLedger.csproj]
/Users/kady/Masterdom/src/Masterdom.Modules.FinancialLedger/Application/Services/LedgerApplicationService.cs(83,28): warning CS1591: Missing XML comment for publicly visible type or member 'LedgerApplicationService.CompletePostingBatch(CompletePostingBatchCommand)' [/Users/kady/Masterdom/src/Masterdom.Modules.FinancialLedger/Masterdom.Modules.FinancialLedger.csproj]
/Users/kady/Masterdom/src/Masterdom.Modules.FinancialLedger/Application/Services/LedgerApplicationService.cs(96,29): warning CS1591: Missing XML comment for publicly visible type or member 'LedgerApplicationService.GetLedger(GetLedgerByIdQuery)' [/Users/kady/Masterdom/src/Masterdom.Modules.FinancialLedger/Masterdom.Modules.FinancialLedger.csproj]
/Users/kady/Masterdom/src/Masterdom.Modules.FinancialLedger/Application/Services/LedgerApplicationService.cs(102,29): warning CS1591: Missing XML comment for publicly visible type or member 'LedgerApplicationService.GetLedger(GetLedgerByCodeQuery)' [/Users/kady/Masterdom/src/Masterdom.Modules.FinancialLedger/Masterdom.Modules.FinancialLedger.csproj]
/Users/kady/Masterdom/src/Masterdom.Modules.FinancialLedger/Application/Support/ExecutionResult.cs(3,14): warning CS1591: Missing XML comment for publicly visible type or member 'ExecutionResult' [/Users/kady/Masterdom/src/Masterdom.Modules.FinancialLedger/Masterdom.Modules.FinancialLedger.csproj]
/Users/kady/Masterdom/src/Masterdom.Modules.FinancialLedger/Application/Support/ExecutionResult.cs(5,15): warning CS1591: Missing XML comment for publicly visible type or member 'ExecutionResult.ExecutionResult(bool, string?, string?)' [/Users/kady/Masterdom/src/Masterdom.Modules.FinancialLedger/Masterdom.Modules.FinancialLedger.csproj]
/Users/kady/Masterdom/src/Masterdom.Modules.FinancialLedger/Application/Support/ExecutionResult.cs(12,17): warning CS1591: Missing XML comment for publicly visible type or member 'ExecutionResult.IsSuccess' [/Users/kady/Masterdom/src/Masterdom.Modules.FinancialLedger/Masterdom.Modules.FinancialLedger.csproj]
/Users/kady/Masterdom/src/Masterdom.Modules.FinancialLedger/Application/Support/ExecutionResult.cs(14,20): warning CS1591: Missing XML comment for publicly visible type or member 'ExecutionResult.ErrorCode' [/Users/kady/Masterdom/src/Masterdom.Modules.FinancialLedger/Masterdom.Modules.FinancialLedger.csproj]
/Users/kady/Masterdom/src/Masterdom.Modules.FinancialLedger/Application/Support/ExecutionResult.cs(16,20): warning CS1591: Missing XML comment for publicly visible type or member 'ExecutionResult.ErrorMessage' [/Users/kady/Masterdom/src/Masterdom.Modules.FinancialLedger/Masterdom.Modules.FinancialLedger.csproj]
/Users/kady/Masterdom/src/Masterdom.Modules.FinancialLedger/Application/Support/ExecutionResult.cs(18,35): warning CS1591: Missing XML comment for publicly visible type or member 'ExecutionResult.Success()' [/Users/kady/Masterdom/src/Masterdom.Modules.FinancialLedger/Masterdom.Modules.FinancialLedger.csproj]
/Users/kady/Masterdom/src/Masterdom.Modules.FinancialLedger/Application/Support/ExecutionResult.cs(23,35): warning CS1591: Missing XML comment for publicly visible type or member 'ExecutionResult.Failure(string, string)' [/Users/kady/Masterdom/src/Masterdom.Modules.FinancialLedger/Masterdom.Modules.FinancialLedger.csproj]
/Users/kady/Masterdom/src/Masterdom.Modules.FinancialLedger/Application/Support/ExecutionResult.cs(32,21): warning CS1591: Missing XML comment for publicly visible type or member 'ExecutionResult<T>' [/Users/kady/Masterdom/src/Masterdom.Modules.FinancialLedger/Masterdom.Modules.FinancialLedger.csproj]
/Users/kady/Masterdom/src/Masterdom.Modules.FinancialLedger/Application/Support/ExecutionResult.cs(40,15): warning CS1591: Missing XML comment for publicly visible type or member 'ExecutionResult<T>.Value' [/Users/kady/Masterdom/src/Masterdom.Modules.FinancialLedger/Masterdom.Modules.FinancialLedger.csproj]
/Users/kady/Masterdom/src/Masterdom.Modules.FinancialLedger/Application/Support/ExecutionResult.cs(42,38): warning CS1591: Missing XML comment for publicly visible type or member 'ExecutionResult<T>.Success(T)' [/Users/kady/Masterdom/src/Masterdom.Modules.FinancialLedger/Masterdom.Modules.FinancialLedger.csproj]
/Users/kady/Masterdom/src/Masterdom.Modules.FinancialLedger/Application/Support/ExecutionResult.cs(48,38): warning CS1591: Missing XML comment for publicly visible type or member 'ExecutionResult<T>.Failure(string, string)' [/Users/kady/Masterdom/src/Masterdom.Modules.FinancialLedger/Masterdom.Modules.FinancialLedger.csproj]
/Users/kady/Masterdom/src/Masterdom.Modules.FinancialLedger/Application/Support/ICommandHandler.cs(3,18): warning CS1591: Missing XML comment for publicly visible type or member 'ICommandHandler<TCommand, TResult>' [/Users/kady/Masterdom/src/Masterdom.Modules.FinancialLedger/Masterdom.Modules.FinancialLedger.csproj]
/Users/kady/Masterdom/src/Masterdom.Modules.FinancialLedger/Application/Support/ICommandHandler.cs(5,13): warning CS1591: Missing XML comment for publicly visible type or member 'ICommandHandler<TCommand, TResult>.Handle(TCommand)' [/Users/kady/Masterdom/src/Masterdom.Modules.FinancialLedger/Masterdom.Modules.FinancialLedger.csproj]
/Users/kady/Masterdom/src/Masterdom.Modules.FinancialLedger/Application/Support/ILedgerPlatformOrchestrator.cs(5,18): warning CS1591: Missing XML comment for publicly visible type or member 'ILedgerPlatformOrchestrator' [/Users/kady/Masterdom/src/Masterdom.Modules.FinancialLedger/Masterdom.Modules.FinancialLedger.csproj]
/Users/kady/Masterdom/src/Masterdom.Modules.FinancialLedger/Application/Support/ILedgerPlatformOrchestrator.cs(7,10): warning CS1591: Missing XML comment for publicly visible type or member 'ILedgerPlatformOrchestrator.OnLedgerMutated(Ledger, string)' [/Users/kady/Masterdom/src/Masterdom.Modules.FinancialLedger/Masterdom.Modules.FinancialLedger.csproj]
/Users/kady/Masterdom/src/Masterdom.Modules.FinancialLedger/Application/Support/ILedgerUnitOfWork.cs(3,18): warning CS1591: Missing XML comment for publicly visible type or member 'ILedgerUnitOfWork' [/Users/kady/Masterdom/src/Masterdom.Modules.FinancialLedger/Masterdom.Modules.FinancialLedger.csproj]
/Users/kady/Masterdom/src/Masterdom.Modules.FinancialLedger/Application/Support/ILedgerUnitOfWork.cs(5,10): warning CS1591: Missing XML comment for publicly visible type or member 'ILedgerUnitOfWork.Execute(Action)' [/Users/kady/Masterdom/src/Masterdom.Modules.FinancialLedger/Masterdom.Modules.FinancialLedger.csproj]
/Users/kady/Masterdom/src/Masterdom.Modules.FinancialLedger/Application/Support/IQueryHandler.cs(3,18): warning CS1591: Missing XML comment for publicly visible type or member 'IQueryHandler<TQuery, TResult>' [/Users/kady/Masterdom/src/Masterdom.Modules.FinancialLedger/Masterdom.Modules.FinancialLedger.csproj]
/Users/kady/Masterdom/src/Masterdom.Modules.FinancialLedger/Application/Support/IQueryHandler.cs(5,13): warning CS1591: Missing XML comment for publicly visible type or member 'IQueryHandler<TQuery, TResult>.Handle(TQuery)' [/Users/kady/Masterdom/src/Masterdom.Modules.FinancialLedger/Masterdom.Modules.FinancialLedger.csproj]
/Users/kady/Masterdom/src/Masterdom.Modules.FinancialLedger/Application/Translation/BillingNotificationTranslator.cs(7,21): warning CS1591: Missing XML comment for publicly visible type or member 'BillingNotificationTranslator' [/Users/kady/Masterdom/src/Masterdom.Modules.FinancialLedger/Masterdom.Modules.FinancialLedger.csproj]
/Users/kady/Masterdom/src/Masterdom.Modules.FinancialLedger/Application/Translation/BillingNotificationTranslator.cs(17,36): warning CS1591: Missing XML comment for publicly visible type or member 'BillingNotificationTranslator.TranslateBillPersisted(BillPersistedNotification)' [/Users/kady/Masterdom/src/Masterdom.Modules.FinancialLedger/Masterdom.Modules.FinancialLedger.csproj]
/Users/kady/Masterdom/src/Masterdom.Modules.FinancialLedger/Application/Translation/BillingSnapshotPostingSourceModel.cs(3,21): warning CS1591: Missing XML comment for publicly visible type or member 'BillingSnapshotPostingSourceModel' [/Users/kady/Masterdom/src/Masterdom.Modules.FinancialLedger/Masterdom.Modules.FinancialLedger.csproj]
/Users/kady/Masterdom/src/Masterdom.Modules.FinancialLedger/Application/Translation/BillingSnapshotPostingSourceModel.cs(5,12): warning CS1591: Missing XML comment for publicly visible type or member 'BillingSnapshotPostingSourceModel.BillingSnapshotPostingSourceModel(Guid, string, DateOnly, DateOnly, Guid, Guid, Guid, DateOnly, DateOnly, string, decimal, decimal, IReadOnlyCollection<BillingSnapshotPostingChargeLineModel>, DateOnly?, string?)' [/Users/kady/Masterdom/src/Masterdom.Modules.FinancialLedger/Masterdom.Modules.FinancialLedger.csproj]
/Users/kady/Masterdom/src/Masterdom.Modules.FinancialLedger/Application/Translation/BillingSnapshotPostingSourceModel.cs(39,17): warning CS1591: Missing XML comment for publicly visible type or member 'BillingSnapshotPostingSourceModel.BillId' [/Users/kady/Masterdom/src/Masterdom.Modules.FinancialLedger/Masterdom.Modules.FinancialLedger.csproj]
/Users/kady/Masterdom/src/Masterdom.Modules.FinancialLedger/Application/Translation/BillingSnapshotPostingSourceModel.cs(41,19): warning CS1591: Missing XML comment for publicly visible type or member 'BillingSnapshotPostingSourceModel.BillNumber' [/Users/kady/Masterdom/src/Masterdom.Modules.FinancialLedger/Masterdom.Modules.FinancialLedger.csproj]
/Users/kady/Masterdom/src/Masterdom.Modules.FinancialLedger/Application/Translation/BillingSnapshotPostingSourceModel.cs(43,21): warning CS1591: Missing XML comment for publicly visible type or member 'BillingSnapshotPostingSourceModel.BillingPeriodStartDate' [/Users/kady/Masterdom/src/Masterdom.Modules.FinancialLedger/Masterdom.Modules.FinancialLedger.csproj]
/Users/kady/Masterdom/src/Masterdom.Modules.FinancialLedger/Application/Translation/BillingSnapshotPostingSourceModel.cs(45,21): warning CS1591: Missing XML comment for publicly visible type or member 'BillingSnapshotPostingSourceModel.BillingPeriodEndDate' [/Users/kady/Masterdom/src/Masterdom.Modules.FinancialLedger/Masterdom.Modules.FinancialLedger.csproj]
/Users/kady/Masterdom/src/Masterdom.Modules.FinancialLedger/Application/Translation/BillingSnapshotPostingSourceModel.cs(47,17): warning CS1591: Missing XML comment for publicly visible type or member 'BillingSnapshotPostingSourceModel.PropertyId' [/Users/kady/Masterdom/src/Masterdom.Modules.FinancialLedger/Masterdom.Modules.FinancialLedger.csproj]
/Users/kady/Masterdom/src/Masterdom.Modules.FinancialLedger/Application/Translation/BillingSnapshotPostingSourceModel.cs(49,17): warning CS1591: Missing XML comment for publicly visible type or member 'BillingSnapshotPostingSourceModel.TenancyId' [/Users/kady/Masterdom/src/Masterdom.Modules.FinancialLedger/Masterdom.Modules.FinancialLedger.csproj]
/Users/kady/Masterdom/src/Masterdom.Modules.FinancialLedger/Application/Translation/BillingSnapshotPostingSourceModel.cs(51,17): warning CS1591: Missing XML comment for publicly visible type or member 'BillingSnapshotPostingSourceModel.LeaseId' [/Users/kady/Masterdom/src/Masterdom.Modules.FinancialLedger/Masterdom.Modules.FinancialLedger.csproj]
/Users/kady/Masterdom/src/Masterdom.Modules.FinancialLedger/Application/Translation/BillingSnapshotPostingSourceModel.cs(53,21): warning CS1591: Missing XML comment for publicly visible type or member 'BillingSnapshotPostingSourceModel.IssueDate' [/Users/kady/Masterdom/src/Masterdom.Modules.FinancialLedger/Masterdom.Modules.FinancialLedger.csproj]
/Users/kady/Masterdom/src/Masterdom.Modules.FinancialLedger/Application/Translation/BillingSnapshotPostingSourceModel.cs(55,21): warning CS1591: Missing XML comment for publicly visible type or member 'BillingSnapshotPostingSourceModel.DueDate' [/Users/kady/Masterdom/src/Masterdom.Modules.FinancialLedger/Masterdom.Modules.FinancialLedger.csproj]
/Users/kady/Masterdom/src/Masterdom.Modules.FinancialLedger/Application/Translation/BillingSnapshotPostingSourceModel.cs(57,19): warning CS1591: Missing XML comment for publicly visible type or member 'BillingSnapshotPostingSourceModel.CurrencyCode' [/Users/kady/Masterdom/src/Masterdom.Modules.FinancialLedger/Masterdom.Modules.FinancialLedger.csproj]
/Users/kady/Masterdom/src/Masterdom.Modules.FinancialLedger/Application/Translation/BillingSnapshotPostingSourceModel.cs(59,20): warning CS1591: Missing XML comment for publicly visible type or member 'BillingSnapshotPostingSourceModel.TotalAmount' [/Users/kady/Masterdom/src/Masterdom.Modules.FinancialLedger/Masterdom.Modules.FinancialLedger.csproj]
/Users/kady/Masterdom/src/Masterdom.Modules.FinancialLedger/Application/Translation/BillingSnapshotPostingSourceModel.cs(61,20): warning CS1591: Missing XML comment for publicly visible type or member 'BillingSnapshotPostingSourceModel.OutstandingAmount' [/Users/kady/Masterdom/src/Masterdom.Modules.FinancialLedger/Masterdom.Modules.FinancialLedger.csproj]
/Users/kady/Masterdom/src/Masterdom.Modules.FinancialLedger/Application/Translation/BillingSnapshotPostingSourceModel.cs(63,71): warning CS1591: Missing XML comment for publicly visible type or member 'BillingSnapshotPostingSourceModel.ChargeLines' [/Users/kady/Masterdom/src/Masterdom.Modules.FinancialLedger/Masterdom.Modules.FinancialLedger.csproj]
/Users/kady/Masterdom/src/Masterdom.Modules.FinancialLedger/Application/Translation/BillingSnapshotPostingSourceModel.cs(65,22): warning CS1591: Missing XML comment for publicly visible type or member 'BillingSnapshotPostingSourceModel.GeneratedDate' [/Users/kady/Masterdom/src/Masterdom.Modules.FinancialLedger/Masterdom.Modules.FinancialLedger.csproj]
/Users/kady/Masterdom/src/Masterdom.Modules.FinancialLedger/Application/Translation/BillingSnapshotPostingSourceModel.cs(67,20): warning CS1591: Missing XML comment for publicly visible type or member 'BillingSnapshotPostingSourceModel.CorrelationId' [/Users/kady/Masterdom/src/Masterdom.Modules.FinancialLedger/Masterdom.Modules.FinancialLedger.csproj]
/Users/kady/Masterdom/src/Masterdom.Modules.FinancialLedger/Application/Translation/BillingSnapshotPostingSourceModel.cs(70,21): warning CS1591: Missing XML comment for publicly visible type or member 'BillingSnapshotPostingChargeLineModel' [/Users/kady/Masterdom/src/Masterdom.Modules.FinancialLedger/Masterdom.Modules.FinancialLedger.csproj]
/Users/kady/Masterdom/src/Masterdom.Modules.FinancialLedger/Application/Translation/BillingSnapshotPostingSourceModel.cs(72,12): warning CS1591: Missing XML comment for publicly visible type or member 'BillingSnapshotPostingChargeLineModel.BillingSnapshotPostingChargeLineModel(string, string, decimal, string, string?)' [/Users/kady/Masterdom/src/Masterdom.Modules.FinancialLedger/Masterdom.Modules.FinancialLedger.csproj]
/Users/kady/Masterdom/src/Masterdom.Modules.FinancialLedger/Application/Translation/BillingSnapshotPostingSourceModel.cs(86,19): warning CS1591: Missing XML comment for publicly visible type or member 'BillingSnapshotPostingChargeLineModel.ChargeCategory' [/Users/kady/Masterdom/src/Masterdom.Modules.FinancialLedger/Masterdom.Modules.FinancialLedger.csproj]
/Users/kady/Masterdom/src/Masterdom.Modules.FinancialLedger/Application/Translation/BillingSnapshotPostingSourceModel.cs(88,19): warning CS1591: Missing XML comment for publicly visible type or member 'BillingSnapshotPostingChargeLineModel.Description' [/Users/kady/Masterdom/src/Masterdom.Modules.FinancialLedger/Masterdom.Modules.FinancialLedger.csproj]
/Users/kady/Masterdom/src/Masterdom.Modules.FinancialLedger/Application/Translation/BillingSnapshotPostingSourceModel.cs(90,20): warning CS1591: Missing XML comment for publicly visible type or member 'BillingSnapshotPostingChargeLineModel.Amount' [/Users/kady/Masterdom/src/Masterdom.Modules.FinancialLedger/Masterdom.Modules.FinancialLedger.csproj]
/Users/kady/Masterdom/src/Masterdom.Modules.FinancialLedger/Application/Translation/BillingSnapshotPostingSourceModel.cs(92,19): warning CS1591: Missing XML comment for publicly visible type or member 'BillingSnapshotPostingChargeLineModel.CurrencyCode' [/Users/kady/Masterdom/src/Masterdom.Modules.FinancialLedger/Masterdom.Modules.FinancialLedger.csproj]
/Users/kady/Masterdom/src/Masterdom.Modules.FinancialLedger/Application/Translation/BillingSnapshotPostingSourceModel.cs(94,20): warning CS1591: Missing XML comment for publicly visible type or member 'BillingSnapshotPostingChargeLineModel.ExternalReference' [/Users/kady/Masterdom/src/Masterdom.Modules.FinancialLedger/Masterdom.Modules.FinancialLedger.csproj]
/Users/kady/Masterdom/src/Masterdom.Modules.FinancialLedger/Application/Translation/BillingSnapshotTranslator.cs(5,21): warning CS1591: Missing XML comment for publicly visible type or member 'BillingSnapshotTranslator' [/Users/kady/Masterdom/src/Masterdom.Modules.FinancialLedger/Masterdom.Modules.FinancialLedger.csproj]
/Users/kady/Masterdom/src/Masterdom.Modules.FinancialLedger/Application/Translation/BillingSnapshotTranslator.cs(7,46): warning CS1591: Missing XML comment for publicly visible type or member 'BillingSnapshotTranslator.Translate(BillSnapshotModel)' [/Users/kady/Masterdom/src/Masterdom.Modules.FinancialLedger/Masterdom.Modules.FinancialLedger.csproj]
/Users/kady/Masterdom/src/Masterdom.Modules.FinancialLedger/Contracts/Billing/BillingLedgerPostingContract.cs(3,22): warning CS1591: Missing XML comment for publicly visible type or member 'BillingLedgerPostingContract' [/Users/kady/Masterdom/src/Masterdom.Modules.FinancialLedger/Masterdom.Modules.FinancialLedger.csproj]
/Users/kady/Masterdom/src/Masterdom.Modules.FinancialLedger/Contracts/Billing/BillingLedgerPostingContract.cs(3,22): warning CS1591: Missing XML comment for publicly visible type or member 'BillingLedgerPostingContract.BillingLedgerPostingContract(string, string, DateOnly, string, string, IReadOnlyCollection<LedgerPostingLineContract>)' [/Users/kady/Masterdom/src/Masterdom.Modules.FinancialLedger/Masterdom.Modules.FinancialLedger.csproj]
/Users/kady/Masterdom/src/Masterdom.Modules.FinancialLedger/Contracts/Billing/BillingLedgerPostingContract.cs(4,12): warning CS1591: Missing XML comment for publicly visible type or member 'BillingLedgerPostingContract.PostingReference' [/Users/kady/Masterdom/src/Masterdom.Modules.FinancialLedger/Masterdom.Modules.FinancialLedger.csproj]
/Users/kady/Masterdom/src/Masterdom.Modules.FinancialLedger/Contracts/Billing/BillingLedgerPostingContract.cs(5,12): warning CS1591: Missing XML comment for publicly visible type or member 'BillingLedgerPostingContract.JournalNumber' [/Users/kady/Masterdom/src/Masterdom.Modules.FinancialLedger/Masterdom.Modules.FinancialLedger.csproj]
/Users/kady/Masterdom/src/Masterdom.Modules.FinancialLedger/Contracts/Billing/BillingLedgerPostingContract.cs(6,14): warning CS1591: Missing XML comment for publicly visible type or member 'BillingLedgerPostingContract.PostingDate' [/Users/kady/Masterdom/src/Masterdom.Modules.FinancialLedger/Masterdom.Modules.FinancialLedger.csproj]
/Users/kady/Masterdom/src/Masterdom.Modules.FinancialLedger/Contracts/Billing/BillingLedgerPostingContract.cs(7,12): warning CS1591: Missing XML comment for publicly visible type or member 'BillingLedgerPostingContract.Description' [/Users/kady/Masterdom/src/Masterdom.Modules.FinancialLedger/Masterdom.Modules.FinancialLedger.csproj]
/Users/kady/Masterdom/src/Masterdom.Modules.FinancialLedger/Contracts/Billing/BillingLedgerPostingContract.cs(8,12): warning CS1591: Missing XML comment for publicly visible type or member 'BillingLedgerPostingContract.BatchReference' [/Users/kady/Masterdom/src/Masterdom.Modules.FinancialLedger/Masterdom.Modules.FinancialLedger.csproj]
/Users/kady/Masterdom/src/Masterdom.Modules.FinancialLedger/Contracts/Billing/BillingLedgerPostingContract.cs(9,52): warning CS1591: Missing XML comment for publicly visible type or member 'BillingLedgerPostingContract.Lines' [/Users/kady/Masterdom/src/Masterdom.Modules.FinancialLedger/Masterdom.Modules.FinancialLedger.csproj]
/Users/kady/Masterdom/src/Masterdom.Modules.FinancialLedger/Contracts/Billing/LedgerPostingLineContract.cs(3,22): warning CS1591: Missing XML comment for publicly visible type or member 'LedgerPostingLineContract' [/Users/kady/Masterdom/src/Masterdom.Modules.FinancialLedger/Masterdom.Modules.FinancialLedger.csproj]
/Users/kady/Masterdom/src/Masterdom.Modules.FinancialLedger/Contracts/Billing/LedgerPostingLineContract.cs(3,22): warning CS1591: Missing XML comment for publicly visible type or member 'LedgerPostingLineContract.LedgerPostingLineContract(string, string, decimal, decimal, string)' [/Users/kady/Masterdom/src/Masterdom.Modules.FinancialLedger/Masterdom.Modules.FinancialLedger.csproj]
/Users/kady/Masterdom/src/Masterdom.Modules.FinancialLedger/Contracts/Billing/LedgerPostingLineContract.cs(4,12): warning CS1591: Missing XML comment for publicly visible type or member 'LedgerPostingLineContract.AccountCode' [/Users/kady/Masterdom/src/Masterdom.Modules.FinancialLedger/Masterdom.Modules.FinancialLedger.csproj]
/Users/kady/Masterdom/src/Masterdom.Modules.FinancialLedger/Contracts/Billing/LedgerPostingLineContract.cs(5,12): warning CS1591: Missing XML comment for publicly visible type or member 'LedgerPostingLineContract.AccountName' [/Users/kady/Masterdom/src/Masterdom.Modules.FinancialLedger/Masterdom.Modules.FinancialLedger.csproj]
/Users/kady/Masterdom/src/Masterdom.Modules.FinancialLedger/Contracts/Billing/LedgerPostingLineContract.cs(6,13): warning CS1591: Missing XML comment for publicly visible type or member 'LedgerPostingLineContract.DebitAmount' [/Users/kady/Masterdom/src/Masterdom.Modules.FinancialLedger/Masterdom.Modules.FinancialLedger.csproj]
/Users/kady/Masterdom/src/Masterdom.Modules.FinancialLedger/Contracts/Billing/LedgerPostingLineContract.cs(7,13): warning CS1591: Missing XML comment for publicly visible type or member 'LedgerPostingLineContract.CreditAmount' [/Users/kady/Masterdom/src/Masterdom.Modules.FinancialLedger/Masterdom.Modules.FinancialLedger.csproj]
/Users/kady/Masterdom/src/Masterdom.Modules.FinancialLedger/Contracts/Billing/LedgerPostingLineContract.cs(8,12): warning CS1591: Missing XML comment for publicly visible type or member 'LedgerPostingLineContract.Description' [/Users/kady/Masterdom/src/Masterdom.Modules.FinancialLedger/Masterdom.Modules.FinancialLedger.csproj]
/Users/kady/Masterdom/src/Masterdom.Modules.FinancialLedger/Contracts/Payment/PaymentLedgerPostingContract.cs(3,22): warning CS1591: Missing XML comment for publicly visible type or member 'PaymentLedgerPostingContract' [/Users/kady/Masterdom/src/Masterdom.Modules.FinancialLedger/Masterdom.Modules.FinancialLedger.csproj]
/Users/kady/Masterdom/src/Masterdom.Modules.FinancialLedger/Contracts/Payment/PaymentLedgerPostingContract.cs(3,22): warning CS1591: Missing XML comment for publicly visible type or member 'PaymentLedgerPostingContract.PaymentLedgerPostingContract(string, string, DateOnly, string, string, IReadOnlyCollection<PaymentLedgerPostingLineContract>)' [/Users/kady/Masterdom/src/Masterdom.Modules.FinancialLedger/Masterdom.Modules.FinancialLedger.csproj]
/Users/kady/Masterdom/src/Masterdom.Modules.FinancialLedger/Contracts/Payment/PaymentLedgerPostingContract.cs(4,12): warning CS1591: Missing XML comment for publicly visible type or member 'PaymentLedgerPostingContract.PostingReference' [/Users/kady/Masterdom/src/Masterdom.Modules.FinancialLedger/Masterdom.Modules.FinancialLedger.csproj]
/Users/kady/Masterdom/src/Masterdom.Modules.FinancialLedger/Contracts/Payment/PaymentLedgerPostingContract.cs(5,12): warning CS1591: Missing XML comment for publicly visible type or member 'PaymentLedgerPostingContract.JournalNumber' [/Users/kady/Masterdom/src/Masterdom.Modules.FinancialLedger/Masterdom.Modules.FinancialLedger.csproj]
/Users/kady/Masterdom/src/Masterdom.Modules.FinancialLedger/Contracts/Payment/PaymentLedgerPostingContract.cs(6,14): warning CS1591: Missing XML comment for publicly visible type or member 'PaymentLedgerPostingContract.PostingDate' [/Users/kady/Masterdom/src/Masterdom.Modules.FinancialLedger/Masterdom.Modules.FinancialLedger.csproj]
/Users/kady/Masterdom/src/Masterdom.Modules.FinancialLedger/Contracts/Payment/PaymentLedgerPostingContract.cs(7,12): warning CS1591: Missing XML comment for publicly visible type or member 'PaymentLedgerPostingContract.Description' [/Users/kady/Masterdom/src/Masterdom.Modules.FinancialLedger/Masterdom.Modules.FinancialLedger.csproj]
/Users/kady/Masterdom/src/Masterdom.Modules.FinancialLedger/Contracts/Payment/PaymentLedgerPostingContract.cs(8,12): warning CS1591: Missing XML comment for publicly visible type or member 'PaymentLedgerPostingContract.BatchReference' [/Users/kady/Masterdom/src/Masterdom.Modules.FinancialLedger/Masterdom.Modules.FinancialLedger.csproj]
/Users/kady/Masterdom/src/Masterdom.Modules.FinancialLedger/Contracts/Payment/PaymentLedgerPostingContract.cs(9,59): warning CS1591: Missing XML comment for publicly visible type or member 'PaymentLedgerPostingContract.Lines' [/Users/kady/Masterdom/src/Masterdom.Modules.FinancialLedger/Masterdom.Modules.FinancialLedger.csproj]
/Users/kady/Masterdom/src/Masterdom.Modules.FinancialLedger/Contracts/Payment/PaymentLedgerPostingLineContract.cs(3,22): warning CS1591: Missing XML comment for publicly visible type or member 'PaymentLedgerPostingLineContract' [/Users/kady/Masterdom/src/Masterdom.Modules.FinancialLedger/Masterdom.Modules.FinancialLedger.csproj]
/Users/kady/Masterdom/src/Masterdom.Modules.FinancialLedger/Contracts/Payment/PaymentLedgerPostingLineContract.cs(3,22): warning CS1591: Missing XML comment for publicly visible type or member 'PaymentLedgerPostingLineContract.PaymentLedgerPostingLineContract(string, string, decimal, decimal, string)' [/Users/kady/Masterdom/src/Masterdom.Modules.FinancialLedger/Masterdom.Modules.FinancialLedger.csproj]
/Users/kady/Masterdom/src/Masterdom.Modules.FinancialLedger/Contracts/Payment/PaymentLedgerPostingLineContract.cs(4,12): warning CS1591: Missing XML comment for publicly visible type or member 'PaymentLedgerPostingLineContract.AccountCode' [/Users/kady/Masterdom/src/Masterdom.Modules.FinancialLedger/Masterdom.Modules.FinancialLedger.csproj]
/Users/kady/Masterdom/src/Masterdom.Modules.FinancialLedger/Contracts/Payment/PaymentLedgerPostingLineContract.cs(5,12): warning CS1591: Missing XML comment for publicly visible type or member 'PaymentLedgerPostingLineContract.AccountName' [/Users/kady/Masterdom/src/Masterdom.Modules.FinancialLedger/Masterdom.Modules.FinancialLedger.csproj]
/Users/kady/Masterdom/src/Masterdom.Modules.FinancialLedger/Contracts/Payment/PaymentLedgerPostingLineContract.cs(6,13): warning CS1591: Missing XML comment for publicly visible type or member 'PaymentLedgerPostingLineContract.DebitAmount' [/Users/kady/Masterdom/src/Masterdom.Modules.FinancialLedger/Masterdom.Modules.FinancialLedger.csproj]
/Users/kady/Masterdom/src/Masterdom.Modules.FinancialLedger/Contracts/Payment/PaymentLedgerPostingLineContract.cs(7,13): warning CS1591: Missing XML comment for publicly visible type or member 'PaymentLedgerPostingLineContract.CreditAmount' [/Users/kady/Masterdom/src/Masterdom.Modules.FinancialLedger/Masterdom.Modules.FinancialLedger.csproj]
/Users/kady/Masterdom/src/Masterdom.Modules.FinancialLedger/Contracts/Payment/PaymentLedgerPostingLineContract.cs(8,12): warning CS1591: Missing XML comment for publicly visible type or member 'PaymentLedgerPostingLineContract.Description' [/Users/kady/Masterdom/src/Masterdom.Modules.FinancialLedger/Masterdom.Modules.FinancialLedger.csproj]
/Users/kady/Masterdom/src/Masterdom.Modules.FinancialLedger/Domain/Entities/FinancialLedger/AccountReference.cs(5,21): warning CS1591: Missing XML comment for publicly visible type or member 'AccountReference' [/Users/kady/Masterdom/src/Masterdom.Modules.FinancialLedger/Masterdom.Modules.FinancialLedger.csproj]
/Users/kady/Masterdom/src/Masterdom.Modules.FinancialLedger/Domain/Entities/FinancialLedger/AccountReference.cs(13,19): warning CS1591: Missing XML comment for publicly visible type or member 'AccountReference.AccountCode' [/Users/kady/Masterdom/src/Masterdom.Modules.FinancialLedger/Masterdom.Modules.FinancialLedger.csproj]
/Users/kady/Masterdom/src/Masterdom.Modules.FinancialLedger/Domain/Entities/FinancialLedger/AccountReference.cs(15,19): warning CS1591: Missing XML comment for publicly visible type or member 'AccountReference.AccountName' [/Users/kady/Masterdom/src/Masterdom.Modules.FinancialLedger/Masterdom.Modules.FinancialLedger.csproj]
/Users/kady/Masterdom/src/Masterdom.Modules.FinancialLedger/Domain/Entities/FinancialLedger/AccountReference.cs(17,36): warning CS1591: Missing XML comment for publicly visible type or member 'AccountReference.Create(string, string)' [/Users/kady/Masterdom/src/Masterdom.Modules.FinancialLedger/Masterdom.Modules.FinancialLedger.csproj]
/Users/kady/Masterdom/src/Masterdom.Modules.FinancialLedger/Domain/Entities/FinancialLedger/AccountReference.cs(25,45): warning CS1591: Missing XML comment for publicly visible type or member 'AccountReference.GetEqualityComponents()' [/Users/kady/Masterdom/src/Masterdom.Modules.FinancialLedger/Masterdom.Modules.FinancialLedger.csproj]
/Users/kady/Masterdom/src/Masterdom.Modules.FinancialLedger/Domain/Entities/FinancialLedger/Events/JournalPostedDomainEvent.cs(5,22): warning CS1591: Missing XML comment for publicly visible type or member 'JournalPostedDomainEvent' [/Users/kady/Masterdom/src/Masterdom.Modules.FinancialLedger/Masterdom.Modules.FinancialLedger.csproj]
/Users/kady/Masterdom/src/Masterdom.Modules.FinancialLedger/Domain/Entities/FinancialLedger/Events/JournalPostedDomainEvent.cs(5,22): warning CS1591: Missing XML comment for publicly visible type or member 'JournalPostedDomainEvent.JournalPostedDomainEvent(LedgerId, string, DateTime)' [/Users/kady/Masterdom/src/Masterdom.Modules.FinancialLedger/Masterdom.Modules.FinancialLedger.csproj]
/Users/kady/Masterdom/src/Masterdom.Modules.FinancialLedger/Domain/Entities/FinancialLedger/Events/JournalPostedDomainEvent.cs(6,14): warning CS1591: Missing XML comment for publicly visible type or member 'JournalPostedDomainEvent.LedgerId' [/Users/kady/Masterdom/src/Masterdom.Modules.FinancialLedger/Masterdom.Modules.FinancialLedger.csproj]
/Users/kady/Masterdom/src/Masterdom.Modules.FinancialLedger/Domain/Entities/FinancialLedger/Events/JournalPostedDomainEvent.cs(7,12): warning CS1591: Missing XML comment for publicly visible type or member 'JournalPostedDomainEvent.JournalNumber' [/Users/kady/Masterdom/src/Masterdom.Modules.FinancialLedger/Masterdom.Modules.FinancialLedger.csproj]
/Users/kady/Masterdom/src/Masterdom.Modules.FinancialLedger/Domain/Entities/FinancialLedger/Events/JournalPostedDomainEvent.cs(8,14): warning CS1591: Missing XML comment for publicly visible type or member 'JournalPostedDomainEvent.OccurredOnUtc' [/Users/kady/Masterdom/src/Masterdom.Modules.FinancialLedger/Masterdom.Modules.FinancialLedger.csproj]
/Users/kady/Masterdom/src/Masterdom.Modules.FinancialLedger/Domain/Entities/FinancialLedger/Events/JournalReversedDomainEvent.cs(5,22): warning CS1591: Missing XML comment for publicly visible type or member 'JournalReversedDomainEvent' [/Users/kady/Masterdom/src/Masterdom.Modules.FinancialLedger/Masterdom.Modules.FinancialLedger.csproj]
/Users/kady/Masterdom/src/Masterdom.Modules.FinancialLedger/Domain/Entities/FinancialLedger/Events/JournalReversedDomainEvent.cs(5,22): warning CS1591: Missing XML comment for publicly visible type or member 'JournalReversedDomainEvent.JournalReversedDomainEvent(LedgerId, string, Guid, DateTime)' [/Users/kady/Masterdom/src/Masterdom.Modules.FinancialLedger/Masterdom.Modules.FinancialLedger.csproj]
/Users/kady/Masterdom/src/Masterdom.Modules.FinancialLedger/Domain/Entities/FinancialLedger/Events/JournalReversedDomainEvent.cs(6,14): warning CS1591: Missing XML comment for publicly visible type or member 'JournalReversedDomainEvent.LedgerId' [/Users/kady/Masterdom/src/Masterdom.Modules.FinancialLedger/Masterdom.Modules.FinancialLedger.csproj]
/Users/kady/Masterdom/src/Masterdom.Modules.FinancialLedger/Domain/Entities/FinancialLedger/Events/JournalReversedDomainEvent.cs(7,12): warning CS1591: Missing XML comment for publicly visible type or member 'JournalReversedDomainEvent.JournalNumber' [/Users/kady/Masterdom/src/Masterdom.Modules.FinancialLedger/Masterdom.Modules.FinancialLedger.csproj]
/Users/kady/Masterdom/src/Masterdom.Modules.FinancialLedger/Domain/Entities/FinancialLedger/Events/JournalReversedDomainEvent.cs(8,10): warning CS1591: Missing XML comment for publicly visible type or member 'JournalReversedDomainEvent.ReversedTransactionId' [/Users/kady/Masterdom/src/Masterdom.Modules.FinancialLedger/Masterdom.Modules.FinancialLedger.csproj]
/Users/kady/Masterdom/src/Masterdom.Modules.FinancialLedger/Domain/Entities/FinancialLedger/Events/JournalReversedDomainEvent.cs(9,14): warning CS1591: Missing XML comment for publicly visible type or member 'JournalReversedDomainEvent.OccurredOnUtc' [/Users/kady/Masterdom/src/Masterdom.Modules.FinancialLedger/Masterdom.Modules.FinancialLedger.csproj]
/Users/kady/Masterdom/src/Masterdom.Modules.FinancialLedger/Domain/Entities/FinancialLedger/Events/LedgerSnapshotCreatedDomainEvent.cs(5,22): warning CS1591: Missing XML comment for publicly visible type or member 'LedgerSnapshotCreatedDomainEvent' [/Users/kady/Masterdom/src/Masterdom.Modules.FinancialLedger/Masterdom.Modules.FinancialLedger.csproj]
/Users/kady/Masterdom/src/Masterdom.Modules.FinancialLedger/Domain/Entities/FinancialLedger/Events/LedgerSnapshotCreatedDomainEvent.cs(5,22): warning CS1591: Missing XML comment for publicly visible type or member 'LedgerSnapshotCreatedDomainEvent.LedgerSnapshotCreatedDomainEvent(LedgerId, Guid, int, DateTime)' [/Users/kady/Masterdom/src/Masterdom.Modules.FinancialLedger/Masterdom.Modules.FinancialLedger.csproj]
/Users/kady/Masterdom/src/Masterdom.Modules.FinancialLedger/Domain/Entities/FinancialLedger/Events/LedgerSnapshotCreatedDomainEvent.cs(6,14): warning CS1591: Missing XML comment for publicly visible type or member 'LedgerSnapshotCreatedDomainEvent.LedgerId' [/Users/kady/Masterdom/src/Masterdom.Modules.FinancialLedger/Masterdom.Modules.FinancialLedger.csproj]
/Users/kady/Masterdom/src/Masterdom.Modules.FinancialLedger/Domain/Entities/FinancialLedger/Events/LedgerSnapshotCreatedDomainEvent.cs(7,10): warning CS1591: Missing XML comment for publicly visible type or member 'LedgerSnapshotCreatedDomainEvent.SnapshotId' [/Users/kady/Masterdom/src/Masterdom.Modules.FinancialLedger/Masterdom.Modules.FinancialLedger.csproj]
/Users/kady/Masterdom/src/Masterdom.Modules.FinancialLedger/Domain/Entities/FinancialLedger/Events/LedgerSnapshotCreatedDomainEvent.cs(8,9): warning CS1591: Missing XML comment for publicly visible type or member 'LedgerSnapshotCreatedDomainEvent.VersionNumber' [/Users/kady/Masterdom/src/Masterdom.Modules.FinancialLedger/Masterdom.Modules.FinancialLedger.csproj]
/Users/kady/Masterdom/src/Masterdom.Modules.FinancialLedger/Domain/Entities/FinancialLedger/Events/LedgerSnapshotCreatedDomainEvent.cs(9,14): warning CS1591: Missing XML comment for publicly visible type or member 'LedgerSnapshotCreatedDomainEvent.OccurredOnUtc' [/Users/kady/Masterdom/src/Masterdom.Modules.FinancialLedger/Masterdom.Modules.FinancialLedger.csproj]
/Users/kady/Masterdom/src/Masterdom.Modules.FinancialLedger/Domain/Entities/FinancialLedger/Events/LedgerTransactionCreatedDomainEvent.cs(5,22): warning CS1591: Missing XML comment for publicly visible type or member 'LedgerTransactionCreatedDomainEvent' [/Users/kady/Masterdom/src/Masterdom.Modules.FinancialLedger/Masterdom.Modules.FinancialLedger.csproj]
/Users/kady/Masterdom/src/Masterdom.Modules.FinancialLedger/Domain/Entities/FinancialLedger/Events/LedgerTransactionCreatedDomainEvent.cs(5,22): warning CS1591: Missing XML comment for publicly visible type or member 'LedgerTransactionCreatedDomainEvent.LedgerTransactionCreatedDomainEvent(LedgerId, Guid, string, DateTime)' [/Users/kady/Masterdom/src/Masterdom.Modules.FinancialLedger/Masterdom.Modules.FinancialLedger.csproj]
/Users/kady/Masterdom/src/Masterdom.Modules.FinancialLedger/Domain/Entities/FinancialLedger/Events/LedgerTransactionCreatedDomainEvent.cs(6,14): warning CS1591: Missing XML comment for publicly visible type or member 'LedgerTransactionCreatedDomainEvent.LedgerId' [/Users/kady/Masterdom/src/Masterdom.Modules.FinancialLedger/Masterdom.Modules.FinancialLedger.csproj]
/Users/kady/Masterdom/src/Masterdom.Modules.FinancialLedger/Domain/Entities/FinancialLedger/Events/LedgerTransactionCreatedDomainEvent.cs(7,10): warning CS1591: Missing XML comment for publicly visible type or member 'LedgerTransactionCreatedDomainEvent.LedgerTransactionId' [/Users/kady/Masterdom/src/Masterdom.Modules.FinancialLedger/Masterdom.Modules.FinancialLedger.csproj]
/Users/kady/Masterdom/src/Masterdom.Modules.FinancialLedger/Domain/Entities/FinancialLedger/Events/LedgerTransactionCreatedDomainEvent.cs(8,12): warning CS1591: Missing XML comment for publicly visible type or member 'LedgerTransactionCreatedDomainEvent.PostingReference' [/Users/kady/Masterdom/src/Masterdom.Modules.FinancialLedger/Masterdom.Modules.FinancialLedger.csproj]
/Users/kady/Masterdom/src/Masterdom.Modules.FinancialLedger/Domain/Entities/FinancialLedger/Events/LedgerTransactionCreatedDomainEvent.cs(9,14): warning CS1591: Missing XML comment for publicly visible type or member 'LedgerTransactionCreatedDomainEvent.OccurredOnUtc' [/Users/kady/Masterdom/src/Masterdom.Modules.FinancialLedger/Masterdom.Modules.FinancialLedger.csproj]
/Users/kady/Masterdom/src/Masterdom.Modules.FinancialLedger/Domain/Entities/FinancialLedger/Events/LedgerVersionCreatedDomainEvent.cs(5,22): warning CS1591: Missing XML comment for publicly visible type or member 'LedgerVersionCreatedDomainEvent' [/Users/kady/Masterdom/src/Masterdom.Modules.FinancialLedger/Masterdom.Modules.FinancialLedger.csproj]
/Users/kady/Masterdom/src/Masterdom.Modules.FinancialLedger/Domain/Entities/FinancialLedger/Events/LedgerVersionCreatedDomainEvent.cs(5,22): warning CS1591: Missing XML comment for publicly visible type or member 'LedgerVersionCreatedDomainEvent.LedgerVersionCreatedDomainEvent(LedgerId, int, string, DateTime)' [/Users/kady/Masterdom/src/Masterdom.Modules.FinancialLedger/Masterdom.Modules.FinancialLedger.csproj]
/Users/kady/Masterdom/src/Masterdom.Modules.FinancialLedger/Domain/Entities/FinancialLedger/Events/LedgerVersionCreatedDomainEvent.cs(6,14): warning CS1591: Missing XML comment for publicly visible type or member 'LedgerVersionCreatedDomainEvent.LedgerId' [/Users/kady/Masterdom/src/Masterdom.Modules.FinancialLedger/Masterdom.Modules.FinancialLedger.csproj]
/Users/kady/Masterdom/src/Masterdom.Modules.FinancialLedger/Domain/Entities/FinancialLedger/Events/LedgerVersionCreatedDomainEvent.cs(7,9): warning CS1591: Missing XML comment for publicly visible type or member 'LedgerVersionCreatedDomainEvent.VersionNumber' [/Users/kady/Masterdom/src/Masterdom.Modules.FinancialLedger/Masterdom.Modules.FinancialLedger.csproj]
/Users/kady/Masterdom/src/Masterdom.Modules.FinancialLedger/Domain/Entities/FinancialLedger/Events/LedgerVersionCreatedDomainEvent.cs(8,12): warning CS1591: Missing XML comment for publicly visible type or member 'LedgerVersionCreatedDomainEvent.ChangeReason' [/Users/kady/Masterdom/src/Masterdom.Modules.FinancialLedger/Masterdom.Modules.FinancialLedger.csproj]
/Users/kady/Masterdom/src/Masterdom.Modules.FinancialLedger/Domain/Entities/FinancialLedger/Events/LedgerVersionCreatedDomainEvent.cs(9,14): warning CS1591: Missing XML comment for publicly visible type or member 'LedgerVersionCreatedDomainEvent.OccurredOnUtc' [/Users/kady/Masterdom/src/Masterdom.Modules.FinancialLedger/Masterdom.Modules.FinancialLedger.csproj]
/Users/kady/Masterdom/src/Masterdom.Modules.FinancialLedger/Domain/Entities/FinancialLedger/Events/PostingBatchCompletedDomainEvent.cs(5,22): warning CS1591: Missing XML comment for publicly visible type or member 'PostingBatchCompletedDomainEvent' [/Users/kady/Masterdom/src/Masterdom.Modules.FinancialLedger/Masterdom.Modules.FinancialLedger.csproj]
/Users/kady/Masterdom/src/Masterdom.Modules.FinancialLedger/Domain/Entities/FinancialLedger/Events/PostingBatchCompletedDomainEvent.cs(5,22): warning CS1591: Missing XML comment for publicly visible type or member 'PostingBatchCompletedDomainEvent.PostingBatchCompletedDomainEvent(LedgerId, Guid, string, DateTime)' [/Users/kady/Masterdom/src/Masterdom.Modules.FinancialLedger/Masterdom.Modules.FinancialLedger.csproj]
/Users/kady/Masterdom/src/Masterdom.Modules.FinancialLedger/Domain/Entities/FinancialLedger/Events/PostingBatchCompletedDomainEvent.cs(6,14): warning CS1591: Missing XML comment for publicly visible type or member 'PostingBatchCompletedDomainEvent.LedgerId' [/Users/kady/Masterdom/src/Masterdom.Modules.FinancialLedger/Masterdom.Modules.FinancialLedger.csproj]
/Users/kady/Masterdom/src/Masterdom.Modules.FinancialLedger/Domain/Entities/FinancialLedger/Events/PostingBatchCompletedDomainEvent.cs(7,10): warning CS1591: Missing XML comment for publicly visible type or member 'PostingBatchCompletedDomainEvent.PostingBatchId' [/Users/kady/Masterdom/src/Masterdom.Modules.FinancialLedger/Masterdom.Modules.FinancialLedger.csproj]
/Users/kady/Masterdom/src/Masterdom.Modules.FinancialLedger/Domain/Entities/FinancialLedger/Events/PostingBatchCompletedDomainEvent.cs(8,12): warning CS1591: Missing XML comment for publicly visible type or member 'PostingBatchCompletedDomainEvent.BatchReference' [/Users/kady/Masterdom/src/Masterdom.Modules.FinancialLedger/Masterdom.Modules.FinancialLedger.csproj]
/Users/kady/Masterdom/src/Masterdom.Modules.FinancialLedger/Domain/Entities/FinancialLedger/Events/PostingBatchCompletedDomainEvent.cs(9,14): warning CS1591: Missing XML comment for publicly visible type or member 'PostingBatchCompletedDomainEvent.OccurredOnUtc' [/Users/kady/Masterdom/src/Masterdom.Modules.FinancialLedger/Masterdom.Modules.FinancialLedger.csproj]
/Users/kady/Masterdom/src/Masterdom.Modules.FinancialLedger/Domain/Entities/FinancialLedger/Journal.cs(3,21): warning CS1591: Missing XML comment for publicly visible type or member 'Journal' [/Users/kady/Masterdom/src/Masterdom.Modules.FinancialLedger/Masterdom.Modules.FinancialLedger.csproj]
/Users/kady/Masterdom/src/Masterdom.Modules.FinancialLedger/Domain/Entities/FinancialLedger/Journal.cs(14,19): warning CS1591: Missing XML comment for publicly visible type or member 'Journal.JournalNumber' [/Users/kady/Masterdom/src/Masterdom.Modules.FinancialLedger/Masterdom.Modules.FinancialLedger.csproj]
/Users/kady/Masterdom/src/Masterdom.Modules.FinancialLedger/Domain/Entities/FinancialLedger/Journal.cs(16,19): warning CS1591: Missing XML comment for publicly visible type or member 'Journal.Description' [/Users/kady/Masterdom/src/Masterdom.Modules.FinancialLedger/Masterdom.Modules.FinancialLedger.csproj]
/Users/kady/Masterdom/src/Masterdom.Modules.FinancialLedger/Domain/Entities/FinancialLedger/Journal.cs(18,40): warning CS1591: Missing XML comment for publicly visible type or member 'Journal.Entries' [/Users/kady/Masterdom/src/Masterdom.Modules.FinancialLedger/Masterdom.Modules.FinancialLedger.csproj]
/Users/kady/Masterdom/src/Masterdom.Modules.FinancialLedger/Domain/Entities/FinancialLedger/Journal.cs(20,27): warning CS1591: Missing XML comment for publicly visible type or member 'Journal.Create(string, string, IEnumerable<JournalEntry>)' [/Users/kady/Masterdom/src/Masterdom.Modules.FinancialLedger/Masterdom.Modules.FinancialLedger.csproj]
/Users/kady/Masterdom/src/Masterdom.Modules.FinancialLedger/Domain/Entities/FinancialLedger/Journal.cs(43,20): warning CS1591: Missing XML comment for publicly visible type or member 'Journal.GetDebitTotal()' [/Users/kady/Masterdom/src/Masterdom.Modules.FinancialLedger/Masterdom.Modules.FinancialLedger.csproj]
/Users/kady/Masterdom/src/Masterdom.Modules.FinancialLedger/Domain/Entities/FinancialLedger/Journal.cs(48,20): warning CS1591: Missing XML comment for publicly visible type or member 'Journal.GetCreditTotal()' [/Users/kady/Masterdom/src/Masterdom.Modules.FinancialLedger/Masterdom.Modules.FinancialLedger.csproj]
/Users/kady/Masterdom/src/Masterdom.Modules.FinancialLedger/Domain/Entities/FinancialLedger/JournalEntry.cs(3,21): warning CS1591: Missing XML comment for publicly visible type or member 'JournalEntry' [/Users/kady/Masterdom/src/Masterdom.Modules.FinancialLedger/Masterdom.Modules.FinancialLedger.csproj]
/Users/kady/Masterdom/src/Masterdom.Modules.FinancialLedger/Domain/Entities/FinancialLedger/JournalEntry.cs(14,17): warning CS1591: Missing XML comment for publicly visible type or member 'JournalEntry.EntryId' [/Users/kady/Masterdom/src/Masterdom.Modules.FinancialLedger/Masterdom.Modules.FinancialLedger.csproj]
/Users/kady/Masterdom/src/Masterdom.Modules.FinancialLedger/Domain/Entities/FinancialLedger/JournalEntry.cs(16,29): warning CS1591: Missing XML comment for publicly visible type or member 'JournalEntry.AccountReference' [/Users/kady/Masterdom/src/Masterdom.Modules.FinancialLedger/Masterdom.Modules.FinancialLedger.csproj]
/Users/kady/Masterdom/src/Masterdom.Modules.FinancialLedger/Domain/Entities/FinancialLedger/JournalEntry.cs(18,24): warning CS1591: Missing XML comment for publicly visible type or member 'JournalEntry.DebitAmount' [/Users/kady/Masterdom/src/Masterdom.Modules.FinancialLedger/Masterdom.Modules.FinancialLedger.csproj]
/Users/kady/Masterdom/src/Masterdom.Modules.FinancialLedger/Domain/Entities/FinancialLedger/JournalEntry.cs(20,24): warning CS1591: Missing XML comment for publicly visible type or member 'JournalEntry.CreditAmount' [/Users/kady/Masterdom/src/Masterdom.Modules.FinancialLedger/Masterdom.Modules.FinancialLedger.csproj]
/Users/kady/Masterdom/src/Masterdom.Modules.FinancialLedger/Domain/Entities/FinancialLedger/JournalEntry.cs(22,19): warning CS1591: Missing XML comment for publicly visible type or member 'JournalEntry.Description' [/Users/kady/Masterdom/src/Masterdom.Modules.FinancialLedger/Masterdom.Modules.FinancialLedger.csproj]
/Users/kady/Masterdom/src/Masterdom.Modules.FinancialLedger/Domain/Entities/FinancialLedger/JournalEntry.cs(24,32): warning CS1591: Missing XML comment for publicly visible type or member 'JournalEntry.Create(AccountReference, MoneyAmount, MoneyAmount, string)' [/Users/kady/Masterdom/src/Masterdom.Modules.FinancialLedger/Masterdom.Modules.FinancialLedger.csproj]
/Users/kady/Masterdom/src/Masterdom.Modules.FinancialLedger/Domain/Entities/FinancialLedger/Ledger.cs(10,21): warning CS1591: Missing XML comment for publicly visible type or member 'Ledger' [/Users/kady/Masterdom/src/Masterdom.Modules.FinancialLedger/Masterdom.Modules.FinancialLedger.csproj]
/Users/kady/Masterdom/src/Masterdom.Modules.FinancialLedger/Domain/Entities/FinancialLedger/Ledger.cs(27,19): warning CS1591: Missing XML comment for publicly visible type or member 'Ledger.LedgerCode' [/Users/kady/Masterdom/src/Masterdom.Modules.FinancialLedger/Masterdom.Modules.FinancialLedger.csproj]
/Users/kady/Masterdom/src/Masterdom.Modules.FinancialLedger/Domain/Entities/FinancialLedger/Ledger.cs(29,19): warning CS1591: Missing XML comment for publicly visible type or member 'Ledger.LedgerName' [/Users/kady/Masterdom/src/Masterdom.Modules.FinancialLedger/Masterdom.Modules.FinancialLedger.csproj]
/Users/kady/Masterdom/src/Masterdom.Modules.FinancialLedger/Domain/Entities/FinancialLedger/Ledger.cs(31,21): warning CS1591: Missing XML comment for publicly visible type or member 'Ledger.CreatedAtUtc' [/Users/kady/Masterdom/src/Masterdom.Modules.FinancialLedger/Masterdom.Modules.FinancialLedger.csproj]
/Users/kady/Masterdom/src/Masterdom.Modules.FinancialLedger/Domain/Entities/FinancialLedger/Ledger.cs(33,47): warning CS1591: Missing XML comment for publicly visible type or member 'Ledger.Accounts' [/Users/kady/Masterdom/src/Masterdom.Modules.FinancialLedger/Masterdom.Modules.FinancialLedger.csproj]
/Users/kady/Masterdom/src/Masterdom.Modules.FinancialLedger/Domain/Entities/FinancialLedger/Ledger.cs(35,51): warning CS1591: Missing XML comment for publicly visible type or member 'Ledger.Transactions' [/Users/kady/Masterdom/src/Masterdom.Modules.FinancialLedger/Masterdom.Modules.FinancialLedger.csproj]
/Users/kady/Masterdom/src/Masterdom.Modules.FinancialLedger/Domain/Entities/FinancialLedger/Ledger.cs(37,46): warning CS1591: Missing XML comment for publicly visible type or member 'Ledger.PostingBatches' [/Users/kady/Masterdom/src/Masterdom.Modules.FinancialLedger/Masterdom.Modules.FinancialLedger.csproj]
/Users/kady/Masterdom/src/Masterdom.Modules.FinancialLedger/Domain/Entities/FinancialLedger/Ledger.cs(39,48): warning CS1591: Missing XML comment for publicly visible type or member 'Ledger.Snapshots' [/Users/kady/Masterdom/src/Masterdom.Modules.FinancialLedger/Masterdom.Modules.FinancialLedger.csproj]
/Users/kady/Masterdom/src/Masterdom.Modules.FinancialLedger/Domain/Entities/FinancialLedger/Ledger.cs(41,47): warning CS1591: Missing XML comment for publicly visible type or member 'Ledger.Versions' [/Users/kady/Masterdom/src/Masterdom.Modules.FinancialLedger/Masterdom.Modules.FinancialLedger.csproj]
/Users/kady/Masterdom/src/Masterdom.Modules.FinancialLedger/Domain/Entities/FinancialLedger/Ledger.cs(43,46): warning CS1591: Missing XML comment for publicly visible type or member 'Ledger.DomainEvents' [/Users/kady/Masterdom/src/Masterdom.Modules.FinancialLedger/Masterdom.Modules.FinancialLedger.csproj]
/Users/kady/Masterdom/src/Masterdom.Modules.FinancialLedger/Domain/Entities/FinancialLedger/Ledger.cs(45,26): warning CS1591: Missing XML comment for publicly visible type or member 'Ledger.CurrentVersion' [/Users/kady/Masterdom/src/Masterdom.Modules.FinancialLedger/Masterdom.Modules.FinancialLedger.csproj]
/Users/kady/Masterdom/src/Masterdom.Modules.FinancialLedger/Domain/Entities/FinancialLedger/Ledger.cs(47,26): warning CS1591: Missing XML comment for publicly visible type or member 'Ledger.Open(LedgerId, string, string, DateTime)' [/Users/kady/Masterdom/src/Masterdom.Modules.FinancialLedger/Masterdom.Modules.FinancialLedger.csproj]
/Users/kady/Masterdom/src/Masterdom.Modules.FinancialLedger/Domain/Entities/FinancialLedger/Ledger.cs(63,17): warning CS1591: Missing XML comment for publicly visible type or member 'Ledger.AddAccount(LedgerAccount)' [/Users/kady/Masterdom/src/Masterdom.Modules.FinancialLedger/Masterdom.Modules.FinancialLedger.csproj]
/Users/kady/Masterdom/src/Masterdom.Modules.FinancialLedger/Domain/Entities/FinancialLedger/Ledger.cs(75,30): warning CS1591: Missing XML comment for publicly visible type or member 'Ledger.PostBillingTransaction(BillingLedgerPostingContract, DateTime)' [/Users/kady/Masterdom/src/Masterdom.Modules.FinancialLedger/Masterdom.Modules.FinancialLedger.csproj]
/Users/kady/Masterdom/src/Masterdom.Modules.FinancialLedger/Domain/Entities/FinancialLedger/Ledger.cs(93,30): warning CS1591: Missing XML comment for publicly visible type or member 'Ledger.PostPaymentTransaction(PaymentLedgerPostingContract, DateTime)' [/Users/kady/Masterdom/src/Masterdom.Modules.FinancialLedger/Masterdom.Modules.FinancialLedger.csproj]
/Users/kady/Masterdom/src/Masterdom.Modules.FinancialLedger/Domain/Entities/FinancialLedger/Ledger.cs(111,30): warning CS1591: Missing XML comment for publicly visible type or member 'Ledger.ReverseJournal(Guid, string, string, DateTime)' [/Users/kady/Masterdom/src/Masterdom.Modules.FinancialLedger/Masterdom.Modules.FinancialLedger.csproj]
/Users/kady/Masterdom/src/Masterdom.Modules.FinancialLedger/Domain/Entities/FinancialLedger/Ledger.cs(130,17): warning CS1591: Missing XML comment for publicly visible type or member 'Ledger.CompletePostingBatch(string, DateTime)' [/Users/kady/Masterdom/src/Masterdom.Modules.FinancialLedger/Masterdom.Modules.FinancialLedger.csproj]
/Users/kady/Masterdom/src/Masterdom.Modules.FinancialLedger/Domain/Entities/FinancialLedger/Ledger.cs(146,17): warning CS1591: Missing XML comment for publicly visible type or member 'Ledger.ClearDomainEvents()' [/Users/kady/Masterdom/src/Masterdom.Modules.FinancialLedger/Masterdom.Modules.FinancialLedger.csproj]
/Users/kady/Masterdom/src/Masterdom.Modules.FinancialLedger/Domain/Entities/FinancialLedger/LedgerAccount.cs(3,21): warning CS1591: Missing XML comment for publicly visible type or member 'LedgerAccount' [/Users/kady/Masterdom/src/Masterdom.Modules.FinancialLedger/Masterdom.Modules.FinancialLedger.csproj]
/Users/kady/Masterdom/src/Masterdom.Modules.FinancialLedger/Domain/Entities/FinancialLedger/LedgerAccount.cs(13,17): warning CS1591: Missing XML comment for publicly visible type or member 'LedgerAccount.AccountId' [/Users/kady/Masterdom/src/Masterdom.Modules.FinancialLedger/Masterdom.Modules.FinancialLedger.csproj]
/Users/kady/Masterdom/src/Masterdom.Modules.FinancialLedger/Domain/Entities/FinancialLedger/LedgerAccount.cs(15,29): warning CS1591: Missing XML comment for publicly visible type or member 'LedgerAccount.AccountReference' [/Users/kady/Masterdom/src/Masterdom.Modules.FinancialLedger/Masterdom.Modules.FinancialLedger.csproj]
/Users/kady/Masterdom/src/Masterdom.Modules.FinancialLedger/Domain/Entities/FinancialLedger/LedgerAccount.cs(17,19): warning CS1591: Missing XML comment for publicly visible type or member 'LedgerAccount.Category' [/Users/kady/Masterdom/src/Masterdom.Modules.FinancialLedger/Masterdom.Modules.FinancialLedger.csproj]
/Users/kady/Masterdom/src/Masterdom.Modules.FinancialLedger/Domain/Entities/FinancialLedger/LedgerAccount.cs(19,21): warning CS1591: Missing XML comment for publicly visible type or member 'LedgerAccount.OpenedAtUtc' [/Users/kady/Masterdom/src/Masterdom.Modules.FinancialLedger/Masterdom.Modules.FinancialLedger.csproj]
/Users/kady/Masterdom/src/Masterdom.Modules.FinancialLedger/Domain/Entities/FinancialLedger/LedgerAccount.cs(21,33): warning CS1591: Missing XML comment for publicly visible type or member 'LedgerAccount.Open(AccountReference, string, DateTime)' [/Users/kady/Masterdom/src/Masterdom.Modules.FinancialLedger/Masterdom.Modules.FinancialLedger.csproj]
/Users/kady/Masterdom/src/Masterdom.Modules.FinancialLedger/Domain/Entities/FinancialLedger/LedgerId.cs(5,22): warning CS1591: Missing XML comment for publicly visible type or member 'LedgerId' [/Users/kady/Masterdom/src/Masterdom.Modules.FinancialLedger/Masterdom.Modules.FinancialLedger.csproj]
/Users/kady/Masterdom/src/Masterdom.Modules.FinancialLedger/Domain/Entities/FinancialLedger/LedgerId.cs(5,22): warning CS1591: Missing XML comment for publicly visible type or member 'LedgerId.LedgerId(Guid)' [/Users/kady/Masterdom/src/Masterdom.Modules.FinancialLedger/Masterdom.Modules.FinancialLedger.csproj]
/Users/kady/Masterdom/src/Masterdom.Modules.FinancialLedger/Domain/Entities/FinancialLedger/LedgerId.cs(7,28): warning CS1591: Missing XML comment for publicly visible type or member 'LedgerId.New()' [/Users/kady/Masterdom/src/Masterdom.Modules.FinancialLedger/Masterdom.Modules.FinancialLedger.csproj]
/Users/kady/Masterdom/src/Masterdom.Modules.FinancialLedger/Domain/Entities/FinancialLedger/LedgerId.cs(12,28): warning CS1591: Missing XML comment for publicly visible type or member 'LedgerId.From(Guid)' [/Users/kady/Masterdom/src/Masterdom.Modules.FinancialLedger/Masterdom.Modules.FinancialLedger.csproj]
/Users/kady/Masterdom/src/Masterdom.Modules.FinancialLedger/Domain/Entities/FinancialLedger/LedgerSnapshot.cs(3,21): warning CS1591: Missing XML comment for publicly visible type or member 'LedgerSnapshot' [/Users/kady/Masterdom/src/Masterdom.Modules.FinancialLedger/Masterdom.Modules.FinancialLedger.csproj]
/Users/kady/Masterdom/src/Masterdom.Modules.FinancialLedger/Domain/Entities/FinancialLedger/LedgerSnapshot.cs(16,17): warning CS1591: Missing XML comment for publicly visible type or member 'LedgerSnapshot.SnapshotId' [/Users/kady/Masterdom/src/Masterdom.Modules.FinancialLedger/Masterdom.Modules.FinancialLedger.csproj]
/Users/kady/Masterdom/src/Masterdom.Modules.FinancialLedger/Domain/Entities/FinancialLedger/LedgerSnapshot.cs(18,16): warning CS1591: Missing XML comment for publicly visible type or member 'LedgerSnapshot.VersionNumber' [/Users/kady/Masterdom/src/Masterdom.Modules.FinancialLedger/Masterdom.Modules.FinancialLedger.csproj]
/Users/kady/Masterdom/src/Masterdom.Modules.FinancialLedger/Domain/Entities/FinancialLedger/LedgerSnapshot.cs(20,16): warning CS1591: Missing XML comment for publicly visible type or member 'LedgerSnapshot.TransactionCount' [/Users/kady/Masterdom/src/Masterdom.Modules.FinancialLedger/Masterdom.Modules.FinancialLedger.csproj]
/Users/kady/Masterdom/src/Masterdom.Modules.FinancialLedger/Domain/Entities/FinancialLedger/LedgerSnapshot.cs(22,16): warning CS1591: Missing XML comment for publicly visible type or member 'LedgerSnapshot.AccountCount' [/Users/kady/Masterdom/src/Masterdom.Modules.FinancialLedger/Masterdom.Modules.FinancialLedger.csproj]
/Users/kady/Masterdom/src/Masterdom.Modules.FinancialLedger/Domain/Entities/FinancialLedger/LedgerSnapshot.cs(24,24): warning CS1591: Missing XML comment for publicly visible type or member 'LedgerSnapshot.TotalDebits' [/Users/kady/Masterdom/src/Masterdom.Modules.FinancialLedger/Masterdom.Modules.FinancialLedger.csproj]
/Users/kady/Masterdom/src/Masterdom.Modules.FinancialLedger/Domain/Entities/FinancialLedger/LedgerSnapshot.cs(26,24): warning CS1591: Missing XML comment for publicly visible type or member 'LedgerSnapshot.TotalCredits' [/Users/kady/Masterdom/src/Masterdom.Modules.FinancialLedger/Masterdom.Modules.FinancialLedger.csproj]
/Users/kady/Masterdom/src/Masterdom.Modules.FinancialLedger/Domain/Entities/FinancialLedger/LedgerSnapshot.cs(28,21): warning CS1591: Missing XML comment for publicly visible type or member 'LedgerSnapshot.CapturedAtUtc' [/Users/kady/Masterdom/src/Masterdom.Modules.FinancialLedger/Masterdom.Modules.FinancialLedger.csproj]
/Users/kady/Masterdom/src/Masterdom.Modules.FinancialLedger/Domain/Entities/FinancialLedger/LedgerSnapshot.cs(30,34): warning CS1591: Missing XML comment for publicly visible type or member 'LedgerSnapshot.Capture(int, int, int, MoneyAmount, MoneyAmount, DateTime)' [/Users/kady/Masterdom/src/Masterdom.Modules.FinancialLedger/Masterdom.Modules.FinancialLedger.csproj]
/Users/kady/Masterdom/src/Masterdom.Modules.FinancialLedger/Domain/Entities/FinancialLedger/LedgerTransaction.cs(3,21): warning CS1591: Missing XML comment for publicly visible type or member 'LedgerTransaction' [/Users/kady/Masterdom/src/Masterdom.Modules.FinancialLedger/Masterdom.Modules.FinancialLedger.csproj]
/Users/kady/Masterdom/src/Masterdom.Modules.FinancialLedger/Domain/Entities/FinancialLedger/LedgerTransaction.cs(56,17): warning CS1591: Missing XML comment for publicly visible type or member 'LedgerTransaction.TransactionId' [/Users/kady/Masterdom/src/Masterdom.Modules.FinancialLedger/Masterdom.Modules.FinancialLedger.csproj]
/Users/kady/Masterdom/src/Masterdom.Modules.FinancialLedger/Domain/Entities/FinancialLedger/LedgerTransaction.cs(58,29): warning CS1591: Missing XML comment for publicly visible type or member 'LedgerTransaction.PostingReference' [/Users/kady/Masterdom/src/Masterdom.Modules.FinancialLedger/Masterdom.Modules.FinancialLedger.csproj]
/Users/kady/Masterdom/src/Masterdom.Modules.FinancialLedger/Domain/Entities/FinancialLedger/LedgerTransaction.cs(60,19): warning CS1591: Missing XML comment for publicly visible type or member 'LedgerTransaction.SourceModule' [/Users/kady/Masterdom/src/Masterdom.Modules.FinancialLedger/Masterdom.Modules.FinancialLedger.csproj]
/Users/kady/Masterdom/src/Masterdom.Modules.FinancialLedger/Domain/Entities/FinancialLedger/LedgerTransaction.cs(62,24): warning CS1591: Missing XML comment for publicly visible type or member 'LedgerTransaction.PostingDate' [/Users/kady/Masterdom/src/Masterdom.Modules.FinancialLedger/Masterdom.Modules.FinancialLedger.csproj]
/Users/kady/Masterdom/src/Masterdom.Modules.FinancialLedger/Domain/Entities/FinancialLedger/LedgerTransaction.cs(64,19): warning CS1591: Missing XML comment for publicly visible type or member 'LedgerTransaction.JournalNumber' [/Users/kady/Masterdom/src/Masterdom.Modules.FinancialLedger/Masterdom.Modules.FinancialLedger.csproj]
/Users/kady/Masterdom/src/Masterdom.Modules.FinancialLedger/Domain/Entities/FinancialLedger/LedgerTransaction.cs(66,19): warning CS1591: Missing XML comment for publicly visible type or member 'LedgerTransaction.Description' [/Users/kady/Masterdom/src/Masterdom.Modules.FinancialLedger/Masterdom.Modules.FinancialLedger.csproj]
/Users/kady/Masterdom/src/Masterdom.Modules.FinancialLedger/Domain/Entities/FinancialLedger/LedgerTransaction.cs(68,26): warning CS1591: Missing XML comment for publicly visible type or member 'LedgerTransaction.PostingStatus' [/Users/kady/Masterdom/src/Masterdom.Modules.FinancialLedger/Masterdom.Modules.FinancialLedger.csproj]
/Users/kady/Masterdom/src/Masterdom.Modules.FinancialLedger/Domain/Entities/FinancialLedger/LedgerTransaction.cs(70,17): warning CS1591: Missing XML comment for publicly visible type or member 'LedgerTransaction.IsReversal' [/Users/kady/Masterdom/src/Masterdom.Modules.FinancialLedger/Masterdom.Modules.FinancialLedger.csproj]
/Users/kady/Masterdom/src/Masterdom.Modules.FinancialLedger/Domain/Entities/FinancialLedger/LedgerTransaction.cs(72,18): warning CS1591: Missing XML comment for publicly visible type or member 'LedgerTransaction.ReversedTransactionId' [/Users/kady/Masterdom/src/Masterdom.Modules.FinancialLedger/Masterdom.Modules.FinancialLedger.csproj]
/Users/kady/Masterdom/src/Masterdom.Modules.FinancialLedger/Domain/Entities/FinancialLedger/LedgerTransaction.cs(74,21): warning CS1591: Missing XML comment for publicly visible type or member 'LedgerTransaction.CreatedAtUtc' [/Users/kady/Masterdom/src/Masterdom.Modules.FinancialLedger/Masterdom.Modules.FinancialLedger.csproj]
/Users/kady/Masterdom/src/Masterdom.Modules.FinancialLedger/Domain/Entities/FinancialLedger/LedgerTransaction.cs(76,46): warning CS1591: Missing XML comment for publicly visible type or member 'LedgerTransaction.JournalEntries' [/Users/kady/Masterdom/src/Masterdom.Modules.FinancialLedger/Masterdom.Modules.FinancialLedger.csproj]
/Users/kady/Masterdom/src/Masterdom.Modules.FinancialLedger/Domain/Entities/FinancialLedger/LedgerTransaction.cs(78,20): warning CS1591: Missing XML comment for publicly visible type or member 'LedgerTransaction.DebitTotal' [/Users/kady/Masterdom/src/Masterdom.Modules.FinancialLedger/Masterdom.Modules.FinancialLedger.csproj]
/Users/kady/Masterdom/src/Masterdom.Modules.FinancialLedger/Domain/Entities/FinancialLedger/LedgerTransaction.cs(80,20): warning CS1591: Missing XML comment for publicly visible type or member 'LedgerTransaction.CreditTotal' [/Users/kady/Masterdom/src/Masterdom.Modules.FinancialLedger/Masterdom.Modules.FinancialLedger.csproj]
/Users/kady/Masterdom/src/Masterdom.Modules.FinancialLedger/Domain/Entities/FinancialLedger/LedgerTransaction.cs(82,37): warning CS1591: Missing XML comment for publicly visible type or member 'LedgerTransaction.Create(PostingReference, string, PostingDate, Journal, DateTime)' [/Users/kady/Masterdom/src/Masterdom.Modules.FinancialLedger/Masterdom.Modules.FinancialLedger.csproj]
/Users/kady/Masterdom/src/Masterdom.Modules.FinancialLedger/Domain/Entities/FinancialLedger/LedgerTransaction.cs(111,30): warning CS1591: Missing XML comment for publicly visible type or member 'LedgerTransaction.Reverse(string, string, DateTime)' [/Users/kady/Masterdom/src/Masterdom.Modules.FinancialLedger/Masterdom.Modules.FinancialLedger.csproj]
/Users/kady/Masterdom/src/Masterdom.Modules.FinancialLedger/Domain/Entities/FinancialLedger/LedgerVersion.cs(3,21): warning CS1591: Missing XML comment for publicly visible type or member 'LedgerVersion' [/Users/kady/Masterdom/src/Masterdom.Modules.FinancialLedger/Masterdom.Modules.FinancialLedger.csproj]
/Users/kady/Masterdom/src/Masterdom.Modules.FinancialLedger/Domain/Entities/FinancialLedger/LedgerVersion.cs(12,16): warning CS1591: Missing XML comment for publicly visible type or member 'LedgerVersion.VersionNumber' [/Users/kady/Masterdom/src/Masterdom.Modules.FinancialLedger/Masterdom.Modules.FinancialLedger.csproj]
/Users/kady/Masterdom/src/Masterdom.Modules.FinancialLedger/Domain/Entities/FinancialLedger/LedgerVersion.cs(14,19): warning CS1591: Missing XML comment for publicly visible type or member 'LedgerVersion.ChangeReason' [/Users/kady/Masterdom/src/Masterdom.Modules.FinancialLedger/Masterdom.Modules.FinancialLedger.csproj]
/Users/kady/Masterdom/src/Masterdom.Modules.FinancialLedger/Domain/Entities/FinancialLedger/LedgerVersion.cs(16,21): warning CS1591: Missing XML comment for publicly visible type or member 'LedgerVersion.CreatedAtUtc' [/Users/kady/Masterdom/src/Masterdom.Modules.FinancialLedger/Masterdom.Modules.FinancialLedger.csproj]
/Users/kady/Masterdom/src/Masterdom.Modules.FinancialLedger/Domain/Entities/FinancialLedger/LedgerVersion.cs(18,33): warning CS1591: Missing XML comment for publicly visible type or member 'LedgerVersion.Create(int, string, DateTime)' [/Users/kady/Masterdom/src/Masterdom.Modules.FinancialLedger/Masterdom.Modules.FinancialLedger.csproj]
/Users/kady/Masterdom/src/Masterdom.Modules.FinancialLedger/Domain/Entities/FinancialLedger/MoneyAmount.cs(5,21): warning CS1591: Missing XML comment for publicly visible type or member 'MoneyAmount' [/Users/kady/Masterdom/src/Masterdom.Modules.FinancialLedger/Masterdom.Modules.FinancialLedger.csproj]
/Users/kady/Masterdom/src/Masterdom.Modules.FinancialLedger/Domain/Entities/FinancialLedger/MoneyAmount.cs(12,20): warning CS1591: Missing XML comment for publicly visible type or member 'MoneyAmount.Value' [/Users/kady/Masterdom/src/Masterdom.Modules.FinancialLedger/Masterdom.Modules.FinancialLedger.csproj]
/Users/kady/Masterdom/src/Masterdom.Modules.FinancialLedger/Domain/Entities/FinancialLedger/MoneyAmount.cs(14,31): warning CS1591: Missing XML comment for publicly visible type or member 'MoneyAmount.Create(decimal)' [/Users/kady/Masterdom/src/Masterdom.Modules.FinancialLedger/Masterdom.Modules.FinancialLedger.csproj]
/Users/kady/Masterdom/src/Masterdom.Modules.FinancialLedger/Domain/Entities/FinancialLedger/MoneyAmount.cs(24,31): warning CS1591: Missing XML comment for publicly visible type or member 'MoneyAmount.Zero()' [/Users/kady/Masterdom/src/Masterdom.Modules.FinancialLedger/Masterdom.Modules.FinancialLedger.csproj]
/Users/kady/Masterdom/src/Masterdom.Modules.FinancialLedger/Domain/Entities/FinancialLedger/MoneyAmount.cs(29,24): warning CS1591: Missing XML comment for publicly visible type or member 'MoneyAmount.Add(MoneyAmount)' [/Users/kady/Masterdom/src/Masterdom.Modules.FinancialLedger/Masterdom.Modules.FinancialLedger.csproj]
/Users/kady/Masterdom/src/Masterdom.Modules.FinancialLedger/Domain/Entities/FinancialLedger/MoneyAmount.cs(35,45): warning CS1591: Missing XML comment for publicly visible type or member 'MoneyAmount.GetEqualityComponents()' [/Users/kady/Masterdom/src/Masterdom.Modules.FinancialLedger/Masterdom.Modules.FinancialLedger.csproj]
/Users/kady/Masterdom/src/Masterdom.Modules.FinancialLedger/Domain/Entities/FinancialLedger/PostingBatch.cs(3,21): warning CS1591: Missing XML comment for publicly visible type or member 'PostingBatch' [/Users/kady/Masterdom/src/Masterdom.Modules.FinancialLedger/Masterdom.Modules.FinancialLedger.csproj]
/Users/kady/Masterdom/src/Masterdom.Modules.FinancialLedger/Domain/Entities/FinancialLedger/PostingBatch.cs(16,17): warning CS1591: Missing XML comment for publicly visible type or member 'PostingBatch.BatchId' [/Users/kady/Masterdom/src/Masterdom.Modules.FinancialLedger/Masterdom.Modules.FinancialLedger.csproj]
/Users/kady/Masterdom/src/Masterdom.Modules.FinancialLedger/Domain/Entities/FinancialLedger/PostingBatch.cs(18,19): warning CS1591: Missing XML comment for publicly visible type or member 'PostingBatch.BatchReference' [/Users/kady/Masterdom/src/Masterdom.Modules.FinancialLedger/Masterdom.Modules.FinancialLedger.csproj]
/Users/kady/Masterdom/src/Masterdom.Modules.FinancialLedger/Domain/Entities/FinancialLedger/PostingBatch.cs(20,19): warning CS1591: Missing XML comment for publicly visible type or member 'PostingBatch.SourceModule' [/Users/kady/Masterdom/src/Masterdom.Modules.FinancialLedger/Masterdom.Modules.FinancialLedger.csproj]
/Users/kady/Masterdom/src/Masterdom.Modules.FinancialLedger/Domain/Entities/FinancialLedger/PostingBatch.cs(22,26): warning CS1591: Missing XML comment for publicly visible type or member 'PostingBatch.PostingStatus' [/Users/kady/Masterdom/src/Masterdom.Modules.FinancialLedger/Masterdom.Modules.FinancialLedger.csproj]
/Users/kady/Masterdom/src/Masterdom.Modules.FinancialLedger/Domain/Entities/FinancialLedger/PostingBatch.cs(24,21): warning CS1591: Missing XML comment for publicly visible type or member 'PostingBatch.CreatedAtUtc' [/Users/kady/Masterdom/src/Masterdom.Modules.FinancialLedger/Masterdom.Modules.FinancialLedger.csproj]
/Users/kady/Masterdom/src/Masterdom.Modules.FinancialLedger/Domain/Entities/FinancialLedger/PostingBatch.cs(26,22): warning CS1591: Missing XML comment for publicly visible type or member 'PostingBatch.CompletedAtUtc' [/Users/kady/Masterdom/src/Masterdom.Modules.FinancialLedger/Masterdom.Modules.FinancialLedger.csproj]
/Users/kady/Masterdom/src/Masterdom.Modules.FinancialLedger/Domain/Entities/FinancialLedger/PostingBatch.cs(28,32): warning CS1591: Missing XML comment for publicly visible type or member 'PostingBatch.TransactionIds' [/Users/kady/Masterdom/src/Masterdom.Modules.FinancialLedger/Masterdom.Modules.FinancialLedger.csproj]
/Users/kady/Masterdom/src/Masterdom.Modules.FinancialLedger/Domain/Entities/FinancialLedger/PostingBatch.cs(30,32): warning CS1591: Missing XML comment for publicly visible type or member 'PostingBatch.Create(string, string, Guid, DateTime)' [/Users/kady/Masterdom/src/Masterdom.Modules.FinancialLedger/Masterdom.Modules.FinancialLedger.csproj]
/Users/kady/Masterdom/src/Masterdom.Modules.FinancialLedger/Domain/Entities/FinancialLedger/PostingBatch.cs(55,25): warning CS1591: Missing XML comment for publicly visible type or member 'PostingBatch.AppendTransaction(Guid)' [/Users/kady/Masterdom/src/Masterdom.Modules.FinancialLedger/Masterdom.Modules.FinancialLedger.csproj]
/Users/kady/Masterdom/src/Masterdom.Modules.FinancialLedger/Domain/Entities/FinancialLedger/PostingBatch.cs(77,25): warning CS1591: Missing XML comment for publicly visible type or member 'PostingBatch.Complete(DateTime)' [/Users/kady/Masterdom/src/Masterdom.Modules.FinancialLedger/Masterdom.Modules.FinancialLedger.csproj]
/Users/kady/Masterdom/src/Masterdom.Modules.FinancialLedger/Domain/Entities/FinancialLedger/PostingDate.cs(5,21): warning CS1591: Missing XML comment for publicly visible type or member 'PostingDate' [/Users/kady/Masterdom/src/Masterdom.Modules.FinancialLedger/Masterdom.Modules.FinancialLedger.csproj]
/Users/kady/Masterdom/src/Masterdom.Modules.FinancialLedger/Domain/Entities/FinancialLedger/PostingDate.cs(12,21): warning CS1591: Missing XML comment for publicly visible type or member 'PostingDate.Value' [/Users/kady/Masterdom/src/Masterdom.Modules.FinancialLedger/Masterdom.Modules.FinancialLedger.csproj]
/Users/kady/Masterdom/src/Masterdom.Modules.FinancialLedger/Domain/Entities/FinancialLedger/PostingDate.cs(14,31): warning CS1591: Missing XML comment for publicly visible type or member 'PostingDate.Create(DateOnly)' [/Users/kady/Masterdom/src/Masterdom.Modules.FinancialLedger/Masterdom.Modules.FinancialLedger.csproj]
/Users/kady/Masterdom/src/Masterdom.Modules.FinancialLedger/Domain/Entities/FinancialLedger/PostingDate.cs(19,45): warning CS1591: Missing XML comment for publicly visible type or member 'PostingDate.GetEqualityComponents()' [/Users/kady/Masterdom/src/Masterdom.Modules.FinancialLedger/Masterdom.Modules.FinancialLedger.csproj]
/Users/kady/Masterdom/src/Masterdom.Modules.FinancialLedger/Domain/Entities/FinancialLedger/PostingReference.cs(5,21): warning CS1591: Missing XML comment for publicly visible type or member 'PostingReference' [/Users/kady/Masterdom/src/Masterdom.Modules.FinancialLedger/Masterdom.Modules.FinancialLedger.csproj]
/Users/kady/Masterdom/src/Masterdom.Modules.FinancialLedger/Domain/Entities/FinancialLedger/PostingReference.cs(12,19): warning CS1591: Missing XML comment for publicly visible type or member 'PostingReference.Value' [/Users/kady/Masterdom/src/Masterdom.Modules.FinancialLedger/Masterdom.Modules.FinancialLedger.csproj]
/Users/kady/Masterdom/src/Masterdom.Modules.FinancialLedger/Domain/Entities/FinancialLedger/PostingReference.cs(14,36): warning CS1591: Missing XML comment for publicly visible type or member 'PostingReference.Create(string)' [/Users/kady/Masterdom/src/Masterdom.Modules.FinancialLedger/Masterdom.Modules.FinancialLedger.csproj]
/Users/kady/Masterdom/src/Masterdom.Modules.FinancialLedger/Domain/Entities/FinancialLedger/PostingReference.cs(20,45): warning CS1591: Missing XML comment for publicly visible type or member 'PostingReference.GetEqualityComponents()' [/Users/kady/Masterdom/src/Masterdom.Modules.FinancialLedger/Masterdom.Modules.FinancialLedger.csproj]
/Users/kady/Masterdom/src/Masterdom.Modules.FinancialLedger/Domain/Entities/FinancialLedger/PostingStatus.cs(5,21): warning CS1591: Missing XML comment for publicly visible type or member 'PostingStatus' [/Users/kady/Masterdom/src/Masterdom.Modules.FinancialLedger/Masterdom.Modules.FinancialLedger.csproj]
/Users/kady/Masterdom/src/Masterdom.Modules.FinancialLedger/Domain/Entities/FinancialLedger/PostingStatus.cs(7,42): warning CS1591: Missing XML comment for publicly visible type or member 'PostingStatus.Prepared' [/Users/kady/Masterdom/src/Masterdom.Modules.FinancialLedger/Masterdom.Modules.FinancialLedger.csproj]
/Users/kady/Masterdom/src/Masterdom.Modules.FinancialLedger/Domain/Entities/FinancialLedger/PostingStatus.cs(8,42): warning CS1591: Missing XML comment for publicly visible type or member 'PostingStatus.Validated' [/Users/kady/Masterdom/src/Masterdom.Modules.FinancialLedger/Masterdom.Modules.FinancialLedger.csproj]
/Users/kady/Masterdom/src/Masterdom.Modules.FinancialLedger/Domain/Entities/FinancialLedger/PostingStatus.cs(9,42): warning CS1591: Missing XML comment for publicly visible type or member 'PostingStatus.Draft' [/Users/kady/Masterdom/src/Masterdom.Modules.FinancialLedger/Masterdom.Modules.FinancialLedger.csproj]
/Users/kady/Masterdom/src/Masterdom.Modules.FinancialLedger/Domain/Entities/FinancialLedger/PostingStatus.cs(10,42): warning CS1591: Missing XML comment for publicly visible type or member 'PostingStatus.Posted' [/Users/kady/Masterdom/src/Masterdom.Modules.FinancialLedger/Masterdom.Modules.FinancialLedger.csproj]
/Users/kady/Masterdom/src/Masterdom.Modules.FinancialLedger/Domain/Entities/FinancialLedger/PostingStatus.cs(11,42): warning CS1591: Missing XML comment for publicly visible type or member 'PostingStatus.Reversed' [/Users/kady/Masterdom/src/Masterdom.Modules.FinancialLedger/Masterdom.Modules.FinancialLedger.csproj]
/Users/kady/Masterdom/src/Masterdom.Modules.FinancialLedger/Domain/Entities/FinancialLedger/PostingStatus.cs(12,42): warning CS1591: Missing XML comment for publicly visible type or member 'PostingStatus.Cancelled' [/Users/kady/Masterdom/src/Masterdom.Modules.FinancialLedger/Masterdom.Modules.FinancialLedger.csproj]
/Users/kady/Masterdom/src/Masterdom.Modules.FinancialLedger/Domain/Entities/FinancialLedger/PostingStatus.cs(13,42): warning CS1591: Missing XML comment for publicly visible type or member 'PostingStatus.Completed' [/Users/kady/Masterdom/src/Masterdom.Modules.FinancialLedger/Masterdom.Modules.FinancialLedger.csproj]
/Users/kady/Masterdom/src/Masterdom.Modules.FinancialLedger/Domain/Entities/FinancialLedger/PostingStatus.cs(20,19): warning CS1591: Missing XML comment for publicly visible type or member 'PostingStatus.Value' [/Users/kady/Masterdom/src/Masterdom.Modules.FinancialLedger/Masterdom.Modules.FinancialLedger.csproj]
/Users/kady/Masterdom/src/Masterdom.Modules.FinancialLedger/Domain/Entities/FinancialLedger/PostingStatus.cs(22,33): warning CS1591: Missing XML comment for publicly visible type or member 'PostingStatus.Create(string)' [/Users/kady/Masterdom/src/Masterdom.Modules.FinancialLedger/Masterdom.Modules.FinancialLedger.csproj]
/Users/kady/Masterdom/src/Masterdom.Modules.FinancialLedger/Domain/Entities/FinancialLedger/PostingStatus.cs(39,45): warning CS1591: Missing XML comment for publicly visible type or member 'PostingStatus.GetEqualityComponents()' [/Users/kady/Masterdom/src/Masterdom.Modules.FinancialLedger/Masterdom.Modules.FinancialLedger.csproj]
/Users/kady/Masterdom/src/Masterdom.Modules.FinancialLedger/Domain/Repositories/ILedgerRepository.cs(6,18): warning CS1591: Missing XML comment for publicly visible type or member 'ILedgerRepository' [/Users/kady/Masterdom/src/Masterdom.Modules.FinancialLedger/Masterdom.Modules.FinancialLedger.csproj]
/Users/kady/Masterdom/src/Masterdom.Modules.FinancialLedger/Domain/Repositories/ILedgerRepository.cs(8,10): warning CS1591: Missing XML comment for publicly visible type or member 'ILedgerRepository.Add(Ledger)' [/Users/kady/Masterdom/src/Masterdom.Modules.FinancialLedger/Masterdom.Modules.FinancialLedger.csproj]
/Users/kady/Masterdom/src/Masterdom.Modules.FinancialLedger/Domain/Repositories/ILedgerRepository.cs(10,10): warning CS1591: Missing XML comment for publicly visible type or member 'ILedgerRepository.Update(Ledger)' [/Users/kady/Masterdom/src/Masterdom.Modules.FinancialLedger/Masterdom.Modules.FinancialLedger.csproj]
/Users/kady/Masterdom/src/Masterdom.Modules.FinancialLedger/Domain/Repositories/ILedgerRepository.cs(12,22): warning CS1591: Missing XML comment for publicly visible type or member 'ILedgerRepository.GetById(LedgerId)' [/Users/kady/Masterdom/src/Masterdom.Modules.FinancialLedger/Masterdom.Modules.FinancialLedger.csproj]
/Users/kady/Masterdom/src/Masterdom.Modules.FinancialLedger/Domain/Repositories/ILedgerRepository.cs(14,22): warning CS1591: Missing XML comment for publicly visible type or member 'ILedgerRepository.GetByCode(string)' [/Users/kady/Masterdom/src/Masterdom.Modules.FinancialLedger/Masterdom.Modules.FinancialLedger.csproj]
  Masterdom.Modules.Lease -> /Users/kady/Masterdom/src/Masterdom.Modules.Lease/bin/Debug/net10.0/Masterdom.Modules.Lease.dll
  Masterdom.Modules.FinancialLedger -> /Users/kady/Masterdom/src/Masterdom.Modules.FinancialLedger/bin/Debug/net10.0/Masterdom.Modules.FinancialLedger.dll
  Masterdom.TestKit -> /Users/kady/Masterdom/tests/Masterdom.TestKit/bin/Debug/net10.0/Masterdom.TestKit.dll
/Users/kady/Masterdom/src/Masterdom.Infrastructure/Persistence/Configurations/Identity/UserRoleConfiguration.cs(38,9): warning CS8631: The type 'Masterdom.Core.Identity.Entities.User.UserId?' cannot be used as type parameter 'TEntityId' in the generic type or method 'PropertyBuilderExtensions.HasEntityIdConversion<TEntityId>(PropertyBuilder<TEntityId>, Func<Guid, TEntityId>)'. Nullability of type argument 'Masterdom.Core.Identity.Entities.User.UserId?' doesn't match constraint type 'Masterdom.Core.Primitives.EntityId'. [/Users/kady/Masterdom/src/Masterdom.Infrastructure/Masterdom.Infrastructure.csproj]
/Users/kady/Masterdom/src/Masterdom.Infrastructure/Persistence/Configurations/Identity/UserRoleConfiguration.cs(73,9): warning CS8631: The type 'Masterdom.Core.Identity.Entities.User.UserId?' cannot be used as type parameter 'TEntityId' in the generic type or method 'PropertyBuilderExtensions.HasEntityIdConversion<TEntityId>(PropertyBuilder<TEntityId>, Func<Guid, TEntityId>)'. Nullability of type argument 'Masterdom.Core.Identity.Entities.User.UserId?' doesn't match constraint type 'Masterdom.Core.Primitives.EntityId'. [/Users/kady/Masterdom/src/Masterdom.Infrastructure/Masterdom.Infrastructure.csproj]
/Users/kady/Masterdom/src/Masterdom.Infrastructure/Persistence/Configurations/Identity/LoginAttemptConfiguration.cs(26,9): warning CS8631: The type 'Masterdom.Core.Identity.Entities.User.UserId?' cannot be used as type parameter 'TEntityId' in the generic type or method 'PropertyBuilderExtensions.HasEntityIdConversion<TEntityId>(PropertyBuilder<TEntityId>, Func<Guid, TEntityId>)'. Nullability of type argument 'Masterdom.Core.Identity.Entities.User.UserId?' doesn't match constraint type 'Masterdom.Core.Primitives.EntityId'. [/Users/kady/Masterdom/src/Masterdom.Infrastructure/Masterdom.Infrastructure.csproj]
/Users/kady/Masterdom/src/Masterdom.Infrastructure/Persistence/Configurations/Identity/IdentityProfileConfiguration.cs(41,9): warning CS8631: The type 'Masterdom.Core.Identifiers.PersonId?' cannot be used as type parameter 'TEntityId' in the generic type or method 'PropertyBuilderExtensions.HasEntityIdConversion<TEntityId>(PropertyBuilder<TEntityId>, Func<Guid, TEntityId>)'. Nullability of type argument 'Masterdom.Core.Identifiers.PersonId?' doesn't match constraint type 'Masterdom.Core.Primitives.EntityId'. [/Users/kady/Masterdom/src/Masterdom.Infrastructure/Masterdom.Infrastructure.csproj]
/Users/kady/Masterdom/src/Masterdom.Infrastructure/Persistence/Configurations/Identity/IdentityProfileConfiguration.cs(44,9): warning CS8631: The type 'Masterdom.Core.Identity.Entities.Organization.OrganizationId?' cannot be used as type parameter 'TEntityId' in the generic type or method 'PropertyBuilderExtensions.HasEntityIdConversion<TEntityId>(PropertyBuilder<TEntityId>, Func<Guid, TEntityId>)'. Nullability of type argument 'Masterdom.Core.Identity.Entities.Organization.OrganizationId?' doesn't match constraint type 'Masterdom.Core.Primitives.EntityId'. [/Users/kady/Masterdom/src/Masterdom.Infrastructure/Masterdom.Infrastructure.csproj]
/Users/kady/Masterdom/src/Masterdom.Infrastructure/Persistence/Configurations/Identity/RolePermissionConfiguration.cs(39,9): warning CS8631: The type 'Masterdom.Core.Identity.Entities.User.UserId?' cannot be used as type parameter 'TEntityId' in the generic type or method 'PropertyBuilderExtensions.HasEntityIdConversion<TEntityId>(PropertyBuilder<TEntityId>, Func<Guid, TEntityId>)'. Nullability of type argument 'Masterdom.Core.Identity.Entities.User.UserId?' doesn't match constraint type 'Masterdom.Core.Primitives.EntityId'. [/Users/kady/Masterdom/src/Masterdom.Infrastructure/Masterdom.Infrastructure.csproj]
/Users/kady/Masterdom/src/Masterdom.Infrastructure/Persistence/Configurations/Identity/RolePermissionConfiguration.cs(71,9): warning CS8631: The type 'Masterdom.Core.Identity.Entities.User.UserId?' cannot be used as type parameter 'TEntityId' in the generic type or method 'PropertyBuilderExtensions.HasEntityIdConversion<TEntityId>(PropertyBuilder<TEntityId>, Func<Guid, TEntityId>)'. Nullability of type argument 'Masterdom.Core.Identity.Entities.User.UserId?' doesn't match constraint type 'Masterdom.Core.Primitives.EntityId'. [/Users/kady/Masterdom/src/Masterdom.Infrastructure/Masterdom.Infrastructure.csproj]
/Users/kady/Masterdom/src/Masterdom.Infrastructure/Persistence/Billing/BillingChargeCompositionReadService.cs(6,21): warning CS1591: Missing XML comment for publicly visible type or member 'BillingChargeCompositionReadService' [/Users/kady/Masterdom/src/Masterdom.Infrastructure/Masterdom.Infrastructure.csproj]
/Users/kady/Masterdom/src/Masterdom.Infrastructure/Persistence/Billing/BillingChargeCompositionReadService.cs(10,12): warning CS1591: Missing XML comment for publicly visible type or member 'BillingChargeCompositionReadService.BillingChargeCompositionReadService(MasterdomDbContext)' [/Users/kady/Masterdom/src/Masterdom.Infrastructure/Masterdom.Infrastructure.csproj]
/Users/kady/Masterdom/src/Masterdom.Infrastructure/Persistence/Billing/BillingChargeCompositionReadService.cs(15,33): warning CS1591: Missing XML comment for publicly visible type or member 'BillingChargeCompositionReadService.GetRentChargeReadModel(Guid, Guid, Guid, Guid)' [/Users/kady/Masterdom/src/Masterdom.Infrastructure/Masterdom.Infrastructure.csproj]
/Users/kady/Masterdom/src/Masterdom.Infrastructure/Persistence/Billing/BillingPlatformOrchestrator.cs(25,12): warning CS1591: Missing XML comment for publicly visible type or member 'BillingPlatformOrchestrator.BillingPlatformOrchestrator(IConfigurationResolver, IMetadataResolver, IRuleResolver, IWorkflowResolver, IDomainEventPublisher)' [/Users/kady/Masterdom/src/Masterdom.Infrastructure/Masterdom.Infrastructure.csproj]
/Users/kady/Masterdom/src/Masterdom.Infrastructure/Persistence/Billing/BillingPlatformOrchestrator.cs(39,17): warning CS1591: Missing XML comment for publicly visible type or member 'BillingPlatformOrchestrator.OnBillMutated(Bill, string)' [/Users/kady/Masterdom/src/Masterdom.Infrastructure/Masterdom.Infrastructure.csproj]
/Users/kady/Masterdom/src/Masterdom.Infrastructure/Persistence/Billing/BillingPlatformOrchestrator.cs(64,17): warning CS1591: Missing XML comment for publicly visible type or member 'BillingPlatformOrchestrator.Publish(IBillingApplicationEvent)' [/Users/kady/Masterdom/src/Masterdom.Infrastructure/Masterdom.Infrastructure.csproj]
/Users/kady/Masterdom/src/Masterdom.Infrastructure/Persistence/Billing/BillingUnitOfWork.cs(12,12): warning CS1591: Missing XML comment for publicly visible type or member 'BillingUnitOfWork.BillingUnitOfWork(MasterdomDbContext)' [/Users/kady/Masterdom/src/Masterdom.Infrastructure/Masterdom.Infrastructure.csproj]
/Users/kady/Masterdom/src/Masterdom.Infrastructure/Persistence/Billing/BillingUnitOfWork.cs(17,17): warning CS1591: Missing XML comment for publicly visible type or member 'BillingUnitOfWork.Execute(Action)' [/Users/kady/Masterdom/src/Masterdom.Infrastructure/Masterdom.Infrastructure.csproj]
/Users/kady/Masterdom/src/Masterdom.Infrastructure/Persistence/Billing/BillRepository.cs(15,12): warning CS1591: Missing XML comment for publicly visible type or member 'BillRepository.BillRepository(MasterdomDbContext)' [/Users/kady/Masterdom/src/Masterdom.Infrastructure/Masterdom.Infrastructure.csproj]
/Users/kady/Masterdom/src/Masterdom.Infrastructure/Persistence/Billing/BillRepository.cs(20,17): warning CS1591: Missing XML comment for publicly visible type or member 'BillRepository.Add(Bill)' [/Users/kady/Masterdom/src/Masterdom.Infrastructure/Masterdom.Infrastructure.csproj]
/Users/kady/Masterdom/src/Masterdom.Infrastructure/Persistence/Billing/BillRepository.cs(26,27): warning CS1591: Missing XML comment for publicly visible type or member 'BillRepository.GetById(BillId)' [/Users/kady/Masterdom/src/Masterdom.Infrastructure/Masterdom.Infrastructure.csproj]
/Users/kady/Masterdom/src/Masterdom.Infrastructure/Persistence/Billing/BillRepository.cs(35,27): warning CS1591: Missing XML comment for publicly visible type or member 'BillRepository.GetByNumber(BillNumber)' [/Users/kady/Masterdom/src/Masterdom.Infrastructure/Masterdom.Infrastructure.csproj]
/Users/kady/Masterdom/src/Masterdom.Infrastructure/Persistence/Billing/BillRepository.cs(44,17): warning CS1591: Missing XML comment for publicly visible type or member 'BillRepository.Update(Bill)' [/Users/kady/Masterdom/src/Masterdom.Infrastructure/Masterdom.Infrastructure.csproj]
/Users/kady/Masterdom/src/Masterdom.Infrastructure/Persistence/Configuration/PlatformConfigurationRecordEntity.cs(10,17): warning CS1591: Missing XML comment for publicly visible type or member 'PlatformConfigurationRecordEntity.Id' [/Users/kady/Masterdom/src/Masterdom.Infrastructure/Masterdom.Infrastructure.csproj]
/Users/kady/Masterdom/src/Masterdom.Infrastructure/Persistence/Configuration/PlatformConfigurationRecordEntity.cs(12,19): warning CS1591: Missing XML comment for publicly visible type or member 'PlatformConfigurationRecordEntity.Key' [/Users/kady/Masterdom/src/Masterdom.Infrastructure/Masterdom.Infrastructure.csproj]
/Users/kady/Masterdom/src/Masterdom.Infrastructure/Persistence/Configuration/PlatformConfigurationRecordEntity.cs(14,16): warning CS1591: Missing XML comment for publicly visible type or member 'PlatformConfigurationRecordEntity.ScopeKind' [/Users/kady/Masterdom/src/Masterdom.Infrastructure/Masterdom.Infrastructure.csproj]
/Users/kady/Masterdom/src/Masterdom.Infrastructure/Persistence/Configuration/PlatformConfigurationRecordEntity.cs(16,20): warning CS1591: Missing XML comment for publicly visible type or member 'PlatformConfigurationRecordEntity.ScopeIdentifier' [/Users/kady/Masterdom/src/Masterdom.Infrastructure/Masterdom.Infrastructure.csproj]
/Users/kady/Masterdom/src/Masterdom.Infrastructure/Persistence/Configuration/PlatformConfigurationRecordEntity.cs(18,16): warning CS1591: Missing XML comment for publicly visible type or member 'PlatformConfigurationRecordEntity.Version' [/Users/kady/Masterdom/src/Masterdom.Infrastructure/Masterdom.Infrastructure.csproj]
/Users/kady/Masterdom/src/Masterdom.Infrastructure/Persistence/Configuration/PlatformConfigurationRecordEntity.cs(20,19): warning CS1591: Missing XML comment for publicly visible type or member 'PlatformConfigurationRecordEntity.Value' [/Users/kady/Masterdom/src/Masterdom.Infrastructure/Masterdom.Infrastructure.csproj]
/Users/kady/Masterdom/src/Masterdom.Infrastructure/Persistence/Configuration/PlatformConfigurationRecordEntity.cs(22,21): warning CS1591: Missing XML comment for publicly visible type or member 'PlatformConfigurationRecordEntity.EffectiveFromUtc' [/Users/kady/Masterdom/src/Masterdom.Infrastructure/Masterdom.Infrastructure.csproj]
/Users/kady/Masterdom/src/Masterdom.Infrastructure/Persistence/Configuration/PlatformConfigurationRecordEntity.cs(24,22): warning CS1591: Missing XML comment for publicly visible type or member 'PlatformConfigurationRecordEntity.EffectiveToUtc' [/Users/kady/Masterdom/src/Masterdom.Infrastructure/Masterdom.Infrastructure.csproj]
/Users/kady/Masterdom/src/Masterdom.Infrastructure/Persistence/Configuration/PlatformConfigurationRecordEntity.cs(26,19): warning CS1591: Missing XML comment for publicly visible type or member 'PlatformConfigurationRecordEntity.ChangedBy' [/Users/kady/Masterdom/src/Masterdom.Infrastructure/Masterdom.Infrastructure.csproj]
/Users/kady/Masterdom/src/Masterdom.Infrastructure/Persistence/Configuration/PlatformConfigurationRecordEntity.cs(28,19): warning CS1591: Missing XML comment for publicly visible type or member 'PlatformConfigurationRecordEntity.Reason' [/Users/kady/Masterdom/src/Masterdom.Infrastructure/Masterdom.Infrastructure.csproj]
/Users/kady/Masterdom/src/Masterdom.Infrastructure/Persistence/Configuration/PlatformConfigurationRecordEntity.cs(30,21): warning CS1591: Missing XML comment for publicly visible type or member 'PlatformConfigurationRecordEntity.ChangedAtUtc' [/Users/kady/Masterdom/src/Masterdom.Infrastructure/Masterdom.Infrastructure.csproj]
/Users/kady/Masterdom/src/Masterdom.Infrastructure/Persistence/Configuration/PlatformConfigurationRepository.cs(16,12): warning CS1591: Missing XML comment for publicly visible type or member 'PlatformConfigurationRepository.PlatformConfigurationRepository(MasterdomDbContext)' [/Users/kady/Masterdom/src/Masterdom.Infrastructure/Masterdom.Infrastructure.csproj]
/Users/kady/Masterdom/src/Masterdom.Infrastructure/Persistence/Configuration/PlatformConfigurationRepository.cs(21,47): warning CS1591: Missing XML comment for publicly visible type or member 'PlatformConfigurationRepository.GetAll()' [/Users/kady/Masterdom/src/Masterdom.Infrastructure/Masterdom.Infrastructure.csproj]
/Users/kady/Masterdom/src/Masterdom.Infrastructure/Persistence/Configurations/Billing/BillConfiguration.cs(17,17): warning CS1591: Missing XML comment for publicly visible type or member 'BillConfiguration.Configure(EntityTypeBuilder<Bill>)' [/Users/kady/Masterdom/src/Masterdom.Infrastructure/Masterdom.Infrastructure.csproj]
/Users/kady/Masterdom/src/Masterdom.Infrastructure/Persistence/Configurations/CRM/PartyConfiguration.cs(13,17): warning CS1591: Missing XML comment for publicly visible type or member 'PartyConfiguration.Configure(EntityTypeBuilder<Party>)' [/Users/kady/Masterdom/src/Masterdom.Infrastructure/Masterdom.Infrastructure.csproj]
/Users/kady/Masterdom/src/Masterdom.Infrastructure/Persistence/Configurations/FinancialLedger/LedgerConfiguration.cs(10,21): warning CS1591: Missing XML comment for publicly visible type or member 'LedgerConfiguration' [/Users/kady/Masterdom/src/Masterdom.Infrastructure/Masterdom.Infrastructure.csproj]
/Users/kady/Masterdom/src/Masterdom.Infrastructure/Persistence/Configurations/FinancialLedger/LedgerConfiguration.cs(12,17): warning CS1591: Missing XML comment for publicly visible type or member 'LedgerConfiguration.Configure(EntityTypeBuilder<Ledger>)' [/Users/kady/Masterdom/src/Masterdom.Infrastructure/Masterdom.Infrastructure.csproj]
/Users/kady/Masterdom/src/Masterdom.Infrastructure/Persistence/Configurations/FinancialLedger/PersistedPreparedJournalConfiguration.cs(7,21): warning CS1591: Missing XML comment for publicly visible type or member 'PersistedPreparedJournalConfiguration' [/Users/kady/Masterdom/src/Masterdom.Infrastructure/Masterdom.Infrastructure.csproj]
/Users/kady/Masterdom/src/Masterdom.Infrastructure/Persistence/Configurations/FinancialLedger/PersistedPreparedJournalConfiguration.cs(9,17): warning CS1591: Missing XML comment for publicly visible type or member 'PersistedPreparedJournalConfiguration.Configure(EntityTypeBuilder<PersistedPreparedJournalEntity>)' [/Users/kady/Masterdom/src/Masterdom.Infrastructure/Masterdom.Infrastructure.csproj]
/Users/kady/Masterdom/src/Masterdom.Infrastructure/Persistence/Configurations/Identity/ApiKeyConfiguration.cs(14,17): warning CS1591: Missing XML comment for publicly visible type or member 'ApiKeyConfiguration.Configure(EntityTypeBuilder<ApiKey>)' [/Users/kady/Masterdom/src/Masterdom.Infrastructure/Masterdom.Infrastructure.csproj]
/Users/kady/Masterdom/src/Masterdom.Infrastructure/Persistence/Configurations/Identity/EmailVerificationConfiguration.cs(14,17): warning CS1591: Missing XML comment for publicly visible type or member 'EmailVerificationConfiguration.Configure(EntityTypeBuilder<EmailVerification>)' [/Users/kady/Masterdom/src/Masterdom.Infrastructure/Masterdom.Infrastructure.csproj]
/Users/kady/Masterdom/src/Masterdom.Infrastructure/Persistence/Configurations/Identity/ExternalLoginConfiguration.cs(14,17): warning CS1591: Missing XML comment for publicly visible type or member 'ExternalLoginConfiguration.Configure(EntityTypeBuilder<ExternalLogin>)' [/Users/kady/Masterdom/src/Masterdom.Infrastructure/Masterdom.Infrastructure.csproj]
/Users/kady/Masterdom/src/Masterdom.Infrastructure/Persistence/Configurations/Identity/IdentityProfileConfiguration.cs(16,17): warning CS1591: Missing XML comment for publicly visible type or member 'IdentityProfileConfiguration.Configure(EntityTypeBuilder<IdentityProfile>)' [/Users/kady/Masterdom/src/Masterdom.Infrastructure/Masterdom.Infrastructure.csproj]
/Users/kady/Masterdom/src/Masterdom.Infrastructure/Persistence/Configurations/Identity/LoginAttemptConfiguration.cs(14,17): warning CS1591: Missing XML comment for publicly visible type or member 'LoginAttemptConfiguration.Configure(EntityTypeBuilder<LoginAttempt>)' [/Users/kady/Masterdom/src/Masterdom.Infrastructure/Masterdom.Infrastructure.csproj]
/Users/kady/Masterdom/src/Masterdom.Infrastructure/Persistence/Configurations/Identity/MfaDeviceConfiguration.cs(14,17): warning CS1591: Missing XML comment for publicly visible type or member 'MfaDeviceConfiguration.Configure(EntityTypeBuilder<MfaDevice>)' [/Users/kady/Masterdom/src/Masterdom.Infrastructure/Masterdom.Infrastructure.csproj]
/Users/kady/Masterdom/src/Masterdom.Infrastructure/Persistence/Configurations/Identity/OrganizationConfiguration.cs(13,17): warning CS1591: Missing XML comment for publicly visible type or member 'OrganizationConfiguration.Configure(EntityTypeBuilder<Organization>)' [/Users/kady/Masterdom/src/Masterdom.Infrastructure/Masterdom.Infrastructure.csproj]
/Users/kady/Masterdom/src/Masterdom.Infrastructure/Persistence/Configurations/Identity/PasswordResetConfiguration.cs(14,17): warning CS1591: Missing XML comment for publicly visible type or member 'PasswordResetConfiguration.Configure(EntityTypeBuilder<PasswordReset>)' [/Users/kady/Masterdom/src/Masterdom.Infrastructure/Masterdom.Infrastructure.csproj]
/Users/kady/Masterdom/src/Masterdom.Infrastructure/Persistence/Configurations/Identity/PermissionConfiguration.cs(13,17): warning CS1591: Missing XML comment for publicly visible type or member 'PermissionConfiguration.Configure(EntityTypeBuilder<Permission>)' [/Users/kady/Masterdom/src/Masterdom.Infrastructure/Masterdom.Infrastructure.csproj]
/Users/kady/Masterdom/src/Masterdom.Infrastructure/Persistence/Configurations/Identity/RefreshTokenConfiguration.cs(15,17): warning CS1591: Missing XML comment for publicly visible type or member 'RefreshTokenConfiguration.Configure(EntityTypeBuilder<RefreshToken>)' [/Users/kady/Masterdom/src/Masterdom.Infrastructure/Masterdom.Infrastructure.csproj]
/Users/kady/Masterdom/src/Masterdom.Infrastructure/Persistence/Configurations/Identity/RelationshipConfiguration.cs(15,17): warning CS1591: Missing XML comment for publicly visible type or member 'RelationshipConfiguration.Configure(EntityTypeBuilder<Relationship>)' [/Users/kady/Masterdom/src/Masterdom.Infrastructure/Masterdom.Infrastructure.csproj]
/Users/kady/Masterdom/src/Masterdom.Infrastructure/Persistence/Configurations/Identity/RoleConfiguration.cs(13,17): warning CS1591: Missing XML comment for publicly visible type or member 'RoleConfiguration.Configure(EntityTypeBuilder<Role>)' [/Users/kady/Masterdom/src/Masterdom.Infrastructure/Masterdom.Infrastructure.csproj]
/Users/kady/Masterdom/src/Masterdom.Infrastructure/Persistence/Configurations/Identity/RolePermissionConfiguration.cs(16,17): warning CS1591: Missing XML comment for publicly visible type or member 'RolePermissionConfiguration.Configure(EntityTypeBuilder<RolePermission>)' [/Users/kady/Masterdom/src/Masterdom.Infrastructure/Masterdom.Infrastructure.csproj]
/Users/kady/Masterdom/src/Masterdom.Infrastructure/Persistence/Configurations/Identity/UserConfiguration.cs(14,17): warning CS1591: Missing XML comment for publicly visible type or member 'UserConfiguration.Configure(EntityTypeBuilder<User>)' [/Users/kady/Masterdom/src/Masterdom.Infrastructure/Masterdom.Infrastructure.csproj]
/Users/kady/Masterdom/src/Masterdom.Infrastructure/Persistence/Configurations/Identity/UserRoleConfiguration.cs(15,17): warning CS1591: Missing XML comment for publicly visible type or member 'UserRoleConfiguration.Configure(EntityTypeBuilder<UserRole>)' [/Users/kady/Masterdom/src/Masterdom.Infrastructure/Masterdom.Infrastructure.csproj]
/Users/kady/Masterdom/src/Masterdom.Infrastructure/Persistence/Configurations/Identity/UserSessionConfiguration.cs(14,17): warning CS1591: Missing XML comment for publicly visible type or member 'UserSessionConfiguration.Configure(EntityTypeBuilder<UserSession>)' [/Users/kady/Masterdom/src/Masterdom.Infrastructure/Masterdom.Infrastructure.csproj]
/Users/kady/Masterdom/src/Masterdom.Infrastructure/Persistence/Configurations/Inventory/InventoryItemConfiguration.cs(8,21): warning CS1591: Missing XML comment for publicly visible type or member 'InventoryItemConfiguration' [/Users/kady/Masterdom/src/Masterdom.Infrastructure/Masterdom.Infrastructure.csproj]
/Users/kady/Masterdom/src/Masterdom.Infrastructure/Persistence/Configurations/Inventory/InventoryItemConfiguration.cs(10,17): warning CS1591: Missing XML comment for publicly visible type or member 'InventoryItemConfiguration.Configure(EntityTypeBuilder<InventoryItem>)' [/Users/kady/Masterdom/src/Masterdom.Infrastructure/Masterdom.Infrastructure.csproj]
/Users/kady/Masterdom/src/Masterdom.Infrastructure/Persistence/Configurations/Lease/LeaseConfiguration.cs(16,17): warning CS1591: Missing XML comment for publicly visible type or member 'LeaseConfiguration.Configure(EntityTypeBuilder<Lease>)' [/Users/kady/Masterdom/src/Masterdom.Infrastructure/Masterdom.Infrastructure.csproj]
/Users/kady/Masterdom/src/Masterdom.Infrastructure/Persistence/Configurations/Maintenance/MaintenanceTicketConfiguration.cs(8,21): warning CS1591: Missing XML comment for publicly visible type or member 'MaintenanceTicketConfiguration' [/Users/kady/Masterdom/src/Masterdom.Infrastructure/Masterdom.Infrastructure.csproj]
/Users/kady/Masterdom/src/Masterdom.Infrastructure/Persistence/Configurations/Maintenance/MaintenanceTicketConfiguration.cs(10,17): warning CS1591: Missing XML comment for publicly visible type or member 'MaintenanceTicketConfiguration.Configure(EntityTypeBuilder<MaintenanceTicket>)' [/Users/kady/Masterdom/src/Masterdom.Infrastructure/Masterdom.Infrastructure.csproj]
/Users/kady/Masterdom/src/Masterdom.Infrastructure/Persistence/Configurations/Metering/MeterConfiguration.cs(9,21): warning CS1591: Missing XML comment for publicly visible type or member 'MeterConfiguration' [/Users/kady/Masterdom/src/Masterdom.Infrastructure/Masterdom.Infrastructure.csproj]
/Users/kady/Masterdom/src/Masterdom.Infrastructure/Persistence/Configurations/Metering/MeterConfiguration.cs(11,17): warning CS1591: Missing XML comment for publicly visible type or member 'MeterConfiguration.Configure(EntityTypeBuilder<Meter>)' [/Users/kady/Masterdom/src/Masterdom.Infrastructure/Masterdom.Infrastructure.csproj]
/Users/kady/Masterdom/src/Masterdom.Infrastructure/Persistence/Configurations/Payment/PaymentConfiguration.cs(10,21): warning CS1591: Missing XML comment for publicly visible type or member 'PaymentConfiguration' [/Users/kady/Masterdom/src/Masterdom.Infrastructure/Masterdom.Infrastructure.csproj]
/Users/kady/Masterdom/src/Masterdom.Infrastructure/Persistence/Configurations/Payment/PaymentConfiguration.cs(12,17): warning CS1591: Missing XML comment for publicly visible type or member 'PaymentConfiguration.Configure(EntityTypeBuilder<Payment>)' [/Users/kady/Masterdom/src/Masterdom.Infrastructure/Masterdom.Infrastructure.csproj]
/Users/kady/Masterdom/src/Masterdom.Infrastructure/Persistence/Configurations/PolicyFramework/PolicyConfiguration.cs(10,21): warning CS1591: Missing XML comment for publicly visible type or member 'PolicyConfiguration' [/Users/kady/Masterdom/src/Masterdom.Infrastructure/Masterdom.Infrastructure.csproj]
/Users/kady/Masterdom/src/Masterdom.Infrastructure/Persistence/Configurations/PolicyFramework/PolicyConfiguration.cs(12,17): warning CS1591: Missing XML comment for publicly visible type or member 'PolicyConfiguration.Configure(EntityTypeBuilder<Policy>)' [/Users/kady/Masterdom/src/Masterdom.Infrastructure/Masterdom.Infrastructure.csproj]
/Users/kady/Masterdom/src/Masterdom.Infrastructure/Persistence/Configurations/SubsidyOptimization/OptimizationRunConfiguration.cs(10,21): warning CS1591: Missing XML comment for publicly visible type or member 'OptimizationRunConfiguration' [/Users/kady/Masterdom/src/Masterdom.Infrastructure/Masterdom.Infrastructure.csproj]
/Users/kady/Masterdom/src/Masterdom.Infrastructure/Persistence/Configurations/SubsidyOptimization/OptimizationRunConfiguration.cs(12,17): warning CS1591: Missing XML comment for publicly visible type or member 'OptimizationRunConfiguration.Configure(EntityTypeBuilder<OptimizationRun>)' [/Users/kady/Masterdom/src/Masterdom.Infrastructure/Masterdom.Infrastructure.csproj]
/Users/kady/Masterdom/src/Masterdom.Infrastructure/Persistence/Configurations/Tenancy/TenancyConfiguration.cs(15,17): warning CS1591: Missing XML comment for publicly visible type or member 'TenancyConfiguration.Configure(EntityTypeBuilder<Tenancy>)' [/Users/kady/Masterdom/src/Masterdom.Infrastructure/Masterdom.Infrastructure.csproj]
/Users/kady/Masterdom/src/Masterdom.Infrastructure/Persistence/Configurations/UtilityRating/UtilityRatingConfiguration.cs(10,21): warning CS1591: Missing XML comment for publicly visible type or member 'UtilityRatingConfiguration' [/Users/kady/Masterdom/src/Masterdom.Infrastructure/Masterdom.Infrastructure.csproj]
/Users/kady/Masterdom/src/Masterdom.Infrastructure/Persistence/Configurations/UtilityRating/UtilityRatingConfiguration.cs(12,17): warning CS1591: Missing XML comment for publicly visible type or member 'UtilityRatingConfiguration.Configure(EntityTypeBuilder<UtilityRating>)' [/Users/kady/Masterdom/src/Masterdom.Infrastructure/Masterdom.Infrastructure.csproj]
/Users/kady/Masterdom/src/Masterdom.Infrastructure/Persistence/Converters/EntityIdValueConverter.cs(6,21): warning CS1591: Missing XML comment for publicly visible type or member 'EntityIdValueConverter<TEntityId>' [/Users/kady/Masterdom/src/Masterdom.Infrastructure/Masterdom.Infrastructure.csproj]
/Users/kady/Masterdom/src/Masterdom.Infrastructure/Persistence/Converters/EntityIdValueConverter.cs(9,12): warning CS1591: Missing XML comment for publicly visible type or member 'EntityIdValueConverter<TEntityId>.EntityIdValueConverter(Func<Guid, TEntityId>)' [/Users/kady/Masterdom/src/Masterdom.Infrastructure/Masterdom.Infrastructure.csproj]
/Users/kady/Masterdom/src/Masterdom.Infrastructure/Persistence/Converters/ValueObjectValueConverter.cs(6,21): warning CS1591: Missing XML comment for publicly visible type or member 'ValueObjectValueConverter<TValueObject>' [/Users/kady/Masterdom/src/Masterdom.Infrastructure/Masterdom.Infrastructure.csproj]
/Users/kady/Masterdom/src/Masterdom.Infrastructure/Persistence/Converters/ValueObjectValueConverter.cs(9,12): warning CS1591: Missing XML comment for publicly visible type or member 'ValueObjectValueConverter<TValueObject>.ValueObjectValueConverter(Func<string, TValueObject>)' [/Users/kady/Masterdom/src/Masterdom.Infrastructure/Masterdom.Infrastructure.csproj]
/Users/kady/Masterdom/src/Masterdom.Infrastructure/Persistence/CRM/PartyPlatformOrchestrator.cs(24,12): warning CS1591: Missing XML comment for publicly visible type or member 'PartyPlatformOrchestrator.PartyPlatformOrchestrator(IConfigurationResolver, IMetadataResolver, IRuleResolver, IWorkflowResolver, IDomainEventPublisher)' [/Users/kady/Masterdom/src/Masterdom.Infrastructure/Masterdom.Infrastructure.csproj]
/Users/kady/Masterdom/src/Masterdom.Infrastructure/Persistence/CRM/PartyPlatformOrchestrator.cs(38,17): warning CS1591: Missing XML comment for publicly visible type or member 'PartyPlatformOrchestrator.OnPartyMutated(Party, string)' [/Users/kady/Masterdom/src/Masterdom.Infrastructure/Masterdom.Infrastructure.csproj]
/Users/kady/Masterdom/src/Masterdom.Infrastructure/Persistence/CRM/PartyRepository.cs(14,12): warning CS1591: Missing XML comment for publicly visible type or member 'PartyRepository.PartyRepository(MasterdomDbContext)' [/Users/kady/Masterdom/src/Masterdom.Infrastructure/Masterdom.Infrastructure.csproj]
/Users/kady/Masterdom/src/Masterdom.Infrastructure/Persistence/CRM/PartyRepository.cs(19,19): warning CS1591: Missing XML comment for publicly visible type or member 'PartyRepository.GetById(PartyId)' [/Users/kady/Masterdom/src/Masterdom.Infrastructure/Masterdom.Infrastructure.csproj]
/Users/kady/Masterdom/src/Masterdom.Infrastructure/Persistence/CRM/PartyRepository.cs(27,39): warning CS1591: Missing XML comment for publicly visible type or member 'PartyRepository.Search(string?, PartyType?, int)' [/Users/kady/Masterdom/src/Masterdom.Infrastructure/Masterdom.Infrastructure.csproj]
/Users/kady/Masterdom/src/Masterdom.Infrastructure/Persistence/CRM/PartyRepository.cs(50,39): warning CS1591: Missing XML comment for publicly visible type or member 'PartyRepository.SearchByRole(PartyRoleType, DateTime, int)' [/Users/kady/Masterdom/src/Masterdom.Infrastructure/Masterdom.Infrastructure.csproj]
/Users/kady/Masterdom/src/Masterdom.Infrastructure/Persistence/CRM/PartyRepository.cs(64,17): warning CS1591: Missing XML comment for publicly visible type or member 'PartyRepository.Add(Party)' [/Users/kady/Masterdom/src/Masterdom.Infrastructure/Masterdom.Infrastructure.csproj]
/Users/kady/Masterdom/src/Masterdom.Infrastructure/Persistence/CRM/PartyRepository.cs(70,17): warning CS1591: Missing XML comment for publicly visible type or member 'PartyRepository.Update(Party)' [/Users/kady/Masterdom/src/Masterdom.Infrastructure/Masterdom.Infrastructure.csproj]
/Users/kady/Masterdom/src/Masterdom.Infrastructure/Persistence/CRM/PartyUnitOfWork.cs(12,12): warning CS1591: Missing XML comment for publicly visible type or member 'PartyUnitOfWork.PartyUnitOfWork(MasterdomDbContext)' [/Users/kady/Masterdom/src/Masterdom.Infrastructure/Masterdom.Infrastructure.csproj]
/Users/kady/Masterdom/src/Masterdom.Infrastructure/Persistence/CRM/PartyUnitOfWork.cs(17,17): warning CS1591: Missing XML comment for publicly visible type or member 'PartyUnitOfWork.Execute(Action)' [/Users/kady/Masterdom/src/Masterdom.Infrastructure/Masterdom.Infrastructure.csproj]
/Users/kady/Masterdom/src/Masterdom.Infrastructure/Persistence/DbContextUnitOfWorkExecutor.cs(5,21): warning CS1591: Missing XML comment for publicly visible type or member 'DbContextUnitOfWorkExecutor' [/Users/kady/Masterdom/src/Masterdom.Infrastructure/Masterdom.Infrastructure.csproj]
/Users/kady/Masterdom/src/Masterdom.Infrastructure/Persistence/DbContextUnitOfWorkExecutor.cs(7,24): warning CS1591: Missing XML comment for publicly visible type or member 'DbContextUnitOfWorkExecutor.Execute(MasterdomDbContext, Action)' [/Users/kady/Masterdom/src/Masterdom.Infrastructure/Masterdom.Infrastructure.csproj]
/Users/kady/Masterdom/src/Masterdom.Infrastructure/Persistence/DesignTimeDbContextFactory.cs(12,31): warning CS1591: Missing XML comment for publicly visible type or member 'DesignTimeDbContextFactory.CreateDbContext(string[])' [/Users/kady/Masterdom/src/Masterdom.Infrastructure/Masterdom.Infrastructure.csproj]
/Users/kady/Masterdom/src/Masterdom.Infrastructure/Persistence/FinancialLedger/LedgerPlatformOrchestrator.cs(11,21): warning CS1591: Missing XML comment for publicly visible type or member 'LedgerPlatformOrchestrator' [/Users/kady/Masterdom/src/Masterdom.Infrastructure/Masterdom.Infrastructure.csproj]
/Users/kady/Masterdom/src/Masterdom.Infrastructure/Persistence/FinancialLedger/LedgerPlatformOrchestrator.cs(21,12): warning CS1591: Missing XML comment for publicly visible type or member 'LedgerPlatformOrchestrator.LedgerPlatformOrchestrator(IConfigurationResolver, IMetadataResolver, IRuleResolver, IWorkflowResolver, IDomainEventPublisher)' [/Users/kady/Masterdom/src/Masterdom.Infrastructure/Masterdom.Infrastructure.csproj]
/Users/kady/Masterdom/src/Masterdom.Infrastructure/Persistence/FinancialLedger/LedgerPlatformOrchestrator.cs(35,17): warning CS1591: Missing XML comment for publicly visible type or member 'LedgerPlatformOrchestrator.OnLedgerMutated(Ledger, string)' [/Users/kady/Masterdom/src/Masterdom.Infrastructure/Masterdom.Infrastructure.csproj]
/Users/kady/Masterdom/src/Masterdom.Infrastructure/Persistence/FinancialLedger/LedgerRepository.cs(7,21): warning CS1591: Missing XML comment for publicly visible type or member 'LedgerRepository' [/Users/kady/Masterdom/src/Masterdom.Infrastructure/Masterdom.Infrastructure.csproj]
/Users/kady/Masterdom/src/Masterdom.Infrastructure/Persistence/FinancialLedger/LedgerRepository.cs(11,12): warning CS1591: Missing XML comment for publicly visible type or member 'LedgerRepository.LedgerRepository(MasterdomDbContext)' [/Users/kady/Masterdom/src/Masterdom.Infrastructure/Masterdom.Infrastructure.csproj]
/Users/kady/Masterdom/src/Masterdom.Infrastructure/Persistence/FinancialLedger/LedgerRepository.cs(16,17): warning CS1591: Missing XML comment for publicly visible type or member 'LedgerRepository.Add(Ledger)' [/Users/kady/Masterdom/src/Masterdom.Infrastructure/Masterdom.Infrastructure.csproj]
/Users/kady/Masterdom/src/Masterdom.Infrastructure/Persistence/FinancialLedger/LedgerRepository.cs(22,17): warning CS1591: Missing XML comment for publicly visible type or member 'LedgerRepository.Update(Ledger)' [/Users/kady/Masterdom/src/Masterdom.Infrastructure/Masterdom.Infrastructure.csproj]
/Users/kady/Masterdom/src/Masterdom.Infrastructure/Persistence/FinancialLedger/LedgerRepository.cs(28,29): warning CS1591: Missing XML comment for publicly visible type or member 'LedgerRepository.GetById(LedgerId)' [/Users/kady/Masterdom/src/Masterdom.Infrastructure/Masterdom.Infrastructure.csproj]
/Users/kady/Masterdom/src/Masterdom.Infrastructure/Persistence/FinancialLedger/LedgerRepository.cs(34,29): warning CS1591: Missing XML comment for publicly visible type or member 'LedgerRepository.GetByCode(string)' [/Users/kady/Masterdom/src/Masterdom.Infrastructure/Masterdom.Infrastructure.csproj]
/Users/kady/Masterdom/src/Masterdom.Infrastructure/Persistence/FinancialLedger/LedgerUnitOfWork.cs(5,21): warning CS1591: Missing XML comment for publicly visible type or member 'LedgerUnitOfWork' [/Users/kady/Masterdom/src/Masterdom.Infrastructure/Masterdom.Infrastructure.csproj]
/Users/kady/Masterdom/src/Masterdom.Infrastructure/Persistence/FinancialLedger/LedgerUnitOfWork.cs(9,12): warning CS1591: Missing XML comment for publicly visible type or member 'LedgerUnitOfWork.LedgerUnitOfWork(MasterdomDbContext)' [/Users/kady/Masterdom/src/Masterdom.Infrastructure/Masterdom.Infrastructure.csproj]
/Users/kady/Masterdom/src/Masterdom.Infrastructure/Persistence/FinancialLedger/LedgerUnitOfWork.cs(14,17): warning CS1591: Missing XML comment for publicly visible type or member 'LedgerUnitOfWork.Execute(Action)' [/Users/kady/Masterdom/src/Masterdom.Infrastructure/Masterdom.Infrastructure.csproj]
/Users/kady/Masterdom/src/Masterdom.Infrastructure/Persistence/FinancialLedger/PersistedPreparedJournalEntity.cs(3,21): warning CS1591: Missing XML comment for publicly visible type or member 'PersistedPreparedJournalEntity' [/Users/kady/Masterdom/src/Masterdom.Infrastructure/Masterdom.Infrastructure.csproj]
/Users/kady/Masterdom/src/Masterdom.Infrastructure/Persistence/FinancialLedger/PersistedPreparedJournalEntity.cs(5,17): warning CS1591: Missing XML comment for publicly visible type or member 'PersistedPreparedJournalEntity.Id' [/Users/kady/Masterdom/src/Masterdom.Infrastructure/Masterdom.Infrastructure.csproj]
/Users/kady/Masterdom/src/Masterdom.Infrastructure/Persistence/FinancialLedger/PersistedPreparedJournalEntity.cs(7,17): warning CS1591: Missing XML comment for publicly visible type or member 'PersistedPreparedJournalEntity.LedgerId' [/Users/kady/Masterdom/src/Masterdom.Infrastructure/Masterdom.Infrastructure.csproj]
/Users/kady/Masterdom/src/Masterdom.Infrastructure/Persistence/FinancialLedger/PersistedPreparedJournalEntity.cs(9,19): warning CS1591: Missing XML comment for publicly visible type or member 'PersistedPreparedJournalEntity.PostingReference' [/Users/kady/Masterdom/src/Masterdom.Infrastructure/Masterdom.Infrastructure.csproj]
/Users/kady/Masterdom/src/Masterdom.Infrastructure/Persistence/FinancialLedger/PersistedPreparedJournalEntity.cs(11,19): warning CS1591: Missing XML comment for publicly visible type or member 'PersistedPreparedJournalEntity.JournalReference' [/Users/kady/Masterdom/src/Masterdom.Infrastructure/Masterdom.Infrastructure.csproj]
/Users/kady/Masterdom/src/Masterdom.Infrastructure/Persistence/FinancialLedger/PersistedPreparedJournalEntity.cs(13,19): warning CS1591: Missing XML comment for publicly visible type or member 'PersistedPreparedJournalEntity.JournalNumber' [/Users/kady/Masterdom/src/Masterdom.Infrastructure/Masterdom.Infrastructure.csproj]
/Users/kady/Masterdom/src/Masterdom.Infrastructure/Persistence/FinancialLedger/PersistedPreparedJournalEntity.cs(15,21): warning CS1591: Missing XML comment for publicly visible type or member 'PersistedPreparedJournalEntity.PostingDate' [/Users/kady/Masterdom/src/Masterdom.Infrastructure/Masterdom.Infrastructure.csproj]
/Users/kady/Masterdom/src/Masterdom.Infrastructure/Persistence/FinancialLedger/PersistedPreparedJournalEntity.cs(17,19): warning CS1591: Missing XML comment for publicly visible type or member 'PersistedPreparedJournalEntity.CurrencyCode' [/Users/kady/Masterdom/src/Masterdom.Infrastructure/Masterdom.Infrastructure.csproj]
/Users/kady/Masterdom/src/Masterdom.Infrastructure/Persistence/FinancialLedger/PersistedPreparedJournalEntity.cs(19,19): warning CS1591: Missing XML comment for publicly visible type or member 'PersistedPreparedJournalEntity.Description' [/Users/kady/Masterdom/src/Masterdom.Infrastructure/Masterdom.Infrastructure.csproj]
/Users/kady/Masterdom/src/Masterdom.Infrastructure/Persistence/FinancialLedger/PersistedPreparedJournalEntity.cs(21,19): warning CS1591: Missing XML comment for publicly visible type or member 'PersistedPreparedJournalEntity.BatchReference' [/Users/kady/Masterdom/src/Masterdom.Infrastructure/Masterdom.Infrastructure.csproj]
/Users/kady/Masterdom/src/Masterdom.Infrastructure/Persistence/FinancialLedger/PersistedPreparedJournalEntity.cs(23,19): warning CS1591: Missing XML comment for publicly visible type or member 'PersistedPreparedJournalEntity.SourceModule' [/Users/kady/Masterdom/src/Masterdom.Infrastructure/Masterdom.Infrastructure.csproj]
/Users/kady/Masterdom/src/Masterdom.Infrastructure/Persistence/FinancialLedger/PersistedPreparedJournalEntity.cs(25,17): warning CS1591: Missing XML comment for publicly visible type or member 'PersistedPreparedJournalEntity.BillId' [/Users/kady/Masterdom/src/Masterdom.Infrastructure/Masterdom.Infrastructure.csproj]
/Users/kady/Masterdom/src/Masterdom.Infrastructure/Persistence/FinancialLedger/PersistedPreparedJournalEntity.cs(27,19): warning CS1591: Missing XML comment for publicly visible type or member 'PersistedPreparedJournalEntity.BillNumber' [/Users/kady/Masterdom/src/Masterdom.Infrastructure/Masterdom.Infrastructure.csproj]
/Users/kady/Masterdom/src/Masterdom.Infrastructure/Persistence/FinancialLedger/PersistedPreparedJournalEntity.cs(29,20): warning CS1591: Missing XML comment for publicly visible type or member 'PersistedPreparedJournalEntity.DebitTotal' [/Users/kady/Masterdom/src/Masterdom.Infrastructure/Masterdom.Infrastructure.csproj]
/Users/kady/Masterdom/src/Masterdom.Infrastructure/Persistence/FinancialLedger/PersistedPreparedJournalEntity.cs(31,20): warning CS1591: Missing XML comment for publicly visible type or member 'PersistedPreparedJournalEntity.CreditTotal' [/Users/kady/Masterdom/src/Masterdom.Infrastructure/Masterdom.Infrastructure.csproj]
/Users/kady/Masterdom/src/Masterdom.Infrastructure/Persistence/FinancialLedger/PersistedPreparedJournalEntity.cs(33,19): warning CS1591: Missing XML comment for publicly visible type or member 'PersistedPreparedJournalEntity.State' [/Users/kady/Masterdom/src/Masterdom.Infrastructure/Masterdom.Infrastructure.csproj]
/Users/kady/Masterdom/src/Masterdom.Infrastructure/Persistence/FinancialLedger/PersistedPreparedJournalEntity.cs(35,21): warning CS1591: Missing XML comment for publicly visible type or member 'PersistedPreparedJournalEntity.CreatedAtUtc' [/Users/kady/Masterdom/src/Masterdom.Infrastructure/Masterdom.Infrastructure.csproj]
/Users/kady/Masterdom/src/Masterdom.Infrastructure/Persistence/FinancialLedger/PersistedPreparedJournalEntity.cs(37,22): warning CS1591: Missing XML comment for publicly visible type or member 'PersistedPreparedJournalEntity.ValidatedAtUtc' [/Users/kady/Masterdom/src/Masterdom.Infrastructure/Masterdom.Infrastructure.csproj]
/Users/kady/Masterdom/src/Masterdom.Infrastructure/Persistence/FinancialLedger/PersistedPreparedJournalEntity.cs(39,22): warning CS1591: Missing XML comment for publicly visible type or member 'PersistedPreparedJournalEntity.PostedAtUtc' [/Users/kady/Masterdom/src/Masterdom.Infrastructure/Masterdom.Infrastructure.csproj]
/Users/kady/Masterdom/src/Masterdom.Infrastructure/Persistence/FinancialLedger/PersistedPreparedJournalEntity.cs(41,22): warning CS1591: Missing XML comment for publicly visible type or member 'PersistedPreparedJournalEntity.ReversedAtUtc' [/Users/kady/Masterdom/src/Masterdom.Infrastructure/Masterdom.Infrastructure.csproj]
/Users/kady/Masterdom/src/Masterdom.Infrastructure/Persistence/FinancialLedger/PersistedPreparedJournalEntity.cs(43,22): warning CS1591: Missing XML comment for publicly visible type or member 'PersistedPreparedJournalEntity.CancelledAtUtc' [/Users/kady/Masterdom/src/Masterdom.Infrastructure/Masterdom.Infrastructure.csproj]
/Users/kady/Masterdom/src/Masterdom.Infrastructure/Persistence/FinancialLedger/PersistedPreparedJournalEntity.cs(45,20): warning CS1591: Missing XML comment for publicly visible type or member 'PersistedPreparedJournalEntity.CancellationReason' [/Users/kady/Masterdom/src/Masterdom.Infrastructure/Masterdom.Infrastructure.csproj]
/Users/kady/Masterdom/src/Masterdom.Infrastructure/Persistence/FinancialLedger/PersistedPreparedJournalEntity.cs(47,18): warning CS1591: Missing XML comment for publicly visible type or member 'PersistedPreparedJournalEntity.LedgerTransactionId' [/Users/kady/Masterdom/src/Masterdom.Infrastructure/Masterdom.Infrastructure.csproj]
/Users/kady/Masterdom/src/Masterdom.Infrastructure/Persistence/FinancialLedger/PersistedPreparedJournalEntity.cs(49,19): warning CS1591: Missing XML comment for publicly visible type or member 'PersistedPreparedJournalEntity.LinesJson' [/Users/kady/Masterdom/src/Masterdom.Infrastructure/Masterdom.Infrastructure.csproj]
/Users/kady/Masterdom/src/Masterdom.Infrastructure/Persistence/FinancialLedger/PersistedPreparedJournalEntity.cs(51,19): warning CS1591: Missing XML comment for publicly visible type or member 'PersistedPreparedJournalEntity.MetadataJson' [/Users/kady/Masterdom/src/Masterdom.Infrastructure/Masterdom.Infrastructure.csproj]
/Users/kady/Masterdom/src/Masterdom.Infrastructure/Persistence/Inventory/InventoryItemRepository.cs(6,21): warning CS1591: Missing XML comment for publicly visible type or member 'InventoryItemRepository' [/Users/kady/Masterdom/src/Masterdom.Infrastructure/Masterdom.Infrastructure.csproj]
/Users/kady/Masterdom/src/Masterdom.Infrastructure/Persistence/Inventory/InventoryItemRepository.cs(10,12): warning CS1591: Missing XML comment for publicly visible type or member 'InventoryItemRepository.InventoryItemRepository(MasterdomDbContext)' [/Users/kady/Masterdom/src/Masterdom.Infrastructure/Masterdom.Infrastructure.csproj]
/Users/kady/Masterdom/src/Masterdom.Infrastructure/Persistence/Inventory/InventoryItemRepository.cs(15,17): warning CS1591: Missing XML comment for publicly visible type or member 'InventoryItemRepository.Add(InventoryItem)' [/Users/kady/Masterdom/src/Masterdom.Infrastructure/Masterdom.Infrastructure.csproj]
/Users/kady/Masterdom/src/Masterdom.Infrastructure/Persistence/Inventory/InventoryItemRepository.cs(21,17): warning CS1591: Missing XML comment for publicly visible type or member 'InventoryItemRepository.Update(InventoryItem)' [/Users/kady/Masterdom/src/Masterdom.Infrastructure/Masterdom.Infrastructure.csproj]
/Users/kady/Masterdom/src/Masterdom.Infrastructure/Persistence/Inventory/InventoryItemRepository.cs(27,27): warning CS1591: Missing XML comment for publicly visible type or member 'InventoryItemRepository.GetById(InventoryItemId)' [/Users/kady/Masterdom/src/Masterdom.Infrastructure/Masterdom.Infrastructure.csproj]
/Users/kady/Masterdom/src/Masterdom.Infrastructure/Persistence/Inventory/InventoryItemRepository.cs(33,27): warning CS1591: Missing XML comment for publicly visible type or member 'InventoryItemRepository.GetBySku(Guid, string)' [/Users/kady/Masterdom/src/Masterdom.Infrastructure/Masterdom.Infrastructure.csproj]
/Users/kady/Masterdom/src/Masterdom.Infrastructure/Persistence/Inventory/InventoryItemRepository.cs(43,27): warning CS1591: Missing XML comment for publicly visible type or member 'InventoryItemRepository.GetBySkuAndLocation(Guid, Guid, string)' [/Users/kady/Masterdom/src/Masterdom.Infrastructure/Masterdom.Infrastructure.csproj]
/Users/kady/Masterdom/src/Masterdom.Infrastructure/Persistence/Inventory/InventoryPlatformOrchestrator.cs(11,21): warning CS1591: Missing XML comment for publicly visible type or member 'InventoryPlatformOrchestrator' [/Users/kady/Masterdom/src/Masterdom.Infrastructure/Masterdom.Infrastructure.csproj]
/Users/kady/Masterdom/src/Masterdom.Infrastructure/Persistence/Inventory/InventoryPlatformOrchestrator.cs(21,12): warning CS1591: Missing XML comment for publicly visible type or member 'InventoryPlatformOrchestrator.InventoryPlatformOrchestrator(IConfigurationResolver, IMetadataResolver, IRuleResolver, IWorkflowResolver, IDomainEventPublisher)' [/Users/kady/Masterdom/src/Masterdom.Infrastructure/Masterdom.Infrastructure.csproj]
/Users/kady/Masterdom/src/Masterdom.Infrastructure/Persistence/Inventory/InventoryPlatformOrchestrator.cs(35,17): warning CS1591: Missing XML comment for publicly visible type or member 'InventoryPlatformOrchestrator.OnInventoryItemMutated(InventoryItem, string)' [/Users/kady/Masterdom/src/Masterdom.Infrastructure/Masterdom.Infrastructure.csproj]
/Users/kady/Masterdom/src/Masterdom.Infrastructure/Persistence/Inventory/InventoryStockLocationLookup.cs(7,21): warning CS1591: Missing XML comment for publicly visible type or member 'InventoryStockLocationLookup' [/Users/kady/Masterdom/src/Masterdom.Infrastructure/Masterdom.Infrastructure.csproj]
/Users/kady/Masterdom/src/Masterdom.Infrastructure/Persistence/Inventory/InventoryStockLocationLookup.cs(11,12): warning CS1591: Missing XML comment for publicly visible type or member 'InventoryStockLocationLookup.InventoryStockLocationLookup(MasterdomDbContext)' [/Users/kady/Masterdom/src/Masterdom.Infrastructure/Masterdom.Infrastructure.csproj]
/Users/kady/Masterdom/src/Masterdom.Infrastructure/Persistence/Inventory/InventoryStockLocationLookup.cs(16,46): warning CS1591: Missing XML comment for publicly visible type or member 'InventoryStockLocationLookup.Find(Guid)' [/Users/kady/Masterdom/src/Masterdom.Infrastructure/Masterdom.Infrastructure.csproj]
/Users/kady/Masterdom/src/Masterdom.Infrastructure/Persistence/Inventory/InventoryUnitOfWork.cs(5,21): warning CS1591: Missing XML comment for publicly visible type or member 'InventoryUnitOfWork' [/Users/kady/Masterdom/src/Masterdom.Infrastructure/Masterdom.Infrastructure.csproj]
/Users/kady/Masterdom/src/Masterdom.Infrastructure/Persistence/Inventory/InventoryUnitOfWork.cs(9,12): warning CS1591: Missing XML comment for publicly visible type or member 'InventoryUnitOfWork.InventoryUnitOfWork(MasterdomDbContext)' [/Users/kady/Masterdom/src/Masterdom.Infrastructure/Masterdom.Infrastructure.csproj]
/Users/kady/Masterdom/src/Masterdom.Infrastructure/Persistence/Inventory/InventoryUnitOfWork.cs(14,17): warning CS1591: Missing XML comment for publicly visible type or member 'InventoryUnitOfWork.Execute(Action)' [/Users/kady/Masterdom/src/Masterdom.Infrastructure/Masterdom.Infrastructure.csproj]
/Users/kady/Masterdom/src/Masterdom.Infrastructure/Persistence/Lease/LeasePlatformOrchestrator.cs(24,12): warning CS1591: Missing XML comment for publicly visible type or member 'LeasePlatformOrchestrator.LeasePlatformOrchestrator(IConfigurationResolver, IMetadataResolver, IRuleResolver, IWorkflowResolver, IDomainEventPublisher)' [/Users/kady/Masterdom/src/Masterdom.Infrastructure/Masterdom.Infrastructure.csproj]
/Users/kady/Masterdom/src/Masterdom.Infrastructure/Persistence/Lease/LeasePlatformOrchestrator.cs(38,17): warning CS1591: Missing XML comment for publicly visible type or member 'LeasePlatformOrchestrator.OnLeaseMutated(Lease, string)' [/Users/kady/Masterdom/src/Masterdom.Infrastructure/Masterdom.Infrastructure.csproj]
/Users/kady/Masterdom/src/Masterdom.Infrastructure/Persistence/Lease/LeaseRepository.cs(17,12): warning CS1591: Missing XML comment for publicly visible type or member 'LeaseRepository.LeaseRepository(MasterdomDbContext, ICurrentUserAccessor)' [/Users/kady/Masterdom/src/Masterdom.Infrastructure/Masterdom.Infrastructure.csproj]
/Users/kady/Masterdom/src/Masterdom.Infrastructure/Persistence/Lease/LeaseRepository.cs(23,17): warning CS1591: Missing XML comment for publicly visible type or member 'LeaseRepository.Add(Lease)' [/Users/kady/Masterdom/src/Masterdom.Infrastructure/Masterdom.Infrastructure.csproj]
/Users/kady/Masterdom/src/Masterdom.Infrastructure/Persistence/Lease/LeaseRepository.cs(29,28): warning CS1591: Missing XML comment for publicly visible type or member 'LeaseRepository.GetById(LeaseId)' [/Users/kady/Masterdom/src/Masterdom.Infrastructure/Masterdom.Infrastructure.csproj]
/Users/kady/Masterdom/src/Masterdom.Infrastructure/Persistence/Lease/LeaseRepository.cs(38,28): warning CS1591: Missing XML comment for publicly visible type or member 'LeaseRepository.GetByNumber(LeaseNumber)' [/Users/kady/Masterdom/src/Masterdom.Infrastructure/Masterdom.Infrastructure.csproj]
/Users/kady/Masterdom/src/Masterdom.Infrastructure/Persistence/Lease/LeaseRepository.cs(47,17): warning CS1591: Missing XML comment for publicly visible type or member 'LeaseRepository.HasActiveLeaseForTenancy(TenancyReference)' [/Users/kady/Masterdom/src/Masterdom.Infrastructure/Masterdom.Infrastructure.csproj]
/Users/kady/Masterdom/src/Masterdom.Infrastructure/Persistence/Lease/LeaseRepository.cs(55,17): warning CS1591: Missing XML comment for publicly visible type or member 'LeaseRepository.Update(Lease)' [/Users/kady/Masterdom/src/Masterdom.Infrastructure/Masterdom.Infrastructure.csproj]
/Users/kady/Masterdom/src/Masterdom.Infrastructure/Persistence/Lease/LeaseUnitOfWork.cs(12,12): warning CS1591: Missing XML comment for publicly visible type or member 'LeaseUnitOfWork.LeaseUnitOfWork(MasterdomDbContext)' [/Users/kady/Masterdom/src/Masterdom.Infrastructure/Masterdom.Infrastructure.csproj]
/Users/kady/Masterdom/src/Masterdom.Infrastructure/Persistence/Lease/LeaseUnitOfWork.cs(17,17): warning CS1591: Missing XML comment for publicly visible type or member 'LeaseUnitOfWork.Execute(Action)' [/Users/kady/Masterdom/src/Masterdom.Infrastructure/Masterdom.Infrastructure.csproj]
/Users/kady/Masterdom/src/Masterdom.Infrastructure/Persistence/Maintenance/MaintenancePlatformOrchestrator.cs(11,21): warning CS1591: Missing XML comment for publicly visible type or member 'MaintenancePlatformOrchestrator' [/Users/kady/Masterdom/src/Masterdom.Infrastructure/Masterdom.Infrastructure.csproj]
/Users/kady/Masterdom/src/Masterdom.Infrastructure/Persistence/Maintenance/MaintenancePlatformOrchestrator.cs(21,12): warning CS1591: Missing XML comment for publicly visible type or member 'MaintenancePlatformOrchestrator.MaintenancePlatformOrchestrator(IConfigurationResolver, IMetadataResolver, IRuleResolver, IWorkflowResolver, IDomainEventPublisher)' [/Users/kady/Masterdom/src/Masterdom.Infrastructure/Masterdom.Infrastructure.csproj]
/Users/kady/Masterdom/src/Masterdom.Infrastructure/Persistence/Maintenance/MaintenancePlatformOrchestrator.cs(35,17): warning CS1591: Missing XML comment for publicly visible type or member 'MaintenancePlatformOrchestrator.OnMaintenanceTicketMutated(MaintenanceTicket, string)' [/Users/kady/Masterdom/src/Masterdom.Infrastructure/Masterdom.Infrastructure.csproj]
/Users/kady/Masterdom/src/Masterdom.Infrastructure/Persistence/Maintenance/MaintenanceTicketRepository.cs(6,21): warning CS1591: Missing XML comment for publicly visible type or member 'MaintenanceTicketRepository' [/Users/kady/Masterdom/src/Masterdom.Infrastructure/Masterdom.Infrastructure.csproj]
/Users/kady/Masterdom/src/Masterdom.Infrastructure/Persistence/Maintenance/MaintenanceTicketRepository.cs(10,12): warning CS1591: Missing XML comment for publicly visible type or member 'MaintenanceTicketRepository.MaintenanceTicketRepository(MasterdomDbContext)' [/Users/kady/Masterdom/src/Masterdom.Infrastructure/Masterdom.Infrastructure.csproj]
/Users/kady/Masterdom/src/Masterdom.Infrastructure/Persistence/Maintenance/MaintenanceTicketRepository.cs(15,17): warning CS1591: Missing XML comment for publicly visible type or member 'MaintenanceTicketRepository.Add(MaintenanceTicket)' [/Users/kady/Masterdom/src/Masterdom.Infrastructure/Masterdom.Infrastructure.csproj]
/Users/kady/Masterdom/src/Masterdom.Infrastructure/Persistence/Maintenance/MaintenanceTicketRepository.cs(21,17): warning CS1591: Missing XML comment for publicly visible type or member 'MaintenanceTicketRepository.Update(MaintenanceTicket)' [/Users/kady/Masterdom/src/Masterdom.Infrastructure/Masterdom.Infrastructure.csproj]
/Users/kady/Masterdom/src/Masterdom.Infrastructure/Persistence/Maintenance/MaintenanceTicketRepository.cs(27,31): warning CS1591: Missing XML comment for publicly visible type or member 'MaintenanceTicketRepository.GetById(MaintenanceTicketId)' [/Users/kady/Masterdom/src/Masterdom.Infrastructure/Masterdom.Infrastructure.csproj]
/Users/kady/Masterdom/src/Masterdom.Infrastructure/Persistence/Maintenance/MaintenanceUnitOfWork.cs(5,21): warning CS1591: Missing XML comment for publicly visible type or member 'MaintenanceUnitOfWork' [/Users/kady/Masterdom/src/Masterdom.Infrastructure/Masterdom.Infrastructure.csproj]
/Users/kady/Masterdom/src/Masterdom.Infrastructure/Persistence/Maintenance/MaintenanceUnitOfWork.cs(9,12): warning CS1591: Missing XML comment for publicly visible type or member 'MaintenanceUnitOfWork.MaintenanceUnitOfWork(MasterdomDbContext)' [/Users/kady/Masterdom/src/Masterdom.Infrastructure/Masterdom.Infrastructure.csproj]
/Users/kady/Masterdom/src/Masterdom.Infrastructure/Persistence/Maintenance/MaintenanceUnitOfWork.cs(14,17): warning CS1591: Missing XML comment for publicly visible type or member 'MaintenanceUnitOfWork.Execute(Action)' [/Users/kady/Masterdom/src/Masterdom.Infrastructure/Masterdom.Infrastructure.csproj]
/Users/kady/Masterdom/src/Masterdom.Infrastructure/Persistence/MasterdomDbContext.cs(75,39): warning CS1591: Missing XML comment for publicly visible type or member 'MasterdomDbContext.StockLocations' [/Users/kady/Masterdom/src/Masterdom.Infrastructure/Masterdom.Infrastructure.csproj]
/Users/kady/Masterdom/src/Masterdom.Infrastructure/Persistence/MasterdomDbContext.cs(141,25): warning CS1591: Missing XML comment for publicly visible type or member 'MasterdomDbContext.Parties' [/Users/kady/Masterdom/src/Masterdom.Infrastructure/Masterdom.Infrastructure.csproj]
/Users/kady/Masterdom/src/Masterdom.Infrastructure/Persistence/MasterdomDbContext.cs(143,26): warning CS1591: Missing XML comment for publicly visible type or member 'MasterdomDbContext.Persons' [/Users/kady/Masterdom/src/Masterdom.Infrastructure/Masterdom.Infrastructure.csproj]
/Users/kady/Masterdom/src/Masterdom.Infrastructure/Persistence/MasterdomDbContext.cs(145,32): warning CS1591: Missing XML comment for publicly visible type or member 'MasterdomDbContext.Organizations' [/Users/kady/Masterdom/src/Masterdom.Infrastructure/Masterdom.Infrastructure.csproj]
/Users/kady/Masterdom/src/Masterdom.Infrastructure/Persistence/MasterdomDbContext.cs(147,35): warning CS1591: Missing XML comment for publicly visible type or member 'MasterdomDbContext.IdentityProfiles' [/Users/kady/Masterdom/src/Masterdom.Infrastructure/Masterdom.Infrastructure.csproj]
/Users/kady/Masterdom/src/Masterdom.Infrastructure/Persistence/MasterdomDbContext.cs(149,40): warning CS1591: Missing XML comment for publicly visible type or member 'MasterdomDbContext.Relationships' [/Users/kady/Masterdom/src/Masterdom.Infrastructure/Masterdom.Infrastructure.csproj]
/Users/kady/Masterdom/src/Masterdom.Infrastructure/Persistence/MasterdomDbContext.cs(151,24): warning CS1591: Missing XML comment for publicly visible type or member 'MasterdomDbContext.Users' [/Users/kady/Masterdom/src/Masterdom.Infrastructure/Masterdom.Infrastructure.csproj]
/Users/kady/Masterdom/src/Masterdom.Infrastructure/Persistence/MasterdomDbContext.cs(153,24): warning CS1591: Missing XML comment for publicly visible type or member 'MasterdomDbContext.Roles' [/Users/kady/Masterdom/src/Masterdom.Infrastructure/Masterdom.Infrastructure.csproj]
/Users/kady/Masterdom/src/Masterdom.Infrastructure/Persistence/MasterdomDbContext.cs(155,30): warning CS1591: Missing XML comment for publicly visible type or member 'MasterdomDbContext.Permissions' [/Users/kady/Masterdom/src/Masterdom.Infrastructure/Masterdom.Infrastructure.csproj]
/Users/kady/Masterdom/src/Masterdom.Infrastructure/Persistence/MasterdomDbContext.cs(157,28): warning CS1591: Missing XML comment for publicly visible type or member 'MasterdomDbContext.UserRoles' [/Users/kady/Masterdom/src/Masterdom.Infrastructure/Masterdom.Infrastructure.csproj]
/Users/kady/Masterdom/src/Masterdom.Infrastructure/Persistence/MasterdomDbContext.cs(159,34): warning CS1591: Missing XML comment for publicly visible type or member 'MasterdomDbContext.RolePermissions' [/Users/kady/Masterdom/src/Masterdom.Infrastructure/Masterdom.Infrastructure.csproj]
/Users/kady/Masterdom/src/Masterdom.Infrastructure/Persistence/MasterdomDbContext.cs(161,31): warning CS1591: Missing XML comment for publicly visible type or member 'MasterdomDbContext.UserSessions' [/Users/kady/Masterdom/src/Masterdom.Infrastructure/Masterdom.Infrastructure.csproj]
/Users/kady/Masterdom/src/Masterdom.Infrastructure/Persistence/MasterdomDbContext.cs(163,32): warning CS1591: Missing XML comment for publicly visible type or member 'MasterdomDbContext.RefreshTokens' [/Users/kady/Masterdom/src/Masterdom.Infrastructure/Masterdom.Infrastructure.csproj]
/Users/kady/Masterdom/src/Masterdom.Infrastructure/Persistence/MasterdomDbContext.cs(165,32): warning CS1591: Missing XML comment for publicly visible type or member 'MasterdomDbContext.LoginAttempts' [/Users/kady/Masterdom/src/Masterdom.Infrastructure/Masterdom.Infrastructure.csproj]
/Users/kady/Masterdom/src/Masterdom.Infrastructure/Persistence/MasterdomDbContext.cs(167,33): warning CS1591: Missing XML comment for publicly visible type or member 'MasterdomDbContext.PasswordResets' [/Users/kady/Masterdom/src/Masterdom.Infrastructure/Masterdom.Infrastructure.csproj]
/Users/kady/Masterdom/src/Masterdom.Infrastructure/Persistence/MasterdomDbContext.cs(169,37): warning CS1591: Missing XML comment for publicly visible type or member 'MasterdomDbContext.EmailVerifications' [/Users/kady/Masterdom/src/Masterdom.Infrastructure/Masterdom.Infrastructure.csproj]
/Users/kady/Masterdom/src/Masterdom.Infrastructure/Persistence/MasterdomDbContext.cs(171,29): warning CS1591: Missing XML comment for publicly visible type or member 'MasterdomDbContext.MfaDevices' [/Users/kady/Masterdom/src/Masterdom.Infrastructure/Masterdom.Infrastructure.csproj]
/Users/kady/Masterdom/src/Masterdom.Infrastructure/Persistence/MasterdomDbContext.cs(173,33): warning CS1591: Missing XML comment for publicly visible type or member 'MasterdomDbContext.ExternalLogins' [/Users/kady/Masterdom/src/Masterdom.Infrastructure/Masterdom.Infrastructure.csproj]
/Users/kady/Masterdom/src/Masterdom.Infrastructure/Persistence/MasterdomDbContext.cs(175,26): warning CS1591: Missing XML comment for publicly visible type or member 'MasterdomDbContext.ApiKeys' [/Users/kady/Masterdom/src/Masterdom.Infrastructure/Masterdom.Infrastructure.csproj]
/Users/kady/Masterdom/src/Masterdom.Infrastructure/Persistence/MasterdomDbContext.cs(181,53): warning CS1591: Missing XML comment for publicly visible type or member 'MasterdomDbContext.PlatformConfigurationRecords' [/Users/kady/Masterdom/src/Masterdom.Infrastructure/Masterdom.Infrastructure.csproj]
/Users/kady/Masterdom/src/Masterdom.Infrastructure/Persistence/MasterdomDbContext.cs(184,52): warning CS1591: Missing XML comment for publicly visible type or member 'MasterdomDbContext.PlatformMetadataDefinitions' [/Users/kady/Masterdom/src/Masterdom.Infrastructure/Masterdom.Infrastructure.csproj]
/Users/kady/Masterdom/src/Masterdom.Infrastructure/Persistence/MasterdomDbContext.cs(187,41): warning CS1591: Missing XML comment for publicly visible type or member 'MasterdomDbContext.PlatformRuleSets' [/Users/kady/Masterdom/src/Masterdom.Infrastructure/Masterdom.Infrastructure.csproj]
/Users/kady/Masterdom/src/Masterdom.Infrastructure/Persistence/MasterdomDbContext.cs(190,48): warning CS1591: Missing XML comment for publicly visible type or member 'MasterdomDbContext.PlatformRuleDefinitions' [/Users/kady/Masterdom/src/Masterdom.Infrastructure/Masterdom.Infrastructure.csproj]
/Users/kady/Masterdom/src/Masterdom.Infrastructure/Persistence/MasterdomDbContext.cs(193,42): warning CS1591: Missing XML comment for publicly visible type or member 'MasterdomDbContext.PlatformWorkflows' [/Users/kady/Masterdom/src/Masterdom.Infrastructure/Masterdom.Infrastructure.csproj]
/Users/kady/Masterdom/src/Masterdom.Infrastructure/Persistence/MasterdomDbContext.cs(196,49): warning CS1591: Missing XML comment for publicly visible type or member 'MasterdomDbContext.PlatformWorkflowVersions' [/Users/kady/Masterdom/src/Masterdom.Infrastructure/Masterdom.Infrastructure.csproj]
/Users/kady/Masterdom/src/Masterdom.Infrastructure/Persistence/MasterdomDbContext.cs(199,46): warning CS1591: Missing XML comment for publicly visible type or member 'MasterdomDbContext.PlatformWorkflowSteps' [/Users/kady/Masterdom/src/Masterdom.Infrastructure/Masterdom.Infrastructure.csproj]
/Users/kady/Masterdom/src/Masterdom.Infrastructure/Persistence/MasterdomDbContext.cs(202,52): warning CS1591: Missing XML comment for publicly visible type or member 'MasterdomDbContext.PlatformWorkflowTransitions' [/Users/kady/Masterdom/src/Masterdom.Infrastructure/Masterdom.Infrastructure.csproj]
/Users/kady/Masterdom/src/Masterdom.Infrastructure/Persistence/MasterdomDbContextFactory.cs(18,31): warning CS1591: Missing XML comment for publicly visible type or member 'MasterdomDbContextFactory.CreateDbContext(string[])' [/Users/kady/Masterdom/src/Masterdom.Infrastructure/Masterdom.Infrastructure.csproj]
/Users/kady/Masterdom/src/Masterdom.Infrastructure/Persistence/Metadata/PlatformMetadataDefinitionEntity.cs(10,17): warning CS1591: Missing XML comment for publicly visible type or member 'PlatformMetadataDefinitionEntity.Id' [/Users/kady/Masterdom/src/Masterdom.Infrastructure/Masterdom.Infrastructure.csproj]
/Users/kady/Masterdom/src/Masterdom.Infrastructure/Persistence/Metadata/PlatformMetadataDefinitionEntity.cs(12,19): warning CS1591: Missing XML comment for publicly visible type or member 'PlatformMetadataDefinitionEntity.Key' [/Users/kady/Masterdom/src/Masterdom.Infrastructure/Masterdom.Infrastructure.csproj]
/Users/kady/Masterdom/src/Masterdom.Infrastructure/Persistence/Metadata/PlatformMetadataDefinitionEntity.cs(14,16): warning CS1591: Missing XML comment for publicly visible type or member 'PlatformMetadataDefinitionEntity.Category' [/Users/kady/Masterdom/src/Masterdom.Infrastructure/Masterdom.Infrastructure.csproj]
/Users/kady/Masterdom/src/Masterdom.Infrastructure/Persistence/Metadata/PlatformMetadataDefinitionEntity.cs(16,16): warning CS1591: Missing XML comment for publicly visible type or member 'PlatformMetadataDefinitionEntity.ScopeKind' [/Users/kady/Masterdom/src/Masterdom.Infrastructure/Masterdom.Infrastructure.csproj]
/Users/kady/Masterdom/src/Masterdom.Infrastructure/Persistence/Metadata/PlatformMetadataDefinitionEntity.cs(18,20): warning CS1591: Missing XML comment for publicly visible type or member 'PlatformMetadataDefinitionEntity.ScopeIdentifier' [/Users/kady/Masterdom/src/Masterdom.Infrastructure/Masterdom.Infrastructure.csproj]
/Users/kady/Masterdom/src/Masterdom.Infrastructure/Persistence/Metadata/PlatformMetadataDefinitionEntity.cs(20,16): warning CS1591: Missing XML comment for publicly visible type or member 'PlatformMetadataDefinitionEntity.Version' [/Users/kady/Masterdom/src/Masterdom.Infrastructure/Masterdom.Infrastructure.csproj]
/Users/kady/Masterdom/src/Masterdom.Infrastructure/Persistence/Metadata/PlatformMetadataDefinitionEntity.cs(22,21): warning CS1591: Missing XML comment for publicly visible type or member 'PlatformMetadataDefinitionEntity.EffectiveFromUtc' [/Users/kady/Masterdom/src/Masterdom.Infrastructure/Masterdom.Infrastructure.csproj]
/Users/kady/Masterdom/src/Masterdom.Infrastructure/Persistence/Metadata/PlatformMetadataDefinitionEntity.cs(24,22): warning CS1591: Missing XML comment for publicly visible type or member 'PlatformMetadataDefinitionEntity.EffectiveToUtc' [/Users/kady/Masterdom/src/Masterdom.Infrastructure/Masterdom.Infrastructure.csproj]
/Users/kady/Masterdom/src/Masterdom.Infrastructure/Persistence/Metadata/PlatformMetadataDefinitionEntity.cs(26,19): warning CS1591: Missing XML comment for publicly visible type or member 'PlatformMetadataDefinitionEntity.Name' [/Users/kady/Masterdom/src/Masterdom.Infrastructure/Masterdom.Infrastructure.csproj]
/Users/kady/Masterdom/src/Masterdom.Infrastructure/Persistence/Metadata/PlatformMetadataDefinitionEntity.cs(28,20): warning CS1591: Missing XML comment for publicly visible type or member 'PlatformMetadataDefinitionEntity.Description' [/Users/kady/Masterdom/src/Masterdom.Infrastructure/Masterdom.Infrastructure.csproj]
/Users/kady/Masterdom/src/Masterdom.Infrastructure/Persistence/Metadata/PlatformMetadataDefinitionEntity.cs(30,18): warning CS1591: Missing XML comment for publicly visible type or member 'PlatformMetadataDefinitionEntity.ParentId' [/Users/kady/Masterdom/src/Masterdom.Infrastructure/Masterdom.Infrastructure.csproj]
/Users/kady/Masterdom/src/Masterdom.Infrastructure/Persistence/Metadata/PlatformMetadataDefinitionEntity.cs(32,17): warning CS1591: Missing XML comment for publicly visible type or member 'PlatformMetadataDefinitionEntity.IsDeprecated' [/Users/kady/Masterdom/src/Masterdom.Infrastructure/Masterdom.Infrastructure.csproj]
/Users/kady/Masterdom/src/Masterdom.Infrastructure/Persistence/Metadata/PlatformMetadataDefinitionEntity.cs(34,20): warning CS1591: Missing XML comment for publicly visible type or member 'PlatformMetadataDefinitionEntity.ReplacedByKey' [/Users/kady/Masterdom/src/Masterdom.Infrastructure/Masterdom.Infrastructure.csproj]
/Users/kady/Masterdom/src/Masterdom.Infrastructure/Persistence/Metadata/PlatformMetadataDefinitionEntity.cs(36,20): warning CS1591: Missing XML comment for publicly visible type or member 'PlatformMetadataDefinitionEntity.Compatibility' [/Users/kady/Masterdom/src/Masterdom.Infrastructure/Masterdom.Infrastructure.csproj]
/Users/kady/Masterdom/src/Masterdom.Infrastructure/Persistence/Metadata/PlatformMetadataDefinitionEntity.cs(38,19): warning CS1591: Missing XML comment for publicly visible type or member 'PlatformMetadataDefinitionEntity.ChangedBy' [/Users/kady/Masterdom/src/Masterdom.Infrastructure/Masterdom.Infrastructure.csproj]
/Users/kady/Masterdom/src/Masterdom.Infrastructure/Persistence/Metadata/PlatformMetadataDefinitionEntity.cs(40,21): warning CS1591: Missing XML comment for publicly visible type or member 'PlatformMetadataDefinitionEntity.ChangedAtUtc' [/Users/kady/Masterdom/src/Masterdom.Infrastructure/Masterdom.Infrastructure.csproj]
/Users/kady/Masterdom/src/Masterdom.Infrastructure/Persistence/Metadata/PlatformMetadataRepository.cs(16,12): warning CS1591: Missing XML comment for publicly visible type or member 'PlatformMetadataRepository.PlatformMetadataRepository(MasterdomDbContext)' [/Users/kady/Masterdom/src/Masterdom.Infrastructure/Masterdom.Infrastructure.csproj]
/Users/kady/Masterdom/src/Masterdom.Infrastructure/Persistence/Metadata/PlatformMetadataRepository.cs(21,46): warning CS1591: Missing XML comment for publicly visible type or member 'PlatformMetadataRepository.GetAll()' [/Users/kady/Masterdom/src/Masterdom.Infrastructure/Masterdom.Infrastructure.csproj]
/Users/kady/Masterdom/src/Masterdom.Infrastructure/Persistence/Metering/MeteringPlatformOrchestrator.cs(11,21): warning CS1591: Missing XML comment for publicly visible type or member 'MeteringPlatformOrchestrator' [/Users/kady/Masterdom/src/Masterdom.Infrastructure/Masterdom.Infrastructure.csproj]
/Users/kady/Masterdom/src/Masterdom.Infrastructure/Persistence/Metering/MeteringPlatformOrchestrator.cs(21,12): warning CS1591: Missing XML comment for publicly visible type or member 'MeteringPlatformOrchestrator.MeteringPlatformOrchestrator(IConfigurationResolver, IMetadataResolver, IRuleResolver, IWorkflowResolver, IDomainEventPublisher)' [/Users/kady/Masterdom/src/Masterdom.Infrastructure/Masterdom.Infrastructure.csproj]
/Users/kady/Masterdom/src/Masterdom.Infrastructure/Persistence/Metering/MeteringPlatformOrchestrator.cs(35,17): warning CS1591: Missing XML comment for publicly visible type or member 'MeteringPlatformOrchestrator.OnMeterMutated(Meter, string)' [/Users/kady/Masterdom/src/Masterdom.Infrastructure/Masterdom.Infrastructure.csproj]
/Users/kady/Masterdom/src/Masterdom.Infrastructure/Persistence/Metering/MeteringUnitOfWork.cs(5,21): warning CS1591: Missing XML comment for publicly visible type or member 'MeteringUnitOfWork' [/Users/kady/Masterdom/src/Masterdom.Infrastructure/Masterdom.Infrastructure.csproj]
/Users/kady/Masterdom/src/Masterdom.Infrastructure/Persistence/Metering/MeteringUnitOfWork.cs(9,12): warning CS1591: Missing XML comment for publicly visible type or member 'MeteringUnitOfWork.MeteringUnitOfWork(MasterdomDbContext)' [/Users/kady/Masterdom/src/Masterdom.Infrastructure/Masterdom.Infrastructure.csproj]
/Users/kady/Masterdom/src/Masterdom.Infrastructure/Persistence/Metering/MeteringUnitOfWork.cs(14,17): warning CS1591: Missing XML comment for publicly visible type or member 'MeteringUnitOfWork.Execute(Action)' [/Users/kady/Masterdom/src/Masterdom.Infrastructure/Masterdom.Infrastructure.csproj]
/Users/kady/Masterdom/src/Masterdom.Infrastructure/Persistence/Metering/MeterRepository.cs(7,21): warning CS1591: Missing XML comment for publicly visible type or member 'MeterRepository' [/Users/kady/Masterdom/src/Masterdom.Infrastructure/Masterdom.Infrastructure.csproj]
/Users/kady/Masterdom/src/Masterdom.Infrastructure/Persistence/Metering/MeterRepository.cs(11,12): warning CS1591: Missing XML comment for publicly visible type or member 'MeterRepository.MeterRepository(MasterdomDbContext)' [/Users/kady/Masterdom/src/Masterdom.Infrastructure/Masterdom.Infrastructure.csproj]
/Users/kady/Masterdom/src/Masterdom.Infrastructure/Persistence/Metering/MeterRepository.cs(16,17): warning CS1591: Missing XML comment for publicly visible type or member 'MeterRepository.Add(Meter)' [/Users/kady/Masterdom/src/Masterdom.Infrastructure/Masterdom.Infrastructure.csproj]
/Users/kady/Masterdom/src/Masterdom.Infrastructure/Persistence/Metering/MeterRepository.cs(22,19): warning CS1591: Missing XML comment for publicly visible type or member 'MeterRepository.GetById(MeterId)' [/Users/kady/Masterdom/src/Masterdom.Infrastructure/Masterdom.Infrastructure.csproj]
/Users/kady/Masterdom/src/Masterdom.Infrastructure/Persistence/Metering/MeterRepository.cs(31,19): warning CS1591: Missing XML comment for publicly visible type or member 'MeterRepository.GetByNumber(MeterNumber)' [/Users/kady/Masterdom/src/Masterdom.Infrastructure/Masterdom.Infrastructure.csproj]
/Users/kady/Masterdom/src/Masterdom.Infrastructure/Persistence/Metering/MeterRepository.cs(40,17): warning CS1591: Missing XML comment for publicly visible type or member 'MeterRepository.Update(Meter)' [/Users/kady/Masterdom/src/Masterdom.Infrastructure/Masterdom.Infrastructure.csproj]
/Users/kady/Masterdom/src/Masterdom.Infrastructure/Persistence/Payment/PaymentPlatformOrchestrator.cs(11,21): warning CS1591: Missing XML comment for publicly visible type or member 'PaymentPlatformOrchestrator' [/Users/kady/Masterdom/src/Masterdom.Infrastructure/Masterdom.Infrastructure.csproj]
/Users/kady/Masterdom/src/Masterdom.Infrastructure/Persistence/Payment/PaymentPlatformOrchestrator.cs(21,12): warning CS1591: Missing XML comment for publicly visible type or member 'PaymentPlatformOrchestrator.PaymentPlatformOrchestrator(IConfigurationResolver, IMetadataResolver, IRuleResolver, IWorkflowResolver, IDomainEventPublisher)' [/Users/kady/Masterdom/src/Masterdom.Infrastructure/Masterdom.Infrastructure.csproj]
/Users/kady/Masterdom/src/Masterdom.Infrastructure/Persistence/Payment/PaymentPlatformOrchestrator.cs(35,17): warning CS1591: Missing XML comment for publicly visible type or member 'PaymentPlatformOrchestrator.OnPaymentMutated(Payment, string)' [/Users/kady/Masterdom/src/Masterdom.Infrastructure/Masterdom.Infrastructure.csproj]
/Users/kady/Masterdom/src/Masterdom.Infrastructure/Persistence/Payment/PaymentRepository.cs(8,21): warning CS1591: Missing XML comment for publicly visible type or member 'PaymentRepository' [/Users/kady/Masterdom/src/Masterdom.Infrastructure/Masterdom.Infrastructure.csproj]
/Users/kady/Masterdom/src/Masterdom.Infrastructure/Persistence/Payment/PaymentRepository.cs(12,12): warning CS1591: Missing XML comment for publicly visible type or member 'PaymentRepository.PaymentRepository(MasterdomDbContext)' [/Users/kady/Masterdom/src/Masterdom.Infrastructure/Masterdom.Infrastructure.csproj]
/Users/kady/Masterdom/src/Masterdom.Infrastructure/Persistence/Payment/PaymentRepository.cs(17,17): warning CS1591: Missing XML comment for publicly visible type or member 'PaymentRepository.Add(Payment)' [/Users/kady/Masterdom/src/Masterdom.Infrastructure/Masterdom.Infrastructure.csproj]
/Users/kady/Masterdom/src/Masterdom.Infrastructure/Persistence/Payment/PaymentRepository.cs(23,17): warning CS1591: Missing XML comment for publicly visible type or member 'PaymentRepository.Update(Payment)' [/Users/kady/Masterdom/src/Masterdom.Infrastructure/Masterdom.Infrastructure.csproj]
/Users/kady/Masterdom/src/Masterdom.Infrastructure/Persistence/Payment/PaymentRepository.cs(29,30): warning CS1591: Missing XML comment for publicly visible type or member 'PaymentRepository.GetById(PaymentId)' [/Users/kady/Masterdom/src/Masterdom.Infrastructure/Masterdom.Infrastructure.csproj]
/Users/kady/Masterdom/src/Masterdom.Infrastructure/Persistence/Payment/PaymentRepository.cs(41,30): warning CS1591: Missing XML comment for publicly visible type or member 'PaymentRepository.GetByReference(PaymentReference)' [/Users/kady/Masterdom/src/Masterdom.Infrastructure/Masterdom.Infrastructure.csproj]
/Users/kady/Masterdom/src/Masterdom.Infrastructure/Persistence/Payment/PaymentUnitOfWork.cs(5,21): warning CS1591: Missing XML comment for publicly visible type or member 'PaymentUnitOfWork' [/Users/kady/Masterdom/src/Masterdom.Infrastructure/Masterdom.Infrastructure.csproj]
/Users/kady/Masterdom/src/Masterdom.Infrastructure/Persistence/Payment/PaymentUnitOfWork.cs(9,12): warning CS1591: Missing XML comment for publicly visible type or member 'PaymentUnitOfWork.PaymentUnitOfWork(MasterdomDbContext)' [/Users/kady/Masterdom/src/Masterdom.Infrastructure/Masterdom.Infrastructure.csproj]
/Users/kady/Masterdom/src/Masterdom.Infrastructure/Persistence/Payment/PaymentUnitOfWork.cs(14,17): warning CS1591: Missing XML comment for publicly visible type or member 'PaymentUnitOfWork.Execute(Action)' [/Users/kady/Masterdom/src/Masterdom.Infrastructure/Masterdom.Infrastructure.csproj]
/Users/kady/Masterdom/src/Masterdom.Infrastructure/Persistence/People/PersonPlatformOrchestrator.cs(24,12): warning CS1591: Missing XML comment for publicly visible type or member 'PersonPlatformOrchestrator.PersonPlatformOrchestrator(IConfigurationResolver, IMetadataResolver, IRuleResolver, IWorkflowResolver, IDomainEventPublisher)' [/Users/kady/Masterdom/src/Masterdom.Infrastructure/Masterdom.Infrastructure.csproj]
/Users/kady/Masterdom/src/Masterdom.Infrastructure/Persistence/People/PersonPlatformOrchestrator.cs(38,17): warning CS1591: Missing XML comment for publicly visible type or member 'PersonPlatformOrchestrator.OnPersonMutated(Person, string)' [/Users/kady/Masterdom/src/Masterdom.Infrastructure/Masterdom.Infrastructure.csproj]
/Users/kady/Masterdom/src/Masterdom.Infrastructure/Persistence/People/PersonRepository.cs(15,12): warning CS1591: Missing XML comment for publicly visible type or member 'PersonRepository.PersonRepository(MasterdomDbContext)' [/Users/kady/Masterdom/src/Masterdom.Infrastructure/Masterdom.Infrastructure.csproj]
/Users/kady/Masterdom/src/Masterdom.Infrastructure/Persistence/People/PersonRepository.cs(20,20): warning CS1591: Missing XML comment for publicly visible type or member 'PersonRepository.GetById(PersonId)' [/Users/kady/Masterdom/src/Masterdom.Infrastructure/Masterdom.Infrastructure.csproj]
/Users/kady/Masterdom/src/Masterdom.Infrastructure/Persistence/People/PersonRepository.cs(34,20): warning CS1591: Missing XML comment for publicly visible type or member 'PersonRepository.GetByNumber(PersonNumber)' [/Users/kady/Masterdom/src/Masterdom.Infrastructure/Masterdom.Infrastructure.csproj]
/Users/kady/Masterdom/src/Masterdom.Infrastructure/Persistence/People/PersonRepository.cs(48,40): warning CS1591: Missing XML comment for publicly visible type or member 'PersonRepository.Search(string?, int)' [/Users/kady/Masterdom/src/Masterdom.Infrastructure/Masterdom.Infrastructure.csproj]
/Users/kady/Masterdom/src/Masterdom.Infrastructure/Persistence/People/PersonRepository.cs(70,17): warning CS1591: Missing XML comment for publicly visible type or member 'PersonRepository.Add(Person)' [/Users/kady/Masterdom/src/Masterdom.Infrastructure/Masterdom.Infrastructure.csproj]
/Users/kady/Masterdom/src/Masterdom.Infrastructure/Persistence/People/PersonRepository.cs(76,17): warning CS1591: Missing XML comment for publicly visible type or member 'PersonRepository.Update(Person)' [/Users/kady/Masterdom/src/Masterdom.Infrastructure/Masterdom.Infrastructure.csproj]
/Users/kady/Masterdom/src/Masterdom.Infrastructure/Persistence/People/PersonUnitOfWork.cs(12,12): warning CS1591: Missing XML comment for publicly visible type or member 'PersonUnitOfWork.PersonUnitOfWork(MasterdomDbContext)' [/Users/kady/Masterdom/src/Masterdom.Infrastructure/Masterdom.Infrastructure.csproj]
/Users/kady/Masterdom/src/Masterdom.Infrastructure/Persistence/People/PersonUnitOfWork.cs(17,17): warning CS1591: Missing XML comment for publicly visible type or member 'PersonUnitOfWork.Execute(Action)' [/Users/kady/Masterdom/src/Masterdom.Infrastructure/Masterdom.Infrastructure.csproj]
/Users/kady/Masterdom/src/Masterdom.Infrastructure/Persistence/PolicyFramework/PolicyFrameworkPlatformOrchestrator.cs(9,21): warning CS1591: Missing XML comment for publicly visible type or member 'PolicyFrameworkPlatformOrchestrator' [/Users/kady/Masterdom/src/Masterdom.Infrastructure/Masterdom.Infrastructure.csproj]
/Users/kady/Masterdom/src/Masterdom.Infrastructure/Persistence/PolicyFramework/PolicyFrameworkPlatformOrchestrator.cs(17,12): warning CS1591: Missing XML comment for publicly visible type or member 'PolicyFrameworkPlatformOrchestrator.PolicyFrameworkPlatformOrchestrator(IConfigurationResolver, IMetadataResolver, IDomainEventPublisher)' [/Users/kady/Masterdom/src/Masterdom.Infrastructure/Masterdom.Infrastructure.csproj]
/Users/kady/Masterdom/src/Masterdom.Infrastructure/Persistence/PolicyFramework/PolicyFrameworkPlatformOrchestrator.cs(27,17): warning CS1591: Missing XML comment for publicly visible type or member 'PolicyFrameworkPlatformOrchestrator.OnPolicyMutated(Policy, string)' [/Users/kady/Masterdom/src/Masterdom.Infrastructure/Masterdom.Infrastructure.csproj]
/Users/kady/Masterdom/src/Masterdom.Infrastructure/Persistence/PolicyFramework/PolicyFrameworkUnitOfWork.cs(5,21): warning CS1591: Missing XML comment for publicly visible type or member 'PolicyFrameworkUnitOfWork' [/Users/kady/Masterdom/src/Masterdom.Infrastructure/Masterdom.Infrastructure.csproj]
/Users/kady/Masterdom/src/Masterdom.Infrastructure/Persistence/PolicyFramework/PolicyFrameworkUnitOfWork.cs(9,12): warning CS1591: Missing XML comment for publicly visible type or member 'PolicyFrameworkUnitOfWork.PolicyFrameworkUnitOfWork(MasterdomDbContext)' [/Users/kady/Masterdom/src/Masterdom.Infrastructure/Masterdom.Infrastructure.csproj]
/Users/kady/Masterdom/src/Masterdom.Infrastructure/Persistence/PolicyFramework/PolicyFrameworkUnitOfWork.cs(14,17): warning CS1591: Missing XML comment for publicly visible type or member 'PolicyFrameworkUnitOfWork.Execute(Action)' [/Users/kady/Masterdom/src/Masterdom.Infrastructure/Masterdom.Infrastructure.csproj]
/Users/kady/Masterdom/src/Masterdom.Infrastructure/Persistence/PolicyFramework/PolicyRepository.cs(8,21): warning CS1591: Missing XML comment for publicly visible type or member 'PolicyRepository' [/Users/kady/Masterdom/src/Masterdom.Infrastructure/Masterdom.Infrastructure.csproj]
/Users/kady/Masterdom/src/Masterdom.Infrastructure/Persistence/PolicyFramework/PolicyRepository.cs(12,12): warning CS1591: Missing XML comment for publicly visible type or member 'PolicyRepository.PolicyRepository(MasterdomDbContext)' [/Users/kady/Masterdom/src/Masterdom.Infrastructure/Masterdom.Infrastructure.csproj]
/Users/kady/Masterdom/src/Masterdom.Infrastructure/Persistence/PolicyFramework/PolicyRepository.cs(17,17): warning CS1591: Missing XML comment for publicly visible type or member 'PolicyRepository.Add(Policy)' [/Users/kady/Masterdom/src/Masterdom.Infrastructure/Masterdom.Infrastructure.csproj]
/Users/kady/Masterdom/src/Masterdom.Infrastructure/Persistence/PolicyFramework/PolicyRepository.cs(23,17): warning CS1591: Missing XML comment for publicly visible type or member 'PolicyRepository.Update(Policy)' [/Users/kady/Masterdom/src/Masterdom.Infrastructure/Masterdom.Infrastructure.csproj]
/Users/kady/Masterdom/src/Masterdom.Infrastructure/Persistence/PolicyFramework/PolicyRepository.cs(29,29): warning CS1591: Missing XML comment for publicly visible type or member 'PolicyRepository.GetById(PolicyId)' [/Users/kady/Masterdom/src/Masterdom.Infrastructure/Masterdom.Infrastructure.csproj]
/Users/kady/Masterdom/src/Masterdom.Infrastructure/Persistence/PolicyFramework/PolicyRepository.cs(40,29): warning CS1591: Missing XML comment for publicly visible type or member 'PolicyRepository.GetApplicable(PolicyType, PolicyScope, DateOnly, string?)' [/Users/kady/Masterdom/src/Masterdom.Infrastructure/Masterdom.Infrastructure.csproj]
/Users/kady/Masterdom/src/Masterdom.Infrastructure/Persistence/Property/PropertyPlatformOrchestrator.cs(25,12): warning CS1591: Missing XML comment for publicly visible type or member 'PropertyPlatformOrchestrator.PropertyPlatformOrchestrator(IConfigurationResolver, IMetadataResolver, IRuleResolver, IWorkflowResolver, IDomainEventPublisher)' [/Users/kady/Masterdom/src/Masterdom.Infrastructure/Masterdom.Infrastructure.csproj]
/Users/kady/Masterdom/src/Masterdom.Infrastructure/Persistence/Property/PropertyPlatformOrchestrator.cs(39,17): warning CS1591: Missing XML comment for publicly visible type or member 'PropertyPlatformOrchestrator.OnPropertyMutated(Property, string)' [/Users/kady/Masterdom/src/Masterdom.Infrastructure/Masterdom.Infrastructure.csproj]
/Users/kady/Masterdom/src/Masterdom.Infrastructure/Persistence/Property/PropertyRepository.cs(17,12): warning CS1591: Missing XML comment for publicly visible type or member 'PropertyRepository.PropertyRepository(MasterdomDbContext, ICurrentUserAccessor)' [/Users/kady/Masterdom/src/Masterdom.Infrastructure/Masterdom.Infrastructure.csproj]
/Users/kady/Masterdom/src/Masterdom.Infrastructure/Persistence/Property/PropertyRepository.cs(23,31): warning CS1591: Missing XML comment for publicly visible type or member 'PropertyRepository.GetById(PropertyId)' [/Users/kady/Masterdom/src/Masterdom.Infrastructure/Masterdom.Infrastructure.csproj]
/Users/kady/Masterdom/src/Masterdom.Infrastructure/Persistence/Property/PropertyRepository.cs(32,31): warning CS1591: Missing XML comment for publicly visible type or member 'PropertyRepository.GetByCode(PropertyCode)' [/Users/kady/Masterdom/src/Masterdom.Infrastructure/Masterdom.Infrastructure.csproj]
/Users/kady/Masterdom/src/Masterdom.Infrastructure/Persistence/Property/PropertyRepository.cs(41,38): warning CS1591: Missing XML comment for publicly visible type or member 'PropertyRepository.ListUnits(PropertyId)' [/Users/kady/Masterdom/src/Masterdom.Infrastructure/Masterdom.Infrastructure.csproj]
/Users/kady/Masterdom/src/Masterdom.Infrastructure/Persistence/Property/PropertyRepository.cs(52,51): warning CS1591: Missing XML comment for publicly visible type or member 'PropertyRepository.Search(string?, int)' [/Users/kady/Masterdom/src/Masterdom.Infrastructure/Masterdom.Infrastructure.csproj]
/Users/kady/Masterdom/src/Masterdom.Infrastructure/Persistence/Property/PropertyRepository.cs(71,17): warning CS1591: Missing XML comment for publicly visible type or member 'PropertyRepository.Add(Property)' [/Users/kady/Masterdom/src/Masterdom.Infrastructure/Masterdom.Infrastructure.csproj]
/Users/kady/Masterdom/src/Masterdom.Infrastructure/Persistence/Property/PropertyRepository.cs(77,17): warning CS1591: Missing XML comment for publicly visible type or member 'PropertyRepository.Update(Property)' [/Users/kady/Masterdom/src/Masterdom.Infrastructure/Masterdom.Infrastructure.csproj]
/Users/kady/Masterdom/src/Masterdom.Infrastructure/Persistence/Property/PropertyUnitOfWork.cs(12,12): warning CS1591: Missing XML comment for publicly visible type or member 'PropertyUnitOfWork.PropertyUnitOfWork(MasterdomDbContext)' [/Users/kady/Masterdom/src/Masterdom.Infrastructure/Masterdom.Infrastructure.csproj]
/Users/kady/Masterdom/src/Masterdom.Infrastructure/Persistence/Property/PropertyUnitOfWork.cs(17,17): warning CS1591: Missing XML comment for publicly visible type or member 'PropertyUnitOfWork.Execute(Action)' [/Users/kady/Masterdom/src/Masterdom.Infrastructure/Masterdom.Infrastructure.csproj]
/Users/kady/Masterdom/src/Masterdom.Infrastructure/Persistence/Rules/PlatformRuleDefinitionEntity.cs(10,17): warning CS1591: Missing XML comment for publicly visible type or member 'PlatformRuleDefinitionEntity.Id' [/Users/kady/Masterdom/src/Masterdom.Infrastructure/Masterdom.Infrastructure.csproj]
/Users/kady/Masterdom/src/Masterdom.Infrastructure/Persistence/Rules/PlatformRuleDefinitionEntity.cs(12,17): warning CS1591: Missing XML comment for publicly visible type or member 'PlatformRuleDefinitionEntity.RuleSetId' [/Users/kady/Masterdom/src/Masterdom.Infrastructure/Masterdom.Infrastructure.csproj]
/Users/kady/Masterdom/src/Masterdom.Infrastructure/Persistence/Rules/PlatformRuleDefinitionEntity.cs(14,18): warning CS1591: Missing XML comment for publicly visible type or member 'PlatformRuleDefinitionEntity.ParentRuleId' [/Users/kady/Masterdom/src/Masterdom.Infrastructure/Masterdom.Infrastructure.csproj]
/Users/kady/Masterdom/src/Masterdom.Infrastructure/Persistence/Rules/PlatformRuleDefinitionEntity.cs(16,19): warning CS1591: Missing XML comment for publicly visible type or member 'PlatformRuleDefinitionEntity.Key' [/Users/kady/Masterdom/src/Masterdom.Infrastructure/Masterdom.Infrastructure.csproj]
/Users/kady/Masterdom/src/Masterdom.Infrastructure/Persistence/Rules/PlatformRuleDefinitionEntity.cs(18,19): warning CS1591: Missing XML comment for publicly visible type or member 'PlatformRuleDefinitionEntity.Name' [/Users/kady/Masterdom/src/Masterdom.Infrastructure/Masterdom.Infrastructure.csproj]
/Users/kady/Masterdom/src/Masterdom.Infrastructure/Persistence/Rules/PlatformRuleDefinitionEntity.cs(20,20): warning CS1591: Missing XML comment for publicly visible type or member 'PlatformRuleDefinitionEntity.Description' [/Users/kady/Masterdom/src/Masterdom.Infrastructure/Masterdom.Infrastructure.csproj]
/Users/kady/Masterdom/src/Masterdom.Infrastructure/Persistence/Rules/PlatformRuleDefinitionEntity.cs(22,16): warning CS1591: Missing XML comment for publicly visible type or member 'PlatformRuleDefinitionEntity.Kind' [/Users/kady/Masterdom/src/Masterdom.Infrastructure/Masterdom.Infrastructure.csproj]
/Users/kady/Masterdom/src/Masterdom.Infrastructure/Persistence/Rules/PlatformRuleDefinitionEntity.cs(24,16): warning CS1591: Missing XML comment for publicly visible type or member 'PlatformRuleDefinitionEntity.Category' [/Users/kady/Masterdom/src/Masterdom.Infrastructure/Masterdom.Infrastructure.csproj]
/Users/kady/Masterdom/src/Masterdom.Infrastructure/Persistence/Rules/PlatformRuleDefinitionEntity.cs(26,16): warning CS1591: Missing XML comment for publicly visible type or member 'PlatformRuleDefinitionEntity.Severity' [/Users/kady/Masterdom/src/Masterdom.Infrastructure/Masterdom.Infrastructure.csproj]
/Users/kady/Masterdom/src/Masterdom.Infrastructure/Persistence/Rules/PlatformRuleDefinitionEntity.cs(28,16): warning CS1591: Missing XML comment for publicly visible type or member 'PlatformRuleDefinitionEntity.Priority' [/Users/kady/Masterdom/src/Masterdom.Infrastructure/Masterdom.Infrastructure.csproj]
/Users/kady/Masterdom/src/Masterdom.Infrastructure/Persistence/Rules/PlatformRuleDefinitionEntity.cs(30,16): warning CS1591: Missing XML comment for publicly visible type or member 'PlatformRuleDefinitionEntity.ScopeKind' [/Users/kady/Masterdom/src/Masterdom.Infrastructure/Masterdom.Infrastructure.csproj]
/Users/kady/Masterdom/src/Masterdom.Infrastructure/Persistence/Rules/PlatformRuleDefinitionEntity.cs(32,20): warning CS1591: Missing XML comment for publicly visible type or member 'PlatformRuleDefinitionEntity.ScopeIdentifier' [/Users/kady/Masterdom/src/Masterdom.Infrastructure/Masterdom.Infrastructure.csproj]
/Users/kady/Masterdom/src/Masterdom.Infrastructure/Persistence/Rules/PlatformRuleDefinitionEntity.cs(34,16): warning CS1591: Missing XML comment for publicly visible type or member 'PlatformRuleDefinitionEntity.Version' [/Users/kady/Masterdom/src/Masterdom.Infrastructure/Masterdom.Infrastructure.csproj]
/Users/kady/Masterdom/src/Masterdom.Infrastructure/Persistence/Rules/PlatformRuleDefinitionEntity.cs(36,21): warning CS1591: Missing XML comment for publicly visible type or member 'PlatformRuleDefinitionEntity.EffectiveFromUtc' [/Users/kady/Masterdom/src/Masterdom.Infrastructure/Masterdom.Infrastructure.csproj]
/Users/kady/Masterdom/src/Masterdom.Infrastructure/Persistence/Rules/PlatformRuleDefinitionEntity.cs(38,22): warning CS1591: Missing XML comment for publicly visible type or member 'PlatformRuleDefinitionEntity.EffectiveToUtc' [/Users/kady/Masterdom/src/Masterdom.Infrastructure/Masterdom.Infrastructure.csproj]
/Users/kady/Masterdom/src/Masterdom.Infrastructure/Persistence/Rules/PlatformRuleDefinitionEntity.cs(40,17): warning CS1591: Missing XML comment for publicly visible type or member 'PlatformRuleDefinitionEntity.IsDeprecated' [/Users/kady/Masterdom/src/Masterdom.Infrastructure/Masterdom.Infrastructure.csproj]
/Users/kady/Masterdom/src/Masterdom.Infrastructure/Persistence/Rules/PlatformRuleDefinitionEntity.cs(42,20): warning CS1591: Missing XML comment for publicly visible type or member 'PlatformRuleDefinitionEntity.ReplacedByKey' [/Users/kady/Masterdom/src/Masterdom.Infrastructure/Masterdom.Infrastructure.csproj]
/Users/kady/Masterdom/src/Masterdom.Infrastructure/Persistence/Rules/PlatformRuleDefinitionEntity.cs(44,20): warning CS1591: Missing XML comment for publicly visible type or member 'PlatformRuleDefinitionEntity.Compatibility' [/Users/kady/Masterdom/src/Masterdom.Infrastructure/Masterdom.Infrastructure.csproj]
/Users/kady/Masterdom/src/Masterdom.Infrastructure/Persistence/Rules/PlatformRuleDefinitionEntity.cs(46,19): warning CS1591: Missing XML comment for publicly visible type or member 'PlatformRuleDefinitionEntity.ChangedBy' [/Users/kady/Masterdom/src/Masterdom.Infrastructure/Masterdom.Infrastructure.csproj]
/Users/kady/Masterdom/src/Masterdom.Infrastructure/Persistence/Rules/PlatformRuleDefinitionEntity.cs(48,21): warning CS1591: Missing XML comment for publicly visible type or member 'PlatformRuleDefinitionEntity.ChangedAtUtc' [/Users/kady/Masterdom/src/Masterdom.Infrastructure/Masterdom.Infrastructure.csproj]
/Users/kady/Masterdom/src/Masterdom.Infrastructure/Persistence/Rules/PlatformRuleDefinitionEntity.cs(50,20): warning CS1591: Missing XML comment for publicly visible type or member 'PlatformRuleDefinitionEntity.InputKey' [/Users/kady/Masterdom/src/Masterdom.Infrastructure/Masterdom.Infrastructure.csproj]
/Users/kady/Masterdom/src/Masterdom.Infrastructure/Persistence/Rules/PlatformRuleDefinitionEntity.cs(52,17): warning CS1591: Missing XML comment for publicly visible type or member 'PlatformRuleDefinitionEntity.ComparisonOperator' [/Users/kady/Masterdom/src/Masterdom.Infrastructure/Masterdom.Infrastructure.csproj]
/Users/kady/Masterdom/src/Masterdom.Infrastructure/Persistence/Rules/PlatformRuleDefinitionEntity.cs(54,20): warning CS1591: Missing XML comment for publicly visible type or member 'PlatformRuleDefinitionEntity.CompareInputKey' [/Users/kady/Masterdom/src/Masterdom.Infrastructure/Masterdom.Infrastructure.csproj]
/Users/kady/Masterdom/src/Masterdom.Infrastructure/Persistence/Rules/PlatformRuleDefinitionEntity.cs(56,17): warning CS1591: Missing XML comment for publicly visible type or member 'PlatformRuleDefinitionEntity.ExpectedValueKind' [/Users/kady/Masterdom/src/Masterdom.Infrastructure/Masterdom.Infrastructure.csproj]
/Users/kady/Masterdom/src/Masterdom.Infrastructure/Persistence/Rules/PlatformRuleDefinitionEntity.cs(58,18): warning CS1591: Missing XML comment for publicly visible type or member 'PlatformRuleDefinitionEntity.ExpectedBoolean' [/Users/kady/Masterdom/src/Masterdom.Infrastructure/Masterdom.Infrastructure.csproj]
/Users/kady/Masterdom/src/Masterdom.Infrastructure/Persistence/Rules/PlatformRuleDefinitionEntity.cs(60,21): warning CS1591: Missing XML comment for publicly visible type or member 'PlatformRuleDefinitionEntity.ExpectedNumber' [/Users/kady/Masterdom/src/Masterdom.Infrastructure/Masterdom.Infrastructure.csproj]
/Users/kady/Masterdom/src/Masterdom.Infrastructure/Persistence/Rules/PlatformRuleDefinitionEntity.cs(62,20): warning CS1591: Missing XML comment for publicly visible type or member 'PlatformRuleDefinitionEntity.ExpectedText' [/Users/kady/Masterdom/src/Masterdom.Infrastructure/Masterdom.Infrastructure.csproj]
/Users/kady/Masterdom/src/Masterdom.Infrastructure/Persistence/Rules/PlatformRuleDefinitionEntity.cs(64,21): warning CS1591: Missing XML comment for publicly visible type or member 'PlatformRuleDefinitionEntity.MinNumber' [/Users/kady/Masterdom/src/Masterdom.Infrastructure/Masterdom.Infrastructure.csproj]
/Users/kady/Masterdom/src/Masterdom.Infrastructure/Persistence/Rules/PlatformRuleDefinitionEntity.cs(66,21): warning CS1591: Missing XML comment for publicly visible type or member 'PlatformRuleDefinitionEntity.MaxNumber' [/Users/kady/Masterdom/src/Masterdom.Infrastructure/Masterdom.Infrastructure.csproj]
/Users/kady/Masterdom/src/Masterdom.Infrastructure/Persistence/Rules/PlatformRuleDefinitionEntity.cs(68,17): warning CS1591: Missing XML comment for publicly visible type or member 'PlatformRuleDefinitionEntity.CompositeOperator' [/Users/kady/Masterdom/src/Masterdom.Infrastructure/Masterdom.Infrastructure.csproj]
/Users/kady/Masterdom/src/Masterdom.Infrastructure/Persistence/Rules/PlatformRuleDefinitionEntity.cs(70,17): warning CS1591: Missing XML comment for publicly visible type or member 'PlatformRuleDefinitionEntity.ArithmeticOperator' [/Users/kady/Masterdom/src/Masterdom.Infrastructure/Masterdom.Infrastructure.csproj]
/Users/kady/Masterdom/src/Masterdom.Infrastructure/Persistence/Rules/PlatformRuleDefinitionEntity.cs(72,20): warning CS1591: Missing XML comment for publicly visible type or member 'PlatformRuleDefinitionEntity.ExpressionLeftKey' [/Users/kady/Masterdom/src/Masterdom.Infrastructure/Masterdom.Infrastructure.csproj]
/Users/kady/Masterdom/src/Masterdom.Infrastructure/Persistence/Rules/PlatformRuleDefinitionEntity.cs(74,20): warning CS1591: Missing XML comment for publicly visible type or member 'PlatformRuleDefinitionEntity.ExpressionRightKey' [/Users/kady/Masterdom/src/Masterdom.Infrastructure/Masterdom.Infrastructure.csproj]
/Users/kady/Masterdom/src/Masterdom.Infrastructure/Persistence/Rules/PlatformRuleDefinitionEntity.cs(76,21): warning CS1591: Missing XML comment for publicly visible type or member 'PlatformRuleDefinitionEntity.ExpressionExpectedNumber' [/Users/kady/Masterdom/src/Masterdom.Infrastructure/Masterdom.Infrastructure.csproj]
/Users/kady/Masterdom/src/Masterdom.Infrastructure/Persistence/Rules/PlatformRuleRepository.cs(16,12): warning CS1591: Missing XML comment for publicly visible type or member 'PlatformRuleRepository.PlatformRuleRepository(MasterdomDbContext)' [/Users/kady/Masterdom/src/Masterdom.Infrastructure/Masterdom.Infrastructure.csproj]
/Users/kady/Masterdom/src/Masterdom.Infrastructure/Persistence/Rules/PlatformRuleRepository.cs(21,45): warning CS1591: Missing XML comment for publicly visible type or member 'PlatformRuleRepository.GetAllRuleSets()' [/Users/kady/Masterdom/src/Masterdom.Infrastructure/Masterdom.Infrastructure.csproj]
/Users/kady/Masterdom/src/Masterdom.Infrastructure/Persistence/Rules/PlatformRuleRepository.cs(55,42): warning CS1591: Missing XML comment for publicly visible type or member 'PlatformRuleRepository.GetAllRules()' [/Users/kady/Masterdom/src/Masterdom.Infrastructure/Masterdom.Infrastructure.csproj]
/Users/kady/Masterdom/src/Masterdom.Infrastructure/Persistence/Rules/PlatformRuleSetEntity.cs(10,17): warning CS1591: Missing XML comment for publicly visible type or member 'PlatformRuleSetEntity.Id' [/Users/kady/Masterdom/src/Masterdom.Infrastructure/Masterdom.Infrastructure.csproj]
/Users/kady/Masterdom/src/Masterdom.Infrastructure/Persistence/Rules/PlatformRuleSetEntity.cs(12,19): warning CS1591: Missing XML comment for publicly visible type or member 'PlatformRuleSetEntity.Key' [/Users/kady/Masterdom/src/Masterdom.Infrastructure/Masterdom.Infrastructure.csproj]
/Users/kady/Masterdom/src/Masterdom.Infrastructure/Persistence/Rules/PlatformRuleSetEntity.cs(14,19): warning CS1591: Missing XML comment for publicly visible type or member 'PlatformRuleSetEntity.Name' [/Users/kady/Masterdom/src/Masterdom.Infrastructure/Masterdom.Infrastructure.csproj]
/Users/kady/Masterdom/src/Masterdom.Infrastructure/Persistence/Rules/PlatformRuleSetEntity.cs(16,20): warning CS1591: Missing XML comment for publicly visible type or member 'PlatformRuleSetEntity.Description' [/Users/kady/Masterdom/src/Masterdom.Infrastructure/Masterdom.Infrastructure.csproj]
/Users/kady/Masterdom/src/Masterdom.Infrastructure/Persistence/Rules/PlatformRuleSetEntity.cs(18,16): warning CS1591: Missing XML comment for publicly visible type or member 'PlatformRuleSetEntity.Category' [/Users/kady/Masterdom/src/Masterdom.Infrastructure/Masterdom.Infrastructure.csproj]
/Users/kady/Masterdom/src/Masterdom.Infrastructure/Persistence/Rules/PlatformRuleSetEntity.cs(20,16): warning CS1591: Missing XML comment for publicly visible type or member 'PlatformRuleSetEntity.ScopeKind' [/Users/kady/Masterdom/src/Masterdom.Infrastructure/Masterdom.Infrastructure.csproj]
/Users/kady/Masterdom/src/Masterdom.Infrastructure/Persistence/Rules/PlatformRuleSetEntity.cs(22,20): warning CS1591: Missing XML comment for publicly visible type or member 'PlatformRuleSetEntity.ScopeIdentifier' [/Users/kady/Masterdom/src/Masterdom.Infrastructure/Masterdom.Infrastructure.csproj]
/Users/kady/Masterdom/src/Masterdom.Infrastructure/Persistence/Rules/PlatformRuleSetEntity.cs(24,16): warning CS1591: Missing XML comment for publicly visible type or member 'PlatformRuleSetEntity.Version' [/Users/kady/Masterdom/src/Masterdom.Infrastructure/Masterdom.Infrastructure.csproj]
/Users/kady/Masterdom/src/Masterdom.Infrastructure/Persistence/Rules/PlatformRuleSetEntity.cs(26,21): warning CS1591: Missing XML comment for publicly visible type or member 'PlatformRuleSetEntity.EffectiveFromUtc' [/Users/kady/Masterdom/src/Masterdom.Infrastructure/Masterdom.Infrastructure.csproj]
/Users/kady/Masterdom/src/Masterdom.Infrastructure/Persistence/Rules/PlatformRuleSetEntity.cs(28,22): warning CS1591: Missing XML comment for publicly visible type or member 'PlatformRuleSetEntity.EffectiveToUtc' [/Users/kady/Masterdom/src/Masterdom.Infrastructure/Masterdom.Infrastructure.csproj]
/Users/kady/Masterdom/src/Masterdom.Infrastructure/Persistence/Rules/PlatformRuleSetEntity.cs(30,17): warning CS1591: Missing XML comment for publicly visible type or member 'PlatformRuleSetEntity.IsDeprecated' [/Users/kady/Masterdom/src/Masterdom.Infrastructure/Masterdom.Infrastructure.csproj]
/Users/kady/Masterdom/src/Masterdom.Infrastructure/Persistence/Rules/PlatformRuleSetEntity.cs(32,20): warning CS1591: Missing XML comment for publicly visible type or member 'PlatformRuleSetEntity.ReplacedByKey' [/Users/kady/Masterdom/src/Masterdom.Infrastructure/Masterdom.Infrastructure.csproj]
/Users/kady/Masterdom/src/Masterdom.Infrastructure/Persistence/Rules/PlatformRuleSetEntity.cs(34,20): warning CS1591: Missing XML comment for publicly visible type or member 'PlatformRuleSetEntity.Compatibility' [/Users/kady/Masterdom/src/Masterdom.Infrastructure/Masterdom.Infrastructure.csproj]
/Users/kady/Masterdom/src/Masterdom.Infrastructure/Persistence/Rules/PlatformRuleSetEntity.cs(36,19): warning CS1591: Missing XML comment for publicly visible type or member 'PlatformRuleSetEntity.ChangedBy' [/Users/kady/Masterdom/src/Masterdom.Infrastructure/Masterdom.Infrastructure.csproj]
/Users/kady/Masterdom/src/Masterdom.Infrastructure/Persistence/Rules/PlatformRuleSetEntity.cs(38,21): warning CS1591: Missing XML comment for publicly visible type or member 'PlatformRuleSetEntity.ChangedAtUtc' [/Users/kady/Masterdom/src/Masterdom.Infrastructure/Masterdom.Infrastructure.csproj]
/Users/kady/Masterdom/src/Masterdom.Infrastructure/Persistence/SubsidyOptimization/OptimizationRunRepository.cs(8,21): warning CS1591: Missing XML comment for publicly visible type or member 'OptimizationRunRepository' [/Users/kady/Masterdom/src/Masterdom.Infrastructure/Masterdom.Infrastructure.csproj]
/Users/kady/Masterdom/src/Masterdom.Infrastructure/Persistence/SubsidyOptimization/OptimizationRunRepository.cs(12,12): warning CS1591: Missing XML comment for publicly visible type or member 'OptimizationRunRepository.OptimizationRunRepository(MasterdomDbContext)' [/Users/kady/Masterdom/src/Masterdom.Infrastructure/Masterdom.Infrastructure.csproj]
/Users/kady/Masterdom/src/Masterdom.Infrastructure/Persistence/SubsidyOptimization/OptimizationRunRepository.cs(17,17): warning CS1591: Missing XML comment for publicly visible type or member 'OptimizationRunRepository.Add(OptimizationRun)' [/Users/kady/Masterdom/src/Masterdom.Infrastructure/Masterdom.Infrastructure.csproj]
/Users/kady/Masterdom/src/Masterdom.Infrastructure/Persistence/SubsidyOptimization/OptimizationRunRepository.cs(23,17): warning CS1591: Missing XML comment for publicly visible type or member 'OptimizationRunRepository.Update(OptimizationRun)' [/Users/kady/Masterdom/src/Masterdom.Infrastructure/Masterdom.Infrastructure.csproj]
/Users/kady/Masterdom/src/Masterdom.Infrastructure/Persistence/SubsidyOptimization/OptimizationRunRepository.cs(29,38): warning CS1591: Missing XML comment for publicly visible type or member 'OptimizationRunRepository.GetById(OptimizationRunId)' [/Users/kady/Masterdom/src/Masterdom.Infrastructure/Masterdom.Infrastructure.csproj]
/Users/kady/Masterdom/src/Masterdom.Infrastructure/Persistence/SubsidyOptimization/OptimizationRunRepository.cs(40,38): warning CS1591: Missing XML comment for publicly visible type or member 'OptimizationRunRepository.GetByScenarioPeriodAndVersion(ScenarioId, OptimizationPeriod, OptimizationVersion)' [/Users/kady/Masterdom/src/Masterdom.Infrastructure/Masterdom.Infrastructure.csproj]
/Users/kady/Masterdom/src/Masterdom.Infrastructure/Persistence/SubsidyOptimization/OptimizationRunRepository.cs(57,38): warning CS1591: Missing XML comment for publicly visible type or member 'OptimizationRunRepository.GetLatestByScenarioAndPeriod(ScenarioId, OptimizationPeriod)' [/Users/kady/Masterdom/src/Masterdom.Infrastructure/Masterdom.Infrastructure.csproj]
/Users/kady/Masterdom/src/Masterdom.Infrastructure/Persistence/SubsidyOptimization/SubsidyOptimizationPlatformOrchestrator.cs(11,21): warning CS1591: Missing XML comment for publicly visible type or member 'SubsidyOptimizationPlatformOrchestrator' [/Users/kady/Masterdom/src/Masterdom.Infrastructure/Masterdom.Infrastructure.csproj]
/Users/kady/Masterdom/src/Masterdom.Infrastructure/Persistence/SubsidyOptimization/SubsidyOptimizationPlatformOrchestrator.cs(21,12): warning CS1591: Missing XML comment for publicly visible type or member 'SubsidyOptimizationPlatformOrchestrator.SubsidyOptimizationPlatformOrchestrator(IConfigurationResolver, IMetadataResolver, IRuleResolver, IWorkflowResolver, IDomainEventPublisher)' [/Users/kady/Masterdom/src/Masterdom.Infrastructure/Masterdom.Infrastructure.csproj]
/Users/kady/Masterdom/src/Masterdom.Infrastructure/Persistence/SubsidyOptimization/SubsidyOptimizationPlatformOrchestrator.cs(35,17): warning CS1591: Missing XML comment for publicly visible type or member 'SubsidyOptimizationPlatformOrchestrator.OnOptimizationRunMutated(OptimizationRun, string)' [/Users/kady/Masterdom/src/Masterdom.Infrastructure/Masterdom.Infrastructure.csproj]
/Users/kady/Masterdom/src/Masterdom.Infrastructure/Persistence/SubsidyOptimization/SubsidyOptimizationUnitOfWork.cs(5,21): warning CS1591: Missing XML comment for publicly visible type or member 'SubsidyOptimizationUnitOfWork' [/Users/kady/Masterdom/src/Masterdom.Infrastructure/Masterdom.Infrastructure.csproj]
/Users/kady/Masterdom/src/Masterdom.Infrastructure/Persistence/SubsidyOptimization/SubsidyOptimizationUnitOfWork.cs(9,12): warning CS1591: Missing XML comment for publicly visible type or member 'SubsidyOptimizationUnitOfWork.SubsidyOptimizationUnitOfWork(MasterdomDbContext)' [/Users/kady/Masterdom/src/Masterdom.Infrastructure/Masterdom.Infrastructure.csproj]
/Users/kady/Masterdom/src/Masterdom.Infrastructure/Persistence/SubsidyOptimization/SubsidyOptimizationUnitOfWork.cs(14,17): warning CS1591: Missing XML comment for publicly visible type or member 'SubsidyOptimizationUnitOfWork.Execute(Action)' [/Users/kady/Masterdom/src/Masterdom.Infrastructure/Masterdom.Infrastructure.csproj]
/Users/kady/Masterdom/src/Masterdom.Infrastructure/Persistence/Tenancy/TenancyPlatformOrchestrator.cs(24,12): warning CS1591: Missing XML comment for publicly visible type or member 'TenancyPlatformOrchestrator.TenancyPlatformOrchestrator(IConfigurationResolver, IMetadataResolver, IRuleResolver, IWorkflowResolver, IDomainEventPublisher)' [/Users/kady/Masterdom/src/Masterdom.Infrastructure/Masterdom.Infrastructure.csproj]
/Users/kady/Masterdom/src/Masterdom.Infrastructure/Persistence/Tenancy/TenancyPlatformOrchestrator.cs(38,17): warning CS1591: Missing XML comment for publicly visible type or member 'TenancyPlatformOrchestrator.OnTenancyMutated(Tenancy, string)' [/Users/kady/Masterdom/src/Masterdom.Infrastructure/Masterdom.Infrastructure.csproj]
/Users/kady/Masterdom/src/Masterdom.Infrastructure/Persistence/Tenancy/TenancyRepository.cs(17,12): warning CS1591: Missing XML comment for publicly visible type or member 'TenancyRepository.TenancyRepository(MasterdomDbContext, ICurrentUserAccessor)' [/Users/kady/Masterdom/src/Masterdom.Infrastructure/Masterdom.Infrastructure.csproj]
/Users/kady/Masterdom/src/Masterdom.Infrastructure/Persistence/Tenancy/TenancyRepository.cs(23,17): warning CS1591: Missing XML comment for publicly visible type or member 'TenancyRepository.Add(Tenancy)' [/Users/kady/Masterdom/src/Masterdom.Infrastructure/Masterdom.Infrastructure.csproj]
/Users/kady/Masterdom/src/Masterdom.Infrastructure/Persistence/Tenancy/TenancyRepository.cs(29,30): warning CS1591: Missing XML comment for publicly visible type or member 'TenancyRepository.GetById(TenancyId)' [/Users/kady/Masterdom/src/Masterdom.Infrastructure/Masterdom.Infrastructure.csproj]
/Users/kady/Masterdom/src/Masterdom.Infrastructure/Persistence/Tenancy/TenancyRepository.cs(38,17): warning CS1591: Missing XML comment for publicly visible type or member 'TenancyRepository.HasActiveTenancyForUnit(UnitReference)' [/Users/kady/Masterdom/src/Masterdom.Infrastructure/Masterdom.Infrastructure.csproj]
/Users/kady/Masterdom/src/Masterdom.Infrastructure/Persistence/Tenancy/TenancyRepository.cs(46,17): warning CS1591: Missing XML comment for publicly visible type or member 'TenancyRepository.Update(Tenancy)' [/Users/kady/Masterdom/src/Masterdom.Infrastructure/Masterdom.Infrastructure.csproj]
/Users/kady/Masterdom/src/Masterdom.Infrastructure/Persistence/Tenancy/TenancyUnitOfWork.cs(12,12): warning CS1591: Missing XML comment for publicly visible type or member 'TenancyUnitOfWork.TenancyUnitOfWork(MasterdomDbContext)' [/Users/kady/Masterdom/src/Masterdom.Infrastructure/Masterdom.Infrastructure.csproj]
/Users/kady/Masterdom/src/Masterdom.Infrastructure/Persistence/Tenancy/TenancyUnitOfWork.cs(17,17): warning CS1591: Missing XML comment for publicly visible type or member 'TenancyUnitOfWork.Execute(Action)' [/Users/kady/Masterdom/src/Masterdom.Infrastructure/Masterdom.Infrastructure.csproj]
/Users/kady/Masterdom/src/Masterdom.Infrastructure/Persistence/UtilityRating/UtilityRatingPlatformOrchestrator.cs(13,21): warning CS1591: Missing XML comment for publicly visible type or member 'UtilityRatingPlatformOrchestrator' [/Users/kady/Masterdom/src/Masterdom.Infrastructure/Masterdom.Infrastructure.csproj]
/Users/kady/Masterdom/src/Masterdom.Infrastructure/Persistence/UtilityRating/UtilityRatingPlatformOrchestrator.cs(24,12): warning CS1591: Missing XML comment for publicly visible type or member 'UtilityRatingPlatformOrchestrator.UtilityRatingPlatformOrchestrator(IConfigurationResolver, IMetadataResolver, IRuleResolver, IWorkflowResolver, IDomainEventPublisher)' [/Users/kady/Masterdom/src/Masterdom.Infrastructure/Masterdom.Infrastructure.csproj]
/Users/kady/Masterdom/src/Masterdom.Infrastructure/Persistence/UtilityRating/UtilityRatingPlatformOrchestrator.cs(92,17): warning CS1591: Missing XML comment for publicly visible type or member 'UtilityRatingPlatformOrchestrator.OnRatingMutated(UtilityRating, string)' [/Users/kady/Masterdom/src/Masterdom.Infrastructure/Masterdom.Infrastructure.csproj]
/Users/kady/Masterdom/src/Masterdom.Infrastructure/Persistence/UtilityRating/UtilityRatingRepository.cs(8,21): warning CS1591: Missing XML comment for publicly visible type or member 'UtilityRatingRepository' [/Users/kady/Masterdom/src/Masterdom.Infrastructure/Masterdom.Infrastructure.csproj]
/Users/kady/Masterdom/src/Masterdom.Infrastructure/Persistence/UtilityRating/UtilityRatingRepository.cs(12,12): warning CS1591: Missing XML comment for publicly visible type or member 'UtilityRatingRepository.UtilityRatingRepository(MasterdomDbContext)' [/Users/kady/Masterdom/src/Masterdom.Infrastructure/Masterdom.Infrastructure.csproj]
/Users/kady/Masterdom/src/Masterdom.Infrastructure/Persistence/UtilityRating/UtilityRatingRepository.cs(17,17): warning CS1591: Missing XML comment for publicly visible type or member 'UtilityRatingRepository.Add(UtilityRating)' [/Users/kady/Masterdom/src/Masterdom.Infrastructure/Masterdom.Infrastructure.csproj]
/Users/kady/Masterdom/src/Masterdom.Infrastructure/Persistence/UtilityRating/UtilityRatingRepository.cs(23,17): warning CS1591: Missing XML comment for publicly visible type or member 'UtilityRatingRepository.Update(UtilityRating)' [/Users/kady/Masterdom/src/Masterdom.Infrastructure/Masterdom.Infrastructure.csproj]
/Users/kady/Masterdom/src/Masterdom.Infrastructure/Persistence/UtilityRating/UtilityRatingRepository.cs(29,36): warning CS1591: Missing XML comment for publicly visible type or member 'UtilityRatingRepository.GetById(UtilityRatingId)' [/Users/kady/Masterdom/src/Masterdom.Infrastructure/Masterdom.Infrastructure.csproj]
/Users/kady/Masterdom/src/Masterdom.Infrastructure/Persistence/UtilityRating/UtilityRatingRepository.cs(37,36): warning CS1591: Missing XML comment for publicly visible type or member 'UtilityRatingRepository.GetByMeterPeriodAndVersion(MeterReference, RatingPeriod, RatingVersion)' [/Users/kady/Masterdom/src/Masterdom.Infrastructure/Masterdom.Infrastructure.csproj]
/Users/kady/Masterdom/src/Masterdom.Infrastructure/Persistence/UtilityRating/UtilityRatingRepository.cs(54,36): warning CS1591: Missing XML comment for publicly visible type or member 'UtilityRatingRepository.GetLatestByMeterAndPeriod(MeterReference, RatingPeriod)' [/Users/kady/Masterdom/src/Masterdom.Infrastructure/Masterdom.Infrastructure.csproj]
/Users/kady/Masterdom/src/Masterdom.Infrastructure/Persistence/UtilityRating/UtilityRatingUnitOfWork.cs(5,21): warning CS1591: Missing XML comment for publicly visible type or member 'UtilityRatingUnitOfWork' [/Users/kady/Masterdom/src/Masterdom.Infrastructure/Masterdom.Infrastructure.csproj]
/Users/kady/Masterdom/src/Masterdom.Infrastructure/Persistence/UtilityRating/UtilityRatingUnitOfWork.cs(9,12): warning CS1591: Missing XML comment for publicly visible type or member 'UtilityRatingUnitOfWork.UtilityRatingUnitOfWork(MasterdomDbContext)' [/Users/kady/Masterdom/src/Masterdom.Infrastructure/Masterdom.Infrastructure.csproj]
/Users/kady/Masterdom/src/Masterdom.Infrastructure/Persistence/UtilityRating/UtilityRatingUnitOfWork.cs(14,17): warning CS1591: Missing XML comment for publicly visible type or member 'UtilityRatingUnitOfWork.Execute(Action)' [/Users/kady/Masterdom/src/Masterdom.Infrastructure/Masterdom.Infrastructure.csproj]
/Users/kady/Masterdom/src/Masterdom.Infrastructure/Persistence/Workflow/PlatformWorkflowEntity.cs(10,17): warning CS1591: Missing XML comment for publicly visible type or member 'PlatformWorkflowEntity.Id' [/Users/kady/Masterdom/src/Masterdom.Infrastructure/Masterdom.Infrastructure.csproj]
/Users/kady/Masterdom/src/Masterdom.Infrastructure/Persistence/Workflow/PlatformWorkflowEntity.cs(12,19): warning CS1591: Missing XML comment for publicly visible type or member 'PlatformWorkflowEntity.Key' [/Users/kady/Masterdom/src/Masterdom.Infrastructure/Masterdom.Infrastructure.csproj]
/Users/kady/Masterdom/src/Masterdom.Infrastructure/Persistence/Workflow/PlatformWorkflowEntity.cs(14,19): warning CS1591: Missing XML comment for publicly visible type or member 'PlatformWorkflowEntity.Name' [/Users/kady/Masterdom/src/Masterdom.Infrastructure/Masterdom.Infrastructure.csproj]
/Users/kady/Masterdom/src/Masterdom.Infrastructure/Persistence/Workflow/PlatformWorkflowEntity.cs(16,20): warning CS1591: Missing XML comment for publicly visible type or member 'PlatformWorkflowEntity.Description' [/Users/kady/Masterdom/src/Masterdom.Infrastructure/Masterdom.Infrastructure.csproj]
/Users/kady/Masterdom/src/Masterdom.Infrastructure/Persistence/Workflow/PlatformWorkflowEntity.cs(18,16): warning CS1591: Missing XML comment for publicly visible type or member 'PlatformWorkflowEntity.ScopeKind' [/Users/kady/Masterdom/src/Masterdom.Infrastructure/Masterdom.Infrastructure.csproj]
/Users/kady/Masterdom/src/Masterdom.Infrastructure/Persistence/Workflow/PlatformWorkflowEntity.cs(20,20): warning CS1591: Missing XML comment for publicly visible type or member 'PlatformWorkflowEntity.ScopeIdentifier' [/Users/kady/Masterdom/src/Masterdom.Infrastructure/Masterdom.Infrastructure.csproj]
/Users/kady/Masterdom/src/Masterdom.Infrastructure/Persistence/Workflow/PlatformWorkflowEntity.cs(22,19): warning CS1591: Missing XML comment for publicly visible type or member 'PlatformWorkflowEntity.ChangedBy' [/Users/kady/Masterdom/src/Masterdom.Infrastructure/Masterdom.Infrastructure.csproj]
/Users/kady/Masterdom/src/Masterdom.Infrastructure/Persistence/Workflow/PlatformWorkflowEntity.cs(24,21): warning CS1591: Missing XML comment for publicly visible type or member 'PlatformWorkflowEntity.ChangedAtUtc' [/Users/kady/Masterdom/src/Masterdom.Infrastructure/Masterdom.Infrastructure.csproj]
/Users/kady/Masterdom/src/Masterdom.Infrastructure/Persistence/Workflow/PlatformWorkflowRepository.cs(16,12): warning CS1591: Missing XML comment for publicly visible type or member 'PlatformWorkflowRepository.PlatformWorkflowRepository(MasterdomDbContext)' [/Users/kady/Masterdom/src/Masterdom.Infrastructure/Masterdom.Infrastructure.csproj]
/Users/kady/Masterdom/src/Masterdom.Infrastructure/Persistence/Workflow/PlatformWorkflowRepository.cs(21,46): warning CS1591: Missing XML comment for publicly visible type or member 'PlatformWorkflowRepository.GetAllWorkflows()' [/Users/kady/Masterdom/src/Masterdom.Infrastructure/Masterdom.Infrastructure.csproj]
/Users/kady/Masterdom/src/Masterdom.Infrastructure/Persistence/Workflow/PlatformWorkflowRepository.cs(43,53): warning CS1591: Missing XML comment for publicly visible type or member 'PlatformWorkflowRepository.GetAllVersions()' [/Users/kady/Masterdom/src/Masterdom.Infrastructure/Masterdom.Infrastructure.csproj]
/Users/kady/Masterdom/src/Masterdom.Infrastructure/Persistence/Workflow/PlatformWorkflowRepository.cs(69,50): warning CS1591: Missing XML comment for publicly visible type or member 'PlatformWorkflowRepository.GetAllSteps()' [/Users/kady/Masterdom/src/Masterdom.Infrastructure/Masterdom.Infrastructure.csproj]
/Users/kady/Masterdom/src/Masterdom.Infrastructure/Persistence/Workflow/PlatformWorkflowRepository.cs(98,56): warning CS1591: Missing XML comment for publicly visible type or member 'PlatformWorkflowRepository.GetAllTransitions()' [/Users/kady/Masterdom/src/Masterdom.Infrastructure/Masterdom.Infrastructure.csproj]
/Users/kady/Masterdom/src/Masterdom.Infrastructure/Persistence/Workflow/PlatformWorkflowStepEntity.cs(10,17): warning CS1591: Missing XML comment for publicly visible type or member 'PlatformWorkflowStepEntity.Id' [/Users/kady/Masterdom/src/Masterdom.Infrastructure/Masterdom.Infrastructure.csproj]
/Users/kady/Masterdom/src/Masterdom.Infrastructure/Persistence/Workflow/PlatformWorkflowStepEntity.cs(12,17): warning CS1591: Missing XML comment for publicly visible type or member 'PlatformWorkflowStepEntity.WorkflowVersionId' [/Users/kady/Masterdom/src/Masterdom.Infrastructure/Masterdom.Infrastructure.csproj]
/Users/kady/Masterdom/src/Masterdom.Infrastructure/Persistence/Workflow/PlatformWorkflowStepEntity.cs(14,19): warning CS1591: Missing XML comment for publicly visible type or member 'PlatformWorkflowStepEntity.Key' [/Users/kady/Masterdom/src/Masterdom.Infrastructure/Masterdom.Infrastructure.csproj]
/Users/kady/Masterdom/src/Masterdom.Infrastructure/Persistence/Workflow/PlatformWorkflowStepEntity.cs(16,19): warning CS1591: Missing XML comment for publicly visible type or member 'PlatformWorkflowStepEntity.Name' [/Users/kady/Masterdom/src/Masterdom.Infrastructure/Masterdom.Infrastructure.csproj]
/Users/kady/Masterdom/src/Masterdom.Infrastructure/Persistence/Workflow/PlatformWorkflowStepEntity.cs(18,16): warning CS1591: Missing XML comment for publicly visible type or member 'PlatformWorkflowStepEntity.Kind' [/Users/kady/Masterdom/src/Masterdom.Infrastructure/Masterdom.Infrastructure.csproj]
/Users/kady/Masterdom/src/Masterdom.Infrastructure/Persistence/Workflow/PlatformWorkflowStepEntity.cs(20,17): warning CS1591: Missing XML comment for publicly visible type or member 'PlatformWorkflowStepEntity.IsStart' [/Users/kady/Masterdom/src/Masterdom.Infrastructure/Masterdom.Infrastructure.csproj]
/Users/kady/Masterdom/src/Masterdom.Infrastructure/Persistence/Workflow/PlatformWorkflowStepEntity.cs(22,17): warning CS1591: Missing XML comment for publicly visible type or member 'PlatformWorkflowStepEntity.IsTerminal' [/Users/kady/Masterdom/src/Masterdom.Infrastructure/Masterdom.Infrastructure.csproj]
/Users/kady/Masterdom/src/Masterdom.Infrastructure/Persistence/Workflow/PlatformWorkflowStepEntity.cs(24,16): warning CS1591: Missing XML comment for publicly visible type or member 'PlatformWorkflowStepEntity.RetryMaxAttempts' [/Users/kady/Masterdom/src/Masterdom.Infrastructure/Masterdom.Infrastructure.csproj]
/Users/kady/Masterdom/src/Masterdom.Infrastructure/Persistence/Workflow/PlatformWorkflowStepEntity.cs(26,16): warning CS1591: Missing XML comment for publicly visible type or member 'PlatformWorkflowStepEntity.RetryDelayMilliseconds' [/Users/kady/Masterdom/src/Masterdom.Infrastructure/Masterdom.Infrastructure.csproj]
/Users/kady/Masterdom/src/Masterdom.Infrastructure/Persistence/Workflow/PlatformWorkflowStepEntity.cs(28,16): warning CS1591: Missing XML comment for publicly visible type or member 'PlatformWorkflowStepEntity.TimeoutMilliseconds' [/Users/kady/Masterdom/src/Masterdom.Infrastructure/Masterdom.Infrastructure.csproj]
/Users/kady/Masterdom/src/Masterdom.Infrastructure/Persistence/Workflow/PlatformWorkflowStepEntity.cs(30,20): warning CS1591: Missing XML comment for publicly visible type or member 'PlatformWorkflowStepEntity.CompensationOperation' [/Users/kady/Masterdom/src/Masterdom.Infrastructure/Masterdom.Infrastructure.csproj]
/Users/kady/Masterdom/src/Masterdom.Infrastructure/Persistence/Workflow/PlatformWorkflowTransitionEntity.cs(10,17): warning CS1591: Missing XML comment for publicly visible type or member 'PlatformWorkflowTransitionEntity.Id' [/Users/kady/Masterdom/src/Masterdom.Infrastructure/Masterdom.Infrastructure.csproj]
/Users/kady/Masterdom/src/Masterdom.Infrastructure/Persistence/Workflow/PlatformWorkflowTransitionEntity.cs(12,17): warning CS1591: Missing XML comment for publicly visible type or member 'PlatformWorkflowTransitionEntity.WorkflowVersionId' [/Users/kady/Masterdom/src/Masterdom.Infrastructure/Masterdom.Infrastructure.csproj]
/Users/kady/Masterdom/src/Masterdom.Infrastructure/Persistence/Workflow/PlatformWorkflowTransitionEntity.cs(14,17): warning CS1591: Missing XML comment for publicly visible type or member 'PlatformWorkflowTransitionEntity.FromStepId' [/Users/kady/Masterdom/src/Masterdom.Infrastructure/Masterdom.Infrastructure.csproj]
/Users/kady/Masterdom/src/Masterdom.Infrastructure/Persistence/Workflow/PlatformWorkflowTransitionEntity.cs(16,17): warning CS1591: Missing XML comment for publicly visible type or member 'PlatformWorkflowTransitionEntity.ToStepId' [/Users/kady/Masterdom/src/Masterdom.Infrastructure/Masterdom.Infrastructure.csproj]
/Users/kady/Masterdom/src/Masterdom.Infrastructure/Persistence/Workflow/PlatformWorkflowTransitionEntity.cs(18,16): warning CS1591: Missing XML comment for publicly visible type or member 'PlatformWorkflowTransitionEntity.BranchKind' [/Users/kady/Masterdom/src/Masterdom.Infrastructure/Masterdom.Infrastructure.csproj]
/Users/kady/Masterdom/src/Masterdom.Infrastructure/Persistence/Workflow/PlatformWorkflowTransitionEntity.cs(20,16): warning CS1591: Missing XML comment for publicly visible type or member 'PlatformWorkflowTransitionEntity.Priority' [/Users/kady/Masterdom/src/Masterdom.Infrastructure/Masterdom.Infrastructure.csproj]
/Users/kady/Masterdom/src/Masterdom.Infrastructure/Persistence/Workflow/PlatformWorkflowTransitionEntity.cs(22,16): warning CS1591: Missing XML comment for publicly visible type or member 'PlatformWorkflowTransitionEntity.ConditionKind' [/Users/kady/Masterdom/src/Masterdom.Infrastructure/Masterdom.Infrastructure.csproj]
/Users/kady/Masterdom/src/Masterdom.Infrastructure/Persistence/Workflow/PlatformWorkflowTransitionEntity.cs(24,20): warning CS1591: Missing XML comment for publicly visible type or member 'PlatformWorkflowTransitionEntity.RuleSetKey' [/Users/kady/Masterdom/src/Masterdom.Infrastructure/Masterdom.Infrastructure.csproj]
/Users/kady/Masterdom/src/Masterdom.Infrastructure/Persistence/Workflow/PlatformWorkflowTransitionEntity.cs(26,17): warning CS1591: Missing XML comment for publicly visible type or member 'PlatformWorkflowTransitionEntity.RuleScopeKind' [/Users/kady/Masterdom/src/Masterdom.Infrastructure/Masterdom.Infrastructure.csproj]
/Users/kady/Masterdom/src/Masterdom.Infrastructure/Persistence/Workflow/PlatformWorkflowTransitionEntity.cs(28,20): warning CS1591: Missing XML comment for publicly visible type or member 'PlatformWorkflowTransitionEntity.RuleScopeIdentifier' [/Users/kady/Masterdom/src/Masterdom.Infrastructure/Masterdom.Infrastructure.csproj]
/Users/kady/Masterdom/src/Masterdom.Infrastructure/Persistence/Workflow/PlatformWorkflowVersionEntity.cs(10,17): warning CS1591: Missing XML comment for publicly visible type or member 'PlatformWorkflowVersionEntity.Id' [/Users/kady/Masterdom/src/Masterdom.Infrastructure/Masterdom.Infrastructure.csproj]
/Users/kady/Masterdom/src/Masterdom.Infrastructure/Persistence/Workflow/PlatformWorkflowVersionEntity.cs(12,17): warning CS1591: Missing XML comment for publicly visible type or member 'PlatformWorkflowVersionEntity.WorkflowId' [/Users/kady/Masterdom/src/Masterdom.Infrastructure/Masterdom.Infrastructure.csproj]
/Users/kady/Masterdom/src/Masterdom.Infrastructure/Persistence/Workflow/PlatformWorkflowVersionEntity.cs(14,16): warning CS1591: Missing XML comment for publicly visible type or member 'PlatformWorkflowVersionEntity.Version' [/Users/kady/Masterdom/src/Masterdom.Infrastructure/Masterdom.Infrastructure.csproj]
/Users/kady/Masterdom/src/Masterdom.Infrastructure/Persistence/Workflow/PlatformWorkflowVersionEntity.cs(16,21): warning CS1591: Missing XML comment for publicly visible type or member 'PlatformWorkflowVersionEntity.EffectiveFromUtc' [/Users/kady/Masterdom/src/Masterdom.Infrastructure/Masterdom.Infrastructure.csproj]
/Users/kady/Masterdom/src/Masterdom.Infrastructure/Persistence/Workflow/PlatformWorkflowVersionEntity.cs(18,22): warning CS1591: Missing XML comment for publicly visible type or member 'PlatformWorkflowVersionEntity.EffectiveToUtc' [/Users/kady/Masterdom/src/Masterdom.Infrastructure/Masterdom.Infrastructure.csproj]
/Users/kady/Masterdom/src/Masterdom.Infrastructure/Persistence/Workflow/PlatformWorkflowVersionEntity.cs(20,17): warning CS1591: Missing XML comment for publicly visible type or member 'PlatformWorkflowVersionEntity.IsDeprecated' [/Users/kady/Masterdom/src/Masterdom.Infrastructure/Masterdom.Infrastructure.csproj]
/Users/kady/Masterdom/src/Masterdom.Infrastructure/Persistence/Workflow/PlatformWorkflowVersionEntity.cs(22,18): warning CS1591: Missing XML comment for publicly visible type or member 'PlatformWorkflowVersionEntity.ReplacedByVersionId' [/Users/kady/Masterdom/src/Masterdom.Infrastructure/Masterdom.Infrastructure.csproj]
/Users/kady/Masterdom/src/Masterdom.Infrastructure/Persistence/Workflow/PlatformWorkflowVersionEntity.cs(24,20): warning CS1591: Missing XML comment for publicly visible type or member 'PlatformWorkflowVersionEntity.Compatibility' [/Users/kady/Masterdom/src/Masterdom.Infrastructure/Masterdom.Infrastructure.csproj]
/Users/kady/Masterdom/src/Masterdom.Infrastructure/Persistence/Workflow/PlatformWorkflowVersionEntity.cs(26,19): warning CS1591: Missing XML comment for publicly visible type or member 'PlatformWorkflowVersionEntity.ChangedBy' [/Users/kady/Masterdom/src/Masterdom.Infrastructure/Masterdom.Infrastructure.csproj]
/Users/kady/Masterdom/src/Masterdom.Infrastructure/Persistence/Workflow/PlatformWorkflowVersionEntity.cs(28,21): warning CS1591: Missing XML comment for publicly visible type or member 'PlatformWorkflowVersionEntity.ChangedAtUtc' [/Users/kady/Masterdom/src/Masterdom.Infrastructure/Masterdom.Infrastructure.csproj]
/Users/kady/Masterdom/src/Masterdom.Infrastructure/Security/SecurityInfrastructureServiceCollectionExtensions.cs(6,21): warning CS1591: Missing XML comment for publicly visible type or member 'SecurityInfrastructureServiceCollectionExtensions' [/Users/kady/Masterdom/src/Masterdom.Infrastructure/Masterdom.Infrastructure.csproj]
/Users/kady/Masterdom/src/Masterdom.Infrastructure/Security/SecurityInfrastructureServiceCollectionExtensions.cs(8,38): warning CS1591: Missing XML comment for publicly visible type or member 'SecurityInfrastructureServiceCollectionExtensions.AddSecurityInfrastructureRuntime(IServiceCollection)' [/Users/kady/Masterdom/src/Masterdom.Infrastructure/Masterdom.Infrastructure.csproj]
  Masterdom.Infrastructure -> /Users/kady/Masterdom/src/Masterdom.Infrastructure/bin/Debug/net10.0/Masterdom.Infrastructure.dll
/Users/kady/Masterdom/src/Masterdom.Modules.Security/Application/Support/ExecutionResult.cs(49,38): warning CS0108: 'ExecutionResult<T>.Failure(string, string)' hides inherited member 'ExecutionResult.Failure(string, string)'. Use the new keyword if hiding was intended. [/Users/kady/Masterdom/src/Masterdom.Modules.Security/Masterdom.Modules.Security.csproj]
/Users/kady/Masterdom/src/Masterdom.Modules.Security/Application/Commands/CreateRoleCommand.cs(3,22): warning CS1591: Missing XML comment for publicly visible type or member 'CreateRoleCommand' [/Users/kady/Masterdom/src/Masterdom.Modules.Security/Masterdom.Modules.Security.csproj]
/Users/kady/Masterdom/src/Masterdom.Modules.Security/Application/Commands/CreateRoleCommand.cs(3,22): warning CS1591: Missing XML comment for publicly visible type or member 'CreateRoleCommand.CreateRoleCommand(string, string)' [/Users/kady/Masterdom/src/Masterdom.Modules.Security/Masterdom.Modules.Security.csproj]
/Users/kady/Masterdom/src/Masterdom.Modules.Security/Application/Commands/CreateRoleCommand.cs(4,12): warning CS1591: Missing XML comment for publicly visible type or member 'CreateRoleCommand.RoleCode' [/Users/kady/Masterdom/src/Masterdom.Modules.Security/Masterdom.Modules.Security.csproj]
/Users/kady/Masterdom/src/Masterdom.Modules.Security/Application/Commands/CreateRoleCommand.cs(5,12): warning CS1591: Missing XML comment for publicly visible type or member 'CreateRoleCommand.RoleName' [/Users/kady/Masterdom/src/Masterdom.Modules.Security/Masterdom.Modules.Security.csproj]
/Users/kady/Masterdom/src/Masterdom.Modules.Security/Application/Handlers/Commands/CreateRoleCommandHandler.cs(9,21): warning CS1591: Missing XML comment for publicly visible type or member 'CreateRoleCommandHandler' [/Users/kady/Masterdom/src/Masterdom.Modules.Security/Masterdom.Modules.Security.csproj]
/Users/kady/Masterdom/src/Masterdom.Modules.Security/Application/Handlers/Commands/CreateRoleCommandHandler.cs(16,12): warning CS1591: Missing XML comment for publicly visible type or member 'CreateRoleCommandHandler.CreateRoleCommandHandler(IIdentityAdministrationService, IPropertyCapabilityAuthorizationService)' [/Users/kady/Masterdom/src/Masterdom.Modules.Security/Masterdom.Modules.Security.csproj]
/Users/kady/Masterdom/src/Masterdom.Modules.Security/Application/Handlers/Commands/CreateRoleCommandHandler.cs(26,43): warning CS1591: Missing XML comment for publicly visible type or member 'CreateRoleCommandHandler.Handle(CreateRoleCommand)' [/Users/kady/Masterdom/src/Masterdom.Modules.Security/Masterdom.Modules.Security.csproj]
/Users/kady/Masterdom/src/Masterdom.Modules.Security/Application/Handlers/Queries/GetRoleByCodeQueryHandler.cs(9,21): warning CS1591: Missing XML comment for publicly visible type or member 'GetRoleByCodeQueryHandler' [/Users/kady/Masterdom/src/Masterdom.Modules.Security/Masterdom.Modules.Security.csproj]
/Users/kady/Masterdom/src/Masterdom.Modules.Security/Application/Handlers/Queries/GetRoleByCodeQueryHandler.cs(16,12): warning CS1591: Missing XML comment for publicly visible type or member 'GetRoleByCodeQueryHandler.GetRoleByCodeQueryHandler(IIdentityAdministrationService, IPropertyCapabilityAuthorizationService)' [/Users/kady/Masterdom/src/Masterdom.Modules.Security/Masterdom.Modules.Security.csproj]
/Users/kady/Masterdom/src/Masterdom.Modules.Security/Application/Handlers/Queries/GetRoleByCodeQueryHandler.cs(26,43): warning CS1591: Missing XML comment for publicly visible type or member 'GetRoleByCodeQueryHandler.Handle(GetRoleByCodeQuery)' [/Users/kady/Masterdom/src/Masterdom.Modules.Security/Masterdom.Modules.Security.csproj]
/Users/kady/Masterdom/src/Masterdom.Modules.Security/Application/Queries/GetRoleByCodeQuery.cs(3,22): warning CS1591: Missing XML comment for publicly visible type or member 'GetRoleByCodeQuery' [/Users/kady/Masterdom/src/Masterdom.Modules.Security/Masterdom.Modules.Security.csproj]
/Users/kady/Masterdom/src/Masterdom.Modules.Security/Application/Queries/GetRoleByCodeQuery.cs(3,22): warning CS1591: Missing XML comment for publicly visible type or member 'GetRoleByCodeQuery.GetRoleByCodeQuery(string)' [/Users/kady/Masterdom/src/Masterdom.Modules.Security/Masterdom.Modules.Security.csproj]
/Users/kady/Masterdom/src/Masterdom.Modules.Security/Application/Queries/GetRoleByCodeQuery.cs(3,48): warning CS1591: Missing XML comment for publicly visible type or member 'GetRoleByCodeQuery.RoleCode' [/Users/kady/Masterdom/src/Masterdom.Modules.Security/Masterdom.Modules.Security.csproj]
/Users/kady/Masterdom/src/Masterdom.Modules.Security/Application/Services/IdentityAdministrationService.cs(9,21): warning CS1591: Missing XML comment for publicly visible type or member 'IdentityAdministrationService' [/Users/kady/Masterdom/src/Masterdom.Modules.Security/Masterdom.Modules.Security.csproj]
/Users/kady/Masterdom/src/Masterdom.Modules.Security/Application/Services/IdentityAdministrationService.cs(14,12): warning CS1591: Missing XML comment for publicly visible type or member 'IdentityAdministrationService.IdentityAdministrationService(IRoleRepository, IIdentityAdministrationUnitOfWork)' [/Users/kady/Masterdom/src/Masterdom.Modules.Security/Masterdom.Modules.Security.csproj]
/Users/kady/Masterdom/src/Masterdom.Modules.Security/Application/Services/IdentityAdministrationService.cs(22,26): warning CS1591: Missing XML comment for publicly visible type or member 'IdentityAdministrationService.CreateRole(CreateRoleCommand)' [/Users/kady/Masterdom/src/Masterdom.Modules.Security/Masterdom.Modules.Security.csproj]
/Users/kady/Masterdom/src/Masterdom.Modules.Security/Application/Services/IdentityAdministrationService.cs(45,27): warning CS1591: Missing XML comment for publicly visible type or member 'IdentityAdministrationService.GetRoleByCode(string)' [/Users/kady/Masterdom/src/Masterdom.Modules.Security/Masterdom.Modules.Security.csproj]
/Users/kady/Masterdom/src/Masterdom.Modules.Security/Application/Services/IIdentityAdministrationService.cs(6,18): warning CS1591: Missing XML comment for publicly visible type or member 'IIdentityAdministrationService' [/Users/kady/Masterdom/src/Masterdom.Modules.Security/Masterdom.Modules.Security.csproj]
/Users/kady/Masterdom/src/Masterdom.Modules.Security/Application/Services/IIdentityAdministrationService.cs(8,19): warning CS1591: Missing XML comment for publicly visible type or member 'IIdentityAdministrationService.CreateRole(CreateRoleCommand)' [/Users/kady/Masterdom/src/Masterdom.Modules.Security/Masterdom.Modules.Security.csproj]
/Users/kady/Masterdom/src/Masterdom.Modules.Security/Application/Services/IIdentityAdministrationService.cs(10,20): warning CS1591: Missing XML comment for publicly visible type or member 'IIdentityAdministrationService.GetRoleByCode(string)' [/Users/kady/Masterdom/src/Masterdom.Modules.Security/Masterdom.Modules.Security.csproj]
/Users/kady/Masterdom/src/Masterdom.Modules.Security/Application/Support/ExecutionResult.cs(3,14): warning CS1591: Missing XML comment for publicly visible type or member 'ExecutionResult' [/Users/kady/Masterdom/src/Masterdom.Modules.Security/Masterdom.Modules.Security.csproj]
/Users/kady/Masterdom/src/Masterdom.Modules.Security/Application/Support/ExecutionResult.cs(5,15): warning CS1591: Missing XML comment for publicly visible type or member 'ExecutionResult.ExecutionResult(bool, string?, string?)' [/Users/kady/Masterdom/src/Masterdom.Modules.Security/Masterdom.Modules.Security.csproj]
/Users/kady/Masterdom/src/Masterdom.Modules.Security/Application/Support/ExecutionResult.cs(12,17): warning CS1591: Missing XML comment for publicly visible type or member 'ExecutionResult.IsSuccess' [/Users/kady/Masterdom/src/Masterdom.Modules.Security/Masterdom.Modules.Security.csproj]
/Users/kady/Masterdom/src/Masterdom.Modules.Security/Application/Support/ExecutionResult.cs(14,20): warning CS1591: Missing XML comment for publicly visible type or member 'ExecutionResult.ErrorCode' [/Users/kady/Masterdom/src/Masterdom.Modules.Security/Masterdom.Modules.Security.csproj]
/Users/kady/Masterdom/src/Masterdom.Modules.Security/Application/Support/ExecutionResult.cs(16,20): warning CS1591: Missing XML comment for publicly visible type or member 'ExecutionResult.ErrorMessage' [/Users/kady/Masterdom/src/Masterdom.Modules.Security/Masterdom.Modules.Security.csproj]
/Users/kady/Masterdom/src/Masterdom.Modules.Security/Application/Support/ExecutionResult.cs(18,35): warning CS1591: Missing XML comment for publicly visible type or member 'ExecutionResult.Success()' [/Users/kady/Masterdom/src/Masterdom.Modules.Security/Masterdom.Modules.Security.csproj]
/Users/kady/Masterdom/src/Masterdom.Modules.Security/Application/Support/ExecutionResult.cs(23,35): warning CS1591: Missing XML comment for publicly visible type or member 'ExecutionResult.Failure(string, string)' [/Users/kady/Masterdom/src/Masterdom.Modules.Security/Masterdom.Modules.Security.csproj]
/Users/kady/Masterdom/src/Masterdom.Modules.Security/Application/Support/ExecutionResult.cs(32,21): warning CS1591: Missing XML comment for publicly visible type or member 'ExecutionResult<T>' [/Users/kady/Masterdom/src/Masterdom.Modules.Security/Masterdom.Modules.Security.csproj]
/Users/kady/Masterdom/src/Masterdom.Modules.Security/Application/Support/ExecutionResult.cs(40,15): warning CS1591: Missing XML comment for publicly visible type or member 'ExecutionResult<T>.Value' [/Users/kady/Masterdom/src/Masterdom.Modules.Security/Masterdom.Modules.Security.csproj]
/Users/kady/Masterdom/src/Masterdom.Modules.Security/Application/Support/ExecutionResult.cs(42,38): warning CS1591: Missing XML comment for publicly visible type or member 'ExecutionResult<T>.Success(T)' [/Users/kady/Masterdom/src/Masterdom.Modules.Security/Masterdom.Modules.Security.csproj]
/Users/kady/Masterdom/src/Masterdom.Modules.Security/Application/Support/ExecutionResult.cs(49,38): warning CS1591: Missing XML comment for publicly visible type or member 'ExecutionResult<T>.Failure(string, string)' [/Users/kady/Masterdom/src/Masterdom.Modules.Security/Masterdom.Modules.Security.csproj]
/Users/kady/Masterdom/src/Masterdom.Modules.Security/Application/Support/ICommandHandler.cs(3,18): warning CS1591: Missing XML comment for publicly visible type or member 'ICommandHandler<TCommand, TResult>' [/Users/kady/Masterdom/src/Masterdom.Modules.Security/Masterdom.Modules.Security.csproj]
/Users/kady/Masterdom/src/Masterdom.Modules.Security/Application/Support/ICommandHandler.cs(5,13): warning CS1591: Missing XML comment for publicly visible type or member 'ICommandHandler<TCommand, TResult>.Handle(TCommand)' [/Users/kady/Masterdom/src/Masterdom.Modules.Security/Masterdom.Modules.Security.csproj]
/Users/kady/Masterdom/src/Masterdom.Modules.Security/Application/Support/IIdentityAdministrationUnitOfWork.cs(3,18): warning CS1591: Missing XML comment for publicly visible type or member 'IIdentityAdministrationUnitOfWork' [/Users/kady/Masterdom/src/Masterdom.Modules.Security/Masterdom.Modules.Security.csproj]
/Users/kady/Masterdom/src/Masterdom.Modules.Security/Application/Support/IIdentityAdministrationUnitOfWork.cs(5,10): warning CS1591: Missing XML comment for publicly visible type or member 'IIdentityAdministrationUnitOfWork.Execute(Action)' [/Users/kady/Masterdom/src/Masterdom.Modules.Security/Masterdom.Modules.Security.csproj]
/Users/kady/Masterdom/src/Masterdom.Modules.Security/Application/Support/IQueryHandler.cs(3,18): warning CS1591: Missing XML comment for publicly visible type or member 'IQueryHandler<TQuery, TResult>' [/Users/kady/Masterdom/src/Masterdom.Modules.Security/Masterdom.Modules.Security.csproj]
/Users/kady/Masterdom/src/Masterdom.Modules.Security/Application/Support/IQueryHandler.cs(5,13): warning CS1591: Missing XML comment for publicly visible type or member 'IQueryHandler<TQuery, TResult>.Handle(TQuery)' [/Users/kady/Masterdom/src/Masterdom.Modules.Security/Masterdom.Modules.Security.csproj]
/Users/kady/Masterdom/src/Masterdom.Modules.Security/Domain/Repositories/IRoleRepository.cs(5,18): warning CS1591: Missing XML comment for publicly visible type or member 'IRoleRepository' [/Users/kady/Masterdom/src/Masterdom.Modules.Security/Masterdom.Modules.Security.csproj]
/Users/kady/Masterdom/src/Masterdom.Modules.Security/Domain/Repositories/IRoleRepository.cs(7,10): warning CS1591: Missing XML comment for publicly visible type or member 'IRoleRepository.Add(Role)' [/Users/kady/Masterdom/src/Masterdom.Modules.Security/Masterdom.Modules.Security.csproj]
/Users/kady/Masterdom/src/Masterdom.Modules.Security/Domain/Repositories/IRoleRepository.cs(9,11): warning CS1591: Missing XML comment for publicly visible type or member 'IRoleRepository.GetByCode(RoleCode)' [/Users/kady/Masterdom/src/Masterdom.Modules.Security/Masterdom.Modules.Security.csproj]
/Users/kady/Masterdom/src/Masterdom.Modules.Security/Infrastructure/IdentityAdministrationUnitOfWork.cs(6,21): warning CS1591: Missing XML comment for publicly visible type or member 'IdentityAdministrationUnitOfWork' [/Users/kady/Masterdom/src/Masterdom.Modules.Security/Masterdom.Modules.Security.csproj]
/Users/kady/Masterdom/src/Masterdom.Modules.Security/Infrastructure/IdentityAdministrationUnitOfWork.cs(10,12): warning CS1591: Missing XML comment for publicly visible type or member 'IdentityAdministrationUnitOfWork.IdentityAdministrationUnitOfWork(MasterdomDbContext)' [/Users/kady/Masterdom/src/Masterdom.Modules.Security/Masterdom.Modules.Security.csproj]
/Users/kady/Masterdom/src/Masterdom.Modules.Security/Infrastructure/IdentityAdministrationUnitOfWork.cs(15,17): warning CS1591: Missing XML comment for publicly visible type or member 'IdentityAdministrationUnitOfWork.Execute(Action)' [/Users/kady/Masterdom/src/Masterdom.Modules.Security/Masterdom.Modules.Security.csproj]
/Users/kady/Masterdom/src/Masterdom.Modules.Security/Infrastructure/RoleRepository.cs(7,21): warning CS1591: Missing XML comment for publicly visible type or member 'RoleRepository' [/Users/kady/Masterdom/src/Masterdom.Modules.Security/Masterdom.Modules.Security.csproj]
/Users/kady/Masterdom/src/Masterdom.Modules.Security/Infrastructure/RoleRepository.cs(11,12): warning CS1591: Missing XML comment for publicly visible type or member 'RoleRepository.RoleRepository(MasterdomDbContext)' [/Users/kady/Masterdom/src/Masterdom.Modules.Security/Masterdom.Modules.Security.csproj]
/Users/kady/Masterdom/src/Masterdom.Modules.Security/Infrastructure/RoleRepository.cs(16,17): warning CS1591: Missing XML comment for publicly visible type or member 'RoleRepository.Add(Role)' [/Users/kady/Masterdom/src/Masterdom.Modules.Security/Masterdom.Modules.Security.csproj]
/Users/kady/Masterdom/src/Masterdom.Modules.Security/Infrastructure/RoleRepository.cs(22,18): warning CS1591: Missing XML comment for publicly visible type or member 'RoleRepository.GetByCode(RoleCode)' [/Users/kady/Masterdom/src/Masterdom.Modules.Security/Masterdom.Modules.Security.csproj]
/Users/kady/Masterdom/src/Masterdom.Modules.Security/SecurityModuleServiceCollectionExtensions.cs(19,21): warning CS1591: Missing XML comment for publicly visible type or member 'SecurityModuleServiceCollectionExtensions' [/Users/kady/Masterdom/src/Masterdom.Modules.Security/Masterdom.Modules.Security.csproj]
/Users/kady/Masterdom/src/Masterdom.Modules.Security/SecurityModuleServiceCollectionExtensions.cs(21,38): warning CS1591: Missing XML comment for publicly visible type or member 'SecurityModuleServiceCollectionExtensions.AddSecurityModule(IServiceCollection, IConfiguration)' [/Users/kady/Masterdom/src/Masterdom.Modules.Security/Masterdom.Modules.Security.csproj]
  Masterdom.Platform.Tests -> /Users/kady/Masterdom/tests/Masterdom.Platform.Tests/bin/Debug/net10.0/Masterdom.Platform.Tests.dll
  Masterdom.Modules.Security -> /Users/kady/Masterdom/src/Masterdom.Modules.Security/bin/Debug/net10.0/Masterdom.Modules.Security.dll
/Users/kady/Masterdom/tests/Masterdom.Core.Tests/FinancialLedger/Posting/PreparedJournalPersistenceServiceTests.cs(100,9): warning xUnit2013: Do not use Assert.Equal() to check for collection size. Use Assert.Single instead. (https://xunit.net/xunit.analyzers/rules/xUnit2013) [/Users/kady/Masterdom/tests/Masterdom.Core.Tests/Masterdom.Core.Tests.csproj]
/Users/kady/Masterdom/tests/Masterdom.Core.Tests/Lease/LeaseDomainTests.cs(39,9): warning xUnit2031: Do not use a Where clause to filter before calling Assert.Single. Use the overload of Assert.Single that accepts a filtering function. (https://xunit.net/xunit.analyzers/rules/xUnit2031) [/Users/kady/Masterdom/tests/Masterdom.Core.Tests/Masterdom.Core.Tests.csproj]
/Users/kady/Masterdom/tests/Masterdom.Core.Tests/Lease/LeaseDomainTests.cs(58,9): warning xUnit2031: Do not use a Where clause to filter before calling Assert.Single. Use the overload of Assert.Single that accepts a filtering function. (https://xunit.net/xunit.analyzers/rules/xUnit2031) [/Users/kady/Masterdom/tests/Masterdom.Core.Tests/Masterdom.Core.Tests.csproj]
/Users/kady/Masterdom/tests/Masterdom.Core.Tests/PolicyFramework/PolicyFrameworkDomainTests.cs(35,9): warning xUnit2031: Do not use a Where clause to filter before calling Assert.Single. Use the overload of Assert.Single that accepts a filtering function. (https://xunit.net/xunit.analyzers/rules/xUnit2031) [/Users/kady/Masterdom/tests/Masterdom.Core.Tests/Masterdom.Core.Tests.csproj]
  Masterdom.Core.Tests -> /Users/kady/Masterdom/tests/Masterdom.Core.Tests/bin/Debug/net10.0/Masterdom.Core.Tests.dll
/Users/kady/Masterdom/tests/Masterdom.Architecture.Tests/BillingModuleArchitectureTests.cs(76,28): warning CS8602: Dereference of a possibly null reference. [/Users/kady/Masterdom/tests/Masterdom.Architecture.Tests/Masterdom.Architecture.Tests.csproj]
/Users/kady/Masterdom/tests/Masterdom.Architecture.Tests/PersonApplicationArchitectureTests.cs(17,28): warning CS8602: Dereference of a possibly null reference. [/Users/kady/Masterdom/tests/Masterdom.Architecture.Tests/Masterdom.Architecture.Tests.csproj]
/Users/kady/Masterdom/tests/Masterdom.Architecture.Tests/PropertyApplicationArchitectureTests.cs(28,28): warning CS8602: Dereference of a possibly null reference. [/Users/kady/Masterdom/tests/Masterdom.Architecture.Tests/Masterdom.Architecture.Tests.csproj]
/Users/kady/Masterdom/tests/Masterdom.Architecture.Tests/PropertyApplicationArchitectureTests.cs(67,28): warning CS8602: Dereference of a possibly null reference. [/Users/kady/Masterdom/tests/Masterdom.Architecture.Tests/Masterdom.Architecture.Tests.csproj]
  Masterdom.Architecture.Tests -> /Users/kady/Masterdom/tests/Masterdom.Architecture.Tests/bin/Debug/net10.0/Masterdom.Architecture.Tests.dll
  Masterdom.Platform.BusinessIntegration.Tests -> /Users/kady/Masterdom/tests/Masterdom.Platform.BusinessIntegration.Tests/bin/Debug/net10.0/Masterdom.Platform.BusinessIntegration.Tests.dll
/Users/kady/Masterdom/src/Masterdom.Host/Api/PolicyFrameworkEndpoints.cs(37,75): warning CS8604: Possible null reference argument for parameter 'scopeKey' in 'PolicyScope PolicyScope.Create(PolicyScopeKind kind, string scopeKey)'. [/Users/kady/Masterdom/src/Masterdom.Host/Masterdom.Host.csproj]
/Users/kady/Masterdom/src/Masterdom.Host/Api/PolicyFrameworkEndpoints.cs(112,75): warning CS8604: Possible null reference argument for parameter 'scopeKey' in 'PolicyScope PolicyScope.Create(PolicyScopeKind kind, string scopeKey)'. [/Users/kady/Masterdom/src/Masterdom.Host/Masterdom.Host.csproj]
/Users/kady/Masterdom/src/Masterdom.Host/Api/PolicyFrameworkEndpoints.cs(145,67): warning CS8604: Possible null reference argument for parameter 'scopeKey' in 'PolicyScope PolicyScope.Create(PolicyScopeKind kind, string scopeKey)'. [/Users/kady/Masterdom/src/Masterdom.Host/Masterdom.Host.csproj]
  Masterdom.Host -> /Users/kady/Masterdom/src/Masterdom.Host/bin/Debug/net10.0/Masterdom.Host.dll
  Masterdom.Platform.Infrastructure.Tests -> /Users/kady/Masterdom/tests/Masterdom.Platform.Infrastructure.Tests/bin/Debug/net10.0/Masterdom.Platform.Infrastructure.Tests.dll

Build succeeded.

/Users/kady/Masterdom/src/Masterdom.Core/Common/Entities/AggregateRoot.cs(6,23): warning CS1591: Missing XML comment for publicly visible type or member 'AggregateRoot' [/Users/kady/Masterdom/src/Masterdom.Core/Masterdom.Core.csproj]
/Users/kady/Masterdom/src/Masterdom.Core/Common/Entities/AggregateRoot.cs(12,15): warning CS1591: Missing XML comment for publicly visible type or member 'AggregateRoot.AggregateRoot()' [/Users/kady/Masterdom/src/Masterdom.Core/Masterdom.Core.csproj]
/Users/kady/Masterdom/src/Masterdom.Core/Common/Entities/AggregateRoot.cs(16,15): warning CS1591: Missing XML comment for publicly visible type or member 'AggregateRoot.AggregateRoot(Guid)' [/Users/kady/Masterdom/src/Masterdom.Core/Masterdom.Core.csproj]
/Users/kady/Masterdom/src/Masterdom.Core/Common/Entities/AggregateRoot.cs(21,46): warning CS1591: Missing XML comment for publicly visible type or member 'AggregateRoot.DomainEvents' [/Users/kady/Masterdom/src/Masterdom.Core/Masterdom.Core.csproj]
/Users/kady/Masterdom/src/Masterdom.Core/Common/Entities/AggregateRoot.cs(24,20): warning CS1591: Missing XML comment for publicly visible type or member 'AggregateRoot.Raise(IDomainEvent)' [/Users/kady/Masterdom/src/Masterdom.Core/Masterdom.Core.csproj]
/Users/kady/Masterdom/src/Masterdom.Core/Common/Entities/AggregateRoot.cs(31,17): warning CS1591: Missing XML comment for publicly visible type or member 'AggregateRoot.ClearDomainEvents()' [/Users/kady/Masterdom/src/Masterdom.Core/Masterdom.Core.csproj]
/Users/kady/Masterdom/src/Masterdom.Core/Common/Entities/AuditableAggregateRoot.cs(3,23): warning CS1591: Missing XML comment for publicly visible type or member 'AuditableAggregateRoot' [/Users/kady/Masterdom/src/Masterdom.Core/Masterdom.Core.csproj]
/Users/kady/Masterdom/src/Masterdom.Core/Common/Entities/AuditableAggregateRoot.cs(5,21): warning CS1591: Missing XML comment for publicly visible type or member 'AuditableAggregateRoot.CreatedAtUtc' [/Users/kady/Masterdom/src/Masterdom.Core/Masterdom.Core.csproj]
/Users/kady/Masterdom/src/Masterdom.Core/Common/Entities/AuditableAggregateRoot.cs(7,22): warning CS1591: Missing XML comment for publicly visible type or member 'AuditableAggregateRoot.UpdatedAtUtc' [/Users/kady/Masterdom/src/Masterdom.Core/Masterdom.Core.csproj]
/Users/kady/Masterdom/src/Masterdom.Core/Common/Entities/AuditableAggregateRoot.cs(9,18): warning CS1591: Missing XML comment for publicly visible type or member 'AuditableAggregateRoot.CreatedBy' [/Users/kady/Masterdom/src/Masterdom.Core/Masterdom.Core.csproj]
/Users/kady/Masterdom/src/Masterdom.Core/Common/Entities/AuditableAggregateRoot.cs(11,18): warning CS1591: Missing XML comment for publicly visible type or member 'AuditableAggregateRoot.UpdatedBy' [/Users/kady/Masterdom/src/Masterdom.Core/Masterdom.Core.csproj]
/Users/kady/Masterdom/src/Masterdom.Core/Common/Entities/AuditableAggregateRoot.cs(13,15): warning CS1591: Missing XML comment for publicly visible type or member 'AuditableAggregateRoot.AuditableAggregateRoot()' [/Users/kady/Masterdom/src/Masterdom.Core/Masterdom.Core.csproj]
/Users/kady/Masterdom/src/Masterdom.Core/Common/Entities/AuditableAggregateRoot.cs(17,15): warning CS1591: Missing XML comment for publicly visible type or member 'AuditableAggregateRoot.AuditableAggregateRoot(Guid, DateTime, Guid?)' [/Users/kady/Masterdom/src/Masterdom.Core/Masterdom.Core.csproj]
/Users/kady/Masterdom/src/Masterdom.Core/Common/Entities/AuditableAggregateRoot.cs(27,20): warning CS1591: Missing XML comment for publicly visible type or member 'AuditableAggregateRoot.SetUpdated(DateTime, Guid?)' [/Users/kady/Masterdom/src/Masterdom.Core/Masterdom.Core.csproj]
/Users/kady/Masterdom/src/Masterdom.Core/Common/Entities/Entities.cs(3,23): warning CS1591: Missing XML comment for publicly visible type or member 'Entity' [/Users/kady/Masterdom/src/Masterdom.Core/Masterdom.Core.csproj]
/Users/kady/Masterdom/src/Masterdom.Core/Common/Entities/Entities.cs(5,17): warning CS1591: Missing XML comment for publicly visible type or member 'Entity.Id' [/Users/kady/Masterdom/src/Masterdom.Core/Masterdom.Core.csproj]
/Users/kady/Masterdom/src/Masterdom.Core/Common/Entities/Entities.cs(7,15): warning CS1591: Missing XML comment for publicly visible type or member 'Entity.Entity()' [/Users/kady/Masterdom/src/Masterdom.Core/Masterdom.Core.csproj]
/Users/kady/Masterdom/src/Masterdom.Core/Common/Entities/Entities.cs(11,15): warning CS1591: Missing XML comment for publicly visible type or member 'Entity.Entity(Guid)' [/Users/kady/Masterdom/src/Masterdom.Core/Masterdom.Core.csproj]
/Users/kady/Masterdom/src/Masterdom.Core/Common/Entities/Entities.cs(19,17): warning CS1591: Missing XML comment for publicly visible type or member 'Entity.IsTransient' [/Users/kady/Masterdom/src/Masterdom.Core/Masterdom.Core.csproj]
/Users/kady/Masterdom/src/Masterdom.Core/Common/Entities/Entities.cs(21,26): warning CS1591: Missing XML comment for publicly visible type or member 'Entity.Equals(object?)' [/Users/kady/Masterdom/src/Masterdom.Core/Masterdom.Core.csproj]
/Users/kady/Masterdom/src/Masterdom.Core/Common/Entities/Entities.cs(35,25): warning CS1591: Missing XML comment for publicly visible type or member 'Entity.GetHashCode()' [/Users/kady/Masterdom/src/Masterdom.Core/Masterdom.Core.csproj]
/Users/kady/Masterdom/src/Masterdom.Core/Common/Entities/Entities.cs(38,33): warning CS1591: Missing XML comment for publicly visible type or member 'Entity.operator ==(Entity?, Entity?)' [/Users/kady/Masterdom/src/Masterdom.Core/Masterdom.Core.csproj]
/Users/kady/Masterdom/src/Masterdom.Core/Common/Entities/Entities.cs(41,33): warning CS1591: Missing XML comment for publicly visible type or member 'Entity.operator !=(Entity?, Entity?)' [/Users/kady/Masterdom/src/Masterdom.Core/Masterdom.Core.csproj]
/Users/kady/Masterdom/src/Masterdom.Core/Common/Events/DomainEvent.cs(3,23): warning CS1591: Missing XML comment for publicly visible type or member 'DomainEvent' [/Users/kady/Masterdom/src/Masterdom.Core/Masterdom.Core.csproj]
/Users/kady/Masterdom/src/Masterdom.Core/Common/Events/DomainEvent.cs(5,21): warning CS1591: Missing XML comment for publicly visible type or member 'DomainEvent.OccurredOnUtc' [/Users/kady/Masterdom/src/Masterdom.Core/Masterdom.Core.csproj]
/Users/kady/Masterdom/src/Masterdom.Core/Common/Events/IDomainEvent.cs(3,18): warning CS1591: Missing XML comment for publicly visible type or member 'IDomainEvent' [/Users/kady/Masterdom/src/Masterdom.Core/Masterdom.Core.csproj]
/Users/kady/Masterdom/src/Masterdom.Core/Common/Events/IDomainEvent.cs(5,14): warning CS1591: Missing XML comment for publicly visible type or member 'IDomainEvent.OccurredOnUtc' [/Users/kady/Masterdom/src/Masterdom.Core/Masterdom.Core.csproj]
/Users/kady/Masterdom/src/Masterdom.Core/Common/Guard/Guard.cs(5,21): warning CS1591: Missing XML comment for publicly visible type or member 'Guard' [/Users/kady/Masterdom/src/Masterdom.Core/Masterdom.Core.csproj]
/Users/kady/Masterdom/src/Masterdom.Core/Common/Guard/Guard.cs(7,24): warning CS1591: Missing XML comment for publicly visible type or member 'Guard.AgainstNull(object?, string)' [/Users/kady/Masterdom/src/Masterdom.Core/Masterdom.Core.csproj]
/Users/kady/Masterdom/src/Masterdom.Core/Common/Guard/Guard.cs(15,24): warning CS1591: Missing XML comment for publicly visible type or member 'Guard.AgainstNullOrWhiteSpace(string?, string)' [/Users/kady/Masterdom/src/Masterdom.Core/Masterdom.Core.csproj]
/Users/kady/Masterdom/src/Masterdom.Core/Common/Guard/Guard.cs(23,24): warning CS1591: Missing XML comment for publicly visible type or member 'Guard.AgainstNegative(int, string)' [/Users/kady/Masterdom/src/Masterdom.Core/Masterdom.Core.csproj]
/Users/kady/Masterdom/src/Masterdom.Core/Common/Guard/Guard.cs(31,24): warning CS1591: Missing XML comment for publicly visible type or member 'Guard.AgainstFalse(bool, string)' [/Users/kady/Masterdom/src/Masterdom.Core/Masterdom.Core.csproj]
/Users/kady/Masterdom/src/Masterdom.Core/Common/Guard/Guard.cs(39,24): warning CS1591: Missing XML comment for publicly visible type or member 'Guard.AgainstTrue(bool, string)' [/Users/kady/Masterdom/src/Masterdom.Core/Masterdom.Core.csproj]
/Users/kady/Masterdom/src/Masterdom.Core/Common/Interfaces/IAuditable.cs(3,18): warning CS1591: Missing XML comment for publicly visible type or member 'IAuditable' [/Users/kady/Masterdom/src/Masterdom.Core/Masterdom.Core.csproj]
/Users/kady/Masterdom/src/Masterdom.Core/Common/Interfaces/IAuditable.cs(5,14): warning CS1591: Missing XML comment for publicly visible type or member 'IAuditable.CreatedAtUtc' [/Users/kady/Masterdom/src/Masterdom.Core/Masterdom.Core.csproj]
/Users/kady/Masterdom/src/Masterdom.Core/Common/Interfaces/IAuditable.cs(7,15): warning CS1591: Missing XML comment for publicly visible type or member 'IAuditable.UpdatedAtUtc' [/Users/kady/Masterdom/src/Masterdom.Core/Masterdom.Core.csproj]
/Users/kady/Masterdom/src/Masterdom.Core/Common/Interfaces/IAuditable.cs(9,11): warning CS1591: Missing XML comment for publicly visible type or member 'IAuditable.CreatedBy' [/Users/kady/Masterdom/src/Masterdom.Core/Masterdom.Core.csproj]
/Users/kady/Masterdom/src/Masterdom.Core/Common/Interfaces/IAuditable.cs(11,11): warning CS1591: Missing XML comment for publicly visible type or member 'IAuditable.UpdatedBy' [/Users/kady/Masterdom/src/Masterdom.Core/Masterdom.Core.csproj]
/Users/kady/Masterdom/src/Masterdom.Core/Common/Interfaces/IHasDomainEvents.cs(5,18): warning CS1591: Missing XML comment for publicly visible type or member 'IHasDomainEvents' [/Users/kady/Masterdom/src/Masterdom.Core/Masterdom.Core.csproj]
/Users/kady/Masterdom/src/Masterdom.Core/Common/Interfaces/IHasDomainEvents.cs(7,39): warning CS1591: Missing XML comment for publicly visible type or member 'IHasDomainEvents.DomainEvents' [/Users/kady/Masterdom/src/Masterdom.Core/Masterdom.Core.csproj]
/Users/kady/Masterdom/src/Masterdom.Core/Common/Interfaces/IHasDomainEvents.cs(9,10): warning CS1591: Missing XML comment for publicly visible type or member 'IHasDomainEvents.ClearDomainEvents()' [/Users/kady/Masterdom/src/Masterdom.Core/Masterdom.Core.csproj]
/Users/kady/Masterdom/src/Masterdom.Core/Common/Primitives/Result.cs(3,14): warning CS1591: Missing XML comment for publicly visible type or member 'Result' [/Users/kady/Masterdom/src/Masterdom.Core/Masterdom.Core.csproj]
/Users/kady/Masterdom/src/Masterdom.Core/Common/Primitives/Result.cs(5,17): warning CS1591: Missing XML comment for publicly visible type or member 'Result.IsSuccess' [/Users/kady/Masterdom/src/Masterdom.Core/Masterdom.Core.csproj]
/Users/kady/Masterdom/src/Masterdom.Core/Common/Primitives/Result.cs(7,17): warning CS1591: Missing XML comment for publicly visible type or member 'Result.IsFailure' [/Users/kady/Masterdom/src/Masterdom.Core/Masterdom.Core.csproj]
/Users/kady/Masterdom/src/Masterdom.Core/Common/Primitives/Result.cs(9,19): warning CS1591: Missing XML comment for publicly visible type or member 'Result.Error' [/Users/kady/Masterdom/src/Masterdom.Core/Masterdom.Core.csproj]
/Users/kady/Masterdom/src/Masterdom.Core/Common/Primitives/Result.cs(11,15): warning CS1591: Missing XML comment for publicly visible type or member 'Result.Result(bool, string)' [/Users/kady/Masterdom/src/Masterdom.Core/Masterdom.Core.csproj]
/Users/kady/Masterdom/src/Masterdom.Core/Common/Primitives/Result.cs(17,26): warning CS1591: Missing XML comment for publicly visible type or member 'Result.Success()' [/Users/kady/Masterdom/src/Masterdom.Core/Masterdom.Core.csproj]
/Users/kady/Masterdom/src/Masterdom.Core/Common/Primitives/Result.cs(20,26): warning CS1591: Missing XML comment for publicly visible type or member 'Result.Failure(string)' [/Users/kady/Masterdom/src/Masterdom.Core/Masterdom.Core.csproj]
/Users/kady/Masterdom/src/Masterdom.Core/Common/Primitives/Result.cs(24,21): warning CS1591: Missing XML comment for publicly visible type or member 'Result<T>' [/Users/kady/Masterdom/src/Masterdom.Core/Masterdom.Core.csproj]
/Users/kady/Masterdom/src/Masterdom.Core/Common/Primitives/Result.cs(26,14): warning CS1591: Missing XML comment for publicly visible type or member 'Result<T>.Value' [/Users/kady/Masterdom/src/Masterdom.Core/Masterdom.Core.csproj]
/Users/kady/Masterdom/src/Masterdom.Core/Common/Primitives/Result.cs(34,29): warning CS1591: Missing XML comment for publicly visible type or member 'Result<T>.Success(T)' [/Users/kady/Masterdom/src/Masterdom.Core/Masterdom.Core.csproj]
/Users/kady/Masterdom/src/Masterdom.Core/Common/Primitives/Result.cs(37,33): warning CS1591: Missing XML comment for publicly visible type or member 'Result<T>.Failure(string)' [/Users/kady/Masterdom/src/Masterdom.Core/Masterdom.Core.csproj]
/Users/kady/Masterdom/src/Masterdom.Core/Common/Primitives/ValueObject.cs(3,23): warning CS1591: Missing XML comment for publicly visible type or member 'ValueObject' [/Users/kady/Masterdom/src/Masterdom.Core/Masterdom.Core.csproj]
/Users/kady/Masterdom/src/Masterdom.Core/Common/Primitives/ValueObject.cs(5,45): warning CS1591: Missing XML comment for publicly visible type or member 'ValueObject.GetEqualityComponents()' [/Users/kady/Masterdom/src/Masterdom.Core/Masterdom.Core.csproj]
/Users/kady/Masterdom/src/Masterdom.Core/Common/Primitives/ValueObject.cs(7,26): warning CS1591: Missing XML comment for publicly visible type or member 'ValueObject.Equals(object?)' [/Users/kady/Masterdom/src/Masterdom.Core/Masterdom.Core.csproj]
/Users/kady/Masterdom/src/Masterdom.Core/Common/Primitives/ValueObject.cs(18,25): warning CS1591: Missing XML comment for publicly visible type or member 'ValueObject.GetHashCode()' [/Users/kady/Masterdom/src/Masterdom.Core/Masterdom.Core.csproj]
/Users/kady/Masterdom/src/Masterdom.Core/Common/Time/IClock.cs(3,18): warning CS1591: Missing XML comment for publicly visible type or member 'IClock' [/Users/kady/Masterdom/src/Masterdom.Core/Masterdom.Core.csproj]
/Users/kady/Masterdom/src/Masterdom.Core/Common/Time/IClock.cs(5,14): warning CS1591: Missing XML comment for publicly visible type or member 'IClock.UtcNow' [/Users/kady/Masterdom/src/Masterdom.Core/Masterdom.Core.csproj]
/Users/kady/Masterdom/src/Masterdom.Core/Common/Time/SystemClock.cs(3,21): warning CS1591: Missing XML comment for publicly visible type or member 'SystemClock' [/Users/kady/Masterdom/src/Masterdom.Core/Masterdom.Core.csproj]
/Users/kady/Masterdom/src/Masterdom.Core/Common/Time/SystemClock.cs(5,21): warning CS1591: Missing XML comment for publicly visible type or member 'SystemClock.UtcNow' [/Users/kady/Masterdom/src/Masterdom.Core/Masterdom.Core.csproj]
/Users/kady/Masterdom/src/Masterdom.Core/Common/Uuid/IUuidGenerator.cs(3,18): warning CS1591: Missing XML comment for publicly visible type or member 'IUuidGenerator' [/Users/kady/Masterdom/src/Masterdom.Core/Masterdom.Core.csproj]
/Users/kady/Masterdom/src/Masterdom.Core/Common/Uuid/IUuidGenerator.cs(5,10): warning CS1591: Missing XML comment for publicly visible type or member 'IUuidGenerator.New()' [/Users/kady/Masterdom/src/Masterdom.Core/Masterdom.Core.csproj]
/Users/kady/Masterdom/src/Masterdom.Core/Common/Uuid/Uuid7Generator.cs(3,21): warning CS1591: Missing XML comment for publicly visible type or member 'Uuid7Generator' [/Users/kady/Masterdom/src/Masterdom.Core/Masterdom.Core.csproj]
/Users/kady/Masterdom/src/Masterdom.Core/Common/Uuid/Uuid7Generator.cs(5,17): warning CS1591: Missing XML comment for publicly visible type or member 'Uuid7Generator.New()' [/Users/kady/Masterdom/src/Masterdom.Core/Masterdom.Core.csproj]
/Users/kady/Masterdom/src/Masterdom.Core/Exceptions/BusinessRuleException.cs(3,21): warning CS1591: Missing XML comment for publicly visible type or member 'BusinessRuleException' [/Users/kady/Masterdom/src/Masterdom.Core/Masterdom.Core.csproj]
/Users/kady/Masterdom/src/Masterdom.Core/Exceptions/BusinessRuleException.cs(5,12): warning CS1591: Missing XML comment for publicly visible type or member 'BusinessRuleException.BusinessRuleException(string)' [/Users/kady/Masterdom/src/Masterdom.Core/Masterdom.Core.csproj]
/Users/kady/Masterdom/src/Masterdom.Core/Exceptions/DomainException.cs(3,14): warning CS1591: Missing XML comment for publicly visible type or member 'DomainException' [/Users/kady/Masterdom/src/Masterdom.Core/Masterdom.Core.csproj]
/Users/kady/Masterdom/src/Masterdom.Core/Exceptions/DomainException.cs(5,12): warning CS1591: Missing XML comment for publicly visible type or member 'DomainException.DomainException(string)' [/Users/kady/Masterdom/src/Masterdom.Core/Masterdom.Core.csproj]
/Users/kady/Masterdom/src/Masterdom.Core/Errors/ErrorType.cs(8,5): warning CS1591: Missing XML comment for publicly visible type or member 'ErrorType.None' [/Users/kady/Masterdom/src/Masterdom.Core/Masterdom.Core.csproj]
/Users/kady/Masterdom/src/Masterdom.Core/Errors/ErrorType.cs(9,5): warning CS1591: Missing XML comment for publicly visible type or member 'ErrorType.Failure' [/Users/kady/Masterdom/src/Masterdom.Core/Masterdom.Core.csproj]
/Users/kady/Masterdom/src/Masterdom.Core/Errors/ErrorType.cs(10,5): warning CS1591: Missing XML comment for publicly visible type or member 'ErrorType.Validation' [/Users/kady/Masterdom/src/Masterdom.Core/Masterdom.Core.csproj]
/Users/kady/Masterdom/src/Masterdom.Core/Errors/ErrorType.cs(11,5): warning CS1591: Missing XML comment for publicly visible type or member 'ErrorType.Conflict' [/Users/kady/Masterdom/src/Masterdom.Core/Masterdom.Core.csproj]
/Users/kady/Masterdom/src/Masterdom.Core/Errors/ErrorType.cs(12,5): warning CS1591: Missing XML comment for publicly visible type or member 'ErrorType.NotFound' [/Users/kady/Masterdom/src/Masterdom.Core/Masterdom.Core.csproj]
/Users/kady/Masterdom/src/Masterdom.Core/Errors/ErrorType.cs(13,5): warning CS1591: Missing XML comment for publicly visible type or member 'ErrorType.Unauthorized' [/Users/kady/Masterdom/src/Masterdom.Core/Masterdom.Core.csproj]
/Users/kady/Masterdom/src/Masterdom.Core/Errors/ErrorType.cs(14,5): warning CS1591: Missing XML comment for publicly visible type or member 'ErrorType.Forbidden' [/Users/kady/Masterdom/src/Masterdom.Core/Masterdom.Core.csproj]
/Users/kady/Masterdom/src/Masterdom.Core/Errors/Result.cs(10,15): warning CS1591: Missing XML comment for publicly visible type or member 'Result.Result(bool, IReadOnlyCollection<Error>)' [/Users/kady/Masterdom/src/Masterdom.Core/Masterdom.Core.csproj]
/Users/kady/Masterdom/src/Masterdom.Core/Errors/Result.cs(22,17): warning CS1591: Missing XML comment for publicly visible type or member 'Result.IsSuccess' [/Users/kady/Masterdom/src/Masterdom.Core/Masterdom.Core.csproj]
/Users/kady/Masterdom/src/Masterdom.Core/Errors/Result.cs(24,17): warning CS1591: Missing XML comment for publicly visible type or member 'Result.IsFailure' [/Users/kady/Masterdom/src/Masterdom.Core/Masterdom.Core.csproj]
/Users/kady/Masterdom/src/Masterdom.Core/Errors/Result.cs(26,39): warning CS1591: Missing XML comment for publicly visible type or member 'Result.Errors' [/Users/kady/Masterdom/src/Masterdom.Core/Masterdom.Core.csproj]
/Users/kady/Masterdom/src/Masterdom.Core/Errors/Result.cs(28,26): warning CS1591: Missing XML comment for publicly visible type or member 'Result.Success()' [/Users/kady/Masterdom/src/Masterdom.Core/Masterdom.Core.csproj]
/Users/kady/Masterdom/src/Masterdom.Core/Errors/Result.cs(31,26): warning CS1591: Missing XML comment for publicly visible type or member 'Result.Failure(Error)' [/Users/kady/Masterdom/src/Masterdom.Core/Masterdom.Core.csproj]
/Users/kady/Masterdom/src/Masterdom.Core/Errors/Result.cs(34,26): warning CS1591: Missing XML comment for publicly visible type or member 'Result.Failure(IEnumerable<Error>)' [/Users/kady/Masterdom/src/Masterdom.Core/Masterdom.Core.csproj]
/Users/kady/Masterdom/src/Masterdom.Core/Errors/ResultOfT.cs(17,15): warning CS1591: Missing XML comment for publicly visible type or member 'Result<T>.Value' [/Users/kady/Masterdom/src/Masterdom.Core/Masterdom.Core.csproj]
/Users/kady/Masterdom/src/Masterdom.Core/Errors/ResultOfT.cs(19,29): warning CS1591: Missing XML comment for publicly visible type or member 'Result<T>.Success(T)' [/Users/kady/Masterdom/src/Masterdom.Core/Masterdom.Core.csproj]
/Users/kady/Masterdom/src/Masterdom.Core/Errors/ResultOfT.cs(22,33): warning CS1591: Missing XML comment for publicly visible type or member 'Result<T>.Failure(Error)' [/Users/kady/Masterdom/src/Masterdom.Core/Masterdom.Core.csproj]
/Users/kady/Masterdom/src/Masterdom.Core/Errors/ResultOfT.cs(25,33): warning CS1591: Missing XML comment for publicly visible type or member 'Result<T>.Failure(IEnumerable<Error>)' [/Users/kady/Masterdom/src/Masterdom.Core/Masterdom.Core.csproj]
/Users/kady/Masterdom/src/Masterdom.Core/Financial/ValueObjects/AccountingPeriod.cs(5,21): warning CS1591: Missing XML comment for publicly visible type or member 'AccountingPeriod' [/Users/kady/Masterdom/src/Masterdom.Core/Masterdom.Core.csproj]
/Users/kady/Masterdom/src/Masterdom.Core/Financial/ValueObjects/AccountingPeriod.cs(7,21): warning CS1591: Missing XML comment for publicly visible type or member 'AccountingPeriod.StartDate' [/Users/kady/Masterdom/src/Masterdom.Core/Masterdom.Core.csproj]
/Users/kady/Masterdom/src/Masterdom.Core/Financial/ValueObjects/AccountingPeriod.cs(9,21): warning CS1591: Missing XML comment for publicly visible type or member 'AccountingPeriod.EndDate' [/Users/kady/Masterdom/src/Masterdom.Core/Masterdom.Core.csproj]
/Users/kady/Masterdom/src/Masterdom.Core/Financial/ValueObjects/AccountingPeriod.cs(17,36): warning CS1591: Missing XML comment for publicly visible type or member 'AccountingPeriod.Create(DateOnly, DateOnly)' [/Users/kady/Masterdom/src/Masterdom.Core/Masterdom.Core.csproj]
/Users/kady/Masterdom/src/Masterdom.Core/Financial/ValueObjects/AccountingPeriod.cs(25,45): warning CS1591: Missing XML comment for publicly visible type or member 'AccountingPeriod.GetEqualityComponents()' [/Users/kady/Masterdom/src/Masterdom.Core/Masterdom.Core.csproj]
/Users/kady/Masterdom/src/Masterdom.Core/Financial/ValueObjects/Currency.cs(5,21): warning CS1591: Missing XML comment for publicly visible type or member 'Currency' [/Users/kady/Masterdom/src/Masterdom.Core/Masterdom.Core.csproj]
/Users/kady/Masterdom/src/Masterdom.Core/Financial/ValueObjects/Currency.cs(7,19): warning CS1591: Missing XML comment for publicly visible type or member 'Currency.Code' [/Users/kady/Masterdom/src/Masterdom.Core/Masterdom.Core.csproj]
/Users/kady/Masterdom/src/Masterdom.Core/Financial/ValueObjects/Currency.cs(9,20): warning CS1591: Missing XML comment for publicly visible type or member 'Currency.Symbol' [/Users/kady/Masterdom/src/Masterdom.Core/Masterdom.Core.csproj]
/Users/kady/Masterdom/src/Masterdom.Core/Financial/ValueObjects/Currency.cs(17,28): warning CS1591: Missing XML comment for publicly visible type or member 'Currency.Create(string, string?)' [/Users/kady/Masterdom/src/Masterdom.Core/Masterdom.Core.csproj]
/Users/kady/Masterdom/src/Masterdom.Core/Financial/ValueObjects/Currency.cs(34,45): warning CS1591: Missing XML comment for publicly visible type or member 'Currency.GetEqualityComponents()' [/Users/kady/Masterdom/src/Masterdom.Core/Masterdom.Core.csproj]
/Users/kady/Masterdom/src/Masterdom.Core/Financial/ValueObjects/FinancialPeriod.cs(5,21): warning CS1591: Missing XML comment for publicly visible type or member 'FinancialPeriod' [/Users/kady/Masterdom/src/Masterdom.Core/Masterdom.Core.csproj]
/Users/kady/Masterdom/src/Masterdom.Core/Financial/ValueObjects/FinancialPeriod.cs(7,21): warning CS1591: Missing XML comment for publicly visible type or member 'FinancialPeriod.StartDate' [/Users/kady/Masterdom/src/Masterdom.Core/Masterdom.Core.csproj]
/Users/kady/Masterdom/src/Masterdom.Core/Financial/ValueObjects/FinancialPeriod.cs(9,21): warning CS1591: Missing XML comment for publicly visible type or member 'FinancialPeriod.EndDate' [/Users/kady/Masterdom/src/Masterdom.Core/Masterdom.Core.csproj]
/Users/kady/Masterdom/src/Masterdom.Core/Financial/ValueObjects/FinancialPeriod.cs(17,35): warning CS1591: Missing XML comment for publicly visible type or member 'FinancialPeriod.Create(DateOnly, DateOnly)' [/Users/kady/Masterdom/src/Masterdom.Core/Masterdom.Core.csproj]
/Users/kady/Masterdom/src/Masterdom.Core/Financial/ValueObjects/FinancialPeriod.cs(25,45): warning CS1591: Missing XML comment for publicly visible type or member 'FinancialPeriod.GetEqualityComponents()' [/Users/kady/Masterdom/src/Masterdom.Core/Masterdom.Core.csproj]
/Users/kady/Masterdom/src/Masterdom.Core/Financial/ValueObjects/FinancialReference.cs(5,21): warning CS1591: Missing XML comment for publicly visible type or member 'FinancialReference' [/Users/kady/Masterdom/src/Masterdom.Core/Masterdom.Core.csproj]
/Users/kady/Masterdom/src/Masterdom.Core/Financial/ValueObjects/FinancialReference.cs(7,19): warning CS1591: Missing XML comment for publicly visible type or member 'FinancialReference.ReferenceType' [/Users/kady/Masterdom/src/Masterdom.Core/Masterdom.Core.csproj]
/Users/kady/Masterdom/src/Masterdom.Core/Financial/ValueObjects/FinancialReference.cs(9,19): warning CS1591: Missing XML comment for publicly visible type or member 'FinancialReference.ReferenceValue' [/Users/kady/Masterdom/src/Masterdom.Core/Masterdom.Core.csproj]
/Users/kady/Masterdom/src/Masterdom.Core/Financial/ValueObjects/FinancialReference.cs(17,38): warning CS1591: Missing XML comment for publicly visible type or member 'FinancialReference.Create(string, string)' [/Users/kady/Masterdom/src/Masterdom.Core/Masterdom.Core.csproj]
/Users/kady/Masterdom/src/Masterdom.Core/Financial/ValueObjects/FinancialReference.cs(28,45): warning CS1591: Missing XML comment for publicly visible type or member 'FinancialReference.GetEqualityComponents()' [/Users/kady/Masterdom/src/Masterdom.Core/Masterdom.Core.csproj]
/Users/kady/Masterdom/src/Masterdom.Core/Financial/ValueObjects/LedgerReference.cs(5,21): warning CS1591: Missing XML comment for publicly visible type or member 'LedgerReference' [/Users/kady/Masterdom/src/Masterdom.Core/Masterdom.Core.csproj]
/Users/kady/Masterdom/src/Masterdom.Core/Financial/ValueObjects/LedgerReference.cs(7,19): warning CS1591: Missing XML comment for publicly visible type or member 'LedgerReference.LedgerId' [/Users/kady/Masterdom/src/Masterdom.Core/Masterdom.Core.csproj]
/Users/kady/Masterdom/src/Masterdom.Core/Financial/ValueObjects/LedgerReference.cs(9,19): warning CS1591: Missing XML comment for publicly visible type or member 'LedgerReference.EntryId' [/Users/kady/Masterdom/src/Masterdom.Core/Masterdom.Core.csproj]
/Users/kady/Masterdom/src/Masterdom.Core/Financial/ValueObjects/LedgerReference.cs(17,35): warning CS1591: Missing XML comment for publicly visible type or member 'LedgerReference.Create(string, string)' [/Users/kady/Masterdom/src/Masterdom.Core/Masterdom.Core.csproj]
/Users/kady/Masterdom/src/Masterdom.Core/Financial/ValueObjects/LedgerReference.cs(28,45): warning CS1591: Missing XML comment for publicly visible type or member 'LedgerReference.GetEqualityComponents()' [/Users/kady/Masterdom/src/Masterdom.Core/Masterdom.Core.csproj]
/Users/kady/Masterdom/src/Masterdom.Core/Financial/ValueObjects/Money.cs(5,21): warning CS1591: Missing XML comment for publicly visible type or member 'Money' [/Users/kady/Masterdom/src/Masterdom.Core/Masterdom.Core.csproj]
/Users/kady/Masterdom/src/Masterdom.Core/Financial/ValueObjects/Money.cs(7,20): warning CS1591: Missing XML comment for publicly visible type or member 'Money.Amount' [/Users/kady/Masterdom/src/Masterdom.Core/Masterdom.Core.csproj]
/Users/kady/Masterdom/src/Masterdom.Core/Financial/ValueObjects/Money.cs(9,21): warning CS1591: Missing XML comment for publicly visible type or member 'Money.Currency' [/Users/kady/Masterdom/src/Masterdom.Core/Masterdom.Core.csproj]
/Users/kady/Masterdom/src/Masterdom.Core/Financial/ValueObjects/Money.cs(17,25): warning CS1591: Missing XML comment for publicly visible type or member 'Money.Create(decimal, Currency)' [/Users/kady/Masterdom/src/Masterdom.Core/Masterdom.Core.csproj]
/Users/kady/Masterdom/src/Masterdom.Core/Financial/ValueObjects/Money.cs(24,45): warning CS1591: Missing XML comment for publicly visible type or member 'Money.GetEqualityComponents()' [/Users/kady/Masterdom/src/Masterdom.Core/Masterdom.Core.csproj]
/Users/kady/Masterdom/src/Masterdom.Core/Financial/ValueObjects/Percentage.cs(5,21): warning CS1591: Missing XML comment for publicly visible type or member 'Percentage' [/Users/kady/Masterdom/src/Masterdom.Core/Masterdom.Core.csproj]
/Users/kady/Masterdom/src/Masterdom.Core/Financial/ValueObjects/Percentage.cs(7,20): warning CS1591: Missing XML comment for publicly visible type or member 'Percentage.Value' [/Users/kady/Masterdom/src/Masterdom.Core/Masterdom.Core.csproj]
/Users/kady/Masterdom/src/Masterdom.Core/Financial/ValueObjects/Percentage.cs(14,30): warning CS1591: Missing XML comment for publicly visible type or member 'Percentage.Create(decimal)' [/Users/kady/Masterdom/src/Masterdom.Core/Masterdom.Core.csproj]
/Users/kady/Masterdom/src/Masterdom.Core/Financial/ValueObjects/Percentage.cs(22,45): warning CS1591: Missing XML comment for publicly visible type or member 'Percentage.GetEqualityComponents()' [/Users/kady/Masterdom/src/Masterdom.Core/Masterdom.Core.csproj]
/Users/kady/Masterdom/src/Masterdom.Core/Identifiers/PersonId.cs(41,28): warning CS1591: Missing XML comment for publicly visible type or member 'PersonId.ToString()' [/Users/kady/Masterdom/src/Masterdom.Core/Masterdom.Core.csproj]
/Users/kady/Masterdom/src/Masterdom.Core/Identity/Entities/ApiKey/ApiKeyId.cs(43,28): warning CS1591: Missing XML comment for publicly visible type or member 'ApiKeyId.ToString()' [/Users/kady/Masterdom/src/Masterdom.Core/Masterdom.Core.csproj]
/Users/kady/Masterdom/src/Masterdom.Core/Identity/Entities/ApiKey/ApiKeyStatus.cs(10,41): warning CS1591: Missing XML comment for publicly visible type or member 'ApiKeyStatus.Active' [/Users/kady/Masterdom/src/Masterdom.Core/Masterdom.Core.csproj]
/Users/kady/Masterdom/src/Masterdom.Core/Identity/Entities/ApiKey/ApiKeyStatus.cs(11,41): warning CS1591: Missing XML comment for publicly visible type or member 'ApiKeyStatus.Inactive' [/Users/kady/Masterdom/src/Masterdom.Core/Masterdom.Core.csproj]
/Users/kady/Masterdom/src/Masterdom.Core/Identity/Entities/ApiKey/ApiKeyStatus.cs(12,41): warning CS1591: Missing XML comment for publicly visible type or member 'ApiKeyStatus.Expired' [/Users/kady/Masterdom/src/Masterdom.Core/Masterdom.Core.csproj]
/Users/kady/Masterdom/src/Masterdom.Core/Identity/Entities/ApiKey/ApiKeyStatus.cs(13,41): warning CS1591: Missing XML comment for publicly visible type or member 'ApiKeyStatus.Revoked' [/Users/kady/Masterdom/src/Masterdom.Core/Masterdom.Core.csproj]
/Users/kady/Masterdom/src/Masterdom.Core/Identity/Entities/ApiKey/ApiKeyStatus.cs(14,41): warning CS1591: Missing XML comment for publicly visible type or member 'ApiKeyStatus.Archived' [/Users/kady/Masterdom/src/Masterdom.Core/Masterdom.Core.csproj]
/Users/kady/Masterdom/src/Masterdom.Core/Identity/Entities/ApiKey/ApiKeyStatus.cs(46,45): warning CS1591: Missing XML comment for publicly visible type or member 'ApiKeyStatus.GetEqualityComponents()' [/Users/kady/Masterdom/src/Masterdom.Core/Masterdom.Core.csproj]
/Users/kady/Masterdom/src/Masterdom.Core/Identity/Entities/ApiKey/ApiKeyStatus.cs(51,28): warning CS1591: Missing XML comment for publicly visible type or member 'ApiKeyStatus.ToString()' [/Users/kady/Masterdom/src/Masterdom.Core/Masterdom.Core.csproj]
/Users/kady/Masterdom/src/Masterdom.Core/Identity/Entities/EmailVerification/EmailVerificationId.cs(43,28): warning CS1591: Missing XML comment for publicly visible type or member 'EmailVerificationId.ToString()' [/Users/kady/Masterdom/src/Masterdom.Core/Masterdom.Core.csproj]
/Users/kady/Masterdom/src/Masterdom.Core/Identity/Entities/EmailVerification/EmailVerificationStatus.cs(10,52): warning CS1591: Missing XML comment for publicly visible type or member 'EmailVerificationStatus.Pending' [/Users/kady/Masterdom/src/Masterdom.Core/Masterdom.Core.csproj]
/Users/kady/Masterdom/src/Masterdom.Core/Identity/Entities/EmailVerification/EmailVerificationStatus.cs(11,52): warning CS1591: Missing XML comment for publicly visible type or member 'EmailVerificationStatus.Verified' [/Users/kady/Masterdom/src/Masterdom.Core/Masterdom.Core.csproj]
/Users/kady/Masterdom/src/Masterdom.Core/Identity/Entities/EmailVerification/EmailVerificationStatus.cs(12,52): warning CS1591: Missing XML comment for publicly visible type or member 'EmailVerificationStatus.Cancelled' [/Users/kady/Masterdom/src/Masterdom.Core/Masterdom.Core.csproj]
/Users/kady/Masterdom/src/Masterdom.Core/Identity/Entities/EmailVerification/EmailVerificationStatus.cs(13,52): warning CS1591: Missing XML comment for publicly visible type or member 'EmailVerificationStatus.Expired' [/Users/kady/Masterdom/src/Masterdom.Core/Masterdom.Core.csproj]
/Users/kady/Masterdom/src/Masterdom.Core/Identity/Entities/EmailVerification/EmailVerificationStatus.cs(44,45): warning CS1591: Missing XML comment for publicly visible type or member 'EmailVerificationStatus.GetEqualityComponents()' [/Users/kady/Masterdom/src/Masterdom.Core/Masterdom.Core.csproj]
/Users/kady/Masterdom/src/Masterdom.Core/Identity/Entities/EmailVerification/EmailVerificationStatus.cs(49,28): warning CS1591: Missing XML comment for publicly visible type or member 'EmailVerificationStatus.ToString()' [/Users/kady/Masterdom/src/Masterdom.Core/Masterdom.Core.csproj]
/Users/kady/Masterdom/src/Masterdom.Core/Identity/Entities/ExternalLogin/ExternalLoginId.cs(43,28): warning CS1591: Missing XML comment for publicly visible type or member 'ExternalLoginId.ToString()' [/Users/kady/Masterdom/src/Masterdom.Core/Masterdom.Core.csproj]
/Users/kady/Masterdom/src/Masterdom.Core/Identity/Entities/ExternalLogin/ExternalLoginProvider.cs(10,50): warning CS1591: Missing XML comment for publicly visible type or member 'ExternalLoginProvider.Google' [/Users/kady/Masterdom/src/Masterdom.Core/Masterdom.Core.csproj]
/Users/kady/Masterdom/src/Masterdom.Core/Identity/Entities/ExternalLogin/ExternalLoginProvider.cs(13,50): warning CS1591: Missing XML comment for publicly visible type or member 'ExternalLoginProvider.Microsoft' [/Users/kady/Masterdom/src/Masterdom.Core/Masterdom.Core.csproj]
/Users/kady/Masterdom/src/Masterdom.Core/Identity/Entities/ExternalLogin/ExternalLoginProvider.cs(16,50): warning CS1591: Missing XML comment for publicly visible type or member 'ExternalLoginProvider.Apple' [/Users/kady/Masterdom/src/Masterdom.Core/Masterdom.Core.csproj]
/Users/kady/Masterdom/src/Masterdom.Core/Identity/Entities/ExternalLogin/ExternalLoginProvider.cs(19,50): warning CS1591: Missing XML comment for publicly visible type or member 'ExternalLoginProvider.Facebook' [/Users/kady/Masterdom/src/Masterdom.Core/Masterdom.Core.csproj]
/Users/kady/Masterdom/src/Masterdom.Core/Identity/Entities/ExternalLogin/ExternalLoginProvider.cs(22,50): warning CS1591: Missing XML comment for publicly visible type or member 'ExternalLoginProvider.GitHub' [/Users/kady/Masterdom/src/Masterdom.Core/Masterdom.Core.csproj]
/Users/kady/Masterdom/src/Masterdom.Core/Identity/Entities/ExternalLogin/ExternalLoginProvider.cs(25,50): warning CS1591: Missing XML comment for publicly visible type or member 'ExternalLoginProvider.LinkedIn' [/Users/kady/Masterdom/src/Masterdom.Core/Masterdom.Core.csproj]
/Users/kady/Masterdom/src/Masterdom.Core/Identity/Entities/ExternalLogin/ExternalLoginProvider.cs(28,50): warning CS1591: Missing XML comment for publicly visible type or member 'ExternalLoginProvider.X' [/Users/kady/Masterdom/src/Masterdom.Core/Masterdom.Core.csproj]
/Users/kady/Masterdom/src/Masterdom.Core/Identity/Entities/ExternalLogin/ExternalLoginProvider.cs(31,50): warning CS1591: Missing XML comment for publicly visible type or member 'ExternalLoginProvider.Other' [/Users/kady/Masterdom/src/Masterdom.Core/Masterdom.Core.csproj]
/Users/kady/Masterdom/src/Masterdom.Core/Identity/Entities/ExternalLogin/ExternalLoginProvider.cs(67,45): warning CS1591: Missing XML comment for publicly visible type or member 'ExternalLoginProvider.GetEqualityComponents()' [/Users/kady/Masterdom/src/Masterdom.Core/Masterdom.Core.csproj]
/Users/kady/Masterdom/src/Masterdom.Core/Identity/Entities/ExternalLogin/ExternalLoginProvider.cs(72,28): warning CS1591: Missing XML comment for publicly visible type or member 'ExternalLoginProvider.ToString()' [/Users/kady/Masterdom/src/Masterdom.Core/Masterdom.Core.csproj]
/Users/kady/Masterdom/src/Masterdom.Core/Identity/Entities/ExternalLogin/ExternalLoginStatus.cs(10,48): warning CS1591: Missing XML comment for publicly visible type or member 'ExternalLoginStatus.Active' [/Users/kady/Masterdom/src/Masterdom.Core/Masterdom.Core.csproj]
/Users/kady/Masterdom/src/Masterdom.Core/Identity/Entities/ExternalLogin/ExternalLoginStatus.cs(11,48): warning CS1591: Missing XML comment for publicly visible type or member 'ExternalLoginStatus.Inactive' [/Users/kady/Masterdom/src/Masterdom.Core/Masterdom.Core.csproj]
/Users/kady/Masterdom/src/Masterdom.Core/Identity/Entities/ExternalLogin/ExternalLoginStatus.cs(12,48): warning CS1591: Missing XML comment for publicly visible type or member 'ExternalLoginStatus.Archived' [/Users/kady/Masterdom/src/Masterdom.Core/Masterdom.Core.csproj]
/Users/kady/Masterdom/src/Masterdom.Core/Identity/Entities/ExternalLogin/ExternalLoginStatus.cs(42,45): warning CS1591: Missing XML comment for publicly visible type or member 'ExternalLoginStatus.GetEqualityComponents()' [/Users/kady/Masterdom/src/Masterdom.Core/Masterdom.Core.csproj]
/Users/kady/Masterdom/src/Masterdom.Core/Identity/Entities/ExternalLogin/ExternalLoginStatus.cs(47,28): warning CS1591: Missing XML comment for publicly visible type or member 'ExternalLoginStatus.ToString()' [/Users/kady/Masterdom/src/Masterdom.Core/Masterdom.Core.csproj]
/Users/kady/Masterdom/src/Masterdom.Core/Identity/Entities/IdentityProfile/IdentityProfileCode.cs(39,45): warning CS1591: Missing XML comment for publicly visible type or member 'IdentityProfileCode.GetEqualityComponents()' [/Users/kady/Masterdom/src/Masterdom.Core/Masterdom.Core.csproj]
/Users/kady/Masterdom/src/Masterdom.Core/Identity/Entities/IdentityProfile/IdentityProfileCode.cs(44,28): warning CS1591: Missing XML comment for publicly visible type or member 'IdentityProfileCode.ToString()' [/Users/kady/Masterdom/src/Masterdom.Core/Masterdom.Core.csproj]
/Users/kady/Masterdom/src/Masterdom.Core/Identity/Entities/IdentityProfile/IdentityProfileCode.cs(49,37): warning CS1591: Missing XML comment for publicly visible type or member 'IdentityProfileCode.implicit operator string(IdentityProfileCode)' [/Users/kady/Masterdom/src/Masterdom.Core/Masterdom.Core.csproj]
/Users/kady/Masterdom/src/Masterdom.Core/Identity/Entities/IdentityProfile/IdentityProfileId.cs(41,28): warning CS1591: Missing XML comment for publicly visible type or member 'IdentityProfileId.ToString()' [/Users/kady/Masterdom/src/Masterdom.Core/Masterdom.Core.csproj]
/Users/kady/Masterdom/src/Masterdom.Core/Identity/Entities/IdentityProfile/IdentityProfileStatus.cs(10,50): warning CS1591: Missing XML comment for publicly visible type or member 'IdentityProfileStatus.Active' [/Users/kady/Masterdom/src/Masterdom.Core/Masterdom.Core.csproj]
/Users/kady/Masterdom/src/Masterdom.Core/Identity/Entities/IdentityProfile/IdentityProfileStatus.cs(11,50): warning CS1591: Missing XML comment for publicly visible type or member 'IdentityProfileStatus.Inactive' [/Users/kady/Masterdom/src/Masterdom.Core/Masterdom.Core.csproj]
/Users/kady/Masterdom/src/Masterdom.Core/Identity/Entities/IdentityProfile/IdentityProfileStatus.cs(12,50): warning CS1591: Missing XML comment for publicly visible type or member 'IdentityProfileStatus.Archived' [/Users/kady/Masterdom/src/Masterdom.Core/Masterdom.Core.csproj]
/Users/kady/Masterdom/src/Masterdom.Core/Identity/Entities/IdentityProfile/IdentityProfileStatus.cs(42,45): warning CS1591: Missing XML comment for publicly visible type or member 'IdentityProfileStatus.GetEqualityComponents()' [/Users/kady/Masterdom/src/Masterdom.Core/Masterdom.Core.csproj]
/Users/kady/Masterdom/src/Masterdom.Core/Identity/Entities/IdentityProfile/IdentityProfileStatus.cs(47,28): warning CS1591: Missing XML comment for publicly visible type or member 'IdentityProfileStatus.ToString()' [/Users/kady/Masterdom/src/Masterdom.Core/Masterdom.Core.csproj]
/Users/kady/Masterdom/src/Masterdom.Core/Identity/Entities/IdentityProfile/IdentityProfileType.cs(10,48): warning CS1591: Missing XML comment for publicly visible type or member 'IdentityProfileType.Person' [/Users/kady/Masterdom/src/Masterdom.Core/Masterdom.Core.csproj]
/Users/kady/Masterdom/src/Masterdom.Core/Identity/Entities/IdentityProfile/IdentityProfileType.cs(11,48): warning CS1591: Missing XML comment for publicly visible type or member 'IdentityProfileType.Organization' [/Users/kady/Masterdom/src/Masterdom.Core/Masterdom.Core.csproj]
/Users/kady/Masterdom/src/Masterdom.Core/Identity/Entities/IdentityProfile/IdentityProfileType.cs(12,48): warning CS1591: Missing XML comment for publicly visible type or member 'IdentityProfileType.Owner' [/Users/kady/Masterdom/src/Masterdom.Core/Masterdom.Core.csproj]
/Users/kady/Masterdom/src/Masterdom.Core/Identity/Entities/IdentityProfile/IdentityProfileType.cs(13,48): warning CS1591: Missing XML comment for publicly visible type or member 'IdentityProfileType.Tenant' [/Users/kady/Masterdom/src/Masterdom.Core/Masterdom.Core.csproj]
/Users/kady/Masterdom/src/Masterdom.Core/Identity/Entities/IdentityProfile/IdentityProfileType.cs(14,48): warning CS1591: Missing XML comment for publicly visible type or member 'IdentityProfileType.Employee' [/Users/kady/Masterdom/src/Masterdom.Core/Masterdom.Core.csproj]
/Users/kady/Masterdom/src/Masterdom.Core/Identity/Entities/IdentityProfile/IdentityProfileType.cs(15,48): warning CS1591: Missing XML comment for publicly visible type or member 'IdentityProfileType.Vendor' [/Users/kady/Masterdom/src/Masterdom.Core/Masterdom.Core.csproj]
/Users/kady/Masterdom/src/Masterdom.Core/Identity/Entities/IdentityProfile/IdentityProfileType.cs(16,48): warning CS1591: Missing XML comment for publicly visible type or member 'IdentityProfileType.Contractor' [/Users/kady/Masterdom/src/Masterdom.Core/Masterdom.Core.csproj]
/Users/kady/Masterdom/src/Masterdom.Core/Identity/Entities/IdentityProfile/IdentityProfileType.cs(17,48): warning CS1591: Missing XML comment for publicly visible type or member 'IdentityProfileType.ServiceProvider' [/Users/kady/Masterdom/src/Masterdom.Core/Masterdom.Core.csproj]
/Users/kady/Masterdom/src/Masterdom.Core/Identity/Entities/IdentityProfile/IdentityProfileType.cs(18,48): warning CS1591: Missing XML comment for publicly visible type or member 'IdentityProfileType.GovernmentAgency' [/Users/kady/Masterdom/src/Masterdom.Core/Masterdom.Core.csproj]
/Users/kady/Masterdom/src/Masterdom.Core/Identity/Entities/IdentityProfile/IdentityProfileType.cs(19,48): warning CS1591: Missing XML comment for publicly visible type or member 'IdentityProfileType.FinancialInstitution' [/Users/kady/Masterdom/src/Masterdom.Core/Masterdom.Core.csproj]
/Users/kady/Masterdom/src/Masterdom.Core/Identity/Entities/IdentityProfile/IdentityProfileType.cs(20,48): warning CS1591: Missing XML comment for publicly visible type or member 'IdentityProfileType.UtilityProvider' [/Users/kady/Masterdom/src/Masterdom.Core/Masterdom.Core.csproj]
/Users/kady/Masterdom/src/Masterdom.Core/Identity/Entities/IdentityProfile/IdentityProfileType.cs(21,48): warning CS1591: Missing XML comment for publicly visible type or member 'IdentityProfileType.TelecomOperator' [/Users/kady/Masterdom/src/Masterdom.Core/Masterdom.Core.csproj]
/Users/kady/Masterdom/src/Masterdom.Core/Identity/Entities/IdentityProfile/IdentityProfileType.cs(22,48): warning CS1591: Missing XML comment for publicly visible type or member 'IdentityProfileType.Other' [/Users/kady/Masterdom/src/Masterdom.Core/Masterdom.Core.csproj]
/Users/kady/Masterdom/src/Masterdom.Core/Identity/Entities/IdentityProfile/IdentityProfileType.cs(62,45): warning CS1591: Missing XML comment for publicly visible type or member 'IdentityProfileType.GetEqualityComponents()' [/Users/kady/Masterdom/src/Masterdom.Core/Masterdom.Core.csproj]
/Users/kady/Masterdom/src/Masterdom.Core/Identity/Entities/IdentityProfile/IdentityProfileType.cs(67,28): warning CS1591: Missing XML comment for publicly visible type or member 'IdentityProfileType.ToString()' [/Users/kady/Masterdom/src/Masterdom.Core/Masterdom.Core.csproj]
/Users/kady/Masterdom/src/Masterdom.Core/Identity/Entities/LoginAttempt/LoginAttemptId.cs(43,28): warning CS1591: Missing XML comment for publicly visible type or member 'LoginAttemptId.ToString()' [/Users/kady/Masterdom/src/Masterdom.Core/Masterdom.Core.csproj]
/Users/kady/Masterdom/src/Masterdom.Core/Identity/Entities/LoginAttempt/LoginAttemptStatus.cs(10,47): warning CS1591: Missing XML comment for publicly visible type or member 'LoginAttemptStatus.Pending' [/Users/kady/Masterdom/src/Masterdom.Core/Masterdom.Core.csproj]
/Users/kady/Masterdom/src/Masterdom.Core/Identity/Entities/LoginAttempt/LoginAttemptStatus.cs(11,47): warning CS1591: Missing XML comment for publicly visible type or member 'LoginAttemptStatus.Successful' [/Users/kady/Masterdom/src/Masterdom.Core/Masterdom.Core.csproj]
/Users/kady/Masterdom/src/Masterdom.Core/Identity/Entities/LoginAttempt/LoginAttemptStatus.cs(12,47): warning CS1591: Missing XML comment for publicly visible type or member 'LoginAttemptStatus.Failed' [/Users/kady/Masterdom/src/Masterdom.Core/Masterdom.Core.csproj]
/Users/kady/Masterdom/src/Masterdom.Core/Identity/Entities/LoginAttempt/LoginAttemptStatus.cs(13,47): warning CS1591: Missing XML comment for publicly visible type or member 'LoginAttemptStatus.Blocked' [/Users/kady/Masterdom/src/Masterdom.Core/Masterdom.Core.csproj]
/Users/kady/Masterdom/src/Masterdom.Core/Identity/Entities/LoginAttempt/LoginAttemptStatus.cs(44,45): warning CS1591: Missing XML comment for publicly visible type or member 'LoginAttemptStatus.GetEqualityComponents()' [/Users/kady/Masterdom/src/Masterdom.Core/Masterdom.Core.csproj]
/Users/kady/Masterdom/src/Masterdom.Core/Identity/Entities/LoginAttempt/LoginAttemptStatus.cs(49,28): warning CS1591: Missing XML comment for publicly visible type or member 'LoginAttemptStatus.ToString()' [/Users/kady/Masterdom/src/Masterdom.Core/Masterdom.Core.csproj]
/Users/kady/Masterdom/src/Masterdom.Core/Identity/Entities/MfaDevice/MfaDeviceId.cs(43,28): warning CS1591: Missing XML comment for publicly visible type or member 'MfaDeviceId.ToString()' [/Users/kady/Masterdom/src/Masterdom.Core/Masterdom.Core.csproj]
/Users/kady/Masterdom/src/Masterdom.Core/Identity/Entities/MfaDevice/MfaDeviceStatus.cs(10,44): warning CS1591: Missing XML comment for publicly visible type or member 'MfaDeviceStatus.Pending' [/Users/kady/Masterdom/src/Masterdom.Core/Masterdom.Core.csproj]
/Users/kady/Masterdom/src/Masterdom.Core/Identity/Entities/MfaDevice/MfaDeviceStatus.cs(11,44): warning CS1591: Missing XML comment for publicly visible type or member 'MfaDeviceStatus.Active' [/Users/kady/Masterdom/src/Masterdom.Core/Masterdom.Core.csproj]
/Users/kady/Masterdom/src/Masterdom.Core/Identity/Entities/MfaDevice/MfaDeviceStatus.cs(12,44): warning CS1591: Missing XML comment for publicly visible type or member 'MfaDeviceStatus.Inactive' [/Users/kady/Masterdom/src/Masterdom.Core/Masterdom.Core.csproj]
/Users/kady/Masterdom/src/Masterdom.Core/Identity/Entities/MfaDevice/MfaDeviceStatus.cs(13,44): warning CS1591: Missing XML comment for publicly visible type or member 'MfaDeviceStatus.Archived' [/Users/kady/Masterdom/src/Masterdom.Core/Masterdom.Core.csproj]
/Users/kady/Masterdom/src/Masterdom.Core/Identity/Entities/MfaDevice/MfaDeviceStatus.cs(44,45): warning CS1591: Missing XML comment for publicly visible type or member 'MfaDeviceStatus.GetEqualityComponents()' [/Users/kady/Masterdom/src/Masterdom.Core/Masterdom.Core.csproj]
/Users/kady/Masterdom/src/Masterdom.Core/Identity/Entities/MfaDevice/MfaDeviceStatus.cs(49,28): warning CS1591: Missing XML comment for publicly visible type or member 'MfaDeviceStatus.ToString()' [/Users/kady/Masterdom/src/Masterdom.Core/Masterdom.Core.csproj]
/Users/kady/Masterdom/src/Masterdom.Core/Identity/Entities/MfaDevice/MfaDeviceType.cs(10,42): warning CS1591: Missing XML comment for publicly visible type or member 'MfaDeviceType.AuthenticatorApp' [/Users/kady/Masterdom/src/Masterdom.Core/Masterdom.Core.csproj]
/Users/kady/Masterdom/src/Masterdom.Core/Identity/Entities/MfaDevice/MfaDeviceType.cs(13,42): warning CS1591: Missing XML comment for publicly visible type or member 'MfaDeviceType.Sms' [/Users/kady/Masterdom/src/Masterdom.Core/Masterdom.Core.csproj]
/Users/kady/Masterdom/src/Masterdom.Core/Identity/Entities/MfaDevice/MfaDeviceType.cs(16,42): warning CS1591: Missing XML comment for publicly visible type or member 'MfaDeviceType.Email' [/Users/kady/Masterdom/src/Masterdom.Core/Masterdom.Core.csproj]
/Users/kady/Masterdom/src/Masterdom.Core/Identity/Entities/MfaDevice/MfaDeviceType.cs(19,42): warning CS1591: Missing XML comment for publicly visible type or member 'MfaDeviceType.HardwareKey' [/Users/kady/Masterdom/src/Masterdom.Core/Masterdom.Core.csproj]
/Users/kady/Masterdom/src/Masterdom.Core/Identity/Entities/MfaDevice/MfaDeviceType.cs(22,42): warning CS1591: Missing XML comment for publicly visible type or member 'MfaDeviceType.Passkey' [/Users/kady/Masterdom/src/Masterdom.Core/Masterdom.Core.csproj]
/Users/kady/Masterdom/src/Masterdom.Core/Identity/Entities/MfaDevice/MfaDeviceType.cs(25,42): warning CS1591: Missing XML comment for publicly visible type or member 'MfaDeviceType.RecoveryCode' [/Users/kady/Masterdom/src/Masterdom.Core/Masterdom.Core.csproj]
/Users/kady/Masterdom/src/Masterdom.Core/Identity/Entities/MfaDevice/MfaDeviceType.cs(28,42): warning CS1591: Missing XML comment for publicly visible type or member 'MfaDeviceType.Other' [/Users/kady/Masterdom/src/Masterdom.Core/Masterdom.Core.csproj]
/Users/kady/Masterdom/src/Masterdom.Core/Identity/Entities/MfaDevice/MfaDeviceType.cs(63,45): warning CS1591: Missing XML comment for publicly visible type or member 'MfaDeviceType.GetEqualityComponents()' [/Users/kady/Masterdom/src/Masterdom.Core/Masterdom.Core.csproj]
/Users/kady/Masterdom/src/Masterdom.Core/Identity/Entities/MfaDevice/MfaDeviceType.cs(68,28): warning CS1591: Missing XML comment for publicly visible type or member 'MfaDeviceType.ToString()' [/Users/kady/Masterdom/src/Masterdom.Core/Masterdom.Core.csproj]
/Users/kady/Masterdom/src/Masterdom.Core/Identity/Entities/Organization/Address.cs(161,45): warning CS1591: Missing XML comment for publicly visible type or member 'Address.GetEqualityComponents()' [/Users/kady/Masterdom/src/Masterdom.Core/Masterdom.Core.csproj]
/Users/kady/Masterdom/src/Masterdom.Core/Identity/Entities/Organization/Address.cs(173,28): warning CS1591: Missing XML comment for publicly visible type or member 'Address.ToString()' [/Users/kady/Masterdom/src/Masterdom.Core/Masterdom.Core.csproj]
/Users/kady/Masterdom/src/Masterdom.Core/Identity/Entities/Organization/Contact.cs(117,45): warning CS1591: Missing XML comment for publicly visible type or member 'Contact.GetEqualityComponents()' [/Users/kady/Masterdom/src/Masterdom.Core/Masterdom.Core.csproj]
/Users/kady/Masterdom/src/Masterdom.Core/Identity/Entities/Organization/Contact.cs(123,28): warning CS1591: Missing XML comment for publicly visible type or member 'Contact.ToString()' [/Users/kady/Masterdom/src/Masterdom.Core/Masterdom.Core.csproj]
/Users/kady/Masterdom/src/Masterdom.Core/Identity/Entities/Organization/OrganizationCode.cs(39,45): warning CS1591: Missing XML comment for publicly visible type or member 'OrganizationCode.GetEqualityComponents()' [/Users/kady/Masterdom/src/Masterdom.Core/Masterdom.Core.csproj]
/Users/kady/Masterdom/src/Masterdom.Core/Identity/Entities/Organization/OrganizationCode.cs(44,28): warning CS1591: Missing XML comment for publicly visible type or member 'OrganizationCode.ToString()' [/Users/kady/Masterdom/src/Masterdom.Core/Masterdom.Core.csproj]
/Users/kady/Masterdom/src/Masterdom.Core/Identity/Entities/Organization/OrganizationCode.cs(49,37): warning CS1591: Missing XML comment for publicly visible type or member 'OrganizationCode.implicit operator string(OrganizationCode)' [/Users/kady/Masterdom/src/Masterdom.Core/Masterdom.Core.csproj]
/Users/kady/Masterdom/src/Masterdom.Core/Identity/Entities/Organization/OrganizationId.cs(41,28): warning CS1591: Missing XML comment for publicly visible type or member 'OrganizationId.ToString()' [/Users/kady/Masterdom/src/Masterdom.Core/Masterdom.Core.csproj]
/Users/kady/Masterdom/src/Masterdom.Core/Identity/Entities/Organization/OrganizationName.cs(39,45): warning CS1591: Missing XML comment for publicly visible type or member 'OrganizationName.GetEqualityComponents()' [/Users/kady/Masterdom/src/Masterdom.Core/Masterdom.Core.csproj]
/Users/kady/Masterdom/src/Masterdom.Core/Identity/Entities/Organization/OrganizationName.cs(44,28): warning CS1591: Missing XML comment for publicly visible type or member 'OrganizationName.ToString()' [/Users/kady/Masterdom/src/Masterdom.Core/Masterdom.Core.csproj]
/Users/kady/Masterdom/src/Masterdom.Core/Identity/Entities/Organization/OrganizationName.cs(49,37): warning CS1591: Missing XML comment for publicly visible type or member 'OrganizationName.implicit operator string(OrganizationName)' [/Users/kady/Masterdom/src/Masterdom.Core/Masterdom.Core.csproj]
/Users/kady/Masterdom/src/Masterdom.Core/Identity/Entities/Organization/OrganizationStatus.cs(10,47): warning CS1591: Missing XML comment for publicly visible type or member 'OrganizationStatus.Active' [/Users/kady/Masterdom/src/Masterdom.Core/Masterdom.Core.csproj]
/Users/kady/Masterdom/src/Masterdom.Core/Identity/Entities/Organization/OrganizationStatus.cs(11,47): warning CS1591: Missing XML comment for publicly visible type or member 'OrganizationStatus.Inactive' [/Users/kady/Masterdom/src/Masterdom.Core/Masterdom.Core.csproj]
/Users/kady/Masterdom/src/Masterdom.Core/Identity/Entities/Organization/OrganizationStatus.cs(12,47): warning CS1591: Missing XML comment for publicly visible type or member 'OrganizationStatus.Archived' [/Users/kady/Masterdom/src/Masterdom.Core/Masterdom.Core.csproj]
/Users/kady/Masterdom/src/Masterdom.Core/Identity/Entities/Organization/OrganizationStatus.cs(42,45): warning CS1591: Missing XML comment for publicly visible type or member 'OrganizationStatus.GetEqualityComponents()' [/Users/kady/Masterdom/src/Masterdom.Core/Masterdom.Core.csproj]
/Users/kady/Masterdom/src/Masterdom.Core/Identity/Entities/Organization/OrganizationStatus.cs(47,28): warning CS1591: Missing XML comment for publicly visible type or member 'OrganizationStatus.ToString()' [/Users/kady/Masterdom/src/Masterdom.Core/Masterdom.Core.csproj]
/Users/kady/Masterdom/src/Masterdom.Core/Identity/Entities/Organization/OrganizationType.cs(10,45): warning CS1591: Missing XML comment for publicly visible type or member 'OrganizationType.Enterprise' [/Users/kady/Masterdom/src/Masterdom.Core/Masterdom.Core.csproj]
/Users/kady/Masterdom/src/Masterdom.Core/Identity/Entities/Organization/OrganizationType.cs(11,45): warning CS1591: Missing XML comment for publicly visible type or member 'OrganizationType.SmallBusiness' [/Users/kady/Masterdom/src/Masterdom.Core/Masterdom.Core.csproj]
/Users/kady/Masterdom/src/Masterdom.Core/Identity/Entities/Organization/OrganizationType.cs(12,45): warning CS1591: Missing XML comment for publicly visible type or member 'OrganizationType.NonProfit' [/Users/kady/Masterdom/src/Masterdom.Core/Masterdom.Core.csproj]
/Users/kady/Masterdom/src/Masterdom.Core/Identity/Entities/Organization/OrganizationType.cs(42,45): warning CS1591: Missing XML comment for publicly visible type or member 'OrganizationType.GetEqualityComponents()' [/Users/kady/Masterdom/src/Masterdom.Core/Masterdom.Core.csproj]
/Users/kady/Masterdom/src/Masterdom.Core/Identity/Entities/Organization/OrganizationType.cs(47,28): warning CS1591: Missing XML comment for publicly visible type or member 'OrganizationType.ToString()' [/Users/kady/Masterdom/src/Masterdom.Core/Masterdom.Core.csproj]
/Users/kady/Masterdom/src/Masterdom.Core/Identity/Entities/Organization/RegistrationDocument.cs(167,45): warning CS1591: Missing XML comment for publicly visible type or member 'RegistrationDocument.GetEqualityComponents()' [/Users/kady/Masterdom/src/Masterdom.Core/Masterdom.Core.csproj]
/Users/kady/Masterdom/src/Masterdom.Core/Identity/Entities/Organization/RegistrationDocument.cs(173,28): warning CS1591: Missing XML comment for publicly visible type or member 'RegistrationDocument.ToString()' [/Users/kady/Masterdom/src/Masterdom.Core/Masterdom.Core.csproj]
/Users/kady/Masterdom/src/Masterdom.Core/Identity/Entities/PasswordReset/PasswordResetId.cs(43,28): warning CS1591: Missing XML comment for publicly visible type or member 'PasswordResetId.ToString()' [/Users/kady/Masterdom/src/Masterdom.Core/Masterdom.Core.csproj]
/Users/kady/Masterdom/src/Masterdom.Core/Identity/Entities/PasswordReset/PasswordResetStatus.cs(10,48): warning CS1591: Missing XML comment for publicly visible type or member 'PasswordResetStatus.Pending' [/Users/kady/Masterdom/src/Masterdom.Core/Masterdom.Core.csproj]
/Users/kady/Masterdom/src/Masterdom.Core/Identity/Entities/PasswordReset/PasswordResetStatus.cs(11,48): warning CS1591: Missing XML comment for publicly visible type or member 'PasswordResetStatus.Completed' [/Users/kady/Masterdom/src/Masterdom.Core/Masterdom.Core.csproj]
/Users/kady/Masterdom/src/Masterdom.Core/Identity/Entities/PasswordReset/PasswordResetStatus.cs(12,48): warning CS1591: Missing XML comment for publicly visible type or member 'PasswordResetStatus.Cancelled' [/Users/kady/Masterdom/src/Masterdom.Core/Masterdom.Core.csproj]
/Users/kady/Masterdom/src/Masterdom.Core/Identity/Entities/PasswordReset/PasswordResetStatus.cs(13,48): warning CS1591: Missing XML comment for publicly visible type or member 'PasswordResetStatus.Expired' [/Users/kady/Masterdom/src/Masterdom.Core/Masterdom.Core.csproj]
/Users/kady/Masterdom/src/Masterdom.Core/Identity/Entities/PasswordReset/PasswordResetStatus.cs(44,45): warning CS1591: Missing XML comment for publicly visible type or member 'PasswordResetStatus.GetEqualityComponents()' [/Users/kady/Masterdom/src/Masterdom.Core/Masterdom.Core.csproj]
/Users/kady/Masterdom/src/Masterdom.Core/Identity/Entities/PasswordReset/PasswordResetStatus.cs(49,28): warning CS1591: Missing XML comment for publicly visible type or member 'PasswordResetStatus.ToString()' [/Users/kady/Masterdom/src/Masterdom.Core/Masterdom.Core.csproj]
/Users/kady/Masterdom/src/Masterdom.Core/Identity/Entities/Permission/Permission.cs(98,17): warning CS1591: Missing XML comment for publicly visible type or member 'Permission.Rename(PermissionName)' [/Users/kady/Masterdom/src/Masterdom.Core/Masterdom.Core.csproj]
/Users/kady/Masterdom/src/Masterdom.Core/Identity/Entities/Permission/Permission.cs(108,17): warning CS1591: Missing XML comment for publicly visible type or member 'Permission.ChangeDescription(string?)' [/Users/kady/Masterdom/src/Masterdom.Core/Masterdom.Core.csproj]
/Users/kady/Masterdom/src/Masterdom.Core/Identity/Entities/Permission/Permission.cs(115,17): warning CS1591: Missing XML comment for publicly visible type or member 'Permission.ChangeRemarks(string?)' [/Users/kady/Masterdom/src/Masterdom.Core/Masterdom.Core.csproj]
/Users/kady/Masterdom/src/Masterdom.Core/Identity/Entities/Permission/Permission.cs(122,17): warning CS1591: Missing XML comment for publicly visible type or member 'Permission.ChangeOther(string?)' [/Users/kady/Masterdom/src/Masterdom.Core/Masterdom.Core.csproj]
/Users/kady/Masterdom/src/Masterdom.Core/Identity/Entities/Permission/Permission.cs(129,17): warning CS1591: Missing XML comment for publicly visible type or member 'Permission.SetEffectivePeriod(DateTime?, DateTime?)' [/Users/kady/Masterdom/src/Masterdom.Core/Masterdom.Core.csproj]
/Users/kady/Masterdom/src/Masterdom.Core/Identity/Entities/Permission/Permission.cs(143,17): warning CS1591: Missing XML comment for publicly visible type or member 'Permission.SetDisplayOrder(int)' [/Users/kady/Masterdom/src/Masterdom.Core/Masterdom.Core.csproj]
/Users/kady/Masterdom/src/Masterdom.Core/Identity/Entities/Permission/Permission.cs(151,17): warning CS1591: Missing XML comment for publicly visible type or member 'Permission.Hide()' [/Users/kady/Masterdom/src/Masterdom.Core/Masterdom.Core.csproj]
/Users/kady/Masterdom/src/Masterdom.Core/Identity/Entities/Permission/Permission.cs(153,17): warning CS1591: Missing XML comment for publicly visible type or member 'Permission.Show()' [/Users/kady/Masterdom/src/Masterdom.Core/Masterdom.Core.csproj]
/Users/kady/Masterdom/src/Masterdom.Core/Identity/Entities/Permission/Permission.cs(155,17): warning CS1591: Missing XML comment for publicly visible type or member 'Permission.Activate()' [/Users/kady/Masterdom/src/Masterdom.Core/Masterdom.Core.csproj]
/Users/kady/Masterdom/src/Masterdom.Core/Identity/Entities/Permission/Permission.cs(157,17): warning CS1591: Missing XML comment for publicly visible type or member 'Permission.Deactivate()' [/Users/kady/Masterdom/src/Masterdom.Core/Masterdom.Core.csproj]
/Users/kady/Masterdom/src/Masterdom.Core/Identity/Entities/Permission/Permission.cs(166,17): warning CS1591: Missing XML comment for publicly visible type or member 'Permission.Archive()' [/Users/kady/Masterdom/src/Masterdom.Core/Masterdom.Core.csproj]
/Users/kady/Masterdom/src/Masterdom.Core/Identity/Entities/Permission/PermissionCode.cs(39,45): warning CS1591: Missing XML comment for publicly visible type or member 'PermissionCode.GetEqualityComponents()' [/Users/kady/Masterdom/src/Masterdom.Core/Masterdom.Core.csproj]
/Users/kady/Masterdom/src/Masterdom.Core/Identity/Entities/Permission/PermissionCode.cs(44,28): warning CS1591: Missing XML comment for publicly visible type or member 'PermissionCode.ToString()' [/Users/kady/Masterdom/src/Masterdom.Core/Masterdom.Core.csproj]
/Users/kady/Masterdom/src/Masterdom.Core/Identity/Entities/Permission/PermissionCode.cs(49,37): warning CS1591: Missing XML comment for publicly visible type or member 'PermissionCode.implicit operator string(PermissionCode)' [/Users/kady/Masterdom/src/Masterdom.Core/Masterdom.Core.csproj]
/Users/kady/Masterdom/src/Masterdom.Core/Identity/Entities/Permission/PermissionId.cs(43,28): warning CS1591: Missing XML comment for publicly visible type or member 'PermissionId.ToString()' [/Users/kady/Masterdom/src/Masterdom.Core/Masterdom.Core.csproj]
/Users/kady/Masterdom/src/Masterdom.Core/Identity/Entities/Permission/PermissionName.cs(39,45): warning CS1591: Missing XML comment for publicly visible type or member 'PermissionName.GetEqualityComponents()' [/Users/kady/Masterdom/src/Masterdom.Core/Masterdom.Core.csproj]
/Users/kady/Masterdom/src/Masterdom.Core/Identity/Entities/Permission/PermissionName.cs(44,28): warning CS1591: Missing XML comment for publicly visible type or member 'PermissionName.ToString()' [/Users/kady/Masterdom/src/Masterdom.Core/Masterdom.Core.csproj]
/Users/kady/Masterdom/src/Masterdom.Core/Identity/Entities/Permission/PermissionName.cs(49,37): warning CS1591: Missing XML comment for publicly visible type or member 'PermissionName.implicit operator string(PermissionName)' [/Users/kady/Masterdom/src/Masterdom.Core/Masterdom.Core.csproj]
/Users/kady/Masterdom/src/Masterdom.Core/Identity/Entities/Permission/PermissionStatus.cs(10,45): warning CS1591: Missing XML comment for publicly visible type or member 'PermissionStatus.Active' [/Users/kady/Masterdom/src/Masterdom.Core/Masterdom.Core.csproj]
/Users/kady/Masterdom/src/Masterdom.Core/Identity/Entities/Permission/PermissionStatus.cs(11,45): warning CS1591: Missing XML comment for publicly visible type or member 'PermissionStatus.Inactive' [/Users/kady/Masterdom/src/Masterdom.Core/Masterdom.Core.csproj]
/Users/kady/Masterdom/src/Masterdom.Core/Identity/Entities/Permission/PermissionStatus.cs(12,45): warning CS1591: Missing XML comment for publicly visible type or member 'PermissionStatus.Archived' [/Users/kady/Masterdom/src/Masterdom.Core/Masterdom.Core.csproj]
/Users/kady/Masterdom/src/Masterdom.Core/Identity/Entities/Permission/PermissionStatus.cs(19,19): warning CS1591: Missing XML comment for publicly visible type or member 'PermissionStatus.Value' [/Users/kady/Masterdom/src/Masterdom.Core/Masterdom.Core.csproj]
/Users/kady/Masterdom/src/Masterdom.Core/Identity/Entities/Permission/PermissionStatus.cs(21,36): warning CS1591: Missing XML comment for publicly visible type or member 'PermissionStatus.Create(string)' [/Users/kady/Masterdom/src/Masterdom.Core/Masterdom.Core.csproj]
/Users/kady/Masterdom/src/Masterdom.Core/Identity/Entities/Permission/PermissionStatus.cs(36,45): warning CS1591: Missing XML comment for publicly visible type or member 'PermissionStatus.GetEqualityComponents()' [/Users/kady/Masterdom/src/Masterdom.Core/Masterdom.Core.csproj]
/Users/kady/Masterdom/src/Masterdom.Core/Identity/Entities/Permission/PermissionStatus.cs(41,28): warning CS1591: Missing XML comment for publicly visible type or member 'PermissionStatus.ToString()' [/Users/kady/Masterdom/src/Masterdom.Core/Masterdom.Core.csproj]
/Users/kady/Masterdom/src/Masterdom.Core/Identity/Entities/RefreshToken/RefreshTokenId.cs(43,28): warning CS1591: Missing XML comment for publicly visible type or member 'RefreshTokenId.ToString()' [/Users/kady/Masterdom/src/Masterdom.Core/Masterdom.Core.csproj]
/Users/kady/Masterdom/src/Masterdom.Core/Identity/Entities/RefreshToken/RefreshTokenStatus.cs(10,47): warning CS1591: Missing XML comment for publicly visible type or member 'RefreshTokenStatus.Active' [/Users/kady/Masterdom/src/Masterdom.Core/Masterdom.Core.csproj]
/Users/kady/Masterdom/src/Masterdom.Core/Identity/Entities/RefreshToken/RefreshTokenStatus.cs(11,47): warning CS1591: Missing XML comment for publicly visible type or member 'RefreshTokenStatus.Used' [/Users/kady/Masterdom/src/Masterdom.Core/Masterdom.Core.csproj]
/Users/kady/Masterdom/src/Masterdom.Core/Identity/Entities/RefreshToken/RefreshTokenStatus.cs(12,47): warning CS1591: Missing XML comment for publicly visible type or member 'RefreshTokenStatus.Expired' [/Users/kady/Masterdom/src/Masterdom.Core/Masterdom.Core.csproj]
/Users/kady/Masterdom/src/Masterdom.Core/Identity/Entities/RefreshToken/RefreshTokenStatus.cs(13,47): warning CS1591: Missing XML comment for publicly visible type or member 'RefreshTokenStatus.Revoked' [/Users/kady/Masterdom/src/Masterdom.Core/Masterdom.Core.csproj]
/Users/kady/Masterdom/src/Masterdom.Core/Identity/Entities/RefreshToken/RefreshTokenStatus.cs(44,45): warning CS1591: Missing XML comment for publicly visible type or member 'RefreshTokenStatus.GetEqualityComponents()' [/Users/kady/Masterdom/src/Masterdom.Core/Masterdom.Core.csproj]
/Users/kady/Masterdom/src/Masterdom.Core/Identity/Entities/RefreshToken/RefreshTokenStatus.cs(49,28): warning CS1591: Missing XML comment for publicly visible type or member 'RefreshTokenStatus.ToString()' [/Users/kady/Masterdom/src/Masterdom.Core/Masterdom.Core.csproj]
/Users/kady/Masterdom/src/Masterdom.Core/Identity/Entities/Relationship/RelationshipCode.cs(39,45): warning CS1591: Missing XML comment for publicly visible type or member 'RelationshipCode.GetEqualityComponents()' [/Users/kady/Masterdom/src/Masterdom.Core/Masterdom.Core.csproj]
/Users/kady/Masterdom/src/Masterdom.Core/Identity/Entities/Relationship/RelationshipCode.cs(44,28): warning CS1591: Missing XML comment for publicly visible type or member 'RelationshipCode.ToString()' [/Users/kady/Masterdom/src/Masterdom.Core/Masterdom.Core.csproj]
/Users/kady/Masterdom/src/Masterdom.Core/Identity/Entities/Relationship/RelationshipCode.cs(49,37): warning CS1591: Missing XML comment for publicly visible type or member 'RelationshipCode.implicit operator string(RelationshipCode)' [/Users/kady/Masterdom/src/Masterdom.Core/Masterdom.Core.csproj]
/Users/kady/Masterdom/src/Masterdom.Core/Identity/Entities/Relationship/RelationshipId.cs(43,28): warning CS1591: Missing XML comment for publicly visible type or member 'RelationshipId.ToString()' [/Users/kady/Masterdom/src/Masterdom.Core/Masterdom.Core.csproj]
/Users/kady/Masterdom/src/Masterdom.Core/Identity/Entities/Relationship/RelationshipStatus.cs(10,47): warning CS1591: Missing XML comment for publicly visible type or member 'RelationshipStatus.Active' [/Users/kady/Masterdom/src/Masterdom.Core/Masterdom.Core.csproj]
/Users/kady/Masterdom/src/Masterdom.Core/Identity/Entities/Relationship/RelationshipStatus.cs(11,47): warning CS1591: Missing XML comment for publicly visible type or member 'RelationshipStatus.Inactive' [/Users/kady/Masterdom/src/Masterdom.Core/Masterdom.Core.csproj]
/Users/kady/Masterdom/src/Masterdom.Core/Identity/Entities/Relationship/RelationshipStatus.cs(12,47): warning CS1591: Missing XML comment for publicly visible type or member 'RelationshipStatus.Archived' [/Users/kady/Masterdom/src/Masterdom.Core/Masterdom.Core.csproj]
/Users/kady/Masterdom/src/Masterdom.Core/Identity/Entities/Relationship/RelationshipStatus.cs(42,45): warning CS1591: Missing XML comment for publicly visible type or member 'RelationshipStatus.GetEqualityComponents()' [/Users/kady/Masterdom/src/Masterdom.Core/Masterdom.Core.csproj]
/Users/kady/Masterdom/src/Masterdom.Core/Identity/Entities/Relationship/RelationshipStatus.cs(47,28): warning CS1591: Missing XML comment for publicly visible type or member 'RelationshipStatus.ToString()' [/Users/kady/Masterdom/src/Masterdom.Core/Masterdom.Core.csproj]
/Users/kady/Masterdom/src/Masterdom.Core/Identity/Entities/Relationship/RelationshipType.cs(10,45): warning CS1591: Missing XML comment for publicly visible type or member 'RelationshipType.Owner' [/Users/kady/Masterdom/src/Masterdom.Core/Masterdom.Core.csproj]
/Users/kady/Masterdom/src/Masterdom.Core/Identity/Entities/Relationship/RelationshipType.cs(11,45): warning CS1591: Missing XML comment for publicly visible type or member 'RelationshipType.Tenant' [/Users/kady/Masterdom/src/Masterdom.Core/Masterdom.Core.csproj]
/Users/kady/Masterdom/src/Masterdom.Core/Identity/Entities/Relationship/RelationshipType.cs(12,45): warning CS1591: Missing XML comment for publicly visible type or member 'RelationshipType.Landlord' [/Users/kady/Masterdom/src/Masterdom.Core/Masterdom.Core.csproj]
/Users/kady/Masterdom/src/Masterdom.Core/Identity/Entities/Relationship/RelationshipType.cs(13,45): warning CS1591: Missing XML comment for publicly visible type or member 'RelationshipType.PropertyManager' [/Users/kady/Masterdom/src/Masterdom.Core/Masterdom.Core.csproj]
/Users/kady/Masterdom/src/Masterdom.Core/Identity/Entities/Relationship/RelationshipType.cs(14,45): warning CS1591: Missing XML comment for publicly visible type or member 'RelationshipType.Employee' [/Users/kady/Masterdom/src/Masterdom.Core/Masterdom.Core.csproj]
/Users/kady/Masterdom/src/Masterdom.Core/Identity/Entities/Relationship/RelationshipType.cs(15,45): warning CS1591: Missing XML comment for publicly visible type or member 'RelationshipType.Employer' [/Users/kady/Masterdom/src/Masterdom.Core/Masterdom.Core.csproj]
/Users/kady/Masterdom/src/Masterdom.Core/Identity/Entities/Relationship/RelationshipType.cs(16,45): warning CS1591: Missing XML comment for publicly visible type or member 'RelationshipType.Vendor' [/Users/kady/Masterdom/src/Masterdom.Core/Masterdom.Core.csproj]
/Users/kady/Masterdom/src/Masterdom.Core/Identity/Entities/Relationship/RelationshipType.cs(17,45): warning CS1591: Missing XML comment for publicly visible type or member 'RelationshipType.Customer' [/Users/kady/Masterdom/src/Masterdom.Core/Masterdom.Core.csproj]
/Users/kady/Masterdom/src/Masterdom.Core/Identity/Entities/Relationship/RelationshipType.cs(18,45): warning CS1591: Missing XML comment for publicly visible type or member 'RelationshipType.Contractor' [/Users/kady/Masterdom/src/Masterdom.Core/Masterdom.Core.csproj]
/Users/kady/Masterdom/src/Masterdom.Core/Identity/Entities/Relationship/RelationshipType.cs(19,45): warning CS1591: Missing XML comment for publicly visible type or member 'RelationshipType.ServiceProvider' [/Users/kady/Masterdom/src/Masterdom.Core/Masterdom.Core.csproj]
/Users/kady/Masterdom/src/Masterdom.Core/Identity/Entities/Relationship/RelationshipType.cs(20,45): warning CS1591: Missing XML comment for publicly visible type or member 'RelationshipType.UtilityProvider' [/Users/kady/Masterdom/src/Masterdom.Core/Masterdom.Core.csproj]
/Users/kady/Masterdom/src/Masterdom.Core/Identity/Entities/Relationship/RelationshipType.cs(21,45): warning CS1591: Missing XML comment for publicly visible type or member 'RelationshipType.TelecomOperator' [/Users/kady/Masterdom/src/Masterdom.Core/Masterdom.Core.csproj]
/Users/kady/Masterdom/src/Masterdom.Core/Identity/Entities/Relationship/RelationshipType.cs(22,45): warning CS1591: Missing XML comment for publicly visible type or member 'RelationshipType.Parent' [/Users/kady/Masterdom/src/Masterdom.Core/Masterdom.Core.csproj]
/Users/kady/Masterdom/src/Masterdom.Core/Identity/Entities/Relationship/RelationshipType.cs(23,45): warning CS1591: Missing XML comment for publicly visible type or member 'RelationshipType.Child' [/Users/kady/Masterdom/src/Masterdom.Core/Masterdom.Core.csproj]
/Users/kady/Masterdom/src/Masterdom.Core/Identity/Entities/Relationship/RelationshipType.cs(24,45): warning CS1591: Missing XML comment for publicly visible type or member 'RelationshipType.Spouse' [/Users/kady/Masterdom/src/Masterdom.Core/Masterdom.Core.csproj]
/Users/kady/Masterdom/src/Masterdom.Core/Identity/Entities/Relationship/RelationshipType.cs(25,45): warning CS1591: Missing XML comment for publicly visible type or member 'RelationshipType.Sibling' [/Users/kady/Masterdom/src/Masterdom.Core/Masterdom.Core.csproj]
/Users/kady/Masterdom/src/Masterdom.Core/Identity/Entities/Relationship/RelationshipType.cs(26,45): warning CS1591: Missing XML comment for publicly visible type or member 'RelationshipType.Guardian' [/Users/kady/Masterdom/src/Masterdom.Core/Masterdom.Core.csproj]
/Users/kady/Masterdom/src/Masterdom.Core/Identity/Entities/Relationship/RelationshipType.cs(27,45): warning CS1591: Missing XML comment for publicly visible type or member 'RelationshipType.Nominee' [/Users/kady/Masterdom/src/Masterdom.Core/Masterdom.Core.csproj]
/Users/kady/Masterdom/src/Masterdom.Core/Identity/Entities/Relationship/RelationshipType.cs(28,45): warning CS1591: Missing XML comment for publicly visible type or member 'RelationshipType.EmergencyContact' [/Users/kady/Masterdom/src/Masterdom.Core/Masterdom.Core.csproj]
/Users/kady/Masterdom/src/Masterdom.Core/Identity/Entities/Relationship/RelationshipType.cs(29,45): warning CS1591: Missing XML comment for publicly visible type or member 'RelationshipType.AuthorizedSignatory' [/Users/kady/Masterdom/src/Masterdom.Core/Masterdom.Core.csproj]
/Users/kady/Masterdom/src/Masterdom.Core/Identity/Entities/Relationship/RelationshipType.cs(30,45): warning CS1591: Missing XML comment for publicly visible type or member 'RelationshipType.Other' [/Users/kady/Masterdom/src/Masterdom.Core/Masterdom.Core.csproj]
/Users/kady/Masterdom/src/Masterdom.Core/Identity/Entities/Relationship/RelationshipType.cs(78,45): warning CS1591: Missing XML comment for publicly visible type or member 'RelationshipType.GetEqualityComponents()' [/Users/kady/Masterdom/src/Masterdom.Core/Masterdom.Core.csproj]
/Users/kady/Masterdom/src/Masterdom.Core/Identity/Entities/Relationship/RelationshipType.cs(83,28): warning CS1591: Missing XML comment for publicly visible type or member 'RelationshipType.ToString()' [/Users/kady/Masterdom/src/Masterdom.Core/Masterdom.Core.csproj]
/Users/kady/Masterdom/src/Masterdom.Core/Identity/Entities/Role/Role.cs(108,17): warning CS1591: Missing XML comment for publicly visible type or member 'Role.Rename(RoleName)' [/Users/kady/Masterdom/src/Masterdom.Core/Masterdom.Core.csproj]
/Users/kady/Masterdom/src/Masterdom.Core/Identity/Entities/Role/Role.cs(118,17): warning CS1591: Missing XML comment for publicly visible type or member 'Role.AddPermission(PermissionId)' [/Users/kady/Masterdom/src/Masterdom.Core/Masterdom.Core.csproj]
/Users/kady/Masterdom/src/Masterdom.Core/Identity/Entities/Role/Role.cs(128,17): warning CS1591: Missing XML comment for publicly visible type or member 'Role.RemovePermission(PermissionId)' [/Users/kady/Masterdom/src/Masterdom.Core/Masterdom.Core.csproj]
/Users/kady/Masterdom/src/Masterdom.Core/Identity/Entities/Role/Role.cs(135,17): warning CS1591: Missing XML comment for publicly visible type or member 'Role.ChangeDescription(string?)' [/Users/kady/Masterdom/src/Masterdom.Core/Masterdom.Core.csproj]
/Users/kady/Masterdom/src/Masterdom.Core/Identity/Entities/Role/Role.cs(142,17): warning CS1591: Missing XML comment for publicly visible type or member 'Role.ChangeRemarks(string?)' [/Users/kady/Masterdom/src/Masterdom.Core/Masterdom.Core.csproj]
/Users/kady/Masterdom/src/Masterdom.Core/Identity/Entities/Role/Role.cs(149,17): warning CS1591: Missing XML comment for publicly visible type or member 'Role.ChangeOther(string?)' [/Users/kady/Masterdom/src/Masterdom.Core/Masterdom.Core.csproj]
/Users/kady/Masterdom/src/Masterdom.Core/Identity/Entities/Role/Role.cs(156,17): warning CS1591: Missing XML comment for publicly visible type or member 'Role.SetEffectivePeriod(DateTime?, DateTime?)' [/Users/kady/Masterdom/src/Masterdom.Core/Masterdom.Core.csproj]
/Users/kady/Masterdom/src/Masterdom.Core/Identity/Entities/Role/Role.cs(170,17): warning CS1591: Missing XML comment for publicly visible type or member 'Role.SetDisplayOrder(int)' [/Users/kady/Masterdom/src/Masterdom.Core/Masterdom.Core.csproj]
/Users/kady/Masterdom/src/Masterdom.Core/Identity/Entities/Role/Role.cs(178,17): warning CS1591: Missing XML comment for publicly visible type or member 'Role.Hide()' [/Users/kady/Masterdom/src/Masterdom.Core/Masterdom.Core.csproj]
/Users/kady/Masterdom/src/Masterdom.Core/Identity/Entities/Role/Role.cs(180,17): warning CS1591: Missing XML comment for publicly visible type or member 'Role.Show()' [/Users/kady/Masterdom/src/Masterdom.Core/Masterdom.Core.csproj]
/Users/kady/Masterdom/src/Masterdom.Core/Identity/Entities/Role/Role.cs(182,17): warning CS1591: Missing XML comment for publicly visible type or member 'Role.Activate()' [/Users/kady/Masterdom/src/Masterdom.Core/Masterdom.Core.csproj]
/Users/kady/Masterdom/src/Masterdom.Core/Identity/Entities/Role/Role.cs(184,17): warning CS1591: Missing XML comment for publicly visible type or member 'Role.Deactivate()' [/Users/kady/Masterdom/src/Masterdom.Core/Masterdom.Core.csproj]
/Users/kady/Masterdom/src/Masterdom.Core/Identity/Entities/Role/Role.cs(193,17): warning CS1591: Missing XML comment for publicly visible type or member 'Role.Archive()' [/Users/kady/Masterdom/src/Masterdom.Core/Masterdom.Core.csproj]
/Users/kady/Masterdom/src/Masterdom.Core/Identity/Entities/Role/RoleCode.cs(39,45): warning CS1591: Missing XML comment for publicly visible type or member 'RoleCode.GetEqualityComponents()' [/Users/kady/Masterdom/src/Masterdom.Core/Masterdom.Core.csproj]
/Users/kady/Masterdom/src/Masterdom.Core/Identity/Entities/Role/RoleCode.cs(44,28): warning CS1591: Missing XML comment for publicly visible type or member 'RoleCode.ToString()' [/Users/kady/Masterdom/src/Masterdom.Core/Masterdom.Core.csproj]
/Users/kady/Masterdom/src/Masterdom.Core/Identity/Entities/Role/RoleCode.cs(49,37): warning CS1591: Missing XML comment for publicly visible type or member 'RoleCode.implicit operator string(RoleCode)' [/Users/kady/Masterdom/src/Masterdom.Core/Masterdom.Core.csproj]
/Users/kady/Masterdom/src/Masterdom.Core/Identity/Entities/Role/RoleId.cs(43,28): warning CS1591: Missing XML comment for publicly visible type or member 'RoleId.ToString()' [/Users/kady/Masterdom/src/Masterdom.Core/Masterdom.Core.csproj]
/Users/kady/Masterdom/src/Masterdom.Core/Identity/Entities/Role/RoleName.cs(39,45): warning CS1591: Missing XML comment for publicly visible type or member 'RoleName.GetEqualityComponents()' [/Users/kady/Masterdom/src/Masterdom.Core/Masterdom.Core.csproj]
/Users/kady/Masterdom/src/Masterdom.Core/Identity/Entities/Role/RoleName.cs(44,28): warning CS1591: Missing XML comment for publicly visible type or member 'RoleName.ToString()' [/Users/kady/Masterdom/src/Masterdom.Core/Masterdom.Core.csproj]
/Users/kady/Masterdom/src/Masterdom.Core/Identity/Entities/Role/RoleName.cs(49,37): warning CS1591: Missing XML comment for publicly visible type or member 'RoleName.implicit operator string(RoleName)' [/Users/kady/Masterdom/src/Masterdom.Core/Masterdom.Core.csproj]
/Users/kady/Masterdom/src/Masterdom.Core/Identity/Entities/Role/RoleStatus.cs(10,39): warning CS1591: Missing XML comment for publicly visible type or member 'RoleStatus.Active' [/Users/kady/Masterdom/src/Masterdom.Core/Masterdom.Core.csproj]
/Users/kady/Masterdom/src/Masterdom.Core/Identity/Entities/Role/RoleStatus.cs(11,39): warning CS1591: Missing XML comment for publicly visible type or member 'RoleStatus.Inactive' [/Users/kady/Masterdom/src/Masterdom.Core/Masterdom.Core.csproj]
/Users/kady/Masterdom/src/Masterdom.Core/Identity/Entities/Role/RoleStatus.cs(12,39): warning CS1591: Missing XML comment for publicly visible type or member 'RoleStatus.Archived' [/Users/kady/Masterdom/src/Masterdom.Core/Masterdom.Core.csproj]
/Users/kady/Masterdom/src/Masterdom.Core/Identity/Entities/Role/RoleStatus.cs(42,45): warning CS1591: Missing XML comment for publicly visible type or member 'RoleStatus.GetEqualityComponents()' [/Users/kady/Masterdom/src/Masterdom.Core/Masterdom.Core.csproj]
/Users/kady/Masterdom/src/Masterdom.Core/Identity/Entities/Role/RoleStatus.cs(47,28): warning CS1591: Missing XML comment for publicly visible type or member 'RoleStatus.ToString()' [/Users/kady/Masterdom/src/Masterdom.Core/Masterdom.Core.csproj]
/Users/kady/Masterdom/src/Masterdom.Core/Identity/Entities/RolePermission/RolePermission.cs(88,19): warning CS1591: Missing XML comment for publicly visible type or member 'RolePermission.RoleId' [/Users/kady/Masterdom/src/Masterdom.Core/Masterdom.Core.csproj]
/Users/kady/Masterdom/src/Masterdom.Core/Identity/Entities/RolePermission/RolePermission.cs(90,25): warning CS1591: Missing XML comment for publicly visible type or member 'RolePermission.PermissionId' [/Users/kady/Masterdom/src/Masterdom.Core/Masterdom.Core.csproj]
/Users/kady/Masterdom/src/Masterdom.Core/Identity/Entities/RolePermission/RolePermission.cs(92,21): warning CS1591: Missing XML comment for publicly visible type or member 'RolePermission.AssignedAtUtc' [/Users/kady/Masterdom/src/Masterdom.Core/Masterdom.Core.csproj]
/Users/kady/Masterdom/src/Masterdom.Core/Identity/Entities/RolePermission/RolePermission.cs(94,20): warning CS1591: Missing XML comment for publicly visible type or member 'RolePermission.AssignedBy' [/Users/kady/Masterdom/src/Masterdom.Core/Masterdom.Core.csproj]
/Users/kady/Masterdom/src/Masterdom.Core/Identity/Entities/RolePermission/RolePermission.cs(96,21): warning CS1591: Missing XML comment for publicly visible type or member 'RolePermission.EffectiveFromUtc' [/Users/kady/Masterdom/src/Masterdom.Core/Masterdom.Core.csproj]
/Users/kady/Masterdom/src/Masterdom.Core/Identity/Entities/RolePermission/RolePermission.cs(98,22): warning CS1591: Missing XML comment for publicly visible type or member 'RolePermission.EffectiveToUtc' [/Users/kady/Masterdom/src/Masterdom.Core/Masterdom.Core.csproj]
/Users/kady/Masterdom/src/Masterdom.Core/Identity/Entities/RolePermission/RolePermission.cs(100,20): warning CS1591: Missing XML comment for publicly visible type or member 'RolePermission.AssignmentReason' [/Users/kady/Masterdom/src/Masterdom.Core/Masterdom.Core.csproj]
/Users/kady/Masterdom/src/Masterdom.Core/Identity/Entities/RolePermission/RolePermission.cs(102,33): warning CS1591: Missing XML comment for publicly visible type or member 'RolePermission.Status' [/Users/kady/Masterdom/src/Masterdom.Core/Masterdom.Core.csproj]
/Users/kady/Masterdom/src/Masterdom.Core/Identity/Entities/RolePermission/RolePermission.cs(104,22): warning CS1591: Missing XML comment for publicly visible type or member 'RolePermission.RevokedAtUtc' [/Users/kady/Masterdom/src/Masterdom.Core/Masterdom.Core.csproj]
/Users/kady/Masterdom/src/Masterdom.Core/Identity/Entities/RolePermission/RolePermission.cs(106,20): warning CS1591: Missing XML comment for publicly visible type or member 'RolePermission.RevokedBy' [/Users/kady/Masterdom/src/Masterdom.Core/Masterdom.Core.csproj]
/Users/kady/Masterdom/src/Masterdom.Core/Identity/Entities/RolePermission/RolePermission.cs(108,20): warning CS1591: Missing XML comment for publicly visible type or member 'RolePermission.RevocationReason' [/Users/kady/Masterdom/src/Masterdom.Core/Masterdom.Core.csproj]
/Users/kady/Masterdom/src/Masterdom.Core/Identity/Entities/RolePermission/RolePermission.cs(110,20): warning CS1591: Missing XML comment for publicly visible type or member 'RolePermission.Description' [/Users/kady/Masterdom/src/Masterdom.Core/Masterdom.Core.csproj]
/Users/kady/Masterdom/src/Masterdom.Core/Identity/Entities/RolePermission/RolePermission.cs(112,20): warning CS1591: Missing XML comment for publicly visible type or member 'RolePermission.Remarks' [/Users/kady/Masterdom/src/Masterdom.Core/Masterdom.Core.csproj]
/Users/kady/Masterdom/src/Masterdom.Core/Identity/Entities/RolePermission/RolePermission.cs(114,20): warning CS1591: Missing XML comment for publicly visible type or member 'RolePermission.Other' [/Users/kady/Masterdom/src/Masterdom.Core/Masterdom.Core.csproj]
/Users/kady/Masterdom/src/Masterdom.Core/Identity/Entities/RolePermission/RolePermission.cs(116,16): warning CS1591: Missing XML comment for publicly visible type or member 'RolePermission.DisplayOrder' [/Users/kady/Masterdom/src/Masterdom.Core/Masterdom.Core.csproj]
/Users/kady/Masterdom/src/Masterdom.Core/Identity/Entities/RolePermission/RolePermission.cs(118,17): warning CS1591: Missing XML comment for publicly visible type or member 'RolePermission.IsHidden' [/Users/kady/Masterdom/src/Masterdom.Core/Masterdom.Core.csproj]
/Users/kady/Masterdom/src/Masterdom.Core/Identity/Entities/RolePermission/RolePermission.cs(120,17): warning CS1591: Missing XML comment for publicly visible type or member 'RolePermission.IsEffective(DateTime)' [/Users/kady/Masterdom/src/Masterdom.Core/Masterdom.Core.csproj]
/Users/kady/Masterdom/src/Masterdom.Core/Identity/Entities/RolePermission/RolePermissionId.cs(43,28): warning CS1591: Missing XML comment for publicly visible type or member 'RolePermissionId.ToString()' [/Users/kady/Masterdom/src/Masterdom.Core/Masterdom.Core.csproj]
/Users/kady/Masterdom/src/Masterdom.Core/Identity/Entities/RolePermission/RolePermissionStatus.cs(10,49): warning CS1591: Missing XML comment for publicly visible type or member 'RolePermissionStatus.Active' [/Users/kady/Masterdom/src/Masterdom.Core/Masterdom.Core.csproj]
/Users/kady/Masterdom/src/Masterdom.Core/Identity/Entities/RolePermission/RolePermissionStatus.cs(11,49): warning CS1591: Missing XML comment for publicly visible type or member 'RolePermissionStatus.Inactive' [/Users/kady/Masterdom/src/Masterdom.Core/Masterdom.Core.csproj]
/Users/kady/Masterdom/src/Masterdom.Core/Identity/Entities/RolePermission/RolePermissionStatus.cs(12,49): warning CS1591: Missing XML comment for publicly visible type or member 'RolePermissionStatus.Archived' [/Users/kady/Masterdom/src/Masterdom.Core/Masterdom.Core.csproj]
/Users/kady/Masterdom/src/Masterdom.Core/Identity/Entities/RolePermission/RolePermissionStatus.cs(42,45): warning CS1591: Missing XML comment for publicly visible type or member 'RolePermissionStatus.GetEqualityComponents()' [/Users/kady/Masterdom/src/Masterdom.Core/Masterdom.Core.csproj]
/Users/kady/Masterdom/src/Masterdom.Core/Identity/Entities/RolePermission/RolePermissionStatus.cs(47,28): warning CS1591: Missing XML comment for publicly visible type or member 'RolePermissionStatus.ToString()' [/Users/kady/Masterdom/src/Masterdom.Core/Masterdom.Core.csproj]
/Users/kady/Masterdom/src/Masterdom.Core/Identity/Entities/User/UserCode.cs(39,45): warning CS1591: Missing XML comment for publicly visible type or member 'UserCode.GetEqualityComponents()' [/Users/kady/Masterdom/src/Masterdom.Core/Masterdom.Core.csproj]
/Users/kady/Masterdom/src/Masterdom.Core/Identity/Entities/User/UserCode.cs(44,28): warning CS1591: Missing XML comment for publicly visible type or member 'UserCode.ToString()' [/Users/kady/Masterdom/src/Masterdom.Core/Masterdom.Core.csproj]
/Users/kady/Masterdom/src/Masterdom.Core/Identity/Entities/User/UserCode.cs(49,37): warning CS1591: Missing XML comment for publicly visible type or member 'UserCode.implicit operator string(UserCode)' [/Users/kady/Masterdom/src/Masterdom.Core/Masterdom.Core.csproj]
/Users/kady/Masterdom/src/Masterdom.Core/Identity/Entities/User/UserId.cs(43,28): warning CS1591: Missing XML comment for publicly visible type or member 'UserId.ToString()' [/Users/kady/Masterdom/src/Masterdom.Core/Masterdom.Core.csproj]
/Users/kady/Masterdom/src/Masterdom.Core/Identity/Entities/User/Username.cs(53,45): warning CS1591: Missing XML comment for publicly visible type or member 'Username.GetEqualityComponents()' [/Users/kady/Masterdom/src/Masterdom.Core/Masterdom.Core.csproj]
/Users/kady/Masterdom/src/Masterdom.Core/Identity/Entities/User/Username.cs(58,28): warning CS1591: Missing XML comment for publicly visible type or member 'Username.ToString()' [/Users/kady/Masterdom/src/Masterdom.Core/Masterdom.Core.csproj]
/Users/kady/Masterdom/src/Masterdom.Core/Identity/Entities/User/Username.cs(63,37): warning CS1591: Missing XML comment for publicly visible type or member 'Username.implicit operator string(Username)' [/Users/kady/Masterdom/src/Masterdom.Core/Masterdom.Core.csproj]
/Users/kady/Masterdom/src/Masterdom.Core/Identity/Entities/User/UserStatus.cs(10,39): warning CS1591: Missing XML comment for publicly visible type or member 'UserStatus.Active' [/Users/kady/Masterdom/src/Masterdom.Core/Masterdom.Core.csproj]
/Users/kady/Masterdom/src/Masterdom.Core/Identity/Entities/User/UserStatus.cs(11,39): warning CS1591: Missing XML comment for publicly visible type or member 'UserStatus.Inactive' [/Users/kady/Masterdom/src/Masterdom.Core/Masterdom.Core.csproj]
/Users/kady/Masterdom/src/Masterdom.Core/Identity/Entities/User/UserStatus.cs(12,39): warning CS1591: Missing XML comment for publicly visible type or member 'UserStatus.Locked' [/Users/kady/Masterdom/src/Masterdom.Core/Masterdom.Core.csproj]
/Users/kady/Masterdom/src/Masterdom.Core/Identity/Entities/User/UserStatus.cs(13,39): warning CS1591: Missing XML comment for publicly visible type or member 'UserStatus.Suspended' [/Users/kady/Masterdom/src/Masterdom.Core/Masterdom.Core.csproj]
/Users/kady/Masterdom/src/Masterdom.Core/Identity/Entities/User/UserStatus.cs(14,39): warning CS1591: Missing XML comment for publicly visible type or member 'UserStatus.Archived' [/Users/kady/Masterdom/src/Masterdom.Core/Masterdom.Core.csproj]
/Users/kady/Masterdom/src/Masterdom.Core/Identity/Entities/User/UserStatus.cs(46,45): warning CS1591: Missing XML comment for publicly visible type or member 'UserStatus.GetEqualityComponents()' [/Users/kady/Masterdom/src/Masterdom.Core/Masterdom.Core.csproj]
/Users/kady/Masterdom/src/Masterdom.Core/Identity/Entities/User/UserStatus.cs(51,28): warning CS1591: Missing XML comment for publicly visible type or member 'UserStatus.ToString()' [/Users/kady/Masterdom/src/Masterdom.Core/Masterdom.Core.csproj]
/Users/kady/Masterdom/src/Masterdom.Core/Identity/Entities/UserRole/UserRoleId.cs(5,22): warning CS1591: Missing XML comment for publicly visible type or member 'UserRoleId' [/Users/kady/Masterdom/src/Masterdom.Core/Masterdom.Core.csproj]
/Users/kady/Masterdom/src/Masterdom.Core/Identity/Entities/UserRole/UserRoleId.cs(5,22): warning CS1591: Missing XML comment for publicly visible type or member 'UserRoleId.UserRoleId(Guid)' [/Users/kady/Masterdom/src/Masterdom.Core/Masterdom.Core.csproj]
/Users/kady/Masterdom/src/Masterdom.Core/Identity/Entities/UserRole/UserRoleId.cs(7,30): warning CS1591: Missing XML comment for publicly visible type or member 'UserRoleId.New()' [/Users/kady/Masterdom/src/Masterdom.Core/Masterdom.Core.csproj]
/Users/kady/Masterdom/src/Masterdom.Core/Identity/Entities/UserRole/UserRoleId.cs(9,30): warning CS1591: Missing XML comment for publicly visible type or member 'UserRoleId.From(Guid)' [/Users/kady/Masterdom/src/Masterdom.Core/Masterdom.Core.csproj]
/Users/kady/Masterdom/src/Masterdom.Core/Identity/Entities/UserRole/UserRoleId.cs(17,28): warning CS1591: Missing XML comment for publicly visible type or member 'UserRoleId.ToString()' [/Users/kady/Masterdom/src/Masterdom.Core/Masterdom.Core.csproj]
/Users/kady/Masterdom/src/Masterdom.Core/Identity/Entities/UserRole/UserRoleStatus.cs(5,21): warning CS1591: Missing XML comment for publicly visible type or member 'UserRoleStatus' [/Users/kady/Masterdom/src/Masterdom.Core/Masterdom.Core.csproj]
/Users/kady/Masterdom/src/Masterdom.Core/Identity/Entities/UserRole/UserRoleStatus.cs(7,43): warning CS1591: Missing XML comment for publicly visible type or member 'UserRoleStatus.Active' [/Users/kady/Masterdom/src/Masterdom.Core/Masterdom.Core.csproj]
/Users/kady/Masterdom/src/Masterdom.Core/Identity/Entities/UserRole/UserRoleStatus.cs(8,43): warning CS1591: Missing XML comment for publicly visible type or member 'UserRoleStatus.Inactive' [/Users/kady/Masterdom/src/Masterdom.Core/Masterdom.Core.csproj]
/Users/kady/Masterdom/src/Masterdom.Core/Identity/Entities/UserRole/UserRoleStatus.cs(9,43): warning CS1591: Missing XML comment for publicly visible type or member 'UserRoleStatus.Archived' [/Users/kady/Masterdom/src/Masterdom.Core/Masterdom.Core.csproj]
/Users/kady/Masterdom/src/Masterdom.Core/Identity/Entities/UserRole/UserRoleStatus.cs(16,19): warning CS1591: Missing XML comment for publicly visible type or member 'UserRoleStatus.Value' [/Users/kady/Masterdom/src/Masterdom.Core/Masterdom.Core.csproj]
/Users/kady/Masterdom/src/Masterdom.Core/Identity/Entities/UserRole/UserRoleStatus.cs(18,34): warning CS1591: Missing XML comment for publicly visible type or member 'UserRoleStatus.Create(string)' [/Users/kady/Masterdom/src/Masterdom.Core/Masterdom.Core.csproj]
/Users/kady/Masterdom/src/Masterdom.Core/Identity/Entities/UserRole/UserRoleStatus.cs(33,45): warning CS1591: Missing XML comment for publicly visible type or member 'UserRoleStatus.GetEqualityComponents()' [/Users/kady/Masterdom/src/Masterdom.Core/Masterdom.Core.csproj]
/Users/kady/Masterdom/src/Masterdom.Core/Identity/Entities/UserRole/UserRoleStatus.cs(38,28): warning CS1591: Missing XML comment for publicly visible type or member 'UserRoleStatus.ToString()' [/Users/kady/Masterdom/src/Masterdom.Core/Masterdom.Core.csproj]
/Users/kady/Masterdom/src/Masterdom.Core/Identity/Entities/UserSession/UserSessionId.cs(43,28): warning CS1591: Missing XML comment for publicly visible type or member 'UserSessionId.ToString()' [/Users/kady/Masterdom/src/Masterdom.Core/Masterdom.Core.csproj]
/Users/kady/Masterdom/src/Masterdom.Core/Identity/Entities/UserSession/UserSessionStatus.cs(10,46): warning CS1591: Missing XML comment for publicly visible type or member 'UserSessionStatus.Active' [/Users/kady/Masterdom/src/Masterdom.Core/Masterdom.Core.csproj]
/Users/kady/Masterdom/src/Masterdom.Core/Identity/Entities/UserSession/UserSessionStatus.cs(11,46): warning CS1591: Missing XML comment for publicly visible type or member 'UserSessionStatus.Ended' [/Users/kady/Masterdom/src/Masterdom.Core/Masterdom.Core.csproj]
/Users/kady/Masterdom/src/Masterdom.Core/Identity/Entities/UserSession/UserSessionStatus.cs(12,46): warning CS1591: Missing XML comment for publicly visible type or member 'UserSessionStatus.Expired' [/Users/kady/Masterdom/src/Masterdom.Core/Masterdom.Core.csproj]
/Users/kady/Masterdom/src/Masterdom.Core/Identity/Entities/UserSession/UserSessionStatus.cs(13,46): warning CS1591: Missing XML comment for publicly visible type or member 'UserSessionStatus.Revoked' [/Users/kady/Masterdom/src/Masterdom.Core/Masterdom.Core.csproj]
/Users/kady/Masterdom/src/Masterdom.Core/Identity/Entities/UserSession/UserSessionStatus.cs(44,45): warning CS1591: Missing XML comment for publicly visible type or member 'UserSessionStatus.GetEqualityComponents()' [/Users/kady/Masterdom/src/Masterdom.Core/Masterdom.Core.csproj]
/Users/kady/Masterdom/src/Masterdom.Core/Identity/Entities/UserSession/UserSessionStatus.cs(49,28): warning CS1591: Missing XML comment for publicly visible type or member 'UserSessionStatus.ToString()' [/Users/kady/Masterdom/src/Masterdom.Core/Masterdom.Core.csproj]
/Users/kady/Masterdom/src/Masterdom.Core/Identity/Enums/LoginProvider.cs(3,13): warning CS1591: Missing XML comment for publicly visible type or member 'LoginProvider' [/Users/kady/Masterdom/src/Masterdom.Core/Masterdom.Core.csproj]
/Users/kady/Masterdom/src/Masterdom.Core/Identity/Enums/LoginProvider.cs(5,5): warning CS1591: Missing XML comment for publicly visible type or member 'LoginProvider.Password' [/Users/kady/Masterdom/src/Masterdom.Core/Masterdom.Core.csproj]
/Users/kady/Masterdom/src/Masterdom.Core/Identity/Enums/LoginProvider.cs(6,5): warning CS1591: Missing XML comment for publicly visible type or member 'LoginProvider.Google' [/Users/kady/Masterdom/src/Masterdom.Core/Masterdom.Core.csproj]
/Users/kady/Masterdom/src/Masterdom.Core/Identity/Enums/LoginProvider.cs(7,5): warning CS1591: Missing XML comment for publicly visible type or member 'LoginProvider.Microsoft' [/Users/kady/Masterdom/src/Masterdom.Core/Masterdom.Core.csproj]
/Users/kady/Masterdom/src/Masterdom.Core/Identity/Enums/LoginProvider.cs(8,5): warning CS1591: Missing XML comment for publicly visible type or member 'LoginProvider.Apple' [/Users/kady/Masterdom/src/Masterdom.Core/Masterdom.Core.csproj]
/Users/kady/Masterdom/src/Masterdom.Core/Identity/Enums/LoginProvider.cs(9,5): warning CS1591: Missing XML comment for publicly visible type or member 'LoginProvider.Phone' [/Users/kady/Masterdom/src/Masterdom.Core/Masterdom.Core.csproj]
/Users/kady/Masterdom/src/Masterdom.Core/Identity/Enums/LoginProvider.cs(10,5): warning CS1591: Missing XML comment for publicly visible type or member 'LoginProvider.ApiKey' [/Users/kady/Masterdom/src/Masterdom.Core/Masterdom.Core.csproj]
/Users/kady/Masterdom/src/Masterdom.Core/Identity/Enums/PreferredLanguage.cs(3,13): warning CS1591: Missing XML comment for publicly visible type or member 'PreferredLanguage' [/Users/kady/Masterdom/src/Masterdom.Core/Masterdom.Core.csproj]
/Users/kady/Masterdom/src/Masterdom.Core/Identity/Enums/PreferredLanguage.cs(5,5): warning CS1591: Missing XML comment for publicly visible type or member 'PreferredLanguage.English' [/Users/kady/Masterdom/src/Masterdom.Core/Masterdom.Core.csproj]
/Users/kady/Masterdom/src/Masterdom.Core/Identity/Enums/PreferredLanguage.cs(6,5): warning CS1591: Missing XML comment for publicly visible type or member 'PreferredLanguage.Hindi' [/Users/kady/Masterdom/src/Masterdom.Core/Masterdom.Core.csproj]
/Users/kady/Masterdom/src/Masterdom.Core/Identity/Enums/UserType.cs(3,13): warning CS1591: Missing XML comment for publicly visible type or member 'UserType' [/Users/kady/Masterdom/src/Masterdom.Core/Masterdom.Core.csproj]
/Users/kady/Masterdom/src/Masterdom.Core/Identity/Enums/UserType.cs(5,5): warning CS1591: Missing XML comment for publicly visible type or member 'UserType.SuperUser' [/Users/kady/Masterdom/src/Masterdom.Core/Masterdom.Core.csproj]
/Users/kady/Masterdom/src/Masterdom.Core/Identity/Enums/UserType.cs(6,5): warning CS1591: Missing XML comment for publicly visible type or member 'UserType.PropertyOwner' [/Users/kady/Masterdom/src/Masterdom.Core/Masterdom.Core.csproj]
/Users/kady/Masterdom/src/Masterdom.Core/Identity/Enums/UserType.cs(7,5): warning CS1591: Missing XML comment for publicly visible type or member 'UserType.Manager' [/Users/kady/Masterdom/src/Masterdom.Core/Masterdom.Core.csproj]
/Users/kady/Masterdom/src/Masterdom.Core/Identity/Enums/UserType.cs(8,5): warning CS1591: Missing XML comment for publicly visible type or member 'UserType.Tenant' [/Users/kady/Masterdom/src/Masterdom.Core/Masterdom.Core.csproj]
/Users/kady/Masterdom/src/Masterdom.Core/Identity/Enums/UserType.cs(9,5): warning CS1591: Missing XML comment for publicly visible type or member 'UserType.Vendor' [/Users/kady/Masterdom/src/Masterdom.Core/Masterdom.Core.csproj]
/Users/kady/Masterdom/src/Masterdom.Core/Identity/Enums/UserType.cs(10,5): warning CS1591: Missing XML comment for publicly visible type or member 'UserType.Employee' [/Users/kady/Masterdom/src/Masterdom.Core/Masterdom.Core.csproj]
/Users/kady/Masterdom/src/Masterdom.Core/Identity/Enums/UserType.cs(11,5): warning CS1591: Missing XML comment for publicly visible type or member 'UserType.Auditor' [/Users/kady/Masterdom/src/Masterdom.Core/Masterdom.Core.csproj]
/Users/kady/Masterdom/src/Masterdom.Core/Identity/Enums/UserType.cs(12,5): warning CS1591: Missing XML comment for publicly visible type or member 'UserType.Api' [/Users/kady/Masterdom/src/Masterdom.Core/Masterdom.Core.csproj]
/Users/kady/Masterdom/src/Masterdom.Core/Identity/Enums/UserType.cs(13,5): warning CS1591: Missing XML comment for publicly visible type or member 'UserType.System' [/Users/kady/Masterdom/src/Masterdom.Core/Masterdom.Core.csproj]
/Users/kady/Masterdom/src/Masterdom.Core/Identity/StronglyTypedId.cs(12,15): warning CS1591: Missing XML comment for publicly visible type or member 'StronglyTypedId<TValue>.StronglyTypedId(TValue)' [/Users/kady/Masterdom/src/Masterdom.Core/Masterdom.Core.csproj]
/Users/kady/Masterdom/src/Masterdom.Core/Identity/StronglyTypedId.cs(22,28): warning CS1591: Missing XML comment for publicly visible type or member 'StronglyTypedId<TValue>.ToString()' [/Users/kady/Masterdom/src/Masterdom.Core/Masterdom.Core.csproj]
/Users/kady/Masterdom/src/Masterdom.Core/Identity/ValueObjects/Email.cs(5,22): warning CS1591: Missing XML comment for publicly visible type or member 'Email' [/Users/kady/Masterdom/src/Masterdom.Core/Masterdom.Core.csproj]
/Users/kady/Masterdom/src/Masterdom.Core/Identity/ValueObjects/Email.cs(7,19): warning CS1591: Missing XML comment for publicly visible type or member 'Email.Value' [/Users/kady/Masterdom/src/Masterdom.Core/Masterdom.Core.csproj]
/Users/kady/Masterdom/src/Masterdom.Core/Identity/ValueObjects/Email.cs(9,12): warning CS1591: Missing XML comment for publicly visible type or member 'Email.Email(string)' [/Users/kady/Masterdom/src/Masterdom.Core/Masterdom.Core.csproj]
/Users/kady/Masterdom/src/Masterdom.Core/Identity/ValueObjects/Email.cs(20,28): warning CS1591: Missing XML comment for publicly visible type or member 'Email.ToString()' [/Users/kady/Masterdom/src/Masterdom.Core/Masterdom.Core.csproj]
/Users/kady/Masterdom/src/Masterdom.Core/Identity/ValueObjects/Email.cs(23,37): warning CS1591: Missing XML comment for publicly visible type or member 'Email.implicit operator string(Email)' [/Users/kady/Masterdom/src/Masterdom.Core/Masterdom.Core.csproj]
/Users/kady/Masterdom/src/Masterdom.Core/Identity/ValueObjects/PhoneNumber.cs(5,21): warning CS1591: Missing XML comment for publicly visible type or member 'PhoneNumber' [/Users/kady/Masterdom/src/Masterdom.Core/Masterdom.Core.csproj]
/Users/kady/Masterdom/src/Masterdom.Core/Identity/ValueObjects/PhoneNumber.cs(7,19): warning CS1591: Missing XML comment for publicly visible type or member 'PhoneNumber.CountryCode' [/Users/kady/Masterdom/src/Masterdom.Core/Masterdom.Core.csproj]
/Users/kady/Masterdom/src/Masterdom.Core/Identity/ValueObjects/PhoneNumber.cs(9,19): warning CS1591: Missing XML comment for publicly visible type or member 'PhoneNumber.Number' [/Users/kady/Masterdom/src/Masterdom.Core/Masterdom.Core.csproj]
/Users/kady/Masterdom/src/Masterdom.Core/Identity/ValueObjects/PhoneNumber.cs(11,12): warning CS1591: Missing XML comment for publicly visible type or member 'PhoneNumber.PhoneNumber(string, string)' [/Users/kady/Masterdom/src/Masterdom.Core/Masterdom.Core.csproj]
/Users/kady/Masterdom/src/Masterdom.Core/Identity/ValueObjects/PhoneNumber.cs(18,45): warning CS1591: Missing XML comment for publicly visible type or member 'PhoneNumber.GetEqualityComponents()' [/Users/kady/Masterdom/src/Masterdom.Core/Masterdom.Core.csproj]
/Users/kady/Masterdom/src/Masterdom.Core/Identity/ValueObjects/PhoneNumber.cs(24,28): warning CS1591: Missing XML comment for publicly visible type or member 'PhoneNumber.ToString()' [/Users/kady/Masterdom/src/Masterdom.Core/Masterdom.Core.csproj]
/Users/kady/Masterdom/src/Masterdom.Core/Identity/ValueObjects/TimeZoneId.cs(5,21): warning CS1591: Missing XML comment for publicly visible type or member 'TimeZoneId' [/Users/kady/Masterdom/src/Masterdom.Core/Masterdom.Core.csproj]
/Users/kady/Masterdom/src/Masterdom.Core/Identity/ValueObjects/TimeZoneId.cs(7,19): warning CS1591: Missing XML comment for publicly visible type or member 'TimeZoneId.Value' [/Users/kady/Masterdom/src/Masterdom.Core/Masterdom.Core.csproj]
/Users/kady/Masterdom/src/Masterdom.Core/Identity/ValueObjects/TimeZoneId.cs(9,12): warning CS1591: Missing XML comment for publicly visible type or member 'TimeZoneId.TimeZoneId(string)' [/Users/kady/Masterdom/src/Masterdom.Core/Masterdom.Core.csproj]
/Users/kady/Masterdom/src/Masterdom.Core/Identity/ValueObjects/TimeZoneId.cs(26,45): warning CS1591: Missing XML comment for publicly visible type or member 'TimeZoneId.GetEqualityComponents()' [/Users/kady/Masterdom/src/Masterdom.Core/Masterdom.Core.csproj]
/Users/kady/Masterdom/src/Masterdom.Core/Identity/ValueObjects/TimeZoneId.cs(31,28): warning CS1591: Missing XML comment for publicly visible type or member 'TimeZoneId.ToString()' [/Users/kady/Masterdom/src/Masterdom.Core/Masterdom.Core.csproj]
/Users/kady/Masterdom/src/Masterdom.Core/Primitives/AggregateRoot.cs(18,15): warning CS1591: Missing XML comment for publicly visible type or member 'AggregateRoot<TId>.AggregateRoot(TId)' [/Users/kady/Masterdom/src/Masterdom.Core/Masterdom.Core.csproj]
/Users/kady/Masterdom/src/Masterdom.Core/Primitives/Entity.cs(13,15): warning CS1591: Missing XML comment for publicly visible type or member 'Entity<TId>.Entity(TId)' [/Users/kady/Masterdom/src/Masterdom.Core/Masterdom.Core.csproj]
/Users/kady/Masterdom/src/Masterdom.Core/Primitives/Entity.cs(23,17): warning CS1591: Missing XML comment for publicly visible type or member 'Entity<TId>.Equals(Entity<TId>?)' [/Users/kady/Masterdom/src/Masterdom.Core/Masterdom.Core.csproj]
/Users/kady/Masterdom/src/Masterdom.Core/Primitives/Entity.cs(35,26): warning CS1591: Missing XML comment for publicly visible type or member 'Entity<TId>.Equals(object?)' [/Users/kady/Masterdom/src/Masterdom.Core/Masterdom.Core.csproj]
/Users/kady/Masterdom/src/Masterdom.Core/Primitives/Entity.cs(38,25): warning CS1591: Missing XML comment for publicly visible type or member 'Entity<TId>.GetHashCode()' [/Users/kady/Masterdom/src/Masterdom.Core/Masterdom.Core.csproj]
/Users/kady/Masterdom/src/Masterdom.Core/Primitives/Entity.cs(41,33): warning CS1591: Missing XML comment for publicly visible type or member 'Entity<TId>.operator ==(Entity<TId>?, Entity<TId>?)' [/Users/kady/Masterdom/src/Masterdom.Core/Masterdom.Core.csproj]
/Users/kady/Masterdom/src/Masterdom.Core/Primitives/Entity.cs(46,33): warning CS1591: Missing XML comment for publicly visible type or member 'Entity<TId>.operator !=(Entity<TId>?, Entity<TId>?)' [/Users/kady/Masterdom/src/Masterdom.Core/Masterdom.Core.csproj]
/Users/kady/Masterdom/src/Masterdom.Core/Primitives/Entity.cs(51,28): warning CS1591: Missing XML comment for publicly visible type or member 'Entity<TId>.ToString()' [/Users/kady/Masterdom/src/Masterdom.Core/Masterdom.Core.csproj]
/Users/kady/Masterdom/src/Masterdom.Core/Primitives/EntityId.cs(8,28): warning CS1591: Missing XML comment for publicly visible type or member 'EntityId.ToString()' [/Users/kady/Masterdom/src/Masterdom.Core/Masterdom.Core.csproj]
/Users/kady/Masterdom/src/Masterdom.Core/Primitives/ValueObject.cs(18,17): warning CS1591: Missing XML comment for publicly visible type or member 'ValueObject.Equals(ValueObject?)' [/Users/kady/Masterdom/src/Masterdom.Core/Masterdom.Core.csproj]
/Users/kady/Masterdom/src/Masterdom.Core/Primitives/ValueObject.cs(33,26): warning CS1591: Missing XML comment for publicly visible type or member 'ValueObject.Equals(object?)' [/Users/kady/Masterdom/src/Masterdom.Core/Masterdom.Core.csproj]
/Users/kady/Masterdom/src/Masterdom.Core/Primitives/ValueObject.cs(36,25): warning CS1591: Missing XML comment for publicly visible type or member 'ValueObject.GetHashCode()' [/Users/kady/Masterdom/src/Masterdom.Core/Masterdom.Core.csproj]
/Users/kady/Masterdom/src/Masterdom.Core/Primitives/ValueObject.cs(48,33): warning CS1591: Missing XML comment for publicly visible type or member 'ValueObject.operator ==(ValueObject?, ValueObject?)' [/Users/kady/Masterdom/src/Masterdom.Core/Masterdom.Core.csproj]
/Users/kady/Masterdom/src/Masterdom.Core/Primitives/ValueObject.cs(55,33): warning CS1591: Missing XML comment for publicly visible type or member 'ValueObject.operator !=(ValueObject?, ValueObject?)' [/Users/kady/Masterdom/src/Masterdom.Core/Masterdom.Core.csproj]
/Users/kady/Masterdom/src/Masterdom.Core/Security/AuthorizationResult.cs(15,17): warning CS1591: Missing XML comment for publicly visible type or member 'AuthorizationResult.IsAllowed' [/Users/kady/Masterdom/src/Masterdom.Core/Masterdom.Core.csproj]
/Users/kady/Masterdom/src/Masterdom.Core/Security/AuthorizationResult.cs(17,19): warning CS1591: Missing XML comment for publicly visible type or member 'AuthorizationResult.ErrorCode' [/Users/kady/Masterdom/src/Masterdom.Core/Masterdom.Core.csproj]
/Users/kady/Masterdom/src/Masterdom.Core/Security/AuthorizationResult.cs(19,20): warning CS1591: Missing XML comment for publicly visible type or member 'AuthorizationResult.ErrorMessage' [/Users/kady/Masterdom/src/Masterdom.Core/Masterdom.Core.csproj]
/Users/kady/Masterdom/src/Masterdom.Core/Security/AuthorizationResult.cs(21,39): warning CS1591: Missing XML comment for publicly visible type or member 'AuthorizationResult.Allowed()' [/Users/kady/Masterdom/src/Masterdom.Core/Masterdom.Core.csproj]
/Users/kady/Masterdom/src/Masterdom.Core/Security/AuthorizationResult.cs(23,39): warning CS1591: Missing XML comment for publicly visible type or member 'AuthorizationResult.Challenge(string?)' [/Users/kady/Masterdom/src/Masterdom.Core/Masterdom.Core.csproj]
/Users/kady/Masterdom/src/Masterdom.Core/Security/AuthorizationResult.cs(26,39): warning CS1591: Missing XML comment for publicly visible type or member 'AuthorizationResult.Forbid(string?)' [/Users/kady/Masterdom/src/Masterdom.Core/Masterdom.Core.csproj]
/Users/kady/Masterdom/src/Masterdom.Core/Security/CurrentUser.cs(33,31): warning CS1591: Missing XML comment for publicly visible type or member 'CurrentUser.Anonymous' [/Users/kady/Masterdom/src/Masterdom.Core/Masterdom.Core.csproj]
/Users/kady/Masterdom/src/Masterdom.Core/Security/CurrentUser.cs(43,17): warning CS1591: Missing XML comment for publicly visible type or member 'CurrentUser.IsAuthenticated' [/Users/kady/Masterdom/src/Masterdom.Core/Masterdom.Core.csproj]
/Users/kady/Masterdom/src/Masterdom.Core/Security/CurrentUser.cs(45,18): warning CS1591: Missing XML comment for publicly visible type or member 'CurrentUser.UserId' [/Users/kady/Masterdom/src/Masterdom.Core/Masterdom.Core.csproj]
/Users/kady/Masterdom/src/Masterdom.Core/Security/CurrentUser.cs(47,18): warning CS1591: Missing XML comment for publicly visible type or member 'CurrentUser.PersonId' [/Users/kady/Masterdom/src/Masterdom.Core/Masterdom.Core.csproj]
/Users/kady/Masterdom/src/Masterdom.Core/Security/CurrentUser.cs(49,20): warning CS1591: Missing XML comment for publicly visible type or member 'CurrentUser.Username' [/Users/kady/Masterdom/src/Masterdom.Core/Masterdom.Core.csproj]
/Users/kady/Masterdom/src/Masterdom.Core/Security/CurrentUser.cs(51,40): warning CS1591: Missing XML comment for publicly visible type or member 'CurrentUser.Roles' [/Users/kady/Masterdom/src/Masterdom.Core/Masterdom.Core.csproj]
/Users/kady/Masterdom/src/Masterdom.Core/Security/CurrentUser.cs(53,40): warning CS1591: Missing XML comment for publicly visible type or member 'CurrentUser.Permissions' [/Users/kady/Masterdom/src/Masterdom.Core/Masterdom.Core.csproj]
/Users/kady/Masterdom/src/Masterdom.Core/Security/CurrentUser.cs(55,38): warning CS1591: Missing XML comment for publicly visible type or member 'CurrentUser.PropertyScopes' [/Users/kady/Masterdom/src/Masterdom.Core/Masterdom.Core.csproj]
/Users/kady/Masterdom/src/Masterdom.Core/Security/CurrentUser.cs(57,38): warning CS1591: Missing XML comment for publicly visible type or member 'CurrentUser.OwnedPropertyIds' [/Users/kady/Masterdom/src/Masterdom.Core/Masterdom.Core.csproj]
/Users/kady/Masterdom/src/Masterdom.Core/Security/CurrentUser.cs(59,31): warning CS1591: Missing XML comment for publicly visible type or member 'CurrentUser.Authenticated(Guid?, Guid?, string?, IReadOnlyCollection<string>?, IReadOnlyCollection<string>?, IReadOnlyCollection<Guid>?, IReadOnlyCollection<Guid>?)' [/Users/kady/Masterdom/src/Masterdom.Core/Masterdom.Core.csproj]
/Users/kady/Masterdom/src/Masterdom.Core/Security/CurrentUser.cs(79,17): warning CS1591: Missing XML comment for publicly visible type or member 'CurrentUser.IsInRole(string)' [/Users/kady/Masterdom/src/Masterdom.Core/Masterdom.Core.csproj]
/Users/kady/Masterdom/src/Masterdom.Core/Security/CurrentUser.cs(86,17): warning CS1591: Missing XML comment for publicly visible type or member 'CurrentUser.HasPermission(string)' [/Users/kady/Masterdom/src/Masterdom.Core/Masterdom.Core.csproj]
/Users/kady/Masterdom/src/Masterdom.Core/Security/CurrentUser.cs(93,17): warning CS1591: Missing XML comment for publicly visible type or member 'CurrentUser.HasPropertyScope(Guid)' [/Users/kady/Masterdom/src/Masterdom.Core/Masterdom.Core.csproj]
/Users/kady/Masterdom/src/Masterdom.Core/Security/CurrentUser.cs(98,17): warning CS1591: Missing XML comment for publicly visible type or member 'CurrentUser.OwnsProperty(Guid)' [/Users/kady/Masterdom/src/Masterdom.Core/Masterdom.Core.csproj]
/Users/kady/Masterdom/src/Masterdom.Core/Security/ICapabilityAuthorizationPolicyProvider.cs(8,35): warning CS1591: Missing XML comment for publicly visible type or member 'ICapabilityAuthorizationPolicyProvider.GetPolicy(string)' [/Users/kady/Masterdom/src/Masterdom.Core/Masterdom.Core.csproj]
/Users/kady/Masterdom/src/Masterdom.Core/Security/ICurrentUserAccessor.cs(8,17): warning CS1591: Missing XML comment for publicly visible type or member 'ICurrentUserAccessor.GetCurrentUser()' [/Users/kady/Masterdom/src/Masterdom.Core/Masterdom.Core.csproj]
/Users/kady/Masterdom/src/Masterdom.Core/Security/IPropertyCapabilityAuthorizationService.cs(8,25): warning CS1591: Missing XML comment for publicly visible type or member 'IPropertyCapabilityAuthorizationService.Authorize(AuthorizationContext)' [/Users/kady/Masterdom/src/Masterdom.Core/Masterdom.Core.csproj]
/Users/kady/Masterdom/src/Masterdom.Core/Security/MasterdomClaimTypes.cs(8,25): warning CS1591: Missing XML comment for publicly visible type or member 'MasterdomClaimTypes.Permission' [/Users/kady/Masterdom/src/Masterdom.Core/Masterdom.Core.csproj]
/Users/kady/Masterdom/src/Masterdom.Core/Security/MasterdomClaimTypes.cs(9,25): warning CS1591: Missing XML comment for publicly visible type or member 'MasterdomClaimTypes.PersonId' [/Users/kady/Masterdom/src/Masterdom.Core/Masterdom.Core.csproj]
/Users/kady/Masterdom/src/Masterdom.Core/Security/MasterdomClaimTypes.cs(10,25): warning CS1591: Missing XML comment for publicly visible type or member 'MasterdomClaimTypes.PropertyScope' [/Users/kady/Masterdom/src/Masterdom.Core/Masterdom.Core.csproj]
/Users/kady/Masterdom/src/Masterdom.Core/Security/MasterdomClaimTypes.cs(11,25): warning CS1591: Missing XML comment for publicly visible type or member 'MasterdomClaimTypes.OwnedProperty' [/Users/kady/Masterdom/src/Masterdom.Core/Masterdom.Core.csproj]
/Users/kady/Masterdom/src/Masterdom.Core/Security/MasterdomRoles.cs(8,25): warning CS1591: Missing XML comment for publicly visible type or member 'MasterdomRoles.SuperUser' [/Users/kady/Masterdom/src/Masterdom.Core/Masterdom.Core.csproj]
/Users/kady/Masterdom/src/Masterdom.Core/Security/MasterdomRoles.cs(9,25): warning CS1591: Missing XML comment for publicly visible type or member 'MasterdomRoles.PropertyOwner' [/Users/kady/Masterdom/src/Masterdom.Core/Masterdom.Core.csproj]
/Users/kady/Masterdom/src/Masterdom.Core/Security/MasterdomRoles.cs(10,25): warning CS1591: Missing XML comment for publicly visible type or member 'MasterdomRoles.Manager' [/Users/kady/Masterdom/src/Masterdom.Core/Masterdom.Core.csproj]
/Users/kady/Masterdom/src/Masterdom.Core/Security/MasterdomRoles.cs(11,25): warning CS1591: Missing XML comment for publicly visible type or member 'MasterdomRoles.Tenant' [/Users/kady/Masterdom/src/Masterdom.Core/Masterdom.Core.csproj]
/Users/kady/Masterdom/src/Masterdom.Core/Validation/Guard.cs(8,25): warning CS1591: Missing XML comment for publicly visible type or member 'Guard.Against' [/Users/kady/Masterdom/src/Masterdom.Core/Masterdom.Core.csproj]
/Users/kady/Masterdom/src/Masterdom.Core/Validation/Guard.cs(10,25): warning CS1591: Missing XML comment for publicly visible type or member 'Guard.Against.Null<T>(T?, string)' [/Users/kady/Masterdom/src/Masterdom.Core/Masterdom.Core.csproj]
/Users/kady/Masterdom/src/Masterdom.Core/Validation/Guard.cs(17,30): warning CS1591: Missing XML comment for publicly visible type or member 'Guard.Against.NullOrWhiteSpace(string?, string)' [/Users/kady/Masterdom/src/Masterdom.Core/Masterdom.Core.csproj]
/Users/kady/Masterdom/src/Masterdom.Core/Validation/Guard.cs(23,28): warning CS1591: Missing XML comment for publicly visible type or member 'Guard.Against.Empty(Guid, string)' [/Users/kady/Masterdom/src/Masterdom.Core/Masterdom.Core.csproj]
/Users/kady/Masterdom/src/Masterdom.Core/Validation/Guard.cs(31,25): warning CS1591: Missing XML comment for publicly visible type or member 'Guard.Against.Default<T>(T, string)' [/Users/kady/Masterdom/src/Masterdom.Core/Masterdom.Core.csproj]
/Users/kady/Masterdom/src/Masterdom.Core/Validation/Guard.cs(40,27): warning CS1591: Missing XML comment for publicly visible type or member 'Guard.Against.Negative(int, string)' [/Users/kady/Masterdom/src/Masterdom.Core/Masterdom.Core.csproj]
/Users/kady/Masterdom/src/Masterdom.Core/Validation/Guard.cs(48,27): warning CS1591: Missing XML comment for publicly visible type or member 'Guard.Against.NegativeOrZero(int, string)' [/Users/kady/Masterdom/src/Masterdom.Core/Masterdom.Core.csproj]
/Users/kady/Masterdom/src/Masterdom.Core/Validation/Guard.cs(56,27): warning CS1591: Missing XML comment for publicly visible type or member 'Guard.Against.OutOfRange(int, int, int, string)' [/Users/kady/Masterdom/src/Masterdom.Core/Masterdom.Core.csproj]
/Users/kady/Masterdom/src/Masterdom.Modules.Settings/Application/Services/SettingsCapabilityBehaviorService.cs(3,21): warning CS1591: Missing XML comment for publicly visible type or member 'SettingsCapabilityBehaviorService' [/Users/kady/Masterdom/src/Masterdom.Modules.Settings/Masterdom.Modules.Settings.csproj]
/Users/kady/Masterdom/src/Masterdom.Modules.Settings/Application/Services/SettingsCapabilityBehaviorService.cs(5,45): warning CS1591: Missing XML comment for publicly visible type or member 'SettingsCapabilityBehaviorService.Execute()' [/Users/kady/Masterdom/src/Masterdom.Modules.Settings/Masterdom.Modules.Settings.csproj]
/Users/kady/Masterdom/src/Masterdom.Modules.Settings/Application/Services/SettingsCapabilityBehaviorService.cs(14,22): warning CS1591: Missing XML comment for publicly visible type or member 'SettingsCapabilityBehaviorResult' [/Users/kady/Masterdom/src/Masterdom.Modules.Settings/Masterdom.Modules.Settings.csproj]
/Users/kady/Masterdom/src/Masterdom.Modules.Settings/Application/Services/SettingsCapabilityBehaviorService.cs(14,22): warning CS1591: Missing XML comment for publicly visible type or member 'SettingsCapabilityBehaviorResult.SettingsCapabilityBehaviorResult(string, string, bool)' [/Users/kady/Masterdom/src/Masterdom.Modules.Settings/Masterdom.Modules.Settings.csproj]
/Users/kady/Masterdom/src/Masterdom.Modules.Settings/Application/Services/SettingsCapabilityBehaviorService.cs(15,12): warning CS1591: Missing XML comment for publicly visible type or member 'SettingsCapabilityBehaviorResult.Capability' [/Users/kady/Masterdom/src/Masterdom.Modules.Settings/Masterdom.Modules.Settings.csproj]
/Users/kady/Masterdom/src/Masterdom.Modules.Settings/Application/Services/SettingsCapabilityBehaviorService.cs(16,12): warning CS1591: Missing XML comment for publicly visible type or member 'SettingsCapabilityBehaviorResult.ExecutionPath' [/Users/kady/Masterdom/src/Masterdom.Modules.Settings/Masterdom.Modules.Settings.csproj]
/Users/kady/Masterdom/src/Masterdom.Modules.Settings/Application/Services/SettingsCapabilityBehaviorService.cs(17,10): warning CS1591: Missing XML comment for publicly visible type or member 'SettingsCapabilityBehaviorResult.IsSupported' [/Users/kady/Masterdom/src/Masterdom.Modules.Settings/Masterdom.Modules.Settings.csproj]
/Users/kady/Masterdom/src/Masterdom.Modules.Tenancy/Application/Support/ExecutionResult.cs(54,38): warning CS0108: 'ExecutionResult<T>.Failure(string, string)' hides inherited member 'ExecutionResult.Failure(string, string)'. Use the new keyword if hiding was intended. [/Users/kady/Masterdom/src/Masterdom.Modules.Tenancy/Masterdom.Modules.Tenancy.csproj]
/Users/kady/Masterdom/src/Masterdom.Modules.Tenancy/Application/Commands/AddOccupantCommand.cs(6,22): warning CS1591: Missing XML comment for publicly visible type or member 'AddOccupantCommand' [/Users/kady/Masterdom/src/Masterdom.Modules.Tenancy/Masterdom.Modules.Tenancy.csproj]
/Users/kady/Masterdom/src/Masterdom.Modules.Tenancy/Application/Commands/AddOccupantCommand.cs(6,22): warning CS1591: Missing XML comment for publicly visible type or member 'AddOccupantCommand.AddOccupantCommand(TenancyId, PersonId, bool)' [/Users/kady/Masterdom/src/Masterdom.Modules.Tenancy/Masterdom.Modules.Tenancy.csproj]
/Users/kady/Masterdom/src/Masterdom.Modules.Tenancy/Application/Commands/AddOccupantCommand.cs(7,15): warning CS1591: Missing XML comment for publicly visible type or member 'AddOccupantCommand.TenancyId' [/Users/kady/Masterdom/src/Masterdom.Modules.Tenancy/Masterdom.Modules.Tenancy.csproj]
/Users/kady/Masterdom/src/Masterdom.Modules.Tenancy/Application/Commands/AddOccupantCommand.cs(8,14): warning CS1591: Missing XML comment for publicly visible type or member 'AddOccupantCommand.PersonId' [/Users/kady/Masterdom/src/Masterdom.Modules.Tenancy/Masterdom.Modules.Tenancy.csproj]
/Users/kady/Masterdom/src/Masterdom.Modules.Tenancy/Application/Commands/AddOccupantCommand.cs(9,10): warning CS1591: Missing XML comment for publicly visible type or member 'AddOccupantCommand.IsPrimary' [/Users/kady/Masterdom/src/Masterdom.Modules.Tenancy/Masterdom.Modules.Tenancy.csproj]
/Users/kady/Masterdom/src/Masterdom.Modules.Tenancy/Application/Commands/ArchiveTenancyCommand.cs(5,22): warning CS1591: Missing XML comment for publicly visible type or member 'ArchiveTenancyCommand' [/Users/kady/Masterdom/src/Masterdom.Modules.Tenancy/Masterdom.Modules.Tenancy.csproj]
/Users/kady/Masterdom/src/Masterdom.Modules.Tenancy/Application/Commands/ArchiveTenancyCommand.cs(5,22): warning CS1591: Missing XML comment for publicly visible type or member 'ArchiveTenancyCommand.ArchiveTenancyCommand(TenancyId)' [/Users/kady/Masterdom/src/Masterdom.Modules.Tenancy/Masterdom.Modules.Tenancy.csproj]
/Users/kady/Masterdom/src/Masterdom.Modules.Tenancy/Application/Commands/ArchiveTenancyCommand.cs(5,54): warning CS1591: Missing XML comment for publicly visible type or member 'ArchiveTenancyCommand.TenancyId' [/Users/kady/Masterdom/src/Masterdom.Modules.Tenancy/Masterdom.Modules.Tenancy.csproj]
/Users/kady/Masterdom/src/Masterdom.Modules.Tenancy/Application/Commands/CloseTenancyCommand.cs(5,22): warning CS1591: Missing XML comment for publicly visible type or member 'CloseTenancyCommand' [/Users/kady/Masterdom/src/Masterdom.Modules.Tenancy/Masterdom.Modules.Tenancy.csproj]
/Users/kady/Masterdom/src/Masterdom.Modules.Tenancy/Application/Commands/CloseTenancyCommand.cs(5,22): warning CS1591: Missing XML comment for publicly visible type or member 'CloseTenancyCommand.CloseTenancyCommand(TenancyId, EffectiveDate, TerminationReason)' [/Users/kady/Masterdom/src/Masterdom.Modules.Tenancy/Masterdom.Modules.Tenancy.csproj]
/Users/kady/Masterdom/src/Masterdom.Modules.Tenancy/Application/Commands/CloseTenancyCommand.cs(6,15): warning CS1591: Missing XML comment for publicly visible type or member 'CloseTenancyCommand.TenancyId' [/Users/kady/Masterdom/src/Masterdom.Modules.Tenancy/Masterdom.Modules.Tenancy.csproj]
/Users/kady/Masterdom/src/Masterdom.Modules.Tenancy/Application/Commands/CloseTenancyCommand.cs(7,19): warning CS1591: Missing XML comment for publicly visible type or member 'CloseTenancyCommand.ClosedOn' [/Users/kady/Masterdom/src/Masterdom.Modules.Tenancy/Masterdom.Modules.Tenancy.csproj]
/Users/kady/Masterdom/src/Masterdom.Modules.Tenancy/Application/Commands/CloseTenancyCommand.cs(8,23): warning CS1591: Missing XML comment for publicly visible type or member 'CloseTenancyCommand.Reason' [/Users/kady/Masterdom/src/Masterdom.Modules.Tenancy/Masterdom.Modules.Tenancy.csproj]
/Users/kady/Masterdom/src/Masterdom.Modules.Tenancy/Application/Commands/RecordMoveInCommand.cs(5,22): warning CS1591: Missing XML comment for publicly visible type or member 'RecordMoveInCommand' [/Users/kady/Masterdom/src/Masterdom.Modules.Tenancy/Masterdom.Modules.Tenancy.csproj]
/Users/kady/Masterdom/src/Masterdom.Modules.Tenancy/Application/Commands/RecordMoveInCommand.cs(5,22): warning CS1591: Missing XML comment for publicly visible type or member 'RecordMoveInCommand.RecordMoveInCommand(TenancyId, MoveInDate)' [/Users/kady/Masterdom/src/Masterdom.Modules.Tenancy/Masterdom.Modules.Tenancy.csproj]
/Users/kady/Masterdom/src/Masterdom.Modules.Tenancy/Application/Commands/RecordMoveInCommand.cs(6,15): warning CS1591: Missing XML comment for publicly visible type or member 'RecordMoveInCommand.TenancyId' [/Users/kady/Masterdom/src/Masterdom.Modules.Tenancy/Masterdom.Modules.Tenancy.csproj]
/Users/kady/Masterdom/src/Masterdom.Modules.Tenancy/Application/Commands/RecordMoveInCommand.cs(7,16): warning CS1591: Missing XML comment for publicly visible type or member 'RecordMoveInCommand.MoveInDate' [/Users/kady/Masterdom/src/Masterdom.Modules.Tenancy/Masterdom.Modules.Tenancy.csproj]
/Users/kady/Masterdom/src/Masterdom.Modules.Tenancy/Application/Commands/RecordMoveOutCommand.cs(5,22): warning CS1591: Missing XML comment for publicly visible type or member 'RecordMoveOutCommand' [/Users/kady/Masterdom/src/Masterdom.Modules.Tenancy/Masterdom.Modules.Tenancy.csproj]
/Users/kady/Masterdom/src/Masterdom.Modules.Tenancy/Application/Commands/RecordMoveOutCommand.cs(5,22): warning CS1591: Missing XML comment for publicly visible type or member 'RecordMoveOutCommand.RecordMoveOutCommand(TenancyId, MoveOutDate)' [/Users/kady/Masterdom/src/Masterdom.Modules.Tenancy/Masterdom.Modules.Tenancy.csproj]
/Users/kady/Masterdom/src/Masterdom.Modules.Tenancy/Application/Commands/RecordMoveOutCommand.cs(6,15): warning CS1591: Missing XML comment for publicly visible type or member 'RecordMoveOutCommand.TenancyId' [/Users/kady/Masterdom/src/Masterdom.Modules.Tenancy/Masterdom.Modules.Tenancy.csproj]
/Users/kady/Masterdom/src/Masterdom.Modules.Tenancy/Application/Commands/RecordMoveOutCommand.cs(7,17): warning CS1591: Missing XML comment for publicly visible type or member 'RecordMoveOutCommand.MoveOutDate' [/Users/kady/Masterdom/src/Masterdom.Modules.Tenancy/Masterdom.Modules.Tenancy.csproj]
/Users/kady/Masterdom/src/Masterdom.Modules.Tenancy/Application/Commands/RemoveOccupantCommand.cs(6,22): warning CS1591: Missing XML comment for publicly visible type or member 'RemoveOccupantCommand' [/Users/kady/Masterdom/src/Masterdom.Modules.Tenancy/Masterdom.Modules.Tenancy.csproj]
/Users/kady/Masterdom/src/Masterdom.Modules.Tenancy/Application/Commands/RemoveOccupantCommand.cs(6,22): warning CS1591: Missing XML comment for publicly visible type or member 'RemoveOccupantCommand.RemoveOccupantCommand(TenancyId, PersonId)' [/Users/kady/Masterdom/src/Masterdom.Modules.Tenancy/Masterdom.Modules.Tenancy.csproj]
/Users/kady/Masterdom/src/Masterdom.Modules.Tenancy/Application/Commands/RemoveOccupantCommand.cs(7,15): warning CS1591: Missing XML comment for publicly visible type or member 'RemoveOccupantCommand.TenancyId' [/Users/kady/Masterdom/src/Masterdom.Modules.Tenancy/Masterdom.Modules.Tenancy.csproj]
/Users/kady/Masterdom/src/Masterdom.Modules.Tenancy/Application/Commands/RemoveOccupantCommand.cs(8,14): warning CS1591: Missing XML comment for publicly visible type or member 'RemoveOccupantCommand.PersonId' [/Users/kady/Masterdom/src/Masterdom.Modules.Tenancy/Masterdom.Modules.Tenancy.csproj]
/Users/kady/Masterdom/src/Masterdom.Modules.Tenancy/Application/Commands/UpdateTenancyNotesCommand.cs(5,22): warning CS1591: Missing XML comment for publicly visible type or member 'UpdateTenancyNotesCommand' [/Users/kady/Masterdom/src/Masterdom.Modules.Tenancy/Masterdom.Modules.Tenancy.csproj]
/Users/kady/Masterdom/src/Masterdom.Modules.Tenancy/Application/Commands/UpdateTenancyNotesCommand.cs(5,22): warning CS1591: Missing XML comment for publicly visible type or member 'UpdateTenancyNotesCommand.UpdateTenancyNotesCommand(TenancyId, Notes?)' [/Users/kady/Masterdom/src/Masterdom.Modules.Tenancy/Masterdom.Modules.Tenancy.csproj]
/Users/kady/Masterdom/src/Masterdom.Modules.Tenancy/Application/Commands/UpdateTenancyNotesCommand.cs(5,58): warning CS1591: Missing XML comment for publicly visible type or member 'UpdateTenancyNotesCommand.TenancyId' [/Users/kady/Masterdom/src/Masterdom.Modules.Tenancy/Masterdom.Modules.Tenancy.csproj]
/Users/kady/Masterdom/src/Masterdom.Modules.Tenancy/Application/Commands/UpdateTenancyNotesCommand.cs(5,76): warning CS1591: Missing XML comment for publicly visible type or member 'UpdateTenancyNotesCommand.Notes' [/Users/kady/Masterdom/src/Masterdom.Modules.Tenancy/Masterdom.Modules.Tenancy.csproj]
/Users/kady/Masterdom/src/Masterdom.Modules.Tenancy/Application/Handlers/Commands/AddOccupantCommandHandler.cs(8,21): warning CS1591: Missing XML comment for publicly visible type or member 'AddOccupantCommandHandler' [/Users/kady/Masterdom/src/Masterdom.Modules.Tenancy/Masterdom.Modules.Tenancy.csproj]
/Users/kady/Masterdom/src/Masterdom.Modules.Tenancy/Application/Handlers/Commands/AddOccupantCommandHandler.cs(12,12): warning CS1591: Missing XML comment for publicly visible type or member 'AddOccupantCommandHandler.AddOccupantCommandHandler(ITenancyApplicationService)' [/Users/kady/Masterdom/src/Masterdom.Modules.Tenancy/Masterdom.Modules.Tenancy.csproj]
/Users/kady/Masterdom/src/Masterdom.Modules.Tenancy/Application/Handlers/Commands/AddOccupantCommandHandler.cs(17,46): warning CS1591: Missing XML comment for publicly visible type or member 'AddOccupantCommandHandler.Handle(AddOccupantCommand)' [/Users/kady/Masterdom/src/Masterdom.Modules.Tenancy/Masterdom.Modules.Tenancy.csproj]
/Users/kady/Masterdom/src/Masterdom.Modules.Tenancy/Application/Handlers/Commands/ArchiveTenancyCommandHandler.cs(8,21): warning CS1591: Missing XML comment for publicly visible type or member 'ArchiveTenancyCommandHandler' [/Users/kady/Masterdom/src/Masterdom.Modules.Tenancy/Masterdom.Modules.Tenancy.csproj]
/Users/kady/Masterdom/src/Masterdom.Modules.Tenancy/Application/Handlers/Commands/ArchiveTenancyCommandHandler.cs(12,12): warning CS1591: Missing XML comment for publicly visible type or member 'ArchiveTenancyCommandHandler.ArchiveTenancyCommandHandler(ITenancyApplicationService)' [/Users/kady/Masterdom/src/Masterdom.Modules.Tenancy/Masterdom.Modules.Tenancy.csproj]
/Users/kady/Masterdom/src/Masterdom.Modules.Tenancy/Application/Handlers/Commands/ArchiveTenancyCommandHandler.cs(17,46): warning CS1591: Missing XML comment for publicly visible type or member 'ArchiveTenancyCommandHandler.Handle(ArchiveTenancyCommand)' [/Users/kady/Masterdom/src/Masterdom.Modules.Tenancy/Masterdom.Modules.Tenancy.csproj]
/Users/kady/Masterdom/src/Masterdom.Modules.Tenancy/Application/Handlers/Commands/CloseTenancyCommandHandler.cs(8,21): warning CS1591: Missing XML comment for publicly visible type or member 'CloseTenancyCommandHandler' [/Users/kady/Masterdom/src/Masterdom.Modules.Tenancy/Masterdom.Modules.Tenancy.csproj]
/Users/kady/Masterdom/src/Masterdom.Modules.Tenancy/Application/Handlers/Commands/CloseTenancyCommandHandler.cs(12,12): warning CS1591: Missing XML comment for publicly visible type or member 'CloseTenancyCommandHandler.CloseTenancyCommandHandler(ITenancyApplicationService)' [/Users/kady/Masterdom/src/Masterdom.Modules.Tenancy/Masterdom.Modules.Tenancy.csproj]
/Users/kady/Masterdom/src/Masterdom.Modules.Tenancy/Application/Handlers/Commands/CloseTenancyCommandHandler.cs(17,46): warning CS1591: Missing XML comment for publicly visible type or member 'CloseTenancyCommandHandler.Handle(CloseTenancyCommand)' [/Users/kady/Masterdom/src/Masterdom.Modules.Tenancy/Masterdom.Modules.Tenancy.csproj]
/Users/kady/Masterdom/src/Masterdom.Modules.Tenancy/Application/Handlers/Commands/CreateTenancyCommandHandler.cs(8,21): warning CS1591: Missing XML comment for publicly visible type or member 'CreateTenancyCommandHandler' [/Users/kady/Masterdom/src/Masterdom.Modules.Tenancy/Masterdom.Modules.Tenancy.csproj]
/Users/kady/Masterdom/src/Masterdom.Modules.Tenancy/Application/Handlers/Commands/CreateTenancyCommandHandler.cs(12,12): warning CS1591: Missing XML comment for publicly visible type or member 'CreateTenancyCommandHandler.CreateTenancyCommandHandler(ITenancyApplicationService)' [/Users/kady/Masterdom/src/Masterdom.Modules.Tenancy/Masterdom.Modules.Tenancy.csproj]
/Users/kady/Masterdom/src/Masterdom.Modules.Tenancy/Application/Handlers/Commands/CreateTenancyCommandHandler.cs(17,46): warning CS1591: Missing XML comment for publicly visible type or member 'CreateTenancyCommandHandler.Handle(CreateTenancyCommand)' [/Users/kady/Masterdom/src/Masterdom.Modules.Tenancy/Masterdom.Modules.Tenancy.csproj]
/Users/kady/Masterdom/src/Masterdom.Modules.Tenancy/Application/Handlers/Commands/RecordMoveInCommandHandler.cs(8,21): warning CS1591: Missing XML comment for publicly visible type or member 'RecordMoveInCommandHandler' [/Users/kady/Masterdom/src/Masterdom.Modules.Tenancy/Masterdom.Modules.Tenancy.csproj]
/Users/kady/Masterdom/src/Masterdom.Modules.Tenancy/Application/Handlers/Commands/RecordMoveInCommandHandler.cs(12,12): warning CS1591: Missing XML comment for publicly visible type or member 'RecordMoveInCommandHandler.RecordMoveInCommandHandler(ITenancyApplicationService)' [/Users/kady/Masterdom/src/Masterdom.Modules.Tenancy/Masterdom.Modules.Tenancy.csproj]
/Users/kady/Masterdom/src/Masterdom.Modules.Tenancy/Application/Handlers/Commands/RecordMoveInCommandHandler.cs(17,46): warning CS1591: Missing XML comment for publicly visible type or member 'RecordMoveInCommandHandler.Handle(RecordMoveInCommand)' [/Users/kady/Masterdom/src/Masterdom.Modules.Tenancy/Masterdom.Modules.Tenancy.csproj]
/Users/kady/Masterdom/src/Masterdom.Modules.Tenancy/Application/Handlers/Commands/RecordMoveOutCommandHandler.cs(8,21): warning CS1591: Missing XML comment for publicly visible type or member 'RecordMoveOutCommandHandler' [/Users/kady/Masterdom/src/Masterdom.Modules.Tenancy/Masterdom.Modules.Tenancy.csproj]
/Users/kady/Masterdom/src/Masterdom.Modules.Tenancy/Application/Handlers/Commands/RecordMoveOutCommandHandler.cs(12,12): warning CS1591: Missing XML comment for publicly visible type or member 'RecordMoveOutCommandHandler.RecordMoveOutCommandHandler(ITenancyApplicationService)' [/Users/kady/Masterdom/src/Masterdom.Modules.Tenancy/Masterdom.Modules.Tenancy.csproj]
/Users/kady/Masterdom/src/Masterdom.Modules.Tenancy/Application/Handlers/Commands/RecordMoveOutCommandHandler.cs(17,46): warning CS1591: Missing XML comment for publicly visible type or member 'RecordMoveOutCommandHandler.Handle(RecordMoveOutCommand)' [/Users/kady/Masterdom/src/Masterdom.Modules.Tenancy/Masterdom.Modules.Tenancy.csproj]
/Users/kady/Masterdom/src/Masterdom.Modules.Tenancy/Application/Handlers/Commands/RemoveOccupantCommandHandler.cs(7,21): warning CS1591: Missing XML comment for publicly visible type or member 'RemoveOccupantCommandHandler' [/Users/kady/Masterdom/src/Masterdom.Modules.Tenancy/Masterdom.Modules.Tenancy.csproj]
/Users/kady/Masterdom/src/Masterdom.Modules.Tenancy/Application/Handlers/Commands/RemoveOccupantCommandHandler.cs(11,12): warning CS1591: Missing XML comment for publicly visible type or member 'RemoveOccupantCommandHandler.RemoveOccupantCommandHandler(ITenancyApplicationService)' [/Users/kady/Masterdom/src/Masterdom.Modules.Tenancy/Masterdom.Modules.Tenancy.csproj]
/Users/kady/Masterdom/src/Masterdom.Modules.Tenancy/Application/Handlers/Commands/RemoveOccupantCommandHandler.cs(16,34): warning CS1591: Missing XML comment for publicly visible type or member 'RemoveOccupantCommandHandler.Handle(RemoveOccupantCommand)' [/Users/kady/Masterdom/src/Masterdom.Modules.Tenancy/Masterdom.Modules.Tenancy.csproj]
/Users/kady/Masterdom/src/Masterdom.Modules.Tenancy/Application/Handlers/Commands/UpdateTenancyNotesCommandHandler.cs(8,21): warning CS1591: Missing XML comment for publicly visible type or member 'UpdateTenancyNotesCommandHandler' [/Users/kady/Masterdom/src/Masterdom.Modules.Tenancy/Masterdom.Modules.Tenancy.csproj]
/Users/kady/Masterdom/src/Masterdom.Modules.Tenancy/Application/Handlers/Commands/UpdateTenancyNotesCommandHandler.cs(12,12): warning CS1591: Missing XML comment for publicly visible type or member 'UpdateTenancyNotesCommandHandler.UpdateTenancyNotesCommandHandler(ITenancyApplicationService)' [/Users/kady/Masterdom/src/Masterdom.Modules.Tenancy/Masterdom.Modules.Tenancy.csproj]
/Users/kady/Masterdom/src/Masterdom.Modules.Tenancy/Application/Handlers/Commands/UpdateTenancyNotesCommandHandler.cs(17,46): warning CS1591: Missing XML comment for publicly visible type or member 'UpdateTenancyNotesCommandHandler.Handle(UpdateTenancyNotesCommand)' [/Users/kady/Masterdom/src/Masterdom.Modules.Tenancy/Masterdom.Modules.Tenancy.csproj]
/Users/kady/Masterdom/src/Masterdom.Modules.Tenancy/Application/Handlers/Queries/GetTenancyByIdQueryHandler.cs(8,21): warning CS1591: Missing XML comment for publicly visible type or member 'GetTenancyByIdQueryHandler' [/Users/kady/Masterdom/src/Masterdom.Modules.Tenancy/Masterdom.Modules.Tenancy.csproj]
/Users/kady/Masterdom/src/Masterdom.Modules.Tenancy/Application/Handlers/Queries/GetTenancyByIdQueryHandler.cs(12,12): warning CS1591: Missing XML comment for publicly visible type or member 'GetTenancyByIdQueryHandler.GetTenancyByIdQueryHandler(ITenancyApplicationService)' [/Users/kady/Masterdom/src/Masterdom.Modules.Tenancy/Masterdom.Modules.Tenancy.csproj]
/Users/kady/Masterdom/src/Masterdom.Modules.Tenancy/Application/Handlers/Queries/GetTenancyByIdQueryHandler.cs(17,46): warning CS1591: Missing XML comment for publicly visible type or member 'GetTenancyByIdQueryHandler.Handle(GetTenancyByIdQuery)' [/Users/kady/Masterdom/src/Masterdom.Modules.Tenancy/Masterdom.Modules.Tenancy.csproj]
/Users/kady/Masterdom/src/Masterdom.Modules.Tenancy/Application/Queries/GetTenancyByIdQuery.cs(5,22): warning CS1591: Missing XML comment for publicly visible type or member 'GetTenancyByIdQuery' [/Users/kady/Masterdom/src/Masterdom.Modules.Tenancy/Masterdom.Modules.Tenancy.csproj]
/Users/kady/Masterdom/src/Masterdom.Modules.Tenancy/Application/Queries/GetTenancyByIdQuery.cs(5,22): warning CS1591: Missing XML comment for publicly visible type or member 'GetTenancyByIdQuery.GetTenancyByIdQuery(TenancyId)' [/Users/kady/Masterdom/src/Masterdom.Modules.Tenancy/Masterdom.Modules.Tenancy.csproj]
/Users/kady/Masterdom/src/Masterdom.Modules.Tenancy/Application/Queries/GetTenancyByIdQuery.cs(5,52): warning CS1591: Missing XML comment for publicly visible type or member 'GetTenancyByIdQuery.TenancyId' [/Users/kady/Masterdom/src/Masterdom.Modules.Tenancy/Masterdom.Modules.Tenancy.csproj]
/Users/kady/Masterdom/src/Masterdom.Modules.Tenancy/Application/Services/ITenancyApplicationService.cs(13,22): warning CS1591: Missing XML comment for publicly visible type or member 'ITenancyApplicationService.CreateTenancy(CreateTenancyCommand)' [/Users/kady/Masterdom/src/Masterdom.Modules.Tenancy/Masterdom.Modules.Tenancy.csproj]
/Users/kady/Masterdom/src/Masterdom.Modules.Tenancy/Application/Services/ITenancyApplicationService.cs(15,22): warning CS1591: Missing XML comment for publicly visible type or member 'ITenancyApplicationService.AddOccupant(AddOccupantCommand)' [/Users/kady/Masterdom/src/Masterdom.Modules.Tenancy/Masterdom.Modules.Tenancy.csproj]
/Users/kady/Masterdom/src/Masterdom.Modules.Tenancy/Application/Services/ITenancyApplicationService.cs(17,10): warning CS1591: Missing XML comment for publicly visible type or member 'ITenancyApplicationService.RemoveOccupant(RemoveOccupantCommand)' [/Users/kady/Masterdom/src/Masterdom.Modules.Tenancy/Masterdom.Modules.Tenancy.csproj]
/Users/kady/Masterdom/src/Masterdom.Modules.Tenancy/Application/Services/ITenancyApplicationService.cs(19,22): warning CS1591: Missing XML comment for publicly visible type or member 'ITenancyApplicationService.RecordMoveIn(RecordMoveInCommand)' [/Users/kady/Masterdom/src/Masterdom.Modules.Tenancy/Masterdom.Modules.Tenancy.csproj]
/Users/kady/Masterdom/src/Masterdom.Modules.Tenancy/Application/Services/ITenancyApplicationService.cs(21,22): warning CS1591: Missing XML comment for publicly visible type or member 'ITenancyApplicationService.RecordMoveOut(RecordMoveOutCommand)' [/Users/kady/Masterdom/src/Masterdom.Modules.Tenancy/Masterdom.Modules.Tenancy.csproj]
/Users/kady/Masterdom/src/Masterdom.Modules.Tenancy/Application/Services/ITenancyApplicationService.cs(23,22): warning CS1591: Missing XML comment for publicly visible type or member 'ITenancyApplicationService.CloseTenancy(CloseTenancyCommand)' [/Users/kady/Masterdom/src/Masterdom.Modules.Tenancy/Masterdom.Modules.Tenancy.csproj]
/Users/kady/Masterdom/src/Masterdom.Modules.Tenancy/Application/Services/ITenancyApplicationService.cs(25,22): warning CS1591: Missing XML comment for publicly visible type or member 'ITenancyApplicationService.ArchiveTenancy(ArchiveTenancyCommand)' [/Users/kady/Masterdom/src/Masterdom.Modules.Tenancy/Masterdom.Modules.Tenancy.csproj]
/Users/kady/Masterdom/src/Masterdom.Modules.Tenancy/Application/Services/ITenancyApplicationService.cs(27,22): warning CS1591: Missing XML comment for publicly visible type or member 'ITenancyApplicationService.UpdateNotes(UpdateTenancyNotesCommand)' [/Users/kady/Masterdom/src/Masterdom.Modules.Tenancy/Masterdom.Modules.Tenancy.csproj]
/Users/kady/Masterdom/src/Masterdom.Modules.Tenancy/Application/Services/ITenancyApplicationService.cs(29,23): warning CS1591: Missing XML comment for publicly visible type or member 'ITenancyApplicationService.GetTenancy(GetTenancyByIdQuery)' [/Users/kady/Masterdom/src/Masterdom.Modules.Tenancy/Masterdom.Modules.Tenancy.csproj]
/Users/kady/Masterdom/src/Masterdom.Modules.Tenancy/Application/Services/TenancyApplicationService.cs(19,12): warning CS1591: Missing XML comment for publicly visible type or member 'TenancyApplicationService.TenancyApplicationService(ITenancyRepository, ITenancyUnitOfWork, ITenancyPlatformOrchestrator)' [/Users/kady/Masterdom/src/Masterdom.Modules.Tenancy/Masterdom.Modules.Tenancy.csproj]
/Users/kady/Masterdom/src/Masterdom.Modules.Tenancy/Application/Services/TenancyApplicationService.cs(29,29): warning CS1591: Missing XML comment for publicly visible type or member 'TenancyApplicationService.CreateTenancy(CreateTenancyCommand)' [/Users/kady/Masterdom/src/Masterdom.Modules.Tenancy/Masterdom.Modules.Tenancy.csproj]
/Users/kady/Masterdom/src/Masterdom.Modules.Tenancy/Application/Services/TenancyApplicationService.cs(57,29): warning CS1591: Missing XML comment for publicly visible type or member 'TenancyApplicationService.AddOccupant(AddOccupantCommand)' [/Users/kady/Masterdom/src/Masterdom.Modules.Tenancy/Masterdom.Modules.Tenancy.csproj]
/Users/kady/Masterdom/src/Masterdom.Modules.Tenancy/Application/Services/TenancyApplicationService.cs(68,17): warning CS1591: Missing XML comment for publicly visible type or member 'TenancyApplicationService.RemoveOccupant(RemoveOccupantCommand)' [/Users/kady/Masterdom/src/Masterdom.Modules.Tenancy/Masterdom.Modules.Tenancy.csproj]
/Users/kady/Masterdom/src/Masterdom.Modules.Tenancy/Application/Services/TenancyApplicationService.cs(80,29): warning CS1591: Missing XML comment for publicly visible type or member 'TenancyApplicationService.RecordMoveIn(RecordMoveInCommand)' [/Users/kady/Masterdom/src/Masterdom.Modules.Tenancy/Masterdom.Modules.Tenancy.csproj]
/Users/kady/Masterdom/src/Masterdom.Modules.Tenancy/Application/Services/TenancyApplicationService.cs(91,29): warning CS1591: Missing XML comment for publicly visible type or member 'TenancyApplicationService.RecordMoveOut(RecordMoveOutCommand)' [/Users/kady/Masterdom/src/Masterdom.Modules.Tenancy/Masterdom.Modules.Tenancy.csproj]
/Users/kady/Masterdom/src/Masterdom.Modules.Tenancy/Application/Services/TenancyApplicationService.cs(102,29): warning CS1591: Missing XML comment for publicly visible type or member 'TenancyApplicationService.CloseTenancy(CloseTenancyCommand)' [/Users/kady/Masterdom/src/Masterdom.Modules.Tenancy/Masterdom.Modules.Tenancy.csproj]
/Users/kady/Masterdom/src/Masterdom.Modules.Tenancy/Application/Services/TenancyApplicationService.cs(113,29): warning CS1591: Missing XML comment for publicly visible type or member 'TenancyApplicationService.ArchiveTenancy(ArchiveTenancyCommand)' [/Users/kady/Masterdom/src/Masterdom.Modules.Tenancy/Masterdom.Modules.Tenancy.csproj]
/Users/kady/Masterdom/src/Masterdom.Modules.Tenancy/Application/Services/TenancyApplicationService.cs(124,29): warning CS1591: Missing XML comment for publicly visible type or member 'TenancyApplicationService.UpdateNotes(UpdateTenancyNotesCommand)' [/Users/kady/Masterdom/src/Masterdom.Modules.Tenancy/Masterdom.Modules.Tenancy.csproj]
/Users/kady/Masterdom/src/Masterdom.Modules.Tenancy/Application/Services/TenancyApplicationService.cs(135,30): warning CS1591: Missing XML comment for publicly visible type or member 'TenancyApplicationService.GetTenancy(GetTenancyByIdQuery)' [/Users/kady/Masterdom/src/Masterdom.Modules.Tenancy/Masterdom.Modules.Tenancy.csproj]
/Users/kady/Masterdom/src/Masterdom.Modules.Tenancy/Application/Support/ExecutionResult.cs(8,15): warning CS1591: Missing XML comment for publicly visible type or member 'ExecutionResult.ExecutionResult(bool, string?, string?)' [/Users/kady/Masterdom/src/Masterdom.Modules.Tenancy/Masterdom.Modules.Tenancy.csproj]
/Users/kady/Masterdom/src/Masterdom.Modules.Tenancy/Application/Support/ExecutionResult.cs(15,17): warning CS1591: Missing XML comment for publicly visible type or member 'ExecutionResult.IsSuccess' [/Users/kady/Masterdom/src/Masterdom.Modules.Tenancy/Masterdom.Modules.Tenancy.csproj]
/Users/kady/Masterdom/src/Masterdom.Modules.Tenancy/Application/Support/ExecutionResult.cs(17,20): warning CS1591: Missing XML comment for publicly visible type or member 'ExecutionResult.ErrorCode' [/Users/kady/Masterdom/src/Masterdom.Modules.Tenancy/Masterdom.Modules.Tenancy.csproj]
/Users/kady/Masterdom/src/Masterdom.Modules.Tenancy/Application/Support/ExecutionResult.cs(19,20): warning CS1591: Missing XML comment for publicly visible type or member 'ExecutionResult.ErrorMessage' [/Users/kady/Masterdom/src/Masterdom.Modules.Tenancy/Masterdom.Modules.Tenancy.csproj]
/Users/kady/Masterdom/src/Masterdom.Modules.Tenancy/Application/Support/ExecutionResult.cs(21,35): warning CS1591: Missing XML comment for publicly visible type or member 'ExecutionResult.Success()' [/Users/kady/Masterdom/src/Masterdom.Modules.Tenancy/Masterdom.Modules.Tenancy.csproj]
/Users/kady/Masterdom/src/Masterdom.Modules.Tenancy/Application/Support/ExecutionResult.cs(26,35): warning CS1591: Missing XML comment for publicly visible type or member 'ExecutionResult.Failure(string, string)' [/Users/kady/Masterdom/src/Masterdom.Modules.Tenancy/Masterdom.Modules.Tenancy.csproj]
/Users/kady/Masterdom/src/Masterdom.Modules.Tenancy/Application/Support/ExecutionResult.cs(46,15): warning CS1591: Missing XML comment for publicly visible type or member 'ExecutionResult<T>.Value' [/Users/kady/Masterdom/src/Masterdom.Modules.Tenancy/Masterdom.Modules.Tenancy.csproj]
/Users/kady/Masterdom/src/Masterdom.Modules.Tenancy/Application/Support/ExecutionResult.cs(48,38): warning CS1591: Missing XML comment for publicly visible type or member 'ExecutionResult<T>.Success(T)' [/Users/kady/Masterdom/src/Masterdom.Modules.Tenancy/Masterdom.Modules.Tenancy.csproj]
/Users/kady/Masterdom/src/Masterdom.Modules.Tenancy/Application/Support/ExecutionResult.cs(54,38): warning CS1591: Missing XML comment for publicly visible type or member 'ExecutionResult<T>.Failure(string, string)' [/Users/kady/Masterdom/src/Masterdom.Modules.Tenancy/Masterdom.Modules.Tenancy.csproj]
/Users/kady/Masterdom/src/Masterdom.Modules.Tenancy/Application/Support/ICommandHandler.cs(8,13): warning CS1591: Missing XML comment for publicly visible type or member 'ICommandHandler<TCommand, TResult>.Handle(TCommand)' [/Users/kady/Masterdom/src/Masterdom.Modules.Tenancy/Masterdom.Modules.Tenancy.csproj]
/Users/kady/Masterdom/src/Masterdom.Modules.Tenancy/Application/Support/IQueryHandler.cs(8,13): warning CS1591: Missing XML comment for publicly visible type or member 'IQueryHandler<TQuery, TResult>.Handle(TQuery)' [/Users/kady/Masterdom/src/Masterdom.Modules.Tenancy/Masterdom.Modules.Tenancy.csproj]
/Users/kady/Masterdom/src/Masterdom.Modules.Tenancy/Application/Support/ITenancyPlatformOrchestrator.cs(11,10): warning CS1591: Missing XML comment for publicly visible type or member 'ITenancyPlatformOrchestrator.OnTenancyMutated(Tenancy, string)' [/Users/kady/Masterdom/src/Masterdom.Modules.Tenancy/Masterdom.Modules.Tenancy.csproj]
/Users/kady/Masterdom/src/Masterdom.Modules.Tenancy/Application/Support/ITenancyUnitOfWork.cs(8,10): warning CS1591: Missing XML comment for publicly visible type or member 'ITenancyUnitOfWork.Execute(Action)' [/Users/kady/Masterdom/src/Masterdom.Modules.Tenancy/Masterdom.Modules.Tenancy.csproj]
/Users/kady/Masterdom/src/Masterdom.Modules.Tenancy/Domain/Entities/Tenancy/EffectiveDate.cs(15,21): warning CS1591: Missing XML comment for publicly visible type or member 'EffectiveDate.Value' [/Users/kady/Masterdom/src/Masterdom.Modules.Tenancy/Masterdom.Modules.Tenancy.csproj]
/Users/kady/Masterdom/src/Masterdom.Modules.Tenancy/Domain/Entities/Tenancy/EffectiveDate.cs(17,33): warning CS1591: Missing XML comment for publicly visible type or member 'EffectiveDate.Create(DateOnly)' [/Users/kady/Masterdom/src/Masterdom.Modules.Tenancy/Masterdom.Modules.Tenancy.csproj]
/Users/kady/Masterdom/src/Masterdom.Modules.Tenancy/Domain/Entities/Tenancy/EffectiveDate.cs(22,45): warning CS1591: Missing XML comment for publicly visible type or member 'EffectiveDate.GetEqualityComponents()' [/Users/kady/Masterdom/src/Masterdom.Modules.Tenancy/Masterdom.Modules.Tenancy.csproj]
/Users/kady/Masterdom/src/Masterdom.Modules.Tenancy/Domain/Entities/Tenancy/Events/MoveInRecordedDomainEvent.cs(5,22): warning CS1591: Missing XML comment for publicly visible type or member 'MoveInRecordedDomainEvent' [/Users/kady/Masterdom/src/Masterdom.Modules.Tenancy/Masterdom.Modules.Tenancy.csproj]
/Users/kady/Masterdom/src/Masterdom.Modules.Tenancy/Domain/Entities/Tenancy/Events/MoveInRecordedDomainEvent.cs(5,22): warning CS1591: Missing XML comment for publicly visible type or member 'MoveInRecordedDomainEvent.MoveInRecordedDomainEvent(TenancyId, MoveInDate, DateTime)' [/Users/kady/Masterdom/src/Masterdom.Modules.Tenancy/Masterdom.Modules.Tenancy.csproj]
/Users/kady/Masterdom/src/Masterdom.Modules.Tenancy/Domain/Entities/Tenancy/Events/MoveInRecordedDomainEvent.cs(6,15): warning CS1591: Missing XML comment for publicly visible type or member 'MoveInRecordedDomainEvent.TenancyId' [/Users/kady/Masterdom/src/Masterdom.Modules.Tenancy/Masterdom.Modules.Tenancy.csproj]
/Users/kady/Masterdom/src/Masterdom.Modules.Tenancy/Domain/Entities/Tenancy/Events/MoveInRecordedDomainEvent.cs(7,16): warning CS1591: Missing XML comment for publicly visible type or member 'MoveInRecordedDomainEvent.MoveInDate' [/Users/kady/Masterdom/src/Masterdom.Modules.Tenancy/Masterdom.Modules.Tenancy.csproj]
/Users/kady/Masterdom/src/Masterdom.Modules.Tenancy/Domain/Entities/Tenancy/Events/MoveInRecordedDomainEvent.cs(8,14): warning CS1591: Missing XML comment for publicly visible type or member 'MoveInRecordedDomainEvent.OccurredOnUtc' [/Users/kady/Masterdom/src/Masterdom.Modules.Tenancy/Masterdom.Modules.Tenancy.csproj]
/Users/kady/Masterdom/src/Masterdom.Modules.Tenancy/Domain/Entities/Tenancy/Events/MoveOutRecordedDomainEvent.cs(5,22): warning CS1591: Missing XML comment for publicly visible type or member 'MoveOutRecordedDomainEvent' [/Users/kady/Masterdom/src/Masterdom.Modules.Tenancy/Masterdom.Modules.Tenancy.csproj]
/Users/kady/Masterdom/src/Masterdom.Modules.Tenancy/Domain/Entities/Tenancy/Events/MoveOutRecordedDomainEvent.cs(5,22): warning CS1591: Missing XML comment for publicly visible type or member 'MoveOutRecordedDomainEvent.MoveOutRecordedDomainEvent(TenancyId, MoveOutDate, DateTime)' [/Users/kady/Masterdom/src/Masterdom.Modules.Tenancy/Masterdom.Modules.Tenancy.csproj]
/Users/kady/Masterdom/src/Masterdom.Modules.Tenancy/Domain/Entities/Tenancy/Events/MoveOutRecordedDomainEvent.cs(6,15): warning CS1591: Missing XML comment for publicly visible type or member 'MoveOutRecordedDomainEvent.TenancyId' [/Users/kady/Masterdom/src/Masterdom.Modules.Tenancy/Masterdom.Modules.Tenancy.csproj]
/Users/kady/Masterdom/src/Masterdom.Modules.Tenancy/Domain/Entities/Tenancy/Events/MoveOutRecordedDomainEvent.cs(7,17): warning CS1591: Missing XML comment for publicly visible type or member 'MoveOutRecordedDomainEvent.MoveOutDate' [/Users/kady/Masterdom/src/Masterdom.Modules.Tenancy/Masterdom.Modules.Tenancy.csproj]
/Users/kady/Masterdom/src/Masterdom.Modules.Tenancy/Domain/Entities/Tenancy/Events/MoveOutRecordedDomainEvent.cs(8,14): warning CS1591: Missing XML comment for publicly visible type or member 'MoveOutRecordedDomainEvent.OccurredOnUtc' [/Users/kady/Masterdom/src/Masterdom.Modules.Tenancy/Masterdom.Modules.Tenancy.csproj]
/Users/kady/Masterdom/src/Masterdom.Modules.Tenancy/Domain/Entities/Tenancy/Events/OccupantAddedDomainEvent.cs(6,22): warning CS1591: Missing XML comment for publicly visible type or member 'OccupantAddedDomainEvent' [/Users/kady/Masterdom/src/Masterdom.Modules.Tenancy/Masterdom.Modules.Tenancy.csproj]
/Users/kady/Masterdom/src/Masterdom.Modules.Tenancy/Domain/Entities/Tenancy/Events/OccupantAddedDomainEvent.cs(6,22): warning CS1591: Missing XML comment for publicly visible type or member 'OccupantAddedDomainEvent.OccupantAddedDomainEvent(TenancyId, PersonId, bool, DateTime)' [/Users/kady/Masterdom/src/Masterdom.Modules.Tenancy/Masterdom.Modules.Tenancy.csproj]
/Users/kady/Masterdom/src/Masterdom.Modules.Tenancy/Domain/Entities/Tenancy/Events/OccupantAddedDomainEvent.cs(7,15): warning CS1591: Missing XML comment for publicly visible type or member 'OccupantAddedDomainEvent.TenancyId' [/Users/kady/Masterdom/src/Masterdom.Modules.Tenancy/Masterdom.Modules.Tenancy.csproj]
/Users/kady/Masterdom/src/Masterdom.Modules.Tenancy/Domain/Entities/Tenancy/Events/OccupantAddedDomainEvent.cs(8,14): warning CS1591: Missing XML comment for publicly visible type or member 'OccupantAddedDomainEvent.PersonId' [/Users/kady/Masterdom/src/Masterdom.Modules.Tenancy/Masterdom.Modules.Tenancy.csproj]
/Users/kady/Masterdom/src/Masterdom.Modules.Tenancy/Domain/Entities/Tenancy/Events/OccupantAddedDomainEvent.cs(9,10): warning CS1591: Missing XML comment for publicly visible type or member 'OccupantAddedDomainEvent.IsPrimary' [/Users/kady/Masterdom/src/Masterdom.Modules.Tenancy/Masterdom.Modules.Tenancy.csproj]
/Users/kady/Masterdom/src/Masterdom.Modules.Tenancy/Domain/Entities/Tenancy/Events/OccupantAddedDomainEvent.cs(10,14): warning CS1591: Missing XML comment for publicly visible type or member 'OccupantAddedDomainEvent.OccurredOnUtc' [/Users/kady/Masterdom/src/Masterdom.Modules.Tenancy/Masterdom.Modules.Tenancy.csproj]
/Users/kady/Masterdom/src/Masterdom.Modules.Tenancy/Domain/Entities/Tenancy/Events/OccupantRemovedDomainEvent.cs(6,22): warning CS1591: Missing XML comment for publicly visible type or member 'OccupantRemovedDomainEvent' [/Users/kady/Masterdom/src/Masterdom.Modules.Tenancy/Masterdom.Modules.Tenancy.csproj]
/Users/kady/Masterdom/src/Masterdom.Modules.Tenancy/Domain/Entities/Tenancy/Events/OccupantRemovedDomainEvent.cs(6,22): warning CS1591: Missing XML comment for publicly visible type or member 'OccupantRemovedDomainEvent.OccupantRemovedDomainEvent(TenancyId, PersonId, DateTime)' [/Users/kady/Masterdom/src/Masterdom.Modules.Tenancy/Masterdom.Modules.Tenancy.csproj]
/Users/kady/Masterdom/src/Masterdom.Modules.Tenancy/Domain/Entities/Tenancy/Events/OccupantRemovedDomainEvent.cs(7,15): warning CS1591: Missing XML comment for publicly visible type or member 'OccupantRemovedDomainEvent.TenancyId' [/Users/kady/Masterdom/src/Masterdom.Modules.Tenancy/Masterdom.Modules.Tenancy.csproj]
/Users/kady/Masterdom/src/Masterdom.Modules.Tenancy/Domain/Entities/Tenancy/Events/OccupantRemovedDomainEvent.cs(8,14): warning CS1591: Missing XML comment for publicly visible type or member 'OccupantRemovedDomainEvent.PersonId' [/Users/kady/Masterdom/src/Masterdom.Modules.Tenancy/Masterdom.Modules.Tenancy.csproj]
/Users/kady/Masterdom/src/Masterdom.Modules.Tenancy/Domain/Entities/Tenancy/Events/OccupantRemovedDomainEvent.cs(9,14): warning CS1591: Missing XML comment for publicly visible type or member 'OccupantRemovedDomainEvent.OccurredOnUtc' [/Users/kady/Masterdom/src/Masterdom.Modules.Tenancy/Masterdom.Modules.Tenancy.csproj]
/Users/kady/Masterdom/src/Masterdom.Modules.Tenancy/Domain/Entities/Tenancy/Events/TenancyArchivedDomainEvent.cs(5,22): warning CS1591: Missing XML comment for publicly visible type or member 'TenancyArchivedDomainEvent' [/Users/kady/Masterdom/src/Masterdom.Modules.Tenancy/Masterdom.Modules.Tenancy.csproj]
/Users/kady/Masterdom/src/Masterdom.Modules.Tenancy/Domain/Entities/Tenancy/Events/TenancyArchivedDomainEvent.cs(5,22): warning CS1591: Missing XML comment for publicly visible type or member 'TenancyArchivedDomainEvent.TenancyArchivedDomainEvent(TenancyId, DateTime)' [/Users/kady/Masterdom/src/Masterdom.Modules.Tenancy/Masterdom.Modules.Tenancy.csproj]
/Users/kady/Masterdom/src/Masterdom.Modules.Tenancy/Domain/Entities/Tenancy/Events/TenancyArchivedDomainEvent.cs(6,15): warning CS1591: Missing XML comment for publicly visible type or member 'TenancyArchivedDomainEvent.TenancyId' [/Users/kady/Masterdom/src/Masterdom.Modules.Tenancy/Masterdom.Modules.Tenancy.csproj]
/Users/kady/Masterdom/src/Masterdom.Modules.Tenancy/Domain/Entities/Tenancy/Events/TenancyArchivedDomainEvent.cs(7,14): warning CS1591: Missing XML comment for publicly visible type or member 'TenancyArchivedDomainEvent.OccurredOnUtc' [/Users/kady/Masterdom/src/Masterdom.Modules.Tenancy/Masterdom.Modules.Tenancy.csproj]
/Users/kady/Masterdom/src/Masterdom.Modules.Tenancy/Domain/Entities/Tenancy/Events/TenancyClosedDomainEvent.cs(5,22): warning CS1591: Missing XML comment for publicly visible type or member 'TenancyClosedDomainEvent' [/Users/kady/Masterdom/src/Masterdom.Modules.Tenancy/Masterdom.Modules.Tenancy.csproj]
/Users/kady/Masterdom/src/Masterdom.Modules.Tenancy/Domain/Entities/Tenancy/Events/TenancyClosedDomainEvent.cs(5,22): warning CS1591: Missing XML comment for publicly visible type or member 'TenancyClosedDomainEvent.TenancyClosedDomainEvent(TenancyId, EffectiveDate, TerminationReason, DateTime)' [/Users/kady/Masterdom/src/Masterdom.Modules.Tenancy/Masterdom.Modules.Tenancy.csproj]
/Users/kady/Masterdom/src/Masterdom.Modules.Tenancy/Domain/Entities/Tenancy/Events/TenancyClosedDomainEvent.cs(6,15): warning CS1591: Missing XML comment for publicly visible type or member 'TenancyClosedDomainEvent.TenancyId' [/Users/kady/Masterdom/src/Masterdom.Modules.Tenancy/Masterdom.Modules.Tenancy.csproj]
/Users/kady/Masterdom/src/Masterdom.Modules.Tenancy/Domain/Entities/Tenancy/Events/TenancyClosedDomainEvent.cs(7,19): warning CS1591: Missing XML comment for publicly visible type or member 'TenancyClosedDomainEvent.ClosedOn' [/Users/kady/Masterdom/src/Masterdom.Modules.Tenancy/Masterdom.Modules.Tenancy.csproj]
/Users/kady/Masterdom/src/Masterdom.Modules.Tenancy/Domain/Entities/Tenancy/Events/TenancyClosedDomainEvent.cs(8,23): warning CS1591: Missing XML comment for publicly visible type or member 'TenancyClosedDomainEvent.Reason' [/Users/kady/Masterdom/src/Masterdom.Modules.Tenancy/Masterdom.Modules.Tenancy.csproj]
/Users/kady/Masterdom/src/Masterdom.Modules.Tenancy/Domain/Entities/Tenancy/Events/TenancyClosedDomainEvent.cs(9,14): warning CS1591: Missing XML comment for publicly visible type or member 'TenancyClosedDomainEvent.OccurredOnUtc' [/Users/kady/Masterdom/src/Masterdom.Modules.Tenancy/Masterdom.Modules.Tenancy.csproj]
/Users/kady/Masterdom/src/Masterdom.Modules.Tenancy/Domain/Entities/Tenancy/Events/TenancyCreatedDomainEvent.cs(5,22): warning CS1591: Missing XML comment for publicly visible type or member 'TenancyCreatedDomainEvent' [/Users/kady/Masterdom/src/Masterdom.Modules.Tenancy/Masterdom.Modules.Tenancy.csproj]
/Users/kady/Masterdom/src/Masterdom.Modules.Tenancy/Domain/Entities/Tenancy/Events/TenancyCreatedDomainEvent.cs(5,22): warning CS1591: Missing XML comment for publicly visible type or member 'TenancyCreatedDomainEvent.TenancyCreatedDomainEvent(TenancyId, TenancyNumber, DateTime)' [/Users/kady/Masterdom/src/Masterdom.Modules.Tenancy/Masterdom.Modules.Tenancy.csproj]
/Users/kady/Masterdom/src/Masterdom.Modules.Tenancy/Domain/Entities/Tenancy/Events/TenancyCreatedDomainEvent.cs(6,15): warning CS1591: Missing XML comment for publicly visible type or member 'TenancyCreatedDomainEvent.TenancyId' [/Users/kady/Masterdom/src/Masterdom.Modules.Tenancy/Masterdom.Modules.Tenancy.csproj]
/Users/kady/Masterdom/src/Masterdom.Modules.Tenancy/Domain/Entities/Tenancy/Events/TenancyCreatedDomainEvent.cs(7,19): warning CS1591: Missing XML comment for publicly visible type or member 'TenancyCreatedDomainEvent.TenancyNumber' [/Users/kady/Masterdom/src/Masterdom.Modules.Tenancy/Masterdom.Modules.Tenancy.csproj]
/Users/kady/Masterdom/src/Masterdom.Modules.Tenancy/Domain/Entities/Tenancy/Events/TenancyCreatedDomainEvent.cs(8,14): warning CS1591: Missing XML comment for publicly visible type or member 'TenancyCreatedDomainEvent.OccurredOnUtc' [/Users/kady/Masterdom/src/Masterdom.Modules.Tenancy/Masterdom.Modules.Tenancy.csproj]
/Users/kady/Masterdom/src/Masterdom.Modules.Tenancy/Domain/Entities/Tenancy/MoveInDate.cs(15,21): warning CS1591: Missing XML comment for publicly visible type or member 'MoveInDate.Value' [/Users/kady/Masterdom/src/Masterdom.Modules.Tenancy/Masterdom.Modules.Tenancy.csproj]
/Users/kady/Masterdom/src/Masterdom.Modules.Tenancy/Domain/Entities/Tenancy/MoveInDate.cs(17,30): warning CS1591: Missing XML comment for publicly visible type or member 'MoveInDate.Create(DateOnly)' [/Users/kady/Masterdom/src/Masterdom.Modules.Tenancy/Masterdom.Modules.Tenancy.csproj]
/Users/kady/Masterdom/src/Masterdom.Modules.Tenancy/Domain/Entities/Tenancy/MoveInDate.cs(22,45): warning CS1591: Missing XML comment for publicly visible type or member 'MoveInDate.GetEqualityComponents()' [/Users/kady/Masterdom/src/Masterdom.Modules.Tenancy/Masterdom.Modules.Tenancy.csproj]
/Users/kady/Masterdom/src/Masterdom.Modules.Tenancy/Domain/Entities/Tenancy/MoveOutDate.cs(15,21): warning CS1591: Missing XML comment for publicly visible type or member 'MoveOutDate.Value' [/Users/kady/Masterdom/src/Masterdom.Modules.Tenancy/Masterdom.Modules.Tenancy.csproj]
/Users/kady/Masterdom/src/Masterdom.Modules.Tenancy/Domain/Entities/Tenancy/MoveOutDate.cs(17,31): warning CS1591: Missing XML comment for publicly visible type or member 'MoveOutDate.Create(DateOnly)' [/Users/kady/Masterdom/src/Masterdom.Modules.Tenancy/Masterdom.Modules.Tenancy.csproj]
/Users/kady/Masterdom/src/Masterdom.Modules.Tenancy/Domain/Entities/Tenancy/MoveOutDate.cs(22,45): warning CS1591: Missing XML comment for publicly visible type or member 'MoveOutDate.GetEqualityComponents()' [/Users/kady/Masterdom/src/Masterdom.Modules.Tenancy/Masterdom.Modules.Tenancy.csproj]
/Users/kady/Masterdom/src/Masterdom.Modules.Tenancy/Domain/Entities/Tenancy/Notes.cs(15,19): warning CS1591: Missing XML comment for publicly visible type or member 'Notes.Value' [/Users/kady/Masterdom/src/Masterdom.Modules.Tenancy/Masterdom.Modules.Tenancy.csproj]
/Users/kady/Masterdom/src/Masterdom.Modules.Tenancy/Domain/Entities/Tenancy/Notes.cs(17,26): warning CS1591: Missing XML comment for publicly visible type or member 'Notes.Create(string?)' [/Users/kady/Masterdom/src/Masterdom.Modules.Tenancy/Masterdom.Modules.Tenancy.csproj]
/Users/kady/Masterdom/src/Masterdom.Modules.Tenancy/Domain/Entities/Tenancy/Notes.cs(33,45): warning CS1591: Missing XML comment for publicly visible type or member 'Notes.GetEqualityComponents()' [/Users/kady/Masterdom/src/Masterdom.Modules.Tenancy/Masterdom.Modules.Tenancy.csproj]
/Users/kady/Masterdom/src/Masterdom.Modules.Tenancy/Domain/Entities/Tenancy/OccupancyStatus.cs(10,44): warning CS1591: Missing XML comment for publicly visible type or member 'OccupancyStatus.Scheduled' [/Users/kady/Masterdom/src/Masterdom.Modules.Tenancy/Masterdom.Modules.Tenancy.csproj]
/Users/kady/Masterdom/src/Masterdom.Modules.Tenancy/Domain/Entities/Tenancy/OccupancyStatus.cs(11,44): warning CS1591: Missing XML comment for publicly visible type or member 'OccupancyStatus.Occupied' [/Users/kady/Masterdom/src/Masterdom.Modules.Tenancy/Masterdom.Modules.Tenancy.csproj]
/Users/kady/Masterdom/src/Masterdom.Modules.Tenancy/Domain/Entities/Tenancy/OccupancyStatus.cs(12,44): warning CS1591: Missing XML comment for publicly visible type or member 'OccupancyStatus.Vacated' [/Users/kady/Masterdom/src/Masterdom.Modules.Tenancy/Masterdom.Modules.Tenancy.csproj]
/Users/kady/Masterdom/src/Masterdom.Modules.Tenancy/Domain/Entities/Tenancy/OccupancyStatus.cs(19,19): warning CS1591: Missing XML comment for publicly visible type or member 'OccupancyStatus.Value' [/Users/kady/Masterdom/src/Masterdom.Modules.Tenancy/Masterdom.Modules.Tenancy.csproj]
/Users/kady/Masterdom/src/Masterdom.Modules.Tenancy/Domain/Entities/Tenancy/OccupancyStatus.cs(21,35): warning CS1591: Missing XML comment for publicly visible type or member 'OccupancyStatus.Create(string)' [/Users/kady/Masterdom/src/Masterdom.Modules.Tenancy/Masterdom.Modules.Tenancy.csproj]
/Users/kady/Masterdom/src/Masterdom.Modules.Tenancy/Domain/Entities/Tenancy/OccupancyStatus.cs(34,45): warning CS1591: Missing XML comment for publicly visible type or member 'OccupancyStatus.GetEqualityComponents()' [/Users/kady/Masterdom/src/Masterdom.Modules.Tenancy/Masterdom.Modules.Tenancy.csproj]
/Users/kady/Masterdom/src/Masterdom.Modules.Tenancy/Domain/Entities/Tenancy/OccupancyStatus.cs(39,28): warning CS1591: Missing XML comment for publicly visible type or member 'OccupancyStatus.ToString()' [/Users/kady/Masterdom/src/Masterdom.Modules.Tenancy/Masterdom.Modules.Tenancy.csproj]
/Users/kady/Masterdom/src/Masterdom.Modules.Tenancy/Domain/Entities/Tenancy/OccupantReference.cs(17,21): warning CS1591: Missing XML comment for publicly visible type or member 'OccupantReference.PersonId' [/Users/kady/Masterdom/src/Masterdom.Modules.Tenancy/Masterdom.Modules.Tenancy.csproj]
/Users/kady/Masterdom/src/Masterdom.Modules.Tenancy/Domain/Entities/Tenancy/OccupantReference.cs(19,17): warning CS1591: Missing XML comment for publicly visible type or member 'OccupantReference.IsPrimary' [/Users/kady/Masterdom/src/Masterdom.Modules.Tenancy/Masterdom.Modules.Tenancy.csproj]
/Users/kady/Masterdom/src/Masterdom.Modules.Tenancy/Domain/Entities/Tenancy/OccupantReference.cs(21,37): warning CS1591: Missing XML comment for publicly visible type or member 'OccupantReference.Create(PersonId, bool)' [/Users/kady/Masterdom/src/Masterdom.Modules.Tenancy/Masterdom.Modules.Tenancy.csproj]
/Users/kady/Masterdom/src/Masterdom.Modules.Tenancy/Domain/Entities/Tenancy/OccupantReference.cs(27,45): warning CS1591: Missing XML comment for publicly visible type or member 'OccupantReference.GetEqualityComponents()' [/Users/kady/Masterdom/src/Masterdom.Modules.Tenancy/Masterdom.Modules.Tenancy.csproj]
/Users/kady/Masterdom/src/Masterdom.Modules.Tenancy/Domain/Entities/Tenancy/PropertyReference.cs(15,17): warning CS1591: Missing XML comment for publicly visible type or member 'PropertyReference.PropertyId' [/Users/kady/Masterdom/src/Masterdom.Modules.Tenancy/Masterdom.Modules.Tenancy.csproj]
/Users/kady/Masterdom/src/Masterdom.Modules.Tenancy/Domain/Entities/Tenancy/PropertyReference.cs(17,37): warning CS1591: Missing XML comment for publicly visible type or member 'PropertyReference.Create(Guid)' [/Users/kady/Masterdom/src/Masterdom.Modules.Tenancy/Masterdom.Modules.Tenancy.csproj]
/Users/kady/Masterdom/src/Masterdom.Modules.Tenancy/Domain/Entities/Tenancy/PropertyReference.cs(27,45): warning CS1591: Missing XML comment for publicly visible type or member 'PropertyReference.GetEqualityComponents()' [/Users/kady/Masterdom/src/Masterdom.Modules.Tenancy/Masterdom.Modules.Tenancy.csproj]
/Users/kady/Masterdom/src/Masterdom.Modules.Tenancy/Domain/Entities/Tenancy/Tenancy.cs(38,26): warning CS1591: Missing XML comment for publicly visible type or member 'Tenancy.Number' [/Users/kady/Masterdom/src/Masterdom.Modules.Tenancy/Masterdom.Modules.Tenancy.csproj]
/Users/kady/Masterdom/src/Masterdom.Modules.Tenancy/Domain/Entities/Tenancy/Tenancy.cs(40,30): warning CS1591: Missing XML comment for publicly visible type or member 'Tenancy.Property' [/Users/kady/Masterdom/src/Masterdom.Modules.Tenancy/Masterdom.Modules.Tenancy.csproj]
/Users/kady/Masterdom/src/Masterdom.Modules.Tenancy/Domain/Entities/Tenancy/Tenancy.cs(42,26): warning CS1591: Missing XML comment for publicly visible type or member 'Tenancy.Unit' [/Users/kady/Masterdom/src/Masterdom.Modules.Tenancy/Masterdom.Modules.Tenancy.csproj]
/Users/kady/Masterdom/src/Masterdom.Modules.Tenancy/Domain/Entities/Tenancy/Tenancy.cs(44,23): warning CS1591: Missing XML comment for publicly visible type or member 'Tenancy.MoveInDate' [/Users/kady/Masterdom/src/Masterdom.Modules.Tenancy/Masterdom.Modules.Tenancy.csproj]
/Users/kady/Masterdom/src/Masterdom.Modules.Tenancy/Domain/Entities/Tenancy/Tenancy.cs(46,25): warning CS1591: Missing XML comment for publicly visible type or member 'Tenancy.MoveOutDate' [/Users/kady/Masterdom/src/Masterdom.Modules.Tenancy/Masterdom.Modules.Tenancy.csproj]
/Users/kady/Masterdom/src/Masterdom.Modules.Tenancy/Domain/Entities/Tenancy/Tenancy.cs(48,26): warning CS1591: Missing XML comment for publicly visible type or member 'Tenancy.Status' [/Users/kady/Masterdom/src/Masterdom.Modules.Tenancy/Masterdom.Modules.Tenancy.csproj]
/Users/kady/Masterdom/src/Masterdom.Modules.Tenancy/Domain/Entities/Tenancy/Tenancy.cs(50,28): warning CS1591: Missing XML comment for publicly visible type or member 'Tenancy.OccupancyStatus' [/Users/kady/Masterdom/src/Masterdom.Modules.Tenancy/Masterdom.Modules.Tenancy.csproj]
/Users/kady/Masterdom/src/Masterdom.Modules.Tenancy/Domain/Entities/Tenancy/Tenancy.cs(52,27): warning CS1591: Missing XML comment for publicly visible type or member 'Tenancy.ClosedOn' [/Users/kady/Masterdom/src/Masterdom.Modules.Tenancy/Masterdom.Modules.Tenancy.csproj]
/Users/kady/Masterdom/src/Masterdom.Modules.Tenancy/Domain/Entities/Tenancy/Tenancy.cs(54,31): warning CS1591: Missing XML comment for publicly visible type or member 'Tenancy.TerminationReason' [/Users/kady/Masterdom/src/Masterdom.Modules.Tenancy/Masterdom.Modules.Tenancy.csproj]
/Users/kady/Masterdom/src/Masterdom.Modules.Tenancy/Domain/Entities/Tenancy/Tenancy.cs(56,19): warning CS1591: Missing XML comment for publicly visible type or member 'Tenancy.Notes' [/Users/kady/Masterdom/src/Masterdom.Modules.Tenancy/Masterdom.Modules.Tenancy.csproj]
/Users/kady/Masterdom/src/Masterdom.Modules.Tenancy/Domain/Entities/Tenancy/Tenancy.cs(58,51): warning CS1591: Missing XML comment for publicly visible type or member 'Tenancy.Occupants' [/Users/kady/Masterdom/src/Masterdom.Modules.Tenancy/Masterdom.Modules.Tenancy.csproj]
/Users/kady/Masterdom/src/Masterdom.Modules.Tenancy/Domain/Entities/Tenancy/Tenancy.cs(60,46): warning CS1591: Missing XML comment for publicly visible type or member 'Tenancy.DomainEvents' [/Users/kady/Masterdom/src/Masterdom.Modules.Tenancy/Masterdom.Modules.Tenancy.csproj]
/Users/kady/Masterdom/src/Masterdom.Modules.Tenancy/Domain/Entities/Tenancy/Tenancy.cs(62,27): warning CS1591: Missing XML comment for publicly visible type or member 'Tenancy.Create(TenancyNumber, PropertyReference, UnitReference, MoveInDate, OccupantReference, Notes?)' [/Users/kady/Masterdom/src/Masterdom.Modules.Tenancy/Masterdom.Modules.Tenancy.csproj]
/Users/kady/Masterdom/src/Masterdom.Modules.Tenancy/Domain/Entities/Tenancy/Tenancy.cs(97,17): warning CS1591: Missing XML comment for publicly visible type or member 'Tenancy.AddOccupant(PersonId, bool)' [/Users/kady/Masterdom/src/Masterdom.Modules.Tenancy/Masterdom.Modules.Tenancy.csproj]
/Users/kady/Masterdom/src/Masterdom.Modules.Tenancy/Domain/Entities/Tenancy/Tenancy.cs(123,17): warning CS1591: Missing XML comment for publicly visible type or member 'Tenancy.RemoveOccupant(PersonId)' [/Users/kady/Masterdom/src/Masterdom.Modules.Tenancy/Masterdom.Modules.Tenancy.csproj]
/Users/kady/Masterdom/src/Masterdom.Modules.Tenancy/Domain/Entities/Tenancy/Tenancy.cs(150,17): warning CS1591: Missing XML comment for publicly visible type or member 'Tenancy.RecordMoveIn(MoveInDate)' [/Users/kady/Masterdom/src/Masterdom.Modules.Tenancy/Masterdom.Modules.Tenancy.csproj]
/Users/kady/Masterdom/src/Masterdom.Modules.Tenancy/Domain/Entities/Tenancy/Tenancy.cs(166,17): warning CS1591: Missing XML comment for publicly visible type or member 'Tenancy.RecordMoveOut(MoveOutDate)' [/Users/kady/Masterdom/src/Masterdom.Modules.Tenancy/Masterdom.Modules.Tenancy.csproj]
/Users/kady/Masterdom/src/Masterdom.Modules.Tenancy/Domain/Entities/Tenancy/Tenancy.cs(182,17): warning CS1591: Missing XML comment for publicly visible type or member 'Tenancy.Close(EffectiveDate, TerminationReason)' [/Users/kady/Masterdom/src/Masterdom.Modules.Tenancy/Masterdom.Modules.Tenancy.csproj]
/Users/kady/Masterdom/src/Masterdom.Modules.Tenancy/Domain/Entities/Tenancy/Tenancy.cs(200,17): warning CS1591: Missing XML comment for publicly visible type or member 'Tenancy.Archive()' [/Users/kady/Masterdom/src/Masterdom.Modules.Tenancy/Masterdom.Modules.Tenancy.csproj]
/Users/kady/Masterdom/src/Masterdom.Modules.Tenancy/Domain/Entities/Tenancy/Tenancy.cs(217,17): warning CS1591: Missing XML comment for publicly visible type or member 'Tenancy.UpdateNotes(Notes?)' [/Users/kady/Masterdom/src/Masterdom.Modules.Tenancy/Masterdom.Modules.Tenancy.csproj]
/Users/kady/Masterdom/src/Masterdom.Modules.Tenancy/Domain/Entities/Tenancy/Tenancy.cs(223,17): warning CS1591: Missing XML comment for publicly visible type or member 'Tenancy.ClearDomainEvents()' [/Users/kady/Masterdom/src/Masterdom.Modules.Tenancy/Masterdom.Modules.Tenancy.csproj]
/Users/kady/Masterdom/src/Masterdom.Modules.Tenancy/Domain/Entities/Tenancy/TenancyId.cs(10,29): warning CS1591: Missing XML comment for publicly visible type or member 'TenancyId.New()' [/Users/kady/Masterdom/src/Masterdom.Modules.Tenancy/Masterdom.Modules.Tenancy.csproj]
/Users/kady/Masterdom/src/Masterdom.Modules.Tenancy/Domain/Entities/Tenancy/TenancyId.cs(15,29): warning CS1591: Missing XML comment for publicly visible type or member 'TenancyId.From(Guid)' [/Users/kady/Masterdom/src/Masterdom.Modules.Tenancy/Masterdom.Modules.Tenancy.csproj]
/Users/kady/Masterdom/src/Masterdom.Modules.Tenancy/Domain/Entities/Tenancy/TenancyNumber.cs(15,19): warning CS1591: Missing XML comment for publicly visible type or member 'TenancyNumber.Value' [/Users/kady/Masterdom/src/Masterdom.Modules.Tenancy/Masterdom.Modules.Tenancy.csproj]
/Users/kady/Masterdom/src/Masterdom.Modules.Tenancy/Domain/Entities/Tenancy/TenancyNumber.cs(17,33): warning CS1591: Missing XML comment for publicly visible type or member 'TenancyNumber.Create(string)' [/Users/kady/Masterdom/src/Masterdom.Modules.Tenancy/Masterdom.Modules.Tenancy.csproj]
/Users/kady/Masterdom/src/Masterdom.Modules.Tenancy/Domain/Entities/Tenancy/TenancyNumber.cs(30,45): warning CS1591: Missing XML comment for publicly visible type or member 'TenancyNumber.GetEqualityComponents()' [/Users/kady/Masterdom/src/Masterdom.Modules.Tenancy/Masterdom.Modules.Tenancy.csproj]
/Users/kady/Masterdom/src/Masterdom.Modules.Tenancy/Domain/Entities/Tenancy/TenancyNumber.cs(35,28): warning CS1591: Missing XML comment for publicly visible type or member 'TenancyNumber.ToString()' [/Users/kady/Masterdom/src/Masterdom.Modules.Tenancy/Masterdom.Modules.Tenancy.csproj]
/Users/kady/Masterdom/src/Masterdom.Modules.Tenancy/Domain/Entities/Tenancy/TenancyStatus.cs(10,42): warning CS1591: Missing XML comment for publicly visible type or member 'TenancyStatus.Active' [/Users/kady/Masterdom/src/Masterdom.Modules.Tenancy/Masterdom.Modules.Tenancy.csproj]
/Users/kady/Masterdom/src/Masterdom.Modules.Tenancy/Domain/Entities/Tenancy/TenancyStatus.cs(11,42): warning CS1591: Missing XML comment for publicly visible type or member 'TenancyStatus.Closed' [/Users/kady/Masterdom/src/Masterdom.Modules.Tenancy/Masterdom.Modules.Tenancy.csproj]
/Users/kady/Masterdom/src/Masterdom.Modules.Tenancy/Domain/Entities/Tenancy/TenancyStatus.cs(12,42): warning CS1591: Missing XML comment for publicly visible type or member 'TenancyStatus.Archived' [/Users/kady/Masterdom/src/Masterdom.Modules.Tenancy/Masterdom.Modules.Tenancy.csproj]
/Users/kady/Masterdom/src/Masterdom.Modules.Tenancy/Domain/Entities/Tenancy/TenancyStatus.cs(19,19): warning CS1591: Missing XML comment for publicly visible type or member 'TenancyStatus.Value' [/Users/kady/Masterdom/src/Masterdom.Modules.Tenancy/Masterdom.Modules.Tenancy.csproj]
/Users/kady/Masterdom/src/Masterdom.Modules.Tenancy/Domain/Entities/Tenancy/TenancyStatus.cs(21,33): warning CS1591: Missing XML comment for publicly visible type or member 'TenancyStatus.Create(string)' [/Users/kady/Masterdom/src/Masterdom.Modules.Tenancy/Masterdom.Modules.Tenancy.csproj]
/Users/kady/Masterdom/src/Masterdom.Modules.Tenancy/Domain/Entities/Tenancy/TenancyStatus.cs(34,45): warning CS1591: Missing XML comment for publicly visible type or member 'TenancyStatus.GetEqualityComponents()' [/Users/kady/Masterdom/src/Masterdom.Modules.Tenancy/Masterdom.Modules.Tenancy.csproj]
/Users/kady/Masterdom/src/Masterdom.Modules.Tenancy/Domain/Entities/Tenancy/TenancyStatus.cs(39,28): warning CS1591: Missing XML comment for publicly visible type or member 'TenancyStatus.ToString()' [/Users/kady/Masterdom/src/Masterdom.Modules.Tenancy/Masterdom.Modules.Tenancy.csproj]
/Users/kady/Masterdom/src/Masterdom.Modules.Tenancy/Domain/Entities/Tenancy/TerminationReason.cs(15,19): warning CS1591: Missing XML comment for publicly visible type or member 'TerminationReason.Value' [/Users/kady/Masterdom/src/Masterdom.Modules.Tenancy/Masterdom.Modules.Tenancy.csproj]
/Users/kady/Masterdom/src/Masterdom.Modules.Tenancy/Domain/Entities/Tenancy/TerminationReason.cs(17,37): warning CS1591: Missing XML comment for publicly visible type or member 'TerminationReason.Create(string)' [/Users/kady/Masterdom/src/Masterdom.Modules.Tenancy/Masterdom.Modules.Tenancy.csproj]
/Users/kady/Masterdom/src/Masterdom.Modules.Tenancy/Domain/Entities/Tenancy/TerminationReason.cs(30,45): warning CS1591: Missing XML comment for publicly visible type or member 'TerminationReason.GetEqualityComponents()' [/Users/kady/Masterdom/src/Masterdom.Modules.Tenancy/Masterdom.Modules.Tenancy.csproj]
/Users/kady/Masterdom/src/Masterdom.Modules.Tenancy/Domain/Entities/Tenancy/UnitReference.cs(15,17): warning CS1591: Missing XML comment for publicly visible type or member 'UnitReference.UnitId' [/Users/kady/Masterdom/src/Masterdom.Modules.Tenancy/Masterdom.Modules.Tenancy.csproj]
/Users/kady/Masterdom/src/Masterdom.Modules.Tenancy/Domain/Entities/Tenancy/UnitReference.cs(17,33): warning CS1591: Missing XML comment for publicly visible type or member 'UnitReference.Create(Guid)' [/Users/kady/Masterdom/src/Masterdom.Modules.Tenancy/Masterdom.Modules.Tenancy.csproj]
/Users/kady/Masterdom/src/Masterdom.Modules.Tenancy/Domain/Entities/Tenancy/UnitReference.cs(27,45): warning CS1591: Missing XML comment for publicly visible type or member 'UnitReference.GetEqualityComponents()' [/Users/kady/Masterdom/src/Masterdom.Modules.Tenancy/Masterdom.Modules.Tenancy.csproj]
/Users/kady/Masterdom/src/Masterdom.Modules.Tenancy/Domain/Repositories/ITenancyRepository.cs(6,18): warning CS1591: Missing XML comment for publicly visible type or member 'ITenancyRepository' [/Users/kady/Masterdom/src/Masterdom.Modules.Tenancy/Masterdom.Modules.Tenancy.csproj]
/Users/kady/Masterdom/src/Masterdom.Modules.Tenancy/Domain/Repositories/ITenancyRepository.cs(8,10): warning CS1591: Missing XML comment for publicly visible type or member 'ITenancyRepository.Add(Tenancy)' [/Users/kady/Masterdom/src/Masterdom.Modules.Tenancy/Masterdom.Modules.Tenancy.csproj]
/Users/kady/Masterdom/src/Masterdom.Modules.Tenancy/Domain/Repositories/ITenancyRepository.cs(10,23): warning CS1591: Missing XML comment for publicly visible type or member 'ITenancyRepository.GetById(TenancyId)' [/Users/kady/Masterdom/src/Masterdom.Modules.Tenancy/Masterdom.Modules.Tenancy.csproj]
/Users/kady/Masterdom/src/Masterdom.Modules.Tenancy/Domain/Repositories/ITenancyRepository.cs(12,10): warning CS1591: Missing XML comment for publicly visible type or member 'ITenancyRepository.HasActiveTenancyForUnit(UnitReference)' [/Users/kady/Masterdom/src/Masterdom.Modules.Tenancy/Masterdom.Modules.Tenancy.csproj]
/Users/kady/Masterdom/src/Masterdom.Modules.Tenancy/Domain/Repositories/ITenancyRepository.cs(14,10): warning CS1591: Missing XML comment for publicly visible type or member 'ITenancyRepository.Update(Tenancy)' [/Users/kady/Masterdom/src/Masterdom.Modules.Tenancy/Masterdom.Modules.Tenancy.csproj]
/Users/kady/Masterdom/src/Masterdom.Modules.People/Application/Support/ExecutionResult.cs(54,38): warning CS0108: 'ExecutionResult<T>.Failure(string, string)' hides inherited member 'ExecutionResult.Failure(string, string)'. Use the new keyword if hiding was intended. [/Users/kady/Masterdom/src/Masterdom.Modules.People/Masterdom.Modules.People.csproj]
/Users/kady/Masterdom/src/Masterdom.Modules.People/Application/Handlers/Commands/AddContactCommandHandler.cs(15,12): warning CS1591: Missing XML comment for publicly visible type or member 'AddContactCommandHandler.AddContactCommandHandler(IPersonApplicationService)' [/Users/kady/Masterdom/src/Masterdom.Modules.People/Masterdom.Modules.People.csproj]
/Users/kady/Masterdom/src/Masterdom.Modules.People/Application/Handlers/Commands/AddContactCommandHandler.cs(20,36): warning CS1591: Missing XML comment for publicly visible type or member 'AddContactCommandHandler.Handle(AddContactCommand)' [/Users/kady/Masterdom/src/Masterdom.Modules.People/Masterdom.Modules.People.csproj]
/Users/kady/Masterdom/src/Masterdom.Modules.People/Application/Handlers/Commands/AddIdentityDocumentCommandHandler.cs(15,12): warning CS1591: Missing XML comment for publicly visible type or member 'AddIdentityDocumentCommandHandler.AddIdentityDocumentCommandHandler(IPersonApplicationService)' [/Users/kady/Masterdom/src/Masterdom.Modules.People/Masterdom.Modules.People.csproj]
/Users/kady/Masterdom/src/Masterdom.Modules.People/Application/Handlers/Commands/AddIdentityDocumentCommandHandler.cs(20,36): warning CS1591: Missing XML comment for publicly visible type or member 'AddIdentityDocumentCommandHandler.Handle(AddIdentityDocumentCommand)' [/Users/kady/Masterdom/src/Masterdom.Modules.People/Masterdom.Modules.People.csproj]
/Users/kady/Masterdom/src/Masterdom.Modules.People/Application/Handlers/Commands/AddRelationshipCommandHandler.cs(15,12): warning CS1591: Missing XML comment for publicly visible type or member 'AddRelationshipCommandHandler.AddRelationshipCommandHandler(IPersonApplicationService)' [/Users/kady/Masterdom/src/Masterdom.Modules.People/Masterdom.Modules.People.csproj]
/Users/kady/Masterdom/src/Masterdom.Modules.People/Application/Handlers/Commands/AddRelationshipCommandHandler.cs(20,36): warning CS1591: Missing XML comment for publicly visible type or member 'AddRelationshipCommandHandler.Handle(AddRelationshipCommand)' [/Users/kady/Masterdom/src/Masterdom.Modules.People/Masterdom.Modules.People.csproj]
/Users/kady/Masterdom/src/Masterdom.Modules.People/Application/Handlers/Commands/ChangePersonStatusCommandHandler.cs(15,12): warning CS1591: Missing XML comment for publicly visible type or member 'ChangePersonStatusCommandHandler.ChangePersonStatusCommandHandler(IPersonApplicationService)' [/Users/kady/Masterdom/src/Masterdom.Modules.People/Masterdom.Modules.People.csproj]
/Users/kady/Masterdom/src/Masterdom.Modules.People/Application/Handlers/Commands/ChangePersonStatusCommandHandler.cs(20,36): warning CS1591: Missing XML comment for publicly visible type or member 'ChangePersonStatusCommandHandler.Handle(ChangePersonStatusCommand)' [/Users/kady/Masterdom/src/Masterdom.Modules.People/Masterdom.Modules.People.csproj]
/Users/kady/Masterdom/src/Masterdom.Modules.People/Application/Handlers/Commands/CreatePersonCommandHandler.cs(15,12): warning CS1591: Missing XML comment for publicly visible type or member 'CreatePersonCommandHandler.CreatePersonCommandHandler(IPersonApplicationService)' [/Users/kady/Masterdom/src/Masterdom.Modules.People/Masterdom.Modules.People.csproj]
/Users/kady/Masterdom/src/Masterdom.Modules.People/Application/Handlers/Commands/CreatePersonCommandHandler.cs(20,36): warning CS1591: Missing XML comment for publicly visible type or member 'CreatePersonCommandHandler.Handle(CreatePersonCommand)' [/Users/kady/Masterdom/src/Masterdom.Modules.People/Masterdom.Modules.People.csproj]
/Users/kady/Masterdom/src/Masterdom.Modules.People/Application/Handlers/Commands/RemoveContactCommandHandler.cs(14,12): warning CS1591: Missing XML comment for publicly visible type or member 'RemoveContactCommandHandler.RemoveContactCommandHandler(IPersonApplicationService)' [/Users/kady/Masterdom/src/Masterdom.Modules.People/Masterdom.Modules.People.csproj]
/Users/kady/Masterdom/src/Masterdom.Modules.People/Application/Handlers/Commands/RemoveContactCommandHandler.cs(19,34): warning CS1591: Missing XML comment for publicly visible type or member 'RemoveContactCommandHandler.Handle(RemoveContactCommand)' [/Users/kady/Masterdom/src/Masterdom.Modules.People/Masterdom.Modules.People.csproj]
/Users/kady/Masterdom/src/Masterdom.Modules.People/Application/Handlers/Commands/RenamePersonCommandHandler.cs(15,12): warning CS1591: Missing XML comment for publicly visible type or member 'RenamePersonCommandHandler.RenamePersonCommandHandler(IPersonApplicationService)' [/Users/kady/Masterdom/src/Masterdom.Modules.People/Masterdom.Modules.People.csproj]
/Users/kady/Masterdom/src/Masterdom.Modules.People/Application/Handlers/Commands/RenamePersonCommandHandler.cs(20,36): warning CS1591: Missing XML comment for publicly visible type or member 'RenamePersonCommandHandler.Handle(RenamePersonCommand)' [/Users/kady/Masterdom/src/Masterdom.Modules.People/Masterdom.Modules.People.csproj]
/Users/kady/Masterdom/src/Masterdom.Modules.People/Application/Handlers/Queries/GetPersonByIdQueryHandler.cs(15,12): warning CS1591: Missing XML comment for publicly visible type or member 'GetPersonByIdQueryHandler.GetPersonByIdQueryHandler(IPersonApplicationService)' [/Users/kady/Masterdom/src/Masterdom.Modules.People/Masterdom.Modules.People.csproj]
/Users/kady/Masterdom/src/Masterdom.Modules.People/Application/Handlers/Queries/GetPersonByIdQueryHandler.cs(20,36): warning CS1591: Missing XML comment for publicly visible type or member 'GetPersonByIdQueryHandler.Handle(GetPersonByIdQuery)' [/Users/kady/Masterdom/src/Masterdom.Modules.People/Masterdom.Modules.People.csproj]
/Users/kady/Masterdom/src/Masterdom.Modules.People/Application/Handlers/Queries/GetPersonByNumberQueryHandler.cs(15,12): warning CS1591: Missing XML comment for publicly visible type or member 'GetPersonByNumberQueryHandler.GetPersonByNumberQueryHandler(IPersonApplicationService)' [/Users/kady/Masterdom/src/Masterdom.Modules.People/Masterdom.Modules.People.csproj]
/Users/kady/Masterdom/src/Masterdom.Modules.People/Application/Handlers/Queries/GetPersonByNumberQueryHandler.cs(20,36): warning CS1591: Missing XML comment for publicly visible type or member 'GetPersonByNumberQueryHandler.Handle(GetPersonByNumberQuery)' [/Users/kady/Masterdom/src/Masterdom.Modules.People/Masterdom.Modules.People.csproj]
/Users/kady/Masterdom/src/Masterdom.Modules.People/Application/Handlers/Queries/SearchPeopleQueryHandler.cs(15,12): warning CS1591: Missing XML comment for publicly visible type or member 'SearchPeopleQueryHandler.SearchPeopleQueryHandler(IPersonApplicationService)' [/Users/kady/Masterdom/src/Masterdom.Modules.People/Masterdom.Modules.People.csproj]
/Users/kady/Masterdom/src/Masterdom.Modules.People/Application/Handlers/Queries/SearchPeopleQueryHandler.cs(20,57): warning CS1591: Missing XML comment for publicly visible type or member 'SearchPeopleQueryHandler.Handle(SearchPeopleQuery)' [/Users/kady/Masterdom/src/Masterdom.Modules.People/Masterdom.Modules.People.csproj]
/Users/kady/Masterdom/src/Masterdom.Modules.People/Application/Services/IPersonApplicationService.cs(12,12): warning CS1591: Missing XML comment for publicly visible type or member 'IPersonApplicationService.CreatePerson(CreatePersonCommand)' [/Users/kady/Masterdom/src/Masterdom.Modules.People/Masterdom.Modules.People.csproj]
/Users/kady/Masterdom/src/Masterdom.Modules.People/Application/Services/IPersonApplicationService.cs(14,12): warning CS1591: Missing XML comment for publicly visible type or member 'IPersonApplicationService.RenamePerson(RenamePersonCommand)' [/Users/kady/Masterdom/src/Masterdom.Modules.People/Masterdom.Modules.People.csproj]
/Users/kady/Masterdom/src/Masterdom.Modules.People/Application/Services/IPersonApplicationService.cs(16,12): warning CS1591: Missing XML comment for publicly visible type or member 'IPersonApplicationService.ChangeStatus(ChangePersonStatusCommand)' [/Users/kady/Masterdom/src/Masterdom.Modules.People/Masterdom.Modules.People.csproj]
/Users/kady/Masterdom/src/Masterdom.Modules.People/Application/Services/IPersonApplicationService.cs(18,12): warning CS1591: Missing XML comment for publicly visible type or member 'IPersonApplicationService.AddContact(AddContactCommand)' [/Users/kady/Masterdom/src/Masterdom.Modules.People/Masterdom.Modules.People.csproj]
/Users/kady/Masterdom/src/Masterdom.Modules.People/Application/Services/IPersonApplicationService.cs(20,10): warning CS1591: Missing XML comment for publicly visible type or member 'IPersonApplicationService.RemoveContact(RemoveContactCommand)' [/Users/kady/Masterdom/src/Masterdom.Modules.People/Masterdom.Modules.People.csproj]
/Users/kady/Masterdom/src/Masterdom.Modules.People/Application/Services/IPersonApplicationService.cs(22,12): warning CS1591: Missing XML comment for publicly visible type or member 'IPersonApplicationService.AddIdentityDocument(AddIdentityDocumentCommand)' [/Users/kady/Masterdom/src/Masterdom.Modules.People/Masterdom.Modules.People.csproj]
/Users/kady/Masterdom/src/Masterdom.Modules.People/Application/Services/IPersonApplicationService.cs(24,12): warning CS1591: Missing XML comment for publicly visible type or member 'IPersonApplicationService.AddRelationship(AddRelationshipCommand)' [/Users/kady/Masterdom/src/Masterdom.Modules.People/Masterdom.Modules.People.csproj]
/Users/kady/Masterdom/src/Masterdom.Modules.People/Application/Services/IPersonApplicationService.cs(26,13): warning CS1591: Missing XML comment for publicly visible type or member 'IPersonApplicationService.GetPerson(GetPersonByIdQuery)' [/Users/kady/Masterdom/src/Masterdom.Modules.People/Masterdom.Modules.People.csproj]
/Users/kady/Masterdom/src/Masterdom.Modules.People/Application/Services/IPersonApplicationService.cs(28,13): warning CS1591: Missing XML comment for publicly visible type or member 'IPersonApplicationService.GetPersonByNumber(GetPersonByNumberQuery)' [/Users/kady/Masterdom/src/Masterdom.Modules.People/Masterdom.Modules.People.csproj]
/Users/kady/Masterdom/src/Masterdom.Modules.People/Application/Services/IPersonApplicationService.cs(30,33): warning CS1591: Missing XML comment for publicly visible type or member 'IPersonApplicationService.SearchPeople(SearchPeopleQuery)' [/Users/kady/Masterdom/src/Masterdom.Modules.People/Masterdom.Modules.People.csproj]
/Users/kady/Masterdom/src/Masterdom.Modules.People/Application/Services/PersonApplicationService.cs(18,12): warning CS1591: Missing XML comment for publicly visible type or member 'PersonApplicationService.PersonApplicationService(IPersonRepository, IPersonUnitOfWork, IPersonPlatformOrchestrator)' [/Users/kady/Masterdom/src/Masterdom.Modules.People/Masterdom.Modules.People.csproj]
/Users/kady/Masterdom/src/Masterdom.Modules.People/Application/Services/PersonApplicationService.cs(28,19): warning CS1591: Missing XML comment for publicly visible type or member 'PersonApplicationService.CreatePerson(CreatePersonCommand)' [/Users/kady/Masterdom/src/Masterdom.Modules.People/Masterdom.Modules.People.csproj]
/Users/kady/Masterdom/src/Masterdom.Modules.People/Application/Services/PersonApplicationService.cs(49,19): warning CS1591: Missing XML comment for publicly visible type or member 'PersonApplicationService.RenamePerson(RenamePersonCommand)' [/Users/kady/Masterdom/src/Masterdom.Modules.People/Masterdom.Modules.People.csproj]
/Users/kady/Masterdom/src/Masterdom.Modules.People/Application/Services/PersonApplicationService.cs(61,19): warning CS1591: Missing XML comment for publicly visible type or member 'PersonApplicationService.ChangeStatus(ChangePersonStatusCommand)' [/Users/kady/Masterdom/src/Masterdom.Modules.People/Masterdom.Modules.People.csproj]
/Users/kady/Masterdom/src/Masterdom.Modules.People/Application/Services/PersonApplicationService.cs(89,19): warning CS1591: Missing XML comment for publicly visible type or member 'PersonApplicationService.AddContact(AddContactCommand)' [/Users/kady/Masterdom/src/Masterdom.Modules.People/Masterdom.Modules.People.csproj]
/Users/kady/Masterdom/src/Masterdom.Modules.People/Application/Services/PersonApplicationService.cs(101,17): warning CS1591: Missing XML comment for publicly visible type or member 'PersonApplicationService.RemoveContact(RemoveContactCommand)' [/Users/kady/Masterdom/src/Masterdom.Modules.People/Masterdom.Modules.People.csproj]
/Users/kady/Masterdom/src/Masterdom.Modules.People/Application/Services/PersonApplicationService.cs(118,19): warning CS1591: Missing XML comment for publicly visible type or member 'PersonApplicationService.AddIdentityDocument(AddIdentityDocumentCommand)' [/Users/kady/Masterdom/src/Masterdom.Modules.People/Masterdom.Modules.People.csproj]
/Users/kady/Masterdom/src/Masterdom.Modules.People/Application/Services/PersonApplicationService.cs(130,19): warning CS1591: Missing XML comment for publicly visible type or member 'PersonApplicationService.AddRelationship(AddRelationshipCommand)' [/Users/kady/Masterdom/src/Masterdom.Modules.People/Masterdom.Modules.People.csproj]
/Users/kady/Masterdom/src/Masterdom.Modules.People/Application/Services/PersonApplicationService.cs(142,20): warning CS1591: Missing XML comment for publicly visible type or member 'PersonApplicationService.GetPerson(GetPersonByIdQuery)' [/Users/kady/Masterdom/src/Masterdom.Modules.People/Masterdom.Modules.People.csproj]
/Users/kady/Masterdom/src/Masterdom.Modules.People/Application/Services/PersonApplicationService.cs(148,20): warning CS1591: Missing XML comment for publicly visible type or member 'PersonApplicationService.GetPersonByNumber(GetPersonByNumberQuery)' [/Users/kady/Masterdom/src/Masterdom.Modules.People/Masterdom.Modules.People.csproj]
/Users/kady/Masterdom/src/Masterdom.Modules.People/Application/Services/PersonApplicationService.cs(154,40): warning CS1591: Missing XML comment for publicly visible type or member 'PersonApplicationService.SearchPeople(SearchPeopleQuery)' [/Users/kady/Masterdom/src/Masterdom.Modules.People/Masterdom.Modules.People.csproj]
/Users/kady/Masterdom/src/Masterdom.Modules.People/Application/Support/ExecutionResult.cs(8,15): warning CS1591: Missing XML comment for publicly visible type or member 'ExecutionResult.ExecutionResult(bool, string?, string?)' [/Users/kady/Masterdom/src/Masterdom.Modules.People/Masterdom.Modules.People.csproj]
/Users/kady/Masterdom/src/Masterdom.Modules.People/Application/Support/ExecutionResult.cs(15,17): warning CS1591: Missing XML comment for publicly visible type or member 'ExecutionResult.IsSuccess' [/Users/kady/Masterdom/src/Masterdom.Modules.People/Masterdom.Modules.People.csproj]
/Users/kady/Masterdom/src/Masterdom.Modules.People/Application/Support/ExecutionResult.cs(17,20): warning CS1591: Missing XML comment for publicly visible type or member 'ExecutionResult.ErrorCode' [/Users/kady/Masterdom/src/Masterdom.Modules.People/Masterdom.Modules.People.csproj]
/Users/kady/Masterdom/src/Masterdom.Modules.People/Application/Support/ExecutionResult.cs(19,20): warning CS1591: Missing XML comment for publicly visible type or member 'ExecutionResult.ErrorMessage' [/Users/kady/Masterdom/src/Masterdom.Modules.People/Masterdom.Modules.People.csproj]
/Users/kady/Masterdom/src/Masterdom.Modules.People/Application/Support/ExecutionResult.cs(21,35): warning CS1591: Missing XML comment for publicly visible type or member 'ExecutionResult.Success()' [/Users/kady/Masterdom/src/Masterdom.Modules.People/Masterdom.Modules.People.csproj]
/Users/kady/Masterdom/src/Masterdom.Modules.People/Application/Support/ExecutionResult.cs(26,35): warning CS1591: Missing XML comment for publicly visible type or member 'ExecutionResult.Failure(string, string)' [/Users/kady/Masterdom/src/Masterdom.Modules.People/Masterdom.Modules.People.csproj]
/Users/kady/Masterdom/src/Masterdom.Modules.People/Application/Support/ExecutionResult.cs(46,15): warning CS1591: Missing XML comment for publicly visible type or member 'ExecutionResult<T>.Value' [/Users/kady/Masterdom/src/Masterdom.Modules.People/Masterdom.Modules.People.csproj]
/Users/kady/Masterdom/src/Masterdom.Modules.People/Application/Support/ExecutionResult.cs(48,38): warning CS1591: Missing XML comment for publicly visible type or member 'ExecutionResult<T>.Success(T)' [/Users/kady/Masterdom/src/Masterdom.Modules.People/Masterdom.Modules.People.csproj]
/Users/kady/Masterdom/src/Masterdom.Modules.People/Application/Support/ExecutionResult.cs(54,38): warning CS1591: Missing XML comment for publicly visible type or member 'ExecutionResult<T>.Failure(string, string)' [/Users/kady/Masterdom/src/Masterdom.Modules.People/Masterdom.Modules.People.csproj]
/Users/kady/Masterdom/src/Masterdom.Modules.People/Application/Support/ICommandHandler.cs(8,13): warning CS1591: Missing XML comment for publicly visible type or member 'ICommandHandler<TCommand, TResult>.Handle(TCommand)' [/Users/kady/Masterdom/src/Masterdom.Modules.People/Masterdom.Modules.People.csproj]
/Users/kady/Masterdom/src/Masterdom.Modules.People/Application/Support/IPersonPlatformOrchestrator.cs(10,10): warning CS1591: Missing XML comment for publicly visible type or member 'IPersonPlatformOrchestrator.OnPersonMutated(Person, string)' [/Users/kady/Masterdom/src/Masterdom.Modules.People/Masterdom.Modules.People.csproj]
/Users/kady/Masterdom/src/Masterdom.Modules.People/Application/Support/IPersonUnitOfWork.cs(8,10): warning CS1591: Missing XML comment for publicly visible type or member 'IPersonUnitOfWork.Execute(Action)' [/Users/kady/Masterdom/src/Masterdom.Modules.People/Masterdom.Modules.People.csproj]
/Users/kady/Masterdom/src/Masterdom.Modules.People/Application/Support/IQueryHandler.cs(8,13): warning CS1591: Missing XML comment for publicly visible type or member 'IQueryHandler<TQuery, TResult>.Handle(TQuery)' [/Users/kady/Masterdom/src/Masterdom.Modules.People/Masterdom.Modules.People.csproj]
/Users/kady/Masterdom/src/Masterdom.Modules.People/Domain/Entities/Person/Address.cs(161,45): warning CS1591: Missing XML comment for publicly visible type or member 'Address.GetEqualityComponents()' [/Users/kady/Masterdom/src/Masterdom.Modules.People/Masterdom.Modules.People.csproj]
/Users/kady/Masterdom/src/Masterdom.Modules.People/Domain/Entities/Person/Address.cs(173,28): warning CS1591: Missing XML comment for publicly visible type or member 'Address.ToString()' [/Users/kady/Masterdom/src/Masterdom.Modules.People/Masterdom.Modules.People.csproj]
/Users/kady/Masterdom/src/Masterdom.Modules.People/Domain/Entities/Person/CommunicationPreference.cs(17,19): warning CS1591: Missing XML comment for publicly visible type or member 'CommunicationPreference.Channel' [/Users/kady/Masterdom/src/Masterdom.Modules.People/Masterdom.Modules.People.csproj]
/Users/kady/Masterdom/src/Masterdom.Modules.People/Domain/Entities/Person/CommunicationPreference.cs(19,17): warning CS1591: Missing XML comment for publicly visible type or member 'CommunicationPreference.IsAllowed' [/Users/kady/Masterdom/src/Masterdom.Modules.People/Masterdom.Modules.People.csproj]
/Users/kady/Masterdom/src/Masterdom.Modules.People/Domain/Entities/Person/CommunicationPreference.cs(21,20): warning CS1591: Missing XML comment for publicly visible type or member 'CommunicationPreference.Remarks' [/Users/kady/Masterdom/src/Masterdom.Modules.People/Masterdom.Modules.People.csproj]
/Users/kady/Masterdom/src/Masterdom.Modules.People/Domain/Entities/Person/CommunicationPreference.cs(23,43): warning CS1591: Missing XML comment for publicly visible type or member 'CommunicationPreference.Create(string, bool, string?)' [/Users/kady/Masterdom/src/Masterdom.Modules.People/Masterdom.Modules.People.csproj]
/Users/kady/Masterdom/src/Masterdom.Modules.People/Domain/Entities/Person/CommunicationPreference.cs(33,45): warning CS1591: Missing XML comment for publicly visible type or member 'CommunicationPreference.GetEqualityComponents()' [/Users/kady/Masterdom/src/Masterdom.Modules.People/Masterdom.Modules.People.csproj]
/Users/kady/Masterdom/src/Masterdom.Modules.People/Domain/Entities/Person/Contact.cs(117,45): warning CS1591: Missing XML comment for publicly visible type or member 'Contact.GetEqualityComponents()' [/Users/kady/Masterdom/src/Masterdom.Modules.People/Masterdom.Modules.People.csproj]
/Users/kady/Masterdom/src/Masterdom.Modules.People/Domain/Entities/Person/Contact.cs(123,28): warning CS1591: Missing XML comment for publicly visible type or member 'Contact.ToString()' [/Users/kady/Masterdom/src/Masterdom.Modules.People/Masterdom.Modules.People.csproj]
/Users/kady/Masterdom/src/Masterdom.Modules.People/Domain/Entities/Person/DateOfBirth.cs(15,21): warning CS1591: Missing XML comment for publicly visible type or member 'DateOfBirth.Value' [/Users/kady/Masterdom/src/Masterdom.Modules.People/Masterdom.Modules.People.csproj]
/Users/kady/Masterdom/src/Masterdom.Modules.People/Domain/Entities/Person/DateOfBirth.cs(17,31): warning CS1591: Missing XML comment for publicly visible type or member 'DateOfBirth.Create(DateOnly)' [/Users/kady/Masterdom/src/Masterdom.Modules.People/Masterdom.Modules.People.csproj]
/Users/kady/Masterdom/src/Masterdom.Modules.People/Domain/Entities/Person/DateOfBirth.cs(27,45): warning CS1591: Missing XML comment for publicly visible type or member 'DateOfBirth.GetEqualityComponents()' [/Users/kady/Masterdom/src/Masterdom.Modules.People/Masterdom.Modules.People.csproj]
/Users/kady/Masterdom/src/Masterdom.Modules.People/Domain/Entities/Person/DateOfBirth.cs(32,28): warning CS1591: Missing XML comment for publicly visible type or member 'DateOfBirth.ToString()' [/Users/kady/Masterdom/src/Masterdom.Modules.People/Masterdom.Modules.People.csproj]
/Users/kady/Masterdom/src/Masterdom.Modules.People/Domain/Entities/Person/EmailAddress.cs(15,19): warning CS1591: Missing XML comment for publicly visible type or member 'EmailAddress.Value' [/Users/kady/Masterdom/src/Masterdom.Modules.People/Masterdom.Modules.People.csproj]
/Users/kady/Masterdom/src/Masterdom.Modules.People/Domain/Entities/Person/EmailAddress.cs(17,32): warning CS1591: Missing XML comment for publicly visible type or member 'EmailAddress.Create(string)' [/Users/kady/Masterdom/src/Masterdom.Modules.People/Masterdom.Modules.People.csproj]
/Users/kady/Masterdom/src/Masterdom.Modules.People/Domain/Entities/Person/EmailAddress.cs(30,45): warning CS1591: Missing XML comment for publicly visible type or member 'EmailAddress.GetEqualityComponents()' [/Users/kady/Masterdom/src/Masterdom.Modules.People/Masterdom.Modules.People.csproj]
/Users/kady/Masterdom/src/Masterdom.Modules.People/Domain/Entities/Person/EmergencyContact.cs(135,45): warning CS1591: Missing XML comment for publicly visible type or member 'EmergencyContact.GetEqualityComponents()' [/Users/kady/Masterdom/src/Masterdom.Modules.People/Masterdom.Modules.People.csproj]
/Users/kady/Masterdom/src/Masterdom.Modules.People/Domain/Entities/Person/EmergencyContact.cs(142,28): warning CS1591: Missing XML comment for publicly visible type or member 'EmergencyContact.ToString()' [/Users/kady/Masterdom/src/Masterdom.Modules.People/Masterdom.Modules.People.csproj]
/Users/kady/Masterdom/src/Masterdom.Modules.People/Domain/Entities/Person/Events/ContactAddedDomainEvent.cs(10,12): warning CS1591: Missing XML comment for publicly visible type or member 'ContactAddedDomainEvent.ContactAddedDomainEvent(PersonId, string, string)' [/Users/kady/Masterdom/src/Masterdom.Modules.People/Masterdom.Modules.People.csproj]
/Users/kady/Masterdom/src/Masterdom.Modules.People/Domain/Entities/Person/Events/ContactAddedDomainEvent.cs(21,21): warning CS1591: Missing XML comment for publicly visible type or member 'ContactAddedDomainEvent.PersonId' [/Users/kady/Masterdom/src/Masterdom.Modules.People/Masterdom.Modules.People.csproj]
/Users/kady/Masterdom/src/Masterdom.Modules.People/Domain/Entities/Person/Events/ContactAddedDomainEvent.cs(23,19): warning CS1591: Missing XML comment for publicly visible type or member 'ContactAddedDomainEvent.ContactType' [/Users/kady/Masterdom/src/Masterdom.Modules.People/Masterdom.Modules.People.csproj]
/Users/kady/Masterdom/src/Masterdom.Modules.People/Domain/Entities/Person/Events/ContactAddedDomainEvent.cs(25,19): warning CS1591: Missing XML comment for publicly visible type or member 'ContactAddedDomainEvent.ContactValue' [/Users/kady/Masterdom/src/Masterdom.Modules.People/Masterdom.Modules.People.csproj]
/Users/kady/Masterdom/src/Masterdom.Modules.People/Domain/Entities/Person/Events/ContactRemovedDomainEvent.cs(10,12): warning CS1591: Missing XML comment for publicly visible type or member 'ContactRemovedDomainEvent.ContactRemovedDomainEvent(PersonId, string, string)' [/Users/kady/Masterdom/src/Masterdom.Modules.People/Masterdom.Modules.People.csproj]
/Users/kady/Masterdom/src/Masterdom.Modules.People/Domain/Entities/Person/Events/ContactRemovedDomainEvent.cs(21,21): warning CS1591: Missing XML comment for publicly visible type or member 'ContactRemovedDomainEvent.PersonId' [/Users/kady/Masterdom/src/Masterdom.Modules.People/Masterdom.Modules.People.csproj]
/Users/kady/Masterdom/src/Masterdom.Modules.People/Domain/Entities/Person/Events/ContactRemovedDomainEvent.cs(23,19): warning CS1591: Missing XML comment for publicly visible type or member 'ContactRemovedDomainEvent.ContactType' [/Users/kady/Masterdom/src/Masterdom.Modules.People/Masterdom.Modules.People.csproj]
/Users/kady/Masterdom/src/Masterdom.Modules.People/Domain/Entities/Person/Events/ContactRemovedDomainEvent.cs(25,19): warning CS1591: Missing XML comment for publicly visible type or member 'ContactRemovedDomainEvent.ContactValue' [/Users/kady/Masterdom/src/Masterdom.Modules.People/Masterdom.Modules.People.csproj]
/Users/kady/Masterdom/src/Masterdom.Modules.People/Domain/Entities/Person/Events/IdentityDocumentAddedDomainEvent.cs(10,12): warning CS1591: Missing XML comment for publicly visible type or member 'IdentityDocumentAddedDomainEvent.IdentityDocumentAddedDomainEvent(PersonId, string, string)' [/Users/kady/Masterdom/src/Masterdom.Modules.People/Masterdom.Modules.People.csproj]
/Users/kady/Masterdom/src/Masterdom.Modules.People/Domain/Entities/Person/Events/IdentityDocumentAddedDomainEvent.cs(21,21): warning CS1591: Missing XML comment for publicly visible type or member 'IdentityDocumentAddedDomainEvent.PersonId' [/Users/kady/Masterdom/src/Masterdom.Modules.People/Masterdom.Modules.People.csproj]
/Users/kady/Masterdom/src/Masterdom.Modules.People/Domain/Entities/Person/Events/IdentityDocumentAddedDomainEvent.cs(23,19): warning CS1591: Missing XML comment for publicly visible type or member 'IdentityDocumentAddedDomainEvent.DocumentType' [/Users/kady/Masterdom/src/Masterdom.Modules.People/Masterdom.Modules.People.csproj]
/Users/kady/Masterdom/src/Masterdom.Modules.People/Domain/Entities/Person/Events/IdentityDocumentAddedDomainEvent.cs(25,19): warning CS1591: Missing XML comment for publicly visible type or member 'IdentityDocumentAddedDomainEvent.DocumentNumber' [/Users/kady/Masterdom/src/Masterdom.Modules.People/Masterdom.Modules.People.csproj]
/Users/kady/Masterdom/src/Masterdom.Modules.People/Domain/Entities/Person/Events/PersonCreatedDomainEvent.cs(10,12): warning CS1591: Missing XML comment for publicly visible type or member 'PersonCreatedDomainEvent.PersonCreatedDomainEvent(PersonId, PersonNumber)' [/Users/kady/Masterdom/src/Masterdom.Modules.People/Masterdom.Modules.People.csproj]
/Users/kady/Masterdom/src/Masterdom.Modules.People/Domain/Entities/Person/Events/PersonCreatedDomainEvent.cs(19,21): warning CS1591: Missing XML comment for publicly visible type or member 'PersonCreatedDomainEvent.PersonId' [/Users/kady/Masterdom/src/Masterdom.Modules.People/Masterdom.Modules.People.csproj]
/Users/kady/Masterdom/src/Masterdom.Modules.People/Domain/Entities/Person/Events/PersonCreatedDomainEvent.cs(21,25): warning CS1591: Missing XML comment for publicly visible type or member 'PersonCreatedDomainEvent.PersonNumber' [/Users/kady/Masterdom/src/Masterdom.Modules.People/Masterdom.Modules.People.csproj]
/Users/kady/Masterdom/src/Masterdom.Modules.People/Domain/Entities/Person/Events/PersonUpdatedDomainEvent.cs(10,12): warning CS1591: Missing XML comment for publicly visible type or member 'PersonUpdatedDomainEvent.PersonUpdatedDomainEvent(PersonId)' [/Users/kady/Masterdom/src/Masterdom.Modules.People/Masterdom.Modules.People.csproj]
/Users/kady/Masterdom/src/Masterdom.Modules.People/Domain/Entities/Person/Events/PersonUpdatedDomainEvent.cs(16,21): warning CS1591: Missing XML comment for publicly visible type or member 'PersonUpdatedDomainEvent.PersonId' [/Users/kady/Masterdom/src/Masterdom.Modules.People/Masterdom.Modules.People.csproj]
/Users/kady/Masterdom/src/Masterdom.Modules.People/Domain/Entities/Person/Events/RelationshipAddedDomainEvent.cs(10,12): warning CS1591: Missing XML comment for publicly visible type or member 'RelationshipAddedDomainEvent.RelationshipAddedDomainEvent(PersonId, PersonId, string)' [/Users/kady/Masterdom/src/Masterdom.Modules.People/Masterdom.Modules.People.csproj]
/Users/kady/Masterdom/src/Masterdom.Modules.People/Domain/Entities/Person/Events/RelationshipAddedDomainEvent.cs(21,21): warning CS1591: Missing XML comment for publicly visible type or member 'RelationshipAddedDomainEvent.PersonId' [/Users/kady/Masterdom/src/Masterdom.Modules.People/Masterdom.Modules.People.csproj]
/Users/kady/Masterdom/src/Masterdom.Modules.People/Domain/Entities/Person/Events/RelationshipAddedDomainEvent.cs(23,21): warning CS1591: Missing XML comment for publicly visible type or member 'RelationshipAddedDomainEvent.RelatedPersonId' [/Users/kady/Masterdom/src/Masterdom.Modules.People/Masterdom.Modules.People.csproj]
/Users/kady/Masterdom/src/Masterdom.Modules.People/Domain/Entities/Person/Events/RelationshipAddedDomainEvent.cs(25,19): warning CS1591: Missing XML comment for publicly visible type or member 'RelationshipAddedDomainEvent.Type' [/Users/kady/Masterdom/src/Masterdom.Modules.People/Masterdom.Modules.People.csproj]
/Users/kady/Masterdom/src/Masterdom.Modules.People/Domain/Entities/Person/FullName.cs(100,45): warning CS1591: Missing XML comment for publicly visible type or member 'FullName.GetEqualityComponents()' [/Users/kady/Masterdom/src/Masterdom.Modules.People/Masterdom.Modules.People.csproj]
/Users/kady/Masterdom/src/Masterdom.Modules.People/Domain/Entities/Person/FullName.cs(109,28): warning CS1591: Missing XML comment for publicly visible type or member 'FullName.ToString()' [/Users/kady/Masterdom/src/Masterdom.Modules.People/Masterdom.Modules.People.csproj]
/Users/kady/Masterdom/src/Masterdom.Modules.People/Domain/Entities/Person/Gender.cs(10,35): warning CS1591: Missing XML comment for publicly visible type or member 'Gender.Male' [/Users/kady/Masterdom/src/Masterdom.Modules.People/Masterdom.Modules.People.csproj]
/Users/kady/Masterdom/src/Masterdom.Modules.People/Domain/Entities/Person/Gender.cs(11,35): warning CS1591: Missing XML comment for publicly visible type or member 'Gender.Female' [/Users/kady/Masterdom/src/Masterdom.Modules.People/Masterdom.Modules.People.csproj]
/Users/kady/Masterdom/src/Masterdom.Modules.People/Domain/Entities/Person/Gender.cs(12,35): warning CS1591: Missing XML comment for publicly visible type or member 'Gender.NonBinary' [/Users/kady/Masterdom/src/Masterdom.Modules.People/Masterdom.Modules.People.csproj]
/Users/kady/Masterdom/src/Masterdom.Modules.People/Domain/Entities/Person/Gender.cs(13,35): warning CS1591: Missing XML comment for publicly visible type or member 'Gender.Other' [/Users/kady/Masterdom/src/Masterdom.Modules.People/Masterdom.Modules.People.csproj]
/Users/kady/Masterdom/src/Masterdom.Modules.People/Domain/Entities/Person/Gender.cs(14,35): warning CS1591: Missing XML comment for publicly visible type or member 'Gender.PreferNotToSay' [/Users/kady/Masterdom/src/Masterdom.Modules.People/Masterdom.Modules.People.csproj]
/Users/kady/Masterdom/src/Masterdom.Modules.People/Domain/Entities/Person/Gender.cs(47,45): warning CS1591: Missing XML comment for publicly visible type or member 'Gender.GetEqualityComponents()' [/Users/kady/Masterdom/src/Masterdom.Modules.People/Masterdom.Modules.People.csproj]
/Users/kady/Masterdom/src/Masterdom.Modules.People/Domain/Entities/Person/Gender.cs(52,28): warning CS1591: Missing XML comment for publicly visible type or member 'Gender.ToString()' [/Users/kady/Masterdom/src/Masterdom.Modules.People/Masterdom.Modules.People.csproj]
/Users/kady/Masterdom/src/Masterdom.Modules.People/Domain/Entities/Person/GovernmentDocument.cs(167,45): warning CS1591: Missing XML comment for publicly visible type or member 'GovernmentDocument.GetEqualityComponents()' [/Users/kady/Masterdom/src/Masterdom.Modules.People/Masterdom.Modules.People.csproj]
/Users/kady/Masterdom/src/Masterdom.Modules.People/Domain/Entities/Person/GovernmentDocument.cs(173,28): warning CS1591: Missing XML comment for publicly visible type or member 'GovernmentDocument.ToString()' [/Users/kady/Masterdom/src/Masterdom.Modules.People/Masterdom.Modules.People.csproj]
/Users/kady/Masterdom/src/Masterdom.Modules.People/Domain/Entities/Person/MaritalStatus.cs(10,42): warning CS1591: Missing XML comment for publicly visible type or member 'MaritalStatus.Single' [/Users/kady/Masterdom/src/Masterdom.Modules.People/Masterdom.Modules.People.csproj]
/Users/kady/Masterdom/src/Masterdom.Modules.People/Domain/Entities/Person/MaritalStatus.cs(11,42): warning CS1591: Missing XML comment for publicly visible type or member 'MaritalStatus.Married' [/Users/kady/Masterdom/src/Masterdom.Modules.People/Masterdom.Modules.People.csproj]
/Users/kady/Masterdom/src/Masterdom.Modules.People/Domain/Entities/Person/MaritalStatus.cs(12,42): warning CS1591: Missing XML comment for publicly visible type or member 'MaritalStatus.Divorced' [/Users/kady/Masterdom/src/Masterdom.Modules.People/Masterdom.Modules.People.csproj]
/Users/kady/Masterdom/src/Masterdom.Modules.People/Domain/Entities/Person/MaritalStatus.cs(13,42): warning CS1591: Missing XML comment for publicly visible type or member 'MaritalStatus.Widowed' [/Users/kady/Masterdom/src/Masterdom.Modules.People/Masterdom.Modules.People.csproj]
/Users/kady/Masterdom/src/Masterdom.Modules.People/Domain/Entities/Person/MaritalStatus.cs(14,42): warning CS1591: Missing XML comment for publicly visible type or member 'MaritalStatus.Separated' [/Users/kady/Masterdom/src/Masterdom.Modules.People/Masterdom.Modules.People.csproj]
/Users/kady/Masterdom/src/Masterdom.Modules.People/Domain/Entities/Person/MaritalStatus.cs(15,42): warning CS1591: Missing XML comment for publicly visible type or member 'MaritalStatus.Other' [/Users/kady/Masterdom/src/Masterdom.Modules.People/Masterdom.Modules.People.csproj]
/Users/kady/Masterdom/src/Masterdom.Modules.People/Domain/Entities/Person/MaritalStatus.cs(48,45): warning CS1591: Missing XML comment for publicly visible type or member 'MaritalStatus.GetEqualityComponents()' [/Users/kady/Masterdom/src/Masterdom.Modules.People/Masterdom.Modules.People.csproj]
/Users/kady/Masterdom/src/Masterdom.Modules.People/Domain/Entities/Person/MaritalStatus.cs(53,28): warning CS1591: Missing XML comment for publicly visible type or member 'MaritalStatus.ToString()' [/Users/kady/Masterdom/src/Masterdom.Modules.People/Masterdom.Modules.People.csproj]
/Users/kady/Masterdom/src/Masterdom.Modules.People/Domain/Entities/Person/Nationality.cs(15,19): warning CS1591: Missing XML comment for publicly visible type or member 'Nationality.Value' [/Users/kady/Masterdom/src/Masterdom.Modules.People/Masterdom.Modules.People.csproj]
/Users/kady/Masterdom/src/Masterdom.Modules.People/Domain/Entities/Person/Nationality.cs(17,31): warning CS1591: Missing XML comment for publicly visible type or member 'Nationality.Create(string)' [/Users/kady/Masterdom/src/Masterdom.Modules.People/Masterdom.Modules.People.csproj]
/Users/kady/Masterdom/src/Masterdom.Modules.People/Domain/Entities/Person/Nationality.cs(23,45): warning CS1591: Missing XML comment for publicly visible type or member 'Nationality.GetEqualityComponents()' [/Users/kady/Masterdom/src/Masterdom.Modules.People/Masterdom.Modules.People.csproj]
/Users/kady/Masterdom/src/Masterdom.Modules.People/Domain/Entities/Person/Notes.cs(15,19): warning CS1591: Missing XML comment for publicly visible type or member 'Notes.Value' [/Users/kady/Masterdom/src/Masterdom.Modules.People/Masterdom.Modules.People.csproj]
/Users/kady/Masterdom/src/Masterdom.Modules.People/Domain/Entities/Person/Notes.cs(17,25): warning CS1591: Missing XML comment for publicly visible type or member 'Notes.Create(string)' [/Users/kady/Masterdom/src/Masterdom.Modules.People/Masterdom.Modules.People.csproj]
/Users/kady/Masterdom/src/Masterdom.Modules.People/Domain/Entities/Person/Notes.cs(23,45): warning CS1591: Missing XML comment for publicly visible type or member 'Notes.GetEqualityComponents()' [/Users/kady/Masterdom/src/Masterdom.Modules.People/Masterdom.Modules.People.csproj]
/Users/kady/Masterdom/src/Masterdom.Modules.People/Domain/Entities/Person/Occupation.cs(15,19): warning CS1591: Missing XML comment for publicly visible type or member 'Occupation.Value' [/Users/kady/Masterdom/src/Masterdom.Modules.People/Masterdom.Modules.People.csproj]
/Users/kady/Masterdom/src/Masterdom.Modules.People/Domain/Entities/Person/Occupation.cs(17,30): warning CS1591: Missing XML comment for publicly visible type or member 'Occupation.Create(string)' [/Users/kady/Masterdom/src/Masterdom.Modules.People/Masterdom.Modules.People.csproj]
/Users/kady/Masterdom/src/Masterdom.Modules.People/Domain/Entities/Person/Occupation.cs(23,45): warning CS1591: Missing XML comment for publicly visible type or member 'Occupation.GetEqualityComponents()' [/Users/kady/Masterdom/src/Masterdom.Modules.People/Masterdom.Modules.People.csproj]
/Users/kady/Masterdom/src/Masterdom.Modules.People/Domain/Entities/Person/PersonCode.cs(39,45): warning CS1591: Missing XML comment for publicly visible type or member 'PersonCode.GetEqualityComponents()' [/Users/kady/Masterdom/src/Masterdom.Modules.People/Masterdom.Modules.People.csproj]
/Users/kady/Masterdom/src/Masterdom.Modules.People/Domain/Entities/Person/PersonCode.cs(44,28): warning CS1591: Missing XML comment for publicly visible type or member 'PersonCode.ToString()' [/Users/kady/Masterdom/src/Masterdom.Modules.People/Masterdom.Modules.People.csproj]
/Users/kady/Masterdom/src/Masterdom.Modules.People/Domain/Entities/Person/PersonCode.cs(49,37): warning CS1591: Missing XML comment for publicly visible type or member 'PersonCode.implicit operator string(PersonCode)' [/Users/kady/Masterdom/src/Masterdom.Modules.People/Masterdom.Modules.People.csproj]
/Users/kady/Masterdom/src/Masterdom.Modules.People/Domain/Entities/Person/PersonName.cs(19,19): warning CS1591: Missing XML comment for publicly visible type or member 'PersonName.FirstName' [/Users/kady/Masterdom/src/Masterdom.Modules.People/Masterdom.Modules.People.csproj]
/Users/kady/Masterdom/src/Masterdom.Modules.People/Domain/Entities/Person/PersonName.cs(21,20): warning CS1591: Missing XML comment for publicly visible type or member 'PersonName.MiddleName' [/Users/kady/Masterdom/src/Masterdom.Modules.People/Masterdom.Modules.People.csproj]
/Users/kady/Masterdom/src/Masterdom.Modules.People/Domain/Entities/Person/PersonName.cs(23,19): warning CS1591: Missing XML comment for publicly visible type or member 'PersonName.LastName' [/Users/kady/Masterdom/src/Masterdom.Modules.People/Masterdom.Modules.People.csproj]
/Users/kady/Masterdom/src/Masterdom.Modules.People/Domain/Entities/Person/PersonName.cs(25,20): warning CS1591: Missing XML comment for publicly visible type or member 'PersonName.Title' [/Users/kady/Masterdom/src/Masterdom.Modules.People/Masterdom.Modules.People.csproj]
/Users/kady/Masterdom/src/Masterdom.Modules.People/Domain/Entities/Person/PersonName.cs(27,20): warning CS1591: Missing XML comment for publicly visible type or member 'PersonName.Suffix' [/Users/kady/Masterdom/src/Masterdom.Modules.People/Masterdom.Modules.People.csproj]
/Users/kady/Masterdom/src/Masterdom.Modules.People/Domain/Entities/Person/PersonName.cs(29,30): warning CS1591: Missing XML comment for publicly visible type or member 'PersonName.Create(string, string, string?, string?, string?)' [/Users/kady/Masterdom/src/Masterdom.Modules.People/Masterdom.Modules.People.csproj]
/Users/kady/Masterdom/src/Masterdom.Modules.People/Domain/Entities/Person/PersonName.cs(47,19): warning CS1591: Missing XML comment for publicly visible type or member 'PersonName.DisplayName' [/Users/kady/Masterdom/src/Masterdom.Modules.People/Masterdom.Modules.People.csproj]
/Users/kady/Masterdom/src/Masterdom.Modules.People/Domain/Entities/Person/PersonName.cs(76,45): warning CS1591: Missing XML comment for publicly visible type or member 'PersonName.GetEqualityComponents()' [/Users/kady/Masterdom/src/Masterdom.Modules.People/Masterdom.Modules.People.csproj]
/Users/kady/Masterdom/src/Masterdom.Modules.People/Domain/Entities/Person/PersonName.cs(85,28): warning CS1591: Missing XML comment for publicly visible type or member 'PersonName.ToString()' [/Users/kady/Masterdom/src/Masterdom.Modules.People/Masterdom.Modules.People.csproj]
/Users/kady/Masterdom/src/Masterdom.Modules.People/Domain/Entities/Person/PersonNumber.cs(36,45): warning CS1591: Missing XML comment for publicly visible type or member 'PersonNumber.GetEqualityComponents()' [/Users/kady/Masterdom/src/Masterdom.Modules.People/Masterdom.Modules.People.csproj]
/Users/kady/Masterdom/src/Masterdom.Modules.People/Domain/Entities/Person/PersonNumber.cs(41,28): warning CS1591: Missing XML comment for publicly visible type or member 'PersonNumber.ToString()' [/Users/kady/Masterdom/src/Masterdom.Modules.People/Masterdom.Modules.People.csproj]
/Users/kady/Masterdom/src/Masterdom.Modules.People/Domain/Entities/Person/PersonRelationship.cs(17,21): warning CS1591: Missing XML comment for publicly visible type or member 'PersonRelationship.RelatedPersonId' [/Users/kady/Masterdom/src/Masterdom.Modules.People/Masterdom.Modules.People.csproj]
/Users/kady/Masterdom/src/Masterdom.Modules.People/Domain/Entities/Person/PersonRelationship.cs(19,19): warning CS1591: Missing XML comment for publicly visible type or member 'PersonRelationship.Type' [/Users/kady/Masterdom/src/Masterdom.Modules.People/Masterdom.Modules.People.csproj]
/Users/kady/Masterdom/src/Masterdom.Modules.People/Domain/Entities/Person/PersonRelationship.cs(21,20): warning CS1591: Missing XML comment for publicly visible type or member 'PersonRelationship.Remarks' [/Users/kady/Masterdom/src/Masterdom.Modules.People/Masterdom.Modules.People.csproj]
/Users/kady/Masterdom/src/Masterdom.Modules.People/Domain/Entities/Person/PersonRelationship.cs(23,38): warning CS1591: Missing XML comment for publicly visible type or member 'PersonRelationship.Create(PersonId, string, string?)' [/Users/kady/Masterdom/src/Masterdom.Modules.People/Masterdom.Modules.People.csproj]
/Users/kady/Masterdom/src/Masterdom.Modules.People/Domain/Entities/Person/PersonRelationship.cs(34,45): warning CS1591: Missing XML comment for publicly visible type or member 'PersonRelationship.GetEqualityComponents()' [/Users/kady/Masterdom/src/Masterdom.Modules.People/Masterdom.Modules.People.csproj]
/Users/kady/Masterdom/src/Masterdom.Modules.People/Domain/Entities/Person/PersonStatus.cs(10,41): warning CS1591: Missing XML comment for publicly visible type or member 'PersonStatus.Active' [/Users/kady/Masterdom/src/Masterdom.Modules.People/Masterdom.Modules.People.csproj]
/Users/kady/Masterdom/src/Masterdom.Modules.People/Domain/Entities/Person/PersonStatus.cs(11,41): warning CS1591: Missing XML comment for publicly visible type or member 'PersonStatus.Inactive' [/Users/kady/Masterdom/src/Masterdom.Modules.People/Masterdom.Modules.People.csproj]
/Users/kady/Masterdom/src/Masterdom.Modules.People/Domain/Entities/Person/PersonStatus.cs(12,41): warning CS1591: Missing XML comment for publicly visible type or member 'PersonStatus.Archived' [/Users/kady/Masterdom/src/Masterdom.Modules.People/Masterdom.Modules.People.csproj]
/Users/kady/Masterdom/src/Masterdom.Modules.People/Domain/Entities/Person/PersonStatus.cs(42,45): warning CS1591: Missing XML comment for publicly visible type or member 'PersonStatus.GetEqualityComponents()' [/Users/kady/Masterdom/src/Masterdom.Modules.People/Masterdom.Modules.People.csproj]
/Users/kady/Masterdom/src/Masterdom.Modules.People/Domain/Entities/Person/PersonStatus.cs(47,28): warning CS1591: Missing XML comment for publicly visible type or member 'PersonStatus.ToString()' [/Users/kady/Masterdom/src/Masterdom.Modules.People/Masterdom.Modules.People.csproj]
/Users/kady/Masterdom/src/Masterdom.Modules.People/Domain/Entities/Person/PhoneNumber.cs(15,19): warning CS1591: Missing XML comment for publicly visible type or member 'PhoneNumber.Value' [/Users/kady/Masterdom/src/Masterdom.Modules.People/Masterdom.Modules.People.csproj]
/Users/kady/Masterdom/src/Masterdom.Modules.People/Domain/Entities/Person/PhoneNumber.cs(17,31): warning CS1591: Missing XML comment for publicly visible type or member 'PhoneNumber.Create(string)' [/Users/kady/Masterdom/src/Masterdom.Modules.People/Masterdom.Modules.People.csproj]
/Users/kady/Masterdom/src/Masterdom.Modules.People/Domain/Entities/Person/PhoneNumber.cs(23,45): warning CS1591: Missing XML comment for publicly visible type or member 'PhoneNumber.GetEqualityComponents()' [/Users/kady/Masterdom/src/Masterdom.Modules.People/Masterdom.Modules.People.csproj]
/Users/kady/Masterdom/src/Masterdom.Modules.People/Domain/Entities/Person/PreferredContact.cs(16,19): warning CS1591: Missing XML comment for publicly visible type or member 'PreferredContact.Type' [/Users/kady/Masterdom/src/Masterdom.Modules.People/Masterdom.Modules.People.csproj]
/Users/kady/Masterdom/src/Masterdom.Modules.People/Domain/Entities/Person/PreferredContact.cs(18,19): warning CS1591: Missing XML comment for publicly visible type or member 'PreferredContact.Value' [/Users/kady/Masterdom/src/Masterdom.Modules.People/Masterdom.Modules.People.csproj]
/Users/kady/Masterdom/src/Masterdom.Modules.People/Domain/Entities/Person/PreferredContact.cs(20,36): warning CS1591: Missing XML comment for publicly visible type or member 'PreferredContact.Create(string, string)' [/Users/kady/Masterdom/src/Masterdom.Modules.People/Masterdom.Modules.People.csproj]
/Users/kady/Masterdom/src/Masterdom.Modules.People/Domain/Entities/Person/PreferredContact.cs(28,45): warning CS1591: Missing XML comment for publicly visible type or member 'PreferredContact.GetEqualityComponents()' [/Users/kady/Masterdom/src/Masterdom.Modules.People/Masterdom.Modules.People.csproj]
/Users/kady/Masterdom/src/Masterdom.Modules.People/Domain/Entities/Person/PreferredLanguage.cs(15,19): warning CS1591: Missing XML comment for publicly visible type or member 'PreferredLanguage.Value' [/Users/kady/Masterdom/src/Masterdom.Modules.People/Masterdom.Modules.People.csproj]
/Users/kady/Masterdom/src/Masterdom.Modules.People/Domain/Entities/Person/PreferredLanguage.cs(17,37): warning CS1591: Missing XML comment for publicly visible type or member 'PreferredLanguage.Create(string)' [/Users/kady/Masterdom/src/Masterdom.Modules.People/Masterdom.Modules.People.csproj]
/Users/kady/Masterdom/src/Masterdom.Modules.People/Domain/Entities/Person/PreferredLanguage.cs(23,45): warning CS1591: Missing XML comment for publicly visible type or member 'PreferredLanguage.GetEqualityComponents()' [/Users/kady/Masterdom/src/Masterdom.Modules.People/Masterdom.Modules.People.csproj]
/Users/kady/Masterdom/src/Masterdom.Modules.People/Domain/Repositories/IPersonRepository.cs(10,13): warning CS1591: Missing XML comment for publicly visible type or member 'IPersonRepository.GetById(PersonId)' [/Users/kady/Masterdom/src/Masterdom.Modules.People/Masterdom.Modules.People.csproj]
/Users/kady/Masterdom/src/Masterdom.Modules.People/Domain/Repositories/IPersonRepository.cs(12,13): warning CS1591: Missing XML comment for publicly visible type or member 'IPersonRepository.GetByNumber(PersonNumber)' [/Users/kady/Masterdom/src/Masterdom.Modules.People/Masterdom.Modules.People.csproj]
/Users/kady/Masterdom/src/Masterdom.Modules.People/Domain/Repositories/IPersonRepository.cs(14,33): warning CS1591: Missing XML comment for publicly visible type or member 'IPersonRepository.Search(string?, int)' [/Users/kady/Masterdom/src/Masterdom.Modules.People/Masterdom.Modules.People.csproj]
/Users/kady/Masterdom/src/Masterdom.Modules.People/Domain/Repositories/IPersonRepository.cs(16,10): warning CS1591: Missing XML comment for publicly visible type or member 'IPersonRepository.Add(Person)' [/Users/kady/Masterdom/src/Masterdom.Modules.People/Masterdom.Modules.People.csproj]
/Users/kady/Masterdom/src/Masterdom.Modules.People/Domain/Repositories/IPersonRepository.cs(18,10): warning CS1591: Missing XML comment for publicly visible type or member 'IPersonRepository.Update(Person)' [/Users/kady/Masterdom/src/Masterdom.Modules.People/Masterdom.Modules.People.csproj]
/Users/kady/Masterdom/src/Masterdom.Modules.Intelligence/Application/Services/IntelligenceCapabilityBehaviorService.cs(3,21): warning CS1591: Missing XML comment for publicly visible type or member 'IntelligenceCapabilityBehaviorService' [/Users/kady/Masterdom/src/Masterdom.Modules.Intelligence/Masterdom.Modules.Intelligence.csproj]
/Users/kady/Masterdom/src/Masterdom.Modules.Intelligence/Application/Services/IntelligenceCapabilityBehaviorService.cs(5,49): warning CS1591: Missing XML comment for publicly visible type or member 'IntelligenceCapabilityBehaviorService.Execute()' [/Users/kady/Masterdom/src/Masterdom.Modules.Intelligence/Masterdom.Modules.Intelligence.csproj]
/Users/kady/Masterdom/src/Masterdom.Modules.Intelligence/Application/Services/IntelligenceCapabilityBehaviorService.cs(14,22): warning CS1591: Missing XML comment for publicly visible type or member 'IntelligenceCapabilityBehaviorResult' [/Users/kady/Masterdom/src/Masterdom.Modules.Intelligence/Masterdom.Modules.Intelligence.csproj]
/Users/kady/Masterdom/src/Masterdom.Modules.Intelligence/Application/Services/IntelligenceCapabilityBehaviorService.cs(14,22): warning CS1591: Missing XML comment for publicly visible type or member 'IntelligenceCapabilityBehaviorResult.IntelligenceCapabilityBehaviorResult(string, string, bool)' [/Users/kady/Masterdom/src/Masterdom.Modules.Intelligence/Masterdom.Modules.Intelligence.csproj]
/Users/kady/Masterdom/src/Masterdom.Modules.Intelligence/Application/Services/IntelligenceCapabilityBehaviorService.cs(15,12): warning CS1591: Missing XML comment for publicly visible type or member 'IntelligenceCapabilityBehaviorResult.Capability' [/Users/kady/Masterdom/src/Masterdom.Modules.Intelligence/Masterdom.Modules.Intelligence.csproj]
/Users/kady/Masterdom/src/Masterdom.Modules.Intelligence/Application/Services/IntelligenceCapabilityBehaviorService.cs(16,12): warning CS1591: Missing XML comment for publicly visible type or member 'IntelligenceCapabilityBehaviorResult.ExecutionPath' [/Users/kady/Masterdom/src/Masterdom.Modules.Intelligence/Masterdom.Modules.Intelligence.csproj]
/Users/kady/Masterdom/src/Masterdom.Modules.Intelligence/Application/Services/IntelligenceCapabilityBehaviorService.cs(17,10): warning CS1591: Missing XML comment for publicly visible type or member 'IntelligenceCapabilityBehaviorResult.IsSupported' [/Users/kady/Masterdom/src/Masterdom.Modules.Intelligence/Masterdom.Modules.Intelligence.csproj]
/Users/kady/Masterdom/src/Masterdom.Modules.PolicyFramework/Application/Support/ExecutionResult.cs(48,38): warning CS0108: 'ExecutionResult<T>.Failure(string, string)' hides inherited member 'ExecutionResult.Failure(string, string)'. Use the new keyword if hiding was intended. [/Users/kady/Masterdom/src/Masterdom.Modules.PolicyFramework/Masterdom.Modules.PolicyFramework.csproj]
/Users/kady/Masterdom/src/Masterdom.Modules.PolicyFramework/Application/Commands/ActivatePolicyVersionCommand.cs(5,22): warning CS1591: Missing XML comment for publicly visible type or member 'ActivatePolicyVersionCommand' [/Users/kady/Masterdom/src/Masterdom.Modules.PolicyFramework/Masterdom.Modules.PolicyFramework.csproj]
/Users/kady/Masterdom/src/Masterdom.Modules.PolicyFramework/Application/Commands/ActivatePolicyVersionCommand.cs(5,22): warning CS1591: Missing XML comment for publicly visible type or member 'ActivatePolicyVersionCommand.ActivatePolicyVersionCommand(PolicyId, int, DateTime)' [/Users/kady/Masterdom/src/Masterdom.Modules.PolicyFramework/Masterdom.Modules.PolicyFramework.csproj]
/Users/kady/Masterdom/src/Masterdom.Modules.PolicyFramework/Application/Commands/ActivatePolicyVersionCommand.cs(6,14): warning CS1591: Missing XML comment for publicly visible type or member 'ActivatePolicyVersionCommand.PolicyId' [/Users/kady/Masterdom/src/Masterdom.Modules.PolicyFramework/Masterdom.Modules.PolicyFramework.csproj]
/Users/kady/Masterdom/src/Masterdom.Modules.PolicyFramework/Application/Commands/ActivatePolicyVersionCommand.cs(7,9): warning CS1591: Missing XML comment for publicly visible type or member 'ActivatePolicyVersionCommand.VersionNumber' [/Users/kady/Masterdom/src/Masterdom.Modules.PolicyFramework/Masterdom.Modules.PolicyFramework.csproj]
/Users/kady/Masterdom/src/Masterdom.Modules.PolicyFramework/Application/Commands/ActivatePolicyVersionCommand.cs(8,14): warning CS1591: Missing XML comment for publicly visible type or member 'ActivatePolicyVersionCommand.ActivatedAtUtc' [/Users/kady/Masterdom/src/Masterdom.Modules.PolicyFramework/Masterdom.Modules.PolicyFramework.csproj]
/Users/kady/Masterdom/src/Masterdom.Modules.PolicyFramework/Application/Commands/ArchivePolicyCommand.cs(5,22): warning CS1591: Missing XML comment for publicly visible type or member 'ArchivePolicyCommand' [/Users/kady/Masterdom/src/Masterdom.Modules.PolicyFramework/Masterdom.Modules.PolicyFramework.csproj]
/Users/kady/Masterdom/src/Masterdom.Modules.PolicyFramework/Application/Commands/ArchivePolicyCommand.cs(5,22): warning CS1591: Missing XML comment for publicly visible type or member 'ArchivePolicyCommand.ArchivePolicyCommand(PolicyId, string, DateTime)' [/Users/kady/Masterdom/src/Masterdom.Modules.PolicyFramework/Masterdom.Modules.PolicyFramework.csproj]
/Users/kady/Masterdom/src/Masterdom.Modules.PolicyFramework/Application/Commands/ArchivePolicyCommand.cs(6,14): warning CS1591: Missing XML comment for publicly visible type or member 'ArchivePolicyCommand.PolicyId' [/Users/kady/Masterdom/src/Masterdom.Modules.PolicyFramework/Masterdom.Modules.PolicyFramework.csproj]
/Users/kady/Masterdom/src/Masterdom.Modules.PolicyFramework/Application/Commands/ArchivePolicyCommand.cs(7,12): warning CS1591: Missing XML comment for publicly visible type or member 'ArchivePolicyCommand.Reason' [/Users/kady/Masterdom/src/Masterdom.Modules.PolicyFramework/Masterdom.Modules.PolicyFramework.csproj]
/Users/kady/Masterdom/src/Masterdom.Modules.PolicyFramework/Application/Commands/ArchivePolicyCommand.cs(8,14): warning CS1591: Missing XML comment for publicly visible type or member 'ArchivePolicyCommand.ArchivedAtUtc' [/Users/kady/Masterdom/src/Masterdom.Modules.PolicyFramework/Masterdom.Modules.PolicyFramework.csproj]
/Users/kady/Masterdom/src/Masterdom.Modules.PolicyFramework/Application/Commands/AssignPolicyCommand.cs(5,22): warning CS1591: Missing XML comment for publicly visible type or member 'AssignPolicyCommand' [/Users/kady/Masterdom/src/Masterdom.Modules.PolicyFramework/Masterdom.Modules.PolicyFramework.csproj]
/Users/kady/Masterdom/src/Masterdom.Modules.PolicyFramework/Application/Commands/AssignPolicyCommand.cs(5,22): warning CS1591: Missing XML comment for publicly visible type or member 'AssignPolicyCommand.AssignPolicyCommand(PolicyId, PolicyAssignment)' [/Users/kady/Masterdom/src/Masterdom.Modules.PolicyFramework/Masterdom.Modules.PolicyFramework.csproj]
/Users/kady/Masterdom/src/Masterdom.Modules.PolicyFramework/Application/Commands/AssignPolicyCommand.cs(6,14): warning CS1591: Missing XML comment for publicly visible type or member 'AssignPolicyCommand.PolicyId' [/Users/kady/Masterdom/src/Masterdom.Modules.PolicyFramework/Masterdom.Modules.PolicyFramework.csproj]
/Users/kady/Masterdom/src/Masterdom.Modules.PolicyFramework/Application/Commands/AssignPolicyCommand.cs(7,22): warning CS1591: Missing XML comment for publicly visible type or member 'AssignPolicyCommand.Assignment' [/Users/kady/Masterdom/src/Masterdom.Modules.PolicyFramework/Masterdom.Modules.PolicyFramework.csproj]
/Users/kady/Masterdom/src/Masterdom.Modules.PolicyFramework/Application/Commands/CreatePolicyCommand.cs(5,22): warning CS1591: Missing XML comment for publicly visible type or member 'CreatePolicyCommand' [/Users/kady/Masterdom/src/Masterdom.Modules.PolicyFramework/Masterdom.Modules.PolicyFramework.csproj]
/Users/kady/Masterdom/src/Masterdom.Modules.PolicyFramework/Application/Commands/CreatePolicyCommand.cs(5,22): warning CS1591: Missing XML comment for publicly visible type or member 'CreatePolicyCommand.CreatePolicyCommand(PolicyType, PolicyCategory, PolicyReference, PolicyScope, PolicyCondition, PolicyMetadata, EffectiveDateRange, DateTime)' [/Users/kady/Masterdom/src/Masterdom.Modules.PolicyFramework/Masterdom.Modules.PolicyFramework.csproj]
/Users/kady/Masterdom/src/Masterdom.Modules.PolicyFramework/Application/Commands/CreatePolicyCommand.cs(6,16): warning CS1591: Missing XML comment for publicly visible type or member 'CreatePolicyCommand.PolicyType' [/Users/kady/Masterdom/src/Masterdom.Modules.PolicyFramework/Masterdom.Modules.PolicyFramework.csproj]
/Users/kady/Masterdom/src/Masterdom.Modules.PolicyFramework/Application/Commands/CreatePolicyCommand.cs(7,20): warning CS1591: Missing XML comment for publicly visible type or member 'CreatePolicyCommand.PolicyCategory' [/Users/kady/Masterdom/src/Masterdom.Modules.PolicyFramework/Masterdom.Modules.PolicyFramework.csproj]
/Users/kady/Masterdom/src/Masterdom.Modules.PolicyFramework/Application/Commands/CreatePolicyCommand.cs(8,21): warning CS1591: Missing XML comment for publicly visible type or member 'CreatePolicyCommand.PolicyReference' [/Users/kady/Masterdom/src/Masterdom.Modules.PolicyFramework/Masterdom.Modules.PolicyFramework.csproj]
/Users/kady/Masterdom/src/Masterdom.Modules.PolicyFramework/Application/Commands/CreatePolicyCommand.cs(9,17): warning CS1591: Missing XML comment for publicly visible type or member 'CreatePolicyCommand.Scope' [/Users/kady/Masterdom/src/Masterdom.Modules.PolicyFramework/Masterdom.Modules.PolicyFramework.csproj]
/Users/kady/Masterdom/src/Masterdom.Modules.PolicyFramework/Application/Commands/CreatePolicyCommand.cs(10,21): warning CS1591: Missing XML comment for publicly visible type or member 'CreatePolicyCommand.Condition' [/Users/kady/Masterdom/src/Masterdom.Modules.PolicyFramework/Masterdom.Modules.PolicyFramework.csproj]
/Users/kady/Masterdom/src/Masterdom.Modules.PolicyFramework/Application/Commands/CreatePolicyCommand.cs(11,20): warning CS1591: Missing XML comment for publicly visible type or member 'CreatePolicyCommand.Metadata' [/Users/kady/Masterdom/src/Masterdom.Modules.PolicyFramework/Masterdom.Modules.PolicyFramework.csproj]
/Users/kady/Masterdom/src/Masterdom.Modules.PolicyFramework/Application/Commands/CreatePolicyCommand.cs(12,24): warning CS1591: Missing XML comment for publicly visible type or member 'CreatePolicyCommand.EffectiveDateRange' [/Users/kady/Masterdom/src/Masterdom.Modules.PolicyFramework/Masterdom.Modules.PolicyFramework.csproj]
/Users/kady/Masterdom/src/Masterdom.Modules.PolicyFramework/Application/Commands/CreatePolicyCommand.cs(13,14): warning CS1591: Missing XML comment for publicly visible type or member 'CreatePolicyCommand.CreatedAtUtc' [/Users/kady/Masterdom/src/Masterdom.Modules.PolicyFramework/Masterdom.Modules.PolicyFramework.csproj]
/Users/kady/Masterdom/src/Masterdom.Modules.PolicyFramework/Application/Commands/CreatePolicyVersionCommand.cs(5,22): warning CS1591: Missing XML comment for publicly visible type or member 'CreatePolicyVersionCommand' [/Users/kady/Masterdom/src/Masterdom.Modules.PolicyFramework/Masterdom.Modules.PolicyFramework.csproj]
/Users/kady/Masterdom/src/Masterdom.Modules.PolicyFramework/Application/Commands/CreatePolicyVersionCommand.cs(5,22): warning CS1591: Missing XML comment for publicly visible type or member 'CreatePolicyVersionCommand.CreatePolicyVersionCommand(PolicyId, PolicyCondition, PolicyMetadata, EffectiveDateRange, DateTime)' [/Users/kady/Masterdom/src/Masterdom.Modules.PolicyFramework/Masterdom.Modules.PolicyFramework.csproj]
/Users/kady/Masterdom/src/Masterdom.Modules.PolicyFramework/Application/Commands/CreatePolicyVersionCommand.cs(6,14): warning CS1591: Missing XML comment for publicly visible type or member 'CreatePolicyVersionCommand.PolicyId' [/Users/kady/Masterdom/src/Masterdom.Modules.PolicyFramework/Masterdom.Modules.PolicyFramework.csproj]
/Users/kady/Masterdom/src/Masterdom.Modules.PolicyFramework/Application/Commands/CreatePolicyVersionCommand.cs(7,21): warning CS1591: Missing XML comment for publicly visible type or member 'CreatePolicyVersionCommand.Condition' [/Users/kady/Masterdom/src/Masterdom.Modules.PolicyFramework/Masterdom.Modules.PolicyFramework.csproj]
/Users/kady/Masterdom/src/Masterdom.Modules.PolicyFramework/Application/Commands/CreatePolicyVersionCommand.cs(8,20): warning CS1591: Missing XML comment for publicly visible type or member 'CreatePolicyVersionCommand.Metadata' [/Users/kady/Masterdom/src/Masterdom.Modules.PolicyFramework/Masterdom.Modules.PolicyFramework.csproj]
/Users/kady/Masterdom/src/Masterdom.Modules.PolicyFramework/Application/Commands/CreatePolicyVersionCommand.cs(9,24): warning CS1591: Missing XML comment for publicly visible type or member 'CreatePolicyVersionCommand.EffectiveDateRange' [/Users/kady/Masterdom/src/Masterdom.Modules.PolicyFramework/Masterdom.Modules.PolicyFramework.csproj]
/Users/kady/Masterdom/src/Masterdom.Modules.PolicyFramework/Application/Commands/CreatePolicyVersionCommand.cs(10,14): warning CS1591: Missing XML comment for publicly visible type or member 'CreatePolicyVersionCommand.CreatedAtUtc' [/Users/kady/Masterdom/src/Masterdom.Modules.PolicyFramework/Masterdom.Modules.PolicyFramework.csproj]
/Users/kady/Masterdom/src/Masterdom.Modules.PolicyFramework/Application/Commands/ExpirePolicyCommand.cs(5,22): warning CS1591: Missing XML comment for publicly visible type or member 'ExpirePolicyCommand' [/Users/kady/Masterdom/src/Masterdom.Modules.PolicyFramework/Masterdom.Modules.PolicyFramework.csproj]
/Users/kady/Masterdom/src/Masterdom.Modules.PolicyFramework/Application/Commands/ExpirePolicyCommand.cs(5,22): warning CS1591: Missing XML comment for publicly visible type or member 'ExpirePolicyCommand.ExpirePolicyCommand(PolicyId, DateTime)' [/Users/kady/Masterdom/src/Masterdom.Modules.PolicyFramework/Masterdom.Modules.PolicyFramework.csproj]
/Users/kady/Masterdom/src/Masterdom.Modules.PolicyFramework/Application/Commands/ExpirePolicyCommand.cs(6,14): warning CS1591: Missing XML comment for publicly visible type or member 'ExpirePolicyCommand.PolicyId' [/Users/kady/Masterdom/src/Masterdom.Modules.PolicyFramework/Masterdom.Modules.PolicyFramework.csproj]
/Users/kady/Masterdom/src/Masterdom.Modules.PolicyFramework/Application/Commands/ExpirePolicyCommand.cs(7,14): warning CS1591: Missing XML comment for publicly visible type or member 'ExpirePolicyCommand.ExpiredAtUtc' [/Users/kady/Masterdom/src/Masterdom.Modules.PolicyFramework/Masterdom.Modules.PolicyFramework.csproj]
/Users/kady/Masterdom/src/Masterdom.Modules.PolicyFramework/Application/Handlers/Commands/ActivatePolicyVersionCommandHandler.cs(8,21): warning CS1591: Missing XML comment for publicly visible type or member 'ActivatePolicyVersionCommandHandler' [/Users/kady/Masterdom/src/Masterdom.Modules.PolicyFramework/Masterdom.Modules.PolicyFramework.csproj]
/Users/kady/Masterdom/src/Masterdom.Modules.PolicyFramework/Application/Handlers/Commands/ActivatePolicyVersionCommandHandler.cs(12,12): warning CS1591: Missing XML comment for publicly visible type or member 'ActivatePolicyVersionCommandHandler.ActivatePolicyVersionCommandHandler(IPolicyFrameworkApplicationService)' [/Users/kady/Masterdom/src/Masterdom.Modules.PolicyFramework/Masterdom.Modules.PolicyFramework.csproj]
/Users/kady/Masterdom/src/Masterdom.Modules.PolicyFramework/Application/Handlers/Commands/ActivatePolicyVersionCommandHandler.cs(17,45): warning CS1591: Missing XML comment for publicly visible type or member 'ActivatePolicyVersionCommandHandler.Handle(ActivatePolicyVersionCommand)' [/Users/kady/Masterdom/src/Masterdom.Modules.PolicyFramework/Masterdom.Modules.PolicyFramework.csproj]
/Users/kady/Masterdom/src/Masterdom.Modules.PolicyFramework/Application/Handlers/Commands/ArchivePolicyCommandHandler.cs(8,21): warning CS1591: Missing XML comment for publicly visible type or member 'ArchivePolicyCommandHandler' [/Users/kady/Masterdom/src/Masterdom.Modules.PolicyFramework/Masterdom.Modules.PolicyFramework.csproj]
/Users/kady/Masterdom/src/Masterdom.Modules.PolicyFramework/Application/Handlers/Commands/ArchivePolicyCommandHandler.cs(12,12): warning CS1591: Missing XML comment for publicly visible type or member 'ArchivePolicyCommandHandler.ArchivePolicyCommandHandler(IPolicyFrameworkApplicationService)' [/Users/kady/Masterdom/src/Masterdom.Modules.PolicyFramework/Masterdom.Modules.PolicyFramework.csproj]
/Users/kady/Masterdom/src/Masterdom.Modules.PolicyFramework/Application/Handlers/Commands/ArchivePolicyCommandHandler.cs(17,45): warning CS1591: Missing XML comment for publicly visible type or member 'ArchivePolicyCommandHandler.Handle(ArchivePolicyCommand)' [/Users/kady/Masterdom/src/Masterdom.Modules.PolicyFramework/Masterdom.Modules.PolicyFramework.csproj]
/Users/kady/Masterdom/src/Masterdom.Modules.PolicyFramework/Application/Handlers/Commands/AssignPolicyCommandHandler.cs(8,21): warning CS1591: Missing XML comment for publicly visible type or member 'AssignPolicyCommandHandler' [/Users/kady/Masterdom/src/Masterdom.Modules.PolicyFramework/Masterdom.Modules.PolicyFramework.csproj]
/Users/kady/Masterdom/src/Masterdom.Modules.PolicyFramework/Application/Handlers/Commands/AssignPolicyCommandHandler.cs(12,12): warning CS1591: Missing XML comment for publicly visible type or member 'AssignPolicyCommandHandler.AssignPolicyCommandHandler(IPolicyFrameworkApplicationService)' [/Users/kady/Masterdom/src/Masterdom.Modules.PolicyFramework/Masterdom.Modules.PolicyFramework.csproj]
/Users/kady/Masterdom/src/Masterdom.Modules.PolicyFramework/Application/Handlers/Commands/AssignPolicyCommandHandler.cs(17,45): warning CS1591: Missing XML comment for publicly visible type or member 'AssignPolicyCommandHandler.Handle(AssignPolicyCommand)' [/Users/kady/Masterdom/src/Masterdom.Modules.PolicyFramework/Masterdom.Modules.PolicyFramework.csproj]
/Users/kady/Masterdom/src/Masterdom.Modules.PolicyFramework/Application/Handlers/Commands/CreatePolicyCommandHandler.cs(8,21): warning CS1591: Missing XML comment for publicly visible type or member 'CreatePolicyCommandHandler' [/Users/kady/Masterdom/src/Masterdom.Modules.PolicyFramework/Masterdom.Modules.PolicyFramework.csproj]
/Users/kady/Masterdom/src/Masterdom.Modules.PolicyFramework/Application/Handlers/Commands/CreatePolicyCommandHandler.cs(12,12): warning CS1591: Missing XML comment for publicly visible type or member 'CreatePolicyCommandHandler.CreatePolicyCommandHandler(IPolicyFrameworkApplicationService)' [/Users/kady/Masterdom/src/Masterdom.Modules.PolicyFramework/Masterdom.Modules.PolicyFramework.csproj]
/Users/kady/Masterdom/src/Masterdom.Modules.PolicyFramework/Application/Handlers/Commands/CreatePolicyCommandHandler.cs(17,45): warning CS1591: Missing XML comment for publicly visible type or member 'CreatePolicyCommandHandler.Handle(CreatePolicyCommand)' [/Users/kady/Masterdom/src/Masterdom.Modules.PolicyFramework/Masterdom.Modules.PolicyFramework.csproj]
/Users/kady/Masterdom/src/Masterdom.Modules.PolicyFramework/Application/Handlers/Commands/CreatePolicyVersionCommandHandler.cs(8,21): warning CS1591: Missing XML comment for publicly visible type or member 'CreatePolicyVersionCommandHandler' [/Users/kady/Masterdom/src/Masterdom.Modules.PolicyFramework/Masterdom.Modules.PolicyFramework.csproj]
/Users/kady/Masterdom/src/Masterdom.Modules.PolicyFramework/Application/Handlers/Commands/CreatePolicyVersionCommandHandler.cs(12,12): warning CS1591: Missing XML comment for publicly visible type or member 'CreatePolicyVersionCommandHandler.CreatePolicyVersionCommandHandler(IPolicyFrameworkApplicationService)' [/Users/kady/Masterdom/src/Masterdom.Modules.PolicyFramework/Masterdom.Modules.PolicyFramework.csproj]
/Users/kady/Masterdom/src/Masterdom.Modules.PolicyFramework/Application/Handlers/Commands/CreatePolicyVersionCommandHandler.cs(17,45): warning CS1591: Missing XML comment for publicly visible type or member 'CreatePolicyVersionCommandHandler.Handle(CreatePolicyVersionCommand)' [/Users/kady/Masterdom/src/Masterdom.Modules.PolicyFramework/Masterdom.Modules.PolicyFramework.csproj]
/Users/kady/Masterdom/src/Masterdom.Modules.PolicyFramework/Application/Handlers/Commands/ExpirePolicyCommandHandler.cs(8,21): warning CS1591: Missing XML comment for publicly visible type or member 'ExpirePolicyCommandHandler' [/Users/kady/Masterdom/src/Masterdom.Modules.PolicyFramework/Masterdom.Modules.PolicyFramework.csproj]
/Users/kady/Masterdom/src/Masterdom.Modules.PolicyFramework/Application/Handlers/Commands/ExpirePolicyCommandHandler.cs(12,12): warning CS1591: Missing XML comment for publicly visible type or member 'ExpirePolicyCommandHandler.ExpirePolicyCommandHandler(IPolicyFrameworkApplicationService)' [/Users/kady/Masterdom/src/Masterdom.Modules.PolicyFramework/Masterdom.Modules.PolicyFramework.csproj]
/Users/kady/Masterdom/src/Masterdom.Modules.PolicyFramework/Application/Handlers/Commands/ExpirePolicyCommandHandler.cs(17,45): warning CS1591: Missing XML comment for publicly visible type or member 'ExpirePolicyCommandHandler.Handle(ExpirePolicyCommand)' [/Users/kady/Masterdom/src/Masterdom.Modules.PolicyFramework/Masterdom.Modules.PolicyFramework.csproj]
/Users/kady/Masterdom/src/Masterdom.Modules.PolicyFramework/Application/Handlers/Queries/GetApplicablePolicyQueryHandler.cs(8,21): warning CS1591: Missing XML comment for publicly visible type or member 'GetApplicablePolicyQueryHandler' [/Users/kady/Masterdom/src/Masterdom.Modules.PolicyFramework/Masterdom.Modules.PolicyFramework.csproj]
/Users/kady/Masterdom/src/Masterdom.Modules.PolicyFramework/Application/Handlers/Queries/GetApplicablePolicyQueryHandler.cs(12,12): warning CS1591: Missing XML comment for publicly visible type or member 'GetApplicablePolicyQueryHandler.GetApplicablePolicyQueryHandler(IPolicyFrameworkApplicationService)' [/Users/kady/Masterdom/src/Masterdom.Modules.PolicyFramework/Masterdom.Modules.PolicyFramework.csproj]
/Users/kady/Masterdom/src/Masterdom.Modules.PolicyFramework/Application/Handlers/Queries/GetApplicablePolicyQueryHandler.cs(17,45): warning CS1591: Missing XML comment for publicly visible type or member 'GetApplicablePolicyQueryHandler.Handle(GetApplicablePolicyQuery)' [/Users/kady/Masterdom/src/Masterdom.Modules.PolicyFramework/Masterdom.Modules.PolicyFramework.csproj]
/Users/kady/Masterdom/src/Masterdom.Modules.PolicyFramework/Application/Handlers/Queries/GetPolicyByIdQueryHandler.cs(8,21): warning CS1591: Missing XML comment for publicly visible type or member 'GetPolicyByIdQueryHandler' [/Users/kady/Masterdom/src/Masterdom.Modules.PolicyFramework/Masterdom.Modules.PolicyFramework.csproj]
/Users/kady/Masterdom/src/Masterdom.Modules.PolicyFramework/Application/Handlers/Queries/GetPolicyByIdQueryHandler.cs(12,12): warning CS1591: Missing XML comment for publicly visible type or member 'GetPolicyByIdQueryHandler.GetPolicyByIdQueryHandler(IPolicyFrameworkApplicationService)' [/Users/kady/Masterdom/src/Masterdom.Modules.PolicyFramework/Masterdom.Modules.PolicyFramework.csproj]
/Users/kady/Masterdom/src/Masterdom.Modules.PolicyFramework/Application/Handlers/Queries/GetPolicyByIdQueryHandler.cs(17,45): warning CS1591: Missing XML comment for publicly visible type or member 'GetPolicyByIdQueryHandler.Handle(GetPolicyByIdQuery)' [/Users/kady/Masterdom/src/Masterdom.Modules.PolicyFramework/Masterdom.Modules.PolicyFramework.csproj]
/Users/kady/Masterdom/src/Masterdom.Modules.PolicyFramework/Application/Queries/GetApplicablePolicyQuery.cs(5,22): warning CS1591: Missing XML comment for publicly visible type or member 'GetApplicablePolicyQuery' [/Users/kady/Masterdom/src/Masterdom.Modules.PolicyFramework/Masterdom.Modules.PolicyFramework.csproj]
/Users/kady/Masterdom/src/Masterdom.Modules.PolicyFramework/Application/Queries/GetApplicablePolicyQuery.cs(5,22): warning CS1591: Missing XML comment for publicly visible type or member 'GetApplicablePolicyQuery.GetApplicablePolicyQuery(PolicyType, PolicyScope, DateOnly, string?)' [/Users/kady/Masterdom/src/Masterdom.Modules.PolicyFramework/Masterdom.Modules.PolicyFramework.csproj]
/Users/kady/Masterdom/src/Masterdom.Modules.PolicyFramework/Application/Queries/GetApplicablePolicyQuery.cs(6,16): warning CS1591: Missing XML comment for publicly visible type or member 'GetApplicablePolicyQuery.PolicyType' [/Users/kady/Masterdom/src/Masterdom.Modules.PolicyFramework/Masterdom.Modules.PolicyFramework.csproj]
/Users/kady/Masterdom/src/Masterdom.Modules.PolicyFramework/Application/Queries/GetApplicablePolicyQuery.cs(7,17): warning CS1591: Missing XML comment for publicly visible type or member 'GetApplicablePolicyQuery.Scope' [/Users/kady/Masterdom/src/Masterdom.Modules.PolicyFramework/Masterdom.Modules.PolicyFramework.csproj]
/Users/kady/Masterdom/src/Masterdom.Modules.PolicyFramework/Application/Queries/GetApplicablePolicyQuery.cs(8,14): warning CS1591: Missing XML comment for publicly visible type or member 'GetApplicablePolicyQuery.AsOfDate' [/Users/kady/Masterdom/src/Masterdom.Modules.PolicyFramework/Masterdom.Modules.PolicyFramework.csproj]
/Users/kady/Masterdom/src/Masterdom.Modules.PolicyFramework/Application/Queries/GetPolicyByIdQuery.cs(5,22): warning CS1591: Missing XML comment for publicly visible type or member 'GetPolicyByIdQuery' [/Users/kady/Masterdom/src/Masterdom.Modules.PolicyFramework/Masterdom.Modules.PolicyFramework.csproj]
/Users/kady/Masterdom/src/Masterdom.Modules.PolicyFramework/Application/Queries/GetPolicyByIdQuery.cs(5,22): warning CS1591: Missing XML comment for publicly visible type or member 'GetPolicyByIdQuery.GetPolicyByIdQuery(PolicyId)' [/Users/kady/Masterdom/src/Masterdom.Modules.PolicyFramework/Masterdom.Modules.PolicyFramework.csproj]
/Users/kady/Masterdom/src/Masterdom.Modules.PolicyFramework/Application/Queries/GetPolicyByIdQuery.cs(5,50): warning CS1591: Missing XML comment for publicly visible type or member 'GetPolicyByIdQuery.PolicyId' [/Users/kady/Masterdom/src/Masterdom.Modules.PolicyFramework/Masterdom.Modules.PolicyFramework.csproj]
/Users/kady/Masterdom/src/Masterdom.Modules.PolicyFramework/Application/Services/IPolicyFrameworkApplicationService.cs(7,18): warning CS1591: Missing XML comment for publicly visible type or member 'IPolicyFrameworkApplicationService' [/Users/kady/Masterdom/src/Masterdom.Modules.PolicyFramework/Masterdom.Modules.PolicyFramework.csproj]
/Users/kady/Masterdom/src/Masterdom.Modules.PolicyFramework/Application/Services/IPolicyFrameworkApplicationService.cs(9,21): warning CS1591: Missing XML comment for publicly visible type or member 'IPolicyFrameworkApplicationService.CreatePolicy(CreatePolicyCommand)' [/Users/kady/Masterdom/src/Masterdom.Modules.PolicyFramework/Masterdom.Modules.PolicyFramework.csproj]
/Users/kady/Masterdom/src/Masterdom.Modules.PolicyFramework/Application/Services/IPolicyFrameworkApplicationService.cs(11,21): warning CS1591: Missing XML comment for publicly visible type or member 'IPolicyFrameworkApplicationService.CreatePolicyVersion(CreatePolicyVersionCommand)' [/Users/kady/Masterdom/src/Masterdom.Modules.PolicyFramework/Masterdom.Modules.PolicyFramework.csproj]
/Users/kady/Masterdom/src/Masterdom.Modules.PolicyFramework/Application/Services/IPolicyFrameworkApplicationService.cs(13,21): warning CS1591: Missing XML comment for publicly visible type or member 'IPolicyFrameworkApplicationService.ActivatePolicyVersion(ActivatePolicyVersionCommand)' [/Users/kady/Masterdom/src/Masterdom.Modules.PolicyFramework/Masterdom.Modules.PolicyFramework.csproj]
/Users/kady/Masterdom/src/Masterdom.Modules.PolicyFramework/Application/Services/IPolicyFrameworkApplicationService.cs(15,21): warning CS1591: Missing XML comment for publicly visible type or member 'IPolicyFrameworkApplicationService.ExpirePolicy(ExpirePolicyCommand)' [/Users/kady/Masterdom/src/Masterdom.Modules.PolicyFramework/Masterdom.Modules.PolicyFramework.csproj]
/Users/kady/Masterdom/src/Masterdom.Modules.PolicyFramework/Application/Services/IPolicyFrameworkApplicationService.cs(17,21): warning CS1591: Missing XML comment for publicly visible type or member 'IPolicyFrameworkApplicationService.ArchivePolicy(ArchivePolicyCommand)' [/Users/kady/Masterdom/src/Masterdom.Modules.PolicyFramework/Masterdom.Modules.PolicyFramework.csproj]
/Users/kady/Masterdom/src/Masterdom.Modules.PolicyFramework/Application/Services/IPolicyFrameworkApplicationService.cs(19,21): warning CS1591: Missing XML comment for publicly visible type or member 'IPolicyFrameworkApplicationService.AssignPolicy(AssignPolicyCommand)' [/Users/kady/Masterdom/src/Masterdom.Modules.PolicyFramework/Masterdom.Modules.PolicyFramework.csproj]
/Users/kady/Masterdom/src/Masterdom.Modules.PolicyFramework/Application/Services/IPolicyFrameworkApplicationService.cs(21,22): warning CS1591: Missing XML comment for publicly visible type or member 'IPolicyFrameworkApplicationService.GetPolicy(GetPolicyByIdQuery)' [/Users/kady/Masterdom/src/Masterdom.Modules.PolicyFramework/Masterdom.Modules.PolicyFramework.csproj]
/Users/kady/Masterdom/src/Masterdom.Modules.PolicyFramework/Application/Services/IPolicyFrameworkApplicationService.cs(23,22): warning CS1591: Missing XML comment for publicly visible type or member 'IPolicyFrameworkApplicationService.GetApplicablePolicy(GetApplicablePolicyQuery)' [/Users/kady/Masterdom/src/Masterdom.Modules.PolicyFramework/Masterdom.Modules.PolicyFramework.csproj]
/Users/kady/Masterdom/src/Masterdom.Modules.PolicyFramework/Application/Services/PolicyFrameworkApplicationService.cs(10,21): warning CS1591: Missing XML comment for publicly visible type or member 'PolicyFrameworkApplicationService' [/Users/kady/Masterdom/src/Masterdom.Modules.PolicyFramework/Masterdom.Modules.PolicyFramework.csproj]
/Users/kady/Masterdom/src/Masterdom.Modules.PolicyFramework/Application/Services/PolicyFrameworkApplicationService.cs(16,12): warning CS1591: Missing XML comment for publicly visible type or member 'PolicyFrameworkApplicationService.PolicyFrameworkApplicationService(IPolicyRepository, IPolicyFrameworkUnitOfWork, IPolicyFrameworkPlatformOrchestrator)' [/Users/kady/Masterdom/src/Masterdom.Modules.PolicyFramework/Masterdom.Modules.PolicyFramework.csproj]
/Users/kady/Masterdom/src/Masterdom.Modules.PolicyFramework/Application/Services/PolicyFrameworkApplicationService.cs(26,28): warning CS1591: Missing XML comment for publicly visible type or member 'PolicyFrameworkApplicationService.CreatePolicy(CreatePolicyCommand)' [/Users/kady/Masterdom/src/Masterdom.Modules.PolicyFramework/Masterdom.Modules.PolicyFramework.csproj]
/Users/kady/Masterdom/src/Masterdom.Modules.PolicyFramework/Application/Services/PolicyFrameworkApplicationService.cs(47,28): warning CS1591: Missing XML comment for publicly visible type or member 'PolicyFrameworkApplicationService.CreatePolicyVersion(CreatePolicyVersionCommand)' [/Users/kady/Masterdom/src/Masterdom.Modules.PolicyFramework/Masterdom.Modules.PolicyFramework.csproj]
/Users/kady/Masterdom/src/Masterdom.Modules.PolicyFramework/Application/Services/PolicyFrameworkApplicationService.cs(64,28): warning CS1591: Missing XML comment for publicly visible type or member 'PolicyFrameworkApplicationService.ActivatePolicyVersion(ActivatePolicyVersionCommand)' [/Users/kady/Masterdom/src/Masterdom.Modules.PolicyFramework/Masterdom.Modules.PolicyFramework.csproj]
/Users/kady/Masterdom/src/Masterdom.Modules.PolicyFramework/Application/Services/PolicyFrameworkApplicationService.cs(77,28): warning CS1591: Missing XML comment for publicly visible type or member 'PolicyFrameworkApplicationService.ExpirePolicy(ExpirePolicyCommand)' [/Users/kady/Masterdom/src/Masterdom.Modules.PolicyFramework/Masterdom.Modules.PolicyFramework.csproj]
/Users/kady/Masterdom/src/Masterdom.Modules.PolicyFramework/Application/Services/PolicyFrameworkApplicationService.cs(90,28): warning CS1591: Missing XML comment for publicly visible type or member 'PolicyFrameworkApplicationService.ArchivePolicy(ArchivePolicyCommand)' [/Users/kady/Masterdom/src/Masterdom.Modules.PolicyFramework/Masterdom.Modules.PolicyFramework.csproj]
/Users/kady/Masterdom/src/Masterdom.Modules.PolicyFramework/Application/Services/PolicyFrameworkApplicationService.cs(103,28): warning CS1591: Missing XML comment for publicly visible type or member 'PolicyFrameworkApplicationService.AssignPolicy(AssignPolicyCommand)' [/Users/kady/Masterdom/src/Masterdom.Modules.PolicyFramework/Masterdom.Modules.PolicyFramework.csproj]
/Users/kady/Masterdom/src/Masterdom.Modules.PolicyFramework/Application/Services/PolicyFrameworkApplicationService.cs(116,29): warning CS1591: Missing XML comment for publicly visible type or member 'PolicyFrameworkApplicationService.GetPolicy(GetPolicyByIdQuery)' [/Users/kady/Masterdom/src/Masterdom.Modules.PolicyFramework/Masterdom.Modules.PolicyFramework.csproj]
/Users/kady/Masterdom/src/Masterdom.Modules.PolicyFramework/Application/Services/PolicyFrameworkApplicationService.cs(122,29): warning CS1591: Missing XML comment for publicly visible type or member 'PolicyFrameworkApplicationService.GetApplicablePolicy(GetApplicablePolicyQuery)' [/Users/kady/Masterdom/src/Masterdom.Modules.PolicyFramework/Masterdom.Modules.PolicyFramework.csproj]
/Users/kady/Masterdom/src/Masterdom.Modules.PolicyFramework/Application/Support/ExecutionResult.cs(3,14): warning CS1591: Missing XML comment for publicly visible type or member 'ExecutionResult' [/Users/kady/Masterdom/src/Masterdom.Modules.PolicyFramework/Masterdom.Modules.PolicyFramework.csproj]
/Users/kady/Masterdom/src/Masterdom.Modules.PolicyFramework/Application/Support/ExecutionResult.cs(5,15): warning CS1591: Missing XML comment for publicly visible type or member 'ExecutionResult.ExecutionResult(bool, string?, string?)' [/Users/kady/Masterdom/src/Masterdom.Modules.PolicyFramework/Masterdom.Modules.PolicyFramework.csproj]
/Users/kady/Masterdom/src/Masterdom.Modules.PolicyFramework/Application/Support/ExecutionResult.cs(12,17): warning CS1591: Missing XML comment for publicly visible type or member 'ExecutionResult.IsSuccess' [/Users/kady/Masterdom/src/Masterdom.Modules.PolicyFramework/Masterdom.Modules.PolicyFramework.csproj]
/Users/kady/Masterdom/src/Masterdom.Modules.PolicyFramework/Application/Support/ExecutionResult.cs(14,20): warning CS1591: Missing XML comment for publicly visible type or member 'ExecutionResult.ErrorCode' [/Users/kady/Masterdom/src/Masterdom.Modules.PolicyFramework/Masterdom.Modules.PolicyFramework.csproj]
/Users/kady/Masterdom/src/Masterdom.Modules.PolicyFramework/Application/Support/ExecutionResult.cs(16,20): warning CS1591: Missing XML comment for publicly visible type or member 'ExecutionResult.ErrorMessage' [/Users/kady/Masterdom/src/Masterdom.Modules.PolicyFramework/Masterdom.Modules.PolicyFramework.csproj]
/Users/kady/Masterdom/src/Masterdom.Modules.PolicyFramework/Application/Support/ExecutionResult.cs(18,35): warning CS1591: Missing XML comment for publicly visible type or member 'ExecutionResult.Success()' [/Users/kady/Masterdom/src/Masterdom.Modules.PolicyFramework/Masterdom.Modules.PolicyFramework.csproj]
/Users/kady/Masterdom/src/Masterdom.Modules.PolicyFramework/Application/Support/ExecutionResult.cs(23,35): warning CS1591: Missing XML comment for publicly visible type or member 'ExecutionResult.Failure(string, string)' [/Users/kady/Masterdom/src/Masterdom.Modules.PolicyFramework/Masterdom.Modules.PolicyFramework.csproj]
/Users/kady/Masterdom/src/Masterdom.Modules.PolicyFramework/Application/Support/ExecutionResult.cs(32,21): warning CS1591: Missing XML comment for publicly visible type or member 'ExecutionResult<T>' [/Users/kady/Masterdom/src/Masterdom.Modules.PolicyFramework/Masterdom.Modules.PolicyFramework.csproj]
/Users/kady/Masterdom/src/Masterdom.Modules.PolicyFramework/Application/Support/ExecutionResult.cs(40,15): warning CS1591: Missing XML comment for publicly visible type or member 'ExecutionResult<T>.Value' [/Users/kady/Masterdom/src/Masterdom.Modules.PolicyFramework/Masterdom.Modules.PolicyFramework.csproj]
/Users/kady/Masterdom/src/Masterdom.Modules.PolicyFramework/Application/Support/ExecutionResult.cs(42,38): warning CS1591: Missing XML comment for publicly visible type or member 'ExecutionResult<T>.Success(T)' [/Users/kady/Masterdom/src/Masterdom.Modules.PolicyFramework/Masterdom.Modules.PolicyFramework.csproj]
/Users/kady/Masterdom/src/Masterdom.Modules.PolicyFramework/Application/Support/ExecutionResult.cs(48,38): warning CS1591: Missing XML comment for publicly visible type or member 'ExecutionResult<T>.Failure(string, string)' [/Users/kady/Masterdom/src/Masterdom.Modules.PolicyFramework/Masterdom.Modules.PolicyFramework.csproj]
/Users/kady/Masterdom/src/Masterdom.Modules.PolicyFramework/Application/Support/ICommandHandler.cs(3,18): warning CS1591: Missing XML comment for publicly visible type or member 'ICommandHandler<TCommand, TResult>' [/Users/kady/Masterdom/src/Masterdom.Modules.PolicyFramework/Masterdom.Modules.PolicyFramework.csproj]
/Users/kady/Masterdom/src/Masterdom.Modules.PolicyFramework/Application/Support/ICommandHandler.cs(5,13): warning CS1591: Missing XML comment for publicly visible type or member 'ICommandHandler<TCommand, TResult>.Handle(TCommand)' [/Users/kady/Masterdom/src/Masterdom.Modules.PolicyFramework/Masterdom.Modules.PolicyFramework.csproj]
/Users/kady/Masterdom/src/Masterdom.Modules.PolicyFramework/Application/Support/IPolicyFrameworkPlatformOrchestrator.cs(5,18): warning CS1591: Missing XML comment for publicly visible type or member 'IPolicyFrameworkPlatformOrchestrator' [/Users/kady/Masterdom/src/Masterdom.Modules.PolicyFramework/Masterdom.Modules.PolicyFramework.csproj]
/Users/kady/Masterdom/src/Masterdom.Modules.PolicyFramework/Application/Support/IPolicyFrameworkPlatformOrchestrator.cs(7,10): warning CS1591: Missing XML comment for publicly visible type or member 'IPolicyFrameworkPlatformOrchestrator.OnPolicyMutated(Policy, string)' [/Users/kady/Masterdom/src/Masterdom.Modules.PolicyFramework/Masterdom.Modules.PolicyFramework.csproj]
/Users/kady/Masterdom/src/Masterdom.Modules.PolicyFramework/Application/Support/IPolicyFrameworkUnitOfWork.cs(3,18): warning CS1591: Missing XML comment for publicly visible type or member 'IPolicyFrameworkUnitOfWork' [/Users/kady/Masterdom/src/Masterdom.Modules.PolicyFramework/Masterdom.Modules.PolicyFramework.csproj]
/Users/kady/Masterdom/src/Masterdom.Modules.PolicyFramework/Application/Support/IPolicyFrameworkUnitOfWork.cs(5,10): warning CS1591: Missing XML comment for publicly visible type or member 'IPolicyFrameworkUnitOfWork.Execute(Action)' [/Users/kady/Masterdom/src/Masterdom.Modules.PolicyFramework/Masterdom.Modules.PolicyFramework.csproj]
/Users/kady/Masterdom/src/Masterdom.Modules.PolicyFramework/Application/Support/IQueryHandler.cs(3,18): warning CS1591: Missing XML comment for publicly visible type or member 'IQueryHandler<TQuery, TResult>' [/Users/kady/Masterdom/src/Masterdom.Modules.PolicyFramework/Masterdom.Modules.PolicyFramework.csproj]
/Users/kady/Masterdom/src/Masterdom.Modules.PolicyFramework/Application/Support/IQueryHandler.cs(5,13): warning CS1591: Missing XML comment for publicly visible type or member 'IQueryHandler<TQuery, TResult>.Handle(TQuery)' [/Users/kady/Masterdom/src/Masterdom.Modules.PolicyFramework/Masterdom.Modules.PolicyFramework.csproj]
/Users/kady/Masterdom/src/Masterdom.Modules.PolicyFramework/Domain/Entities/PolicyFramework/EffectiveDateRange.cs(5,21): warning CS1591: Missing XML comment for publicly visible type or member 'EffectiveDateRange' [/Users/kady/Masterdom/src/Masterdom.Modules.PolicyFramework/Masterdom.Modules.PolicyFramework.csproj]
/Users/kady/Masterdom/src/Masterdom.Modules.PolicyFramework/Domain/Entities/PolicyFramework/EffectiveDateRange.cs(13,21): warning CS1591: Missing XML comment for publicly visible type or member 'EffectiveDateRange.StartDate' [/Users/kady/Masterdom/src/Masterdom.Modules.PolicyFramework/Masterdom.Modules.PolicyFramework.csproj]
/Users/kady/Masterdom/src/Masterdom.Modules.PolicyFramework/Domain/Entities/PolicyFramework/EffectiveDateRange.cs(15,22): warning CS1591: Missing XML comment for publicly visible type or member 'EffectiveDateRange.EndDate' [/Users/kady/Masterdom/src/Masterdom.Modules.PolicyFramework/Masterdom.Modules.PolicyFramework.csproj]
/Users/kady/Masterdom/src/Masterdom.Modules.PolicyFramework/Domain/Entities/PolicyFramework/EffectiveDateRange.cs(17,38): warning CS1591: Missing XML comment for publicly visible type or member 'EffectiveDateRange.Create(DateOnly, DateOnly?)' [/Users/kady/Masterdom/src/Masterdom.Modules.PolicyFramework/Masterdom.Modules.PolicyFramework.csproj]
/Users/kady/Masterdom/src/Masterdom.Modules.PolicyFramework/Domain/Entities/PolicyFramework/EffectiveDateRange.cs(27,17): warning CS1591: Missing XML comment for publicly visible type or member 'EffectiveDateRange.Contains(DateOnly)' [/Users/kady/Masterdom/src/Masterdom.Modules.PolicyFramework/Masterdom.Modules.PolicyFramework.csproj]
/Users/kady/Masterdom/src/Masterdom.Modules.PolicyFramework/Domain/Entities/PolicyFramework/EffectiveDateRange.cs(32,17): warning CS1591: Missing XML comment for publicly visible type or member 'EffectiveDateRange.Overlaps(EffectiveDateRange)' [/Users/kady/Masterdom/src/Masterdom.Modules.PolicyFramework/Masterdom.Modules.PolicyFramework.csproj]
/Users/kady/Masterdom/src/Masterdom.Modules.PolicyFramework/Domain/Entities/PolicyFramework/EffectiveDateRange.cs(42,45): warning CS1591: Missing XML comment for publicly visible type or member 'EffectiveDateRange.GetEqualityComponents()' [/Users/kady/Masterdom/src/Masterdom.Modules.PolicyFramework/Masterdom.Modules.PolicyFramework.csproj]
/Users/kady/Masterdom/src/Masterdom.Modules.PolicyFramework/Domain/Entities/PolicyFramework/Events/PolicyActivatedDomainEvent.cs(5,22): warning CS1591: Missing XML comment for publicly visible type or member 'PolicyActivatedDomainEvent' [/Users/kady/Masterdom/src/Masterdom.Modules.PolicyFramework/Masterdom.Modules.PolicyFramework.csproj]
/Users/kady/Masterdom/src/Masterdom.Modules.PolicyFramework/Domain/Entities/PolicyFramework/Events/PolicyActivatedDomainEvent.cs(5,22): warning CS1591: Missing XML comment for publicly visible type or member 'PolicyActivatedDomainEvent.PolicyActivatedDomainEvent(PolicyId, int, DateTime)' [/Users/kady/Masterdom/src/Masterdom.Modules.PolicyFramework/Masterdom.Modules.PolicyFramework.csproj]
/Users/kady/Masterdom/src/Masterdom.Modules.PolicyFramework/Domain/Entities/PolicyFramework/Events/PolicyActivatedDomainEvent.cs(6,14): warning CS1591: Missing XML comment for publicly visible type or member 'PolicyActivatedDomainEvent.PolicyId' [/Users/kady/Masterdom/src/Masterdom.Modules.PolicyFramework/Masterdom.Modules.PolicyFramework.csproj]
/Users/kady/Masterdom/src/Masterdom.Modules.PolicyFramework/Domain/Entities/PolicyFramework/Events/PolicyActivatedDomainEvent.cs(7,9): warning CS1591: Missing XML comment for publicly visible type or member 'PolicyActivatedDomainEvent.VersionNumber' [/Users/kady/Masterdom/src/Masterdom.Modules.PolicyFramework/Masterdom.Modules.PolicyFramework.csproj]
/Users/kady/Masterdom/src/Masterdom.Modules.PolicyFramework/Domain/Entities/PolicyFramework/Events/PolicyActivatedDomainEvent.cs(8,14): warning CS1591: Missing XML comment for publicly visible type or member 'PolicyActivatedDomainEvent.OccurredOnUtc' [/Users/kady/Masterdom/src/Masterdom.Modules.PolicyFramework/Masterdom.Modules.PolicyFramework.csproj]
/Users/kady/Masterdom/src/Masterdom.Modules.PolicyFramework/Domain/Entities/PolicyFramework/Events/PolicyArchivedDomainEvent.cs(5,22): warning CS1591: Missing XML comment for publicly visible type or member 'PolicyArchivedDomainEvent' [/Users/kady/Masterdom/src/Masterdom.Modules.PolicyFramework/Masterdom.Modules.PolicyFramework.csproj]
/Users/kady/Masterdom/src/Masterdom.Modules.PolicyFramework/Domain/Entities/PolicyFramework/Events/PolicyArchivedDomainEvent.cs(5,22): warning CS1591: Missing XML comment for publicly visible type or member 'PolicyArchivedDomainEvent.PolicyArchivedDomainEvent(PolicyId, string, DateTime)' [/Users/kady/Masterdom/src/Masterdom.Modules.PolicyFramework/Masterdom.Modules.PolicyFramework.csproj]
/Users/kady/Masterdom/src/Masterdom.Modules.PolicyFramework/Domain/Entities/PolicyFramework/Events/PolicyArchivedDomainEvent.cs(6,14): warning CS1591: Missing XML comment for publicly visible type or member 'PolicyArchivedDomainEvent.PolicyId' [/Users/kady/Masterdom/src/Masterdom.Modules.PolicyFramework/Masterdom.Modules.PolicyFramework.csproj]
/Users/kady/Masterdom/src/Masterdom.Modules.PolicyFramework/Domain/Entities/PolicyFramework/Events/PolicyArchivedDomainEvent.cs(7,12): warning CS1591: Missing XML comment for publicly visible type or member 'PolicyArchivedDomainEvent.Reason' [/Users/kady/Masterdom/src/Masterdom.Modules.PolicyFramework/Masterdom.Modules.PolicyFramework.csproj]
/Users/kady/Masterdom/src/Masterdom.Modules.PolicyFramework/Domain/Entities/PolicyFramework/Events/PolicyArchivedDomainEvent.cs(8,14): warning CS1591: Missing XML comment for publicly visible type or member 'PolicyArchivedDomainEvent.OccurredOnUtc' [/Users/kady/Masterdom/src/Masterdom.Modules.PolicyFramework/Masterdom.Modules.PolicyFramework.csproj]
/Users/kady/Masterdom/src/Masterdom.Modules.PolicyFramework/Domain/Entities/PolicyFramework/Events/PolicyCreatedDomainEvent.cs(5,22): warning CS1591: Missing XML comment for publicly visible type or member 'PolicyCreatedDomainEvent' [/Users/kady/Masterdom/src/Masterdom.Modules.PolicyFramework/Masterdom.Modules.PolicyFramework.csproj]
/Users/kady/Masterdom/src/Masterdom.Modules.PolicyFramework/Domain/Entities/PolicyFramework/Events/PolicyCreatedDomainEvent.cs(5,22): warning CS1591: Missing XML comment for publicly visible type or member 'PolicyCreatedDomainEvent.PolicyCreatedDomainEvent(PolicyId, string, string, string, string, DateTime)' [/Users/kady/Masterdom/src/Masterdom.Modules.PolicyFramework/Masterdom.Modules.PolicyFramework.csproj]
/Users/kady/Masterdom/src/Masterdom.Modules.PolicyFramework/Domain/Entities/PolicyFramework/Events/PolicyCreatedDomainEvent.cs(6,14): warning CS1591: Missing XML comment for publicly visible type or member 'PolicyCreatedDomainEvent.PolicyId' [/Users/kady/Masterdom/src/Masterdom.Modules.PolicyFramework/Masterdom.Modules.PolicyFramework.csproj]
/Users/kady/Masterdom/src/Masterdom.Modules.PolicyFramework/Domain/Entities/PolicyFramework/Events/PolicyCreatedDomainEvent.cs(7,12): warning CS1591: Missing XML comment for publicly visible type or member 'PolicyCreatedDomainEvent.PolicyType' [/Users/kady/Masterdom/src/Masterdom.Modules.PolicyFramework/Masterdom.Modules.PolicyFramework.csproj]
/Users/kady/Masterdom/src/Masterdom.Modules.PolicyFramework/Domain/Entities/PolicyFramework/Events/PolicyCreatedDomainEvent.cs(8,12): warning CS1591: Missing XML comment for publicly visible type or member 'PolicyCreatedDomainEvent.PolicyCategory' [/Users/kady/Masterdom/src/Masterdom.Modules.PolicyFramework/Masterdom.Modules.PolicyFramework.csproj]
/Users/kady/Masterdom/src/Masterdom.Modules.PolicyFramework/Domain/Entities/PolicyFramework/Events/PolicyCreatedDomainEvent.cs(9,12): warning CS1591: Missing XML comment for publicly visible type or member 'PolicyCreatedDomainEvent.ScopeKind' [/Users/kady/Masterdom/src/Masterdom.Modules.PolicyFramework/Masterdom.Modules.PolicyFramework.csproj]
/Users/kady/Masterdom/src/Masterdom.Modules.PolicyFramework/Domain/Entities/PolicyFramework/Events/PolicyCreatedDomainEvent.cs(10,12): warning CS1591: Missing XML comment for publicly visible type or member 'PolicyCreatedDomainEvent.ScopeKey' [/Users/kady/Masterdom/src/Masterdom.Modules.PolicyFramework/Masterdom.Modules.PolicyFramework.csproj]
/Users/kady/Masterdom/src/Masterdom.Modules.PolicyFramework/Domain/Entities/PolicyFramework/Events/PolicyCreatedDomainEvent.cs(11,14): warning CS1591: Missing XML comment for publicly visible type or member 'PolicyCreatedDomainEvent.OccurredOnUtc' [/Users/kady/Masterdom/src/Masterdom.Modules.PolicyFramework/Masterdom.Modules.PolicyFramework.csproj]
/Users/kady/Masterdom/src/Masterdom.Modules.PolicyFramework/Domain/Entities/PolicyFramework/Events/PolicyExpiredDomainEvent.cs(5,22): warning CS1591: Missing XML comment for publicly visible type or member 'PolicyExpiredDomainEvent' [/Users/kady/Masterdom/src/Masterdom.Modules.PolicyFramework/Masterdom.Modules.PolicyFramework.csproj]
/Users/kady/Masterdom/src/Masterdom.Modules.PolicyFramework/Domain/Entities/PolicyFramework/Events/PolicyExpiredDomainEvent.cs(5,22): warning CS1591: Missing XML comment for publicly visible type or member 'PolicyExpiredDomainEvent.PolicyExpiredDomainEvent(PolicyId, int, DateTime)' [/Users/kady/Masterdom/src/Masterdom.Modules.PolicyFramework/Masterdom.Modules.PolicyFramework.csproj]
/Users/kady/Masterdom/src/Masterdom.Modules.PolicyFramework/Domain/Entities/PolicyFramework/Events/PolicyExpiredDomainEvent.cs(6,14): warning CS1591: Missing XML comment for publicly visible type or member 'PolicyExpiredDomainEvent.PolicyId' [/Users/kady/Masterdom/src/Masterdom.Modules.PolicyFramework/Masterdom.Modules.PolicyFramework.csproj]
/Users/kady/Masterdom/src/Masterdom.Modules.PolicyFramework/Domain/Entities/PolicyFramework/Events/PolicyExpiredDomainEvent.cs(7,9): warning CS1591: Missing XML comment for publicly visible type or member 'PolicyExpiredDomainEvent.VersionNumber' [/Users/kady/Masterdom/src/Masterdom.Modules.PolicyFramework/Masterdom.Modules.PolicyFramework.csproj]
/Users/kady/Masterdom/src/Masterdom.Modules.PolicyFramework/Domain/Entities/PolicyFramework/Events/PolicyExpiredDomainEvent.cs(8,14): warning CS1591: Missing XML comment for publicly visible type or member 'PolicyExpiredDomainEvent.OccurredOnUtc' [/Users/kady/Masterdom/src/Masterdom.Modules.PolicyFramework/Masterdom.Modules.PolicyFramework.csproj]
/Users/kady/Masterdom/src/Masterdom.Modules.PolicyFramework/Domain/Entities/PolicyFramework/Events/PolicyVersionCreatedDomainEvent.cs(5,22): warning CS1591: Missing XML comment for publicly visible type or member 'PolicyVersionCreatedDomainEvent' [/Users/kady/Masterdom/src/Masterdom.Modules.PolicyFramework/Masterdom.Modules.PolicyFramework.csproj]
/Users/kady/Masterdom/src/Masterdom.Modules.PolicyFramework/Domain/Entities/PolicyFramework/Events/PolicyVersionCreatedDomainEvent.cs(5,22): warning CS1591: Missing XML comment for publicly visible type or member 'PolicyVersionCreatedDomainEvent.PolicyVersionCreatedDomainEvent(PolicyId, int, DateTime)' [/Users/kady/Masterdom/src/Masterdom.Modules.PolicyFramework/Masterdom.Modules.PolicyFramework.csproj]
/Users/kady/Masterdom/src/Masterdom.Modules.PolicyFramework/Domain/Entities/PolicyFramework/Events/PolicyVersionCreatedDomainEvent.cs(6,14): warning CS1591: Missing XML comment for publicly visible type or member 'PolicyVersionCreatedDomainEvent.PolicyId' [/Users/kady/Masterdom/src/Masterdom.Modules.PolicyFramework/Masterdom.Modules.PolicyFramework.csproj]
/Users/kady/Masterdom/src/Masterdom.Modules.PolicyFramework/Domain/Entities/PolicyFramework/Events/PolicyVersionCreatedDomainEvent.cs(7,9): warning CS1591: Missing XML comment for publicly visible type or member 'PolicyVersionCreatedDomainEvent.VersionNumber' [/Users/kady/Masterdom/src/Masterdom.Modules.PolicyFramework/Masterdom.Modules.PolicyFramework.csproj]
/Users/kady/Masterdom/src/Masterdom.Modules.PolicyFramework/Domain/Entities/PolicyFramework/Events/PolicyVersionCreatedDomainEvent.cs(8,14): warning CS1591: Missing XML comment for publicly visible type or member 'PolicyVersionCreatedDomainEvent.OccurredOnUtc' [/Users/kady/Masterdom/src/Masterdom.Modules.PolicyFramework/Masterdom.Modules.PolicyFramework.csproj]
/Users/kady/Masterdom/src/Masterdom.Modules.PolicyFramework/Domain/Entities/PolicyFramework/Policy.cs(8,21): warning CS1591: Missing XML comment for publicly visible type or member 'Policy' [/Users/kady/Masterdom/src/Masterdom.Modules.PolicyFramework/Masterdom.Modules.PolicyFramework.csproj]
/Users/kady/Masterdom/src/Masterdom.Modules.PolicyFramework/Domain/Entities/PolicyFramework/Policy.cs(32,23): warning CS1591: Missing XML comment for publicly visible type or member 'Policy.PolicyType' [/Users/kady/Masterdom/src/Masterdom.Modules.PolicyFramework/Masterdom.Modules.PolicyFramework.csproj]
/Users/kady/Masterdom/src/Masterdom.Modules.PolicyFramework/Domain/Entities/PolicyFramework/Policy.cs(34,27): warning CS1591: Missing XML comment for publicly visible type or member 'Policy.PolicyCategory' [/Users/kady/Masterdom/src/Masterdom.Modules.PolicyFramework/Masterdom.Modules.PolicyFramework.csproj]
/Users/kady/Masterdom/src/Masterdom.Modules.PolicyFramework/Domain/Entities/PolicyFramework/Policy.cs(36,28): warning CS1591: Missing XML comment for publicly visible type or member 'Policy.PolicyReference' [/Users/kady/Masterdom/src/Masterdom.Modules.PolicyFramework/Masterdom.Modules.PolicyFramework.csproj]
/Users/kady/Masterdom/src/Masterdom.Modules.PolicyFramework/Domain/Entities/PolicyFramework/Policy.cs(38,24): warning CS1591: Missing XML comment for publicly visible type or member 'Policy.Scope' [/Users/kady/Masterdom/src/Masterdom.Modules.PolicyFramework/Masterdom.Modules.PolicyFramework.csproj]
/Users/kady/Masterdom/src/Masterdom.Modules.PolicyFramework/Domain/Entities/PolicyFramework/Policy.cs(40,25): warning CS1591: Missing XML comment for publicly visible type or member 'Policy.Status' [/Users/kady/Masterdom/src/Masterdom.Modules.PolicyFramework/Masterdom.Modules.PolicyFramework.csproj]
/Users/kady/Masterdom/src/Masterdom.Modules.PolicyFramework/Domain/Entities/PolicyFramework/Policy.cs(42,21): warning CS1591: Missing XML comment for publicly visible type or member 'Policy.CreatedAtUtc' [/Users/kady/Masterdom/src/Masterdom.Modules.PolicyFramework/Masterdom.Modules.PolicyFramework.csproj]
/Users/kady/Masterdom/src/Masterdom.Modules.PolicyFramework/Domain/Entities/PolicyFramework/Policy.cs(44,22): warning CS1591: Missing XML comment for publicly visible type or member 'Policy.ActivatedAtUtc' [/Users/kady/Masterdom/src/Masterdom.Modules.PolicyFramework/Masterdom.Modules.PolicyFramework.csproj]
/Users/kady/Masterdom/src/Masterdom.Modules.PolicyFramework/Domain/Entities/PolicyFramework/Policy.cs(46,22): warning CS1591: Missing XML comment for publicly visible type or member 'Policy.ExpiredAtUtc' [/Users/kady/Masterdom/src/Masterdom.Modules.PolicyFramework/Masterdom.Modules.PolicyFramework.csproj]
/Users/kady/Masterdom/src/Masterdom.Modules.PolicyFramework/Domain/Entities/PolicyFramework/Policy.cs(48,22): warning CS1591: Missing XML comment for publicly visible type or member 'Policy.ArchivedAtUtc' [/Users/kady/Masterdom/src/Masterdom.Modules.PolicyFramework/Masterdom.Modules.PolicyFramework.csproj]
/Users/kady/Masterdom/src/Masterdom.Modules.PolicyFramework/Domain/Entities/PolicyFramework/Policy.cs(50,20): warning CS1591: Missing XML comment for publicly visible type or member 'Policy.ArchivedReason' [/Users/kady/Masterdom/src/Masterdom.Modules.PolicyFramework/Masterdom.Modules.PolicyFramework.csproj]
/Users/kady/Masterdom/src/Masterdom.Modules.PolicyFramework/Domain/Entities/PolicyFramework/Policy.cs(52,26): warning CS1591: Missing XML comment for publicly visible type or member 'Policy.CurrentVersion' [/Users/kady/Masterdom/src/Masterdom.Modules.PolicyFramework/Masterdom.Modules.PolicyFramework.csproj]
/Users/kady/Masterdom/src/Masterdom.Modules.PolicyFramework/Domain/Entities/PolicyFramework/Policy.cs(56,47): warning CS1591: Missing XML comment for publicly visible type or member 'Policy.Versions' [/Users/kady/Masterdom/src/Masterdom.Modules.PolicyFramework/Masterdom.Modules.PolicyFramework.csproj]
/Users/kady/Masterdom/src/Masterdom.Modules.PolicyFramework/Domain/Entities/PolicyFramework/Policy.cs(58,50): warning CS1591: Missing XML comment for publicly visible type or member 'Policy.Assignments' [/Users/kady/Masterdom/src/Masterdom.Modules.PolicyFramework/Masterdom.Modules.PolicyFramework.csproj]
/Users/kady/Masterdom/src/Masterdom.Modules.PolicyFramework/Domain/Entities/PolicyFramework/Policy.cs(60,48): warning CS1591: Missing XML comment for publicly visible type or member 'Policy.Snapshots' [/Users/kady/Masterdom/src/Masterdom.Modules.PolicyFramework/Masterdom.Modules.PolicyFramework.csproj]
/Users/kady/Masterdom/src/Masterdom.Modules.PolicyFramework/Domain/Entities/PolicyFramework/Policy.cs(62,46): warning CS1591: Missing XML comment for publicly visible type or member 'Policy.DomainEvents' [/Users/kady/Masterdom/src/Masterdom.Modules.PolicyFramework/Masterdom.Modules.PolicyFramework.csproj]
/Users/kady/Masterdom/src/Masterdom.Modules.PolicyFramework/Domain/Entities/PolicyFramework/Policy.cs(64,26): warning CS1591: Missing XML comment for publicly visible type or member 'Policy.Create(PolicyId, PolicyType, PolicyCategory, PolicyReference, PolicyScope, PolicyCondition, PolicyMetadata, EffectiveDateRange, DateTime)' [/Users/kady/Masterdom/src/Masterdom.Modules.PolicyFramework/Masterdom.Modules.PolicyFramework.csproj]
/Users/kady/Masterdom/src/Masterdom.Modules.PolicyFramework/Domain/Entities/PolicyFramework/Policy.cs(106,26): warning CS1591: Missing XML comment for publicly visible type or member 'Policy.CreateVersion(PolicyCondition, PolicyMetadata, EffectiveDateRange, DateTime)' [/Users/kady/Masterdom/src/Masterdom.Modules.PolicyFramework/Masterdom.Modules.PolicyFramework.csproj]
/Users/kady/Masterdom/src/Masterdom.Modules.PolicyFramework/Domain/Entities/PolicyFramework/Policy.cs(140,17): warning CS1591: Missing XML comment for publicly visible type or member 'Policy.ActivateVersion(int, DateTime)' [/Users/kady/Masterdom/src/Masterdom.Modules.PolicyFramework/Masterdom.Modules.PolicyFramework.csproj]
/Users/kady/Masterdom/src/Masterdom.Modules.PolicyFramework/Domain/Entities/PolicyFramework/Policy.cs(170,17): warning CS1591: Missing XML comment for publicly visible type or member 'Policy.Expire(DateTime)' [/Users/kady/Masterdom/src/Masterdom.Modules.PolicyFramework/Masterdom.Modules.PolicyFramework.csproj]
/Users/kady/Masterdom/src/Masterdom.Modules.PolicyFramework/Domain/Entities/PolicyFramework/Policy.cs(192,17): warning CS1591: Missing XML comment for publicly visible type or member 'Policy.Archive(DateTime, string)' [/Users/kady/Masterdom/src/Masterdom.Modules.PolicyFramework/Masterdom.Modules.PolicyFramework.csproj]
/Users/kady/Masterdom/src/Masterdom.Modules.PolicyFramework/Domain/Entities/PolicyFramework/Policy.cs(216,17): warning CS1591: Missing XML comment for publicly visible type or member 'Policy.Assign(PolicyAssignment)' [/Users/kady/Masterdom/src/Masterdom.Modules.PolicyFramework/Masterdom.Modules.PolicyFramework.csproj]
/Users/kady/Masterdom/src/Masterdom.Modules.PolicyFramework/Domain/Entities/PolicyFramework/Policy.cs(236,27): warning CS1591: Missing XML comment for publicly visible type or member 'Policy.ResolveApplicableVersion(PolicyScope, DateOnly)' [/Users/kady/Masterdom/src/Masterdom.Modules.PolicyFramework/Masterdom.Modules.PolicyFramework.csproj]
/Users/kady/Masterdom/src/Masterdom.Modules.PolicyFramework/Domain/Entities/PolicyFramework/Policy.cs(257,17): warning CS1591: Missing XML comment for publicly visible type or member 'Policy.ClearDomainEvents()' [/Users/kady/Masterdom/src/Masterdom.Modules.PolicyFramework/Masterdom.Modules.PolicyFramework.csproj]
/Users/kady/Masterdom/src/Masterdom.Modules.PolicyFramework/Domain/Entities/PolicyFramework/PolicyAssignment.cs(3,21): warning CS1591: Missing XML comment for publicly visible type or member 'PolicyAssignment' [/Users/kady/Masterdom/src/Masterdom.Modules.PolicyFramework/Masterdom.Modules.PolicyFramework.csproj]
/Users/kady/Masterdom/src/Masterdom.Modules.PolicyFramework/Domain/Entities/PolicyFramework/PolicyAssignment.cs(21,17): warning CS1591: Missing XML comment for publicly visible type or member 'PolicyAssignment.AssignmentId' [/Users/kady/Masterdom/src/Masterdom.Modules.PolicyFramework/Masterdom.Modules.PolicyFramework.csproj]
/Users/kady/Masterdom/src/Masterdom.Modules.PolicyFramework/Domain/Entities/PolicyFramework/PolicyAssignment.cs(23,24): warning CS1591: Missing XML comment for publicly visible type or member 'PolicyAssignment.Scope' [/Users/kady/Masterdom/src/Masterdom.Modules.PolicyFramework/Masterdom.Modules.PolicyFramework.csproj]
/Users/kady/Masterdom/src/Masterdom.Modules.PolicyFramework/Domain/Entities/PolicyFramework/PolicyAssignment.cs(25,19): warning CS1591: Missing XML comment for publicly visible type or member 'PolicyAssignment.AssignedEntityType' [/Users/kady/Masterdom/src/Masterdom.Modules.PolicyFramework/Masterdom.Modules.PolicyFramework.csproj]
/Users/kady/Masterdom/src/Masterdom.Modules.PolicyFramework/Domain/Entities/PolicyFramework/PolicyAssignment.cs(27,19): warning CS1591: Missing XML comment for publicly visible type or member 'PolicyAssignment.AssignedEntityId' [/Users/kady/Masterdom/src/Masterdom.Modules.PolicyFramework/Masterdom.Modules.PolicyFramework.csproj]
/Users/kady/Masterdom/src/Masterdom.Modules.PolicyFramework/Domain/Entities/PolicyFramework/PolicyAssignment.cs(29,31): warning CS1591: Missing XML comment for publicly visible type or member 'PolicyAssignment.EffectiveDateRange' [/Users/kady/Masterdom/src/Masterdom.Modules.PolicyFramework/Masterdom.Modules.PolicyFramework.csproj]
/Users/kady/Masterdom/src/Masterdom.Modules.PolicyFramework/Domain/Entities/PolicyFramework/PolicyAssignment.cs(31,21): warning CS1591: Missing XML comment for publicly visible type or member 'PolicyAssignment.AssignedAtUtc' [/Users/kady/Masterdom/src/Masterdom.Modules.PolicyFramework/Masterdom.Modules.PolicyFramework.csproj]
/Users/kady/Masterdom/src/Masterdom.Modules.PolicyFramework/Domain/Entities/PolicyFramework/PolicyAssignment.cs(33,36): warning CS1591: Missing XML comment for publicly visible type or member 'PolicyAssignment.Create(Guid, PolicyScope, string, string, EffectiveDateRange, DateTime)' [/Users/kady/Masterdom/src/Masterdom.Modules.PolicyFramework/Masterdom.Modules.PolicyFramework.csproj]
/Users/kady/Masterdom/src/Masterdom.Modules.PolicyFramework/Domain/Entities/PolicyFramework/PolicyAssignment.cs(65,17): warning CS1591: Missing XML comment for publicly visible type or member 'PolicyAssignment.AppliesTo(PolicyScope, DateOnly)' [/Users/kady/Masterdom/src/Masterdom.Modules.PolicyFramework/Masterdom.Modules.PolicyFramework.csproj]
/Users/kady/Masterdom/src/Masterdom.Modules.PolicyFramework/Domain/Entities/PolicyFramework/PolicyCategory.cs(5,21): warning CS1591: Missing XML comment for publicly visible type or member 'PolicyCategory' [/Users/kady/Masterdom/src/Masterdom.Modules.PolicyFramework/Masterdom.Modules.PolicyFramework.csproj]
/Users/kady/Masterdom/src/Masterdom.Modules.PolicyFramework/Domain/Entities/PolicyFramework/PolicyCategory.cs(12,19): warning CS1591: Missing XML comment for publicly visible type or member 'PolicyCategory.Value' [/Users/kady/Masterdom/src/Masterdom.Modules.PolicyFramework/Masterdom.Modules.PolicyFramework.csproj]
/Users/kady/Masterdom/src/Masterdom.Modules.PolicyFramework/Domain/Entities/PolicyFramework/PolicyCategory.cs(14,34): warning CS1591: Missing XML comment for publicly visible type or member 'PolicyCategory.Create(string)' [/Users/kady/Masterdom/src/Masterdom.Modules.PolicyFramework/Masterdom.Modules.PolicyFramework.csproj]
/Users/kady/Masterdom/src/Masterdom.Modules.PolicyFramework/Domain/Entities/PolicyFramework/PolicyCategory.cs(20,45): warning CS1591: Missing XML comment for publicly visible type or member 'PolicyCategory.GetEqualityComponents()' [/Users/kady/Masterdom/src/Masterdom.Modules.PolicyFramework/Masterdom.Modules.PolicyFramework.csproj]
/Users/kady/Masterdom/src/Masterdom.Modules.PolicyFramework/Domain/Entities/PolicyFramework/PolicyCondition.cs(5,21): warning CS1591: Missing XML comment for publicly visible type or member 'PolicyCondition' [/Users/kady/Masterdom/src/Masterdom.Modules.PolicyFramework/Masterdom.Modules.PolicyFramework.csproj]
/Users/kady/Masterdom/src/Masterdom.Modules.PolicyFramework/Domain/Entities/PolicyFramework/PolicyCondition.cs(13,19): warning CS1591: Missing XML comment for publicly visible type or member 'PolicyCondition.SelectorKey' [/Users/kady/Masterdom/src/Masterdom.Modules.PolicyFramework/Masterdom.Modules.PolicyFramework.csproj]
/Users/kady/Masterdom/src/Masterdom.Modules.PolicyFramework/Domain/Entities/PolicyFramework/PolicyCondition.cs(15,19): warning CS1591: Missing XML comment for publicly visible type or member 'PolicyCondition.SelectorDefinition' [/Users/kady/Masterdom/src/Masterdom.Modules.PolicyFramework/Masterdom.Modules.PolicyFramework.csproj]
/Users/kady/Masterdom/src/Masterdom.Modules.PolicyFramework/Domain/Entities/PolicyFramework/PolicyCondition.cs(17,35): warning CS1591: Missing XML comment for publicly visible type or member 'PolicyCondition.Create(string, string)' [/Users/kady/Masterdom/src/Masterdom.Modules.PolicyFramework/Masterdom.Modules.PolicyFramework.csproj]
/Users/kady/Masterdom/src/Masterdom.Modules.PolicyFramework/Domain/Entities/PolicyFramework/PolicyCondition.cs(25,45): warning CS1591: Missing XML comment for publicly visible type or member 'PolicyCondition.GetEqualityComponents()' [/Users/kady/Masterdom/src/Masterdom.Modules.PolicyFramework/Masterdom.Modules.PolicyFramework.csproj]
/Users/kady/Masterdom/src/Masterdom.Modules.PolicyFramework/Domain/Entities/PolicyFramework/PolicyId.cs(5,22): warning CS1591: Missing XML comment for publicly visible type or member 'PolicyId' [/Users/kady/Masterdom/src/Masterdom.Modules.PolicyFramework/Masterdom.Modules.PolicyFramework.csproj]
/Users/kady/Masterdom/src/Masterdom.Modules.PolicyFramework/Domain/Entities/PolicyFramework/PolicyId.cs(5,22): warning CS1591: Missing XML comment for publicly visible type or member 'PolicyId.PolicyId(Guid)' [/Users/kady/Masterdom/src/Masterdom.Modules.PolicyFramework/Masterdom.Modules.PolicyFramework.csproj]
/Users/kady/Masterdom/src/Masterdom.Modules.PolicyFramework/Domain/Entities/PolicyFramework/PolicyId.cs(7,28): warning CS1591: Missing XML comment for publicly visible type or member 'PolicyId.New()' [/Users/kady/Masterdom/src/Masterdom.Modules.PolicyFramework/Masterdom.Modules.PolicyFramework.csproj]
/Users/kady/Masterdom/src/Masterdom.Modules.PolicyFramework/Domain/Entities/PolicyFramework/PolicyId.cs(12,28): warning CS1591: Missing XML comment for publicly visible type or member 'PolicyId.From(Guid)' [/Users/kady/Masterdom/src/Masterdom.Modules.PolicyFramework/Masterdom.Modules.PolicyFramework.csproj]
/Users/kady/Masterdom/src/Masterdom.Modules.PolicyFramework/Domain/Entities/PolicyFramework/PolicyMetadata.cs(5,21): warning CS1591: Missing XML comment for publicly visible type or member 'PolicyMetadata' [/Users/kady/Masterdom/src/Masterdom.Modules.PolicyFramework/Masterdom.Modules.PolicyFramework.csproj]
/Users/kady/Masterdom/src/Masterdom.Modules.PolicyFramework/Domain/Entities/PolicyFramework/PolicyMetadata.cs(14,48): warning CS1591: Missing XML comment for publicly visible type or member 'PolicyMetadata.Attributes' [/Users/kady/Masterdom/src/Masterdom.Modules.PolicyFramework/Masterdom.Modules.PolicyFramework.csproj]
/Users/kady/Masterdom/src/Masterdom.Modules.PolicyFramework/Domain/Entities/PolicyFramework/PolicyMetadata.cs(16,34): warning CS1591: Missing XML comment for publicly visible type or member 'PolicyMetadata.Create(IReadOnlyDictionary<string, string>)' [/Users/kady/Masterdom/src/Masterdom.Modules.PolicyFramework/Masterdom.Modules.PolicyFramework.csproj]
/Users/kady/Masterdom/src/Masterdom.Modules.PolicyFramework/Domain/Entities/PolicyFramework/PolicyMetadata.cs(35,34): warning CS1591: Missing XML comment for publicly visible type or member 'PolicyMetadata.Empty()' [/Users/kady/Masterdom/src/Masterdom.Modules.PolicyFramework/Masterdom.Modules.PolicyFramework.csproj]
/Users/kady/Masterdom/src/Masterdom.Modules.PolicyFramework/Domain/Entities/PolicyFramework/PolicyMetadata.cs(40,45): warning CS1591: Missing XML comment for publicly visible type or member 'PolicyMetadata.GetEqualityComponents()' [/Users/kady/Masterdom/src/Masterdom.Modules.PolicyFramework/Masterdom.Modules.PolicyFramework.csproj]
/Users/kady/Masterdom/src/Masterdom.Modules.PolicyFramework/Domain/Entities/PolicyFramework/PolicyReference.cs(5,21): warning CS1591: Missing XML comment for publicly visible type or member 'PolicyReference' [/Users/kady/Masterdom/src/Masterdom.Modules.PolicyFramework/Masterdom.Modules.PolicyFramework.csproj]
/Users/kady/Masterdom/src/Masterdom.Modules.PolicyFramework/Domain/Entities/PolicyFramework/PolicyReference.cs(13,19): warning CS1591: Missing XML comment for publicly visible type or member 'PolicyReference.PolicyCode' [/Users/kady/Masterdom/src/Masterdom.Modules.PolicyFramework/Masterdom.Modules.PolicyFramework.csproj]
/Users/kady/Masterdom/src/Masterdom.Modules.PolicyFramework/Domain/Entities/PolicyFramework/PolicyReference.cs(15,19): warning CS1591: Missing XML comment for publicly visible type or member 'PolicyReference.DisplayName' [/Users/kady/Masterdom/src/Masterdom.Modules.PolicyFramework/Masterdom.Modules.PolicyFramework.csproj]
/Users/kady/Masterdom/src/Masterdom.Modules.PolicyFramework/Domain/Entities/PolicyFramework/PolicyReference.cs(17,35): warning CS1591: Missing XML comment for publicly visible type or member 'PolicyReference.Create(string, string)' [/Users/kady/Masterdom/src/Masterdom.Modules.PolicyFramework/Masterdom.Modules.PolicyFramework.csproj]
/Users/kady/Masterdom/src/Masterdom.Modules.PolicyFramework/Domain/Entities/PolicyFramework/PolicyReference.cs(25,45): warning CS1591: Missing XML comment for publicly visible type or member 'PolicyReference.GetEqualityComponents()' [/Users/kady/Masterdom/src/Masterdom.Modules.PolicyFramework/Masterdom.Modules.PolicyFramework.csproj]
/Users/kady/Masterdom/src/Masterdom.Modules.PolicyFramework/Domain/Entities/PolicyFramework/PolicyScope.cs(5,21): warning CS1591: Missing XML comment for publicly visible type or member 'PolicyScope' [/Users/kady/Masterdom/src/Masterdom.Modules.PolicyFramework/Masterdom.Modules.PolicyFramework.csproj]
/Users/kady/Masterdom/src/Masterdom.Modules.PolicyFramework/Domain/Entities/PolicyFramework/PolicyScope.cs(13,28): warning CS1591: Missing XML comment for publicly visible type or member 'PolicyScope.Kind' [/Users/kady/Masterdom/src/Masterdom.Modules.PolicyFramework/Masterdom.Modules.PolicyFramework.csproj]
/Users/kady/Masterdom/src/Masterdom.Modules.PolicyFramework/Domain/Entities/PolicyFramework/PolicyScope.cs(15,19): warning CS1591: Missing XML comment for publicly visible type or member 'PolicyScope.ScopeKey' [/Users/kady/Masterdom/src/Masterdom.Modules.PolicyFramework/Masterdom.Modules.PolicyFramework.csproj]
/Users/kady/Masterdom/src/Masterdom.Modules.PolicyFramework/Domain/Entities/PolicyFramework/PolicyScope.cs(17,31): warning CS1591: Missing XML comment for publicly visible type or member 'PolicyScope.Create(PolicyScopeKind, string)' [/Users/kady/Masterdom/src/Masterdom.Modules.PolicyFramework/Masterdom.Modules.PolicyFramework.csproj]
/Users/kady/Masterdom/src/Masterdom.Modules.PolicyFramework/Domain/Entities/PolicyFramework/PolicyScope.cs(30,17): warning CS1591: Missing XML comment for publicly visible type or member 'PolicyScope.AppliesTo(PolicyScope)' [/Users/kady/Masterdom/src/Masterdom.Modules.PolicyFramework/Masterdom.Modules.PolicyFramework.csproj]
/Users/kady/Masterdom/src/Masterdom.Modules.PolicyFramework/Domain/Entities/PolicyFramework/PolicyScope.cs(43,45): warning CS1591: Missing XML comment for publicly visible type or member 'PolicyScope.GetEqualityComponents()' [/Users/kady/Masterdom/src/Masterdom.Modules.PolicyFramework/Masterdom.Modules.PolicyFramework.csproj]
/Users/kady/Masterdom/src/Masterdom.Modules.PolicyFramework/Domain/Entities/PolicyFramework/PolicyScopeKind.cs(5,21): warning CS1591: Missing XML comment for publicly visible type or member 'PolicyScopeKind' [/Users/kady/Masterdom/src/Masterdom.Modules.PolicyFramework/Masterdom.Modules.PolicyFramework.csproj]
/Users/kady/Masterdom/src/Masterdom.Modules.PolicyFramework/Domain/Entities/PolicyFramework/PolicyScopeKind.cs(7,44): warning CS1591: Missing XML comment for publicly visible type or member 'PolicyScopeKind.Global' [/Users/kady/Masterdom/src/Masterdom.Modules.PolicyFramework/Masterdom.Modules.PolicyFramework.csproj]
/Users/kady/Masterdom/src/Masterdom.Modules.PolicyFramework/Domain/Entities/PolicyFramework/PolicyScopeKind.cs(8,44): warning CS1591: Missing XML comment for publicly visible type or member 'PolicyScopeKind.Module' [/Users/kady/Masterdom/src/Masterdom.Modules.PolicyFramework/Masterdom.Modules.PolicyFramework.csproj]
/Users/kady/Masterdom/src/Masterdom.Modules.PolicyFramework/Domain/Entities/PolicyFramework/PolicyScopeKind.cs(9,44): warning CS1591: Missing XML comment for publicly visible type or member 'PolicyScopeKind.Tenant' [/Users/kady/Masterdom/src/Masterdom.Modules.PolicyFramework/Masterdom.Modules.PolicyFramework.csproj]
/Users/kady/Masterdom/src/Masterdom.Modules.PolicyFramework/Domain/Entities/PolicyFramework/PolicyScopeKind.cs(10,44): warning CS1591: Missing XML comment for publicly visible type or member 'PolicyScopeKind.Property' [/Users/kady/Masterdom/src/Masterdom.Modules.PolicyFramework/Masterdom.Modules.PolicyFramework.csproj]
/Users/kady/Masterdom/src/Masterdom.Modules.PolicyFramework/Domain/Entities/PolicyFramework/PolicyScopeKind.cs(17,19): warning CS1591: Missing XML comment for publicly visible type or member 'PolicyScopeKind.Value' [/Users/kady/Masterdom/src/Masterdom.Modules.PolicyFramework/Masterdom.Modules.PolicyFramework.csproj]
/Users/kady/Masterdom/src/Masterdom.Modules.PolicyFramework/Domain/Entities/PolicyFramework/PolicyScopeKind.cs(19,35): warning CS1591: Missing XML comment for publicly visible type or member 'PolicyScopeKind.Create(string)' [/Users/kady/Masterdom/src/Masterdom.Modules.PolicyFramework/Masterdom.Modules.PolicyFramework.csproj]
/Users/kady/Masterdom/src/Masterdom.Modules.PolicyFramework/Domain/Entities/PolicyFramework/PolicyScopeKind.cs(33,45): warning CS1591: Missing XML comment for publicly visible type or member 'PolicyScopeKind.GetEqualityComponents()' [/Users/kady/Masterdom/src/Masterdom.Modules.PolicyFramework/Masterdom.Modules.PolicyFramework.csproj]
/Users/kady/Masterdom/src/Masterdom.Modules.PolicyFramework/Domain/Entities/PolicyFramework/PolicySnapshot.cs(3,21): warning CS1591: Missing XML comment for publicly visible type or member 'PolicySnapshot' [/Users/kady/Masterdom/src/Masterdom.Modules.PolicyFramework/Masterdom.Modules.PolicyFramework.csproj]
/Users/kady/Masterdom/src/Masterdom.Modules.PolicyFramework/Domain/Entities/PolicyFramework/PolicySnapshot.cs(23,17): warning CS1591: Missing XML comment for publicly visible type or member 'PolicySnapshot.SnapshotId' [/Users/kady/Masterdom/src/Masterdom.Modules.PolicyFramework/Masterdom.Modules.PolicyFramework.csproj]
/Users/kady/Masterdom/src/Masterdom.Modules.PolicyFramework/Domain/Entities/PolicyFramework/PolicySnapshot.cs(25,16): warning CS1591: Missing XML comment for publicly visible type or member 'PolicySnapshot.VersionNumber' [/Users/kady/Masterdom/src/Masterdom.Modules.PolicyFramework/Masterdom.Modules.PolicyFramework.csproj]
/Users/kady/Masterdom/src/Masterdom.Modules.PolicyFramework/Domain/Entities/PolicyFramework/PolicySnapshot.cs(27,25): warning CS1591: Missing XML comment for publicly visible type or member 'PolicySnapshot.PolicyStatus' [/Users/kady/Masterdom/src/Masterdom.Modules.PolicyFramework/Masterdom.Modules.PolicyFramework.csproj]
/Users/kady/Masterdom/src/Masterdom.Modules.PolicyFramework/Domain/Entities/PolicyFramework/PolicySnapshot.cs(29,31): warning CS1591: Missing XML comment for publicly visible type or member 'PolicySnapshot.EffectiveDateRange' [/Users/kady/Masterdom/src/Masterdom.Modules.PolicyFramework/Masterdom.Modules.PolicyFramework.csproj]
/Users/kady/Masterdom/src/Masterdom.Modules.PolicyFramework/Domain/Entities/PolicyFramework/PolicySnapshot.cs(31,28): warning CS1591: Missing XML comment for publicly visible type or member 'PolicySnapshot.Condition' [/Users/kady/Masterdom/src/Masterdom.Modules.PolicyFramework/Masterdom.Modules.PolicyFramework.csproj]
/Users/kady/Masterdom/src/Masterdom.Modules.PolicyFramework/Domain/Entities/PolicyFramework/PolicySnapshot.cs(33,27): warning CS1591: Missing XML comment for publicly visible type or member 'PolicySnapshot.Metadata' [/Users/kady/Masterdom/src/Masterdom.Modules.PolicyFramework/Masterdom.Modules.PolicyFramework.csproj]
/Users/kady/Masterdom/src/Masterdom.Modules.PolicyFramework/Domain/Entities/PolicyFramework/PolicySnapshot.cs(35,21): warning CS1591: Missing XML comment for publicly visible type or member 'PolicySnapshot.CapturedAtUtc' [/Users/kady/Masterdom/src/Masterdom.Modules.PolicyFramework/Masterdom.Modules.PolicyFramework.csproj]
/Users/kady/Masterdom/src/Masterdom.Modules.PolicyFramework/Domain/Entities/PolicyFramework/PolicySnapshot.cs(37,34): warning CS1591: Missing XML comment for publicly visible type or member 'PolicySnapshot.Capture(PolicyVersion, DateTime)' [/Users/kady/Masterdom/src/Masterdom.Modules.PolicyFramework/Masterdom.Modules.PolicyFramework.csproj]
/Users/kady/Masterdom/src/Masterdom.Modules.PolicyFramework/Domain/Entities/PolicyFramework/PolicyStatus.cs(5,21): warning CS1591: Missing XML comment for publicly visible type or member 'PolicyStatus' [/Users/kady/Masterdom/src/Masterdom.Modules.PolicyFramework/Masterdom.Modules.PolicyFramework.csproj]
/Users/kady/Masterdom/src/Masterdom.Modules.PolicyFramework/Domain/Entities/PolicyFramework/PolicyStatus.cs(7,41): warning CS1591: Missing XML comment for publicly visible type or member 'PolicyStatus.Draft' [/Users/kady/Masterdom/src/Masterdom.Modules.PolicyFramework/Masterdom.Modules.PolicyFramework.csproj]
/Users/kady/Masterdom/src/Masterdom.Modules.PolicyFramework/Domain/Entities/PolicyFramework/PolicyStatus.cs(8,41): warning CS1591: Missing XML comment for publicly visible type or member 'PolicyStatus.Active' [/Users/kady/Masterdom/src/Masterdom.Modules.PolicyFramework/Masterdom.Modules.PolicyFramework.csproj]
/Users/kady/Masterdom/src/Masterdom.Modules.PolicyFramework/Domain/Entities/PolicyFramework/PolicyStatus.cs(9,41): warning CS1591: Missing XML comment for publicly visible type or member 'PolicyStatus.Expired' [/Users/kady/Masterdom/src/Masterdom.Modules.PolicyFramework/Masterdom.Modules.PolicyFramework.csproj]
/Users/kady/Masterdom/src/Masterdom.Modules.PolicyFramework/Domain/Entities/PolicyFramework/PolicyStatus.cs(10,41): warning CS1591: Missing XML comment for publicly visible type or member 'PolicyStatus.Archived' [/Users/kady/Masterdom/src/Masterdom.Modules.PolicyFramework/Masterdom.Modules.PolicyFramework.csproj]
/Users/kady/Masterdom/src/Masterdom.Modules.PolicyFramework/Domain/Entities/PolicyFramework/PolicyStatus.cs(17,19): warning CS1591: Missing XML comment for publicly visible type or member 'PolicyStatus.Value' [/Users/kady/Masterdom/src/Masterdom.Modules.PolicyFramework/Masterdom.Modules.PolicyFramework.csproj]
/Users/kady/Masterdom/src/Masterdom.Modules.PolicyFramework/Domain/Entities/PolicyFramework/PolicyStatus.cs(19,32): warning CS1591: Missing XML comment for publicly visible type or member 'PolicyStatus.Create(string)' [/Users/kady/Masterdom/src/Masterdom.Modules.PolicyFramework/Masterdom.Modules.PolicyFramework.csproj]
/Users/kady/Masterdom/src/Masterdom.Modules.PolicyFramework/Domain/Entities/PolicyFramework/PolicyStatus.cs(33,45): warning CS1591: Missing XML comment for publicly visible type or member 'PolicyStatus.GetEqualityComponents()' [/Users/kady/Masterdom/src/Masterdom.Modules.PolicyFramework/Masterdom.Modules.PolicyFramework.csproj]
/Users/kady/Masterdom/src/Masterdom.Modules.PolicyFramework/Domain/Entities/PolicyFramework/PolicyType.cs(5,21): warning CS1591: Missing XML comment for publicly visible type or member 'PolicyType' [/Users/kady/Masterdom/src/Masterdom.Modules.PolicyFramework/Masterdom.Modules.PolicyFramework.csproj]
/Users/kady/Masterdom/src/Masterdom.Modules.PolicyFramework/Domain/Entities/PolicyFramework/PolicyType.cs(12,19): warning CS1591: Missing XML comment for publicly visible type or member 'PolicyType.Value' [/Users/kady/Masterdom/src/Masterdom.Modules.PolicyFramework/Masterdom.Modules.PolicyFramework.csproj]
/Users/kady/Masterdom/src/Masterdom.Modules.PolicyFramework/Domain/Entities/PolicyFramework/PolicyType.cs(14,30): warning CS1591: Missing XML comment for publicly visible type or member 'PolicyType.Create(string)' [/Users/kady/Masterdom/src/Masterdom.Modules.PolicyFramework/Masterdom.Modules.PolicyFramework.csproj]
/Users/kady/Masterdom/src/Masterdom.Modules.PolicyFramework/Domain/Entities/PolicyFramework/PolicyType.cs(20,45): warning CS1591: Missing XML comment for publicly visible type or member 'PolicyType.GetEqualityComponents()' [/Users/kady/Masterdom/src/Masterdom.Modules.PolicyFramework/Masterdom.Modules.PolicyFramework.csproj]
/Users/kady/Masterdom/src/Masterdom.Modules.PolicyFramework/Domain/Entities/PolicyFramework/PolicyVersion.cs(3,21): warning CS1591: Missing XML comment for publicly visible type or member 'PolicyVersion' [/Users/kady/Masterdom/src/Masterdom.Modules.PolicyFramework/Masterdom.Modules.PolicyFramework.csproj]
/Users/kady/Masterdom/src/Masterdom.Modules.PolicyFramework/Domain/Entities/PolicyFramework/PolicyVersion.cs(25,16): warning CS1591: Missing XML comment for publicly visible type or member 'PolicyVersion.VersionNumber' [/Users/kady/Masterdom/src/Masterdom.Modules.PolicyFramework/Masterdom.Modules.PolicyFramework.csproj]
/Users/kady/Masterdom/src/Masterdom.Modules.PolicyFramework/Domain/Entities/PolicyFramework/PolicyVersion.cs(27,31): warning CS1591: Missing XML comment for publicly visible type or member 'PolicyVersion.EffectiveDateRange' [/Users/kady/Masterdom/src/Masterdom.Modules.PolicyFramework/Masterdom.Modules.PolicyFramework.csproj]
/Users/kady/Masterdom/src/Masterdom.Modules.PolicyFramework/Domain/Entities/PolicyFramework/PolicyVersion.cs(29,28): warning CS1591: Missing XML comment for publicly visible type or member 'PolicyVersion.Condition' [/Users/kady/Masterdom/src/Masterdom.Modules.PolicyFramework/Masterdom.Modules.PolicyFramework.csproj]
/Users/kady/Masterdom/src/Masterdom.Modules.PolicyFramework/Domain/Entities/PolicyFramework/PolicyVersion.cs(31,27): warning CS1591: Missing XML comment for publicly visible type or member 'PolicyVersion.Metadata' [/Users/kady/Masterdom/src/Masterdom.Modules.PolicyFramework/Masterdom.Modules.PolicyFramework.csproj]
/Users/kady/Masterdom/src/Masterdom.Modules.PolicyFramework/Domain/Entities/PolicyFramework/PolicyVersion.cs(33,25): warning CS1591: Missing XML comment for publicly visible type or member 'PolicyVersion.Status' [/Users/kady/Masterdom/src/Masterdom.Modules.PolicyFramework/Masterdom.Modules.PolicyFramework.csproj]
/Users/kady/Masterdom/src/Masterdom.Modules.PolicyFramework/Domain/Entities/PolicyFramework/PolicyVersion.cs(35,21): warning CS1591: Missing XML comment for publicly visible type or member 'PolicyVersion.CreatedAtUtc' [/Users/kady/Masterdom/src/Masterdom.Modules.PolicyFramework/Masterdom.Modules.PolicyFramework.csproj]
/Users/kady/Masterdom/src/Masterdom.Modules.PolicyFramework/Domain/Entities/PolicyFramework/PolicyVersion.cs(37,22): warning CS1591: Missing XML comment for publicly visible type or member 'PolicyVersion.ActivatedAtUtc' [/Users/kady/Masterdom/src/Masterdom.Modules.PolicyFramework/Masterdom.Modules.PolicyFramework.csproj]
/Users/kady/Masterdom/src/Masterdom.Modules.PolicyFramework/Domain/Entities/PolicyFramework/PolicyVersion.cs(39,22): warning CS1591: Missing XML comment for publicly visible type or member 'PolicyVersion.ExpiredAtUtc' [/Users/kady/Masterdom/src/Masterdom.Modules.PolicyFramework/Masterdom.Modules.PolicyFramework.csproj]
/Users/kady/Masterdom/src/Masterdom.Modules.PolicyFramework/Domain/Entities/PolicyFramework/PolicyVersion.cs(41,33): warning CS1591: Missing XML comment for publicly visible type or member 'PolicyVersion.Create(int, EffectiveDateRange, PolicyCondition, PolicyMetadata, DateTime)' [/Users/kady/Masterdom/src/Masterdom.Modules.PolicyFramework/Masterdom.Modules.PolicyFramework.csproj]
/Users/kady/Masterdom/src/Masterdom.Modules.PolicyFramework/Domain/Entities/PolicyFramework/PolicyVersion.cs(73,26): warning CS1591: Missing XML comment for publicly visible type or member 'PolicyVersion.Activate(DateTime)' [/Users/kady/Masterdom/src/Masterdom.Modules.PolicyFramework/Masterdom.Modules.PolicyFramework.csproj]
/Users/kady/Masterdom/src/Masterdom.Modules.PolicyFramework/Domain/Entities/PolicyFramework/PolicyVersion.cs(96,26): warning CS1591: Missing XML comment for publicly visible type or member 'PolicyVersion.Expire(DateTime)' [/Users/kady/Masterdom/src/Masterdom.Modules.PolicyFramework/Masterdom.Modules.PolicyFramework.csproj]
/Users/kady/Masterdom/src/Masterdom.Modules.PolicyFramework/Domain/Entities/PolicyFramework/PolicyVersion.cs(114,26): warning CS1591: Missing XML comment for publicly visible type or member 'PolicyVersion.Archive(DateTime)' [/Users/kady/Masterdom/src/Masterdom.Modules.PolicyFramework/Masterdom.Modules.PolicyFramework.csproj]
/Users/kady/Masterdom/src/Masterdom.Modules.PolicyFramework/Domain/Repositories/IPolicyRepository.cs(5,18): warning CS1591: Missing XML comment for publicly visible type or member 'IPolicyRepository' [/Users/kady/Masterdom/src/Masterdom.Modules.PolicyFramework/Masterdom.Modules.PolicyFramework.csproj]
/Users/kady/Masterdom/src/Masterdom.Modules.PolicyFramework/Domain/Repositories/IPolicyRepository.cs(7,10): warning CS1591: Missing XML comment for publicly visible type or member 'IPolicyRepository.Add(Policy)' [/Users/kady/Masterdom/src/Masterdom.Modules.PolicyFramework/Masterdom.Modules.PolicyFramework.csproj]
/Users/kady/Masterdom/src/Masterdom.Modules.PolicyFramework/Domain/Repositories/IPolicyRepository.cs(9,10): warning CS1591: Missing XML comment for publicly visible type or member 'IPolicyRepository.Update(Policy)' [/Users/kady/Masterdom/src/Masterdom.Modules.PolicyFramework/Masterdom.Modules.PolicyFramework.csproj]
/Users/kady/Masterdom/src/Masterdom.Modules.PolicyFramework/Domain/Repositories/IPolicyRepository.cs(11,13): warning CS1591: Missing XML comment for publicly visible type or member 'IPolicyRepository.GetById(PolicyId)' [/Users/kady/Masterdom/src/Masterdom.Modules.PolicyFramework/Masterdom.Modules.PolicyFramework.csproj]
/Users/kady/Masterdom/src/Masterdom.Modules.PolicyFramework/Domain/Repositories/IPolicyRepository.cs(13,13): warning CS1591: Missing XML comment for publicly visible type or member 'IPolicyRepository.GetApplicable(PolicyType, PolicyScope, DateOnly, string?)' [/Users/kady/Masterdom/src/Masterdom.Modules.PolicyFramework/Masterdom.Modules.PolicyFramework.csproj]
/Users/kady/Masterdom/src/Masterdom.Modules.Maintenance/Application/Support/ExecutionResult.cs(48,38): warning CS0108: 'ExecutionResult<T>.Failure(string, string)' hides inherited member 'ExecutionResult.Failure(string, string)'. Use the new keyword if hiding was intended. [/Users/kady/Masterdom/src/Masterdom.Modules.Maintenance/Masterdom.Modules.Maintenance.csproj]
/Users/kady/Masterdom/src/Masterdom.Modules.Maintenance/Application/Commands/AssignMaintenanceTicketCommand.cs(5,22): warning CS1591: Missing XML comment for publicly visible type or member 'AssignMaintenanceTicketCommand' [/Users/kady/Masterdom/src/Masterdom.Modules.Maintenance/Masterdom.Modules.Maintenance.csproj]
/Users/kady/Masterdom/src/Masterdom.Modules.Maintenance/Application/Commands/AssignMaintenanceTicketCommand.cs(5,22): warning CS1591: Missing XML comment for publicly visible type or member 'AssignMaintenanceTicketCommand.AssignMaintenanceTicketCommand(MaintenanceTicketId, Guid, DateTime)' [/Users/kady/Masterdom/src/Masterdom.Modules.Maintenance/Masterdom.Modules.Maintenance.csproj]
/Users/kady/Masterdom/src/Masterdom.Modules.Maintenance/Application/Commands/AssignMaintenanceTicketCommand.cs(6,25): warning CS1591: Missing XML comment for publicly visible type or member 'AssignMaintenanceTicketCommand.MaintenanceTicketId' [/Users/kady/Masterdom/src/Masterdom.Modules.Maintenance/Masterdom.Modules.Maintenance.csproj]
/Users/kady/Masterdom/src/Masterdom.Modules.Maintenance/Application/Commands/AssignMaintenanceTicketCommand.cs(7,10): warning CS1591: Missing XML comment for publicly visible type or member 'AssignMaintenanceTicketCommand.AssignedToPersonId' [/Users/kady/Masterdom/src/Masterdom.Modules.Maintenance/Masterdom.Modules.Maintenance.csproj]
/Users/kady/Masterdom/src/Masterdom.Modules.Maintenance/Application/Commands/AssignMaintenanceTicketCommand.cs(8,14): warning CS1591: Missing XML comment for publicly visible type or member 'AssignMaintenanceTicketCommand.AssignedAtUtc' [/Users/kady/Masterdom/src/Masterdom.Modules.Maintenance/Masterdom.Modules.Maintenance.csproj]
/Users/kady/Masterdom/src/Masterdom.Modules.Maintenance/Application/Commands/CloseMaintenanceTicketCommand.cs(5,22): warning CS1591: Missing XML comment for publicly visible type or member 'CloseMaintenanceTicketCommand' [/Users/kady/Masterdom/src/Masterdom.Modules.Maintenance/Masterdom.Modules.Maintenance.csproj]
/Users/kady/Masterdom/src/Masterdom.Modules.Maintenance/Application/Commands/CloseMaintenanceTicketCommand.cs(5,22): warning CS1591: Missing XML comment for publicly visible type or member 'CloseMaintenanceTicketCommand.CloseMaintenanceTicketCommand(MaintenanceTicketId, DateTime)' [/Users/kady/Masterdom/src/Masterdom.Modules.Maintenance/Masterdom.Modules.Maintenance.csproj]
/Users/kady/Masterdom/src/Masterdom.Modules.Maintenance/Application/Commands/CloseMaintenanceTicketCommand.cs(6,25): warning CS1591: Missing XML comment for publicly visible type or member 'CloseMaintenanceTicketCommand.MaintenanceTicketId' [/Users/kady/Masterdom/src/Masterdom.Modules.Maintenance/Masterdom.Modules.Maintenance.csproj]
/Users/kady/Masterdom/src/Masterdom.Modules.Maintenance/Application/Commands/CloseMaintenanceTicketCommand.cs(7,14): warning CS1591: Missing XML comment for publicly visible type or member 'CloseMaintenanceTicketCommand.ClosedAtUtc' [/Users/kady/Masterdom/src/Masterdom.Modules.Maintenance/Masterdom.Modules.Maintenance.csproj]
/Users/kady/Masterdom/src/Masterdom.Modules.Maintenance/Application/Commands/CreateMaintenanceTicketCommand.cs(3,22): warning CS1591: Missing XML comment for publicly visible type or member 'CreateMaintenanceTicketCommand' [/Users/kady/Masterdom/src/Masterdom.Modules.Maintenance/Masterdom.Modules.Maintenance.csproj]
/Users/kady/Masterdom/src/Masterdom.Modules.Maintenance/Application/Commands/CreateMaintenanceTicketCommand.cs(3,22): warning CS1591: Missing XML comment for publicly visible type or member 'CreateMaintenanceTicketCommand.CreateMaintenanceTicketCommand(Guid, Guid, string, string, DateTime)' [/Users/kady/Masterdom/src/Masterdom.Modules.Maintenance/Masterdom.Modules.Maintenance.csproj]
/Users/kady/Masterdom/src/Masterdom.Modules.Maintenance/Application/Commands/CreateMaintenanceTicketCommand.cs(4,10): warning CS1591: Missing XML comment for publicly visible type or member 'CreateMaintenanceTicketCommand.PropertyId' [/Users/kady/Masterdom/src/Masterdom.Modules.Maintenance/Masterdom.Modules.Maintenance.csproj]
/Users/kady/Masterdom/src/Masterdom.Modules.Maintenance/Application/Commands/CreateMaintenanceTicketCommand.cs(5,10): warning CS1591: Missing XML comment for publicly visible type or member 'CreateMaintenanceTicketCommand.UnitId' [/Users/kady/Masterdom/src/Masterdom.Modules.Maintenance/Masterdom.Modules.Maintenance.csproj]
/Users/kady/Masterdom/src/Masterdom.Modules.Maintenance/Application/Commands/CreateMaintenanceTicketCommand.cs(6,12): warning CS1591: Missing XML comment for publicly visible type or member 'CreateMaintenanceTicketCommand.Title' [/Users/kady/Masterdom/src/Masterdom.Modules.Maintenance/Masterdom.Modules.Maintenance.csproj]
/Users/kady/Masterdom/src/Masterdom.Modules.Maintenance/Application/Commands/CreateMaintenanceTicketCommand.cs(7,12): warning CS1591: Missing XML comment for publicly visible type or member 'CreateMaintenanceTicketCommand.Description' [/Users/kady/Masterdom/src/Masterdom.Modules.Maintenance/Masterdom.Modules.Maintenance.csproj]
/Users/kady/Masterdom/src/Masterdom.Modules.Maintenance/Application/Commands/CreateMaintenanceTicketCommand.cs(8,14): warning CS1591: Missing XML comment for publicly visible type or member 'CreateMaintenanceTicketCommand.CreatedAtUtc' [/Users/kady/Masterdom/src/Masterdom.Modules.Maintenance/Masterdom.Modules.Maintenance.csproj]
/Users/kady/Masterdom/src/Masterdom.Modules.Maintenance/Application/Handlers/Commands/AssignMaintenanceTicketCommandHandler.cs(8,21): warning CS1591: Missing XML comment for publicly visible type or member 'AssignMaintenanceTicketCommandHandler' [/Users/kady/Masterdom/src/Masterdom.Modules.Maintenance/Masterdom.Modules.Maintenance.csproj]
/Users/kady/Masterdom/src/Masterdom.Modules.Maintenance/Application/Handlers/Commands/AssignMaintenanceTicketCommandHandler.cs(12,12): warning CS1591: Missing XML comment for publicly visible type or member 'AssignMaintenanceTicketCommandHandler.AssignMaintenanceTicketCommandHandler(IMaintenanceApplicationService)' [/Users/kady/Masterdom/src/Masterdom.Modules.Maintenance/Masterdom.Modules.Maintenance.csproj]
/Users/kady/Masterdom/src/Masterdom.Modules.Maintenance/Application/Handlers/Commands/AssignMaintenanceTicketCommandHandler.cs(17,56): warning CS1591: Missing XML comment for publicly visible type or member 'AssignMaintenanceTicketCommandHandler.Handle(AssignMaintenanceTicketCommand)' [/Users/kady/Masterdom/src/Masterdom.Modules.Maintenance/Masterdom.Modules.Maintenance.csproj]
/Users/kady/Masterdom/src/Masterdom.Modules.Maintenance/Application/Handlers/Commands/CloseMaintenanceTicketCommandHandler.cs(8,21): warning CS1591: Missing XML comment for publicly visible type or member 'CloseMaintenanceTicketCommandHandler' [/Users/kady/Masterdom/src/Masterdom.Modules.Maintenance/Masterdom.Modules.Maintenance.csproj]
/Users/kady/Masterdom/src/Masterdom.Modules.Maintenance/Application/Handlers/Commands/CloseMaintenanceTicketCommandHandler.cs(12,12): warning CS1591: Missing XML comment for publicly visible type or member 'CloseMaintenanceTicketCommandHandler.CloseMaintenanceTicketCommandHandler(IMaintenanceApplicationService)' [/Users/kady/Masterdom/src/Masterdom.Modules.Maintenance/Masterdom.Modules.Maintenance.csproj]
/Users/kady/Masterdom/src/Masterdom.Modules.Maintenance/Application/Handlers/Commands/CloseMaintenanceTicketCommandHandler.cs(17,56): warning CS1591: Missing XML comment for publicly visible type or member 'CloseMaintenanceTicketCommandHandler.Handle(CloseMaintenanceTicketCommand)' [/Users/kady/Masterdom/src/Masterdom.Modules.Maintenance/Masterdom.Modules.Maintenance.csproj]
/Users/kady/Masterdom/src/Masterdom.Modules.Maintenance/Application/Handlers/Commands/CreateMaintenanceTicketCommandHandler.cs(8,21): warning CS1591: Missing XML comment for publicly visible type or member 'CreateMaintenanceTicketCommandHandler' [/Users/kady/Masterdom/src/Masterdom.Modules.Maintenance/Masterdom.Modules.Maintenance.csproj]
/Users/kady/Masterdom/src/Masterdom.Modules.Maintenance/Application/Handlers/Commands/CreateMaintenanceTicketCommandHandler.cs(12,12): warning CS1591: Missing XML comment for publicly visible type or member 'CreateMaintenanceTicketCommandHandler.CreateMaintenanceTicketCommandHandler(IMaintenanceApplicationService)' [/Users/kady/Masterdom/src/Masterdom.Modules.Maintenance/Masterdom.Modules.Maintenance.csproj]
/Users/kady/Masterdom/src/Masterdom.Modules.Maintenance/Application/Handlers/Commands/CreateMaintenanceTicketCommandHandler.cs(17,56): warning CS1591: Missing XML comment for publicly visible type or member 'CreateMaintenanceTicketCommandHandler.Handle(CreateMaintenanceTicketCommand)' [/Users/kady/Masterdom/src/Masterdom.Modules.Maintenance/Masterdom.Modules.Maintenance.csproj]
/Users/kady/Masterdom/src/Masterdom.Modules.Maintenance/Application/Handlers/Queries/GetMaintenanceTicketByIdQueryHandler.cs(8,21): warning CS1591: Missing XML comment for publicly visible type or member 'GetMaintenanceTicketByIdQueryHandler' [/Users/kady/Masterdom/src/Masterdom.Modules.Maintenance/Masterdom.Modules.Maintenance.csproj]
/Users/kady/Masterdom/src/Masterdom.Modules.Maintenance/Application/Handlers/Queries/GetMaintenanceTicketByIdQueryHandler.cs(12,12): warning CS1591: Missing XML comment for publicly visible type or member 'GetMaintenanceTicketByIdQueryHandler.GetMaintenanceTicketByIdQueryHandler(IMaintenanceApplicationService)' [/Users/kady/Masterdom/src/Masterdom.Modules.Maintenance/Masterdom.Modules.Maintenance.csproj]
/Users/kady/Masterdom/src/Masterdom.Modules.Maintenance/Application/Handlers/Queries/GetMaintenanceTicketByIdQueryHandler.cs(17,56): warning CS1591: Missing XML comment for publicly visible type or member 'GetMaintenanceTicketByIdQueryHandler.Handle(GetMaintenanceTicketByIdQuery)' [/Users/kady/Masterdom/src/Masterdom.Modules.Maintenance/Masterdom.Modules.Maintenance.csproj]
/Users/kady/Masterdom/src/Masterdom.Modules.Maintenance/Application/Queries/GetMaintenanceTicketByIdQuery.cs(5,22): warning CS1591: Missing XML comment for publicly visible type or member 'GetMaintenanceTicketByIdQuery' [/Users/kady/Masterdom/src/Masterdom.Modules.Maintenance/Masterdom.Modules.Maintenance.csproj]
/Users/kady/Masterdom/src/Masterdom.Modules.Maintenance/Application/Queries/GetMaintenanceTicketByIdQuery.cs(5,22): warning CS1591: Missing XML comment for publicly visible type or member 'GetMaintenanceTicketByIdQuery.GetMaintenanceTicketByIdQuery(MaintenanceTicketId)' [/Users/kady/Masterdom/src/Masterdom.Modules.Maintenance/Masterdom.Modules.Maintenance.csproj]
/Users/kady/Masterdom/src/Masterdom.Modules.Maintenance/Application/Queries/GetMaintenanceTicketByIdQuery.cs(5,72): warning CS1591: Missing XML comment for publicly visible type or member 'GetMaintenanceTicketByIdQuery.MaintenanceTicketId' [/Users/kady/Masterdom/src/Masterdom.Modules.Maintenance/Masterdom.Modules.Maintenance.csproj]
/Users/kady/Masterdom/src/Masterdom.Modules.Maintenance/Application/Services/IMaintenanceApplicationService.cs(7,18): warning CS1591: Missing XML comment for publicly visible type or member 'IMaintenanceApplicationService' [/Users/kady/Masterdom/src/Masterdom.Modules.Maintenance/Masterdom.Modules.Maintenance.csproj]
/Users/kady/Masterdom/src/Masterdom.Modules.Maintenance/Application/Services/IMaintenanceApplicationService.cs(9,32): warning CS1591: Missing XML comment for publicly visible type or member 'IMaintenanceApplicationService.CreateMaintenanceTicket(CreateMaintenanceTicketCommand)' [/Users/kady/Masterdom/src/Masterdom.Modules.Maintenance/Masterdom.Modules.Maintenance.csproj]
/Users/kady/Masterdom/src/Masterdom.Modules.Maintenance/Application/Services/IMaintenanceApplicationService.cs(11,32): warning CS1591: Missing XML comment for publicly visible type or member 'IMaintenanceApplicationService.AssignMaintenanceTicket(AssignMaintenanceTicketCommand)' [/Users/kady/Masterdom/src/Masterdom.Modules.Maintenance/Masterdom.Modules.Maintenance.csproj]
/Users/kady/Masterdom/src/Masterdom.Modules.Maintenance/Application/Services/IMaintenanceApplicationService.cs(13,32): warning CS1591: Missing XML comment for publicly visible type or member 'IMaintenanceApplicationService.CloseMaintenanceTicket(CloseMaintenanceTicketCommand)' [/Users/kady/Masterdom/src/Masterdom.Modules.Maintenance/Masterdom.Modules.Maintenance.csproj]
/Users/kady/Masterdom/src/Masterdom.Modules.Maintenance/Application/Services/IMaintenanceApplicationService.cs(15,33): warning CS1591: Missing XML comment for publicly visible type or member 'IMaintenanceApplicationService.GetMaintenanceTicketById(GetMaintenanceTicketByIdQuery)' [/Users/kady/Masterdom/src/Masterdom.Modules.Maintenance/Masterdom.Modules.Maintenance.csproj]
/Users/kady/Masterdom/src/Masterdom.Modules.Maintenance/Application/Services/MaintenanceApplicationService.cs(10,21): warning CS1591: Missing XML comment for publicly visible type or member 'MaintenanceApplicationService' [/Users/kady/Masterdom/src/Masterdom.Modules.Maintenance/Masterdom.Modules.Maintenance.csproj]
/Users/kady/Masterdom/src/Masterdom.Modules.Maintenance/Application/Services/MaintenanceApplicationService.cs(16,12): warning CS1591: Missing XML comment for publicly visible type or member 'MaintenanceApplicationService.MaintenanceApplicationService(IMaintenanceTicketRepository, IMaintenanceUnitOfWork, IMaintenancePlatformOrchestrator)' [/Users/kady/Masterdom/src/Masterdom.Modules.Maintenance/Masterdom.Modules.Maintenance.csproj]
/Users/kady/Masterdom/src/Masterdom.Modules.Maintenance/Application/Services/MaintenanceApplicationService.cs(26,39): warning CS1591: Missing XML comment for publicly visible type or member 'MaintenanceApplicationService.CreateMaintenanceTicket(CreateMaintenanceTicketCommand)' [/Users/kady/Masterdom/src/Masterdom.Modules.Maintenance/Masterdom.Modules.Maintenance.csproj]
/Users/kady/Masterdom/src/Masterdom.Modules.Maintenance/Application/Services/MaintenanceApplicationService.cs(47,39): warning CS1591: Missing XML comment for publicly visible type or member 'MaintenanceApplicationService.AssignMaintenanceTicket(AssignMaintenanceTicketCommand)' [/Users/kady/Masterdom/src/Masterdom.Modules.Maintenance/Masterdom.Modules.Maintenance.csproj]
/Users/kady/Masterdom/src/Masterdom.Modules.Maintenance/Application/Services/MaintenanceApplicationService.cs(68,39): warning CS1591: Missing XML comment for publicly visible type or member 'MaintenanceApplicationService.CloseMaintenanceTicket(CloseMaintenanceTicketCommand)' [/Users/kady/Masterdom/src/Masterdom.Modules.Maintenance/Masterdom.Modules.Maintenance.csproj]
/Users/kady/Masterdom/src/Masterdom.Modules.Maintenance/Application/Services/MaintenanceApplicationService.cs(89,40): warning CS1591: Missing XML comment for publicly visible type or member 'MaintenanceApplicationService.GetMaintenanceTicketById(GetMaintenanceTicketByIdQuery)' [/Users/kady/Masterdom/src/Masterdom.Modules.Maintenance/Masterdom.Modules.Maintenance.csproj]
/Users/kady/Masterdom/src/Masterdom.Modules.Maintenance/Application/Support/ExecutionResult.cs(3,14): warning CS1591: Missing XML comment for publicly visible type or member 'ExecutionResult' [/Users/kady/Masterdom/src/Masterdom.Modules.Maintenance/Masterdom.Modules.Maintenance.csproj]
/Users/kady/Masterdom/src/Masterdom.Modules.Maintenance/Application/Support/ExecutionResult.cs(5,15): warning CS1591: Missing XML comment for publicly visible type or member 'ExecutionResult.ExecutionResult(bool, string?, string?)' [/Users/kady/Masterdom/src/Masterdom.Modules.Maintenance/Masterdom.Modules.Maintenance.csproj]
/Users/kady/Masterdom/src/Masterdom.Modules.Maintenance/Application/Support/ExecutionResult.cs(12,17): warning CS1591: Missing XML comment for publicly visible type or member 'ExecutionResult.IsSuccess' [/Users/kady/Masterdom/src/Masterdom.Modules.Maintenance/Masterdom.Modules.Maintenance.csproj]
/Users/kady/Masterdom/src/Masterdom.Modules.Maintenance/Application/Support/ExecutionResult.cs(14,20): warning CS1591: Missing XML comment for publicly visible type or member 'ExecutionResult.ErrorCode' [/Users/kady/Masterdom/src/Masterdom.Modules.Maintenance/Masterdom.Modules.Maintenance.csproj]
/Users/kady/Masterdom/src/Masterdom.Modules.Maintenance/Application/Support/ExecutionResult.cs(16,20): warning CS1591: Missing XML comment for publicly visible type or member 'ExecutionResult.ErrorMessage' [/Users/kady/Masterdom/src/Masterdom.Modules.Maintenance/Masterdom.Modules.Maintenance.csproj]
/Users/kady/Masterdom/src/Masterdom.Modules.Maintenance/Application/Support/ExecutionResult.cs(18,35): warning CS1591: Missing XML comment for publicly visible type or member 'ExecutionResult.Success()' [/Users/kady/Masterdom/src/Masterdom.Modules.Maintenance/Masterdom.Modules.Maintenance.csproj]
/Users/kady/Masterdom/src/Masterdom.Modules.Maintenance/Application/Support/ExecutionResult.cs(23,35): warning CS1591: Missing XML comment for publicly visible type or member 'ExecutionResult.Failure(string, string)' [/Users/kady/Masterdom/src/Masterdom.Modules.Maintenance/Masterdom.Modules.Maintenance.csproj]
/Users/kady/Masterdom/src/Masterdom.Modules.Maintenance/Application/Support/ExecutionResult.cs(32,21): warning CS1591: Missing XML comment for publicly visible type or member 'ExecutionResult<T>' [/Users/kady/Masterdom/src/Masterdom.Modules.Maintenance/Masterdom.Modules.Maintenance.csproj]
/Users/kady/Masterdom/src/Masterdom.Modules.Maintenance/Application/Support/ExecutionResult.cs(40,15): warning CS1591: Missing XML comment for publicly visible type or member 'ExecutionResult<T>.Value' [/Users/kady/Masterdom/src/Masterdom.Modules.Maintenance/Masterdom.Modules.Maintenance.csproj]
/Users/kady/Masterdom/src/Masterdom.Modules.Maintenance/Application/Support/ExecutionResult.cs(42,38): warning CS1591: Missing XML comment for publicly visible type or member 'ExecutionResult<T>.Success(T)' [/Users/kady/Masterdom/src/Masterdom.Modules.Maintenance/Masterdom.Modules.Maintenance.csproj]
/Users/kady/Masterdom/src/Masterdom.Modules.Maintenance/Application/Support/ExecutionResult.cs(48,38): warning CS1591: Missing XML comment for publicly visible type or member 'ExecutionResult<T>.Failure(string, string)' [/Users/kady/Masterdom/src/Masterdom.Modules.Maintenance/Masterdom.Modules.Maintenance.csproj]
/Users/kady/Masterdom/src/Masterdom.Modules.Maintenance/Application/Support/ICommandHandler.cs(3,18): warning CS1591: Missing XML comment for publicly visible type or member 'ICommandHandler<TCommand, TResult>' [/Users/kady/Masterdom/src/Masterdom.Modules.Maintenance/Masterdom.Modules.Maintenance.csproj]
/Users/kady/Masterdom/src/Masterdom.Modules.Maintenance/Application/Support/ICommandHandler.cs(5,13): warning CS1591: Missing XML comment for publicly visible type or member 'ICommandHandler<TCommand, TResult>.Handle(TCommand)' [/Users/kady/Masterdom/src/Masterdom.Modules.Maintenance/Masterdom.Modules.Maintenance.csproj]
/Users/kady/Masterdom/src/Masterdom.Modules.Maintenance/Application/Support/IMaintenancePlatformOrchestrator.cs(5,18): warning CS1591: Missing XML comment for publicly visible type or member 'IMaintenancePlatformOrchestrator' [/Users/kady/Masterdom/src/Masterdom.Modules.Maintenance/Masterdom.Modules.Maintenance.csproj]
/Users/kady/Masterdom/src/Masterdom.Modules.Maintenance/Application/Support/IMaintenancePlatformOrchestrator.cs(7,10): warning CS1591: Missing XML comment for publicly visible type or member 'IMaintenancePlatformOrchestrator.OnMaintenanceTicketMutated(MaintenanceTicket, string)' [/Users/kady/Masterdom/src/Masterdom.Modules.Maintenance/Masterdom.Modules.Maintenance.csproj]
/Users/kady/Masterdom/src/Masterdom.Modules.Maintenance/Application/Support/IMaintenanceUnitOfWork.cs(3,18): warning CS1591: Missing XML comment for publicly visible type or member 'IMaintenanceUnitOfWork' [/Users/kady/Masterdom/src/Masterdom.Modules.Maintenance/Masterdom.Modules.Maintenance.csproj]
/Users/kady/Masterdom/src/Masterdom.Modules.Maintenance/Application/Support/IMaintenanceUnitOfWork.cs(5,10): warning CS1591: Missing XML comment for publicly visible type or member 'IMaintenanceUnitOfWork.Execute(Action)' [/Users/kady/Masterdom/src/Masterdom.Modules.Maintenance/Masterdom.Modules.Maintenance.csproj]
/Users/kady/Masterdom/src/Masterdom.Modules.Maintenance/Application/Support/IQueryHandler.cs(3,18): warning CS1591: Missing XML comment for publicly visible type or member 'IQueryHandler<TQuery, TResult>' [/Users/kady/Masterdom/src/Masterdom.Modules.Maintenance/Masterdom.Modules.Maintenance.csproj]
/Users/kady/Masterdom/src/Masterdom.Modules.Maintenance/Application/Support/IQueryHandler.cs(5,13): warning CS1591: Missing XML comment for publicly visible type or member 'IQueryHandler<TQuery, TResult>.Handle(TQuery)' [/Users/kady/Masterdom/src/Masterdom.Modules.Maintenance/Masterdom.Modules.Maintenance.csproj]
/Users/kady/Masterdom/src/Masterdom.Modules.Maintenance/Domain/Entities/Maintenance/Events/MaintenanceTicketAssignedDomainEvent.cs(5,22): warning CS1591: Missing XML comment for publicly visible type or member 'MaintenanceTicketAssignedDomainEvent' [/Users/kady/Masterdom/src/Masterdom.Modules.Maintenance/Masterdom.Modules.Maintenance.csproj]
/Users/kady/Masterdom/src/Masterdom.Modules.Maintenance/Domain/Entities/Maintenance/Events/MaintenanceTicketAssignedDomainEvent.cs(5,22): warning CS1591: Missing XML comment for publicly visible type or member 'MaintenanceTicketAssignedDomainEvent.MaintenanceTicketAssignedDomainEvent(MaintenanceTicketId, Guid, Guid, DateTime)' [/Users/kady/Masterdom/src/Masterdom.Modules.Maintenance/Masterdom.Modules.Maintenance.csproj]
/Users/kady/Masterdom/src/Masterdom.Modules.Maintenance/Domain/Entities/Maintenance/Events/MaintenanceTicketAssignedDomainEvent.cs(6,25): warning CS1591: Missing XML comment for publicly visible type or member 'MaintenanceTicketAssignedDomainEvent.MaintenanceTicketId' [/Users/kady/Masterdom/src/Masterdom.Modules.Maintenance/Masterdom.Modules.Maintenance.csproj]
/Users/kady/Masterdom/src/Masterdom.Modules.Maintenance/Domain/Entities/Maintenance/Events/MaintenanceTicketAssignedDomainEvent.cs(7,10): warning CS1591: Missing XML comment for publicly visible type or member 'MaintenanceTicketAssignedDomainEvent.PropertyId' [/Users/kady/Masterdom/src/Masterdom.Modules.Maintenance/Masterdom.Modules.Maintenance.csproj]
/Users/kady/Masterdom/src/Masterdom.Modules.Maintenance/Domain/Entities/Maintenance/Events/MaintenanceTicketAssignedDomainEvent.cs(8,10): warning CS1591: Missing XML comment for publicly visible type or member 'MaintenanceTicketAssignedDomainEvent.AssignedToPersonId' [/Users/kady/Masterdom/src/Masterdom.Modules.Maintenance/Masterdom.Modules.Maintenance.csproj]
/Users/kady/Masterdom/src/Masterdom.Modules.Maintenance/Domain/Entities/Maintenance/Events/MaintenanceTicketAssignedDomainEvent.cs(9,14): warning CS1591: Missing XML comment for publicly visible type or member 'MaintenanceTicketAssignedDomainEvent.OccurredOnUtc' [/Users/kady/Masterdom/src/Masterdom.Modules.Maintenance/Masterdom.Modules.Maintenance.csproj]
/Users/kady/Masterdom/src/Masterdom.Modules.Maintenance/Domain/Entities/Maintenance/Events/MaintenanceTicketClosedDomainEvent.cs(5,22): warning CS1591: Missing XML comment for publicly visible type or member 'MaintenanceTicketClosedDomainEvent' [/Users/kady/Masterdom/src/Masterdom.Modules.Maintenance/Masterdom.Modules.Maintenance.csproj]
/Users/kady/Masterdom/src/Masterdom.Modules.Maintenance/Domain/Entities/Maintenance/Events/MaintenanceTicketClosedDomainEvent.cs(5,22): warning CS1591: Missing XML comment for publicly visible type or member 'MaintenanceTicketClosedDomainEvent.MaintenanceTicketClosedDomainEvent(MaintenanceTicketId, Guid, DateTime)' [/Users/kady/Masterdom/src/Masterdom.Modules.Maintenance/Masterdom.Modules.Maintenance.csproj]
/Users/kady/Masterdom/src/Masterdom.Modules.Maintenance/Domain/Entities/Maintenance/Events/MaintenanceTicketClosedDomainEvent.cs(6,25): warning CS1591: Missing XML comment for publicly visible type or member 'MaintenanceTicketClosedDomainEvent.MaintenanceTicketId' [/Users/kady/Masterdom/src/Masterdom.Modules.Maintenance/Masterdom.Modules.Maintenance.csproj]
/Users/kady/Masterdom/src/Masterdom.Modules.Maintenance/Domain/Entities/Maintenance/Events/MaintenanceTicketClosedDomainEvent.cs(7,10): warning CS1591: Missing XML comment for publicly visible type or member 'MaintenanceTicketClosedDomainEvent.PropertyId' [/Users/kady/Masterdom/src/Masterdom.Modules.Maintenance/Masterdom.Modules.Maintenance.csproj]
/Users/kady/Masterdom/src/Masterdom.Modules.Maintenance/Domain/Entities/Maintenance/Events/MaintenanceTicketClosedDomainEvent.cs(8,14): warning CS1591: Missing XML comment for publicly visible type or member 'MaintenanceTicketClosedDomainEvent.OccurredOnUtc' [/Users/kady/Masterdom/src/Masterdom.Modules.Maintenance/Masterdom.Modules.Maintenance.csproj]
/Users/kady/Masterdom/src/Masterdom.Modules.Maintenance/Domain/Entities/Maintenance/Events/MaintenanceTicketCreatedDomainEvent.cs(5,22): warning CS1591: Missing XML comment for publicly visible type or member 'MaintenanceTicketCreatedDomainEvent' [/Users/kady/Masterdom/src/Masterdom.Modules.Maintenance/Masterdom.Modules.Maintenance.csproj]
/Users/kady/Masterdom/src/Masterdom.Modules.Maintenance/Domain/Entities/Maintenance/Events/MaintenanceTicketCreatedDomainEvent.cs(5,22): warning CS1591: Missing XML comment for publicly visible type or member 'MaintenanceTicketCreatedDomainEvent.MaintenanceTicketCreatedDomainEvent(MaintenanceTicketId, Guid, Guid, DateTime)' [/Users/kady/Masterdom/src/Masterdom.Modules.Maintenance/Masterdom.Modules.Maintenance.csproj]
/Users/kady/Masterdom/src/Masterdom.Modules.Maintenance/Domain/Entities/Maintenance/Events/MaintenanceTicketCreatedDomainEvent.cs(6,25): warning CS1591: Missing XML comment for publicly visible type or member 'MaintenanceTicketCreatedDomainEvent.MaintenanceTicketId' [/Users/kady/Masterdom/src/Masterdom.Modules.Maintenance/Masterdom.Modules.Maintenance.csproj]
/Users/kady/Masterdom/src/Masterdom.Modules.Maintenance/Domain/Entities/Maintenance/Events/MaintenanceTicketCreatedDomainEvent.cs(7,10): warning CS1591: Missing XML comment for publicly visible type or member 'MaintenanceTicketCreatedDomainEvent.PropertyId' [/Users/kady/Masterdom/src/Masterdom.Modules.Maintenance/Masterdom.Modules.Maintenance.csproj]
/Users/kady/Masterdom/src/Masterdom.Modules.Maintenance/Domain/Entities/Maintenance/Events/MaintenanceTicketCreatedDomainEvent.cs(8,10): warning CS1591: Missing XML comment for publicly visible type or member 'MaintenanceTicketCreatedDomainEvent.UnitId' [/Users/kady/Masterdom/src/Masterdom.Modules.Maintenance/Masterdom.Modules.Maintenance.csproj]
/Users/kady/Masterdom/src/Masterdom.Modules.Maintenance/Domain/Entities/Maintenance/Events/MaintenanceTicketCreatedDomainEvent.cs(9,14): warning CS1591: Missing XML comment for publicly visible type or member 'MaintenanceTicketCreatedDomainEvent.OccurredOnUtc' [/Users/kady/Masterdom/src/Masterdom.Modules.Maintenance/Masterdom.Modules.Maintenance.csproj]
/Users/kady/Masterdom/src/Masterdom.Modules.Maintenance/Domain/Entities/Maintenance/MaintenanceTicket.cs(8,21): warning CS1591: Missing XML comment for publicly visible type or member 'MaintenanceTicket' [/Users/kady/Masterdom/src/Masterdom.Modules.Maintenance/Masterdom.Modules.Maintenance.csproj]
/Users/kady/Masterdom/src/Masterdom.Modules.Maintenance/Domain/Entities/Maintenance/MaintenanceTicket.cs(29,17): warning CS1591: Missing XML comment for publicly visible type or member 'MaintenanceTicket.PropertyId' [/Users/kady/Masterdom/src/Masterdom.Modules.Maintenance/Masterdom.Modules.Maintenance.csproj]
/Users/kady/Masterdom/src/Masterdom.Modules.Maintenance/Domain/Entities/Maintenance/MaintenanceTicket.cs(31,17): warning CS1591: Missing XML comment for publicly visible type or member 'MaintenanceTicket.UnitId' [/Users/kady/Masterdom/src/Masterdom.Modules.Maintenance/Masterdom.Modules.Maintenance.csproj]
/Users/kady/Masterdom/src/Masterdom.Modules.Maintenance/Domain/Entities/Maintenance/MaintenanceTicket.cs(33,19): warning CS1591: Missing XML comment for publicly visible type or member 'MaintenanceTicket.Title' [/Users/kady/Masterdom/src/Masterdom.Modules.Maintenance/Masterdom.Modules.Maintenance.csproj]
/Users/kady/Masterdom/src/Masterdom.Modules.Maintenance/Domain/Entities/Maintenance/MaintenanceTicket.cs(35,19): warning CS1591: Missing XML comment for publicly visible type or member 'MaintenanceTicket.Description' [/Users/kady/Masterdom/src/Masterdom.Modules.Maintenance/Masterdom.Modules.Maintenance.csproj]
/Users/kady/Masterdom/src/Masterdom.Modules.Maintenance/Domain/Entities/Maintenance/MaintenanceTicket.cs(37,36): warning CS1591: Missing XML comment for publicly visible type or member 'MaintenanceTicket.Status' [/Users/kady/Masterdom/src/Masterdom.Modules.Maintenance/Masterdom.Modules.Maintenance.csproj]
/Users/kady/Masterdom/src/Masterdom.Modules.Maintenance/Domain/Entities/Maintenance/MaintenanceTicket.cs(39,18): warning CS1591: Missing XML comment for publicly visible type or member 'MaintenanceTicket.AssignedToPersonId' [/Users/kady/Masterdom/src/Masterdom.Modules.Maintenance/Masterdom.Modules.Maintenance.csproj]
/Users/kady/Masterdom/src/Masterdom.Modules.Maintenance/Domain/Entities/Maintenance/MaintenanceTicket.cs(41,22): warning CS1591: Missing XML comment for publicly visible type or member 'MaintenanceTicket.AssignedAtUtc' [/Users/kady/Masterdom/src/Masterdom.Modules.Maintenance/Masterdom.Modules.Maintenance.csproj]
/Users/kady/Masterdom/src/Masterdom.Modules.Maintenance/Domain/Entities/Maintenance/MaintenanceTicket.cs(43,21): warning CS1591: Missing XML comment for publicly visible type or member 'MaintenanceTicket.CreatedAtUtc' [/Users/kady/Masterdom/src/Masterdom.Modules.Maintenance/Masterdom.Modules.Maintenance.csproj]
/Users/kady/Masterdom/src/Masterdom.Modules.Maintenance/Domain/Entities/Maintenance/MaintenanceTicket.cs(45,46): warning CS1591: Missing XML comment for publicly visible type or member 'MaintenanceTicket.DomainEvents' [/Users/kady/Masterdom/src/Masterdom.Modules.Maintenance/Masterdom.Modules.Maintenance.csproj]
/Users/kady/Masterdom/src/Masterdom.Modules.Maintenance/Domain/Entities/Maintenance/MaintenanceTicket.cs(47,37): warning CS1591: Missing XML comment for publicly visible type or member 'MaintenanceTicket.Create(MaintenanceTicketId, Guid, Guid, string, string, DateTime)' [/Users/kady/Masterdom/src/Masterdom.Modules.Maintenance/Masterdom.Modules.Maintenance.csproj]
/Users/kady/Masterdom/src/Masterdom.Modules.Maintenance/Domain/Entities/Maintenance/MaintenanceTicket.cs(98,17): warning CS1591: Missing XML comment for publicly visible type or member 'MaintenanceTicket.Assign(Guid, DateTime)' [/Users/kady/Masterdom/src/Masterdom.Modules.Maintenance/Masterdom.Modules.Maintenance.csproj]
/Users/kady/Masterdom/src/Masterdom.Modules.Maintenance/Domain/Entities/Maintenance/MaintenanceTicket.cs(125,17): warning CS1591: Missing XML comment for publicly visible type or member 'MaintenanceTicket.Close(DateTime)' [/Users/kady/Masterdom/src/Masterdom.Modules.Maintenance/Masterdom.Modules.Maintenance.csproj]
/Users/kady/Masterdom/src/Masterdom.Modules.Maintenance/Domain/Entities/Maintenance/MaintenanceTicket.cs(150,17): warning CS1591: Missing XML comment for publicly visible type or member 'MaintenanceTicket.ClearDomainEvents()' [/Users/kady/Masterdom/src/Masterdom.Modules.Maintenance/Masterdom.Modules.Maintenance.csproj]
/Users/kady/Masterdom/src/Masterdom.Modules.Maintenance/Domain/Entities/Maintenance/MaintenanceTicketId.cs(5,22): warning CS1591: Missing XML comment for publicly visible type or member 'MaintenanceTicketId' [/Users/kady/Masterdom/src/Masterdom.Modules.Maintenance/Masterdom.Modules.Maintenance.csproj]
/Users/kady/Masterdom/src/Masterdom.Modules.Maintenance/Domain/Entities/Maintenance/MaintenanceTicketId.cs(5,22): warning CS1591: Missing XML comment for publicly visible type or member 'MaintenanceTicketId.MaintenanceTicketId(Guid)' [/Users/kady/Masterdom/src/Masterdom.Modules.Maintenance/Masterdom.Modules.Maintenance.csproj]
/Users/kady/Masterdom/src/Masterdom.Modules.Maintenance/Domain/Entities/Maintenance/MaintenanceTicketId.cs(7,39): warning CS1591: Missing XML comment for publicly visible type or member 'MaintenanceTicketId.New()' [/Users/kady/Masterdom/src/Masterdom.Modules.Maintenance/Masterdom.Modules.Maintenance.csproj]
/Users/kady/Masterdom/src/Masterdom.Modules.Maintenance/Domain/Entities/Maintenance/MaintenanceTicketId.cs(12,39): warning CS1591: Missing XML comment for publicly visible type or member 'MaintenanceTicketId.From(Guid)' [/Users/kady/Masterdom/src/Masterdom.Modules.Maintenance/Masterdom.Modules.Maintenance.csproj]
/Users/kady/Masterdom/src/Masterdom.Modules.Maintenance/Domain/Entities/Maintenance/MaintenanceTicketStatus.cs(5,21): warning CS1591: Missing XML comment for publicly visible type or member 'MaintenanceTicketStatus' [/Users/kady/Masterdom/src/Masterdom.Modules.Maintenance/Masterdom.Modules.Maintenance.csproj]
/Users/kady/Masterdom/src/Masterdom.Modules.Maintenance/Domain/Entities/Maintenance/MaintenanceTicketStatus.cs(7,52): warning CS1591: Missing XML comment for publicly visible type or member 'MaintenanceTicketStatus.Open' [/Users/kady/Masterdom/src/Masterdom.Modules.Maintenance/Masterdom.Modules.Maintenance.csproj]
/Users/kady/Masterdom/src/Masterdom.Modules.Maintenance/Domain/Entities/Maintenance/MaintenanceTicketStatus.cs(8,52): warning CS1591: Missing XML comment for publicly visible type or member 'MaintenanceTicketStatus.Closed' [/Users/kady/Masterdom/src/Masterdom.Modules.Maintenance/Masterdom.Modules.Maintenance.csproj]
/Users/kady/Masterdom/src/Masterdom.Modules.Maintenance/Domain/Entities/Maintenance/MaintenanceTicketStatus.cs(15,19): warning CS1591: Missing XML comment for publicly visible type or member 'MaintenanceTicketStatus.Value' [/Users/kady/Masterdom/src/Masterdom.Modules.Maintenance/Masterdom.Modules.Maintenance.csproj]
/Users/kady/Masterdom/src/Masterdom.Modules.Maintenance/Domain/Entities/Maintenance/MaintenanceTicketStatus.cs(17,43): warning CS1591: Missing XML comment for publicly visible type or member 'MaintenanceTicketStatus.Create(string)' [/Users/kady/Masterdom/src/Masterdom.Modules.Maintenance/Masterdom.Modules.Maintenance.csproj]
/Users/kady/Masterdom/src/Masterdom.Modules.Maintenance/Domain/Entities/Maintenance/MaintenanceTicketStatus.cs(29,45): warning CS1591: Missing XML comment for publicly visible type or member 'MaintenanceTicketStatus.GetEqualityComponents()' [/Users/kady/Masterdom/src/Masterdom.Modules.Maintenance/Masterdom.Modules.Maintenance.csproj]
/Users/kady/Masterdom/src/Masterdom.Modules.Maintenance/Domain/Repositories/IMaintenanceTicketRepository.cs(5,18): warning CS1591: Missing XML comment for publicly visible type or member 'IMaintenanceTicketRepository' [/Users/kady/Masterdom/src/Masterdom.Modules.Maintenance/Masterdom.Modules.Maintenance.csproj]
/Users/kady/Masterdom/src/Masterdom.Modules.Maintenance/Domain/Repositories/IMaintenanceTicketRepository.cs(7,10): warning CS1591: Missing XML comment for publicly visible type or member 'IMaintenanceTicketRepository.Add(MaintenanceTicket)' [/Users/kady/Masterdom/src/Masterdom.Modules.Maintenance/Masterdom.Modules.Maintenance.csproj]
/Users/kady/Masterdom/src/Masterdom.Modules.Maintenance/Domain/Repositories/IMaintenanceTicketRepository.cs(9,10): warning CS1591: Missing XML comment for publicly visible type or member 'IMaintenanceTicketRepository.Update(MaintenanceTicket)' [/Users/kady/Masterdom/src/Masterdom.Modules.Maintenance/Masterdom.Modules.Maintenance.csproj]
/Users/kady/Masterdom/src/Masterdom.Modules.Maintenance/Domain/Repositories/IMaintenanceTicketRepository.cs(11,24): warning CS1591: Missing XML comment for publicly visible type or member 'IMaintenanceTicketRepository.GetById(MaintenanceTicketId)' [/Users/kady/Masterdom/src/Masterdom.Modules.Maintenance/Masterdom.Modules.Maintenance.csproj]
/Users/kady/Masterdom/src/Masterdom.Modules.UtilityRating/Application/Support/ExecutionResult.cs(48,38): warning CS0108: 'ExecutionResult<T>.Failure(string, string)' hides inherited member 'ExecutionResult.Failure(string, string)'. Use the new keyword if hiding was intended. [/Users/kady/Masterdom/src/Masterdom.Modules.UtilityRating/Masterdom.Modules.UtilityRating.csproj]
/Users/kady/Masterdom/src/Masterdom.Modules.UtilityRating/Application/Commands/ApproveRatingCommand.cs(5,22): warning CS1591: Missing XML comment for publicly visible type or member 'ApproveRatingCommand' [/Users/kady/Masterdom/src/Masterdom.Modules.UtilityRating/Masterdom.Modules.UtilityRating.csproj]
/Users/kady/Masterdom/src/Masterdom.Modules.UtilityRating/Application/Commands/ApproveRatingCommand.cs(5,22): warning CS1591: Missing XML comment for publicly visible type or member 'ApproveRatingCommand.ApproveRatingCommand(UtilityRatingId, DateTime)' [/Users/kady/Masterdom/src/Masterdom.Modules.UtilityRating/Masterdom.Modules.UtilityRating.csproj]
/Users/kady/Masterdom/src/Masterdom.Modules.UtilityRating/Application/Commands/ApproveRatingCommand.cs(6,21): warning CS1591: Missing XML comment for publicly visible type or member 'ApproveRatingCommand.UtilityRatingId' [/Users/kady/Masterdom/src/Masterdom.Modules.UtilityRating/Masterdom.Modules.UtilityRating.csproj]
/Users/kady/Masterdom/src/Masterdom.Modules.UtilityRating/Application/Commands/ApproveRatingCommand.cs(7,14): warning CS1591: Missing XML comment for publicly visible type or member 'ApproveRatingCommand.ApprovedAtUtc' [/Users/kady/Masterdom/src/Masterdom.Modules.UtilityRating/Masterdom.Modules.UtilityRating.csproj]
/Users/kady/Masterdom/src/Masterdom.Modules.UtilityRating/Application/Commands/ArchiveRatingCommand.cs(5,22): warning CS1591: Missing XML comment for publicly visible type or member 'ArchiveRatingCommand' [/Users/kady/Masterdom/src/Masterdom.Modules.UtilityRating/Masterdom.Modules.UtilityRating.csproj]
/Users/kady/Masterdom/src/Masterdom.Modules.UtilityRating/Application/Commands/ArchiveRatingCommand.cs(5,22): warning CS1591: Missing XML comment for publicly visible type or member 'ArchiveRatingCommand.ArchiveRatingCommand(UtilityRatingId, string, DateTime)' [/Users/kady/Masterdom/src/Masterdom.Modules.UtilityRating/Masterdom.Modules.UtilityRating.csproj]
/Users/kady/Masterdom/src/Masterdom.Modules.UtilityRating/Application/Commands/ArchiveRatingCommand.cs(6,21): warning CS1591: Missing XML comment for publicly visible type or member 'ArchiveRatingCommand.UtilityRatingId' [/Users/kady/Masterdom/src/Masterdom.Modules.UtilityRating/Masterdom.Modules.UtilityRating.csproj]
/Users/kady/Masterdom/src/Masterdom.Modules.UtilityRating/Application/Commands/ArchiveRatingCommand.cs(7,12): warning CS1591: Missing XML comment for publicly visible type or member 'ArchiveRatingCommand.Reason' [/Users/kady/Masterdom/src/Masterdom.Modules.UtilityRating/Masterdom.Modules.UtilityRating.csproj]
/Users/kady/Masterdom/src/Masterdom.Modules.UtilityRating/Application/Commands/ArchiveRatingCommand.cs(8,14): warning CS1591: Missing XML comment for publicly visible type or member 'ArchiveRatingCommand.ArchivedAtUtc' [/Users/kady/Masterdom/src/Masterdom.Modules.UtilityRating/Masterdom.Modules.UtilityRating.csproj]
/Users/kady/Masterdom/src/Masterdom.Modules.UtilityRating/Application/Commands/RecalculateRatingCommand.cs(6,22): warning CS1591: Missing XML comment for publicly visible type or member 'RecalculateRatingCommand' [/Users/kady/Masterdom/src/Masterdom.Modules.UtilityRating/Masterdom.Modules.UtilityRating.csproj]
/Users/kady/Masterdom/src/Masterdom.Modules.UtilityRating/Application/Commands/RecalculateRatingCommand.cs(6,22): warning CS1591: Missing XML comment for publicly visible type or member 'RecalculateRatingCommand.RecalculateRatingCommand(UtilityRatingId, MeteringConsumptionOutputContract, TariffSchedule)' [/Users/kady/Masterdom/src/Masterdom.Modules.UtilityRating/Masterdom.Modules.UtilityRating.csproj]
/Users/kady/Masterdom/src/Masterdom.Modules.UtilityRating/Application/Commands/RecalculateRatingCommand.cs(7,21): warning CS1591: Missing XML comment for publicly visible type or member 'RecalculateRatingCommand.UtilityRatingId' [/Users/kady/Masterdom/src/Masterdom.Modules.UtilityRating/Masterdom.Modules.UtilityRating.csproj]
/Users/kady/Masterdom/src/Masterdom.Modules.UtilityRating/Application/Commands/RecalculateRatingCommand.cs(8,39): warning CS1591: Missing XML comment for publicly visible type or member 'RecalculateRatingCommand.ConsumptionOutput' [/Users/kady/Masterdom/src/Masterdom.Modules.UtilityRating/Masterdom.Modules.UtilityRating.csproj]
/Users/kady/Masterdom/src/Masterdom.Modules.UtilityRating/Application/Commands/RecalculateRatingCommand.cs(9,20): warning CS1591: Missing XML comment for publicly visible type or member 'RecalculateRatingCommand.TariffSchedule' [/Users/kady/Masterdom/src/Masterdom.Modules.UtilityRating/Masterdom.Modules.UtilityRating.csproj]
/Users/kady/Masterdom/src/Masterdom.Modules.UtilityRating/Application/Commands/RecalculateRatingCommand.cs(11,32): warning CS1591: Missing XML comment for publicly visible type or member 'RecalculateRatingCommand.ToSnapshot()' [/Users/kady/Masterdom/src/Masterdom.Modules.UtilityRating/Masterdom.Modules.UtilityRating.csproj]
/Users/kady/Masterdom/src/Masterdom.Modules.UtilityRating/Application/Handlers/Commands/ApproveRatingCommandHandler.cs(8,21): warning CS1591: Missing XML comment for publicly visible type or member 'ApproveRatingCommandHandler' [/Users/kady/Masterdom/src/Masterdom.Modules.UtilityRating/Masterdom.Modules.UtilityRating.csproj]
/Users/kady/Masterdom/src/Masterdom.Modules.UtilityRating/Application/Handlers/Commands/ApproveRatingCommandHandler.cs(12,12): warning CS1591: Missing XML comment for publicly visible type or member 'ApproveRatingCommandHandler.ApproveRatingCommandHandler(IUtilityRatingApplicationService)' [/Users/kady/Masterdom/src/Masterdom.Modules.UtilityRating/Masterdom.Modules.UtilityRating.csproj]
/Users/kady/Masterdom/src/Masterdom.Modules.UtilityRating/Application/Handlers/Commands/ApproveRatingCommandHandler.cs(17,52): warning CS1591: Missing XML comment for publicly visible type or member 'ApproveRatingCommandHandler.Handle(ApproveRatingCommand)' [/Users/kady/Masterdom/src/Masterdom.Modules.UtilityRating/Masterdom.Modules.UtilityRating.csproj]
/Users/kady/Masterdom/src/Masterdom.Modules.UtilityRating/Application/Handlers/Commands/ArchiveRatingCommandHandler.cs(8,21): warning CS1591: Missing XML comment for publicly visible type or member 'ArchiveRatingCommandHandler' [/Users/kady/Masterdom/src/Masterdom.Modules.UtilityRating/Masterdom.Modules.UtilityRating.csproj]
/Users/kady/Masterdom/src/Masterdom.Modules.UtilityRating/Application/Handlers/Commands/ArchiveRatingCommandHandler.cs(12,12): warning CS1591: Missing XML comment for publicly visible type or member 'ArchiveRatingCommandHandler.ArchiveRatingCommandHandler(IUtilityRatingApplicationService)' [/Users/kady/Masterdom/src/Masterdom.Modules.UtilityRating/Masterdom.Modules.UtilityRating.csproj]
/Users/kady/Masterdom/src/Masterdom.Modules.UtilityRating/Application/Handlers/Commands/ArchiveRatingCommandHandler.cs(17,52): warning CS1591: Missing XML comment for publicly visible type or member 'ArchiveRatingCommandHandler.Handle(ArchiveRatingCommand)' [/Users/kady/Masterdom/src/Masterdom.Modules.UtilityRating/Masterdom.Modules.UtilityRating.csproj]
/Users/kady/Masterdom/src/Masterdom.Modules.UtilityRating/Application/Handlers/Commands/RateConsumptionCommandHandler.cs(8,21): warning CS1591: Missing XML comment for publicly visible type or member 'RateConsumptionCommandHandler' [/Users/kady/Masterdom/src/Masterdom.Modules.UtilityRating/Masterdom.Modules.UtilityRating.csproj]
/Users/kady/Masterdom/src/Masterdom.Modules.UtilityRating/Application/Handlers/Commands/RateConsumptionCommandHandler.cs(12,12): warning CS1591: Missing XML comment for publicly visible type or member 'RateConsumptionCommandHandler.RateConsumptionCommandHandler(IUtilityRatingApplicationService)' [/Users/kady/Masterdom/src/Masterdom.Modules.UtilityRating/Masterdom.Modules.UtilityRating.csproj]
/Users/kady/Masterdom/src/Masterdom.Modules.UtilityRating/Application/Handlers/Commands/RateConsumptionCommandHandler.cs(17,52): warning CS1591: Missing XML comment for publicly visible type or member 'RateConsumptionCommandHandler.Handle(RateConsumptionCommand)' [/Users/kady/Masterdom/src/Masterdom.Modules.UtilityRating/Masterdom.Modules.UtilityRating.csproj]
/Users/kady/Masterdom/src/Masterdom.Modules.UtilityRating/Application/Handlers/Commands/RecalculateRatingCommandHandler.cs(8,21): warning CS1591: Missing XML comment for publicly visible type or member 'RecalculateRatingCommandHandler' [/Users/kady/Masterdom/src/Masterdom.Modules.UtilityRating/Masterdom.Modules.UtilityRating.csproj]
/Users/kady/Masterdom/src/Masterdom.Modules.UtilityRating/Application/Handlers/Commands/RecalculateRatingCommandHandler.cs(12,12): warning CS1591: Missing XML comment for publicly visible type or member 'RecalculateRatingCommandHandler.RecalculateRatingCommandHandler(IUtilityRatingApplicationService)' [/Users/kady/Masterdom/src/Masterdom.Modules.UtilityRating/Masterdom.Modules.UtilityRating.csproj]
/Users/kady/Masterdom/src/Masterdom.Modules.UtilityRating/Application/Handlers/Commands/RecalculateRatingCommandHandler.cs(17,52): warning CS1591: Missing XML comment for publicly visible type or member 'RecalculateRatingCommandHandler.Handle(RecalculateRatingCommand)' [/Users/kady/Masterdom/src/Masterdom.Modules.UtilityRating/Masterdom.Modules.UtilityRating.csproj]
/Users/kady/Masterdom/src/Masterdom.Modules.UtilityRating/Application/Handlers/Queries/GetLatestRatingQueryHandler.cs(8,21): warning CS1591: Missing XML comment for publicly visible type or member 'GetLatestRatingQueryHandler' [/Users/kady/Masterdom/src/Masterdom.Modules.UtilityRating/Masterdom.Modules.UtilityRating.csproj]
/Users/kady/Masterdom/src/Masterdom.Modules.UtilityRating/Application/Handlers/Queries/GetLatestRatingQueryHandler.cs(12,12): warning CS1591: Missing XML comment for publicly visible type or member 'GetLatestRatingQueryHandler.GetLatestRatingQueryHandler(IUtilityRatingApplicationService)' [/Users/kady/Masterdom/src/Masterdom.Modules.UtilityRating/Masterdom.Modules.UtilityRating.csproj]
/Users/kady/Masterdom/src/Masterdom.Modules.UtilityRating/Application/Handlers/Queries/GetLatestRatingQueryHandler.cs(17,52): warning CS1591: Missing XML comment for publicly visible type or member 'GetLatestRatingQueryHandler.Handle(GetLatestRatingQuery)' [/Users/kady/Masterdom/src/Masterdom.Modules.UtilityRating/Masterdom.Modules.UtilityRating.csproj]
/Users/kady/Masterdom/src/Masterdom.Modules.UtilityRating/Application/Handlers/Queries/GetRatingByIdQueryHandler.cs(8,21): warning CS1591: Missing XML comment for publicly visible type or member 'GetRatingByIdQueryHandler' [/Users/kady/Masterdom/src/Masterdom.Modules.UtilityRating/Masterdom.Modules.UtilityRating.csproj]
/Users/kady/Masterdom/src/Masterdom.Modules.UtilityRating/Application/Handlers/Queries/GetRatingByIdQueryHandler.cs(12,12): warning CS1591: Missing XML comment for publicly visible type or member 'GetRatingByIdQueryHandler.GetRatingByIdQueryHandler(IUtilityRatingApplicationService)' [/Users/kady/Masterdom/src/Masterdom.Modules.UtilityRating/Masterdom.Modules.UtilityRating.csproj]
/Users/kady/Masterdom/src/Masterdom.Modules.UtilityRating/Application/Handlers/Queries/GetRatingByIdQueryHandler.cs(17,52): warning CS1591: Missing XML comment for publicly visible type or member 'GetRatingByIdQueryHandler.Handle(GetRatingByIdQuery)' [/Users/kady/Masterdom/src/Masterdom.Modules.UtilityRating/Masterdom.Modules.UtilityRating.csproj]
/Users/kady/Masterdom/src/Masterdom.Modules.UtilityRating/Application/Queries/GetLatestRatingQuery.cs(5,22): warning CS1591: Missing XML comment for publicly visible type or member 'GetLatestRatingQuery' [/Users/kady/Masterdom/src/Masterdom.Modules.UtilityRating/Masterdom.Modules.UtilityRating.csproj]
/Users/kady/Masterdom/src/Masterdom.Modules.UtilityRating/Application/Queries/GetLatestRatingQuery.cs(5,22): warning CS1591: Missing XML comment for publicly visible type or member 'GetLatestRatingQuery.GetLatestRatingQuery(MeterReference, RatingPeriod)' [/Users/kady/Masterdom/src/Masterdom.Modules.UtilityRating/Masterdom.Modules.UtilityRating.csproj]
/Users/kady/Masterdom/src/Masterdom.Modules.UtilityRating/Application/Queries/GetLatestRatingQuery.cs(6,20): warning CS1591: Missing XML comment for publicly visible type or member 'GetLatestRatingQuery.MeterReference' [/Users/kady/Masterdom/src/Masterdom.Modules.UtilityRating/Masterdom.Modules.UtilityRating.csproj]
/Users/kady/Masterdom/src/Masterdom.Modules.UtilityRating/Application/Queries/GetLatestRatingQuery.cs(7,18): warning CS1591: Missing XML comment for publicly visible type or member 'GetLatestRatingQuery.RatingPeriod' [/Users/kady/Masterdom/src/Masterdom.Modules.UtilityRating/Masterdom.Modules.UtilityRating.csproj]
/Users/kady/Masterdom/src/Masterdom.Modules.UtilityRating/Application/Queries/GetRatingByIdQuery.cs(5,22): warning CS1591: Missing XML comment for publicly visible type or member 'GetRatingByIdQuery' [/Users/kady/Masterdom/src/Masterdom.Modules.UtilityRating/Masterdom.Modules.UtilityRating.csproj]
/Users/kady/Masterdom/src/Masterdom.Modules.UtilityRating/Application/Queries/GetRatingByIdQuery.cs(5,22): warning CS1591: Missing XML comment for publicly visible type or member 'GetRatingByIdQuery.GetRatingByIdQuery(UtilityRatingId)' [/Users/kady/Masterdom/src/Masterdom.Modules.UtilityRating/Masterdom.Modules.UtilityRating.csproj]
/Users/kady/Masterdom/src/Masterdom.Modules.UtilityRating/Application/Queries/GetRatingByIdQuery.cs(5,57): warning CS1591: Missing XML comment for publicly visible type or member 'GetRatingByIdQuery.UtilityRatingId' [/Users/kady/Masterdom/src/Masterdom.Modules.UtilityRating/Masterdom.Modules.UtilityRating.csproj]
/Users/kady/Masterdom/src/Masterdom.Modules.UtilityRating/Application/Services/IUtilityRatingApplicationService.cs(7,18): warning CS1591: Missing XML comment for publicly visible type or member 'IUtilityRatingApplicationService' [/Users/kady/Masterdom/src/Masterdom.Modules.UtilityRating/Masterdom.Modules.UtilityRating.csproj]
/Users/kady/Masterdom/src/Masterdom.Modules.UtilityRating/Application/Services/IUtilityRatingApplicationService.cs(9,28): warning CS1591: Missing XML comment for publicly visible type or member 'IUtilityRatingApplicationService.RateConsumption(RateConsumptionCommand)' [/Users/kady/Masterdom/src/Masterdom.Modules.UtilityRating/Masterdom.Modules.UtilityRating.csproj]
/Users/kady/Masterdom/src/Masterdom.Modules.UtilityRating/Application/Services/IUtilityRatingApplicationService.cs(11,28): warning CS1591: Missing XML comment for publicly visible type or member 'IUtilityRatingApplicationService.RecalculateRating(RecalculateRatingCommand)' [/Users/kady/Masterdom/src/Masterdom.Modules.UtilityRating/Masterdom.Modules.UtilityRating.csproj]
/Users/kady/Masterdom/src/Masterdom.Modules.UtilityRating/Application/Services/IUtilityRatingApplicationService.cs(13,28): warning CS1591: Missing XML comment for publicly visible type or member 'IUtilityRatingApplicationService.ApproveRating(ApproveRatingCommand)' [/Users/kady/Masterdom/src/Masterdom.Modules.UtilityRating/Masterdom.Modules.UtilityRating.csproj]
/Users/kady/Masterdom/src/Masterdom.Modules.UtilityRating/Application/Services/IUtilityRatingApplicationService.cs(15,28): warning CS1591: Missing XML comment for publicly visible type or member 'IUtilityRatingApplicationService.ArchiveRating(ArchiveRatingCommand)' [/Users/kady/Masterdom/src/Masterdom.Modules.UtilityRating/Masterdom.Modules.UtilityRating.csproj]
/Users/kady/Masterdom/src/Masterdom.Modules.UtilityRating/Application/Services/IUtilityRatingApplicationService.cs(17,29): warning CS1591: Missing XML comment for publicly visible type or member 'IUtilityRatingApplicationService.GetRating(GetRatingByIdQuery)' [/Users/kady/Masterdom/src/Masterdom.Modules.UtilityRating/Masterdom.Modules.UtilityRating.csproj]
/Users/kady/Masterdom/src/Masterdom.Modules.UtilityRating/Application/Services/IUtilityRatingApplicationService.cs(19,29): warning CS1591: Missing XML comment for publicly visible type or member 'IUtilityRatingApplicationService.GetLatestRating(GetLatestRatingQuery)' [/Users/kady/Masterdom/src/Masterdom.Modules.UtilityRating/Masterdom.Modules.UtilityRating.csproj]
/Users/kady/Masterdom/src/Masterdom.Modules.UtilityRating/Application/Services/UtilityRatingApplicationService.cs(10,21): warning CS1591: Missing XML comment for publicly visible type or member 'UtilityRatingApplicationService' [/Users/kady/Masterdom/src/Masterdom.Modules.UtilityRating/Masterdom.Modules.UtilityRating.csproj]
/Users/kady/Masterdom/src/Masterdom.Modules.UtilityRating/Application/Services/UtilityRatingApplicationService.cs(16,12): warning CS1591: Missing XML comment for publicly visible type or member 'UtilityRatingApplicationService.UtilityRatingApplicationService(IUtilityRatingRepository, IUtilityRatingUnitOfWork, IUtilityRatingPlatformOrchestrator)' [/Users/kady/Masterdom/src/Masterdom.Modules.UtilityRating/Masterdom.Modules.UtilityRating.csproj]
/Users/kady/Masterdom/src/Masterdom.Modules.UtilityRating/Application/Services/UtilityRatingApplicationService.cs(26,35): warning CS1591: Missing XML comment for publicly visible type or member 'UtilityRatingApplicationService.RateConsumption(RateConsumptionCommand)' [/Users/kady/Masterdom/src/Masterdom.Modules.UtilityRating/Masterdom.Modules.UtilityRating.csproj]
/Users/kady/Masterdom/src/Masterdom.Modules.UtilityRating/Application/Services/UtilityRatingApplicationService.cs(81,35): warning CS1591: Missing XML comment for publicly visible type or member 'UtilityRatingApplicationService.RecalculateRating(RecalculateRatingCommand)' [/Users/kady/Masterdom/src/Masterdom.Modules.UtilityRating/Masterdom.Modules.UtilityRating.csproj]
/Users/kady/Masterdom/src/Masterdom.Modules.UtilityRating/Application/Services/UtilityRatingApplicationService.cs(104,35): warning CS1591: Missing XML comment for publicly visible type or member 'UtilityRatingApplicationService.ApproveRating(ApproveRatingCommand)' [/Users/kady/Masterdom/src/Masterdom.Modules.UtilityRating/Masterdom.Modules.UtilityRating.csproj]
/Users/kady/Masterdom/src/Masterdom.Modules.UtilityRating/Application/Services/UtilityRatingApplicationService.cs(117,35): warning CS1591: Missing XML comment for publicly visible type or member 'UtilityRatingApplicationService.ArchiveRating(ArchiveRatingCommand)' [/Users/kady/Masterdom/src/Masterdom.Modules.UtilityRating/Masterdom.Modules.UtilityRating.csproj]
/Users/kady/Masterdom/src/Masterdom.Modules.UtilityRating/Application/Services/UtilityRatingApplicationService.cs(130,36): warning CS1591: Missing XML comment for publicly visible type or member 'UtilityRatingApplicationService.GetRating(GetRatingByIdQuery)' [/Users/kady/Masterdom/src/Masterdom.Modules.UtilityRating/Masterdom.Modules.UtilityRating.csproj]
/Users/kady/Masterdom/src/Masterdom.Modules.UtilityRating/Application/Services/UtilityRatingApplicationService.cs(136,36): warning CS1591: Missing XML comment for publicly visible type or member 'UtilityRatingApplicationService.GetLatestRating(GetLatestRatingQuery)' [/Users/kady/Masterdom/src/Masterdom.Modules.UtilityRating/Masterdom.Modules.UtilityRating.csproj]
/Users/kady/Masterdom/src/Masterdom.Modules.UtilityRating/Application/Support/ExecutionResult.cs(3,14): warning CS1591: Missing XML comment for publicly visible type or member 'ExecutionResult' [/Users/kady/Masterdom/src/Masterdom.Modules.UtilityRating/Masterdom.Modules.UtilityRating.csproj]
/Users/kady/Masterdom/src/Masterdom.Modules.UtilityRating/Application/Support/ExecutionResult.cs(5,15): warning CS1591: Missing XML comment for publicly visible type or member 'ExecutionResult.ExecutionResult(bool, string?, string?)' [/Users/kady/Masterdom/src/Masterdom.Modules.UtilityRating/Masterdom.Modules.UtilityRating.csproj]
/Users/kady/Masterdom/src/Masterdom.Modules.UtilityRating/Application/Support/ExecutionResult.cs(12,17): warning CS1591: Missing XML comment for publicly visible type or member 'ExecutionResult.IsSuccess' [/Users/kady/Masterdom/src/Masterdom.Modules.UtilityRating/Masterdom.Modules.UtilityRating.csproj]
/Users/kady/Masterdom/src/Masterdom.Modules.UtilityRating/Application/Support/ExecutionResult.cs(14,20): warning CS1591: Missing XML comment for publicly visible type or member 'ExecutionResult.ErrorCode' [/Users/kady/Masterdom/src/Masterdom.Modules.UtilityRating/Masterdom.Modules.UtilityRating.csproj]
/Users/kady/Masterdom/src/Masterdom.Modules.UtilityRating/Application/Support/ExecutionResult.cs(16,20): warning CS1591: Missing XML comment for publicly visible type or member 'ExecutionResult.ErrorMessage' [/Users/kady/Masterdom/src/Masterdom.Modules.UtilityRating/Masterdom.Modules.UtilityRating.csproj]
/Users/kady/Masterdom/src/Masterdom.Modules.UtilityRating/Application/Support/ExecutionResult.cs(18,35): warning CS1591: Missing XML comment for publicly visible type or member 'ExecutionResult.Success()' [/Users/kady/Masterdom/src/Masterdom.Modules.UtilityRating/Masterdom.Modules.UtilityRating.csproj]
/Users/kady/Masterdom/src/Masterdom.Modules.UtilityRating/Application/Support/ExecutionResult.cs(23,35): warning CS1591: Missing XML comment for publicly visible type or member 'ExecutionResult.Failure(string, string)' [/Users/kady/Masterdom/src/Masterdom.Modules.UtilityRating/Masterdom.Modules.UtilityRating.csproj]
/Users/kady/Masterdom/src/Masterdom.Modules.UtilityRating/Application/Support/ExecutionResult.cs(32,21): warning CS1591: Missing XML comment for publicly visible type or member 'ExecutionResult<T>' [/Users/kady/Masterdom/src/Masterdom.Modules.UtilityRating/Masterdom.Modules.UtilityRating.csproj]
/Users/kady/Masterdom/src/Masterdom.Modules.UtilityRating/Application/Support/ExecutionResult.cs(40,15): warning CS1591: Missing XML comment for publicly visible type or member 'ExecutionResult<T>.Value' [/Users/kady/Masterdom/src/Masterdom.Modules.UtilityRating/Masterdom.Modules.UtilityRating.csproj]
/Users/kady/Masterdom/src/Masterdom.Modules.UtilityRating/Application/Support/ExecutionResult.cs(42,38): warning CS1591: Missing XML comment for publicly visible type or member 'ExecutionResult<T>.Success(T)' [/Users/kady/Masterdom/src/Masterdom.Modules.UtilityRating/Masterdom.Modules.UtilityRating.csproj]
/Users/kady/Masterdom/src/Masterdom.Modules.UtilityRating/Application/Support/ExecutionResult.cs(48,38): warning CS1591: Missing XML comment for publicly visible type or member 'ExecutionResult<T>.Failure(string, string)' [/Users/kady/Masterdom/src/Masterdom.Modules.UtilityRating/Masterdom.Modules.UtilityRating.csproj]
/Users/kady/Masterdom/src/Masterdom.Modules.UtilityRating/Application/Support/ICommandHandler.cs(3,18): warning CS1591: Missing XML comment for publicly visible type or member 'ICommandHandler<TCommand, TResult>' [/Users/kady/Masterdom/src/Masterdom.Modules.UtilityRating/Masterdom.Modules.UtilityRating.csproj]
/Users/kady/Masterdom/src/Masterdom.Modules.UtilityRating/Application/Support/ICommandHandler.cs(5,13): warning CS1591: Missing XML comment for publicly visible type or member 'ICommandHandler<TCommand, TResult>.Handle(TCommand)' [/Users/kady/Masterdom/src/Masterdom.Modules.UtilityRating/Masterdom.Modules.UtilityRating.csproj]
/Users/kady/Masterdom/src/Masterdom.Modules.UtilityRating/Application/Support/IQueryHandler.cs(3,18): warning CS1591: Missing XML comment for publicly visible type or member 'IQueryHandler<TQuery, TResult>' [/Users/kady/Masterdom/src/Masterdom.Modules.UtilityRating/Masterdom.Modules.UtilityRating.csproj]
/Users/kady/Masterdom/src/Masterdom.Modules.UtilityRating/Application/Support/IQueryHandler.cs(5,13): warning CS1591: Missing XML comment for publicly visible type or member 'IQueryHandler<TQuery, TResult>.Handle(TQuery)' [/Users/kady/Masterdom/src/Masterdom.Modules.UtilityRating/Masterdom.Modules.UtilityRating.csproj]
/Users/kady/Masterdom/src/Masterdom.Modules.UtilityRating/Application/Support/IUtilityRatingPlatformOrchestrator.cs(6,18): warning CS1591: Missing XML comment for publicly visible type or member 'IUtilityRatingPlatformOrchestrator' [/Users/kady/Masterdom/src/Masterdom.Modules.UtilityRating/Masterdom.Modules.UtilityRating.csproj]
/Users/kady/Masterdom/src/Masterdom.Modules.UtilityRating/Application/Support/IUtilityRatingPlatformOrchestrator.cs(17,10): warning CS1591: Missing XML comment for publicly visible type or member 'IUtilityRatingPlatformOrchestrator.OnRatingMutated(UtilityRating, string)' [/Users/kady/Masterdom/src/Masterdom.Modules.UtilityRating/Masterdom.Modules.UtilityRating.csproj]
/Users/kady/Masterdom/src/Masterdom.Modules.UtilityRating/Application/Support/IUtilityRatingUnitOfWork.cs(3,18): warning CS1591: Missing XML comment for publicly visible type or member 'IUtilityRatingUnitOfWork' [/Users/kady/Masterdom/src/Masterdom.Modules.UtilityRating/Masterdom.Modules.UtilityRating.csproj]
/Users/kady/Masterdom/src/Masterdom.Modules.UtilityRating/Application/Support/IUtilityRatingUnitOfWork.cs(5,10): warning CS1591: Missing XML comment for publicly visible type or member 'IUtilityRatingUnitOfWork.Execute(Action)' [/Users/kady/Masterdom/src/Masterdom.Modules.UtilityRating/Masterdom.Modules.UtilityRating.csproj]
/Users/kady/Masterdom/src/Masterdom.Modules.UtilityRating/Contracts/Metering/MeteringConsumptionOutputContract.cs(3,22): warning CS1591: Missing XML comment for publicly visible type or member 'MeteringConsumptionOutputContract' [/Users/kady/Masterdom/src/Masterdom.Modules.UtilityRating/Masterdom.Modules.UtilityRating.csproj]
/Users/kady/Masterdom/src/Masterdom.Modules.UtilityRating/Contracts/Metering/MeteringConsumptionOutputContract.cs(3,22): warning CS1591: Missing XML comment for publicly visible type or member 'MeteringConsumptionOutputContract.MeteringConsumptionOutputContract(Guid, Guid, decimal, DateOnly, DateOnly, DateTime)' [/Users/kady/Masterdom/src/Masterdom.Modules.UtilityRating/Masterdom.Modules.UtilityRating.csproj]
/Users/kady/Masterdom/src/Masterdom.Modules.UtilityRating/Contracts/Metering/MeteringConsumptionOutputContract.cs(4,10): warning CS1591: Missing XML comment for publicly visible type or member 'MeteringConsumptionOutputContract.MeterId' [/Users/kady/Masterdom/src/Masterdom.Modules.UtilityRating/Masterdom.Modules.UtilityRating.csproj]
/Users/kady/Masterdom/src/Masterdom.Modules.UtilityRating/Contracts/Metering/MeteringConsumptionOutputContract.cs(5,10): warning CS1591: Missing XML comment for publicly visible type or member 'MeteringConsumptionOutputContract.ReadingId' [/Users/kady/Masterdom/src/Masterdom.Modules.UtilityRating/Masterdom.Modules.UtilityRating.csproj]
/Users/kady/Masterdom/src/Masterdom.Modules.UtilityRating/Contracts/Metering/MeteringConsumptionOutputContract.cs(6,13): warning CS1591: Missing XML comment for publicly visible type or member 'MeteringConsumptionOutputContract.ConsumptionValue' [/Users/kady/Masterdom/src/Masterdom.Modules.UtilityRating/Masterdom.Modules.UtilityRating.csproj]
/Users/kady/Masterdom/src/Masterdom.Modules.UtilityRating/Contracts/Metering/MeteringConsumptionOutputContract.cs(7,14): warning CS1591: Missing XML comment for publicly visible type or member 'MeteringConsumptionOutputContract.PeriodStart' [/Users/kady/Masterdom/src/Masterdom.Modules.UtilityRating/Masterdom.Modules.UtilityRating.csproj]
/Users/kady/Masterdom/src/Masterdom.Modules.UtilityRating/Contracts/Metering/MeteringConsumptionOutputContract.cs(8,14): warning CS1591: Missing XML comment for publicly visible type or member 'MeteringConsumptionOutputContract.PeriodEnd' [/Users/kady/Masterdom/src/Masterdom.Modules.UtilityRating/Masterdom.Modules.UtilityRating.csproj]
/Users/kady/Masterdom/src/Masterdom.Modules.UtilityRating/Contracts/Metering/MeteringConsumptionOutputContract.cs(9,14): warning CS1591: Missing XML comment for publicly visible type or member 'MeteringConsumptionOutputContract.CapturedAtUtc' [/Users/kady/Masterdom/src/Masterdom.Modules.UtilityRating/Masterdom.Modules.UtilityRating.csproj]
/Users/kady/Masterdom/src/Masterdom.Modules.UtilityRating/Domain/Entities/UtilityRating/AdjustmentComponent.cs(3,21): warning CS1591: Missing XML comment for publicly visible type or member 'AdjustmentComponent' [/Users/kady/Masterdom/src/Masterdom.Modules.UtilityRating/Masterdom.Modules.UtilityRating.csproj]
/Users/kady/Masterdom/src/Masterdom.Modules.UtilityRating/Domain/Entities/UtilityRating/AdjustmentComponent.cs(10,39): warning CS1591: Missing XML comment for publicly visible type or member 'AdjustmentComponent.Create(decimal)' [/Users/kady/Masterdom/src/Masterdom.Modules.UtilityRating/Masterdom.Modules.UtilityRating.csproj]
/Users/kady/Masterdom/src/Masterdom.Modules.UtilityRating/Domain/Entities/UtilityRating/ConsumptionReference.cs(5,21): warning CS1591: Missing XML comment for publicly visible type or member 'ConsumptionReference' [/Users/kady/Masterdom/src/Masterdom.Modules.UtilityRating/Masterdom.Modules.UtilityRating.csproj]
/Users/kady/Masterdom/src/Masterdom.Modules.UtilityRating/Domain/Entities/UtilityRating/ConsumptionReference.cs(13,17): warning CS1591: Missing XML comment for publicly visible type or member 'ConsumptionReference.ReadingId' [/Users/kady/Masterdom/src/Masterdom.Modules.UtilityRating/Masterdom.Modules.UtilityRating.csproj]
/Users/kady/Masterdom/src/Masterdom.Modules.UtilityRating/Domain/Entities/UtilityRating/ConsumptionReference.cs(15,20): warning CS1591: Missing XML comment for publicly visible type or member 'ConsumptionReference.ConsumptionValue' [/Users/kady/Masterdom/src/Masterdom.Modules.UtilityRating/Masterdom.Modules.UtilityRating.csproj]
/Users/kady/Masterdom/src/Masterdom.Modules.UtilityRating/Domain/Entities/UtilityRating/ConsumptionReference.cs(17,40): warning CS1591: Missing XML comment for publicly visible type or member 'ConsumptionReference.Create(Guid, decimal)' [/Users/kady/Masterdom/src/Masterdom.Modules.UtilityRating/Masterdom.Modules.UtilityRating.csproj]
/Users/kady/Masterdom/src/Masterdom.Modules.UtilityRating/Domain/Entities/UtilityRating/ConsumptionReference.cs(32,45): warning CS1591: Missing XML comment for publicly visible type or member 'ConsumptionReference.GetEqualityComponents()' [/Users/kady/Masterdom/src/Masterdom.Modules.UtilityRating/Masterdom.Modules.UtilityRating.csproj]
/Users/kady/Masterdom/src/Masterdom.Modules.UtilityRating/Domain/Entities/UtilityRating/ConsumptionSnapshot.cs(5,21): warning CS1591: Missing XML comment for publicly visible type or member 'ConsumptionSnapshot' [/Users/kady/Masterdom/src/Masterdom.Modules.UtilityRating/Masterdom.Modules.UtilityRating.csproj]
/Users/kady/Masterdom/src/Masterdom.Modules.UtilityRating/Domain/Entities/UtilityRating/ConsumptionSnapshot.cs(19,27): warning CS1591: Missing XML comment for publicly visible type or member 'ConsumptionSnapshot.MeterReference' [/Users/kady/Masterdom/src/Masterdom.Modules.UtilityRating/Masterdom.Modules.UtilityRating.csproj]
/Users/kady/Masterdom/src/Masterdom.Modules.UtilityRating/Domain/Entities/UtilityRating/ConsumptionSnapshot.cs(21,33): warning CS1591: Missing XML comment for publicly visible type or member 'ConsumptionSnapshot.ConsumptionReference' [/Users/kady/Masterdom/src/Masterdom.Modules.UtilityRating/Masterdom.Modules.UtilityRating.csproj]
/Users/kady/Masterdom/src/Masterdom.Modules.UtilityRating/Domain/Entities/UtilityRating/ConsumptionSnapshot.cs(23,25): warning CS1591: Missing XML comment for publicly visible type or member 'ConsumptionSnapshot.RatingPeriod' [/Users/kady/Masterdom/src/Masterdom.Modules.UtilityRating/Masterdom.Modules.UtilityRating.csproj]
/Users/kady/Masterdom/src/Masterdom.Modules.UtilityRating/Domain/Entities/UtilityRating/ConsumptionSnapshot.cs(25,21): warning CS1591: Missing XML comment for publicly visible type or member 'ConsumptionSnapshot.CapturedAtUtc' [/Users/kady/Masterdom/src/Masterdom.Modules.UtilityRating/Masterdom.Modules.UtilityRating.csproj]
/Users/kady/Masterdom/src/Masterdom.Modules.UtilityRating/Domain/Entities/UtilityRating/ConsumptionSnapshot.cs(27,39): warning CS1591: Missing XML comment for publicly visible type or member 'ConsumptionSnapshot.Create(MeterReference, ConsumptionReference, RatingPeriod, DateTime)' [/Users/kady/Masterdom/src/Masterdom.Modules.UtilityRating/Masterdom.Modules.UtilityRating.csproj]
/Users/kady/Masterdom/src/Masterdom.Modules.UtilityRating/Domain/Entities/UtilityRating/ConsumptionSnapshot.cs(45,45): warning CS1591: Missing XML comment for publicly visible type or member 'ConsumptionSnapshot.GetEqualityComponents()' [/Users/kady/Masterdom/src/Masterdom.Modules.UtilityRating/Masterdom.Modules.UtilityRating.csproj]
/Users/kady/Masterdom/src/Masterdom.Modules.UtilityRating/Domain/Entities/UtilityRating/Events/ConsumptionRatedDomainEvent.cs(5,22): warning CS1591: Missing XML comment for publicly visible type or member 'ConsumptionRatedDomainEvent' [/Users/kady/Masterdom/src/Masterdom.Modules.UtilityRating/Masterdom.Modules.UtilityRating.csproj]
/Users/kady/Masterdom/src/Masterdom.Modules.UtilityRating/Domain/Entities/UtilityRating/Events/ConsumptionRatedDomainEvent.cs(5,22): warning CS1591: Missing XML comment for publicly visible type or member 'ConsumptionRatedDomainEvent.ConsumptionRatedDomainEvent(UtilityRatingId, Guid, Guid, decimal, decimal, DateTime)' [/Users/kady/Masterdom/src/Masterdom.Modules.UtilityRating/Masterdom.Modules.UtilityRating.csproj]
/Users/kady/Masterdom/src/Masterdom.Modules.UtilityRating/Domain/Entities/UtilityRating/Events/ConsumptionRatedDomainEvent.cs(6,21): warning CS1591: Missing XML comment for publicly visible type or member 'ConsumptionRatedDomainEvent.UtilityRatingId' [/Users/kady/Masterdom/src/Masterdom.Modules.UtilityRating/Masterdom.Modules.UtilityRating.csproj]
/Users/kady/Masterdom/src/Masterdom.Modules.UtilityRating/Domain/Entities/UtilityRating/Events/ConsumptionRatedDomainEvent.cs(7,10): warning CS1591: Missing XML comment for publicly visible type or member 'ConsumptionRatedDomainEvent.MeterId' [/Users/kady/Masterdom/src/Masterdom.Modules.UtilityRating/Masterdom.Modules.UtilityRating.csproj]
/Users/kady/Masterdom/src/Masterdom.Modules.UtilityRating/Domain/Entities/UtilityRating/Events/ConsumptionRatedDomainEvent.cs(8,10): warning CS1591: Missing XML comment for publicly visible type or member 'ConsumptionRatedDomainEvent.ConsumptionReadingId' [/Users/kady/Masterdom/src/Masterdom.Modules.UtilityRating/Masterdom.Modules.UtilityRating.csproj]
/Users/kady/Masterdom/src/Masterdom.Modules.UtilityRating/Domain/Entities/UtilityRating/Events/ConsumptionRatedDomainEvent.cs(9,13): warning CS1591: Missing XML comment for publicly visible type or member 'ConsumptionRatedDomainEvent.RatedUnits' [/Users/kady/Masterdom/src/Masterdom.Modules.UtilityRating/Masterdom.Modules.UtilityRating.csproj]
/Users/kady/Masterdom/src/Masterdom.Modules.UtilityRating/Domain/Entities/UtilityRating/Events/ConsumptionRatedDomainEvent.cs(10,13): warning CS1591: Missing XML comment for publicly visible type or member 'ConsumptionRatedDomainEvent.RatedAmount' [/Users/kady/Masterdom/src/Masterdom.Modules.UtilityRating/Masterdom.Modules.UtilityRating.csproj]
/Users/kady/Masterdom/src/Masterdom.Modules.UtilityRating/Domain/Entities/UtilityRating/Events/ConsumptionRatedDomainEvent.cs(11,14): warning CS1591: Missing XML comment for publicly visible type or member 'ConsumptionRatedDomainEvent.OccurredOnUtc' [/Users/kady/Masterdom/src/Masterdom.Modules.UtilityRating/Masterdom.Modules.UtilityRating.csproj]
/Users/kady/Masterdom/src/Masterdom.Modules.UtilityRating/Domain/Entities/UtilityRating/Events/RatingApprovedDomainEvent.cs(5,22): warning CS1591: Missing XML comment for publicly visible type or member 'RatingApprovedDomainEvent' [/Users/kady/Masterdom/src/Masterdom.Modules.UtilityRating/Masterdom.Modules.UtilityRating.csproj]
/Users/kady/Masterdom/src/Masterdom.Modules.UtilityRating/Domain/Entities/UtilityRating/Events/RatingApprovedDomainEvent.cs(5,22): warning CS1591: Missing XML comment for publicly visible type or member 'RatingApprovedDomainEvent.RatingApprovedDomainEvent(UtilityRatingId, int, DateTime)' [/Users/kady/Masterdom/src/Masterdom.Modules.UtilityRating/Masterdom.Modules.UtilityRating.csproj]
/Users/kady/Masterdom/src/Masterdom.Modules.UtilityRating/Domain/Entities/UtilityRating/Events/RatingApprovedDomainEvent.cs(6,21): warning CS1591: Missing XML comment for publicly visible type or member 'RatingApprovedDomainEvent.UtilityRatingId' [/Users/kady/Masterdom/src/Masterdom.Modules.UtilityRating/Masterdom.Modules.UtilityRating.csproj]
/Users/kady/Masterdom/src/Masterdom.Modules.UtilityRating/Domain/Entities/UtilityRating/Events/RatingApprovedDomainEvent.cs(7,9): warning CS1591: Missing XML comment for publicly visible type or member 'RatingApprovedDomainEvent.RatingVersion' [/Users/kady/Masterdom/src/Masterdom.Modules.UtilityRating/Masterdom.Modules.UtilityRating.csproj]
/Users/kady/Masterdom/src/Masterdom.Modules.UtilityRating/Domain/Entities/UtilityRating/Events/RatingApprovedDomainEvent.cs(8,14): warning CS1591: Missing XML comment for publicly visible type or member 'RatingApprovedDomainEvent.OccurredOnUtc' [/Users/kady/Masterdom/src/Masterdom.Modules.UtilityRating/Masterdom.Modules.UtilityRating.csproj]
/Users/kady/Masterdom/src/Masterdom.Modules.UtilityRating/Domain/Entities/UtilityRating/Events/RatingArchivedDomainEvent.cs(5,22): warning CS1591: Missing XML comment for publicly visible type or member 'RatingArchivedDomainEvent' [/Users/kady/Masterdom/src/Masterdom.Modules.UtilityRating/Masterdom.Modules.UtilityRating.csproj]
/Users/kady/Masterdom/src/Masterdom.Modules.UtilityRating/Domain/Entities/UtilityRating/Events/RatingArchivedDomainEvent.cs(5,22): warning CS1591: Missing XML comment for publicly visible type or member 'RatingArchivedDomainEvent.RatingArchivedDomainEvent(UtilityRatingId, int, string, DateTime)' [/Users/kady/Masterdom/src/Masterdom.Modules.UtilityRating/Masterdom.Modules.UtilityRating.csproj]
/Users/kady/Masterdom/src/Masterdom.Modules.UtilityRating/Domain/Entities/UtilityRating/Events/RatingArchivedDomainEvent.cs(6,21): warning CS1591: Missing XML comment for publicly visible type or member 'RatingArchivedDomainEvent.UtilityRatingId' [/Users/kady/Masterdom/src/Masterdom.Modules.UtilityRating/Masterdom.Modules.UtilityRating.csproj]
/Users/kady/Masterdom/src/Masterdom.Modules.UtilityRating/Domain/Entities/UtilityRating/Events/RatingArchivedDomainEvent.cs(7,9): warning CS1591: Missing XML comment for publicly visible type or member 'RatingArchivedDomainEvent.RatingVersion' [/Users/kady/Masterdom/src/Masterdom.Modules.UtilityRating/Masterdom.Modules.UtilityRating.csproj]
/Users/kady/Masterdom/src/Masterdom.Modules.UtilityRating/Domain/Entities/UtilityRating/Events/RatingArchivedDomainEvent.cs(8,12): warning CS1591: Missing XML comment for publicly visible type or member 'RatingArchivedDomainEvent.Reason' [/Users/kady/Masterdom/src/Masterdom.Modules.UtilityRating/Masterdom.Modules.UtilityRating.csproj]
/Users/kady/Masterdom/src/Masterdom.Modules.UtilityRating/Domain/Entities/UtilityRating/Events/RatingArchivedDomainEvent.cs(9,14): warning CS1591: Missing XML comment for publicly visible type or member 'RatingArchivedDomainEvent.OccurredOnUtc' [/Users/kady/Masterdom/src/Masterdom.Modules.UtilityRating/Masterdom.Modules.UtilityRating.csproj]
/Users/kady/Masterdom/src/Masterdom.Modules.UtilityRating/Domain/Entities/UtilityRating/Events/RatingRecalculatedDomainEvent.cs(5,22): warning CS1591: Missing XML comment for publicly visible type or member 'RatingRecalculatedDomainEvent' [/Users/kady/Masterdom/src/Masterdom.Modules.UtilityRating/Masterdom.Modules.UtilityRating.csproj]
/Users/kady/Masterdom/src/Masterdom.Modules.UtilityRating/Domain/Entities/UtilityRating/Events/RatingRecalculatedDomainEvent.cs(5,22): warning CS1591: Missing XML comment for publicly visible type or member 'RatingRecalculatedDomainEvent.RatingRecalculatedDomainEvent(UtilityRatingId, UtilityRatingId, int, DateTime)' [/Users/kady/Masterdom/src/Masterdom.Modules.UtilityRating/Masterdom.Modules.UtilityRating.csproj]
/Users/kady/Masterdom/src/Masterdom.Modules.UtilityRating/Domain/Entities/UtilityRating/Events/RatingRecalculatedDomainEvent.cs(6,21): warning CS1591: Missing XML comment for publicly visible type or member 'RatingRecalculatedDomainEvent.PreviousUtilityRatingId' [/Users/kady/Masterdom/src/Masterdom.Modules.UtilityRating/Masterdom.Modules.UtilityRating.csproj]
/Users/kady/Masterdom/src/Masterdom.Modules.UtilityRating/Domain/Entities/UtilityRating/Events/RatingRecalculatedDomainEvent.cs(7,21): warning CS1591: Missing XML comment for publicly visible type or member 'RatingRecalculatedDomainEvent.NewUtilityRatingId' [/Users/kady/Masterdom/src/Masterdom.Modules.UtilityRating/Masterdom.Modules.UtilityRating.csproj]
/Users/kady/Masterdom/src/Masterdom.Modules.UtilityRating/Domain/Entities/UtilityRating/Events/RatingRecalculatedDomainEvent.cs(8,9): warning CS1591: Missing XML comment for publicly visible type or member 'RatingRecalculatedDomainEvent.NewVersion' [/Users/kady/Masterdom/src/Masterdom.Modules.UtilityRating/Masterdom.Modules.UtilityRating.csproj]
/Users/kady/Masterdom/src/Masterdom.Modules.UtilityRating/Domain/Entities/UtilityRating/Events/RatingRecalculatedDomainEvent.cs(9,14): warning CS1591: Missing XML comment for publicly visible type or member 'RatingRecalculatedDomainEvent.OccurredOnUtc' [/Users/kady/Masterdom/src/Masterdom.Modules.UtilityRating/Masterdom.Modules.UtilityRating.csproj]
/Users/kady/Masterdom/src/Masterdom.Modules.UtilityRating/Domain/Entities/UtilityRating/Events/TariffAppliedDomainEvent.cs(5,22): warning CS1591: Missing XML comment for publicly visible type or member 'TariffAppliedDomainEvent' [/Users/kady/Masterdom/src/Masterdom.Modules.UtilityRating/Masterdom.Modules.UtilityRating.csproj]
/Users/kady/Masterdom/src/Masterdom.Modules.UtilityRating/Domain/Entities/UtilityRating/Events/TariffAppliedDomainEvent.cs(5,22): warning CS1591: Missing XML comment for publicly visible type or member 'TariffAppliedDomainEvent.TariffAppliedDomainEvent(UtilityRatingId, string, int, DateTime)' [/Users/kady/Masterdom/src/Masterdom.Modules.UtilityRating/Masterdom.Modules.UtilityRating.csproj]
/Users/kady/Masterdom/src/Masterdom.Modules.UtilityRating/Domain/Entities/UtilityRating/Events/TariffAppliedDomainEvent.cs(6,21): warning CS1591: Missing XML comment for publicly visible type or member 'TariffAppliedDomainEvent.UtilityRatingId' [/Users/kady/Masterdom/src/Masterdom.Modules.UtilityRating/Masterdom.Modules.UtilityRating.csproj]
/Users/kady/Masterdom/src/Masterdom.Modules.UtilityRating/Domain/Entities/UtilityRating/Events/TariffAppliedDomainEvent.cs(7,12): warning CS1591: Missing XML comment for publicly visible type or member 'TariffAppliedDomainEvent.TariffCode' [/Users/kady/Masterdom/src/Masterdom.Modules.UtilityRating/Masterdom.Modules.UtilityRating.csproj]
/Users/kady/Masterdom/src/Masterdom.Modules.UtilityRating/Domain/Entities/UtilityRating/Events/TariffAppliedDomainEvent.cs(8,9): warning CS1591: Missing XML comment for publicly visible type or member 'TariffAppliedDomainEvent.TariffVersion' [/Users/kady/Masterdom/src/Masterdom.Modules.UtilityRating/Masterdom.Modules.UtilityRating.csproj]
/Users/kady/Masterdom/src/Masterdom.Modules.UtilityRating/Domain/Entities/UtilityRating/Events/TariffAppliedDomainEvent.cs(9,14): warning CS1591: Missing XML comment for publicly visible type or member 'TariffAppliedDomainEvent.OccurredOnUtc' [/Users/kady/Masterdom/src/Masterdom.Modules.UtilityRating/Masterdom.Modules.UtilityRating.csproj]
/Users/kady/Masterdom/src/Masterdom.Modules.UtilityRating/Domain/Entities/UtilityRating/FixedCharge.cs(3,21): warning CS1591: Missing XML comment for publicly visible type or member 'FixedCharge' [/Users/kady/Masterdom/src/Masterdom.Modules.UtilityRating/Masterdom.Modules.UtilityRating.csproj]
/Users/kady/Masterdom/src/Masterdom.Modules.UtilityRating/Domain/Entities/UtilityRating/FixedCharge.cs(10,31): warning CS1591: Missing XML comment for publicly visible type or member 'FixedCharge.Create(decimal)' [/Users/kady/Masterdom/src/Masterdom.Modules.UtilityRating/Masterdom.Modules.UtilityRating.csproj]
/Users/kady/Masterdom/src/Masterdom.Modules.UtilityRating/Domain/Entities/UtilityRating/MeterReference.cs(5,21): warning CS1591: Missing XML comment for publicly visible type or member 'MeterReference' [/Users/kady/Masterdom/src/Masterdom.Modules.UtilityRating/Masterdom.Modules.UtilityRating.csproj]
/Users/kady/Masterdom/src/Masterdom.Modules.UtilityRating/Domain/Entities/UtilityRating/MeterReference.cs(12,17): warning CS1591: Missing XML comment for publicly visible type or member 'MeterReference.MeterId' [/Users/kady/Masterdom/src/Masterdom.Modules.UtilityRating/Masterdom.Modules.UtilityRating.csproj]
/Users/kady/Masterdom/src/Masterdom.Modules.UtilityRating/Domain/Entities/UtilityRating/MeterReference.cs(14,34): warning CS1591: Missing XML comment for publicly visible type or member 'MeterReference.Create(Guid)' [/Users/kady/Masterdom/src/Masterdom.Modules.UtilityRating/Masterdom.Modules.UtilityRating.csproj]
/Users/kady/Masterdom/src/Masterdom.Modules.UtilityRating/Domain/Entities/UtilityRating/MeterReference.cs(24,45): warning CS1591: Missing XML comment for publicly visible type or member 'MeterReference.GetEqualityComponents()' [/Users/kady/Masterdom/src/Masterdom.Modules.UtilityRating/Masterdom.Modules.UtilityRating.csproj]
/Users/kady/Masterdom/src/Masterdom.Modules.UtilityRating/Domain/Entities/UtilityRating/MinimumCharge.cs(5,21): warning CS1591: Missing XML comment for publicly visible type or member 'MinimumCharge' [/Users/kady/Masterdom/src/Masterdom.Modules.UtilityRating/Masterdom.Modules.UtilityRating.csproj]
/Users/kady/Masterdom/src/Masterdom.Modules.UtilityRating/Domain/Entities/UtilityRating/MinimumCharge.cs(12,20): warning CS1591: Missing XML comment for publicly visible type or member 'MinimumCharge.Amount' [/Users/kady/Masterdom/src/Masterdom.Modules.UtilityRating/Masterdom.Modules.UtilityRating.csproj]
/Users/kady/Masterdom/src/Masterdom.Modules.UtilityRating/Domain/Entities/UtilityRating/MinimumCharge.cs(14,33): warning CS1591: Missing XML comment for publicly visible type or member 'MinimumCharge.Create(decimal)' [/Users/kady/Masterdom/src/Masterdom.Modules.UtilityRating/Masterdom.Modules.UtilityRating.csproj]
/Users/kady/Masterdom/src/Masterdom.Modules.UtilityRating/Domain/Entities/UtilityRating/MinimumCharge.cs(24,45): warning CS1591: Missing XML comment for publicly visible type or member 'MinimumCharge.GetEqualityComponents()' [/Users/kady/Masterdom/src/Masterdom.Modules.UtilityRating/Masterdom.Modules.UtilityRating.csproj]
/Users/kady/Masterdom/src/Masterdom.Modules.UtilityRating/Domain/Entities/UtilityRating/RateComponent.cs(5,23): warning CS1591: Missing XML comment for publicly visible type or member 'RateComponent' [/Users/kady/Masterdom/src/Masterdom.Modules.UtilityRating/Masterdom.Modules.UtilityRating.csproj]
/Users/kady/Masterdom/src/Masterdom.Modules.UtilityRating/Domain/Entities/UtilityRating/RateComponent.cs(7,15): warning CS1591: Missing XML comment for publicly visible type or member 'RateComponent.RateComponent(string, decimal)' [/Users/kady/Masterdom/src/Masterdom.Modules.UtilityRating/Masterdom.Modules.UtilityRating.csproj]
/Users/kady/Masterdom/src/Masterdom.Modules.UtilityRating/Domain/Entities/UtilityRating/RateComponent.cs(20,19): warning CS1591: Missing XML comment for publicly visible type or member 'RateComponent.Name' [/Users/kady/Masterdom/src/Masterdom.Modules.UtilityRating/Masterdom.Modules.UtilityRating.csproj]
/Users/kady/Masterdom/src/Masterdom.Modules.UtilityRating/Domain/Entities/UtilityRating/RateComponent.cs(22,20): warning CS1591: Missing XML comment for publicly visible type or member 'RateComponent.Amount' [/Users/kady/Masterdom/src/Masterdom.Modules.UtilityRating/Masterdom.Modules.UtilityRating.csproj]
/Users/kady/Masterdom/src/Masterdom.Modules.UtilityRating/Domain/Entities/UtilityRating/RateComponent.cs(24,33): warning CS1591: Missing XML comment for publicly visible type or member 'RateComponent.Create(string, decimal)' [/Users/kady/Masterdom/src/Masterdom.Modules.UtilityRating/Masterdom.Modules.UtilityRating.csproj]
/Users/kady/Masterdom/src/Masterdom.Modules.UtilityRating/Domain/Entities/UtilityRating/RateComponent.cs(29,45): warning CS1591: Missing XML comment for publicly visible type or member 'RateComponent.GetEqualityComponents()' [/Users/kady/Masterdom/src/Masterdom.Modules.UtilityRating/Masterdom.Modules.UtilityRating.csproj]
/Users/kady/Masterdom/src/Masterdom.Modules.UtilityRating/Domain/Entities/UtilityRating/RatedAmount.cs(5,21): warning CS1591: Missing XML comment for publicly visible type or member 'RatedAmount' [/Users/kady/Masterdom/src/Masterdom.Modules.UtilityRating/Masterdom.Modules.UtilityRating.csproj]
/Users/kady/Masterdom/src/Masterdom.Modules.UtilityRating/Domain/Entities/UtilityRating/RatedAmount.cs(12,20): warning CS1591: Missing XML comment for publicly visible type or member 'RatedAmount.Value' [/Users/kady/Masterdom/src/Masterdom.Modules.UtilityRating/Masterdom.Modules.UtilityRating.csproj]
/Users/kady/Masterdom/src/Masterdom.Modules.UtilityRating/Domain/Entities/UtilityRating/RatedAmount.cs(14,31): warning CS1591: Missing XML comment for publicly visible type or member 'RatedAmount.Create(decimal)' [/Users/kady/Masterdom/src/Masterdom.Modules.UtilityRating/Masterdom.Modules.UtilityRating.csproj]
/Users/kady/Masterdom/src/Masterdom.Modules.UtilityRating/Domain/Entities/UtilityRating/RatedAmount.cs(24,45): warning CS1591: Missing XML comment for publicly visible type or member 'RatedAmount.GetEqualityComponents()' [/Users/kady/Masterdom/src/Masterdom.Modules.UtilityRating/Masterdom.Modules.UtilityRating.csproj]
/Users/kady/Masterdom/src/Masterdom.Modules.UtilityRating/Domain/Entities/UtilityRating/RatedConsumption.cs(5,21): warning CS1591: Missing XML comment for publicly visible type or member 'RatedConsumption' [/Users/kady/Masterdom/src/Masterdom.Modules.UtilityRating/Masterdom.Modules.UtilityRating.csproj]
/Users/kady/Masterdom/src/Masterdom.Modules.UtilityRating/Domain/Entities/UtilityRating/RatedConsumption.cs(13,23): warning CS1591: Missing XML comment for publicly visible type or member 'RatedConsumption.RatedUnits' [/Users/kady/Masterdom/src/Masterdom.Modules.UtilityRating/Masterdom.Modules.UtilityRating.csproj]
/Users/kady/Masterdom/src/Masterdom.Modules.UtilityRating/Domain/Entities/UtilityRating/RatedConsumption.cs(15,24): warning CS1591: Missing XML comment for publicly visible type or member 'RatedConsumption.RatedAmount' [/Users/kady/Masterdom/src/Masterdom.Modules.UtilityRating/Masterdom.Modules.UtilityRating.csproj]
/Users/kady/Masterdom/src/Masterdom.Modules.UtilityRating/Domain/Entities/UtilityRating/RatedConsumption.cs(17,36): warning CS1591: Missing XML comment for publicly visible type or member 'RatedConsumption.Create(RatedUnits, RatedAmount)' [/Users/kady/Masterdom/src/Masterdom.Modules.UtilityRating/Masterdom.Modules.UtilityRating.csproj]
/Users/kady/Masterdom/src/Masterdom.Modules.UtilityRating/Domain/Entities/UtilityRating/RatedConsumption.cs(25,45): warning CS1591: Missing XML comment for publicly visible type or member 'RatedConsumption.GetEqualityComponents()' [/Users/kady/Masterdom/src/Masterdom.Modules.UtilityRating/Masterdom.Modules.UtilityRating.csproj]
/Users/kady/Masterdom/src/Masterdom.Modules.UtilityRating/Domain/Entities/UtilityRating/RatedUnits.cs(5,21): warning CS1591: Missing XML comment for publicly visible type or member 'RatedUnits' [/Users/kady/Masterdom/src/Masterdom.Modules.UtilityRating/Masterdom.Modules.UtilityRating.csproj]
/Users/kady/Masterdom/src/Masterdom.Modules.UtilityRating/Domain/Entities/UtilityRating/RatedUnits.cs(12,20): warning CS1591: Missing XML comment for publicly visible type or member 'RatedUnits.Value' [/Users/kady/Masterdom/src/Masterdom.Modules.UtilityRating/Masterdom.Modules.UtilityRating.csproj]
/Users/kady/Masterdom/src/Masterdom.Modules.UtilityRating/Domain/Entities/UtilityRating/RatedUnits.cs(14,30): warning CS1591: Missing XML comment for publicly visible type or member 'RatedUnits.Create(decimal)' [/Users/kady/Masterdom/src/Masterdom.Modules.UtilityRating/Masterdom.Modules.UtilityRating.csproj]
/Users/kady/Masterdom/src/Masterdom.Modules.UtilityRating/Domain/Entities/UtilityRating/RatedUnits.cs(24,45): warning CS1591: Missing XML comment for publicly visible type or member 'RatedUnits.GetEqualityComponents()' [/Users/kady/Masterdom/src/Masterdom.Modules.UtilityRating/Masterdom.Modules.UtilityRating.csproj]
/Users/kady/Masterdom/src/Masterdom.Modules.UtilityRating/Domain/Entities/UtilityRating/RatingBreakdown.cs(5,21): warning CS1591: Missing XML comment for publicly visible type or member 'RatingBreakdown' [/Users/kady/Masterdom/src/Masterdom.Modules.UtilityRating/Masterdom.Modules.UtilityRating.csproj]
/Users/kady/Masterdom/src/Masterdom.Modules.UtilityRating/Domain/Entities/UtilityRating/RatingBreakdown.cs(17,41): warning CS1591: Missing XML comment for publicly visible type or member 'RatingBreakdown.Components' [/Users/kady/Masterdom/src/Masterdom.Modules.UtilityRating/Masterdom.Modules.UtilityRating.csproj]
/Users/kady/Masterdom/src/Masterdom.Modules.UtilityRating/Domain/Entities/UtilityRating/RatingBreakdown.cs(19,24): warning CS1591: Missing XML comment for publicly visible type or member 'RatingBreakdown.Subtotal' [/Users/kady/Masterdom/src/Masterdom.Modules.UtilityRating/Masterdom.Modules.UtilityRating.csproj]
/Users/kady/Masterdom/src/Masterdom.Modules.UtilityRating/Domain/Entities/UtilityRating/RatingBreakdown.cs(21,24): warning CS1591: Missing XML comment for publicly visible type or member 'RatingBreakdown.Total' [/Users/kady/Masterdom/src/Masterdom.Modules.UtilityRating/Masterdom.Modules.UtilityRating.csproj]
/Users/kady/Masterdom/src/Masterdom.Modules.UtilityRating/Domain/Entities/UtilityRating/RatingBreakdown.cs(23,35): warning CS1591: Missing XML comment for publicly visible type or member 'RatingBreakdown.Calculate(RatedUnits, UtilityRate)' [/Users/kady/Masterdom/src/Masterdom.Modules.UtilityRating/Masterdom.Modules.UtilityRating.csproj]
/Users/kady/Masterdom/src/Masterdom.Modules.UtilityRating/Domain/Entities/UtilityRating/RatingBreakdown.cs(51,35): warning CS1591: Missing XML comment for publicly visible type or member 'RatingBreakdown.Create(IReadOnlyList<RateComponent>, RatedAmount, RatedAmount)' [/Users/kady/Masterdom/src/Masterdom.Modules.UtilityRating/Masterdom.Modules.UtilityRating.csproj]
/Users/kady/Masterdom/src/Masterdom.Modules.UtilityRating/Domain/Entities/UtilityRating/RatingBreakdown.cs(68,45): warning CS1591: Missing XML comment for publicly visible type or member 'RatingBreakdown.GetEqualityComponents()' [/Users/kady/Masterdom/src/Masterdom.Modules.UtilityRating/Masterdom.Modules.UtilityRating.csproj]
/Users/kady/Masterdom/src/Masterdom.Modules.UtilityRating/Domain/Entities/UtilityRating/RatingPeriod.cs(5,21): warning CS1591: Missing XML comment for publicly visible type or member 'RatingPeriod' [/Users/kady/Masterdom/src/Masterdom.Modules.UtilityRating/Masterdom.Modules.UtilityRating.csproj]
/Users/kady/Masterdom/src/Masterdom.Modules.UtilityRating/Domain/Entities/UtilityRating/RatingPeriod.cs(13,21): warning CS1591: Missing XML comment for publicly visible type or member 'RatingPeriod.StartDate' [/Users/kady/Masterdom/src/Masterdom.Modules.UtilityRating/Masterdom.Modules.UtilityRating.csproj]
/Users/kady/Masterdom/src/Masterdom.Modules.UtilityRating/Domain/Entities/UtilityRating/RatingPeriod.cs(15,21): warning CS1591: Missing XML comment for publicly visible type or member 'RatingPeriod.EndDate' [/Users/kady/Masterdom/src/Masterdom.Modules.UtilityRating/Masterdom.Modules.UtilityRating.csproj]
/Users/kady/Masterdom/src/Masterdom.Modules.UtilityRating/Domain/Entities/UtilityRating/RatingPeriod.cs(17,32): warning CS1591: Missing XML comment for publicly visible type or member 'RatingPeriod.Create(DateOnly, DateOnly)' [/Users/kady/Masterdom/src/Masterdom.Modules.UtilityRating/Masterdom.Modules.UtilityRating.csproj]
/Users/kady/Masterdom/src/Masterdom.Modules.UtilityRating/Domain/Entities/UtilityRating/RatingPeriod.cs(27,45): warning CS1591: Missing XML comment for publicly visible type or member 'RatingPeriod.GetEqualityComponents()' [/Users/kady/Masterdom/src/Masterdom.Modules.UtilityRating/Masterdom.Modules.UtilityRating.csproj]
/Users/kady/Masterdom/src/Masterdom.Modules.UtilityRating/Domain/Entities/UtilityRating/RatingResult.cs(5,21): warning CS1591: Missing XML comment for publicly visible type or member 'RatingResult' [/Users/kady/Masterdom/src/Masterdom.Modules.UtilityRating/Masterdom.Modules.UtilityRating.csproj]
/Users/kady/Masterdom/src/Masterdom.Modules.UtilityRating/Domain/Entities/UtilityRating/RatingResult.cs(13,28): warning CS1591: Missing XML comment for publicly visible type or member 'RatingResult.Breakdown' [/Users/kady/Masterdom/src/Masterdom.Modules.UtilityRating/Masterdom.Modules.UtilityRating.csproj]
/Users/kady/Masterdom/src/Masterdom.Modules.UtilityRating/Domain/Entities/UtilityRating/RatingResult.cs(15,21): warning CS1591: Missing XML comment for publicly visible type or member 'RatingResult.GeneratedAtUtc' [/Users/kady/Masterdom/src/Masterdom.Modules.UtilityRating/Masterdom.Modules.UtilityRating.csproj]
/Users/kady/Masterdom/src/Masterdom.Modules.UtilityRating/Domain/Entities/UtilityRating/RatingResult.cs(17,32): warning CS1591: Missing XML comment for publicly visible type or member 'RatingResult.Create(RatingBreakdown, DateTime)' [/Users/kady/Masterdom/src/Masterdom.Modules.UtilityRating/Masterdom.Modules.UtilityRating.csproj]
/Users/kady/Masterdom/src/Masterdom.Modules.UtilityRating/Domain/Entities/UtilityRating/RatingResult.cs(29,45): warning CS1591: Missing XML comment for publicly visible type or member 'RatingResult.GetEqualityComponents()' [/Users/kady/Masterdom/src/Masterdom.Modules.UtilityRating/Masterdom.Modules.UtilityRating.csproj]
/Users/kady/Masterdom/src/Masterdom.Modules.UtilityRating/Domain/Entities/UtilityRating/RatingSnapshot.cs(5,21): warning CS1591: Missing XML comment for publicly visible type or member 'RatingSnapshot' [/Users/kady/Masterdom/src/Masterdom.Modules.UtilityRating/Masterdom.Modules.UtilityRating.csproj]
/Users/kady/Masterdom/src/Masterdom.Modules.UtilityRating/Domain/Entities/UtilityRating/RatingSnapshot.cs(17,32): warning CS1591: Missing XML comment for publicly visible type or member 'RatingSnapshot.ConsumptionSnapshot' [/Users/kady/Masterdom/src/Masterdom.Modules.UtilityRating/Masterdom.Modules.UtilityRating.csproj]
/Users/kady/Masterdom/src/Masterdom.Modules.UtilityRating/Domain/Entities/UtilityRating/RatingSnapshot.cs(19,27): warning CS1591: Missing XML comment for publicly visible type or member 'RatingSnapshot.TariffSchedule' [/Users/kady/Masterdom/src/Masterdom.Modules.UtilityRating/Masterdom.Modules.UtilityRating.csproj]
/Users/kady/Masterdom/src/Masterdom.Modules.UtilityRating/Domain/Entities/UtilityRating/RatingSnapshot.cs(21,21): warning CS1591: Missing XML comment for publicly visible type or member 'RatingSnapshot.CapturedAtUtc' [/Users/kady/Masterdom/src/Masterdom.Modules.UtilityRating/Masterdom.Modules.UtilityRating.csproj]
/Users/kady/Masterdom/src/Masterdom.Modules.UtilityRating/Domain/Entities/UtilityRating/RatingSnapshot.cs(23,34): warning CS1591: Missing XML comment for publicly visible type or member 'RatingSnapshot.Create(ConsumptionSnapshot, TariffSchedule, DateTime)' [/Users/kady/Masterdom/src/Masterdom.Modules.UtilityRating/Masterdom.Modules.UtilityRating.csproj]
/Users/kady/Masterdom/src/Masterdom.Modules.UtilityRating/Domain/Entities/UtilityRating/RatingSnapshot.cs(39,45): warning CS1591: Missing XML comment for publicly visible type or member 'RatingSnapshot.GetEqualityComponents()' [/Users/kady/Masterdom/src/Masterdom.Modules.UtilityRating/Masterdom.Modules.UtilityRating.csproj]
/Users/kady/Masterdom/src/Masterdom.Modules.UtilityRating/Domain/Entities/UtilityRating/RatingStatus.cs(5,21): warning CS1591: Missing XML comment for publicly visible type or member 'RatingStatus' [/Users/kady/Masterdom/src/Masterdom.Modules.UtilityRating/Masterdom.Modules.UtilityRating.csproj]
/Users/kady/Masterdom/src/Masterdom.Modules.UtilityRating/Domain/Entities/UtilityRating/RatingStatus.cs(7,41): warning CS1591: Missing XML comment for publicly visible type or member 'RatingStatus.Calculated' [/Users/kady/Masterdom/src/Masterdom.Modules.UtilityRating/Masterdom.Modules.UtilityRating.csproj]
/Users/kady/Masterdom/src/Masterdom.Modules.UtilityRating/Domain/Entities/UtilityRating/RatingStatus.cs(8,41): warning CS1591: Missing XML comment for publicly visible type or member 'RatingStatus.Approved' [/Users/kady/Masterdom/src/Masterdom.Modules.UtilityRating/Masterdom.Modules.UtilityRating.csproj]
/Users/kady/Masterdom/src/Masterdom.Modules.UtilityRating/Domain/Entities/UtilityRating/RatingStatus.cs(9,41): warning CS1591: Missing XML comment for publicly visible type or member 'RatingStatus.Archived' [/Users/kady/Masterdom/src/Masterdom.Modules.UtilityRating/Masterdom.Modules.UtilityRating.csproj]
/Users/kady/Masterdom/src/Masterdom.Modules.UtilityRating/Domain/Entities/UtilityRating/RatingStatus.cs(16,19): warning CS1591: Missing XML comment for publicly visible type or member 'RatingStatus.Value' [/Users/kady/Masterdom/src/Masterdom.Modules.UtilityRating/Masterdom.Modules.UtilityRating.csproj]
/Users/kady/Masterdom/src/Masterdom.Modules.UtilityRating/Domain/Entities/UtilityRating/RatingStatus.cs(18,32): warning CS1591: Missing XML comment for publicly visible type or member 'RatingStatus.Create(string)' [/Users/kady/Masterdom/src/Masterdom.Modules.UtilityRating/Masterdom.Modules.UtilityRating.csproj]
/Users/kady/Masterdom/src/Masterdom.Modules.UtilityRating/Domain/Entities/UtilityRating/RatingStatus.cs(31,45): warning CS1591: Missing XML comment for publicly visible type or member 'RatingStatus.GetEqualityComponents()' [/Users/kady/Masterdom/src/Masterdom.Modules.UtilityRating/Masterdom.Modules.UtilityRating.csproj]
/Users/kady/Masterdom/src/Masterdom.Modules.UtilityRating/Domain/Entities/UtilityRating/RatingVersion.cs(5,21): warning CS1591: Missing XML comment for publicly visible type or member 'RatingVersion' [/Users/kady/Masterdom/src/Masterdom.Modules.UtilityRating/Masterdom.Modules.UtilityRating.csproj]
/Users/kady/Masterdom/src/Masterdom.Modules.UtilityRating/Domain/Entities/UtilityRating/RatingVersion.cs(12,16): warning CS1591: Missing XML comment for publicly visible type or member 'RatingVersion.Value' [/Users/kady/Masterdom/src/Masterdom.Modules.UtilityRating/Masterdom.Modules.UtilityRating.csproj]
/Users/kady/Masterdom/src/Masterdom.Modules.UtilityRating/Domain/Entities/UtilityRating/RatingVersion.cs(14,33): warning CS1591: Missing XML comment for publicly visible type or member 'RatingVersion.Initial' [/Users/kady/Masterdom/src/Masterdom.Modules.UtilityRating/Masterdom.Modules.UtilityRating.csproj]
/Users/kady/Masterdom/src/Masterdom.Modules.UtilityRating/Domain/Entities/UtilityRating/RatingVersion.cs(16,33): warning CS1591: Missing XML comment for publicly visible type or member 'RatingVersion.Create(int)' [/Users/kady/Masterdom/src/Masterdom.Modules.UtilityRating/Masterdom.Modules.UtilityRating.csproj]
/Users/kady/Masterdom/src/Masterdom.Modules.UtilityRating/Domain/Entities/UtilityRating/RatingVersion.cs(26,26): warning CS1591: Missing XML comment for publicly visible type or member 'RatingVersion.Next()' [/Users/kady/Masterdom/src/Masterdom.Modules.UtilityRating/Masterdom.Modules.UtilityRating.csproj]
/Users/kady/Masterdom/src/Masterdom.Modules.UtilityRating/Domain/Entities/UtilityRating/RatingVersion.cs(31,45): warning CS1591: Missing XML comment for publicly visible type or member 'RatingVersion.GetEqualityComponents()' [/Users/kady/Masterdom/src/Masterdom.Modules.UtilityRating/Masterdom.Modules.UtilityRating.csproj]
/Users/kady/Masterdom/src/Masterdom.Modules.UtilityRating/Domain/Entities/UtilityRating/TariffReference.cs(5,21): warning CS1591: Missing XML comment for publicly visible type or member 'TariffReference' [/Users/kady/Masterdom/src/Masterdom.Modules.UtilityRating/Masterdom.Modules.UtilityRating.csproj]
/Users/kady/Masterdom/src/Masterdom.Modules.UtilityRating/Domain/Entities/UtilityRating/TariffReference.cs(13,19): warning CS1591: Missing XML comment for publicly visible type or member 'TariffReference.TariffCode' [/Users/kady/Masterdom/src/Masterdom.Modules.UtilityRating/Masterdom.Modules.UtilityRating.csproj]
/Users/kady/Masterdom/src/Masterdom.Modules.UtilityRating/Domain/Entities/UtilityRating/TariffReference.cs(15,16): warning CS1591: Missing XML comment for publicly visible type or member 'TariffReference.TariffVersion' [/Users/kady/Masterdom/src/Masterdom.Modules.UtilityRating/Masterdom.Modules.UtilityRating.csproj]
/Users/kady/Masterdom/src/Masterdom.Modules.UtilityRating/Domain/Entities/UtilityRating/TariffReference.cs(17,35): warning CS1591: Missing XML comment for publicly visible type or member 'TariffReference.Create(string, int)' [/Users/kady/Masterdom/src/Masterdom.Modules.UtilityRating/Masterdom.Modules.UtilityRating.csproj]
/Users/kady/Masterdom/src/Masterdom.Modules.UtilityRating/Domain/Entities/UtilityRating/TariffReference.cs(35,45): warning CS1591: Missing XML comment for publicly visible type or member 'TariffReference.GetEqualityComponents()' [/Users/kady/Masterdom/src/Masterdom.Modules.UtilityRating/Masterdom.Modules.UtilityRating.csproj]
/Users/kady/Masterdom/src/Masterdom.Modules.UtilityRating/Domain/Entities/UtilityRating/TariffSchedule.cs(5,21): warning CS1591: Missing XML comment for publicly visible type or member 'TariffSchedule' [/Users/kady/Masterdom/src/Masterdom.Modules.UtilityRating/Masterdom.Modules.UtilityRating.csproj]
/Users/kady/Masterdom/src/Masterdom.Modules.UtilityRating/Domain/Entities/UtilityRating/TariffSchedule.cs(19,28): warning CS1591: Missing XML comment for publicly visible type or member 'TariffSchedule.TariffReference' [/Users/kady/Masterdom/src/Masterdom.Modules.UtilityRating/Masterdom.Modules.UtilityRating.csproj]
/Users/kady/Masterdom/src/Masterdom.Modules.UtilityRating/Domain/Entities/UtilityRating/TariffSchedule.cs(21,21): warning CS1591: Missing XML comment for publicly visible type or member 'TariffSchedule.EffectiveFrom' [/Users/kady/Masterdom/src/Masterdom.Modules.UtilityRating/Masterdom.Modules.UtilityRating.csproj]
/Users/kady/Masterdom/src/Masterdom.Modules.UtilityRating/Domain/Entities/UtilityRating/TariffSchedule.cs(23,22): warning CS1591: Missing XML comment for publicly visible type or member 'TariffSchedule.EffectiveTo' [/Users/kady/Masterdom/src/Masterdom.Modules.UtilityRating/Masterdom.Modules.UtilityRating.csproj]
/Users/kady/Masterdom/src/Masterdom.Modules.UtilityRating/Domain/Entities/UtilityRating/TariffSchedule.cs(25,24): warning CS1591: Missing XML comment for publicly visible type or member 'TariffSchedule.UtilityRate' [/Users/kady/Masterdom/src/Masterdom.Modules.UtilityRating/Masterdom.Modules.UtilityRating.csproj]
/Users/kady/Masterdom/src/Masterdom.Modules.UtilityRating/Domain/Entities/UtilityRating/TariffSchedule.cs(27,34): warning CS1591: Missing XML comment for publicly visible type or member 'TariffSchedule.Create(TariffReference, DateOnly, DateOnly?, UtilityRate)' [/Users/kady/Masterdom/src/Masterdom.Modules.UtilityRating/Masterdom.Modules.UtilityRating.csproj]
/Users/kady/Masterdom/src/Masterdom.Modules.UtilityRating/Domain/Entities/UtilityRating/TariffSchedule.cs(44,17): warning CS1591: Missing XML comment for publicly visible type or member 'TariffSchedule.EnsureCovers(RatingPeriod)' [/Users/kady/Masterdom/src/Masterdom.Modules.UtilityRating/Masterdom.Modules.UtilityRating.csproj]
/Users/kady/Masterdom/src/Masterdom.Modules.UtilityRating/Domain/Entities/UtilityRating/TariffSchedule.cs(59,45): warning CS1591: Missing XML comment for publicly visible type or member 'TariffSchedule.GetEqualityComponents()' [/Users/kady/Masterdom/src/Masterdom.Modules.UtilityRating/Masterdom.Modules.UtilityRating.csproj]
/Users/kady/Masterdom/src/Masterdom.Modules.UtilityRating/Domain/Entities/UtilityRating/UtilityRate.cs(5,21): warning CS1591: Missing XML comment for publicly visible type or member 'UtilityRate' [/Users/kady/Masterdom/src/Masterdom.Modules.UtilityRating/Masterdom.Modules.UtilityRating.csproj]
/Users/kady/Masterdom/src/Masterdom.Modules.UtilityRating/Domain/Entities/UtilityRating/UtilityRate.cs(21,28): warning CS1591: Missing XML comment for publicly visible type or member 'UtilityRate.TariffReference' [/Users/kady/Masterdom/src/Masterdom.Modules.UtilityRating/Masterdom.Modules.UtilityRating.csproj]
/Users/kady/Masterdom/src/Masterdom.Modules.UtilityRating/Domain/Entities/UtilityRating/UtilityRate.cs(23,24): warning CS1591: Missing XML comment for publicly visible type or member 'UtilityRate.FixedCharge' [/Users/kady/Masterdom/src/Masterdom.Modules.UtilityRating/Masterdom.Modules.UtilityRating.csproj]
/Users/kady/Masterdom/src/Masterdom.Modules.UtilityRating/Domain/Entities/UtilityRating/UtilityRate.cs(25,27): warning CS1591: Missing XML comment for publicly visible type or member 'UtilityRate.VariableCharge' [/Users/kady/Masterdom/src/Masterdom.Modules.UtilityRating/Masterdom.Modules.UtilityRating.csproj]
/Users/kady/Masterdom/src/Masterdom.Modules.UtilityRating/Domain/Entities/UtilityRating/UtilityRate.cs(27,26): warning CS1591: Missing XML comment for publicly visible type or member 'UtilityRate.MinimumCharge' [/Users/kady/Masterdom/src/Masterdom.Modules.UtilityRating/Masterdom.Modules.UtilityRating.csproj]
/Users/kady/Masterdom/src/Masterdom.Modules.UtilityRating/Domain/Entities/UtilityRating/UtilityRate.cs(29,32): warning CS1591: Missing XML comment for publicly visible type or member 'UtilityRate.AdjustmentComponent' [/Users/kady/Masterdom/src/Masterdom.Modules.UtilityRating/Masterdom.Modules.UtilityRating.csproj]
/Users/kady/Masterdom/src/Masterdom.Modules.UtilityRating/Domain/Entities/UtilityRating/UtilityRate.cs(31,31): warning CS1591: Missing XML comment for publicly visible type or member 'UtilityRate.Create(TariffReference, FixedCharge, VariableCharge, MinimumCharge, AdjustmentComponent)' [/Users/kady/Masterdom/src/Masterdom.Modules.UtilityRating/Masterdom.Modules.UtilityRating.csproj]
/Users/kady/Masterdom/src/Masterdom.Modules.UtilityRating/Domain/Entities/UtilityRating/UtilityRate.cs(47,45): warning CS1591: Missing XML comment for publicly visible type or member 'UtilityRate.GetEqualityComponents()' [/Users/kady/Masterdom/src/Masterdom.Modules.UtilityRating/Masterdom.Modules.UtilityRating.csproj]
/Users/kady/Masterdom/src/Masterdom.Modules.UtilityRating/Domain/Entities/UtilityRating/UtilityRating.cs(8,21): warning CS1591: Missing XML comment for publicly visible type or member 'UtilityRating' [/Users/kady/Masterdom/src/Masterdom.Modules.UtilityRating/Masterdom.Modules.UtilityRating.csproj]
/Users/kady/Masterdom/src/Masterdom.Modules.UtilityRating/Domain/Entities/UtilityRating/UtilityRating.cs(46,27): warning CS1591: Missing XML comment for publicly visible type or member 'UtilityRating.MeterReference' [/Users/kady/Masterdom/src/Masterdom.Modules.UtilityRating/Masterdom.Modules.UtilityRating.csproj]
/Users/kady/Masterdom/src/Masterdom.Modules.UtilityRating/Domain/Entities/UtilityRating/UtilityRating.cs(48,33): warning CS1591: Missing XML comment for publicly visible type or member 'UtilityRating.ConsumptionReference' [/Users/kady/Masterdom/src/Masterdom.Modules.UtilityRating/Masterdom.Modules.UtilityRating.csproj]
/Users/kady/Masterdom/src/Masterdom.Modules.UtilityRating/Domain/Entities/UtilityRating/UtilityRating.cs(50,25): warning CS1591: Missing XML comment for publicly visible type or member 'UtilityRating.RatingPeriod' [/Users/kady/Masterdom/src/Masterdom.Modules.UtilityRating/Masterdom.Modules.UtilityRating.csproj]
/Users/kady/Masterdom/src/Masterdom.Modules.UtilityRating/Domain/Entities/UtilityRating/UtilityRating.cs(52,28): warning CS1591: Missing XML comment for publicly visible type or member 'UtilityRating.TariffReference' [/Users/kady/Masterdom/src/Masterdom.Modules.UtilityRating/Masterdom.Modules.UtilityRating.csproj]
/Users/kady/Masterdom/src/Masterdom.Modules.UtilityRating/Domain/Entities/UtilityRating/UtilityRating.cs(54,23): warning CS1591: Missing XML comment for publicly visible type or member 'UtilityRating.RatedUnits' [/Users/kady/Masterdom/src/Masterdom.Modules.UtilityRating/Masterdom.Modules.UtilityRating.csproj]
/Users/kady/Masterdom/src/Masterdom.Modules.UtilityRating/Domain/Entities/UtilityRating/UtilityRating.cs(56,24): warning CS1591: Missing XML comment for publicly visible type or member 'UtilityRating.RatedAmount' [/Users/kady/Masterdom/src/Masterdom.Modules.UtilityRating/Masterdom.Modules.UtilityRating.csproj]
/Users/kady/Masterdom/src/Masterdom.Modules.UtilityRating/Domain/Entities/UtilityRating/UtilityRating.cs(58,25): warning CS1591: Missing XML comment for publicly visible type or member 'UtilityRating.RatingStatus' [/Users/kady/Masterdom/src/Masterdom.Modules.UtilityRating/Masterdom.Modules.UtilityRating.csproj]
/Users/kady/Masterdom/src/Masterdom.Modules.UtilityRating/Domain/Entities/UtilityRating/UtilityRating.cs(60,26): warning CS1591: Missing XML comment for publicly visible type or member 'UtilityRating.RatingVersion' [/Users/kady/Masterdom/src/Masterdom.Modules.UtilityRating/Masterdom.Modules.UtilityRating.csproj]
/Users/kady/Masterdom/src/Masterdom.Modules.UtilityRating/Domain/Entities/UtilityRating/UtilityRating.cs(62,25): warning CS1591: Missing XML comment for publicly visible type or member 'UtilityRating.RatingResult' [/Users/kady/Masterdom/src/Masterdom.Modules.UtilityRating/Masterdom.Modules.UtilityRating.csproj]
/Users/kady/Masterdom/src/Masterdom.Modules.UtilityRating/Domain/Entities/UtilityRating/UtilityRating.cs(64,27): warning CS1591: Missing XML comment for publicly visible type or member 'UtilityRating.RatingSnapshot' [/Users/kady/Masterdom/src/Masterdom.Modules.UtilityRating/Masterdom.Modules.UtilityRating.csproj]
/Users/kady/Masterdom/src/Masterdom.Modules.UtilityRating/Domain/Entities/UtilityRating/UtilityRating.cs(66,29): warning CS1591: Missing XML comment for publicly visible type or member 'UtilityRating.RatedConsumption' [/Users/kady/Masterdom/src/Masterdom.Modules.UtilityRating/Masterdom.Modules.UtilityRating.csproj]
/Users/kady/Masterdom/src/Masterdom.Modules.UtilityRating/Domain/Entities/UtilityRating/UtilityRating.cs(68,24): warning CS1591: Missing XML comment for publicly visible type or member 'UtilityRating.UtilityRate' [/Users/kady/Masterdom/src/Masterdom.Modules.UtilityRating/Masterdom.Modules.UtilityRating.csproj]
/Users/kady/Masterdom/src/Masterdom.Modules.UtilityRating/Domain/Entities/UtilityRating/UtilityRating.cs(70,27): warning CS1591: Missing XML comment for publicly visible type or member 'UtilityRating.TariffSchedule' [/Users/kady/Masterdom/src/Masterdom.Modules.UtilityRating/Masterdom.Modules.UtilityRating.csproj]
/Users/kady/Masterdom/src/Masterdom.Modules.UtilityRating/Domain/Entities/UtilityRating/UtilityRating.cs(72,21): warning CS1591: Missing XML comment for publicly visible type or member 'UtilityRating.RatedAtUtc' [/Users/kady/Masterdom/src/Masterdom.Modules.UtilityRating/Masterdom.Modules.UtilityRating.csproj]
/Users/kady/Masterdom/src/Masterdom.Modules.UtilityRating/Domain/Entities/UtilityRating/UtilityRating.cs(74,46): warning CS1591: Missing XML comment for publicly visible type or member 'UtilityRating.DomainEvents' [/Users/kady/Masterdom/src/Masterdom.Modules.UtilityRating/Masterdom.Modules.UtilityRating.csproj]
/Users/kady/Masterdom/src/Masterdom.Modules.UtilityRating/Domain/Entities/UtilityRating/UtilityRating.cs(76,33): warning CS1591: Missing XML comment for publicly visible type or member 'UtilityRating.Rate(UtilityRatingId, ConsumptionSnapshot, TariffSchedule, DateTime)' [/Users/kady/Masterdom/src/Masterdom.Modules.UtilityRating/Masterdom.Modules.UtilityRating.csproj]
/Users/kady/Masterdom/src/Masterdom.Modules.UtilityRating/Domain/Entities/UtilityRating/UtilityRating.cs(135,26): warning CS1591: Missing XML comment for publicly visible type or member 'UtilityRating.Recalculate(ConsumptionSnapshot, TariffSchedule, DateTime)' [/Users/kady/Masterdom/src/Masterdom.Modules.UtilityRating/Masterdom.Modules.UtilityRating.csproj]
/Users/kady/Masterdom/src/Masterdom.Modules.UtilityRating/Domain/Entities/UtilityRating/UtilityRating.cs(159,17): warning CS1591: Missing XML comment for publicly visible type or member 'UtilityRating.Approve(DateTime)' [/Users/kady/Masterdom/src/Masterdom.Modules.UtilityRating/Masterdom.Modules.UtilityRating.csproj]
/Users/kady/Masterdom/src/Masterdom.Modules.UtilityRating/Domain/Entities/UtilityRating/UtilityRating.cs(175,17): warning CS1591: Missing XML comment for publicly visible type or member 'UtilityRating.Archive(string, DateTime)' [/Users/kady/Masterdom/src/Masterdom.Modules.UtilityRating/Masterdom.Modules.UtilityRating.csproj]
/Users/kady/Masterdom/src/Masterdom.Modules.UtilityRating/Domain/Entities/UtilityRating/UtilityRating.cs(188,17): warning CS1591: Missing XML comment for publicly visible type or member 'UtilityRating.ClearDomainEvents()' [/Users/kady/Masterdom/src/Masterdom.Modules.UtilityRating/Masterdom.Modules.UtilityRating.csproj]
/Users/kady/Masterdom/src/Masterdom.Modules.UtilityRating/Domain/Entities/UtilityRating/UtilityRatingId.cs(5,22): warning CS1591: Missing XML comment for publicly visible type or member 'UtilityRatingId' [/Users/kady/Masterdom/src/Masterdom.Modules.UtilityRating/Masterdom.Modules.UtilityRating.csproj]
/Users/kady/Masterdom/src/Masterdom.Modules.UtilityRating/Domain/Entities/UtilityRating/UtilityRatingId.cs(5,22): warning CS1591: Missing XML comment for publicly visible type or member 'UtilityRatingId.UtilityRatingId(Guid)' [/Users/kady/Masterdom/src/Masterdom.Modules.UtilityRating/Masterdom.Modules.UtilityRating.csproj]
/Users/kady/Masterdom/src/Masterdom.Modules.UtilityRating/Domain/Entities/UtilityRating/UtilityRatingId.cs(7,35): warning CS1591: Missing XML comment for publicly visible type or member 'UtilityRatingId.New()' [/Users/kady/Masterdom/src/Masterdom.Modules.UtilityRating/Masterdom.Modules.UtilityRating.csproj]
/Users/kady/Masterdom/src/Masterdom.Modules.UtilityRating/Domain/Entities/UtilityRating/UtilityRatingId.cs(12,35): warning CS1591: Missing XML comment for publicly visible type or member 'UtilityRatingId.From(Guid)' [/Users/kady/Masterdom/src/Masterdom.Modules.UtilityRating/Masterdom.Modules.UtilityRating.csproj]
/Users/kady/Masterdom/src/Masterdom.Modules.UtilityRating/Domain/Entities/UtilityRating/VariableCharge.cs(5,21): warning CS1591: Missing XML comment for publicly visible type or member 'VariableCharge' [/Users/kady/Masterdom/src/Masterdom.Modules.UtilityRating/Masterdom.Modules.UtilityRating.csproj]
/Users/kady/Masterdom/src/Masterdom.Modules.UtilityRating/Domain/Entities/UtilityRating/VariableCharge.cs(12,20): warning CS1591: Missing XML comment for publicly visible type or member 'VariableCharge.RatePerUnit' [/Users/kady/Masterdom/src/Masterdom.Modules.UtilityRating/Masterdom.Modules.UtilityRating.csproj]
/Users/kady/Masterdom/src/Masterdom.Modules.UtilityRating/Domain/Entities/UtilityRating/VariableCharge.cs(14,34): warning CS1591: Missing XML comment for publicly visible type or member 'VariableCharge.Create(decimal)' [/Users/kady/Masterdom/src/Masterdom.Modules.UtilityRating/Masterdom.Modules.UtilityRating.csproj]
/Users/kady/Masterdom/src/Masterdom.Modules.UtilityRating/Domain/Entities/UtilityRating/VariableCharge.cs(24,45): warning CS1591: Missing XML comment for publicly visible type or member 'VariableCharge.GetEqualityComponents()' [/Users/kady/Masterdom/src/Masterdom.Modules.UtilityRating/Masterdom.Modules.UtilityRating.csproj]
/Users/kady/Masterdom/src/Masterdom.Modules.UtilityRating/Domain/Repositories/IUtilityRatingRepository.cs(6,18): warning CS1591: Missing XML comment for publicly visible type or member 'IUtilityRatingRepository' [/Users/kady/Masterdom/src/Masterdom.Modules.UtilityRating/Masterdom.Modules.UtilityRating.csproj]
/Users/kady/Masterdom/src/Masterdom.Modules.UtilityRating/Domain/Repositories/IUtilityRatingRepository.cs(8,10): warning CS1591: Missing XML comment for publicly visible type or member 'IUtilityRatingRepository.Add(UtilityRating)' [/Users/kady/Masterdom/src/Masterdom.Modules.UtilityRating/Masterdom.Modules.UtilityRating.csproj]
/Users/kady/Masterdom/src/Masterdom.Modules.UtilityRating/Domain/Repositories/IUtilityRatingRepository.cs(10,10): warning CS1591: Missing XML comment for publicly visible type or member 'IUtilityRatingRepository.Update(UtilityRating)' [/Users/kady/Masterdom/src/Masterdom.Modules.UtilityRating/Masterdom.Modules.UtilityRating.csproj]
/Users/kady/Masterdom/src/Masterdom.Modules.UtilityRating/Domain/Repositories/IUtilityRatingRepository.cs(12,29): warning CS1591: Missing XML comment for publicly visible type or member 'IUtilityRatingRepository.GetById(UtilityRatingId)' [/Users/kady/Masterdom/src/Masterdom.Modules.UtilityRating/Masterdom.Modules.UtilityRating.csproj]
/Users/kady/Masterdom/src/Masterdom.Modules.UtilityRating/Domain/Repositories/IUtilityRatingRepository.cs(14,29): warning CS1591: Missing XML comment for publicly visible type or member 'IUtilityRatingRepository.GetByMeterPeriodAndVersion(MeterReference, RatingPeriod, RatingVersion)' [/Users/kady/Masterdom/src/Masterdom.Modules.UtilityRating/Masterdom.Modules.UtilityRating.csproj]
/Users/kady/Masterdom/src/Masterdom.Modules.UtilityRating/Domain/Repositories/IUtilityRatingRepository.cs(19,29): warning CS1591: Missing XML comment for publicly visible type or member 'IUtilityRatingRepository.GetLatestByMeterAndPeriod(MeterReference, RatingPeriod)' [/Users/kady/Masterdom/src/Masterdom.Modules.UtilityRating/Masterdom.Modules.UtilityRating.csproj]
/Users/kady/Masterdom/src/Masterdom.Modules.Payment/Application/Support/ExecutionResult.cs(48,38): warning CS0108: 'ExecutionResult<T>.Failure(string, string)' hides inherited member 'ExecutionResult.Failure(string, string)'. Use the new keyword if hiding was intended. [/Users/kady/Masterdom/src/Masterdom.Modules.Payment/Masterdom.Modules.Payment.csproj]
/Users/kady/Masterdom/src/Masterdom.Modules.Payment/Application/Commands/AllocatePaymentCommand.cs(6,22): warning CS1591: Missing XML comment for publicly visible type or member 'AllocatePaymentCommand' [/Users/kady/Masterdom/src/Masterdom.Modules.Payment/Masterdom.Modules.Payment.csproj]
/Users/kady/Masterdom/src/Masterdom.Modules.Payment/Application/Commands/AllocatePaymentCommand.cs(6,22): warning CS1591: Missing XML comment for publicly visible type or member 'AllocatePaymentCommand.AllocatePaymentCommand(PaymentId, IReadOnlyCollection<BillSettlementContract>, DateTime)' [/Users/kady/Masterdom/src/Masterdom.Modules.Payment/Masterdom.Modules.Payment.csproj]
/Users/kady/Masterdom/src/Masterdom.Modules.Payment/Application/Commands/AllocatePaymentCommand.cs(7,15): warning CS1591: Missing XML comment for publicly visible type or member 'AllocatePaymentCommand.PaymentId' [/Users/kady/Masterdom/src/Masterdom.Modules.Payment/Masterdom.Modules.Payment.csproj]
/Users/kady/Masterdom/src/Masterdom.Modules.Payment/Application/Commands/AllocatePaymentCommand.cs(8,49): warning CS1591: Missing XML comment for publicly visible type or member 'AllocatePaymentCommand.BillSettlements' [/Users/kady/Masterdom/src/Masterdom.Modules.Payment/Masterdom.Modules.Payment.csproj]
/Users/kady/Masterdom/src/Masterdom.Modules.Payment/Application/Commands/AllocatePaymentCommand.cs(9,14): warning CS1591: Missing XML comment for publicly visible type or member 'AllocatePaymentCommand.AllocatedAtUtc' [/Users/kady/Masterdom/src/Masterdom.Modules.Payment/Masterdom.Modules.Payment.csproj]
/Users/kady/Masterdom/src/Masterdom.Modules.Payment/Application/Commands/AllocatePaymentCommand.cs(11,21): warning CS1591: Missing XML comment for publicly visible type or member 'AllocatePaymentCommandFactory' [/Users/kady/Masterdom/src/Masterdom.Modules.Payment/Masterdom.Modules.Payment.csproj]
/Users/kady/Masterdom/src/Masterdom.Modules.Payment/Application/Commands/AllocatePaymentCommand.cs(13,42): warning CS1591: Missing XML comment for publicly visible type or member 'AllocatePaymentCommandFactory.Create(PaymentId, IEnumerable<(Guid BillId, string BillNumber, decimal OutstandingAmount, DateOnly DueDate, decimal AllocationAmount)>, DateTime)' [/Users/kady/Masterdom/src/Masterdom.Modules.Payment/Masterdom.Modules.Payment.csproj]
/Users/kady/Masterdom/src/Masterdom.Modules.Payment/Application/Commands/ReceivePaymentCommand.cs(5,22): warning CS1591: Missing XML comment for publicly visible type or member 'ReceivePaymentCommand' [/Users/kady/Masterdom/src/Masterdom.Modules.Payment/Masterdom.Modules.Payment.csproj]
/Users/kady/Masterdom/src/Masterdom.Modules.Payment/Application/Commands/ReceivePaymentCommand.cs(5,22): warning CS1591: Missing XML comment for publicly visible type or member 'ReceivePaymentCommand.ReceivePaymentCommand(PaymentReference, PaymentAmount, PaymentDate, PaymentMethod, PaymentChannel, PaymentSource, DateTime)' [/Users/kady/Masterdom/src/Masterdom.Modules.Payment/Masterdom.Modules.Payment.csproj]
/Users/kady/Masterdom/src/Masterdom.Modules.Payment/Application/Commands/ReceivePaymentCommand.cs(6,22): warning CS1591: Missing XML comment for publicly visible type or member 'ReceivePaymentCommand.PaymentReference' [/Users/kady/Masterdom/src/Masterdom.Modules.Payment/Masterdom.Modules.Payment.csproj]
/Users/kady/Masterdom/src/Masterdom.Modules.Payment/Application/Commands/ReceivePaymentCommand.cs(7,19): warning CS1591: Missing XML comment for publicly visible type or member 'ReceivePaymentCommand.PaymentAmount' [/Users/kady/Masterdom/src/Masterdom.Modules.Payment/Masterdom.Modules.Payment.csproj]
/Users/kady/Masterdom/src/Masterdom.Modules.Payment/Application/Commands/ReceivePaymentCommand.cs(8,17): warning CS1591: Missing XML comment for publicly visible type or member 'ReceivePaymentCommand.PaymentDate' [/Users/kady/Masterdom/src/Masterdom.Modules.Payment/Masterdom.Modules.Payment.csproj]
/Users/kady/Masterdom/src/Masterdom.Modules.Payment/Application/Commands/ReceivePaymentCommand.cs(9,19): warning CS1591: Missing XML comment for publicly visible type or member 'ReceivePaymentCommand.PaymentMethod' [/Users/kady/Masterdom/src/Masterdom.Modules.Payment/Masterdom.Modules.Payment.csproj]
/Users/kady/Masterdom/src/Masterdom.Modules.Payment/Application/Commands/ReceivePaymentCommand.cs(10,20): warning CS1591: Missing XML comment for publicly visible type or member 'ReceivePaymentCommand.PaymentChannel' [/Users/kady/Masterdom/src/Masterdom.Modules.Payment/Masterdom.Modules.Payment.csproj]
/Users/kady/Masterdom/src/Masterdom.Modules.Payment/Application/Commands/ReceivePaymentCommand.cs(11,19): warning CS1591: Missing XML comment for publicly visible type or member 'ReceivePaymentCommand.PaymentSource' [/Users/kady/Masterdom/src/Masterdom.Modules.Payment/Masterdom.Modules.Payment.csproj]
/Users/kady/Masterdom/src/Masterdom.Modules.Payment/Application/Commands/ReceivePaymentCommand.cs(12,14): warning CS1591: Missing XML comment for publicly visible type or member 'ReceivePaymentCommand.ReceivedAtUtc' [/Users/kady/Masterdom/src/Masterdom.Modules.Payment/Masterdom.Modules.Payment.csproj]
/Users/kady/Masterdom/src/Masterdom.Modules.Payment/Application/Commands/ReversePaymentCommand.cs(5,22): warning CS1591: Missing XML comment for publicly visible type or member 'ReversePaymentCommand' [/Users/kady/Masterdom/src/Masterdom.Modules.Payment/Masterdom.Modules.Payment.csproj]
/Users/kady/Masterdom/src/Masterdom.Modules.Payment/Application/Commands/ReversePaymentCommand.cs(5,22): warning CS1591: Missing XML comment for publicly visible type or member 'ReversePaymentCommand.ReversePaymentCommand(PaymentId, string, DateTime)' [/Users/kady/Masterdom/src/Masterdom.Modules.Payment/Masterdom.Modules.Payment.csproj]
/Users/kady/Masterdom/src/Masterdom.Modules.Payment/Application/Commands/ReversePaymentCommand.cs(6,15): warning CS1591: Missing XML comment for publicly visible type or member 'ReversePaymentCommand.PaymentId' [/Users/kady/Masterdom/src/Masterdom.Modules.Payment/Masterdom.Modules.Payment.csproj]
/Users/kady/Masterdom/src/Masterdom.Modules.Payment/Application/Commands/ReversePaymentCommand.cs(7,12): warning CS1591: Missing XML comment for publicly visible type or member 'ReversePaymentCommand.Reason' [/Users/kady/Masterdom/src/Masterdom.Modules.Payment/Masterdom.Modules.Payment.csproj]
/Users/kady/Masterdom/src/Masterdom.Modules.Payment/Application/Commands/ReversePaymentCommand.cs(8,14): warning CS1591: Missing XML comment for publicly visible type or member 'ReversePaymentCommand.ReversedAtUtc' [/Users/kady/Masterdom/src/Masterdom.Modules.Payment/Masterdom.Modules.Payment.csproj]
/Users/kady/Masterdom/src/Masterdom.Modules.Payment/Application/Commands/VoidPaymentCommand.cs(5,22): warning CS1591: Missing XML comment for publicly visible type or member 'VoidPaymentCommand' [/Users/kady/Masterdom/src/Masterdom.Modules.Payment/Masterdom.Modules.Payment.csproj]
/Users/kady/Masterdom/src/Masterdom.Modules.Payment/Application/Commands/VoidPaymentCommand.cs(5,22): warning CS1591: Missing XML comment for publicly visible type or member 'VoidPaymentCommand.VoidPaymentCommand(PaymentId, string, DateTime)' [/Users/kady/Masterdom/src/Masterdom.Modules.Payment/Masterdom.Modules.Payment.csproj]
/Users/kady/Masterdom/src/Masterdom.Modules.Payment/Application/Commands/VoidPaymentCommand.cs(6,15): warning CS1591: Missing XML comment for publicly visible type or member 'VoidPaymentCommand.PaymentId' [/Users/kady/Masterdom/src/Masterdom.Modules.Payment/Masterdom.Modules.Payment.csproj]
/Users/kady/Masterdom/src/Masterdom.Modules.Payment/Application/Commands/VoidPaymentCommand.cs(7,12): warning CS1591: Missing XML comment for publicly visible type or member 'VoidPaymentCommand.Reason' [/Users/kady/Masterdom/src/Masterdom.Modules.Payment/Masterdom.Modules.Payment.csproj]
/Users/kady/Masterdom/src/Masterdom.Modules.Payment/Application/Commands/VoidPaymentCommand.cs(8,14): warning CS1591: Missing XML comment for publicly visible type or member 'VoidPaymentCommand.VoidedAtUtc' [/Users/kady/Masterdom/src/Masterdom.Modules.Payment/Masterdom.Modules.Payment.csproj]
/Users/kady/Masterdom/src/Masterdom.Modules.Payment/Application/Handlers/Commands/AllocatePaymentCommandHandler.cs(8,21): warning CS1591: Missing XML comment for publicly visible type or member 'AllocatePaymentCommandHandler' [/Users/kady/Masterdom/src/Masterdom.Modules.Payment/Masterdom.Modules.Payment.csproj]
/Users/kady/Masterdom/src/Masterdom.Modules.Payment/Application/Handlers/Commands/AllocatePaymentCommandHandler.cs(12,12): warning CS1591: Missing XML comment for publicly visible type or member 'AllocatePaymentCommandHandler.AllocatePaymentCommandHandler(IPaymentApplicationService)' [/Users/kady/Masterdom/src/Masterdom.Modules.Payment/Masterdom.Modules.Payment.csproj]
/Users/kady/Masterdom/src/Masterdom.Modules.Payment/Application/Handlers/Commands/AllocatePaymentCommandHandler.cs(17,46): warning CS1591: Missing XML comment for publicly visible type or member 'AllocatePaymentCommandHandler.Handle(AllocatePaymentCommand)' [/Users/kady/Masterdom/src/Masterdom.Modules.Payment/Masterdom.Modules.Payment.csproj]
/Users/kady/Masterdom/src/Masterdom.Modules.Payment/Application/Handlers/Commands/ReceivePaymentCommandHandler.cs(8,21): warning CS1591: Missing XML comment for publicly visible type or member 'ReceivePaymentCommandHandler' [/Users/kady/Masterdom/src/Masterdom.Modules.Payment/Masterdom.Modules.Payment.csproj]
/Users/kady/Masterdom/src/Masterdom.Modules.Payment/Application/Handlers/Commands/ReceivePaymentCommandHandler.cs(12,12): warning CS1591: Missing XML comment for publicly visible type or member 'ReceivePaymentCommandHandler.ReceivePaymentCommandHandler(IPaymentApplicationService)' [/Users/kady/Masterdom/src/Masterdom.Modules.Payment/Masterdom.Modules.Payment.csproj]
/Users/kady/Masterdom/src/Masterdom.Modules.Payment/Application/Handlers/Commands/ReceivePaymentCommandHandler.cs(17,46): warning CS1591: Missing XML comment for publicly visible type or member 'ReceivePaymentCommandHandler.Handle(ReceivePaymentCommand)' [/Users/kady/Masterdom/src/Masterdom.Modules.Payment/Masterdom.Modules.Payment.csproj]
/Users/kady/Masterdom/src/Masterdom.Modules.Payment/Application/Handlers/Commands/ReversePaymentCommandHandler.cs(8,21): warning CS1591: Missing XML comment for publicly visible type or member 'ReversePaymentCommandHandler' [/Users/kady/Masterdom/src/Masterdom.Modules.Payment/Masterdom.Modules.Payment.csproj]
/Users/kady/Masterdom/src/Masterdom.Modules.Payment/Application/Handlers/Commands/ReversePaymentCommandHandler.cs(12,12): warning CS1591: Missing XML comment for publicly visible type or member 'ReversePaymentCommandHandler.ReversePaymentCommandHandler(IPaymentApplicationService)' [/Users/kady/Masterdom/src/Masterdom.Modules.Payment/Masterdom.Modules.Payment.csproj]
/Users/kady/Masterdom/src/Masterdom.Modules.Payment/Application/Handlers/Commands/ReversePaymentCommandHandler.cs(17,46): warning CS1591: Missing XML comment for publicly visible type or member 'ReversePaymentCommandHandler.Handle(ReversePaymentCommand)' [/Users/kady/Masterdom/src/Masterdom.Modules.Payment/Masterdom.Modules.Payment.csproj]
/Users/kady/Masterdom/src/Masterdom.Modules.Payment/Application/Handlers/Commands/VoidPaymentCommandHandler.cs(8,21): warning CS1591: Missing XML comment for publicly visible type or member 'VoidPaymentCommandHandler' [/Users/kady/Masterdom/src/Masterdom.Modules.Payment/Masterdom.Modules.Payment.csproj]
/Users/kady/Masterdom/src/Masterdom.Modules.Payment/Application/Handlers/Commands/VoidPaymentCommandHandler.cs(12,12): warning CS1591: Missing XML comment for publicly visible type or member 'VoidPaymentCommandHandler.VoidPaymentCommandHandler(IPaymentApplicationService)' [/Users/kady/Masterdom/src/Masterdom.Modules.Payment/Masterdom.Modules.Payment.csproj]
/Users/kady/Masterdom/src/Masterdom.Modules.Payment/Application/Handlers/Commands/VoidPaymentCommandHandler.cs(17,46): warning CS1591: Missing XML comment for publicly visible type or member 'VoidPaymentCommandHandler.Handle(VoidPaymentCommand)' [/Users/kady/Masterdom/src/Masterdom.Modules.Payment/Masterdom.Modules.Payment.csproj]
/Users/kady/Masterdom/src/Masterdom.Modules.Payment/Application/Handlers/Queries/GetPaymentByIdQueryHandler.cs(8,21): warning CS1591: Missing XML comment for publicly visible type or member 'GetPaymentByIdQueryHandler' [/Users/kady/Masterdom/src/Masterdom.Modules.Payment/Masterdom.Modules.Payment.csproj]
/Users/kady/Masterdom/src/Masterdom.Modules.Payment/Application/Handlers/Queries/GetPaymentByIdQueryHandler.cs(12,12): warning CS1591: Missing XML comment for publicly visible type or member 'GetPaymentByIdQueryHandler.GetPaymentByIdQueryHandler(IPaymentApplicationService)' [/Users/kady/Masterdom/src/Masterdom.Modules.Payment/Masterdom.Modules.Payment.csproj]
/Users/kady/Masterdom/src/Masterdom.Modules.Payment/Application/Handlers/Queries/GetPaymentByIdQueryHandler.cs(17,46): warning CS1591: Missing XML comment for publicly visible type or member 'GetPaymentByIdQueryHandler.Handle(GetPaymentByIdQuery)' [/Users/kady/Masterdom/src/Masterdom.Modules.Payment/Masterdom.Modules.Payment.csproj]
/Users/kady/Masterdom/src/Masterdom.Modules.Payment/Application/Handlers/Queries/GetPaymentByReferenceQueryHandler.cs(8,21): warning CS1591: Missing XML comment for publicly visible type or member 'GetPaymentByReferenceQueryHandler' [/Users/kady/Masterdom/src/Masterdom.Modules.Payment/Masterdom.Modules.Payment.csproj]
/Users/kady/Masterdom/src/Masterdom.Modules.Payment/Application/Handlers/Queries/GetPaymentByReferenceQueryHandler.cs(12,12): warning CS1591: Missing XML comment for publicly visible type or member 'GetPaymentByReferenceQueryHandler.GetPaymentByReferenceQueryHandler(IPaymentApplicationService)' [/Users/kady/Masterdom/src/Masterdom.Modules.Payment/Masterdom.Modules.Payment.csproj]
/Users/kady/Masterdom/src/Masterdom.Modules.Payment/Application/Handlers/Queries/GetPaymentByReferenceQueryHandler.cs(17,46): warning CS1591: Missing XML comment for publicly visible type or member 'GetPaymentByReferenceQueryHandler.Handle(GetPaymentByReferenceQuery)' [/Users/kady/Masterdom/src/Masterdom.Modules.Payment/Masterdom.Modules.Payment.csproj]
/Users/kady/Masterdom/src/Masterdom.Modules.Payment/Application/Queries/GetPaymentByIdQuery.cs(5,22): warning CS1591: Missing XML comment for publicly visible type or member 'GetPaymentByIdQuery' [/Users/kady/Masterdom/src/Masterdom.Modules.Payment/Masterdom.Modules.Payment.csproj]
/Users/kady/Masterdom/src/Masterdom.Modules.Payment/Application/Queries/GetPaymentByIdQuery.cs(5,22): warning CS1591: Missing XML comment for publicly visible type or member 'GetPaymentByIdQuery.GetPaymentByIdQuery(PaymentId)' [/Users/kady/Masterdom/src/Masterdom.Modules.Payment/Masterdom.Modules.Payment.csproj]
/Users/kady/Masterdom/src/Masterdom.Modules.Payment/Application/Queries/GetPaymentByIdQuery.cs(5,52): warning CS1591: Missing XML comment for publicly visible type or member 'GetPaymentByIdQuery.PaymentId' [/Users/kady/Masterdom/src/Masterdom.Modules.Payment/Masterdom.Modules.Payment.csproj]
/Users/kady/Masterdom/src/Masterdom.Modules.Payment/Application/Queries/GetPaymentByReferenceQuery.cs(5,22): warning CS1591: Missing XML comment for publicly visible type or member 'GetPaymentByReferenceQuery' [/Users/kady/Masterdom/src/Masterdom.Modules.Payment/Masterdom.Modules.Payment.csproj]
/Users/kady/Masterdom/src/Masterdom.Modules.Payment/Application/Queries/GetPaymentByReferenceQuery.cs(5,22): warning CS1591: Missing XML comment for publicly visible type or member 'GetPaymentByReferenceQuery.GetPaymentByReferenceQuery(PaymentReference)' [/Users/kady/Masterdom/src/Masterdom.Modules.Payment/Masterdom.Modules.Payment.csproj]
/Users/kady/Masterdom/src/Masterdom.Modules.Payment/Application/Queries/GetPaymentByReferenceQuery.cs(5,66): warning CS1591: Missing XML comment for publicly visible type or member 'GetPaymentByReferenceQuery.PaymentReference' [/Users/kady/Masterdom/src/Masterdom.Modules.Payment/Masterdom.Modules.Payment.csproj]
/Users/kady/Masterdom/src/Masterdom.Modules.Payment/Application/Services/IPaymentApplicationService.cs(7,18): warning CS1591: Missing XML comment for publicly visible type or member 'IPaymentApplicationService' [/Users/kady/Masterdom/src/Masterdom.Modules.Payment/Masterdom.Modules.Payment.csproj]
/Users/kady/Masterdom/src/Masterdom.Modules.Payment/Application/Services/IPaymentApplicationService.cs(9,22): warning CS1591: Missing XML comment for publicly visible type or member 'IPaymentApplicationService.ReceivePayment(ReceivePaymentCommand)' [/Users/kady/Masterdom/src/Masterdom.Modules.Payment/Masterdom.Modules.Payment.csproj]
/Users/kady/Masterdom/src/Masterdom.Modules.Payment/Application/Services/IPaymentApplicationService.cs(11,22): warning CS1591: Missing XML comment for publicly visible type or member 'IPaymentApplicationService.AllocatePayment(AllocatePaymentCommand)' [/Users/kady/Masterdom/src/Masterdom.Modules.Payment/Masterdom.Modules.Payment.csproj]
/Users/kady/Masterdom/src/Masterdom.Modules.Payment/Application/Services/IPaymentApplicationService.cs(13,22): warning CS1591: Missing XML comment for publicly visible type or member 'IPaymentApplicationService.ReversePayment(ReversePaymentCommand)' [/Users/kady/Masterdom/src/Masterdom.Modules.Payment/Masterdom.Modules.Payment.csproj]
/Users/kady/Masterdom/src/Masterdom.Modules.Payment/Application/Services/IPaymentApplicationService.cs(15,22): warning CS1591: Missing XML comment for publicly visible type or member 'IPaymentApplicationService.VoidPayment(VoidPaymentCommand)' [/Users/kady/Masterdom/src/Masterdom.Modules.Payment/Masterdom.Modules.Payment.csproj]
/Users/kady/Masterdom/src/Masterdom.Modules.Payment/Application/Services/IPaymentApplicationService.cs(17,23): warning CS1591: Missing XML comment for publicly visible type or member 'IPaymentApplicationService.GetPayment(GetPaymentByIdQuery)' [/Users/kady/Masterdom/src/Masterdom.Modules.Payment/Masterdom.Modules.Payment.csproj]
/Users/kady/Masterdom/src/Masterdom.Modules.Payment/Application/Services/IPaymentApplicationService.cs(19,23): warning CS1591: Missing XML comment for publicly visible type or member 'IPaymentApplicationService.GetPayment(GetPaymentByReferenceQuery)' [/Users/kady/Masterdom/src/Masterdom.Modules.Payment/Masterdom.Modules.Payment.csproj]
/Users/kady/Masterdom/src/Masterdom.Modules.Payment/Application/Services/PaymentApplicationService.cs(10,21): warning CS1591: Missing XML comment for publicly visible type or member 'PaymentApplicationService' [/Users/kady/Masterdom/src/Masterdom.Modules.Payment/Masterdom.Modules.Payment.csproj]
/Users/kady/Masterdom/src/Masterdom.Modules.Payment/Application/Services/PaymentApplicationService.cs(16,12): warning CS1591: Missing XML comment for publicly visible type or member 'PaymentApplicationService.PaymentApplicationService(IPaymentRepository, IPaymentUnitOfWork, IPaymentPlatformOrchestrator)' [/Users/kady/Masterdom/src/Masterdom.Modules.Payment/Masterdom.Modules.Payment.csproj]
/Users/kady/Masterdom/src/Masterdom.Modules.Payment/Application/Services/PaymentApplicationService.cs(26,29): warning CS1591: Missing XML comment for publicly visible type or member 'PaymentApplicationService.ReceivePayment(ReceivePaymentCommand)' [/Users/kady/Masterdom/src/Masterdom.Modules.Payment/Masterdom.Modules.Payment.csproj]
/Users/kady/Masterdom/src/Masterdom.Modules.Payment/Application/Services/PaymentApplicationService.cs(52,29): warning CS1591: Missing XML comment for publicly visible type or member 'PaymentApplicationService.AllocatePayment(AllocatePaymentCommand)' [/Users/kady/Masterdom/src/Masterdom.Modules.Payment/Masterdom.Modules.Payment.csproj]
/Users/kady/Masterdom/src/Masterdom.Modules.Payment/Application/Services/PaymentApplicationService.cs(65,29): warning CS1591: Missing XML comment for publicly visible type or member 'PaymentApplicationService.ReversePayment(ReversePaymentCommand)' [/Users/kady/Masterdom/src/Masterdom.Modules.Payment/Masterdom.Modules.Payment.csproj]
/Users/kady/Masterdom/src/Masterdom.Modules.Payment/Application/Services/PaymentApplicationService.cs(78,29): warning CS1591: Missing XML comment for publicly visible type or member 'PaymentApplicationService.VoidPayment(VoidPaymentCommand)' [/Users/kady/Masterdom/src/Masterdom.Modules.Payment/Masterdom.Modules.Payment.csproj]
/Users/kady/Masterdom/src/Masterdom.Modules.Payment/Application/Services/PaymentApplicationService.cs(91,30): warning CS1591: Missing XML comment for publicly visible type or member 'PaymentApplicationService.GetPayment(GetPaymentByIdQuery)' [/Users/kady/Masterdom/src/Masterdom.Modules.Payment/Masterdom.Modules.Payment.csproj]
/Users/kady/Masterdom/src/Masterdom.Modules.Payment/Application/Services/PaymentApplicationService.cs(97,30): warning CS1591: Missing XML comment for publicly visible type or member 'PaymentApplicationService.GetPayment(GetPaymentByReferenceQuery)' [/Users/kady/Masterdom/src/Masterdom.Modules.Payment/Masterdom.Modules.Payment.csproj]
/Users/kady/Masterdom/src/Masterdom.Modules.Payment/Application/Support/ExecutionResult.cs(3,14): warning CS1591: Missing XML comment for publicly visible type or member 'ExecutionResult' [/Users/kady/Masterdom/src/Masterdom.Modules.Payment/Masterdom.Modules.Payment.csproj]
/Users/kady/Masterdom/src/Masterdom.Modules.Payment/Application/Support/ExecutionResult.cs(5,15): warning CS1591: Missing XML comment for publicly visible type or member 'ExecutionResult.ExecutionResult(bool, string?, string?)' [/Users/kady/Masterdom/src/Masterdom.Modules.Payment/Masterdom.Modules.Payment.csproj]
/Users/kady/Masterdom/src/Masterdom.Modules.Payment/Application/Support/ExecutionResult.cs(12,17): warning CS1591: Missing XML comment for publicly visible type or member 'ExecutionResult.IsSuccess' [/Users/kady/Masterdom/src/Masterdom.Modules.Payment/Masterdom.Modules.Payment.csproj]
/Users/kady/Masterdom/src/Masterdom.Modules.Payment/Application/Support/ExecutionResult.cs(14,20): warning CS1591: Missing XML comment for publicly visible type or member 'ExecutionResult.ErrorCode' [/Users/kady/Masterdom/src/Masterdom.Modules.Payment/Masterdom.Modules.Payment.csproj]
/Users/kady/Masterdom/src/Masterdom.Modules.Payment/Application/Support/ExecutionResult.cs(16,20): warning CS1591: Missing XML comment for publicly visible type or member 'ExecutionResult.ErrorMessage' [/Users/kady/Masterdom/src/Masterdom.Modules.Payment/Masterdom.Modules.Payment.csproj]
/Users/kady/Masterdom/src/Masterdom.Modules.Payment/Application/Support/ExecutionResult.cs(18,35): warning CS1591: Missing XML comment for publicly visible type or member 'ExecutionResult.Success()' [/Users/kady/Masterdom/src/Masterdom.Modules.Payment/Masterdom.Modules.Payment.csproj]
/Users/kady/Masterdom/src/Masterdom.Modules.Payment/Application/Support/ExecutionResult.cs(23,35): warning CS1591: Missing XML comment for publicly visible type or member 'ExecutionResult.Failure(string, string)' [/Users/kady/Masterdom/src/Masterdom.Modules.Payment/Masterdom.Modules.Payment.csproj]
/Users/kady/Masterdom/src/Masterdom.Modules.Payment/Application/Support/ExecutionResult.cs(32,21): warning CS1591: Missing XML comment for publicly visible type or member 'ExecutionResult<T>' [/Users/kady/Masterdom/src/Masterdom.Modules.Payment/Masterdom.Modules.Payment.csproj]
/Users/kady/Masterdom/src/Masterdom.Modules.Payment/Application/Support/ExecutionResult.cs(40,15): warning CS1591: Missing XML comment for publicly visible type or member 'ExecutionResult<T>.Value' [/Users/kady/Masterdom/src/Masterdom.Modules.Payment/Masterdom.Modules.Payment.csproj]
/Users/kady/Masterdom/src/Masterdom.Modules.Payment/Application/Support/ExecutionResult.cs(42,38): warning CS1591: Missing XML comment for publicly visible type or member 'ExecutionResult<T>.Success(T)' [/Users/kady/Masterdom/src/Masterdom.Modules.Payment/Masterdom.Modules.Payment.csproj]
/Users/kady/Masterdom/src/Masterdom.Modules.Payment/Application/Support/ExecutionResult.cs(48,38): warning CS1591: Missing XML comment for publicly visible type or member 'ExecutionResult<T>.Failure(string, string)' [/Users/kady/Masterdom/src/Masterdom.Modules.Payment/Masterdom.Modules.Payment.csproj]
/Users/kady/Masterdom/src/Masterdom.Modules.Payment/Application/Support/ICommandHandler.cs(3,18): warning CS1591: Missing XML comment for publicly visible type or member 'ICommandHandler<TCommand, TResult>' [/Users/kady/Masterdom/src/Masterdom.Modules.Payment/Masterdom.Modules.Payment.csproj]
/Users/kady/Masterdom/src/Masterdom.Modules.Payment/Application/Support/ICommandHandler.cs(5,13): warning CS1591: Missing XML comment for publicly visible type or member 'ICommandHandler<TCommand, TResult>.Handle(TCommand)' [/Users/kady/Masterdom/src/Masterdom.Modules.Payment/Masterdom.Modules.Payment.csproj]
/Users/kady/Masterdom/src/Masterdom.Modules.Payment/Application/Support/IPaymentPlatformOrchestrator.cs(5,18): warning CS1591: Missing XML comment for publicly visible type or member 'IPaymentPlatformOrchestrator' [/Users/kady/Masterdom/src/Masterdom.Modules.Payment/Masterdom.Modules.Payment.csproj]
/Users/kady/Masterdom/src/Masterdom.Modules.Payment/Application/Support/IPaymentPlatformOrchestrator.cs(7,10): warning CS1591: Missing XML comment for publicly visible type or member 'IPaymentPlatformOrchestrator.OnPaymentMutated(Payment, string)' [/Users/kady/Masterdom/src/Masterdom.Modules.Payment/Masterdom.Modules.Payment.csproj]
/Users/kady/Masterdom/src/Masterdom.Modules.Payment/Application/Support/IPaymentUnitOfWork.cs(3,18): warning CS1591: Missing XML comment for publicly visible type or member 'IPaymentUnitOfWork' [/Users/kady/Masterdom/src/Masterdom.Modules.Payment/Masterdom.Modules.Payment.csproj]
/Users/kady/Masterdom/src/Masterdom.Modules.Payment/Application/Support/IPaymentUnitOfWork.cs(5,10): warning CS1591: Missing XML comment for publicly visible type or member 'IPaymentUnitOfWork.Execute(Action)' [/Users/kady/Masterdom/src/Masterdom.Modules.Payment/Masterdom.Modules.Payment.csproj]
/Users/kady/Masterdom/src/Masterdom.Modules.Payment/Application/Support/IQueryHandler.cs(3,18): warning CS1591: Missing XML comment for publicly visible type or member 'IQueryHandler<TQuery, TResult>' [/Users/kady/Masterdom/src/Masterdom.Modules.Payment/Masterdom.Modules.Payment.csproj]
/Users/kady/Masterdom/src/Masterdom.Modules.Payment/Application/Support/IQueryHandler.cs(5,13): warning CS1591: Missing XML comment for publicly visible type or member 'IQueryHandler<TQuery, TResult>.Handle(TQuery)' [/Users/kady/Masterdom/src/Masterdom.Modules.Payment/Masterdom.Modules.Payment.csproj]
/Users/kady/Masterdom/src/Masterdom.Modules.Payment/Contracts/Billing/BillSettlementContract.cs(3,22): warning CS1591: Missing XML comment for publicly visible type or member 'BillSettlementContract' [/Users/kady/Masterdom/src/Masterdom.Modules.Payment/Masterdom.Modules.Payment.csproj]
/Users/kady/Masterdom/src/Masterdom.Modules.Payment/Contracts/Billing/BillSettlementContract.cs(3,22): warning CS1591: Missing XML comment for publicly visible type or member 'BillSettlementContract.BillSettlementContract(Guid, string, decimal, DateOnly, decimal)' [/Users/kady/Masterdom/src/Masterdom.Modules.Payment/Masterdom.Modules.Payment.csproj]
/Users/kady/Masterdom/src/Masterdom.Modules.Payment/Contracts/Billing/BillSettlementContract.cs(4,10): warning CS1591: Missing XML comment for publicly visible type or member 'BillSettlementContract.BillId' [/Users/kady/Masterdom/src/Masterdom.Modules.Payment/Masterdom.Modules.Payment.csproj]
/Users/kady/Masterdom/src/Masterdom.Modules.Payment/Contracts/Billing/BillSettlementContract.cs(5,12): warning CS1591: Missing XML comment for publicly visible type or member 'BillSettlementContract.BillNumber' [/Users/kady/Masterdom/src/Masterdom.Modules.Payment/Masterdom.Modules.Payment.csproj]
/Users/kady/Masterdom/src/Masterdom.Modules.Payment/Contracts/Billing/BillSettlementContract.cs(6,13): warning CS1591: Missing XML comment for publicly visible type or member 'BillSettlementContract.OutstandingAmount' [/Users/kady/Masterdom/src/Masterdom.Modules.Payment/Masterdom.Modules.Payment.csproj]
/Users/kady/Masterdom/src/Masterdom.Modules.Payment/Contracts/Billing/BillSettlementContract.cs(7,14): warning CS1591: Missing XML comment for publicly visible type or member 'BillSettlementContract.DueDate' [/Users/kady/Masterdom/src/Masterdom.Modules.Payment/Masterdom.Modules.Payment.csproj]
/Users/kady/Masterdom/src/Masterdom.Modules.Payment/Contracts/Billing/BillSettlementContract.cs(8,13): warning CS1591: Missing XML comment for publicly visible type or member 'BillSettlementContract.AllocationAmount' [/Users/kady/Masterdom/src/Masterdom.Modules.Payment/Masterdom.Modules.Payment.csproj]
/Users/kady/Masterdom/src/Masterdom.Modules.Payment/Domain/Entities/Payment/Events/PaymentAllocatedDomainEvent.cs(5,22): warning CS1591: Missing XML comment for publicly visible type or member 'PaymentAllocatedDomainEvent' [/Users/kady/Masterdom/src/Masterdom.Modules.Payment/Masterdom.Modules.Payment.csproj]
/Users/kady/Masterdom/src/Masterdom.Modules.Payment/Domain/Entities/Payment/Events/PaymentAllocatedDomainEvent.cs(5,22): warning CS1591: Missing XML comment for publicly visible type or member 'PaymentAllocatedDomainEvent.PaymentAllocatedDomainEvent(PaymentId, decimal, int, DateTime)' [/Users/kady/Masterdom/src/Masterdom.Modules.Payment/Masterdom.Modules.Payment.csproj]
/Users/kady/Masterdom/src/Masterdom.Modules.Payment/Domain/Entities/Payment/Events/PaymentAllocatedDomainEvent.cs(6,15): warning CS1591: Missing XML comment for publicly visible type or member 'PaymentAllocatedDomainEvent.PaymentId' [/Users/kady/Masterdom/src/Masterdom.Modules.Payment/Masterdom.Modules.Payment.csproj]
/Users/kady/Masterdom/src/Masterdom.Modules.Payment/Domain/Entities/Payment/Events/PaymentAllocatedDomainEvent.cs(7,13): warning CS1591: Missing XML comment for publicly visible type or member 'PaymentAllocatedDomainEvent.AllocatedAmount' [/Users/kady/Masterdom/src/Masterdom.Modules.Payment/Masterdom.Modules.Payment.csproj]
/Users/kady/Masterdom/src/Masterdom.Modules.Payment/Domain/Entities/Payment/Events/PaymentAllocatedDomainEvent.cs(8,9): warning CS1591: Missing XML comment for publicly visible type or member 'PaymentAllocatedDomainEvent.AllocationCount' [/Users/kady/Masterdom/src/Masterdom.Modules.Payment/Masterdom.Modules.Payment.csproj]
/Users/kady/Masterdom/src/Masterdom.Modules.Payment/Domain/Entities/Payment/Events/PaymentAllocatedDomainEvent.cs(9,14): warning CS1591: Missing XML comment for publicly visible type or member 'PaymentAllocatedDomainEvent.OccurredOnUtc' [/Users/kady/Masterdom/src/Masterdom.Modules.Payment/Masterdom.Modules.Payment.csproj]
/Users/kady/Masterdom/src/Masterdom.Modules.Payment/Domain/Entities/Payment/Events/PaymentReceivedDomainEvent.cs(5,22): warning CS1591: Missing XML comment for publicly visible type or member 'PaymentReceivedDomainEvent' [/Users/kady/Masterdom/src/Masterdom.Modules.Payment/Masterdom.Modules.Payment.csproj]
/Users/kady/Masterdom/src/Masterdom.Modules.Payment/Domain/Entities/Payment/Events/PaymentReceivedDomainEvent.cs(5,22): warning CS1591: Missing XML comment for publicly visible type or member 'PaymentReceivedDomainEvent.PaymentReceivedDomainEvent(PaymentId, string, decimal, DateTime)' [/Users/kady/Masterdom/src/Masterdom.Modules.Payment/Masterdom.Modules.Payment.csproj]
/Users/kady/Masterdom/src/Masterdom.Modules.Payment/Domain/Entities/Payment/Events/PaymentReceivedDomainEvent.cs(6,15): warning CS1591: Missing XML comment for publicly visible type or member 'PaymentReceivedDomainEvent.PaymentId' [/Users/kady/Masterdom/src/Masterdom.Modules.Payment/Masterdom.Modules.Payment.csproj]
/Users/kady/Masterdom/src/Masterdom.Modules.Payment/Domain/Entities/Payment/Events/PaymentReceivedDomainEvent.cs(7,12): warning CS1591: Missing XML comment for publicly visible type or member 'PaymentReceivedDomainEvent.PaymentReference' [/Users/kady/Masterdom/src/Masterdom.Modules.Payment/Masterdom.Modules.Payment.csproj]
/Users/kady/Masterdom/src/Masterdom.Modules.Payment/Domain/Entities/Payment/Events/PaymentReceivedDomainEvent.cs(8,13): warning CS1591: Missing XML comment for publicly visible type or member 'PaymentReceivedDomainEvent.Amount' [/Users/kady/Masterdom/src/Masterdom.Modules.Payment/Masterdom.Modules.Payment.csproj]
/Users/kady/Masterdom/src/Masterdom.Modules.Payment/Domain/Entities/Payment/Events/PaymentReceivedDomainEvent.cs(9,14): warning CS1591: Missing XML comment for publicly visible type or member 'PaymentReceivedDomainEvent.OccurredOnUtc' [/Users/kady/Masterdom/src/Masterdom.Modules.Payment/Masterdom.Modules.Payment.csproj]
/Users/kady/Masterdom/src/Masterdom.Modules.Payment/Domain/Entities/Payment/Events/PaymentReversedDomainEvent.cs(5,22): warning CS1591: Missing XML comment for publicly visible type or member 'PaymentReversedDomainEvent' [/Users/kady/Masterdom/src/Masterdom.Modules.Payment/Masterdom.Modules.Payment.csproj]
/Users/kady/Masterdom/src/Masterdom.Modules.Payment/Domain/Entities/Payment/Events/PaymentReversedDomainEvent.cs(5,22): warning CS1591: Missing XML comment for publicly visible type or member 'PaymentReversedDomainEvent.PaymentReversedDomainEvent(PaymentId, string, DateTime)' [/Users/kady/Masterdom/src/Masterdom.Modules.Payment/Masterdom.Modules.Payment.csproj]
/Users/kady/Masterdom/src/Masterdom.Modules.Payment/Domain/Entities/Payment/Events/PaymentReversedDomainEvent.cs(6,15): warning CS1591: Missing XML comment for publicly visible type or member 'PaymentReversedDomainEvent.PaymentId' [/Users/kady/Masterdom/src/Masterdom.Modules.Payment/Masterdom.Modules.Payment.csproj]
/Users/kady/Masterdom/src/Masterdom.Modules.Payment/Domain/Entities/Payment/Events/PaymentReversedDomainEvent.cs(7,12): warning CS1591: Missing XML comment for publicly visible type or member 'PaymentReversedDomainEvent.Reason' [/Users/kady/Masterdom/src/Masterdom.Modules.Payment/Masterdom.Modules.Payment.csproj]
/Users/kady/Masterdom/src/Masterdom.Modules.Payment/Domain/Entities/Payment/Events/PaymentReversedDomainEvent.cs(8,14): warning CS1591: Missing XML comment for publicly visible type or member 'PaymentReversedDomainEvent.OccurredOnUtc' [/Users/kady/Masterdom/src/Masterdom.Modules.Payment/Masterdom.Modules.Payment.csproj]
/Users/kady/Masterdom/src/Masterdom.Modules.Payment/Domain/Entities/Payment/Events/PaymentVersionCreatedDomainEvent.cs(5,22): warning CS1591: Missing XML comment for publicly visible type or member 'PaymentVersionCreatedDomainEvent' [/Users/kady/Masterdom/src/Masterdom.Modules.Payment/Masterdom.Modules.Payment.csproj]
/Users/kady/Masterdom/src/Masterdom.Modules.Payment/Domain/Entities/Payment/Events/PaymentVersionCreatedDomainEvent.cs(5,22): warning CS1591: Missing XML comment for publicly visible type or member 'PaymentVersionCreatedDomainEvent.PaymentVersionCreatedDomainEvent(PaymentId, int, string, DateTime)' [/Users/kady/Masterdom/src/Masterdom.Modules.Payment/Masterdom.Modules.Payment.csproj]
/Users/kady/Masterdom/src/Masterdom.Modules.Payment/Domain/Entities/Payment/Events/PaymentVersionCreatedDomainEvent.cs(6,15): warning CS1591: Missing XML comment for publicly visible type or member 'PaymentVersionCreatedDomainEvent.PaymentId' [/Users/kady/Masterdom/src/Masterdom.Modules.Payment/Masterdom.Modules.Payment.csproj]
/Users/kady/Masterdom/src/Masterdom.Modules.Payment/Domain/Entities/Payment/Events/PaymentVersionCreatedDomainEvent.cs(7,9): warning CS1591: Missing XML comment for publicly visible type or member 'PaymentVersionCreatedDomainEvent.VersionNumber' [/Users/kady/Masterdom/src/Masterdom.Modules.Payment/Masterdom.Modules.Payment.csproj]
/Users/kady/Masterdom/src/Masterdom.Modules.Payment/Domain/Entities/Payment/Events/PaymentVersionCreatedDomainEvent.cs(8,12): warning CS1591: Missing XML comment for publicly visible type or member 'PaymentVersionCreatedDomainEvent.ChangeReason' [/Users/kady/Masterdom/src/Masterdom.Modules.Payment/Masterdom.Modules.Payment.csproj]
/Users/kady/Masterdom/src/Masterdom.Modules.Payment/Domain/Entities/Payment/Events/PaymentVersionCreatedDomainEvent.cs(9,14): warning CS1591: Missing XML comment for publicly visible type or member 'PaymentVersionCreatedDomainEvent.OccurredOnUtc' [/Users/kady/Masterdom/src/Masterdom.Modules.Payment/Masterdom.Modules.Payment.csproj]
/Users/kady/Masterdom/src/Masterdom.Modules.Payment/Domain/Entities/Payment/Events/PaymentVoidedDomainEvent.cs(5,22): warning CS1591: Missing XML comment for publicly visible type or member 'PaymentVoidedDomainEvent' [/Users/kady/Masterdom/src/Masterdom.Modules.Payment/Masterdom.Modules.Payment.csproj]
/Users/kady/Masterdom/src/Masterdom.Modules.Payment/Domain/Entities/Payment/Events/PaymentVoidedDomainEvent.cs(5,22): warning CS1591: Missing XML comment for publicly visible type or member 'PaymentVoidedDomainEvent.PaymentVoidedDomainEvent(PaymentId, string, DateTime)' [/Users/kady/Masterdom/src/Masterdom.Modules.Payment/Masterdom.Modules.Payment.csproj]
/Users/kady/Masterdom/src/Masterdom.Modules.Payment/Domain/Entities/Payment/Events/PaymentVoidedDomainEvent.cs(6,15): warning CS1591: Missing XML comment for publicly visible type or member 'PaymentVoidedDomainEvent.PaymentId' [/Users/kady/Masterdom/src/Masterdom.Modules.Payment/Masterdom.Modules.Payment.csproj]
/Users/kady/Masterdom/src/Masterdom.Modules.Payment/Domain/Entities/Payment/Events/PaymentVoidedDomainEvent.cs(7,12): warning CS1591: Missing XML comment for publicly visible type or member 'PaymentVoidedDomainEvent.Reason' [/Users/kady/Masterdom/src/Masterdom.Modules.Payment/Masterdom.Modules.Payment.csproj]
/Users/kady/Masterdom/src/Masterdom.Modules.Payment/Domain/Entities/Payment/Events/PaymentVoidedDomainEvent.cs(8,14): warning CS1591: Missing XML comment for publicly visible type or member 'PaymentVoidedDomainEvent.OccurredOnUtc' [/Users/kady/Masterdom/src/Masterdom.Modules.Payment/Masterdom.Modules.Payment.csproj]
/Users/kady/Masterdom/src/Masterdom.Modules.Payment/Domain/Entities/Payment/Events/ReceiptGeneratedDomainEvent.cs(5,22): warning CS1591: Missing XML comment for publicly visible type or member 'ReceiptGeneratedDomainEvent' [/Users/kady/Masterdom/src/Masterdom.Modules.Payment/Masterdom.Modules.Payment.csproj]
/Users/kady/Masterdom/src/Masterdom.Modules.Payment/Domain/Entities/Payment/Events/ReceiptGeneratedDomainEvent.cs(5,22): warning CS1591: Missing XML comment for publicly visible type or member 'ReceiptGeneratedDomainEvent.ReceiptGeneratedDomainEvent(PaymentId, string, int, DateTime)' [/Users/kady/Masterdom/src/Masterdom.Modules.Payment/Masterdom.Modules.Payment.csproj]
/Users/kady/Masterdom/src/Masterdom.Modules.Payment/Domain/Entities/Payment/Events/ReceiptGeneratedDomainEvent.cs(6,15): warning CS1591: Missing XML comment for publicly visible type or member 'ReceiptGeneratedDomainEvent.PaymentId' [/Users/kady/Masterdom/src/Masterdom.Modules.Payment/Masterdom.Modules.Payment.csproj]
/Users/kady/Masterdom/src/Masterdom.Modules.Payment/Domain/Entities/Payment/Events/ReceiptGeneratedDomainEvent.cs(7,12): warning CS1591: Missing XML comment for publicly visible type or member 'ReceiptGeneratedDomainEvent.ReceiptNumber' [/Users/kady/Masterdom/src/Masterdom.Modules.Payment/Masterdom.Modules.Payment.csproj]
/Users/kady/Masterdom/src/Masterdom.Modules.Payment/Domain/Entities/Payment/Events/ReceiptGeneratedDomainEvent.cs(8,9): warning CS1591: Missing XML comment for publicly visible type or member 'ReceiptGeneratedDomainEvent.VersionNumber' [/Users/kady/Masterdom/src/Masterdom.Modules.Payment/Masterdom.Modules.Payment.csproj]
/Users/kady/Masterdom/src/Masterdom.Modules.Payment/Domain/Entities/Payment/Events/ReceiptGeneratedDomainEvent.cs(9,14): warning CS1591: Missing XML comment for publicly visible type or member 'ReceiptGeneratedDomainEvent.OccurredOnUtc' [/Users/kady/Masterdom/src/Masterdom.Modules.Payment/Masterdom.Modules.Payment.csproj]
/Users/kady/Masterdom/src/Masterdom.Modules.Payment/Domain/Entities/Payment/Payment.cs(9,21): warning CS1591: Missing XML comment for publicly visible type or member 'Payment' [/Users/kady/Masterdom/src/Masterdom.Modules.Payment/Masterdom.Modules.Payment.csproj]
/Users/kady/Masterdom/src/Masterdom.Modules.Payment/Domain/Entities/Payment/Payment.cs(38,29): warning CS1591: Missing XML comment for publicly visible type or member 'Payment.PaymentReference' [/Users/kady/Masterdom/src/Masterdom.Modules.Payment/Masterdom.Modules.Payment.csproj]
/Users/kady/Masterdom/src/Masterdom.Modules.Payment/Domain/Entities/Payment/Payment.cs(40,26): warning CS1591: Missing XML comment for publicly visible type or member 'Payment.PaymentAmount' [/Users/kady/Masterdom/src/Masterdom.Modules.Payment/Masterdom.Modules.Payment.csproj]
/Users/kady/Masterdom/src/Masterdom.Modules.Payment/Domain/Entities/Payment/Payment.cs(42,24): warning CS1591: Missing XML comment for publicly visible type or member 'Payment.PaymentDate' [/Users/kady/Masterdom/src/Masterdom.Modules.Payment/Masterdom.Modules.Payment.csproj]
/Users/kady/Masterdom/src/Masterdom.Modules.Payment/Domain/Entities/Payment/Payment.cs(44,26): warning CS1591: Missing XML comment for publicly visible type or member 'Payment.PaymentMethod' [/Users/kady/Masterdom/src/Masterdom.Modules.Payment/Masterdom.Modules.Payment.csproj]
/Users/kady/Masterdom/src/Masterdom.Modules.Payment/Domain/Entities/Payment/Payment.cs(46,26): warning CS1591: Missing XML comment for publicly visible type or member 'Payment.PaymentStatus' [/Users/kady/Masterdom/src/Masterdom.Modules.Payment/Masterdom.Modules.Payment.csproj]
/Users/kady/Masterdom/src/Masterdom.Modules.Payment/Domain/Entities/Payment/Payment.cs(48,27): warning CS1591: Missing XML comment for publicly visible type or member 'Payment.PaymentChannel' [/Users/kady/Masterdom/src/Masterdom.Modules.Payment/Masterdom.Modules.Payment.csproj]
/Users/kady/Masterdom/src/Masterdom.Modules.Payment/Domain/Entities/Payment/Payment.cs(50,26): warning CS1591: Missing XML comment for publicly visible type or member 'Payment.PaymentSource' [/Users/kady/Masterdom/src/Masterdom.Modules.Payment/Masterdom.Modules.Payment.csproj]
/Users/kady/Masterdom/src/Masterdom.Modules.Payment/Domain/Entities/Payment/Payment.cs(52,21): warning CS1591: Missing XML comment for publicly visible type or member 'Payment.ReceivedAtUtc' [/Users/kady/Masterdom/src/Masterdom.Modules.Payment/Masterdom.Modules.Payment.csproj]
/Users/kady/Masterdom/src/Masterdom.Modules.Payment/Domain/Entities/Payment/Payment.cs(54,22): warning CS1591: Missing XML comment for publicly visible type or member 'Payment.ReversedAtUtc' [/Users/kady/Masterdom/src/Masterdom.Modules.Payment/Masterdom.Modules.Payment.csproj]
/Users/kady/Masterdom/src/Masterdom.Modules.Payment/Domain/Entities/Payment/Payment.cs(56,22): warning CS1591: Missing XML comment for publicly visible type or member 'Payment.VoidedAtUtc' [/Users/kady/Masterdom/src/Masterdom.Modules.Payment/Masterdom.Modules.Payment.csproj]
/Users/kady/Masterdom/src/Masterdom.Modules.Payment/Domain/Entities/Payment/Payment.cs(58,20): warning CS1591: Missing XML comment for publicly visible type or member 'Payment.ReversalReason' [/Users/kady/Masterdom/src/Masterdom.Modules.Payment/Masterdom.Modules.Payment.csproj]
/Users/kady/Masterdom/src/Masterdom.Modules.Payment/Domain/Entities/Payment/Payment.cs(60,20): warning CS1591: Missing XML comment for publicly visible type or member 'Payment.VoidReason' [/Users/kady/Masterdom/src/Masterdom.Modules.Payment/Masterdom.Modules.Payment.csproj]
/Users/kady/Masterdom/src/Masterdom.Modules.Payment/Domain/Entities/Payment/Payment.cs(62,51): warning CS1591: Missing XML comment for publicly visible type or member 'Payment.Allocations' [/Users/kady/Masterdom/src/Masterdom.Modules.Payment/Masterdom.Modules.Payment.csproj]
/Users/kady/Masterdom/src/Masterdom.Modules.Payment/Domain/Entities/Payment/Payment.cs(64,48): warning CS1591: Missing XML comment for publicly visible type or member 'Payment.Versions' [/Users/kady/Masterdom/src/Masterdom.Modules.Payment/Masterdom.Modules.Payment.csproj]
/Users/kady/Masterdom/src/Masterdom.Modules.Payment/Domain/Entities/Payment/Payment.cs(66,48): warning CS1591: Missing XML comment for publicly visible type or member 'Payment.Receipts' [/Users/kady/Masterdom/src/Masterdom.Modules.Payment/Masterdom.Modules.Payment.csproj]
/Users/kady/Masterdom/src/Masterdom.Modules.Payment/Domain/Entities/Payment/Payment.cs(68,49): warning CS1591: Missing XML comment for publicly visible type or member 'Payment.Snapshots' [/Users/kady/Masterdom/src/Masterdom.Modules.Payment/Masterdom.Modules.Payment.csproj]
/Users/kady/Masterdom/src/Masterdom.Modules.Payment/Domain/Entities/Payment/Payment.cs(70,46): warning CS1591: Missing XML comment for publicly visible type or member 'Payment.DomainEvents' [/Users/kady/Masterdom/src/Masterdom.Modules.Payment/Masterdom.Modules.Payment.csproj]
/Users/kady/Masterdom/src/Masterdom.Modules.Payment/Domain/Entities/Payment/Payment.cs(72,27): warning CS1591: Missing XML comment for publicly visible type or member 'Payment.CurrentVersion' [/Users/kady/Masterdom/src/Masterdom.Modules.Payment/Masterdom.Modules.Payment.csproj]
/Users/kady/Masterdom/src/Masterdom.Modules.Payment/Domain/Entities/Payment/Payment.cs(74,27): warning CS1591: Missing XML comment for publicly visible type or member 'Payment.CurrentReceipt' [/Users/kady/Masterdom/src/Masterdom.Modules.Payment/Masterdom.Modules.Payment.csproj]
/Users/kady/Masterdom/src/Masterdom.Modules.Payment/Domain/Entities/Payment/Payment.cs(76,27): warning CS1591: Missing XML comment for publicly visible type or member 'Payment.Receive(PaymentId, PaymentReference, PaymentAmount, PaymentDate, PaymentMethod, PaymentChannel, PaymentSource, DateTime)' [/Users/kady/Masterdom/src/Masterdom.Modules.Payment/Masterdom.Modules.Payment.csproj]
/Users/kady/Masterdom/src/Masterdom.Modules.Payment/Domain/Entities/Payment/Payment.cs(115,17): warning CS1591: Missing XML comment for publicly visible type or member 'Payment.Allocate(IReadOnlyCollection<BillSettlementContract>, DateTime)' [/Users/kady/Masterdom/src/Masterdom.Modules.Payment/Masterdom.Modules.Payment.csproj]
/Users/kady/Masterdom/src/Masterdom.Modules.Payment/Domain/Entities/Payment/Payment.cs(172,17): warning CS1591: Missing XML comment for publicly visible type or member 'Payment.Reverse(string, DateTime)' [/Users/kady/Masterdom/src/Masterdom.Modules.Payment/Masterdom.Modules.Payment.csproj]
/Users/kady/Masterdom/src/Masterdom.Modules.Payment/Domain/Entities/Payment/Payment.cs(195,17): warning CS1591: Missing XML comment for publicly visible type or member 'Payment.Void(string, DateTime)' [/Users/kady/Masterdom/src/Masterdom.Modules.Payment/Masterdom.Modules.Payment.csproj]
/Users/kady/Masterdom/src/Masterdom.Modules.Payment/Domain/Entities/Payment/Payment.cs(218,17): warning CS1591: Missing XML comment for publicly visible type or member 'Payment.ClearDomainEvents()' [/Users/kady/Masterdom/src/Masterdom.Modules.Payment/Masterdom.Modules.Payment.csproj]
/Users/kady/Masterdom/src/Masterdom.Modules.Payment/Domain/Entities/Payment/PaymentAllocation.cs(3,21): warning CS1591: Missing XML comment for publicly visible type or member 'PaymentAllocation' [/Users/kady/Masterdom/src/Masterdom.Modules.Payment/Masterdom.Modules.Payment.csproj]
/Users/kady/Masterdom/src/Masterdom.Modules.Payment/Domain/Entities/Payment/PaymentAllocation.cs(27,17): warning CS1591: Missing XML comment for publicly visible type or member 'PaymentAllocation.AllocationId' [/Users/kady/Masterdom/src/Masterdom.Modules.Payment/Masterdom.Modules.Payment.csproj]
/Users/kady/Masterdom/src/Masterdom.Modules.Payment/Domain/Entities/Payment/PaymentAllocation.cs(29,17): warning CS1591: Missing XML comment for publicly visible type or member 'PaymentAllocation.BillId' [/Users/kady/Masterdom/src/Masterdom.Modules.Payment/Masterdom.Modules.Payment.csproj]
/Users/kady/Masterdom/src/Masterdom.Modules.Payment/Domain/Entities/Payment/PaymentAllocation.cs(31,19): warning CS1591: Missing XML comment for publicly visible type or member 'PaymentAllocation.BillNumber' [/Users/kady/Masterdom/src/Masterdom.Modules.Payment/Masterdom.Modules.Payment.csproj]
/Users/kady/Masterdom/src/Masterdom.Modules.Payment/Domain/Entities/Payment/PaymentAllocation.cs(33,26): warning CS1591: Missing XML comment for publicly visible type or member 'PaymentAllocation.Amount' [/Users/kady/Masterdom/src/Masterdom.Modules.Payment/Masterdom.Modules.Payment.csproj]
/Users/kady/Masterdom/src/Masterdom.Modules.Payment/Domain/Entities/Payment/PaymentAllocation.cs(35,21): warning CS1591: Missing XML comment for publicly visible type or member 'PaymentAllocation.DueDate' [/Users/kady/Masterdom/src/Masterdom.Modules.Payment/Masterdom.Modules.Payment.csproj]
/Users/kady/Masterdom/src/Masterdom.Modules.Payment/Domain/Entities/Payment/PaymentAllocation.cs(37,21): warning CS1591: Missing XML comment for publicly visible type or member 'PaymentAllocation.AllocatedAtUtc' [/Users/kady/Masterdom/src/Masterdom.Modules.Payment/Masterdom.Modules.Payment.csproj]
/Users/kady/Masterdom/src/Masterdom.Modules.Payment/Domain/Entities/Payment/PaymentAllocation.cs(39,17): warning CS1591: Missing XML comment for publicly visible type or member 'PaymentAllocation.IsReversed' [/Users/kady/Masterdom/src/Masterdom.Modules.Payment/Masterdom.Modules.Payment.csproj]
/Users/kady/Masterdom/src/Masterdom.Modules.Payment/Domain/Entities/Payment/PaymentAllocation.cs(41,22): warning CS1591: Missing XML comment for publicly visible type or member 'PaymentAllocation.ReversedAtUtc' [/Users/kady/Masterdom/src/Masterdom.Modules.Payment/Masterdom.Modules.Payment.csproj]
/Users/kady/Masterdom/src/Masterdom.Modules.Payment/Domain/Entities/Payment/PaymentAllocation.cs(43,20): warning CS1591: Missing XML comment for publicly visible type or member 'PaymentAllocation.ReversalReason' [/Users/kady/Masterdom/src/Masterdom.Modules.Payment/Masterdom.Modules.Payment.csproj]
/Users/kady/Masterdom/src/Masterdom.Modules.Payment/Domain/Entities/Payment/PaymentAllocation.cs(45,37): warning CS1591: Missing XML comment for publicly visible type or member 'PaymentAllocation.Create(Guid, string, PaymentAmount, DateOnly, DateTime)' [/Users/kady/Masterdom/src/Masterdom.Modules.Payment/Masterdom.Modules.Payment.csproj]
/Users/kady/Masterdom/src/Masterdom.Modules.Payment/Domain/Entities/Payment/PaymentAllocation.cs(77,30): warning CS1591: Missing XML comment for publicly visible type or member 'PaymentAllocation.Reverse(string, DateTime)' [/Users/kady/Masterdom/src/Masterdom.Modules.Payment/Masterdom.Modules.Payment.csproj]
/Users/kady/Masterdom/src/Masterdom.Modules.Payment/Domain/Entities/Payment/PaymentAmount.cs(5,21): warning CS1591: Missing XML comment for publicly visible type or member 'PaymentAmount' [/Users/kady/Masterdom/src/Masterdom.Modules.Payment/Masterdom.Modules.Payment.csproj]
/Users/kady/Masterdom/src/Masterdom.Modules.Payment/Domain/Entities/Payment/PaymentAmount.cs(12,20): warning CS1591: Missing XML comment for publicly visible type or member 'PaymentAmount.Value' [/Users/kady/Masterdom/src/Masterdom.Modules.Payment/Masterdom.Modules.Payment.csproj]
/Users/kady/Masterdom/src/Masterdom.Modules.Payment/Domain/Entities/Payment/PaymentAmount.cs(14,33): warning CS1591: Missing XML comment for publicly visible type or member 'PaymentAmount.Create(decimal)' [/Users/kady/Masterdom/src/Masterdom.Modules.Payment/Masterdom.Modules.Payment.csproj]
/Users/kady/Masterdom/src/Masterdom.Modules.Payment/Domain/Entities/Payment/PaymentAmount.cs(24,33): warning CS1591: Missing XML comment for publicly visible type or member 'PaymentAmount.Zero()' [/Users/kady/Masterdom/src/Masterdom.Modules.Payment/Masterdom.Modules.Payment.csproj]
/Users/kady/Masterdom/src/Masterdom.Modules.Payment/Domain/Entities/Payment/PaymentAmount.cs(29,26): warning CS1591: Missing XML comment for publicly visible type or member 'PaymentAmount.Add(PaymentAmount)' [/Users/kady/Masterdom/src/Masterdom.Modules.Payment/Masterdom.Modules.Payment.csproj]
/Users/kady/Masterdom/src/Masterdom.Modules.Payment/Domain/Entities/Payment/PaymentAmount.cs(35,26): warning CS1591: Missing XML comment for publicly visible type or member 'PaymentAmount.Subtract(PaymentAmount)' [/Users/kady/Masterdom/src/Masterdom.Modules.Payment/Masterdom.Modules.Payment.csproj]
/Users/kady/Masterdom/src/Masterdom.Modules.Payment/Domain/Entities/Payment/PaymentAmount.cs(48,45): warning CS1591: Missing XML comment for publicly visible type or member 'PaymentAmount.GetEqualityComponents()' [/Users/kady/Masterdom/src/Masterdom.Modules.Payment/Masterdom.Modules.Payment.csproj]
/Users/kady/Masterdom/src/Masterdom.Modules.Payment/Domain/Entities/Payment/PaymentChannel.cs(5,21): warning CS1591: Missing XML comment for publicly visible type or member 'PaymentChannel' [/Users/kady/Masterdom/src/Masterdom.Modules.Payment/Masterdom.Modules.Payment.csproj]
/Users/kady/Masterdom/src/Masterdom.Modules.Payment/Domain/Entities/Payment/PaymentChannel.cs(7,43): warning CS1591: Missing XML comment for publicly visible type or member 'PaymentChannel.Counter' [/Users/kady/Masterdom/src/Masterdom.Modules.Payment/Masterdom.Modules.Payment.csproj]
/Users/kady/Masterdom/src/Masterdom.Modules.Payment/Domain/Entities/Payment/PaymentChannel.cs(8,43): warning CS1591: Missing XML comment for publicly visible type or member 'PaymentChannel.Import' [/Users/kady/Masterdom/src/Masterdom.Modules.Payment/Masterdom.Modules.Payment.csproj]
/Users/kady/Masterdom/src/Masterdom.Modules.Payment/Domain/Entities/Payment/PaymentChannel.cs(9,43): warning CS1591: Missing XML comment for publicly visible type or member 'PaymentChannel.Portal' [/Users/kady/Masterdom/src/Masterdom.Modules.Payment/Masterdom.Modules.Payment.csproj]
/Users/kady/Masterdom/src/Masterdom.Modules.Payment/Domain/Entities/Payment/PaymentChannel.cs(10,43): warning CS1591: Missing XML comment for publicly visible type or member 'PaymentChannel.Adjustment' [/Users/kady/Masterdom/src/Masterdom.Modules.Payment/Masterdom.Modules.Payment.csproj]
/Users/kady/Masterdom/src/Masterdom.Modules.Payment/Domain/Entities/Payment/PaymentChannel.cs(17,19): warning CS1591: Missing XML comment for publicly visible type or member 'PaymentChannel.Value' [/Users/kady/Masterdom/src/Masterdom.Modules.Payment/Masterdom.Modules.Payment.csproj]
/Users/kady/Masterdom/src/Masterdom.Modules.Payment/Domain/Entities/Payment/PaymentChannel.cs(19,34): warning CS1591: Missing XML comment for publicly visible type or member 'PaymentChannel.Create(string)' [/Users/kady/Masterdom/src/Masterdom.Modules.Payment/Masterdom.Modules.Payment.csproj]
/Users/kady/Masterdom/src/Masterdom.Modules.Payment/Domain/Entities/Payment/PaymentChannel.cs(33,45): warning CS1591: Missing XML comment for publicly visible type or member 'PaymentChannel.GetEqualityComponents()' [/Users/kady/Masterdom/src/Masterdom.Modules.Payment/Masterdom.Modules.Payment.csproj]
/Users/kady/Masterdom/src/Masterdom.Modules.Payment/Domain/Entities/Payment/PaymentDate.cs(5,21): warning CS1591: Missing XML comment for publicly visible type or member 'PaymentDate' [/Users/kady/Masterdom/src/Masterdom.Modules.Payment/Masterdom.Modules.Payment.csproj]
/Users/kady/Masterdom/src/Masterdom.Modules.Payment/Domain/Entities/Payment/PaymentDate.cs(12,21): warning CS1591: Missing XML comment for publicly visible type or member 'PaymentDate.Value' [/Users/kady/Masterdom/src/Masterdom.Modules.Payment/Masterdom.Modules.Payment.csproj]
/Users/kady/Masterdom/src/Masterdom.Modules.Payment/Domain/Entities/Payment/PaymentDate.cs(14,31): warning CS1591: Missing XML comment for publicly visible type or member 'PaymentDate.Create(DateOnly)' [/Users/kady/Masterdom/src/Masterdom.Modules.Payment/Masterdom.Modules.Payment.csproj]
/Users/kady/Masterdom/src/Masterdom.Modules.Payment/Domain/Entities/Payment/PaymentDate.cs(19,45): warning CS1591: Missing XML comment for publicly visible type or member 'PaymentDate.GetEqualityComponents()' [/Users/kady/Masterdom/src/Masterdom.Modules.Payment/Masterdom.Modules.Payment.csproj]
/Users/kady/Masterdom/src/Masterdom.Modules.Payment/Domain/Entities/Payment/PaymentId.cs(5,22): warning CS1591: Missing XML comment for publicly visible type or member 'PaymentId' [/Users/kady/Masterdom/src/Masterdom.Modules.Payment/Masterdom.Modules.Payment.csproj]
/Users/kady/Masterdom/src/Masterdom.Modules.Payment/Domain/Entities/Payment/PaymentId.cs(5,22): warning CS1591: Missing XML comment for publicly visible type or member 'PaymentId.PaymentId(Guid)' [/Users/kady/Masterdom/src/Masterdom.Modules.Payment/Masterdom.Modules.Payment.csproj]
/Users/kady/Masterdom/src/Masterdom.Modules.Payment/Domain/Entities/Payment/PaymentId.cs(7,29): warning CS1591: Missing XML comment for publicly visible type or member 'PaymentId.New()' [/Users/kady/Masterdom/src/Masterdom.Modules.Payment/Masterdom.Modules.Payment.csproj]
/Users/kady/Masterdom/src/Masterdom.Modules.Payment/Domain/Entities/Payment/PaymentId.cs(12,29): warning CS1591: Missing XML comment for publicly visible type or member 'PaymentId.From(Guid)' [/Users/kady/Masterdom/src/Masterdom.Modules.Payment/Masterdom.Modules.Payment.csproj]
/Users/kady/Masterdom/src/Masterdom.Modules.Payment/Domain/Entities/Payment/PaymentMethod.cs(5,21): warning CS1591: Missing XML comment for publicly visible type or member 'PaymentMethod' [/Users/kady/Masterdom/src/Masterdom.Modules.Payment/Masterdom.Modules.Payment.csproj]
/Users/kady/Masterdom/src/Masterdom.Modules.Payment/Domain/Entities/Payment/PaymentMethod.cs(7,42): warning CS1591: Missing XML comment for publicly visible type or member 'PaymentMethod.Cash' [/Users/kady/Masterdom/src/Masterdom.Modules.Payment/Masterdom.Modules.Payment.csproj]
/Users/kady/Masterdom/src/Masterdom.Modules.Payment/Domain/Entities/Payment/PaymentMethod.cs(8,42): warning CS1591: Missing XML comment for publicly visible type or member 'PaymentMethod.BankTransfer' [/Users/kady/Masterdom/src/Masterdom.Modules.Payment/Masterdom.Modules.Payment.csproj]
/Users/kady/Masterdom/src/Masterdom.Modules.Payment/Domain/Entities/Payment/PaymentMethod.cs(9,42): warning CS1591: Missing XML comment for publicly visible type or member 'PaymentMethod.Check' [/Users/kady/Masterdom/src/Masterdom.Modules.Payment/Masterdom.Modules.Payment.csproj]
/Users/kady/Masterdom/src/Masterdom.Modules.Payment/Domain/Entities/Payment/PaymentMethod.cs(10,42): warning CS1591: Missing XML comment for publicly visible type or member 'PaymentMethod.Card' [/Users/kady/Masterdom/src/Masterdom.Modules.Payment/Masterdom.Modules.Payment.csproj]
/Users/kady/Masterdom/src/Masterdom.Modules.Payment/Domain/Entities/Payment/PaymentMethod.cs(11,42): warning CS1591: Missing XML comment for publicly visible type or member 'PaymentMethod.Manual' [/Users/kady/Masterdom/src/Masterdom.Modules.Payment/Masterdom.Modules.Payment.csproj]
/Users/kady/Masterdom/src/Masterdom.Modules.Payment/Domain/Entities/Payment/PaymentMethod.cs(18,19): warning CS1591: Missing XML comment for publicly visible type or member 'PaymentMethod.Value' [/Users/kady/Masterdom/src/Masterdom.Modules.Payment/Masterdom.Modules.Payment.csproj]
/Users/kady/Masterdom/src/Masterdom.Modules.Payment/Domain/Entities/Payment/PaymentMethod.cs(20,33): warning CS1591: Missing XML comment for publicly visible type or member 'PaymentMethod.Create(string)' [/Users/kady/Masterdom/src/Masterdom.Modules.Payment/Masterdom.Modules.Payment.csproj]
/Users/kady/Masterdom/src/Masterdom.Modules.Payment/Domain/Entities/Payment/PaymentMethod.cs(35,45): warning CS1591: Missing XML comment for publicly visible type or member 'PaymentMethod.GetEqualityComponents()' [/Users/kady/Masterdom/src/Masterdom.Modules.Payment/Masterdom.Modules.Payment.csproj]
/Users/kady/Masterdom/src/Masterdom.Modules.Payment/Domain/Entities/Payment/PaymentReceipt.cs(3,21): warning CS1591: Missing XML comment for publicly visible type or member 'PaymentReceipt' [/Users/kady/Masterdom/src/Masterdom.Modules.Payment/Masterdom.Modules.Payment.csproj]
/Users/kady/Masterdom/src/Masterdom.Modules.Payment/Domain/Entities/Payment/PaymentReceipt.cs(21,17): warning CS1591: Missing XML comment for publicly visible type or member 'PaymentReceipt.ReceiptId' [/Users/kady/Masterdom/src/Masterdom.Modules.Payment/Masterdom.Modules.Payment.csproj]
/Users/kady/Masterdom/src/Masterdom.Modules.Payment/Domain/Entities/Payment/PaymentReceipt.cs(23,19): warning CS1591: Missing XML comment for publicly visible type or member 'PaymentReceipt.ReceiptNumber' [/Users/kady/Masterdom/src/Masterdom.Modules.Payment/Masterdom.Modules.Payment.csproj]
/Users/kady/Masterdom/src/Masterdom.Modules.Payment/Domain/Entities/Payment/PaymentReceipt.cs(25,16): warning CS1591: Missing XML comment for publicly visible type or member 'PaymentReceipt.VersionNumber' [/Users/kady/Masterdom/src/Masterdom.Modules.Payment/Masterdom.Modules.Payment.csproj]
/Users/kady/Masterdom/src/Masterdom.Modules.Payment/Domain/Entities/Payment/PaymentReceipt.cs(27,26): warning CS1591: Missing XML comment for publicly visible type or member 'PaymentReceipt.Amount' [/Users/kady/Masterdom/src/Masterdom.Modules.Payment/Masterdom.Modules.Payment.csproj]
/Users/kady/Masterdom/src/Masterdom.Modules.Payment/Domain/Entities/Payment/PaymentReceipt.cs(29,26): warning CS1591: Missing XML comment for publicly visible type or member 'PaymentReceipt.PaymentStatus' [/Users/kady/Masterdom/src/Masterdom.Modules.Payment/Masterdom.Modules.Payment.csproj]
/Users/kady/Masterdom/src/Masterdom.Modules.Payment/Domain/Entities/Payment/PaymentReceipt.cs(31,21): warning CS1591: Missing XML comment for publicly visible type or member 'PaymentReceipt.IssuedAtUtc' [/Users/kady/Masterdom/src/Masterdom.Modules.Payment/Masterdom.Modules.Payment.csproj]
/Users/kady/Masterdom/src/Masterdom.Modules.Payment/Domain/Entities/Payment/PaymentReceipt.cs(33,34): warning CS1591: Missing XML comment for publicly visible type or member 'PaymentReceipt.Generate(int, PaymentAmount, PaymentStatus, DateTime)' [/Users/kady/Masterdom/src/Masterdom.Modules.Payment/Masterdom.Modules.Payment.csproj]
/Users/kady/Masterdom/src/Masterdom.Modules.Payment/Domain/Entities/Payment/PaymentReference.cs(5,21): warning CS1591: Missing XML comment for publicly visible type or member 'PaymentReference' [/Users/kady/Masterdom/src/Masterdom.Modules.Payment/Masterdom.Modules.Payment.csproj]
/Users/kady/Masterdom/src/Masterdom.Modules.Payment/Domain/Entities/Payment/PaymentReference.cs(12,19): warning CS1591: Missing XML comment for publicly visible type or member 'PaymentReference.Value' [/Users/kady/Masterdom/src/Masterdom.Modules.Payment/Masterdom.Modules.Payment.csproj]
/Users/kady/Masterdom/src/Masterdom.Modules.Payment/Domain/Entities/Payment/PaymentReference.cs(14,36): warning CS1591: Missing XML comment for publicly visible type or member 'PaymentReference.Create(string)' [/Users/kady/Masterdom/src/Masterdom.Modules.Payment/Masterdom.Modules.Payment.csproj]
/Users/kady/Masterdom/src/Masterdom.Modules.Payment/Domain/Entities/Payment/PaymentReference.cs(20,45): warning CS1591: Missing XML comment for publicly visible type or member 'PaymentReference.GetEqualityComponents()' [/Users/kady/Masterdom/src/Masterdom.Modules.Payment/Masterdom.Modules.Payment.csproj]
/Users/kady/Masterdom/src/Masterdom.Modules.Payment/Domain/Entities/Payment/PaymentSnapshot.cs(3,21): warning CS1591: Missing XML comment for publicly visible type or member 'PaymentSnapshot' [/Users/kady/Masterdom/src/Masterdom.Modules.Payment/Masterdom.Modules.Payment.csproj]
/Users/kady/Masterdom/src/Masterdom.Modules.Payment/Domain/Entities/Payment/PaymentSnapshot.cs(27,17): warning CS1591: Missing XML comment for publicly visible type or member 'PaymentSnapshot.SnapshotId' [/Users/kady/Masterdom/src/Masterdom.Modules.Payment/Masterdom.Modules.Payment.csproj]
/Users/kady/Masterdom/src/Masterdom.Modules.Payment/Domain/Entities/Payment/PaymentSnapshot.cs(29,16): warning CS1591: Missing XML comment for publicly visible type or member 'PaymentSnapshot.VersionNumber' [/Users/kady/Masterdom/src/Masterdom.Modules.Payment/Masterdom.Modules.Payment.csproj]
/Users/kady/Masterdom/src/Masterdom.Modules.Payment/Domain/Entities/Payment/PaymentSnapshot.cs(31,26): warning CS1591: Missing XML comment for publicly visible type or member 'PaymentSnapshot.PaymentStatus' [/Users/kady/Masterdom/src/Masterdom.Modules.Payment/Masterdom.Modules.Payment.csproj]
/Users/kady/Masterdom/src/Masterdom.Modules.Payment/Domain/Entities/Payment/PaymentSnapshot.cs(33,26): warning CS1591: Missing XML comment for publicly visible type or member 'PaymentSnapshot.PaymentAmount' [/Users/kady/Masterdom/src/Masterdom.Modules.Payment/Masterdom.Modules.Payment.csproj]
/Users/kady/Masterdom/src/Masterdom.Modules.Payment/Domain/Entities/Payment/PaymentSnapshot.cs(35,26): warning CS1591: Missing XML comment for publicly visible type or member 'PaymentSnapshot.AllocatedAmount' [/Users/kady/Masterdom/src/Masterdom.Modules.Payment/Masterdom.Modules.Payment.csproj]
/Users/kady/Masterdom/src/Masterdom.Modules.Payment/Domain/Entities/Payment/PaymentSnapshot.cs(37,26): warning CS1591: Missing XML comment for publicly visible type or member 'PaymentSnapshot.UnallocatedAmount' [/Users/kady/Masterdom/src/Masterdom.Modules.Payment/Masterdom.Modules.Payment.csproj]
/Users/kady/Masterdom/src/Masterdom.Modules.Payment/Domain/Entities/Payment/PaymentSnapshot.cs(39,45): warning CS1591: Missing XML comment for publicly visible type or member 'PaymentSnapshot.Allocations' [/Users/kady/Masterdom/src/Masterdom.Modules.Payment/Masterdom.Modules.Payment.csproj]
/Users/kady/Masterdom/src/Masterdom.Modules.Payment/Domain/Entities/Payment/PaymentSnapshot.cs(41,19): warning CS1591: Missing XML comment for publicly visible type or member 'PaymentSnapshot.ReceiptNumber' [/Users/kady/Masterdom/src/Masterdom.Modules.Payment/Masterdom.Modules.Payment.csproj]
/Users/kady/Masterdom/src/Masterdom.Modules.Payment/Domain/Entities/Payment/PaymentSnapshot.cs(43,21): warning CS1591: Missing XML comment for publicly visible type or member 'PaymentSnapshot.CapturedAtUtc' [/Users/kady/Masterdom/src/Masterdom.Modules.Payment/Masterdom.Modules.Payment.csproj]
/Users/kady/Masterdom/src/Masterdom.Modules.Payment/Domain/Entities/Payment/PaymentSnapshot.cs(45,35): warning CS1591: Missing XML comment for publicly visible type or member 'PaymentSnapshot.Capture(int, PaymentStatus, PaymentAmount, PaymentAmount, PaymentAmount, IReadOnlyList<PaymentAllocation>, string, DateTime)' [/Users/kady/Masterdom/src/Masterdom.Modules.Payment/Masterdom.Modules.Payment.csproj]
/Users/kady/Masterdom/src/Masterdom.Modules.Payment/Domain/Entities/Payment/PaymentSource.cs(5,21): warning CS1591: Missing XML comment for publicly visible type or member 'PaymentSource' [/Users/kady/Masterdom/src/Masterdom.Modules.Payment/Masterdom.Modules.Payment.csproj]
/Users/kady/Masterdom/src/Masterdom.Modules.Payment/Domain/Entities/Payment/PaymentSource.cs(7,42): warning CS1591: Missing XML comment for publicly visible type or member 'PaymentSource.Tenant' [/Users/kady/Masterdom/src/Masterdom.Modules.Payment/Masterdom.Modules.Payment.csproj]
/Users/kady/Masterdom/src/Masterdom.Modules.Payment/Domain/Entities/Payment/PaymentSource.cs(8,42): warning CS1591: Missing XML comment for publicly visible type or member 'PaymentSource.Landlord' [/Users/kady/Masterdom/src/Masterdom.Modules.Payment/Masterdom.Modules.Payment.csproj]
/Users/kady/Masterdom/src/Masterdom.Modules.Payment/Domain/Entities/Payment/PaymentSource.cs(9,42): warning CS1591: Missing XML comment for publicly visible type or member 'PaymentSource.Agency' [/Users/kady/Masterdom/src/Masterdom.Modules.Payment/Masterdom.Modules.Payment.csproj]
/Users/kady/Masterdom/src/Masterdom.Modules.Payment/Domain/Entities/Payment/PaymentSource.cs(10,42): warning CS1591: Missing XML comment for publicly visible type or member 'PaymentSource.SystemCorrection' [/Users/kady/Masterdom/src/Masterdom.Modules.Payment/Masterdom.Modules.Payment.csproj]
/Users/kady/Masterdom/src/Masterdom.Modules.Payment/Domain/Entities/Payment/PaymentSource.cs(17,19): warning CS1591: Missing XML comment for publicly visible type or member 'PaymentSource.Value' [/Users/kady/Masterdom/src/Masterdom.Modules.Payment/Masterdom.Modules.Payment.csproj]
/Users/kady/Masterdom/src/Masterdom.Modules.Payment/Domain/Entities/Payment/PaymentSource.cs(19,33): warning CS1591: Missing XML comment for publicly visible type or member 'PaymentSource.Create(string)' [/Users/kady/Masterdom/src/Masterdom.Modules.Payment/Masterdom.Modules.Payment.csproj]
/Users/kady/Masterdom/src/Masterdom.Modules.Payment/Domain/Entities/Payment/PaymentSource.cs(33,45): warning CS1591: Missing XML comment for publicly visible type or member 'PaymentSource.GetEqualityComponents()' [/Users/kady/Masterdom/src/Masterdom.Modules.Payment/Masterdom.Modules.Payment.csproj]
/Users/kady/Masterdom/src/Masterdom.Modules.Payment/Domain/Entities/Payment/PaymentStatus.cs(5,21): warning CS1591: Missing XML comment for publicly visible type or member 'PaymentStatus' [/Users/kady/Masterdom/src/Masterdom.Modules.Payment/Masterdom.Modules.Payment.csproj]
/Users/kady/Masterdom/src/Masterdom.Modules.Payment/Domain/Entities/Payment/PaymentStatus.cs(7,42): warning CS1591: Missing XML comment for publicly visible type or member 'PaymentStatus.Received' [/Users/kady/Masterdom/src/Masterdom.Modules.Payment/Masterdom.Modules.Payment.csproj]
/Users/kady/Masterdom/src/Masterdom.Modules.Payment/Domain/Entities/Payment/PaymentStatus.cs(8,42): warning CS1591: Missing XML comment for publicly visible type or member 'PaymentStatus.PartiallyAllocated' [/Users/kady/Masterdom/src/Masterdom.Modules.Payment/Masterdom.Modules.Payment.csproj]
/Users/kady/Masterdom/src/Masterdom.Modules.Payment/Domain/Entities/Payment/PaymentStatus.cs(9,42): warning CS1591: Missing XML comment for publicly visible type or member 'PaymentStatus.Allocated' [/Users/kady/Masterdom/src/Masterdom.Modules.Payment/Masterdom.Modules.Payment.csproj]
/Users/kady/Masterdom/src/Masterdom.Modules.Payment/Domain/Entities/Payment/PaymentStatus.cs(10,42): warning CS1591: Missing XML comment for publicly visible type or member 'PaymentStatus.Reversed' [/Users/kady/Masterdom/src/Masterdom.Modules.Payment/Masterdom.Modules.Payment.csproj]
/Users/kady/Masterdom/src/Masterdom.Modules.Payment/Domain/Entities/Payment/PaymentStatus.cs(11,42): warning CS1591: Missing XML comment for publicly visible type or member 'PaymentStatus.Voided' [/Users/kady/Masterdom/src/Masterdom.Modules.Payment/Masterdom.Modules.Payment.csproj]
/Users/kady/Masterdom/src/Masterdom.Modules.Payment/Domain/Entities/Payment/PaymentStatus.cs(18,19): warning CS1591: Missing XML comment for publicly visible type or member 'PaymentStatus.Value' [/Users/kady/Masterdom/src/Masterdom.Modules.Payment/Masterdom.Modules.Payment.csproj]
/Users/kady/Masterdom/src/Masterdom.Modules.Payment/Domain/Entities/Payment/PaymentStatus.cs(20,33): warning CS1591: Missing XML comment for publicly visible type or member 'PaymentStatus.Create(string)' [/Users/kady/Masterdom/src/Masterdom.Modules.Payment/Masterdom.Modules.Payment.csproj]
/Users/kady/Masterdom/src/Masterdom.Modules.Payment/Domain/Entities/Payment/PaymentStatus.cs(35,45): warning CS1591: Missing XML comment for publicly visible type or member 'PaymentStatus.GetEqualityComponents()' [/Users/kady/Masterdom/src/Masterdom.Modules.Payment/Masterdom.Modules.Payment.csproj]
/Users/kady/Masterdom/src/Masterdom.Modules.Payment/Domain/Entities/Payment/PaymentVersion.cs(3,21): warning CS1591: Missing XML comment for publicly visible type or member 'PaymentVersion' [/Users/kady/Masterdom/src/Masterdom.Modules.Payment/Masterdom.Modules.Payment.csproj]
/Users/kady/Masterdom/src/Masterdom.Modules.Payment/Domain/Entities/Payment/PaymentVersion.cs(19,16): warning CS1591: Missing XML comment for publicly visible type or member 'PaymentVersion.VersionNumber' [/Users/kady/Masterdom/src/Masterdom.Modules.Payment/Masterdom.Modules.Payment.csproj]
/Users/kady/Masterdom/src/Masterdom.Modules.Payment/Domain/Entities/Payment/PaymentVersion.cs(21,26): warning CS1591: Missing XML comment for publicly visible type or member 'PaymentVersion.PaymentAmount' [/Users/kady/Masterdom/src/Masterdom.Modules.Payment/Masterdom.Modules.Payment.csproj]
/Users/kady/Masterdom/src/Masterdom.Modules.Payment/Domain/Entities/Payment/PaymentVersion.cs(23,26): warning CS1591: Missing XML comment for publicly visible type or member 'PaymentVersion.PaymentStatus' [/Users/kady/Masterdom/src/Masterdom.Modules.Payment/Masterdom.Modules.Payment.csproj]
/Users/kady/Masterdom/src/Masterdom.Modules.Payment/Domain/Entities/Payment/PaymentVersion.cs(25,19): warning CS1591: Missing XML comment for publicly visible type or member 'PaymentVersion.ChangeReason' [/Users/kady/Masterdom/src/Masterdom.Modules.Payment/Masterdom.Modules.Payment.csproj]
/Users/kady/Masterdom/src/Masterdom.Modules.Payment/Domain/Entities/Payment/PaymentVersion.cs(27,21): warning CS1591: Missing XML comment for publicly visible type or member 'PaymentVersion.CreatedAtUtc' [/Users/kady/Masterdom/src/Masterdom.Modules.Payment/Masterdom.Modules.Payment.csproj]
/Users/kady/Masterdom/src/Masterdom.Modules.Payment/Domain/Entities/Payment/PaymentVersion.cs(29,34): warning CS1591: Missing XML comment for publicly visible type or member 'PaymentVersion.Create(int, PaymentAmount, PaymentStatus, string, DateTime)' [/Users/kady/Masterdom/src/Masterdom.Modules.Payment/Masterdom.Modules.Payment.csproj]
/Users/kady/Masterdom/src/Masterdom.Modules.Payment/Domain/Repositories/IPaymentRepository.cs(6,18): warning CS1591: Missing XML comment for publicly visible type or member 'IPaymentRepository' [/Users/kady/Masterdom/src/Masterdom.Modules.Payment/Masterdom.Modules.Payment.csproj]
/Users/kady/Masterdom/src/Masterdom.Modules.Payment/Domain/Repositories/IPaymentRepository.cs(8,10): warning CS1591: Missing XML comment for publicly visible type or member 'IPaymentRepository.Add(Payment)' [/Users/kady/Masterdom/src/Masterdom.Modules.Payment/Masterdom.Modules.Payment.csproj]
/Users/kady/Masterdom/src/Masterdom.Modules.Payment/Domain/Repositories/IPaymentRepository.cs(10,10): warning CS1591: Missing XML comment for publicly visible type or member 'IPaymentRepository.Update(Payment)' [/Users/kady/Masterdom/src/Masterdom.Modules.Payment/Masterdom.Modules.Payment.csproj]
/Users/kady/Masterdom/src/Masterdom.Modules.Payment/Domain/Repositories/IPaymentRepository.cs(12,23): warning CS1591: Missing XML comment for publicly visible type or member 'IPaymentRepository.GetById(PaymentId)' [/Users/kady/Masterdom/src/Masterdom.Modules.Payment/Masterdom.Modules.Payment.csproj]
/Users/kady/Masterdom/src/Masterdom.Modules.Payment/Domain/Repositories/IPaymentRepository.cs(14,23): warning CS1591: Missing XML comment for publicly visible type or member 'IPaymentRepository.GetByReference(PaymentReference)' [/Users/kady/Masterdom/src/Masterdom.Modules.Payment/Masterdom.Modules.Payment.csproj]
/Users/kady/Masterdom/src/Masterdom.Modules.Metering/Application/Support/ExecutionResult.cs(48,38): warning CS0108: 'ExecutionResult<T>.Failure(string, string)' hides inherited member 'ExecutionResult.Failure(string, string)'. Use the new keyword if hiding was intended. [/Users/kady/Masterdom/src/Masterdom.Modules.Metering/Masterdom.Modules.Metering.csproj]
/Users/kady/Masterdom/src/Masterdom.Modules.Metering/Application/Commands/ApproveReadingCommand.cs(5,22): warning CS1591: Missing XML comment for publicly visible type or member 'ApproveReadingCommand' [/Users/kady/Masterdom/src/Masterdom.Modules.Metering/Masterdom.Modules.Metering.csproj]
/Users/kady/Masterdom/src/Masterdom.Modules.Metering/Application/Commands/ApproveReadingCommand.cs(5,22): warning CS1591: Missing XML comment for publicly visible type or member 'ApproveReadingCommand.ApproveReadingCommand(MeterId, Guid, ReviewedBy, ReviewDate)' [/Users/kady/Masterdom/src/Masterdom.Modules.Metering/Masterdom.Modules.Metering.csproj]
/Users/kady/Masterdom/src/Masterdom.Modules.Metering/Application/Commands/ApproveReadingCommand.cs(6,13): warning CS1591: Missing XML comment for publicly visible type or member 'ApproveReadingCommand.MeterId' [/Users/kady/Masterdom/src/Masterdom.Modules.Metering/Masterdom.Modules.Metering.csproj]
/Users/kady/Masterdom/src/Masterdom.Modules.Metering/Application/Commands/ApproveReadingCommand.cs(7,10): warning CS1591: Missing XML comment for publicly visible type or member 'ApproveReadingCommand.ReadingId' [/Users/kady/Masterdom/src/Masterdom.Modules.Metering/Masterdom.Modules.Metering.csproj]
/Users/kady/Masterdom/src/Masterdom.Modules.Metering/Application/Commands/ApproveReadingCommand.cs(8,16): warning CS1591: Missing XML comment for publicly visible type or member 'ApproveReadingCommand.ReviewedBy' [/Users/kady/Masterdom/src/Masterdom.Modules.Metering/Masterdom.Modules.Metering.csproj]
/Users/kady/Masterdom/src/Masterdom.Modules.Metering/Application/Commands/ApproveReadingCommand.cs(9,16): warning CS1591: Missing XML comment for publicly visible type or member 'ApproveReadingCommand.ReviewDate' [/Users/kady/Masterdom/src/Masterdom.Modules.Metering/Masterdom.Modules.Metering.csproj]
/Users/kady/Masterdom/src/Masterdom.Modules.Metering/Application/Commands/CorrectReadingCommand.cs(5,22): warning CS1591: Missing XML comment for publicly visible type or member 'CorrectReadingCommand' [/Users/kady/Masterdom/src/Masterdom.Modules.Metering/Masterdom.Modules.Metering.csproj]
/Users/kady/Masterdom/src/Masterdom.Modules.Metering/Application/Commands/CorrectReadingCommand.cs(5,22): warning CS1591: Missing XML comment for publicly visible type or member 'CorrectReadingCommand.CorrectReadingCommand(MeterId, Guid, ReadingValue, string, SubmittedBy, DateTime)' [/Users/kady/Masterdom/src/Masterdom.Modules.Metering/Masterdom.Modules.Metering.csproj]
/Users/kady/Masterdom/src/Masterdom.Modules.Metering/Application/Commands/CorrectReadingCommand.cs(6,13): warning CS1591: Missing XML comment for publicly visible type or member 'CorrectReadingCommand.MeterId' [/Users/kady/Masterdom/src/Masterdom.Modules.Metering/Masterdom.Modules.Metering.csproj]
/Users/kady/Masterdom/src/Masterdom.Modules.Metering/Application/Commands/CorrectReadingCommand.cs(7,10): warning CS1591: Missing XML comment for publicly visible type or member 'CorrectReadingCommand.ReadingId' [/Users/kady/Masterdom/src/Masterdom.Modules.Metering/Masterdom.Modules.Metering.csproj]
/Users/kady/Masterdom/src/Masterdom.Modules.Metering/Application/Commands/CorrectReadingCommand.cs(8,18): warning CS1591: Missing XML comment for publicly visible type or member 'CorrectReadingCommand.CorrectedValue' [/Users/kady/Masterdom/src/Masterdom.Modules.Metering/Masterdom.Modules.Metering.csproj]
/Users/kady/Masterdom/src/Masterdom.Modules.Metering/Application/Commands/CorrectReadingCommand.cs(9,12): warning CS1591: Missing XML comment for publicly visible type or member 'CorrectReadingCommand.Reason' [/Users/kady/Masterdom/src/Masterdom.Modules.Metering/Masterdom.Modules.Metering.csproj]
/Users/kady/Masterdom/src/Masterdom.Modules.Metering/Application/Commands/CorrectReadingCommand.cs(10,17): warning CS1591: Missing XML comment for publicly visible type or member 'CorrectReadingCommand.CorrectedBy' [/Users/kady/Masterdom/src/Masterdom.Modules.Metering/Masterdom.Modules.Metering.csproj]
/Users/kady/Masterdom/src/Masterdom.Modules.Metering/Application/Commands/CorrectReadingCommand.cs(11,14): warning CS1591: Missing XML comment for publicly visible type or member 'CorrectReadingCommand.CorrectedAtUtc' [/Users/kady/Masterdom/src/Masterdom.Modules.Metering/Masterdom.Modules.Metering.csproj]
/Users/kady/Masterdom/src/Masterdom.Modules.Metering/Application/Commands/InstallMeterCommand.cs(5,22): warning CS1591: Missing XML comment for publicly visible type or member 'InstallMeterCommand' [/Users/kady/Masterdom/src/Masterdom.Modules.Metering/Masterdom.Modules.Metering.csproj]
/Users/kady/Masterdom/src/Masterdom.Modules.Metering/Application/Commands/InstallMeterCommand.cs(5,22): warning CS1591: Missing XML comment for publicly visible type or member 'InstallMeterCommand.InstallMeterCommand(MeterNumber, MeterCategory, MeterType, MeterLocationReference, InstallationDate)' [/Users/kady/Masterdom/src/Masterdom.Modules.Metering/Masterdom.Modules.Metering.csproj]
/Users/kady/Masterdom/src/Masterdom.Modules.Metering/Application/Commands/InstallMeterCommand.cs(6,17): warning CS1591: Missing XML comment for publicly visible type or member 'InstallMeterCommand.MeterNumber' [/Users/kady/Masterdom/src/Masterdom.Modules.Metering/Masterdom.Modules.Metering.csproj]
/Users/kady/Masterdom/src/Masterdom.Modules.Metering/Application/Commands/InstallMeterCommand.cs(7,19): warning CS1591: Missing XML comment for publicly visible type or member 'InstallMeterCommand.MeterCategory' [/Users/kady/Masterdom/src/Masterdom.Modules.Metering/Masterdom.Modules.Metering.csproj]
/Users/kady/Masterdom/src/Masterdom.Modules.Metering/Application/Commands/InstallMeterCommand.cs(8,15): warning CS1591: Missing XML comment for publicly visible type or member 'InstallMeterCommand.MeterType' [/Users/kady/Masterdom/src/Masterdom.Modules.Metering/Masterdom.Modules.Metering.csproj]
/Users/kady/Masterdom/src/Masterdom.Modules.Metering/Application/Commands/InstallMeterCommand.cs(9,28): warning CS1591: Missing XML comment for publicly visible type or member 'InstallMeterCommand.MeterLocationReference' [/Users/kady/Masterdom/src/Masterdom.Modules.Metering/Masterdom.Modules.Metering.csproj]
/Users/kady/Masterdom/src/Masterdom.Modules.Metering/Application/Commands/InstallMeterCommand.cs(10,22): warning CS1591: Missing XML comment for publicly visible type or member 'InstallMeterCommand.InstallationDate' [/Users/kady/Masterdom/src/Masterdom.Modules.Metering/Masterdom.Modules.Metering.csproj]
/Users/kady/Masterdom/src/Masterdom.Modules.Metering/Application/Commands/RetireMeterCommand.cs(5,22): warning CS1591: Missing XML comment for publicly visible type or member 'RetireMeterCommand' [/Users/kady/Masterdom/src/Masterdom.Modules.Metering/Masterdom.Modules.Metering.csproj]
/Users/kady/Masterdom/src/Masterdom.Modules.Metering/Application/Commands/RetireMeterCommand.cs(5,22): warning CS1591: Missing XML comment for publicly visible type or member 'RetireMeterCommand.RetireMeterCommand(MeterId, RemovalDate)' [/Users/kady/Masterdom/src/Masterdom.Modules.Metering/Masterdom.Modules.Metering.csproj]
/Users/kady/Masterdom/src/Masterdom.Modules.Metering/Application/Commands/RetireMeterCommand.cs(5,49): warning CS1591: Missing XML comment for publicly visible type or member 'RetireMeterCommand.MeterId' [/Users/kady/Masterdom/src/Masterdom.Modules.Metering/Masterdom.Modules.Metering.csproj]
/Users/kady/Masterdom/src/Masterdom.Modules.Metering/Application/Commands/RetireMeterCommand.cs(5,70): warning CS1591: Missing XML comment for publicly visible type or member 'RetireMeterCommand.RemovalDate' [/Users/kady/Masterdom/src/Masterdom.Modules.Metering/Masterdom.Modules.Metering.csproj]
/Users/kady/Masterdom/src/Masterdom.Modules.Metering/Application/Commands/SubmitReadingCommand.cs(5,22): warning CS1591: Missing XML comment for publicly visible type or member 'SubmitReadingCommand' [/Users/kady/Masterdom/src/Masterdom.Modules.Metering/Masterdom.Modules.Metering.csproj]
/Users/kady/Masterdom/src/Masterdom.Modules.Metering/Application/Commands/SubmitReadingCommand.cs(5,22): warning CS1591: Missing XML comment for publicly visible type or member 'SubmitReadingCommand.SubmitReadingCommand(MeterId, ReadingDate, ReadingValue, ReadingSource, SubmittedBy, DateTime, bool, bool, ReadingNotes?)' [/Users/kady/Masterdom/src/Masterdom.Modules.Metering/Masterdom.Modules.Metering.csproj]
/Users/kady/Masterdom/src/Masterdom.Modules.Metering/Application/Commands/SubmitReadingCommand.cs(6,13): warning CS1591: Missing XML comment for publicly visible type or member 'SubmitReadingCommand.MeterId' [/Users/kady/Masterdom/src/Masterdom.Modules.Metering/Masterdom.Modules.Metering.csproj]
/Users/kady/Masterdom/src/Masterdom.Modules.Metering/Application/Commands/SubmitReadingCommand.cs(7,17): warning CS1591: Missing XML comment for publicly visible type or member 'SubmitReadingCommand.ReadingDate' [/Users/kady/Masterdom/src/Masterdom.Modules.Metering/Masterdom.Modules.Metering.csproj]
/Users/kady/Masterdom/src/Masterdom.Modules.Metering/Application/Commands/SubmitReadingCommand.cs(8,18): warning CS1591: Missing XML comment for publicly visible type or member 'SubmitReadingCommand.ReadingValue' [/Users/kady/Masterdom/src/Masterdom.Modules.Metering/Masterdom.Modules.Metering.csproj]
/Users/kady/Masterdom/src/Masterdom.Modules.Metering/Application/Commands/SubmitReadingCommand.cs(9,19): warning CS1591: Missing XML comment for publicly visible type or member 'SubmitReadingCommand.ReadingSource' [/Users/kady/Masterdom/src/Masterdom.Modules.Metering/Masterdom.Modules.Metering.csproj]
/Users/kady/Masterdom/src/Masterdom.Modules.Metering/Application/Commands/SubmitReadingCommand.cs(10,17): warning CS1591: Missing XML comment for publicly visible type or member 'SubmitReadingCommand.SubmittedBy' [/Users/kady/Masterdom/src/Masterdom.Modules.Metering/Masterdom.Modules.Metering.csproj]
/Users/kady/Masterdom/src/Masterdom.Modules.Metering/Application/Commands/SubmitReadingCommand.cs(11,14): warning CS1591: Missing XML comment for publicly visible type or member 'SubmitReadingCommand.SubmittedAtUtc' [/Users/kady/Masterdom/src/Masterdom.Modules.Metering/Masterdom.Modules.Metering.csproj]
/Users/kady/Masterdom/src/Masterdom.Modules.Metering/Application/Commands/SubmitReadingCommand.cs(12,10): warning CS1591: Missing XML comment for publicly visible type or member 'SubmitReadingCommand.AllowFutureReadings' [/Users/kady/Masterdom/src/Masterdom.Modules.Metering/Masterdom.Modules.Metering.csproj]
/Users/kady/Masterdom/src/Masterdom.Modules.Metering/Application/Commands/SubmitReadingCommand.cs(13,10): warning CS1591: Missing XML comment for publicly visible type or member 'SubmitReadingCommand.IsRollover' [/Users/kady/Masterdom/src/Masterdom.Modules.Metering/Masterdom.Modules.Metering.csproj]
/Users/kady/Masterdom/src/Masterdom.Modules.Metering/Application/Commands/SubmitReadingCommand.cs(14,19): warning CS1591: Missing XML comment for publicly visible type or member 'SubmitReadingCommand.ReadingNotes' [/Users/kady/Masterdom/src/Masterdom.Modules.Metering/Masterdom.Modules.Metering.csproj]
/Users/kady/Masterdom/src/Masterdom.Modules.Metering/Application/Handlers/Commands/ApproveReadingCommandHandler.cs(8,21): warning CS1591: Missing XML comment for publicly visible type or member 'ApproveReadingCommandHandler' [/Users/kady/Masterdom/src/Masterdom.Modules.Metering/Masterdom.Modules.Metering.csproj]
/Users/kady/Masterdom/src/Masterdom.Modules.Metering/Application/Handlers/Commands/ApproveReadingCommandHandler.cs(12,12): warning CS1591: Missing XML comment for publicly visible type or member 'ApproveReadingCommandHandler.ApproveReadingCommandHandler(IMeteringApplicationService)' [/Users/kady/Masterdom/src/Masterdom.Modules.Metering/Masterdom.Modules.Metering.csproj]
/Users/kady/Masterdom/src/Masterdom.Modules.Metering/Application/Handlers/Commands/ApproveReadingCommandHandler.cs(17,44): warning CS1591: Missing XML comment for publicly visible type or member 'ApproveReadingCommandHandler.Handle(ApproveReadingCommand)' [/Users/kady/Masterdom/src/Masterdom.Modules.Metering/Masterdom.Modules.Metering.csproj]
/Users/kady/Masterdom/src/Masterdom.Modules.Metering/Application/Handlers/Commands/CorrectReadingCommandHandler.cs(8,21): warning CS1591: Missing XML comment for publicly visible type or member 'CorrectReadingCommandHandler' [/Users/kady/Masterdom/src/Masterdom.Modules.Metering/Masterdom.Modules.Metering.csproj]
/Users/kady/Masterdom/src/Masterdom.Modules.Metering/Application/Handlers/Commands/CorrectReadingCommandHandler.cs(12,12): warning CS1591: Missing XML comment for publicly visible type or member 'CorrectReadingCommandHandler.CorrectReadingCommandHandler(IMeteringApplicationService)' [/Users/kady/Masterdom/src/Masterdom.Modules.Metering/Masterdom.Modules.Metering.csproj]
/Users/kady/Masterdom/src/Masterdom.Modules.Metering/Application/Handlers/Commands/CorrectReadingCommandHandler.cs(17,44): warning CS1591: Missing XML comment for publicly visible type or member 'CorrectReadingCommandHandler.Handle(CorrectReadingCommand)' [/Users/kady/Masterdom/src/Masterdom.Modules.Metering/Masterdom.Modules.Metering.csproj]
/Users/kady/Masterdom/src/Masterdom.Modules.Metering/Application/Handlers/Commands/InstallMeterCommandHandler.cs(8,21): warning CS1591: Missing XML comment for publicly visible type or member 'InstallMeterCommandHandler' [/Users/kady/Masterdom/src/Masterdom.Modules.Metering/Masterdom.Modules.Metering.csproj]
/Users/kady/Masterdom/src/Masterdom.Modules.Metering/Application/Handlers/Commands/InstallMeterCommandHandler.cs(12,12): warning CS1591: Missing XML comment for publicly visible type or member 'InstallMeterCommandHandler.InstallMeterCommandHandler(IMeteringApplicationService)' [/Users/kady/Masterdom/src/Masterdom.Modules.Metering/Masterdom.Modules.Metering.csproj]
/Users/kady/Masterdom/src/Masterdom.Modules.Metering/Application/Handlers/Commands/InstallMeterCommandHandler.cs(17,44): warning CS1591: Missing XML comment for publicly visible type or member 'InstallMeterCommandHandler.Handle(InstallMeterCommand)' [/Users/kady/Masterdom/src/Masterdom.Modules.Metering/Masterdom.Modules.Metering.csproj]
/Users/kady/Masterdom/src/Masterdom.Modules.Metering/Application/Handlers/Commands/RetireMeterCommandHandler.cs(8,21): warning CS1591: Missing XML comment for publicly visible type or member 'RetireMeterCommandHandler' [/Users/kady/Masterdom/src/Masterdom.Modules.Metering/Masterdom.Modules.Metering.csproj]
/Users/kady/Masterdom/src/Masterdom.Modules.Metering/Application/Handlers/Commands/RetireMeterCommandHandler.cs(12,12): warning CS1591: Missing XML comment for publicly visible type or member 'RetireMeterCommandHandler.RetireMeterCommandHandler(IMeteringApplicationService)' [/Users/kady/Masterdom/src/Masterdom.Modules.Metering/Masterdom.Modules.Metering.csproj]
/Users/kady/Masterdom/src/Masterdom.Modules.Metering/Application/Handlers/Commands/RetireMeterCommandHandler.cs(17,44): warning CS1591: Missing XML comment for publicly visible type or member 'RetireMeterCommandHandler.Handle(RetireMeterCommand)' [/Users/kady/Masterdom/src/Masterdom.Modules.Metering/Masterdom.Modules.Metering.csproj]
/Users/kady/Masterdom/src/Masterdom.Modules.Metering/Application/Handlers/Commands/SubmitReadingCommandHandler.cs(8,21): warning CS1591: Missing XML comment for publicly visible type or member 'SubmitReadingCommandHandler' [/Users/kady/Masterdom/src/Masterdom.Modules.Metering/Masterdom.Modules.Metering.csproj]
/Users/kady/Masterdom/src/Masterdom.Modules.Metering/Application/Handlers/Commands/SubmitReadingCommandHandler.cs(12,12): warning CS1591: Missing XML comment for publicly visible type or member 'SubmitReadingCommandHandler.SubmitReadingCommandHandler(IMeteringApplicationService)' [/Users/kady/Masterdom/src/Masterdom.Modules.Metering/Masterdom.Modules.Metering.csproj]
/Users/kady/Masterdom/src/Masterdom.Modules.Metering/Application/Handlers/Commands/SubmitReadingCommandHandler.cs(17,44): warning CS1591: Missing XML comment for publicly visible type or member 'SubmitReadingCommandHandler.Handle(SubmitReadingCommand)' [/Users/kady/Masterdom/src/Masterdom.Modules.Metering/Masterdom.Modules.Metering.csproj]
/Users/kady/Masterdom/src/Masterdom.Modules.Metering/Application/Handlers/Queries/GetMeterByIdQueryHandler.cs(8,21): warning CS1591: Missing XML comment for publicly visible type or member 'GetMeterByIdQueryHandler' [/Users/kady/Masterdom/src/Masterdom.Modules.Metering/Masterdom.Modules.Metering.csproj]
/Users/kady/Masterdom/src/Masterdom.Modules.Metering/Application/Handlers/Queries/GetMeterByIdQueryHandler.cs(12,12): warning CS1591: Missing XML comment for publicly visible type or member 'GetMeterByIdQueryHandler.GetMeterByIdQueryHandler(IMeteringApplicationService)' [/Users/kady/Masterdom/src/Masterdom.Modules.Metering/Masterdom.Modules.Metering.csproj]
/Users/kady/Masterdom/src/Masterdom.Modules.Metering/Application/Handlers/Queries/GetMeterByIdQueryHandler.cs(17,44): warning CS1591: Missing XML comment for publicly visible type or member 'GetMeterByIdQueryHandler.Handle(GetMeterByIdQuery)' [/Users/kady/Masterdom/src/Masterdom.Modules.Metering/Masterdom.Modules.Metering.csproj]
/Users/kady/Masterdom/src/Masterdom.Modules.Metering/Application/Handlers/Queries/GetMeterByNumberQueryHandler.cs(8,21): warning CS1591: Missing XML comment for publicly visible type or member 'GetMeterByNumberQueryHandler' [/Users/kady/Masterdom/src/Masterdom.Modules.Metering/Masterdom.Modules.Metering.csproj]
/Users/kady/Masterdom/src/Masterdom.Modules.Metering/Application/Handlers/Queries/GetMeterByNumberQueryHandler.cs(12,12): warning CS1591: Missing XML comment for publicly visible type or member 'GetMeterByNumberQueryHandler.GetMeterByNumberQueryHandler(IMeteringApplicationService)' [/Users/kady/Masterdom/src/Masterdom.Modules.Metering/Masterdom.Modules.Metering.csproj]
/Users/kady/Masterdom/src/Masterdom.Modules.Metering/Application/Handlers/Queries/GetMeterByNumberQueryHandler.cs(17,44): warning CS1591: Missing XML comment for publicly visible type or member 'GetMeterByNumberQueryHandler.Handle(GetMeterByNumberQuery)' [/Users/kady/Masterdom/src/Masterdom.Modules.Metering/Masterdom.Modules.Metering.csproj]
/Users/kady/Masterdom/src/Masterdom.Modules.Metering/Application/Queries/GetMeterByIdQuery.cs(5,22): warning CS1591: Missing XML comment for publicly visible type or member 'GetMeterByIdQuery' [/Users/kady/Masterdom/src/Masterdom.Modules.Metering/Masterdom.Modules.Metering.csproj]
/Users/kady/Masterdom/src/Masterdom.Modules.Metering/Application/Queries/GetMeterByIdQuery.cs(5,22): warning CS1591: Missing XML comment for publicly visible type or member 'GetMeterByIdQuery.GetMeterByIdQuery(MeterId)' [/Users/kady/Masterdom/src/Masterdom.Modules.Metering/Masterdom.Modules.Metering.csproj]
/Users/kady/Masterdom/src/Masterdom.Modules.Metering/Application/Queries/GetMeterByIdQuery.cs(5,48): warning CS1591: Missing XML comment for publicly visible type or member 'GetMeterByIdQuery.MeterId' [/Users/kady/Masterdom/src/Masterdom.Modules.Metering/Masterdom.Modules.Metering.csproj]
/Users/kady/Masterdom/src/Masterdom.Modules.Metering/Application/Queries/GetMeterByNumberQuery.cs(5,22): warning CS1591: Missing XML comment for publicly visible type or member 'GetMeterByNumberQuery' [/Users/kady/Masterdom/src/Masterdom.Modules.Metering/Masterdom.Modules.Metering.csproj]
/Users/kady/Masterdom/src/Masterdom.Modules.Metering/Application/Queries/GetMeterByNumberQuery.cs(5,22): warning CS1591: Missing XML comment for publicly visible type or member 'GetMeterByNumberQuery.GetMeterByNumberQuery(MeterNumber)' [/Users/kady/Masterdom/src/Masterdom.Modules.Metering/Masterdom.Modules.Metering.csproj]
/Users/kady/Masterdom/src/Masterdom.Modules.Metering/Application/Queries/GetMeterByNumberQuery.cs(5,56): warning CS1591: Missing XML comment for publicly visible type or member 'GetMeterByNumberQuery.MeterNumber' [/Users/kady/Masterdom/src/Masterdom.Modules.Metering/Masterdom.Modules.Metering.csproj]
/Users/kady/Masterdom/src/Masterdom.Modules.Metering/Application/Services/IMeteringApplicationService.cs(7,18): warning CS1591: Missing XML comment for publicly visible type or member 'IMeteringApplicationService' [/Users/kady/Masterdom/src/Masterdom.Modules.Metering/Masterdom.Modules.Metering.csproj]
/Users/kady/Masterdom/src/Masterdom.Modules.Metering/Application/Services/IMeteringApplicationService.cs(9,20): warning CS1591: Missing XML comment for publicly visible type or member 'IMeteringApplicationService.InstallMeter(InstallMeterCommand)' [/Users/kady/Masterdom/src/Masterdom.Modules.Metering/Masterdom.Modules.Metering.csproj]
/Users/kady/Masterdom/src/Masterdom.Modules.Metering/Application/Services/IMeteringApplicationService.cs(11,20): warning CS1591: Missing XML comment for publicly visible type or member 'IMeteringApplicationService.SubmitReading(SubmitReadingCommand)' [/Users/kady/Masterdom/src/Masterdom.Modules.Metering/Masterdom.Modules.Metering.csproj]
/Users/kady/Masterdom/src/Masterdom.Modules.Metering/Application/Services/IMeteringApplicationService.cs(13,20): warning CS1591: Missing XML comment for publicly visible type or member 'IMeteringApplicationService.ApproveReading(ApproveReadingCommand)' [/Users/kady/Masterdom/src/Masterdom.Modules.Metering/Masterdom.Modules.Metering.csproj]
/Users/kady/Masterdom/src/Masterdom.Modules.Metering/Application/Services/IMeteringApplicationService.cs(15,20): warning CS1591: Missing XML comment for publicly visible type or member 'IMeteringApplicationService.CorrectReading(CorrectReadingCommand)' [/Users/kady/Masterdom/src/Masterdom.Modules.Metering/Masterdom.Modules.Metering.csproj]
/Users/kady/Masterdom/src/Masterdom.Modules.Metering/Application/Services/IMeteringApplicationService.cs(17,20): warning CS1591: Missing XML comment for publicly visible type or member 'IMeteringApplicationService.RetireMeter(RetireMeterCommand)' [/Users/kady/Masterdom/src/Masterdom.Modules.Metering/Masterdom.Modules.Metering.csproj]
/Users/kady/Masterdom/src/Masterdom.Modules.Metering/Application/Services/IMeteringApplicationService.cs(19,21): warning CS1591: Missing XML comment for publicly visible type or member 'IMeteringApplicationService.GetMeter(GetMeterByIdQuery)' [/Users/kady/Masterdom/src/Masterdom.Modules.Metering/Masterdom.Modules.Metering.csproj]
/Users/kady/Masterdom/src/Masterdom.Modules.Metering/Application/Services/IMeteringApplicationService.cs(21,21): warning CS1591: Missing XML comment for publicly visible type or member 'IMeteringApplicationService.GetMeterByNumber(GetMeterByNumberQuery)' [/Users/kady/Masterdom/src/Masterdom.Modules.Metering/Masterdom.Modules.Metering.csproj]
/Users/kady/Masterdom/src/Masterdom.Modules.Metering/Application/Services/MeteringApplicationService.cs(10,21): warning CS1591: Missing XML comment for publicly visible type or member 'MeteringApplicationService' [/Users/kady/Masterdom/src/Masterdom.Modules.Metering/Masterdom.Modules.Metering.csproj]
/Users/kady/Masterdom/src/Masterdom.Modules.Metering/Application/Services/MeteringApplicationService.cs(16,12): warning CS1591: Missing XML comment for publicly visible type or member 'MeteringApplicationService.MeteringApplicationService(IMeterRepository, IMeteringUnitOfWork, IMeteringPlatformOrchestrator)' [/Users/kady/Masterdom/src/Masterdom.Modules.Metering/Masterdom.Modules.Metering.csproj]
/Users/kady/Masterdom/src/Masterdom.Modules.Metering/Application/Services/MeteringApplicationService.cs(26,27): warning CS1591: Missing XML comment for publicly visible type or member 'MeteringApplicationService.InstallMeter(InstallMeterCommand)' [/Users/kady/Masterdom/src/Masterdom.Modules.Metering/Masterdom.Modules.Metering.csproj]
/Users/kady/Masterdom/src/Masterdom.Modules.Metering/Application/Services/MeteringApplicationService.cs(52,27): warning CS1591: Missing XML comment for publicly visible type or member 'MeteringApplicationService.SubmitReading(SubmitReadingCommand)' [/Users/kady/Masterdom/src/Masterdom.Modules.Metering/Masterdom.Modules.Metering.csproj]
/Users/kady/Masterdom/src/Masterdom.Modules.Metering/Application/Services/MeteringApplicationService.cs(72,27): warning CS1591: Missing XML comment for publicly visible type or member 'MeteringApplicationService.ApproveReading(ApproveReadingCommand)' [/Users/kady/Masterdom/src/Masterdom.Modules.Metering/Masterdom.Modules.Metering.csproj]
/Users/kady/Masterdom/src/Masterdom.Modules.Metering/Application/Services/MeteringApplicationService.cs(83,27): warning CS1591: Missing XML comment for publicly visible type or member 'MeteringApplicationService.CorrectReading(CorrectReadingCommand)' [/Users/kady/Masterdom/src/Masterdom.Modules.Metering/Masterdom.Modules.Metering.csproj]
/Users/kady/Masterdom/src/Masterdom.Modules.Metering/Application/Services/MeteringApplicationService.cs(99,27): warning CS1591: Missing XML comment for publicly visible type or member 'MeteringApplicationService.RetireMeter(RetireMeterCommand)' [/Users/kady/Masterdom/src/Masterdom.Modules.Metering/Masterdom.Modules.Metering.csproj]
/Users/kady/Masterdom/src/Masterdom.Modules.Metering/Application/Services/MeteringApplicationService.cs(110,28): warning CS1591: Missing XML comment for publicly visible type or member 'MeteringApplicationService.GetMeter(GetMeterByIdQuery)' [/Users/kady/Masterdom/src/Masterdom.Modules.Metering/Masterdom.Modules.Metering.csproj]
/Users/kady/Masterdom/src/Masterdom.Modules.Metering/Application/Services/MeteringApplicationService.cs(116,28): warning CS1591: Missing XML comment for publicly visible type or member 'MeteringApplicationService.GetMeterByNumber(GetMeterByNumberQuery)' [/Users/kady/Masterdom/src/Masterdom.Modules.Metering/Masterdom.Modules.Metering.csproj]
/Users/kady/Masterdom/src/Masterdom.Modules.Metering/Application/Support/ExecutionResult.cs(3,14): warning CS1591: Missing XML comment for publicly visible type or member 'ExecutionResult' [/Users/kady/Masterdom/src/Masterdom.Modules.Metering/Masterdom.Modules.Metering.csproj]
/Users/kady/Masterdom/src/Masterdom.Modules.Metering/Application/Support/ExecutionResult.cs(5,15): warning CS1591: Missing XML comment for publicly visible type or member 'ExecutionResult.ExecutionResult(bool, string?, string?)' [/Users/kady/Masterdom/src/Masterdom.Modules.Metering/Masterdom.Modules.Metering.csproj]
/Users/kady/Masterdom/src/Masterdom.Modules.Metering/Application/Support/ExecutionResult.cs(12,17): warning CS1591: Missing XML comment for publicly visible type or member 'ExecutionResult.IsSuccess' [/Users/kady/Masterdom/src/Masterdom.Modules.Metering/Masterdom.Modules.Metering.csproj]
/Users/kady/Masterdom/src/Masterdom.Modules.Metering/Application/Support/ExecutionResult.cs(14,20): warning CS1591: Missing XML comment for publicly visible type or member 'ExecutionResult.ErrorCode' [/Users/kady/Masterdom/src/Masterdom.Modules.Metering/Masterdom.Modules.Metering.csproj]
/Users/kady/Masterdom/src/Masterdom.Modules.Metering/Application/Support/ExecutionResult.cs(16,20): warning CS1591: Missing XML comment for publicly visible type or member 'ExecutionResult.ErrorMessage' [/Users/kady/Masterdom/src/Masterdom.Modules.Metering/Masterdom.Modules.Metering.csproj]
/Users/kady/Masterdom/src/Masterdom.Modules.Metering/Application/Support/ExecutionResult.cs(18,35): warning CS1591: Missing XML comment for publicly visible type or member 'ExecutionResult.Success()' [/Users/kady/Masterdom/src/Masterdom.Modules.Metering/Masterdom.Modules.Metering.csproj]
/Users/kady/Masterdom/src/Masterdom.Modules.Metering/Application/Support/ExecutionResult.cs(23,35): warning CS1591: Missing XML comment for publicly visible type or member 'ExecutionResult.Failure(string, string)' [/Users/kady/Masterdom/src/Masterdom.Modules.Metering/Masterdom.Modules.Metering.csproj]
/Users/kady/Masterdom/src/Masterdom.Modules.Metering/Application/Support/ExecutionResult.cs(32,21): warning CS1591: Missing XML comment for publicly visible type or member 'ExecutionResult<T>' [/Users/kady/Masterdom/src/Masterdom.Modules.Metering/Masterdom.Modules.Metering.csproj]
/Users/kady/Masterdom/src/Masterdom.Modules.Metering/Application/Support/ExecutionResult.cs(40,15): warning CS1591: Missing XML comment for publicly visible type or member 'ExecutionResult<T>.Value' [/Users/kady/Masterdom/src/Masterdom.Modules.Metering/Masterdom.Modules.Metering.csproj]
/Users/kady/Masterdom/src/Masterdom.Modules.Metering/Application/Support/ExecutionResult.cs(42,38): warning CS1591: Missing XML comment for publicly visible type or member 'ExecutionResult<T>.Success(T)' [/Users/kady/Masterdom/src/Masterdom.Modules.Metering/Masterdom.Modules.Metering.csproj]
/Users/kady/Masterdom/src/Masterdom.Modules.Metering/Application/Support/ExecutionResult.cs(48,38): warning CS1591: Missing XML comment for publicly visible type or member 'ExecutionResult<T>.Failure(string, string)' [/Users/kady/Masterdom/src/Masterdom.Modules.Metering/Masterdom.Modules.Metering.csproj]
/Users/kady/Masterdom/src/Masterdom.Modules.Metering/Application/Support/ICommandHandler.cs(3,18): warning CS1591: Missing XML comment for publicly visible type or member 'ICommandHandler<TCommand, TResult>' [/Users/kady/Masterdom/src/Masterdom.Modules.Metering/Masterdom.Modules.Metering.csproj]
/Users/kady/Masterdom/src/Masterdom.Modules.Metering/Application/Support/ICommandHandler.cs(5,13): warning CS1591: Missing XML comment for publicly visible type or member 'ICommandHandler<TCommand, TResult>.Handle(TCommand)' [/Users/kady/Masterdom/src/Masterdom.Modules.Metering/Masterdom.Modules.Metering.csproj]
/Users/kady/Masterdom/src/Masterdom.Modules.Metering/Application/Support/IMeteringPlatformOrchestrator.cs(5,18): warning CS1591: Missing XML comment for publicly visible type or member 'IMeteringPlatformOrchestrator' [/Users/kady/Masterdom/src/Masterdom.Modules.Metering/Masterdom.Modules.Metering.csproj]
/Users/kady/Masterdom/src/Masterdom.Modules.Metering/Application/Support/IMeteringPlatformOrchestrator.cs(7,10): warning CS1591: Missing XML comment for publicly visible type or member 'IMeteringPlatformOrchestrator.OnMeterMutated(Meter, string)' [/Users/kady/Masterdom/src/Masterdom.Modules.Metering/Masterdom.Modules.Metering.csproj]
/Users/kady/Masterdom/src/Masterdom.Modules.Metering/Application/Support/IMeteringUnitOfWork.cs(3,18): warning CS1591: Missing XML comment for publicly visible type or member 'IMeteringUnitOfWork' [/Users/kady/Masterdom/src/Masterdom.Modules.Metering/Masterdom.Modules.Metering.csproj]
/Users/kady/Masterdom/src/Masterdom.Modules.Metering/Application/Support/IMeteringUnitOfWork.cs(5,10): warning CS1591: Missing XML comment for publicly visible type or member 'IMeteringUnitOfWork.Execute(Action)' [/Users/kady/Masterdom/src/Masterdom.Modules.Metering/Masterdom.Modules.Metering.csproj]
/Users/kady/Masterdom/src/Masterdom.Modules.Metering/Application/Support/IQueryHandler.cs(3,18): warning CS1591: Missing XML comment for publicly visible type or member 'IQueryHandler<TQuery, TResult>' [/Users/kady/Masterdom/src/Masterdom.Modules.Metering/Masterdom.Modules.Metering.csproj]
/Users/kady/Masterdom/src/Masterdom.Modules.Metering/Application/Support/IQueryHandler.cs(5,13): warning CS1591: Missing XML comment for publicly visible type or member 'IQueryHandler<TQuery, TResult>.Handle(TQuery)' [/Users/kady/Masterdom/src/Masterdom.Modules.Metering/Masterdom.Modules.Metering.csproj]
/Users/kady/Masterdom/src/Masterdom.Modules.Metering/Domain/Entities/Metering/ApprovalStatus.cs(5,21): warning CS1591: Missing XML comment for publicly visible type or member 'ApprovalStatus' [/Users/kady/Masterdom/src/Masterdom.Modules.Metering/Masterdom.Modules.Metering.csproj]
/Users/kady/Masterdom/src/Masterdom.Modules.Metering/Domain/Entities/Metering/ApprovalStatus.cs(7,43): warning CS1591: Missing XML comment for publicly visible type or member 'ApprovalStatus.Pending' [/Users/kady/Masterdom/src/Masterdom.Modules.Metering/Masterdom.Modules.Metering.csproj]
/Users/kady/Masterdom/src/Masterdom.Modules.Metering/Domain/Entities/Metering/ApprovalStatus.cs(8,43): warning CS1591: Missing XML comment for publicly visible type or member 'ApprovalStatus.Approved' [/Users/kady/Masterdom/src/Masterdom.Modules.Metering/Masterdom.Modules.Metering.csproj]
/Users/kady/Masterdom/src/Masterdom.Modules.Metering/Domain/Entities/Metering/ApprovalStatus.cs(9,43): warning CS1591: Missing XML comment for publicly visible type or member 'ApprovalStatus.Rejected' [/Users/kady/Masterdom/src/Masterdom.Modules.Metering/Masterdom.Modules.Metering.csproj]
/Users/kady/Masterdom/src/Masterdom.Modules.Metering/Domain/Entities/Metering/ApprovalStatus.cs(16,19): warning CS1591: Missing XML comment for publicly visible type or member 'ApprovalStatus.Value' [/Users/kady/Masterdom/src/Masterdom.Modules.Metering/Masterdom.Modules.Metering.csproj]
/Users/kady/Masterdom/src/Masterdom.Modules.Metering/Domain/Entities/Metering/ApprovalStatus.cs(18,34): warning CS1591: Missing XML comment for publicly visible type or member 'ApprovalStatus.Create(string)' [/Users/kady/Masterdom/src/Masterdom.Modules.Metering/Masterdom.Modules.Metering.csproj]
/Users/kady/Masterdom/src/Masterdom.Modules.Metering/Domain/Entities/Metering/ApprovalStatus.cs(31,45): warning CS1591: Missing XML comment for publicly visible type or member 'ApprovalStatus.GetEqualityComponents()' [/Users/kady/Masterdom/src/Masterdom.Modules.Metering/Masterdom.Modules.Metering.csproj]
/Users/kady/Masterdom/src/Masterdom.Modules.Metering/Domain/Entities/Metering/Consumption.cs(5,21): warning CS1591: Missing XML comment for publicly visible type or member 'Consumption' [/Users/kady/Masterdom/src/Masterdom.Modules.Metering/Masterdom.Modules.Metering.csproj]
/Users/kady/Masterdom/src/Masterdom.Modules.Metering/Domain/Entities/Metering/Consumption.cs(12,20): warning CS1591: Missing XML comment for publicly visible type or member 'Consumption.Value' [/Users/kady/Masterdom/src/Masterdom.Modules.Metering/Masterdom.Modules.Metering.csproj]
/Users/kady/Masterdom/src/Masterdom.Modules.Metering/Domain/Entities/Metering/Consumption.cs(14,31): warning CS1591: Missing XML comment for publicly visible type or member 'Consumption.Create(decimal)' [/Users/kady/Masterdom/src/Masterdom.Modules.Metering/Masterdom.Modules.Metering.csproj]
/Users/kady/Masterdom/src/Masterdom.Modules.Metering/Domain/Entities/Metering/Consumption.cs(24,45): warning CS1591: Missing XML comment for publicly visible type or member 'Consumption.GetEqualityComponents()' [/Users/kady/Masterdom/src/Masterdom.Modules.Metering/Masterdom.Modules.Metering.csproj]
/Users/kady/Masterdom/src/Masterdom.Modules.Metering/Domain/Entities/Metering/CorrectionHistory.cs(5,21): warning CS1591: Missing XML comment for publicly visible type or member 'CorrectionHistory' [/Users/kady/Masterdom/src/Masterdom.Modules.Metering/Masterdom.Modules.Metering.csproj]
/Users/kady/Masterdom/src/Masterdom.Modules.Metering/Domain/Entities/Metering/CorrectionHistory.cs(14,37): warning CS1591: Missing XML comment for publicly visible type or member 'CorrectionHistory.Empty' [/Users/kady/Masterdom/src/Masterdom.Modules.Metering/Masterdom.Modules.Metering.csproj]
/Users/kady/Masterdom/src/Masterdom.Modules.Metering/Domain/Entities/Metering/CorrectionHistory.cs(16,45): warning CS1591: Missing XML comment for publicly visible type or member 'CorrectionHistory.Items' [/Users/kady/Masterdom/src/Masterdom.Modules.Metering/Masterdom.Modules.Metering.csproj]
/Users/kady/Masterdom/src/Masterdom.Modules.Metering/Domain/Entities/Metering/CorrectionHistory.cs(18,30): warning CS1591: Missing XML comment for publicly visible type or member 'CorrectionHistory.Add(ReadingCorrection)' [/Users/kady/Masterdom/src/Masterdom.Modules.Metering/Masterdom.Modules.Metering.csproj]
/Users/kady/Masterdom/src/Masterdom.Modules.Metering/Domain/Entities/Metering/CorrectionHistory.cs(27,37): warning CS1591: Missing XML comment for publicly visible type or member 'CorrectionHistory.Create(IEnumerable<ReadingCorrection>)' [/Users/kady/Masterdom/src/Masterdom.Modules.Metering/Masterdom.Modules.Metering.csproj]
/Users/kady/Masterdom/src/Masterdom.Modules.Metering/Domain/Entities/Metering/CorrectionHistory.cs(33,45): warning CS1591: Missing XML comment for publicly visible type or member 'CorrectionHistory.GetEqualityComponents()' [/Users/kady/Masterdom/src/Masterdom.Modules.Metering/Masterdom.Modules.Metering.csproj]
/Users/kady/Masterdom/src/Masterdom.Modules.Metering/Domain/Entities/Metering/Events/ConsumptionCalculatedDomainEvent.cs(5,22): warning CS1591: Missing XML comment for publicly visible type or member 'ConsumptionCalculatedDomainEvent' [/Users/kady/Masterdom/src/Masterdom.Modules.Metering/Masterdom.Modules.Metering.csproj]
/Users/kady/Masterdom/src/Masterdom.Modules.Metering/Domain/Entities/Metering/Events/ConsumptionCalculatedDomainEvent.cs(5,22): warning CS1591: Missing XML comment for publicly visible type or member 'ConsumptionCalculatedDomainEvent.ConsumptionCalculatedDomainEvent(MeterId, Guid, decimal, DateTime)' [/Users/kady/Masterdom/src/Masterdom.Modules.Metering/Masterdom.Modules.Metering.csproj]
/Users/kady/Masterdom/src/Masterdom.Modules.Metering/Domain/Entities/Metering/Events/ConsumptionCalculatedDomainEvent.cs(6,13): warning CS1591: Missing XML comment for publicly visible type or member 'ConsumptionCalculatedDomainEvent.MeterId' [/Users/kady/Masterdom/src/Masterdom.Modules.Metering/Masterdom.Modules.Metering.csproj]
/Users/kady/Masterdom/src/Masterdom.Modules.Metering/Domain/Entities/Metering/Events/ConsumptionCalculatedDomainEvent.cs(7,10): warning CS1591: Missing XML comment for publicly visible type or member 'ConsumptionCalculatedDomainEvent.ReadingId' [/Users/kady/Masterdom/src/Masterdom.Modules.Metering/Masterdom.Modules.Metering.csproj]
/Users/kady/Masterdom/src/Masterdom.Modules.Metering/Domain/Entities/Metering/Events/ConsumptionCalculatedDomainEvent.cs(8,13): warning CS1591: Missing XML comment for publicly visible type or member 'ConsumptionCalculatedDomainEvent.ConsumptionValue' [/Users/kady/Masterdom/src/Masterdom.Modules.Metering/Masterdom.Modules.Metering.csproj]
/Users/kady/Masterdom/src/Masterdom.Modules.Metering/Domain/Entities/Metering/Events/ConsumptionCalculatedDomainEvent.cs(9,14): warning CS1591: Missing XML comment for publicly visible type or member 'ConsumptionCalculatedDomainEvent.OccurredOnUtc' [/Users/kady/Masterdom/src/Masterdom.Modules.Metering/Masterdom.Modules.Metering.csproj]
/Users/kady/Masterdom/src/Masterdom.Modules.Metering/Domain/Entities/Metering/Events/MeterInstalledDomainEvent.cs(5,22): warning CS1591: Missing XML comment for publicly visible type or member 'MeterInstalledDomainEvent' [/Users/kady/Masterdom/src/Masterdom.Modules.Metering/Masterdom.Modules.Metering.csproj]
/Users/kady/Masterdom/src/Masterdom.Modules.Metering/Domain/Entities/Metering/Events/MeterInstalledDomainEvent.cs(5,22): warning CS1591: Missing XML comment for publicly visible type or member 'MeterInstalledDomainEvent.MeterInstalledDomainEvent(MeterId, MeterNumber, DateTime)' [/Users/kady/Masterdom/src/Masterdom.Modules.Metering/Masterdom.Modules.Metering.csproj]
/Users/kady/Masterdom/src/Masterdom.Modules.Metering/Domain/Entities/Metering/Events/MeterInstalledDomainEvent.cs(6,13): warning CS1591: Missing XML comment for publicly visible type or member 'MeterInstalledDomainEvent.MeterId' [/Users/kady/Masterdom/src/Masterdom.Modules.Metering/Masterdom.Modules.Metering.csproj]
/Users/kady/Masterdom/src/Masterdom.Modules.Metering/Domain/Entities/Metering/Events/MeterInstalledDomainEvent.cs(7,17): warning CS1591: Missing XML comment for publicly visible type or member 'MeterInstalledDomainEvent.MeterNumber' [/Users/kady/Masterdom/src/Masterdom.Modules.Metering/Masterdom.Modules.Metering.csproj]
/Users/kady/Masterdom/src/Masterdom.Modules.Metering/Domain/Entities/Metering/Events/MeterInstalledDomainEvent.cs(8,14): warning CS1591: Missing XML comment for publicly visible type or member 'MeterInstalledDomainEvent.OccurredOnUtc' [/Users/kady/Masterdom/src/Masterdom.Modules.Metering/Masterdom.Modules.Metering.csproj]
/Users/kady/Masterdom/src/Masterdom.Modules.Metering/Domain/Entities/Metering/Events/MeterRetiredDomainEvent.cs(5,22): warning CS1591: Missing XML comment for publicly visible type or member 'MeterRetiredDomainEvent' [/Users/kady/Masterdom/src/Masterdom.Modules.Metering/Masterdom.Modules.Metering.csproj]
/Users/kady/Masterdom/src/Masterdom.Modules.Metering/Domain/Entities/Metering/Events/MeterRetiredDomainEvent.cs(5,22): warning CS1591: Missing XML comment for publicly visible type or member 'MeterRetiredDomainEvent.MeterRetiredDomainEvent(MeterId, RemovalDate, DateTime)' [/Users/kady/Masterdom/src/Masterdom.Modules.Metering/Masterdom.Modules.Metering.csproj]
/Users/kady/Masterdom/src/Masterdom.Modules.Metering/Domain/Entities/Metering/Events/MeterRetiredDomainEvent.cs(6,13): warning CS1591: Missing XML comment for publicly visible type or member 'MeterRetiredDomainEvent.MeterId' [/Users/kady/Masterdom/src/Masterdom.Modules.Metering/Masterdom.Modules.Metering.csproj]
/Users/kady/Masterdom/src/Masterdom.Modules.Metering/Domain/Entities/Metering/Events/MeterRetiredDomainEvent.cs(7,17): warning CS1591: Missing XML comment for publicly visible type or member 'MeterRetiredDomainEvent.RemovalDate' [/Users/kady/Masterdom/src/Masterdom.Modules.Metering/Masterdom.Modules.Metering.csproj]
/Users/kady/Masterdom/src/Masterdom.Modules.Metering/Domain/Entities/Metering/Events/MeterRetiredDomainEvent.cs(8,14): warning CS1591: Missing XML comment for publicly visible type or member 'MeterRetiredDomainEvent.OccurredOnUtc' [/Users/kady/Masterdom/src/Masterdom.Modules.Metering/Masterdom.Modules.Metering.csproj]
/Users/kady/Masterdom/src/Masterdom.Modules.Metering/Domain/Entities/Metering/Events/ReadingApprovedDomainEvent.cs(5,22): warning CS1591: Missing XML comment for publicly visible type or member 'ReadingApprovedDomainEvent' [/Users/kady/Masterdom/src/Masterdom.Modules.Metering/Masterdom.Modules.Metering.csproj]
/Users/kady/Masterdom/src/Masterdom.Modules.Metering/Domain/Entities/Metering/Events/ReadingApprovedDomainEvent.cs(5,22): warning CS1591: Missing XML comment for publicly visible type or member 'ReadingApprovedDomainEvent.ReadingApprovedDomainEvent(MeterId, Guid, ReadingDate, DateTime)' [/Users/kady/Masterdom/src/Masterdom.Modules.Metering/Masterdom.Modules.Metering.csproj]
/Users/kady/Masterdom/src/Masterdom.Modules.Metering/Domain/Entities/Metering/Events/ReadingApprovedDomainEvent.cs(6,13): warning CS1591: Missing XML comment for publicly visible type or member 'ReadingApprovedDomainEvent.MeterId' [/Users/kady/Masterdom/src/Masterdom.Modules.Metering/Masterdom.Modules.Metering.csproj]
/Users/kady/Masterdom/src/Masterdom.Modules.Metering/Domain/Entities/Metering/Events/ReadingApprovedDomainEvent.cs(7,10): warning CS1591: Missing XML comment for publicly visible type or member 'ReadingApprovedDomainEvent.ReadingId' [/Users/kady/Masterdom/src/Masterdom.Modules.Metering/Masterdom.Modules.Metering.csproj]
/Users/kady/Masterdom/src/Masterdom.Modules.Metering/Domain/Entities/Metering/Events/ReadingApprovedDomainEvent.cs(8,17): warning CS1591: Missing XML comment for publicly visible type or member 'ReadingApprovedDomainEvent.ReadingDate' [/Users/kady/Masterdom/src/Masterdom.Modules.Metering/Masterdom.Modules.Metering.csproj]
/Users/kady/Masterdom/src/Masterdom.Modules.Metering/Domain/Entities/Metering/Events/ReadingApprovedDomainEvent.cs(9,14): warning CS1591: Missing XML comment for publicly visible type or member 'ReadingApprovedDomainEvent.OccurredOnUtc' [/Users/kady/Masterdom/src/Masterdom.Modules.Metering/Masterdom.Modules.Metering.csproj]
/Users/kady/Masterdom/src/Masterdom.Modules.Metering/Domain/Entities/Metering/Events/ReadingCorrectedDomainEvent.cs(5,22): warning CS1591: Missing XML comment for publicly visible type or member 'ReadingCorrectedDomainEvent' [/Users/kady/Masterdom/src/Masterdom.Modules.Metering/Masterdom.Modules.Metering.csproj]
/Users/kady/Masterdom/src/Masterdom.Modules.Metering/Domain/Entities/Metering/Events/ReadingCorrectedDomainEvent.cs(5,22): warning CS1591: Missing XML comment for publicly visible type or member 'ReadingCorrectedDomainEvent.ReadingCorrectedDomainEvent(MeterId, Guid, DateTime)' [/Users/kady/Masterdom/src/Masterdom.Modules.Metering/Masterdom.Modules.Metering.csproj]
/Users/kady/Masterdom/src/Masterdom.Modules.Metering/Domain/Entities/Metering/Events/ReadingCorrectedDomainEvent.cs(6,13): warning CS1591: Missing XML comment for publicly visible type or member 'ReadingCorrectedDomainEvent.MeterId' [/Users/kady/Masterdom/src/Masterdom.Modules.Metering/Masterdom.Modules.Metering.csproj]
/Users/kady/Masterdom/src/Masterdom.Modules.Metering/Domain/Entities/Metering/Events/ReadingCorrectedDomainEvent.cs(7,10): warning CS1591: Missing XML comment for publicly visible type or member 'ReadingCorrectedDomainEvent.ReadingId' [/Users/kady/Masterdom/src/Masterdom.Modules.Metering/Masterdom.Modules.Metering.csproj]
/Users/kady/Masterdom/src/Masterdom.Modules.Metering/Domain/Entities/Metering/Events/ReadingCorrectedDomainEvent.cs(8,14): warning CS1591: Missing XML comment for publicly visible type or member 'ReadingCorrectedDomainEvent.OccurredOnUtc' [/Users/kady/Masterdom/src/Masterdom.Modules.Metering/Masterdom.Modules.Metering.csproj]
/Users/kady/Masterdom/src/Masterdom.Modules.Metering/Domain/Entities/Metering/Events/ReadingSubmittedDomainEvent.cs(5,22): warning CS1591: Missing XML comment for publicly visible type or member 'ReadingSubmittedDomainEvent' [/Users/kady/Masterdom/src/Masterdom.Modules.Metering/Masterdom.Modules.Metering.csproj]
/Users/kady/Masterdom/src/Masterdom.Modules.Metering/Domain/Entities/Metering/Events/ReadingSubmittedDomainEvent.cs(5,22): warning CS1591: Missing XML comment for publicly visible type or member 'ReadingSubmittedDomainEvent.ReadingSubmittedDomainEvent(MeterId, Guid, ReadingDate, DateTime)' [/Users/kady/Masterdom/src/Masterdom.Modules.Metering/Masterdom.Modules.Metering.csproj]
/Users/kady/Masterdom/src/Masterdom.Modules.Metering/Domain/Entities/Metering/Events/ReadingSubmittedDomainEvent.cs(6,13): warning CS1591: Missing XML comment for publicly visible type or member 'ReadingSubmittedDomainEvent.MeterId' [/Users/kady/Masterdom/src/Masterdom.Modules.Metering/Masterdom.Modules.Metering.csproj]
/Users/kady/Masterdom/src/Masterdom.Modules.Metering/Domain/Entities/Metering/Events/ReadingSubmittedDomainEvent.cs(7,10): warning CS1591: Missing XML comment for publicly visible type or member 'ReadingSubmittedDomainEvent.ReadingId' [/Users/kady/Masterdom/src/Masterdom.Modules.Metering/Masterdom.Modules.Metering.csproj]
/Users/kady/Masterdom/src/Masterdom.Modules.Metering/Domain/Entities/Metering/Events/ReadingSubmittedDomainEvent.cs(8,17): warning CS1591: Missing XML comment for publicly visible type or member 'ReadingSubmittedDomainEvent.ReadingDate' [/Users/kady/Masterdom/src/Masterdom.Modules.Metering/Masterdom.Modules.Metering.csproj]
/Users/kady/Masterdom/src/Masterdom.Modules.Metering/Domain/Entities/Metering/Events/ReadingSubmittedDomainEvent.cs(9,14): warning CS1591: Missing XML comment for publicly visible type or member 'ReadingSubmittedDomainEvent.OccurredOnUtc' [/Users/kady/Masterdom/src/Masterdom.Modules.Metering/Masterdom.Modules.Metering.csproj]
/Users/kady/Masterdom/src/Masterdom.Modules.Metering/Domain/Entities/Metering/InstallationDate.cs(5,21): warning CS1591: Missing XML comment for publicly visible type or member 'InstallationDate' [/Users/kady/Masterdom/src/Masterdom.Modules.Metering/Masterdom.Modules.Metering.csproj]
/Users/kady/Masterdom/src/Masterdom.Modules.Metering/Domain/Entities/Metering/InstallationDate.cs(12,21): warning CS1591: Missing XML comment for publicly visible type or member 'InstallationDate.Value' [/Users/kady/Masterdom/src/Masterdom.Modules.Metering/Masterdom.Modules.Metering.csproj]
/Users/kady/Masterdom/src/Masterdom.Modules.Metering/Domain/Entities/Metering/InstallationDate.cs(14,36): warning CS1591: Missing XML comment for publicly visible type or member 'InstallationDate.Create(DateOnly)' [/Users/kady/Masterdom/src/Masterdom.Modules.Metering/Masterdom.Modules.Metering.csproj]
/Users/kady/Masterdom/src/Masterdom.Modules.Metering/Domain/Entities/Metering/InstallationDate.cs(19,45): warning CS1591: Missing XML comment for publicly visible type or member 'InstallationDate.GetEqualityComponents()' [/Users/kady/Masterdom/src/Masterdom.Modules.Metering/Masterdom.Modules.Metering.csproj]
/Users/kady/Masterdom/src/Masterdom.Modules.Metering/Domain/Entities/Metering/Meter.cs(8,21): warning CS1591: Missing XML comment for publicly visible type or member 'Meter' [/Users/kady/Masterdom/src/Masterdom.Modules.Metering/Masterdom.Modules.Metering.csproj]
/Users/kady/Masterdom/src/Masterdom.Modules.Metering/Domain/Entities/Metering/Meter.cs(31,24): warning CS1591: Missing XML comment for publicly visible type or member 'Meter.MeterNumber' [/Users/kady/Masterdom/src/Masterdom.Modules.Metering/Masterdom.Modules.Metering.csproj]
/Users/kady/Masterdom/src/Masterdom.Modules.Metering/Domain/Entities/Metering/Meter.cs(33,26): warning CS1591: Missing XML comment for publicly visible type or member 'Meter.MeterCategory' [/Users/kady/Masterdom/src/Masterdom.Modules.Metering/Masterdom.Modules.Metering.csproj]
/Users/kady/Masterdom/src/Masterdom.Modules.Metering/Domain/Entities/Metering/Meter.cs(35,22): warning CS1591: Missing XML comment for publicly visible type or member 'Meter.MeterType' [/Users/kady/Masterdom/src/Masterdom.Modules.Metering/Masterdom.Modules.Metering.csproj]
/Users/kady/Masterdom/src/Masterdom.Modules.Metering/Domain/Entities/Metering/Meter.cs(37,24): warning CS1591: Missing XML comment for publicly visible type or member 'Meter.MeterStatus' [/Users/kady/Masterdom/src/Masterdom.Modules.Metering/Masterdom.Modules.Metering.csproj]
/Users/kady/Masterdom/src/Masterdom.Modules.Metering/Domain/Entities/Metering/Meter.cs(39,35): warning CS1591: Missing XML comment for publicly visible type or member 'Meter.MeterLocationReference' [/Users/kady/Masterdom/src/Masterdom.Modules.Metering/Masterdom.Modules.Metering.csproj]
/Users/kady/Masterdom/src/Masterdom.Modules.Metering/Domain/Entities/Metering/Meter.cs(41,29): warning CS1591: Missing XML comment for publicly visible type or member 'Meter.InstallationDate' [/Users/kady/Masterdom/src/Masterdom.Modules.Metering/Masterdom.Modules.Metering.csproj]
/Users/kady/Masterdom/src/Masterdom.Modules.Metering/Domain/Entities/Metering/Meter.cs(43,25): warning CS1591: Missing XML comment for publicly visible type or member 'Meter.RemovalDate' [/Users/kady/Masterdom/src/Masterdom.Modules.Metering/Masterdom.Modules.Metering.csproj]
/Users/kady/Masterdom/src/Masterdom.Modules.Metering/Domain/Entities/Metering/Meter.cs(45,26): warning CS1591: Missing XML comment for publicly visible type or member 'Meter.CurrentReading' [/Users/kady/Masterdom/src/Masterdom.Modules.Metering/Masterdom.Modules.Metering.csproj]
/Users/kady/Masterdom/src/Masterdom.Modules.Metering/Domain/Entities/Metering/Meter.cs(50,46): warning CS1591: Missing XML comment for publicly visible type or member 'Meter.HistoricalReadings' [/Users/kady/Masterdom/src/Masterdom.Modules.Metering/Masterdom.Modules.Metering.csproj]
/Users/kady/Masterdom/src/Masterdom.Modules.Metering/Domain/Entities/Metering/Meter.cs(52,46): warning CS1591: Missing XML comment for publicly visible type or member 'Meter.DomainEvents' [/Users/kady/Masterdom/src/Masterdom.Modules.Metering/Masterdom.Modules.Metering.csproj]
/Users/kady/Masterdom/src/Masterdom.Modules.Metering/Domain/Entities/Metering/Meter.cs(54,25): warning CS1591: Missing XML comment for publicly visible type or member 'Meter.Install(MeterId, MeterNumber, MeterCategory, MeterType, MeterLocationReference, InstallationDate)' [/Users/kady/Masterdom/src/Masterdom.Modules.Metering/Masterdom.Modules.Metering.csproj]
/Users/kady/Masterdom/src/Masterdom.Modules.Metering/Domain/Entities/Metering/Meter.cs(82,17): warning CS1591: Missing XML comment for publicly visible type or member 'Meter.SubmitReading(ReadingDate, ReadingValue, ReadingSource, SubmittedBy, DateTime, bool, bool, ReadingNotes?)' [/Users/kady/Masterdom/src/Masterdom.Modules.Metering/Masterdom.Modules.Metering.csproj]
/Users/kady/Masterdom/src/Masterdom.Modules.Metering/Domain/Entities/Metering/Meter.cs(128,17): warning CS1591: Missing XML comment for publicly visible type or member 'Meter.ApproveReading(Guid, ReviewedBy, ReviewDate)' [/Users/kady/Masterdom/src/Masterdom.Modules.Metering/Masterdom.Modules.Metering.csproj]
/Users/kady/Masterdom/src/Masterdom.Modules.Metering/Domain/Entities/Metering/Meter.cs(157,17): warning CS1591: Missing XML comment for publicly visible type or member 'Meter.CorrectReading(Guid, ReadingValue, string, SubmittedBy, DateTime)' [/Users/kady/Masterdom/src/Masterdom.Modules.Metering/Masterdom.Modules.Metering.csproj]
/Users/kady/Masterdom/src/Masterdom.Modules.Metering/Domain/Entities/Metering/Meter.cs(204,17): warning CS1591: Missing XML comment for publicly visible type or member 'Meter.Retire(RemovalDate)' [/Users/kady/Masterdom/src/Masterdom.Modules.Metering/Masterdom.Modules.Metering.csproj]
/Users/kady/Masterdom/src/Masterdom.Modules.Metering/Domain/Entities/Metering/Meter.cs(224,17): warning CS1591: Missing XML comment for publicly visible type or member 'Meter.ClearDomainEvents()' [/Users/kady/Masterdom/src/Masterdom.Modules.Metering/Masterdom.Modules.Metering.csproj]
/Users/kady/Masterdom/src/Masterdom.Modules.Metering/Domain/Entities/Metering/MeterCategory.cs(5,21): warning CS1591: Missing XML comment for publicly visible type or member 'MeterCategory' [/Users/kady/Masterdom/src/Masterdom.Modules.Metering/Masterdom.Modules.Metering.csproj]
/Users/kady/Masterdom/src/Masterdom.Modules.Metering/Domain/Entities/Metering/MeterCategory.cs(7,42): warning CS1591: Missing XML comment for publicly visible type or member 'MeterCategory.Electricity' [/Users/kady/Masterdom/src/Masterdom.Modules.Metering/Masterdom.Modules.Metering.csproj]
/Users/kady/Masterdom/src/Masterdom.Modules.Metering/Domain/Entities/Metering/MeterCategory.cs(8,42): warning CS1591: Missing XML comment for publicly visible type or member 'MeterCategory.Water' [/Users/kady/Masterdom/src/Masterdom.Modules.Metering/Masterdom.Modules.Metering.csproj]
/Users/kady/Masterdom/src/Masterdom.Modules.Metering/Domain/Entities/Metering/MeterCategory.cs(9,42): warning CS1591: Missing XML comment for publicly visible type or member 'MeterCategory.Gas' [/Users/kady/Masterdom/src/Masterdom.Modules.Metering/Masterdom.Modules.Metering.csproj]
/Users/kady/Masterdom/src/Masterdom.Modules.Metering/Domain/Entities/Metering/MeterCategory.cs(10,42): warning CS1591: Missing XML comment for publicly visible type or member 'MeterCategory.Thermal' [/Users/kady/Masterdom/src/Masterdom.Modules.Metering/Masterdom.Modules.Metering.csproj]
/Users/kady/Masterdom/src/Masterdom.Modules.Metering/Domain/Entities/Metering/MeterCategory.cs(17,19): warning CS1591: Missing XML comment for publicly visible type or member 'MeterCategory.Value' [/Users/kady/Masterdom/src/Masterdom.Modules.Metering/Masterdom.Modules.Metering.csproj]
/Users/kady/Masterdom/src/Masterdom.Modules.Metering/Domain/Entities/Metering/MeterCategory.cs(19,33): warning CS1591: Missing XML comment for publicly visible type or member 'MeterCategory.Create(string)' [/Users/kady/Masterdom/src/Masterdom.Modules.Metering/Masterdom.Modules.Metering.csproj]
/Users/kady/Masterdom/src/Masterdom.Modules.Metering/Domain/Entities/Metering/MeterCategory.cs(33,45): warning CS1591: Missing XML comment for publicly visible type or member 'MeterCategory.GetEqualityComponents()' [/Users/kady/Masterdom/src/Masterdom.Modules.Metering/Masterdom.Modules.Metering.csproj]
/Users/kady/Masterdom/src/Masterdom.Modules.Metering/Domain/Entities/Metering/MeterId.cs(5,22): warning CS1591: Missing XML comment for publicly visible type or member 'MeterId' [/Users/kady/Masterdom/src/Masterdom.Modules.Metering/Masterdom.Modules.Metering.csproj]
/Users/kady/Masterdom/src/Masterdom.Modules.Metering/Domain/Entities/Metering/MeterId.cs(5,22): warning CS1591: Missing XML comment for publicly visible type or member 'MeterId.MeterId(Guid)' [/Users/kady/Masterdom/src/Masterdom.Modules.Metering/Masterdom.Modules.Metering.csproj]
/Users/kady/Masterdom/src/Masterdom.Modules.Metering/Domain/Entities/Metering/MeterId.cs(7,27): warning CS1591: Missing XML comment for publicly visible type or member 'MeterId.New()' [/Users/kady/Masterdom/src/Masterdom.Modules.Metering/Masterdom.Modules.Metering.csproj]
/Users/kady/Masterdom/src/Masterdom.Modules.Metering/Domain/Entities/Metering/MeterId.cs(12,27): warning CS1591: Missing XML comment for publicly visible type or member 'MeterId.From(Guid)' [/Users/kady/Masterdom/src/Masterdom.Modules.Metering/Masterdom.Modules.Metering.csproj]
/Users/kady/Masterdom/src/Masterdom.Modules.Metering/Domain/Entities/Metering/MeterLocationReference.cs(5,21): warning CS1591: Missing XML comment for publicly visible type or member 'MeterLocationReference' [/Users/kady/Masterdom/src/Masterdom.Modules.Metering/Masterdom.Modules.Metering.csproj]
/Users/kady/Masterdom/src/Masterdom.Modules.Metering/Domain/Entities/Metering/MeterLocationReference.cs(13,17): warning CS1591: Missing XML comment for publicly visible type or member 'MeterLocationReference.PropertyId' [/Users/kady/Masterdom/src/Masterdom.Modules.Metering/Masterdom.Modules.Metering.csproj]
/Users/kady/Masterdom/src/Masterdom.Modules.Metering/Domain/Entities/Metering/MeterLocationReference.cs(15,17): warning CS1591: Missing XML comment for publicly visible type or member 'MeterLocationReference.UnitId' [/Users/kady/Masterdom/src/Masterdom.Modules.Metering/Masterdom.Modules.Metering.csproj]
/Users/kady/Masterdom/src/Masterdom.Modules.Metering/Domain/Entities/Metering/MeterLocationReference.cs(17,42): warning CS1591: Missing XML comment for publicly visible type or member 'MeterLocationReference.Create(Guid, Guid)' [/Users/kady/Masterdom/src/Masterdom.Modules.Metering/Masterdom.Modules.Metering.csproj]
/Users/kady/Masterdom/src/Masterdom.Modules.Metering/Domain/Entities/Metering/MeterLocationReference.cs(32,45): warning CS1591: Missing XML comment for publicly visible type or member 'MeterLocationReference.GetEqualityComponents()' [/Users/kady/Masterdom/src/Masterdom.Modules.Metering/Masterdom.Modules.Metering.csproj]
/Users/kady/Masterdom/src/Masterdom.Modules.Metering/Domain/Entities/Metering/MeterNumber.cs(5,21): warning CS1591: Missing XML comment for publicly visible type or member 'MeterNumber' [/Users/kady/Masterdom/src/Masterdom.Modules.Metering/Masterdom.Modules.Metering.csproj]
/Users/kady/Masterdom/src/Masterdom.Modules.Metering/Domain/Entities/Metering/MeterNumber.cs(12,19): warning CS1591: Missing XML comment for publicly visible type or member 'MeterNumber.Value' [/Users/kady/Masterdom/src/Masterdom.Modules.Metering/Masterdom.Modules.Metering.csproj]
/Users/kady/Masterdom/src/Masterdom.Modules.Metering/Domain/Entities/Metering/MeterNumber.cs(14,31): warning CS1591: Missing XML comment for publicly visible type or member 'MeterNumber.Create(string)' [/Users/kady/Masterdom/src/Masterdom.Modules.Metering/Masterdom.Modules.Metering.csproj]
/Users/kady/Masterdom/src/Masterdom.Modules.Metering/Domain/Entities/Metering/MeterNumber.cs(27,45): warning CS1591: Missing XML comment for publicly visible type or member 'MeterNumber.GetEqualityComponents()' [/Users/kady/Masterdom/src/Masterdom.Modules.Metering/Masterdom.Modules.Metering.csproj]
/Users/kady/Masterdom/src/Masterdom.Modules.Metering/Domain/Entities/Metering/MeterNumber.cs(32,28): warning CS1591: Missing XML comment for publicly visible type or member 'MeterNumber.ToString()' [/Users/kady/Masterdom/src/Masterdom.Modules.Metering/Masterdom.Modules.Metering.csproj]
/Users/kady/Masterdom/src/Masterdom.Modules.Metering/Domain/Entities/Metering/MeterReading.cs(5,21): warning CS1591: Missing XML comment for publicly visible type or member 'MeterReading' [/Users/kady/Masterdom/src/Masterdom.Modules.Metering/Masterdom.Modules.Metering.csproj]
/Users/kady/Masterdom/src/Masterdom.Modules.Metering/Domain/Entities/Metering/MeterReading.cs(41,17): warning CS1591: Missing XML comment for publicly visible type or member 'MeterReading.ReadingId' [/Users/kady/Masterdom/src/Masterdom.Modules.Metering/Masterdom.Modules.Metering.csproj]
/Users/kady/Masterdom/src/Masterdom.Modules.Metering/Domain/Entities/Metering/MeterReading.cs(43,24): warning CS1591: Missing XML comment for publicly visible type or member 'MeterReading.ReadingDate' [/Users/kady/Masterdom/src/Masterdom.Modules.Metering/Masterdom.Modules.Metering.csproj]
/Users/kady/Masterdom/src/Masterdom.Modules.Metering/Domain/Entities/Metering/MeterReading.cs(45,25): warning CS1591: Missing XML comment for publicly visible type or member 'MeterReading.ReadingValue' [/Users/kady/Masterdom/src/Masterdom.Modules.Metering/Masterdom.Modules.Metering.csproj]
/Users/kady/Masterdom/src/Masterdom.Modules.Metering/Domain/Entities/Metering/MeterReading.cs(47,26): warning CS1591: Missing XML comment for publicly visible type or member 'MeterReading.ReadingSource' [/Users/kady/Masterdom/src/Masterdom.Modules.Metering/Masterdom.Modules.Metering.csproj]
/Users/kady/Masterdom/src/Masterdom.Modules.Metering/Domain/Entities/Metering/MeterReading.cs(49,24): warning CS1591: Missing XML comment for publicly visible type or member 'MeterReading.SubmittedBy' [/Users/kady/Masterdom/src/Masterdom.Modules.Metering/Masterdom.Modules.Metering.csproj]
/Users/kady/Masterdom/src/Masterdom.Modules.Metering/Domain/Entities/Metering/MeterReading.cs(51,21): warning CS1591: Missing XML comment for publicly visible type or member 'MeterReading.SubmittedAtUtc' [/Users/kady/Masterdom/src/Masterdom.Modules.Metering/Masterdom.Modules.Metering.csproj]
/Users/kady/Masterdom/src/Masterdom.Modules.Metering/Domain/Entities/Metering/MeterReading.cs(53,26): warning CS1591: Missing XML comment for publicly visible type or member 'MeterReading.ReadingStatus' [/Users/kady/Masterdom/src/Masterdom.Modules.Metering/Masterdom.Modules.Metering.csproj]
/Users/kady/Masterdom/src/Masterdom.Modules.Metering/Domain/Entities/Metering/MeterReading.cs(55,27): warning CS1591: Missing XML comment for publicly visible type or member 'MeterReading.ApprovalStatus' [/Users/kady/Masterdom/src/Masterdom.Modules.Metering/Masterdom.Modules.Metering.csproj]
/Users/kady/Masterdom/src/Masterdom.Modules.Metering/Domain/Entities/Metering/MeterReading.cs(57,17): warning CS1591: Missing XML comment for publicly visible type or member 'MeterReading.IsRollover' [/Users/kady/Masterdom/src/Masterdom.Modules.Metering/Masterdom.Modules.Metering.csproj]
/Users/kady/Masterdom/src/Masterdom.Modules.Metering/Domain/Entities/Metering/MeterReading.cs(59,25): warning CS1591: Missing XML comment for publicly visible type or member 'MeterReading.Consumption' [/Users/kady/Masterdom/src/Masterdom.Modules.Metering/Masterdom.Modules.Metering.csproj]
/Users/kady/Masterdom/src/Masterdom.Modules.Metering/Domain/Entities/Metering/MeterReading.cs(61,24): warning CS1591: Missing XML comment for publicly visible type or member 'MeterReading.ReviewedBy' [/Users/kady/Masterdom/src/Masterdom.Modules.Metering/Masterdom.Modules.Metering.csproj]
/Users/kady/Masterdom/src/Masterdom.Modules.Metering/Domain/Entities/Metering/MeterReading.cs(63,24): warning CS1591: Missing XML comment for publicly visible type or member 'MeterReading.ReviewDate' [/Users/kady/Masterdom/src/Masterdom.Modules.Metering/Masterdom.Modules.Metering.csproj]
/Users/kady/Masterdom/src/Masterdom.Modules.Metering/Domain/Entities/Metering/MeterReading.cs(65,26): warning CS1591: Missing XML comment for publicly visible type or member 'MeterReading.ReadingNotes' [/Users/kady/Masterdom/src/Masterdom.Modules.Metering/Masterdom.Modules.Metering.csproj]
/Users/kady/Masterdom/src/Masterdom.Modules.Metering/Domain/Entities/Metering/MeterReading.cs(67,30): warning CS1591: Missing XML comment for publicly visible type or member 'MeterReading.CorrectionHistory' [/Users/kady/Masterdom/src/Masterdom.Modules.Metering/Masterdom.Modules.Metering.csproj]
/Users/kady/Masterdom/src/Masterdom.Modules.Metering/Domain/Entities/Metering/MeterReading.cs(69,28): warning CS1591: Missing XML comment for publicly visible type or member 'MeterReading.Snapshot' [/Users/kady/Masterdom/src/Masterdom.Modules.Metering/Masterdom.Modules.Metering.csproj]
/Users/kady/Masterdom/src/Masterdom.Modules.Metering/Domain/Entities/Metering/MeterReading.cs(71,32): warning CS1591: Missing XML comment for publicly visible type or member 'MeterReading.Submit(ReadingDate, ReadingValue, ReadingSource, SubmittedBy, DateTime, bool, ReadingNotes?)' [/Users/kady/Masterdom/src/Masterdom.Modules.Metering/Masterdom.Modules.Metering.csproj]
/Users/kady/Masterdom/src/Masterdom.Modules.Metering/Domain/Entities/Metering/MeterReading.cs(105,25): warning CS1591: Missing XML comment for publicly visible type or member 'MeterReading.Approve(ReviewedBy, ReviewDate, Consumption)' [/Users/kady/Masterdom/src/Masterdom.Modules.Metering/Masterdom.Modules.Metering.csproj]
/Users/kady/Masterdom/src/Masterdom.Modules.Metering/Domain/Entities/Metering/MeterReading.cs(129,25): warning CS1591: Missing XML comment for publicly visible type or member 'MeterReading.Correct(ReadingValue, ReadingCorrection, Consumption?)' [/Users/kady/Masterdom/src/Masterdom.Modules.Metering/Masterdom.Modules.Metering.csproj]
/Users/kady/Masterdom/src/Masterdom.Modules.Metering/Domain/Entities/Metering/MeterReading.cs(154,45): warning CS1591: Missing XML comment for publicly visible type or member 'MeterReading.GetEqualityComponents()' [/Users/kady/Masterdom/src/Masterdom.Modules.Metering/Masterdom.Modules.Metering.csproj]
/Users/kady/Masterdom/src/Masterdom.Modules.Metering/Domain/Entities/Metering/MeterStatus.cs(5,21): warning CS1591: Missing XML comment for publicly visible type or member 'MeterStatus' [/Users/kady/Masterdom/src/Masterdom.Modules.Metering/Masterdom.Modules.Metering.csproj]
/Users/kady/Masterdom/src/Masterdom.Modules.Metering/Domain/Entities/Metering/MeterStatus.cs(7,40): warning CS1591: Missing XML comment for publicly visible type or member 'MeterStatus.Installed' [/Users/kady/Masterdom/src/Masterdom.Modules.Metering/Masterdom.Modules.Metering.csproj]
/Users/kady/Masterdom/src/Masterdom.Modules.Metering/Domain/Entities/Metering/MeterStatus.cs(8,40): warning CS1591: Missing XML comment for publicly visible type or member 'MeterStatus.Active' [/Users/kady/Masterdom/src/Masterdom.Modules.Metering/Masterdom.Modules.Metering.csproj]
/Users/kady/Masterdom/src/Masterdom.Modules.Metering/Domain/Entities/Metering/MeterStatus.cs(9,40): warning CS1591: Missing XML comment for publicly visible type or member 'MeterStatus.Retired' [/Users/kady/Masterdom/src/Masterdom.Modules.Metering/Masterdom.Modules.Metering.csproj]
/Users/kady/Masterdom/src/Masterdom.Modules.Metering/Domain/Entities/Metering/MeterStatus.cs(16,19): warning CS1591: Missing XML comment for publicly visible type or member 'MeterStatus.Value' [/Users/kady/Masterdom/src/Masterdom.Modules.Metering/Masterdom.Modules.Metering.csproj]
/Users/kady/Masterdom/src/Masterdom.Modules.Metering/Domain/Entities/Metering/MeterStatus.cs(18,31): warning CS1591: Missing XML comment for publicly visible type or member 'MeterStatus.Create(string)' [/Users/kady/Masterdom/src/Masterdom.Modules.Metering/Masterdom.Modules.Metering.csproj]
/Users/kady/Masterdom/src/Masterdom.Modules.Metering/Domain/Entities/Metering/MeterStatus.cs(31,45): warning CS1591: Missing XML comment for publicly visible type or member 'MeterStatus.GetEqualityComponents()' [/Users/kady/Masterdom/src/Masterdom.Modules.Metering/Masterdom.Modules.Metering.csproj]
/Users/kady/Masterdom/src/Masterdom.Modules.Metering/Domain/Entities/Metering/MeterType.cs(5,21): warning CS1591: Missing XML comment for publicly visible type or member 'MeterType' [/Users/kady/Masterdom/src/Masterdom.Modules.Metering/Masterdom.Modules.Metering.csproj]
/Users/kady/Masterdom/src/Masterdom.Modules.Metering/Domain/Entities/Metering/MeterType.cs(7,38): warning CS1591: Missing XML comment for publicly visible type or member 'MeterType.Mechanical' [/Users/kady/Masterdom/src/Masterdom.Modules.Metering/Masterdom.Modules.Metering.csproj]
/Users/kady/Masterdom/src/Masterdom.Modules.Metering/Domain/Entities/Metering/MeterType.cs(8,38): warning CS1591: Missing XML comment for publicly visible type or member 'MeterType.Digital' [/Users/kady/Masterdom/src/Masterdom.Modules.Metering/Masterdom.Modules.Metering.csproj]
/Users/kady/Masterdom/src/Masterdom.Modules.Metering/Domain/Entities/Metering/MeterType.cs(9,38): warning CS1591: Missing XML comment for publicly visible type or member 'MeterType.Smart' [/Users/kady/Masterdom/src/Masterdom.Modules.Metering/Masterdom.Modules.Metering.csproj]
/Users/kady/Masterdom/src/Masterdom.Modules.Metering/Domain/Entities/Metering/MeterType.cs(16,19): warning CS1591: Missing XML comment for publicly visible type or member 'MeterType.Value' [/Users/kady/Masterdom/src/Masterdom.Modules.Metering/Masterdom.Modules.Metering.csproj]
/Users/kady/Masterdom/src/Masterdom.Modules.Metering/Domain/Entities/Metering/MeterType.cs(18,29): warning CS1591: Missing XML comment for publicly visible type or member 'MeterType.Create(string)' [/Users/kady/Masterdom/src/Masterdom.Modules.Metering/Masterdom.Modules.Metering.csproj]
/Users/kady/Masterdom/src/Masterdom.Modules.Metering/Domain/Entities/Metering/MeterType.cs(31,45): warning CS1591: Missing XML comment for publicly visible type or member 'MeterType.GetEqualityComponents()' [/Users/kady/Masterdom/src/Masterdom.Modules.Metering/Masterdom.Modules.Metering.csproj]
/Users/kady/Masterdom/src/Masterdom.Modules.Metering/Domain/Entities/Metering/ReadingCorrection.cs(5,21): warning CS1591: Missing XML comment for publicly visible type or member 'ReadingCorrection' [/Users/kady/Masterdom/src/Masterdom.Modules.Metering/Masterdom.Modules.Metering.csproj]
/Users/kady/Masterdom/src/Masterdom.Modules.Metering/Domain/Entities/Metering/ReadingCorrection.cs(21,20): warning CS1591: Missing XML comment for publicly visible type or member 'ReadingCorrection.PreviousValue' [/Users/kady/Masterdom/src/Masterdom.Modules.Metering/Masterdom.Modules.Metering.csproj]
/Users/kady/Masterdom/src/Masterdom.Modules.Metering/Domain/Entities/Metering/ReadingCorrection.cs(23,20): warning CS1591: Missing XML comment for publicly visible type or member 'ReadingCorrection.CorrectedValue' [/Users/kady/Masterdom/src/Masterdom.Modules.Metering/Masterdom.Modules.Metering.csproj]
/Users/kady/Masterdom/src/Masterdom.Modules.Metering/Domain/Entities/Metering/ReadingCorrection.cs(25,19): warning CS1591: Missing XML comment for publicly visible type or member 'ReadingCorrection.Reason' [/Users/kady/Masterdom/src/Masterdom.Modules.Metering/Masterdom.Modules.Metering.csproj]
/Users/kady/Masterdom/src/Masterdom.Modules.Metering/Domain/Entities/Metering/ReadingCorrection.cs(27,24): warning CS1591: Missing XML comment for publicly visible type or member 'ReadingCorrection.CorrectedBy' [/Users/kady/Masterdom/src/Masterdom.Modules.Metering/Masterdom.Modules.Metering.csproj]
/Users/kady/Masterdom/src/Masterdom.Modules.Metering/Domain/Entities/Metering/ReadingCorrection.cs(29,21): warning CS1591: Missing XML comment for publicly visible type or member 'ReadingCorrection.CorrectedAtUtc' [/Users/kady/Masterdom/src/Masterdom.Modules.Metering/Masterdom.Modules.Metering.csproj]
/Users/kady/Masterdom/src/Masterdom.Modules.Metering/Domain/Entities/Metering/ReadingCorrection.cs(31,37): warning CS1591: Missing XML comment for publicly visible type or member 'ReadingCorrection.Create(decimal, decimal, string, SubmittedBy, DateTime)' [/Users/kady/Masterdom/src/Masterdom.Modules.Metering/Masterdom.Modules.Metering.csproj]
/Users/kady/Masterdom/src/Masterdom.Modules.Metering/Domain/Entities/Metering/ReadingCorrection.cs(60,45): warning CS1591: Missing XML comment for publicly visible type or member 'ReadingCorrection.GetEqualityComponents()' [/Users/kady/Masterdom/src/Masterdom.Modules.Metering/Masterdom.Modules.Metering.csproj]
/Users/kady/Masterdom/src/Masterdom.Modules.Metering/Domain/Entities/Metering/ReadingDate.cs(5,21): warning CS1591: Missing XML comment for publicly visible type or member 'ReadingDate' [/Users/kady/Masterdom/src/Masterdom.Modules.Metering/Masterdom.Modules.Metering.csproj]
/Users/kady/Masterdom/src/Masterdom.Modules.Metering/Domain/Entities/Metering/ReadingDate.cs(12,21): warning CS1591: Missing XML comment for publicly visible type or member 'ReadingDate.Value' [/Users/kady/Masterdom/src/Masterdom.Modules.Metering/Masterdom.Modules.Metering.csproj]
/Users/kady/Masterdom/src/Masterdom.Modules.Metering/Domain/Entities/Metering/ReadingDate.cs(14,31): warning CS1591: Missing XML comment for publicly visible type or member 'ReadingDate.Create(DateOnly)' [/Users/kady/Masterdom/src/Masterdom.Modules.Metering/Masterdom.Modules.Metering.csproj]
/Users/kady/Masterdom/src/Masterdom.Modules.Metering/Domain/Entities/Metering/ReadingDate.cs(19,45): warning CS1591: Missing XML comment for publicly visible type or member 'ReadingDate.GetEqualityComponents()' [/Users/kady/Masterdom/src/Masterdom.Modules.Metering/Masterdom.Modules.Metering.csproj]
/Users/kady/Masterdom/src/Masterdom.Modules.Metering/Domain/Entities/Metering/ReadingNotes.cs(5,21): warning CS1591: Missing XML comment for publicly visible type or member 'ReadingNotes' [/Users/kady/Masterdom/src/Masterdom.Modules.Metering/Masterdom.Modules.Metering.csproj]
/Users/kady/Masterdom/src/Masterdom.Modules.Metering/Domain/Entities/Metering/ReadingNotes.cs(12,19): warning CS1591: Missing XML comment for publicly visible type or member 'ReadingNotes.Value' [/Users/kady/Masterdom/src/Masterdom.Modules.Metering/Masterdom.Modules.Metering.csproj]
/Users/kady/Masterdom/src/Masterdom.Modules.Metering/Domain/Entities/Metering/ReadingNotes.cs(14,32): warning CS1591: Missing XML comment for publicly visible type or member 'ReadingNotes.Create(string)' [/Users/kady/Masterdom/src/Masterdom.Modules.Metering/Masterdom.Modules.Metering.csproj]
/Users/kady/Masterdom/src/Masterdom.Modules.Metering/Domain/Entities/Metering/ReadingNotes.cs(27,45): warning CS1591: Missing XML comment for publicly visible type or member 'ReadingNotes.GetEqualityComponents()' [/Users/kady/Masterdom/src/Masterdom.Modules.Metering/Masterdom.Modules.Metering.csproj]
/Users/kady/Masterdom/src/Masterdom.Modules.Metering/Domain/Entities/Metering/ReadingSnapshot.cs(5,21): warning CS1591: Missing XML comment for publicly visible type or member 'ReadingSnapshot' [/Users/kady/Masterdom/src/Masterdom.Modules.Metering/Masterdom.Modules.Metering.csproj]
/Users/kady/Masterdom/src/Masterdom.Modules.Metering/Domain/Entities/Metering/ReadingSnapshot.cs(14,21): warning CS1591: Missing XML comment for publicly visible type or member 'ReadingSnapshot.CapturedAtUtc' [/Users/kady/Masterdom/src/Masterdom.Modules.Metering/Masterdom.Modules.Metering.csproj]
/Users/kady/Masterdom/src/Masterdom.Modules.Metering/Domain/Entities/Metering/ReadingSnapshot.cs(16,26): warning CS1591: Missing XML comment for publicly visible type or member 'ReadingSnapshot.ReadingStatus' [/Users/kady/Masterdom/src/Masterdom.Modules.Metering/Masterdom.Modules.Metering.csproj]
/Users/kady/Masterdom/src/Masterdom.Modules.Metering/Domain/Entities/Metering/ReadingSnapshot.cs(18,27): warning CS1591: Missing XML comment for publicly visible type or member 'ReadingSnapshot.ApprovalStatus' [/Users/kady/Masterdom/src/Masterdom.Modules.Metering/Masterdom.Modules.Metering.csproj]
/Users/kady/Masterdom/src/Masterdom.Modules.Metering/Domain/Entities/Metering/ReadingSnapshot.cs(20,35): warning CS1591: Missing XML comment for publicly visible type or member 'ReadingSnapshot.Create(DateTime, ReadingStatus, ApprovalStatus)' [/Users/kady/Masterdom/src/Masterdom.Modules.Metering/Masterdom.Modules.Metering.csproj]
/Users/kady/Masterdom/src/Masterdom.Modules.Metering/Domain/Entities/Metering/ReadingSnapshot.cs(31,45): warning CS1591: Missing XML comment for publicly visible type or member 'ReadingSnapshot.GetEqualityComponents()' [/Users/kady/Masterdom/src/Masterdom.Modules.Metering/Masterdom.Modules.Metering.csproj]
/Users/kady/Masterdom/src/Masterdom.Modules.Metering/Domain/Entities/Metering/ReadingSource.cs(5,21): warning CS1591: Missing XML comment for publicly visible type or member 'ReadingSource' [/Users/kady/Masterdom/src/Masterdom.Modules.Metering/Masterdom.Modules.Metering.csproj]
/Users/kady/Masterdom/src/Masterdom.Modules.Metering/Domain/Entities/Metering/ReadingSource.cs(7,42): warning CS1591: Missing XML comment for publicly visible type or member 'ReadingSource.Manual' [/Users/kady/Masterdom/src/Masterdom.Modules.Metering/Masterdom.Modules.Metering.csproj]
/Users/kady/Masterdom/src/Masterdom.Modules.Metering/Domain/Entities/Metering/ReadingSource.cs(8,42): warning CS1591: Missing XML comment for publicly visible type or member 'ReadingSource.Device' [/Users/kady/Masterdom/src/Masterdom.Modules.Metering/Masterdom.Modules.Metering.csproj]
/Users/kady/Masterdom/src/Masterdom.Modules.Metering/Domain/Entities/Metering/ReadingSource.cs(9,42): warning CS1591: Missing XML comment for publicly visible type or member 'ReadingSource.Imported' [/Users/kady/Masterdom/src/Masterdom.Modules.Metering/Masterdom.Modules.Metering.csproj]
/Users/kady/Masterdom/src/Masterdom.Modules.Metering/Domain/Entities/Metering/ReadingSource.cs(16,19): warning CS1591: Missing XML comment for publicly visible type or member 'ReadingSource.Value' [/Users/kady/Masterdom/src/Masterdom.Modules.Metering/Masterdom.Modules.Metering.csproj]
/Users/kady/Masterdom/src/Masterdom.Modules.Metering/Domain/Entities/Metering/ReadingSource.cs(18,33): warning CS1591: Missing XML comment for publicly visible type or member 'ReadingSource.Create(string)' [/Users/kady/Masterdom/src/Masterdom.Modules.Metering/Masterdom.Modules.Metering.csproj]
/Users/kady/Masterdom/src/Masterdom.Modules.Metering/Domain/Entities/Metering/ReadingSource.cs(31,45): warning CS1591: Missing XML comment for publicly visible type or member 'ReadingSource.GetEqualityComponents()' [/Users/kady/Masterdom/src/Masterdom.Modules.Metering/Masterdom.Modules.Metering.csproj]
/Users/kady/Masterdom/src/Masterdom.Modules.Metering/Domain/Entities/Metering/ReadingStatus.cs(5,21): warning CS1591: Missing XML comment for publicly visible type or member 'ReadingStatus' [/Users/kady/Masterdom/src/Masterdom.Modules.Metering/Masterdom.Modules.Metering.csproj]
/Users/kady/Masterdom/src/Masterdom.Modules.Metering/Domain/Entities/Metering/ReadingStatus.cs(7,42): warning CS1591: Missing XML comment for publicly visible type or member 'ReadingStatus.Submitted' [/Users/kady/Masterdom/src/Masterdom.Modules.Metering/Masterdom.Modules.Metering.csproj]
/Users/kady/Masterdom/src/Masterdom.Modules.Metering/Domain/Entities/Metering/ReadingStatus.cs(8,42): warning CS1591: Missing XML comment for publicly visible type or member 'ReadingStatus.Approved' [/Users/kady/Masterdom/src/Masterdom.Modules.Metering/Masterdom.Modules.Metering.csproj]
/Users/kady/Masterdom/src/Masterdom.Modules.Metering/Domain/Entities/Metering/ReadingStatus.cs(9,42): warning CS1591: Missing XML comment for publicly visible type or member 'ReadingStatus.Corrected' [/Users/kady/Masterdom/src/Masterdom.Modules.Metering/Masterdom.Modules.Metering.csproj]
/Users/kady/Masterdom/src/Masterdom.Modules.Metering/Domain/Entities/Metering/ReadingStatus.cs(16,19): warning CS1591: Missing XML comment for publicly visible type or member 'ReadingStatus.Value' [/Users/kady/Masterdom/src/Masterdom.Modules.Metering/Masterdom.Modules.Metering.csproj]
/Users/kady/Masterdom/src/Masterdom.Modules.Metering/Domain/Entities/Metering/ReadingStatus.cs(18,33): warning CS1591: Missing XML comment for publicly visible type or member 'ReadingStatus.Create(string)' [/Users/kady/Masterdom/src/Masterdom.Modules.Metering/Masterdom.Modules.Metering.csproj]
/Users/kady/Masterdom/src/Masterdom.Modules.Metering/Domain/Entities/Metering/ReadingStatus.cs(31,45): warning CS1591: Missing XML comment for publicly visible type or member 'ReadingStatus.GetEqualityComponents()' [/Users/kady/Masterdom/src/Masterdom.Modules.Metering/Masterdom.Modules.Metering.csproj]
/Users/kady/Masterdom/src/Masterdom.Modules.Metering/Domain/Entities/Metering/ReadingValue.cs(5,21): warning CS1591: Missing XML comment for publicly visible type or member 'ReadingValue' [/Users/kady/Masterdom/src/Masterdom.Modules.Metering/Masterdom.Modules.Metering.csproj]
/Users/kady/Masterdom/src/Masterdom.Modules.Metering/Domain/Entities/Metering/ReadingValue.cs(12,20): warning CS1591: Missing XML comment for publicly visible type or member 'ReadingValue.Value' [/Users/kady/Masterdom/src/Masterdom.Modules.Metering/Masterdom.Modules.Metering.csproj]
/Users/kady/Masterdom/src/Masterdom.Modules.Metering/Domain/Entities/Metering/ReadingValue.cs(14,32): warning CS1591: Missing XML comment for publicly visible type or member 'ReadingValue.Create(decimal)' [/Users/kady/Masterdom/src/Masterdom.Modules.Metering/Masterdom.Modules.Metering.csproj]
/Users/kady/Masterdom/src/Masterdom.Modules.Metering/Domain/Entities/Metering/ReadingValue.cs(24,45): warning CS1591: Missing XML comment for publicly visible type or member 'ReadingValue.GetEqualityComponents()' [/Users/kady/Masterdom/src/Masterdom.Modules.Metering/Masterdom.Modules.Metering.csproj]
/Users/kady/Masterdom/src/Masterdom.Modules.Metering/Domain/Entities/Metering/RemovalDate.cs(5,21): warning CS1591: Missing XML comment for publicly visible type or member 'RemovalDate' [/Users/kady/Masterdom/src/Masterdom.Modules.Metering/Masterdom.Modules.Metering.csproj]
/Users/kady/Masterdom/src/Masterdom.Modules.Metering/Domain/Entities/Metering/RemovalDate.cs(12,21): warning CS1591: Missing XML comment for publicly visible type or member 'RemovalDate.Value' [/Users/kady/Masterdom/src/Masterdom.Modules.Metering/Masterdom.Modules.Metering.csproj]
/Users/kady/Masterdom/src/Masterdom.Modules.Metering/Domain/Entities/Metering/RemovalDate.cs(14,31): warning CS1591: Missing XML comment for publicly visible type or member 'RemovalDate.Create(DateOnly)' [/Users/kady/Masterdom/src/Masterdom.Modules.Metering/Masterdom.Modules.Metering.csproj]
/Users/kady/Masterdom/src/Masterdom.Modules.Metering/Domain/Entities/Metering/RemovalDate.cs(19,45): warning CS1591: Missing XML comment for publicly visible type or member 'RemovalDate.GetEqualityComponents()' [/Users/kady/Masterdom/src/Masterdom.Modules.Metering/Masterdom.Modules.Metering.csproj]
/Users/kady/Masterdom/src/Masterdom.Modules.Metering/Domain/Entities/Metering/ReviewDate.cs(5,21): warning CS1591: Missing XML comment for publicly visible type or member 'ReviewDate' [/Users/kady/Masterdom/src/Masterdom.Modules.Metering/Masterdom.Modules.Metering.csproj]
/Users/kady/Masterdom/src/Masterdom.Modules.Metering/Domain/Entities/Metering/ReviewDate.cs(12,21): warning CS1591: Missing XML comment for publicly visible type or member 'ReviewDate.ValueUtc' [/Users/kady/Masterdom/src/Masterdom.Modules.Metering/Masterdom.Modules.Metering.csproj]
/Users/kady/Masterdom/src/Masterdom.Modules.Metering/Domain/Entities/Metering/ReviewDate.cs(14,30): warning CS1591: Missing XML comment for publicly visible type or member 'ReviewDate.Create(DateTime)' [/Users/kady/Masterdom/src/Masterdom.Modules.Metering/Masterdom.Modules.Metering.csproj]
/Users/kady/Masterdom/src/Masterdom.Modules.Metering/Domain/Entities/Metering/ReviewDate.cs(19,45): warning CS1591: Missing XML comment for publicly visible type or member 'ReviewDate.GetEqualityComponents()' [/Users/kady/Masterdom/src/Masterdom.Modules.Metering/Masterdom.Modules.Metering.csproj]
/Users/kady/Masterdom/src/Masterdom.Modules.Metering/Domain/Entities/Metering/ReviewedBy.cs(5,21): warning CS1591: Missing XML comment for publicly visible type or member 'ReviewedBy' [/Users/kady/Masterdom/src/Masterdom.Modules.Metering/Masterdom.Modules.Metering.csproj]
/Users/kady/Masterdom/src/Masterdom.Modules.Metering/Domain/Entities/Metering/ReviewedBy.cs(12,19): warning CS1591: Missing XML comment for publicly visible type or member 'ReviewedBy.Value' [/Users/kady/Masterdom/src/Masterdom.Modules.Metering/Masterdom.Modules.Metering.csproj]
/Users/kady/Masterdom/src/Masterdom.Modules.Metering/Domain/Entities/Metering/ReviewedBy.cs(14,30): warning CS1591: Missing XML comment for publicly visible type or member 'ReviewedBy.Create(string)' [/Users/kady/Masterdom/src/Masterdom.Modules.Metering/Masterdom.Modules.Metering.csproj]
/Users/kady/Masterdom/src/Masterdom.Modules.Metering/Domain/Entities/Metering/ReviewedBy.cs(27,45): warning CS1591: Missing XML comment for publicly visible type or member 'ReviewedBy.GetEqualityComponents()' [/Users/kady/Masterdom/src/Masterdom.Modules.Metering/Masterdom.Modules.Metering.csproj]
/Users/kady/Masterdom/src/Masterdom.Modules.Metering/Domain/Entities/Metering/SubmittedBy.cs(5,21): warning CS1591: Missing XML comment for publicly visible type or member 'SubmittedBy' [/Users/kady/Masterdom/src/Masterdom.Modules.Metering/Masterdom.Modules.Metering.csproj]
/Users/kady/Masterdom/src/Masterdom.Modules.Metering/Domain/Entities/Metering/SubmittedBy.cs(12,19): warning CS1591: Missing XML comment for publicly visible type or member 'SubmittedBy.Value' [/Users/kady/Masterdom/src/Masterdom.Modules.Metering/Masterdom.Modules.Metering.csproj]
/Users/kady/Masterdom/src/Masterdom.Modules.Metering/Domain/Entities/Metering/SubmittedBy.cs(14,31): warning CS1591: Missing XML comment for publicly visible type or member 'SubmittedBy.Create(string)' [/Users/kady/Masterdom/src/Masterdom.Modules.Metering/Masterdom.Modules.Metering.csproj]
/Users/kady/Masterdom/src/Masterdom.Modules.Metering/Domain/Entities/Metering/SubmittedBy.cs(27,45): warning CS1591: Missing XML comment for publicly visible type or member 'SubmittedBy.GetEqualityComponents()' [/Users/kady/Masterdom/src/Masterdom.Modules.Metering/Masterdom.Modules.Metering.csproj]
/Users/kady/Masterdom/src/Masterdom.Abstractions/Financial/Posting/FinancialDocumentType.cs(3,13): warning CS1591: Missing XML comment for publicly visible type or member 'FinancialDocumentType' [/Users/kady/Masterdom/src/Masterdom.Abstractions/Masterdom.Abstractions.csproj]
/Users/kady/Masterdom/src/Masterdom.Modules.Metering/Domain/Repositories/IMeterRepository.cs(5,18): warning CS1591: Missing XML comment for publicly visible type or member 'IMeterRepository' [/Users/kady/Masterdom/src/Masterdom.Modules.Metering/Masterdom.Modules.Metering.csproj]
/Users/kady/Masterdom/src/Masterdom.Abstractions/Financial/Posting/FinancialDocumentType.cs(5,5): warning CS1591: Missing XML comment for publicly visible type or member 'FinancialDocumentType.Unspecified' [/Users/kady/Masterdom/src/Masterdom.Abstractions/Masterdom.Abstractions.csproj]
/Users/kady/Masterdom/src/Masterdom.Modules.Metering/Domain/Repositories/IMeterRepository.cs(7,10): warning CS1591: Missing XML comment for publicly visible type or member 'IMeterRepository.Add(Meter)' [/Users/kady/Masterdom/src/Masterdom.Modules.Metering/Masterdom.Modules.Metering.csproj]
/Users/kady/Masterdom/src/Masterdom.Abstractions/Financial/Posting/FinancialDocumentType.cs(6,5): warning CS1591: Missing XML comment for publicly visible type or member 'FinancialDocumentType.Invoice' [/Users/kady/Masterdom/src/Masterdom.Abstractions/Masterdom.Abstractions.csproj]
/Users/kady/Masterdom/src/Masterdom.Modules.Metering/Domain/Repositories/IMeterRepository.cs(9,12): warning CS1591: Missing XML comment for publicly visible type or member 'IMeterRepository.GetById(MeterId)' [/Users/kady/Masterdom/src/Masterdom.Modules.Metering/Masterdom.Modules.Metering.csproj]
/Users/kady/Masterdom/src/Masterdom.Modules.Metering/Domain/Repositories/IMeterRepository.cs(11,12): warning CS1591: Missing XML comment for publicly visible type or member 'IMeterRepository.GetByNumber(MeterNumber)' [/Users/kady/Masterdom/src/Masterdom.Modules.Metering/Masterdom.Modules.Metering.csproj]
/Users/kady/Masterdom/src/Masterdom.Modules.Metering/Domain/Repositories/IMeterRepository.cs(13,10): warning CS1591: Missing XML comment for publicly visible type or member 'IMeterRepository.Update(Meter)' [/Users/kady/Masterdom/src/Masterdom.Modules.Metering/Masterdom.Modules.Metering.csproj]
/Users/kady/Masterdom/src/Masterdom.Abstractions/Financial/Posting/FinancialDocumentType.cs(7,5): warning CS1591: Missing XML comment for publicly visible type or member 'FinancialDocumentType.Receipt' [/Users/kady/Masterdom/src/Masterdom.Abstractions/Masterdom.Abstractions.csproj]
/Users/kady/Masterdom/src/Masterdom.Abstractions/Financial/Posting/FinancialDocumentType.cs(8,5): warning CS1591: Missing XML comment for publicly visible type or member 'FinancialDocumentType.CreditNote' [/Users/kady/Masterdom/src/Masterdom.Abstractions/Masterdom.Abstractions.csproj]
/Users/kady/Masterdom/src/Masterdom.Abstractions/Financial/Posting/FinancialDocumentType.cs(9,5): warning CS1591: Missing XML comment for publicly visible type or member 'FinancialDocumentType.DebitNote' [/Users/kady/Masterdom/src/Masterdom.Abstractions/Masterdom.Abstractions.csproj]
/Users/kady/Masterdom/src/Masterdom.Abstractions/Financial/Posting/FinancialDocumentType.cs(10,5): warning CS1591: Missing XML comment for publicly visible type or member 'FinancialDocumentType.JournalEntry' [/Users/kady/Masterdom/src/Masterdom.Abstractions/Masterdom.Abstractions.csproj]
/Users/kady/Masterdom/src/Masterdom.Abstractions/Financial/Posting/FinancialDocumentType.cs(11,5): warning CS1591: Missing XML comment for publicly visible type or member 'FinancialDocumentType.Settlement' [/Users/kady/Masterdom/src/Masterdom.Abstractions/Masterdom.Abstractions.csproj]
/Users/kady/Masterdom/src/Masterdom.Abstractions/Financial/Posting/FinancialDocumentType.cs(12,5): warning CS1591: Missing XML comment for publicly visible type or member 'FinancialDocumentType.Statement' [/Users/kady/Masterdom/src/Masterdom.Abstractions/Masterdom.Abstractions.csproj]
/Users/kady/Masterdom/src/Masterdom.Abstractions/Financial/Posting/FinancialDocumentType.cs(13,5): warning CS1591: Missing XML comment for publicly visible type or member 'FinancialDocumentType.Other' [/Users/kady/Masterdom/src/Masterdom.Abstractions/Masterdom.Abstractions.csproj]
/Users/kady/Masterdom/src/Masterdom.Abstractions/Financial/Posting/FinancialPostingDirection.cs(3,13): warning CS1591: Missing XML comment for publicly visible type or member 'FinancialPostingDirection' [/Users/kady/Masterdom/src/Masterdom.Abstractions/Masterdom.Abstractions.csproj]
/Users/kady/Masterdom/src/Masterdom.Abstractions/Financial/Posting/FinancialPostingDirection.cs(5,5): warning CS1591: Missing XML comment for publicly visible type or member 'FinancialPostingDirection.Unspecified' [/Users/kady/Masterdom/src/Masterdom.Abstractions/Masterdom.Abstractions.csproj]
/Users/kady/Masterdom/src/Masterdom.Abstractions/Financial/Posting/FinancialPostingDirection.cs(6,5): warning CS1591: Missing XML comment for publicly visible type or member 'FinancialPostingDirection.Debit' [/Users/kady/Masterdom/src/Masterdom.Abstractions/Masterdom.Abstractions.csproj]
/Users/kady/Masterdom/src/Masterdom.Abstractions/Financial/Posting/FinancialPostingDirection.cs(7,5): warning CS1591: Missing XML comment for publicly visible type or member 'FinancialPostingDirection.Credit' [/Users/kady/Masterdom/src/Masterdom.Abstractions/Masterdom.Abstractions.csproj]
/Users/kady/Masterdom/src/Masterdom.Abstractions/Financial/Posting/FinancialPostingLine.cs(3,22): warning CS1591: Missing XML comment for publicly visible type or member 'FinancialPostingLine' [/Users/kady/Masterdom/src/Masterdom.Abstractions/Masterdom.Abstractions.csproj]
/Users/kady/Masterdom/src/Masterdom.Abstractions/Financial/Posting/FinancialPostingLine.cs(5,28): warning CS1591: Missing XML comment for publicly visible type or member 'FinancialPostingLine.LineId' [/Users/kady/Masterdom/src/Masterdom.Abstractions/Masterdom.Abstractions.csproj]
/Users/kady/Masterdom/src/Masterdom.Abstractions/Financial/Posting/FinancialPostingLine.cs(7,47): warning CS1591: Missing XML comment for publicly visible type or member 'FinancialPostingLine.Direction' [/Users/kady/Masterdom/src/Masterdom.Abstractions/Masterdom.Abstractions.csproj]
/Users/kady/Masterdom/src/Masterdom.Abstractions/Financial/Posting/FinancialPostingLine.cs(9,29): warning CS1591: Missing XML comment for publicly visible type or member 'FinancialPostingLine.Amount' [/Users/kady/Masterdom/src/Masterdom.Abstractions/Masterdom.Abstractions.csproj]
/Users/kady/Masterdom/src/Masterdom.Abstractions/Financial/Posting/FinancialPostingLine.cs(11,28): warning CS1591: Missing XML comment for publicly visible type or member 'FinancialPostingLine.CurrencyCode' [/Users/kady/Masterdom/src/Masterdom.Abstractions/Masterdom.Abstractions.csproj]
/Users/kady/Masterdom/src/Masterdom.Abstractions/Financial/Posting/FinancialPostingLine.cs(13,39): warning CS1591: Missing XML comment for publicly visible type or member 'FinancialPostingLine.Reference' [/Users/kady/Masterdom/src/Masterdom.Abstractions/Masterdom.Abstractions.csproj]
/Users/kady/Masterdom/src/Masterdom.Abstractions/Financial/Posting/FinancialPostingLine.cs(15,38): warning CS1591: Missing XML comment for publicly visible type or member 'FinancialPostingLine.Metadata' [/Users/kady/Masterdom/src/Masterdom.Abstractions/Masterdom.Abstractions.csproj]
/Users/kady/Masterdom/src/Masterdom.Abstractions/Financial/Posting/FinancialPostingLine.cs(17,20): warning CS1591: Missing XML comment for publicly visible type or member 'FinancialPostingLine.Description' [/Users/kady/Masterdom/src/Masterdom.Abstractions/Masterdom.Abstractions.csproj]
/Users/kady/Masterdom/src/Masterdom.Abstractions/Financial/Posting/FinancialPostingMetadata.cs(5,22): warning CS1591: Missing XML comment for publicly visible type or member 'FinancialPostingMetadata' [/Users/kady/Masterdom/src/Masterdom.Abstractions/Masterdom.Abstractions.csproj]
/Users/kady/Masterdom/src/Masterdom.Abstractions/Financial/Posting/FinancialPostingMetadata.cs(7,48): warning CS1591: Missing XML comment for publicly visible type or member 'FinancialPostingMetadata.Extensions' [/Users/kady/Masterdom/src/Masterdom.Abstractions/Masterdom.Abstractions.csproj]
/Users/kady/Masterdom/src/Masterdom.Abstractions/Financial/Posting/FinancialPostingReference.cs(3,22): warning CS1591: Missing XML comment for publicly visible type or member 'FinancialPostingReference' [/Users/kady/Masterdom/src/Masterdom.Abstractions/Masterdom.Abstractions.csproj]
/Users/kady/Masterdom/src/Masterdom.Abstractions/Financial/Posting/FinancialPostingReference.cs(5,20): warning CS1591: Missing XML comment for publicly visible type or member 'FinancialPostingReference.EntityType' [/Users/kady/Masterdom/src/Masterdom.Abstractions/Masterdom.Abstractions.csproj]
/Users/kady/Masterdom/src/Masterdom.Abstractions/Financial/Posting/FinancialPostingReference.cs(7,20): warning CS1591: Missing XML comment for publicly visible type or member 'FinancialPostingReference.EntityId' [/Users/kady/Masterdom/src/Masterdom.Abstractions/Masterdom.Abstractions.csproj]
/Users/kady/Masterdom/src/Masterdom.Abstractions/Financial/Posting/FinancialPostingReference.cs(9,20): warning CS1591: Missing XML comment for publicly visible type or member 'FinancialPostingReference.DocumentType' [/Users/kady/Masterdom/src/Masterdom.Abstractions/Masterdom.Abstractions.csproj]
/Users/kady/Masterdom/src/Masterdom.Abstractions/Financial/Posting/FinancialPostingReference.cs(11,20): warning CS1591: Missing XML comment for publicly visible type or member 'FinancialPostingReference.DocumentNumber' [/Users/kady/Masterdom/src/Masterdom.Abstractions/Masterdom.Abstractions.csproj]
/Users/kady/Masterdom/src/Masterdom.Abstractions/Financial/Posting/FinancialPostingReference.cs(13,20): warning CS1591: Missing XML comment for publicly visible type or member 'FinancialPostingReference.LineId' [/Users/kady/Masterdom/src/Masterdom.Abstractions/Masterdom.Abstractions.csproj]
/Users/kady/Masterdom/src/Masterdom.Abstractions/Financial/Posting/FinancialPostingReference.cs(15,20): warning CS1591: Missing XML comment for publicly visible type or member 'FinancialPostingReference.ExternalReference' [/Users/kady/Masterdom/src/Masterdom.Abstractions/Masterdom.Abstractions.csproj]
/Users/kady/Masterdom/src/Masterdom.Abstractions/Financial/Posting/FinancialPostingReference.cs(17,20): warning CS1591: Missing XML comment for publicly visible type or member 'FinancialPostingReference.TenantId' [/Users/kady/Masterdom/src/Masterdom.Abstractions/Masterdom.Abstractions.csproj]
/Users/kady/Masterdom/src/Masterdom.Abstractions/Financial/Posting/FinancialPostingRequest.cs(5,22): warning CS1591: Missing XML comment for publicly visible type or member 'FinancialPostingRequest' [/Users/kady/Masterdom/src/Masterdom.Abstractions/Masterdom.Abstractions.csproj]
/Users/kady/Masterdom/src/Masterdom.Abstractions/Financial/Posting/FinancialPostingRequest.cs(7,28): warning CS1591: Missing XML comment for publicly visible type or member 'FinancialPostingRequest.RequestId' [/Users/kady/Masterdom/src/Masterdom.Abstractions/Masterdom.Abstractions.csproj]
/Users/kady/Masterdom/src/Masterdom.Abstractions/Financial/Posting/FinancialPostingRequest.cs(9,28): warning CS1591: Missing XML comment for publicly visible type or member 'FinancialPostingRequest.CorrelationId' [/Users/kady/Masterdom/src/Masterdom.Abstractions/Masterdom.Abstractions.csproj]
/Users/kady/Masterdom/src/Masterdom.Abstractions/Financial/Posting/FinancialPostingRequest.cs(11,20): warning CS1591: Missing XML comment for publicly visible type or member 'FinancialPostingRequest.CausationId' [/Users/kady/Masterdom/src/Masterdom.Abstractions/Masterdom.Abstractions.csproj]
/Users/kady/Masterdom/src/Masterdom.Abstractions/Financial/Posting/FinancialPostingRequest.cs(13,28): warning CS1591: Missing XML comment for publicly visible type or member 'FinancialPostingRequest.IdempotencyKey' [/Users/kady/Masterdom/src/Masterdom.Abstractions/Masterdom.Abstractions.csproj]
/Users/kady/Masterdom/src/Masterdom.Abstractions/Financial/Posting/FinancialPostingRequest.cs(15,28): warning CS1591: Missing XML comment for publicly visible type or member 'FinancialPostingRequest.TenantId' [/Users/kady/Masterdom/src/Masterdom.Abstractions/Masterdom.Abstractions.csproj]
/Users/kady/Masterdom/src/Masterdom.Abstractions/Financial/Posting/FinancialPostingRequest.cs(17,28): warning CS1591: Missing XML comment for publicly visible type or member 'FinancialPostingRequest.CurrencyCode' [/Users/kady/Masterdom/src/Masterdom.Abstractions/Masterdom.Abstractions.csproj]
/Users/kady/Masterdom/src/Masterdom.Abstractions/Financial/Posting/FinancialPostingRequest.cs(19,36): warning CS1591: Missing XML comment for publicly visible type or member 'FinancialPostingRequest.OccurredAt' [/Users/kady/Masterdom/src/Masterdom.Abstractions/Masterdom.Abstractions.csproj]
/Users/kady/Masterdom/src/Masterdom.Abstractions/Financial/Posting/FinancialPostingRequest.cs(21,46): warning CS1591: Missing XML comment for publicly visible type or member 'FinancialPostingRequest.TransactionType' [/Users/kady/Masterdom/src/Masterdom.Abstractions/Masterdom.Abstractions.csproj]
/Users/kady/Masterdom/src/Masterdom.Abstractions/Financial/Posting/FinancialPostingRequest.cs(23,43): warning CS1591: Missing XML comment for publicly visible type or member 'FinancialPostingRequest.DocumentType' [/Users/kady/Masterdom/src/Masterdom.Abstractions/Masterdom.Abstractions.csproj]
/Users/kady/Masterdom/src/Masterdom.Abstractions/Financial/Posting/FinancialPostingRequest.cs(25,35): warning CS1591: Missing XML comment for publicly visible type or member 'FinancialPostingRequest.Source' [/Users/kady/Masterdom/src/Masterdom.Abstractions/Masterdom.Abstractions.csproj]
/Users/kady/Masterdom/src/Masterdom.Abstractions/Financial/Posting/FinancialPostingRequest.cs(27,39): warning CS1591: Missing XML comment for publicly visible type or member 'FinancialPostingRequest.Reference' [/Users/kady/Masterdom/src/Masterdom.Abstractions/Masterdom.Abstractions.csproj]
/Users/kady/Masterdom/src/Masterdom.Abstractions/Financial/Posting/FinancialPostingRequest.cs(29,38): warning CS1591: Missing XML comment for publicly visible type or member 'FinancialPostingRequest.Metadata' [/Users/kady/Masterdom/src/Masterdom.Abstractions/Masterdom.Abstractions.csproj]
/Users/kady/Masterdom/src/Masterdom.Abstractions/Financial/Posting/FinancialPostingRequest.cs(31,49): warning CS1591: Missing XML comment for publicly visible type or member 'FinancialPostingRequest.Lines' [/Users/kady/Masterdom/src/Masterdom.Abstractions/Masterdom.Abstractions.csproj]
/Users/kady/Masterdom/src/Masterdom.Abstractions/Financial/Posting/FinancialPostingRequest.cs(33,16): warning CS1591: Missing XML comment for publicly visible type or member 'FinancialPostingRequest.ContractVersion' [/Users/kady/Masterdom/src/Masterdom.Abstractions/Masterdom.Abstractions.csproj]
/Users/kady/Masterdom/src/Masterdom.Abstractions/Financial/Posting/FinancialPostingResult.cs(5,22): warning CS1591: Missing XML comment for publicly visible type or member 'FinancialPostingResult' [/Users/kady/Masterdom/src/Masterdom.Abstractions/Masterdom.Abstractions.csproj]
/Users/kady/Masterdom/src/Masterdom.Abstractions/Financial/Posting/FinancialPostingResult.cs(7,28): warning CS1591: Missing XML comment for publicly visible type or member 'FinancialPostingResult.RequestId' [/Users/kady/Masterdom/src/Masterdom.Abstractions/Masterdom.Abstractions.csproj]
/Users/kady/Masterdom/src/Masterdom.Abstractions/Financial/Posting/FinancialPostingResult.cs(9,28): warning CS1591: Missing XML comment for publicly visible type or member 'FinancialPostingResult.CorrelationId' [/Users/kady/Masterdom/src/Masterdom.Abstractions/Masterdom.Abstractions.csproj]
/Users/kady/Masterdom/src/Masterdom.Abstractions/Financial/Posting/FinancialPostingResult.cs(11,20): warning CS1591: Missing XML comment for publicly visible type or member 'FinancialPostingResult.CausationId' [/Users/kady/Masterdom/src/Masterdom.Abstractions/Masterdom.Abstractions.csproj]
/Users/kady/Masterdom/src/Masterdom.Abstractions/Financial/Posting/FinancialPostingResult.cs(13,28): warning CS1591: Missing XML comment for publicly visible type or member 'FinancialPostingResult.IdempotencyKey' [/Users/kady/Masterdom/src/Masterdom.Abstractions/Masterdom.Abstractions.csproj]
/Users/kady/Masterdom/src/Masterdom.Abstractions/Financial/Posting/FinancialPostingResult.cs(15,28): warning CS1591: Missing XML comment for publicly visible type or member 'FinancialPostingResult.TenantId' [/Users/kady/Masterdom/src/Masterdom.Abstractions/Masterdom.Abstractions.csproj]
/Users/kady/Masterdom/src/Masterdom.Abstractions/Financial/Posting/FinancialPostingResult.cs(17,28): warning CS1591: Missing XML comment for publicly visible type or member 'FinancialPostingResult.CurrencyCode' [/Users/kady/Masterdom/src/Masterdom.Abstractions/Masterdom.Abstractions.csproj]
/Users/kady/Masterdom/src/Masterdom.Abstractions/Financial/Posting/FinancialPostingResult.cs(19,36): warning CS1591: Missing XML comment for publicly visible type or member 'FinancialPostingResult.ProcessedAt' [/Users/kady/Masterdom/src/Masterdom.Abstractions/Masterdom.Abstractions.csproj]
/Users/kady/Masterdom/src/Masterdom.Abstractions/Financial/Posting/FinancialPostingResult.cs(21,44): warning CS1591: Missing XML comment for publicly visible type or member 'FinancialPostingResult.Status' [/Users/kady/Masterdom/src/Masterdom.Abstractions/Masterdom.Abstractions.csproj]
/Users/kady/Masterdom/src/Masterdom.Abstractions/Financial/Posting/FinancialPostingResult.cs(23,20): warning CS1591: Missing XML comment for publicly visible type or member 'FinancialPostingResult.PostingId' [/Users/kady/Masterdom/src/Masterdom.Abstractions/Masterdom.Abstractions.csproj]
/Users/kady/Masterdom/src/Masterdom.Abstractions/Financial/Posting/FinancialPostingResult.cs(25,20): warning CS1591: Missing XML comment for publicly visible type or member 'FinancialPostingResult.BatchId' [/Users/kady/Masterdom/src/Masterdom.Abstractions/Masterdom.Abstractions.csproj]
/Users/kady/Masterdom/src/Masterdom.Abstractions/Financial/Posting/FinancialPostingResult.cs(27,20): warning CS1591: Missing XML comment for publicly visible type or member 'FinancialPostingResult.Message' [/Users/kady/Masterdom/src/Masterdom.Abstractions/Masterdom.Abstractions.csproj]
/Users/kady/Masterdom/src/Masterdom.Abstractions/Financial/Posting/FinancialPostingResult.cs(29,39): warning CS1591: Missing XML comment for publicly visible type or member 'FinancialPostingResult.Reference' [/Users/kady/Masterdom/src/Masterdom.Abstractions/Masterdom.Abstractions.csproj]
/Users/kady/Masterdom/src/Masterdom.Abstractions/Financial/Posting/FinancialPostingResult.cs(31,38): warning CS1591: Missing XML comment for publicly visible type or member 'FinancialPostingResult.Metadata' [/Users/kady/Masterdom/src/Masterdom.Abstractions/Masterdom.Abstractions.csproj]
/Users/kady/Masterdom/src/Masterdom.Abstractions/Financial/Posting/FinancialPostingResult.cs(33,49): warning CS1591: Missing XML comment for publicly visible type or member 'FinancialPostingResult.Lines' [/Users/kady/Masterdom/src/Masterdom.Abstractions/Masterdom.Abstractions.csproj]
/Users/kady/Masterdom/src/Masterdom.Abstractions/Financial/Posting/FinancialPostingResult.cs(35,16): warning CS1591: Missing XML comment for publicly visible type or member 'FinancialPostingResult.ContractVersion' [/Users/kady/Masterdom/src/Masterdom.Abstractions/Masterdom.Abstractions.csproj]
/Users/kady/Masterdom/src/Masterdom.Abstractions/Financial/Posting/FinancialPostingStatus.cs(3,13): warning CS1591: Missing XML comment for publicly visible type or member 'FinancialPostingStatus' [/Users/kady/Masterdom/src/Masterdom.Abstractions/Masterdom.Abstractions.csproj]
/Users/kady/Masterdom/src/Masterdom.Abstractions/Financial/Posting/FinancialPostingStatus.cs(5,5): warning CS1591: Missing XML comment for publicly visible type or member 'FinancialPostingStatus.Unspecified' [/Users/kady/Masterdom/src/Masterdom.Abstractions/Masterdom.Abstractions.csproj]
/Users/kady/Masterdom/src/Masterdom.Abstractions/Financial/Posting/FinancialPostingStatus.cs(6,5): warning CS1591: Missing XML comment for publicly visible type or member 'FinancialPostingStatus.Pending' [/Users/kady/Masterdom/src/Masterdom.Abstractions/Masterdom.Abstractions.csproj]
/Users/kady/Masterdom/src/Masterdom.Abstractions/Financial/Posting/FinancialPostingStatus.cs(7,5): warning CS1591: Missing XML comment for publicly visible type or member 'FinancialPostingStatus.Accepted' [/Users/kady/Masterdom/src/Masterdom.Abstractions/Masterdom.Abstractions.csproj]
/Users/kady/Masterdom/src/Masterdom.Abstractions/Financial/Posting/FinancialPostingStatus.cs(8,5): warning CS1591: Missing XML comment for publicly visible type or member 'FinancialPostingStatus.Rejected' [/Users/kady/Masterdom/src/Masterdom.Abstractions/Masterdom.Abstractions.csproj]
/Users/kady/Masterdom/src/Masterdom.Abstractions/Financial/Posting/FinancialPostingStatus.cs(9,5): warning CS1591: Missing XML comment for publicly visible type or member 'FinancialPostingStatus.Posted' [/Users/kady/Masterdom/src/Masterdom.Abstractions/Masterdom.Abstractions.csproj]
/Users/kady/Masterdom/src/Masterdom.Abstractions/Financial/Posting/FinancialPostingStatus.cs(10,5): warning CS1591: Missing XML comment for publicly visible type or member 'FinancialPostingStatus.Failed' [/Users/kady/Masterdom/src/Masterdom.Abstractions/Masterdom.Abstractions.csproj]
/Users/kady/Masterdom/src/Masterdom.Abstractions/Financial/Posting/FinancialPostingStatus.cs(11,5): warning CS1591: Missing XML comment for publicly visible type or member 'FinancialPostingStatus.Cancelled' [/Users/kady/Masterdom/src/Masterdom.Abstractions/Masterdom.Abstractions.csproj]
/Users/kady/Masterdom/src/Masterdom.Abstractions/Financial/Posting/FinancialPostingStatus.cs(12,5): warning CS1591: Missing XML comment for publicly visible type or member 'FinancialPostingStatus.Reversed' [/Users/kady/Masterdom/src/Masterdom.Abstractions/Masterdom.Abstractions.csproj]
/Users/kady/Masterdom/src/Masterdom.Abstractions/Financial/Posting/FinancialTransactionType.cs(3,13): warning CS1591: Missing XML comment for publicly visible type or member 'FinancialTransactionType' [/Users/kady/Masterdom/src/Masterdom.Abstractions/Masterdom.Abstractions.csproj]
/Users/kady/Masterdom/src/Masterdom.Abstractions/Financial/Posting/FinancialTransactionType.cs(5,5): warning CS1591: Missing XML comment for publicly visible type or member 'FinancialTransactionType.Unspecified' [/Users/kady/Masterdom/src/Masterdom.Abstractions/Masterdom.Abstractions.csproj]
/Users/kady/Masterdom/src/Masterdom.Abstractions/Financial/Posting/FinancialTransactionType.cs(6,5): warning CS1591: Missing XML comment for publicly visible type or member 'FinancialTransactionType.Charge' [/Users/kady/Masterdom/src/Masterdom.Abstractions/Masterdom.Abstractions.csproj]
/Users/kady/Masterdom/src/Masterdom.Abstractions/Financial/Posting/FinancialTransactionType.cs(7,5): warning CS1591: Missing XML comment for publicly visible type or member 'FinancialTransactionType.Payment' [/Users/kady/Masterdom/src/Masterdom.Abstractions/Masterdom.Abstractions.csproj]
/Users/kady/Masterdom/src/Masterdom.Abstractions/Financial/Posting/FinancialTransactionType.cs(8,5): warning CS1591: Missing XML comment for publicly visible type or member 'FinancialTransactionType.Deposit' [/Users/kady/Masterdom/src/Masterdom.Abstractions/Masterdom.Abstractions.csproj]
/Users/kady/Masterdom/src/Masterdom.Abstractions/Financial/Posting/FinancialTransactionType.cs(9,5): warning CS1591: Missing XML comment for publicly visible type or member 'FinancialTransactionType.Refund' [/Users/kady/Masterdom/src/Masterdom.Abstractions/Masterdom.Abstractions.csproj]
/Users/kady/Masterdom/src/Masterdom.Abstractions/Financial/Posting/FinancialTransactionType.cs(10,5): warning CS1591: Missing XML comment for publicly visible type or member 'FinancialTransactionType.Penalty' [/Users/kady/Masterdom/src/Masterdom.Abstractions/Masterdom.Abstractions.csproj]
/Users/kady/Masterdom/src/Masterdom.Abstractions/Financial/Posting/FinancialTransactionType.cs(11,5): warning CS1591: Missing XML comment for publicly visible type or member 'FinancialTransactionType.Adjustment' [/Users/kady/Masterdom/src/Masterdom.Abstractions/Masterdom.Abstractions.csproj]
/Users/kady/Masterdom/src/Masterdom.Abstractions/Financial/Posting/FinancialTransactionType.cs(12,5): warning CS1591: Missing XML comment for publicly visible type or member 'FinancialTransactionType.Reversal' [/Users/kady/Masterdom/src/Masterdom.Abstractions/Masterdom.Abstractions.csproj]
/Users/kady/Masterdom/src/Masterdom.Abstractions/Financial/Posting/FinancialTransactionType.cs(13,5): warning CS1591: Missing XML comment for publicly visible type or member 'FinancialTransactionType.Transfer' [/Users/kady/Masterdom/src/Masterdom.Abstractions/Masterdom.Abstractions.csproj]
/Users/kady/Masterdom/src/Masterdom.Abstractions/Financial/Posting/FinancialTransactionType.cs(14,5): warning CS1591: Missing XML comment for publicly visible type or member 'FinancialTransactionType.Other' [/Users/kady/Masterdom/src/Masterdom.Abstractions/Masterdom.Abstractions.csproj]
/Users/kady/Masterdom/src/Masterdom.Abstractions/Financial/Posting/PostingSource.cs(3,13): warning CS1591: Missing XML comment for publicly visible type or member 'PostingSource' [/Users/kady/Masterdom/src/Masterdom.Abstractions/Masterdom.Abstractions.csproj]
/Users/kady/Masterdom/src/Masterdom.Abstractions/Financial/Posting/PostingSource.cs(5,5): warning CS1591: Missing XML comment for publicly visible type or member 'PostingSource.Unspecified' [/Users/kady/Masterdom/src/Masterdom.Abstractions/Masterdom.Abstractions.csproj]
/Users/kady/Masterdom/src/Masterdom.Abstractions/Financial/Posting/PostingSource.cs(6,5): warning CS1591: Missing XML comment for publicly visible type or member 'PostingSource.Billing' [/Users/kady/Masterdom/src/Masterdom.Abstractions/Masterdom.Abstractions.csproj]
/Users/kady/Masterdom/src/Masterdom.Abstractions/Financial/Posting/PostingSource.cs(7,5): warning CS1591: Missing XML comment for publicly visible type or member 'PostingSource.Payments' [/Users/kady/Masterdom/src/Masterdom.Abstractions/Masterdom.Abstractions.csproj]
/Users/kady/Masterdom/src/Masterdom.Abstractions/Financial/Posting/PostingSource.cs(8,5): warning CS1591: Missing XML comment for publicly visible type or member 'PostingSource.Deposits' [/Users/kady/Masterdom/src/Masterdom.Abstractions/Masterdom.Abstractions.csproj]
/Users/kady/Masterdom/src/Masterdom.Abstractions/Financial/Posting/PostingSource.cs(9,5): warning CS1591: Missing XML comment for publicly visible type or member 'PostingSource.Refunds' [/Users/kady/Masterdom/src/Masterdom.Abstractions/Masterdom.Abstractions.csproj]
/Users/kady/Masterdom/src/Masterdom.Abstractions/Financial/Posting/PostingSource.cs(10,5): warning CS1591: Missing XML comment for publicly visible type or member 'PostingSource.Penalties' [/Users/kady/Masterdom/src/Masterdom.Abstractions/Masterdom.Abstractions.csproj]
/Users/kady/Masterdom/src/Masterdom.Abstractions/Financial/Posting/PostingSource.cs(11,5): warning CS1591: Missing XML comment for publicly visible type or member 'PostingSource.Maintenance' [/Users/kady/Masterdom/src/Masterdom.Abstractions/Masterdom.Abstractions.csproj]
/Users/kady/Masterdom/src/Masterdom.Abstractions/Financial/Posting/PostingSource.cs(12,5): warning CS1591: Missing XML comment for publicly visible type or member 'PostingSource.Inventory' [/Users/kady/Masterdom/src/Masterdom.Abstractions/Masterdom.Abstractions.csproj]
/Users/kady/Masterdom/src/Masterdom.Abstractions/Financial/Posting/PostingSource.cs(13,5): warning CS1591: Missing XML comment for publicly visible type or member 'PostingSource.Manual' [/Users/kady/Masterdom/src/Masterdom.Abstractions/Masterdom.Abstractions.csproj]
/Users/kady/Masterdom/src/Masterdom.Abstractions/Financial/Posting/PostingSource.cs(14,5): warning CS1591: Missing XML comment for publicly visible type or member 'PostingSource.External' [/Users/kady/Masterdom/src/Masterdom.Abstractions/Masterdom.Abstractions.csproj]
/Users/kady/Masterdom/src/Masterdom.Abstractions/Translation/ITranslator.cs(3,18): warning CS1591: Missing XML comment for publicly visible type or member 'ITranslator<TSource, TTarget>' [/Users/kady/Masterdom/src/Masterdom.Abstractions/Masterdom.Abstractions.csproj]
/Users/kady/Masterdom/src/Masterdom.Abstractions/Translation/ITranslator.cs(5,13): warning CS1591: Missing XML comment for publicly visible type or member 'ITranslator<TSource, TTarget>.Translate(TSource)' [/Users/kady/Masterdom/src/Masterdom.Abstractions/Masterdom.Abstractions.csproj]
/Users/kady/Masterdom/src/Masterdom.Modules.Properties/Application/Support/ExecutionResult.cs(54,38): warning CS0108: 'ExecutionResult<T>.Failure(string, string)' hides inherited member 'ExecutionResult.Failure(string, string)'. Use the new keyword if hiding was intended. [/Users/kady/Masterdom/src/Masterdom.Modules.Properties/Masterdom.Modules.Properties.csproj]
/Users/kady/Masterdom/src/Masterdom.Modules.Properties/Application/Commands/AddExistingUnitCommand.cs(5,22): warning CS1591: Missing XML comment for publicly visible type or member 'AddExistingUnitCommand' [/Users/kady/Masterdom/src/Masterdom.Modules.Properties/Masterdom.Modules.Properties.csproj]
/Users/kady/Masterdom/src/Masterdom.Modules.Properties/Application/Commands/AddExistingUnitCommand.cs(5,22): warning CS1591: Missing XML comment for publicly visible type or member 'AddExistingUnitCommand.AddExistingUnitCommand(PropertyId, UnitId, UnitCode, UnitName, UnitType, Capacity, UnitId?)' [/Users/kady/Masterdom/src/Masterdom.Modules.Properties/Masterdom.Modules.Properties.csproj]
/Users/kady/Masterdom/src/Masterdom.Modules.Properties/Application/Commands/AddExistingUnitCommand.cs(6,16): warning CS1591: Missing XML comment for publicly visible type or member 'AddExistingUnitCommand.PropertyId' [/Users/kady/Masterdom/src/Masterdom.Modules.Properties/Masterdom.Modules.Properties.csproj]
/Users/kady/Masterdom/src/Masterdom.Modules.Properties/Application/Commands/AddExistingUnitCommand.cs(7,12): warning CS1591: Missing XML comment for publicly visible type or member 'AddExistingUnitCommand.UnitId' [/Users/kady/Masterdom/src/Masterdom.Modules.Properties/Masterdom.Modules.Properties.csproj]
/Users/kady/Masterdom/src/Masterdom.Modules.Properties/Application/Commands/AddExistingUnitCommand.cs(8,14): warning CS1591: Missing XML comment for publicly visible type or member 'AddExistingUnitCommand.Code' [/Users/kady/Masterdom/src/Masterdom.Modules.Properties/Masterdom.Modules.Properties.csproj]
/Users/kady/Masterdom/src/Masterdom.Modules.Properties/Application/Commands/AddExistingUnitCommand.cs(9,14): warning CS1591: Missing XML comment for publicly visible type or member 'AddExistingUnitCommand.Name' [/Users/kady/Masterdom/src/Masterdom.Modules.Properties/Masterdom.Modules.Properties.csproj]
/Users/kady/Masterdom/src/Masterdom.Modules.Properties/Application/Commands/AddExistingUnitCommand.cs(10,14): warning CS1591: Missing XML comment for publicly visible type or member 'AddExistingUnitCommand.Type' [/Users/kady/Masterdom/src/Masterdom.Modules.Properties/Masterdom.Modules.Properties.csproj]
/Users/kady/Masterdom/src/Masterdom.Modules.Properties/Application/Commands/AddExistingUnitCommand.cs(11,14): warning CS1591: Missing XML comment for publicly visible type or member 'AddExistingUnitCommand.Capacity' [/Users/kady/Masterdom/src/Masterdom.Modules.Properties/Masterdom.Modules.Properties.csproj]
/Users/kady/Masterdom/src/Masterdom.Modules.Properties/Application/Commands/AddExistingUnitCommand.cs(12,13): warning CS1591: Missing XML comment for publicly visible type or member 'AddExistingUnitCommand.ParentUnitId' [/Users/kady/Masterdom/src/Masterdom.Modules.Properties/Masterdom.Modules.Properties.csproj]
/Users/kady/Masterdom/src/Masterdom.Modules.Properties/Application/Commands/AddRelationshipCommand.cs(5,22): warning CS1591: Missing XML comment for publicly visible type or member 'AddRelationshipCommand' [/Users/kady/Masterdom/src/Masterdom.Modules.Properties/Masterdom.Modules.Properties.csproj]
/Users/kady/Masterdom/src/Masterdom.Modules.Properties/Application/Commands/AddRelationshipCommand.cs(5,22): warning CS1591: Missing XML comment for publicly visible type or member 'AddRelationshipCommand.AddRelationshipCommand(PropertyId, PropertyId, PropertyRelationshipType)' [/Users/kady/Masterdom/src/Masterdom.Modules.Properties/Masterdom.Modules.Properties.csproj]
/Users/kady/Masterdom/src/Masterdom.Modules.Properties/Application/Commands/AddRelationshipCommand.cs(5,56): warning CS1591: Missing XML comment for publicly visible type or member 'AddRelationshipCommand.PropertyId' [/Users/kady/Masterdom/src/Masterdom.Modules.Properties/Masterdom.Modules.Properties.csproj]
/Users/kady/Masterdom/src/Masterdom.Modules.Properties/Application/Commands/AddRelationshipCommand.cs(5,79): warning CS1591: Missing XML comment for publicly visible type or member 'AddRelationshipCommand.TargetPropertyId' [/Users/kady/Masterdom/src/Masterdom.Modules.Properties/Masterdom.Modules.Properties.csproj]
/Users/kady/Masterdom/src/Masterdom.Modules.Properties/Application/Commands/AddRelationshipCommand.cs(5,122): warning CS1591: Missing XML comment for publicly visible type or member 'AddRelationshipCommand.Type' [/Users/kady/Masterdom/src/Masterdom.Modules.Properties/Masterdom.Modules.Properties.csproj]
/Users/kady/Masterdom/src/Masterdom.Modules.Properties/Application/Commands/ChangeAddressCommand.cs(5,22): warning CS1591: Missing XML comment for publicly visible type or member 'ChangeAddressCommand' [/Users/kady/Masterdom/src/Masterdom.Modules.Properties/Masterdom.Modules.Properties.csproj]
/Users/kady/Masterdom/src/Masterdom.Modules.Properties/Application/Commands/ChangeAddressCommand.cs(5,22): warning CS1591: Missing XML comment for publicly visible type or member 'ChangeAddressCommand.ChangeAddressCommand(PropertyId, PropertyAddress?)' [/Users/kady/Masterdom/src/Masterdom.Modules.Properties/Masterdom.Modules.Properties.csproj]
/Users/kady/Masterdom/src/Masterdom.Modules.Properties/Application/Commands/ChangeAddressCommand.cs(5,54): warning CS1591: Missing XML comment for publicly visible type or member 'ChangeAddressCommand.PropertyId' [/Users/kady/Masterdom/src/Masterdom.Modules.Properties/Masterdom.Modules.Properties.csproj]
/Users/kady/Masterdom/src/Masterdom.Modules.Properties/Application/Commands/ChangeAddressCommand.cs(5,83): warning CS1591: Missing XML comment for publicly visible type or member 'ChangeAddressCommand.Address' [/Users/kady/Masterdom/src/Masterdom.Modules.Properties/Masterdom.Modules.Properties.csproj]
/Users/kady/Masterdom/src/Masterdom.Modules.Properties/Application/Commands/ChangeDescriptionCommand.cs(5,22): warning CS1591: Missing XML comment for publicly visible type or member 'ChangeDescriptionCommand' [/Users/kady/Masterdom/src/Masterdom.Modules.Properties/Masterdom.Modules.Properties.csproj]
/Users/kady/Masterdom/src/Masterdom.Modules.Properties/Application/Commands/ChangeDescriptionCommand.cs(5,22): warning CS1591: Missing XML comment for publicly visible type or member 'ChangeDescriptionCommand.ChangeDescriptionCommand(PropertyId, string?)' [/Users/kady/Masterdom/src/Masterdom.Modules.Properties/Masterdom.Modules.Properties.csproj]
/Users/kady/Masterdom/src/Masterdom.Modules.Properties/Application/Commands/ChangeDescriptionCommand.cs(5,58): warning CS1591: Missing XML comment for publicly visible type or member 'ChangeDescriptionCommand.PropertyId' [/Users/kady/Masterdom/src/Masterdom.Modules.Properties/Masterdom.Modules.Properties.csproj]
/Users/kady/Masterdom/src/Masterdom.Modules.Properties/Application/Commands/ChangeDescriptionCommand.cs(5,78): warning CS1591: Missing XML comment for publicly visible type or member 'ChangeDescriptionCommand.Description' [/Users/kady/Masterdom/src/Masterdom.Modules.Properties/Masterdom.Modules.Properties.csproj]
/Users/kady/Masterdom/src/Masterdom.Modules.Properties/Application/Commands/ChangeOwnerCommand.cs(5,22): warning CS1591: Missing XML comment for publicly visible type or member 'ChangeOwnerCommand' [/Users/kady/Masterdom/src/Masterdom.Modules.Properties/Masterdom.Modules.Properties.csproj]
/Users/kady/Masterdom/src/Masterdom.Modules.Properties/Application/Commands/ChangeOwnerCommand.cs(5,22): warning CS1591: Missing XML comment for publicly visible type or member 'ChangeOwnerCommand.ChangeOwnerCommand(PropertyId, Guid?)' [/Users/kady/Masterdom/src/Masterdom.Modules.Properties/Masterdom.Modules.Properties.csproj]
/Users/kady/Masterdom/src/Masterdom.Modules.Properties/Application/Commands/ChangeOwnerCommand.cs(5,52): warning CS1591: Missing XML comment for publicly visible type or member 'ChangeOwnerCommand.PropertyId' [/Users/kady/Masterdom/src/Masterdom.Modules.Properties/Masterdom.Modules.Properties.csproj]
/Users/kady/Masterdom/src/Masterdom.Modules.Properties/Application/Commands/ChangeOwnerCommand.cs(5,70): warning CS1591: Missing XML comment for publicly visible type or member 'ChangeOwnerCommand.OwnerId' [/Users/kady/Masterdom/src/Masterdom.Modules.Properties/Masterdom.Modules.Properties.csproj]
/Users/kady/Masterdom/src/Masterdom.Modules.Properties/Application/Commands/ChangeParentPropertyCommand.cs(5,22): warning CS1591: Missing XML comment for publicly visible type or member 'ChangeParentPropertyCommand' [/Users/kady/Masterdom/src/Masterdom.Modules.Properties/Masterdom.Modules.Properties.csproj]
/Users/kady/Masterdom/src/Masterdom.Modules.Properties/Application/Commands/ChangeParentPropertyCommand.cs(5,22): warning CS1591: Missing XML comment for publicly visible type or member 'ChangeParentPropertyCommand.ChangeParentPropertyCommand(PropertyId, PropertyId?)' [/Users/kady/Masterdom/src/Masterdom.Modules.Properties/Masterdom.Modules.Properties.csproj]
/Users/kady/Masterdom/src/Masterdom.Modules.Properties/Application/Commands/ChangeParentPropertyCommand.cs(5,61): warning CS1591: Missing XML comment for publicly visible type or member 'ChangeParentPropertyCommand.PropertyId' [/Users/kady/Masterdom/src/Masterdom.Modules.Properties/Masterdom.Modules.Properties.csproj]
/Users/kady/Masterdom/src/Masterdom.Modules.Properties/Application/Commands/ChangeParentPropertyCommand.cs(5,85): warning CS1591: Missing XML comment for publicly visible type or member 'ChangeParentPropertyCommand.ParentPropertyId' [/Users/kady/Masterdom/src/Masterdom.Modules.Properties/Masterdom.Modules.Properties.csproj]
/Users/kady/Masterdom/src/Masterdom.Modules.Properties/Application/Commands/ChangeRemarksCommand.cs(5,22): warning CS1591: Missing XML comment for publicly visible type or member 'ChangeRemarksCommand' [/Users/kady/Masterdom/src/Masterdom.Modules.Properties/Masterdom.Modules.Properties.csproj]
/Users/kady/Masterdom/src/Masterdom.Modules.Properties/Application/Commands/ChangeRemarksCommand.cs(5,22): warning CS1591: Missing XML comment for publicly visible type or member 'ChangeRemarksCommand.ChangeRemarksCommand(PropertyId, string?)' [/Users/kady/Masterdom/src/Masterdom.Modules.Properties/Masterdom.Modules.Properties.csproj]
/Users/kady/Masterdom/src/Masterdom.Modules.Properties/Application/Commands/ChangeRemarksCommand.cs(5,54): warning CS1591: Missing XML comment for publicly visible type or member 'ChangeRemarksCommand.PropertyId' [/Users/kady/Masterdom/src/Masterdom.Modules.Properties/Masterdom.Modules.Properties.csproj]
/Users/kady/Masterdom/src/Masterdom.Modules.Properties/Application/Commands/ChangeRemarksCommand.cs(5,74): warning CS1591: Missing XML comment for publicly visible type or member 'ChangeRemarksCommand.Remarks' [/Users/kady/Masterdom/src/Masterdom.Modules.Properties/Masterdom.Modules.Properties.csproj]
/Users/kady/Masterdom/src/Masterdom.Modules.Properties/Application/Commands/ChangeTypeCommand.cs(5,22): warning CS1591: Missing XML comment for publicly visible type or member 'ChangeTypeCommand' [/Users/kady/Masterdom/src/Masterdom.Modules.Properties/Masterdom.Modules.Properties.csproj]
/Users/kady/Masterdom/src/Masterdom.Modules.Properties/Application/Commands/ChangeTypeCommand.cs(5,22): warning CS1591: Missing XML comment for publicly visible type or member 'ChangeTypeCommand.ChangeTypeCommand(PropertyId, PropertyType)' [/Users/kady/Masterdom/src/Masterdom.Modules.Properties/Masterdom.Modules.Properties.csproj]
/Users/kady/Masterdom/src/Masterdom.Modules.Properties/Application/Commands/ChangeTypeCommand.cs(5,51): warning CS1591: Missing XML comment for publicly visible type or member 'ChangeTypeCommand.PropertyId' [/Users/kady/Masterdom/src/Masterdom.Modules.Properties/Masterdom.Modules.Properties.csproj]
/Users/kady/Masterdom/src/Masterdom.Modules.Properties/Application/Commands/ChangeTypeCommand.cs(5,76): warning CS1591: Missing XML comment for publicly visible type or member 'ChangeTypeCommand.Type' [/Users/kady/Masterdom/src/Masterdom.Modules.Properties/Masterdom.Modules.Properties.csproj]
/Users/kady/Masterdom/src/Masterdom.Modules.Properties/Application/Commands/ConfigureSettingsCommand.cs(5,22): warning CS1591: Missing XML comment for publicly visible type or member 'ConfigureSettingsCommand' [/Users/kady/Masterdom/src/Masterdom.Modules.Properties/Masterdom.Modules.Properties.csproj]
/Users/kady/Masterdom/src/Masterdom.Modules.Properties/Application/Commands/ConfigureSettingsCommand.cs(5,22): warning CS1591: Missing XML comment for publicly visible type or member 'ConfigureSettingsCommand.ConfigureSettingsCommand(PropertyId, PropertySettings)' [/Users/kady/Masterdom/src/Masterdom.Modules.Properties/Masterdom.Modules.Properties.csproj]
/Users/kady/Masterdom/src/Masterdom.Modules.Properties/Application/Commands/ConfigureSettingsCommand.cs(5,58): warning CS1591: Missing XML comment for publicly visible type or member 'ConfigureSettingsCommand.PropertyId' [/Users/kady/Masterdom/src/Masterdom.Modules.Properties/Masterdom.Modules.Properties.csproj]
/Users/kady/Masterdom/src/Masterdom.Modules.Properties/Application/Commands/ConfigureSettingsCommand.cs(5,87): warning CS1591: Missing XML comment for publicly visible type or member 'ConfigureSettingsCommand.Settings' [/Users/kady/Masterdom/src/Masterdom.Modules.Properties/Masterdom.Modules.Properties.csproj]
/Users/kady/Masterdom/src/Masterdom.Modules.Properties/Application/Commands/HidePropertyCommand.cs(5,22): warning CS1591: Missing XML comment for publicly visible type or member 'HidePropertyCommand' [/Users/kady/Masterdom/src/Masterdom.Modules.Properties/Masterdom.Modules.Properties.csproj]
/Users/kady/Masterdom/src/Masterdom.Modules.Properties/Application/Commands/HidePropertyCommand.cs(5,22): warning CS1591: Missing XML comment for publicly visible type or member 'HidePropertyCommand.HidePropertyCommand(PropertyId)' [/Users/kady/Masterdom/src/Masterdom.Modules.Properties/Masterdom.Modules.Properties.csproj]
/Users/kady/Masterdom/src/Masterdom.Modules.Properties/Application/Commands/HidePropertyCommand.cs(5,53): warning CS1591: Missing XML comment for publicly visible type or member 'HidePropertyCommand.PropertyId' [/Users/kady/Masterdom/src/Masterdom.Modules.Properties/Masterdom.Modules.Properties.csproj]
/Users/kady/Masterdom/src/Masterdom.Modules.Properties/Application/Commands/RemoveMetadataCommand.cs(5,22): warning CS1591: Missing XML comment for publicly visible type or member 'RemoveMetadataCommand' [/Users/kady/Masterdom/src/Masterdom.Modules.Properties/Masterdom.Modules.Properties.csproj]
/Users/kady/Masterdom/src/Masterdom.Modules.Properties/Application/Commands/RemoveMetadataCommand.cs(5,22): warning CS1591: Missing XML comment for publicly visible type or member 'RemoveMetadataCommand.RemoveMetadataCommand(PropertyId, string)' [/Users/kady/Masterdom/src/Masterdom.Modules.Properties/Masterdom.Modules.Properties.csproj]
/Users/kady/Masterdom/src/Masterdom.Modules.Properties/Application/Commands/RemoveMetadataCommand.cs(5,55): warning CS1591: Missing XML comment for publicly visible type or member 'RemoveMetadataCommand.PropertyId' [/Users/kady/Masterdom/src/Masterdom.Modules.Properties/Masterdom.Modules.Properties.csproj]
/Users/kady/Masterdom/src/Masterdom.Modules.Properties/Application/Commands/RemoveMetadataCommand.cs(5,74): warning CS1591: Missing XML comment for publicly visible type or member 'RemoveMetadataCommand.Key' [/Users/kady/Masterdom/src/Masterdom.Modules.Properties/Masterdom.Modules.Properties.csproj]
/Users/kady/Masterdom/src/Masterdom.Modules.Properties/Application/Commands/RemoveRelationshipCommand.cs(5,22): warning CS1591: Missing XML comment for publicly visible type or member 'RemoveRelationshipCommand' [/Users/kady/Masterdom/src/Masterdom.Modules.Properties/Masterdom.Modules.Properties.csproj]
/Users/kady/Masterdom/src/Masterdom.Modules.Properties/Application/Commands/RemoveRelationshipCommand.cs(5,22): warning CS1591: Missing XML comment for publicly visible type or member 'RemoveRelationshipCommand.RemoveRelationshipCommand(PropertyId, PropertyId, PropertyRelationshipType)' [/Users/kady/Masterdom/src/Masterdom.Modules.Properties/Masterdom.Modules.Properties.csproj]
/Users/kady/Masterdom/src/Masterdom.Modules.Properties/Application/Commands/RemoveRelationshipCommand.cs(5,59): warning CS1591: Missing XML comment for publicly visible type or member 'RemoveRelationshipCommand.PropertyId' [/Users/kady/Masterdom/src/Masterdom.Modules.Properties/Masterdom.Modules.Properties.csproj]
/Users/kady/Masterdom/src/Masterdom.Modules.Properties/Application/Commands/RemoveRelationshipCommand.cs(5,82): warning CS1591: Missing XML comment for publicly visible type or member 'RemoveRelationshipCommand.TargetPropertyId' [/Users/kady/Masterdom/src/Masterdom.Modules.Properties/Masterdom.Modules.Properties.csproj]
/Users/kady/Masterdom/src/Masterdom.Modules.Properties/Application/Commands/RemoveRelationshipCommand.cs(5,125): warning CS1591: Missing XML comment for publicly visible type or member 'RemoveRelationshipCommand.Type' [/Users/kady/Masterdom/src/Masterdom.Modules.Properties/Masterdom.Modules.Properties.csproj]
/Users/kady/Masterdom/src/Masterdom.Modules.Properties/Application/Commands/SetDisplayOrderCommand.cs(5,22): warning CS1591: Missing XML comment for publicly visible type or member 'SetDisplayOrderCommand' [/Users/kady/Masterdom/src/Masterdom.Modules.Properties/Masterdom.Modules.Properties.csproj]
/Users/kady/Masterdom/src/Masterdom.Modules.Properties/Application/Commands/SetDisplayOrderCommand.cs(5,22): warning CS1591: Missing XML comment for publicly visible type or member 'SetDisplayOrderCommand.SetDisplayOrderCommand(PropertyId, int)' [/Users/kady/Masterdom/src/Masterdom.Modules.Properties/Masterdom.Modules.Properties.csproj]
/Users/kady/Masterdom/src/Masterdom.Modules.Properties/Application/Commands/SetDisplayOrderCommand.cs(5,56): warning CS1591: Missing XML comment for publicly visible type or member 'SetDisplayOrderCommand.PropertyId' [/Users/kady/Masterdom/src/Masterdom.Modules.Properties/Masterdom.Modules.Properties.csproj]
/Users/kady/Masterdom/src/Masterdom.Modules.Properties/Application/Commands/SetDisplayOrderCommand.cs(5,72): warning CS1591: Missing XML comment for publicly visible type or member 'SetDisplayOrderCommand.DisplayOrder' [/Users/kady/Masterdom/src/Masterdom.Modules.Properties/Masterdom.Modules.Properties.csproj]
/Users/kady/Masterdom/src/Masterdom.Modules.Properties/Application/Commands/SetEffectivePeriodCommand.cs(5,22): warning CS1591: Missing XML comment for publicly visible type or member 'SetEffectivePeriodCommand' [/Users/kady/Masterdom/src/Masterdom.Modules.Properties/Masterdom.Modules.Properties.csproj]
/Users/kady/Masterdom/src/Masterdom.Modules.Properties/Application/Commands/SetEffectivePeriodCommand.cs(5,22): warning CS1591: Missing XML comment for publicly visible type or member 'SetEffectivePeriodCommand.SetEffectivePeriodCommand(PropertyId, DateTime?, DateTime?)' [/Users/kady/Masterdom/src/Masterdom.Modules.Properties/Masterdom.Modules.Properties.csproj]
/Users/kady/Masterdom/src/Masterdom.Modules.Properties/Application/Commands/SetEffectivePeriodCommand.cs(5,59): warning CS1591: Missing XML comment for publicly visible type or member 'SetEffectivePeriodCommand.PropertyId' [/Users/kady/Masterdom/src/Masterdom.Modules.Properties/Masterdom.Modules.Properties.csproj]
/Users/kady/Masterdom/src/Masterdom.Modules.Properties/Application/Commands/SetEffectivePeriodCommand.cs(5,81): warning CS1591: Missing XML comment for publicly visible type or member 'SetEffectivePeriodCommand.FromUtc' [/Users/kady/Masterdom/src/Masterdom.Modules.Properties/Masterdom.Modules.Properties.csproj]
/Users/kady/Masterdom/src/Masterdom.Modules.Properties/Application/Commands/SetEffectivePeriodCommand.cs(5,100): warning CS1591: Missing XML comment for publicly visible type or member 'SetEffectivePeriodCommand.ToUtc' [/Users/kady/Masterdom/src/Masterdom.Modules.Properties/Masterdom.Modules.Properties.csproj]
/Users/kady/Masterdom/src/Masterdom.Modules.Properties/Application/Commands/ShowPropertyCommand.cs(5,22): warning CS1591: Missing XML comment for publicly visible type or member 'ShowPropertyCommand' [/Users/kady/Masterdom/src/Masterdom.Modules.Properties/Masterdom.Modules.Properties.csproj]
/Users/kady/Masterdom/src/Masterdom.Modules.Properties/Application/Commands/ShowPropertyCommand.cs(5,22): warning CS1591: Missing XML comment for publicly visible type or member 'ShowPropertyCommand.ShowPropertyCommand(PropertyId)' [/Users/kady/Masterdom/src/Masterdom.Modules.Properties/Masterdom.Modules.Properties.csproj]
/Users/kady/Masterdom/src/Masterdom.Modules.Properties/Application/Commands/ShowPropertyCommand.cs(5,53): warning CS1591: Missing XML comment for publicly visible type or member 'ShowPropertyCommand.PropertyId' [/Users/kady/Masterdom/src/Masterdom.Modules.Properties/Masterdom.Modules.Properties.csproj]
/Users/kady/Masterdom/src/Masterdom.Modules.Properties/Application/Commands/UpsertMetadataCommand.cs(5,22): warning CS1591: Missing XML comment for publicly visible type or member 'UpsertMetadataCommand' [/Users/kady/Masterdom/src/Masterdom.Modules.Properties/Masterdom.Modules.Properties.csproj]
/Users/kady/Masterdom/src/Masterdom.Modules.Properties/Application/Commands/UpsertMetadataCommand.cs(5,22): warning CS1591: Missing XML comment for publicly visible type or member 'UpsertMetadataCommand.UpsertMetadataCommand(PropertyId, string, string)' [/Users/kady/Masterdom/src/Masterdom.Modules.Properties/Masterdom.Modules.Properties.csproj]
/Users/kady/Masterdom/src/Masterdom.Modules.Properties/Application/Commands/UpsertMetadataCommand.cs(5,55): warning CS1591: Missing XML comment for publicly visible type or member 'UpsertMetadataCommand.PropertyId' [/Users/kady/Masterdom/src/Masterdom.Modules.Properties/Masterdom.Modules.Properties.csproj]
/Users/kady/Masterdom/src/Masterdom.Modules.Properties/Application/Commands/UpsertMetadataCommand.cs(5,74): warning CS1591: Missing XML comment for publicly visible type or member 'UpsertMetadataCommand.Key' [/Users/kady/Masterdom/src/Masterdom.Modules.Properties/Masterdom.Modules.Properties.csproj]
/Users/kady/Masterdom/src/Masterdom.Modules.Properties/Application/Commands/UpsertMetadataCommand.cs(5,86): warning CS1591: Missing XML comment for publicly visible type or member 'UpsertMetadataCommand.Value' [/Users/kady/Masterdom/src/Masterdom.Modules.Properties/Masterdom.Modules.Properties.csproj]
/Users/kady/Masterdom/src/Masterdom.Modules.Properties/Application/Handlers/Commands/AddExistingUnitCommandHandler.cs(8,21): warning CS1591: Missing XML comment for publicly visible type or member 'AddExistingUnitCommandHandler' [/Users/kady/Masterdom/src/Masterdom.Modules.Properties/Masterdom.Modules.Properties.csproj]
/Users/kady/Masterdom/src/Masterdom.Modules.Properties/Application/Handlers/Commands/AddExistingUnitCommandHandler.cs(13,12): warning CS1591: Missing XML comment for publicly visible type or member 'AddExistingUnitCommandHandler.AddExistingUnitCommandHandler(IPropertyApplicationService)' [/Users/kady/Masterdom/src/Masterdom.Modules.Properties/Masterdom.Modules.Properties.csproj]
/Users/kady/Masterdom/src/Masterdom.Modules.Properties/Application/Handlers/Commands/AddExistingUnitCommandHandler.cs(18,34): warning CS1591: Missing XML comment for publicly visible type or member 'AddExistingUnitCommandHandler.Handle(AddExistingUnitCommand)' [/Users/kady/Masterdom/src/Masterdom.Modules.Properties/Masterdom.Modules.Properties.csproj]
/Users/kady/Masterdom/src/Masterdom.Modules.Properties/Application/Handlers/Commands/AddRelationshipCommandHandler.cs(8,21): warning CS1591: Missing XML comment for publicly visible type or member 'AddRelationshipCommandHandler' [/Users/kady/Masterdom/src/Masterdom.Modules.Properties/Masterdom.Modules.Properties.csproj]
/Users/kady/Masterdom/src/Masterdom.Modules.Properties/Application/Handlers/Commands/AddRelationshipCommandHandler.cs(13,12): warning CS1591: Missing XML comment for publicly visible type or member 'AddRelationshipCommandHandler.AddRelationshipCommandHandler(IPropertyApplicationService)' [/Users/kady/Masterdom/src/Masterdom.Modules.Properties/Masterdom.Modules.Properties.csproj]
/Users/kady/Masterdom/src/Masterdom.Modules.Properties/Application/Handlers/Commands/AddRelationshipCommandHandler.cs(18,38): warning CS1591: Missing XML comment for publicly visible type or member 'AddRelationshipCommandHandler.Handle(AddRelationshipCommand)' [/Users/kady/Masterdom/src/Masterdom.Modules.Properties/Masterdom.Modules.Properties.csproj]
/Users/kady/Masterdom/src/Masterdom.Modules.Properties/Application/Handlers/Commands/ChangeAddressCommandHandler.cs(8,21): warning CS1591: Missing XML comment for publicly visible type or member 'ChangeAddressCommandHandler' [/Users/kady/Masterdom/src/Masterdom.Modules.Properties/Masterdom.Modules.Properties.csproj]
/Users/kady/Masterdom/src/Masterdom.Modules.Properties/Application/Handlers/Commands/ChangeAddressCommandHandler.cs(13,12): warning CS1591: Missing XML comment for publicly visible type or member 'ChangeAddressCommandHandler.ChangeAddressCommandHandler(IPropertyApplicationService)' [/Users/kady/Masterdom/src/Masterdom.Modules.Properties/Masterdom.Modules.Properties.csproj]
/Users/kady/Masterdom/src/Masterdom.Modules.Properties/Application/Handlers/Commands/ChangeAddressCommandHandler.cs(18,38): warning CS1591: Missing XML comment for publicly visible type or member 'ChangeAddressCommandHandler.Handle(ChangeAddressCommand)' [/Users/kady/Masterdom/src/Masterdom.Modules.Properties/Masterdom.Modules.Properties.csproj]
/Users/kady/Masterdom/src/Masterdom.Modules.Properties/Application/Handlers/Commands/ChangeDescriptionCommandHandler.cs(8,21): warning CS1591: Missing XML comment for publicly visible type or member 'ChangeDescriptionCommandHandler' [/Users/kady/Masterdom/src/Masterdom.Modules.Properties/Masterdom.Modules.Properties.csproj]
/Users/kady/Masterdom/src/Masterdom.Modules.Properties/Application/Handlers/Commands/ChangeDescriptionCommandHandler.cs(13,12): warning CS1591: Missing XML comment for publicly visible type or member 'ChangeDescriptionCommandHandler.ChangeDescriptionCommandHandler(IPropertyApplicationService)' [/Users/kady/Masterdom/src/Masterdom.Modules.Properties/Masterdom.Modules.Properties.csproj]
/Users/kady/Masterdom/src/Masterdom.Modules.Properties/Application/Handlers/Commands/ChangeDescriptionCommandHandler.cs(18,38): warning CS1591: Missing XML comment for publicly visible type or member 'ChangeDescriptionCommandHandler.Handle(ChangeDescriptionCommand)' [/Users/kady/Masterdom/src/Masterdom.Modules.Properties/Masterdom.Modules.Properties.csproj]
/Users/kady/Masterdom/src/Masterdom.Modules.Properties/Application/Handlers/Commands/ChangeOwnerCommandHandler.cs(8,21): warning CS1591: Missing XML comment for publicly visible type or member 'ChangeOwnerCommandHandler' [/Users/kady/Masterdom/src/Masterdom.Modules.Properties/Masterdom.Modules.Properties.csproj]
/Users/kady/Masterdom/src/Masterdom.Modules.Properties/Application/Handlers/Commands/ChangeOwnerCommandHandler.cs(13,12): warning CS1591: Missing XML comment for publicly visible type or member 'ChangeOwnerCommandHandler.ChangeOwnerCommandHandler(IPropertyApplicationService)' [/Users/kady/Masterdom/src/Masterdom.Modules.Properties/Masterdom.Modules.Properties.csproj]
/Users/kady/Masterdom/src/Masterdom.Modules.Properties/Application/Handlers/Commands/ChangeOwnerCommandHandler.cs(18,38): warning CS1591: Missing XML comment for publicly visible type or member 'ChangeOwnerCommandHandler.Handle(ChangeOwnerCommand)' [/Users/kady/Masterdom/src/Masterdom.Modules.Properties/Masterdom.Modules.Properties.csproj]
/Users/kady/Masterdom/src/Masterdom.Modules.Properties/Application/Handlers/Commands/ChangeParentPropertyCommandHandler.cs(8,21): warning CS1591: Missing XML comment for publicly visible type or member 'ChangeParentPropertyCommandHandler' [/Users/kady/Masterdom/src/Masterdom.Modules.Properties/Masterdom.Modules.Properties.csproj]
/Users/kady/Masterdom/src/Masterdom.Modules.Properties/Application/Handlers/Commands/ChangeParentPropertyCommandHandler.cs(13,12): warning CS1591: Missing XML comment for publicly visible type or member 'ChangeParentPropertyCommandHandler.ChangeParentPropertyCommandHandler(IPropertyApplicationService)' [/Users/kady/Masterdom/src/Masterdom.Modules.Properties/Masterdom.Modules.Properties.csproj]
/Users/kady/Masterdom/src/Masterdom.Modules.Properties/Application/Handlers/Commands/ChangeParentPropertyCommandHandler.cs(18,38): warning CS1591: Missing XML comment for publicly visible type or member 'ChangeParentPropertyCommandHandler.Handle(ChangeParentPropertyCommand)' [/Users/kady/Masterdom/src/Masterdom.Modules.Properties/Masterdom.Modules.Properties.csproj]
/Users/kady/Masterdom/src/Masterdom.Modules.Properties/Application/Handlers/Commands/ChangePropertyStatusCommandHandler.cs(16,12): warning CS1591: Missing XML comment for publicly visible type or member 'ChangePropertyStatusCommandHandler.ChangePropertyStatusCommandHandler(IPropertyApplicationService)' [/Users/kady/Masterdom/src/Masterdom.Modules.Properties/Masterdom.Modules.Properties.csproj]
/Users/kady/Masterdom/src/Masterdom.Modules.Properties/Application/Handlers/Commands/ChangePropertyStatusCommandHandler.cs(21,38): warning CS1591: Missing XML comment for publicly visible type or member 'ChangePropertyStatusCommandHandler.Handle(ChangePropertyStatusCommand)' [/Users/kady/Masterdom/src/Masterdom.Modules.Properties/Masterdom.Modules.Properties.csproj]
/Users/kady/Masterdom/src/Masterdom.Modules.Properties/Application/Handlers/Commands/ChangeRemarksCommandHandler.cs(8,21): warning CS1591: Missing XML comment for publicly visible type or member 'ChangeRemarksCommandHandler' [/Users/kady/Masterdom/src/Masterdom.Modules.Properties/Masterdom.Modules.Properties.csproj]
/Users/kady/Masterdom/src/Masterdom.Modules.Properties/Application/Handlers/Commands/ChangeRemarksCommandHandler.cs(13,12): warning CS1591: Missing XML comment for publicly visible type or member 'ChangeRemarksCommandHandler.ChangeRemarksCommandHandler(IPropertyApplicationService)' [/Users/kady/Masterdom/src/Masterdom.Modules.Properties/Masterdom.Modules.Properties.csproj]
/Users/kady/Masterdom/src/Masterdom.Modules.Properties/Application/Handlers/Commands/ChangeRemarksCommandHandler.cs(18,38): warning CS1591: Missing XML comment for publicly visible type or member 'ChangeRemarksCommandHandler.Handle(ChangeRemarksCommand)' [/Users/kady/Masterdom/src/Masterdom.Modules.Properties/Masterdom.Modules.Properties.csproj]
/Users/kady/Masterdom/src/Masterdom.Modules.Properties/Application/Handlers/Commands/ChangeTypeCommandHandler.cs(8,21): warning CS1591: Missing XML comment for publicly visible type or member 'ChangeTypeCommandHandler' [/Users/kady/Masterdom/src/Masterdom.Modules.Properties/Masterdom.Modules.Properties.csproj]
/Users/kady/Masterdom/src/Masterdom.Modules.Properties/Application/Handlers/Commands/ChangeTypeCommandHandler.cs(13,12): warning CS1591: Missing XML comment for publicly visible type or member 'ChangeTypeCommandHandler.ChangeTypeCommandHandler(IPropertyApplicationService)' [/Users/kady/Masterdom/src/Masterdom.Modules.Properties/Masterdom.Modules.Properties.csproj]
/Users/kady/Masterdom/src/Masterdom.Modules.Properties/Application/Handlers/Commands/ChangeTypeCommandHandler.cs(18,38): warning CS1591: Missing XML comment for publicly visible type or member 'ChangeTypeCommandHandler.Handle(ChangeTypeCommand)' [/Users/kady/Masterdom/src/Masterdom.Modules.Properties/Masterdom.Modules.Properties.csproj]
/Users/kady/Masterdom/src/Masterdom.Modules.Properties/Application/Handlers/Commands/ConfigureSettingsCommandHandler.cs(8,21): warning CS1591: Missing XML comment for publicly visible type or member 'ConfigureSettingsCommandHandler' [/Users/kady/Masterdom/src/Masterdom.Modules.Properties/Masterdom.Modules.Properties.csproj]
/Users/kady/Masterdom/src/Masterdom.Modules.Properties/Application/Handlers/Commands/ConfigureSettingsCommandHandler.cs(13,12): warning CS1591: Missing XML comment for publicly visible type or member 'ConfigureSettingsCommandHandler.ConfigureSettingsCommandHandler(IPropertyApplicationService)' [/Users/kady/Masterdom/src/Masterdom.Modules.Properties/Masterdom.Modules.Properties.csproj]
/Users/kady/Masterdom/src/Masterdom.Modules.Properties/Application/Handlers/Commands/ConfigureSettingsCommandHandler.cs(18,38): warning CS1591: Missing XML comment for publicly visible type or member 'ConfigureSettingsCommandHandler.Handle(ConfigureSettingsCommand)' [/Users/kady/Masterdom/src/Masterdom.Modules.Properties/Masterdom.Modules.Properties.csproj]
/Users/kady/Masterdom/src/Masterdom.Modules.Properties/Application/Handlers/Commands/CreatePropertyCommandHandler.cs(16,12): warning CS1591: Missing XML comment for publicly visible type or member 'CreatePropertyCommandHandler.CreatePropertyCommandHandler(IPropertyApplicationService)' [/Users/kady/Masterdom/src/Masterdom.Modules.Properties/Masterdom.Modules.Properties.csproj]
/Users/kady/Masterdom/src/Masterdom.Modules.Properties/Application/Handlers/Commands/CreatePropertyCommandHandler.cs(21,38): warning CS1591: Missing XML comment for publicly visible type or member 'CreatePropertyCommandHandler.Handle(CreatePropertyCommand)' [/Users/kady/Masterdom/src/Masterdom.Modules.Properties/Masterdom.Modules.Properties.csproj]
/Users/kady/Masterdom/src/Masterdom.Modules.Properties/Application/Handlers/Commands/CreateUnitCommandHandler.cs(16,12): warning CS1591: Missing XML comment for publicly visible type or member 'CreateUnitCommandHandler.CreateUnitCommandHandler(IPropertyApplicationService)' [/Users/kady/Masterdom/src/Masterdom.Modules.Properties/Masterdom.Modules.Properties.csproj]
/Users/kady/Masterdom/src/Masterdom.Modules.Properties/Application/Handlers/Commands/CreateUnitCommandHandler.cs(21,34): warning CS1591: Missing XML comment for publicly visible type or member 'CreateUnitCommandHandler.Handle(CreateUnitCommand)' [/Users/kady/Masterdom/src/Masterdom.Modules.Properties/Masterdom.Modules.Properties.csproj]
/Users/kady/Masterdom/src/Masterdom.Modules.Properties/Application/Handlers/Commands/HidePropertyCommandHandler.cs(8,21): warning CS1591: Missing XML comment for publicly visible type or member 'HidePropertyCommandHandler' [/Users/kady/Masterdom/src/Masterdom.Modules.Properties/Masterdom.Modules.Properties.csproj]
/Users/kady/Masterdom/src/Masterdom.Modules.Properties/Application/Handlers/Commands/HidePropertyCommandHandler.cs(13,12): warning CS1591: Missing XML comment for publicly visible type or member 'HidePropertyCommandHandler.HidePropertyCommandHandler(IPropertyApplicationService)' [/Users/kady/Masterdom/src/Masterdom.Modules.Properties/Masterdom.Modules.Properties.csproj]
/Users/kady/Masterdom/src/Masterdom.Modules.Properties/Application/Handlers/Commands/HidePropertyCommandHandler.cs(18,38): warning CS1591: Missing XML comment for publicly visible type or member 'HidePropertyCommandHandler.Handle(HidePropertyCommand)' [/Users/kady/Masterdom/src/Masterdom.Modules.Properties/Masterdom.Modules.Properties.csproj]
/Users/kady/Masterdom/src/Masterdom.Modules.Properties/Application/Handlers/Commands/RemoveMetadataCommandHandler.cs(8,21): warning CS1591: Missing XML comment for publicly visible type or member 'RemoveMetadataCommandHandler' [/Users/kady/Masterdom/src/Masterdom.Modules.Properties/Masterdom.Modules.Properties.csproj]
/Users/kady/Masterdom/src/Masterdom.Modules.Properties/Application/Handlers/Commands/RemoveMetadataCommandHandler.cs(13,12): warning CS1591: Missing XML comment for publicly visible type or member 'RemoveMetadataCommandHandler.RemoveMetadataCommandHandler(IPropertyApplicationService)' [/Users/kady/Masterdom/src/Masterdom.Modules.Properties/Masterdom.Modules.Properties.csproj]
/Users/kady/Masterdom/src/Masterdom.Modules.Properties/Application/Handlers/Commands/RemoveMetadataCommandHandler.cs(18,34): warning CS1591: Missing XML comment for publicly visible type or member 'RemoveMetadataCommandHandler.Handle(RemoveMetadataCommand)' [/Users/kady/Masterdom/src/Masterdom.Modules.Properties/Masterdom.Modules.Properties.csproj]
/Users/kady/Masterdom/src/Masterdom.Modules.Properties/Application/Handlers/Commands/RemoveRelationshipCommandHandler.cs(8,21): warning CS1591: Missing XML comment for publicly visible type or member 'RemoveRelationshipCommandHandler' [/Users/kady/Masterdom/src/Masterdom.Modules.Properties/Masterdom.Modules.Properties.csproj]
/Users/kady/Masterdom/src/Masterdom.Modules.Properties/Application/Handlers/Commands/RemoveRelationshipCommandHandler.cs(13,12): warning CS1591: Missing XML comment for publicly visible type or member 'RemoveRelationshipCommandHandler.RemoveRelationshipCommandHandler(IPropertyApplicationService)' [/Users/kady/Masterdom/src/Masterdom.Modules.Properties/Masterdom.Modules.Properties.csproj]
/Users/kady/Masterdom/src/Masterdom.Modules.Properties/Application/Handlers/Commands/RemoveRelationshipCommandHandler.cs(18,34): warning CS1591: Missing XML comment for publicly visible type or member 'RemoveRelationshipCommandHandler.Handle(RemoveRelationshipCommand)' [/Users/kady/Masterdom/src/Masterdom.Modules.Properties/Masterdom.Modules.Properties.csproj]
/Users/kady/Masterdom/src/Masterdom.Modules.Properties/Application/Handlers/Commands/RemoveUnitCommandHandler.cs(15,12): warning CS1591: Missing XML comment for publicly visible type or member 'RemoveUnitCommandHandler.RemoveUnitCommandHandler(IPropertyApplicationService)' [/Users/kady/Masterdom/src/Masterdom.Modules.Properties/Masterdom.Modules.Properties.csproj]
/Users/kady/Masterdom/src/Masterdom.Modules.Properties/Application/Handlers/Commands/RemoveUnitCommandHandler.cs(20,34): warning CS1591: Missing XML comment for publicly visible type or member 'RemoveUnitCommandHandler.Handle(RemoveUnitCommand)' [/Users/kady/Masterdom/src/Masterdom.Modules.Properties/Masterdom.Modules.Properties.csproj]
/Users/kady/Masterdom/src/Masterdom.Modules.Properties/Application/Handlers/Commands/RenamePropertyCommandHandler.cs(16,12): warning CS1591: Missing XML comment for publicly visible type or member 'RenamePropertyCommandHandler.RenamePropertyCommandHandler(IPropertyApplicationService)' [/Users/kady/Masterdom/src/Masterdom.Modules.Properties/Masterdom.Modules.Properties.csproj]
/Users/kady/Masterdom/src/Masterdom.Modules.Properties/Application/Handlers/Commands/RenamePropertyCommandHandler.cs(21,38): warning CS1591: Missing XML comment for publicly visible type or member 'RenamePropertyCommandHandler.Handle(RenamePropertyCommand)' [/Users/kady/Masterdom/src/Masterdom.Modules.Properties/Masterdom.Modules.Properties.csproj]
/Users/kady/Masterdom/src/Masterdom.Modules.Properties/Application/Handlers/Commands/SetDisplayOrderCommandHandler.cs(8,21): warning CS1591: Missing XML comment for publicly visible type or member 'SetDisplayOrderCommandHandler' [/Users/kady/Masterdom/src/Masterdom.Modules.Properties/Masterdom.Modules.Properties.csproj]
/Users/kady/Masterdom/src/Masterdom.Modules.Properties/Application/Handlers/Commands/SetDisplayOrderCommandHandler.cs(13,12): warning CS1591: Missing XML comment for publicly visible type or member 'SetDisplayOrderCommandHandler.SetDisplayOrderCommandHandler(IPropertyApplicationService)' [/Users/kady/Masterdom/src/Masterdom.Modules.Properties/Masterdom.Modules.Properties.csproj]
/Users/kady/Masterdom/src/Masterdom.Modules.Properties/Application/Handlers/Commands/SetDisplayOrderCommandHandler.cs(18,38): warning CS1591: Missing XML comment for publicly visible type or member 'SetDisplayOrderCommandHandler.Handle(SetDisplayOrderCommand)' [/Users/kady/Masterdom/src/Masterdom.Modules.Properties/Masterdom.Modules.Properties.csproj]
/Users/kady/Masterdom/src/Masterdom.Modules.Properties/Application/Handlers/Commands/SetEffectivePeriodCommandHandler.cs(8,21): warning CS1591: Missing XML comment for publicly visible type or member 'SetEffectivePeriodCommandHandler' [/Users/kady/Masterdom/src/Masterdom.Modules.Properties/Masterdom.Modules.Properties.csproj]
/Users/kady/Masterdom/src/Masterdom.Modules.Properties/Application/Handlers/Commands/SetEffectivePeriodCommandHandler.cs(13,12): warning CS1591: Missing XML comment for publicly visible type or member 'SetEffectivePeriodCommandHandler.SetEffectivePeriodCommandHandler(IPropertyApplicationService)' [/Users/kady/Masterdom/src/Masterdom.Modules.Properties/Masterdom.Modules.Properties.csproj]
/Users/kady/Masterdom/src/Masterdom.Modules.Properties/Application/Handlers/Commands/SetEffectivePeriodCommandHandler.cs(18,38): warning CS1591: Missing XML comment for publicly visible type or member 'SetEffectivePeriodCommandHandler.Handle(SetEffectivePeriodCommand)' [/Users/kady/Masterdom/src/Masterdom.Modules.Properties/Masterdom.Modules.Properties.csproj]
/Users/kady/Masterdom/src/Masterdom.Modules.Properties/Application/Handlers/Commands/ShowPropertyCommandHandler.cs(8,21): warning CS1591: Missing XML comment for publicly visible type or member 'ShowPropertyCommandHandler' [/Users/kady/Masterdom/src/Masterdom.Modules.Properties/Masterdom.Modules.Properties.csproj]
/Users/kady/Masterdom/src/Masterdom.Modules.Properties/Application/Handlers/Commands/ShowPropertyCommandHandler.cs(13,12): warning CS1591: Missing XML comment for publicly visible type or member 'ShowPropertyCommandHandler.ShowPropertyCommandHandler(IPropertyApplicationService)' [/Users/kady/Masterdom/src/Masterdom.Modules.Properties/Masterdom.Modules.Properties.csproj]
/Users/kady/Masterdom/src/Masterdom.Modules.Properties/Application/Handlers/Commands/ShowPropertyCommandHandler.cs(18,38): warning CS1591: Missing XML comment for publicly visible type or member 'ShowPropertyCommandHandler.Handle(ShowPropertyCommand)' [/Users/kady/Masterdom/src/Masterdom.Modules.Properties/Masterdom.Modules.Properties.csproj]
/Users/kady/Masterdom/src/Masterdom.Modules.Properties/Application/Handlers/Commands/UpsertMetadataCommandHandler.cs(8,21): warning CS1591: Missing XML comment for publicly visible type or member 'UpsertMetadataCommandHandler' [/Users/kady/Masterdom/src/Masterdom.Modules.Properties/Masterdom.Modules.Properties.csproj]
/Users/kady/Masterdom/src/Masterdom.Modules.Properties/Application/Handlers/Commands/UpsertMetadataCommandHandler.cs(13,12): warning CS1591: Missing XML comment for publicly visible type or member 'UpsertMetadataCommandHandler.UpsertMetadataCommandHandler(IPropertyApplicationService)' [/Users/kady/Masterdom/src/Masterdom.Modules.Properties/Masterdom.Modules.Properties.csproj]
/Users/kady/Masterdom/src/Masterdom.Modules.Properties/Application/Handlers/Commands/UpsertMetadataCommandHandler.cs(18,38): warning CS1591: Missing XML comment for publicly visible type or member 'UpsertMetadataCommandHandler.Handle(UpsertMetadataCommand)' [/Users/kady/Masterdom/src/Masterdom.Modules.Properties/Masterdom.Modules.Properties.csproj]
/Users/kady/Masterdom/src/Masterdom.Modules.Properties/Application/Handlers/Queries/GetPropertyByCodeQueryHandler.cs(16,12): warning CS1591: Missing XML comment for publicly visible type or member 'GetPropertyByCodeQueryHandler.GetPropertyByCodeQueryHandler(IPropertyApplicationService)' [/Users/kady/Masterdom/src/Masterdom.Modules.Properties/Masterdom.Modules.Properties.csproj]
/Users/kady/Masterdom/src/Masterdom.Modules.Properties/Application/Handlers/Queries/GetPropertyByCodeQueryHandler.cs(21,38): warning CS1591: Missing XML comment for publicly visible type or member 'GetPropertyByCodeQueryHandler.Handle(GetPropertyByCodeQuery)' [/Users/kady/Masterdom/src/Masterdom.Modules.Properties/Masterdom.Modules.Properties.csproj]
/Users/kady/Masterdom/src/Masterdom.Modules.Properties/Application/Handlers/Queries/GetPropertyByIdQueryHandler.cs(16,12): warning CS1591: Missing XML comment for publicly visible type or member 'GetPropertyByIdQueryHandler.GetPropertyByIdQueryHandler(IPropertyApplicationService)' [/Users/kady/Masterdom/src/Masterdom.Modules.Properties/Masterdom.Modules.Properties.csproj]
/Users/kady/Masterdom/src/Masterdom.Modules.Properties/Application/Handlers/Queries/GetPropertyByIdQueryHandler.cs(21,38): warning CS1591: Missing XML comment for publicly visible type or member 'GetPropertyByIdQueryHandler.Handle(GetPropertyByIdQuery)' [/Users/kady/Masterdom/src/Masterdom.Modules.Properties/Masterdom.Modules.Properties.csproj]
/Users/kady/Masterdom/src/Masterdom.Modules.Properties/Application/Handlers/Queries/ListUnitsQueryHandler.cs(16,12): warning CS1591: Missing XML comment for publicly visible type or member 'ListUnitsQueryHandler.ListUnitsQueryHandler(IPropertyApplicationService)' [/Users/kady/Masterdom/src/Masterdom.Modules.Properties/Masterdom.Modules.Properties.csproj]
/Users/kady/Masterdom/src/Masterdom.Modules.Properties/Application/Handlers/Queries/ListUnitsQueryHandler.cs(21,55): warning CS1591: Missing XML comment for publicly visible type or member 'ListUnitsQueryHandler.Handle(ListUnitsQuery)' [/Users/kady/Masterdom/src/Masterdom.Modules.Properties/Masterdom.Modules.Properties.csproj]
/Users/kady/Masterdom/src/Masterdom.Modules.Properties/Application/Handlers/Queries/SearchPropertiesQueryHandler.cs(16,12): warning CS1591: Missing XML comment for publicly visible type or member 'SearchPropertiesQueryHandler.SearchPropertiesQueryHandler(IPropertyApplicationService)' [/Users/kady/Masterdom/src/Masterdom.Modules.Properties/Masterdom.Modules.Properties.csproj]
/Users/kady/Masterdom/src/Masterdom.Modules.Properties/Application/Handlers/Queries/SearchPropertiesQueryHandler.cs(21,59): warning CS1591: Missing XML comment for publicly visible type or member 'SearchPropertiesQueryHandler.Handle(SearchPropertiesQuery)' [/Users/kady/Masterdom/src/Masterdom.Modules.Properties/Masterdom.Modules.Properties.csproj]
/Users/kady/Masterdom/src/Masterdom.Modules.Properties/Application/Services/IPropertyApplicationService.cs(12,14): warning CS1591: Missing XML comment for publicly visible type or member 'IPropertyApplicationService.CreateProperty(CreatePropertyCommand)' [/Users/kady/Masterdom/src/Masterdom.Modules.Properties/Masterdom.Modules.Properties.csproj]
/Users/kady/Masterdom/src/Masterdom.Modules.Properties/Application/Services/IPropertyApplicationService.cs(14,14): warning CS1591: Missing XML comment for publicly visible type or member 'IPropertyApplicationService.RenameProperty(RenamePropertyCommand)' [/Users/kady/Masterdom/src/Masterdom.Modules.Properties/Masterdom.Modules.Properties.csproj]
/Users/kady/Masterdom/src/Masterdom.Modules.Properties/Application/Services/IPropertyApplicationService.cs(16,14): warning CS1591: Missing XML comment for publicly visible type or member 'IPropertyApplicationService.ChangeStatus(ChangePropertyStatusCommand)' [/Users/kady/Masterdom/src/Masterdom.Modules.Properties/Masterdom.Modules.Properties.csproj]
/Users/kady/Masterdom/src/Masterdom.Modules.Properties/Application/Services/IPropertyApplicationService.cs(18,10): warning CS1591: Missing XML comment for publicly visible type or member 'IPropertyApplicationService.CreateUnit(CreateUnitCommand)' [/Users/kady/Masterdom/src/Masterdom.Modules.Properties/Masterdom.Modules.Properties.csproj]
/Users/kady/Masterdom/src/Masterdom.Modules.Properties/Application/Services/IPropertyApplicationService.cs(20,10): warning CS1591: Missing XML comment for publicly visible type or member 'IPropertyApplicationService.RemoveUnit(RemoveUnitCommand)' [/Users/kady/Masterdom/src/Masterdom.Modules.Properties/Masterdom.Modules.Properties.csproj]
/Users/kady/Masterdom/src/Masterdom.Modules.Properties/Application/Services/IPropertyApplicationService.cs(22,15): warning CS1591: Missing XML comment for publicly visible type or member 'IPropertyApplicationService.GetProperty(GetPropertyByIdQuery)' [/Users/kady/Masterdom/src/Masterdom.Modules.Properties/Masterdom.Modules.Properties.csproj]
/Users/kady/Masterdom/src/Masterdom.Modules.Properties/Application/Services/IPropertyApplicationService.cs(24,15): warning CS1591: Missing XML comment for publicly visible type or member 'IPropertyApplicationService.GetPropertyByCode(GetPropertyByCodeQuery)' [/Users/kady/Masterdom/src/Masterdom.Modules.Properties/Masterdom.Modules.Properties.csproj]
/Users/kady/Masterdom/src/Masterdom.Modules.Properties/Application/Services/IPropertyApplicationService.cs(26,31): warning CS1591: Missing XML comment for publicly visible type or member 'IPropertyApplicationService.ListUnits(ListUnitsQuery)' [/Users/kady/Masterdom/src/Masterdom.Modules.Properties/Masterdom.Modules.Properties.csproj]
/Users/kady/Masterdom/src/Masterdom.Modules.Properties/Application/Services/IPropertyApplicationService.cs(28,35): warning CS1591: Missing XML comment for publicly visible type or member 'IPropertyApplicationService.SearchProperties(SearchPropertiesQuery)' [/Users/kady/Masterdom/src/Masterdom.Modules.Properties/Masterdom.Modules.Properties.csproj]
/Users/kady/Masterdom/src/Masterdom.Modules.Properties/Application/Services/IPropertyApplicationService.cs(30,14): warning CS1591: Missing XML comment for publicly visible type or member 'IPropertyApplicationService.ChangeDescription(ChangeDescriptionCommand)' [/Users/kady/Masterdom/src/Masterdom.Modules.Properties/Masterdom.Modules.Properties.csproj]
/Users/kady/Masterdom/src/Masterdom.Modules.Properties/Application/Services/IPropertyApplicationService.cs(32,14): warning CS1591: Missing XML comment for publicly visible type or member 'IPropertyApplicationService.ChangeRemarks(ChangeRemarksCommand)' [/Users/kady/Masterdom/src/Masterdom.Modules.Properties/Masterdom.Modules.Properties.csproj]
/Users/kady/Masterdom/src/Masterdom.Modules.Properties/Application/Services/IPropertyApplicationService.cs(34,14): warning CS1591: Missing XML comment for publicly visible type or member 'IPropertyApplicationService.ChangeOwner(ChangeOwnerCommand)' [/Users/kady/Masterdom/src/Masterdom.Modules.Properties/Masterdom.Modules.Properties.csproj]
/Users/kady/Masterdom/src/Masterdom.Modules.Properties/Application/Services/IPropertyApplicationService.cs(36,14): warning CS1591: Missing XML comment for publicly visible type or member 'IPropertyApplicationService.ChangeAddress(ChangeAddressCommand)' [/Users/kady/Masterdom/src/Masterdom.Modules.Properties/Masterdom.Modules.Properties.csproj]
/Users/kady/Masterdom/src/Masterdom.Modules.Properties/Application/Services/IPropertyApplicationService.cs(38,14): warning CS1591: Missing XML comment for publicly visible type or member 'IPropertyApplicationService.ConfigureSettings(ConfigureSettingsCommand)' [/Users/kady/Masterdom/src/Masterdom.Modules.Properties/Masterdom.Modules.Properties.csproj]
/Users/kady/Masterdom/src/Masterdom.Modules.Properties/Application/Services/IPropertyApplicationService.cs(40,14): warning CS1591: Missing XML comment for publicly visible type or member 'IPropertyApplicationService.ChangeParentProperty(ChangeParentPropertyCommand)' [/Users/kady/Masterdom/src/Masterdom.Modules.Properties/Masterdom.Modules.Properties.csproj]
/Users/kady/Masterdom/src/Masterdom.Modules.Properties/Application/Services/IPropertyApplicationService.cs(42,14): warning CS1591: Missing XML comment for publicly visible type or member 'IPropertyApplicationService.SetEffectivePeriod(SetEffectivePeriodCommand)' [/Users/kady/Masterdom/src/Masterdom.Modules.Properties/Masterdom.Modules.Properties.csproj]
/Users/kady/Masterdom/src/Masterdom.Modules.Properties/Application/Services/IPropertyApplicationService.cs(44,14): warning CS1591: Missing XML comment for publicly visible type or member 'IPropertyApplicationService.SetDisplayOrder(SetDisplayOrderCommand)' [/Users/kady/Masterdom/src/Masterdom.Modules.Properties/Masterdom.Modules.Properties.csproj]
/Users/kady/Masterdom/src/Masterdom.Modules.Properties/Application/Services/IPropertyApplicationService.cs(46,14): warning CS1591: Missing XML comment for publicly visible type or member 'IPropertyApplicationService.HideProperty(HidePropertyCommand)' [/Users/kady/Masterdom/src/Masterdom.Modules.Properties/Masterdom.Modules.Properties.csproj]
/Users/kady/Masterdom/src/Masterdom.Modules.Properties/Application/Services/IPropertyApplicationService.cs(48,14): warning CS1591: Missing XML comment for publicly visible type or member 'IPropertyApplicationService.ShowProperty(ShowPropertyCommand)' [/Users/kady/Masterdom/src/Masterdom.Modules.Properties/Masterdom.Modules.Properties.csproj]
/Users/kady/Masterdom/src/Masterdom.Modules.Properties/Application/Services/IPropertyApplicationService.cs(50,14): warning CS1591: Missing XML comment for publicly visible type or member 'IPropertyApplicationService.ChangeType(ChangeTypeCommand)' [/Users/kady/Masterdom/src/Masterdom.Modules.Properties/Masterdom.Modules.Properties.csproj]
/Users/kady/Masterdom/src/Masterdom.Modules.Properties/Application/Services/IPropertyApplicationService.cs(52,10): warning CS1591: Missing XML comment for publicly visible type or member 'IPropertyApplicationService.AddExistingUnit(AddExistingUnitCommand)' [/Users/kady/Masterdom/src/Masterdom.Modules.Properties/Masterdom.Modules.Properties.csproj]
/Users/kady/Masterdom/src/Masterdom.Modules.Properties/Application/Services/IPropertyApplicationService.cs(54,14): warning CS1591: Missing XML comment for publicly visible type or member 'IPropertyApplicationService.UpsertMetadata(UpsertMetadataCommand)' [/Users/kady/Masterdom/src/Masterdom.Modules.Properties/Masterdom.Modules.Properties.csproj]
/Users/kady/Masterdom/src/Masterdom.Modules.Properties/Application/Services/IPropertyApplicationService.cs(56,10): warning CS1591: Missing XML comment for publicly visible type or member 'IPropertyApplicationService.RemoveMetadata(RemoveMetadataCommand)' [/Users/kady/Masterdom/src/Masterdom.Modules.Properties/Masterdom.Modules.Properties.csproj]
/Users/kady/Masterdom/src/Masterdom.Modules.Properties/Application/Services/IPropertyApplicationService.cs(58,14): warning CS1591: Missing XML comment for publicly visible type or member 'IPropertyApplicationService.AddRelationship(AddRelationshipCommand)' [/Users/kady/Masterdom/src/Masterdom.Modules.Properties/Masterdom.Modules.Properties.csproj]
/Users/kady/Masterdom/src/Masterdom.Modules.Properties/Application/Services/IPropertyApplicationService.cs(60,10): warning CS1591: Missing XML comment for publicly visible type or member 'IPropertyApplicationService.RemoveRelationship(RemoveRelationshipCommand)' [/Users/kady/Masterdom/src/Masterdom.Modules.Properties/Masterdom.Modules.Properties.csproj]
/Users/kady/Masterdom/src/Masterdom.Modules.Properties/Application/Services/PropertyApplicationService.cs(20,12): warning CS1591: Missing XML comment for publicly visible type or member 'PropertyApplicationService.PropertyApplicationService(IPropertyRepository, IPropertyUnitOfWork, IPropertyPlatformOrchestrator, ICurrentUserAccessor)' [/Users/kady/Masterdom/src/Masterdom.Modules.Properties/Masterdom.Modules.Properties.csproj]
/Users/kady/Masterdom/src/Masterdom.Modules.Properties/Application/Services/PropertyApplicationService.cs(32,21): warning CS1591: Missing XML comment for publicly visible type or member 'PropertyApplicationService.CreateProperty(CreatePropertyCommand)' [/Users/kady/Masterdom/src/Masterdom.Modules.Properties/Masterdom.Modules.Properties.csproj]
/Users/kady/Masterdom/src/Masterdom.Modules.Properties/Application/Services/PropertyApplicationService.cs(58,21): warning CS1591: Missing XML comment for publicly visible type or member 'PropertyApplicationService.RenameProperty(RenamePropertyCommand)' [/Users/kady/Masterdom/src/Masterdom.Modules.Properties/Masterdom.Modules.Properties.csproj]
/Users/kady/Masterdom/src/Masterdom.Modules.Properties/Application/Services/PropertyApplicationService.cs(70,21): warning CS1591: Missing XML comment for publicly visible type or member 'PropertyApplicationService.ChangeStatus(ChangePropertyStatusCommand)' [/Users/kady/Masterdom/src/Masterdom.Modules.Properties/Masterdom.Modules.Properties.csproj]
/Users/kady/Masterdom/src/Masterdom.Modules.Properties/Application/Services/PropertyApplicationService.cs(99,17): warning CS1591: Missing XML comment for publicly visible type or member 'PropertyApplicationService.CreateUnit(CreateUnitCommand)' [/Users/kady/Masterdom/src/Masterdom.Modules.Properties/Masterdom.Modules.Properties.csproj]
/Users/kady/Masterdom/src/Masterdom.Modules.Properties/Application/Services/PropertyApplicationService.cs(111,17): warning CS1591: Missing XML comment for publicly visible type or member 'PropertyApplicationService.RemoveUnit(RemoveUnitCommand)' [/Users/kady/Masterdom/src/Masterdom.Modules.Properties/Masterdom.Modules.Properties.csproj]
/Users/kady/Masterdom/src/Masterdom.Modules.Properties/Application/Services/PropertyApplicationService.cs(128,22): warning CS1591: Missing XML comment for publicly visible type or member 'PropertyApplicationService.GetProperty(GetPropertyByIdQuery)' [/Users/kady/Masterdom/src/Masterdom.Modules.Properties/Masterdom.Modules.Properties.csproj]
/Users/kady/Masterdom/src/Masterdom.Modules.Properties/Application/Services/PropertyApplicationService.cs(134,22): warning CS1591: Missing XML comment for publicly visible type or member 'PropertyApplicationService.GetPropertyByCode(GetPropertyByCodeQuery)' [/Users/kady/Masterdom/src/Masterdom.Modules.Properties/Masterdom.Modules.Properties.csproj]
/Users/kady/Masterdom/src/Masterdom.Modules.Properties/Application/Services/PropertyApplicationService.cs(140,38): warning CS1591: Missing XML comment for publicly visible type or member 'PropertyApplicationService.ListUnits(ListUnitsQuery)' [/Users/kady/Masterdom/src/Masterdom.Modules.Properties/Masterdom.Modules.Properties.csproj]
/Users/kady/Masterdom/src/Masterdom.Modules.Properties/Application/Services/PropertyApplicationService.cs(146,42): warning CS1591: Missing XML comment for publicly visible type or member 'PropertyApplicationService.SearchProperties(SearchPropertiesQuery)' [/Users/kady/Masterdom/src/Masterdom.Modules.Properties/Masterdom.Modules.Properties.csproj]
/Users/kady/Masterdom/src/Masterdom.Modules.Properties/Application/Services/PropertyApplicationService.cs(152,21): warning CS1591: Missing XML comment for publicly visible type or member 'PropertyApplicationService.ChangeDescription(ChangeDescriptionCommand)' [/Users/kady/Masterdom/src/Masterdom.Modules.Properties/Masterdom.Modules.Properties.csproj]
/Users/kady/Masterdom/src/Masterdom.Modules.Properties/Application/Services/PropertyApplicationService.cs(162,21): warning CS1591: Missing XML comment for publicly visible type or member 'PropertyApplicationService.ChangeRemarks(ChangeRemarksCommand)' [/Users/kady/Masterdom/src/Masterdom.Modules.Properties/Masterdom.Modules.Properties.csproj]
/Users/kady/Masterdom/src/Masterdom.Modules.Properties/Application/Services/PropertyApplicationService.cs(172,21): warning CS1591: Missing XML comment for publicly visible type or member 'PropertyApplicationService.ChangeOwner(ChangeOwnerCommand)' [/Users/kady/Masterdom/src/Masterdom.Modules.Properties/Masterdom.Modules.Properties.csproj]
/Users/kady/Masterdom/src/Masterdom.Modules.Properties/Application/Services/PropertyApplicationService.cs(182,21): warning CS1591: Missing XML comment for publicly visible type or member 'PropertyApplicationService.ChangeAddress(ChangeAddressCommand)' [/Users/kady/Masterdom/src/Masterdom.Modules.Properties/Masterdom.Modules.Properties.csproj]
/Users/kady/Masterdom/src/Masterdom.Modules.Properties/Application/Services/PropertyApplicationService.cs(192,21): warning CS1591: Missing XML comment for publicly visible type or member 'PropertyApplicationService.ConfigureSettings(ConfigureSettingsCommand)' [/Users/kady/Masterdom/src/Masterdom.Modules.Properties/Masterdom.Modules.Properties.csproj]
/Users/kady/Masterdom/src/Masterdom.Modules.Properties/Application/Services/PropertyApplicationService.cs(202,21): warning CS1591: Missing XML comment for publicly visible type or member 'PropertyApplicationService.ChangeParentProperty(ChangeParentPropertyCommand)' [/Users/kady/Masterdom/src/Masterdom.Modules.Properties/Masterdom.Modules.Properties.csproj]
/Users/kady/Masterdom/src/Masterdom.Modules.Properties/Application/Services/PropertyApplicationService.cs(212,21): warning CS1591: Missing XML comment for publicly visible type or member 'PropertyApplicationService.SetEffectivePeriod(SetEffectivePeriodCommand)' [/Users/kady/Masterdom/src/Masterdom.Modules.Properties/Masterdom.Modules.Properties.csproj]
/Users/kady/Masterdom/src/Masterdom.Modules.Properties/Application/Services/PropertyApplicationService.cs(222,21): warning CS1591: Missing XML comment for publicly visible type or member 'PropertyApplicationService.SetDisplayOrder(SetDisplayOrderCommand)' [/Users/kady/Masterdom/src/Masterdom.Modules.Properties/Masterdom.Modules.Properties.csproj]
/Users/kady/Masterdom/src/Masterdom.Modules.Properties/Application/Services/PropertyApplicationService.cs(232,21): warning CS1591: Missing XML comment for publicly visible type or member 'PropertyApplicationService.HideProperty(HidePropertyCommand)' [/Users/kady/Masterdom/src/Masterdom.Modules.Properties/Masterdom.Modules.Properties.csproj]
/Users/kady/Masterdom/src/Masterdom.Modules.Properties/Application/Services/PropertyApplicationService.cs(242,21): warning CS1591: Missing XML comment for publicly visible type or member 'PropertyApplicationService.ShowProperty(ShowPropertyCommand)' [/Users/kady/Masterdom/src/Masterdom.Modules.Properties/Masterdom.Modules.Properties.csproj]
/Users/kady/Masterdom/src/Masterdom.Modules.Properties/Application/Services/PropertyApplicationService.cs(252,21): warning CS1591: Missing XML comment for publicly visible type or member 'PropertyApplicationService.ChangeType(ChangeTypeCommand)' [/Users/kady/Masterdom/src/Masterdom.Modules.Properties/Masterdom.Modules.Properties.csproj]
/Users/kady/Masterdom/src/Masterdom.Modules.Properties/Application/Services/PropertyApplicationService.cs(262,17): warning CS1591: Missing XML comment for publicly visible type or member 'PropertyApplicationService.AddExistingUnit(AddExistingUnitCommand)' [/Users/kady/Masterdom/src/Masterdom.Modules.Properties/Masterdom.Modules.Properties.csproj]
/Users/kady/Masterdom/src/Masterdom.Modules.Properties/Application/Services/PropertyApplicationService.cs(286,21): warning CS1591: Missing XML comment for publicly visible type or member 'PropertyApplicationService.UpsertMetadata(UpsertMetadataCommand)' [/Users/kady/Masterdom/src/Masterdom.Modules.Properties/Masterdom.Modules.Properties.csproj]
/Users/kady/Masterdom/src/Masterdom.Modules.Properties/Application/Services/PropertyApplicationService.cs(296,17): warning CS1591: Missing XML comment for publicly visible type or member 'PropertyApplicationService.RemoveMetadata(RemoveMetadataCommand)' [/Users/kady/Masterdom/src/Masterdom.Modules.Properties/Masterdom.Modules.Properties.csproj]
/Users/kady/Masterdom/src/Masterdom.Modules.Properties/Application/Services/PropertyApplicationService.cs(310,21): warning CS1591: Missing XML comment for publicly visible type or member 'PropertyApplicationService.AddRelationship(AddRelationshipCommand)' [/Users/kady/Masterdom/src/Masterdom.Modules.Properties/Masterdom.Modules.Properties.csproj]
/Users/kady/Masterdom/src/Masterdom.Modules.Properties/Application/Services/PropertyApplicationService.cs(320,17): warning CS1591: Missing XML comment for publicly visible type or member 'PropertyApplicationService.RemoveRelationship(RemoveRelationshipCommand)' [/Users/kady/Masterdom/src/Masterdom.Modules.Properties/Masterdom.Modules.Properties.csproj]
/Users/kady/Masterdom/src/Masterdom.Modules.Properties/Application/Support/ExecutionResult.cs(8,15): warning CS1591: Missing XML comment for publicly visible type or member 'ExecutionResult.ExecutionResult(bool, string?, string?)' [/Users/kady/Masterdom/src/Masterdom.Modules.Properties/Masterdom.Modules.Properties.csproj]
/Users/kady/Masterdom/src/Masterdom.Modules.Properties/Application/Support/ExecutionResult.cs(15,17): warning CS1591: Missing XML comment for publicly visible type or member 'ExecutionResult.IsSuccess' [/Users/kady/Masterdom/src/Masterdom.Modules.Properties/Masterdom.Modules.Properties.csproj]
/Users/kady/Masterdom/src/Masterdom.Modules.Properties/Application/Support/ExecutionResult.cs(17,20): warning CS1591: Missing XML comment for publicly visible type or member 'ExecutionResult.ErrorCode' [/Users/kady/Masterdom/src/Masterdom.Modules.Properties/Masterdom.Modules.Properties.csproj]
/Users/kady/Masterdom/src/Masterdom.Modules.Properties/Application/Support/ExecutionResult.cs(19,20): warning CS1591: Missing XML comment for publicly visible type or member 'ExecutionResult.ErrorMessage' [/Users/kady/Masterdom/src/Masterdom.Modules.Properties/Masterdom.Modules.Properties.csproj]
/Users/kady/Masterdom/src/Masterdom.Modules.Properties/Application/Support/ExecutionResult.cs(21,35): warning CS1591: Missing XML comment for publicly visible type or member 'ExecutionResult.Success()' [/Users/kady/Masterdom/src/Masterdom.Modules.Properties/Masterdom.Modules.Properties.csproj]
/Users/kady/Masterdom/src/Masterdom.Modules.Properties/Application/Support/ExecutionResult.cs(26,35): warning CS1591: Missing XML comment for publicly visible type or member 'ExecutionResult.Failure(string, string)' [/Users/kady/Masterdom/src/Masterdom.Modules.Properties/Masterdom.Modules.Properties.csproj]
/Users/kady/Masterdom/src/Masterdom.Modules.Properties/Application/Support/ExecutionResult.cs(46,15): warning CS1591: Missing XML comment for publicly visible type or member 'ExecutionResult<T>.Value' [/Users/kady/Masterdom/src/Masterdom.Modules.Properties/Masterdom.Modules.Properties.csproj]
/Users/kady/Masterdom/src/Masterdom.Modules.Properties/Application/Support/ExecutionResult.cs(48,38): warning CS1591: Missing XML comment for publicly visible type or member 'ExecutionResult<T>.Success(T)' [/Users/kady/Masterdom/src/Masterdom.Modules.Properties/Masterdom.Modules.Properties.csproj]
/Users/kady/Masterdom/src/Masterdom.Modules.Properties/Application/Support/ExecutionResult.cs(54,38): warning CS1591: Missing XML comment for publicly visible type or member 'ExecutionResult<T>.Failure(string, string)' [/Users/kady/Masterdom/src/Masterdom.Modules.Properties/Masterdom.Modules.Properties.csproj]
/Users/kady/Masterdom/src/Masterdom.Modules.Properties/Application/Support/ICommandHandler.cs(8,13): warning CS1591: Missing XML comment for publicly visible type or member 'ICommandHandler<TCommand, TResult>.Handle(TCommand)' [/Users/kady/Masterdom/src/Masterdom.Modules.Properties/Masterdom.Modules.Properties.csproj]
/Users/kady/Masterdom/src/Masterdom.Modules.Properties/Application/Support/IPropertyPlatformOrchestrator.cs(10,10): warning CS1591: Missing XML comment for publicly visible type or member 'IPropertyPlatformOrchestrator.OnPropertyMutated(Property, string)' [/Users/kady/Masterdom/src/Masterdom.Modules.Properties/Masterdom.Modules.Properties.csproj]
/Users/kady/Masterdom/src/Masterdom.Modules.Properties/Application/Support/IPropertyUnitOfWork.cs(8,10): warning CS1591: Missing XML comment for publicly visible type or member 'IPropertyUnitOfWork.Execute(Action)' [/Users/kady/Masterdom/src/Masterdom.Modules.Properties/Masterdom.Modules.Properties.csproj]
/Users/kady/Masterdom/src/Masterdom.Modules.Properties/Application/Support/IQueryHandler.cs(8,13): warning CS1591: Missing XML comment for publicly visible type or member 'IQueryHandler<TQuery, TResult>.Handle(TQuery)' [/Users/kady/Masterdom/src/Masterdom.Modules.Properties/Masterdom.Modules.Properties.csproj]
/Users/kady/Masterdom/src/Masterdom.Modules.Properties/Domain/Entities/Property/Capacity.cs(10,12): warning CS1591: Missing XML comment for publicly visible type or member 'Capacity.Capacity(int)' [/Users/kady/Masterdom/src/Masterdom.Modules.Properties/Masterdom.Modules.Properties.csproj]
/Users/kady/Masterdom/src/Masterdom.Modules.Properties/Domain/Entities/Property/Capacity.cs(20,16): warning CS1591: Missing XML comment for publicly visible type or member 'Capacity.Value' [/Users/kady/Masterdom/src/Masterdom.Modules.Properties/Masterdom.Modules.Properties.csproj]
/Users/kady/Masterdom/src/Masterdom.Modules.Properties/Domain/Entities/Property/Capacity.cs(22,45): warning CS1591: Missing XML comment for publicly visible type or member 'Capacity.GetEqualityComponents()' [/Users/kady/Masterdom/src/Masterdom.Modules.Properties/Masterdom.Modules.Properties.csproj]
/Users/kady/Masterdom/src/Masterdom.Modules.Properties/Domain/Entities/Property/Capacity.cs(27,28): warning CS1591: Missing XML comment for publicly visible type or member 'Capacity.ToString()' [/Users/kady/Masterdom/src/Masterdom.Modules.Properties/Masterdom.Modules.Properties.csproj]
/Users/kady/Masterdom/src/Masterdom.Modules.Properties/Domain/Entities/Property/Events/PropertyCreatedDomainEvent.cs(10,12): warning CS1591: Missing XML comment for publicly visible type or member 'PropertyCreatedDomainEvent.PropertyCreatedDomainEvent(PropertyId, PropertyCode)' [/Users/kady/Masterdom/src/Masterdom.Modules.Properties/Masterdom.Modules.Properties.csproj]
/Users/kady/Masterdom/src/Masterdom.Modules.Properties/Domain/Entities/Property/Events/PropertyCreatedDomainEvent.cs(19,23): warning CS1591: Missing XML comment for publicly visible type or member 'PropertyCreatedDomainEvent.PropertyId' [/Users/kady/Masterdom/src/Masterdom.Modules.Properties/Masterdom.Modules.Properties.csproj]
/Users/kady/Masterdom/src/Masterdom.Modules.Properties/Domain/Entities/Property/Events/PropertyCreatedDomainEvent.cs(21,25): warning CS1591: Missing XML comment for publicly visible type or member 'PropertyCreatedDomainEvent.Code' [/Users/kady/Masterdom/src/Masterdom.Modules.Properties/Masterdom.Modules.Properties.csproj]
/Users/kady/Masterdom/src/Masterdom.Modules.Properties/Domain/Entities/Property/Events/PropertyRenamedDomainEvent.cs(10,12): warning CS1591: Missing XML comment for publicly visible type or member 'PropertyRenamedDomainEvent.PropertyRenamedDomainEvent(PropertyId, PropertyName)' [/Users/kady/Masterdom/src/Masterdom.Modules.Properties/Masterdom.Modules.Properties.csproj]
/Users/kady/Masterdom/src/Masterdom.Modules.Properties/Domain/Entities/Property/Events/PropertyRenamedDomainEvent.cs(19,23): warning CS1591: Missing XML comment for publicly visible type or member 'PropertyRenamedDomainEvent.PropertyId' [/Users/kady/Masterdom/src/Masterdom.Modules.Properties/Masterdom.Modules.Properties.csproj]
/Users/kady/Masterdom/src/Masterdom.Modules.Properties/Domain/Entities/Property/Events/PropertyRenamedDomainEvent.cs(21,25): warning CS1591: Missing XML comment for publicly visible type or member 'PropertyRenamedDomainEvent.Name' [/Users/kady/Masterdom/src/Masterdom.Modules.Properties/Masterdom.Modules.Properties.csproj]
/Users/kady/Masterdom/src/Masterdom.Modules.Properties/Domain/Entities/Property/Events/PropertyStatusChangedDomainEvent.cs(10,12): warning CS1591: Missing XML comment for publicly visible type or member 'PropertyStatusChangedDomainEvent.PropertyStatusChangedDomainEvent(PropertyId, PropertyStatus)' [/Users/kady/Masterdom/src/Masterdom.Modules.Properties/Masterdom.Modules.Properties.csproj]
/Users/kady/Masterdom/src/Masterdom.Modules.Properties/Domain/Entities/Property/Events/PropertyStatusChangedDomainEvent.cs(18,23): warning CS1591: Missing XML comment for publicly visible type or member 'PropertyStatusChangedDomainEvent.PropertyId' [/Users/kady/Masterdom/src/Masterdom.Modules.Properties/Masterdom.Modules.Properties.csproj]
/Users/kady/Masterdom/src/Masterdom.Modules.Properties/Domain/Entities/Property/Events/PropertyStatusChangedDomainEvent.cs(20,27): warning CS1591: Missing XML comment for publicly visible type or member 'PropertyStatusChangedDomainEvent.Status' [/Users/kady/Masterdom/src/Masterdom.Modules.Properties/Masterdom.Modules.Properties.csproj]
/Users/kady/Masterdom/src/Masterdom.Modules.Properties/Domain/Entities/Property/Events/UnitCreatedDomainEvent.cs(10,12): warning CS1591: Missing XML comment for publicly visible type or member 'UnitCreatedDomainEvent.UnitCreatedDomainEvent(PropertyId, UnitId, UnitCode)' [/Users/kady/Masterdom/src/Masterdom.Modules.Properties/Masterdom.Modules.Properties.csproj]
/Users/kady/Masterdom/src/Masterdom.Modules.Properties/Domain/Entities/Property/Events/UnitCreatedDomainEvent.cs(24,23): warning CS1591: Missing XML comment for publicly visible type or member 'UnitCreatedDomainEvent.PropertyId' [/Users/kady/Masterdom/src/Masterdom.Modules.Properties/Masterdom.Modules.Properties.csproj]
/Users/kady/Masterdom/src/Masterdom.Modules.Properties/Domain/Entities/Property/Events/UnitCreatedDomainEvent.cs(26,19): warning CS1591: Missing XML comment for publicly visible type or member 'UnitCreatedDomainEvent.UnitId' [/Users/kady/Masterdom/src/Masterdom.Modules.Properties/Masterdom.Modules.Properties.csproj]
/Users/kady/Masterdom/src/Masterdom.Modules.Properties/Domain/Entities/Property/Events/UnitCreatedDomainEvent.cs(28,21): warning CS1591: Missing XML comment for publicly visible type or member 'UnitCreatedDomainEvent.UnitCode' [/Users/kady/Masterdom/src/Masterdom.Modules.Properties/Masterdom.Modules.Properties.csproj]
/Users/kady/Masterdom/src/Masterdom.Modules.Properties/Domain/Entities/Property/Events/UnitRemovedDomainEvent.cs(10,12): warning CS1591: Missing XML comment for publicly visible type or member 'UnitRemovedDomainEvent.UnitRemovedDomainEvent(PropertyId, UnitId)' [/Users/kady/Masterdom/src/Masterdom.Modules.Properties/Masterdom.Modules.Properties.csproj]
/Users/kady/Masterdom/src/Masterdom.Modules.Properties/Domain/Entities/Property/Events/UnitRemovedDomainEvent.cs(19,23): warning CS1591: Missing XML comment for publicly visible type or member 'UnitRemovedDomainEvent.PropertyId' [/Users/kady/Masterdom/src/Masterdom.Modules.Properties/Masterdom.Modules.Properties.csproj]
/Users/kady/Masterdom/src/Masterdom.Modules.Properties/Domain/Entities/Property/Events/UnitRemovedDomainEvent.cs(21,19): warning CS1591: Missing XML comment for publicly visible type or member 'UnitRemovedDomainEvent.UnitId' [/Users/kady/Masterdom/src/Masterdom.Modules.Properties/Masterdom.Modules.Properties.csproj]
/Users/kady/Masterdom/src/Masterdom.Modules.Properties/Domain/Entities/Property/OccupancyStatus.cs(8,5): warning CS1591: Missing XML comment for publicly visible type or member 'OccupancyStatus.Vacant' [/Users/kady/Masterdom/src/Masterdom.Modules.Properties/Masterdom.Modules.Properties.csproj]
/Users/kady/Masterdom/src/Masterdom.Modules.Properties/Domain/Entities/Property/OccupancyStatus.cs(9,5): warning CS1591: Missing XML comment for publicly visible type or member 'OccupancyStatus.Occupied' [/Users/kady/Masterdom/src/Masterdom.Modules.Properties/Masterdom.Modules.Properties.csproj]
/Users/kady/Masterdom/src/Masterdom.Modules.Properties/Domain/Entities/Property/OccupancyStatus.cs(10,5): warning CS1591: Missing XML comment for publicly visible type or member 'OccupancyStatus.Reserved' [/Users/kady/Masterdom/src/Masterdom.Modules.Properties/Masterdom.Modules.Properties.csproj]
/Users/kady/Masterdom/src/Masterdom.Modules.Properties/Domain/Entities/Property/OccupancyStatus.cs(11,5): warning CS1591: Missing XML comment for publicly visible type or member 'OccupancyStatus.UnderMaintenance' [/Users/kady/Masterdom/src/Masterdom.Modules.Properties/Masterdom.Modules.Properties.csproj]
/Users/kady/Masterdom/src/Masterdom.Modules.Properties/Domain/Entities/Property/OccupancyStatus.cs(12,5): warning CS1591: Missing XML comment for publicly visible type or member 'OccupancyStatus.Blocked' [/Users/kady/Masterdom/src/Masterdom.Modules.Properties/Masterdom.Modules.Properties.csproj]
/Users/kady/Masterdom/src/Masterdom.Modules.Properties/Domain/Entities/Property/PropertyAddress.cs(10,12): warning CS1591: Missing XML comment for publicly visible type or member 'PropertyAddress.PropertyAddress(string, string?, string, string, string, string)' [/Users/kady/Masterdom/src/Masterdom.Modules.Properties/Masterdom.Modules.Properties.csproj]
/Users/kady/Masterdom/src/Masterdom.Modules.Properties/Domain/Entities/Property/PropertyAddress.cs(37,19): warning CS1591: Missing XML comment for publicly visible type or member 'PropertyAddress.Line1' [/Users/kady/Masterdom/src/Masterdom.Modules.Properties/Masterdom.Modules.Properties.csproj]
/Users/kady/Masterdom/src/Masterdom.Modules.Properties/Domain/Entities/Property/PropertyAddress.cs(39,20): warning CS1591: Missing XML comment for publicly visible type or member 'PropertyAddress.Line2' [/Users/kady/Masterdom/src/Masterdom.Modules.Properties/Masterdom.Modules.Properties.csproj]
/Users/kady/Masterdom/src/Masterdom.Modules.Properties/Domain/Entities/Property/PropertyAddress.cs(41,19): warning CS1591: Missing XML comment for publicly visible type or member 'PropertyAddress.City' [/Users/kady/Masterdom/src/Masterdom.Modules.Properties/Masterdom.Modules.Properties.csproj]
/Users/kady/Masterdom/src/Masterdom.Modules.Properties/Domain/Entities/Property/PropertyAddress.cs(43,19): warning CS1591: Missing XML comment for publicly visible type or member 'PropertyAddress.StateOrProvince' [/Users/kady/Masterdom/src/Masterdom.Modules.Properties/Masterdom.Modules.Properties.csproj]
/Users/kady/Masterdom/src/Masterdom.Modules.Properties/Domain/Entities/Property/PropertyAddress.cs(45,19): warning CS1591: Missing XML comment for publicly visible type or member 'PropertyAddress.PostalCode' [/Users/kady/Masterdom/src/Masterdom.Modules.Properties/Masterdom.Modules.Properties.csproj]
/Users/kady/Masterdom/src/Masterdom.Modules.Properties/Domain/Entities/Property/PropertyAddress.cs(47,19): warning CS1591: Missing XML comment for publicly visible type or member 'PropertyAddress.CountryCode' [/Users/kady/Masterdom/src/Masterdom.Modules.Properties/Masterdom.Modules.Properties.csproj]
/Users/kady/Masterdom/src/Masterdom.Modules.Properties/Domain/Entities/Property/PropertyAddress.cs(49,45): warning CS1591: Missing XML comment for publicly visible type or member 'PropertyAddress.GetEqualityComponents()' [/Users/kady/Masterdom/src/Masterdom.Modules.Properties/Masterdom.Modules.Properties.csproj]
/Users/kady/Masterdom/src/Masterdom.Modules.Properties/Domain/Entities/Property/PropertyCode.cs(18,12): warning CS1591: Missing XML comment for publicly visible type or member 'PropertyCode.PropertyCode(string)' [/Users/kady/Masterdom/src/Masterdom.Modules.Properties/Masterdom.Modules.Properties.csproj]
/Users/kady/Masterdom/src/Masterdom.Modules.Properties/Domain/Entities/Property/PropertyCode.cs(30,45): warning CS1591: Missing XML comment for publicly visible type or member 'PropertyCode.GetEqualityComponents()' [/Users/kady/Masterdom/src/Masterdom.Modules.Properties/Masterdom.Modules.Properties.csproj]
/Users/kady/Masterdom/src/Masterdom.Modules.Properties/Domain/Entities/Property/PropertyCode.cs(35,28): warning CS1591: Missing XML comment for publicly visible type or member 'PropertyCode.ToString()' [/Users/kady/Masterdom/src/Masterdom.Modules.Properties/Masterdom.Modules.Properties.csproj]
/Users/kady/Masterdom/src/Masterdom.Modules.Properties/Domain/Entities/Property/PropertyCode.cs(38,37): warning CS1591: Missing XML comment for publicly visible type or member 'PropertyCode.implicit operator string(PropertyCode)' [/Users/kady/Masterdom/src/Masterdom.Modules.Properties/Masterdom.Modules.Properties.csproj]
/Users/kady/Masterdom/src/Masterdom.Modules.Properties/Domain/Entities/Property/PropertyId.cs(11,30): warning CS1591: Missing XML comment for publicly visible type or member 'PropertyId.New()' [/Users/kady/Masterdom/src/Masterdom.Modules.Properties/Masterdom.Modules.Properties.csproj]
/Users/kady/Masterdom/src/Masterdom.Modules.Properties/Domain/Entities/Property/PropertyMetadata.cs(10,12): warning CS1591: Missing XML comment for publicly visible type or member 'PropertyMetadata.PropertyMetadata(string, string)' [/Users/kady/Masterdom/src/Masterdom.Modules.Properties/Masterdom.Modules.Properties.csproj]
/Users/kady/Masterdom/src/Masterdom.Modules.Properties/Domain/Entities/Property/PropertyMetadata.cs(19,19): warning CS1591: Missing XML comment for publicly visible type or member 'PropertyMetadata.Key' [/Users/kady/Masterdom/src/Masterdom.Modules.Properties/Masterdom.Modules.Properties.csproj]
/Users/kady/Masterdom/src/Masterdom.Modules.Properties/Domain/Entities/Property/PropertyMetadata.cs(21,19): warning CS1591: Missing XML comment for publicly visible type or member 'PropertyMetadata.Value' [/Users/kady/Masterdom/src/Masterdom.Modules.Properties/Masterdom.Modules.Properties.csproj]
/Users/kady/Masterdom/src/Masterdom.Modules.Properties/Domain/Entities/Property/PropertyMetadata.cs(23,26): warning CS1591: Missing XML comment for publicly visible type or member 'PropertyMetadata.NormalizeKey(string)' [/Users/kady/Masterdom/src/Masterdom.Modules.Properties/Masterdom.Modules.Properties.csproj]
/Users/kady/Masterdom/src/Masterdom.Modules.Properties/Domain/Entities/Property/PropertyMetadata.cs(29,45): warning CS1591: Missing XML comment for publicly visible type or member 'PropertyMetadata.GetEqualityComponents()' [/Users/kady/Masterdom/src/Masterdom.Modules.Properties/Masterdom.Modules.Properties.csproj]
/Users/kady/Masterdom/src/Masterdom.Modules.Properties/Domain/Entities/Property/PropertyName.cs(11,12): warning CS1591: Missing XML comment for publicly visible type or member 'PropertyName.PropertyName(string)' [/Users/kady/Masterdom/src/Masterdom.Modules.Properties/Masterdom.Modules.Properties.csproj]
/Users/kady/Masterdom/src/Masterdom.Modules.Properties/Domain/Entities/Property/PropertyName.cs(23,45): warning CS1591: Missing XML comment for publicly visible type or member 'PropertyName.GetEqualityComponents()' [/Users/kady/Masterdom/src/Masterdom.Modules.Properties/Masterdom.Modules.Properties.csproj]
/Users/kady/Masterdom/src/Masterdom.Modules.Properties/Domain/Entities/Property/PropertyName.cs(28,28): warning CS1591: Missing XML comment for publicly visible type or member 'PropertyName.ToString()' [/Users/kady/Masterdom/src/Masterdom.Modules.Properties/Masterdom.Modules.Properties.csproj]
/Users/kady/Masterdom/src/Masterdom.Modules.Properties/Domain/Entities/Property/PropertyName.cs(31,37): warning CS1591: Missing XML comment for publicly visible type or member 'PropertyName.implicit operator string(PropertyName)' [/Users/kady/Masterdom/src/Masterdom.Modules.Properties/Masterdom.Modules.Properties.csproj]
/Users/kady/Masterdom/src/Masterdom.Modules.Properties/Domain/Entities/Property/PropertyRelationship.cs(10,12): warning CS1591: Missing XML comment for publicly visible type or member 'PropertyRelationship.PropertyRelationship(PropertyId, PropertyRelationshipType)' [/Users/kady/Masterdom/src/Masterdom.Modules.Properties/Masterdom.Modules.Properties.csproj]
/Users/kady/Masterdom/src/Masterdom.Modules.Properties/Domain/Entities/Property/PropertyRelationship.cs(18,23): warning CS1591: Missing XML comment for publicly visible type or member 'PropertyRelationship.TargetPropertyId' [/Users/kady/Masterdom/src/Masterdom.Modules.Properties/Masterdom.Modules.Properties.csproj]
/Users/kady/Masterdom/src/Masterdom.Modules.Properties/Domain/Entities/Property/PropertyRelationship.cs(20,37): warning CS1591: Missing XML comment for publicly visible type or member 'PropertyRelationship.Type' [/Users/kady/Masterdom/src/Masterdom.Modules.Properties/Masterdom.Modules.Properties.csproj]
/Users/kady/Masterdom/src/Masterdom.Modules.Properties/Domain/Entities/Property/PropertyRelationship.cs(22,45): warning CS1591: Missing XML comment for publicly visible type or member 'PropertyRelationship.GetEqualityComponents()' [/Users/kady/Masterdom/src/Masterdom.Modules.Properties/Masterdom.Modules.Properties.csproj]
/Users/kady/Masterdom/src/Masterdom.Modules.Properties/Domain/Entities/Property/PropertyRelationshipType.cs(8,5): warning CS1591: Missing XML comment for publicly visible type or member 'PropertyRelationshipType.ParentChild' [/Users/kady/Masterdom/src/Masterdom.Modules.Properties/Masterdom.Modules.Properties.csproj]
/Users/kady/Masterdom/src/Masterdom.Modules.Properties/Domain/Entities/Property/PropertyRelationshipType.cs(9,5): warning CS1591: Missing XML comment for publicly visible type or member 'PropertyRelationshipType.Annex' [/Users/kady/Masterdom/src/Masterdom.Modules.Properties/Masterdom.Modules.Properties.csproj]
/Users/kady/Masterdom/src/Masterdom.Modules.Properties/Domain/Entities/Property/PropertyRelationshipType.cs(10,5): warning CS1591: Missing XML comment for publicly visible type or member 'PropertyRelationshipType.SharedFacility' [/Users/kady/Masterdom/src/Masterdom.Modules.Properties/Masterdom.Modules.Properties.csproj]
/Users/kady/Masterdom/src/Masterdom.Modules.Properties/Domain/Entities/Property/PropertyRelationshipType.cs(11,5): warning CS1591: Missing XML comment for publicly visible type or member 'PropertyRelationshipType.Dependency' [/Users/kady/Masterdom/src/Masterdom.Modules.Properties/Masterdom.Modules.Properties.csproj]
/Users/kady/Masterdom/src/Masterdom.Modules.Properties/Domain/Entities/Property/PropertySettings.cs(10,36): warning CS1591: Missing XML comment for publicly visible type or member 'PropertySettings.Default' [/Users/kady/Masterdom/src/Masterdom.Modules.Properties/Masterdom.Modules.Properties.csproj]
/Users/kady/Masterdom/src/Masterdom.Modules.Properties/Domain/Entities/Property/PropertySettings.cs(12,12): warning CS1591: Missing XML comment for publicly visible type or member 'PropertySettings.PropertySettings(string, string, bool)' [/Users/kady/Masterdom/src/Masterdom.Modules.Properties/Masterdom.Modules.Properties.csproj]
/Users/kady/Masterdom/src/Masterdom.Modules.Properties/Domain/Entities/Property/PropertySettings.cs(30,19): warning CS1591: Missing XML comment for publicly visible type or member 'PropertySettings.TimeZoneId' [/Users/kady/Masterdom/src/Masterdom.Modules.Properties/Masterdom.Modules.Properties.csproj]
/Users/kady/Masterdom/src/Masterdom.Modules.Properties/Domain/Entities/Property/PropertySettings.cs(32,19): warning CS1591: Missing XML comment for publicly visible type or member 'PropertySettings.CurrencyCode' [/Users/kady/Masterdom/src/Masterdom.Modules.Properties/Masterdom.Modules.Properties.csproj]
/Users/kady/Masterdom/src/Masterdom.Modules.Properties/Domain/Entities/Property/PropertySettings.cs(34,17): warning CS1591: Missing XML comment for publicly visible type or member 'PropertySettings.AllowNegativeOccupancy' [/Users/kady/Masterdom/src/Masterdom.Modules.Properties/Masterdom.Modules.Properties.csproj]
/Users/kady/Masterdom/src/Masterdom.Modules.Properties/Domain/Entities/Property/PropertySettings.cs(36,45): warning CS1591: Missing XML comment for publicly visible type or member 'PropertySettings.GetEqualityComponents()' [/Users/kady/Masterdom/src/Masterdom.Modules.Properties/Masterdom.Modules.Properties.csproj]
/Users/kady/Masterdom/src/Masterdom.Modules.Properties/Domain/Entities/Property/PropertyStatus.cs(9,5): warning CS1591: Missing XML comment for publicly visible type or member 'PropertyStatus.Active' [/Users/kady/Masterdom/src/Masterdom.Modules.Properties/Masterdom.Modules.Properties.csproj]
/Users/kady/Masterdom/src/Masterdom.Modules.Properties/Domain/Entities/Property/PropertyStatus.cs(11,5): warning CS1591: Missing XML comment for publicly visible type or member 'PropertyStatus.Inactive' [/Users/kady/Masterdom/src/Masterdom.Modules.Properties/Masterdom.Modules.Properties.csproj]
/Users/kady/Masterdom/src/Masterdom.Modules.Properties/Domain/Entities/Property/PropertyStatus.cs(13,5): warning CS1591: Missing XML comment for publicly visible type or member 'PropertyStatus.Archived' [/Users/kady/Masterdom/src/Masterdom.Modules.Properties/Masterdom.Modules.Properties.csproj]
/Users/kady/Masterdom/src/Masterdom.Modules.Properties/Domain/Entities/Property/PropertyType.cs(8,5): warning CS1591: Missing XML comment for publicly visible type or member 'PropertyType.Residential' [/Users/kady/Masterdom/src/Masterdom.Modules.Properties/Masterdom.Modules.Properties.csproj]
/Users/kady/Masterdom/src/Masterdom.Modules.Properties/Domain/Entities/Property/PropertyType.cs(9,5): warning CS1591: Missing XML comment for publicly visible type or member 'PropertyType.Commercial' [/Users/kady/Masterdom/src/Masterdom.Modules.Properties/Masterdom.Modules.Properties.csproj]
/Users/kady/Masterdom/src/Masterdom.Modules.Properties/Domain/Entities/Property/PropertyType.cs(10,5): warning CS1591: Missing XML comment for publicly visible type or member 'PropertyType.MixedUse' [/Users/kady/Masterdom/src/Masterdom.Modules.Properties/Masterdom.Modules.Properties.csproj]
/Users/kady/Masterdom/src/Masterdom.Modules.Properties/Domain/Entities/Property/PropertyType.cs(11,5): warning CS1591: Missing XML comment for publicly visible type or member 'PropertyType.Warehouse' [/Users/kady/Masterdom/src/Masterdom.Modules.Properties/Masterdom.Modules.Properties.csproj]
/Users/kady/Masterdom/src/Masterdom.Modules.Properties/Domain/Entities/Property/PropertyType.cs(12,5): warning CS1591: Missing XML comment for publicly visible type or member 'PropertyType.Land' [/Users/kady/Masterdom/src/Masterdom.Modules.Properties/Masterdom.Modules.Properties.csproj]
/Users/kady/Masterdom/src/Masterdom.Modules.Properties/Domain/Entities/Property/PropertyType.cs(13,5): warning CS1591: Missing XML comment for publicly visible type or member 'PropertyType.Tower' [/Users/kady/Masterdom/src/Masterdom.Modules.Properties/Masterdom.Modules.Properties.csproj]
/Users/kady/Masterdom/src/Masterdom.Modules.Properties/Domain/Entities/Property/PropertyType.cs(14,5): warning CS1591: Missing XML comment for publicly visible type or member 'PropertyType.Other' [/Users/kady/Masterdom/src/Masterdom.Modules.Properties/Masterdom.Modules.Properties.csproj]
/Users/kady/Masterdom/src/Masterdom.Modules.Properties/Domain/Entities/Property/StockLocation.cs(5,21): warning CS1591: Missing XML comment for publicly visible type or member 'StockLocation' [/Users/kady/Masterdom/src/Masterdom.Modules.Properties/Masterdom.Modules.Properties.csproj]
/Users/kady/Masterdom/src/Masterdom.Modules.Properties/Domain/Entities/Property/StockLocation.cs(15,19): warning CS1591: Missing XML comment for publicly visible type or member 'StockLocation.Name' [/Users/kady/Masterdom/src/Masterdom.Modules.Properties/Masterdom.Modules.Properties.csproj]
/Users/kady/Masterdom/src/Masterdom.Modules.Properties/Domain/Entities/Property/StockLocation.cs(17,20): warning CS1591: Missing XML comment for publicly visible type or member 'StockLocation.Code' [/Users/kady/Masterdom/src/Masterdom.Modules.Properties/Masterdom.Modules.Properties.csproj]
/Users/kady/Masterdom/src/Masterdom.Modules.Properties/Domain/Entities/Property/StockLocation.cs(19,17): warning CS1591: Missing XML comment for publicly visible type or member 'StockLocation.IsActive' [/Users/kady/Masterdom/src/Masterdom.Modules.Properties/Masterdom.Modules.Properties.csproj]
/Users/kady/Masterdom/src/Masterdom.Modules.Properties/Domain/Entities/Property/StockLocation.cs(21,23): warning CS1591: Missing XML comment for publicly visible type or member 'StockLocation.PropertyId' [/Users/kady/Masterdom/src/Masterdom.Modules.Properties/Masterdom.Modules.Properties.csproj]
/Users/kady/Masterdom/src/Masterdom.Modules.Properties/Domain/Entities/Property/StockLocation.cs(23,17): warning CS1591: Missing XML comment for publicly visible type or member 'StockLocation.Activate()' [/Users/kady/Masterdom/src/Masterdom.Modules.Properties/Masterdom.Modules.Properties.csproj]
/Users/kady/Masterdom/src/Masterdom.Modules.Properties/Domain/Entities/Property/StockLocation.cs(28,17): warning CS1591: Missing XML comment for publicly visible type or member 'StockLocation.Deactivate()' [/Users/kady/Masterdom/src/Masterdom.Modules.Properties/Masterdom.Modules.Properties.csproj]
/Users/kady/Masterdom/src/Masterdom.Modules.Properties/Domain/Entities/Property/StockLocationId.cs(5,22): warning CS1591: Missing XML comment for publicly visible type or member 'StockLocationId' [/Users/kady/Masterdom/src/Masterdom.Modules.Properties/Masterdom.Modules.Properties.csproj]
/Users/kady/Masterdom/src/Masterdom.Modules.Properties/Domain/Entities/Property/StockLocationId.cs(5,22): warning CS1591: Missing XML comment for publicly visible type or member 'StockLocationId.StockLocationId(Guid)' [/Users/kady/Masterdom/src/Masterdom.Modules.Properties/Masterdom.Modules.Properties.csproj]
/Users/kady/Masterdom/src/Masterdom.Modules.Properties/Domain/Entities/Property/StockLocationId.cs(7,35): warning CS1591: Missing XML comment for publicly visible type or member 'StockLocationId.New()' [/Users/kady/Masterdom/src/Masterdom.Modules.Properties/Masterdom.Modules.Properties.csproj]
/Users/kady/Masterdom/src/Masterdom.Modules.Properties/Domain/Entities/Property/StockLocationId.cs(9,35): warning CS1591: Missing XML comment for publicly visible type or member 'StockLocationId.From(Guid)' [/Users/kady/Masterdom/src/Masterdom.Modules.Properties/Masterdom.Modules.Properties.csproj]
/Users/kady/Masterdom/src/Masterdom.Modules.Properties/Domain/Entities/Property/UnitCode.cs(10,12): warning CS1591: Missing XML comment for publicly visible type or member 'UnitCode.UnitCode(string)' [/Users/kady/Masterdom/src/Masterdom.Modules.Properties/Masterdom.Modules.Properties.csproj]
/Users/kady/Masterdom/src/Masterdom.Modules.Properties/Domain/Entities/Property/UnitCode.cs(22,45): warning CS1591: Missing XML comment for publicly visible type or member 'UnitCode.GetEqualityComponents()' [/Users/kady/Masterdom/src/Masterdom.Modules.Properties/Masterdom.Modules.Properties.csproj]
/Users/kady/Masterdom/src/Masterdom.Modules.Properties/Domain/Entities/Property/UnitCode.cs(27,28): warning CS1591: Missing XML comment for publicly visible type or member 'UnitCode.ToString()' [/Users/kady/Masterdom/src/Masterdom.Modules.Properties/Masterdom.Modules.Properties.csproj]
/Users/kady/Masterdom/src/Masterdom.Modules.Properties/Domain/Entities/Property/UnitCode.cs(30,37): warning CS1591: Missing XML comment for publicly visible type or member 'UnitCode.implicit operator string(UnitCode)' [/Users/kady/Masterdom/src/Masterdom.Modules.Properties/Masterdom.Modules.Properties.csproj]
/Users/kady/Masterdom/src/Masterdom.Modules.Properties/Domain/Entities/Property/UnitId.cs(11,26): warning CS1591: Missing XML comment for publicly visible type or member 'UnitId.New()' [/Users/kady/Masterdom/src/Masterdom.Modules.Properties/Masterdom.Modules.Properties.csproj]
/Users/kady/Masterdom/src/Masterdom.Modules.Properties/Domain/Entities/Property/UnitName.cs(10,12): warning CS1591: Missing XML comment for publicly visible type or member 'UnitName.UnitName(string)' [/Users/kady/Masterdom/src/Masterdom.Modules.Properties/Masterdom.Modules.Properties.csproj]
/Users/kady/Masterdom/src/Masterdom.Modules.Properties/Domain/Entities/Property/UnitName.cs(17,19): warning CS1591: Missing XML comment for publicly visible type or member 'UnitName.Value' [/Users/kady/Masterdom/src/Masterdom.Modules.Properties/Masterdom.Modules.Properties.csproj]
/Users/kady/Masterdom/src/Masterdom.Modules.Properties/Domain/Entities/Property/UnitName.cs(19,45): warning CS1591: Missing XML comment for publicly visible type or member 'UnitName.GetEqualityComponents()' [/Users/kady/Masterdom/src/Masterdom.Modules.Properties/Masterdom.Modules.Properties.csproj]
/Users/kady/Masterdom/src/Masterdom.Modules.Properties/Domain/Entities/Property/UnitName.cs(24,28): warning CS1591: Missing XML comment for publicly visible type or member 'UnitName.ToString()' [/Users/kady/Masterdom/src/Masterdom.Modules.Properties/Masterdom.Modules.Properties.csproj]
/Users/kady/Masterdom/src/Masterdom.Modules.Properties/Domain/Entities/Property/UnitName.cs(27,37): warning CS1591: Missing XML comment for publicly visible type or member 'UnitName.implicit operator string(UnitName)' [/Users/kady/Masterdom/src/Masterdom.Modules.Properties/Masterdom.Modules.Properties.csproj]
/Users/kady/Masterdom/src/Masterdom.Modules.Properties/Domain/Entities/Property/UnitType.cs(8,5): warning CS1591: Missing XML comment for publicly visible type or member 'UnitType.Room' [/Users/kady/Masterdom/src/Masterdom.Modules.Properties/Masterdom.Modules.Properties.csproj]
/Users/kady/Masterdom/src/Masterdom.Modules.Properties/Domain/Entities/Property/UnitType.cs(9,5): warning CS1591: Missing XML comment for publicly visible type or member 'UnitType.Shop' [/Users/kady/Masterdom/src/Masterdom.Modules.Properties/Masterdom.Modules.Properties.csproj]
/Users/kady/Masterdom/src/Masterdom.Modules.Properties/Domain/Entities/Property/UnitType.cs(10,5): warning CS1591: Missing XML comment for publicly visible type or member 'UnitType.Warehouse' [/Users/kady/Masterdom/src/Masterdom.Modules.Properties/Masterdom.Modules.Properties.csproj]
/Users/kady/Masterdom/src/Masterdom.Modules.Properties/Domain/Entities/Property/UnitType.cs(11,5): warning CS1591: Missing XML comment for publicly visible type or member 'UnitType.Tower' [/Users/kady/Masterdom/src/Masterdom.Modules.Properties/Masterdom.Modules.Properties.csproj]
/Users/kady/Masterdom/src/Masterdom.Modules.Properties/Domain/Entities/Property/UnitType.cs(12,5): warning CS1591: Missing XML comment for publicly visible type or member 'UnitType.Office' [/Users/kady/Masterdom/src/Masterdom.Modules.Properties/Masterdom.Modules.Properties.csproj]
/Users/kady/Masterdom/src/Masterdom.Modules.Properties/Domain/Entities/Property/UnitType.cs(13,5): warning CS1591: Missing XML comment for publicly visible type or member 'UnitType.Parking' [/Users/kady/Masterdom/src/Masterdom.Modules.Properties/Masterdom.Modules.Properties.csproj]
/Users/kady/Masterdom/src/Masterdom.Modules.Properties/Domain/Entities/Property/UnitType.cs(14,5): warning CS1591: Missing XML comment for publicly visible type or member 'UnitType.Other' [/Users/kady/Masterdom/src/Masterdom.Modules.Properties/Masterdom.Modules.Properties.csproj]
/Users/kady/Masterdom/src/Masterdom.Modules.Properties/Domain/Policies/PropertyPolicies.cs(10,24): warning CS1591: Missing XML comment for publicly visible type or member 'PropertyPolicies.CanArchive(Property)' [/Users/kady/Masterdom/src/Masterdom.Modules.Properties/Masterdom.Modules.Properties.csproj]
/Users/kady/Masterdom/src/Masterdom.Modules.Properties/Domain/Policies/PropertyPolicies.cs(16,24): warning CS1591: Missing XML comment for publicly visible type or member 'PropertyPolicies.CanCreateUnit(Property)' [/Users/kady/Masterdom/src/Masterdom.Modules.Properties/Masterdom.Modules.Properties.csproj]
/Users/kady/Masterdom/src/Masterdom.Modules.Properties/Domain/Repositories/IPropertyRepository.cs(10,15): warning CS1591: Missing XML comment for publicly visible type or member 'IPropertyRepository.GetById(PropertyId)' [/Users/kady/Masterdom/src/Masterdom.Modules.Properties/Masterdom.Modules.Properties.csproj]
/Users/kady/Masterdom/src/Masterdom.Modules.Properties/Domain/Repositories/IPropertyRepository.cs(12,15): warning CS1591: Missing XML comment for publicly visible type or member 'IPropertyRepository.GetByCode(PropertyCode)' [/Users/kady/Masterdom/src/Masterdom.Modules.Properties/Masterdom.Modules.Properties.csproj]
/Users/kady/Masterdom/src/Masterdom.Modules.Properties/Domain/Repositories/IPropertyRepository.cs(14,31): warning CS1591: Missing XML comment for publicly visible type or member 'IPropertyRepository.ListUnits(PropertyId)' [/Users/kady/Masterdom/src/Masterdom.Modules.Properties/Masterdom.Modules.Properties.csproj]
/Users/kady/Masterdom/src/Masterdom.Modules.Properties/Domain/Repositories/IPropertyRepository.cs(16,35): warning CS1591: Missing XML comment for publicly visible type or member 'IPropertyRepository.Search(string?, int)' [/Users/kady/Masterdom/src/Masterdom.Modules.Properties/Masterdom.Modules.Properties.csproj]
/Users/kady/Masterdom/src/Masterdom.Modules.Properties/Domain/Repositories/IPropertyRepository.cs(18,10): warning CS1591: Missing XML comment for publicly visible type or member 'IPropertyRepository.Add(Property)' [/Users/kady/Masterdom/src/Masterdom.Modules.Properties/Masterdom.Modules.Properties.csproj]
/Users/kady/Masterdom/src/Masterdom.Modules.Properties/Domain/Repositories/IPropertyRepository.cs(20,10): warning CS1591: Missing XML comment for publicly visible type or member 'IPropertyRepository.Update(Property)' [/Users/kady/Masterdom/src/Masterdom.Modules.Properties/Masterdom.Modules.Properties.csproj]
/Users/kady/Masterdom/src/Masterdom.Modules.Properties/Infrastructure/Persistence/Configurations/PropertyConfiguration.cs(7,21): warning CS1591: Missing XML comment for publicly visible type or member 'PropertyConfiguration' [/Users/kady/Masterdom/src/Masterdom.Modules.Properties/Masterdom.Modules.Properties.csproj]
/Users/kady/Masterdom/src/Masterdom.Modules.Properties/Infrastructure/Persistence/Configurations/PropertyConfiguration.cs(9,17): warning CS1591: Missing XML comment for publicly visible type or member 'PropertyConfiguration.Configure(EntityTypeBuilder<Property>)' [/Users/kady/Masterdom/src/Masterdom.Modules.Properties/Masterdom.Modules.Properties.csproj]
/Users/kady/Masterdom/src/Masterdom.Modules.Properties/Infrastructure/Persistence/Configurations/StockLocationConfiguration.cs(7,21): warning CS1591: Missing XML comment for publicly visible type or member 'StockLocationConfiguration' [/Users/kady/Masterdom/src/Masterdom.Modules.Properties/Masterdom.Modules.Properties.csproj]
/Users/kady/Masterdom/src/Masterdom.Modules.Properties/Infrastructure/Persistence/Configurations/StockLocationConfiguration.cs(9,17): warning CS1591: Missing XML comment for publicly visible type or member 'StockLocationConfiguration.Configure(EntityTypeBuilder<StockLocation>)' [/Users/kady/Masterdom/src/Masterdom.Modules.Properties/Masterdom.Modules.Properties.csproj]
/Users/kady/Masterdom/src/Masterdom.Modules.Properties/Infrastructure/Persistence/Configurations/UnitConfiguration.cs(7,21): warning CS1591: Missing XML comment for publicly visible type or member 'UnitConfiguration' [/Users/kady/Masterdom/src/Masterdom.Modules.Properties/Masterdom.Modules.Properties.csproj]
/Users/kady/Masterdom/src/Masterdom.Modules.Properties/Infrastructure/Persistence/Configurations/UnitConfiguration.cs(9,17): warning CS1591: Missing XML comment for publicly visible type or member 'UnitConfiguration.Configure(EntityTypeBuilder<Unit>)' [/Users/kady/Masterdom/src/Masterdom.Modules.Properties/Masterdom.Modules.Properties.csproj]
/Users/kady/Masterdom/src/Masterdom.Modules.Properties/Domain/Entities/Property/Unit.cs(153,9): warning CA2264: Calling 'ArgumentNullException.ThrowIfNull' and passing a non-nullable value is a no-op (https://learn.microsoft.com/dotnet/fundamentals/code-analysis/quality-rules/ca2264) [/Users/kady/Masterdom/src/Masterdom.Modules.Properties/Masterdom.Modules.Properties.csproj]
/Users/kady/Masterdom/src/Masterdom.Modules.Properties/Domain/Entities/Property/Property.cs(275,9): warning CA2264: Calling 'ArgumentNullException.ThrowIfNull' and passing a non-nullable value is a no-op (https://learn.microsoft.com/dotnet/fundamentals/code-analysis/quality-rules/ca2264) [/Users/kady/Masterdom/src/Masterdom.Modules.Properties/Masterdom.Modules.Properties.csproj]
/Users/kady/Masterdom/src/Masterdom.Modules.Properties/Domain/Entities/Property/Property.cs(434,9): warning CA2264: Calling 'ArgumentNullException.ThrowIfNull' and passing a non-nullable value is a no-op (https://learn.microsoft.com/dotnet/fundamentals/code-analysis/quality-rules/ca2264) [/Users/kady/Masterdom/src/Masterdom.Modules.Properties/Masterdom.Modules.Properties.csproj]
/Users/kady/Masterdom/src/Masterdom.Modules.Billing/Application/Support/ExecutionResult.cs(54,38): warning CS0108: 'ExecutionResult<T>.Failure(string, string)' hides inherited member 'ExecutionResult.Failure(string, string)'. Use the new keyword if hiding was intended. [/Users/kady/Masterdom/src/Masterdom.Modules.Billing/Masterdom.Modules.Billing.csproj]
/Users/kady/Masterdom/src/Masterdom.Modules.Billing/Application/Capabilities/Billability/BillabilityDeterminationService.cs(11,40): warning CS1591: Missing XML comment for publicly visible type or member 'BillabilityDeterminationService.Determine(BillabilityResolutionRequest)' [/Users/kady/Masterdom/src/Masterdom.Modules.Billing/Masterdom.Modules.Billing.csproj]
/Users/kady/Masterdom/src/Masterdom.Modules.Billing/Application/Capabilities/Billability/Contracts/BillabilityCandidate.cs(5,22): warning CS1591: Missing XML comment for publicly visible type or member 'BillabilityCandidate' [/Users/kady/Masterdom/src/Masterdom.Modules.Billing/Masterdom.Modules.Billing.csproj]
/Users/kady/Masterdom/src/Masterdom.Modules.Billing/Application/Capabilities/Billability/Contracts/BillabilityCandidate.cs(5,22): warning CS1591: Missing XML comment for publicly visible type or member 'BillabilityCandidate.BillabilityCandidate(TenancyReference?, LeaseReference?, PropertyReference?, Guid?, PersonReference?)' [/Users/kady/Masterdom/src/Masterdom.Modules.Billing/Masterdom.Modules.Billing.csproj]
/Users/kady/Masterdom/src/Masterdom.Modules.Billing/Application/Capabilities/Billability/Contracts/BillabilityCandidate.cs(6,23): warning CS1591: Missing XML comment for publicly visible type or member 'BillabilityCandidate.TenancyReference' [/Users/kady/Masterdom/src/Masterdom.Modules.Billing/Masterdom.Modules.Billing.csproj]
/Users/kady/Masterdom/src/Masterdom.Modules.Billing/Application/Capabilities/Billability/Contracts/BillabilityCandidate.cs(7,21): warning CS1591: Missing XML comment for publicly visible type or member 'BillabilityCandidate.LeaseReference' [/Users/kady/Masterdom/src/Masterdom.Modules.Billing/Masterdom.Modules.Billing.csproj]
/Users/kady/Masterdom/src/Masterdom.Modules.Billing/Application/Capabilities/Billability/Contracts/BillabilityCandidate.cs(8,24): warning CS1591: Missing XML comment for publicly visible type or member 'BillabilityCandidate.PropertyReference' [/Users/kady/Masterdom/src/Masterdom.Modules.Billing/Masterdom.Modules.Billing.csproj]
/Users/kady/Masterdom/src/Masterdom.Modules.Billing/Application/Capabilities/Billability/Contracts/BillabilityCandidate.cs(9,11): warning CS1591: Missing XML comment for publicly visible type or member 'BillabilityCandidate.UnitId' [/Users/kady/Masterdom/src/Masterdom.Modules.Billing/Masterdom.Modules.Billing.csproj]
/Users/kady/Masterdom/src/Masterdom.Modules.Billing/Application/Capabilities/Billability/Contracts/BillabilityCandidate.cs(10,22): warning CS1591: Missing XML comment for publicly visible type or member 'BillabilityCandidate.PrimaryOccupantReference' [/Users/kady/Masterdom/src/Masterdom.Modules.Billing/Masterdom.Modules.Billing.csproj]
/Users/kady/Masterdom/src/Masterdom.Modules.Billing/Application/Capabilities/Billability/Contracts/BillabilityDecision.cs(3,22): warning CS1591: Missing XML comment for publicly visible type or member 'BillabilityDecision' [/Users/kady/Masterdom/src/Masterdom.Modules.Billing/Masterdom.Modules.Billing.csproj]
/Users/kady/Masterdom/src/Masterdom.Modules.Billing/Application/Capabilities/Billability/Contracts/BillabilityDecision.cs(3,22): warning CS1591: Missing XML comment for publicly visible type or member 'BillabilityDecision.BillabilityDecision(bool, IReadOnlyCollection<BillabilityExclusionReason>, IReadOnlyCollection<string>)' [/Users/kady/Masterdom/src/Masterdom.Modules.Billing/Masterdom.Modules.Billing.csproj]
/Users/kady/Masterdom/src/Masterdom.Modules.Billing/Application/Capabilities/Billability/Contracts/BillabilityDecision.cs(4,10): warning CS1591: Missing XML comment for publicly visible type or member 'BillabilityDecision.IsBillable' [/Users/kady/Masterdom/src/Masterdom.Modules.Billing/Masterdom.Modules.Billing.csproj]
/Users/kady/Masterdom/src/Masterdom.Modules.Billing/Application/Capabilities/Billability/Contracts/BillabilityDecision.cs(5,53): warning CS1591: Missing XML comment for publicly visible type or member 'BillabilityDecision.Reasons' [/Users/kady/Masterdom/src/Masterdom.Modules.Billing/Masterdom.Modules.Billing.csproj]
/Users/kady/Masterdom/src/Masterdom.Modules.Billing/Application/Capabilities/Billability/Contracts/BillabilityDecision.cs(6,33): warning CS1591: Missing XML comment for publicly visible type or member 'BillabilityDecision.Warnings' [/Users/kady/Masterdom/src/Masterdom.Modules.Billing/Masterdom.Modules.Billing.csproj]
/Users/kady/Masterdom/src/Masterdom.Modules.Billing/Application/Capabilities/Billability/Contracts/BillabilityDecision.cs(8,39): warning CS1591: Missing XML comment for publicly visible type or member 'BillabilityDecision.Billable()' [/Users/kady/Masterdom/src/Masterdom.Modules.Billing/Masterdom.Modules.Billing.csproj]
/Users/kady/Masterdom/src/Masterdom.Modules.Billing/Application/Capabilities/Billability/Contracts/BillabilityDecision.cs(13,39): warning CS1591: Missing XML comment for publicly visible type or member 'BillabilityDecision.Excluded(IReadOnlyCollection<BillabilityExclusionReason>)' [/Users/kady/Masterdom/src/Masterdom.Modules.Billing/Masterdom.Modules.Billing.csproj]
/Users/kady/Masterdom/src/Masterdom.Modules.Billing/Application/Capabilities/Billability/Contracts/BillabilityExclusionReason.cs(3,13): warning CS1591: Missing XML comment for publicly visible type or member 'BillabilityExclusionReason' [/Users/kady/Masterdom/src/Masterdom.Modules.Billing/Masterdom.Modules.Billing.csproj]
/Users/kady/Masterdom/src/Masterdom.Modules.Billing/Application/Capabilities/Billability/Contracts/BillabilityExclusionReason.cs(5,5): warning CS1591: Missing XML comment for publicly visible type or member 'BillabilityExclusionReason.InactiveLease' [/Users/kady/Masterdom/src/Masterdom.Modules.Billing/Masterdom.Modules.Billing.csproj]
/Users/kady/Masterdom/src/Masterdom.Modules.Billing/Application/Capabilities/Billability/Contracts/BillabilityExclusionReason.cs(6,5): warning CS1591: Missing XML comment for publicly visible type or member 'BillabilityExclusionReason.InactiveTenancy' [/Users/kady/Masterdom/src/Masterdom.Modules.Billing/Masterdom.Modules.Billing.csproj]
/Users/kady/Masterdom/src/Masterdom.Modules.Billing/Application/Capabilities/Billability/Contracts/BillabilityExclusionReason.cs(7,5): warning CS1591: Missing XML comment for publicly visible type or member 'BillabilityExclusionReason.FutureLease' [/Users/kady/Masterdom/src/Masterdom.Modules.Billing/Masterdom.Modules.Billing.csproj]
/Users/kady/Masterdom/src/Masterdom.Modules.Billing/Application/Capabilities/Billability/Contracts/BillabilityExclusionReason.cs(8,5): warning CS1591: Missing XML comment for publicly visible type or member 'BillabilityExclusionReason.ExpiredLease' [/Users/kady/Masterdom/src/Masterdom.Modules.Billing/Masterdom.Modules.Billing.csproj]
/Users/kady/Masterdom/src/Masterdom.Modules.Billing/Application/Capabilities/Billability/Contracts/BillabilityExclusionReason.cs(9,5): warning CS1591: Missing XML comment for publicly visible type or member 'BillabilityExclusionReason.VacantUnit' [/Users/kady/Masterdom/src/Masterdom.Modules.Billing/Masterdom.Modules.Billing.csproj]
/Users/kady/Masterdom/src/Masterdom.Modules.Billing/Application/Capabilities/Billability/Contracts/BillabilityExclusionReason.cs(10,5): warning CS1591: Missing XML comment for publicly visible type or member 'BillabilityExclusionReason.NoPrimaryOccupant' [/Users/kady/Masterdom/src/Masterdom.Modules.Billing/Masterdom.Modules.Billing.csproj]
/Users/kady/Masterdom/src/Masterdom.Modules.Billing/Application/Capabilities/Billability/Contracts/BillabilityExclusionReason.cs(11,5): warning CS1591: Missing XML comment for publicly visible type or member 'BillabilityExclusionReason.OutsideBillingPeriod' [/Users/kady/Masterdom/src/Masterdom.Modules.Billing/Masterdom.Modules.Billing.csproj]
/Users/kady/Masterdom/src/Masterdom.Modules.Billing/Application/Capabilities/Billability/Contracts/BillabilityExclusionReason.cs(12,5): warning CS1591: Missing XML comment for publicly visible type or member 'BillabilityExclusionReason.MissingReference' [/Users/kady/Masterdom/src/Masterdom.Modules.Billing/Masterdom.Modules.Billing.csproj]
/Users/kady/Masterdom/src/Masterdom.Modules.Billing/Application/Capabilities/Billability/Contracts/BillabilityResolutionRequest.cs(5,22): warning CS1591: Missing XML comment for publicly visible type or member 'BillabilityResolutionRequest' [/Users/kady/Masterdom/src/Masterdom.Modules.Billing/Masterdom.Modules.Billing.csproj]
/Users/kady/Masterdom/src/Masterdom.Modules.Billing/Application/Capabilities/Billability/Contracts/BillabilityResolutionRequest.cs(5,22): warning CS1591: Missing XML comment for publicly visible type or member 'BillabilityResolutionRequest.BillabilityResolutionRequest(BillingPeriod, IReadOnlyCollection<BillabilityResolutionRequest.CandidateProjection>)' [/Users/kady/Masterdom/src/Masterdom.Modules.Billing/Masterdom.Modules.Billing.csproj]
/Users/kady/Masterdom/src/Masterdom.Modules.Billing/Application/Capabilities/Billability/Contracts/BillabilityResolutionRequest.cs(6,19): warning CS1591: Missing XML comment for publicly visible type or member 'BillabilityResolutionRequest.BillingPeriod' [/Users/kady/Masterdom/src/Masterdom.Modules.Billing/Masterdom.Modules.Billing.csproj]
/Users/kady/Masterdom/src/Masterdom.Modules.Billing/Application/Capabilities/Billability/Contracts/BillabilityResolutionRequest.cs(7,75): warning CS1591: Missing XML comment for publicly visible type or member 'BillabilityResolutionRequest.Candidates' [/Users/kady/Masterdom/src/Masterdom.Modules.Billing/Masterdom.Modules.Billing.csproj]
/Users/kady/Masterdom/src/Masterdom.Modules.Billing/Application/Capabilities/Billability/Contracts/BillabilityResolutionRequest.cs(9,26): warning CS1591: Missing XML comment for publicly visible type or member 'BillabilityResolutionRequest.CandidateProjection' [/Users/kady/Masterdom/src/Masterdom.Modules.Billing/Masterdom.Modules.Billing.csproj]
/Users/kady/Masterdom/src/Masterdom.Modules.Billing/Application/Capabilities/Billability/Contracts/BillabilityResolutionRequest.cs(9,26): warning CS1591: Missing XML comment for publicly visible type or member 'BillabilityResolutionRequest.CandidateProjection.CandidateProjection(TenancyReference?, LeaseReference?, PropertyReference?, Guid?, PersonReference?, string, DateOnly, DateOnly, string, DateOnly, DateOnly?, string)' [/Users/kady/Masterdom/src/Masterdom.Modules.Billing/Masterdom.Modules.Billing.csproj]
/Users/kady/Masterdom/src/Masterdom.Modules.Billing/Application/Capabilities/Billability/Contracts/BillabilityResolutionRequest.cs(10,27): warning CS1591: Missing XML comment for publicly visible type or member 'BillabilityResolutionRequest.CandidateProjection.TenancyReference' [/Users/kady/Masterdom/src/Masterdom.Modules.Billing/Masterdom.Modules.Billing.csproj]
/Users/kady/Masterdom/src/Masterdom.Modules.Billing/Application/Capabilities/Billability/Contracts/BillabilityResolutionRequest.cs(11,25): warning CS1591: Missing XML comment for publicly visible type or member 'BillabilityResolutionRequest.CandidateProjection.LeaseReference' [/Users/kady/Masterdom/src/Masterdom.Modules.Billing/Masterdom.Modules.Billing.csproj]
/Users/kady/Masterdom/src/Masterdom.Modules.Billing/Application/Capabilities/Billability/Contracts/BillabilityResolutionRequest.cs(12,28): warning CS1591: Missing XML comment for publicly visible type or member 'BillabilityResolutionRequest.CandidateProjection.PropertyReference' [/Users/kady/Masterdom/src/Masterdom.Modules.Billing/Masterdom.Modules.Billing.csproj]
/Users/kady/Masterdom/src/Masterdom.Modules.Billing/Application/Capabilities/Billability/Contracts/BillabilityResolutionRequest.cs(13,15): warning CS1591: Missing XML comment for publicly visible type or member 'BillabilityResolutionRequest.CandidateProjection.UnitId' [/Users/kady/Masterdom/src/Masterdom.Modules.Billing/Masterdom.Modules.Billing.csproj]
/Users/kady/Masterdom/src/Masterdom.Modules.Billing/Application/Capabilities/Billability/Contracts/BillabilityResolutionRequest.cs(14,26): warning CS1591: Missing XML comment for publicly visible type or member 'BillabilityResolutionRequest.CandidateProjection.PrimaryOccupantReference' [/Users/kady/Masterdom/src/Masterdom.Modules.Billing/Masterdom.Modules.Billing.csproj]
/Users/kady/Masterdom/src/Masterdom.Modules.Billing/Application/Capabilities/Billability/Contracts/BillabilityResolutionRequest.cs(15,16): warning CS1591: Missing XML comment for publicly visible type or member 'BillabilityResolutionRequest.CandidateProjection.LeaseStatus' [/Users/kady/Masterdom/src/Masterdom.Modules.Billing/Masterdom.Modules.Billing.csproj]
/Users/kady/Masterdom/src/Masterdom.Modules.Billing/Application/Capabilities/Billability/Contracts/BillabilityResolutionRequest.cs(16,18): warning CS1591: Missing XML comment for publicly visible type or member 'BillabilityResolutionRequest.CandidateProjection.LeaseEffectiveDate' [/Users/kady/Masterdom/src/Masterdom.Modules.Billing/Masterdom.Modules.Billing.csproj]
/Users/kady/Masterdom/src/Masterdom.Modules.Billing/Application/Capabilities/Billability/Contracts/BillabilityResolutionRequest.cs(17,18): warning CS1591: Missing XML comment for publicly visible type or member 'BillabilityResolutionRequest.CandidateProjection.LeaseExpiryDate' [/Users/kady/Masterdom/src/Masterdom.Modules.Billing/Masterdom.Modules.Billing.csproj]
/Users/kady/Masterdom/src/Masterdom.Modules.Billing/Application/Capabilities/Billability/Contracts/BillabilityResolutionRequest.cs(18,16): warning CS1591: Missing XML comment for publicly visible type or member 'BillabilityResolutionRequest.CandidateProjection.TenancyStatus' [/Users/kady/Masterdom/src/Masterdom.Modules.Billing/Masterdom.Modules.Billing.csproj]
/Users/kady/Masterdom/src/Masterdom.Modules.Billing/Application/Capabilities/Billability/Contracts/BillabilityResolutionRequest.cs(19,18): warning CS1591: Missing XML comment for publicly visible type or member 'BillabilityResolutionRequest.CandidateProjection.MoveInDate' [/Users/kady/Masterdom/src/Masterdom.Modules.Billing/Masterdom.Modules.Billing.csproj]
/Users/kady/Masterdom/src/Masterdom.Modules.Billing/Application/Capabilities/Billability/Contracts/BillabilityResolutionRequest.cs(20,19): warning CS1591: Missing XML comment for publicly visible type or member 'BillabilityResolutionRequest.CandidateProjection.MoveOutDate' [/Users/kady/Masterdom/src/Masterdom.Modules.Billing/Masterdom.Modules.Billing.csproj]
/Users/kady/Masterdom/src/Masterdom.Modules.Billing/Application/Capabilities/Billability/Contracts/BillabilityResolutionRequest.cs(21,16): warning CS1591: Missing XML comment for publicly visible type or member 'BillabilityResolutionRequest.CandidateProjection.UnitOccupancyStatus' [/Users/kady/Masterdom/src/Masterdom.Modules.Billing/Masterdom.Modules.Billing.csproj]
/Users/kady/Masterdom/src/Masterdom.Modules.Billing/Application/Capabilities/Billability/Contracts/BillabilityResolutionResult.cs(3,22): warning CS1591: Missing XML comment for publicly visible type or member 'BillabilityResolutionResult' [/Users/kady/Masterdom/src/Masterdom.Modules.Billing/Masterdom.Modules.Billing.csproj]
/Users/kady/Masterdom/src/Masterdom.Modules.Billing/Application/Capabilities/Billability/Contracts/BillabilityResolutionResult.cs(3,22): warning CS1591: Missing XML comment for publicly visible type or member 'BillabilityResolutionResult.BillabilityResolutionResult(IReadOnlyCollection<BillabilityCandidate>, IReadOnlyCollection<ExcludedBillabilityCandidate>)' [/Users/kady/Masterdom/src/Masterdom.Modules.Billing/Masterdom.Modules.Billing.csproj]
/Users/kady/Masterdom/src/Masterdom.Modules.Billing/Application/Capabilities/Billability/Contracts/BillabilityResolutionResult.cs(4,47): warning CS1591: Missing XML comment for publicly visible type or member 'BillabilityResolutionResult.IncludedCandidates' [/Users/kady/Masterdom/src/Masterdom.Modules.Billing/Masterdom.Modules.Billing.csproj]
/Users/kady/Masterdom/src/Masterdom.Modules.Billing/Application/Capabilities/Billability/Contracts/BillabilityResolutionResult.cs(5,55): warning CS1591: Missing XML comment for publicly visible type or member 'BillabilityResolutionResult.ExcludedCandidates' [/Users/kady/Masterdom/src/Masterdom.Modules.Billing/Masterdom.Modules.Billing.csproj]
/Users/kady/Masterdom/src/Masterdom.Modules.Billing/Application/Capabilities/Billability/Contracts/BillabilityResolutionResult.cs(7,16): warning CS1591: Missing XML comment for publicly visible type or member 'BillabilityResolutionResult.TotalEvaluated' [/Users/kady/Masterdom/src/Masterdom.Modules.Billing/Masterdom.Modules.Billing.csproj]
/Users/kady/Masterdom/src/Masterdom.Modules.Billing/Application/Capabilities/Billability/Contracts/BillabilityResolutionResult.cs(9,16): warning CS1591: Missing XML comment for publicly visible type or member 'BillabilityResolutionResult.TotalIncluded' [/Users/kady/Masterdom/src/Masterdom.Modules.Billing/Masterdom.Modules.Billing.csproj]
/Users/kady/Masterdom/src/Masterdom.Modules.Billing/Application/Capabilities/Billability/Contracts/BillabilityResolutionResult.cs(11,16): warning CS1591: Missing XML comment for publicly visible type or member 'BillabilityResolutionResult.TotalExcluded' [/Users/kady/Masterdom/src/Masterdom.Modules.Billing/Masterdom.Modules.Billing.csproj]
/Users/kady/Masterdom/src/Masterdom.Modules.Billing/Application/Capabilities/Billability/Contracts/BillabilityResolutionResult.cs(13,65): warning CS1591: Missing XML comment for publicly visible type or member 'BillabilityResolutionResult.ExclusionCountsByReason' [/Users/kady/Masterdom/src/Masterdom.Modules.Billing/Masterdom.Modules.Billing.csproj]
/Users/kady/Masterdom/src/Masterdom.Modules.Billing/Application/Capabilities/Billability/Contracts/ExcludedBillabilityCandidate.cs(3,22): warning CS1591: Missing XML comment for publicly visible type or member 'ExcludedBillabilityCandidate' [/Users/kady/Masterdom/src/Masterdom.Modules.Billing/Masterdom.Modules.Billing.csproj]
/Users/kady/Masterdom/src/Masterdom.Modules.Billing/Application/Capabilities/Billability/Contracts/ExcludedBillabilityCandidate.cs(3,22): warning CS1591: Missing XML comment for publicly visible type or member 'ExcludedBillabilityCandidate.ExcludedBillabilityCandidate(BillabilityCandidate, BillabilityDecision)' [/Users/kady/Masterdom/src/Masterdom.Modules.Billing/Masterdom.Modules.Billing.csproj]
/Users/kady/Masterdom/src/Masterdom.Modules.Billing/Application/Capabilities/Billability/Contracts/ExcludedBillabilityCandidate.cs(4,26): warning CS1591: Missing XML comment for publicly visible type or member 'ExcludedBillabilityCandidate.Candidate' [/Users/kady/Masterdom/src/Masterdom.Modules.Billing/Masterdom.Modules.Billing.csproj]
/Users/kady/Masterdom/src/Masterdom.Modules.Billing/Application/Capabilities/Billability/Contracts/ExcludedBillabilityCandidate.cs(5,25): warning CS1591: Missing XML comment for publicly visible type or member 'ExcludedBillabilityCandidate.Decision' [/Users/kady/Masterdom/src/Masterdom.Modules.Billing/Masterdom.Modules.Billing.csproj]
/Users/kady/Masterdom/src/Masterdom.Modules.Billing/Application/Capabilities/BillPersistence/BillPersistenceCapability.cs(5,14): warning CS1591: Missing XML comment for publicly visible type or member 'BillPersistenceCapability' [/Users/kady/Masterdom/src/Masterdom.Modules.Billing/Masterdom.Modules.Billing.csproj]
/Users/kady/Masterdom/src/Masterdom.Modules.Billing/Application/Capabilities/BillPersistence/BillPersistenceCapability.cs(9,12): warning CS1591: Missing XML comment for publicly visible type or member 'BillPersistenceCapability.BillPersistenceCapability(IBillPersistenceService)' [/Users/kady/Masterdom/src/Masterdom.Modules.Billing/Masterdom.Modules.Billing.csproj]
/Users/kady/Masterdom/src/Masterdom.Modules.Billing/Application/Capabilities/BillPersistence/BillPersistenceCapability.cs(14,42): warning CS1591: Missing XML comment for publicly visible type or member 'BillPersistenceCapability.Persist(BillPersistenceRequest)' [/Users/kady/Masterdom/src/Masterdom.Modules.Billing/Masterdom.Modules.Billing.csproj]
/Users/kady/Masterdom/src/Masterdom.Modules.Billing/Application/Capabilities/BillPersistence/BillPersistenceOperation.cs(8,14): warning CS1591: Missing XML comment for publicly visible type or member 'BillPersistenceOperation' [/Users/kady/Masterdom/src/Masterdom.Modules.Billing/Masterdom.Modules.Billing.csproj]
/Users/kady/Masterdom/src/Masterdom.Modules.Billing/Application/Capabilities/BillPersistence/BillPersistenceOperation.cs(13,12): warning CS1591: Missing XML comment for publicly visible type or member 'BillPersistenceOperation.BillPersistenceOperation(IBillRepository, IBillingUnitOfWork)' [/Users/kady/Masterdom/src/Masterdom.Modules.Billing/Masterdom.Modules.Billing.csproj]
/Users/kady/Masterdom/src/Masterdom.Modules.Billing/Application/Capabilities/BillPersistence/BillPersistenceOperation.cs(21,55): warning CS1591: Missing XML comment for publicly visible type or member 'BillPersistenceOperation.Execute(BillPersistenceRequest)' [/Users/kady/Masterdom/src/Masterdom.Modules.Billing/Masterdom.Modules.Billing.csproj]
/Users/kady/Masterdom/src/Masterdom.Modules.Billing/Application/Capabilities/BillPersistence/BillPersistenceService.cs(9,21): warning CS1591: Missing XML comment for publicly visible type or member 'BillPersistenceService' [/Users/kady/Masterdom/src/Masterdom.Modules.Billing/Masterdom.Modules.Billing.csproj]
/Users/kady/Masterdom/src/Masterdom.Modules.Billing/Application/Capabilities/BillPersistence/BillPersistenceService.cs(17,12): warning CS1591: Missing XML comment for publicly visible type or member 'BillPersistenceService.BillPersistenceService(BillPersistenceOperation, IBillingPlatformOrchestrator, BillingNotificationProjector)' [/Users/kady/Masterdom/src/Masterdom.Modules.Billing/Masterdom.Modules.Billing.csproj]
/Users/kady/Masterdom/src/Masterdom.Modules.Billing/Application/Capabilities/BillPersistence/BillPersistenceService.cs(27,34): warning CS1591: Missing XML comment for publicly visible type or member 'BillPersistenceService.Persist(BillPersistenceRequest)' [/Users/kady/Masterdom/src/Masterdom.Modules.Billing/Masterdom.Modules.Billing.csproj]
/Users/kady/Masterdom/src/Masterdom.Modules.Billing/Application/Capabilities/BillPersistence/Contracts/BillPersistenceRequest.cs(5,21): warning CS1591: Missing XML comment for publicly visible type or member 'BillPersistenceRequest' [/Users/kady/Masterdom/src/Masterdom.Modules.Billing/Masterdom.Modules.Billing.csproj]
/Users/kady/Masterdom/src/Masterdom.Modules.Billing/Application/Capabilities/BillPersistence/Contracts/BillPersistenceRequest.cs(7,12): warning CS1591: Missing XML comment for publicly visible type or member 'BillPersistenceRequest.BillPersistenceRequest(IReadOnlyCollection<Bill>)' [/Users/kady/Masterdom/src/Masterdom.Modules.Billing/Masterdom.Modules.Billing.csproj]
/Users/kady/Masterdom/src/Masterdom.Modules.Billing/Application/Capabilities/BillPersistence/Contracts/BillPersistenceRequest.cs(14,47): warning CS1591: Missing XML comment for publicly visible type or member 'BillPersistenceRequest.Bills' [/Users/kady/Masterdom/src/Masterdom.Modules.Billing/Masterdom.Modules.Billing.csproj]
/Users/kady/Masterdom/src/Masterdom.Modules.Billing/Application/Capabilities/BillPersistence/Contracts/BillPersistenceResult.cs(5,21): warning CS1591: Missing XML comment for publicly visible type or member 'BillPersistenceResult' [/Users/kady/Masterdom/src/Masterdom.Modules.Billing/Masterdom.Modules.Billing.csproj]
/Users/kady/Masterdom/src/Masterdom.Modules.Billing/Application/Capabilities/BillPersistence/Contracts/BillPersistenceResult.cs(7,12): warning CS1591: Missing XML comment for publicly visible type or member 'BillPersistenceResult.BillPersistenceResult(IReadOnlyCollection<Bill>)' [/Users/kady/Masterdom/src/Masterdom.Modules.Billing/Masterdom.Modules.Billing.csproj]
/Users/kady/Masterdom/src/Masterdom.Modules.Billing/Application/Capabilities/BillPersistence/Contracts/BillPersistenceResult.cs(14,47): warning CS1591: Missing XML comment for publicly visible type or member 'BillPersistenceResult.PersistedBills' [/Users/kady/Masterdom/src/Masterdom.Modules.Billing/Masterdom.Modules.Billing.csproj]
/Users/kady/Masterdom/src/Masterdom.Modules.Billing/Application/Capabilities/BillPersistence/Contracts/BillPersistenceResult.cs(16,16): warning CS1591: Missing XML comment for publicly visible type or member 'BillPersistenceResult.PersistedCount' [/Users/kady/Masterdom/src/Masterdom.Modules.Billing/Masterdom.Modules.Billing.csproj]
/Users/kady/Masterdom/src/Masterdom.Modules.Billing/Application/Capabilities/BillPersistence/IBillPersistenceService.cs(5,18): warning CS1591: Missing XML comment for publicly visible type or member 'IBillPersistenceService' [/Users/kady/Masterdom/src/Masterdom.Modules.Billing/Masterdom.Modules.Billing.csproj]
/Users/kady/Masterdom/src/Masterdom.Modules.Billing/Application/Capabilities/BillPersistence/IBillPersistenceService.cs(7,27): warning CS1591: Missing XML comment for publicly visible type or member 'IBillPersistenceService.Persist(BillPersistenceRequest)' [/Users/kady/Masterdom/src/Masterdom.Modules.Billing/Masterdom.Modules.Billing.csproj]
/Users/kady/Masterdom/src/Masterdom.Modules.Billing/Application/Capabilities/ChargeComposition/Additional/AdditionalChargeSource.cs(6,21): warning CS1591: Missing XML comment for publicly visible type or member 'AdditionalChargeSource' [/Users/kady/Masterdom/src/Masterdom.Modules.Billing/Masterdom.Modules.Billing.csproj]
/Users/kady/Masterdom/src/Masterdom.Modules.Billing/Application/Capabilities/ChargeComposition/Additional/AdditionalChargeSource.cs(8,19): warning CS1591: Missing XML comment for publicly visible type or member 'AdditionalChargeSource.ProviderId' [/Users/kady/Masterdom/src/Masterdom.Modules.Billing/Masterdom.Modules.Billing.csproj]
/Users/kady/Masterdom/src/Masterdom.Modules.Billing/Application/Capabilities/ChargeComposition/Additional/AdditionalChargeSource.cs(10,49): warning CS1591: Missing XML comment for publicly visible type or member 'AdditionalChargeSource.Compose(ChargeCompositionRequest)' [/Users/kady/Masterdom/src/Masterdom.Modules.Billing/Masterdom.Modules.Billing.csproj]
/Users/kady/Masterdom/src/Masterdom.Modules.Billing/Application/Capabilities/ChargeComposition/Arrears/CarryForwardChargeSource.cs(6,21): warning CS1591: Missing XML comment for publicly visible type or member 'CarryForwardChargeSource' [/Users/kady/Masterdom/src/Masterdom.Modules.Billing/Masterdom.Modules.Billing.csproj]
/Users/kady/Masterdom/src/Masterdom.Modules.Billing/Application/Capabilities/ChargeComposition/Arrears/CarryForwardChargeSource.cs(8,19): warning CS1591: Missing XML comment for publicly visible type or member 'CarryForwardChargeSource.ProviderId' [/Users/kady/Masterdom/src/Masterdom.Modules.Billing/Masterdom.Modules.Billing.csproj]
/Users/kady/Masterdom/src/Masterdom.Modules.Billing/Application/Capabilities/ChargeComposition/Arrears/CarryForwardChargeSource.cs(10,49): warning CS1591: Missing XML comment for publicly visible type or member 'CarryForwardChargeSource.Compose(ChargeCompositionRequest)' [/Users/kady/Masterdom/src/Masterdom.Modules.Billing/Masterdom.Modules.Billing.csproj]
/Users/kady/Masterdom/src/Masterdom.Modules.Billing/Application/Capabilities/ChargeComposition/Contracts/ChargeCandidate.cs(5,21): warning CS1591: Missing XML comment for publicly visible type or member 'ChargeCandidate' [/Users/kady/Masterdom/src/Masterdom.Modules.Billing/Masterdom.Modules.Billing.csproj]
/Users/kady/Masterdom/src/Masterdom.Modules.Billing/Application/Capabilities/ChargeComposition/Contracts/ChargeCandidate.cs(7,12): warning CS1591: Missing XML comment for publicly visible type or member 'ChargeCandidate.ChargeCandidate(string, string, decimal, string, string, string?, IReadOnlyDictionary<string, string>?)' [/Users/kady/Masterdom/src/Masterdom.Modules.Billing/Masterdom.Modules.Billing.csproj]
/Users/kady/Masterdom/src/Masterdom.Modules.Billing/Application/Capabilities/ChargeComposition/Contracts/ChargeCandidate.cs(60,19): warning CS1591: Missing XML comment for publicly visible type or member 'ChargeCandidate.ChargeType' [/Users/kady/Masterdom/src/Masterdom.Modules.Billing/Masterdom.Modules.Billing.csproj]
/Users/kady/Masterdom/src/Masterdom.Modules.Billing/Application/Capabilities/ChargeComposition/Contracts/ChargeCandidate.cs(62,19): warning CS1591: Missing XML comment for publicly visible type or member 'ChargeCandidate.Description' [/Users/kady/Masterdom/src/Masterdom.Modules.Billing/Masterdom.Modules.Billing.csproj]
/Users/kady/Masterdom/src/Masterdom.Modules.Billing/Application/Capabilities/ChargeComposition/Contracts/ChargeCandidate.cs(64,20): warning CS1591: Missing XML comment for publicly visible type or member 'ChargeCandidate.Amount' [/Users/kady/Masterdom/src/Masterdom.Modules.Billing/Masterdom.Modules.Billing.csproj]
/Users/kady/Masterdom/src/Masterdom.Modules.Billing/Application/Capabilities/ChargeComposition/Contracts/ChargeCandidate.cs(66,19): warning CS1591: Missing XML comment for publicly visible type or member 'ChargeCandidate.Currency' [/Users/kady/Masterdom/src/Masterdom.Modules.Billing/Masterdom.Modules.Billing.csproj]
/Users/kady/Masterdom/src/Masterdom.Modules.Billing/Application/Capabilities/ChargeComposition/Contracts/ChargeCandidate.cs(68,19): warning CS1591: Missing XML comment for publicly visible type or member 'ChargeCandidate.SourceCapability' [/Users/kady/Masterdom/src/Masterdom.Modules.Billing/Masterdom.Modules.Billing.csproj]
/Users/kady/Masterdom/src/Masterdom.Modules.Billing/Application/Capabilities/ChargeComposition/Contracts/ChargeCandidate.cs(70,20): warning CS1591: Missing XML comment for publicly visible type or member 'ChargeCandidate.ExternalReference' [/Users/kady/Masterdom/src/Masterdom.Modules.Billing/Masterdom.Modules.Billing.csproj]
/Users/kady/Masterdom/src/Masterdom.Modules.Billing/Application/Capabilities/ChargeComposition/Contracts/ChargeCandidate.cs(72,48): warning CS1591: Missing XML comment for publicly visible type or member 'ChargeCandidate.Metadata' [/Users/kady/Masterdom/src/Masterdom.Modules.Billing/Masterdom.Modules.Billing.csproj]
/Users/kady/Masterdom/src/Masterdom.Modules.Billing/Application/Capabilities/ChargeComposition/Contracts/ChargeCompositionRequest.cs(6,22): warning CS1591: Missing XML comment for publicly visible type or member 'ChargeCompositionRequest' [/Users/kady/Masterdom/src/Masterdom.Modules.Billing/Masterdom.Modules.Billing.csproj]
/Users/kady/Masterdom/src/Masterdom.Modules.Billing/Application/Capabilities/ChargeComposition/Contracts/ChargeCompositionRequest.cs(8,12): warning CS1591: Missing XML comment for publicly visible type or member 'ChargeCompositionRequest.ChargeCompositionRequest(BillingContext, BillabilityResolutionResult)' [/Users/kady/Masterdom/src/Masterdom.Modules.Billing/Masterdom.Modules.Billing.csproj]
/Users/kady/Masterdom/src/Masterdom.Modules.Billing/Application/Capabilities/ChargeComposition/Contracts/ChargeCompositionRequest.cs(16,27): warning CS1591: Missing XML comment for publicly visible type or member 'ChargeCompositionRequest.BillingContext' [/Users/kady/Masterdom/src/Masterdom.Modules.Billing/Masterdom.Modules.Billing.csproj]
/Users/kady/Masterdom/src/Masterdom.Modules.Billing/Application/Capabilities/ChargeComposition/Contracts/ChargeCompositionRequest.cs(18,40): warning CS1591: Missing XML comment for publicly visible type or member 'ChargeCompositionRequest.BillabilityResolutionResult' [/Users/kady/Masterdom/src/Masterdom.Modules.Billing/Masterdom.Modules.Billing.csproj]
/Users/kady/Masterdom/src/Masterdom.Modules.Billing/Application/Capabilities/ChargeComposition/Contracts/ChargeCompositionResult.cs(3,21): warning CS1591: Missing XML comment for publicly visible type or member 'ChargeCompositionResult' [/Users/kady/Masterdom/src/Masterdom.Modules.Billing/Masterdom.Modules.Billing.csproj]
/Users/kady/Masterdom/src/Masterdom.Modules.Billing/Application/Capabilities/ChargeComposition/Contracts/ChargeCompositionResult.cs(5,12): warning CS1591: Missing XML comment for publicly visible type or member 'ChargeCompositionResult.ChargeCompositionResult(IReadOnlyCollection<ChargeCandidate>)' [/Users/kady/Masterdom/src/Masterdom.Modules.Billing/Masterdom.Modules.Billing.csproj]
/Users/kady/Masterdom/src/Masterdom.Modules.Billing/Application/Capabilities/ChargeComposition/Contracts/ChargeCompositionResult.cs(12,49): warning CS1591: Missing XML comment for publicly visible type or member 'ChargeCompositionResult.ChargeCandidates' [/Users/kady/Masterdom/src/Masterdom.Modules.Billing/Masterdom.Modules.Billing.csproj]
/Users/kady/Masterdom/src/Masterdom.Modules.Billing/Application/Capabilities/ChargeComposition/Penalties/PenaltyChargeSource.cs(6,21): warning CS1591: Missing XML comment for publicly visible type or member 'PenaltyChargeSource' [/Users/kady/Masterdom/src/Masterdom.Modules.Billing/Masterdom.Modules.Billing.csproj]
/Users/kady/Masterdom/src/Masterdom.Modules.Billing/Application/Capabilities/ChargeComposition/Penalties/PenaltyChargeSource.cs(8,19): warning CS1591: Missing XML comment for publicly visible type or member 'PenaltyChargeSource.ProviderId' [/Users/kady/Masterdom/src/Masterdom.Modules.Billing/Masterdom.Modules.Billing.csproj]
/Users/kady/Masterdom/src/Masterdom.Modules.Billing/Application/Capabilities/ChargeComposition/Penalties/PenaltyChargeSource.cs(10,49): warning CS1591: Missing XML comment for publicly visible type or member 'PenaltyChargeSource.Compose(ChargeCompositionRequest)' [/Users/kady/Masterdom/src/Masterdom.Modules.Billing/Masterdom.Modules.Billing.csproj]
/Users/kady/Masterdom/src/Masterdom.Modules.Billing/Application/Capabilities/ChargeComposition/Pipeline/ChargeCompositionExecutionTrace.cs(3,21): warning CS1591: Missing XML comment for publicly visible type or member 'ChargeCompositionExecutionTrace' [/Users/kady/Masterdom/src/Masterdom.Modules.Billing/Masterdom.Modules.Billing.csproj]
/Users/kady/Masterdom/src/Masterdom.Modules.Billing/Application/Capabilities/ChargeComposition/Pipeline/ChargeCompositionExecutionTrace.cs(5,12): warning CS1591: Missing XML comment for publicly visible type or member 'ChargeCompositionExecutionTrace.ChargeCompositionExecutionTrace(IReadOnlyCollection<ExecutedProvider>)' [/Users/kady/Masterdom/src/Masterdom.Modules.Billing/Masterdom.Modules.Billing.csproj]
/Users/kady/Masterdom/src/Masterdom.Modules.Billing/Application/Capabilities/ChargeComposition/Pipeline/ChargeCompositionExecutionTrace.cs(12,50): warning CS1591: Missing XML comment for publicly visible type or member 'ChargeCompositionExecutionTrace.ExecutedProviders' [/Users/kady/Masterdom/src/Masterdom.Modules.Billing/Masterdom.Modules.Billing.csproj]
/Users/kady/Masterdom/src/Masterdom.Modules.Billing/Application/Capabilities/ChargeComposition/Pipeline/ChargeCompositionPipeline.cs(12,21): warning CS1591: Missing XML comment for publicly visible type or member 'ChargeCompositionPipeline' [/Users/kady/Masterdom/src/Masterdom.Modules.Billing/Masterdom.Modules.Billing.csproj]
/Users/kady/Masterdom/src/Masterdom.Modules.Billing/Application/Capabilities/ChargeComposition/Pipeline/ChargeCompositionPipeline.cs(16,12): warning CS1591: Missing XML comment for publicly visible type or member 'ChargeCompositionPipeline.ChargeCompositionPipeline(IChargeCompositionReadService)' [/Users/kady/Masterdom/src/Masterdom.Modules.Billing/Masterdom.Modules.Billing.csproj]
/Users/kady/Masterdom/src/Masterdom.Modules.Billing/Application/Capabilities/ChargeComposition/Pipeline/ChargeCompositionPipeline.cs(30,12): warning CS1591: Missing XML comment for publicly visible type or member 'ChargeCompositionPipeline.ChargeCompositionPipeline(IEnumerable<IChargeSource>)' [/Users/kady/Masterdom/src/Masterdom.Modules.Billing/Masterdom.Modules.Billing.csproj]
/Users/kady/Masterdom/src/Masterdom.Modules.Billing/Application/Capabilities/ChargeComposition/Pipeline/ChargeCompositionPipeline.cs(38,36): warning CS1591: Missing XML comment for publicly visible type or member 'ChargeCompositionPipeline.Compose(ChargeCompositionRequest)' [/Users/kady/Masterdom/src/Masterdom.Modules.Billing/Masterdom.Modules.Billing.csproj]
/Users/kady/Masterdom/src/Masterdom.Modules.Billing/Application/Capabilities/ChargeComposition/Pipeline/ChargeCompositionPipeline.cs(43,36): warning CS1591: Missing XML comment for publicly visible type or member 'ChargeCompositionPipeline.Compose(ChargeCompositionRequest, out ChargeCompositionExecutionTrace)' [/Users/kady/Masterdom/src/Masterdom.Modules.Billing/Masterdom.Modules.Billing.csproj]
/Users/kady/Masterdom/src/Masterdom.Modules.Billing/Application/Capabilities/ChargeComposition/Pipeline/ExecutedProvider.cs(3,22): warning CS1591: Missing XML comment for publicly visible type or member 'ExecutedProvider' [/Users/kady/Masterdom/src/Masterdom.Modules.Billing/Masterdom.Modules.Billing.csproj]
/Users/kady/Masterdom/src/Masterdom.Modules.Billing/Application/Capabilities/ChargeComposition/Pipeline/ExecutedProvider.cs(3,22): warning CS1591: Missing XML comment for publicly visible type or member 'ExecutedProvider.ExecutedProvider(string, int)' [/Users/kady/Masterdom/src/Masterdom.Modules.Billing/Masterdom.Modules.Billing.csproj]
/Users/kady/Masterdom/src/Masterdom.Modules.Billing/Application/Capabilities/ChargeComposition/Pipeline/ExecutedProvider.cs(3,46): warning CS1591: Missing XML comment for publicly visible type or member 'ExecutedProvider.ProviderId' [/Users/kady/Masterdom/src/Masterdom.Modules.Billing/Masterdom.Modules.Billing.csproj]
/Users/kady/Masterdom/src/Masterdom.Modules.Billing/Application/Capabilities/ChargeComposition/Pipeline/ExecutedProvider.cs(3,62): warning CS1591: Missing XML comment for publicly visible type or member 'ExecutedProvider.ExecutionOrder' [/Users/kady/Masterdom/src/Masterdom.Modules.Billing/Masterdom.Modules.Billing.csproj]
/Users/kady/Masterdom/src/Masterdom.Modules.Billing/Application/Capabilities/ChargeComposition/ReadModels/IChargeCompositionReadService.cs(3,18): warning CS1591: Missing XML comment for publicly visible type or member 'IChargeCompositionReadService' [/Users/kady/Masterdom/src/Masterdom.Modules.Billing/Masterdom.Modules.Billing.csproj]
/Users/kady/Masterdom/src/Masterdom.Modules.Billing/Application/Capabilities/ChargeComposition/ReadModels/IChargeCompositionReadService.cs(5,26): warning CS1591: Missing XML comment for publicly visible type or member 'IChargeCompositionReadService.GetRentChargeReadModel(Guid, Guid, Guid, Guid)' [/Users/kady/Masterdom/src/Masterdom.Modules.Billing/Masterdom.Modules.Billing.csproj]
/Users/kady/Masterdom/src/Masterdom.Modules.Billing/Application/Capabilities/ChargeComposition/ReadModels/RentChargeReadModel.cs(3,22): warning CS1591: Missing XML comment for publicly visible type or member 'RentChargeReadModel' [/Users/kady/Masterdom/src/Masterdom.Modules.Billing/Masterdom.Modules.Billing.csproj]
/Users/kady/Masterdom/src/Masterdom.Modules.Billing/Application/Capabilities/ChargeComposition/ReadModels/RentChargeReadModel.cs(3,22): warning CS1591: Missing XML comment for publicly visible type or member 'RentChargeReadModel.RentChargeReadModel(Guid, Guid, Guid, Guid, bool, bool, decimal?, string?, string?, string?)' [/Users/kady/Masterdom/src/Masterdom.Modules.Billing/Masterdom.Modules.Billing.csproj]
/Users/kady/Masterdom/src/Masterdom.Modules.Billing/Application/Capabilities/ChargeComposition/ReadModels/RentChargeReadModel.cs(4,10): warning CS1591: Missing XML comment for publicly visible type or member 'RentChargeReadModel.TenancyId' [/Users/kady/Masterdom/src/Masterdom.Modules.Billing/Masterdom.Modules.Billing.csproj]
/Users/kady/Masterdom/src/Masterdom.Modules.Billing/Application/Capabilities/ChargeComposition/ReadModels/RentChargeReadModel.cs(5,10): warning CS1591: Missing XML comment for publicly visible type or member 'RentChargeReadModel.LeaseId' [/Users/kady/Masterdom/src/Masterdom.Modules.Billing/Masterdom.Modules.Billing.csproj]
/Users/kady/Masterdom/src/Masterdom.Modules.Billing/Application/Capabilities/ChargeComposition/ReadModels/RentChargeReadModel.cs(6,10): warning CS1591: Missing XML comment for publicly visible type or member 'RentChargeReadModel.PropertyId' [/Users/kady/Masterdom/src/Masterdom.Modules.Billing/Masterdom.Modules.Billing.csproj]
/Users/kady/Masterdom/src/Masterdom.Modules.Billing/Application/Capabilities/ChargeComposition/ReadModels/RentChargeReadModel.cs(7,10): warning CS1591: Missing XML comment for publicly visible type or member 'RentChargeReadModel.UnitId' [/Users/kady/Masterdom/src/Masterdom.Modules.Billing/Masterdom.Modules.Billing.csproj]
/Users/kady/Masterdom/src/Masterdom.Modules.Billing/Application/Capabilities/ChargeComposition/ReadModels/RentChargeReadModel.cs(8,10): warning CS1591: Missing XML comment for publicly visible type or member 'RentChargeReadModel.IsTenancyActive' [/Users/kady/Masterdom/src/Masterdom.Modules.Billing/Masterdom.Modules.Billing.csproj]
/Users/kady/Masterdom/src/Masterdom.Modules.Billing/Application/Capabilities/ChargeComposition/ReadModels/RentChargeReadModel.cs(9,10): warning CS1591: Missing XML comment for publicly visible type or member 'RentChargeReadModel.IsLeaseActive' [/Users/kady/Masterdom/src/Masterdom.Modules.Billing/Masterdom.Modules.Billing.csproj]
/Users/kady/Masterdom/src/Masterdom.Modules.Billing/Application/Capabilities/ChargeComposition/ReadModels/RentChargeReadModel.cs(10,14): warning CS1591: Missing XML comment for publicly visible type or member 'RentChargeReadModel.RentAmount' [/Users/kady/Masterdom/src/Masterdom.Modules.Billing/Masterdom.Modules.Billing.csproj]
/Users/kady/Masterdom/src/Masterdom.Modules.Billing/Application/Capabilities/ChargeComposition/ReadModels/RentChargeReadModel.cs(11,13): warning CS1591: Missing XML comment for publicly visible type or member 'RentChargeReadModel.Currency' [/Users/kady/Masterdom/src/Masterdom.Modules.Billing/Masterdom.Modules.Billing.csproj]
/Users/kady/Masterdom/src/Masterdom.Modules.Billing/Application/Capabilities/ChargeComposition/ReadModels/RentChargeReadModel.cs(12,13): warning CS1591: Missing XML comment for publicly visible type or member 'RentChargeReadModel.BillingFrequency' [/Users/kady/Masterdom/src/Masterdom.Modules.Billing/Masterdom.Modules.Billing.csproj]
/Users/kady/Masterdom/src/Masterdom.Modules.Billing/Application/Capabilities/ChargeComposition/ReadModels/RentChargeReadModel.cs(13,13): warning CS1591: Missing XML comment for publicly visible type or member 'RentChargeReadModel.LeaseNumber' [/Users/kady/Masterdom/src/Masterdom.Modules.Billing/Masterdom.Modules.Billing.csproj]
/Users/kady/Masterdom/src/Masterdom.Modules.Billing/Application/Capabilities/ChargeComposition/Rent/RentChargeSource.cs(7,21): warning CS1591: Missing XML comment for publicly visible type or member 'RentChargeSource' [/Users/kady/Masterdom/src/Masterdom.Modules.Billing/Masterdom.Modules.Billing.csproj]
/Users/kady/Masterdom/src/Masterdom.Modules.Billing/Application/Capabilities/ChargeComposition/Rent/RentChargeSource.cs(9,25): warning CS1591: Missing XML comment for publicly visible type or member 'RentChargeSource.ProviderIdentifier' [/Users/kady/Masterdom/src/Masterdom.Modules.Billing/Masterdom.Modules.Billing.csproj]
/Users/kady/Masterdom/src/Masterdom.Modules.Billing/Application/Capabilities/ChargeComposition/Rent/RentChargeSource.cs(16,12): warning CS1591: Missing XML comment for publicly visible type or member 'RentChargeSource.RentChargeSource(IChargeCompositionReadService)' [/Users/kady/Masterdom/src/Masterdom.Modules.Billing/Masterdom.Modules.Billing.csproj]
/Users/kady/Masterdom/src/Masterdom.Modules.Billing/Application/Capabilities/ChargeComposition/Rent/RentChargeSource.cs(21,19): warning CS1591: Missing XML comment for publicly visible type or member 'RentChargeSource.ProviderId' [/Users/kady/Masterdom/src/Masterdom.Modules.Billing/Masterdom.Modules.Billing.csproj]
/Users/kady/Masterdom/src/Masterdom.Modules.Billing/Application/Capabilities/ChargeComposition/Rent/RentChargeSource.cs(23,49): warning CS1591: Missing XML comment for publicly visible type or member 'RentChargeSource.Compose(ChargeCompositionRequest)' [/Users/kady/Masterdom/src/Masterdom.Modules.Billing/Masterdom.Modules.Billing.csproj]
/Users/kady/Masterdom/src/Masterdom.Modules.Billing/Application/Capabilities/ChargeComposition/Shared/IChargeSource.cs(5,18): warning CS1591: Missing XML comment for publicly visible type or member 'IChargeSource' [/Users/kady/Masterdom/src/Masterdom.Modules.Billing/Masterdom.Modules.Billing.csproj]
/Users/kady/Masterdom/src/Masterdom.Modules.Billing/Application/Capabilities/ChargeComposition/Shared/IChargeSource.cs(7,12): warning CS1591: Missing XML comment for publicly visible type or member 'IChargeSource.ProviderId' [/Users/kady/Masterdom/src/Masterdom.Modules.Billing/Masterdom.Modules.Billing.csproj]
/Users/kady/Masterdom/src/Masterdom.Modules.Billing/Application/Capabilities/ChargeComposition/Shared/IChargeSource.cs(9,42): warning CS1591: Missing XML comment for publicly visible type or member 'IChargeSource.Compose(ChargeCompositionRequest)' [/Users/kady/Masterdom/src/Masterdom.Modules.Billing/Masterdom.Modules.Billing.csproj]
/Users/kady/Masterdom/src/Masterdom.Modules.Billing/Application/Capabilities/ChargeComposition/Utility/UtilityChargeSource.cs(6,21): warning CS1591: Missing XML comment for publicly visible type or member 'UtilityChargeSource' [/Users/kady/Masterdom/src/Masterdom.Modules.Billing/Masterdom.Modules.Billing.csproj]
/Users/kady/Masterdom/src/Masterdom.Modules.Billing/Application/Capabilities/ChargeComposition/Utility/UtilityChargeSource.cs(8,19): warning CS1591: Missing XML comment for publicly visible type or member 'UtilityChargeSource.ProviderId' [/Users/kady/Masterdom/src/Masterdom.Modules.Billing/Masterdom.Modules.Billing.csproj]
/Users/kady/Masterdom/src/Masterdom.Modules.Billing/Application/Capabilities/ChargeComposition/Utility/UtilityChargeSource.cs(10,49): warning CS1591: Missing XML comment for publicly visible type or member 'UtilityChargeSource.Compose(ChargeCompositionRequest)' [/Users/kady/Masterdom/src/Masterdom.Modules.Billing/Masterdom.Modules.Billing.csproj]
/Users/kady/Masterdom/src/Masterdom.Modules.Billing/Application/Capabilities/Shared/Contracts/BillingContext.cs(5,22): warning CS1591: Missing XML comment for publicly visible type or member 'BillingContext' [/Users/kady/Masterdom/src/Masterdom.Modules.Billing/Masterdom.Modules.Billing.csproj]
/Users/kady/Masterdom/src/Masterdom.Modules.Billing/Application/Capabilities/Shared/Contracts/BillingContext.cs(7,12): warning CS1591: Missing XML comment for publicly visible type or member 'BillingContext.BillingContext(BillingPeriod, BillingCycle, DateTime, DateTime, PropertyReference?, Guid?, string?)' [/Users/kady/Masterdom/src/Masterdom.Modules.Billing/Masterdom.Modules.Billing.csproj]
/Users/kady/Masterdom/src/Masterdom.Modules.Billing/Application/Capabilities/Shared/Contracts/BillingContext.cs(45,26): warning CS1591: Missing XML comment for publicly visible type or member 'BillingContext.BillingPeriod' [/Users/kady/Masterdom/src/Masterdom.Modules.Billing/Masterdom.Modules.Billing.csproj]
/Users/kady/Masterdom/src/Masterdom.Modules.Billing/Application/Capabilities/Shared/Contracts/BillingContext.cs(47,25): warning CS1591: Missing XML comment for publicly visible type or member 'BillingContext.BillingCycle' [/Users/kady/Masterdom/src/Masterdom.Modules.Billing/Masterdom.Modules.Billing.csproj]
/Users/kady/Masterdom/src/Masterdom.Modules.Billing/Application/Capabilities/Shared/Contracts/BillingContext.cs(49,31): warning CS1591: Missing XML comment for publicly visible type or member 'BillingContext.PropertyReference' [/Users/kady/Masterdom/src/Masterdom.Modules.Billing/Masterdom.Modules.Billing.csproj]
/Users/kady/Masterdom/src/Masterdom.Modules.Billing/Application/Capabilities/Shared/Contracts/BillingContext.cs(51,18): warning CS1591: Missing XML comment for publicly visible type or member 'BillingContext.UnitReference' [/Users/kady/Masterdom/src/Masterdom.Modules.Billing/Masterdom.Modules.Billing.csproj]
/Users/kady/Masterdom/src/Masterdom.Modules.Billing/Application/Capabilities/Shared/Contracts/BillingContext.cs(57,21): warning CS1591: Missing XML comment for publicly visible type or member 'BillingContext.AsOfUtc' [/Users/kady/Masterdom/src/Masterdom.Modules.Billing/Masterdom.Modules.Billing.csproj]
/Users/kady/Masterdom/src/Masterdom.Modules.Billing/Application/Capabilities/Shared/Contracts/BillingContext.cs(59,21): warning CS1591: Missing XML comment for publicly visible type or member 'BillingContext.ExecutionTimestampUtc' [/Users/kady/Masterdom/src/Masterdom.Modules.Billing/Masterdom.Modules.Billing.csproj]
/Users/kady/Masterdom/src/Masterdom.Modules.Billing/Application/Capabilities/Shared/Contracts/BillingContext.cs(61,20): warning CS1591: Missing XML comment for publicly visible type or member 'BillingContext.CorrelationId' [/Users/kady/Masterdom/src/Masterdom.Modules.Billing/Masterdom.Modules.Billing.csproj]
/Users/kady/Masterdom/src/Masterdom.Modules.Billing/Application/Commands/AddAdjustmentCommand.cs(5,22): warning CS1591: Missing XML comment for publicly visible type or member 'AddAdjustmentCommand' [/Users/kady/Masterdom/src/Masterdom.Modules.Billing/Masterdom.Modules.Billing.csproj]
/Users/kady/Masterdom/src/Masterdom.Modules.Billing/Application/Commands/AddAdjustmentCommand.cs(5,22): warning CS1591: Missing XML comment for publicly visible type or member 'AddAdjustmentCommand.AddAdjustmentCommand(BillId, AdjustmentLine, GeneratedDate, IssueDate, DueDate)' [/Users/kady/Masterdom/src/Masterdom.Modules.Billing/Masterdom.Modules.Billing.csproj]
/Users/kady/Masterdom/src/Masterdom.Modules.Billing/Application/Commands/AddAdjustmentCommand.cs(6,12): warning CS1591: Missing XML comment for publicly visible type or member 'AddAdjustmentCommand.BillId' [/Users/kady/Masterdom/src/Masterdom.Modules.Billing/Masterdom.Modules.Billing.csproj]
/Users/kady/Masterdom/src/Masterdom.Modules.Billing/Application/Commands/AddAdjustmentCommand.cs(7,20): warning CS1591: Missing XML comment for publicly visible type or member 'AddAdjustmentCommand.Adjustment' [/Users/kady/Masterdom/src/Masterdom.Modules.Billing/Masterdom.Modules.Billing.csproj]
/Users/kady/Masterdom/src/Masterdom.Modules.Billing/Application/Commands/AddAdjustmentCommand.cs(8,19): warning CS1591: Missing XML comment for publicly visible type or member 'AddAdjustmentCommand.GeneratedDate' [/Users/kady/Masterdom/src/Masterdom.Modules.Billing/Masterdom.Modules.Billing.csproj]
/Users/kady/Masterdom/src/Masterdom.Modules.Billing/Application/Commands/AddAdjustmentCommand.cs(9,15): warning CS1591: Missing XML comment for publicly visible type or member 'AddAdjustmentCommand.IssueDate' [/Users/kady/Masterdom/src/Masterdom.Modules.Billing/Masterdom.Modules.Billing.csproj]
/Users/kady/Masterdom/src/Masterdom.Modules.Billing/Application/Commands/AddAdjustmentCommand.cs(10,13): warning CS1591: Missing XML comment for publicly visible type or member 'AddAdjustmentCommand.DueDate' [/Users/kady/Masterdom/src/Masterdom.Modules.Billing/Masterdom.Modules.Billing.csproj]
/Users/kady/Masterdom/src/Masterdom.Modules.Billing/Application/Commands/ApplyCreditCommand.cs(5,22): warning CS1591: Missing XML comment for publicly visible type or member 'ApplyCreditCommand' [/Users/kady/Masterdom/src/Masterdom.Modules.Billing/Masterdom.Modules.Billing.csproj]
/Users/kady/Masterdom/src/Masterdom.Modules.Billing/Application/Commands/ApplyCreditCommand.cs(5,22): warning CS1591: Missing XML comment for publicly visible type or member 'ApplyCreditCommand.ApplyCreditCommand(BillId, CreditLine, GeneratedDate, IssueDate, DueDate)' [/Users/kady/Masterdom/src/Masterdom.Modules.Billing/Masterdom.Modules.Billing.csproj]
/Users/kady/Masterdom/src/Masterdom.Modules.Billing/Application/Commands/ApplyCreditCommand.cs(6,12): warning CS1591: Missing XML comment for publicly visible type or member 'ApplyCreditCommand.BillId' [/Users/kady/Masterdom/src/Masterdom.Modules.Billing/Masterdom.Modules.Billing.csproj]
/Users/kady/Masterdom/src/Masterdom.Modules.Billing/Application/Commands/ApplyCreditCommand.cs(7,16): warning CS1591: Missing XML comment for publicly visible type or member 'ApplyCreditCommand.Credit' [/Users/kady/Masterdom/src/Masterdom.Modules.Billing/Masterdom.Modules.Billing.csproj]
/Users/kady/Masterdom/src/Masterdom.Modules.Billing/Application/Commands/ApplyCreditCommand.cs(8,19): warning CS1591: Missing XML comment for publicly visible type or member 'ApplyCreditCommand.GeneratedDate' [/Users/kady/Masterdom/src/Masterdom.Modules.Billing/Masterdom.Modules.Billing.csproj]
/Users/kady/Masterdom/src/Masterdom.Modules.Billing/Application/Commands/ApplyCreditCommand.cs(9,15): warning CS1591: Missing XML comment for publicly visible type or member 'ApplyCreditCommand.IssueDate' [/Users/kady/Masterdom/src/Masterdom.Modules.Billing/Masterdom.Modules.Billing.csproj]
/Users/kady/Masterdom/src/Masterdom.Modules.Billing/Application/Commands/ApplyCreditCommand.cs(10,13): warning CS1591: Missing XML comment for publicly visible type or member 'ApplyCreditCommand.DueDate' [/Users/kady/Masterdom/src/Masterdom.Modules.Billing/Masterdom.Modules.Billing.csproj]
/Users/kady/Masterdom/src/Masterdom.Modules.Billing/Application/Commands/FinalizeBillCommand.cs(5,22): warning CS1591: Missing XML comment for publicly visible type or member 'FinalizeBillCommand' [/Users/kady/Masterdom/src/Masterdom.Modules.Billing/Masterdom.Modules.Billing.csproj]
/Users/kady/Masterdom/src/Masterdom.Modules.Billing/Application/Commands/FinalizeBillCommand.cs(5,22): warning CS1591: Missing XML comment for publicly visible type or member 'FinalizeBillCommand.FinalizeBillCommand(BillId)' [/Users/kady/Masterdom/src/Masterdom.Modules.Billing/Masterdom.Modules.Billing.csproj]
/Users/kady/Masterdom/src/Masterdom.Modules.Billing/Application/Commands/FinalizeBillCommand.cs(5,49): warning CS1591: Missing XML comment for publicly visible type or member 'FinalizeBillCommand.BillId' [/Users/kady/Masterdom/src/Masterdom.Modules.Billing/Masterdom.Modules.Billing.csproj]
/Users/kady/Masterdom/src/Masterdom.Modules.Billing/Application/Commands/GenerateBillCommand.cs(6,22): warning CS1591: Missing XML comment for publicly visible type or member 'GenerateBillCommand' [/Users/kady/Masterdom/src/Masterdom.Modules.Billing/Masterdom.Modules.Billing.csproj]
/Users/kady/Masterdom/src/Masterdom.Modules.Billing/Application/Commands/GenerateBillCommand.cs(6,22): warning CS1591: Missing XML comment for publicly visible type or member 'GenerateBillCommand.GenerateBillCommand(BillNumber, TenancyReference, LeaseReference, PropertyReference, PersonReference, BillingPeriod, BillingCycle, GeneratedDate, IssueDate, DueDate, Currency, ChargeCollection)' [/Users/kady/Masterdom/src/Masterdom.Modules.Billing/Masterdom.Modules.Billing.csproj]
/Users/kady/Masterdom/src/Masterdom.Modules.Billing/Application/Commands/GenerateBillCommand.cs(7,16): warning CS1591: Missing XML comment for publicly visible type or member 'GenerateBillCommand.BillNumber' [/Users/kady/Masterdom/src/Masterdom.Modules.Billing/Masterdom.Modules.Billing.csproj]
/Users/kady/Masterdom/src/Masterdom.Modules.Billing/Application/Commands/GenerateBillCommand.cs(8,22): warning CS1591: Missing XML comment for publicly visible type or member 'GenerateBillCommand.TenancyReference' [/Users/kady/Masterdom/src/Masterdom.Modules.Billing/Masterdom.Modules.Billing.csproj]
/Users/kady/Masterdom/src/Masterdom.Modules.Billing/Application/Commands/GenerateBillCommand.cs(9,20): warning CS1591: Missing XML comment for publicly visible type or member 'GenerateBillCommand.LeaseReference' [/Users/kady/Masterdom/src/Masterdom.Modules.Billing/Masterdom.Modules.Billing.csproj]
/Users/kady/Masterdom/src/Masterdom.Modules.Billing/Application/Commands/GenerateBillCommand.cs(10,23): warning CS1591: Missing XML comment for publicly visible type or member 'GenerateBillCommand.PropertyReference' [/Users/kady/Masterdom/src/Masterdom.Modules.Billing/Masterdom.Modules.Billing.csproj]
/Users/kady/Masterdom/src/Masterdom.Modules.Billing/Application/Commands/GenerateBillCommand.cs(11,21): warning CS1591: Missing XML comment for publicly visible type or member 'GenerateBillCommand.BilledParty' [/Users/kady/Masterdom/src/Masterdom.Modules.Billing/Masterdom.Modules.Billing.csproj]
/Users/kady/Masterdom/src/Masterdom.Modules.Billing/Application/Commands/GenerateBillCommand.cs(12,19): warning CS1591: Missing XML comment for publicly visible type or member 'GenerateBillCommand.BillingPeriod' [/Users/kady/Masterdom/src/Masterdom.Modules.Billing/Masterdom.Modules.Billing.csproj]
/Users/kady/Masterdom/src/Masterdom.Modules.Billing/Application/Commands/GenerateBillCommand.cs(13,18): warning CS1591: Missing XML comment for publicly visible type or member 'GenerateBillCommand.BillingCycle' [/Users/kady/Masterdom/src/Masterdom.Modules.Billing/Masterdom.Modules.Billing.csproj]
/Users/kady/Masterdom/src/Masterdom.Modules.Billing/Application/Commands/GenerateBillCommand.cs(14,19): warning CS1591: Missing XML comment for publicly visible type or member 'GenerateBillCommand.GeneratedDate' [/Users/kady/Masterdom/src/Masterdom.Modules.Billing/Masterdom.Modules.Billing.csproj]
/Users/kady/Masterdom/src/Masterdom.Modules.Billing/Application/Commands/GenerateBillCommand.cs(15,15): warning CS1591: Missing XML comment for publicly visible type or member 'GenerateBillCommand.IssueDate' [/Users/kady/Masterdom/src/Masterdom.Modules.Billing/Masterdom.Modules.Billing.csproj]
/Users/kady/Masterdom/src/Masterdom.Modules.Billing/Application/Commands/GenerateBillCommand.cs(16,13): warning CS1591: Missing XML comment for publicly visible type or member 'GenerateBillCommand.DueDate' [/Users/kady/Masterdom/src/Masterdom.Modules.Billing/Masterdom.Modules.Billing.csproj]
/Users/kady/Masterdom/src/Masterdom.Modules.Billing/Application/Commands/GenerateBillCommand.cs(17,14): warning CS1591: Missing XML comment for publicly visible type or member 'GenerateBillCommand.Currency' [/Users/kady/Masterdom/src/Masterdom.Modules.Billing/Masterdom.Modules.Billing.csproj]
/Users/kady/Masterdom/src/Masterdom.Modules.Billing/Application/Commands/GenerateBillCommand.cs(18,22): warning CS1591: Missing XML comment for publicly visible type or member 'GenerateBillCommand.Charges' [/Users/kady/Masterdom/src/Masterdom.Modules.Billing/Masterdom.Modules.Billing.csproj]
/Users/kady/Masterdom/src/Masterdom.Modules.Billing/Application/Commands/VoidBillCommand.cs(5,22): warning CS1591: Missing XML comment for publicly visible type or member 'VoidBillCommand' [/Users/kady/Masterdom/src/Masterdom.Modules.Billing/Masterdom.Modules.Billing.csproj]
/Users/kady/Masterdom/src/Masterdom.Modules.Billing/Application/Commands/VoidBillCommand.cs(5,22): warning CS1591: Missing XML comment for publicly visible type or member 'VoidBillCommand.VoidBillCommand(BillId, string)' [/Users/kady/Masterdom/src/Masterdom.Modules.Billing/Masterdom.Modules.Billing.csproj]
/Users/kady/Masterdom/src/Masterdom.Modules.Billing/Application/Commands/VoidBillCommand.cs(5,45): warning CS1591: Missing XML comment for publicly visible type or member 'VoidBillCommand.BillId' [/Users/kady/Masterdom/src/Masterdom.Modules.Billing/Masterdom.Modules.Billing.csproj]
/Users/kady/Masterdom/src/Masterdom.Modules.Billing/Application/Commands/VoidBillCommand.cs(5,60): warning CS1591: Missing XML comment for publicly visible type or member 'VoidBillCommand.Reason' [/Users/kady/Masterdom/src/Masterdom.Modules.Billing/Masterdom.Modules.Billing.csproj]
/Users/kady/Masterdom/src/Masterdom.Modules.Billing/Application/Events/BillsPersistedApplicationEvent.cs(6,21): warning CS1591: Missing XML comment for publicly visible type or member 'BillsPersistedApplicationEvent' [/Users/kady/Masterdom/src/Masterdom.Modules.Billing/Masterdom.Modules.Billing.csproj]
/Users/kady/Masterdom/src/Masterdom.Modules.Billing/Application/Events/BillsPersistedApplicationEvent.cs(8,12): warning CS1591: Missing XML comment for publicly visible type or member 'BillsPersistedApplicationEvent.BillsPersistedApplicationEvent(string, BillingPeriod, IReadOnlyCollection<BillId>, int, DateTime, PropertyReference?)' [/Users/kady/Masterdom/src/Masterdom.Modules.Billing/Masterdom.Modules.Billing.csproj]
/Users/kady/Masterdom/src/Masterdom.Modules.Billing/Application/Events/BillsPersistedApplicationEvent.cs(49,19): warning CS1591: Missing XML comment for publicly visible type or member 'BillsPersistedApplicationEvent.CorrelationId' [/Users/kady/Masterdom/src/Masterdom.Modules.Billing/Masterdom.Modules.Billing.csproj]
/Users/kady/Masterdom/src/Masterdom.Modules.Billing/Application/Events/BillsPersistedApplicationEvent.cs(51,26): warning CS1591: Missing XML comment for publicly visible type or member 'BillsPersistedApplicationEvent.BillingPeriod' [/Users/kady/Masterdom/src/Masterdom.Modules.Billing/Masterdom.Modules.Billing.csproj]
/Users/kady/Masterdom/src/Masterdom.Modules.Billing/Application/Events/BillsPersistedApplicationEvent.cs(53,40): warning CS1591: Missing XML comment for publicly visible type or member 'BillsPersistedApplicationEvent.PersistedBillIds' [/Users/kady/Masterdom/src/Masterdom.Modules.Billing/Masterdom.Modules.Billing.csproj]
/Users/kady/Masterdom/src/Masterdom.Modules.Billing/Application/Events/BillsPersistedApplicationEvent.cs(55,16): warning CS1591: Missing XML comment for publicly visible type or member 'BillsPersistedApplicationEvent.PersistedBillCount' [/Users/kady/Masterdom/src/Masterdom.Modules.Billing/Masterdom.Modules.Billing.csproj]
/Users/kady/Masterdom/src/Masterdom.Modules.Billing/Application/Events/BillsPersistedApplicationEvent.cs(57,21): warning CS1591: Missing XML comment for publicly visible type or member 'BillsPersistedApplicationEvent.ExecutionTimestampUtc' [/Users/kady/Masterdom/src/Masterdom.Modules.Billing/Masterdom.Modules.Billing.csproj]
/Users/kady/Masterdom/src/Masterdom.Modules.Billing/Application/Events/BillsPersistedApplicationEvent.cs(59,31): warning CS1591: Missing XML comment for publicly visible type or member 'BillsPersistedApplicationEvent.PropertyReference' [/Users/kady/Masterdom/src/Masterdom.Modules.Billing/Masterdom.Modules.Billing.csproj]
/Users/kady/Masterdom/src/Masterdom.Modules.Billing/Application/Events/IBillingApplicationEvent.cs(6,18): warning CS1591: Missing XML comment for publicly visible type or member 'IBillingApplicationEvent' [/Users/kady/Masterdom/src/Masterdom.Modules.Billing/Masterdom.Modules.Billing.csproj]
/Users/kady/Masterdom/src/Masterdom.Modules.Billing/Application/Events/IBillingApplicationEvent.cs(8,12): warning CS1591: Missing XML comment for publicly visible type or member 'IBillingApplicationEvent.CorrelationId' [/Users/kady/Masterdom/src/Masterdom.Modules.Billing/Masterdom.Modules.Billing.csproj]
/Users/kady/Masterdom/src/Masterdom.Modules.Billing/Application/Events/IBillingApplicationEvent.cs(10,19): warning CS1591: Missing XML comment for publicly visible type or member 'IBillingApplicationEvent.BillingPeriod' [/Users/kady/Masterdom/src/Masterdom.Modules.Billing/Masterdom.Modules.Billing.csproj]
/Users/kady/Masterdom/src/Masterdom.Modules.Billing/Application/Events/IBillingApplicationEvent.cs(12,33): warning CS1591: Missing XML comment for publicly visible type or member 'IBillingApplicationEvent.PersistedBillIds' [/Users/kady/Masterdom/src/Masterdom.Modules.Billing/Masterdom.Modules.Billing.csproj]
/Users/kady/Masterdom/src/Masterdom.Modules.Billing/Application/Events/IBillingApplicationEvent.cs(14,9): warning CS1591: Missing XML comment for publicly visible type or member 'IBillingApplicationEvent.PersistedBillCount' [/Users/kady/Masterdom/src/Masterdom.Modules.Billing/Masterdom.Modules.Billing.csproj]
/Users/kady/Masterdom/src/Masterdom.Modules.Billing/Application/Events/IBillingApplicationEvent.cs(16,14): warning CS1591: Missing XML comment for publicly visible type or member 'IBillingApplicationEvent.ExecutionTimestampUtc' [/Users/kady/Masterdom/src/Masterdom.Modules.Billing/Masterdom.Modules.Billing.csproj]
/Users/kady/Masterdom/src/Masterdom.Modules.Billing/Application/Events/IBillingApplicationEvent.cs(18,24): warning CS1591: Missing XML comment for publicly visible type or member 'IBillingApplicationEvent.PropertyReference' [/Users/kady/Masterdom/src/Masterdom.Modules.Billing/Masterdom.Modules.Billing.csproj]
/Users/kady/Masterdom/src/Masterdom.Modules.Billing/Application/Handlers/Commands/AddAdjustmentCommandHandler.cs(8,21): warning CS1591: Missing XML comment for publicly visible type or member 'AddAdjustmentCommandHandler' [/Users/kady/Masterdom/src/Masterdom.Modules.Billing/Masterdom.Modules.Billing.csproj]
/Users/kady/Masterdom/src/Masterdom.Modules.Billing/Application/Handlers/Commands/AddAdjustmentCommandHandler.cs(12,12): warning CS1591: Missing XML comment for publicly visible type or member 'AddAdjustmentCommandHandler.AddAdjustmentCommandHandler(IBillingApplicationService)' [/Users/kady/Masterdom/src/Masterdom.Modules.Billing/Masterdom.Modules.Billing.csproj]
/Users/kady/Masterdom/src/Masterdom.Modules.Billing/Application/Handlers/Commands/AddAdjustmentCommandHandler.cs(17,43): warning CS1591: Missing XML comment for publicly visible type or member 'AddAdjustmentCommandHandler.Handle(AddAdjustmentCommand)' [/Users/kady/Masterdom/src/Masterdom.Modules.Billing/Masterdom.Modules.Billing.csproj]
/Users/kady/Masterdom/src/Masterdom.Modules.Billing/Application/Handlers/Commands/ApplyCreditCommandHandler.cs(8,21): warning CS1591: Missing XML comment for publicly visible type or member 'ApplyCreditCommandHandler' [/Users/kady/Masterdom/src/Masterdom.Modules.Billing/Masterdom.Modules.Billing.csproj]
/Users/kady/Masterdom/src/Masterdom.Modules.Billing/Application/Handlers/Commands/ApplyCreditCommandHandler.cs(12,12): warning CS1591: Missing XML comment for publicly visible type or member 'ApplyCreditCommandHandler.ApplyCreditCommandHandler(IBillingApplicationService)' [/Users/kady/Masterdom/src/Masterdom.Modules.Billing/Masterdom.Modules.Billing.csproj]
/Users/kady/Masterdom/src/Masterdom.Modules.Billing/Application/Handlers/Commands/ApplyCreditCommandHandler.cs(17,43): warning CS1591: Missing XML comment for publicly visible type or member 'ApplyCreditCommandHandler.Handle(ApplyCreditCommand)' [/Users/kady/Masterdom/src/Masterdom.Modules.Billing/Masterdom.Modules.Billing.csproj]
/Users/kady/Masterdom/src/Masterdom.Modules.Billing/Application/Handlers/Commands/FinalizeBillCommandHandler.cs(8,21): warning CS1591: Missing XML comment for publicly visible type or member 'FinalizeBillCommandHandler' [/Users/kady/Masterdom/src/Masterdom.Modules.Billing/Masterdom.Modules.Billing.csproj]
/Users/kady/Masterdom/src/Masterdom.Modules.Billing/Application/Handlers/Commands/FinalizeBillCommandHandler.cs(12,12): warning CS1591: Missing XML comment for publicly visible type or member 'FinalizeBillCommandHandler.FinalizeBillCommandHandler(IBillingApplicationService)' [/Users/kady/Masterdom/src/Masterdom.Modules.Billing/Masterdom.Modules.Billing.csproj]
/Users/kady/Masterdom/src/Masterdom.Modules.Billing/Application/Handlers/Commands/FinalizeBillCommandHandler.cs(17,43): warning CS1591: Missing XML comment for publicly visible type or member 'FinalizeBillCommandHandler.Handle(FinalizeBillCommand)' [/Users/kady/Masterdom/src/Masterdom.Modules.Billing/Masterdom.Modules.Billing.csproj]
/Users/kady/Masterdom/src/Masterdom.Modules.Billing/Application/Handlers/Commands/GenerateBillCommandHandler.cs(8,21): warning CS1591: Missing XML comment for publicly visible type or member 'GenerateBillCommandHandler' [/Users/kady/Masterdom/src/Masterdom.Modules.Billing/Masterdom.Modules.Billing.csproj]
/Users/kady/Masterdom/src/Masterdom.Modules.Billing/Application/Handlers/Commands/GenerateBillCommandHandler.cs(12,12): warning CS1591: Missing XML comment for publicly visible type or member 'GenerateBillCommandHandler.GenerateBillCommandHandler(IBillingApplicationService)' [/Users/kady/Masterdom/src/Masterdom.Modules.Billing/Masterdom.Modules.Billing.csproj]
/Users/kady/Masterdom/src/Masterdom.Modules.Billing/Application/Handlers/Commands/GenerateBillCommandHandler.cs(17,43): warning CS1591: Missing XML comment for publicly visible type or member 'GenerateBillCommandHandler.Handle(GenerateBillCommand)' [/Users/kady/Masterdom/src/Masterdom.Modules.Billing/Masterdom.Modules.Billing.csproj]
/Users/kady/Masterdom/src/Masterdom.Modules.Billing/Application/Handlers/Commands/VoidBillCommandHandler.cs(8,21): warning CS1591: Missing XML comment for publicly visible type or member 'VoidBillCommandHandler' [/Users/kady/Masterdom/src/Masterdom.Modules.Billing/Masterdom.Modules.Billing.csproj]
/Users/kady/Masterdom/src/Masterdom.Modules.Billing/Application/Handlers/Commands/VoidBillCommandHandler.cs(12,12): warning CS1591: Missing XML comment for publicly visible type or member 'VoidBillCommandHandler.VoidBillCommandHandler(IBillingApplicationService)' [/Users/kady/Masterdom/src/Masterdom.Modules.Billing/Masterdom.Modules.Billing.csproj]
/Users/kady/Masterdom/src/Masterdom.Modules.Billing/Application/Handlers/Commands/VoidBillCommandHandler.cs(17,43): warning CS1591: Missing XML comment for publicly visible type or member 'VoidBillCommandHandler.Handle(VoidBillCommand)' [/Users/kady/Masterdom/src/Masterdom.Modules.Billing/Masterdom.Modules.Billing.csproj]
/Users/kady/Masterdom/src/Masterdom.Modules.Billing/Application/Handlers/Queries/GetBillByIdQueryHandler.cs(8,21): warning CS1591: Missing XML comment for publicly visible type or member 'GetBillByIdQueryHandler' [/Users/kady/Masterdom/src/Masterdom.Modules.Billing/Masterdom.Modules.Billing.csproj]
/Users/kady/Masterdom/src/Masterdom.Modules.Billing/Application/Handlers/Queries/GetBillByIdQueryHandler.cs(12,12): warning CS1591: Missing XML comment for publicly visible type or member 'GetBillByIdQueryHandler.GetBillByIdQueryHandler(IBillingApplicationService)' [/Users/kady/Masterdom/src/Masterdom.Modules.Billing/Masterdom.Modules.Billing.csproj]
/Users/kady/Masterdom/src/Masterdom.Modules.Billing/Application/Handlers/Queries/GetBillByIdQueryHandler.cs(17,43): warning CS1591: Missing XML comment for publicly visible type or member 'GetBillByIdQueryHandler.Handle(GetBillByIdQuery)' [/Users/kady/Masterdom/src/Masterdom.Modules.Billing/Masterdom.Modules.Billing.csproj]
/Users/kady/Masterdom/src/Masterdom.Modules.Billing/Application/Handlers/Queries/GetBillByNumberQueryHandler.cs(8,21): warning CS1591: Missing XML comment for publicly visible type or member 'GetBillByNumberQueryHandler' [/Users/kady/Masterdom/src/Masterdom.Modules.Billing/Masterdom.Modules.Billing.csproj]
/Users/kady/Masterdom/src/Masterdom.Modules.Billing/Application/Handlers/Queries/GetBillByNumberQueryHandler.cs(12,12): warning CS1591: Missing XML comment for publicly visible type or member 'GetBillByNumberQueryHandler.GetBillByNumberQueryHandler(IBillingApplicationService)' [/Users/kady/Masterdom/src/Masterdom.Modules.Billing/Masterdom.Modules.Billing.csproj]
/Users/kady/Masterdom/src/Masterdom.Modules.Billing/Application/Handlers/Queries/GetBillByNumberQueryHandler.cs(17,43): warning CS1591: Missing XML comment for publicly visible type or member 'GetBillByNumberQueryHandler.Handle(GetBillByNumberQuery)' [/Users/kady/Masterdom/src/Masterdom.Modules.Billing/Masterdom.Modules.Billing.csproj]
/Users/kady/Masterdom/src/Masterdom.Modules.Billing/Application/MonthlyBilling/Contracts/GeneratedBillReference.cs(5,22): warning CS1591: Missing XML comment for publicly visible type or member 'GeneratedBillReference' [/Users/kady/Masterdom/src/Masterdom.Modules.Billing/Masterdom.Modules.Billing.csproj]
/Users/kady/Masterdom/src/Masterdom.Modules.Billing/Application/MonthlyBilling/Contracts/GeneratedBillReference.cs(5,22): warning CS1591: Missing XML comment for publicly visible type or member 'GeneratedBillReference.GeneratedBillReference(BillId, BillNumber, TenancyReference, LeaseReference, PropertyReference, Guid, decimal, decimal)' [/Users/kady/Masterdom/src/Masterdom.Modules.Billing/Masterdom.Modules.Billing.csproj]
/Users/kady/Masterdom/src/Masterdom.Modules.Billing/Application/MonthlyBilling/Contracts/GeneratedBillReference.cs(6,12): warning CS1591: Missing XML comment for publicly visible type or member 'GeneratedBillReference.BillId' [/Users/kady/Masterdom/src/Masterdom.Modules.Billing/Masterdom.Modules.Billing.csproj]
/Users/kady/Masterdom/src/Masterdom.Modules.Billing/Application/MonthlyBilling/Contracts/GeneratedBillReference.cs(7,16): warning CS1591: Missing XML comment for publicly visible type or member 'GeneratedBillReference.BillNumber' [/Users/kady/Masterdom/src/Masterdom.Modules.Billing/Masterdom.Modules.Billing.csproj]
/Users/kady/Masterdom/src/Masterdom.Modules.Billing/Application/MonthlyBilling/Contracts/GeneratedBillReference.cs(8,22): warning CS1591: Missing XML comment for publicly visible type or member 'GeneratedBillReference.TenancyReference' [/Users/kady/Masterdom/src/Masterdom.Modules.Billing/Masterdom.Modules.Billing.csproj]
/Users/kady/Masterdom/src/Masterdom.Modules.Billing/Application/MonthlyBilling/Contracts/GeneratedBillReference.cs(9,20): warning CS1591: Missing XML comment for publicly visible type or member 'GeneratedBillReference.LeaseReference' [/Users/kady/Masterdom/src/Masterdom.Modules.Billing/Masterdom.Modules.Billing.csproj]
/Users/kady/Masterdom/src/Masterdom.Modules.Billing/Application/MonthlyBilling/Contracts/GeneratedBillReference.cs(10,23): warning CS1591: Missing XML comment for publicly visible type or member 'GeneratedBillReference.PropertyReference' [/Users/kady/Masterdom/src/Masterdom.Modules.Billing/Masterdom.Modules.Billing.csproj]
/Users/kady/Masterdom/src/Masterdom.Modules.Billing/Application/MonthlyBilling/Contracts/GeneratedBillReference.cs(11,10): warning CS1591: Missing XML comment for publicly visible type or member 'GeneratedBillReference.UnitId' [/Users/kady/Masterdom/src/Masterdom.Modules.Billing/Masterdom.Modules.Billing.csproj]
/Users/kady/Masterdom/src/Masterdom.Modules.Billing/Application/MonthlyBilling/Contracts/GeneratedBillReference.cs(12,13): warning CS1591: Missing XML comment for publicly visible type or member 'GeneratedBillReference.TotalAmount' [/Users/kady/Masterdom/src/Masterdom.Modules.Billing/Masterdom.Modules.Billing.csproj]
/Users/kady/Masterdom/src/Masterdom.Modules.Billing/Application/MonthlyBilling/Contracts/GeneratedBillReference.cs(13,13): warning CS1591: Missing XML comment for publicly visible type or member 'GeneratedBillReference.OutstandingAmount' [/Users/kady/Masterdom/src/Masterdom.Modules.Billing/Masterdom.Modules.Billing.csproj]
/Users/kady/Masterdom/src/Masterdom.Modules.Billing/Application/MonthlyBilling/Contracts/MonthlyBillingRequest.cs(6,21): warning CS1591: Missing XML comment for publicly visible type or member 'MonthlyBillingRequest' [/Users/kady/Masterdom/src/Masterdom.Modules.Billing/Masterdom.Modules.Billing.csproj]
/Users/kady/Masterdom/src/Masterdom.Modules.Billing/Application/MonthlyBilling/Contracts/MonthlyBillingRequest.cs(8,12): warning CS1591: Missing XML comment for publicly visible type or member 'MonthlyBillingRequest.MonthlyBillingRequest(BillingContext, IReadOnlyCollection<BillabilityResolutionRequest.CandidateProjection>, DateOnly, DateOnly, DateOnly)' [/Users/kady/Masterdom/src/Masterdom.Modules.Billing/Masterdom.Modules.Billing.csproj]
/Users/kady/Masterdom/src/Masterdom.Modules.Billing/Application/MonthlyBilling/Contracts/MonthlyBillingRequest.cs(25,27): warning CS1591: Missing XML comment for publicly visible type or member 'MonthlyBillingRequest.BillingContext' [/Users/kady/Masterdom/src/Masterdom.Modules.Billing/Masterdom.Modules.Billing.csproj]
/Users/kady/Masterdom/src/Masterdom.Modules.Billing/Application/MonthlyBilling/Contracts/MonthlyBillingRequest.cs(27,82): warning CS1591: Missing XML comment for publicly visible type or member 'MonthlyBillingRequest.CandidateProjections' [/Users/kady/Masterdom/src/Masterdom.Modules.Billing/Masterdom.Modules.Billing.csproj]
/Users/kady/Masterdom/src/Masterdom.Modules.Billing/Application/MonthlyBilling/Contracts/MonthlyBillingRequest.cs(29,21): warning CS1591: Missing XML comment for publicly visible type or member 'MonthlyBillingRequest.GeneratedDate' [/Users/kady/Masterdom/src/Masterdom.Modules.Billing/Masterdom.Modules.Billing.csproj]
/Users/kady/Masterdom/src/Masterdom.Modules.Billing/Application/MonthlyBilling/Contracts/MonthlyBillingRequest.cs(31,21): warning CS1591: Missing XML comment for publicly visible type or member 'MonthlyBillingRequest.IssueDate' [/Users/kady/Masterdom/src/Masterdom.Modules.Billing/Masterdom.Modules.Billing.csproj]
/Users/kady/Masterdom/src/Masterdom.Modules.Billing/Application/MonthlyBilling/Contracts/MonthlyBillingRequest.cs(33,21): warning CS1591: Missing XML comment for publicly visible type or member 'MonthlyBillingRequest.DueDate' [/Users/kady/Masterdom/src/Masterdom.Modules.Billing/Masterdom.Modules.Billing.csproj]
/Users/kady/Masterdom/src/Masterdom.Modules.Billing/Application/MonthlyBilling/Contracts/MonthlyBillingResult.cs(5,21): warning CS1591: Missing XML comment for publicly visible type or member 'MonthlyBillingResult' [/Users/kady/Masterdom/src/Masterdom.Modules.Billing/Masterdom.Modules.Billing.csproj]
/Users/kady/Masterdom/src/Masterdom.Modules.Billing/Application/MonthlyBilling/Contracts/MonthlyBillingResult.cs(7,12): warning CS1591: Missing XML comment for publicly visible type or member 'MonthlyBillingResult.MonthlyBillingResult(IReadOnlyCollection<GeneratedBillReference>, MonthlyBillingSummary, BillabilityResolutionResult)' [/Users/kady/Masterdom/src/Masterdom.Modules.Billing/Masterdom.Modules.Billing.csproj]
/Users/kady/Masterdom/src/Masterdom.Modules.Billing/Application/MonthlyBilling/Contracts/MonthlyBillingResult.cs(21,56): warning CS1591: Missing XML comment for publicly visible type or member 'MonthlyBillingResult.GeneratedBills' [/Users/kady/Masterdom/src/Masterdom.Modules.Billing/Masterdom.Modules.Billing.csproj]
/Users/kady/Masterdom/src/Masterdom.Modules.Billing/Application/MonthlyBilling/Contracts/MonthlyBillingResult.cs(23,34): warning CS1591: Missing XML comment for publicly visible type or member 'MonthlyBillingResult.Summary' [/Users/kady/Masterdom/src/Masterdom.Modules.Billing/Masterdom.Modules.Billing.csproj]
/Users/kady/Masterdom/src/Masterdom.Modules.Billing/Application/MonthlyBilling/Contracts/MonthlyBillingResult.cs(25,40): warning CS1591: Missing XML comment for publicly visible type or member 'MonthlyBillingResult.BillabilityResolution' [/Users/kady/Masterdom/src/Masterdom.Modules.Billing/Masterdom.Modules.Billing.csproj]
/Users/kady/Masterdom/src/Masterdom.Modules.Billing/Application/MonthlyBilling/Contracts/MonthlyBillingSummary.cs(3,22): warning CS1591: Missing XML comment for publicly visible type or member 'MonthlyBillingSummary' [/Users/kady/Masterdom/src/Masterdom.Modules.Billing/Masterdom.Modules.Billing.csproj]
/Users/kady/Masterdom/src/Masterdom.Modules.Billing/Application/MonthlyBilling/Contracts/MonthlyBillingSummary.cs(3,22): warning CS1591: Missing XML comment for publicly visible type or member 'MonthlyBillingSummary.MonthlyBillingSummary(int, int, int, int, int)' [/Users/kady/Masterdom/src/Masterdom.Modules.Billing/Masterdom.Modules.Billing.csproj]
/Users/kady/Masterdom/src/Masterdom.Modules.Billing/Application/MonthlyBilling/Contracts/MonthlyBillingSummary.cs(4,9): warning CS1591: Missing XML comment for publicly visible type or member 'MonthlyBillingSummary.CandidatesEvaluated' [/Users/kady/Masterdom/src/Masterdom.Modules.Billing/Masterdom.Modules.Billing.csproj]
/Users/kady/Masterdom/src/Masterdom.Modules.Billing/Application/MonthlyBilling/Contracts/MonthlyBillingSummary.cs(5,9): warning CS1591: Missing XML comment for publicly visible type or member 'MonthlyBillingSummary.BillableCandidates' [/Users/kady/Masterdom/src/Masterdom.Modules.Billing/Masterdom.Modules.Billing.csproj]
/Users/kady/Masterdom/src/Masterdom.Modules.Billing/Application/MonthlyBilling/Contracts/MonthlyBillingSummary.cs(6,9): warning CS1591: Missing XML comment for publicly visible type or member 'MonthlyBillingSummary.BillsGenerated' [/Users/kady/Masterdom/src/Masterdom.Modules.Billing/Masterdom.Modules.Billing.csproj]
/Users/kady/Masterdom/src/Masterdom.Modules.Billing/Application/MonthlyBilling/Contracts/MonthlyBillingSummary.cs(7,9): warning CS1591: Missing XML comment for publicly visible type or member 'MonthlyBillingSummary.CandidatesSkipped' [/Users/kady/Masterdom/src/Masterdom.Modules.Billing/Masterdom.Modules.Billing.csproj]
/Users/kady/Masterdom/src/Masterdom.Modules.Billing/Application/MonthlyBilling/Contracts/MonthlyBillingSummary.cs(8,9): warning CS1591: Missing XML comment for publicly visible type or member 'MonthlyBillingSummary.FailedCandidates' [/Users/kady/Masterdom/src/Masterdom.Modules.Billing/Masterdom.Modules.Billing.csproj]
/Users/kady/Masterdom/src/Masterdom.Modules.Billing/Application/MonthlyBilling/DefaultBillNumberGenerator.cs(7,21): warning CS1591: Missing XML comment for publicly visible type or member 'DefaultBillNumberGenerator' [/Users/kady/Masterdom/src/Masterdom.Modules.Billing/Masterdom.Modules.Billing.csproj]
/Users/kady/Masterdom/src/Masterdom.Modules.Billing/Application/MonthlyBilling/DefaultBillNumberGenerator.cs(9,23): warning CS1591: Missing XML comment for publicly visible type or member 'DefaultBillNumberGenerator.Generate(MonthlyBillingRequest, BillabilityCandidate, int)' [/Users/kady/Masterdom/src/Masterdom.Modules.Billing/Masterdom.Modules.Billing.csproj]
/Users/kady/Masterdom/src/Masterdom.Modules.Billing/Application/MonthlyBilling/IBillNumberGenerator.cs(7,18): warning CS1591: Missing XML comment for publicly visible type or member 'IBillNumberGenerator' [/Users/kady/Masterdom/src/Masterdom.Modules.Billing/Masterdom.Modules.Billing.csproj]
/Users/kady/Masterdom/src/Masterdom.Modules.Billing/Application/MonthlyBilling/IBillNumberGenerator.cs(9,16): warning CS1591: Missing XML comment for publicly visible type or member 'IBillNumberGenerator.Generate(MonthlyBillingRequest, BillabilityCandidate, int)' [/Users/kady/Masterdom/src/Masterdom.Modules.Billing/Masterdom.Modules.Billing.csproj]
/Users/kady/Masterdom/src/Masterdom.Modules.Billing/Application/MonthlyBilling/MonthlyBillFactory.cs(12,34): warning CS1591: Missing XML comment for publicly visible type or member 'MonthlyBillFactory.Generate(GenerateBillCommand)' [/Users/kady/Masterdom/src/Masterdom.Modules.Billing/Masterdom.Modules.Billing.csproj]
/Users/kady/Masterdom/src/Masterdom.Modules.Billing/Application/MonthlyBilling/MonthlyBillingApplicationService.cs(15,21): warning CS1591: Missing XML comment for publicly visible type or member 'MonthlyBillingApplicationService' [/Users/kady/Masterdom/src/Masterdom.Modules.Billing/Masterdom.Modules.Billing.csproj]
/Users/kady/Masterdom/src/Masterdom.Modules.Billing/Application/MonthlyBilling/MonthlyBillingApplicationService.cs(23,12): warning CS1591: Missing XML comment for publicly visible type or member 'MonthlyBillingApplicationService.MonthlyBillingApplicationService(BillabilityDeterminationService, ChargeCompositionPipeline, BillPersistenceCapability)' [/Users/kady/Masterdom/src/Masterdom.Modules.Billing/Masterdom.Modules.Billing.csproj]
/Users/kady/Masterdom/src/Masterdom.Modules.Billing/Application/MonthlyBilling/MonthlyBillingApplicationService.cs(36,12): warning CS1591: Missing XML comment for publicly visible type or member 'MonthlyBillingApplicationService.MonthlyBillingApplicationService(BillabilityDeterminationService, ChargeCompositionPipeline, BillPersistenceCapability, MonthlyBillFactory, IBillNumberGenerator)' [/Users/kady/Masterdom/src/Masterdom.Modules.Billing/Masterdom.Modules.Billing.csproj]
/Users/kady/Masterdom/src/Masterdom.Modules.Billing/Application/MonthlyBilling/MonthlyBillingApplicationService.cs(50,33): warning CS1591: Missing XML comment for publicly visible type or member 'MonthlyBillingApplicationService.Execute(MonthlyBillingRequest)' [/Users/kady/Masterdom/src/Masterdom.Modules.Billing/Masterdom.Modules.Billing.csproj]
/Users/kady/Masterdom/src/Masterdom.Modules.Billing/Application/Publication/BillingNotificationProjector.cs(6,14): warning CS1591: Missing XML comment for publicly visible type or member 'BillingNotificationProjector' [/Users/kady/Masterdom/src/Masterdom.Modules.Billing/Masterdom.Modules.Billing.csproj]
/Users/kady/Masterdom/src/Masterdom.Modules.Billing/Application/Publication/BillingNotificationProjector.cs(8,46): warning CS1591: Missing XML comment for publicly visible type or member 'BillingNotificationProjector.ProjectBillPersisted(string, IReadOnlyCollection<Bill>, DateTime)' [/Users/kady/Masterdom/src/Masterdom.Modules.Billing/Masterdom.Modules.Billing.csproj]
/Users/kady/Masterdom/src/Masterdom.Modules.Billing/Application/Publication/BillingSnapshotProjector.cs(6,14): warning CS1591: Missing XML comment for publicly visible type or member 'BillingSnapshotProjector' [/Users/kady/Masterdom/src/Masterdom.Modules.Billing/Masterdom.Modules.Billing.csproj]
/Users/kady/Masterdom/src/Masterdom.Modules.Billing/Application/Publication/BillingSnapshotProjector.cs(8,38): warning CS1591: Missing XML comment for publicly visible type or member 'BillingSnapshotProjector.Project(Bill, string?)' [/Users/kady/Masterdom/src/Masterdom.Modules.Billing/Masterdom.Modules.Billing.csproj]
/Users/kady/Masterdom/src/Masterdom.Modules.Billing/Application/Queries/GetBillByIdQuery.cs(5,22): warning CS1591: Missing XML comment for publicly visible type or member 'GetBillByIdQuery' [/Users/kady/Masterdom/src/Masterdom.Modules.Billing/Masterdom.Modules.Billing.csproj]
/Users/kady/Masterdom/src/Masterdom.Modules.Billing/Application/Queries/GetBillByIdQuery.cs(5,22): warning CS1591: Missing XML comment for publicly visible type or member 'GetBillByIdQuery.GetBillByIdQuery(BillId)' [/Users/kady/Masterdom/src/Masterdom.Modules.Billing/Masterdom.Modules.Billing.csproj]
/Users/kady/Masterdom/src/Masterdom.Modules.Billing/Application/Queries/GetBillByIdQuery.cs(5,46): warning CS1591: Missing XML comment for publicly visible type or member 'GetBillByIdQuery.BillId' [/Users/kady/Masterdom/src/Masterdom.Modules.Billing/Masterdom.Modules.Billing.csproj]
/Users/kady/Masterdom/src/Masterdom.Modules.Billing/Application/Queries/GetBillByNumberQuery.cs(5,22): warning CS1591: Missing XML comment for publicly visible type or member 'GetBillByNumberQuery' [/Users/kady/Masterdom/src/Masterdom.Modules.Billing/Masterdom.Modules.Billing.csproj]
/Users/kady/Masterdom/src/Masterdom.Modules.Billing/Application/Queries/GetBillByNumberQuery.cs(5,22): warning CS1591: Missing XML comment for publicly visible type or member 'GetBillByNumberQuery.GetBillByNumberQuery(BillNumber)' [/Users/kady/Masterdom/src/Masterdom.Modules.Billing/Masterdom.Modules.Billing.csproj]
/Users/kady/Masterdom/src/Masterdom.Modules.Billing/Application/Queries/GetBillByNumberQuery.cs(5,54): warning CS1591: Missing XML comment for publicly visible type or member 'GetBillByNumberQuery.BillNumber' [/Users/kady/Masterdom/src/Masterdom.Modules.Billing/Masterdom.Modules.Billing.csproj]
/Users/kady/Masterdom/src/Masterdom.Modules.Billing/Application/Services/BillingApplicationService.cs(10,21): warning CS1591: Missing XML comment for publicly visible type or member 'BillingApplicationService' [/Users/kady/Masterdom/src/Masterdom.Modules.Billing/Masterdom.Modules.Billing.csproj]
/Users/kady/Masterdom/src/Masterdom.Modules.Billing/Application/Services/BillingApplicationService.cs(16,12): warning CS1591: Missing XML comment for publicly visible type or member 'BillingApplicationService.BillingApplicationService(IBillRepository, IBillingUnitOfWork, IBillingPlatformOrchestrator)' [/Users/kady/Masterdom/src/Masterdom.Modules.Billing/Masterdom.Modules.Billing.csproj]
/Users/kady/Masterdom/src/Masterdom.Modules.Billing/Application/Services/BillingApplicationService.cs(26,26): warning CS1591: Missing XML comment for publicly visible type or member 'BillingApplicationService.GenerateBill(GenerateBillCommand)' [/Users/kady/Masterdom/src/Masterdom.Modules.Billing/Masterdom.Modules.Billing.csproj]
/Users/kady/Masterdom/src/Masterdom.Modules.Billing/Application/Services/BillingApplicationService.cs(60,26): warning CS1591: Missing XML comment for publicly visible type or member 'BillingApplicationService.FinalizeBill(FinalizeBillCommand)' [/Users/kady/Masterdom/src/Masterdom.Modules.Billing/Masterdom.Modules.Billing.csproj]
/Users/kady/Masterdom/src/Masterdom.Modules.Billing/Application/Services/BillingApplicationService.cs(71,26): warning CS1591: Missing XML comment for publicly visible type or member 'BillingApplicationService.AddAdjustment(AddAdjustmentCommand)' [/Users/kady/Masterdom/src/Masterdom.Modules.Billing/Masterdom.Modules.Billing.csproj]
/Users/kady/Masterdom/src/Masterdom.Modules.Billing/Application/Services/BillingApplicationService.cs(86,26): warning CS1591: Missing XML comment for publicly visible type or member 'BillingApplicationService.ApplyCredit(ApplyCreditCommand)' [/Users/kady/Masterdom/src/Masterdom.Modules.Billing/Masterdom.Modules.Billing.csproj]
/Users/kady/Masterdom/src/Masterdom.Modules.Billing/Application/Services/BillingApplicationService.cs(101,26): warning CS1591: Missing XML comment for publicly visible type or member 'BillingApplicationService.VoidBill(VoidBillCommand)' [/Users/kady/Masterdom/src/Masterdom.Modules.Billing/Masterdom.Modules.Billing.csproj]
/Users/kady/Masterdom/src/Masterdom.Modules.Billing/Application/Services/BillingApplicationService.cs(112,27): warning CS1591: Missing XML comment for publicly visible type or member 'BillingApplicationService.GetBill(GetBillByIdQuery)' [/Users/kady/Masterdom/src/Masterdom.Modules.Billing/Masterdom.Modules.Billing.csproj]
/Users/kady/Masterdom/src/Masterdom.Modules.Billing/Application/Services/BillingApplicationService.cs(118,27): warning CS1591: Missing XML comment for publicly visible type or member 'BillingApplicationService.GetBillByNumber(GetBillByNumberQuery)' [/Users/kady/Masterdom/src/Masterdom.Modules.Billing/Masterdom.Modules.Billing.csproj]
/Users/kady/Masterdom/src/Masterdom.Modules.Billing/Application/Services/IBillingApplicationService.cs(7,18): warning CS1591: Missing XML comment for publicly visible type or member 'IBillingApplicationService' [/Users/kady/Masterdom/src/Masterdom.Modules.Billing/Masterdom.Modules.Billing.csproj]
/Users/kady/Masterdom/src/Masterdom.Modules.Billing/Application/Services/IBillingApplicationService.cs(9,19): warning CS1591: Missing XML comment for publicly visible type or member 'IBillingApplicationService.GenerateBill(GenerateBillCommand)' [/Users/kady/Masterdom/src/Masterdom.Modules.Billing/Masterdom.Modules.Billing.csproj]
/Users/kady/Masterdom/src/Masterdom.Modules.Billing/Application/Services/IBillingApplicationService.cs(11,19): warning CS1591: Missing XML comment for publicly visible type or member 'IBillingApplicationService.FinalizeBill(FinalizeBillCommand)' [/Users/kady/Masterdom/src/Masterdom.Modules.Billing/Masterdom.Modules.Billing.csproj]
/Users/kady/Masterdom/src/Masterdom.Modules.Billing/Application/Services/IBillingApplicationService.cs(13,19): warning CS1591: Missing XML comment for publicly visible type or member 'IBillingApplicationService.AddAdjustment(AddAdjustmentCommand)' [/Users/kady/Masterdom/src/Masterdom.Modules.Billing/Masterdom.Modules.Billing.csproj]
/Users/kady/Masterdom/src/Masterdom.Modules.Billing/Application/Services/IBillingApplicationService.cs(15,19): warning CS1591: Missing XML comment for publicly visible type or member 'IBillingApplicationService.ApplyCredit(ApplyCreditCommand)' [/Users/kady/Masterdom/src/Masterdom.Modules.Billing/Masterdom.Modules.Billing.csproj]
/Users/kady/Masterdom/src/Masterdom.Modules.Billing/Application/Services/IBillingApplicationService.cs(17,19): warning CS1591: Missing XML comment for publicly visible type or member 'IBillingApplicationService.VoidBill(VoidBillCommand)' [/Users/kady/Masterdom/src/Masterdom.Modules.Billing/Masterdom.Modules.Billing.csproj]
/Users/kady/Masterdom/src/Masterdom.Modules.Billing/Application/Services/IBillingApplicationService.cs(19,20): warning CS1591: Missing XML comment for publicly visible type or member 'IBillingApplicationService.GetBill(GetBillByIdQuery)' [/Users/kady/Masterdom/src/Masterdom.Modules.Billing/Masterdom.Modules.Billing.csproj]
/Users/kady/Masterdom/src/Masterdom.Modules.Billing/Application/Services/IBillingApplicationService.cs(21,20): warning CS1591: Missing XML comment for publicly visible type or member 'IBillingApplicationService.GetBillByNumber(GetBillByNumberQuery)' [/Users/kady/Masterdom/src/Masterdom.Modules.Billing/Masterdom.Modules.Billing.csproj]
/Users/kady/Masterdom/src/Masterdom.Modules.Billing/Application/Support/ExecutionResult.cs(8,15): warning CS1591: Missing XML comment for publicly visible type or member 'ExecutionResult.ExecutionResult(bool, string?, string?)' [/Users/kady/Masterdom/src/Masterdom.Modules.Billing/Masterdom.Modules.Billing.csproj]
/Users/kady/Masterdom/src/Masterdom.Modules.Billing/Application/Support/ExecutionResult.cs(15,17): warning CS1591: Missing XML comment for publicly visible type or member 'ExecutionResult.IsSuccess' [/Users/kady/Masterdom/src/Masterdom.Modules.Billing/Masterdom.Modules.Billing.csproj]
/Users/kady/Masterdom/src/Masterdom.Modules.Billing/Application/Support/ExecutionResult.cs(17,20): warning CS1591: Missing XML comment for publicly visible type or member 'ExecutionResult.ErrorCode' [/Users/kady/Masterdom/src/Masterdom.Modules.Billing/Masterdom.Modules.Billing.csproj]
/Users/kady/Masterdom/src/Masterdom.Modules.Billing/Application/Support/ExecutionResult.cs(19,20): warning CS1591: Missing XML comment for publicly visible type or member 'ExecutionResult.ErrorMessage' [/Users/kady/Masterdom/src/Masterdom.Modules.Billing/Masterdom.Modules.Billing.csproj]
/Users/kady/Masterdom/src/Masterdom.Modules.Billing/Application/Support/ExecutionResult.cs(21,35): warning CS1591: Missing XML comment for publicly visible type or member 'ExecutionResult.Success()' [/Users/kady/Masterdom/src/Masterdom.Modules.Billing/Masterdom.Modules.Billing.csproj]
/Users/kady/Masterdom/src/Masterdom.Modules.Billing/Application/Support/ExecutionResult.cs(26,35): warning CS1591: Missing XML comment for publicly visible type or member 'ExecutionResult.Failure(string, string)' [/Users/kady/Masterdom/src/Masterdom.Modules.Billing/Masterdom.Modules.Billing.csproj]
/Users/kady/Masterdom/src/Masterdom.Modules.Billing/Application/Support/ExecutionResult.cs(46,15): warning CS1591: Missing XML comment for publicly visible type or member 'ExecutionResult<T>.Value' [/Users/kady/Masterdom/src/Masterdom.Modules.Billing/Masterdom.Modules.Billing.csproj]
/Users/kady/Masterdom/src/Masterdom.Modules.Billing/Application/Support/ExecutionResult.cs(48,38): warning CS1591: Missing XML comment for publicly visible type or member 'ExecutionResult<T>.Success(T)' [/Users/kady/Masterdom/src/Masterdom.Modules.Billing/Masterdom.Modules.Billing.csproj]
/Users/kady/Masterdom/src/Masterdom.Modules.Billing/Application/Support/ExecutionResult.cs(54,38): warning CS1591: Missing XML comment for publicly visible type or member 'ExecutionResult<T>.Failure(string, string)' [/Users/kady/Masterdom/src/Masterdom.Modules.Billing/Masterdom.Modules.Billing.csproj]
/Users/kady/Masterdom/src/Masterdom.Modules.Billing/Application/Support/IBillingPlatformOrchestrator.cs(11,10): warning CS1591: Missing XML comment for publicly visible type or member 'IBillingPlatformOrchestrator.OnBillMutated(Bill, string)' [/Users/kady/Masterdom/src/Masterdom.Modules.Billing/Masterdom.Modules.Billing.csproj]
/Users/kady/Masterdom/src/Masterdom.Modules.Billing/Application/Support/IBillingPlatformOrchestrator.cs(13,10): warning CS1591: Missing XML comment for publicly visible type or member 'IBillingPlatformOrchestrator.Publish(IBillingApplicationEvent)' [/Users/kady/Masterdom/src/Masterdom.Modules.Billing/Masterdom.Modules.Billing.csproj]
/Users/kady/Masterdom/src/Masterdom.Modules.Billing/Application/Support/IBillingUnitOfWork.cs(8,10): warning CS1591: Missing XML comment for publicly visible type or member 'IBillingUnitOfWork.Execute(Action)' [/Users/kady/Masterdom/src/Masterdom.Modules.Billing/Masterdom.Modules.Billing.csproj]
/Users/kady/Masterdom/src/Masterdom.Modules.Billing/Application/Support/ICommandHandler.cs(8,13): warning CS1591: Missing XML comment for publicly visible type or member 'ICommandHandler<TCommand, TResult>.Handle(TCommand)' [/Users/kady/Masterdom/src/Masterdom.Modules.Billing/Masterdom.Modules.Billing.csproj]
/Users/kady/Masterdom/src/Masterdom.Modules.Billing/Application/Support/IQueryHandler.cs(8,13): warning CS1591: Missing XML comment for publicly visible type or member 'IQueryHandler<TQuery, TResult>.Handle(TQuery)' [/Users/kady/Masterdom/src/Masterdom.Modules.Billing/Masterdom.Modules.Billing.csproj]
/Users/kady/Masterdom/src/Masterdom.Modules.Billing/Contracts/Published/Models/BillSnapshotModel.cs(5,21): warning CS1591: Missing XML comment for publicly visible type or member 'BillSnapshotModel' [/Users/kady/Masterdom/src/Masterdom.Modules.Billing/Masterdom.Modules.Billing.csproj]
/Users/kady/Masterdom/src/Masterdom.Modules.Billing/Contracts/Published/Models/BillSnapshotModel.cs(7,12): warning CS1591: Missing XML comment for publicly visible type or member 'BillSnapshotModel.BillSnapshotModel(Guid, string, DateOnly, DateOnly, Guid, Guid, Guid, DateOnly, DateOnly, string, decimal, decimal, IReadOnlyCollection<BillSnapshotChargeLineModel>, DateOnly?, string?)' [/Users/kady/Masterdom/src/Masterdom.Modules.Billing/Masterdom.Modules.Billing.csproj]
/Users/kady/Masterdom/src/Masterdom.Modules.Billing/Contracts/Published/Models/BillSnapshotModel.cs(96,17): warning CS1591: Missing XML comment for publicly visible type or member 'BillSnapshotModel.BillId' [/Users/kady/Masterdom/src/Masterdom.Modules.Billing/Masterdom.Modules.Billing.csproj]
/Users/kady/Masterdom/src/Masterdom.Modules.Billing/Contracts/Published/Models/BillSnapshotModel.cs(98,19): warning CS1591: Missing XML comment for publicly visible type or member 'BillSnapshotModel.BillNumber' [/Users/kady/Masterdom/src/Masterdom.Modules.Billing/Masterdom.Modules.Billing.csproj]
/Users/kady/Masterdom/src/Masterdom.Modules.Billing/Contracts/Published/Models/BillSnapshotModel.cs(100,21): warning CS1591: Missing XML comment for publicly visible type or member 'BillSnapshotModel.BillingPeriodStartDate' [/Users/kady/Masterdom/src/Masterdom.Modules.Billing/Masterdom.Modules.Billing.csproj]
/Users/kady/Masterdom/src/Masterdom.Modules.Billing/Contracts/Published/Models/BillSnapshotModel.cs(102,21): warning CS1591: Missing XML comment for publicly visible type or member 'BillSnapshotModel.BillingPeriodEndDate' [/Users/kady/Masterdom/src/Masterdom.Modules.Billing/Masterdom.Modules.Billing.csproj]
/Users/kady/Masterdom/src/Masterdom.Modules.Billing/Contracts/Published/Models/BillSnapshotModel.cs(104,17): warning CS1591: Missing XML comment for publicly visible type or member 'BillSnapshotModel.PropertyId' [/Users/kady/Masterdom/src/Masterdom.Modules.Billing/Masterdom.Modules.Billing.csproj]
/Users/kady/Masterdom/src/Masterdom.Modules.Billing/Contracts/Published/Models/BillSnapshotModel.cs(106,17): warning CS1591: Missing XML comment for publicly visible type or member 'BillSnapshotModel.TenancyId' [/Users/kady/Masterdom/src/Masterdom.Modules.Billing/Masterdom.Modules.Billing.csproj]
/Users/kady/Masterdom/src/Masterdom.Modules.Billing/Contracts/Published/Models/BillSnapshotModel.cs(108,17): warning CS1591: Missing XML comment for publicly visible type or member 'BillSnapshotModel.LeaseId' [/Users/kady/Masterdom/src/Masterdom.Modules.Billing/Masterdom.Modules.Billing.csproj]
/Users/kady/Masterdom/src/Masterdom.Modules.Billing/Contracts/Published/Models/BillSnapshotModel.cs(110,21): warning CS1591: Missing XML comment for publicly visible type or member 'BillSnapshotModel.IssueDate' [/Users/kady/Masterdom/src/Masterdom.Modules.Billing/Masterdom.Modules.Billing.csproj]
/Users/kady/Masterdom/src/Masterdom.Modules.Billing/Contracts/Published/Models/BillSnapshotModel.cs(112,21): warning CS1591: Missing XML comment for publicly visible type or member 'BillSnapshotModel.DueDate' [/Users/kady/Masterdom/src/Masterdom.Modules.Billing/Masterdom.Modules.Billing.csproj]
/Users/kady/Masterdom/src/Masterdom.Modules.Billing/Contracts/Published/Models/BillSnapshotModel.cs(114,19): warning CS1591: Missing XML comment for publicly visible type or member 'BillSnapshotModel.CurrencyCode' [/Users/kady/Masterdom/src/Masterdom.Modules.Billing/Masterdom.Modules.Billing.csproj]
/Users/kady/Masterdom/src/Masterdom.Modules.Billing/Contracts/Published/Models/BillSnapshotModel.cs(116,20): warning CS1591: Missing XML comment for publicly visible type or member 'BillSnapshotModel.TotalAmount' [/Users/kady/Masterdom/src/Masterdom.Modules.Billing/Masterdom.Modules.Billing.csproj]
/Users/kady/Masterdom/src/Masterdom.Modules.Billing/Contracts/Published/Models/BillSnapshotModel.cs(118,20): warning CS1591: Missing XML comment for publicly visible type or member 'BillSnapshotModel.OutstandingAmount' [/Users/kady/Masterdom/src/Masterdom.Modules.Billing/Masterdom.Modules.Billing.csproj]
/Users/kady/Masterdom/src/Masterdom.Modules.Billing/Contracts/Published/Models/BillSnapshotModel.cs(120,61): warning CS1591: Missing XML comment for publicly visible type or member 'BillSnapshotModel.ChargeLines' [/Users/kady/Masterdom/src/Masterdom.Modules.Billing/Masterdom.Modules.Billing.csproj]
/Users/kady/Masterdom/src/Masterdom.Modules.Billing/Contracts/Published/Models/BillSnapshotModel.cs(122,22): warning CS1591: Missing XML comment for publicly visible type or member 'BillSnapshotModel.GeneratedDate' [/Users/kady/Masterdom/src/Masterdom.Modules.Billing/Masterdom.Modules.Billing.csproj]
/Users/kady/Masterdom/src/Masterdom.Modules.Billing/Contracts/Published/Models/BillSnapshotModel.cs(124,20): warning CS1591: Missing XML comment for publicly visible type or member 'BillSnapshotModel.CorrelationId' [/Users/kady/Masterdom/src/Masterdom.Modules.Billing/Masterdom.Modules.Billing.csproj]
/Users/kady/Masterdom/src/Masterdom.Modules.Billing/Contracts/Published/Models/BillSnapshotModel.cs(127,21): warning CS1591: Missing XML comment for publicly visible type or member 'BillSnapshotChargeLineModel' [/Users/kady/Masterdom/src/Masterdom.Modules.Billing/Masterdom.Modules.Billing.csproj]
/Users/kady/Masterdom/src/Masterdom.Modules.Billing/Contracts/Published/Models/BillSnapshotModel.cs(129,12): warning CS1591: Missing XML comment for publicly visible type or member 'BillSnapshotChargeLineModel.BillSnapshotChargeLineModel(string, string, decimal, string?)' [/Users/kady/Masterdom/src/Masterdom.Modules.Billing/Masterdom.Modules.Billing.csproj]
/Users/kady/Masterdom/src/Masterdom.Modules.Billing/Contracts/Published/Models/BillSnapshotModel.cs(161,19): warning CS1591: Missing XML comment for publicly visible type or member 'BillSnapshotChargeLineModel.ChargeCategory' [/Users/kady/Masterdom/src/Masterdom.Modules.Billing/Masterdom.Modules.Billing.csproj]
/Users/kady/Masterdom/src/Masterdom.Modules.Billing/Contracts/Published/Models/BillSnapshotModel.cs(163,19): warning CS1591: Missing XML comment for publicly visible type or member 'BillSnapshotChargeLineModel.Description' [/Users/kady/Masterdom/src/Masterdom.Modules.Billing/Masterdom.Modules.Billing.csproj]
/Users/kady/Masterdom/src/Masterdom.Modules.Billing/Contracts/Published/Models/BillSnapshotModel.cs(165,20): warning CS1591: Missing XML comment for publicly visible type or member 'BillSnapshotChargeLineModel.Amount' [/Users/kady/Masterdom/src/Masterdom.Modules.Billing/Masterdom.Modules.Billing.csproj]
/Users/kady/Masterdom/src/Masterdom.Modules.Billing/Contracts/Published/Models/BillSnapshotModel.cs(167,20): warning CS1591: Missing XML comment for publicly visible type or member 'BillSnapshotChargeLineModel.ExternalReference' [/Users/kady/Masterdom/src/Masterdom.Modules.Billing/Masterdom.Modules.Billing.csproj]
/Users/kady/Masterdom/src/Masterdom.Modules.Billing/Contracts/Published/Notifications/BillPersistedNotification.cs(3,21): warning CS1591: Missing XML comment for publicly visible type or member 'BillPersistedNotification' [/Users/kady/Masterdom/src/Masterdom.Modules.Billing/Masterdom.Modules.Billing.csproj]
/Users/kady/Masterdom/src/Masterdom.Modules.Billing/Contracts/Published/Notifications/BillPersistedNotification.cs(5,12): warning CS1591: Missing XML comment for publicly visible type or member 'BillPersistedNotification.BillPersistedNotification(string, DateOnly, DateOnly, IReadOnlyCollection<Guid>, int, DateTime, Guid?)' [/Users/kady/Masterdom/src/Masterdom.Modules.Billing/Masterdom.Modules.Billing.csproj]
/Users/kady/Masterdom/src/Masterdom.Modules.Billing/Contracts/Published/Notifications/BillPersistedNotification.cs(52,19): warning CS1591: Missing XML comment for publicly visible type or member 'BillPersistedNotification.CorrelationId' [/Users/kady/Masterdom/src/Masterdom.Modules.Billing/Masterdom.Modules.Billing.csproj]
/Users/kady/Masterdom/src/Masterdom.Modules.Billing/Contracts/Published/Notifications/BillPersistedNotification.cs(54,21): warning CS1591: Missing XML comment for publicly visible type or member 'BillPersistedNotification.BillingPeriodStartDate' [/Users/kady/Masterdom/src/Masterdom.Modules.Billing/Masterdom.Modules.Billing.csproj]
/Users/kady/Masterdom/src/Masterdom.Modules.Billing/Contracts/Published/Notifications/BillPersistedNotification.cs(56,21): warning CS1591: Missing XML comment for publicly visible type or member 'BillPersistedNotification.BillingPeriodEndDate' [/Users/kady/Masterdom/src/Masterdom.Modules.Billing/Masterdom.Modules.Billing.csproj]
/Users/kady/Masterdom/src/Masterdom.Modules.Billing/Contracts/Published/Notifications/BillPersistedNotification.cs(58,38): warning CS1591: Missing XML comment for publicly visible type or member 'BillPersistedNotification.PersistedBillIds' [/Users/kady/Masterdom/src/Masterdom.Modules.Billing/Masterdom.Modules.Billing.csproj]
/Users/kady/Masterdom/src/Masterdom.Modules.Billing/Contracts/Published/Notifications/BillPersistedNotification.cs(60,16): warning CS1591: Missing XML comment for publicly visible type or member 'BillPersistedNotification.PersistedBillCount' [/Users/kady/Masterdom/src/Masterdom.Modules.Billing/Masterdom.Modules.Billing.csproj]
/Users/kady/Masterdom/src/Masterdom.Modules.Billing/Contracts/Published/Notifications/BillPersistedNotification.cs(62,21): warning CS1591: Missing XML comment for publicly visible type or member 'BillPersistedNotification.ExecutionTimestampUtc' [/Users/kady/Masterdom/src/Masterdom.Modules.Billing/Masterdom.Modules.Billing.csproj]
/Users/kady/Masterdom/src/Masterdom.Modules.Billing/Contracts/Published/Notifications/BillPersistedNotification.cs(64,18): warning CS1591: Missing XML comment for publicly visible type or member 'BillPersistedNotification.PropertyId' [/Users/kady/Masterdom/src/Masterdom.Modules.Billing/Masterdom.Modules.Billing.csproj]
/Users/kady/Masterdom/src/Masterdom.Modules.Billing/Domain/Entities/Billing/AdjustmentCollection.cs(17,40): warning CS1591: Missing XML comment for publicly visible type or member 'AdjustmentCollection.Empty' [/Users/kady/Masterdom/src/Masterdom.Modules.Billing/Masterdom.Modules.Billing.csproj]
/Users/kady/Masterdom/src/Masterdom.Modules.Billing/Domain/Entities/Billing/AdjustmentCollection.cs(19,42): warning CS1591: Missing XML comment for publicly visible type or member 'AdjustmentCollection.Items' [/Users/kady/Masterdom/src/Masterdom.Modules.Billing/Masterdom.Modules.Billing.csproj]
/Users/kady/Masterdom/src/Masterdom.Modules.Billing/Domain/Entities/Billing/AdjustmentCollection.cs(21,20): warning CS1591: Missing XML comment for publicly visible type or member 'AdjustmentCollection.TotalAmount' [/Users/kady/Masterdom/src/Masterdom.Modules.Billing/Masterdom.Modules.Billing.csproj]
/Users/kady/Masterdom/src/Masterdom.Modules.Billing/Domain/Entities/Billing/AdjustmentCollection.cs(23,33): warning CS1591: Missing XML comment for publicly visible type or member 'AdjustmentCollection.Add(AdjustmentLine)' [/Users/kady/Masterdom/src/Masterdom.Modules.Billing/Masterdom.Modules.Billing.csproj]
/Users/kady/Masterdom/src/Masterdom.Modules.Billing/Domain/Entities/Billing/AdjustmentCollection.cs(32,40): warning CS1591: Missing XML comment for publicly visible type or member 'AdjustmentCollection.Create(IEnumerable<AdjustmentLine>)' [/Users/kady/Masterdom/src/Masterdom.Modules.Billing/Masterdom.Modules.Billing.csproj]
/Users/kady/Masterdom/src/Masterdom.Modules.Billing/Domain/Entities/Billing/AdjustmentCollection.cs(38,45): warning CS1591: Missing XML comment for publicly visible type or member 'AdjustmentCollection.GetEqualityComponents()' [/Users/kady/Masterdom/src/Masterdom.Modules.Billing/Masterdom.Modules.Billing.csproj]
/Users/kady/Masterdom/src/Masterdom.Modules.Billing/Domain/Entities/Billing/AdjustmentKind.cs(10,43): warning CS1591: Missing XML comment for publicly visible type or member 'AdjustmentKind.ManualAdjustment' [/Users/kady/Masterdom/src/Masterdom.Modules.Billing/Masterdom.Modules.Billing.csproj]
/Users/kady/Masterdom/src/Masterdom.Modules.Billing/Domain/Entities/Billing/AdjustmentKind.cs(11,43): warning CS1591: Missing XML comment for publicly visible type or member 'AdjustmentKind.Debit' [/Users/kady/Masterdom/src/Masterdom.Modules.Billing/Masterdom.Modules.Billing.csproj]
/Users/kady/Masterdom/src/Masterdom.Modules.Billing/Domain/Entities/Billing/AdjustmentKind.cs(12,43): warning CS1591: Missing XML comment for publicly visible type or member 'AdjustmentKind.Discount' [/Users/kady/Masterdom/src/Masterdom.Modules.Billing/Masterdom.Modules.Billing.csproj]
/Users/kady/Masterdom/src/Masterdom.Modules.Billing/Domain/Entities/Billing/AdjustmentKind.cs(13,43): warning CS1591: Missing XML comment for publicly visible type or member 'AdjustmentKind.Waiver' [/Users/kady/Masterdom/src/Masterdom.Modules.Billing/Masterdom.Modules.Billing.csproj]
/Users/kady/Masterdom/src/Masterdom.Modules.Billing/Domain/Entities/Billing/AdjustmentKind.cs(20,19): warning CS1591: Missing XML comment for publicly visible type or member 'AdjustmentKind.Value' [/Users/kady/Masterdom/src/Masterdom.Modules.Billing/Masterdom.Modules.Billing.csproj]
/Users/kady/Masterdom/src/Masterdom.Modules.Billing/Domain/Entities/Billing/AdjustmentKind.cs(22,34): warning CS1591: Missing XML comment for publicly visible type or member 'AdjustmentKind.Create(string)' [/Users/kady/Masterdom/src/Masterdom.Modules.Billing/Masterdom.Modules.Billing.csproj]
/Users/kady/Masterdom/src/Masterdom.Modules.Billing/Domain/Entities/Billing/AdjustmentKind.cs(36,45): warning CS1591: Missing XML comment for publicly visible type or member 'AdjustmentKind.GetEqualityComponents()' [/Users/kady/Masterdom/src/Masterdom.Modules.Billing/Masterdom.Modules.Billing.csproj]
/Users/kady/Masterdom/src/Masterdom.Modules.Billing/Domain/Entities/Billing/AdjustmentLine.cs(17,27): warning CS1591: Missing XML comment for publicly visible type or member 'AdjustmentLine.Kind' [/Users/kady/Masterdom/src/Masterdom.Modules.Billing/Masterdom.Modules.Billing.csproj]
/Users/kady/Masterdom/src/Masterdom.Modules.Billing/Domain/Entities/Billing/AdjustmentLine.cs(19,19): warning CS1591: Missing XML comment for publicly visible type or member 'AdjustmentLine.Description' [/Users/kady/Masterdom/src/Masterdom.Modules.Billing/Masterdom.Modules.Billing.csproj]
/Users/kady/Masterdom/src/Masterdom.Modules.Billing/Domain/Entities/Billing/AdjustmentLine.cs(21,20): warning CS1591: Missing XML comment for publicly visible type or member 'AdjustmentLine.Amount' [/Users/kady/Masterdom/src/Masterdom.Modules.Billing/Masterdom.Modules.Billing.csproj]
/Users/kady/Masterdom/src/Masterdom.Modules.Billing/Domain/Entities/Billing/AdjustmentLine.cs(23,34): warning CS1591: Missing XML comment for publicly visible type or member 'AdjustmentLine.Create(AdjustmentKind, string, decimal)' [/Users/kady/Masterdom/src/Masterdom.Modules.Billing/Masterdom.Modules.Billing.csproj]
/Users/kady/Masterdom/src/Masterdom.Modules.Billing/Domain/Entities/Billing/AdjustmentLine.cs(37,45): warning CS1591: Missing XML comment for publicly visible type or member 'AdjustmentLine.GetEqualityComponents()' [/Users/kady/Masterdom/src/Masterdom.Modules.Billing/Masterdom.Modules.Billing.csproj]
/Users/kady/Masterdom/src/Masterdom.Modules.Billing/Domain/Entities/Billing/Bill.cs(35,23): warning CS1591: Missing XML comment for publicly visible type or member 'Bill.BillNumber' [/Users/kady/Masterdom/src/Masterdom.Modules.Billing/Masterdom.Modules.Billing.csproj]
/Users/kady/Masterdom/src/Masterdom.Modules.Billing/Domain/Entities/Billing/Bill.cs(37,23): warning CS1591: Missing XML comment for publicly visible type or member 'Bill.Status' [/Users/kady/Masterdom/src/Masterdom.Modules.Billing/Masterdom.Modules.Billing.csproj]
/Users/kady/Masterdom/src/Masterdom.Modules.Billing/Domain/Entities/Billing/Bill.cs(39,29): warning CS1591: Missing XML comment for publicly visible type or member 'Bill.TenancyReference' [/Users/kady/Masterdom/src/Masterdom.Modules.Billing/Masterdom.Modules.Billing.csproj]
/Users/kady/Masterdom/src/Masterdom.Modules.Billing/Domain/Entities/Billing/Bill.cs(41,27): warning CS1591: Missing XML comment for publicly visible type or member 'Bill.LeaseReference' [/Users/kady/Masterdom/src/Masterdom.Modules.Billing/Masterdom.Modules.Billing.csproj]
/Users/kady/Masterdom/src/Masterdom.Modules.Billing/Domain/Entities/Billing/Bill.cs(43,30): warning CS1591: Missing XML comment for publicly visible type or member 'Bill.PropertyReference' [/Users/kady/Masterdom/src/Masterdom.Modules.Billing/Masterdom.Modules.Billing.csproj]
/Users/kady/Masterdom/src/Masterdom.Modules.Billing/Domain/Entities/Billing/Bill.cs(45,28): warning CS1591: Missing XML comment for publicly visible type or member 'Bill.BilledParty' [/Users/kady/Masterdom/src/Masterdom.Modules.Billing/Masterdom.Modules.Billing.csproj]
/Users/kady/Masterdom/src/Masterdom.Modules.Billing/Domain/Entities/Billing/Bill.cs(47,48): warning CS1591: Missing XML comment for publicly visible type or member 'Bill.Versions' [/Users/kady/Masterdom/src/Masterdom.Modules.Billing/Masterdom.Modules.Billing.csproj]
/Users/kady/Masterdom/src/Masterdom.Modules.Billing/Domain/Entities/Billing/Bill.cs(49,46): warning CS1591: Missing XML comment for publicly visible type or member 'Bill.DomainEvents' [/Users/kady/Masterdom/src/Masterdom.Modules.Billing/Masterdom.Modules.Billing.csproj]
/Users/kady/Masterdom/src/Masterdom.Modules.Billing/Domain/Entities/Billing/Bill.cs(51,25): warning CS1591: Missing XML comment for publicly visible type or member 'Bill.CurrentSnapshot' [/Users/kady/Masterdom/src/Masterdom.Modules.Billing/Masterdom.Modules.Billing.csproj]
/Users/kady/Masterdom/src/Masterdom.Modules.Billing/Domain/Entities/Billing/Bill.cs(53,24): warning CS1591: Missing XML comment for publicly visible type or member 'Bill.Generate(BillId, BillNumber, TenancyReference, LeaseReference, PropertyReference, PersonReference, BillingPeriod, BillingCycle, GeneratedDate, IssueDate, DueDate, Currency, ChargeCollection)' [/Users/kady/Masterdom/src/Masterdom.Modules.Billing/Masterdom.Modules.Billing.csproj]
/Users/kady/Masterdom/src/Masterdom.Modules.Billing/Domain/Entities/Billing/Bill.cs(114,17): warning CS1591: Missing XML comment for publicly visible type or member 'Bill.FinalizeBill()' [/Users/kady/Masterdom/src/Masterdom.Modules.Billing/Masterdom.Modules.Billing.csproj]
/Users/kady/Masterdom/src/Masterdom.Modules.Billing/Domain/Entities/Billing/Bill.cs(131,17): warning CS1591: Missing XML comment for publicly visible type or member 'Bill.AddAdjustment(AdjustmentLine, GeneratedDate, IssueDate, DueDate)' [/Users/kady/Masterdom/src/Masterdom.Modules.Billing/Masterdom.Modules.Billing.csproj]
/Users/kady/Masterdom/src/Masterdom.Modules.Billing/Domain/Entities/Billing/Bill.cs(165,17): warning CS1591: Missing XML comment for publicly visible type or member 'Bill.ApplyCredit(CreditLine, GeneratedDate, IssueDate, DueDate)' [/Users/kady/Masterdom/src/Masterdom.Modules.Billing/Masterdom.Modules.Billing.csproj]
/Users/kady/Masterdom/src/Masterdom.Modules.Billing/Domain/Entities/Billing/Bill.cs(199,17): warning CS1591: Missing XML comment for publicly visible type or member 'Bill.Void(string)' [/Users/kady/Masterdom/src/Masterdom.Modules.Billing/Masterdom.Modules.Billing.csproj]
/Users/kady/Masterdom/src/Masterdom.Modules.Billing/Domain/Entities/Billing/Bill.cs(214,17): warning CS1591: Missing XML comment for publicly visible type or member 'Bill.ClearDomainEvents()' [/Users/kady/Masterdom/src/Masterdom.Modules.Billing/Masterdom.Modules.Billing.csproj]
/Users/kady/Masterdom/src/Masterdom.Modules.Billing/Domain/Entities/Billing/BillId.cs(10,26): warning CS1591: Missing XML comment for publicly visible type or member 'BillId.New()' [/Users/kady/Masterdom/src/Masterdom.Modules.Billing/Masterdom.Modules.Billing.csproj]
/Users/kady/Masterdom/src/Masterdom.Modules.Billing/Domain/Entities/Billing/BillId.cs(15,26): warning CS1591: Missing XML comment for publicly visible type or member 'BillId.From(Guid)' [/Users/kady/Masterdom/src/Masterdom.Modules.Billing/Masterdom.Modules.Billing.csproj]
/Users/kady/Masterdom/src/Masterdom.Modules.Billing/Domain/Entities/Billing/BillingCycle.cs(10,41): warning CS1591: Missing XML comment for publicly visible type or member 'BillingCycle.Monthly' [/Users/kady/Masterdom/src/Masterdom.Modules.Billing/Masterdom.Modules.Billing.csproj]
/Users/kady/Masterdom/src/Masterdom.Modules.Billing/Domain/Entities/Billing/BillingCycle.cs(11,41): warning CS1591: Missing XML comment for publicly visible type or member 'BillingCycle.Quarterly' [/Users/kady/Masterdom/src/Masterdom.Modules.Billing/Masterdom.Modules.Billing.csproj]
/Users/kady/Masterdom/src/Masterdom.Modules.Billing/Domain/Entities/Billing/BillingCycle.cs(12,41): warning CS1591: Missing XML comment for publicly visible type or member 'BillingCycle.OneTime' [/Users/kady/Masterdom/src/Masterdom.Modules.Billing/Masterdom.Modules.Billing.csproj]
/Users/kady/Masterdom/src/Masterdom.Modules.Billing/Domain/Entities/Billing/BillingCycle.cs(19,19): warning CS1591: Missing XML comment for publicly visible type or member 'BillingCycle.Value' [/Users/kady/Masterdom/src/Masterdom.Modules.Billing/Masterdom.Modules.Billing.csproj]
/Users/kady/Masterdom/src/Masterdom.Modules.Billing/Domain/Entities/Billing/BillingCycle.cs(21,32): warning CS1591: Missing XML comment for publicly visible type or member 'BillingCycle.Create(string)' [/Users/kady/Masterdom/src/Masterdom.Modules.Billing/Masterdom.Modules.Billing.csproj]
/Users/kady/Masterdom/src/Masterdom.Modules.Billing/Domain/Entities/Billing/BillingCycle.cs(34,45): warning CS1591: Missing XML comment for publicly visible type or member 'BillingCycle.GetEqualityComponents()' [/Users/kady/Masterdom/src/Masterdom.Modules.Billing/Masterdom.Modules.Billing.csproj]
/Users/kady/Masterdom/src/Masterdom.Modules.Billing/Domain/Entities/Billing/BillingPeriod.cs(18,21): warning CS1591: Missing XML comment for publicly visible type or member 'BillingPeriod.StartDate' [/Users/kady/Masterdom/src/Masterdom.Modules.Billing/Masterdom.Modules.Billing.csproj]
/Users/kady/Masterdom/src/Masterdom.Modules.Billing/Domain/Entities/Billing/BillingPeriod.cs(20,21): warning CS1591: Missing XML comment for publicly visible type or member 'BillingPeriod.EndDate' [/Users/kady/Masterdom/src/Masterdom.Modules.Billing/Masterdom.Modules.Billing.csproj]
/Users/kady/Masterdom/src/Masterdom.Modules.Billing/Domain/Entities/Billing/BillingPeriod.cs(22,33): warning CS1591: Missing XML comment for publicly visible type or member 'BillingPeriod.Create(DateOnly, DateOnly)' [/Users/kady/Masterdom/src/Masterdom.Modules.Billing/Masterdom.Modules.Billing.csproj]
/Users/kady/Masterdom/src/Masterdom.Modules.Billing/Domain/Entities/Billing/BillingPeriod.cs(27,45): warning CS1591: Missing XML comment for publicly visible type or member 'BillingPeriod.GetEqualityComponents()' [/Users/kady/Masterdom/src/Masterdom.Modules.Billing/Masterdom.Modules.Billing.csproj]
/Users/kady/Masterdom/src/Masterdom.Modules.Billing/Domain/Entities/Billing/BillingVersion.cs(16,25): warning CS1591: Missing XML comment for publicly visible type or member 'BillingVersion.Snapshot' [/Users/kady/Masterdom/src/Masterdom.Modules.Billing/Masterdom.Modules.Billing.csproj]
/Users/kady/Masterdom/src/Masterdom.Modules.Billing/Domain/Entities/Billing/BillingVersion.cs(18,27): warning CS1591: Missing XML comment for publicly visible type or member 'BillingVersion.CreatedAt' [/Users/kady/Masterdom/src/Masterdom.Modules.Billing/Masterdom.Modules.Billing.csproj]
/Users/kady/Masterdom/src/Masterdom.Modules.Billing/Domain/Entities/Billing/BillingVersion.cs(20,34): warning CS1591: Missing XML comment for publicly visible type or member 'BillingVersion.Create(BillSnapshot, DateTimeOffset)' [/Users/kady/Masterdom/src/Masterdom.Modules.Billing/Masterdom.Modules.Billing.csproj]
/Users/kady/Masterdom/src/Masterdom.Modules.Billing/Domain/Entities/Billing/BillingVersion.cs(26,45): warning CS1591: Missing XML comment for publicly visible type or member 'BillingVersion.GetEqualityComponents()' [/Users/kady/Masterdom/src/Masterdom.Modules.Billing/Masterdom.Modules.Billing.csproj]
/Users/kady/Masterdom/src/Masterdom.Modules.Billing/Domain/Entities/Billing/BillNumber.cs(15,19): warning CS1591: Missing XML comment for publicly visible type or member 'BillNumber.Value' [/Users/kady/Masterdom/src/Masterdom.Modules.Billing/Masterdom.Modules.Billing.csproj]
/Users/kady/Masterdom/src/Masterdom.Modules.Billing/Domain/Entities/Billing/BillNumber.cs(17,30): warning CS1591: Missing XML comment for publicly visible type or member 'BillNumber.Create(string)' [/Users/kady/Masterdom/src/Masterdom.Modules.Billing/Masterdom.Modules.Billing.csproj]
/Users/kady/Masterdom/src/Masterdom.Modules.Billing/Domain/Entities/Billing/BillNumber.cs(30,45): warning CS1591: Missing XML comment for publicly visible type or member 'BillNumber.GetEqualityComponents()' [/Users/kady/Masterdom/src/Masterdom.Modules.Billing/Masterdom.Modules.Billing.csproj]
/Users/kady/Masterdom/src/Masterdom.Modules.Billing/Domain/Entities/Billing/BillNumber.cs(35,28): warning CS1591: Missing XML comment for publicly visible type or member 'BillNumber.ToString()' [/Users/kady/Masterdom/src/Masterdom.Modules.Billing/Masterdom.Modules.Billing.csproj]
/Users/kady/Masterdom/src/Masterdom.Modules.Billing/Domain/Entities/Billing/BillSnapshot.cs(39,28): warning CS1591: Missing XML comment for publicly visible type or member 'BillSnapshot.Version' [/Users/kady/Masterdom/src/Masterdom.Modules.Billing/Masterdom.Modules.Billing.csproj]
/Users/kady/Masterdom/src/Masterdom.Modules.Billing/Domain/Entities/Billing/BillSnapshot.cs(41,26): warning CS1591: Missing XML comment for publicly visible type or member 'BillSnapshot.BillingPeriod' [/Users/kady/Masterdom/src/Masterdom.Modules.Billing/Masterdom.Modules.Billing.csproj]
/Users/kady/Masterdom/src/Masterdom.Modules.Billing/Domain/Entities/Billing/BillSnapshot.cs(43,25): warning CS1591: Missing XML comment for publicly visible type or member 'BillSnapshot.BillingCycle' [/Users/kady/Masterdom/src/Masterdom.Modules.Billing/Masterdom.Modules.Billing.csproj]
/Users/kady/Masterdom/src/Masterdom.Modules.Billing/Domain/Entities/Billing/BillSnapshot.cs(45,26): warning CS1591: Missing XML comment for publicly visible type or member 'BillSnapshot.GeneratedDate' [/Users/kady/Masterdom/src/Masterdom.Modules.Billing/Masterdom.Modules.Billing.csproj]
/Users/kady/Masterdom/src/Masterdom.Modules.Billing/Domain/Entities/Billing/BillSnapshot.cs(47,22): warning CS1591: Missing XML comment for publicly visible type or member 'BillSnapshot.IssueDate' [/Users/kady/Masterdom/src/Masterdom.Modules.Billing/Masterdom.Modules.Billing.csproj]
/Users/kady/Masterdom/src/Masterdom.Modules.Billing/Domain/Entities/Billing/BillSnapshot.cs(49,20): warning CS1591: Missing XML comment for publicly visible type or member 'BillSnapshot.DueDate' [/Users/kady/Masterdom/src/Masterdom.Modules.Billing/Masterdom.Modules.Billing.csproj]
/Users/kady/Masterdom/src/Masterdom.Modules.Billing/Domain/Entities/Billing/BillSnapshot.cs(51,21): warning CS1591: Missing XML comment for publicly visible type or member 'BillSnapshot.Currency' [/Users/kady/Masterdom/src/Masterdom.Modules.Billing/Masterdom.Modules.Billing.csproj]
/Users/kady/Masterdom/src/Masterdom.Modules.Billing/Domain/Entities/Billing/BillSnapshot.cs(53,29): warning CS1591: Missing XML comment for publicly visible type or member 'BillSnapshot.Charges' [/Users/kady/Masterdom/src/Masterdom.Modules.Billing/Masterdom.Modules.Billing.csproj]
/Users/kady/Masterdom/src/Masterdom.Modules.Billing/Domain/Entities/Billing/BillSnapshot.cs(55,33): warning CS1591: Missing XML comment for publicly visible type or member 'BillSnapshot.Adjustments' [/Users/kady/Masterdom/src/Masterdom.Modules.Billing/Masterdom.Modules.Billing.csproj]
/Users/kady/Masterdom/src/Masterdom.Modules.Billing/Domain/Entities/Billing/BillSnapshot.cs(57,29): warning CS1591: Missing XML comment for publicly visible type or member 'BillSnapshot.Credits' [/Users/kady/Masterdom/src/Masterdom.Modules.Billing/Masterdom.Modules.Billing.csproj]
/Users/kady/Masterdom/src/Masterdom.Modules.Billing/Domain/Entities/Billing/BillSnapshot.cs(59,24): warning CS1591: Missing XML comment for publicly visible type or member 'BillSnapshot.TotalAmount' [/Users/kady/Masterdom/src/Masterdom.Modules.Billing/Masterdom.Modules.Billing.csproj]
/Users/kady/Masterdom/src/Masterdom.Modules.Billing/Domain/Entities/Billing/BillSnapshot.cs(61,30): warning CS1591: Missing XML comment for publicly visible type or member 'BillSnapshot.OutstandingAmount' [/Users/kady/Masterdom/src/Masterdom.Modules.Billing/Masterdom.Modules.Billing.csproj]
/Users/kady/Masterdom/src/Masterdom.Modules.Billing/Domain/Entities/Billing/BillSnapshot.cs(63,32): warning CS1591: Missing XML comment for publicly visible type or member 'BillSnapshot.Create(SnapshotVersion, BillingPeriod, BillingCycle, GeneratedDate, IssueDate, DueDate, Currency, ChargeCollection, AdjustmentCollection, CreditCollection)' [/Users/kady/Masterdom/src/Masterdom.Modules.Billing/Masterdom.Modules.Billing.csproj]
/Users/kady/Masterdom/src/Masterdom.Modules.Billing/Domain/Entities/Billing/BillSnapshot.cs(112,25): warning CS1591: Missing XML comment for publicly visible type or member 'BillSnapshot.RecalculateWith(AdjustmentCollection, CreditCollection, SnapshotVersion, GeneratedDate, IssueDate, DueDate)' [/Users/kady/Masterdom/src/Masterdom.Modules.Billing/Masterdom.Modules.Billing.csproj]
/Users/kady/Masterdom/src/Masterdom.Modules.Billing/Domain/Entities/Billing/BillSnapshot.cs(133,45): warning CS1591: Missing XML comment for publicly visible type or member 'BillSnapshot.GetEqualityComponents()' [/Users/kady/Masterdom/src/Masterdom.Modules.Billing/Masterdom.Modules.Billing.csproj]
/Users/kady/Masterdom/src/Masterdom.Modules.Billing/Domain/Entities/Billing/BillStatus.cs(10,39): warning CS1591: Missing XML comment for publicly visible type or member 'BillStatus.Draft' [/Users/kady/Masterdom/src/Masterdom.Modules.Billing/Masterdom.Modules.Billing.csproj]
/Users/kady/Masterdom/src/Masterdom.Modules.Billing/Domain/Entities/Billing/BillStatus.cs(11,39): warning CS1591: Missing XML comment for publicly visible type or member 'BillStatus.Generated' [/Users/kady/Masterdom/src/Masterdom.Modules.Billing/Masterdom.Modules.Billing.csproj]
/Users/kady/Masterdom/src/Masterdom.Modules.Billing/Domain/Entities/Billing/BillStatus.cs(12,39): warning CS1591: Missing XML comment for publicly visible type or member 'BillStatus.Finalized' [/Users/kady/Masterdom/src/Masterdom.Modules.Billing/Masterdom.Modules.Billing.csproj]
/Users/kady/Masterdom/src/Masterdom.Modules.Billing/Domain/Entities/Billing/BillStatus.cs(13,39): warning CS1591: Missing XML comment for publicly visible type or member 'BillStatus.Voided' [/Users/kady/Masterdom/src/Masterdom.Modules.Billing/Masterdom.Modules.Billing.csproj]
/Users/kady/Masterdom/src/Masterdom.Modules.Billing/Domain/Entities/Billing/BillStatus.cs(20,19): warning CS1591: Missing XML comment for publicly visible type or member 'BillStatus.Value' [/Users/kady/Masterdom/src/Masterdom.Modules.Billing/Masterdom.Modules.Billing.csproj]
/Users/kady/Masterdom/src/Masterdom.Modules.Billing/Domain/Entities/Billing/BillStatus.cs(22,30): warning CS1591: Missing XML comment for publicly visible type or member 'BillStatus.Create(string)' [/Users/kady/Masterdom/src/Masterdom.Modules.Billing/Masterdom.Modules.Billing.csproj]
/Users/kady/Masterdom/src/Masterdom.Modules.Billing/Domain/Entities/Billing/BillStatus.cs(36,45): warning CS1591: Missing XML comment for publicly visible type or member 'BillStatus.GetEqualityComponents()' [/Users/kady/Masterdom/src/Masterdom.Modules.Billing/Masterdom.Modules.Billing.csproj]
/Users/kady/Masterdom/src/Masterdom.Modules.Billing/Domain/Entities/Billing/ChargeCollection.cs(17,38): warning CS1591: Missing XML comment for publicly visible type or member 'ChargeCollection.Items' [/Users/kady/Masterdom/src/Masterdom.Modules.Billing/Masterdom.Modules.Billing.csproj]
/Users/kady/Masterdom/src/Masterdom.Modules.Billing/Domain/Entities/Billing/ChargeCollection.cs(19,20): warning CS1591: Missing XML comment for publicly visible type or member 'ChargeCollection.TotalAmount' [/Users/kady/Masterdom/src/Masterdom.Modules.Billing/Masterdom.Modules.Billing.csproj]
/Users/kady/Masterdom/src/Masterdom.Modules.Billing/Domain/Entities/Billing/ChargeCollection.cs(21,36): warning CS1591: Missing XML comment for publicly visible type or member 'ChargeCollection.Create(IEnumerable<ChargeLine>)' [/Users/kady/Masterdom/src/Masterdom.Modules.Billing/Masterdom.Modules.Billing.csproj]
/Users/kady/Masterdom/src/Masterdom.Modules.Billing/Domain/Entities/Billing/ChargeCollection.cs(34,45): warning CS1591: Missing XML comment for publicly visible type or member 'ChargeCollection.GetEqualityComponents()' [/Users/kady/Masterdom/src/Masterdom.Modules.Billing/Masterdom.Modules.Billing.csproj]
/Users/kady/Masterdom/src/Masterdom.Modules.Billing/Domain/Entities/Billing/ChargeKind.cs(10,39): warning CS1591: Missing XML comment for publicly visible type or member 'ChargeKind.Rent' [/Users/kady/Masterdom/src/Masterdom.Modules.Billing/Masterdom.Modules.Billing.csproj]
/Users/kady/Masterdom/src/Masterdom.Modules.Billing/Domain/Entities/Billing/ChargeKind.cs(11,39): warning CS1591: Missing XML comment for publicly visible type or member 'ChargeKind.UtilityReference' [/Users/kady/Masterdom/src/Masterdom.Modules.Billing/Masterdom.Modules.Billing.csproj]
/Users/kady/Masterdom/src/Masterdom.Modules.Billing/Domain/Entities/Billing/ChargeKind.cs(12,39): warning CS1591: Missing XML comment for publicly visible type or member 'ChargeKind.Maintenance' [/Users/kady/Masterdom/src/Masterdom.Modules.Billing/Masterdom.Modules.Billing.csproj]
/Users/kady/Masterdom/src/Masterdom.Modules.Billing/Domain/Entities/Billing/ChargeKind.cs(13,39): warning CS1591: Missing XML comment for publicly visible type or member 'ChargeKind.Recurring' [/Users/kady/Masterdom/src/Masterdom.Modules.Billing/Masterdom.Modules.Billing.csproj]
/Users/kady/Masterdom/src/Masterdom.Modules.Billing/Domain/Entities/Billing/ChargeKind.cs(14,39): warning CS1591: Missing XML comment for publicly visible type or member 'ChargeKind.OneTime' [/Users/kady/Masterdom/src/Masterdom.Modules.Billing/Masterdom.Modules.Billing.csproj]
/Users/kady/Masterdom/src/Masterdom.Modules.Billing/Domain/Entities/Billing/ChargeKind.cs(15,39): warning CS1591: Missing XML comment for publicly visible type or member 'ChargeKind.CarryForward' [/Users/kady/Masterdom/src/Masterdom.Modules.Billing/Masterdom.Modules.Billing.csproj]
/Users/kady/Masterdom/src/Masterdom.Modules.Billing/Domain/Entities/Billing/ChargeKind.cs(22,19): warning CS1591: Missing XML comment for publicly visible type or member 'ChargeKind.Value' [/Users/kady/Masterdom/src/Masterdom.Modules.Billing/Masterdom.Modules.Billing.csproj]
/Users/kady/Masterdom/src/Masterdom.Modules.Billing/Domain/Entities/Billing/ChargeKind.cs(24,30): warning CS1591: Missing XML comment for publicly visible type or member 'ChargeKind.Create(string)' [/Users/kady/Masterdom/src/Masterdom.Modules.Billing/Masterdom.Modules.Billing.csproj]
/Users/kady/Masterdom/src/Masterdom.Modules.Billing/Domain/Entities/Billing/ChargeKind.cs(40,45): warning CS1591: Missing XML comment for publicly visible type or member 'ChargeKind.GetEqualityComponents()' [/Users/kady/Masterdom/src/Masterdom.Modules.Billing/Masterdom.Modules.Billing.csproj]
/Users/kady/Masterdom/src/Masterdom.Modules.Billing/Domain/Entities/Billing/ChargeLine.cs(18,23): warning CS1591: Missing XML comment for publicly visible type or member 'ChargeLine.Kind' [/Users/kady/Masterdom/src/Masterdom.Modules.Billing/Masterdom.Modules.Billing.csproj]
/Users/kady/Masterdom/src/Masterdom.Modules.Billing/Domain/Entities/Billing/ChargeLine.cs(20,19): warning CS1591: Missing XML comment for publicly visible type or member 'ChargeLine.Description' [/Users/kady/Masterdom/src/Masterdom.Modules.Billing/Masterdom.Modules.Billing.csproj]
/Users/kady/Masterdom/src/Masterdom.Modules.Billing/Domain/Entities/Billing/ChargeLine.cs(22,20): warning CS1591: Missing XML comment for publicly visible type or member 'ChargeLine.Amount' [/Users/kady/Masterdom/src/Masterdom.Modules.Billing/Masterdom.Modules.Billing.csproj]
/Users/kady/Masterdom/src/Masterdom.Modules.Billing/Domain/Entities/Billing/ChargeLine.cs(24,20): warning CS1591: Missing XML comment for publicly visible type or member 'ChargeLine.ExternalReference' [/Users/kady/Masterdom/src/Masterdom.Modules.Billing/Masterdom.Modules.Billing.csproj]
/Users/kady/Masterdom/src/Masterdom.Modules.Billing/Domain/Entities/Billing/ChargeLine.cs(26,30): warning CS1591: Missing XML comment for publicly visible type or member 'ChargeLine.Create(ChargeKind, string, decimal, string?)' [/Users/kady/Masterdom/src/Masterdom.Modules.Billing/Masterdom.Modules.Billing.csproj]
/Users/kady/Masterdom/src/Masterdom.Modules.Billing/Domain/Entities/Billing/ChargeLine.cs(51,45): warning CS1591: Missing XML comment for publicly visible type or member 'ChargeLine.GetEqualityComponents()' [/Users/kady/Masterdom/src/Masterdom.Modules.Billing/Masterdom.Modules.Billing.csproj]
/Users/kady/Masterdom/src/Masterdom.Modules.Billing/Domain/Entities/Billing/CreditCollection.cs(17,36): warning CS1591: Missing XML comment for publicly visible type or member 'CreditCollection.Empty' [/Users/kady/Masterdom/src/Masterdom.Modules.Billing/Masterdom.Modules.Billing.csproj]
/Users/kady/Masterdom/src/Masterdom.Modules.Billing/Domain/Entities/Billing/CreditCollection.cs(19,38): warning CS1591: Missing XML comment for publicly visible type or member 'CreditCollection.Items' [/Users/kady/Masterdom/src/Masterdom.Modules.Billing/Masterdom.Modules.Billing.csproj]
/Users/kady/Masterdom/src/Masterdom.Modules.Billing/Domain/Entities/Billing/CreditCollection.cs(21,20): warning CS1591: Missing XML comment for publicly visible type or member 'CreditCollection.TotalAmount' [/Users/kady/Masterdom/src/Masterdom.Modules.Billing/Masterdom.Modules.Billing.csproj]
/Users/kady/Masterdom/src/Masterdom.Modules.Billing/Domain/Entities/Billing/CreditCollection.cs(23,29): warning CS1591: Missing XML comment for publicly visible type or member 'CreditCollection.Add(CreditLine)' [/Users/kady/Masterdom/src/Masterdom.Modules.Billing/Masterdom.Modules.Billing.csproj]
/Users/kady/Masterdom/src/Masterdom.Modules.Billing/Domain/Entities/Billing/CreditCollection.cs(32,36): warning CS1591: Missing XML comment for publicly visible type or member 'CreditCollection.Create(IEnumerable<CreditLine>)' [/Users/kady/Masterdom/src/Masterdom.Modules.Billing/Masterdom.Modules.Billing.csproj]
/Users/kady/Masterdom/src/Masterdom.Modules.Billing/Domain/Entities/Billing/CreditCollection.cs(38,45): warning CS1591: Missing XML comment for publicly visible type or member 'CreditCollection.GetEqualityComponents()' [/Users/kady/Masterdom/src/Masterdom.Modules.Billing/Masterdom.Modules.Billing.csproj]
/Users/kady/Masterdom/src/Masterdom.Modules.Billing/Domain/Entities/Billing/CreditLine.cs(17,19): warning CS1591: Missing XML comment for publicly visible type or member 'CreditLine.Description' [/Users/kady/Masterdom/src/Masterdom.Modules.Billing/Masterdom.Modules.Billing.csproj]
/Users/kady/Masterdom/src/Masterdom.Modules.Billing/Domain/Entities/Billing/CreditLine.cs(19,20): warning CS1591: Missing XML comment for publicly visible type or member 'CreditLine.Amount' [/Users/kady/Masterdom/src/Masterdom.Modules.Billing/Masterdom.Modules.Billing.csproj]
/Users/kady/Masterdom/src/Masterdom.Modules.Billing/Domain/Entities/Billing/CreditLine.cs(21,20): warning CS1591: Missing XML comment for publicly visible type or member 'CreditLine.SourceReference' [/Users/kady/Masterdom/src/Masterdom.Modules.Billing/Masterdom.Modules.Billing.csproj]
/Users/kady/Masterdom/src/Masterdom.Modules.Billing/Domain/Entities/Billing/CreditLine.cs(23,30): warning CS1591: Missing XML comment for publicly visible type or member 'CreditLine.Create(string, decimal, string?)' [/Users/kady/Masterdom/src/Masterdom.Modules.Billing/Masterdom.Modules.Billing.csproj]
/Users/kady/Masterdom/src/Masterdom.Modules.Billing/Domain/Entities/Billing/CreditLine.cs(46,45): warning CS1591: Missing XML comment for publicly visible type or member 'CreditLine.GetEqualityComponents()' [/Users/kady/Masterdom/src/Masterdom.Modules.Billing/Masterdom.Modules.Billing.csproj]
/Users/kady/Masterdom/src/Masterdom.Modules.Billing/Domain/Entities/Billing/DueDate.cs(15,21): warning CS1591: Missing XML comment for publicly visible type or member 'DueDate.Value' [/Users/kady/Masterdom/src/Masterdom.Modules.Billing/Masterdom.Modules.Billing.csproj]
/Users/kady/Masterdom/src/Masterdom.Modules.Billing/Domain/Entities/Billing/DueDate.cs(17,27): warning CS1591: Missing XML comment for publicly visible type or member 'DueDate.Create(DateOnly)' [/Users/kady/Masterdom/src/Masterdom.Modules.Billing/Masterdom.Modules.Billing.csproj]
/Users/kady/Masterdom/src/Masterdom.Modules.Billing/Domain/Entities/Billing/DueDate.cs(22,45): warning CS1591: Missing XML comment for publicly visible type or member 'DueDate.GetEqualityComponents()' [/Users/kady/Masterdom/src/Masterdom.Modules.Billing/Masterdom.Modules.Billing.csproj]
/Users/kady/Masterdom/src/Masterdom.Modules.Billing/Domain/Entities/Billing/Events/AdjustmentAddedDomainEvent.cs(5,22): warning CS1591: Missing XML comment for publicly visible type or member 'AdjustmentAddedDomainEvent' [/Users/kady/Masterdom/src/Masterdom.Modules.Billing/Masterdom.Modules.Billing.csproj]
/Users/kady/Masterdom/src/Masterdom.Modules.Billing/Domain/Entities/Billing/Events/AdjustmentAddedDomainEvent.cs(5,22): warning CS1591: Missing XML comment for publicly visible type or member 'AdjustmentAddedDomainEvent.AdjustmentAddedDomainEvent(BillId, SnapshotVersion, decimal, DateTime)' [/Users/kady/Masterdom/src/Masterdom.Modules.Billing/Masterdom.Modules.Billing.csproj]
/Users/kady/Masterdom/src/Masterdom.Modules.Billing/Domain/Entities/Billing/Events/AdjustmentAddedDomainEvent.cs(6,12): warning CS1591: Missing XML comment for publicly visible type or member 'AdjustmentAddedDomainEvent.BillId' [/Users/kady/Masterdom/src/Masterdom.Modules.Billing/Masterdom.Modules.Billing.csproj]
/Users/kady/Masterdom/src/Masterdom.Modules.Billing/Domain/Entities/Billing/Events/AdjustmentAddedDomainEvent.cs(7,21): warning CS1591: Missing XML comment for publicly visible type or member 'AdjustmentAddedDomainEvent.SnapshotVersion' [/Users/kady/Masterdom/src/Masterdom.Modules.Billing/Masterdom.Modules.Billing.csproj]
/Users/kady/Masterdom/src/Masterdom.Modules.Billing/Domain/Entities/Billing/Events/AdjustmentAddedDomainEvent.cs(8,13): warning CS1591: Missing XML comment for publicly visible type or member 'AdjustmentAddedDomainEvent.Amount' [/Users/kady/Masterdom/src/Masterdom.Modules.Billing/Masterdom.Modules.Billing.csproj]
/Users/kady/Masterdom/src/Masterdom.Modules.Billing/Domain/Entities/Billing/Events/AdjustmentAddedDomainEvent.cs(9,14): warning CS1591: Missing XML comment for publicly visible type or member 'AdjustmentAddedDomainEvent.OccurredOnUtc' [/Users/kady/Masterdom/src/Masterdom.Modules.Billing/Masterdom.Modules.Billing.csproj]
/Users/kady/Masterdom/src/Masterdom.Modules.Billing/Domain/Entities/Billing/Events/BillFinalizedDomainEvent.cs(5,22): warning CS1591: Missing XML comment for publicly visible type or member 'BillFinalizedDomainEvent' [/Users/kady/Masterdom/src/Masterdom.Modules.Billing/Masterdom.Modules.Billing.csproj]
/Users/kady/Masterdom/src/Masterdom.Modules.Billing/Domain/Entities/Billing/Events/BillFinalizedDomainEvent.cs(5,22): warning CS1591: Missing XML comment for publicly visible type or member 'BillFinalizedDomainEvent.BillFinalizedDomainEvent(BillId, BillNumber, SnapshotVersion, DateTime)' [/Users/kady/Masterdom/src/Masterdom.Modules.Billing/Masterdom.Modules.Billing.csproj]
/Users/kady/Masterdom/src/Masterdom.Modules.Billing/Domain/Entities/Billing/Events/BillFinalizedDomainEvent.cs(6,12): warning CS1591: Missing XML comment for publicly visible type or member 'BillFinalizedDomainEvent.BillId' [/Users/kady/Masterdom/src/Masterdom.Modules.Billing/Masterdom.Modules.Billing.csproj]
/Users/kady/Masterdom/src/Masterdom.Modules.Billing/Domain/Entities/Billing/Events/BillFinalizedDomainEvent.cs(7,16): warning CS1591: Missing XML comment for publicly visible type or member 'BillFinalizedDomainEvent.BillNumber' [/Users/kady/Masterdom/src/Masterdom.Modules.Billing/Masterdom.Modules.Billing.csproj]
/Users/kady/Masterdom/src/Masterdom.Modules.Billing/Domain/Entities/Billing/Events/BillFinalizedDomainEvent.cs(8,21): warning CS1591: Missing XML comment for publicly visible type or member 'BillFinalizedDomainEvent.SnapshotVersion' [/Users/kady/Masterdom/src/Masterdom.Modules.Billing/Masterdom.Modules.Billing.csproj]
/Users/kady/Masterdom/src/Masterdom.Modules.Billing/Domain/Entities/Billing/Events/BillFinalizedDomainEvent.cs(9,14): warning CS1591: Missing XML comment for publicly visible type or member 'BillFinalizedDomainEvent.OccurredOnUtc' [/Users/kady/Masterdom/src/Masterdom.Modules.Billing/Masterdom.Modules.Billing.csproj]
/Users/kady/Masterdom/src/Masterdom.Modules.Billing/Domain/Entities/Billing/Events/BillGeneratedDomainEvent.cs(5,22): warning CS1591: Missing XML comment for publicly visible type or member 'BillGeneratedDomainEvent' [/Users/kady/Masterdom/src/Masterdom.Modules.Billing/Masterdom.Modules.Billing.csproj]
/Users/kady/Masterdom/src/Masterdom.Modules.Billing/Domain/Entities/Billing/Events/BillGeneratedDomainEvent.cs(5,22): warning CS1591: Missing XML comment for publicly visible type or member 'BillGeneratedDomainEvent.BillGeneratedDomainEvent(BillId, BillNumber, SnapshotVersion, DateTime)' [/Users/kady/Masterdom/src/Masterdom.Modules.Billing/Masterdom.Modules.Billing.csproj]
/Users/kady/Masterdom/src/Masterdom.Modules.Billing/Domain/Entities/Billing/Events/BillGeneratedDomainEvent.cs(6,12): warning CS1591: Missing XML comment for publicly visible type or member 'BillGeneratedDomainEvent.BillId' [/Users/kady/Masterdom/src/Masterdom.Modules.Billing/Masterdom.Modules.Billing.csproj]
/Users/kady/Masterdom/src/Masterdom.Modules.Billing/Domain/Entities/Billing/Events/BillGeneratedDomainEvent.cs(7,16): warning CS1591: Missing XML comment for publicly visible type or member 'BillGeneratedDomainEvent.BillNumber' [/Users/kady/Masterdom/src/Masterdom.Modules.Billing/Masterdom.Modules.Billing.csproj]
/Users/kady/Masterdom/src/Masterdom.Modules.Billing/Domain/Entities/Billing/Events/BillGeneratedDomainEvent.cs(8,21): warning CS1591: Missing XML comment for publicly visible type or member 'BillGeneratedDomainEvent.SnapshotVersion' [/Users/kady/Masterdom/src/Masterdom.Modules.Billing/Masterdom.Modules.Billing.csproj]
/Users/kady/Masterdom/src/Masterdom.Modules.Billing/Domain/Entities/Billing/Events/BillGeneratedDomainEvent.cs(9,14): warning CS1591: Missing XML comment for publicly visible type or member 'BillGeneratedDomainEvent.OccurredOnUtc' [/Users/kady/Masterdom/src/Masterdom.Modules.Billing/Masterdom.Modules.Billing.csproj]
/Users/kady/Masterdom/src/Masterdom.Modules.Billing/Domain/Entities/Billing/Events/BillRecalculatedDomainEvent.cs(5,22): warning CS1591: Missing XML comment for publicly visible type or member 'BillRecalculatedDomainEvent' [/Users/kady/Masterdom/src/Masterdom.Modules.Billing/Masterdom.Modules.Billing.csproj]
/Users/kady/Masterdom/src/Masterdom.Modules.Billing/Domain/Entities/Billing/Events/BillRecalculatedDomainEvent.cs(5,22): warning CS1591: Missing XML comment for publicly visible type or member 'BillRecalculatedDomainEvent.BillRecalculatedDomainEvent(BillId, SnapshotVersion, DateTime)' [/Users/kady/Masterdom/src/Masterdom.Modules.Billing/Masterdom.Modules.Billing.csproj]
/Users/kady/Masterdom/src/Masterdom.Modules.Billing/Domain/Entities/Billing/Events/BillRecalculatedDomainEvent.cs(6,12): warning CS1591: Missing XML comment for publicly visible type or member 'BillRecalculatedDomainEvent.BillId' [/Users/kady/Masterdom/src/Masterdom.Modules.Billing/Masterdom.Modules.Billing.csproj]
/Users/kady/Masterdom/src/Masterdom.Modules.Billing/Domain/Entities/Billing/Events/BillRecalculatedDomainEvent.cs(7,21): warning CS1591: Missing XML comment for publicly visible type or member 'BillRecalculatedDomainEvent.SnapshotVersion' [/Users/kady/Masterdom/src/Masterdom.Modules.Billing/Masterdom.Modules.Billing.csproj]
/Users/kady/Masterdom/src/Masterdom.Modules.Billing/Domain/Entities/Billing/Events/BillRecalculatedDomainEvent.cs(8,14): warning CS1591: Missing XML comment for publicly visible type or member 'BillRecalculatedDomainEvent.OccurredOnUtc' [/Users/kady/Masterdom/src/Masterdom.Modules.Billing/Masterdom.Modules.Billing.csproj]
/Users/kady/Masterdom/src/Masterdom.Modules.Billing/Domain/Entities/Billing/Events/BillVoidedDomainEvent.cs(5,22): warning CS1591: Missing XML comment for publicly visible type or member 'BillVoidedDomainEvent' [/Users/kady/Masterdom/src/Masterdom.Modules.Billing/Masterdom.Modules.Billing.csproj]
/Users/kady/Masterdom/src/Masterdom.Modules.Billing/Domain/Entities/Billing/Events/BillVoidedDomainEvent.cs(5,22): warning CS1591: Missing XML comment for publicly visible type or member 'BillVoidedDomainEvent.BillVoidedDomainEvent(BillId, string, DateTime)' [/Users/kady/Masterdom/src/Masterdom.Modules.Billing/Masterdom.Modules.Billing.csproj]
/Users/kady/Masterdom/src/Masterdom.Modules.Billing/Domain/Entities/Billing/Events/BillVoidedDomainEvent.cs(6,12): warning CS1591: Missing XML comment for publicly visible type or member 'BillVoidedDomainEvent.BillId' [/Users/kady/Masterdom/src/Masterdom.Modules.Billing/Masterdom.Modules.Billing.csproj]
/Users/kady/Masterdom/src/Masterdom.Modules.Billing/Domain/Entities/Billing/Events/BillVoidedDomainEvent.cs(7,12): warning CS1591: Missing XML comment for publicly visible type or member 'BillVoidedDomainEvent.Reason' [/Users/kady/Masterdom/src/Masterdom.Modules.Billing/Masterdom.Modules.Billing.csproj]
/Users/kady/Masterdom/src/Masterdom.Modules.Billing/Domain/Entities/Billing/Events/BillVoidedDomainEvent.cs(8,14): warning CS1591: Missing XML comment for publicly visible type or member 'BillVoidedDomainEvent.OccurredOnUtc' [/Users/kady/Masterdom/src/Masterdom.Modules.Billing/Masterdom.Modules.Billing.csproj]
/Users/kady/Masterdom/src/Masterdom.Modules.Billing/Domain/Entities/Billing/Events/CreditAppliedDomainEvent.cs(5,22): warning CS1591: Missing XML comment for publicly visible type or member 'CreditAppliedDomainEvent' [/Users/kady/Masterdom/src/Masterdom.Modules.Billing/Masterdom.Modules.Billing.csproj]
/Users/kady/Masterdom/src/Masterdom.Modules.Billing/Domain/Entities/Billing/Events/CreditAppliedDomainEvent.cs(5,22): warning CS1591: Missing XML comment for publicly visible type or member 'CreditAppliedDomainEvent.CreditAppliedDomainEvent(BillId, SnapshotVersion, decimal, DateTime)' [/Users/kady/Masterdom/src/Masterdom.Modules.Billing/Masterdom.Modules.Billing.csproj]
/Users/kady/Masterdom/src/Masterdom.Modules.Billing/Domain/Entities/Billing/Events/CreditAppliedDomainEvent.cs(6,12): warning CS1591: Missing XML comment for publicly visible type or member 'CreditAppliedDomainEvent.BillId' [/Users/kady/Masterdom/src/Masterdom.Modules.Billing/Masterdom.Modules.Billing.csproj]
/Users/kady/Masterdom/src/Masterdom.Modules.Billing/Domain/Entities/Billing/Events/CreditAppliedDomainEvent.cs(7,21): warning CS1591: Missing XML comment for publicly visible type or member 'CreditAppliedDomainEvent.SnapshotVersion' [/Users/kady/Masterdom/src/Masterdom.Modules.Billing/Masterdom.Modules.Billing.csproj]
/Users/kady/Masterdom/src/Masterdom.Modules.Billing/Domain/Entities/Billing/Events/CreditAppliedDomainEvent.cs(8,13): warning CS1591: Missing XML comment for publicly visible type or member 'CreditAppliedDomainEvent.Amount' [/Users/kady/Masterdom/src/Masterdom.Modules.Billing/Masterdom.Modules.Billing.csproj]
/Users/kady/Masterdom/src/Masterdom.Modules.Billing/Domain/Entities/Billing/Events/CreditAppliedDomainEvent.cs(9,14): warning CS1591: Missing XML comment for publicly visible type or member 'CreditAppliedDomainEvent.OccurredOnUtc' [/Users/kady/Masterdom/src/Masterdom.Modules.Billing/Masterdom.Modules.Billing.csproj]
/Users/kady/Masterdom/src/Masterdom.Modules.Billing/Domain/Entities/Billing/GeneratedDate.cs(15,21): warning CS1591: Missing XML comment for publicly visible type or member 'GeneratedDate.Value' [/Users/kady/Masterdom/src/Masterdom.Modules.Billing/Masterdom.Modules.Billing.csproj]
/Users/kady/Masterdom/src/Masterdom.Modules.Billing/Domain/Entities/Billing/GeneratedDate.cs(17,33): warning CS1591: Missing XML comment for publicly visible type or member 'GeneratedDate.Create(DateOnly)' [/Users/kady/Masterdom/src/Masterdom.Modules.Billing/Masterdom.Modules.Billing.csproj]
/Users/kady/Masterdom/src/Masterdom.Modules.Billing/Domain/Entities/Billing/GeneratedDate.cs(22,45): warning CS1591: Missing XML comment for publicly visible type or member 'GeneratedDate.GetEqualityComponents()' [/Users/kady/Masterdom/src/Masterdom.Modules.Billing/Masterdom.Modules.Billing.csproj]
/Users/kady/Masterdom/src/Masterdom.Modules.Billing/Domain/Entities/Billing/IssueDate.cs(15,21): warning CS1591: Missing XML comment for publicly visible type or member 'IssueDate.Value' [/Users/kady/Masterdom/src/Masterdom.Modules.Billing/Masterdom.Modules.Billing.csproj]
/Users/kady/Masterdom/src/Masterdom.Modules.Billing/Domain/Entities/Billing/IssueDate.cs(17,29): warning CS1591: Missing XML comment for publicly visible type or member 'IssueDate.Create(DateOnly)' [/Users/kady/Masterdom/src/Masterdom.Modules.Billing/Masterdom.Modules.Billing.csproj]
/Users/kady/Masterdom/src/Masterdom.Modules.Billing/Domain/Entities/Billing/IssueDate.cs(22,45): warning CS1591: Missing XML comment for publicly visible type or member 'IssueDate.GetEqualityComponents()' [/Users/kady/Masterdom/src/Masterdom.Modules.Billing/Masterdom.Modules.Billing.csproj]
/Users/kady/Masterdom/src/Masterdom.Modules.Billing/Domain/Entities/Billing/LeaseReference.cs(15,17): warning CS1591: Missing XML comment for publicly visible type or member 'LeaseReference.LeaseId' [/Users/kady/Masterdom/src/Masterdom.Modules.Billing/Masterdom.Modules.Billing.csproj]
/Users/kady/Masterdom/src/Masterdom.Modules.Billing/Domain/Entities/Billing/LeaseReference.cs(17,34): warning CS1591: Missing XML comment for publicly visible type or member 'LeaseReference.Create(Guid)' [/Users/kady/Masterdom/src/Masterdom.Modules.Billing/Masterdom.Modules.Billing.csproj]
/Users/kady/Masterdom/src/Masterdom.Modules.Billing/Domain/Entities/Billing/LeaseReference.cs(27,45): warning CS1591: Missing XML comment for publicly visible type or member 'LeaseReference.GetEqualityComponents()' [/Users/kady/Masterdom/src/Masterdom.Modules.Billing/Masterdom.Modules.Billing.csproj]
/Users/kady/Masterdom/src/Masterdom.Modules.Billing/Domain/Entities/Billing/OutstandingAmount.cs(15,20): warning CS1591: Missing XML comment for publicly visible type or member 'OutstandingAmount.Value' [/Users/kady/Masterdom/src/Masterdom.Modules.Billing/Masterdom.Modules.Billing.csproj]
/Users/kady/Masterdom/src/Masterdom.Modules.Billing/Domain/Entities/Billing/OutstandingAmount.cs(17,37): warning CS1591: Missing XML comment for publicly visible type or member 'OutstandingAmount.Create(decimal)' [/Users/kady/Masterdom/src/Masterdom.Modules.Billing/Masterdom.Modules.Billing.csproj]
/Users/kady/Masterdom/src/Masterdom.Modules.Billing/Domain/Entities/Billing/OutstandingAmount.cs(27,45): warning CS1591: Missing XML comment for publicly visible type or member 'OutstandingAmount.GetEqualityComponents()' [/Users/kady/Masterdom/src/Masterdom.Modules.Billing/Masterdom.Modules.Billing.csproj]
/Users/kady/Masterdom/src/Masterdom.Modules.Billing/Domain/Entities/Billing/PersonReference.cs(16,21): warning CS1591: Missing XML comment for publicly visible type or member 'PersonReference.PersonId' [/Users/kady/Masterdom/src/Masterdom.Modules.Billing/Masterdom.Modules.Billing.csproj]
/Users/kady/Masterdom/src/Masterdom.Modules.Billing/Domain/Entities/Billing/PersonReference.cs(18,35): warning CS1591: Missing XML comment for publicly visible type or member 'PersonReference.Create(PersonId)' [/Users/kady/Masterdom/src/Masterdom.Modules.Billing/Masterdom.Modules.Billing.csproj]
/Users/kady/Masterdom/src/Masterdom.Modules.Billing/Domain/Entities/Billing/PersonReference.cs(24,45): warning CS1591: Missing XML comment for publicly visible type or member 'PersonReference.GetEqualityComponents()' [/Users/kady/Masterdom/src/Masterdom.Modules.Billing/Masterdom.Modules.Billing.csproj]
/Users/kady/Masterdom/src/Masterdom.Modules.Billing/Domain/Entities/Billing/PropertyReference.cs(15,17): warning CS1591: Missing XML comment for publicly visible type or member 'PropertyReference.PropertyId' [/Users/kady/Masterdom/src/Masterdom.Modules.Billing/Masterdom.Modules.Billing.csproj]
/Users/kady/Masterdom/src/Masterdom.Modules.Billing/Domain/Entities/Billing/PropertyReference.cs(17,37): warning CS1591: Missing XML comment for publicly visible type or member 'PropertyReference.Create(Guid)' [/Users/kady/Masterdom/src/Masterdom.Modules.Billing/Masterdom.Modules.Billing.csproj]
/Users/kady/Masterdom/src/Masterdom.Modules.Billing/Domain/Entities/Billing/PropertyReference.cs(27,45): warning CS1591: Missing XML comment for publicly visible type or member 'PropertyReference.GetEqualityComponents()' [/Users/kady/Masterdom/src/Masterdom.Modules.Billing/Masterdom.Modules.Billing.csproj]
/Users/kady/Masterdom/src/Masterdom.Modules.Billing/Domain/Entities/Billing/SnapshotVersion.cs(15,16): warning CS1591: Missing XML comment for publicly visible type or member 'SnapshotVersion.Value' [/Users/kady/Masterdom/src/Masterdom.Modules.Billing/Masterdom.Modules.Billing.csproj]
/Users/kady/Masterdom/src/Masterdom.Modules.Billing/Domain/Entities/Billing/SnapshotVersion.cs(17,35): warning CS1591: Missing XML comment for publicly visible type or member 'SnapshotVersion.Create(int)' [/Users/kady/Masterdom/src/Masterdom.Modules.Billing/Masterdom.Modules.Billing.csproj]
/Users/kady/Masterdom/src/Masterdom.Modules.Billing/Domain/Entities/Billing/SnapshotVersion.cs(27,45): warning CS1591: Missing XML comment for publicly visible type or member 'SnapshotVersion.GetEqualityComponents()' [/Users/kady/Masterdom/src/Masterdom.Modules.Billing/Masterdom.Modules.Billing.csproj]
/Users/kady/Masterdom/src/Masterdom.Modules.Billing/Domain/Entities/Billing/TenancyReference.cs(15,17): warning CS1591: Missing XML comment for publicly visible type or member 'TenancyReference.TenancyId' [/Users/kady/Masterdom/src/Masterdom.Modules.Billing/Masterdom.Modules.Billing.csproj]
/Users/kady/Masterdom/src/Masterdom.Modules.Billing/Domain/Entities/Billing/TenancyReference.cs(17,36): warning CS1591: Missing XML comment for publicly visible type or member 'TenancyReference.Create(Guid)' [/Users/kady/Masterdom/src/Masterdom.Modules.Billing/Masterdom.Modules.Billing.csproj]
/Users/kady/Masterdom/src/Masterdom.Modules.Billing/Domain/Entities/Billing/TenancyReference.cs(27,45): warning CS1591: Missing XML comment for publicly visible type or member 'TenancyReference.GetEqualityComponents()' [/Users/kady/Masterdom/src/Masterdom.Modules.Billing/Masterdom.Modules.Billing.csproj]
/Users/kady/Masterdom/src/Masterdom.Modules.Billing/Domain/Entities/Billing/TotalAmount.cs(15,20): warning CS1591: Missing XML comment for publicly visible type or member 'TotalAmount.Value' [/Users/kady/Masterdom/src/Masterdom.Modules.Billing/Masterdom.Modules.Billing.csproj]
/Users/kady/Masterdom/src/Masterdom.Modules.Billing/Domain/Entities/Billing/TotalAmount.cs(17,31): warning CS1591: Missing XML comment for publicly visible type or member 'TotalAmount.Create(decimal)' [/Users/kady/Masterdom/src/Masterdom.Modules.Billing/Masterdom.Modules.Billing.csproj]
/Users/kady/Masterdom/src/Masterdom.Modules.Billing/Domain/Entities/Billing/TotalAmount.cs(27,45): warning CS1591: Missing XML comment for publicly visible type or member 'TotalAmount.GetEqualityComponents()' [/Users/kady/Masterdom/src/Masterdom.Modules.Billing/Masterdom.Modules.Billing.csproj]
/Users/kady/Masterdom/src/Masterdom.Modules.Billing/Domain/Repositories/IBillRepository.cs(6,18): warning CS1591: Missing XML comment for publicly visible type or member 'IBillRepository' [/Users/kady/Masterdom/src/Masterdom.Modules.Billing/Masterdom.Modules.Billing.csproj]
/Users/kady/Masterdom/src/Masterdom.Modules.Billing/Domain/Repositories/IBillRepository.cs(8,10): warning CS1591: Missing XML comment for publicly visible type or member 'IBillRepository.Add(Bill)' [/Users/kady/Masterdom/src/Masterdom.Modules.Billing/Masterdom.Modules.Billing.csproj]
/Users/kady/Masterdom/src/Masterdom.Modules.Billing/Domain/Repositories/IBillRepository.cs(10,20): warning CS1591: Missing XML comment for publicly visible type or member 'IBillRepository.GetById(BillId)' [/Users/kady/Masterdom/src/Masterdom.Modules.Billing/Masterdom.Modules.Billing.csproj]
/Users/kady/Masterdom/src/Masterdom.Modules.Billing/Domain/Repositories/IBillRepository.cs(12,20): warning CS1591: Missing XML comment for publicly visible type or member 'IBillRepository.GetByNumber(BillNumber)' [/Users/kady/Masterdom/src/Masterdom.Modules.Billing/Masterdom.Modules.Billing.csproj]
/Users/kady/Masterdom/src/Masterdom.Modules.Billing/Domain/Repositories/IBillRepository.cs(14,10): warning CS1591: Missing XML comment for publicly visible type or member 'IBillRepository.Update(Bill)' [/Users/kady/Masterdom/src/Masterdom.Modules.Billing/Masterdom.Modules.Billing.csproj]
/Users/kady/Masterdom/src/Masterdom.Modules.Inventory/Application/Support/ExecutionResult.cs(48,38): warning CS0108: 'ExecutionResult<T>.Failure(string, string)' hides inherited member 'ExecutionResult.Failure(string, string)'. Use the new keyword if hiding was intended. [/Users/kady/Masterdom/src/Masterdom.Modules.Inventory/Masterdom.Modules.Inventory.csproj]
/Users/kady/Masterdom/src/Masterdom.Modules.Inventory/Application/Commands/AdjustStockCommand.cs(5,22): warning CS1591: Missing XML comment for publicly visible type or member 'AdjustStockCommand' [/Users/kady/Masterdom/src/Masterdom.Modules.Inventory/Masterdom.Modules.Inventory.csproj]
/Users/kady/Masterdom/src/Masterdom.Modules.Inventory/Application/Commands/AdjustStockCommand.cs(5,22): warning CS1591: Missing XML comment for publicly visible type or member 'AdjustStockCommand.AdjustStockCommand(InventoryItemId, decimal)' [/Users/kady/Masterdom/src/Masterdom.Modules.Inventory/Masterdom.Modules.Inventory.csproj]
/Users/kady/Masterdom/src/Masterdom.Modules.Inventory/Application/Commands/AdjustStockCommand.cs(6,21): warning CS1591: Missing XML comment for publicly visible type or member 'AdjustStockCommand.InventoryItemId' [/Users/kady/Masterdom/src/Masterdom.Modules.Inventory/Masterdom.Modules.Inventory.csproj]
/Users/kady/Masterdom/src/Masterdom.Modules.Inventory/Application/Commands/AdjustStockCommand.cs(7,13): warning CS1591: Missing XML comment for publicly visible type or member 'AdjustStockCommand.AdjustmentQuantity' [/Users/kady/Masterdom/src/Masterdom.Modules.Inventory/Masterdom.Modules.Inventory.csproj]
/Users/kady/Masterdom/src/Masterdom.Modules.Inventory/Application/Commands/CreateInventoryItemCommand.cs(3,22): warning CS1591: Missing XML comment for publicly visible type or member 'CreateInventoryItemCommand' [/Users/kady/Masterdom/src/Masterdom.Modules.Inventory/Masterdom.Modules.Inventory.csproj]
/Users/kady/Masterdom/src/Masterdom.Modules.Inventory/Application/Commands/CreateInventoryItemCommand.cs(3,22): warning CS1591: Missing XML comment for publicly visible type or member 'CreateInventoryItemCommand.CreateInventoryItemCommand(Guid, Guid, string, string, decimal, DateTime)' [/Users/kady/Masterdom/src/Masterdom.Modules.Inventory/Masterdom.Modules.Inventory.csproj]
/Users/kady/Masterdom/src/Masterdom.Modules.Inventory/Application/Commands/CreateInventoryItemCommand.cs(4,10): warning CS1591: Missing XML comment for publicly visible type or member 'CreateInventoryItemCommand.PropertyId' [/Users/kady/Masterdom/src/Masterdom.Modules.Inventory/Masterdom.Modules.Inventory.csproj]
/Users/kady/Masterdom/src/Masterdom.Modules.Inventory/Application/Commands/CreateInventoryItemCommand.cs(5,10): warning CS1591: Missing XML comment for publicly visible type or member 'CreateInventoryItemCommand.StockLocationId' [/Users/kady/Masterdom/src/Masterdom.Modules.Inventory/Masterdom.Modules.Inventory.csproj]
/Users/kady/Masterdom/src/Masterdom.Modules.Inventory/Application/Commands/CreateInventoryItemCommand.cs(6,12): warning CS1591: Missing XML comment for publicly visible type or member 'CreateInventoryItemCommand.Sku' [/Users/kady/Masterdom/src/Masterdom.Modules.Inventory/Masterdom.Modules.Inventory.csproj]
/Users/kady/Masterdom/src/Masterdom.Modules.Inventory/Application/Commands/CreateInventoryItemCommand.cs(7,12): warning CS1591: Missing XML comment for publicly visible type or member 'CreateInventoryItemCommand.Name' [/Users/kady/Masterdom/src/Masterdom.Modules.Inventory/Masterdom.Modules.Inventory.csproj]
/Users/kady/Masterdom/src/Masterdom.Modules.Inventory/Application/Commands/CreateInventoryItemCommand.cs(8,13): warning CS1591: Missing XML comment for publicly visible type or member 'CreateInventoryItemCommand.QuantityOnHand' [/Users/kady/Masterdom/src/Masterdom.Modules.Inventory/Masterdom.Modules.Inventory.csproj]
/Users/kady/Masterdom/src/Masterdom.Modules.Inventory/Application/Commands/CreateInventoryItemCommand.cs(9,14): warning CS1591: Missing XML comment for publicly visible type or member 'CreateInventoryItemCommand.CreatedAtUtc' [/Users/kady/Masterdom/src/Masterdom.Modules.Inventory/Masterdom.Modules.Inventory.csproj]
/Users/kady/Masterdom/src/Masterdom.Modules.Inventory/Application/Commands/ReceiveStockCommand.cs(5,22): warning CS1591: Missing XML comment for publicly visible type or member 'ReceiveStockCommand' [/Users/kady/Masterdom/src/Masterdom.Modules.Inventory/Masterdom.Modules.Inventory.csproj]
/Users/kady/Masterdom/src/Masterdom.Modules.Inventory/Application/Commands/ReceiveStockCommand.cs(5,22): warning CS1591: Missing XML comment for publicly visible type or member 'ReceiveStockCommand.ReceiveStockCommand(InventoryItemId, decimal)' [/Users/kady/Masterdom/src/Masterdom.Modules.Inventory/Masterdom.Modules.Inventory.csproj]
/Users/kady/Masterdom/src/Masterdom.Modules.Inventory/Application/Commands/ReceiveStockCommand.cs(6,21): warning CS1591: Missing XML comment for publicly visible type or member 'ReceiveStockCommand.InventoryItemId' [/Users/kady/Masterdom/src/Masterdom.Modules.Inventory/Masterdom.Modules.Inventory.csproj]
/Users/kady/Masterdom/src/Masterdom.Modules.Inventory/Application/Commands/ReceiveStockCommand.cs(7,13): warning CS1591: Missing XML comment for publicly visible type or member 'ReceiveStockCommand.ReceivedQuantity' [/Users/kady/Masterdom/src/Masterdom.Modules.Inventory/Masterdom.Modules.Inventory.csproj]
/Users/kady/Masterdom/src/Masterdom.Modules.Inventory/Application/Commands/TransferInventoryCommand.cs(5,22): warning CS1591: Missing XML comment for publicly visible type or member 'TransferInventoryCommand' [/Users/kady/Masterdom/src/Masterdom.Modules.Inventory/Masterdom.Modules.Inventory.csproj]
/Users/kady/Masterdom/src/Masterdom.Modules.Inventory/Application/Commands/TransferInventoryCommand.cs(5,22): warning CS1591: Missing XML comment for publicly visible type or member 'TransferInventoryCommand.TransferInventoryCommand(InventoryItemId, Guid, decimal)' [/Users/kady/Masterdom/src/Masterdom.Modules.Inventory/Masterdom.Modules.Inventory.csproj]
/Users/kady/Masterdom/src/Masterdom.Modules.Inventory/Application/Commands/TransferInventoryCommand.cs(6,21): warning CS1591: Missing XML comment for publicly visible type or member 'TransferInventoryCommand.SourceInventoryItemId' [/Users/kady/Masterdom/src/Masterdom.Modules.Inventory/Masterdom.Modules.Inventory.csproj]
/Users/kady/Masterdom/src/Masterdom.Modules.Inventory/Application/Commands/TransferInventoryCommand.cs(7,10): warning CS1591: Missing XML comment for publicly visible type or member 'TransferInventoryCommand.DestinationStockLocationId' [/Users/kady/Masterdom/src/Masterdom.Modules.Inventory/Masterdom.Modules.Inventory.csproj]
/Users/kady/Masterdom/src/Masterdom.Modules.Inventory/Application/Commands/TransferInventoryCommand.cs(8,13): warning CS1591: Missing XML comment for publicly visible type or member 'TransferInventoryCommand.TransferQuantity' [/Users/kady/Masterdom/src/Masterdom.Modules.Inventory/Masterdom.Modules.Inventory.csproj]
/Users/kady/Masterdom/src/Masterdom.Modules.Inventory/Application/Handlers/Commands/AdjustStockCommandHandler.cs(8,21): warning CS1591: Missing XML comment for publicly visible type or member 'AdjustStockCommandHandler' [/Users/kady/Masterdom/src/Masterdom.Modules.Inventory/Masterdom.Modules.Inventory.csproj]
/Users/kady/Masterdom/src/Masterdom.Modules.Inventory/Application/Handlers/Commands/AdjustStockCommandHandler.cs(12,12): warning CS1591: Missing XML comment for publicly visible type or member 'AdjustStockCommandHandler.AdjustStockCommandHandler(IInventoryApplicationService)' [/Users/kady/Masterdom/src/Masterdom.Modules.Inventory/Masterdom.Modules.Inventory.csproj]
/Users/kady/Masterdom/src/Masterdom.Modules.Inventory/Application/Handlers/Commands/AdjustStockCommandHandler.cs(17,52): warning CS1591: Missing XML comment for publicly visible type or member 'AdjustStockCommandHandler.Handle(AdjustStockCommand)' [/Users/kady/Masterdom/src/Masterdom.Modules.Inventory/Masterdom.Modules.Inventory.csproj]
/Users/kady/Masterdom/src/Masterdom.Modules.Inventory/Application/Handlers/Commands/CreateInventoryItemCommandHandler.cs(8,21): warning CS1591: Missing XML comment for publicly visible type or member 'CreateInventoryItemCommandHandler' [/Users/kady/Masterdom/src/Masterdom.Modules.Inventory/Masterdom.Modules.Inventory.csproj]
/Users/kady/Masterdom/src/Masterdom.Modules.Inventory/Application/Handlers/Commands/CreateInventoryItemCommandHandler.cs(12,12): warning CS1591: Missing XML comment for publicly visible type or member 'CreateInventoryItemCommandHandler.CreateInventoryItemCommandHandler(IInventoryApplicationService)' [/Users/kady/Masterdom/src/Masterdom.Modules.Inventory/Masterdom.Modules.Inventory.csproj]
/Users/kady/Masterdom/src/Masterdom.Modules.Inventory/Application/Handlers/Commands/CreateInventoryItemCommandHandler.cs(17,52): warning CS1591: Missing XML comment for publicly visible type or member 'CreateInventoryItemCommandHandler.Handle(CreateInventoryItemCommand)' [/Users/kady/Masterdom/src/Masterdom.Modules.Inventory/Masterdom.Modules.Inventory.csproj]
/Users/kady/Masterdom/src/Masterdom.Modules.Inventory/Application/Handlers/Commands/ReceiveStockCommandHandler.cs(8,21): warning CS1591: Missing XML comment for publicly visible type or member 'ReceiveStockCommandHandler' [/Users/kady/Masterdom/src/Masterdom.Modules.Inventory/Masterdom.Modules.Inventory.csproj]
/Users/kady/Masterdom/src/Masterdom.Modules.Inventory/Application/Handlers/Commands/ReceiveStockCommandHandler.cs(12,12): warning CS1591: Missing XML comment for publicly visible type or member 'ReceiveStockCommandHandler.ReceiveStockCommandHandler(IInventoryApplicationService)' [/Users/kady/Masterdom/src/Masterdom.Modules.Inventory/Masterdom.Modules.Inventory.csproj]
/Users/kady/Masterdom/src/Masterdom.Modules.Inventory/Application/Handlers/Commands/ReceiveStockCommandHandler.cs(17,52): warning CS1591: Missing XML comment for publicly visible type or member 'ReceiveStockCommandHandler.Handle(ReceiveStockCommand)' [/Users/kady/Masterdom/src/Masterdom.Modules.Inventory/Masterdom.Modules.Inventory.csproj]
/Users/kady/Masterdom/src/Masterdom.Modules.Inventory/Application/Handlers/Commands/TransferInventoryCommandHandler.cs(8,21): warning CS1591: Missing XML comment for publicly visible type or member 'TransferInventoryCommandHandler' [/Users/kady/Masterdom/src/Masterdom.Modules.Inventory/Masterdom.Modules.Inventory.csproj]
/Users/kady/Masterdom/src/Masterdom.Modules.Inventory/Application/Handlers/Commands/TransferInventoryCommandHandler.cs(12,12): warning CS1591: Missing XML comment for publicly visible type or member 'TransferInventoryCommandHandler.TransferInventoryCommandHandler(IInventoryApplicationService)' [/Users/kady/Masterdom/src/Masterdom.Modules.Inventory/Masterdom.Modules.Inventory.csproj]
/Users/kady/Masterdom/src/Masterdom.Modules.Inventory/Application/Handlers/Commands/TransferInventoryCommandHandler.cs(17,52): warning CS1591: Missing XML comment for publicly visible type or member 'TransferInventoryCommandHandler.Handle(TransferInventoryCommand)' [/Users/kady/Masterdom/src/Masterdom.Modules.Inventory/Masterdom.Modules.Inventory.csproj]
/Users/kady/Masterdom/src/Masterdom.Modules.Inventory/Application/Services/IInventoryApplicationService.cs(6,18): warning CS1591: Missing XML comment for publicly visible type or member 'IInventoryApplicationService' [/Users/kady/Masterdom/src/Masterdom.Modules.Inventory/Masterdom.Modules.Inventory.csproj]
/Users/kady/Masterdom/src/Masterdom.Modules.Inventory/Application/Services/IInventoryApplicationService.cs(8,28): warning CS1591: Missing XML comment for publicly visible type or member 'IInventoryApplicationService.CreateInventoryItem(CreateInventoryItemCommand)' [/Users/kady/Masterdom/src/Masterdom.Modules.Inventory/Masterdom.Modules.Inventory.csproj]
/Users/kady/Masterdom/src/Masterdom.Modules.Inventory/Application/Services/IInventoryApplicationService.cs(10,28): warning CS1591: Missing XML comment for publicly visible type or member 'IInventoryApplicationService.ReceiveStock(ReceiveStockCommand)' [/Users/kady/Masterdom/src/Masterdom.Modules.Inventory/Masterdom.Modules.Inventory.csproj]
/Users/kady/Masterdom/src/Masterdom.Modules.Inventory/Application/Services/IInventoryApplicationService.cs(12,28): warning CS1591: Missing XML comment for publicly visible type or member 'IInventoryApplicationService.AdjustStock(AdjustStockCommand)' [/Users/kady/Masterdom/src/Masterdom.Modules.Inventory/Masterdom.Modules.Inventory.csproj]
/Users/kady/Masterdom/src/Masterdom.Modules.Inventory/Application/Services/IInventoryApplicationService.cs(14,28): warning CS1591: Missing XML comment for publicly visible type or member 'IInventoryApplicationService.TransferInventory(TransferInventoryCommand)' [/Users/kady/Masterdom/src/Masterdom.Modules.Inventory/Masterdom.Modules.Inventory.csproj]
/Users/kady/Masterdom/src/Masterdom.Modules.Inventory/Application/Services/InventoryApplicationService.cs(9,21): warning CS1591: Missing XML comment for publicly visible type or member 'InventoryApplicationService' [/Users/kady/Masterdom/src/Masterdom.Modules.Inventory/Masterdom.Modules.Inventory.csproj]
/Users/kady/Masterdom/src/Masterdom.Modules.Inventory/Application/Services/InventoryApplicationService.cs(16,12): warning CS1591: Missing XML comment for publicly visible type or member 'InventoryApplicationService.InventoryApplicationService(IInventoryItemRepository, IInventoryUnitOfWork, IInventoryPlatformOrchestrator, IInventoryStockLocationLookup)' [/Users/kady/Masterdom/src/Masterdom.Modules.Inventory/Masterdom.Modules.Inventory.csproj]
/Users/kady/Masterdom/src/Masterdom.Modules.Inventory/Application/Services/InventoryApplicationService.cs(28,35): warning CS1591: Missing XML comment for publicly visible type or member 'InventoryApplicationService.CreateInventoryItem(CreateInventoryItemCommand)' [/Users/kady/Masterdom/src/Masterdom.Modules.Inventory/Masterdom.Modules.Inventory.csproj]
/Users/kady/Masterdom/src/Masterdom.Modules.Inventory/Application/Services/InventoryApplicationService.cs(57,35): warning CS1591: Missing XML comment for publicly visible type or member 'InventoryApplicationService.ReceiveStock(ReceiveStockCommand)' [/Users/kady/Masterdom/src/Masterdom.Modules.Inventory/Masterdom.Modules.Inventory.csproj]
/Users/kady/Masterdom/src/Masterdom.Modules.Inventory/Application/Services/InventoryApplicationService.cs(78,35): warning CS1591: Missing XML comment for publicly visible type or member 'InventoryApplicationService.AdjustStock(AdjustStockCommand)' [/Users/kady/Masterdom/src/Masterdom.Modules.Inventory/Masterdom.Modules.Inventory.csproj]
/Users/kady/Masterdom/src/Masterdom.Modules.Inventory/Application/Services/InventoryApplicationService.cs(99,35): warning CS1591: Missing XML comment for publicly visible type or member 'InventoryApplicationService.TransferInventory(TransferInventoryCommand)' [/Users/kady/Masterdom/src/Masterdom.Modules.Inventory/Masterdom.Modules.Inventory.csproj]
/Users/kady/Masterdom/src/Masterdom.Modules.Inventory/Application/Support/ExecutionResult.cs(3,14): warning CS1591: Missing XML comment for publicly visible type or member 'ExecutionResult' [/Users/kady/Masterdom/src/Masterdom.Modules.Inventory/Masterdom.Modules.Inventory.csproj]
/Users/kady/Masterdom/src/Masterdom.Modules.Inventory/Application/Support/ExecutionResult.cs(5,15): warning CS1591: Missing XML comment for publicly visible type or member 'ExecutionResult.ExecutionResult(bool, string?, string?)' [/Users/kady/Masterdom/src/Masterdom.Modules.Inventory/Masterdom.Modules.Inventory.csproj]
/Users/kady/Masterdom/src/Masterdom.Modules.Inventory/Application/Support/ExecutionResult.cs(12,17): warning CS1591: Missing XML comment for publicly visible type or member 'ExecutionResult.IsSuccess' [/Users/kady/Masterdom/src/Masterdom.Modules.Inventory/Masterdom.Modules.Inventory.csproj]
/Users/kady/Masterdom/src/Masterdom.Modules.Inventory/Application/Support/ExecutionResult.cs(14,20): warning CS1591: Missing XML comment for publicly visible type or member 'ExecutionResult.ErrorCode' [/Users/kady/Masterdom/src/Masterdom.Modules.Inventory/Masterdom.Modules.Inventory.csproj]
/Users/kady/Masterdom/src/Masterdom.Modules.Inventory/Application/Support/ExecutionResult.cs(16,20): warning CS1591: Missing XML comment for publicly visible type or member 'ExecutionResult.ErrorMessage' [/Users/kady/Masterdom/src/Masterdom.Modules.Inventory/Masterdom.Modules.Inventory.csproj]
/Users/kady/Masterdom/src/Masterdom.Modules.Inventory/Application/Support/ExecutionResult.cs(18,35): warning CS1591: Missing XML comment for publicly visible type or member 'ExecutionResult.Success()' [/Users/kady/Masterdom/src/Masterdom.Modules.Inventory/Masterdom.Modules.Inventory.csproj]
/Users/kady/Masterdom/src/Masterdom.Modules.Inventory/Application/Support/ExecutionResult.cs(23,35): warning CS1591: Missing XML comment for publicly visible type or member 'ExecutionResult.Failure(string, string)' [/Users/kady/Masterdom/src/Masterdom.Modules.Inventory/Masterdom.Modules.Inventory.csproj]
/Users/kady/Masterdom/src/Masterdom.Modules.Inventory/Application/Support/ExecutionResult.cs(32,21): warning CS1591: Missing XML comment for publicly visible type or member 'ExecutionResult<T>' [/Users/kady/Masterdom/src/Masterdom.Modules.Inventory/Masterdom.Modules.Inventory.csproj]
/Users/kady/Masterdom/src/Masterdom.Modules.Inventory/Application/Support/ExecutionResult.cs(40,15): warning CS1591: Missing XML comment for publicly visible type or member 'ExecutionResult<T>.Value' [/Users/kady/Masterdom/src/Masterdom.Modules.Inventory/Masterdom.Modules.Inventory.csproj]
/Users/kady/Masterdom/src/Masterdom.Modules.Inventory/Application/Support/ExecutionResult.cs(42,38): warning CS1591: Missing XML comment for publicly visible type or member 'ExecutionResult<T>.Success(T)' [/Users/kady/Masterdom/src/Masterdom.Modules.Inventory/Masterdom.Modules.Inventory.csproj]
/Users/kady/Masterdom/src/Masterdom.Modules.Inventory/Application/Support/ExecutionResult.cs(48,38): warning CS1591: Missing XML comment for publicly visible type or member 'ExecutionResult<T>.Failure(string, string)' [/Users/kady/Masterdom/src/Masterdom.Modules.Inventory/Masterdom.Modules.Inventory.csproj]
/Users/kady/Masterdom/src/Masterdom.Modules.Inventory/Application/Support/ICommandHandler.cs(3,18): warning CS1591: Missing XML comment for publicly visible type or member 'ICommandHandler<TCommand, TResult>' [/Users/kady/Masterdom/src/Masterdom.Modules.Inventory/Masterdom.Modules.Inventory.csproj]
/Users/kady/Masterdom/src/Masterdom.Modules.Inventory/Application/Support/ICommandHandler.cs(5,13): warning CS1591: Missing XML comment for publicly visible type or member 'ICommandHandler<TCommand, TResult>.Handle(TCommand)' [/Users/kady/Masterdom/src/Masterdom.Modules.Inventory/Masterdom.Modules.Inventory.csproj]
/Users/kady/Masterdom/src/Masterdom.Modules.Inventory/Application/Support/IInventoryPlatformOrchestrator.cs(5,18): warning CS1591: Missing XML comment for publicly visible type or member 'IInventoryPlatformOrchestrator' [/Users/kady/Masterdom/src/Masterdom.Modules.Inventory/Masterdom.Modules.Inventory.csproj]
/Users/kady/Masterdom/src/Masterdom.Modules.Inventory/Application/Support/IInventoryPlatformOrchestrator.cs(7,10): warning CS1591: Missing XML comment for publicly visible type or member 'IInventoryPlatformOrchestrator.OnInventoryItemMutated(InventoryItem, string)' [/Users/kady/Masterdom/src/Masterdom.Modules.Inventory/Masterdom.Modules.Inventory.csproj]
/Users/kady/Masterdom/src/Masterdom.Modules.Inventory/Application/Support/IInventoryStockLocationLookup.cs(3,18): warning CS1591: Missing XML comment for publicly visible type or member 'IInventoryStockLocationLookup' [/Users/kady/Masterdom/src/Masterdom.Modules.Inventory/Masterdom.Modules.Inventory.csproj]
/Users/kady/Masterdom/src/Masterdom.Modules.Inventory/Application/Support/IInventoryStockLocationLookup.cs(5,39): warning CS1591: Missing XML comment for publicly visible type or member 'IInventoryStockLocationLookup.Find(Guid)' [/Users/kady/Masterdom/src/Masterdom.Modules.Inventory/Masterdom.Modules.Inventory.csproj]
/Users/kady/Masterdom/src/Masterdom.Modules.Inventory/Application/Support/IInventoryUnitOfWork.cs(3,18): warning CS1591: Missing XML comment for publicly visible type or member 'IInventoryUnitOfWork' [/Users/kady/Masterdom/src/Masterdom.Modules.Inventory/Masterdom.Modules.Inventory.csproj]
/Users/kady/Masterdom/src/Masterdom.Modules.Inventory/Application/Support/IInventoryUnitOfWork.cs(5,10): warning CS1591: Missing XML comment for publicly visible type or member 'IInventoryUnitOfWork.Execute(Action)' [/Users/kady/Masterdom/src/Masterdom.Modules.Inventory/Masterdom.Modules.Inventory.csproj]
/Users/kady/Masterdom/src/Masterdom.Modules.Inventory/Domain/Entities/Inventory/Events/InventoryItemCreatedDomainEvent.cs(5,22): warning CS1591: Missing XML comment for publicly visible type or member 'InventoryItemCreatedDomainEvent' [/Users/kady/Masterdom/src/Masterdom.Modules.Inventory/Masterdom.Modules.Inventory.csproj]
/Users/kady/Masterdom/src/Masterdom.Modules.Inventory/Domain/Entities/Inventory/Events/InventoryItemCreatedDomainEvent.cs(5,22): warning CS1591: Missing XML comment for publicly visible type or member 'InventoryItemCreatedDomainEvent.InventoryItemCreatedDomainEvent(InventoryItemId, Guid, Guid, string, DateTime)' [/Users/kady/Masterdom/src/Masterdom.Modules.Inventory/Masterdom.Modules.Inventory.csproj]
/Users/kady/Masterdom/src/Masterdom.Modules.Inventory/Domain/Entities/Inventory/Events/InventoryItemCreatedDomainEvent.cs(6,21): warning CS1591: Missing XML comment for publicly visible type or member 'InventoryItemCreatedDomainEvent.InventoryItemId' [/Users/kady/Masterdom/src/Masterdom.Modules.Inventory/Masterdom.Modules.Inventory.csproj]
/Users/kady/Masterdom/src/Masterdom.Modules.Inventory/Domain/Entities/Inventory/Events/InventoryItemCreatedDomainEvent.cs(7,10): warning CS1591: Missing XML comment for publicly visible type or member 'InventoryItemCreatedDomainEvent.PropertyId' [/Users/kady/Masterdom/src/Masterdom.Modules.Inventory/Masterdom.Modules.Inventory.csproj]
/Users/kady/Masterdom/src/Masterdom.Modules.Inventory/Domain/Entities/Inventory/Events/InventoryItemCreatedDomainEvent.cs(8,10): warning CS1591: Missing XML comment for publicly visible type or member 'InventoryItemCreatedDomainEvent.StockLocationId' [/Users/kady/Masterdom/src/Masterdom.Modules.Inventory/Masterdom.Modules.Inventory.csproj]
/Users/kady/Masterdom/src/Masterdom.Modules.Inventory/Domain/Entities/Inventory/Events/InventoryItemCreatedDomainEvent.cs(9,12): warning CS1591: Missing XML comment for publicly visible type or member 'InventoryItemCreatedDomainEvent.Sku' [/Users/kady/Masterdom/src/Masterdom.Modules.Inventory/Masterdom.Modules.Inventory.csproj]
/Users/kady/Masterdom/src/Masterdom.Modules.Inventory/Domain/Entities/Inventory/Events/InventoryItemCreatedDomainEvent.cs(10,14): warning CS1591: Missing XML comment for publicly visible type or member 'InventoryItemCreatedDomainEvent.OccurredOnUtc' [/Users/kady/Masterdom/src/Masterdom.Modules.Inventory/Masterdom.Modules.Inventory.csproj]
/Users/kady/Masterdom/src/Masterdom.Modules.Inventory/Domain/Entities/Inventory/Events/InventoryStockAdjustedDomainEvent.cs(5,22): warning CS1591: Missing XML comment for publicly visible type or member 'InventoryStockAdjustedDomainEvent' [/Users/kady/Masterdom/src/Masterdom.Modules.Inventory/Masterdom.Modules.Inventory.csproj]
/Users/kady/Masterdom/src/Masterdom.Modules.Inventory/Domain/Entities/Inventory/Events/InventoryStockAdjustedDomainEvent.cs(5,22): warning CS1591: Missing XML comment for publicly visible type or member 'InventoryStockAdjustedDomainEvent.InventoryStockAdjustedDomainEvent(InventoryItemId, Guid, decimal, decimal, DateTime)' [/Users/kady/Masterdom/src/Masterdom.Modules.Inventory/Masterdom.Modules.Inventory.csproj]
/Users/kady/Masterdom/src/Masterdom.Modules.Inventory/Domain/Entities/Inventory/Events/InventoryStockAdjustedDomainEvent.cs(6,21): warning CS1591: Missing XML comment for publicly visible type or member 'InventoryStockAdjustedDomainEvent.InventoryItemId' [/Users/kady/Masterdom/src/Masterdom.Modules.Inventory/Masterdom.Modules.Inventory.csproj]
/Users/kady/Masterdom/src/Masterdom.Modules.Inventory/Domain/Entities/Inventory/Events/InventoryStockAdjustedDomainEvent.cs(7,10): warning CS1591: Missing XML comment for publicly visible type or member 'InventoryStockAdjustedDomainEvent.PropertyId' [/Users/kady/Masterdom/src/Masterdom.Modules.Inventory/Masterdom.Modules.Inventory.csproj]
/Users/kady/Masterdom/src/Masterdom.Modules.Inventory/Domain/Entities/Inventory/Events/InventoryStockAdjustedDomainEvent.cs(8,13): warning CS1591: Missing XML comment for publicly visible type or member 'InventoryStockAdjustedDomainEvent.AdjustmentQuantity' [/Users/kady/Masterdom/src/Masterdom.Modules.Inventory/Masterdom.Modules.Inventory.csproj]
/Users/kady/Masterdom/src/Masterdom.Modules.Inventory/Domain/Entities/Inventory/Events/InventoryStockAdjustedDomainEvent.cs(9,13): warning CS1591: Missing XML comment for publicly visible type or member 'InventoryStockAdjustedDomainEvent.QuantityOnHand' [/Users/kady/Masterdom/src/Masterdom.Modules.Inventory/Masterdom.Modules.Inventory.csproj]
/Users/kady/Masterdom/src/Masterdom.Modules.Inventory/Domain/Entities/Inventory/Events/InventoryStockAdjustedDomainEvent.cs(10,14): warning CS1591: Missing XML comment for publicly visible type or member 'InventoryStockAdjustedDomainEvent.OccurredOnUtc' [/Users/kady/Masterdom/src/Masterdom.Modules.Inventory/Masterdom.Modules.Inventory.csproj]
/Users/kady/Masterdom/src/Masterdom.Modules.Inventory/Domain/Entities/Inventory/Events/InventoryStockReceivedDomainEvent.cs(5,22): warning CS1591: Missing XML comment for publicly visible type or member 'InventoryStockReceivedDomainEvent' [/Users/kady/Masterdom/src/Masterdom.Modules.Inventory/Masterdom.Modules.Inventory.csproj]
/Users/kady/Masterdom/src/Masterdom.Modules.Inventory/Domain/Entities/Inventory/Events/InventoryStockReceivedDomainEvent.cs(5,22): warning CS1591: Missing XML comment for publicly visible type or member 'InventoryStockReceivedDomainEvent.InventoryStockReceivedDomainEvent(InventoryItemId, Guid, decimal, DateTime)' [/Users/kady/Masterdom/src/Masterdom.Modules.Inventory/Masterdom.Modules.Inventory.csproj]
/Users/kady/Masterdom/src/Masterdom.Modules.Inventory/Domain/Entities/Inventory/Events/InventoryStockReceivedDomainEvent.cs(6,21): warning CS1591: Missing XML comment for publicly visible type or member 'InventoryStockReceivedDomainEvent.InventoryItemId' [/Users/kady/Masterdom/src/Masterdom.Modules.Inventory/Masterdom.Modules.Inventory.csproj]
/Users/kady/Masterdom/src/Masterdom.Modules.Inventory/Domain/Entities/Inventory/Events/InventoryStockReceivedDomainEvent.cs(7,10): warning CS1591: Missing XML comment for publicly visible type or member 'InventoryStockReceivedDomainEvent.PropertyId' [/Users/kady/Masterdom/src/Masterdom.Modules.Inventory/Masterdom.Modules.Inventory.csproj]
/Users/kady/Masterdom/src/Masterdom.Modules.Inventory/Domain/Entities/Inventory/Events/InventoryStockReceivedDomainEvent.cs(8,13): warning CS1591: Missing XML comment for publicly visible type or member 'InventoryStockReceivedDomainEvent.ReceivedQuantity' [/Users/kady/Masterdom/src/Masterdom.Modules.Inventory/Masterdom.Modules.Inventory.csproj]
/Users/kady/Masterdom/src/Masterdom.Modules.Inventory/Domain/Entities/Inventory/Events/InventoryStockReceivedDomainEvent.cs(9,14): warning CS1591: Missing XML comment for publicly visible type or member 'InventoryStockReceivedDomainEvent.OccurredOnUtc' [/Users/kady/Masterdom/src/Masterdom.Modules.Inventory/Masterdom.Modules.Inventory.csproj]
/Users/kady/Masterdom/src/Masterdom.Modules.Inventory/Domain/Entities/Inventory/Events/InventoryStockTransferredDomainEvent.cs(5,22): warning CS1591: Missing XML comment for publicly visible type or member 'InventoryStockTransferredDomainEvent' [/Users/kady/Masterdom/src/Masterdom.Modules.Inventory/Masterdom.Modules.Inventory.csproj]
/Users/kady/Masterdom/src/Masterdom.Modules.Inventory/Domain/Entities/Inventory/Events/InventoryStockTransferredDomainEvent.cs(5,22): warning CS1591: Missing XML comment for publicly visible type or member 'InventoryStockTransferredDomainEvent.InventoryStockTransferredDomainEvent(Guid, string, Guid, Guid, decimal, DateTime)' [/Users/kady/Masterdom/src/Masterdom.Modules.Inventory/Masterdom.Modules.Inventory.csproj]
/Users/kady/Masterdom/src/Masterdom.Modules.Inventory/Domain/Entities/Inventory/Events/InventoryStockTransferredDomainEvent.cs(6,10): warning CS1591: Missing XML comment for publicly visible type or member 'InventoryStockTransferredDomainEvent.PropertyId' [/Users/kady/Masterdom/src/Masterdom.Modules.Inventory/Masterdom.Modules.Inventory.csproj]
/Users/kady/Masterdom/src/Masterdom.Modules.Inventory/Domain/Entities/Inventory/Events/InventoryStockTransferredDomainEvent.cs(7,12): warning CS1591: Missing XML comment for publicly visible type or member 'InventoryStockTransferredDomainEvent.Sku' [/Users/kady/Masterdom/src/Masterdom.Modules.Inventory/Masterdom.Modules.Inventory.csproj]
/Users/kady/Masterdom/src/Masterdom.Modules.Inventory/Domain/Entities/Inventory/Events/InventoryStockTransferredDomainEvent.cs(8,10): warning CS1591: Missing XML comment for publicly visible type or member 'InventoryStockTransferredDomainEvent.SourceStockLocationId' [/Users/kady/Masterdom/src/Masterdom.Modules.Inventory/Masterdom.Modules.Inventory.csproj]
/Users/kady/Masterdom/src/Masterdom.Modules.Inventory/Domain/Entities/Inventory/Events/InventoryStockTransferredDomainEvent.cs(9,10): warning CS1591: Missing XML comment for publicly visible type or member 'InventoryStockTransferredDomainEvent.DestinationStockLocationId' [/Users/kady/Masterdom/src/Masterdom.Modules.Inventory/Masterdom.Modules.Inventory.csproj]
/Users/kady/Masterdom/src/Masterdom.Modules.Inventory/Domain/Entities/Inventory/Events/InventoryStockTransferredDomainEvent.cs(10,13): warning CS1591: Missing XML comment for publicly visible type or member 'InventoryStockTransferredDomainEvent.Quantity' [/Users/kady/Masterdom/src/Masterdom.Modules.Inventory/Masterdom.Modules.Inventory.csproj]
/Users/kady/Masterdom/src/Masterdom.Modules.Inventory/Domain/Entities/Inventory/Events/InventoryStockTransferredDomainEvent.cs(11,14): warning CS1591: Missing XML comment for publicly visible type or member 'InventoryStockTransferredDomainEvent.OccurredOnUtc' [/Users/kady/Masterdom/src/Masterdom.Modules.Inventory/Masterdom.Modules.Inventory.csproj]
/Users/kady/Masterdom/src/Masterdom.Modules.Inventory/Domain/Entities/Inventory/InventoryItem.cs(8,21): warning CS1591: Missing XML comment for publicly visible type or member 'InventoryItem' [/Users/kady/Masterdom/src/Masterdom.Modules.Inventory/Masterdom.Modules.Inventory.csproj]
/Users/kady/Masterdom/src/Masterdom.Modules.Inventory/Domain/Entities/Inventory/InventoryItem.cs(30,17): warning CS1591: Missing XML comment for publicly visible type or member 'InventoryItem.PropertyId' [/Users/kady/Masterdom/src/Masterdom.Modules.Inventory/Masterdom.Modules.Inventory.csproj]
/Users/kady/Masterdom/src/Masterdom.Modules.Inventory/Domain/Entities/Inventory/InventoryItem.cs(32,17): warning CS1591: Missing XML comment for publicly visible type or member 'InventoryItem.StockLocationId' [/Users/kady/Masterdom/src/Masterdom.Modules.Inventory/Masterdom.Modules.Inventory.csproj]
/Users/kady/Masterdom/src/Masterdom.Modules.Inventory/Domain/Entities/Inventory/InventoryItem.cs(34,19): warning CS1591: Missing XML comment for publicly visible type or member 'InventoryItem.Sku' [/Users/kady/Masterdom/src/Masterdom.Modules.Inventory/Masterdom.Modules.Inventory.csproj]
/Users/kady/Masterdom/src/Masterdom.Modules.Inventory/Domain/Entities/Inventory/InventoryItem.cs(36,19): warning CS1591: Missing XML comment for publicly visible type or member 'InventoryItem.Name' [/Users/kady/Masterdom/src/Masterdom.Modules.Inventory/Masterdom.Modules.Inventory.csproj]
/Users/kady/Masterdom/src/Masterdom.Modules.Inventory/Domain/Entities/Inventory/InventoryItem.cs(38,20): warning CS1591: Missing XML comment for publicly visible type or member 'InventoryItem.QuantityOnHand' [/Users/kady/Masterdom/src/Masterdom.Modules.Inventory/Masterdom.Modules.Inventory.csproj]
/Users/kady/Masterdom/src/Masterdom.Modules.Inventory/Domain/Entities/Inventory/InventoryItem.cs(40,21): warning CS1591: Missing XML comment for publicly visible type or member 'InventoryItem.CreatedAtUtc' [/Users/kady/Masterdom/src/Masterdom.Modules.Inventory/Masterdom.Modules.Inventory.csproj]
/Users/kady/Masterdom/src/Masterdom.Modules.Inventory/Domain/Entities/Inventory/InventoryItem.cs(42,46): warning CS1591: Missing XML comment for publicly visible type or member 'InventoryItem.DomainEvents' [/Users/kady/Masterdom/src/Masterdom.Modules.Inventory/Masterdom.Modules.Inventory.csproj]
/Users/kady/Masterdom/src/Masterdom.Modules.Inventory/Domain/Entities/Inventory/InventoryItem.cs(44,33): warning CS1591: Missing XML comment for publicly visible type or member 'InventoryItem.Create(InventoryItemId, Guid, Guid, string, string, decimal, DateTime)' [/Users/kady/Masterdom/src/Masterdom.Modules.Inventory/Masterdom.Modules.Inventory.csproj]
/Users/kady/Masterdom/src/Masterdom.Modules.Inventory/Domain/Entities/Inventory/InventoryItem.cs(107,17): warning CS1591: Missing XML comment for publicly visible type or member 'InventoryItem.ReceiveStock(decimal)' [/Users/kady/Masterdom/src/Masterdom.Modules.Inventory/Masterdom.Modules.Inventory.csproj]
/Users/kady/Masterdom/src/Masterdom.Modules.Inventory/Domain/Entities/Inventory/InventoryItem.cs(123,17): warning CS1591: Missing XML comment for publicly visible type or member 'InventoryItem.AdjustStock(decimal)' [/Users/kady/Masterdom/src/Masterdom.Modules.Inventory/Masterdom.Modules.Inventory.csproj]
/Users/kady/Masterdom/src/Masterdom.Modules.Inventory/Domain/Entities/Inventory/InventoryItem.cs(146,17): warning CS1591: Missing XML comment for publicly visible type or member 'InventoryItem.TransferStockTo(InventoryItem, decimal)' [/Users/kady/Masterdom/src/Masterdom.Modules.Inventory/Masterdom.Modules.Inventory.csproj]
/Users/kady/Masterdom/src/Masterdom.Modules.Inventory/Domain/Entities/Inventory/InventoryItem.cs(187,17): warning CS1591: Missing XML comment for publicly visible type or member 'InventoryItem.ClearDomainEvents()' [/Users/kady/Masterdom/src/Masterdom.Modules.Inventory/Masterdom.Modules.Inventory.csproj]
/Users/kady/Masterdom/src/Masterdom.Modules.Inventory/Domain/Entities/Inventory/InventoryItemId.cs(5,22): warning CS1591: Missing XML comment for publicly visible type or member 'InventoryItemId' [/Users/kady/Masterdom/src/Masterdom.Modules.Inventory/Masterdom.Modules.Inventory.csproj]
/Users/kady/Masterdom/src/Masterdom.Modules.Inventory/Domain/Entities/Inventory/InventoryItemId.cs(5,22): warning CS1591: Missing XML comment for publicly visible type or member 'InventoryItemId.InventoryItemId(Guid)' [/Users/kady/Masterdom/src/Masterdom.Modules.Inventory/Masterdom.Modules.Inventory.csproj]
/Users/kady/Masterdom/src/Masterdom.Modules.Inventory/Domain/Entities/Inventory/InventoryItemId.cs(7,35): warning CS1591: Missing XML comment for publicly visible type or member 'InventoryItemId.New()' [/Users/kady/Masterdom/src/Masterdom.Modules.Inventory/Masterdom.Modules.Inventory.csproj]
/Users/kady/Masterdom/src/Masterdom.Modules.Inventory/Domain/Entities/Inventory/InventoryItemId.cs(12,35): warning CS1591: Missing XML comment for publicly visible type or member 'InventoryItemId.From(Guid)' [/Users/kady/Masterdom/src/Masterdom.Modules.Inventory/Masterdom.Modules.Inventory.csproj]
/Users/kady/Masterdom/src/Masterdom.Modules.Inventory/Domain/Repositories/IInventoryItemRepository.cs(5,18): warning CS1591: Missing XML comment for publicly visible type or member 'IInventoryItemRepository' [/Users/kady/Masterdom/src/Masterdom.Modules.Inventory/Masterdom.Modules.Inventory.csproj]
/Users/kady/Masterdom/src/Masterdom.Modules.Inventory/Domain/Repositories/IInventoryItemRepository.cs(7,10): warning CS1591: Missing XML comment for publicly visible type or member 'IInventoryItemRepository.Add(InventoryItem)' [/Users/kady/Masterdom/src/Masterdom.Modules.Inventory/Masterdom.Modules.Inventory.csproj]
/Users/kady/Masterdom/src/Masterdom.Modules.Inventory/Domain/Repositories/IInventoryItemRepository.cs(9,10): warning CS1591: Missing XML comment for publicly visible type or member 'IInventoryItemRepository.Update(InventoryItem)' [/Users/kady/Masterdom/src/Masterdom.Modules.Inventory/Masterdom.Modules.Inventory.csproj]
/Users/kady/Masterdom/src/Masterdom.Modules.Inventory/Domain/Repositories/IInventoryItemRepository.cs(11,20): warning CS1591: Missing XML comment for publicly visible type or member 'IInventoryItemRepository.GetById(InventoryItemId)' [/Users/kady/Masterdom/src/Masterdom.Modules.Inventory/Masterdom.Modules.Inventory.csproj]
/Users/kady/Masterdom/src/Masterdom.Modules.Inventory/Domain/Repositories/IInventoryItemRepository.cs(13,20): warning CS1591: Missing XML comment for publicly visible type or member 'IInventoryItemRepository.GetBySku(Guid, string)' [/Users/kady/Masterdom/src/Masterdom.Modules.Inventory/Masterdom.Modules.Inventory.csproj]
/Users/kady/Masterdom/src/Masterdom.Modules.Inventory/Domain/Repositories/IInventoryItemRepository.cs(15,20): warning CS1591: Missing XML comment for publicly visible type or member 'IInventoryItemRepository.GetBySkuAndLocation(Guid, Guid, string)' [/Users/kady/Masterdom/src/Masterdom.Modules.Inventory/Masterdom.Modules.Inventory.csproj]
/Users/kady/Masterdom/src/Masterdom.Platform/Services/PlatformServiceRegistry.cs(80,27): warning CS8600: Converting null literal or possible null value to non-nullable type. [/Users/kady/Masterdom/src/Masterdom.Platform/Masterdom.Platform.csproj]
/Users/kady/Masterdom/src/Masterdom.Platform/BusinessContext/BusinessContext.cs(13,12): warning CS1591: Missing XML comment for publicly visible type or member 'BusinessContext.BusinessContext(BusinessContextVersion, BusinessContextMetadata, IReadOnlyDictionary<string, BusinessContextSnapshot>, IReadOnlyList<BusinessContextReference>)' [/Users/kady/Masterdom/src/Masterdom.Platform/Masterdom.Platform.csproj]
/Users/kady/Masterdom/src/Masterdom.Platform/BusinessContext/BusinessContext.cs(33,35): warning CS1591: Missing XML comment for publicly visible type or member 'BusinessContext.Version' [/Users/kady/Masterdom/src/Masterdom.Platform/Masterdom.Platform.csproj]
/Users/kady/Masterdom/src/Masterdom.Platform/BusinessContext/BusinessContext.cs(35,36): warning CS1591: Missing XML comment for publicly visible type or member 'BusinessContext.Metadata' [/Users/kady/Masterdom/src/Masterdom.Platform/Masterdom.Platform.csproj]
/Users/kady/Masterdom/src/Masterdom.Platform/BusinessContext/BusinessContext.cs(37,65): warning CS1591: Missing XML comment for publicly visible type or member 'BusinessContext.Snapshots' [/Users/kady/Masterdom/src/Masterdom.Platform/Masterdom.Platform.csproj]
/Users/kady/Masterdom/src/Masterdom.Platform/BusinessContext/BusinessContext.cs(39,52): warning CS1591: Missing XML comment for publicly visible type or member 'BusinessContext.References' [/Users/kady/Masterdom/src/Masterdom.Platform/Masterdom.Platform.csproj]
/Users/kady/Masterdom/src/Masterdom.Platform/BusinessContext/BusinessContext.cs(41,17): warning CS1591: Missing XML comment for publicly visible type or member 'BusinessContext.TryGetSnapshot(string, out BusinessContextSnapshot?)' [/Users/kady/Masterdom/src/Masterdom.Platform/Masterdom.Platform.csproj]
/Users/kady/Masterdom/src/Masterdom.Platform/BusinessContext/BusinessContextBuilder.cs(13,12): warning CS1591: Missing XML comment for publicly visible type or member 'BusinessContextBuilder.BusinessContextBuilder(BusinessContextBuilderRegistry, BusinessContextOptions?)' [/Users/kady/Masterdom/src/Masterdom.Platform/Masterdom.Platform.csproj]
/Users/kady/Masterdom/src/Masterdom.Platform/BusinessContext/BusinessContextBuilder.cs(21,34): warning CS1591: Missing XML comment for publicly visible type or member 'BusinessContextBuilder.Build(BusinessContextRequest)' [/Users/kady/Masterdom/src/Masterdom.Platform/Masterdom.Platform.csproj]
/Users/kady/Masterdom/src/Masterdom.Platform/BusinessContext/BusinessContextBuilderRegistry.cs(10,12): warning CS1591: Missing XML comment for publicly visible type or member 'BusinessContextBuilderRegistry.BusinessContextBuilderRegistry(IEnumerable<IBusinessContextProvider>?)' [/Users/kady/Masterdom/src/Masterdom.Platform/Masterdom.Platform.csproj]
/Users/kady/Masterdom/src/Masterdom.Platform/BusinessContext/BusinessContextBuilderRegistry.cs(15,52): warning CS1591: Missing XML comment for publicly visible type or member 'BusinessContextBuilderRegistry.GetOrderedProviders()' [/Users/kady/Masterdom/src/Masterdom.Platform/Masterdom.Platform.csproj]
/Users/kady/Masterdom/src/Masterdom.Platform/BusinessContext/BusinessContextMetadata.cs(10,12): warning CS1591: Missing XML comment for publicly visible type or member 'BusinessContextMetadata.BusinessContextMetadata(DateTime, DateTime, string?, string?, string?, string?, string?, IReadOnlyList<string>, IReadOnlyList<string>, IReadOnlyDictionary<string, string>?)' [/Users/kady/Masterdom/src/Masterdom.Platform/Masterdom.Platform.csproj]
/Users/kady/Masterdom/src/Masterdom.Platform/BusinessContext/BusinessContextMetadata.cs(35,21): warning CS1591: Missing XML comment for publicly visible type or member 'BusinessContextMetadata.CreatedAtUtc' [/Users/kady/Masterdom/src/Masterdom.Platform/Masterdom.Platform.csproj]
/Users/kady/Masterdom/src/Masterdom.Platform/BusinessContext/BusinessContextMetadata.cs(37,21): warning CS1591: Missing XML comment for publicly visible type or member 'BusinessContextMetadata.EffectiveDateUtc' [/Users/kady/Masterdom/src/Masterdom.Platform/Masterdom.Platform.csproj]
/Users/kady/Masterdom/src/Masterdom.Platform/BusinessContext/BusinessContextMetadata.cs(39,20): warning CS1591: Missing XML comment for publicly visible type or member 'BusinessContextMetadata.ConfigurationVersion' [/Users/kady/Masterdom/src/Masterdom.Platform/Masterdom.Platform.csproj]
/Users/kady/Masterdom/src/Masterdom.Platform/BusinessContext/BusinessContextMetadata.cs(41,20): warning CS1591: Missing XML comment for publicly visible type or member 'BusinessContextMetadata.Language' [/Users/kady/Masterdom/src/Masterdom.Platform/Masterdom.Platform.csproj]
/Users/kady/Masterdom/src/Masterdom.Platform/BusinessContext/BusinessContextMetadata.cs(43,20): warning CS1591: Missing XML comment for publicly visible type or member 'BusinessContextMetadata.SecurityContext' [/Users/kady/Masterdom/src/Masterdom.Platform/Masterdom.Platform.csproj]
/Users/kady/Masterdom/src/Masterdom.Platform/BusinessContext/BusinessContextMetadata.cs(45,20): warning CS1591: Missing XML comment for publicly visible type or member 'BusinessContextMetadata.UserId' [/Users/kady/Masterdom/src/Masterdom.Platform/Masterdom.Platform.csproj]
/Users/kady/Masterdom/src/Masterdom.Platform/BusinessContext/BusinessContextMetadata.cs(47,20): warning CS1591: Missing XML comment for publicly visible type or member 'BusinessContextMetadata.PortfolioId' [/Users/kady/Masterdom/src/Masterdom.Platform/Masterdom.Platform.csproj]
/Users/kady/Masterdom/src/Masterdom.Platform/BusinessContext/BusinessContextMetadata.cs(49,34): warning CS1591: Missing XML comment for publicly visible type or member 'BusinessContextMetadata.ProviderExecutionOrder' [/Users/kady/Masterdom/src/Masterdom.Platform/Masterdom.Platform.csproj]
/Users/kady/Masterdom/src/Masterdom.Platform/BusinessContext/BusinessContextMetadata.cs(51,34): warning CS1591: Missing XML comment for publicly visible type or member 'BusinessContextMetadata.Warnings' [/Users/kady/Masterdom/src/Masterdom.Platform/Masterdom.Platform.csproj]
/Users/kady/Masterdom/src/Masterdom.Platform/BusinessContext/BusinessContextMetadata.cs(53,48): warning CS1591: Missing XML comment for publicly visible type or member 'BusinessContextMetadata.Attributes' [/Users/kady/Masterdom/src/Masterdom.Platform/Masterdom.Platform.csproj]
/Users/kady/Masterdom/src/Masterdom.Platform/BusinessContext/BusinessContextOptions.cs(8,42): warning CS1591: Missing XML comment for publicly visible type or member 'BusinessContextOptions.Default' [/Users/kady/Masterdom/src/Masterdom.Platform/Masterdom.Platform.csproj]
/Users/kady/Masterdom/src/Masterdom.Platform/BusinessContext/BusinessContextOptions.cs(10,35): warning CS1591: Missing XML comment for publicly visible type or member 'BusinessContextOptions.Version' [/Users/kady/Masterdom/src/Masterdom.Platform/Masterdom.Platform.csproj]
/Users/kady/Masterdom/src/Masterdom.Platform/BusinessContext/BusinessContextOptions.cs(12,17): warning CS1591: Missing XML comment for publicly visible type or member 'BusinessContextOptions.RequireUtcEffectiveDate' [/Users/kady/Masterdom/src/Masterdom.Platform/Masterdom.Platform.csproj]
/Users/kady/Masterdom/src/Masterdom.Platform/BusinessContext/BusinessContextOptions.cs(14,27): warning CS1591: Missing XML comment for publicly visible type or member 'BusinessContextOptions.SnapshotKeyComparer' [/Users/kady/Masterdom/src/Masterdom.Platform/Masterdom.Platform.csproj]
/Users/kady/Masterdom/src/Masterdom.Platform/BusinessContext/BusinessContextProviderResult.cs(10,49): warning CS1591: Missing XML comment for publicly visible type or member 'BusinessContextProviderResult.Empty' [/Users/kady/Masterdom/src/Masterdom.Platform/Masterdom.Platform.csproj]
/Users/kady/Masterdom/src/Masterdom.Platform/BusinessContext/BusinessContextProviderResult.cs(17,12): warning CS1591: Missing XML comment for publicly visible type or member 'BusinessContextProviderResult.BusinessContextProviderResult(IReadOnlyList<BusinessContextSnapshot>, IReadOnlyList<BusinessContextReference>, IReadOnlyList<string>?, IReadOnlyDictionary<string, string>?)' [/Users/kady/Masterdom/src/Masterdom.Platform/Masterdom.Platform.csproj]
/Users/kady/Masterdom/src/Masterdom.Platform/BusinessContext/BusinessContextProviderResult.cs(30,51): warning CS1591: Missing XML comment for publicly visible type or member 'BusinessContextProviderResult.Snapshots' [/Users/kady/Masterdom/src/Masterdom.Platform/Masterdom.Platform.csproj]
/Users/kady/Masterdom/src/Masterdom.Platform/BusinessContext/BusinessContextProviderResult.cs(32,52): warning CS1591: Missing XML comment for publicly visible type or member 'BusinessContextProviderResult.References' [/Users/kady/Masterdom/src/Masterdom.Platform/Masterdom.Platform.csproj]
/Users/kady/Masterdom/src/Masterdom.Platform/BusinessContext/BusinessContextProviderResult.cs(34,34): warning CS1591: Missing XML comment for publicly visible type or member 'BusinessContextProviderResult.Warnings' [/Users/kady/Masterdom/src/Masterdom.Platform/Masterdom.Platform.csproj]
/Users/kady/Masterdom/src/Masterdom.Platform/BusinessContext/BusinessContextProviderResult.cs(36,48): warning CS1591: Missing XML comment for publicly visible type or member 'BusinessContextProviderResult.Metadata' [/Users/kady/Masterdom/src/Masterdom.Platform/Masterdom.Platform.csproj]
/Users/kady/Masterdom/src/Masterdom.Platform/BusinessContext/BusinessContextReference.cs(10,12): warning CS1591: Missing XML comment for publicly visible type or member 'BusinessContextReference.BusinessContextReference(string, string, string, string?, DateTime?, IReadOnlyDictionary<string, string>?)' [/Users/kady/Masterdom/src/Masterdom.Platform/Masterdom.Platform.csproj]
/Users/kady/Masterdom/src/Masterdom.Platform/BusinessContext/BusinessContextReference.cs(27,19): warning CS1591: Missing XML comment for publicly visible type or member 'BusinessContextReference.Provider' [/Users/kady/Masterdom/src/Masterdom.Platform/Masterdom.Platform.csproj]
/Users/kady/Masterdom/src/Masterdom.Platform/BusinessContext/BusinessContextReference.cs(29,19): warning CS1591: Missing XML comment for publicly visible type or member 'BusinessContextReference.Source' [/Users/kady/Masterdom/src/Masterdom.Platform/Masterdom.Platform.csproj]
/Users/kady/Masterdom/src/Masterdom.Platform/BusinessContext/BusinessContextReference.cs(31,19): warning CS1591: Missing XML comment for publicly visible type or member 'BusinessContextReference.ReferenceId' [/Users/kady/Masterdom/src/Masterdom.Platform/Masterdom.Platform.csproj]
/Users/kady/Masterdom/src/Masterdom.Platform/BusinessContext/BusinessContextReference.cs(33,20): warning CS1591: Missing XML comment for publicly visible type or member 'BusinessContextReference.SourceVersion' [/Users/kady/Masterdom/src/Masterdom.Platform/Masterdom.Platform.csproj]
/Users/kady/Masterdom/src/Masterdom.Platform/BusinessContext/BusinessContextReference.cs(35,22): warning CS1591: Missing XML comment for publicly visible type or member 'BusinessContextReference.EffectiveDateUtc' [/Users/kady/Masterdom/src/Masterdom.Platform/Masterdom.Platform.csproj]
/Users/kady/Masterdom/src/Masterdom.Platform/BusinessContext/BusinessContextReference.cs(37,48): warning CS1591: Missing XML comment for publicly visible type or member 'BusinessContextReference.Attributes' [/Users/kady/Masterdom/src/Masterdom.Platform/Masterdom.Platform.csproj]
/Users/kady/Masterdom/src/Masterdom.Platform/BusinessContext/BusinessContextRequest.cs(10,12): warning CS1591: Missing XML comment for publicly visible type or member 'BusinessContextRequest.BusinessContextRequest(DateTime, string?, string?, string?, string?, string?, IReadOnlyDictionary<string, string>?)' [/Users/kady/Masterdom/src/Masterdom.Platform/Masterdom.Platform.csproj]
/Users/kady/Masterdom/src/Masterdom.Platform/BusinessContext/BusinessContextRequest.cs(29,21): warning CS1591: Missing XML comment for publicly visible type or member 'BusinessContextRequest.EffectiveDateUtc' [/Users/kady/Masterdom/src/Masterdom.Platform/Masterdom.Platform.csproj]
/Users/kady/Masterdom/src/Masterdom.Platform/BusinessContext/BusinessContextRequest.cs(31,20): warning CS1591: Missing XML comment for publicly visible type or member 'BusinessContextRequest.ConfigurationVersion' [/Users/kady/Masterdom/src/Masterdom.Platform/Masterdom.Platform.csproj]
/Users/kady/Masterdom/src/Masterdom.Platform/BusinessContext/BusinessContextRequest.cs(33,20): warning CS1591: Missing XML comment for publicly visible type or member 'BusinessContextRequest.Language' [/Users/kady/Masterdom/src/Masterdom.Platform/Masterdom.Platform.csproj]
/Users/kady/Masterdom/src/Masterdom.Platform/BusinessContext/BusinessContextRequest.cs(35,20): warning CS1591: Missing XML comment for publicly visible type or member 'BusinessContextRequest.SecurityContext' [/Users/kady/Masterdom/src/Masterdom.Platform/Masterdom.Platform.csproj]
/Users/kady/Masterdom/src/Masterdom.Platform/BusinessContext/BusinessContextRequest.cs(37,20): warning CS1591: Missing XML comment for publicly visible type or member 'BusinessContextRequest.UserId' [/Users/kady/Masterdom/src/Masterdom.Platform/Masterdom.Platform.csproj]
/Users/kady/Masterdom/src/Masterdom.Platform/BusinessContext/BusinessContextRequest.cs(39,20): warning CS1591: Missing XML comment for publicly visible type or member 'BusinessContextRequest.PortfolioId' [/Users/kady/Masterdom/src/Masterdom.Platform/Masterdom.Platform.csproj]
/Users/kady/Masterdom/src/Masterdom.Platform/BusinessContext/BusinessContextRequest.cs(41,48): warning CS1591: Missing XML comment for publicly visible type or member 'BusinessContextRequest.Attributes' [/Users/kady/Masterdom/src/Masterdom.Platform/Masterdom.Platform.csproj]
/Users/kady/Masterdom/src/Masterdom.Platform/BusinessContext/BusinessContextResult.cs(8,12): warning CS1591: Missing XML comment for publicly visible type or member 'BusinessContextResult.BusinessContextResult(BusinessContext, IReadOnlyList<string>)' [/Users/kady/Masterdom/src/Masterdom.Platform/Masterdom.Platform.csproj]
/Users/kady/Masterdom/src/Masterdom.Platform/BusinessContext/BusinessContextResult.cs(16,28): warning CS1591: Missing XML comment for publicly visible type or member 'BusinessContextResult.Context' [/Users/kady/Masterdom/src/Masterdom.Platform/Masterdom.Platform.csproj]
/Users/kady/Masterdom/src/Masterdom.Platform/BusinessContext/BusinessContextResult.cs(18,34): warning CS1591: Missing XML comment for publicly visible type or member 'BusinessContextResult.Warnings' [/Users/kady/Masterdom/src/Masterdom.Platform/Masterdom.Platform.csproj]
/Users/kady/Masterdom/src/Masterdom.Platform/BusinessContext/BusinessContextValidation.cs(8,24): warning CS1591: Missing XML comment for publicly visible type or member 'BusinessContextValidation.ValidateRequest(BusinessContextRequest, BusinessContextOptions)' [/Users/kady/Masterdom/src/Masterdom.Platform/Masterdom.Platform.csproj]
/Users/kady/Masterdom/src/Masterdom.Platform/BusinessContext/BusinessContextValidation.cs(25,24): warning CS1591: Missing XML comment for publicly visible type or member 'BusinessContextValidation.ValidateProviders(IReadOnlyList<IBusinessContextProvider>)' [/Users/kady/Masterdom/src/Masterdom.Platform/Masterdom.Platform.csproj]
/Users/kady/Masterdom/src/Masterdom.Platform/BusinessContext/BusinessContextValidation.cs(42,24): warning CS1591: Missing XML comment for publicly visible type or member 'BusinessContextValidation.ValidateProviderResult(IBusinessContextProvider, BusinessContextProviderResult)' [/Users/kady/Masterdom/src/Masterdom.Platform/Masterdom.Platform.csproj]
/Users/kady/Masterdom/src/Masterdom.Platform/BusinessContext/BusinessContextValidationException.cs(8,12): warning CS1591: Missing XML comment for publicly visible type or member 'BusinessContextValidationException.BusinessContextValidationException(string)' [/Users/kady/Masterdom/src/Masterdom.Platform/Masterdom.Platform.csproj]
/Users/kady/Masterdom/src/Masterdom.Platform/BusinessContext/BusinessContextVersion.cs(10,42): warning CS1591: Missing XML comment for publicly visible type or member 'BusinessContextVersion.BaselineV1' [/Users/kady/Masterdom/src/Masterdom.Platform/Masterdom.Platform.csproj]
/Users/kady/Masterdom/src/Masterdom.Platform/BusinessContext/BusinessContextVersion.cs(12,28): warning CS1591: Missing XML comment for publicly visible type or member 'BusinessContextVersion.ToString()' [/Users/kady/Masterdom/src/Masterdom.Platform/Masterdom.Platform.csproj]
/Users/kady/Masterdom/src/Masterdom.Platform/BusinessContext/IBusinessContextBuilder.cs(8,27): warning CS1591: Missing XML comment for publicly visible type or member 'IBusinessContextBuilder.Build(BusinessContextRequest)' [/Users/kady/Masterdom/src/Masterdom.Platform/Masterdom.Platform.csproj]
/Users/kady/Masterdom/src/Masterdom.Platform/BusinessContext/IBusinessContextProvider.cs(8,12): warning CS1591: Missing XML comment for publicly visible type or member 'IBusinessContextProvider.Name' [/Users/kady/Masterdom/src/Masterdom.Platform/Masterdom.Platform.csproj]
/Users/kady/Masterdom/src/Masterdom.Platform/BusinessContext/IBusinessContextProvider.cs(10,9): warning CS1591: Missing XML comment for publicly visible type or member 'IBusinessContextProvider.Order' [/Users/kady/Masterdom/src/Masterdom.Platform/Masterdom.Platform.csproj]
/Users/kady/Masterdom/src/Masterdom.Platform/BusinessContext/IBusinessContextProvider.cs(12,9): warning CS1591: Missing XML comment for publicly visible type or member 'IBusinessContextProvider.Priority' [/Users/kady/Masterdom/src/Masterdom.Platform/Masterdom.Platform.csproj]
/Users/kady/Masterdom/src/Masterdom.Platform/BusinessContext/IBusinessContextProvider.cs(14,10): warning CS1591: Missing XML comment for publicly visible type or member 'IBusinessContextProvider.IsOptional' [/Users/kady/Masterdom/src/Masterdom.Platform/Masterdom.Platform.csproj]
/Users/kady/Masterdom/src/Masterdom.Platform/BusinessContext/IBusinessContextProvider.cs(16,35): warning CS1591: Missing XML comment for publicly visible type or member 'IBusinessContextProvider.Provide(BusinessContextRequest)' [/Users/kady/Masterdom/src/Masterdom.Platform/Masterdom.Platform.csproj]
/Users/kady/Masterdom/src/Masterdom.Platform/CalculationEngine/CalculationEngineServiceCollectionExtensions.cs(7,21): warning CS1591: Missing XML comment for publicly visible type or member 'CalculationEngineServiceCollectionExtensions' [/Users/kady/Masterdom/src/Masterdom.Platform/Masterdom.Platform.csproj]
/Users/kady/Masterdom/src/Masterdom.Platform/CalculationEngine/CalculationEngineServiceCollectionExtensions.cs(9,38): warning CS1591: Missing XML comment for publicly visible type or member 'CalculationEngineServiceCollectionExtensions.AddCalculationEngine(IServiceCollection)' [/Users/kady/Masterdom/src/Masterdom.Platform/Masterdom.Platform.csproj]
/Users/kady/Masterdom/src/Masterdom.Platform/CalculationEngine/Contracts/CalculationEngineContracts.cs(6,18): warning CS1591: Missing XML comment for publicly visible type or member 'ICalculationInput' [/Users/kady/Masterdom/src/Masterdom.Platform/Masterdom.Platform.csproj]
/Users/kady/Masterdom/src/Masterdom.Platform/CalculationEngine/Contracts/CalculationEngineContracts.cs(8,42): warning CS1591: Missing XML comment for publicly visible type or member 'ICalculationInput.Values' [/Users/kady/Masterdom/src/Masterdom.Platform/Masterdom.Platform.csproj]
/Users/kady/Masterdom/src/Masterdom.Platform/CalculationEngine/Contracts/CalculationEngineContracts.cs(11,21): warning CS1591: Missing XML comment for publicly visible type or member 'CalculationInput' [/Users/kady/Masterdom/src/Masterdom.Platform/Masterdom.Platform.csproj]
/Users/kady/Masterdom/src/Masterdom.Platform/CalculationEngine/Contracts/CalculationEngineContracts.cs(15,12): warning CS1591: Missing XML comment for publicly visible type or member 'CalculationInput.CalculationInput(IReadOnlyDictionary<string, object?>?)' [/Users/kady/Masterdom/src/Masterdom.Platform/Masterdom.Platform.csproj]
/Users/kady/Masterdom/src/Masterdom.Platform/CalculationEngine/Contracts/CalculationEngineContracts.cs(22,49): warning CS1591: Missing XML comment for publicly visible type or member 'CalculationInput.Values' [/Users/kady/Masterdom/src/Masterdom.Platform/Masterdom.Platform.csproj]
/Users/kady/Masterdom/src/Masterdom.Platform/CalculationEngine/Contracts/CalculationEngineContracts.cs(25,18): warning CS1591: Missing XML comment for publicly visible type or member 'ICalculationOutput' [/Users/kady/Masterdom/src/Masterdom.Platform/Masterdom.Platform.csproj]
/Users/kady/Masterdom/src/Masterdom.Platform/CalculationEngine/Contracts/CalculationEngineContracts.cs(27,42): warning CS1591: Missing XML comment for publicly visible type or member 'ICalculationOutput.Values' [/Users/kady/Masterdom/src/Masterdom.Platform/Masterdom.Platform.csproj]
/Users/kady/Masterdom/src/Masterdom.Platform/CalculationEngine/Contracts/CalculationEngineContracts.cs(30,21): warning CS1591: Missing XML comment for publicly visible type or member 'CalculationOutput' [/Users/kady/Masterdom/src/Masterdom.Platform/Masterdom.Platform.csproj]
/Users/kady/Masterdom/src/Masterdom.Platform/CalculationEngine/Contracts/CalculationEngineContracts.cs(34,12): warning CS1591: Missing XML comment for publicly visible type or member 'CalculationOutput.CalculationOutput(IReadOnlyDictionary<string, object?>?)' [/Users/kady/Masterdom/src/Masterdom.Platform/Masterdom.Platform.csproj]
/Users/kady/Masterdom/src/Masterdom.Platform/CalculationEngine/Contracts/CalculationEngineContracts.cs(41,49): warning CS1591: Missing XML comment for publicly visible type or member 'CalculationOutput.Values' [/Users/kady/Masterdom/src/Masterdom.Platform/Masterdom.Platform.csproj]
/Users/kady/Masterdom/src/Masterdom.Platform/CalculationEngine/Contracts/CalculationEngineContracts.cs(44,18): warning CS1591: Missing XML comment for publicly visible type or member 'ICalculationContext' [/Users/kady/Masterdom/src/Masterdom.Platform/Masterdom.Platform.csproj]
/Users/kady/Masterdom/src/Masterdom.Platform/CalculationEngine/Contracts/CalculationEngineContracts.cs(46,14): warning CS1591: Missing XML comment for publicly visible type or member 'ICalculationContext.EffectiveDateUtc' [/Users/kady/Masterdom/src/Masterdom.Platform/Masterdom.Platform.csproj]
/Users/kady/Masterdom/src/Masterdom.Platform/CalculationEngine/Contracts/CalculationEngineContracts.cs(48,41): warning CS1591: Missing XML comment for publicly visible type or member 'ICalculationContext.ConfigurationSnapshots' [/Users/kady/Masterdom/src/Masterdom.Platform/Masterdom.Platform.csproj]
/Users/kady/Masterdom/src/Masterdom.Platform/CalculationEngine/Contracts/CalculationEngineContracts.cs(50,41): warning CS1591: Missing XML comment for publicly visible type or member 'ICalculationContext.StrategyIdentifiers' [/Users/kady/Masterdom/src/Masterdom.Platform/Masterdom.Platform.csproj]
/Users/kady/Masterdom/src/Masterdom.Platform/CalculationEngine/Contracts/CalculationEngineContracts.cs(52,41): warning CS1591: Missing XML comment for publicly visible type or member 'ICalculationContext.CallerMetadata' [/Users/kady/Masterdom/src/Masterdom.Platform/Masterdom.Platform.csproj]
/Users/kady/Masterdom/src/Masterdom.Platform/CalculationEngine/Contracts/CalculationEngineContracts.cs(55,21): warning CS1591: Missing XML comment for publicly visible type or member 'CalculationContext' [/Users/kady/Masterdom/src/Masterdom.Platform/Masterdom.Platform.csproj]
/Users/kady/Masterdom/src/Masterdom.Platform/CalculationEngine/Contracts/CalculationEngineContracts.cs(61,12): warning CS1591: Missing XML comment for publicly visible type or member 'CalculationContext.CalculationContext(DateTime, IReadOnlyDictionary<string, string>?, IReadOnlyDictionary<string, string>?, IReadOnlyDictionary<string, string>?)' [/Users/kady/Masterdom/src/Masterdom.Platform/Masterdom.Platform.csproj]
/Users/kady/Masterdom/src/Masterdom.Platform/CalculationEngine/Contracts/CalculationEngineContracts.cs(84,21): warning CS1591: Missing XML comment for publicly visible type or member 'CalculationContext.EffectiveDateUtc' [/Users/kady/Masterdom/src/Masterdom.Platform/Masterdom.Platform.csproj]
/Users/kady/Masterdom/src/Masterdom.Platform/CalculationEngine/Contracts/CalculationEngineContracts.cs(86,48): warning CS1591: Missing XML comment for publicly visible type or member 'CalculationContext.ConfigurationSnapshots' [/Users/kady/Masterdom/src/Masterdom.Platform/Masterdom.Platform.csproj]
/Users/kady/Masterdom/src/Masterdom.Platform/CalculationEngine/Contracts/CalculationEngineContracts.cs(88,48): warning CS1591: Missing XML comment for publicly visible type or member 'CalculationContext.StrategyIdentifiers' [/Users/kady/Masterdom/src/Masterdom.Platform/Masterdom.Platform.csproj]
/Users/kady/Masterdom/src/Masterdom.Platform/CalculationEngine/Contracts/CalculationEngineContracts.cs(90,48): warning CS1591: Missing XML comment for publicly visible type or member 'CalculationContext.CallerMetadata' [/Users/kady/Masterdom/src/Masterdom.Platform/Masterdom.Platform.csproj]
/Users/kady/Masterdom/src/Masterdom.Platform/CalculationEngine/Contracts/CalculationEngineContracts.cs(93,18): warning CS1591: Missing XML comment for publicly visible type or member 'ICalculationRequest' [/Users/kady/Masterdom/src/Masterdom.Platform/Masterdom.Platform.csproj]
/Users/kady/Masterdom/src/Masterdom.Platform/CalculationEngine/Contracts/CalculationEngineContracts.cs(95,38): warning CS1591: Missing XML comment for publicly visible type or member 'ICalculationRequest.OperationId' [/Users/kady/Masterdom/src/Masterdom.Platform/Masterdom.Platform.csproj]
/Users/kady/Masterdom/src/Masterdom.Platform/CalculationEngine/Contracts/CalculationEngineContracts.cs(97,25): warning CS1591: Missing XML comment for publicly visible type or member 'ICalculationRequest.Context' [/Users/kady/Masterdom/src/Masterdom.Platform/Masterdom.Platform.csproj]
/Users/kady/Masterdom/src/Masterdom.Platform/CalculationEngine/Contracts/CalculationEngineContracts.cs(99,23): warning CS1591: Missing XML comment for publicly visible type or member 'ICalculationRequest.Input' [/Users/kady/Masterdom/src/Masterdom.Platform/Masterdom.Platform.csproj]
/Users/kady/Masterdom/src/Masterdom.Platform/CalculationEngine/Contracts/CalculationEngineContracts.cs(102,21): warning CS1591: Missing XML comment for publicly visible type or member 'CalculationRequest' [/Users/kady/Masterdom/src/Masterdom.Platform/Masterdom.Platform.csproj]
/Users/kady/Masterdom/src/Masterdom.Platform/CalculationEngine/Contracts/CalculationEngineContracts.cs(104,12): warning CS1591: Missing XML comment for publicly visible type or member 'CalculationRequest.CalculationRequest(CalculationOperationDescriptorId, ICalculationContext, ICalculationInput)' [/Users/kady/Masterdom/src/Masterdom.Platform/Masterdom.Platform.csproj]
/Users/kady/Masterdom/src/Masterdom.Platform/CalculationEngine/Contracts/CalculationEngineContracts.cs(114,45): warning CS1591: Missing XML comment for publicly visible type or member 'CalculationRequest.OperationId' [/Users/kady/Masterdom/src/Masterdom.Platform/Masterdom.Platform.csproj]
/Users/kady/Masterdom/src/Masterdom.Platform/CalculationEngine/Contracts/CalculationEngineContracts.cs(116,32): warning CS1591: Missing XML comment for publicly visible type or member 'CalculationRequest.Context' [/Users/kady/Masterdom/src/Masterdom.Platform/Masterdom.Platform.csproj]
/Users/kady/Masterdom/src/Masterdom.Platform/CalculationEngine/Contracts/CalculationEngineContracts.cs(118,30): warning CS1591: Missing XML comment for publicly visible type or member 'CalculationRequest.Input' [/Users/kady/Masterdom/src/Masterdom.Platform/Masterdom.Platform.csproj]
/Users/kady/Masterdom/src/Masterdom.Platform/CalculationEngine/Contracts/CalculationEngineContracts.cs(121,18): warning CS1591: Missing XML comment for publicly visible type or member 'ICalculationExecutionMetadata' [/Users/kady/Masterdom/src/Masterdom.Platform/Masterdom.Platform.csproj]
/Users/kady/Masterdom/src/Masterdom.Platform/CalculationEngine/Contracts/CalculationEngineContracts.cs(123,38): warning CS1591: Missing XML comment for publicly visible type or member 'ICalculationExecutionMetadata.OperationId' [/Users/kady/Masterdom/src/Masterdom.Platform/Masterdom.Platform.csproj]
/Users/kady/Masterdom/src/Masterdom.Platform/CalculationEngine/Contracts/CalculationEngineContracts.cs(125,33): warning CS1591: Missing XML comment for publicly visible type or member 'ICalculationExecutionMetadata.DescriptorVersion' [/Users/kady/Masterdom/src/Masterdom.Platform/Masterdom.Platform.csproj]
/Users/kady/Masterdom/src/Masterdom.Platform/CalculationEngine/Contracts/CalculationEngineContracts.cs(127,14): warning CS1591: Missing XML comment for publicly visible type or member 'ICalculationExecutionMetadata.ExecutionTimestampUtc' [/Users/kady/Masterdom/src/Masterdom.Platform/Masterdom.Platform.csproj]
/Users/kady/Masterdom/src/Masterdom.Platform/CalculationEngine/Contracts/CalculationEngineContracts.cs(129,14): warning CS1591: Missing XML comment for publicly visible type or member 'ICalculationExecutionMetadata.ExecutionDuration' [/Users/kady/Masterdom/src/Masterdom.Platform/Masterdom.Platform.csproj]
/Users/kady/Masterdom/src/Masterdom.Platform/CalculationEngine/Contracts/CalculationEngineContracts.cs(131,38): warning CS1591: Missing XML comment for publicly visible type or member 'ICalculationExecutionMetadata.CapabilityId' [/Users/kady/Masterdom/src/Masterdom.Platform/Masterdom.Platform.csproj]
/Users/kady/Masterdom/src/Masterdom.Platform/CalculationEngine/Contracts/CalculationEngineContracts.cs(133,44): warning CS1591: Missing XML comment for publicly visible type or member 'ICalculationExecutionMetadata.CapabilityCategory' [/Users/kady/Masterdom/src/Masterdom.Platform/Masterdom.Platform.csproj]
/Users/kady/Masterdom/src/Masterdom.Platform/CalculationEngine/Contracts/CalculationEngineContracts.cs(135,45): warning CS1591: Missing XML comment for publicly visible type or member 'ICalculationExecutionMetadata.CompatibilityStatus' [/Users/kady/Masterdom/src/Masterdom.Platform/Masterdom.Platform.csproj]
/Users/kady/Masterdom/src/Masterdom.Platform/CalculationEngine/Contracts/CalculationEngineContracts.cs(138,21): warning CS1591: Missing XML comment for publicly visible type or member 'CalculationExecutionMetadata' [/Users/kady/Masterdom/src/Masterdom.Platform/Masterdom.Platform.csproj]
/Users/kady/Masterdom/src/Masterdom.Platform/CalculationEngine/Contracts/CalculationEngineContracts.cs(140,12): warning CS1591: Missing XML comment for publicly visible type or member 'CalculationExecutionMetadata.CalculationExecutionMetadata(CalculationOperationDescriptorId, CalculationOperationVersion, DateTime, TimeSpan, CalculationOperationCapabilityId, CalculationOperationCapabilityCategory, CalculationOperationCompatibilityStatus)' [/Users/kady/Masterdom/src/Masterdom.Platform/Masterdom.Platform.csproj]
/Users/kady/Masterdom/src/Masterdom.Platform/CalculationEngine/Contracts/CalculationEngineContracts.cs(169,45): warning CS1591: Missing XML comment for publicly visible type or member 'CalculationExecutionMetadata.OperationId' [/Users/kady/Masterdom/src/Masterdom.Platform/Masterdom.Platform.csproj]
/Users/kady/Masterdom/src/Masterdom.Platform/CalculationEngine/Contracts/CalculationEngineContracts.cs(171,40): warning CS1591: Missing XML comment for publicly visible type or member 'CalculationExecutionMetadata.DescriptorVersion' [/Users/kady/Masterdom/src/Masterdom.Platform/Masterdom.Platform.csproj]
/Users/kady/Masterdom/src/Masterdom.Platform/CalculationEngine/Contracts/CalculationEngineContracts.cs(173,21): warning CS1591: Missing XML comment for publicly visible type or member 'CalculationExecutionMetadata.ExecutionTimestampUtc' [/Users/kady/Masterdom/src/Masterdom.Platform/Masterdom.Platform.csproj]
/Users/kady/Masterdom/src/Masterdom.Platform/CalculationEngine/Contracts/CalculationEngineContracts.cs(175,21): warning CS1591: Missing XML comment for publicly visible type or member 'CalculationExecutionMetadata.ExecutionDuration' [/Users/kady/Masterdom/src/Masterdom.Platform/Masterdom.Platform.csproj]
/Users/kady/Masterdom/src/Masterdom.Platform/CalculationEngine/Contracts/CalculationEngineContracts.cs(177,45): warning CS1591: Missing XML comment for publicly visible type or member 'CalculationExecutionMetadata.CapabilityId' [/Users/kady/Masterdom/src/Masterdom.Platform/Masterdom.Platform.csproj]
/Users/kady/Masterdom/src/Masterdom.Platform/CalculationEngine/Contracts/CalculationEngineContracts.cs(179,51): warning CS1591: Missing XML comment for publicly visible type or member 'CalculationExecutionMetadata.CapabilityCategory' [/Users/kady/Masterdom/src/Masterdom.Platform/Masterdom.Platform.csproj]
/Users/kady/Masterdom/src/Masterdom.Platform/CalculationEngine/Contracts/CalculationEngineContracts.cs(181,52): warning CS1591: Missing XML comment for publicly visible type or member 'CalculationExecutionMetadata.CompatibilityStatus' [/Users/kady/Masterdom/src/Masterdom.Platform/Masterdom.Platform.csproj]
/Users/kady/Masterdom/src/Masterdom.Platform/CalculationEngine/Contracts/CalculationEngineContracts.cs(184,18): warning CS1591: Missing XML comment for publicly visible type or member 'ICalculationResult' [/Users/kady/Masterdom/src/Masterdom.Platform/Masterdom.Platform.csproj]
/Users/kady/Masterdom/src/Masterdom.Platform/CalculationEngine/Contracts/CalculationEngineContracts.cs(186,24): warning CS1591: Missing XML comment for publicly visible type or member 'ICalculationResult.Output' [/Users/kady/Masterdom/src/Masterdom.Platform/Masterdom.Platform.csproj]
/Users/kady/Masterdom/src/Masterdom.Platform/CalculationEngine/Contracts/CalculationEngineContracts.cs(188,35): warning CS1591: Missing XML comment for publicly visible type or member 'ICalculationResult.ExecutionMetadata' [/Users/kady/Masterdom/src/Masterdom.Platform/Masterdom.Platform.csproj]
/Users/kady/Masterdom/src/Masterdom.Platform/CalculationEngine/Contracts/CalculationEngineContracts.cs(191,21): warning CS1591: Missing XML comment for publicly visible type or member 'CalculationResult' [/Users/kady/Masterdom/src/Masterdom.Platform/Masterdom.Platform.csproj]
/Users/kady/Masterdom/src/Masterdom.Platform/CalculationEngine/Contracts/CalculationEngineContracts.cs(193,12): warning CS1591: Missing XML comment for publicly visible type or member 'CalculationResult.CalculationResult(ICalculationOutput, ICalculationExecutionMetadata)' [/Users/kady/Masterdom/src/Masterdom.Platform/Masterdom.Platform.csproj]
/Users/kady/Masterdom/src/Masterdom.Platform/CalculationEngine/Contracts/CalculationEngineContracts.cs(199,31): warning CS1591: Missing XML comment for publicly visible type or member 'CalculationResult.Output' [/Users/kady/Masterdom/src/Masterdom.Platform/Masterdom.Platform.csproj]
/Users/kady/Masterdom/src/Masterdom.Platform/CalculationEngine/Contracts/CalculationEngineContracts.cs(201,42): warning CS1591: Missing XML comment for publicly visible type or member 'CalculationResult.ExecutionMetadata' [/Users/kady/Masterdom/src/Masterdom.Platform/Masterdom.Platform.csproj]
/Users/kady/Masterdom/src/Masterdom.Platform/CalculationEngine/Contracts/CalculationEngineContracts.cs(204,18): warning CS1591: Missing XML comment for publicly visible type or member 'ICalculationOperation' [/Users/kady/Masterdom/src/Masterdom.Platform/Masterdom.Platform.csproj]
/Users/kady/Masterdom/src/Masterdom.Platform/CalculationEngine/Contracts/CalculationEngineContracts.cs(206,24): warning CS1591: Missing XML comment for publicly visible type or member 'ICalculationOperation.Execute(ICalculationRequest)' [/Users/kady/Masterdom/src/Masterdom.Platform/Masterdom.Platform.csproj]
/Users/kady/Masterdom/src/Masterdom.Platform/CalculationEngine/Contracts/CalculationEngineContracts.cs(209,18): warning CS1591: Missing XML comment for publicly visible type or member 'ICalculationPrimitive' [/Users/kady/Masterdom/src/Masterdom.Platform/Masterdom.Platform.csproj]
/Users/kady/Masterdom/src/Masterdom.Platform/CalculationEngine/Contracts/CalculationEngineContracts.cs(213,18): warning CS1591: Missing XML comment for publicly visible type or member 'ICalculationComposite' [/Users/kady/Masterdom/src/Masterdom.Platform/Masterdom.Platform.csproj]
/Users/kady/Masterdom/src/Masterdom.Platform/CalculationEngine/Contracts/CalculationEngineContracts.cs(217,18): warning CS1591: Missing XML comment for publicly visible type or member 'ICalculationEngine' [/Users/kady/Masterdom/src/Masterdom.Platform/Masterdom.Platform.csproj]
/Users/kady/Masterdom/src/Masterdom.Platform/CalculationEngine/Contracts/CalculationEngineContracts.cs(219,24): warning CS1591: Missing XML comment for publicly visible type or member 'ICalculationEngine.Execute(ICalculationRequest)' [/Users/kady/Masterdom/src/Masterdom.Platform/Masterdom.Platform.csproj]
/Users/kady/Masterdom/src/Masterdom.Platform/CalculationEngine/Contracts/CalculationEngineContracts.cs(222,18): warning CS1591: Missing XML comment for publicly visible type or member 'ICalculationRuntime' [/Users/kady/Masterdom/src/Masterdom.Platform/Masterdom.Platform.csproj]
/Users/kady/Masterdom/src/Masterdom.Platform/CalculationEngine/Contracts/CalculationEngineContracts.cs(224,24): warning CS1591: Missing XML comment for publicly visible type or member 'ICalculationRuntime.Execute(CalculationRuntimeRequest)' [/Users/kady/Masterdom/src/Masterdom.Platform/Masterdom.Platform.csproj]
/Users/kady/Masterdom/src/Masterdom.Platform/CalculationEngine/Contracts/CalculationEngineContracts.cs(227,31): warning CS1591: Missing XML comment for publicly visible type or member 'CalculationCapabilityId' [/Users/kady/Masterdom/src/Masterdom.Platform/Masterdom.Platform.csproj]
/Users/kady/Masterdom/src/Masterdom.Platform/CalculationEngine/Contracts/CalculationEngineContracts.cs(234,19): warning CS1591: Missing XML comment for publicly visible type or member 'CalculationCapabilityId.Value' [/Users/kady/Masterdom/src/Masterdom.Platform/Masterdom.Platform.csproj]
/Users/kady/Masterdom/src/Masterdom.Platform/CalculationEngine/Contracts/CalculationEngineContracts.cs(236,43): warning CS1591: Missing XML comment for publicly visible type or member 'CalculationCapabilityId.Create(string)' [/Users/kady/Masterdom/src/Masterdom.Platform/Masterdom.Platform.csproj]
/Users/kady/Masterdom/src/Masterdom.Platform/CalculationEngine/Contracts/CalculationEngineContracts.cs(247,21): warning CS1591: Missing XML comment for publicly visible type or member 'CalculationRuntimeRequest' [/Users/kady/Masterdom/src/Masterdom.Platform/Masterdom.Platform.csproj]
/Users/kady/Masterdom/src/Masterdom.Platform/CalculationEngine/Contracts/CalculationEngineContracts.cs(249,12): warning CS1591: Missing XML comment for publicly visible type or member 'CalculationRuntimeRequest.CalculationRuntimeRequest(CalculationCapabilityId, ICalculationContext, ICalculationInput)' [/Users/kady/Masterdom/src/Masterdom.Platform/Masterdom.Platform.csproj]
/Users/kady/Masterdom/src/Masterdom.Platform/CalculationEngine/Contracts/CalculationEngineContracts.cs(264,36): warning CS1591: Missing XML comment for publicly visible type or member 'CalculationRuntimeRequest.CapabilityId' [/Users/kady/Masterdom/src/Masterdom.Platform/Masterdom.Platform.csproj]
/Users/kady/Masterdom/src/Masterdom.Platform/CalculationEngine/Contracts/CalculationEngineContracts.cs(266,32): warning CS1591: Missing XML comment for publicly visible type or member 'CalculationRuntimeRequest.Context' [/Users/kady/Masterdom/src/Masterdom.Platform/Masterdom.Platform.csproj]
/Users/kady/Masterdom/src/Masterdom.Platform/CalculationEngine/Contracts/CalculationEngineContracts.cs(268,30): warning CS1591: Missing XML comment for publicly visible type or member 'CalculationRuntimeRequest.Input' [/Users/kady/Masterdom/src/Masterdom.Platform/Masterdom.Platform.csproj]
/Users/kady/Masterdom/src/Masterdom.Platform/CalculationEngine/Contracts/CalculationEngineContracts.cs(271,18): warning CS1591: Missing XML comment for publicly visible type or member 'ICalculationRegistry' [/Users/kady/Masterdom/src/Masterdom.Platform/Masterdom.Platform.csproj]
/Users/kady/Masterdom/src/Masterdom.Platform/CalculationEngine/Contracts/CalculationEngineContracts.cs(273,10): warning CS1591: Missing XML comment for publicly visible type or member 'ICalculationRegistry.TryResolve(CalculationOperationDescriptorId, out ICalculationOperation)' [/Users/kady/Masterdom/src/Masterdom.Platform/Masterdom.Platform.csproj]
/Users/kady/Masterdom/src/Masterdom.Platform/CalculationEngine/Contracts/CalculationEngineContracts.cs(275,10): warning CS1591: Missing XML comment for publicly visible type or member 'ICalculationRegistry.TryResolve(CalculationOperationCapabilityId, out ICalculationOperation)' [/Users/kady/Masterdom/src/Masterdom.Platform/Masterdom.Platform.csproj]
/Users/kady/Masterdom/src/Masterdom.Platform/CalculationEngine/Metadata/CalculationOperationCapabilityCategory.cs(3,13): warning CS1591: Missing XML comment for publicly visible type or member 'CalculationOperationCapabilityCategory' [/Users/kady/Masterdom/src/Masterdom.Platform/Masterdom.Platform.csproj]
/Users/kady/Masterdom/src/Masterdom.Platform/CalculationEngine/Metadata/CalculationOperationCapabilityCategory.cs(5,5): warning CS1591: Missing XML comment for publicly visible type or member 'CalculationOperationCapabilityCategory.Unspecified' [/Users/kady/Masterdom/src/Masterdom.Platform/Masterdom.Platform.csproj]
/Users/kady/Masterdom/src/Masterdom.Platform/CalculationEngine/Metadata/CalculationOperationCapabilityCategory.cs(6,5): warning CS1591: Missing XML comment for publicly visible type or member 'CalculationOperationCapabilityCategory.Aggregation' [/Users/kady/Masterdom/src/Masterdom.Platform/Masterdom.Platform.csproj]
/Users/kady/Masterdom/src/Masterdom.Platform/CalculationEngine/Metadata/CalculationOperationCapabilityCategory.cs(7,5): warning CS1591: Missing XML comment for publicly visible type or member 'CalculationOperationCapabilityCategory.Normalization' [/Users/kady/Masterdom/src/Masterdom.Platform/Masterdom.Platform.csproj]
/Users/kady/Masterdom/src/Masterdom.Platform/CalculationEngine/Metadata/CalculationOperationCapabilityCategory.cs(8,5): warning CS1591: Missing XML comment for publicly visible type or member 'CalculationOperationCapabilityCategory.Interpolation' [/Users/kady/Masterdom/src/Masterdom.Platform/Masterdom.Platform.csproj]
/Users/kady/Masterdom/src/Masterdom.Platform/CalculationEngine/Metadata/CalculationOperationCapabilityCategory.cs(9,5): warning CS1591: Missing XML comment for publicly visible type or member 'CalculationOperationCapabilityCategory.Projection' [/Users/kady/Masterdom/src/Masterdom.Platform/Masterdom.Platform.csproj]
/Users/kady/Masterdom/src/Masterdom.Platform/CalculationEngine/Metadata/CalculationOperationCapabilityCategory.cs(10,5): warning CS1591: Missing XML comment for publicly visible type or member 'CalculationOperationCapabilityCategory.Statistics' [/Users/kady/Masterdom/src/Masterdom.Platform/Masterdom.Platform.csproj]
/Users/kady/Masterdom/src/Masterdom.Platform/CalculationEngine/Metadata/CalculationOperationCapabilityCategory.cs(11,5): warning CS1591: Missing XML comment for publicly visible type or member 'CalculationOperationCapabilityCategory.Scoring' [/Users/kady/Masterdom/src/Masterdom.Platform/Masterdom.Platform.csproj]
/Users/kady/Masterdom/src/Masterdom.Platform/CalculationEngine/Metadata/CalculationOperationCapabilityCategory.cs(12,5): warning CS1591: Missing XML comment for publicly visible type or member 'CalculationOperationCapabilityCategory.Ranking' [/Users/kady/Masterdom/src/Masterdom.Platform/Masterdom.Platform.csproj]
/Users/kady/Masterdom/src/Masterdom.Platform/CalculationEngine/Metadata/CalculationOperationCapabilityCategory.cs(13,5): warning CS1591: Missing XML comment for publicly visible type or member 'CalculationOperationCapabilityCategory.Transformation' [/Users/kady/Masterdom/src/Masterdom.Platform/Masterdom.Platform.csproj]
/Users/kady/Masterdom/src/Masterdom.Platform/CalculationEngine/Metadata/CalculationOperationCapabilityCategory.cs(14,5): warning CS1591: Missing XML comment for publicly visible type or member 'CalculationOperationCapabilityCategory.Validation' [/Users/kady/Masterdom/src/Masterdom.Platform/Masterdom.Platform.csproj]
/Users/kady/Masterdom/src/Masterdom.Platform/CalculationEngine/Metadata/CalculationOperationCapabilityId.cs(3,21): warning CS1591: Missing XML comment for publicly visible type or member 'CalculationOperationCapabilityId' [/Users/kady/Masterdom/src/Masterdom.Platform/Masterdom.Platform.csproj]
/Users/kady/Masterdom/src/Masterdom.Platform/CalculationEngine/Metadata/CalculationOperationCapabilityId.cs(10,19): warning CS1591: Missing XML comment for publicly visible type or member 'CalculationOperationCapabilityId.Value' [/Users/kady/Masterdom/src/Masterdom.Platform/Masterdom.Platform.csproj]
/Users/kady/Masterdom/src/Masterdom.Platform/CalculationEngine/Metadata/CalculationOperationCapabilityId.cs(12,52): warning CS1591: Missing XML comment for publicly visible type or member 'CalculationOperationCapabilityId.Create(string)' [/Users/kady/Masterdom/src/Masterdom.Platform/Masterdom.Platform.csproj]
/Users/kady/Masterdom/src/Masterdom.Platform/CalculationEngine/Metadata/CalculationOperationCapabilityId.cs(22,17): warning CS1591: Missing XML comment for publicly visible type or member 'CalculationOperationCapabilityId.IsDefault' [/Users/kady/Masterdom/src/Masterdom.Platform/Masterdom.Platform.csproj]
/Users/kady/Masterdom/src/Masterdom.Platform/CalculationEngine/Metadata/CalculationOperationCapabilityId.cs(24,17): warning CS1591: Missing XML comment for publicly visible type or member 'CalculationOperationCapabilityId.Equals(CalculationOperationCapabilityId?)' [/Users/kady/Masterdom/src/Masterdom.Platform/Masterdom.Platform.csproj]
/Users/kady/Masterdom/src/Masterdom.Platform/CalculationEngine/Metadata/CalculationOperationCapabilityId.cs(29,26): warning CS1591: Missing XML comment for publicly visible type or member 'CalculationOperationCapabilityId.Equals(object?)' [/Users/kady/Masterdom/src/Masterdom.Platform/Masterdom.Platform.csproj]
/Users/kady/Masterdom/src/Masterdom.Platform/CalculationEngine/Metadata/CalculationOperationCapabilityId.cs(34,25): warning CS1591: Missing XML comment for publicly visible type or member 'CalculationOperationCapabilityId.GetHashCode()' [/Users/kady/Masterdom/src/Masterdom.Platform/Masterdom.Platform.csproj]
/Users/kady/Masterdom/src/Masterdom.Platform/CalculationEngine/Metadata/CalculationOperationCapabilityId.cs(39,28): warning CS1591: Missing XML comment for publicly visible type or member 'CalculationOperationCapabilityId.ToString()' [/Users/kady/Masterdom/src/Masterdom.Platform/Masterdom.Platform.csproj]
/Users/kady/Masterdom/src/Masterdom.Platform/CalculationEngine/Metadata/CalculationOperationCategory.cs(3,13): warning CS1591: Missing XML comment for publicly visible type or member 'CalculationOperationCategory' [/Users/kady/Masterdom/src/Masterdom.Platform/Masterdom.Platform.csproj]
/Users/kady/Masterdom/src/Masterdom.Platform/CalculationEngine/Metadata/CalculationOperationCategory.cs(5,5): warning CS1591: Missing XML comment for publicly visible type or member 'CalculationOperationCategory.Unspecified' [/Users/kady/Masterdom/src/Masterdom.Platform/Masterdom.Platform.csproj]
/Users/kady/Masterdom/src/Masterdom.Platform/CalculationEngine/Metadata/CalculationOperationCategory.cs(6,5): warning CS1591: Missing XML comment for publicly visible type or member 'CalculationOperationCategory.Primitive' [/Users/kady/Masterdom/src/Masterdom.Platform/Masterdom.Platform.csproj]
/Users/kady/Masterdom/src/Masterdom.Platform/CalculationEngine/Metadata/CalculationOperationCategory.cs(7,5): warning CS1591: Missing XML comment for publicly visible type or member 'CalculationOperationCategory.Composite' [/Users/kady/Masterdom/src/Masterdom.Platform/Masterdom.Platform.csproj]
/Users/kady/Masterdom/src/Masterdom.Platform/CalculationEngine/Metadata/CalculationOperationCompatibilityStatus.cs(3,13): warning CS1591: Missing XML comment for publicly visible type or member 'CalculationOperationCompatibilityStatus' [/Users/kady/Masterdom/src/Masterdom.Platform/Masterdom.Platform.csproj]
/Users/kady/Masterdom/src/Masterdom.Platform/CalculationEngine/Metadata/CalculationOperationCompatibilityStatus.cs(5,5): warning CS1591: Missing XML comment for publicly visible type or member 'CalculationOperationCompatibilityStatus.Unspecified' [/Users/kady/Masterdom/src/Masterdom.Platform/Masterdom.Platform.csproj]
/Users/kady/Masterdom/src/Masterdom.Platform/CalculationEngine/Metadata/CalculationOperationCompatibilityStatus.cs(6,5): warning CS1591: Missing XML comment for publicly visible type or member 'CalculationOperationCompatibilityStatus.Supported' [/Users/kady/Masterdom/src/Masterdom.Platform/Masterdom.Platform.csproj]
/Users/kady/Masterdom/src/Masterdom.Platform/CalculationEngine/Metadata/CalculationOperationCompatibilityStatus.cs(7,5): warning CS1591: Missing XML comment for publicly visible type or member 'CalculationOperationCompatibilityStatus.Deprecated' [/Users/kady/Masterdom/src/Masterdom.Platform/Masterdom.Platform.csproj]
/Users/kady/Masterdom/src/Masterdom.Platform/CalculationEngine/Metadata/CalculationOperationCompatibilityStatus.cs(8,5): warning CS1591: Missing XML comment for publicly visible type or member 'CalculationOperationCompatibilityStatus.Obsolete' [/Users/kady/Masterdom/src/Masterdom.Platform/Masterdom.Platform.csproj]
/Users/kady/Masterdom/src/Masterdom.Platform/CalculationEngine/Metadata/CalculationOperationCompatibilityStatus.cs(9,5): warning CS1591: Missing XML comment for publicly visible type or member 'CalculationOperationCompatibilityStatus.Experimental' [/Users/kady/Masterdom/src/Masterdom.Platform/Masterdom.Platform.csproj]
/Users/kady/Masterdom/src/Masterdom.Platform/CalculationEngine/Metadata/CalculationOperationCompositionLevel.cs(3,13): warning CS1591: Missing XML comment for publicly visible type or member 'CalculationOperationCompositionLevel' [/Users/kady/Masterdom/src/Masterdom.Platform/Masterdom.Platform.csproj]
/Users/kady/Masterdom/src/Masterdom.Platform/CalculationEngine/Metadata/CalculationOperationCompositionLevel.cs(5,5): warning CS1591: Missing XML comment for publicly visible type or member 'CalculationOperationCompositionLevel.Unspecified' [/Users/kady/Masterdom/src/Masterdom.Platform/Masterdom.Platform.csproj]
/Users/kady/Masterdom/src/Masterdom.Platform/CalculationEngine/Metadata/CalculationOperationCompositionLevel.cs(6,5): warning CS1591: Missing XML comment for publicly visible type or member 'CalculationOperationCompositionLevel.Primitive' [/Users/kady/Masterdom/src/Masterdom.Platform/Masterdom.Platform.csproj]
/Users/kady/Masterdom/src/Masterdom.Platform/CalculationEngine/Metadata/CalculationOperationCompositionLevel.cs(7,5): warning CS1591: Missing XML comment for publicly visible type or member 'CalculationOperationCompositionLevel.Composite' [/Users/kady/Masterdom/src/Masterdom.Platform/Masterdom.Platform.csproj]
/Users/kady/Masterdom/src/Masterdom.Platform/CalculationEngine/Metadata/CalculationOperationCompositionLevel.cs(8,5): warning CS1591: Missing XML comment for publicly visible type or member 'CalculationOperationCompositionLevel.Workflow' [/Users/kady/Masterdom/src/Masterdom.Platform/Masterdom.Platform.csproj]
/Users/kady/Masterdom/src/Masterdom.Platform/CalculationEngine/Metadata/CalculationOperationDescriptorId.cs(3,21): warning CS1591: Missing XML comment for publicly visible type or member 'CalculationOperationDescriptorId' [/Users/kady/Masterdom/src/Masterdom.Platform/Masterdom.Platform.csproj]
/Users/kady/Masterdom/src/Masterdom.Platform/CalculationEngine/Metadata/CalculationOperationDescriptorId.cs(10,19): warning CS1591: Missing XML comment for publicly visible type or member 'CalculationOperationDescriptorId.Value' [/Users/kady/Masterdom/src/Masterdom.Platform/Masterdom.Platform.csproj]
/Users/kady/Masterdom/src/Masterdom.Platform/CalculationEngine/Metadata/CalculationOperationDescriptorId.cs(12,52): warning CS1591: Missing XML comment for publicly visible type or member 'CalculationOperationDescriptorId.Create(string)' [/Users/kady/Masterdom/src/Masterdom.Platform/Masterdom.Platform.csproj]
/Users/kady/Masterdom/src/Masterdom.Platform/CalculationEngine/Metadata/CalculationOperationDescriptorId.cs(22,17): warning CS1591: Missing XML comment for publicly visible type or member 'CalculationOperationDescriptorId.IsDefault' [/Users/kady/Masterdom/src/Masterdom.Platform/Masterdom.Platform.csproj]
/Users/kady/Masterdom/src/Masterdom.Platform/CalculationEngine/Metadata/CalculationOperationDescriptorId.cs(24,17): warning CS1591: Missing XML comment for publicly visible type or member 'CalculationOperationDescriptorId.Equals(CalculationOperationDescriptorId?)' [/Users/kady/Masterdom/src/Masterdom.Platform/Masterdom.Platform.csproj]
/Users/kady/Masterdom/src/Masterdom.Platform/CalculationEngine/Metadata/CalculationOperationDescriptorId.cs(29,26): warning CS1591: Missing XML comment for publicly visible type or member 'CalculationOperationDescriptorId.Equals(object?)' [/Users/kady/Masterdom/src/Masterdom.Platform/Masterdom.Platform.csproj]
/Users/kady/Masterdom/src/Masterdom.Platform/CalculationEngine/Metadata/CalculationOperationDescriptorId.cs(34,25): warning CS1591: Missing XML comment for publicly visible type or member 'CalculationOperationDescriptorId.GetHashCode()' [/Users/kady/Masterdom/src/Masterdom.Platform/Masterdom.Platform.csproj]
/Users/kady/Masterdom/src/Masterdom.Platform/CalculationEngine/Metadata/CalculationOperationDescriptorId.cs(39,28): warning CS1591: Missing XML comment for publicly visible type or member 'CalculationOperationDescriptorId.ToString()' [/Users/kady/Masterdom/src/Masterdom.Platform/Masterdom.Platform.csproj]
/Users/kady/Masterdom/src/Masterdom.Platform/CalculationEngine/Metadata/CalculationOperationDeterminism.cs(3,13): warning CS1591: Missing XML comment for publicly visible type or member 'CalculationOperationDeterminism' [/Users/kady/Masterdom/src/Masterdom.Platform/Masterdom.Platform.csproj]
/Users/kady/Masterdom/src/Masterdom.Platform/CalculationEngine/Metadata/CalculationOperationDeterminism.cs(5,5): warning CS1591: Missing XML comment for publicly visible type or member 'CalculationOperationDeterminism.Unspecified' [/Users/kady/Masterdom/src/Masterdom.Platform/Masterdom.Platform.csproj]
/Users/kady/Masterdom/src/Masterdom.Platform/CalculationEngine/Metadata/CalculationOperationDeterminism.cs(6,5): warning CS1591: Missing XML comment for publicly visible type or member 'CalculationOperationDeterminism.Deterministic' [/Users/kady/Masterdom/src/Masterdom.Platform/Masterdom.Platform.csproj]
/Users/kady/Masterdom/src/Masterdom.Platform/CalculationEngine/Metadata/CalculationOperationDeterminism.cs(7,5): warning CS1591: Missing XML comment for publicly visible type or member 'CalculationOperationDeterminism.NonDeterministic' [/Users/kady/Masterdom/src/Masterdom.Platform/Masterdom.Platform.csproj]
/Users/kady/Masterdom/src/Masterdom.Platform/CalculationEngine/Metadata/CalculationOperationExecutionClassification.cs(3,13): warning CS1591: Missing XML comment for publicly visible type or member 'CalculationOperationExecutionClassification' [/Users/kady/Masterdom/src/Masterdom.Platform/Masterdom.Platform.csproj]
/Users/kady/Masterdom/src/Masterdom.Platform/CalculationEngine/Metadata/CalculationOperationExecutionClassification.cs(5,5): warning CS1591: Missing XML comment for publicly visible type or member 'CalculationOperationExecutionClassification.Unspecified' [/Users/kady/Masterdom/src/Masterdom.Platform/Masterdom.Platform.csproj]
/Users/kady/Masterdom/src/Masterdom.Platform/CalculationEngine/Metadata/CalculationOperationExecutionClassification.cs(6,5): warning CS1591: Missing XML comment for publicly visible type or member 'CalculationOperationExecutionClassification.Primitive' [/Users/kady/Masterdom/src/Masterdom.Platform/Masterdom.Platform.csproj]
/Users/kady/Masterdom/src/Masterdom.Platform/CalculationEngine/Metadata/CalculationOperationExecutionClassification.cs(7,5): warning CS1591: Missing XML comment for publicly visible type or member 'CalculationOperationExecutionClassification.Composite' [/Users/kady/Masterdom/src/Masterdom.Platform/Masterdom.Platform.csproj]
/Users/kady/Masterdom/src/Masterdom.Platform/CalculationEngine/Metadata/CalculationOperationExecutionClassification.cs(8,5): warning CS1591: Missing XML comment for publicly visible type or member 'CalculationOperationExecutionClassification.Workflow' [/Users/kady/Masterdom/src/Masterdom.Platform/Masterdom.Platform.csproj]
/Users/kady/Masterdom/src/Masterdom.Platform/CalculationEngine/Metadata/CalculationOperationPrimitiveFamily.cs(3,13): warning CS1591: Missing XML comment for publicly visible type or member 'CalculationOperationPrimitiveFamily' [/Users/kady/Masterdom/src/Masterdom.Platform/Masterdom.Platform.csproj]
/Users/kady/Masterdom/src/Masterdom.Platform/CalculationEngine/Metadata/CalculationOperationPrimitiveFamily.cs(5,5): warning CS1591: Missing XML comment for publicly visible type or member 'CalculationOperationPrimitiveFamily.Unspecified' [/Users/kady/Masterdom/src/Masterdom.Platform/Masterdom.Platform.csproj]
/Users/kady/Masterdom/src/Masterdom.Platform/CalculationEngine/Metadata/CalculationOperationPrimitiveFamily.cs(6,5): warning CS1591: Missing XML comment for publicly visible type or member 'CalculationOperationPrimitiveFamily.Aggregation' [/Users/kady/Masterdom/src/Masterdom.Platform/Masterdom.Platform.csproj]
/Users/kady/Masterdom/src/Masterdom.Platform/CalculationEngine/Metadata/CalculationOperationPrimitiveFamily.cs(7,5): warning CS1591: Missing XML comment for publicly visible type or member 'CalculationOperationPrimitiveFamily.Normalization' [/Users/kady/Masterdom/src/Masterdom.Platform/Masterdom.Platform.csproj]
/Users/kady/Masterdom/src/Masterdom.Platform/CalculationEngine/Metadata/CalculationOperationPrimitiveFamily.cs(8,5): warning CS1591: Missing XML comment for publicly visible type or member 'CalculationOperationPrimitiveFamily.Interpolation' [/Users/kady/Masterdom/src/Masterdom.Platform/Masterdom.Platform.csproj]
/Users/kady/Masterdom/src/Masterdom.Platform/CalculationEngine/Metadata/CalculationOperationPrimitiveFamily.cs(9,5): warning CS1591: Missing XML comment for publicly visible type or member 'CalculationOperationPrimitiveFamily.Projection' [/Users/kady/Masterdom/src/Masterdom.Platform/Masterdom.Platform.csproj]
/Users/kady/Masterdom/src/Masterdom.Platform/CalculationEngine/Metadata/CalculationOperationPrimitiveFamily.cs(10,5): warning CS1591: Missing XML comment for publicly visible type or member 'CalculationOperationPrimitiveFamily.Statistics' [/Users/kady/Masterdom/src/Masterdom.Platform/Masterdom.Platform.csproj]
/Users/kady/Masterdom/src/Masterdom.Platform/CalculationEngine/Metadata/CalculationOperationPrimitiveFamily.cs(11,5): warning CS1591: Missing XML comment for publicly visible type or member 'CalculationOperationPrimitiveFamily.Scoring' [/Users/kady/Masterdom/src/Masterdom.Platform/Masterdom.Platform.csproj]
/Users/kady/Masterdom/src/Masterdom.Platform/CalculationEngine/Metadata/CalculationOperationPrimitiveFamily.cs(12,5): warning CS1591: Missing XML comment for publicly visible type or member 'CalculationOperationPrimitiveFamily.Ranking' [/Users/kady/Masterdom/src/Masterdom.Platform/Masterdom.Platform.csproj]
/Users/kady/Masterdom/src/Masterdom.Platform/CalculationEngine/Metadata/CalculationOperationPrimitiveFamily.cs(13,5): warning CS1591: Missing XML comment for publicly visible type or member 'CalculationOperationPrimitiveFamily.Transformation' [/Users/kady/Masterdom/src/Masterdom.Platform/Masterdom.Platform.csproj]
/Users/kady/Masterdom/src/Masterdom.Platform/CalculationEngine/Metadata/CalculationOperationPrimitiveFamily.cs(14,5): warning CS1591: Missing XML comment for publicly visible type or member 'CalculationOperationPrimitiveFamily.Validation' [/Users/kady/Masterdom/src/Masterdom.Platform/Masterdom.Platform.csproj]
/Users/kady/Masterdom/src/Masterdom.Platform/CalculationEngine/Metadata/CalculationOperationPurity.cs(3,13): warning CS1591: Missing XML comment for publicly visible type or member 'CalculationOperationPurity' [/Users/kady/Masterdom/src/Masterdom.Platform/Masterdom.Platform.csproj]
/Users/kady/Masterdom/src/Masterdom.Platform/CalculationEngine/Metadata/CalculationOperationPurity.cs(5,5): warning CS1591: Missing XML comment for publicly visible type or member 'CalculationOperationPurity.Unspecified' [/Users/kady/Masterdom/src/Masterdom.Platform/Masterdom.Platform.csproj]
/Users/kady/Masterdom/src/Masterdom.Platform/CalculationEngine/Metadata/CalculationOperationPurity.cs(6,5): warning CS1591: Missing XML comment for publicly visible type or member 'CalculationOperationPurity.Pure' [/Users/kady/Masterdom/src/Masterdom.Platform/Masterdom.Platform.csproj]
/Users/kady/Masterdom/src/Masterdom.Platform/CalculationEngine/Metadata/CalculationOperationPurity.cs(7,5): warning CS1591: Missing XML comment for publicly visible type or member 'CalculationOperationPurity.Contextual' [/Users/kady/Masterdom/src/Masterdom.Platform/Masterdom.Platform.csproj]
/Users/kady/Masterdom/src/Masterdom.Platform/CalculationEngine/Metadata/CalculationOperationRegistry.cs(20,12): warning CS1591: Missing XML comment for publicly visible type or member 'CalculationOperationRegistry.CalculationOperationRegistry()' [/Users/kady/Masterdom/src/Masterdom.Platform/Masterdom.Platform.csproj]
/Users/kady/Masterdom/src/Masterdom.Platform/CalculationEngine/Metadata/CalculationOperationRegistry.cs(48,65): warning CS1591: Missing XML comment for publicly visible type or member 'CalculationOperationRegistry.GetAll()' [/Users/kady/Masterdom/src/Masterdom.Platform/Masterdom.Platform.csproj]
/Users/kady/Masterdom/src/Masterdom.Platform/CalculationEngine/Metadata/CalculationOperationRegistry.cs(53,44): warning CS1591: Missing XML comment for publicly visible type or member 'CalculationOperationRegistry.ResolveByDescriptorId(CalculationOperationDescriptorId)' [/Users/kady/Masterdom/src/Masterdom.Platform/Masterdom.Platform.csproj]
/Users/kady/Masterdom/src/Masterdom.Platform/CalculationEngine/Metadata/CalculationOperationRegistry.cs(65,44): warning CS1591: Missing XML comment for publicly visible type or member 'CalculationOperationRegistry.ResolveByCapabilityId(CalculationOperationCapabilityId)' [/Users/kady/Masterdom/src/Masterdom.Platform/Masterdom.Platform.csproj]
/Users/kady/Masterdom/src/Masterdom.Platform/CalculationEngine/Metadata/CalculationOperationRegistry.cs(77,44): warning CS1591: Missing XML comment for publicly visible type or member 'CalculationOperationRegistry.ResolveByOperationName(string)' [/Users/kady/Masterdom/src/Masterdom.Platform/Masterdom.Platform.csproj]
/Users/kady/Masterdom/src/Masterdom.Platform/CalculationEngine/Metadata/CalculationOperationRegistry.cs(92,65): warning CS1591: Missing XML comment for publicly visible type or member 'CalculationOperationRegistry.ResolveByPrimitiveFamily(CalculationOperationPrimitiveFamily)' [/Users/kady/Masterdom/src/Masterdom.Platform/Masterdom.Platform.csproj]
/Users/kady/Masterdom/src/Masterdom.Platform/CalculationEngine/Metadata/CalculationOperationRegistry.cs(104,65): warning CS1591: Missing XML comment for publicly visible type or member 'CalculationOperationRegistry.GetByCapabilityCategory(CalculationOperationCapabilityCategory)' [/Users/kady/Masterdom/src/Masterdom.Platform/Masterdom.Platform.csproj]
/Users/kady/Masterdom/src/Masterdom.Platform/CalculationEngine/Metadata/CalculationOperationRegistry.cs(116,65): warning CS1591: Missing XML comment for publicly visible type or member 'CalculationOperationRegistry.ResolveByCompositionLevel(CalculationOperationCompositionLevel)' [/Users/kady/Masterdom/src/Masterdom.Platform/Masterdom.Platform.csproj]
/Users/kady/Masterdom/src/Masterdom.Platform/CalculationEngine/Metadata/CalculationOperationRegistry.cs(128,65): warning CS1591: Missing XML comment for publicly visible type or member 'CalculationOperationRegistry.ResolveByCompatibilityStatus(CalculationOperationCompatibilityStatus)' [/Users/kady/Masterdom/src/Masterdom.Platform/Masterdom.Platform.csproj]
/Users/kady/Masterdom/src/Masterdom.Platform/CalculationEngine/Metadata/CalculationOperationStability.cs(3,13): warning CS1591: Missing XML comment for publicly visible type or member 'CalculationOperationStability' [/Users/kady/Masterdom/src/Masterdom.Platform/Masterdom.Platform.csproj]
/Users/kady/Masterdom/src/Masterdom.Platform/CalculationEngine/Metadata/CalculationOperationStability.cs(5,5): warning CS1591: Missing XML comment for publicly visible type or member 'CalculationOperationStability.Unspecified' [/Users/kady/Masterdom/src/Masterdom.Platform/Masterdom.Platform.csproj]
/Users/kady/Masterdom/src/Masterdom.Platform/CalculationEngine/Metadata/CalculationOperationStability.cs(6,5): warning CS1591: Missing XML comment for publicly visible type or member 'CalculationOperationStability.Fundamental' [/Users/kady/Masterdom/src/Masterdom.Platform/Masterdom.Platform.csproj]
/Users/kady/Masterdom/src/Masterdom.Platform/CalculationEngine/Metadata/CalculationOperationStability.cs(7,5): warning CS1591: Missing XML comment for publicly visible type or member 'CalculationOperationStability.Stable' [/Users/kady/Masterdom/src/Masterdom.Platform/Masterdom.Platform.csproj]
/Users/kady/Masterdom/src/Masterdom.Platform/CalculationEngine/Metadata/CalculationOperationStability.cs(8,5): warning CS1591: Missing XML comment for publicly visible type or member 'CalculationOperationStability.Experimental' [/Users/kady/Masterdom/src/Masterdom.Platform/Masterdom.Platform.csproj]
/Users/kady/Masterdom/src/Masterdom.Platform/CalculationEngine/Metadata/CalculationOperationValidationException.cs(8,12): warning CS1591: Missing XML comment for publicly visible type or member 'CalculationOperationValidationException.CalculationOperationValidationException(string)' [/Users/kady/Masterdom/src/Masterdom.Platform/Masterdom.Platform.csproj]
/Users/kady/Masterdom/src/Masterdom.Platform/CalculationEngine/Metadata/CalculationOperationVersion.cs(3,21): warning CS1591: Missing XML comment for publicly visible type or member 'CalculationOperationVersion' [/Users/kady/Masterdom/src/Masterdom.Platform/Masterdom.Platform.csproj]
/Users/kady/Masterdom/src/Masterdom.Platform/CalculationEngine/Metadata/CalculationOperationVersion.cs(10,19): warning CS1591: Missing XML comment for publicly visible type or member 'CalculationOperationVersion.Value' [/Users/kady/Masterdom/src/Masterdom.Platform/Masterdom.Platform.csproj]
/Users/kady/Masterdom/src/Masterdom.Platform/CalculationEngine/Metadata/CalculationOperationVersion.cs(12,47): warning CS1591: Missing XML comment for publicly visible type or member 'CalculationOperationVersion.Create(string)' [/Users/kady/Masterdom/src/Masterdom.Platform/Masterdom.Platform.csproj]
/Users/kady/Masterdom/src/Masterdom.Platform/CalculationEngine/Metadata/CalculationOperationVersion.cs(22,17): warning CS1591: Missing XML comment for publicly visible type or member 'CalculationOperationVersion.IsDefault' [/Users/kady/Masterdom/src/Masterdom.Platform/Masterdom.Platform.csproj]
/Users/kady/Masterdom/src/Masterdom.Platform/CalculationEngine/Metadata/CalculationOperationVersion.cs(24,17): warning CS1591: Missing XML comment for publicly visible type or member 'CalculationOperationVersion.Equals(CalculationOperationVersion?)' [/Users/kady/Masterdom/src/Masterdom.Platform/Masterdom.Platform.csproj]
/Users/kady/Masterdom/src/Masterdom.Platform/CalculationEngine/Metadata/CalculationOperationVersion.cs(29,26): warning CS1591: Missing XML comment for publicly visible type or member 'CalculationOperationVersion.Equals(object?)' [/Users/kady/Masterdom/src/Masterdom.Platform/Masterdom.Platform.csproj]
/Users/kady/Masterdom/src/Masterdom.Platform/CalculationEngine/Metadata/CalculationOperationVersion.cs(34,25): warning CS1591: Missing XML comment for publicly visible type or member 'CalculationOperationVersion.GetHashCode()' [/Users/kady/Masterdom/src/Masterdom.Platform/Masterdom.Platform.csproj]
/Users/kady/Masterdom/src/Masterdom.Platform/CalculationEngine/Metadata/CalculationOperationVersion.cs(39,28): warning CS1591: Missing XML comment for publicly visible type or member 'CalculationOperationVersion.ToString()' [/Users/kady/Masterdom/src/Masterdom.Platform/Masterdom.Platform.csproj]
/Users/kady/Masterdom/src/Masterdom.Platform/CalculationEngine/Metadata/ICalculationOperationRegistry.cs(10,58): warning CS1591: Missing XML comment for publicly visible type or member 'ICalculationOperationRegistry.GetAll()' [/Users/kady/Masterdom/src/Masterdom.Platform/Masterdom.Platform.csproj]
/Users/kady/Masterdom/src/Masterdom.Platform/CalculationEngine/Metadata/ICalculationOperationRegistry.cs(12,37): warning CS1591: Missing XML comment for publicly visible type or member 'ICalculationOperationRegistry.ResolveByDescriptorId(CalculationOperationDescriptorId)' [/Users/kady/Masterdom/src/Masterdom.Platform/Masterdom.Platform.csproj]
/Users/kady/Masterdom/src/Masterdom.Platform/CalculationEngine/Metadata/ICalculationOperationRegistry.cs(14,37): warning CS1591: Missing XML comment for publicly visible type or member 'ICalculationOperationRegistry.ResolveByCapabilityId(CalculationOperationCapabilityId)' [/Users/kady/Masterdom/src/Masterdom.Platform/Masterdom.Platform.csproj]
/Users/kady/Masterdom/src/Masterdom.Platform/CalculationEngine/Metadata/ICalculationOperationRegistry.cs(16,37): warning CS1591: Missing XML comment for publicly visible type or member 'ICalculationOperationRegistry.ResolveByOperationName(string)' [/Users/kady/Masterdom/src/Masterdom.Platform/Masterdom.Platform.csproj]
/Users/kady/Masterdom/src/Masterdom.Platform/CalculationEngine/Metadata/ICalculationOperationRegistry.cs(18,58): warning CS1591: Missing XML comment for publicly visible type or member 'ICalculationOperationRegistry.ResolveByPrimitiveFamily(CalculationOperationPrimitiveFamily)' [/Users/kady/Masterdom/src/Masterdom.Platform/Masterdom.Platform.csproj]
/Users/kady/Masterdom/src/Masterdom.Platform/CalculationEngine/Metadata/ICalculationOperationRegistry.cs(20,58): warning CS1591: Missing XML comment for publicly visible type or member 'ICalculationOperationRegistry.GetByCapabilityCategory(CalculationOperationCapabilityCategory)' [/Users/kady/Masterdom/src/Masterdom.Platform/Masterdom.Platform.csproj]
/Users/kady/Masterdom/src/Masterdom.Platform/CalculationEngine/Metadata/ICalculationOperationRegistry.cs(22,58): warning CS1591: Missing XML comment for publicly visible type or member 'ICalculationOperationRegistry.ResolveByCompositionLevel(CalculationOperationCompositionLevel)' [/Users/kady/Masterdom/src/Masterdom.Platform/Masterdom.Platform.csproj]
/Users/kady/Masterdom/src/Masterdom.Platform/CalculationEngine/Metadata/ICalculationOperationRegistry.cs(24,58): warning CS1591: Missing XML comment for publicly visible type or member 'ICalculationOperationRegistry.ResolveByCompatibilityStatus(CalculationOperationCompatibilityStatus)' [/Users/kady/Masterdom/src/Masterdom.Platform/Masterdom.Platform.csproj]
/Users/kady/Masterdom/src/Masterdom.Platform/Configuration/BusinessConfigurationAsset.cs(3,22): warning CS1591: Missing XML comment for publicly visible type or member 'BusinessConfigurationAsset<TPayload>' [/Users/kady/Masterdom/src/Masterdom.Platform/Masterdom.Platform.csproj]
/Users/kady/Masterdom/src/Masterdom.Platform/Configuration/BusinessConfigurationAsset.cs(3,22): warning CS1591: Missing XML comment for publicly visible type or member 'BusinessConfigurationAsset<TPayload>.BusinessConfigurationAsset(BusinessConfigurationMetadata, TPayload)' [/Users/kady/Masterdom/src/Masterdom.Platform/Masterdom.Platform.csproj]
/Users/kady/Masterdom/src/Masterdom.Platform/Configuration/BusinessConfigurationAsset.cs(4,35): warning CS1591: Missing XML comment for publicly visible type or member 'BusinessConfigurationAsset<TPayload>.Metadata' [/Users/kady/Masterdom/src/Masterdom.Platform/Masterdom.Platform.csproj]
/Users/kady/Masterdom/src/Masterdom.Platform/Configuration/BusinessConfigurationAsset.cs(5,14): warning CS1591: Missing XML comment for publicly visible type or member 'BusinessConfigurationAsset<TPayload>.Payload' [/Users/kady/Masterdom/src/Masterdom.Platform/Masterdom.Platform.csproj]
/Users/kady/Masterdom/src/Masterdom.Platform/Configuration/BusinessConfigurationCatalog.cs(5,21): warning CS1591: Missing XML comment for publicly visible type or member 'BusinessConfigurationCatalog' [/Users/kady/Masterdom/src/Masterdom.Platform/Masterdom.Platform.csproj]
/Users/kady/Masterdom/src/Masterdom.Platform/Configuration/BusinessConfigurationCatalog.cs(9,12): warning CS1591: Missing XML comment for publicly visible type or member 'BusinessConfigurationCatalog.BusinessConfigurationCatalog(IConfigurationResolver)' [/Users/kady/Masterdom/src/Masterdom.Platform/Masterdom.Platform.csproj]
/Users/kady/Masterdom/src/Masterdom.Platform/Configuration/BusinessConfigurationCatalog.cs(14,49): warning CS1591: Missing XML comment for publicly visible type or member 'BusinessConfigurationCatalog.Resolve<TPayload>(ConfigurationKey, ConfigurationResolutionRequest)' [/Users/kady/Masterdom/src/Masterdom.Platform/Masterdom.Platform.csproj]
/Users/kady/Masterdom/src/Masterdom.Platform/Configuration/BusinessConfigurationMetadata.cs(3,22): warning CS1591: Missing XML comment for publicly visible type or member 'BusinessConfigurationMetadata' [/Users/kady/Masterdom/src/Masterdom.Platform/Masterdom.Platform.csproj]
/Users/kady/Masterdom/src/Masterdom.Platform/Configuration/BusinessConfigurationMetadata.cs(3,22): warning CS1591: Missing XML comment for publicly visible type or member 'BusinessConfigurationMetadata.BusinessConfigurationMetadata(string, string, int, BusinessConfigurationStatus, string, DateTime, DateTime?, string, string, DateTime, DateTime, IReadOnlyDictionary<string, string>)' [/Users/kady/Masterdom/src/Masterdom.Platform/Masterdom.Platform.csproj]
/Users/kady/Masterdom/src/Masterdom.Platform/Configuration/BusinessConfigurationMetadata.cs(4,12): warning CS1591: Missing XML comment for publicly visible type or member 'BusinessConfigurationMetadata.DefinitionId' [/Users/kady/Masterdom/src/Masterdom.Platform/Masterdom.Platform.csproj]
/Users/kady/Masterdom/src/Masterdom.Platform/Configuration/BusinessConfigurationMetadata.cs(5,12): warning CS1591: Missing XML comment for publicly visible type or member 'BusinessConfigurationMetadata.Name' [/Users/kady/Masterdom/src/Masterdom.Platform/Masterdom.Platform.csproj]
/Users/kady/Masterdom/src/Masterdom.Platform/Configuration/BusinessConfigurationMetadata.cs(6,9): warning CS1591: Missing XML comment for publicly visible type or member 'BusinessConfigurationMetadata.Version' [/Users/kady/Masterdom/src/Masterdom.Platform/Masterdom.Platform.csproj]
/Users/kady/Masterdom/src/Masterdom.Platform/Configuration/BusinessConfigurationMetadata.cs(7,33): warning CS1591: Missing XML comment for publicly visible type or member 'BusinessConfigurationMetadata.Status' [/Users/kady/Masterdom/src/Masterdom.Platform/Masterdom.Platform.csproj]
/Users/kady/Masterdom/src/Masterdom.Platform/Configuration/BusinessConfigurationMetadata.cs(8,12): warning CS1591: Missing XML comment for publicly visible type or member 'BusinessConfigurationMetadata.Description' [/Users/kady/Masterdom/src/Masterdom.Platform/Masterdom.Platform.csproj]
/Users/kady/Masterdom/src/Masterdom.Platform/Configuration/BusinessConfigurationMetadata.cs(9,14): warning CS1591: Missing XML comment for publicly visible type or member 'BusinessConfigurationMetadata.EffectiveFromUtc' [/Users/kady/Masterdom/src/Masterdom.Platform/Masterdom.Platform.csproj]
/Users/kady/Masterdom/src/Masterdom.Platform/Configuration/BusinessConfigurationMetadata.cs(10,15): warning CS1591: Missing XML comment for publicly visible type or member 'BusinessConfigurationMetadata.EffectiveToUtc' [/Users/kady/Masterdom/src/Masterdom.Platform/Masterdom.Platform.csproj]
/Users/kady/Masterdom/src/Masterdom.Platform/Configuration/BusinessConfigurationMetadata.cs(11,12): warning CS1591: Missing XML comment for publicly visible type or member 'BusinessConfigurationMetadata.CreatedBy' [/Users/kady/Masterdom/src/Masterdom.Platform/Masterdom.Platform.csproj]
/Users/kady/Masterdom/src/Masterdom.Platform/Configuration/BusinessConfigurationMetadata.cs(12,12): warning CS1591: Missing XML comment for publicly visible type or member 'BusinessConfigurationMetadata.ModifiedBy' [/Users/kady/Masterdom/src/Masterdom.Platform/Masterdom.Platform.csproj]
/Users/kady/Masterdom/src/Masterdom.Platform/Configuration/BusinessConfigurationMetadata.cs(13,14): warning CS1591: Missing XML comment for publicly visible type or member 'BusinessConfigurationMetadata.CreatedAtUtc' [/Users/kady/Masterdom/src/Masterdom.Platform/Masterdom.Platform.csproj]
/Users/kady/Masterdom/src/Masterdom.Platform/Configuration/BusinessConfigurationMetadata.cs(14,14): warning CS1591: Missing XML comment for publicly visible type or member 'BusinessConfigurationMetadata.ModifiedAtUtc' [/Users/kady/Masterdom/src/Masterdom.Platform/Masterdom.Platform.csproj]
/Users/kady/Masterdom/src/Masterdom.Platform/Configuration/BusinessConfigurationMetadata.cs(15,41): warning CS1591: Missing XML comment for publicly visible type or member 'BusinessConfigurationMetadata.AuditMetadata' [/Users/kady/Masterdom/src/Masterdom.Platform/Masterdom.Platform.csproj]
/Users/kady/Masterdom/src/Masterdom.Platform/Configuration/BusinessConfigurationStatus.cs(3,13): warning CS1591: Missing XML comment for publicly visible type or member 'BusinessConfigurationStatus' [/Users/kady/Masterdom/src/Masterdom.Platform/Masterdom.Platform.csproj]
/Users/kady/Masterdom/src/Masterdom.Platform/Configuration/BusinessConfigurationStatus.cs(5,5): warning CS1591: Missing XML comment for publicly visible type or member 'BusinessConfigurationStatus.Draft' [/Users/kady/Masterdom/src/Masterdom.Platform/Masterdom.Platform.csproj]
/Users/kady/Masterdom/src/Masterdom.Platform/Configuration/BusinessConfigurationStatus.cs(6,5): warning CS1591: Missing XML comment for publicly visible type or member 'BusinessConfigurationStatus.Active' [/Users/kady/Masterdom/src/Masterdom.Platform/Masterdom.Platform.csproj]
/Users/kady/Masterdom/src/Masterdom.Platform/Configuration/BusinessConfigurationStatus.cs(7,5): warning CS1591: Missing XML comment for publicly visible type or member 'BusinessConfigurationStatus.Inactive' [/Users/kady/Masterdom/src/Masterdom.Platform/Masterdom.Platform.csproj]
/Users/kady/Masterdom/src/Masterdom.Platform/Configuration/BusinessConfigurationStatus.cs(8,5): warning CS1591: Missing XML comment for publicly visible type or member 'BusinessConfigurationStatus.Deprecated' [/Users/kady/Masterdom/src/Masterdom.Platform/Masterdom.Platform.csproj]
/Users/kady/Masterdom/src/Masterdom.Platform/Configuration/ConfigurationCatalogBuilder.cs(12,54): warning CS1591: Missing XML comment for publicly visible type or member 'ConfigurationCatalogBuilder.BuildFromCatalog(IEnumerable<ModuleCatalogEntry>, DateTime?)' [/Users/kady/Masterdom/src/Masterdom.Platform/Masterdom.Platform.csproj]
/Users/kady/Masterdom/src/Masterdom.Platform/Configuration/ConfigurationId.cs(10,12): warning CS1591: Missing XML comment for publicly visible type or member 'ConfigurationId.ConfigurationId(Guid)' [/Users/kady/Masterdom/src/Masterdom.Platform/Masterdom.Platform.csproj]
/Users/kady/Masterdom/src/Masterdom.Platform/Configuration/ConfigurationId.cs(21,17): warning CS1591: Missing XML comment for publicly visible type or member 'ConfigurationId.Value' [/Users/kady/Masterdom/src/Masterdom.Platform/Masterdom.Platform.csproj]
/Users/kady/Masterdom/src/Masterdom.Platform/Configuration/ConfigurationKey.cs(10,12): warning CS1591: Missing XML comment for publicly visible type or member 'ConfigurationKey.ConfigurationKey(string)' [/Users/kady/Masterdom/src/Masterdom.Platform/Masterdom.Platform.csproj]
/Users/kady/Masterdom/src/Masterdom.Platform/Configuration/ConfigurationKey.cs(21,19): warning CS1591: Missing XML comment for publicly visible type or member 'ConfigurationKey.Value' [/Users/kady/Masterdom/src/Masterdom.Platform/Masterdom.Platform.csproj]
/Users/kady/Masterdom/src/Masterdom.Platform/Configuration/ConfigurationKey.cs(23,17): warning CS1591: Missing XML comment for publicly visible type or member 'ConfigurationKey.Equals(ConfigurationKey?)' [/Users/kady/Masterdom/src/Masterdom.Platform/Masterdom.Platform.csproj]
/Users/kady/Masterdom/src/Masterdom.Platform/Configuration/ConfigurationKey.cs(33,26): warning CS1591: Missing XML comment for publicly visible type or member 'ConfigurationKey.Equals(object?)' [/Users/kady/Masterdom/src/Masterdom.Platform/Masterdom.Platform.csproj]
/Users/kady/Masterdom/src/Masterdom.Platform/Configuration/ConfigurationKey.cs(38,25): warning CS1591: Missing XML comment for publicly visible type or member 'ConfigurationKey.GetHashCode()' [/Users/kady/Masterdom/src/Masterdom.Platform/Masterdom.Platform.csproj]
/Users/kady/Masterdom/src/Masterdom.Platform/Configuration/ConfigurationKey.cs(43,28): warning CS1591: Missing XML comment for publicly visible type or member 'ConfigurationKey.ToString()' [/Users/kady/Masterdom/src/Masterdom.Platform/Masterdom.Platform.csproj]
/Users/kady/Masterdom/src/Masterdom.Platform/Configuration/ConfigurationRecord.cs(10,12): warning CS1591: Missing XML comment for publicly visible type or member 'ConfigurationRecord.ConfigurationRecord(ConfigurationId, ConfigurationKey, ConfigurationScope, ConfigurationVersion, ConfigurationValue, EffectivePeriod, string, string, DateTime)' [/Users/kady/Masterdom/src/Masterdom.Platform/Masterdom.Platform.csproj]
/Users/kady/Masterdom/src/Masterdom.Platform/Configuration/ConfigurationRecord.cs(51,28): warning CS1591: Missing XML comment for publicly visible type or member 'ConfigurationRecord.Id' [/Users/kady/Masterdom/src/Masterdom.Platform/Masterdom.Platform.csproj]
/Users/kady/Masterdom/src/Masterdom.Platform/Configuration/ConfigurationRecord.cs(53,29): warning CS1591: Missing XML comment for publicly visible type or member 'ConfigurationRecord.Key' [/Users/kady/Masterdom/src/Masterdom.Platform/Masterdom.Platform.csproj]
/Users/kady/Masterdom/src/Masterdom.Platform/Configuration/ConfigurationRecord.cs(55,31): warning CS1591: Missing XML comment for publicly visible type or member 'ConfigurationRecord.Scope' [/Users/kady/Masterdom/src/Masterdom.Platform/Masterdom.Platform.csproj]
/Users/kady/Masterdom/src/Masterdom.Platform/Configuration/ConfigurationRecord.cs(57,33): warning CS1591: Missing XML comment for publicly visible type or member 'ConfigurationRecord.Version' [/Users/kady/Masterdom/src/Masterdom.Platform/Masterdom.Platform.csproj]
/Users/kady/Masterdom/src/Masterdom.Platform/Configuration/ConfigurationRecord.cs(59,31): warning CS1591: Missing XML comment for publicly visible type or member 'ConfigurationRecord.Value' [/Users/kady/Masterdom/src/Masterdom.Platform/Masterdom.Platform.csproj]
/Users/kady/Masterdom/src/Masterdom.Platform/Configuration/ConfigurationRecord.cs(61,28): warning CS1591: Missing XML comment for publicly visible type or member 'ConfigurationRecord.Period' [/Users/kady/Masterdom/src/Masterdom.Platform/Masterdom.Platform.csproj]
/Users/kady/Masterdom/src/Masterdom.Platform/Configuration/ConfigurationRecord.cs(63,19): warning CS1591: Missing XML comment for publicly visible type or member 'ConfigurationRecord.ChangedBy' [/Users/kady/Masterdom/src/Masterdom.Platform/Masterdom.Platform.csproj]
/Users/kady/Masterdom/src/Masterdom.Platform/Configuration/ConfigurationRecord.cs(65,19): warning CS1591: Missing XML comment for publicly visible type or member 'ConfigurationRecord.Reason' [/Users/kady/Masterdom/src/Masterdom.Platform/Masterdom.Platform.csproj]
/Users/kady/Masterdom/src/Masterdom.Platform/Configuration/ConfigurationRecord.cs(67,21): warning CS1591: Missing XML comment for publicly visible type or member 'ConfigurationRecord.ChangedAtUtc' [/Users/kady/Masterdom/src/Masterdom.Platform/Masterdom.Platform.csproj]
/Users/kady/Masterdom/src/Masterdom.Platform/Configuration/ConfigurationRegistry.cs(14,12): warning CS1591: Missing XML comment for publicly visible type or member 'ConfigurationRegistry.ConfigurationRegistry(IConfigurationRepository?)' [/Users/kady/Masterdom/src/Masterdom.Platform/Masterdom.Platform.csproj]
/Users/kady/Masterdom/src/Masterdom.Platform/Configuration/ConfigurationRegistry.cs(20,17): warning CS1591: Missing XML comment for publicly visible type or member 'ConfigurationRegistry.ReplaceAll(IReadOnlyList<ConfigurationRecord>)' [/Users/kady/Masterdom/src/Masterdom.Platform/Masterdom.Platform.csproj]
/Users/kady/Masterdom/src/Masterdom.Platform/Configuration/ConfigurationRegistry.cs(29,17): warning CS1591: Missing XML comment for publicly visible type or member 'ConfigurationRegistry.RegisterRange(IReadOnlyList<ConfigurationRecord>)' [/Users/kady/Masterdom/src/Masterdom.Platform/Masterdom.Platform.csproj]
/Users/kady/Masterdom/src/Masterdom.Platform/Configuration/ConfigurationRegistry.cs(42,47): warning CS1591: Missing XML comment for publicly visible type or member 'ConfigurationRegistry.GetAll()' [/Users/kady/Masterdom/src/Masterdom.Platform/Masterdom.Platform.csproj]
/Users/kady/Masterdom/src/Masterdom.Platform/Configuration/ConfigurationResolutionRequest.cs(10,28): warning CS1591: Missing XML comment for publicly visible type or member 'ConfigurationResolutionRequest.ModuleId' [/Users/kady/Masterdom/src/Masterdom.Platform/Masterdom.Platform.csproj]
/Users/kady/Masterdom/src/Masterdom.Platform/Configuration/ConfigurationResolutionRequest.cs(12,20): warning CS1591: Missing XML comment for publicly visible type or member 'ConfigurationResolutionRequest.TenantId' [/Users/kady/Masterdom/src/Masterdom.Platform/Masterdom.Platform.csproj]
/Users/kady/Masterdom/src/Masterdom.Platform/Configuration/ConfigurationResolutionRequest.cs(14,20): warning CS1591: Missing XML comment for publicly visible type or member 'ConfigurationResolutionRequest.PropertyId' [/Users/kady/Masterdom/src/Masterdom.Platform/Masterdom.Platform.csproj]
/Users/kady/Masterdom/src/Masterdom.Platform/Configuration/ConfigurationResolutionRequest.cs(16,21): warning CS1591: Missing XML comment for publicly visible type or member 'ConfigurationResolutionRequest.AsOfUtc' [/Users/kady/Masterdom/src/Masterdom.Platform/Masterdom.Platform.csproj]
/Users/kady/Masterdom/src/Masterdom.Platform/Configuration/ConfigurationResolutionResult.cs(8,41): warning CS1591: Missing XML comment for publicly visible type or member 'ConfigurationResolutionResult.Record' [/Users/kady/Masterdom/src/Masterdom.Platform/Masterdom.Platform.csproj]
/Users/kady/Masterdom/src/Masterdom.Platform/Configuration/ConfigurationResolutionResult.cs(10,26): warning CS1591: Missing XML comment for publicly visible type or member 'ConfigurationResolutionResult.IsDefault' [/Users/kady/Masterdom/src/Masterdom.Platform/Masterdom.Platform.csproj]
/Users/kady/Masterdom/src/Masterdom.Platform/Configuration/ConfigurationResolver.cs(15,12): warning CS1591: Missing XML comment for publicly visible type or member 'ConfigurationResolver.ConfigurationResolver(IConfigurationRepository, IConfigurationDefaults?)' [/Users/kady/Masterdom/src/Masterdom.Platform/Masterdom.Platform.csproj]
/Users/kady/Masterdom/src/Masterdom.Platform/Configuration/ConfigurationResolver.cs(23,42): warning CS1591: Missing XML comment for publicly visible type or member 'ConfigurationResolver.Resolve(ConfigurationKey, ConfigurationResolutionRequest)' [/Users/kady/Masterdom/src/Masterdom.Platform/Masterdom.Platform.csproj]
/Users/kady/Masterdom/src/Masterdom.Platform/Configuration/ConfigurationScope.cs(16,35): warning CS1591: Missing XML comment for publicly visible type or member 'ConfigurationScope.Kind' [/Users/kady/Masterdom/src/Masterdom.Platform/Masterdom.Platform.csproj]
/Users/kady/Masterdom/src/Masterdom.Platform/Configuration/ConfigurationScope.cs(18,20): warning CS1591: Missing XML comment for publicly visible type or member 'ConfigurationScope.Identifier' [/Users/kady/Masterdom/src/Masterdom.Platform/Masterdom.Platform.csproj]
/Users/kady/Masterdom/src/Masterdom.Platform/Configuration/ConfigurationScope.cs(20,38): warning CS1591: Missing XML comment for publicly visible type or member 'ConfigurationScope.Global()' [/Users/kady/Masterdom/src/Masterdom.Platform/Masterdom.Platform.csproj]
/Users/kady/Masterdom/src/Masterdom.Platform/Configuration/ConfigurationScope.cs(25,38): warning CS1591: Missing XML comment for publicly visible type or member 'ConfigurationScope.Module(string)' [/Users/kady/Masterdom/src/Masterdom.Platform/Masterdom.Platform.csproj]
/Users/kady/Masterdom/src/Masterdom.Platform/Configuration/ConfigurationScope.cs(30,38): warning CS1591: Missing XML comment for publicly visible type or member 'ConfigurationScope.Tenant(string)' [/Users/kady/Masterdom/src/Masterdom.Platform/Masterdom.Platform.csproj]
/Users/kady/Masterdom/src/Masterdom.Platform/Configuration/ConfigurationScope.cs(35,38): warning CS1591: Missing XML comment for publicly visible type or member 'ConfigurationScope.Property(string)' [/Users/kady/Masterdom/src/Masterdom.Platform/Masterdom.Platform.csproj]
/Users/kady/Masterdom/src/Masterdom.Platform/Configuration/ConfigurationScope.cs(40,38): warning CS1591: Missing XML comment for publicly visible type or member 'ConfigurationScope.Create(ConfigurationScopeKind, string?)' [/Users/kady/Masterdom/src/Masterdom.Platform/Masterdom.Platform.csproj]
/Users/kady/Masterdom/src/Masterdom.Platform/Configuration/ConfigurationScope.cs(64,17): warning CS1591: Missing XML comment for publicly visible type or member 'ConfigurationScope.Equals(ConfigurationScope?)' [/Users/kady/Masterdom/src/Masterdom.Platform/Masterdom.Platform.csproj]
/Users/kady/Masterdom/src/Masterdom.Platform/Configuration/ConfigurationScope.cs(75,26): warning CS1591: Missing XML comment for publicly visible type or member 'ConfigurationScope.Equals(object?)' [/Users/kady/Masterdom/src/Masterdom.Platform/Masterdom.Platform.csproj]
/Users/kady/Masterdom/src/Masterdom.Platform/Configuration/ConfigurationScope.cs(80,25): warning CS1591: Missing XML comment for publicly visible type or member 'ConfigurationScope.GetHashCode()' [/Users/kady/Masterdom/src/Masterdom.Platform/Masterdom.Platform.csproj]
/Users/kady/Masterdom/src/Masterdom.Platform/Configuration/ConfigurationScopeKind.cs(8,5): warning CS1591: Missing XML comment for publicly visible type or member 'ConfigurationScopeKind.Global' [/Users/kady/Masterdom/src/Masterdom.Platform/Masterdom.Platform.csproj]
/Users/kady/Masterdom/src/Masterdom.Platform/Configuration/ConfigurationScopeKind.cs(9,5): warning CS1591: Missing XML comment for publicly visible type or member 'ConfigurationScopeKind.Module' [/Users/kady/Masterdom/src/Masterdom.Platform/Masterdom.Platform.csproj]
/Users/kady/Masterdom/src/Masterdom.Platform/Configuration/ConfigurationScopeKind.cs(10,5): warning CS1591: Missing XML comment for publicly visible type or member 'ConfigurationScopeKind.Tenant' [/Users/kady/Masterdom/src/Masterdom.Platform/Masterdom.Platform.csproj]
/Users/kady/Masterdom/src/Masterdom.Platform/Configuration/ConfigurationScopeKind.cs(11,5): warning CS1591: Missing XML comment for publicly visible type or member 'ConfigurationScopeKind.Property' [/Users/kady/Masterdom/src/Masterdom.Platform/Masterdom.Platform.csproj]
/Users/kady/Masterdom/src/Masterdom.Platform/Configuration/ConfigurationValue.cs(10,12): warning CS1591: Missing XML comment for publicly visible type or member 'ConfigurationValue.ConfigurationValue(string)' [/Users/kady/Masterdom/src/Masterdom.Platform/Masterdom.Platform.csproj]
/Users/kady/Masterdom/src/Masterdom.Platform/Configuration/ConfigurationValue.cs(21,19): warning CS1591: Missing XML comment for publicly visible type or member 'ConfigurationValue.Value' [/Users/kady/Masterdom/src/Masterdom.Platform/Masterdom.Platform.csproj]
/Users/kady/Masterdom/src/Masterdom.Platform/Configuration/ConfigurationValue.cs(23,28): warning CS1591: Missing XML comment for publicly visible type or member 'ConfigurationValue.ToString()' [/Users/kady/Masterdom/src/Masterdom.Platform/Masterdom.Platform.csproj]
/Users/kady/Masterdom/src/Masterdom.Platform/Configuration/ConfigurationVersion.cs(8,12): warning CS1591: Missing XML comment for publicly visible type or member 'ConfigurationVersion.ConfigurationVersion(int)' [/Users/kady/Masterdom/src/Masterdom.Platform/Masterdom.Platform.csproj]
/Users/kady/Masterdom/src/Masterdom.Platform/Configuration/ConfigurationVersion.cs(19,16): warning CS1591: Missing XML comment for publicly visible type or member 'ConfigurationVersion.Value' [/Users/kady/Masterdom/src/Masterdom.Platform/Masterdom.Platform.csproj]
/Users/kady/Masterdom/src/Masterdom.Platform/Configuration/DefaultConfigurationDefaults.cs(13,70): warning CS1591: Missing XML comment for publicly visible type or member 'DefaultConfigurationDefaults.GetDefaults()' [/Users/kady/Masterdom/src/Masterdom.Platform/Masterdom.Platform.csproj]
/Users/kady/Masterdom/src/Masterdom.Platform/Configuration/EffectivePeriod.cs(10,12): warning CS1591: Missing XML comment for publicly visible type or member 'EffectivePeriod.EffectivePeriod(DateTime, DateTime?)' [/Users/kady/Masterdom/src/Masterdom.Platform/Masterdom.Platform.csproj]
/Users/kady/Masterdom/src/Masterdom.Platform/Configuration/EffectivePeriod.cs(34,21): warning CS1591: Missing XML comment for publicly visible type or member 'EffectivePeriod.EffectiveFromUtc' [/Users/kady/Masterdom/src/Masterdom.Platform/Masterdom.Platform.csproj]
/Users/kady/Masterdom/src/Masterdom.Platform/Configuration/EffectivePeriod.cs(36,22): warning CS1591: Missing XML comment for publicly visible type or member 'EffectivePeriod.EffectiveToUtc' [/Users/kady/Masterdom/src/Masterdom.Platform/Masterdom.Platform.csproj]
/Users/kady/Masterdom/src/Masterdom.Platform/Configuration/EffectivePeriod.cs(38,17): warning CS1591: Missing XML comment for publicly visible type or member 'EffectivePeriod.IsEffectiveAt(DateTime)' [/Users/kady/Masterdom/src/Masterdom.Platform/Masterdom.Platform.csproj]
/Users/kady/Masterdom/src/Masterdom.Platform/Configuration/IBusinessConfigurationCatalog.cs(3,18): warning CS1591: Missing XML comment for publicly visible type or member 'IBusinessConfigurationCatalog' [/Users/kady/Masterdom/src/Masterdom.Platform/Masterdom.Platform.csproj]
/Users/kady/Masterdom/src/Masterdom.Platform/Configuration/IBusinessConfigurationCatalog.cs(5,42): warning CS1591: Missing XML comment for publicly visible type or member 'IBusinessConfigurationCatalog.Resolve<TPayload>(ConfigurationKey, ConfigurationResolutionRequest)' [/Users/kady/Masterdom/src/Masterdom.Platform/Masterdom.Platform.csproj]
/Users/kady/Masterdom/src/Masterdom.Platform/Configuration/IConfigurationDefaults.cs(10,63): warning CS1591: Missing XML comment for publicly visible type or member 'IConfigurationDefaults.GetDefaults()' [/Users/kady/Masterdom/src/Masterdom.Platform/Masterdom.Platform.csproj]
/Users/kady/Masterdom/src/Masterdom.Platform/Configuration/IConfigurationRepository.cs(10,40): warning CS1591: Missing XML comment for publicly visible type or member 'IConfigurationRepository.GetAll()' [/Users/kady/Masterdom/src/Masterdom.Platform/Masterdom.Platform.csproj]
/Users/kady/Masterdom/src/Masterdom.Platform/Configuration/IConfigurationResolver.cs(8,35): warning CS1591: Missing XML comment for publicly visible type or member 'IConfigurationResolver.Resolve(ConfigurationKey, ConfigurationResolutionRequest)' [/Users/kady/Masterdom/src/Masterdom.Platform/Masterdom.Platform.csproj]
/Users/kady/Masterdom/src/Masterdom.Platform/Configuration/InMemoryConfigurationRepository.cs(14,12): warning CS1591: Missing XML comment for publicly visible type or member 'InMemoryConfigurationRepository.InMemoryConfigurationRepository(IReadOnlyList<ConfigurationRecord>?)' [/Users/kady/Masterdom/src/Masterdom.Platform/Masterdom.Platform.csproj]
/Users/kady/Masterdom/src/Masterdom.Platform/Configuration/InMemoryConfigurationRepository.cs(19,47): warning CS1591: Missing XML comment for publicly visible type or member 'InMemoryConfigurationRepository.GetAll()' [/Users/kady/Masterdom/src/Masterdom.Platform/Masterdom.Platform.csproj]
/Users/kady/Masterdom/src/Masterdom.Platform/Configuration/InMemoryConfigurationRepository.cs(24,17): warning CS1591: Missing XML comment for publicly visible type or member 'InMemoryConfigurationRepository.ReplaceAll(IReadOnlyList<ConfigurationRecord>)' [/Users/kady/Masterdom/src/Masterdom.Platform/Masterdom.Platform.csproj]
/Users/kady/Masterdom/src/Masterdom.Platform/Configuration/PlatformConfigurationValidationException.cs(10,12): warning CS1591: Missing XML comment for publicly visible type or member 'PlatformConfigurationValidationException.PlatformConfigurationValidationException(string)' [/Users/kady/Masterdom/src/Masterdom.Platform/Masterdom.Platform.csproj]
/Users/kady/Masterdom/src/Masterdom.Platform/Core/KernelHealthCheckResult.cs(10,30): warning CS1591: Missing XML comment for publicly visible type or member 'KernelHealthCheckResult.TimestampUtc' [/Users/kady/Masterdom/src/Masterdom.Platform/Masterdom.Platform.csproj]
/Users/kady/Masterdom/src/Masterdom.Platform/Core/KernelHealthCheckResult.cs(12,40): warning CS1591: Missing XML comment for publicly visible type or member 'KernelHealthCheckResult.Status' [/Users/kady/Masterdom/src/Masterdom.Platform/Masterdom.Platform.csproj]
/Users/kady/Masterdom/src/Masterdom.Platform/Core/KernelHealthCheckResult.cs(14,33): warning CS1591: Missing XML comment for publicly visible type or member 'KernelHealthCheckResult.State' [/Users/kady/Masterdom/src/Masterdom.Platform/Masterdom.Platform.csproj]
/Users/kady/Masterdom/src/Masterdom.Platform/Core/KernelHealthCheckResult.cs(16,28): warning CS1591: Missing XML comment for publicly visible type or member 'KernelHealthCheckResult.Message' [/Users/kady/Masterdom/src/Masterdom.Platform/Masterdom.Platform.csproj]
/Users/kady/Masterdom/src/Masterdom.Platform/Core/KernelHealthStatus.cs(8,5): warning CS1591: Missing XML comment for publicly visible type or member 'KernelHealthStatus.Healthy' [/Users/kady/Masterdom/src/Masterdom.Platform/Masterdom.Platform.csproj]
/Users/kady/Masterdom/src/Masterdom.Platform/Core/KernelHealthStatus.cs(10,5): warning CS1591: Missing XML comment for publicly visible type or member 'KernelHealthStatus.Degraded' [/Users/kady/Masterdom/src/Masterdom.Platform/Masterdom.Platform.csproj]
/Users/kady/Masterdom/src/Masterdom.Platform/Core/KernelHealthStatus.cs(12,5): warning CS1591: Missing XML comment for publicly visible type or member 'KernelHealthStatus.Unhealthy' [/Users/kady/Masterdom/src/Masterdom.Platform/Masterdom.Platform.csproj]
/Users/kady/Masterdom/src/Masterdom.Platform/Diagnostics/ConsoleDiagnostics.cs(10,17): warning CS1591: Missing XML comment for publicly visible type or member 'ConsoleDiagnostics.Write(DiagnosticEntry)' [/Users/kady/Masterdom/src/Masterdom.Platform/Masterdom.Platform.csproj]
/Users/kady/Masterdom/src/Masterdom.Platform/Diagnostics/DiagnosticSeverity.cs(8,5): warning CS1591: Missing XML comment for publicly visible type or member 'DiagnosticSeverity.Trace' [/Users/kady/Masterdom/src/Masterdom.Platform/Masterdom.Platform.csproj]
/Users/kady/Masterdom/src/Masterdom.Platform/Diagnostics/DiagnosticSeverity.cs(10,5): warning CS1591: Missing XML comment for publicly visible type or member 'DiagnosticSeverity.Debug' [/Users/kady/Masterdom/src/Masterdom.Platform/Masterdom.Platform.csproj]
/Users/kady/Masterdom/src/Masterdom.Platform/Diagnostics/DiagnosticSeverity.cs(12,5): warning CS1591: Missing XML comment for publicly visible type or member 'DiagnosticSeverity.Information' [/Users/kady/Masterdom/src/Masterdom.Platform/Masterdom.Platform.csproj]
/Users/kady/Masterdom/src/Masterdom.Platform/Diagnostics/DiagnosticSeverity.cs(14,5): warning CS1591: Missing XML comment for publicly visible type or member 'DiagnosticSeverity.Warning' [/Users/kady/Masterdom/src/Masterdom.Platform/Masterdom.Platform.csproj]
/Users/kady/Masterdom/src/Masterdom.Platform/Diagnostics/DiagnosticSeverity.cs(16,5): warning CS1591: Missing XML comment for publicly visible type or member 'DiagnosticSeverity.Error' [/Users/kady/Masterdom/src/Masterdom.Platform/Masterdom.Platform.csproj]
/Users/kady/Masterdom/src/Masterdom.Platform/Diagnostics/DiagnosticSeverity.cs(18,5): warning CS1591: Missing XML comment for publicly visible type or member 'DiagnosticSeverity.Critical' [/Users/kady/Masterdom/src/Masterdom.Platform/Masterdom.Platform.csproj]
/Users/kady/Masterdom/src/Masterdom.Platform/Diagnostics/IDiagnostics.cs(8,10): warning CS1591: Missing XML comment for publicly visible type or member 'IDiagnostics.Write(DiagnosticEntry)' [/Users/kady/Masterdom/src/Masterdom.Platform/Masterdom.Platform.csproj]
/Users/kady/Masterdom/src/Masterdom.Platform/Events/DomainEventAdapter.cs(13,31): warning CS1591: Missing XML comment for publicly visible type or member 'DomainEventAdapter.Adapt(IDomainEvent, EventContext)' [/Users/kady/Masterdom/src/Masterdom.Platform/Masterdom.Platform.csproj]
/Users/kady/Masterdom/src/Masterdom.Platform/Events/DomainEventPublisher.cs(15,12): warning CS1591: Missing XML comment for publicly visible type or member 'DomainEventPublisher.DomainEventPublisher(IDomainEventAdapter, IEventPublisher)' [/Users/kady/Masterdom/src/Masterdom.Platform/Masterdom.Platform.csproj]
/Users/kady/Masterdom/src/Masterdom.Platform/Events/DomainEventPublisher.cs(21,37): warning CS1591: Missing XML comment for publicly visible type or member 'DomainEventPublisher.Publish(IHasDomainEvents, EventContext, EventDispatchPolicy?, bool)' [/Users/kady/Masterdom/src/Masterdom.Platform/Masterdom.Platform.csproj]
/Users/kady/Masterdom/src/Masterdom.Platform/Events/DomainEventPublishResult.cs(10,25): warning CS1591: Missing XML comment for publicly visible type or member 'DomainEventPublishResult.PublishedCount' [/Users/kady/Masterdom/src/Masterdom.Platform/Masterdom.Platform.csproj]
/Users/kady/Masterdom/src/Masterdom.Platform/Events/DomainEventPublishResult.cs(12,55): warning CS1591: Missing XML comment for publicly visible type or member 'DomainEventPublishResult.PublishedEvents' [/Users/kady/Masterdom/src/Masterdom.Platform/Masterdom.Platform.csproj]
/Users/kady/Masterdom/src/Masterdom.Platform/Events/DomainRuntimeEvent.cs(12,12): warning CS1591: Missing XML comment for publicly visible type or member 'DomainRuntimeEvent.DomainRuntimeEvent(EventId, EventVersion, EventType, DateTime, EventPayload, IDomainEvent, IReadOnlyDictionary<string, string>?, IReadOnlyDictionary<string, string>?)' [/Users/kady/Masterdom/src/Masterdom.Platform/Masterdom.Platform.csproj]
/Users/kady/Masterdom/src/Masterdom.Platform/Events/DomainRuntimeEvent.cs(34,32): warning CS1591: Missing XML comment for publicly visible type or member 'DomainRuntimeEvent.DomainEvent' [/Users/kady/Masterdom/src/Masterdom.Platform/Masterdom.Platform.csproj]
/Users/kady/Masterdom/src/Masterdom.Platform/Events/Event.cs(12,15): warning CS1591: Missing XML comment for publicly visible type or member 'Event.Event(EventId, EventVersion, EventCategory, EventType, DateTime, EventPayload, IReadOnlyDictionary<string, string>?, IReadOnlyDictionary<string, string>?)' [/Users/kady/Masterdom/src/Masterdom.Platform/Masterdom.Platform.csproj]
/Users/kady/Masterdom/src/Masterdom.Platform/Events/Event.cs(39,20): warning CS1591: Missing XML comment for publicly visible type or member 'Event.EventId' [/Users/kady/Masterdom/src/Masterdom.Platform/Masterdom.Platform.csproj]
/Users/kady/Masterdom/src/Masterdom.Platform/Events/Event.cs(41,25): warning CS1591: Missing XML comment for publicly visible type or member 'Event.EventVersion' [/Users/kady/Masterdom/src/Masterdom.Platform/Masterdom.Platform.csproj]
/Users/kady/Masterdom/src/Masterdom.Platform/Events/Event.cs(43,26): warning CS1591: Missing XML comment for publicly visible type or member 'Event.Category' [/Users/kady/Masterdom/src/Masterdom.Platform/Masterdom.Platform.csproj]
/Users/kady/Masterdom/src/Masterdom.Platform/Events/Event.cs(45,22): warning CS1591: Missing XML comment for publicly visible type or member 'Event.EventType' [/Users/kady/Masterdom/src/Masterdom.Platform/Masterdom.Platform.csproj]
/Users/kady/Masterdom/src/Masterdom.Platform/Events/Event.cs(47,21): warning CS1591: Missing XML comment for publicly visible type or member 'Event.OccurredAtUtc' [/Users/kady/Masterdom/src/Masterdom.Platform/Masterdom.Platform.csproj]
/Users/kady/Masterdom/src/Masterdom.Platform/Events/Event.cs(49,25): warning CS1591: Missing XML comment for publicly visible type or member 'Event.Payload' [/Users/kady/Masterdom/src/Masterdom.Platform/Masterdom.Platform.csproj]
/Users/kady/Masterdom/src/Masterdom.Platform/Events/Event.cs(51,48): warning CS1591: Missing XML comment for publicly visible type or member 'Event.Headers' [/Users/kady/Masterdom/src/Masterdom.Platform/Masterdom.Platform.csproj]
/Users/kady/Masterdom/src/Masterdom.Platform/Events/Event.cs(53,48): warning CS1591: Missing XML comment for publicly visible type or member 'Event.Metadata' [/Users/kady/Masterdom/src/Masterdom.Platform/Masterdom.Platform.csproj]
/Users/kady/Masterdom/src/Masterdom.Platform/Events/EventCatalog.cs(12,12): warning CS1591: Missing XML comment for publicly visible type or member 'EventCatalog.EventCatalog(IEnumerable<EventDescriptor>, IEnumerable<EventHandlerDescriptor>)' [/Users/kady/Masterdom/src/Masterdom.Platform/Masterdom.Platform.csproj]
/Users/kady/Masterdom/src/Masterdom.Platform/Events/EventCatalog.cs(23,43): warning CS1591: Missing XML comment for publicly visible type or member 'EventCatalog.Events' [/Users/kady/Masterdom/src/Masterdom.Platform/Masterdom.Platform.csproj]
/Users/kady/Masterdom/src/Masterdom.Platform/Events/EventCatalog.cs(25,50): warning CS1591: Missing XML comment for publicly visible type or member 'EventCatalog.Handlers' [/Users/kady/Masterdom/src/Masterdom.Platform/Masterdom.Platform.csproj]
/Users/kady/Masterdom/src/Masterdom.Platform/Events/EventCatalogBuilder.cs(12,50): warning CS1591: Missing XML comment for publicly visible type or member 'EventCatalogBuilder.BuildFromCatalog(IEnumerable<ModuleCatalogEntry>)' [/Users/kady/Masterdom/src/Masterdom.Platform/Masterdom.Platform.csproj]
/Users/kady/Masterdom/src/Masterdom.Platform/Events/EventCategory.cs(8,5): warning CS1591: Missing XML comment for publicly visible type or member 'EventCategory.Domain' [/Users/kady/Masterdom/src/Masterdom.Platform/Masterdom.Platform.csproj]
/Users/kady/Masterdom/src/Masterdom.Platform/Events/EventCategory.cs(9,5): warning CS1591: Missing XML comment for publicly visible type or member 'EventCategory.Platform' [/Users/kady/Masterdom/src/Masterdom.Platform/Masterdom.Platform.csproj]
/Users/kady/Masterdom/src/Masterdom.Platform/Events/EventCategory.cs(10,5): warning CS1591: Missing XML comment for publicly visible type or member 'EventCategory.Application' [/Users/kady/Masterdom/src/Masterdom.Platform/Masterdom.Platform.csproj]
/Users/kady/Masterdom/src/Masterdom.Platform/Events/EventCategory.cs(11,5): warning CS1591: Missing XML comment for publicly visible type or member 'EventCategory.Integration' [/Users/kady/Masterdom/src/Masterdom.Platform/Masterdom.Platform.csproj]
/Users/kady/Masterdom/src/Masterdom.Platform/Events/EventCategory.cs(12,5): warning CS1591: Missing XML comment for publicly visible type or member 'EventCategory.Notification' [/Users/kady/Masterdom/src/Masterdom.Platform/Masterdom.Platform.csproj]
/Users/kady/Masterdom/src/Masterdom.Platform/Events/EventCategory.cs(13,5): warning CS1591: Missing XML comment for publicly visible type or member 'EventCategory.System' [/Users/kady/Masterdom/src/Masterdom.Platform/Masterdom.Platform.csproj]
/Users/kady/Masterdom/src/Masterdom.Platform/Events/EventCategory.cs(14,5): warning CS1591: Missing XML comment for publicly visible type or member 'EventCategory.Lifecycle' [/Users/kady/Masterdom/src/Masterdom.Platform/Masterdom.Platform.csproj]
/Users/kady/Masterdom/src/Masterdom.Platform/Events/EventContext.cs(10,28): warning CS1591: Missing XML comment for publicly visible type or member 'EventContext.ModuleId' [/Users/kady/Masterdom/src/Masterdom.Platform/Masterdom.Platform.csproj]
/Users/kady/Masterdom/src/Masterdom.Platform/Events/EventContext.cs(12,20): warning CS1591: Missing XML comment for publicly visible type or member 'EventContext.CorrelationId' [/Users/kady/Masterdom/src/Masterdom.Platform/Masterdom.Platform.csproj]
/Users/kady/Masterdom/src/Masterdom.Platform/Events/EventContext.cs(14,20): warning CS1591: Missing XML comment for publicly visible type or member 'EventContext.CausationId' [/Users/kady/Masterdom/src/Masterdom.Platform/Masterdom.Platform.csproj]
/Users/kady/Masterdom/src/Masterdom.Platform/Events/EventContext.cs(16,20): warning CS1591: Missing XML comment for publicly visible type or member 'EventContext.TenantId' [/Users/kady/Masterdom/src/Masterdom.Platform/Masterdom.Platform.csproj]
/Users/kady/Masterdom/src/Masterdom.Platform/Events/EventContext.cs(18,20): warning CS1591: Missing XML comment for publicly visible type or member 'EventContext.AggregateId' [/Users/kady/Masterdom/src/Masterdom.Platform/Masterdom.Platform.csproj]
/Users/kady/Masterdom/src/Masterdom.Platform/Events/EventContext.cs(20,20): warning CS1591: Missing XML comment for publicly visible type or member 'EventContext.AggregateType' [/Users/kady/Masterdom/src/Masterdom.Platform/Masterdom.Platform.csproj]
/Users/kady/Masterdom/src/Masterdom.Platform/Events/EventContext.cs(22,21): warning CS1591: Missing XML comment for publicly visible type or member 'EventContext.OccurredAtUtc' [/Users/kady/Masterdom/src/Masterdom.Platform/Masterdom.Platform.csproj]
/Users/kady/Masterdom/src/Masterdom.Platform/Events/EventContext.cs(24,17): warning CS1591: Missing XML comment for publicly visible type or member 'EventContext.Validate()' [/Users/kady/Masterdom/src/Masterdom.Platform/Masterdom.Platform.csproj]
/Users/kady/Masterdom/src/Masterdom.Platform/Events/EventDescriptor.cs(8,31): warning CS1591: Missing XML comment for publicly visible type or member 'EventDescriptor.EventType' [/Users/kady/Masterdom/src/Masterdom.Platform/Masterdom.Platform.csproj]
/Users/kady/Masterdom/src/Masterdom.Platform/Events/EventDescriptor.cs(10,35): warning CS1591: Missing XML comment for publicly visible type or member 'EventDescriptor.Category' [/Users/kady/Masterdom/src/Masterdom.Platform/Masterdom.Platform.csproj]
/Users/kady/Masterdom/src/Masterdom.Platform/Events/EventDescriptor.cs(12,34): warning CS1591: Missing XML comment for publicly visible type or member 'EventDescriptor.Version' [/Users/kady/Masterdom/src/Masterdom.Platform/Masterdom.Platform.csproj]
/Users/kady/Masterdom/src/Masterdom.Platform/Events/EventDescriptor.cs(14,17): warning CS1591: Missing XML comment for publicly visible type or member 'EventDescriptor.RequiresHandler' [/Users/kady/Masterdom/src/Masterdom.Platform/Masterdom.Platform.csproj]
/Users/kady/Masterdom/src/Masterdom.Platform/Events/EventDispatchContext.cs(10,35): warning CS1591: Missing XML comment for publicly visible type or member 'EventDispatchContext.Envelope' [/Users/kady/Masterdom/src/Masterdom.Platform/Masterdom.Platform.csproj]
/Users/kady/Masterdom/src/Masterdom.Platform/Events/EventDispatchContext.cs(12,41): warning CS1591: Missing XML comment for publicly visible type or member 'EventDispatchContext.Policy' [/Users/kady/Masterdom/src/Masterdom.Platform/Masterdom.Platform.csproj]
/Users/kady/Masterdom/src/Masterdom.Platform/Events/EventDispatchContext.cs(14,30): warning CS1591: Missing XML comment for publicly visible type or member 'EventDispatchContext.StartedAtUtc' [/Users/kady/Masterdom/src/Masterdom.Platform/Masterdom.Platform.csproj]
/Users/kady/Masterdom/src/Masterdom.Platform/Events/EventDispatchDiagnostic.cs(8,53): warning CS1591: Missing XML comment for publicly visible type or member 'EventDispatchDiagnostic.Severity' [/Users/kady/Masterdom/src/Masterdom.Platform/Masterdom.Platform.csproj]
/Users/kady/Masterdom/src/Masterdom.Platform/Events/EventDispatchDiagnostic.cs(10,28): warning CS1591: Missing XML comment for publicly visible type or member 'EventDispatchDiagnostic.Message' [/Users/kady/Masterdom/src/Masterdom.Platform/Masterdom.Platform.csproj]
/Users/kady/Masterdom/src/Masterdom.Platform/Events/EventDispatchDiagnostic.cs(12,20): warning CS1591: Missing XML comment for publicly visible type or member 'EventDispatchDiagnostic.HandlerId' [/Users/kady/Masterdom/src/Masterdom.Platform/Masterdom.Platform.csproj]
/Users/kady/Masterdom/src/Masterdom.Platform/Events/EventDispatchDiagnosticSeverity.cs(8,5): warning CS1591: Missing XML comment for publicly visible type or member 'EventDispatchDiagnosticSeverity.Information' [/Users/kady/Masterdom/src/Masterdom.Platform/Masterdom.Platform.csproj]
/Users/kady/Masterdom/src/Masterdom.Platform/Events/EventDispatchDiagnosticSeverity.cs(9,5): warning CS1591: Missing XML comment for publicly visible type or member 'EventDispatchDiagnosticSeverity.Warning' [/Users/kady/Masterdom/src/Masterdom.Platform/Masterdom.Platform.csproj]
/Users/kady/Masterdom/src/Masterdom.Platform/Events/EventDispatchDiagnosticSeverity.cs(10,5): warning CS1591: Missing XML comment for publicly visible type or member 'EventDispatchDiagnosticSeverity.Error' [/Users/kady/Masterdom/src/Masterdom.Platform/Masterdom.Platform.csproj]
/Users/kady/Masterdom/src/Masterdom.Platform/Events/EventDispatcher.cs(15,12): warning CS1591: Missing XML comment for publicly visible type or member 'EventDispatcher.EventDispatcher(IEventHandlerResolver, IEventIdempotencyTracker?)' [/Users/kady/Masterdom/src/Masterdom.Platform/Masterdom.Platform.csproj]
/Users/kady/Masterdom/src/Masterdom.Platform/Events/EventDispatcher.cs(23,32): warning CS1591: Missing XML comment for publicly visible type or member 'EventDispatcher.Dispatch(EventEnvelope, EventDispatchPolicy?)' [/Users/kady/Masterdom/src/Masterdom.Platform/Masterdom.Platform.csproj]
/Users/kady/Masterdom/src/Masterdom.Platform/Events/EventDispatchOrdering.cs(8,5): warning CS1591: Missing XML comment for publicly visible type or member 'EventDispatchOrdering.RegistrationOrder' [/Users/kady/Masterdom/src/Masterdom.Platform/Masterdom.Platform.csproj]
/Users/kady/Masterdom/src/Masterdom.Platform/Events/EventDispatchOrdering.cs(9,5): warning CS1591: Missing XML comment for publicly visible type or member 'EventDispatchOrdering.ExplicitOrder' [/Users/kady/Masterdom/src/Masterdom.Platform/Masterdom.Platform.csproj]
/Users/kady/Masterdom/src/Masterdom.Platform/Events/EventDispatchPolicy.cs(8,17): warning CS1591: Missing XML comment for publicly visible type or member 'EventDispatchPolicy.ContinueOnHandlerFailure' [/Users/kady/Masterdom/src/Masterdom.Platform/Masterdom.Platform.csproj]
/Users/kady/Masterdom/src/Masterdom.Platform/Events/EventDispatchPolicy.cs(10,34): warning CS1591: Missing XML comment for publicly visible type or member 'EventDispatchPolicy.Ordering' [/Users/kady/Masterdom/src/Masterdom.Platform/Masterdom.Platform.csproj]
/Users/kady/Masterdom/src/Masterdom.Platform/Events/EventDispatchPolicy.cs(12,17): warning CS1591: Missing XML comment for publicly visible type or member 'EventDispatchPolicy.RequireAtLeastOneHandler' [/Users/kady/Masterdom/src/Masterdom.Platform/Masterdom.Platform.csproj]
/Users/kady/Masterdom/src/Masterdom.Platform/Events/EventDispatchPolicy.cs(14,17): warning CS1591: Missing XML comment for publicly visible type or member 'EventDispatchPolicy.CaptureDiagnostics' [/Users/kady/Masterdom/src/Masterdom.Platform/Masterdom.Platform.csproj]
/Users/kady/Masterdom/src/Masterdom.Platform/Events/EventDispatchResult.cs(11,29): warning CS1591: Missing XML comment for publicly visible type or member 'EventDispatchResult.EventId' [/Users/kady/Masterdom/src/Masterdom.Platform/Masterdom.Platform.csproj]
/Users/kady/Masterdom/src/Masterdom.Platform/Events/EventDispatchResult.cs(13,31): warning CS1591: Missing XML comment for publicly visible type or member 'EventDispatchResult.EventType' [/Users/kady/Masterdom/src/Masterdom.Platform/Masterdom.Platform.csproj]
/Users/kady/Masterdom/src/Masterdom.Platform/Events/EventDispatchResult.cs(15,30): warning CS1591: Missing XML comment for publicly visible type or member 'EventDispatchResult.ExecutionTime' [/Users/kady/Masterdom/src/Masterdom.Platform/Masterdom.Platform.csproj]
/Users/kady/Masterdom/src/Masterdom.Platform/Events/EventDispatchResult.cs(17,25): warning CS1591: Missing XML comment for publicly visible type or member 'EventDispatchResult.HandlerCount' [/Users/kady/Masterdom/src/Masterdom.Platform/Masterdom.Platform.csproj]
/Users/kady/Masterdom/src/Masterdom.Platform/Events/EventDispatchResult.cs(19,25): warning CS1591: Missing XML comment for publicly visible type or member 'EventDispatchResult.SuccessfulHandlers' [/Users/kady/Masterdom/src/Masterdom.Platform/Masterdom.Platform.csproj]
/Users/kady/Masterdom/src/Masterdom.Platform/Events/EventDispatchResult.cs(21,25): warning CS1591: Missing XML comment for publicly visible type or member 'EventDispatchResult.FailedHandlers' [/Users/kady/Masterdom/src/Masterdom.Platform/Masterdom.Platform.csproj]
/Users/kady/Masterdom/src/Masterdom.Platform/Events/EventDispatchResult.cs(23,43): warning CS1591: Missing XML comment for publicly visible type or member 'EventDispatchResult.Warnings' [/Users/kady/Masterdom/src/Masterdom.Platform/Masterdom.Platform.csproj]
/Users/kady/Masterdom/src/Masterdom.Platform/Events/EventDispatchResult.cs(25,60): warning CS1591: Missing XML comment for publicly visible type or member 'EventDispatchResult.Diagnostics' [/Users/kady/Masterdom/src/Masterdom.Platform/Masterdom.Platform.csproj]
/Users/kady/Masterdom/src/Masterdom.Platform/Events/EventDispatchResult.cs(27,63): warning CS1591: Missing XML comment for publicly visible type or member 'EventDispatchResult.HandlerResults' [/Users/kady/Masterdom/src/Masterdom.Platform/Masterdom.Platform.csproj]
/Users/kady/Masterdom/src/Masterdom.Platform/Events/EventEnvelope.cs(12,12): warning CS1591: Missing XML comment for publicly visible type or member 'EventEnvelope.EventEnvelope(IEvent, EventContext, IReadOnlyDictionary<string, string>?, IReadOnlyDictionary<string, string>?)' [/Users/kady/Masterdom/src/Masterdom.Platform/Masterdom.Platform.csproj]
/Users/kady/Masterdom/src/Masterdom.Platform/Events/EventEnvelope.cs(43,19): warning CS1591: Missing XML comment for publicly visible type or member 'EventEnvelope.Event' [/Users/kady/Masterdom/src/Masterdom.Platform/Masterdom.Platform.csproj]
/Users/kady/Masterdom/src/Masterdom.Platform/Events/EventEnvelope.cs(45,20): warning CS1591: Missing XML comment for publicly visible type or member 'EventEnvelope.EventId' [/Users/kady/Masterdom/src/Masterdom.Platform/Masterdom.Platform.csproj]
/Users/kady/Masterdom/src/Masterdom.Platform/Events/EventEnvelope.cs(47,25): warning CS1591: Missing XML comment for publicly visible type or member 'EventEnvelope.EventVersion' [/Users/kady/Masterdom/src/Masterdom.Platform/Masterdom.Platform.csproj]
/Users/kady/Masterdom/src/Masterdom.Platform/Events/EventEnvelope.cs(49,21): warning CS1591: Missing XML comment for publicly visible type or member 'EventEnvelope.OccurredAtUtc' [/Users/kady/Masterdom/src/Masterdom.Platform/Masterdom.Platform.csproj]
/Users/kady/Masterdom/src/Masterdom.Platform/Events/EventEnvelope.cs(51,20): warning CS1591: Missing XML comment for publicly visible type or member 'EventEnvelope.CorrelationId' [/Users/kady/Masterdom/src/Masterdom.Platform/Masterdom.Platform.csproj]
/Users/kady/Masterdom/src/Masterdom.Platform/Events/EventEnvelope.cs(53,20): warning CS1591: Missing XML comment for publicly visible type or member 'EventEnvelope.CausationId' [/Users/kady/Masterdom/src/Masterdom.Platform/Masterdom.Platform.csproj]
/Users/kady/Masterdom/src/Masterdom.Platform/Events/EventEnvelope.cs(55,20): warning CS1591: Missing XML comment for publicly visible type or member 'EventEnvelope.TenantId' [/Users/kady/Masterdom/src/Masterdom.Platform/Masterdom.Platform.csproj]
/Users/kady/Masterdom/src/Masterdom.Platform/Events/EventEnvelope.cs(57,19): warning CS1591: Missing XML comment for publicly visible type or member 'EventEnvelope.ModuleId' [/Users/kady/Masterdom/src/Masterdom.Platform/Masterdom.Platform.csproj]
/Users/kady/Masterdom/src/Masterdom.Platform/Events/EventEnvelope.cs(59,20): warning CS1591: Missing XML comment for publicly visible type or member 'EventEnvelope.AggregateId' [/Users/kady/Masterdom/src/Masterdom.Platform/Masterdom.Platform.csproj]
/Users/kady/Masterdom/src/Masterdom.Platform/Events/EventEnvelope.cs(61,20): warning CS1591: Missing XML comment for publicly visible type or member 'EventEnvelope.AggregateType' [/Users/kady/Masterdom/src/Masterdom.Platform/Masterdom.Platform.csproj]
/Users/kady/Masterdom/src/Masterdom.Platform/Events/EventEnvelope.cs(63,22): warning CS1591: Missing XML comment for publicly visible type or member 'EventEnvelope.EventType' [/Users/kady/Masterdom/src/Masterdom.Platform/Masterdom.Platform.csproj]
/Users/kady/Masterdom/src/Masterdom.Platform/Events/EventEnvelope.cs(65,25): warning CS1591: Missing XML comment for publicly visible type or member 'EventEnvelope.Payload' [/Users/kady/Masterdom/src/Masterdom.Platform/Masterdom.Platform.csproj]
/Users/kady/Masterdom/src/Masterdom.Platform/Events/EventEnvelope.cs(67,48): warning CS1591: Missing XML comment for publicly visible type or member 'EventEnvelope.Headers' [/Users/kady/Masterdom/src/Masterdom.Platform/Masterdom.Platform.csproj]
/Users/kady/Masterdom/src/Masterdom.Platform/Events/EventEnvelope.cs(69,48): warning CS1591: Missing XML comment for publicly visible type or member 'EventEnvelope.Metadata' [/Users/kady/Masterdom/src/Masterdom.Platform/Masterdom.Platform.csproj]
/Users/kady/Masterdom/src/Masterdom.Platform/Events/EventEnvelope.cs(71,25): warning CS1591: Missing XML comment for publicly visible type or member 'EventEnvelope.Context' [/Users/kady/Masterdom/src/Masterdom.Platform/Masterdom.Platform.csproj]
/Users/kady/Masterdom/src/Masterdom.Platform/Events/EventHandlerDescriptor.cs(10,28): warning CS1591: Missing XML comment for publicly visible type or member 'EventHandlerDescriptor.HandlerId' [/Users/kady/Masterdom/src/Masterdom.Platform/Masterdom.Platform.csproj]
/Users/kady/Masterdom/src/Masterdom.Platform/Events/EventHandlerDescriptor.cs(12,31): warning CS1591: Missing XML comment for publicly visible type or member 'EventHandlerDescriptor.SubscribedEventType' [/Users/kady/Masterdom/src/Masterdom.Platform/Masterdom.Platform.csproj]
/Users/kady/Masterdom/src/Masterdom.Platform/Events/EventHandlerDescriptor.cs(14,16): warning CS1591: Missing XML comment for publicly visible type or member 'EventHandlerDescriptor.ExplicitOrder' [/Users/kady/Masterdom/src/Masterdom.Platform/Masterdom.Platform.csproj]
/Users/kady/Masterdom/src/Masterdom.Platform/Events/EventHandlerDescriptor.cs(16,37): warning CS1591: Missing XML comment for publicly visible type or member 'EventHandlerDescriptor.EmitsEventTypes' [/Users/kady/Masterdom/src/Masterdom.Platform/Masterdom.Platform.csproj]
/Users/kady/Masterdom/src/Masterdom.Platform/Events/EventHandlerDispatchResult.cs(10,28): warning CS1591: Missing XML comment for publicly visible type or member 'EventHandlerDispatchResult.HandlerId' [/Users/kady/Masterdom/src/Masterdom.Platform/Masterdom.Platform.csproj]
/Users/kady/Masterdom/src/Masterdom.Platform/Events/EventHandlerDispatchResult.cs(12,26): warning CS1591: Missing XML comment for publicly visible type or member 'EventHandlerDispatchResult.IsSuccess' [/Users/kady/Masterdom/src/Masterdom.Platform/Masterdom.Platform.csproj]
/Users/kady/Masterdom/src/Masterdom.Platform/Events/EventHandlerDispatchResult.cs(14,30): warning CS1591: Missing XML comment for publicly visible type or member 'EventHandlerDispatchResult.ExecutionTime' [/Users/kady/Masterdom/src/Masterdom.Platform/Masterdom.Platform.csproj]
/Users/kady/Masterdom/src/Masterdom.Platform/Events/EventHandlerDispatchResult.cs(16,20): warning CS1591: Missing XML comment for publicly visible type or member 'EventHandlerDispatchResult.Message' [/Users/kady/Masterdom/src/Masterdom.Platform/Masterdom.Platform.csproj]
/Users/kady/Masterdom/src/Masterdom.Platform/Events/EventHandlerResolver.cs(14,12): warning CS1591: Missing XML comment for publicly visible type or member 'EventHandlerResolver.EventHandlerResolver(IEventRegistry)' [/Users/kady/Masterdom/src/Masterdom.Platform/Masterdom.Platform.csproj]
/Users/kady/Masterdom/src/Masterdom.Platform/Events/EventHandlerResolver.cs(19,41): warning CS1591: Missing XML comment for publicly visible type or member 'EventHandlerResolver.Resolve(EventEnvelope, EventDispatchPolicy)' [/Users/kady/Masterdom/src/Masterdom.Platform/Masterdom.Platform.csproj]
/Users/kady/Masterdom/src/Masterdom.Platform/Events/EventHandlerResult.cs(10,17): warning CS1591: Missing XML comment for publicly visible type or member 'EventHandlerResult.IsSuccessful' [/Users/kady/Masterdom/src/Masterdom.Platform/Masterdom.Platform.csproj]
/Users/kady/Masterdom/src/Masterdom.Platform/Events/EventHandlerResult.cs(12,20): warning CS1591: Missing XML comment for publicly visible type or member 'EventHandlerResult.Warning' [/Users/kady/Masterdom/src/Masterdom.Platform/Masterdom.Platform.csproj]
/Users/kady/Masterdom/src/Masterdom.Platform/Events/EventHandlerResult.cs(14,48): warning CS1591: Missing XML comment for publicly visible type or member 'EventHandlerResult.Diagnostics' [/Users/kady/Masterdom/src/Masterdom.Platform/Masterdom.Platform.csproj]
/Users/kady/Masterdom/src/Masterdom.Platform/Events/EventId.cs(10,12): warning CS1591: Missing XML comment for publicly visible type or member 'EventId.EventId(Guid)' [/Users/kady/Masterdom/src/Masterdom.Platform/Masterdom.Platform.csproj]
/Users/kady/Masterdom/src/Masterdom.Platform/Events/EventId.cs(20,17): warning CS1591: Missing XML comment for publicly visible type or member 'EventId.Value' [/Users/kady/Masterdom/src/Masterdom.Platform/Masterdom.Platform.csproj]
/Users/kady/Masterdom/src/Masterdom.Platform/Events/EventPayload.cs(10,12): warning CS1591: Missing XML comment for publicly visible type or member 'EventPayload.EventPayload(string, string)' [/Users/kady/Masterdom/src/Masterdom.Platform/Masterdom.Platform.csproj]
/Users/kady/Masterdom/src/Masterdom.Platform/Events/EventPayload.cs(26,19): warning CS1591: Missing XML comment for publicly visible type or member 'EventPayload.Body' [/Users/kady/Masterdom/src/Masterdom.Platform/Masterdom.Platform.csproj]
/Users/kady/Masterdom/src/Masterdom.Platform/Events/EventPayload.cs(28,19): warning CS1591: Missing XML comment for publicly visible type or member 'EventPayload.ContentType' [/Users/kady/Masterdom/src/Masterdom.Platform/Masterdom.Platform.csproj]
/Users/kady/Masterdom/src/Masterdom.Platform/Events/EventPublisher.cs(13,12): warning CS1591: Missing XML comment for publicly visible type or member 'EventPublisher.EventPublisher(IEventStore, IEventDispatcher)' [/Users/kady/Masterdom/src/Masterdom.Platform/Masterdom.Platform.csproj]
/Users/kady/Masterdom/src/Masterdom.Platform/Events/EventPublisher.cs(19,31): warning CS1591: Missing XML comment for publicly visible type or member 'EventPublisher.Publish(EventEnvelope, EventDispatchPolicy?)' [/Users/kady/Masterdom/src/Masterdom.Platform/Masterdom.Platform.csproj]
/Users/kady/Masterdom/src/Masterdom.Platform/Events/EventPublisher.cs(33,31): warning CS1591: Missing XML comment for publicly visible type or member 'EventPublisher.Publish(IPlatformEvent, EventContext, EventDispatchPolicy?)' [/Users/kady/Masterdom/src/Masterdom.Platform/Masterdom.Platform.csproj]
/Users/kady/Masterdom/src/Masterdom.Platform/Events/EventPublishResult.cs(8,35): warning CS1591: Missing XML comment for publicly visible type or member 'EventPublishResult.Envelope' [/Users/kady/Masterdom/src/Masterdom.Platform/Masterdom.Platform.csproj]
/Users/kady/Masterdom/src/Masterdom.Platform/Events/EventPublishResult.cs(10,41): warning CS1591: Missing XML comment for publicly visible type or member 'EventPublishResult.Dispatch' [/Users/kady/Masterdom/src/Masterdom.Platform/Masterdom.Platform.csproj]
/Users/kady/Masterdom/src/Masterdom.Platform/Events/EventReadRequest.cs(10,23): warning CS1591: Missing XML comment for publicly visible type or member 'EventReadRequest.EventType' [/Users/kady/Masterdom/src/Masterdom.Platform/Masterdom.Platform.csproj]
/Users/kady/Masterdom/src/Masterdom.Platform/Events/EventReadRequest.cs(12,20): warning CS1591: Missing XML comment for publicly visible type or member 'EventReadRequest.AggregateId' [/Users/kady/Masterdom/src/Masterdom.Platform/Masterdom.Platform.csproj]
/Users/kady/Masterdom/src/Masterdom.Platform/Events/EventReadRequest.cs(14,20): warning CS1591: Missing XML comment for publicly visible type or member 'EventReadRequest.ModuleId' [/Users/kady/Masterdom/src/Masterdom.Platform/Masterdom.Platform.csproj]
/Users/kady/Masterdom/src/Masterdom.Platform/Events/EventReadRequest.cs(16,22): warning CS1591: Missing XML comment for publicly visible type or member 'EventReadRequest.FromUtc' [/Users/kady/Masterdom/src/Masterdom.Platform/Masterdom.Platform.csproj]
/Users/kady/Masterdom/src/Masterdom.Platform/Events/EventReadRequest.cs(18,22): warning CS1591: Missing XML comment for publicly visible type or member 'EventReadRequest.ToUtc' [/Users/kady/Masterdom/src/Masterdom.Platform/Masterdom.Platform.csproj]
/Users/kady/Masterdom/src/Masterdom.Platform/Events/EventRegistry.cs(20,17): warning CS1591: Missing XML comment for publicly visible type or member 'EventRegistry.RegisterEvent(EventDescriptor)' [/Users/kady/Masterdom/src/Masterdom.Platform/Masterdom.Platform.csproj]
/Users/kady/Masterdom/src/Masterdom.Platform/Events/EventRegistry.cs(35,17): warning CS1591: Missing XML comment for publicly visible type or member 'EventRegistry.RegisterEvents(IReadOnlyList<EventDescriptor>)' [/Users/kady/Masterdom/src/Masterdom.Platform/Masterdom.Platform.csproj]
/Users/kady/Masterdom/src/Masterdom.Platform/Events/EventRegistry.cs(45,17): warning CS1591: Missing XML comment for publicly visible type or member 'EventRegistry.RegisterHandler(IEventHandler)' [/Users/kady/Masterdom/src/Masterdom.Platform/Masterdom.Platform.csproj]
/Users/kady/Masterdom/src/Masterdom.Platform/Events/EventRegistry.cs(78,17): warning CS1591: Missing XML comment for publicly visible type or member 'EventRegistry.RegisterSubscriber(IEventSubscriber)' [/Users/kady/Masterdom/src/Masterdom.Platform/Masterdom.Platform.csproj]
/Users/kady/Masterdom/src/Masterdom.Platform/Events/EventRegistry.cs(83,26): warning CS1591: Missing XML comment for publicly visible type or member 'EventRegistry.GetCatalog()' [/Users/kady/Masterdom/src/Masterdom.Platform/Masterdom.Platform.csproj]
/Users/kady/Masterdom/src/Masterdom.Platform/Events/EventRegistry.cs(93,41): warning CS1591: Missing XML comment for publicly visible type or member 'EventRegistry.GetHandlers(EventType)' [/Users/kady/Masterdom/src/Masterdom.Platform/Masterdom.Platform.csproj]
/Users/kady/Masterdom/src/Masterdom.Platform/Events/EventRegistry.cs(108,17): warning CS1591: Missing XML comment for publicly visible type or member 'EventRegistry.Validate()' [/Users/kady/Masterdom/src/Masterdom.Platform/Masterdom.Platform.csproj]
/Users/kady/Masterdom/src/Masterdom.Platform/Events/EventStore.cs(13,12): warning CS1591: Missing XML comment for publicly visible type or member 'EventStore.EventStore(IEventRepository)' [/Users/kady/Masterdom/src/Masterdom.Platform/Masterdom.Platform.csproj]
/Users/kady/Masterdom/src/Masterdom.Platform/Events/EventStore.cs(18,17): warning CS1591: Missing XML comment for publicly visible type or member 'EventStore.Append(EventEnvelope)' [/Users/kady/Masterdom/src/Masterdom.Platform/Masterdom.Platform.csproj]
/Users/kady/Masterdom/src/Masterdom.Platform/Events/EventStore.cs(23,41): warning CS1591: Missing XML comment for publicly visible type or member 'EventStore.Read(EventReadRequest)' [/Users/kady/Masterdom/src/Masterdom.Platform/Masterdom.Platform.csproj]
/Users/kady/Masterdom/src/Masterdom.Platform/Events/EventType.cs(10,12): warning CS1591: Missing XML comment for publicly visible type or member 'EventType.EventType(string)' [/Users/kady/Masterdom/src/Masterdom.Platform/Masterdom.Platform.csproj]
/Users/kady/Masterdom/src/Masterdom.Platform/Events/EventType.cs(20,19): warning CS1591: Missing XML comment for publicly visible type or member 'EventType.Value' [/Users/kady/Masterdom/src/Masterdom.Platform/Masterdom.Platform.csproj]
/Users/kady/Masterdom/src/Masterdom.Platform/Events/EventType.cs(22,17): warning CS1591: Missing XML comment for publicly visible type or member 'EventType.Equals(EventType?)' [/Users/kady/Masterdom/src/Masterdom.Platform/Masterdom.Platform.csproj]
/Users/kady/Masterdom/src/Masterdom.Platform/Events/EventType.cs(28,26): warning CS1591: Missing XML comment for publicly visible type or member 'EventType.Equals(object?)' [/Users/kady/Masterdom/src/Masterdom.Platform/Masterdom.Platform.csproj]
/Users/kady/Masterdom/src/Masterdom.Platform/Events/EventType.cs(33,25): warning CS1591: Missing XML comment for publicly visible type or member 'EventType.GetHashCode()' [/Users/kady/Masterdom/src/Masterdom.Platform/Masterdom.Platform.csproj]
/Users/kady/Masterdom/src/Masterdom.Platform/Events/EventType.cs(38,28): warning CS1591: Missing XML comment for publicly visible type or member 'EventType.ToString()' [/Users/kady/Masterdom/src/Masterdom.Platform/Masterdom.Platform.csproj]
/Users/kady/Masterdom/src/Masterdom.Platform/Events/EventValidationException.cs(10,12): warning CS1591: Missing XML comment for publicly visible type or member 'EventValidationException.EventValidationException(string)' [/Users/kady/Masterdom/src/Masterdom.Platform/Masterdom.Platform.csproj]
/Users/kady/Masterdom/src/Masterdom.Platform/Events/EventVersion.cs(8,12): warning CS1591: Missing XML comment for publicly visible type or member 'EventVersion.EventVersion(int)' [/Users/kady/Masterdom/src/Masterdom.Platform/Masterdom.Platform.csproj]
/Users/kady/Masterdom/src/Masterdom.Platform/Events/EventVersion.cs(18,16): warning CS1591: Missing XML comment for publicly visible type or member 'EventVersion.Value' [/Users/kady/Masterdom/src/Masterdom.Platform/Masterdom.Platform.csproj]
/Users/kady/Masterdom/src/Masterdom.Platform/Events/IDomainEventAdapter.cs(10,24): warning CS1591: Missing XML comment for publicly visible type or member 'IDomainEventAdapter.Adapt(IDomainEvent, EventContext)' [/Users/kady/Masterdom/src/Masterdom.Platform/Masterdom.Platform.csproj]
/Users/kady/Masterdom/src/Masterdom.Platform/Events/IDomainEventPublisher.cs(10,30): warning CS1591: Missing XML comment for publicly visible type or member 'IDomainEventPublisher.Publish(IHasDomainEvents, EventContext, EventDispatchPolicy?, bool)' [/Users/kady/Masterdom/src/Masterdom.Platform/Masterdom.Platform.csproj]
/Users/kady/Masterdom/src/Masterdom.Platform/Events/IDomainRuntimeEvent.cs(10,25): warning CS1591: Missing XML comment for publicly visible type or member 'IDomainRuntimeEvent.DomainEvent' [/Users/kady/Masterdom/src/Masterdom.Platform/Masterdom.Platform.csproj]
/Users/kady/Masterdom/src/Masterdom.Platform/Events/IEvent.cs(11,13): warning CS1591: Missing XML comment for publicly visible type or member 'IEvent.EventId' [/Users/kady/Masterdom/src/Masterdom.Platform/Masterdom.Platform.csproj]
/Users/kady/Masterdom/src/Masterdom.Platform/Events/IEvent.cs(13,18): warning CS1591: Missing XML comment for publicly visible type or member 'IEvent.EventVersion' [/Users/kady/Masterdom/src/Masterdom.Platform/Masterdom.Platform.csproj]
/Users/kady/Masterdom/src/Masterdom.Platform/Events/IEvent.cs(15,19): warning CS1591: Missing XML comment for publicly visible type or member 'IEvent.Category' [/Users/kady/Masterdom/src/Masterdom.Platform/Masterdom.Platform.csproj]
/Users/kady/Masterdom/src/Masterdom.Platform/Events/IEvent.cs(17,15): warning CS1591: Missing XML comment for publicly visible type or member 'IEvent.EventType' [/Users/kady/Masterdom/src/Masterdom.Platform/Masterdom.Platform.csproj]
/Users/kady/Masterdom/src/Masterdom.Platform/Events/IEvent.cs(19,14): warning CS1591: Missing XML comment for publicly visible type or member 'IEvent.OccurredAtUtc' [/Users/kady/Masterdom/src/Masterdom.Platform/Masterdom.Platform.csproj]
/Users/kady/Masterdom/src/Masterdom.Platform/Events/IEvent.cs(21,18): warning CS1591: Missing XML comment for publicly visible type or member 'IEvent.Payload' [/Users/kady/Masterdom/src/Masterdom.Platform/Masterdom.Platform.csproj]
/Users/kady/Masterdom/src/Masterdom.Platform/Events/IEvent.cs(23,41): warning CS1591: Missing XML comment for publicly visible type or member 'IEvent.Headers' [/Users/kady/Masterdom/src/Masterdom.Platform/Masterdom.Platform.csproj]
/Users/kady/Masterdom/src/Masterdom.Platform/Events/IEvent.cs(25,41): warning CS1591: Missing XML comment for publicly visible type or member 'IEvent.Metadata' [/Users/kady/Masterdom/src/Masterdom.Platform/Masterdom.Platform.csproj]
/Users/kady/Masterdom/src/Masterdom.Platform/Events/IEventCatalog.cs(10,36): warning CS1591: Missing XML comment for publicly visible type or member 'IEventCatalog.Events' [/Users/kady/Masterdom/src/Masterdom.Platform/Masterdom.Platform.csproj]
/Users/kady/Masterdom/src/Masterdom.Platform/Events/IEventCatalog.cs(12,43): warning CS1591: Missing XML comment for publicly visible type or member 'IEventCatalog.Handlers' [/Users/kady/Masterdom/src/Masterdom.Platform/Masterdom.Platform.csproj]
/Users/kady/Masterdom/src/Masterdom.Platform/Events/IEventDispatcher.cs(8,25): warning CS1591: Missing XML comment for publicly visible type or member 'IEventDispatcher.Dispatch(EventEnvelope, EventDispatchPolicy?)' [/Users/kady/Masterdom/src/Masterdom.Platform/Masterdom.Platform.csproj]
/Users/kady/Masterdom/src/Masterdom.Platform/Events/IEventHandler.cs(8,28): warning CS1591: Missing XML comment for publicly visible type or member 'IEventHandler.Descriptor' [/Users/kady/Masterdom/src/Masterdom.Platform/Masterdom.Platform.csproj]
/Users/kady/Masterdom/src/Masterdom.Platform/Events/IEventHandler.cs(10,24): warning CS1591: Missing XML comment for publicly visible type or member 'IEventHandler.Handle(EventDispatchContext)' [/Users/kady/Masterdom/src/Masterdom.Platform/Masterdom.Platform.csproj]
/Users/kady/Masterdom/src/Masterdom.Platform/Events/IEventHandlerResolver.cs(10,34): warning CS1591: Missing XML comment for publicly visible type or member 'IEventHandlerResolver.Resolve(EventEnvelope, EventDispatchPolicy)' [/Users/kady/Masterdom/src/Masterdom.Platform/Masterdom.Platform.csproj]
/Users/kady/Masterdom/src/Masterdom.Platform/Events/IEventIdempotencyTracker.cs(8,10): warning CS1591: Missing XML comment for publicly visible type or member 'IEventIdempotencyTracker.HasProcessed(EventId, string)' [/Users/kady/Masterdom/src/Masterdom.Platform/Masterdom.Platform.csproj]
/Users/kady/Masterdom/src/Masterdom.Platform/Events/IEventIdempotencyTracker.cs(10,10): warning CS1591: Missing XML comment for publicly visible type or member 'IEventIdempotencyTracker.MarkProcessed(EventId, string)' [/Users/kady/Masterdom/src/Masterdom.Platform/Masterdom.Platform.csproj]
/Users/kady/Masterdom/src/Masterdom.Platform/Events/IEventOutbox.cs(8,10): warning CS1591: Missing XML comment for publicly visible type or member 'IEventOutbox.Enqueue(EventEnvelope)' [/Users/kady/Masterdom/src/Masterdom.Platform/Masterdom.Platform.csproj]
/Users/kady/Masterdom/src/Masterdom.Platform/Events/IEventPublisher.cs(8,24): warning CS1591: Missing XML comment for publicly visible type or member 'IEventPublisher.Publish(EventEnvelope, EventDispatchPolicy?)' [/Users/kady/Masterdom/src/Masterdom.Platform/Masterdom.Platform.csproj]
/Users/kady/Masterdom/src/Masterdom.Platform/Events/IEventPublisher.cs(10,24): warning CS1591: Missing XML comment for publicly visible type or member 'IEventPublisher.Publish(IPlatformEvent, EventContext, EventDispatchPolicy?)' [/Users/kady/Masterdom/src/Masterdom.Platform/Masterdom.Platform.csproj]
/Users/kady/Masterdom/src/Masterdom.Platform/Events/IEventRegistry.cs(10,10): warning CS1591: Missing XML comment for publicly visible type or member 'IEventRegistry.RegisterEvent(EventDescriptor)' [/Users/kady/Masterdom/src/Masterdom.Platform/Masterdom.Platform.csproj]
/Users/kady/Masterdom/src/Masterdom.Platform/Events/IEventRegistry.cs(12,10): warning CS1591: Missing XML comment for publicly visible type or member 'IEventRegistry.RegisterEvents(IReadOnlyList<EventDescriptor>)' [/Users/kady/Masterdom/src/Masterdom.Platform/Masterdom.Platform.csproj]
/Users/kady/Masterdom/src/Masterdom.Platform/Events/IEventRegistry.cs(14,10): warning CS1591: Missing XML comment for publicly visible type or member 'IEventRegistry.RegisterHandler(IEventHandler)' [/Users/kady/Masterdom/src/Masterdom.Platform/Masterdom.Platform.csproj]
/Users/kady/Masterdom/src/Masterdom.Platform/Events/IEventRegistry.cs(16,10): warning CS1591: Missing XML comment for publicly visible type or member 'IEventRegistry.RegisterSubscriber(IEventSubscriber)' [/Users/kady/Masterdom/src/Masterdom.Platform/Masterdom.Platform.csproj]
/Users/kady/Masterdom/src/Masterdom.Platform/Events/IEventRegistry.cs(18,19): warning CS1591: Missing XML comment for publicly visible type or member 'IEventRegistry.GetCatalog()' [/Users/kady/Masterdom/src/Masterdom.Platform/Masterdom.Platform.csproj]
/Users/kady/Masterdom/src/Masterdom.Platform/Events/IEventRegistry.cs(20,34): warning CS1591: Missing XML comment for publicly visible type or member 'IEventRegistry.GetHandlers(EventType)' [/Users/kady/Masterdom/src/Masterdom.Platform/Masterdom.Platform.csproj]
/Users/kady/Masterdom/src/Masterdom.Platform/Events/IEventRegistry.cs(22,10): warning CS1591: Missing XML comment for publicly visible type or member 'IEventRegistry.Validate()' [/Users/kady/Masterdom/src/Masterdom.Platform/Masterdom.Platform.csproj]
/Users/kady/Masterdom/src/Masterdom.Platform/Events/IEventRepository.cs(10,10): warning CS1591: Missing XML comment for publicly visible type or member 'IEventRepository.Save(EventEnvelope)' [/Users/kady/Masterdom/src/Masterdom.Platform/Masterdom.Platform.csproj]
/Users/kady/Masterdom/src/Masterdom.Platform/Events/IEventRepository.cs(12,34): warning CS1591: Missing XML comment for publicly visible type or member 'IEventRepository.Read(EventReadRequest)' [/Users/kady/Masterdom/src/Masterdom.Platform/Masterdom.Platform.csproj]
/Users/kady/Masterdom/src/Masterdom.Platform/Events/IEventStore.cs(10,10): warning CS1591: Missing XML comment for publicly visible type or member 'IEventStore.Append(EventEnvelope)' [/Users/kady/Masterdom/src/Masterdom.Platform/Masterdom.Platform.csproj]
/Users/kady/Masterdom/src/Masterdom.Platform/Events/IEventStore.cs(12,34): warning CS1591: Missing XML comment for publicly visible type or member 'IEventStore.Read(EventReadRequest)' [/Users/kady/Masterdom/src/Masterdom.Platform/Masterdom.Platform.csproj]
/Users/kady/Masterdom/src/Masterdom.Platform/Events/InMemoryEventRepository.cs(15,17): warning CS1591: Missing XML comment for publicly visible type or member 'InMemoryEventRepository.Save(EventEnvelope)' [/Users/kady/Masterdom/src/Masterdom.Platform/Masterdom.Platform.csproj]
/Users/kady/Masterdom/src/Masterdom.Platform/Events/InMemoryEventRepository.cs(28,41): warning CS1591: Missing XML comment for publicly visible type or member 'InMemoryEventRepository.Read(EventReadRequest)' [/Users/kady/Masterdom/src/Masterdom.Platform/Masterdom.Platform.csproj]
/Users/kady/Masterdom/src/Masterdom.Platform/Events/NoOpEventIdempotencyTracker.cs(8,17): warning CS1591: Missing XML comment for publicly visible type or member 'NoOpEventIdempotencyTracker.HasProcessed(EventId, string)' [/Users/kady/Masterdom/src/Masterdom.Platform/Masterdom.Platform.csproj]
/Users/kady/Masterdom/src/Masterdom.Platform/Events/NoOpEventIdempotencyTracker.cs(13,17): warning CS1591: Missing XML comment for publicly visible type or member 'NoOpEventIdempotencyTracker.MarkProcessed(EventId, string)' [/Users/kady/Masterdom/src/Masterdom.Platform/Masterdom.Platform.csproj]
/Users/kady/Masterdom/src/Masterdom.Platform/Events/PlatformEvent.cs(11,12): warning CS1591: Missing XML comment for publicly visible type or member 'PlatformEvent.PlatformEvent(EventId, EventVersion, EventType, DateTime, EventPayload, EventCategory, IReadOnlyDictionary<string, string>?, IReadOnlyDictionary<string, string>?)' [/Users/kady/Masterdom/src/Masterdom.Platform/Masterdom.Platform.csproj]
/Users/kady/Masterdom/src/Masterdom.Platform/Events/PlatformEventTypes.cs(8,29): warning CS1591: Missing XML comment for publicly visible type or member 'PlatformEventTypes.KernelStarted' [/Users/kady/Masterdom/src/Masterdom.Platform/Masterdom.Platform.csproj]
/Users/kady/Masterdom/src/Masterdom.Platform/Events/PlatformEventTypes.cs(11,29): warning CS1591: Missing XML comment for publicly visible type or member 'PlatformEventTypes.KernelStopped' [/Users/kady/Masterdom/src/Masterdom.Platform/Masterdom.Platform.csproj]
/Users/kady/Masterdom/src/Masterdom.Platform/Events/PlatformEventTypes.cs(14,29): warning CS1591: Missing XML comment for publicly visible type or member 'PlatformEventTypes.ModuleLoaded(string)' [/Users/kady/Masterdom/src/Masterdom.Platform/Masterdom.Platform.csproj]
/Users/kady/Masterdom/src/Masterdom.Platform/Events/PlatformEventTypes.cs(19,29): warning CS1591: Missing XML comment for publicly visible type or member 'PlatformEventTypes.ModuleInitialized(string)' [/Users/kady/Masterdom/src/Masterdom.Platform/Masterdom.Platform.csproj]
/Users/kady/Masterdom/src/Masterdom.Platform/Events/PlatformEventTypes.cs(24,29): warning CS1591: Missing XML comment for publicly visible type or member 'PlatformEventTypes.ModuleShutdown(string)' [/Users/kady/Masterdom/src/Masterdom.Platform/Masterdom.Platform.csproj]
/Users/kady/Masterdom/src/Masterdom.Platform/ImportExport/ColumnDefinition.cs(3,22): warning CS1591: Missing XML comment for publicly visible type or member 'ColumnDefinition' [/Users/kady/Masterdom/src/Masterdom.Platform/Masterdom.Platform.csproj]
/Users/kady/Masterdom/src/Masterdom.Platform/ImportExport/ColumnDefinition.cs(3,22): warning CS1591: Missing XML comment for publicly visible type or member 'ColumnDefinition.ColumnDefinition(string, string, bool, IReadOnlyCollection<string>, bool, string, string, string, string, string, string, string)' [/Users/kady/Masterdom/src/Masterdom.Platform/Masterdom.Platform.csproj]
/Users/kady/Masterdom/src/Masterdom.Platform/ImportExport/ColumnDefinition.cs(4,12): warning CS1591: Missing XML comment for publicly visible type or member 'ColumnDefinition.CanonicalName' [/Users/kady/Masterdom/src/Masterdom.Platform/Masterdom.Platform.csproj]
/Users/kady/Masterdom/src/Masterdom.Platform/ImportExport/ColumnDefinition.cs(5,12): warning CS1591: Missing XML comment for publicly visible type or member 'ColumnDefinition.SourceColumn' [/Users/kady/Masterdom/src/Masterdom.Platform/Masterdom.Platform.csproj]
/Users/kady/Masterdom/src/Masterdom.Platform/ImportExport/ColumnDefinition.cs(6,10): warning CS1591: Missing XML comment for publicly visible type or member 'ColumnDefinition.IsRequired' [/Users/kady/Masterdom/src/Masterdom.Platform/Masterdom.Platform.csproj]
/Users/kady/Masterdom/src/Masterdom.Platform/ImportExport/ColumnDefinition.cs(7,33): warning CS1591: Missing XML comment for publicly visible type or member 'ColumnDefinition.HeaderAliases' [/Users/kady/Masterdom/src/Masterdom.Platform/Masterdom.Platform.csproj]
/Users/kady/Masterdom/src/Masterdom.Platform/ImportExport/ColumnDefinition.cs(8,10): warning CS1591: Missing XML comment for publicly visible type or member 'ColumnDefinition.IsOptional' [/Users/kady/Masterdom/src/Masterdom.Platform/Masterdom.Platform.csproj]
/Users/kady/Masterdom/src/Masterdom.Platform/ImportExport/ColumnDefinition.cs(9,12): warning CS1591: Missing XML comment for publicly visible type or member 'ColumnDefinition.DefaultValue' [/Users/kady/Masterdom/src/Masterdom.Platform/Masterdom.Platform.csproj]
/Users/kady/Masterdom/src/Masterdom.Platform/ImportExport/ColumnDefinition.cs(10,12): warning CS1591: Missing XML comment for publicly visible type or member 'ColumnDefinition.DataType' [/Users/kady/Masterdom/src/Masterdom.Platform/Masterdom.Platform.csproj]
/Users/kady/Masterdom/src/Masterdom.Platform/ImportExport/ColumnDefinition.cs(11,12): warning CS1591: Missing XML comment for publicly visible type or member 'ColumnDefinition.DateFormat' [/Users/kady/Masterdom/src/Masterdom.Platform/Masterdom.Platform.csproj]
/Users/kady/Masterdom/src/Masterdom.Platform/ImportExport/ColumnDefinition.cs(12,12): warning CS1591: Missing XML comment for publicly visible type or member 'ColumnDefinition.NumberFormat' [/Users/kady/Masterdom/src/Masterdom.Platform/Masterdom.Platform.csproj]
/Users/kady/Masterdom/src/Masterdom.Platform/ImportExport/ColumnDefinition.cs(13,12): warning CS1591: Missing XML comment for publicly visible type or member 'ColumnDefinition.ValidationRule' [/Users/kady/Masterdom/src/Masterdom.Platform/Masterdom.Platform.csproj]
/Users/kady/Masterdom/src/Masterdom.Platform/ImportExport/ColumnDefinition.cs(14,12): warning CS1591: Missing XML comment for publicly visible type or member 'ColumnDefinition.TransformationRule' [/Users/kady/Masterdom/src/Masterdom.Platform/Masterdom.Platform.csproj]
/Users/kady/Masterdom/src/Masterdom.Platform/ImportExport/ColumnDefinition.cs(15,12): warning CS1591: Missing XML comment for publicly visible type or member 'ColumnDefinition.LookupRule' [/Users/kady/Masterdom/src/Masterdom.Platform/Masterdom.Platform.csproj]
/Users/kady/Masterdom/src/Masterdom.Platform/ImportExport/CsvImportExportProvider.cs(8,21): warning CS1591: Missing XML comment for publicly visible type or member 'CsvImportExportProvider' [/Users/kady/Masterdom/src/Masterdom.Platform/Masterdom.Platform.csproj]
/Users/kady/Masterdom/src/Masterdom.Platform/ImportExport/CsvImportExportProvider.cs(10,31): warning CS1591: Missing XML comment for publicly visible type or member 'CsvImportExportProvider.Format' [/Users/kady/Masterdom/src/Masterdom.Platform/Masterdom.Platform.csproj]
/Users/kady/Masterdom/src/Masterdom.Platform/ImportExport/CsvImportExportProvider.cs(12,69): warning CS1591: Missing XML comment for publicly visible type or member 'CsvImportExportProvider.ReadRows(Stream, ImportDefinition)' [/Users/kady/Masterdom/src/Masterdom.Platform/Masterdom.Platform.csproj]
/Users/kady/Masterdom/src/Masterdom.Platform/ImportExport/CsvImportExportProvider.cs(83,25): warning CS1591: Missing XML comment for publicly visible type or member 'CsvImportExportProvider.WriteRows(ExportRequest)' [/Users/kady/Masterdom/src/Masterdom.Platform/Masterdom.Platform.csproj]
/Users/kady/Masterdom/src/Masterdom.Platform/ImportExport/ExcelImportExportProvider.cs(5,21): warning CS1591: Missing XML comment for publicly visible type or member 'ExcelImportExportProvider' [/Users/kady/Masterdom/src/Masterdom.Platform/Masterdom.Platform.csproj]
/Users/kady/Masterdom/src/Masterdom.Platform/ImportExport/ExcelImportExportProvider.cs(7,31): warning CS1591: Missing XML comment for publicly visible type or member 'ExcelImportExportProvider.Format' [/Users/kady/Masterdom/src/Masterdom.Platform/Masterdom.Platform.csproj]
/Users/kady/Masterdom/src/Masterdom.Platform/ImportExport/ExcelImportExportProvider.cs(9,69): warning CS1591: Missing XML comment for publicly visible type or member 'ExcelImportExportProvider.ReadRows(Stream, ImportDefinition)' [/Users/kady/Masterdom/src/Masterdom.Platform/Masterdom.Platform.csproj]
/Users/kady/Masterdom/src/Masterdom.Platform/ImportExport/ExcelImportExportProvider.cs(66,25): warning CS1591: Missing XML comment for publicly visible type or member 'ExcelImportExportProvider.WriteRows(ExportRequest)' [/Users/kady/Masterdom/src/Masterdom.Platform/Masterdom.Platform.csproj]
/Users/kady/Masterdom/src/Masterdom.Platform/ImportExport/ExportPipeline.cs(3,21): warning CS1591: Missing XML comment for publicly visible type or member 'ExportPipeline' [/Users/kady/Masterdom/src/Masterdom.Platform/Masterdom.Platform.csproj]
/Users/kady/Masterdom/src/Masterdom.Platform/ImportExport/ExportPipeline.cs(7,12): warning CS1591: Missing XML comment for publicly visible type or member 'ExportPipeline.ExportPipeline(IImportExportRegistry)' [/Users/kady/Masterdom/src/Masterdom.Platform/Masterdom.Platform.csproj]
/Users/kady/Masterdom/src/Masterdom.Platform/ImportExport/ExportPipeline.cs(12,25): warning CS1591: Missing XML comment for publicly visible type or member 'ExportPipeline.Execute(ExportRequest)' [/Users/kady/Masterdom/src/Masterdom.Platform/Masterdom.Platform.csproj]
/Users/kady/Masterdom/src/Masterdom.Platform/ImportExport/ExportRequest.cs(3,22): warning CS1591: Missing XML comment for publicly visible type or member 'ExportRequest' [/Users/kady/Masterdom/src/Masterdom.Platform/Masterdom.Platform.csproj]
/Users/kady/Masterdom/src/Masterdom.Platform/ImportExport/ExportRequest.cs(3,22): warning CS1591: Missing XML comment for publicly visible type or member 'ExportRequest.ExportRequest(string, ImportExportFormat, ImportDefinition, IReadOnlyCollection<IReadOnlyDictionary<string, string>>)' [/Users/kady/Masterdom/src/Masterdom.Platform/Masterdom.Platform.csproj]
/Users/kady/Masterdom/src/Masterdom.Platform/ImportExport/ExportRequest.cs(4,12): warning CS1591: Missing XML comment for publicly visible type or member 'ExportRequest.JobCode' [/Users/kady/Masterdom/src/Masterdom.Platform/Masterdom.Platform.csproj]
/Users/kady/Masterdom/src/Masterdom.Platform/ImportExport/ExportRequest.cs(5,24): warning CS1591: Missing XML comment for publicly visible type or member 'ExportRequest.Format' [/Users/kady/Masterdom/src/Masterdom.Platform/Masterdom.Platform.csproj]
/Users/kady/Masterdom/src/Masterdom.Platform/ImportExport/ExportRequest.cs(6,22): warning CS1591: Missing XML comment for publicly visible type or member 'ExportRequest.Definition' [/Users/kady/Masterdom/src/Masterdom.Platform/Masterdom.Platform.csproj]
/Users/kady/Masterdom/src/Masterdom.Platform/ImportExport/ExportRequest.cs(7,62): warning CS1591: Missing XML comment for publicly visible type or member 'ExportRequest.Rows' [/Users/kady/Masterdom/src/Masterdom.Platform/Masterdom.Platform.csproj]
/Users/kady/Masterdom/src/Masterdom.Platform/ImportExport/ExportResult.cs(3,22): warning CS1591: Missing XML comment for publicly visible type or member 'ExportResult' [/Users/kady/Masterdom/src/Masterdom.Platform/Masterdom.Platform.csproj]
/Users/kady/Masterdom/src/Masterdom.Platform/ImportExport/ExportResult.cs(3,22): warning CS1591: Missing XML comment for publicly visible type or member 'ExportResult.ExportResult(string, string, byte[])' [/Users/kady/Masterdom/src/Masterdom.Platform/Masterdom.Platform.csproj]
/Users/kady/Masterdom/src/Masterdom.Platform/ImportExport/ExportResult.cs(4,12): warning CS1591: Missing XML comment for publicly visible type or member 'ExportResult.MimeType' [/Users/kady/Masterdom/src/Masterdom.Platform/Masterdom.Platform.csproj]
/Users/kady/Masterdom/src/Masterdom.Platform/ImportExport/ExportResult.cs(5,12): warning CS1591: Missing XML comment for publicly visible type or member 'ExportResult.FileName' [/Users/kady/Masterdom/src/Masterdom.Platform/Masterdom.Platform.csproj]
/Users/kady/Masterdom/src/Masterdom.Platform/ImportExport/ExportResult.cs(6,12): warning CS1591: Missing XML comment for publicly visible type or member 'ExportResult.Content' [/Users/kady/Masterdom/src/Masterdom.Platform/Masterdom.Platform.csproj]
/Users/kady/Masterdom/src/Masterdom.Platform/ImportExport/IExportPipeline.cs(3,18): warning CS1591: Missing XML comment for publicly visible type or member 'IExportPipeline' [/Users/kady/Masterdom/src/Masterdom.Platform/Masterdom.Platform.csproj]
/Users/kady/Masterdom/src/Masterdom.Platform/ImportExport/IExportPipeline.cs(5,18): warning CS1591: Missing XML comment for publicly visible type or member 'IExportPipeline.Execute(ExportRequest)' [/Users/kady/Masterdom/src/Masterdom.Platform/Masterdom.Platform.csproj]
/Users/kady/Masterdom/src/Masterdom.Platform/ImportExport/IExportProvider.cs(3,18): warning CS1591: Missing XML comment for publicly visible type or member 'IExportProvider' [/Users/kady/Masterdom/src/Masterdom.Platform/Masterdom.Platform.csproj]
/Users/kady/Masterdom/src/Masterdom.Platform/ImportExport/IExportProvider.cs(5,24): warning CS1591: Missing XML comment for publicly visible type or member 'IExportProvider.Format' [/Users/kady/Masterdom/src/Masterdom.Platform/Masterdom.Platform.csproj]
/Users/kady/Masterdom/src/Masterdom.Platform/ImportExport/IExportProvider.cs(7,18): warning CS1591: Missing XML comment for publicly visible type or member 'IExportProvider.WriteRows(ExportRequest)' [/Users/kady/Masterdom/src/Masterdom.Platform/Masterdom.Platform.csproj]
/Users/kady/Masterdom/src/Masterdom.Platform/ImportExport/IImportExportRegistry.cs(3,18): warning CS1591: Missing XML comment for publicly visible type or member 'IImportExportRegistry' [/Users/kady/Masterdom/src/Masterdom.Platform/Masterdom.Platform.csproj]
/Users/kady/Masterdom/src/Masterdom.Platform/ImportExport/IImportExportRegistry.cs(5,21): warning CS1591: Missing XML comment for publicly visible type or member 'IImportExportRegistry.ResolveImportProvider(ImportExportFormat)' [/Users/kady/Masterdom/src/Masterdom.Platform/Masterdom.Platform.csproj]
/Users/kady/Masterdom/src/Masterdom.Platform/ImportExport/IImportExportRegistry.cs(7,21): warning CS1591: Missing XML comment for publicly visible type or member 'IImportExportRegistry.ResolveExportProvider(ImportExportFormat)' [/Users/kady/Masterdom/src/Masterdom.Platform/Masterdom.Platform.csproj]
/Users/kady/Masterdom/src/Masterdom.Platform/ImportExport/IImportPipeline.cs(3,18): warning CS1591: Missing XML comment for publicly visible type or member 'IImportPipeline' [/Users/kady/Masterdom/src/Masterdom.Platform/Masterdom.Platform.csproj]
/Users/kady/Masterdom/src/Masterdom.Platform/ImportExport/IImportPipeline.cs(5,18): warning CS1591: Missing XML comment for publicly visible type or member 'IImportPipeline.Execute(ImportRequest)' [/Users/kady/Masterdom/src/Masterdom.Platform/Masterdom.Platform.csproj]
/Users/kady/Masterdom/src/Masterdom.Platform/ImportExport/IImportProvider.cs(3,18): warning CS1591: Missing XML comment for publicly visible type or member 'IImportProvider' [/Users/kady/Masterdom/src/Masterdom.Platform/Masterdom.Platform.csproj]
/Users/kady/Masterdom/src/Masterdom.Platform/ImportExport/IImportProvider.cs(5,24): warning CS1591: Missing XML comment for publicly visible type or member 'IImportProvider.Format' [/Users/kady/Masterdom/src/Masterdom.Platform/Masterdom.Platform.csproj]
/Users/kady/Masterdom/src/Masterdom.Platform/ImportExport/IImportProvider.cs(7,62): warning CS1591: Missing XML comment for publicly visible type or member 'IImportProvider.ReadRows(Stream, ImportDefinition)' [/Users/kady/Masterdom/src/Masterdom.Platform/Masterdom.Platform.csproj]
/Users/kady/Masterdom/src/Masterdom.Platform/ImportExport/ILookupProvider.cs(3,18): warning CS1591: Missing XML comment for publicly visible type or member 'ILookupProvider' [/Users/kady/Masterdom/src/Masterdom.Platform/Masterdom.Platform.csproj]
/Users/kady/Masterdom/src/Masterdom.Platform/ImportExport/ILookupProvider.cs(5,12): warning CS1591: Missing XML comment for publicly visible type or member 'ILookupProvider.Name' [/Users/kady/Masterdom/src/Masterdom.Platform/Masterdom.Platform.csproj]
/Users/kady/Masterdom/src/Masterdom.Platform/ImportExport/ILookupProvider.cs(7,12): warning CS1591: Missing XML comment for publicly visible type or member 'ILookupProvider.Resolve(string, string, IReadOnlyDictionary<string, string>)' [/Users/kady/Masterdom/src/Masterdom.Platform/Masterdom.Platform.csproj]
/Users/kady/Masterdom/src/Masterdom.Platform/ImportExport/ILookupProviderRegistry.cs(3,18): warning CS1591: Missing XML comment for publicly visible type or member 'ILookupProviderRegistry' [/Users/kady/Masterdom/src/Masterdom.Platform/Masterdom.Platform.csproj]
/Users/kady/Masterdom/src/Masterdom.Platform/ImportExport/ILookupProviderRegistry.cs(5,21): warning CS1591: Missing XML comment for publicly visible type or member 'ILookupProviderRegistry.Resolve(string)' [/Users/kady/Masterdom/src/Masterdom.Platform/Masterdom.Platform.csproj]
/Users/kady/Masterdom/src/Masterdom.Platform/ImportExport/ImportDefinition.cs(3,22): warning CS1591: Missing XML comment for publicly visible type or member 'ImportDefinition' [/Users/kady/Masterdom/src/Masterdom.Platform/Masterdom.Platform.csproj]
/Users/kady/Masterdom/src/Masterdom.Platform/ImportExport/ImportDefinition.cs(3,22): warning CS1591: Missing XML comment for publicly visible type or member 'ImportDefinition.ImportDefinition(string, int, int, string, IReadOnlyCollection<ColumnDefinition>, IReadOnlyDictionary<string, string>, string, string, string, string, string, IReadOnlyDictionary<string, string>, IReadOnlyDictionary<string, string>, IReadOnlyDictionary<string, string>, string)' [/Users/kady/Masterdom/src/Masterdom.Platform/Masterdom.Platform.csproj]
/Users/kady/Masterdom/src/Masterdom.Platform/ImportExport/ImportDefinition.cs(4,12): warning CS1591: Missing XML comment for publicly visible type or member 'ImportDefinition.Worksheet' [/Users/kady/Masterdom/src/Masterdom.Platform/Masterdom.Platform.csproj]
/Users/kady/Masterdom/src/Masterdom.Platform/ImportExport/ImportDefinition.cs(5,9): warning CS1591: Missing XML comment for publicly visible type or member 'ImportDefinition.HeaderRow' [/Users/kady/Masterdom/src/Masterdom.Platform/Masterdom.Platform.csproj]
/Users/kady/Masterdom/src/Masterdom.Platform/ImportExport/ImportDefinition.cs(6,9): warning CS1591: Missing XML comment for publicly visible type or member 'ImportDefinition.DataStartRow' [/Users/kady/Masterdom/src/Masterdom.Platform/Masterdom.Platform.csproj]
/Users/kady/Masterdom/src/Masterdom.Platform/ImportExport/ImportDefinition.cs(7,12): warning CS1591: Missing XML comment for publicly visible type or member 'ImportDefinition.FooterHandling' [/Users/kady/Masterdom/src/Masterdom.Platform/Masterdom.Platform.csproj]
/Users/kady/Masterdom/src/Masterdom.Platform/ImportExport/ImportDefinition.cs(8,43): warning CS1591: Missing XML comment for publicly visible type or member 'ImportDefinition.Columns' [/Users/kady/Masterdom/src/Masterdom.Platform/Masterdom.Platform.csproj]
/Users/kady/Masterdom/src/Masterdom.Platform/ImportExport/ImportDefinition.cs(9,41): warning CS1591: Missing XML comment for publicly visible type or member 'ImportDefinition.DefaultValues' [/Users/kady/Masterdom/src/Masterdom.Platform/Masterdom.Platform.csproj]
/Users/kady/Masterdom/src/Masterdom.Platform/ImportExport/ImportDefinition.cs(10,12): warning CS1591: Missing XML comment for publicly visible type or member 'ImportDefinition.TextEncoding' [/Users/kady/Masterdom/src/Masterdom.Platform/Masterdom.Platform.csproj]
/Users/kady/Masterdom/src/Masterdom.Platform/ImportExport/ImportDefinition.cs(11,12): warning CS1591: Missing XML comment for publicly visible type or member 'ImportDefinition.CsvDelimiter' [/Users/kady/Masterdom/src/Masterdom.Platform/Masterdom.Platform.csproj]
/Users/kady/Masterdom/src/Masterdom.Platform/ImportExport/ImportDefinition.cs(12,12): warning CS1591: Missing XML comment for publicly visible type or member 'ImportDefinition.DateFormat' [/Users/kady/Masterdom/src/Masterdom.Platform/Masterdom.Platform.csproj]
/Users/kady/Masterdom/src/Masterdom.Platform/ImportExport/ImportDefinition.cs(13,12): warning CS1591: Missing XML comment for publicly visible type or member 'ImportDefinition.NumberFormat' [/Users/kady/Masterdom/src/Masterdom.Platform/Masterdom.Platform.csproj]
/Users/kady/Masterdom/src/Masterdom.Platform/ImportExport/ImportDefinition.cs(14,12): warning CS1591: Missing XML comment for publicly visible type or member 'ImportDefinition.DuplicateHandlingStrategy' [/Users/kady/Masterdom/src/Masterdom.Platform/Masterdom.Platform.csproj]
/Users/kady/Masterdom/src/Masterdom.Platform/ImportExport/ImportDefinition.cs(15,41): warning CS1591: Missing XML comment for publicly visible type or member 'ImportDefinition.ValidationRules' [/Users/kady/Masterdom/src/Masterdom.Platform/Masterdom.Platform.csproj]
/Users/kady/Masterdom/src/Masterdom.Platform/ImportExport/ImportDefinition.cs(16,41): warning CS1591: Missing XML comment for publicly visible type or member 'ImportDefinition.TransformationRules' [/Users/kady/Masterdom/src/Masterdom.Platform/Masterdom.Platform.csproj]
/Users/kady/Masterdom/src/Masterdom.Platform/ImportExport/ImportDefinition.cs(17,41): warning CS1591: Missing XML comment for publicly visible type or member 'ImportDefinition.LookupRules' [/Users/kady/Masterdom/src/Masterdom.Platform/Masterdom.Platform.csproj]
/Users/kady/Masterdom/src/Masterdom.Platform/ImportExport/ImportDefinition.cs(18,12): warning CS1591: Missing XML comment for publicly visible type or member 'ImportDefinition.ErrorHandlingPolicy' [/Users/kady/Masterdom/src/Masterdom.Platform/Masterdom.Platform.csproj]
/Users/kady/Masterdom/src/Masterdom.Platform/ImportExport/ImportDefinitionCatalogReference.cs(5,22): warning CS1591: Missing XML comment for publicly visible type or member 'ImportDefinitionCatalogReference' [/Users/kady/Masterdom/src/Masterdom.Platform/Masterdom.Platform.csproj]
/Users/kady/Masterdom/src/Masterdom.Platform/ImportExport/ImportDefinitionCatalogReference.cs(5,22): warning CS1591: Missing XML comment for publicly visible type or member 'ImportDefinitionCatalogReference.ImportDefinitionCatalogReference(ConfigurationKey, ConfigurationResolutionRequest)' [/Users/kady/Masterdom/src/Masterdom.Platform/Masterdom.Platform.csproj]
/Users/kady/Masterdom/src/Masterdom.Platform/ImportExport/ImportDefinitionCatalogReference.cs(6,22): warning CS1591: Missing XML comment for publicly visible type or member 'ImportDefinitionCatalogReference.ConfigurationKey' [/Users/kady/Masterdom/src/Masterdom.Platform/Masterdom.Platform.csproj]
/Users/kady/Masterdom/src/Masterdom.Platform/ImportExport/ImportDefinitionCatalogReference.cs(7,36): warning CS1591: Missing XML comment for publicly visible type or member 'ImportDefinitionCatalogReference.ResolutionRequest' [/Users/kady/Masterdom/src/Masterdom.Platform/Masterdom.Platform.csproj]
/Users/kady/Masterdom/src/Masterdom.Platform/ImportExport/ImportError.cs(3,22): warning CS1591: Missing XML comment for publicly visible type or member 'ImportError' [/Users/kady/Masterdom/src/Masterdom.Platform/Masterdom.Platform.csproj]
/Users/kady/Masterdom/src/Masterdom.Platform/ImportExport/ImportError.cs(3,22): warning CS1591: Missing XML comment for publicly visible type or member 'ImportError.ImportError(int, string, string, string, ImportExportSeverity, bool)' [/Users/kady/Masterdom/src/Masterdom.Platform/Masterdom.Platform.csproj]
/Users/kady/Masterdom/src/Masterdom.Platform/ImportExport/ImportError.cs(4,9): warning CS1591: Missing XML comment for publicly visible type or member 'ImportError.RowNumber' [/Users/kady/Masterdom/src/Masterdom.Platform/Masterdom.Platform.csproj]
/Users/kady/Masterdom/src/Masterdom.Platform/ImportExport/ImportError.cs(5,12): warning CS1591: Missing XML comment for publicly visible type or member 'ImportError.Column' [/Users/kady/Masterdom/src/Masterdom.Platform/Masterdom.Platform.csproj]
/Users/kady/Masterdom/src/Masterdom.Platform/ImportExport/ImportError.cs(6,12): warning CS1591: Missing XML comment for publicly visible type or member 'ImportError.OffendingValue' [/Users/kady/Masterdom/src/Masterdom.Platform/Masterdom.Platform.csproj]
/Users/kady/Masterdom/src/Masterdom.Platform/ImportExport/ImportError.cs(7,12): warning CS1591: Missing XML comment for publicly visible type or member 'ImportError.Message' [/Users/kady/Masterdom/src/Masterdom.Platform/Masterdom.Platform.csproj]
/Users/kady/Masterdom/src/Masterdom.Platform/ImportExport/ImportError.cs(8,26): warning CS1591: Missing XML comment for publicly visible type or member 'ImportError.Severity' [/Users/kady/Masterdom/src/Masterdom.Platform/Masterdom.Platform.csproj]
/Users/kady/Masterdom/src/Masterdom.Platform/ImportExport/ImportError.cs(9,10): warning CS1591: Missing XML comment for publicly visible type or member 'ImportError.IsRecoverable' [/Users/kady/Masterdom/src/Masterdom.Platform/Masterdom.Platform.csproj]
/Users/kady/Masterdom/src/Masterdom.Platform/ImportExport/ImportExportFormat.cs(3,13): warning CS1591: Missing XML comment for publicly visible type or member 'ImportExportFormat' [/Users/kady/Masterdom/src/Masterdom.Platform/Masterdom.Platform.csproj]
/Users/kady/Masterdom/src/Masterdom.Platform/ImportExport/ImportExportFormat.cs(5,5): warning CS1591: Missing XML comment for publicly visible type or member 'ImportExportFormat.Csv' [/Users/kady/Masterdom/src/Masterdom.Platform/Masterdom.Platform.csproj]
/Users/kady/Masterdom/src/Masterdom.Platform/ImportExport/ImportExportFormat.cs(6,5): warning CS1591: Missing XML comment for publicly visible type or member 'ImportExportFormat.ExcelXlsx' [/Users/kady/Masterdom/src/Masterdom.Platform/Masterdom.Platform.csproj]
/Users/kady/Masterdom/src/Masterdom.Platform/ImportExport/ImportExportRegistry.cs(3,21): warning CS1591: Missing XML comment for publicly visible type or member 'ImportExportRegistry' [/Users/kady/Masterdom/src/Masterdom.Platform/Masterdom.Platform.csproj]
/Users/kady/Masterdom/src/Masterdom.Platform/ImportExport/ImportExportRegistry.cs(8,12): warning CS1591: Missing XML comment for publicly visible type or member 'ImportExportRegistry.ImportExportRegistry(IEnumerable<IImportProvider>, IEnumerable<IExportProvider>)' [/Users/kady/Masterdom/src/Masterdom.Platform/Masterdom.Platform.csproj]
/Users/kady/Masterdom/src/Masterdom.Platform/ImportExport/ImportExportRegistry.cs(19,28): warning CS1591: Missing XML comment for publicly visible type or member 'ImportExportRegistry.ResolveImportProvider(ImportExportFormat)' [/Users/kady/Masterdom/src/Masterdom.Platform/Masterdom.Platform.csproj]
/Users/kady/Masterdom/src/Masterdom.Platform/ImportExport/ImportExportRegistry.cs(26,28): warning CS1591: Missing XML comment for publicly visible type or member 'ImportExportRegistry.ResolveExportProvider(ImportExportFormat)' [/Users/kady/Masterdom/src/Masterdom.Platform/Masterdom.Platform.csproj]
/Users/kady/Masterdom/src/Masterdom.Platform/ImportExport/ImportExportSeverity.cs(3,13): warning CS1591: Missing XML comment for publicly visible type or member 'ImportExportSeverity' [/Users/kady/Masterdom/src/Masterdom.Platform/Masterdom.Platform.csproj]
/Users/kady/Masterdom/src/Masterdom.Platform/ImportExport/ImportExportSeverity.cs(5,5): warning CS1591: Missing XML comment for publicly visible type or member 'ImportExportSeverity.Info' [/Users/kady/Masterdom/src/Masterdom.Platform/Masterdom.Platform.csproj]
/Users/kady/Masterdom/src/Masterdom.Platform/ImportExport/ImportExportSeverity.cs(6,5): warning CS1591: Missing XML comment for publicly visible type or member 'ImportExportSeverity.Warning' [/Users/kady/Masterdom/src/Masterdom.Platform/Masterdom.Platform.csproj]
/Users/kady/Masterdom/src/Masterdom.Platform/ImportExport/ImportExportSeverity.cs(7,5): warning CS1591: Missing XML comment for publicly visible type or member 'ImportExportSeverity.Error' [/Users/kady/Masterdom/src/Masterdom.Platform/Masterdom.Platform.csproj]
/Users/kady/Masterdom/src/Masterdom.Platform/ImportExport/ImportPipeline.cs(5,21): warning CS1591: Missing XML comment for publicly visible type or member 'ImportPipeline' [/Users/kady/Masterdom/src/Masterdom.Platform/Masterdom.Platform.csproj]
/Users/kady/Masterdom/src/Masterdom.Platform/ImportExport/ImportPipeline.cs(11,12): warning CS1591: Missing XML comment for publicly visible type or member 'ImportPipeline.ImportPipeline(IImportExportRegistry, IBusinessConfigurationCatalog, ILookupProviderRegistry?)' [/Users/kady/Masterdom/src/Masterdom.Platform/Masterdom.Platform.csproj]
/Users/kady/Masterdom/src/Masterdom.Platform/ImportExport/ImportPipeline.cs(21,25): warning CS1591: Missing XML comment for publicly visible type or member 'ImportPipeline.Execute(ImportRequest)' [/Users/kady/Masterdom/src/Masterdom.Platform/Masterdom.Platform.csproj]
/Users/kady/Masterdom/src/Masterdom.Platform/ImportExport/ImportProgress.cs(3,22): warning CS1591: Missing XML comment for publicly visible type or member 'ImportProgress' [/Users/kady/Masterdom/src/Masterdom.Platform/Masterdom.Platform.csproj]
/Users/kady/Masterdom/src/Masterdom.Platform/ImportExport/ImportProgress.cs(3,22): warning CS1591: Missing XML comment for publicly visible type or member 'ImportProgress.ImportProgress(int, int, int, int)' [/Users/kady/Masterdom/src/Masterdom.Platform/Masterdom.Platform.csproj]
/Users/kady/Masterdom/src/Masterdom.Platform/ImportExport/ImportProgress.cs(4,9): warning CS1591: Missing XML comment for publicly visible type or member 'ImportProgress.TotalRows' [/Users/kady/Masterdom/src/Masterdom.Platform/Masterdom.Platform.csproj]
/Users/kady/Masterdom/src/Masterdom.Platform/ImportExport/ImportProgress.cs(5,9): warning CS1591: Missing XML comment for publicly visible type or member 'ImportProgress.ProcessedRows' [/Users/kady/Masterdom/src/Masterdom.Platform/Masterdom.Platform.csproj]
/Users/kady/Masterdom/src/Masterdom.Platform/ImportExport/ImportProgress.cs(6,9): warning CS1591: Missing XML comment for publicly visible type or member 'ImportProgress.SuccessfulRows' [/Users/kady/Masterdom/src/Masterdom.Platform/Masterdom.Platform.csproj]
/Users/kady/Masterdom/src/Masterdom.Platform/ImportExport/ImportProgress.cs(7,9): warning CS1591: Missing XML comment for publicly visible type or member 'ImportProgress.FailedRows' [/Users/kady/Masterdom/src/Masterdom.Platform/Masterdom.Platform.csproj]
/Users/kady/Masterdom/src/Masterdom.Platform/ImportExport/ImportRequest.cs(3,22): warning CS1591: Missing XML comment for publicly visible type or member 'ImportRequest' [/Users/kady/Masterdom/src/Masterdom.Platform/Masterdom.Platform.csproj]
/Users/kady/Masterdom/src/Masterdom.Platform/ImportExport/ImportRequest.cs(3,22): warning CS1591: Missing XML comment for publicly visible type or member 'ImportRequest.ImportRequest(string, ImportExportFormat, Stream, ImportDefinitionCatalogReference, bool)' [/Users/kady/Masterdom/src/Masterdom.Platform/Masterdom.Platform.csproj]
/Users/kady/Masterdom/src/Masterdom.Platform/ImportExport/ImportRequest.cs(4,12): warning CS1591: Missing XML comment for publicly visible type or member 'ImportRequest.JobCode' [/Users/kady/Masterdom/src/Masterdom.Platform/Masterdom.Platform.csproj]
/Users/kady/Masterdom/src/Masterdom.Platform/ImportExport/ImportRequest.cs(5,24): warning CS1591: Missing XML comment for publicly visible type or member 'ImportRequest.Format' [/Users/kady/Masterdom/src/Masterdom.Platform/Masterdom.Platform.csproj]
/Users/kady/Masterdom/src/Masterdom.Platform/ImportExport/ImportRequest.cs(6,12): warning CS1591: Missing XML comment for publicly visible type or member 'ImportRequest.Content' [/Users/kady/Masterdom/src/Masterdom.Platform/Masterdom.Platform.csproj]
/Users/kady/Masterdom/src/Masterdom.Platform/ImportExport/ImportRequest.cs(7,38): warning CS1591: Missing XML comment for publicly visible type or member 'ImportRequest.DefinitionReference' [/Users/kady/Masterdom/src/Masterdom.Platform/Masterdom.Platform.csproj]
/Users/kady/Masterdom/src/Masterdom.Platform/ImportExport/ImportRequest.cs(8,10): warning CS1591: Missing XML comment for publicly visible type or member 'ImportRequest.ContinueOnRecoverableErrors' [/Users/kady/Masterdom/src/Masterdom.Platform/Masterdom.Platform.csproj]
/Users/kady/Masterdom/src/Masterdom.Platform/ImportExport/ImportResult.cs(3,22): warning CS1591: Missing XML comment for publicly visible type or member 'ImportResult' [/Users/kady/Masterdom/src/Masterdom.Platform/Masterdom.Platform.csproj]
/Users/kady/Masterdom/src/Masterdom.Platform/ImportExport/ImportResult.cs(3,22): warning CS1591: Missing XML comment for publicly visible type or member 'ImportResult.ImportResult(IReadOnlyCollection<IReadOnlyDictionary<string, string>>, IReadOnlyCollection<ImportError>, ImportProgress)' [/Users/kady/Masterdom/src/Masterdom.Platform/Masterdom.Platform.csproj]
/Users/kady/Masterdom/src/Masterdom.Platform/ImportExport/ImportResult.cs(4,62): warning CS1591: Missing XML comment for publicly visible type or member 'ImportResult.Rows' [/Users/kady/Masterdom/src/Masterdom.Platform/Masterdom.Platform.csproj]
/Users/kady/Masterdom/src/Masterdom.Platform/ImportExport/ImportResult.cs(5,38): warning CS1591: Missing XML comment for publicly visible type or member 'ImportResult.Errors' [/Users/kady/Masterdom/src/Masterdom.Platform/Masterdom.Platform.csproj]
/Users/kady/Masterdom/src/Masterdom.Platform/ImportExport/ImportResult.cs(6,20): warning CS1591: Missing XML comment for publicly visible type or member 'ImportResult.Progress' [/Users/kady/Masterdom/src/Masterdom.Platform/Masterdom.Platform.csproj]
/Users/kady/Masterdom/src/Masterdom.Platform/ImportExport/LookupProviderRegistry.cs(3,21): warning CS1591: Missing XML comment for publicly visible type or member 'LookupProviderRegistry' [/Users/kady/Masterdom/src/Masterdom.Platform/Masterdom.Platform.csproj]
/Users/kady/Masterdom/src/Masterdom.Platform/ImportExport/LookupProviderRegistry.cs(7,12): warning CS1591: Missing XML comment for publicly visible type or member 'LookupProviderRegistry.LookupProviderRegistry(IEnumerable<ILookupProvider>?)' [/Users/kady/Masterdom/src/Masterdom.Platform/Masterdom.Platform.csproj]
/Users/kady/Masterdom/src/Masterdom.Platform/ImportExport/LookupProviderRegistry.cs(13,28): warning CS1591: Missing XML comment for publicly visible type or member 'LookupProviderRegistry.Resolve(string)' [/Users/kady/Masterdom/src/Masterdom.Platform/Masterdom.Platform.csproj]
/Users/kady/Masterdom/src/Masterdom.Platform/ImportExport/PassthroughLookupProvider.cs(3,21): warning CS1591: Missing XML comment for publicly visible type or member 'PassthroughLookupProvider' [/Users/kady/Masterdom/src/Masterdom.Platform/Masterdom.Platform.csproj]
/Users/kady/Masterdom/src/Masterdom.Platform/ImportExport/PassthroughLookupProvider.cs(5,25): warning CS1591: Missing XML comment for publicly visible type or member 'PassthroughLookupProvider.ProviderName' [/Users/kady/Masterdom/src/Masterdom.Platform/Masterdom.Platform.csproj]
/Users/kady/Masterdom/src/Masterdom.Platform/ImportExport/PassthroughLookupProvider.cs(7,19): warning CS1591: Missing XML comment for publicly visible type or member 'PassthroughLookupProvider.Name' [/Users/kady/Masterdom/src/Masterdom.Platform/Masterdom.Platform.csproj]
/Users/kady/Masterdom/src/Masterdom.Platform/ImportExport/PassthroughLookupProvider.cs(9,19): warning CS1591: Missing XML comment for publicly visible type or member 'PassthroughLookupProvider.Resolve(string, string, IReadOnlyDictionary<string, string>)' [/Users/kady/Masterdom/src/Masterdom.Platform/Masterdom.Platform.csproj]
/Users/kady/Masterdom/src/Masterdom.Platform/ImportExport/SchemaMappingDefinition.cs(3,22): warning CS1591: Missing XML comment for publicly visible type or member 'SchemaMappingDefinition' [/Users/kady/Masterdom/src/Masterdom.Platform/Masterdom.Platform.csproj]
/Users/kady/Masterdom/src/Masterdom.Platform/ImportExport/SchemaMappingDefinition.cs(3,22): warning CS1591: Missing XML comment for publicly visible type or member 'SchemaMappingDefinition.SchemaMappingDefinition(string, int, string, string, string, string, string, string, IReadOnlyCollection<ColumnDefinition>)' [/Users/kady/Masterdom/src/Masterdom.Platform/Masterdom.Platform.csproj]
/Users/kady/Masterdom/src/Masterdom.Platform/ImportExport/SchemaMappingDefinition.cs(4,12): warning CS1591: Missing XML comment for publicly visible type or member 'SchemaMappingDefinition.MappingCode' [/Users/kady/Masterdom/src/Masterdom.Platform/Masterdom.Platform.csproj]
/Users/kady/Masterdom/src/Masterdom.Platform/ImportExport/SchemaMappingDefinition.cs(5,9): warning CS1591: Missing XML comment for publicly visible type or member 'SchemaMappingDefinition.Version' [/Users/kady/Masterdom/src/Masterdom.Platform/Masterdom.Platform.csproj]
/Users/kady/Masterdom/src/Masterdom.Platform/ImportExport/SchemaMappingDefinition.cs(6,12): warning CS1591: Missing XML comment for publicly visible type or member 'SchemaMappingDefinition.Worksheet' [/Users/kady/Masterdom/src/Masterdom.Platform/Masterdom.Platform.csproj]
/Users/kady/Masterdom/src/Masterdom.Platform/ImportExport/SchemaMappingDefinition.cs(7,12): warning CS1591: Missing XML comment for publicly visible type or member 'SchemaMappingDefinition.Delimiter' [/Users/kady/Masterdom/src/Masterdom.Platform/Masterdom.Platform.csproj]
/Users/kady/Masterdom/src/Masterdom.Platform/ImportExport/SchemaMappingDefinition.cs(8,12): warning CS1591: Missing XML comment for publicly visible type or member 'SchemaMappingDefinition.Encoding' [/Users/kady/Masterdom/src/Masterdom.Platform/Masterdom.Platform.csproj]
/Users/kady/Masterdom/src/Masterdom.Platform/ImportExport/SchemaMappingDefinition.cs(9,12): warning CS1591: Missing XML comment for publicly visible type or member 'SchemaMappingDefinition.DateFormat' [/Users/kady/Masterdom/src/Masterdom.Platform/Masterdom.Platform.csproj]
/Users/kady/Masterdom/src/Masterdom.Platform/ImportExport/SchemaMappingDefinition.cs(10,12): warning CS1591: Missing XML comment for publicly visible type or member 'SchemaMappingDefinition.NumberFormat' [/Users/kady/Masterdom/src/Masterdom.Platform/Masterdom.Platform.csproj]
/Users/kady/Masterdom/src/Masterdom.Platform/ImportExport/SchemaMappingDefinition.cs(11,12): warning CS1591: Missing XML comment for publicly visible type or member 'SchemaMappingDefinition.DuplicateHandling' [/Users/kady/Masterdom/src/Masterdom.Platform/Masterdom.Platform.csproj]
/Users/kady/Masterdom/src/Masterdom.Platform/ImportExport/SchemaMappingDefinition.cs(12,43): warning CS1591: Missing XML comment for publicly visible type or member 'SchemaMappingDefinition.Columns' [/Users/kady/Masterdom/src/Masterdom.Platform/Masterdom.Platform.csproj]
/Users/kady/Masterdom/src/Masterdom.Platform/LanguageSupport/AsyncLocalLanguageContextAccessor.cs(5,21): warning CS1591: Missing XML comment for publicly visible type or member 'AsyncLocalLanguageContextAccessor' [/Users/kady/Masterdom/src/Masterdom.Platform/Masterdom.Platform.csproj]
/Users/kady/Masterdom/src/Masterdom.Platform/LanguageSupport/AsyncLocalLanguageContextAccessor.cs(9,29): warning CS1591: Missing XML comment for publicly visible type or member 'AsyncLocalLanguageContextAccessor.Current' [/Users/kady/Masterdom/src/Masterdom.Platform/Masterdom.Platform.csproj]
/Users/kady/Masterdom/src/Masterdom.Platform/LanguageSupport/ConfigurationLanguageSettingsResolver.cs(6,21): warning CS1591: Missing XML comment for publicly visible type or member 'ConfigurationLanguageSettingsResolver' [/Users/kady/Masterdom/src/Masterdom.Platform/Masterdom.Platform.csproj]
/Users/kady/Masterdom/src/Masterdom.Platform/LanguageSupport/ConfigurationLanguageSettingsResolver.cs(11,12): warning CS1591: Missing XML comment for publicly visible type or member 'ConfigurationLanguageSettingsResolver.ConfigurationLanguageSettingsResolver(IConfigurationResolver)' [/Users/kady/Masterdom/src/Masterdom.Platform/Masterdom.Platform.csproj]
/Users/kady/Masterdom/src/Masterdom.Platform/LanguageSupport/ConfigurationLanguageSettingsResolver.cs(16,29): warning CS1591: Missing XML comment for publicly visible type or member 'ConfigurationLanguageSettingsResolver.Resolve(LanguageResolutionRequest)' [/Users/kady/Masterdom/src/Masterdom.Platform/Masterdom.Platform.csproj]
/Users/kady/Masterdom/src/Masterdom.Platform/LanguageSupport/DefaultLanguageFormatterProvider.cs(3,21): warning CS1591: Missing XML comment for publicly visible type or member 'DefaultLanguageFormatterProvider' [/Users/kady/Masterdom/src/Masterdom.Platform/Masterdom.Platform.csproj]
/Users/kady/Masterdom/src/Masterdom.Platform/LanguageSupport/DefaultLanguageFormatterProvider.cs(5,19): warning CS1591: Missing XML comment for publicly visible type or member 'DefaultLanguageFormatterProvider.Name' [/Users/kady/Masterdom/src/Masterdom.Platform/Masterdom.Platform.csproj]
/Users/kady/Masterdom/src/Masterdom.Platform/LanguageSupport/DefaultLanguageFormatterProvider.cs(7,19): warning CS1591: Missing XML comment for publicly visible type or member 'DefaultLanguageFormatterProvider.Format(string, IReadOnlyDictionary<string, string>?, LanguageSettings)' [/Users/kady/Masterdom/src/Masterdom.Platform/Masterdom.Platform.csproj]
/Users/kady/Masterdom/src/Masterdom.Platform/LanguageSupport/DefaultLanguageResourceProvider.cs(6,21): warning CS1591: Missing XML comment for publicly visible type or member 'DefaultLanguageResourceProvider' [/Users/kady/Masterdom/src/Masterdom.Platform/Masterdom.Platform.csproj]
/Users/kady/Masterdom/src/Masterdom.Platform/LanguageSupport/DefaultLanguageResourceProvider.cs(13,12): warning CS1591: Missing XML comment for publicly visible type or member 'DefaultLanguageResourceProvider.DefaultLanguageResourceProvider(IReadOnlyDictionary<string, IReadOnlyDictionary<string, string>>?, IBusinessConfigurationCatalog?, ILanguageContextAccessor?, string)' [/Users/kady/Masterdom/src/Masterdom.Platform/Masterdom.Platform.csproj]
/Users/kady/Masterdom/src/Masterdom.Platform/LanguageSupport/DefaultLanguageResourceProvider.cs(25,19): warning CS1591: Missing XML comment for publicly visible type or member 'DefaultLanguageResourceProvider.Name' [/Users/kady/Masterdom/src/Masterdom.Platform/Masterdom.Platform.csproj]
/Users/kady/Masterdom/src/Masterdom.Platform/LanguageSupport/DefaultLanguageResourceProvider.cs(27,17): warning CS1591: Missing XML comment for publicly visible type or member 'DefaultLanguageResourceProvider.TryGet(string, string, out string)' [/Users/kady/Masterdom/src/Masterdom.Platform/Masterdom.Platform.csproj]
/Users/kady/Masterdom/src/Masterdom.Platform/LanguageSupport/DefaultLanguageSupportService.cs(6,21): warning CS1591: Missing XML comment for publicly visible type or member 'DefaultLanguageSupportService' [/Users/kady/Masterdom/src/Masterdom.Platform/Masterdom.Platform.csproj]
/Users/kady/Masterdom/src/Masterdom.Platform/LanguageSupport/DefaultLanguageSupportService.cs(13,12): warning CS1591: Missing XML comment for publicly visible type or member 'DefaultLanguageSupportService.DefaultLanguageSupportService(IEnumerable<ILanguageResourceProvider>, ILanguageSettingsResolver, ILanguageContextAccessor, ILanguageFormatterProvider)' [/Users/kady/Masterdom/src/Masterdom.Platform/Masterdom.Platform.csproj]
/Users/kady/Masterdom/src/Masterdom.Platform/LanguageSupport/DefaultLanguageSupportService.cs(25,29): warning CS1591: Missing XML comment for publicly visible type or member 'DefaultLanguageSupportService.CurrentSettings' [/Users/kady/Masterdom/src/Masterdom.Platform/Masterdom.Platform.csproj]
/Users/kady/Masterdom/src/Masterdom.Platform/LanguageSupport/DefaultLanguageSupportService.cs(27,17): warning CS1591: Missing XML comment for publicly visible type or member 'DefaultLanguageSupportService.SwitchLanguage(LanguageResolutionRequest)' [/Users/kady/Masterdom/src/Masterdom.Platform/Masterdom.Platform.csproj]
/Users/kady/Masterdom/src/Masterdom.Platform/LanguageSupport/DefaultLanguageSupportService.cs(36,19): warning CS1591: Missing XML comment for publicly visible type or member 'DefaultLanguageSupportService.ResolveText(string, IReadOnlyDictionary<string, string>?)' [/Users/kady/Masterdom/src/Masterdom.Platform/Masterdom.Platform.csproj]
/Users/kady/Masterdom/src/Masterdom.Platform/LanguageSupport/DefaultLanguageSupportService.cs(56,19): warning CS1591: Missing XML comment for publicly visible type or member 'DefaultLanguageSupportService.ResolvePluralText(string, long, IReadOnlyDictionary<string, string>?)' [/Users/kady/Masterdom/src/Masterdom.Platform/Masterdom.Platform.csproj]
/Users/kady/Masterdom/src/Masterdom.Platform/LanguageSupport/DefaultLanguageSupportService.cs(70,19): warning CS1591: Missing XML comment for publicly visible type or member 'DefaultLanguageSupportService.FormatDate(DateTime)' [/Users/kady/Masterdom/src/Masterdom.Platform/Masterdom.Platform.csproj]
/Users/kady/Masterdom/src/Masterdom.Platform/LanguageSupport/DefaultLanguageSupportService.cs(76,19): warning CS1591: Missing XML comment for publicly visible type or member 'DefaultLanguageSupportService.FormatTime(TimeOnly)' [/Users/kady/Masterdom/src/Masterdom.Platform/Masterdom.Platform.csproj]
/Users/kady/Masterdom/src/Masterdom.Platform/LanguageSupport/DefaultLanguageSupportService.cs(82,19): warning CS1591: Missing XML comment for publicly visible type or member 'DefaultLanguageSupportService.FormatNumber(decimal)' [/Users/kady/Masterdom/src/Masterdom.Platform/Masterdom.Platform.csproj]
/Users/kady/Masterdom/src/Masterdom.Platform/LanguageSupport/DefaultLanguageSupportService.cs(88,19): warning CS1591: Missing XML comment for publicly visible type or member 'DefaultLanguageSupportService.FormatCurrency(decimal)' [/Users/kady/Masterdom/src/Masterdom.Platform/Masterdom.Platform.csproj]
/Users/kady/Masterdom/src/Masterdom.Platform/LanguageSupport/DefaultLanguageSupportService.cs(94,21): warning CS1591: Missing XML comment for publicly visible type or member 'DefaultLanguageSupportService.ParseDate(string)' [/Users/kady/Masterdom/src/Masterdom.Platform/Masterdom.Platform.csproj]
/Users/kady/Masterdom/src/Masterdom.Platform/LanguageSupport/DefaultLanguageSupportService.cs(101,21): warning CS1591: Missing XML comment for publicly visible type or member 'DefaultLanguageSupportService.ParseTime(string)' [/Users/kady/Masterdom/src/Masterdom.Platform/Masterdom.Platform.csproj]
/Users/kady/Masterdom/src/Masterdom.Platform/LanguageSupport/DefaultLanguageSupportService.cs(108,20): warning CS1591: Missing XML comment for publicly visible type or member 'DefaultLanguageSupportService.ParseNumber(string)' [/Users/kady/Masterdom/src/Masterdom.Platform/Masterdom.Platform.csproj]
/Users/kady/Masterdom/src/Masterdom.Platform/LanguageSupport/ILanguageContextAccessor.cs(3,18): warning CS1591: Missing XML comment for publicly visible type or member 'ILanguageContextAccessor' [/Users/kady/Masterdom/src/Masterdom.Platform/Masterdom.Platform.csproj]
/Users/kady/Masterdom/src/Masterdom.Platform/LanguageSupport/ILanguageContextAccessor.cs(5,22): warning CS1591: Missing XML comment for publicly visible type or member 'ILanguageContextAccessor.Current' [/Users/kady/Masterdom/src/Masterdom.Platform/Masterdom.Platform.csproj]
/Users/kady/Masterdom/src/Masterdom.Platform/LanguageSupport/ILanguageFormatterProvider.cs(3,18): warning CS1591: Missing XML comment for publicly visible type or member 'ILanguageFormatterProvider' [/Users/kady/Masterdom/src/Masterdom.Platform/Masterdom.Platform.csproj]
/Users/kady/Masterdom/src/Masterdom.Platform/LanguageSupport/ILanguageFormatterProvider.cs(5,12): warning CS1591: Missing XML comment for publicly visible type or member 'ILanguageFormatterProvider.Name' [/Users/kady/Masterdom/src/Masterdom.Platform/Masterdom.Platform.csproj]
/Users/kady/Masterdom/src/Masterdom.Platform/LanguageSupport/ILanguageFormatterProvider.cs(7,12): warning CS1591: Missing XML comment for publicly visible type or member 'ILanguageFormatterProvider.Format(string, IReadOnlyDictionary<string, string>?, LanguageSettings)' [/Users/kady/Masterdom/src/Masterdom.Platform/Masterdom.Platform.csproj]
/Users/kady/Masterdom/src/Masterdom.Platform/LanguageSupport/ILanguageResourceProvider.cs(3,18): warning CS1591: Missing XML comment for publicly visible type or member 'ILanguageResourceProvider' [/Users/kady/Masterdom/src/Masterdom.Platform/Masterdom.Platform.csproj]
/Users/kady/Masterdom/src/Masterdom.Platform/LanguageSupport/ILanguageResourceProvider.cs(5,12): warning CS1591: Missing XML comment for publicly visible type or member 'ILanguageResourceProvider.Name' [/Users/kady/Masterdom/src/Masterdom.Platform/Masterdom.Platform.csproj]
/Users/kady/Masterdom/src/Masterdom.Platform/LanguageSupport/ILanguageResourceProvider.cs(7,10): warning CS1591: Missing XML comment for publicly visible type or member 'ILanguageResourceProvider.TryGet(string, string, out string)' [/Users/kady/Masterdom/src/Masterdom.Platform/Masterdom.Platform.csproj]
/Users/kady/Masterdom/src/Masterdom.Platform/LanguageSupport/ILanguageSettingsResolver.cs(3,18): warning CS1591: Missing XML comment for publicly visible type or member 'ILanguageSettingsResolver' [/Users/kady/Masterdom/src/Masterdom.Platform/Masterdom.Platform.csproj]
/Users/kady/Masterdom/src/Masterdom.Platform/LanguageSupport/ILanguageSettingsResolver.cs(5,22): warning CS1591: Missing XML comment for publicly visible type or member 'ILanguageSettingsResolver.Resolve(LanguageResolutionRequest)' [/Users/kady/Masterdom/src/Masterdom.Platform/Masterdom.Platform.csproj]
/Users/kady/Masterdom/src/Masterdom.Platform/LanguageSupport/ILanguageSupportService.cs(3,18): warning CS1591: Missing XML comment for publicly visible type or member 'ILanguageSupportService' [/Users/kady/Masterdom/src/Masterdom.Platform/Masterdom.Platform.csproj]
/Users/kady/Masterdom/src/Masterdom.Platform/LanguageSupport/ILanguageSupportService.cs(5,22): warning CS1591: Missing XML comment for publicly visible type or member 'ILanguageSupportService.CurrentSettings' [/Users/kady/Masterdom/src/Masterdom.Platform/Masterdom.Platform.csproj]
/Users/kady/Masterdom/src/Masterdom.Platform/LanguageSupport/ILanguageSupportService.cs(7,10): warning CS1591: Missing XML comment for publicly visible type or member 'ILanguageSupportService.SwitchLanguage(LanguageResolutionRequest)' [/Users/kady/Masterdom/src/Masterdom.Platform/Masterdom.Platform.csproj]
/Users/kady/Masterdom/src/Masterdom.Platform/LanguageSupport/ILanguageSupportService.cs(9,12): warning CS1591: Missing XML comment for publicly visible type or member 'ILanguageSupportService.ResolveText(string, IReadOnlyDictionary<string, string>?)' [/Users/kady/Masterdom/src/Masterdom.Platform/Masterdom.Platform.csproj]
/Users/kady/Masterdom/src/Masterdom.Platform/LanguageSupport/ILanguageSupportService.cs(11,12): warning CS1591: Missing XML comment for publicly visible type or member 'ILanguageSupportService.ResolvePluralText(string, long, IReadOnlyDictionary<string, string>?)' [/Users/kady/Masterdom/src/Masterdom.Platform/Masterdom.Platform.csproj]
/Users/kady/Masterdom/src/Masterdom.Platform/LanguageSupport/ILanguageSupportService.cs(13,12): warning CS1591: Missing XML comment for publicly visible type or member 'ILanguageSupportService.FormatDate(DateTime)' [/Users/kady/Masterdom/src/Masterdom.Platform/Masterdom.Platform.csproj]
/Users/kady/Masterdom/src/Masterdom.Platform/LanguageSupport/ILanguageSupportService.cs(15,12): warning CS1591: Missing XML comment for publicly visible type or member 'ILanguageSupportService.FormatTime(TimeOnly)' [/Users/kady/Masterdom/src/Masterdom.Platform/Masterdom.Platform.csproj]
/Users/kady/Masterdom/src/Masterdom.Platform/LanguageSupport/ILanguageSupportService.cs(17,12): warning CS1591: Missing XML comment for publicly visible type or member 'ILanguageSupportService.FormatNumber(decimal)' [/Users/kady/Masterdom/src/Masterdom.Platform/Masterdom.Platform.csproj]
/Users/kady/Masterdom/src/Masterdom.Platform/LanguageSupport/ILanguageSupportService.cs(19,12): warning CS1591: Missing XML comment for publicly visible type or member 'ILanguageSupportService.FormatCurrency(decimal)' [/Users/kady/Masterdom/src/Masterdom.Platform/Masterdom.Platform.csproj]
/Users/kady/Masterdom/src/Masterdom.Platform/LanguageSupport/ILanguageSupportService.cs(21,14): warning CS1591: Missing XML comment for publicly visible type or member 'ILanguageSupportService.ParseDate(string)' [/Users/kady/Masterdom/src/Masterdom.Platform/Masterdom.Platform.csproj]
/Users/kady/Masterdom/src/Masterdom.Platform/LanguageSupport/ILanguageSupportService.cs(23,14): warning CS1591: Missing XML comment for publicly visible type or member 'ILanguageSupportService.ParseTime(string)' [/Users/kady/Masterdom/src/Masterdom.Platform/Masterdom.Platform.csproj]
/Users/kady/Masterdom/src/Masterdom.Platform/LanguageSupport/ILanguageSupportService.cs(25,13): warning CS1591: Missing XML comment for publicly visible type or member 'ILanguageSupportService.ParseNumber(string)' [/Users/kady/Masterdom/src/Masterdom.Platform/Masterdom.Platform.csproj]
/Users/kady/Masterdom/src/Masterdom.Platform/LanguageSupport/InMemoryLanguageResourceProvider.cs(7,21): warning CS1591: Missing XML comment for publicly visible type or member 'InMemoryLanguageResourceProvider' [/Users/kady/Masterdom/src/Masterdom.Platform/Masterdom.Platform.csproj]
/Users/kady/Masterdom/src/Masterdom.Platform/LanguageSupport/InMemoryLanguageResourceProvider.cs(11,12): warning CS1591: Missing XML comment for publicly visible type or member 'InMemoryLanguageResourceProvider.InMemoryLanguageResourceProvider(IReadOnlyDictionary<string, IReadOnlyDictionary<string, string>>?, IBusinessConfigurationCatalog?, ILanguageContextAccessor?, string)' [/Users/kady/Masterdom/src/Masterdom.Platform/Masterdom.Platform.csproj]
/Users/kady/Masterdom/src/Masterdom.Platform/LanguageSupport/InMemoryLanguageResourceProvider.cs(20,19): warning CS1591: Missing XML comment for publicly visible type or member 'InMemoryLanguageResourceProvider.Name' [/Users/kady/Masterdom/src/Masterdom.Platform/Masterdom.Platform.csproj]
/Users/kady/Masterdom/src/Masterdom.Platform/LanguageSupport/InMemoryLanguageResourceProvider.cs(22,17): warning CS1591: Missing XML comment for publicly visible type or member 'InMemoryLanguageResourceProvider.TryGet(string, string, out string)' [/Users/kady/Masterdom/src/Masterdom.Platform/Masterdom.Platform.csproj]
/Users/kady/Masterdom/src/Masterdom.Platform/LanguageSupport/LanguageContext.cs(5,22): warning CS1591: Missing XML comment for publicly visible type or member 'LanguageContext' [/Users/kady/Masterdom/src/Masterdom.Platform/Masterdom.Platform.csproj]
/Users/kady/Masterdom/src/Masterdom.Platform/LanguageSupport/LanguageContext.cs(5,22): warning CS1591: Missing XML comment for publicly visible type or member 'LanguageContext.LanguageContext(LanguageSettings, ConfigurationResolutionRequest, LanguageResourceCatalogReference?)' [/Users/kady/Masterdom/src/Masterdom.Platform/Masterdom.Platform.csproj]
/Users/kady/Masterdom/src/Masterdom.Platform/LanguageSupport/LanguageContext.cs(6,22): warning CS1591: Missing XML comment for publicly visible type or member 'LanguageContext.Settings' [/Users/kady/Masterdom/src/Masterdom.Platform/Masterdom.Platform.csproj]
/Users/kady/Masterdom/src/Masterdom.Platform/LanguageSupport/LanguageContext.cs(7,36): warning CS1591: Missing XML comment for publicly visible type or member 'LanguageContext.ConfigurationRequest' [/Users/kady/Masterdom/src/Masterdom.Platform/Masterdom.Platform.csproj]
/Users/kady/Masterdom/src/Masterdom.Platform/LanguageSupport/LanguageContext.cs(8,39): warning CS1591: Missing XML comment for publicly visible type or member 'LanguageContext.ResourceCatalogReference' [/Users/kady/Masterdom/src/Masterdom.Platform/Masterdom.Platform.csproj]
/Users/kady/Masterdom/src/Masterdom.Platform/LanguageSupport/LanguageResolutionRequest.cs(5,22): warning CS1591: Missing XML comment for publicly visible type or member 'LanguageResolutionRequest' [/Users/kady/Masterdom/src/Masterdom.Platform/Masterdom.Platform.csproj]
/Users/kady/Masterdom/src/Masterdom.Platform/LanguageSupport/LanguageResolutionRequest.cs(5,22): warning CS1591: Missing XML comment for publicly visible type or member 'LanguageResolutionRequest.LanguageResolutionRequest(ConfigurationResolutionRequest, string?, string?, LanguageResourceCatalogReference?)' [/Users/kady/Masterdom/src/Masterdom.Platform/Masterdom.Platform.csproj]
/Users/kady/Masterdom/src/Masterdom.Platform/LanguageSupport/LanguageResolutionRequest.cs(6,36): warning CS1591: Missing XML comment for publicly visible type or member 'LanguageResolutionRequest.ConfigurationRequest' [/Users/kady/Masterdom/src/Masterdom.Platform/Masterdom.Platform.csproj]
/Users/kady/Masterdom/src/Masterdom.Platform/LanguageSupport/LanguageResolutionRequest.cs(7,13): warning CS1591: Missing XML comment for publicly visible type or member 'LanguageResolutionRequest.RequestedCulture' [/Users/kady/Masterdom/src/Masterdom.Platform/Masterdom.Platform.csproj]
/Users/kady/Masterdom/src/Masterdom.Platform/LanguageSupport/LanguageResolutionRequest.cs(8,13): warning CS1591: Missing XML comment for publicly visible type or member 'LanguageResolutionRequest.RequestedLocale' [/Users/kady/Masterdom/src/Masterdom.Platform/Masterdom.Platform.csproj]
/Users/kady/Masterdom/src/Masterdom.Platform/LanguageSupport/LanguageResolutionRequest.cs(9,39): warning CS1591: Missing XML comment for publicly visible type or member 'LanguageResolutionRequest.ResourceCatalogReference' [/Users/kady/Masterdom/src/Masterdom.Platform/Masterdom.Platform.csproj]
/Users/kady/Masterdom/src/Masterdom.Platform/LanguageSupport/LanguageResourceCatalog.cs(3,22): warning CS1591: Missing XML comment for publicly visible type or member 'LanguageResourceCatalog' [/Users/kady/Masterdom/src/Masterdom.Platform/Masterdom.Platform.csproj]
/Users/kady/Masterdom/src/Masterdom.Platform/LanguageSupport/LanguageResourceCatalog.cs(3,22): warning CS1591: Missing XML comment for publicly visible type or member 'LanguageResourceCatalog.LanguageResourceCatalog(IReadOnlyCollection<LanguageResourceEntry>)' [/Users/kady/Masterdom/src/Masterdom.Platform/Masterdom.Platform.csproj]
/Users/kady/Masterdom/src/Masterdom.Platform/LanguageSupport/LanguageResourceCatalog.cs(4,48): warning CS1591: Missing XML comment for publicly visible type or member 'LanguageResourceCatalog.Entries' [/Users/kady/Masterdom/src/Masterdom.Platform/Masterdom.Platform.csproj]
/Users/kady/Masterdom/src/Masterdom.Platform/LanguageSupport/LanguageResourceCatalogReference.cs(5,22): warning CS1591: Missing XML comment for publicly visible type or member 'LanguageResourceCatalogReference' [/Users/kady/Masterdom/src/Masterdom.Platform/Masterdom.Platform.csproj]
/Users/kady/Masterdom/src/Masterdom.Platform/LanguageSupport/LanguageResourceCatalogReference.cs(5,22): warning CS1591: Missing XML comment for publicly visible type or member 'LanguageResourceCatalogReference.LanguageResourceCatalogReference(ConfigurationKey, ConfigurationResolutionRequest)' [/Users/kady/Masterdom/src/Masterdom.Platform/Masterdom.Platform.csproj]
/Users/kady/Masterdom/src/Masterdom.Platform/LanguageSupport/LanguageResourceCatalogReference.cs(6,22): warning CS1591: Missing XML comment for publicly visible type or member 'LanguageResourceCatalogReference.ConfigurationKey' [/Users/kady/Masterdom/src/Masterdom.Platform/Masterdom.Platform.csproj]
/Users/kady/Masterdom/src/Masterdom.Platform/LanguageSupport/LanguageResourceCatalogReference.cs(7,36): warning CS1591: Missing XML comment for publicly visible type or member 'LanguageResourceCatalogReference.ResolutionRequest' [/Users/kady/Masterdom/src/Masterdom.Platform/Masterdom.Platform.csproj]
/Users/kady/Masterdom/src/Masterdom.Platform/LanguageSupport/LanguageResourceEntry.cs(3,22): warning CS1591: Missing XML comment for publicly visible type or member 'LanguageResourceEntry' [/Users/kady/Masterdom/src/Masterdom.Platform/Masterdom.Platform.csproj]
/Users/kady/Masterdom/src/Masterdom.Platform/LanguageSupport/LanguageResourceEntry.cs(3,22): warning CS1591: Missing XML comment for publicly visible type or member 'LanguageResourceEntry.LanguageResourceEntry(string, string, string)' [/Users/kady/Masterdom/src/Masterdom.Platform/Masterdom.Platform.csproj]
/Users/kady/Masterdom/src/Masterdom.Platform/LanguageSupport/LanguageResourceEntry.cs(4,12): warning CS1591: Missing XML comment for publicly visible type or member 'LanguageResourceEntry.Culture' [/Users/kady/Masterdom/src/Masterdom.Platform/Masterdom.Platform.csproj]
/Users/kady/Masterdom/src/Masterdom.Platform/LanguageSupport/LanguageResourceEntry.cs(5,12): warning CS1591: Missing XML comment for publicly visible type or member 'LanguageResourceEntry.Key' [/Users/kady/Masterdom/src/Masterdom.Platform/Masterdom.Platform.csproj]
/Users/kady/Masterdom/src/Masterdom.Platform/LanguageSupport/LanguageResourceEntry.cs(6,12): warning CS1591: Missing XML comment for publicly visible type or member 'LanguageResourceEntry.Value' [/Users/kady/Masterdom/src/Masterdom.Platform/Masterdom.Platform.csproj]
/Users/kady/Masterdom/src/Masterdom.Platform/LanguageSupport/LanguageSettings.cs(3,22): warning CS1591: Missing XML comment for publicly visible type or member 'LanguageSettings' [/Users/kady/Masterdom/src/Masterdom.Platform/Masterdom.Platform.csproj]
/Users/kady/Masterdom/src/Masterdom.Platform/LanguageSupport/LanguageSettings.cs(3,22): warning CS1591: Missing XML comment for publicly visible type or member 'LanguageSettings.LanguageSettings(string, string, IReadOnlyCollection<string>, string, string, string, string, bool)' [/Users/kady/Masterdom/src/Masterdom.Platform/Masterdom.Platform.csproj]
/Users/kady/Masterdom/src/Masterdom.Platform/LanguageSupport/LanguageSettings.cs(4,12): warning CS1591: Missing XML comment for publicly visible type or member 'LanguageSettings.Culture' [/Users/kady/Masterdom/src/Masterdom.Platform/Masterdom.Platform.csproj]
/Users/kady/Masterdom/src/Masterdom.Platform/LanguageSupport/LanguageSettings.cs(5,12): warning CS1591: Missing XML comment for publicly visible type or member 'LanguageSettings.Locale' [/Users/kady/Masterdom/src/Masterdom.Platform/Masterdom.Platform.csproj]
/Users/kady/Masterdom/src/Masterdom.Platform/LanguageSupport/LanguageSettings.cs(6,33): warning CS1591: Missing XML comment for publicly visible type or member 'LanguageSettings.FallbackCultures' [/Users/kady/Masterdom/src/Masterdom.Platform/Masterdom.Platform.csproj]
/Users/kady/Masterdom/src/Masterdom.Platform/LanguageSupport/LanguageSettings.cs(7,12): warning CS1591: Missing XML comment for publicly visible type or member 'LanguageSettings.DateFormat' [/Users/kady/Masterdom/src/Masterdom.Platform/Masterdom.Platform.csproj]
/Users/kady/Masterdom/src/Masterdom.Platform/LanguageSupport/LanguageSettings.cs(8,12): warning CS1591: Missing XML comment for publicly visible type or member 'LanguageSettings.TimeFormat' [/Users/kady/Masterdom/src/Masterdom.Platform/Masterdom.Platform.csproj]
/Users/kady/Masterdom/src/Masterdom.Platform/LanguageSupport/LanguageSettings.cs(9,12): warning CS1591: Missing XML comment for publicly visible type or member 'LanguageSettings.NumberFormat' [/Users/kady/Masterdom/src/Masterdom.Platform/Masterdom.Platform.csproj]
/Users/kady/Masterdom/src/Masterdom.Platform/LanguageSupport/LanguageSettings.cs(10,12): warning CS1591: Missing XML comment for publicly visible type or member 'LanguageSettings.CurrencyFormat' [/Users/kady/Masterdom/src/Masterdom.Platform/Masterdom.Platform.csproj]
/Users/kady/Masterdom/src/Masterdom.Platform/LanguageSupport/LanguageSettings.cs(11,10): warning CS1591: Missing XML comment for publicly visible type or member 'LanguageSettings.UseTwentyFourHourTime' [/Users/kady/Masterdom/src/Masterdom.Platform/Masterdom.Platform.csproj]
/Users/kady/Masterdom/src/Masterdom.Platform/LanguageSupport/LanguageSettings.cs(13,36): warning CS1591: Missing XML comment for publicly visible type or member 'LanguageSettings.EnglishBaseline()' [/Users/kady/Masterdom/src/Masterdom.Platform/Masterdom.Platform.csproj]
/Users/kady/Masterdom/src/Masterdom.Platform/Metadata/IMetadataCatalog.cs(10,39): warning CS1591: Missing XML comment for publicly visible type or member 'IMetadataCatalog.Definitions' [/Users/kady/Masterdom/src/Masterdom.Platform/Masterdom.Platform.csproj]
/Users/kady/Masterdom/src/Masterdom.Platform/Metadata/IMetadataRegistry.cs(10,10): warning CS1591: Missing XML comment for publicly visible type or member 'IMetadataRegistry.ReplaceAll(IReadOnlyList<MetadataDefinition>)' [/Users/kady/Masterdom/src/Masterdom.Platform/Masterdom.Platform.csproj]
/Users/kady/Masterdom/src/Masterdom.Platform/Metadata/IMetadataRegistry.cs(12,10): warning CS1591: Missing XML comment for publicly visible type or member 'IMetadataRegistry.RegisterRange(IReadOnlyList<MetadataDefinition>)' [/Users/kady/Masterdom/src/Masterdom.Platform/Masterdom.Platform.csproj]
/Users/kady/Masterdom/src/Masterdom.Platform/Metadata/IMetadataRegistry.cs(14,22): warning CS1591: Missing XML comment for publicly visible type or member 'IMetadataRegistry.GetCatalog()' [/Users/kady/Masterdom/src/Masterdom.Platform/Masterdom.Platform.csproj]
/Users/kady/Masterdom/src/Masterdom.Platform/Metadata/IMetadataRepository.cs(10,39): warning CS1591: Missing XML comment for publicly visible type or member 'IMetadataRepository.GetAll()' [/Users/kady/Masterdom/src/Masterdom.Platform/Masterdom.Platform.csproj]
/Users/kady/Masterdom/src/Masterdom.Platform/Metadata/IMetadataResolver.cs(11,24): warning CS1591: Missing XML comment for publicly visible type or member 'IMetadataResolver.Resolve(MetadataKey, MetadataScope, DateTime)' [/Users/kady/Masterdom/src/Masterdom.Platform/Masterdom.Platform.csproj]
/Users/kady/Masterdom/src/Masterdom.Platform/Metadata/IMetadataResolver.cs(16,39): warning CS1591: Missing XML comment for publicly visible type or member 'IMetadataResolver.ResolveInheritanceChain(MetadataId, DateTime)' [/Users/kady/Masterdom/src/Masterdom.Platform/Masterdom.Platform.csproj]
/Users/kady/Masterdom/src/Masterdom.Platform/Metadata/InMemoryMetadataRepository.cs(14,12): warning CS1591: Missing XML comment for publicly visible type or member 'InMemoryMetadataRepository.InMemoryMetadataRepository(IReadOnlyList<MetadataDefinition>?)' [/Users/kady/Masterdom/src/Masterdom.Platform/Masterdom.Platform.csproj]
/Users/kady/Masterdom/src/Masterdom.Platform/Metadata/InMemoryMetadataRepository.cs(19,46): warning CS1591: Missing XML comment for publicly visible type or member 'InMemoryMetadataRepository.GetAll()' [/Users/kady/Masterdom/src/Masterdom.Platform/Masterdom.Platform.csproj]
/Users/kady/Masterdom/src/Masterdom.Platform/Metadata/InMemoryMetadataRepository.cs(24,17): warning CS1591: Missing XML comment for publicly visible type or member 'InMemoryMetadataRepository.ReplaceAll(IReadOnlyList<MetadataDefinition>)' [/Users/kady/Masterdom/src/Masterdom.Platform/Masterdom.Platform.csproj]
/Users/kady/Masterdom/src/Masterdom.Platform/Metadata/MetadataCatalog.cs(12,12): warning CS1591: Missing XML comment for publicly visible type or member 'MetadataCatalog.MetadataCatalog(IEnumerable<MetadataDefinition>)' [/Users/kady/Masterdom/src/Masterdom.Platform/Masterdom.Platform.csproj]
/Users/kady/Masterdom/src/Masterdom.Platform/Metadata/MetadataCatalog.cs(19,46): warning CS1591: Missing XML comment for publicly visible type or member 'MetadataCatalog.Definitions' [/Users/kady/Masterdom/src/Masterdom.Platform/Masterdom.Platform.csproj]
/Users/kady/Masterdom/src/Masterdom.Platform/Metadata/MetadataCatalogBuilder.cs(12,53): warning CS1591: Missing XML comment for publicly visible type or member 'MetadataCatalogBuilder.BuildFromCatalog(IEnumerable<ModuleCatalogEntry>, DateTime?)' [/Users/kady/Masterdom/src/Masterdom.Platform/Masterdom.Platform.csproj]
/Users/kady/Masterdom/src/Masterdom.Platform/Metadata/MetadataCategory.cs(8,5): warning CS1591: Missing XML comment for publicly visible type or member 'MetadataCategory.Module' [/Users/kady/Masterdom/src/Masterdom.Platform/Masterdom.Platform.csproj]
/Users/kady/Masterdom/src/Masterdom.Platform/Metadata/MetadataCategory.cs(9,5): warning CS1591: Missing XML comment for publicly visible type or member 'MetadataCategory.Aggregate' [/Users/kady/Masterdom/src/Masterdom.Platform/Masterdom.Platform.csproj]
/Users/kady/Masterdom/src/Masterdom.Platform/Metadata/MetadataCategory.cs(10,5): warning CS1591: Missing XML comment for publicly visible type or member 'MetadataCategory.Entity' [/Users/kady/Masterdom/src/Masterdom.Platform/Masterdom.Platform.csproj]
/Users/kady/Masterdom/src/Masterdom.Platform/Metadata/MetadataCategory.cs(11,5): warning CS1591: Missing XML comment for publicly visible type or member 'MetadataCategory.Property' [/Users/kady/Masterdom/src/Masterdom.Platform/Masterdom.Platform.csproj]
/Users/kady/Masterdom/src/Masterdom.Platform/Metadata/MetadataCategory.cs(12,5): warning CS1591: Missing XML comment for publicly visible type or member 'MetadataCategory.Field' [/Users/kady/Masterdom/src/Masterdom.Platform/Masterdom.Platform.csproj]
/Users/kady/Masterdom/src/Masterdom.Platform/Metadata/MetadataCategory.cs(13,5): warning CS1591: Missing XML comment for publicly visible type or member 'MetadataCategory.Enumeration' [/Users/kady/Masterdom/src/Masterdom.Platform/Masterdom.Platform.csproj]
/Users/kady/Masterdom/src/Masterdom.Platform/Metadata/MetadataCategory.cs(14,5): warning CS1591: Missing XML comment for publicly visible type or member 'MetadataCategory.Validation' [/Users/kady/Masterdom/src/Masterdom.Platform/Masterdom.Platform.csproj]
/Users/kady/Masterdom/src/Masterdom.Platform/Metadata/MetadataCategory.cs(15,5): warning CS1591: Missing XML comment for publicly visible type or member 'MetadataCategory.Ui' [/Users/kady/Masterdom/src/Masterdom.Platform/Masterdom.Platform.csproj]
/Users/kady/Masterdom/src/Masterdom.Platform/Metadata/MetadataCategory.cs(16,5): warning CS1591: Missing XML comment for publicly visible type or member 'MetadataCategory.Reporting' [/Users/kady/Masterdom/src/Masterdom.Platform/Masterdom.Platform.csproj]
/Users/kady/Masterdom/src/Masterdom.Platform/Metadata/MetadataCategory.cs(17,5): warning CS1591: Missing XML comment for publicly visible type or member 'MetadataCategory.Search' [/Users/kady/Masterdom/src/Masterdom.Platform/Masterdom.Platform.csproj]
/Users/kady/Masterdom/src/Masterdom.Platform/Metadata/MetadataDefinition.cs(10,12): warning CS1591: Missing XML comment for publicly visible type or member 'MetadataDefinition.MetadataDefinition(MetadataId, MetadataKey, MetadataCategory, MetadataScope, MetadataVersion, MetadataEffectivePeriod, string, string?, MetadataId?, bool, MetadataKey?, string?, string, DateTime)' [/Users/kady/Masterdom/src/Masterdom.Platform/Masterdom.Platform.csproj]
/Users/kady/Masterdom/src/Masterdom.Platform/Metadata/MetadataDefinition.cs(64,23): warning CS1591: Missing XML comment for publicly visible type or member 'MetadataDefinition.Id' [/Users/kady/Masterdom/src/Masterdom.Platform/Masterdom.Platform.csproj]
/Users/kady/Masterdom/src/Masterdom.Platform/Metadata/MetadataDefinition.cs(66,24): warning CS1591: Missing XML comment for publicly visible type or member 'MetadataDefinition.Key' [/Users/kady/Masterdom/src/Masterdom.Platform/Masterdom.Platform.csproj]
/Users/kady/Masterdom/src/Masterdom.Platform/Metadata/MetadataDefinition.cs(68,29): warning CS1591: Missing XML comment for publicly visible type or member 'MetadataDefinition.Category' [/Users/kady/Masterdom/src/Masterdom.Platform/Masterdom.Platform.csproj]
/Users/kady/Masterdom/src/Masterdom.Platform/Metadata/MetadataDefinition.cs(70,26): warning CS1591: Missing XML comment for publicly visible type or member 'MetadataDefinition.Scope' [/Users/kady/Masterdom/src/Masterdom.Platform/Masterdom.Platform.csproj]
/Users/kady/Masterdom/src/Masterdom.Platform/Metadata/MetadataDefinition.cs(72,28): warning CS1591: Missing XML comment for publicly visible type or member 'MetadataDefinition.Version' [/Users/kady/Masterdom/src/Masterdom.Platform/Masterdom.Platform.csproj]
/Users/kady/Masterdom/src/Masterdom.Platform/Metadata/MetadataDefinition.cs(74,36): warning CS1591: Missing XML comment for publicly visible type or member 'MetadataDefinition.Period' [/Users/kady/Masterdom/src/Masterdom.Platform/Masterdom.Platform.csproj]
/Users/kady/Masterdom/src/Masterdom.Platform/Metadata/MetadataDefinition.cs(76,19): warning CS1591: Missing XML comment for publicly visible type or member 'MetadataDefinition.Name' [/Users/kady/Masterdom/src/Masterdom.Platform/Masterdom.Platform.csproj]
/Users/kady/Masterdom/src/Masterdom.Platform/Metadata/MetadataDefinition.cs(78,20): warning CS1591: Missing XML comment for publicly visible type or member 'MetadataDefinition.Description' [/Users/kady/Masterdom/src/Masterdom.Platform/Masterdom.Platform.csproj]
/Users/kady/Masterdom/src/Masterdom.Platform/Metadata/MetadataDefinition.cs(80,24): warning CS1591: Missing XML comment for publicly visible type or member 'MetadataDefinition.ParentId' [/Users/kady/Masterdom/src/Masterdom.Platform/Masterdom.Platform.csproj]
/Users/kady/Masterdom/src/Masterdom.Platform/Metadata/MetadataDefinition.cs(82,17): warning CS1591: Missing XML comment for publicly visible type or member 'MetadataDefinition.IsDeprecated' [/Users/kady/Masterdom/src/Masterdom.Platform/Masterdom.Platform.csproj]
/Users/kady/Masterdom/src/Masterdom.Platform/Metadata/MetadataDefinition.cs(84,25): warning CS1591: Missing XML comment for publicly visible type or member 'MetadataDefinition.ReplacedByKey' [/Users/kady/Masterdom/src/Masterdom.Platform/Masterdom.Platform.csproj]
/Users/kady/Masterdom/src/Masterdom.Platform/Metadata/MetadataDefinition.cs(86,20): warning CS1591: Missing XML comment for publicly visible type or member 'MetadataDefinition.Compatibility' [/Users/kady/Masterdom/src/Masterdom.Platform/Masterdom.Platform.csproj]
/Users/kady/Masterdom/src/Masterdom.Platform/Metadata/MetadataDefinition.cs(88,19): warning CS1591: Missing XML comment for publicly visible type or member 'MetadataDefinition.ChangedBy' [/Users/kady/Masterdom/src/Masterdom.Platform/Masterdom.Platform.csproj]
/Users/kady/Masterdom/src/Masterdom.Platform/Metadata/MetadataDefinition.cs(90,21): warning CS1591: Missing XML comment for publicly visible type or member 'MetadataDefinition.ChangedAtUtc' [/Users/kady/Masterdom/src/Masterdom.Platform/Masterdom.Platform.csproj]
/Users/kady/Masterdom/src/Masterdom.Platform/Metadata/MetadataEffectivePeriod.cs(10,12): warning CS1591: Missing XML comment for publicly visible type or member 'MetadataEffectivePeriod.MetadataEffectivePeriod(DateTime, DateTime?)' [/Users/kady/Masterdom/src/Masterdom.Platform/Masterdom.Platform.csproj]
/Users/kady/Masterdom/src/Masterdom.Platform/Metadata/MetadataEffectivePeriod.cs(34,21): warning CS1591: Missing XML comment for publicly visible type or member 'MetadataEffectivePeriod.EffectiveFromUtc' [/Users/kady/Masterdom/src/Masterdom.Platform/Masterdom.Platform.csproj]
/Users/kady/Masterdom/src/Masterdom.Platform/Metadata/MetadataEffectivePeriod.cs(36,22): warning CS1591: Missing XML comment for publicly visible type or member 'MetadataEffectivePeriod.EffectiveToUtc' [/Users/kady/Masterdom/src/Masterdom.Platform/Masterdom.Platform.csproj]
/Users/kady/Masterdom/src/Masterdom.Platform/Metadata/MetadataEffectivePeriod.cs(38,17): warning CS1591: Missing XML comment for publicly visible type or member 'MetadataEffectivePeriod.IsEffectiveAt(DateTime)' [/Users/kady/Masterdom/src/Masterdom.Platform/Masterdom.Platform.csproj]
/Users/kady/Masterdom/src/Masterdom.Platform/Metadata/MetadataId.cs(10,12): warning CS1591: Missing XML comment for publicly visible type or member 'MetadataId.MetadataId(Guid)' [/Users/kady/Masterdom/src/Masterdom.Platform/Masterdom.Platform.csproj]
/Users/kady/Masterdom/src/Masterdom.Platform/Metadata/MetadataId.cs(21,17): warning CS1591: Missing XML comment for publicly visible type or member 'MetadataId.Value' [/Users/kady/Masterdom/src/Masterdom.Platform/Masterdom.Platform.csproj]
/Users/kady/Masterdom/src/Masterdom.Platform/Metadata/MetadataKey.cs(10,12): warning CS1591: Missing XML comment for publicly visible type or member 'MetadataKey.MetadataKey(string)' [/Users/kady/Masterdom/src/Masterdom.Platform/Masterdom.Platform.csproj]
/Users/kady/Masterdom/src/Masterdom.Platform/Metadata/MetadataKey.cs(21,19): warning CS1591: Missing XML comment for publicly visible type or member 'MetadataKey.Value' [/Users/kady/Masterdom/src/Masterdom.Platform/Masterdom.Platform.csproj]
/Users/kady/Masterdom/src/Masterdom.Platform/Metadata/MetadataKey.cs(23,17): warning CS1591: Missing XML comment for publicly visible type or member 'MetadataKey.Equals(MetadataKey?)' [/Users/kady/Masterdom/src/Masterdom.Platform/Masterdom.Platform.csproj]
/Users/kady/Masterdom/src/Masterdom.Platform/Metadata/MetadataKey.cs(33,26): warning CS1591: Missing XML comment for publicly visible type or member 'MetadataKey.Equals(object?)' [/Users/kady/Masterdom/src/Masterdom.Platform/Masterdom.Platform.csproj]
/Users/kady/Masterdom/src/Masterdom.Platform/Metadata/MetadataKey.cs(38,25): warning CS1591: Missing XML comment for publicly visible type or member 'MetadataKey.GetHashCode()' [/Users/kady/Masterdom/src/Masterdom.Platform/Masterdom.Platform.csproj]
/Users/kady/Masterdom/src/Masterdom.Platform/Metadata/MetadataKey.cs(43,28): warning CS1591: Missing XML comment for publicly visible type or member 'MetadataKey.ToString()' [/Users/kady/Masterdom/src/Masterdom.Platform/Masterdom.Platform.csproj]
/Users/kady/Masterdom/src/Masterdom.Platform/Metadata/MetadataRegistry.cs(14,12): warning CS1591: Missing XML comment for publicly visible type or member 'MetadataRegistry.MetadataRegistry(IMetadataRepository?)' [/Users/kady/Masterdom/src/Masterdom.Platform/Masterdom.Platform.csproj]
/Users/kady/Masterdom/src/Masterdom.Platform/Metadata/MetadataRegistry.cs(20,17): warning CS1591: Missing XML comment for publicly visible type or member 'MetadataRegistry.ReplaceAll(IReadOnlyList<MetadataDefinition>)' [/Users/kady/Masterdom/src/Masterdom.Platform/Masterdom.Platform.csproj]
/Users/kady/Masterdom/src/Masterdom.Platform/Metadata/MetadataRegistry.cs(29,17): warning CS1591: Missing XML comment for publicly visible type or member 'MetadataRegistry.RegisterRange(IReadOnlyList<MetadataDefinition>)' [/Users/kady/Masterdom/src/Masterdom.Platform/Masterdom.Platform.csproj]
/Users/kady/Masterdom/src/Masterdom.Platform/Metadata/MetadataRegistry.cs(42,29): warning CS1591: Missing XML comment for publicly visible type or member 'MetadataRegistry.GetCatalog()' [/Users/kady/Masterdom/src/Masterdom.Platform/Masterdom.Platform.csproj]
/Users/kady/Masterdom/src/Masterdom.Platform/Metadata/MetadataResolver.cs(14,12): warning CS1591: Missing XML comment for publicly visible type or member 'MetadataResolver.MetadataResolver(IMetadataRepository)' [/Users/kady/Masterdom/src/Masterdom.Platform/Masterdom.Platform.csproj]
/Users/kady/Masterdom/src/Masterdom.Platform/Metadata/MetadataResolver.cs(19,31): warning CS1591: Missing XML comment for publicly visible type or member 'MetadataResolver.Resolve(MetadataKey, MetadataScope, DateTime)' [/Users/kady/Masterdom/src/Masterdom.Platform/Masterdom.Platform.csproj]
/Users/kady/Masterdom/src/Masterdom.Platform/Metadata/MetadataResolver.cs(51,46): warning CS1591: Missing XML comment for publicly visible type or member 'MetadataResolver.ResolveInheritanceChain(MetadataId, DateTime)' [/Users/kady/Masterdom/src/Masterdom.Platform/Masterdom.Platform.csproj]
/Users/kady/Masterdom/src/Masterdom.Platform/Metadata/MetadataScope.cs(16,30): warning CS1591: Missing XML comment for publicly visible type or member 'MetadataScope.Kind' [/Users/kady/Masterdom/src/Masterdom.Platform/Masterdom.Platform.csproj]
/Users/kady/Masterdom/src/Masterdom.Platform/Metadata/MetadataScope.cs(18,20): warning CS1591: Missing XML comment for publicly visible type or member 'MetadataScope.Identifier' [/Users/kady/Masterdom/src/Masterdom.Platform/Masterdom.Platform.csproj]
/Users/kady/Masterdom/src/Masterdom.Platform/Metadata/MetadataScope.cs(20,33): warning CS1591: Missing XML comment for publicly visible type or member 'MetadataScope.Global()' [/Users/kady/Masterdom/src/Masterdom.Platform/Masterdom.Platform.csproj]
/Users/kady/Masterdom/src/Masterdom.Platform/Metadata/MetadataScope.cs(25,33): warning CS1591: Missing XML comment for publicly visible type or member 'MetadataScope.Module(string)' [/Users/kady/Masterdom/src/Masterdom.Platform/Masterdom.Platform.csproj]
/Users/kady/Masterdom/src/Masterdom.Platform/Metadata/MetadataScope.cs(30,33): warning CS1591: Missing XML comment for publicly visible type or member 'MetadataScope.Aggregate(string)' [/Users/kady/Masterdom/src/Masterdom.Platform/Masterdom.Platform.csproj]
/Users/kady/Masterdom/src/Masterdom.Platform/Metadata/MetadataScope.cs(35,33): warning CS1591: Missing XML comment for publicly visible type or member 'MetadataScope.Entity(string)' [/Users/kady/Masterdom/src/Masterdom.Platform/Masterdom.Platform.csproj]
/Users/kady/Masterdom/src/Masterdom.Platform/Metadata/MetadataScope.cs(40,33): warning CS1591: Missing XML comment for publicly visible type or member 'MetadataScope.Property(string)' [/Users/kady/Masterdom/src/Masterdom.Platform/Masterdom.Platform.csproj]
/Users/kady/Masterdom/src/Masterdom.Platform/Metadata/MetadataScope.cs(45,33): warning CS1591: Missing XML comment for publicly visible type or member 'MetadataScope.Field(string)' [/Users/kady/Masterdom/src/Masterdom.Platform/Masterdom.Platform.csproj]
/Users/kady/Masterdom/src/Masterdom.Platform/Metadata/MetadataScope.cs(50,33): warning CS1591: Missing XML comment for publicly visible type or member 'MetadataScope.Enumeration(string)' [/Users/kady/Masterdom/src/Masterdom.Platform/Masterdom.Platform.csproj]
/Users/kady/Masterdom/src/Masterdom.Platform/Metadata/MetadataScope.cs(55,33): warning CS1591: Missing XML comment for publicly visible type or member 'MetadataScope.Create(MetadataScopeKind, string?)' [/Users/kady/Masterdom/src/Masterdom.Platform/Masterdom.Platform.csproj]
/Users/kady/Masterdom/src/Masterdom.Platform/Metadata/MetadataScope.cs(77,17): warning CS1591: Missing XML comment for publicly visible type or member 'MetadataScope.Equals(MetadataScope?)' [/Users/kady/Masterdom/src/Masterdom.Platform/Masterdom.Platform.csproj]
/Users/kady/Masterdom/src/Masterdom.Platform/Metadata/MetadataScope.cs(88,26): warning CS1591: Missing XML comment for publicly visible type or member 'MetadataScope.Equals(object?)' [/Users/kady/Masterdom/src/Masterdom.Platform/Masterdom.Platform.csproj]
/Users/kady/Masterdom/src/Masterdom.Platform/Metadata/MetadataScope.cs(93,25): warning CS1591: Missing XML comment for publicly visible type or member 'MetadataScope.GetHashCode()' [/Users/kady/Masterdom/src/Masterdom.Platform/Masterdom.Platform.csproj]
/Users/kady/Masterdom/src/Masterdom.Platform/Metadata/MetadataScope.cs(100,28): warning CS1591: Missing XML comment for publicly visible type or member 'MetadataScope.ToString()' [/Users/kady/Masterdom/src/Masterdom.Platform/Masterdom.Platform.csproj]
/Users/kady/Masterdom/src/Masterdom.Platform/Metadata/MetadataScopeKind.cs(8,5): warning CS1591: Missing XML comment for publicly visible type or member 'MetadataScopeKind.Global' [/Users/kady/Masterdom/src/Masterdom.Platform/Masterdom.Platform.csproj]
/Users/kady/Masterdom/src/Masterdom.Platform/Metadata/MetadataScopeKind.cs(9,5): warning CS1591: Missing XML comment for publicly visible type or member 'MetadataScopeKind.Module' [/Users/kady/Masterdom/src/Masterdom.Platform/Masterdom.Platform.csproj]
/Users/kady/Masterdom/src/Masterdom.Platform/Metadata/MetadataScopeKind.cs(10,5): warning CS1591: Missing XML comment for publicly visible type or member 'MetadataScopeKind.Aggregate' [/Users/kady/Masterdom/src/Masterdom.Platform/Masterdom.Platform.csproj]
/Users/kady/Masterdom/src/Masterdom.Platform/Metadata/MetadataScopeKind.cs(11,5): warning CS1591: Missing XML comment for publicly visible type or member 'MetadataScopeKind.Entity' [/Users/kady/Masterdom/src/Masterdom.Platform/Masterdom.Platform.csproj]
/Users/kady/Masterdom/src/Masterdom.Platform/Metadata/MetadataScopeKind.cs(12,5): warning CS1591: Missing XML comment for publicly visible type or member 'MetadataScopeKind.Property' [/Users/kady/Masterdom/src/Masterdom.Platform/Masterdom.Platform.csproj]
/Users/kady/Masterdom/src/Masterdom.Platform/Metadata/MetadataScopeKind.cs(13,5): warning CS1591: Missing XML comment for publicly visible type or member 'MetadataScopeKind.Field' [/Users/kady/Masterdom/src/Masterdom.Platform/Masterdom.Platform.csproj]
/Users/kady/Masterdom/src/Masterdom.Platform/Metadata/MetadataScopeKind.cs(14,5): warning CS1591: Missing XML comment for publicly visible type or member 'MetadataScopeKind.Enumeration' [/Users/kady/Masterdom/src/Masterdom.Platform/Masterdom.Platform.csproj]
/Users/kady/Masterdom/src/Masterdom.Platform/Metadata/MetadataValidation.cs(12,24): warning CS1591: Missing XML comment for publicly visible type or member 'MetadataValidation.ValidateAll(IReadOnlyList<MetadataDefinition>)' [/Users/kady/Masterdom/src/Masterdom.Platform/Masterdom.Platform.csproj]
/Users/kady/Masterdom/src/Masterdom.Platform/Metadata/MetadataValidationException.cs(10,12): warning CS1591: Missing XML comment for publicly visible type or member 'MetadataValidationException.MetadataValidationException(string)' [/Users/kady/Masterdom/src/Masterdom.Platform/Masterdom.Platform.csproj]
/Users/kady/Masterdom/src/Masterdom.Platform/Metadata/MetadataVersion.cs(8,12): warning CS1591: Missing XML comment for publicly visible type or member 'MetadataVersion.MetadataVersion(int)' [/Users/kady/Masterdom/src/Masterdom.Platform/Masterdom.Platform.csproj]
/Users/kady/Masterdom/src/Masterdom.Platform/Metadata/MetadataVersion.cs(19,16): warning CS1591: Missing XML comment for publicly visible type or member 'MetadataVersion.Value' [/Users/kady/Masterdom/src/Masterdom.Platform/Masterdom.Platform.csproj]
/Users/kady/Masterdom/src/Masterdom.Platform/Modules/ModuleCatalogValidationException.cs(10,12): warning CS1591: Missing XML comment for publicly visible type or member 'ModuleCatalogValidationException.ModuleCatalogValidationException(string)' [/Users/kady/Masterdom/src/Masterdom.Platform/Masterdom.Platform.csproj]
/Users/kady/Masterdom/src/Masterdom.Platform/Modules/ModuleValidationException.cs(10,12): warning CS1591: Missing XML comment for publicly visible type or member 'ModuleValidationException.ModuleValidationException(string)' [/Users/kady/Masterdom/src/Masterdom.Platform/Masterdom.Platform.csproj]
/Users/kady/Masterdom/src/Masterdom.Platform/Notifications/INotificationChannelResolver.cs(3,18): warning CS1591: Missing XML comment for publicly visible type or member 'INotificationChannelResolver' [/Users/kady/Masterdom/src/Masterdom.Platform/Masterdom.Platform.csproj]
/Users/kady/Masterdom/src/Masterdom.Platform/Notifications/INotificationChannelResolver.cs(5,33): warning CS1591: Missing XML comment for publicly visible type or member 'INotificationChannelResolver.ResolveChannels(NotificationRegistration, IReadOnlyCollection<string>, bool)' [/Users/kady/Masterdom/src/Masterdom.Platform/Masterdom.Platform.csproj]
/Users/kady/Masterdom/src/Masterdom.Platform/Notifications/INotificationDeliveryProcessor.cs(3,18): warning CS1591: Missing XML comment for publicly visible type or member 'INotificationDeliveryProcessor' [/Users/kady/Masterdom/src/Masterdom.Platform/Masterdom.Platform.csproj]
/Users/kady/Masterdom/src/Masterdom.Platform/Notifications/INotificationDeliveryProcessor.cs(5,26): warning CS1591: Missing XML comment for publicly visible type or member 'INotificationDeliveryProcessor.Deliver(NotificationDeliveryEnvelope)' [/Users/kady/Masterdom/src/Masterdom.Platform/Masterdom.Platform.csproj]
/Users/kady/Masterdom/src/Masterdom.Platform/Notifications/INotificationDeliveryQueue.cs(3,18): warning CS1591: Missing XML comment for publicly visible type or member 'INotificationDeliveryQueue' [/Users/kady/Masterdom/src/Masterdom.Platform/Masterdom.Platform.csproj]
/Users/kady/Masterdom/src/Masterdom.Platform/Notifications/INotificationDeliveryQueue.cs(5,10): warning CS1591: Missing XML comment for publicly visible type or member 'INotificationDeliveryQueue.Enqueue(NotificationDeliveryEnvelope)' [/Users/kady/Masterdom/src/Masterdom.Platform/Masterdom.Platform.csproj]
/Users/kady/Masterdom/src/Masterdom.Platform/Notifications/INotificationDeliveryQueue.cs(7,35): warning CS1591: Missing XML comment for publicly visible type or member 'INotificationDeliveryQueue.Dequeue()' [/Users/kady/Masterdom/src/Masterdom.Platform/Masterdom.Platform.csproj]
/Users/kady/Masterdom/src/Masterdom.Platform/Notifications/INotificationGenerationEngine.cs(3,18): warning CS1591: Missing XML comment for publicly visible type or member 'INotificationGenerationEngine' [/Users/kady/Masterdom/src/Masterdom.Platform/Masterdom.Platform.csproj]
/Users/kady/Masterdom/src/Masterdom.Platform/Notifications/INotificationGenerationEngine.cs(5,34): warning CS1591: Missing XML comment for publicly visible type or member 'INotificationGenerationEngine.Generate(NotificationRegistration, Guid, DateTime, IReadOnlyDictionary<string, string>, DateTime?)' [/Users/kady/Masterdom/src/Masterdom.Platform/Masterdom.Platform.csproj]
/Users/kady/Masterdom/src/Masterdom.Platform/Notifications/INotificationRecipientResolver.cs(3,18): warning CS1591: Missing XML comment for publicly visible type or member 'INotificationRecipientResolver' [/Users/kady/Masterdom/src/Masterdom.Platform/Masterdom.Platform.csproj]
/Users/kady/Masterdom/src/Masterdom.Platform/Notifications/INotificationRecipientResolver.cs(5,10): warning CS1591: Missing XML comment for publicly visible type or member 'INotificationRecipientResolver.Resolve(string, Guid, IReadOnlyDictionary<string, string>)' [/Users/kady/Masterdom/src/Masterdom.Platform/Masterdom.Platform.csproj]
/Users/kady/Masterdom/src/Masterdom.Platform/Notifications/INotificationRegistry.cs(3,18): warning CS1591: Missing XML comment for publicly visible type or member 'INotificationRegistry' [/Users/kady/Masterdom/src/Masterdom.Platform/Masterdom.Platform.csproj]
/Users/kady/Masterdom/src/Masterdom.Platform/Notifications/INotificationRegistry.cs(5,30): warning CS1591: Missing XML comment for publicly visible type or member 'INotificationRegistry.Resolve(string)' [/Users/kady/Masterdom/src/Masterdom.Platform/Masterdom.Platform.csproj]
/Users/kady/Masterdom/src/Masterdom.Platform/Notifications/INotificationRegistry.cs(7,51): warning CS1591: Missing XML comment for publicly visible type or member 'INotificationRegistry.GetAll()' [/Users/kady/Masterdom/src/Masterdom.Platform/Masterdom.Platform.csproj]
/Users/kady/Masterdom/src/Masterdom.Platform/Notifications/INotificationTemplateRenderer.cs(3,18): warning CS1591: Missing XML comment for publicly visible type or member 'INotificationTemplateRenderer' [/Users/kady/Masterdom/src/Masterdom.Platform/Masterdom.Platform.csproj]
/Users/kady/Masterdom/src/Masterdom.Platform/Notifications/INotificationTemplateRenderer.cs(5,12): warning CS1591: Missing XML comment for publicly visible type or member 'INotificationTemplateRenderer.Render(string, IReadOnlyDictionary<string, string>)' [/Users/kady/Masterdom/src/Masterdom.Platform/Masterdom.Platform.csproj]
/Users/kady/Masterdom/src/Masterdom.Platform/Notifications/NotificationDeliveryEnvelope.cs(3,22): warning CS1591: Missing XML comment for publicly visible type or member 'NotificationDeliveryEnvelope' [/Users/kady/Masterdom/src/Masterdom.Platform/Masterdom.Platform.csproj]
/Users/kady/Masterdom/src/Masterdom.Platform/Notifications/NotificationDeliveryEnvelope.cs(3,22): warning CS1591: Missing XML comment for publicly visible type or member 'NotificationDeliveryEnvelope.NotificationDeliveryEnvelope(NotificationInstance, int, int)' [/Users/kady/Masterdom/src/Masterdom.Platform/Masterdom.Platform.csproj]
/Users/kady/Masterdom/src/Masterdom.Platform/Notifications/NotificationDeliveryEnvelope.cs(4,26): warning CS1591: Missing XML comment for publicly visible type or member 'NotificationDeliveryEnvelope.Instance' [/Users/kady/Masterdom/src/Masterdom.Platform/Masterdom.Platform.csproj]
/Users/kady/Masterdom/src/Masterdom.Platform/Notifications/NotificationDeliveryEnvelope.cs(5,9): warning CS1591: Missing XML comment for publicly visible type or member 'NotificationDeliveryEnvelope.MaxAttempts' [/Users/kady/Masterdom/src/Masterdom.Platform/Masterdom.Platform.csproj]
/Users/kady/Masterdom/src/Masterdom.Platform/Notifications/NotificationDeliveryEnvelope.cs(6,9): warning CS1591: Missing XML comment for publicly visible type or member 'NotificationDeliveryEnvelope.RetryDelaySeconds' [/Users/kady/Masterdom/src/Masterdom.Platform/Masterdom.Platform.csproj]
/Users/kady/Masterdom/src/Masterdom.Platform/Notifications/NotificationInstance.cs(3,22): warning CS1591: Missing XML comment for publicly visible type or member 'NotificationInstance' [/Users/kady/Masterdom/src/Masterdom.Platform/Masterdom.Platform.csproj]
/Users/kady/Masterdom/src/Masterdom.Platform/Notifications/NotificationInstance.cs(3,22): warning CS1591: Missing XML comment for publicly visible type or member 'NotificationInstance.NotificationInstance(string, string, Guid, string, string, IReadOnlyCollection<string>, string, string, DateTime, int, bool, string)' [/Users/kady/Masterdom/src/Masterdom.Platform/Masterdom.Platform.csproj]
/Users/kady/Masterdom/src/Masterdom.Platform/Notifications/NotificationInstance.cs(4,12): warning CS1591: Missing XML comment for publicly visible type or member 'NotificationInstance.NotificationId' [/Users/kady/Masterdom/src/Masterdom.Platform/Masterdom.Platform.csproj]
/Users/kady/Masterdom/src/Masterdom.Platform/Notifications/NotificationInstance.cs(5,12): warning CS1591: Missing XML comment for publicly visible type or member 'NotificationInstance.EventCode' [/Users/kady/Masterdom/src/Masterdom.Platform/Masterdom.Platform.csproj]
/Users/kady/Masterdom/src/Masterdom.Platform/Notifications/NotificationInstance.cs(6,10): warning CS1591: Missing XML comment for publicly visible type or member 'NotificationInstance.RecipientId' [/Users/kady/Masterdom/src/Masterdom.Platform/Masterdom.Platform.csproj]
/Users/kady/Masterdom/src/Masterdom.Platform/Notifications/NotificationInstance.cs(7,12): warning CS1591: Missing XML comment for publicly visible type or member 'NotificationInstance.Subject' [/Users/kady/Masterdom/src/Masterdom.Platform/Masterdom.Platform.csproj]
/Users/kady/Masterdom/src/Masterdom.Platform/Notifications/NotificationInstance.cs(8,12): warning CS1591: Missing XML comment for publicly visible type or member 'NotificationInstance.Body' [/Users/kady/Masterdom/src/Masterdom.Platform/Masterdom.Platform.csproj]
/Users/kady/Masterdom/src/Masterdom.Platform/Notifications/NotificationInstance.cs(9,33): warning CS1591: Missing XML comment for publicly visible type or member 'NotificationInstance.Channels' [/Users/kady/Masterdom/src/Masterdom.Platform/Masterdom.Platform.csproj]
/Users/kady/Masterdom/src/Masterdom.Platform/Notifications/NotificationInstance.cs(10,12): warning CS1591: Missing XML comment for publicly visible type or member 'NotificationInstance.Category' [/Users/kady/Masterdom/src/Masterdom.Platform/Masterdom.Platform.csproj]
/Users/kady/Masterdom/src/Masterdom.Platform/Notifications/NotificationInstance.cs(11,12): warning CS1591: Missing XML comment for publicly visible type or member 'NotificationInstance.Priority' [/Users/kady/Masterdom/src/Masterdom.Platform/Masterdom.Platform.csproj]
/Users/kady/Masterdom/src/Masterdom.Platform/Notifications/NotificationInstance.cs(12,14): warning CS1591: Missing XML comment for publicly visible type or member 'NotificationInstance.ScheduledAtUtc' [/Users/kady/Masterdom/src/Masterdom.Platform/Masterdom.Platform.csproj]
/Users/kady/Masterdom/src/Masterdom.Platform/Notifications/NotificationInstance.cs(13,9): warning CS1591: Missing XML comment for publicly visible type or member 'NotificationInstance.AttemptCount' [/Users/kady/Masterdom/src/Masterdom.Platform/Masterdom.Platform.csproj]
/Users/kady/Masterdom/src/Masterdom.Platform/Notifications/NotificationInstance.cs(14,10): warning CS1591: Missing XML comment for publicly visible type or member 'NotificationInstance.IsDelivered' [/Users/kady/Masterdom/src/Masterdom.Platform/Masterdom.Platform.csproj]
/Users/kady/Masterdom/src/Masterdom.Platform/Notifications/NotificationInstance.cs(15,12): warning CS1591: Missing XML comment for publicly visible type or member 'NotificationInstance.Status' [/Users/kady/Masterdom/src/Masterdom.Platform/Masterdom.Platform.csproj]
/Users/kady/Masterdom/src/Masterdom.Platform/Notifications/NotificationRegistration.cs(3,22): warning CS1591: Missing XML comment for publicly visible type or member 'NotificationRegistration' [/Users/kady/Masterdom/src/Masterdom.Platform/Masterdom.Platform.csproj]
/Users/kady/Masterdom/src/Masterdom.Platform/Notifications/NotificationRegistration.cs(3,22): warning CS1591: Missing XML comment for publicly visible type or member 'NotificationRegistration.NotificationRegistration(string, int, string, string, string, IReadOnlyCollection<string>, string, int, int, string, bool)' [/Users/kady/Masterdom/src/Masterdom.Platform/Masterdom.Platform.csproj]
/Users/kady/Masterdom/src/Masterdom.Platform/Notifications/NotificationRegistration.cs(4,12): warning CS1591: Missing XML comment for publicly visible type or member 'NotificationRegistration.EventCode' [/Users/kady/Masterdom/src/Masterdom.Platform/Masterdom.Platform.csproj]
/Users/kady/Masterdom/src/Masterdom.Platform/Notifications/NotificationRegistration.cs(5,9): warning CS1591: Missing XML comment for publicly visible type or member 'NotificationRegistration.Version' [/Users/kady/Masterdom/src/Masterdom.Platform/Masterdom.Platform.csproj]
/Users/kady/Masterdom/src/Masterdom.Platform/Notifications/NotificationRegistration.cs(6,12): warning CS1591: Missing XML comment for publicly visible type or member 'NotificationRegistration.ReadModelKey' [/Users/kady/Masterdom/src/Masterdom.Platform/Masterdom.Platform.csproj]
/Users/kady/Masterdom/src/Masterdom.Platform/Notifications/NotificationRegistration.cs(7,12): warning CS1591: Missing XML comment for publicly visible type or member 'NotificationRegistration.TemplateCode' [/Users/kady/Masterdom/src/Masterdom.Platform/Masterdom.Platform.csproj]
/Users/kady/Masterdom/src/Masterdom.Platform/Notifications/NotificationRegistration.cs(8,12): warning CS1591: Missing XML comment for publicly visible type or member 'NotificationRegistration.RecipientResolver' [/Users/kady/Masterdom/src/Masterdom.Platform/Masterdom.Platform.csproj]
/Users/kady/Masterdom/src/Masterdom.Platform/Notifications/NotificationRegistration.cs(9,33): warning CS1591: Missing XML comment for publicly visible type or member 'NotificationRegistration.DeliveryChannels' [/Users/kady/Masterdom/src/Masterdom.Platform/Masterdom.Platform.csproj]
/Users/kady/Masterdom/src/Masterdom.Platform/Notifications/NotificationRegistration.cs(10,12): warning CS1591: Missing XML comment for publicly visible type or member 'NotificationRegistration.Priority' [/Users/kady/Masterdom/src/Masterdom.Platform/Masterdom.Platform.csproj]
/Users/kady/Masterdom/src/Masterdom.Platform/Notifications/NotificationRegistration.cs(11,9): warning CS1591: Missing XML comment for publicly visible type or member 'NotificationRegistration.RetryMaxAttempts' [/Users/kady/Masterdom/src/Masterdom.Platform/Masterdom.Platform.csproj]
/Users/kady/Masterdom/src/Masterdom.Platform/Notifications/NotificationRegistration.cs(12,9): warning CS1591: Missing XML comment for publicly visible type or member 'NotificationRegistration.RetryDelaySeconds' [/Users/kady/Masterdom/src/Masterdom.Platform/Masterdom.Platform.csproj]
/Users/kady/Masterdom/src/Masterdom.Platform/Notifications/NotificationRegistration.cs(13,12): warning CS1591: Missing XML comment for publicly visible type or member 'NotificationRegistration.SchedulingPolicy' [/Users/kady/Masterdom/src/Masterdom.Platform/Masterdom.Platform.csproj]
/Users/kady/Masterdom/src/Masterdom.Platform/Notifications/NotificationRegistration.cs(14,10): warning CS1591: Missing XML comment for publicly visible type or member 'NotificationRegistration.AuditEnabled' [/Users/kady/Masterdom/src/Masterdom.Platform/Masterdom.Platform.csproj]
/Users/kady/Masterdom/src/Masterdom.Platform/ReadModels/BaselineReadModelKeys.cs(3,21): warning CS1591: Missing XML comment for publicly visible type or member 'BaselineReadModelKeys' [/Users/kady/Masterdom/src/Masterdom.Platform/Masterdom.Platform.csproj]
/Users/kady/Masterdom/src/Masterdom.Platform/ReadModels/BaselineReadModelKeys.cs(5,25): warning CS1591: Missing XML comment for publicly visible type or member 'BaselineReadModelKeys.ActiveTenancies' [/Users/kady/Masterdom/src/Masterdom.Platform/Masterdom.Platform.csproj]
/Users/kady/Masterdom/src/Masterdom.Platform/ReadModels/BaselineReadModelKeys.cs(6,25): warning CS1591: Missing XML comment for publicly visible type or member 'BaselineReadModelKeys.UpcomingMoveIns' [/Users/kady/Masterdom/src/Masterdom.Platform/Masterdom.Platform.csproj]
/Users/kady/Masterdom/src/Masterdom.Platform/ReadModels/BaselineReadModelKeys.cs(7,25): warning CS1591: Missing XML comment for publicly visible type or member 'BaselineReadModelKeys.UpcomingMoveOuts' [/Users/kady/Masterdom/src/Masterdom.Platform/Masterdom.Platform.csproj]
/Users/kady/Masterdom/src/Masterdom.Platform/ReadModels/BaselineReadModelKeys.cs(9,25): warning CS1591: Missing XML comment for publicly visible type or member 'BaselineReadModelKeys.VacantUnits' [/Users/kady/Masterdom/src/Masterdom.Platform/Masterdom.Platform.csproj]
/Users/kady/Masterdom/src/Masterdom.Platform/ReadModels/BaselineReadModelKeys.cs(10,25): warning CS1591: Missing XML comment for publicly visible type or member 'BaselineReadModelKeys.OccupancySummary' [/Users/kady/Masterdom/src/Masterdom.Platform/Masterdom.Platform.csproj]
/Users/kady/Masterdom/src/Masterdom.Platform/ReadModels/BaselineReadModelKeys.cs(12,25): warning CS1591: Missing XML comment for publicly visible type or member 'BaselineReadModelKeys.MeterReadingHistory' [/Users/kady/Masterdom/src/Masterdom.Platform/Masterdom.Platform.csproj]
/Users/kady/Masterdom/src/Masterdom.Platform/ReadModels/BaselineReadModelKeys.cs(13,25): warning CS1591: Missing XML comment for publicly visible type or member 'BaselineReadModelKeys.MissingReadings' [/Users/kady/Masterdom/src/Masterdom.Platform/Masterdom.Platform.csproj]
/Users/kady/Masterdom/src/Masterdom.Platform/ReadModels/BaselineReadModelKeys.cs(14,25): warning CS1591: Missing XML comment for publicly visible type or member 'BaselineReadModelKeys.ConsumptionSummary' [/Users/kady/Masterdom/src/Masterdom.Platform/Masterdom.Platform.csproj]
/Users/kady/Masterdom/src/Masterdom.Platform/ReadModels/BaselineReadModelKeys.cs(15,25): warning CS1591: Missing XML comment for publicly visible type or member 'BaselineReadModelKeys.HighConsumption' [/Users/kady/Masterdom/src/Masterdom.Platform/Masterdom.Platform.csproj]
/Users/kady/Masterdom/src/Masterdom.Platform/ReadModels/BaselineReadModelKeys.cs(16,25): warning CS1591: Missing XML comment for publicly visible type or member 'BaselineReadModelKeys.ReadingCorrections' [/Users/kady/Masterdom/src/Masterdom.Platform/Masterdom.Platform.csproj]
/Users/kady/Masterdom/src/Masterdom.Platform/ReadModels/BaselineReadModelKeys.cs(18,25): warning CS1591: Missing XML comment for publicly visible type or member 'BaselineReadModelKeys.BillsGenerated' [/Users/kady/Masterdom/src/Masterdom.Platform/Masterdom.Platform.csproj]
/Users/kady/Masterdom/src/Masterdom.Platform/ReadModels/BaselineReadModelKeys.cs(19,25): warning CS1591: Missing XML comment for publicly visible type or member 'BaselineReadModelKeys.BillsPending' [/Users/kady/Masterdom/src/Masterdom.Platform/Masterdom.Platform.csproj]
/Users/kady/Masterdom/src/Masterdom.Platform/ReadModels/BaselineReadModelKeys.cs(20,25): warning CS1591: Missing XML comment for publicly visible type or member 'BaselineReadModelKeys.BillsFinalized' [/Users/kady/Masterdom/src/Masterdom.Platform/Masterdom.Platform.csproj]
/Users/kady/Masterdom/src/Masterdom.Platform/ReadModels/BaselineReadModelKeys.cs(21,25): warning CS1591: Missing XML comment for publicly visible type or member 'BaselineReadModelKeys.BillsVoided' [/Users/kady/Masterdom/src/Masterdom.Platform/Masterdom.Platform.csproj]
/Users/kady/Masterdom/src/Masterdom.Platform/ReadModels/BaselineReadModelKeys.cs(22,25): warning CS1591: Missing XML comment for publicly visible type or member 'BaselineReadModelKeys.OutstandingBills' [/Users/kady/Masterdom/src/Masterdom.Platform/Masterdom.Platform.csproj]
/Users/kady/Masterdom/src/Masterdom.Platform/ReadModels/BaselineReadModelKeys.cs(23,25): warning CS1591: Missing XML comment for publicly visible type or member 'BaselineReadModelKeys.BillingSummary' [/Users/kady/Masterdom/src/Masterdom.Platform/Masterdom.Platform.csproj]
/Users/kady/Masterdom/src/Masterdom.Platform/ReadModels/BaselineReadModelKeys.cs(24,25): warning CS1591: Missing XML comment for publicly visible type or member 'BaselineReadModelKeys.ChargeBreakdown' [/Users/kady/Masterdom/src/Masterdom.Platform/Masterdom.Platform.csproj]
/Users/kady/Masterdom/src/Masterdom.Platform/ReadModels/BaselineReadModelKeys.cs(26,25): warning CS1591: Missing XML comment for publicly visible type or member 'BaselineReadModelKeys.TrialBalance' [/Users/kady/Masterdom/src/Masterdom.Platform/Masterdom.Platform.csproj]
/Users/kady/Masterdom/src/Masterdom.Platform/ReadModels/BaselineReadModelKeys.cs(27,25): warning CS1591: Missing XML comment for publicly visible type or member 'BaselineReadModelKeys.GeneralLedger' [/Users/kady/Masterdom/src/Masterdom.Platform/Masterdom.Platform.csproj]
/Users/kady/Masterdom/src/Masterdom.Platform/ReadModels/BaselineReadModelKeys.cs(28,25): warning CS1591: Missing XML comment for publicly visible type or member 'BaselineReadModelKeys.JournalRegister' [/Users/kady/Masterdom/src/Masterdom.Platform/Masterdom.Platform.csproj]
/Users/kady/Masterdom/src/Masterdom.Platform/ReadModels/BaselineReadModelKeys.cs(29,25): warning CS1591: Missing XML comment for publicly visible type or member 'BaselineReadModelKeys.AccountBalances' [/Users/kady/Masterdom/src/Masterdom.Platform/Masterdom.Platform.csproj]
/Users/kady/Masterdom/src/Masterdom.Platform/ReadModels/BaselineReadModelKeys.cs(30,25): warning CS1591: Missing XML comment for publicly visible type or member 'BaselineReadModelKeys.LedgerCreditSummary' [/Users/kady/Masterdom/src/Masterdom.Platform/Masterdom.Platform.csproj]
/Users/kady/Masterdom/src/Masterdom.Platform/ReadModels/BaselineReadModelKeys.cs(32,25): warning CS1591: Missing XML comment for publicly visible type or member 'BaselineReadModelKeys.PaymentRegister' [/Users/kady/Masterdom/src/Masterdom.Platform/Masterdom.Platform.csproj]
/Users/kady/Masterdom/src/Masterdom.Platform/ReadModels/BaselineReadModelKeys.cs(33,25): warning CS1591: Missing XML comment for publicly visible type or member 'BaselineReadModelKeys.UnallocatedPayments' [/Users/kady/Masterdom/src/Masterdom.Platform/Masterdom.Platform.csproj]
/Users/kady/Masterdom/src/Masterdom.Platform/ReadModels/BaselineReadModelKeys.cs(34,25): warning CS1591: Missing XML comment for publicly visible type or member 'BaselineReadModelKeys.PartiallyAllocatedPayments' [/Users/kady/Masterdom/src/Masterdom.Platform/Masterdom.Platform.csproj]
/Users/kady/Masterdom/src/Masterdom.Platform/ReadModels/BaselineReadModelKeys.cs(35,25): warning CS1591: Missing XML comment for publicly visible type or member 'BaselineReadModelKeys.PaymentReversals' [/Users/kady/Masterdom/src/Masterdom.Platform/Masterdom.Platform.csproj]
/Users/kady/Masterdom/src/Masterdom.Platform/ReadModels/BaselineReadModelKeys.cs(36,25): warning CS1591: Missing XML comment for publicly visible type or member 'BaselineReadModelKeys.CollectionSummary' [/Users/kady/Masterdom/src/Masterdom.Platform/Masterdom.Platform.csproj]
/Users/kady/Masterdom/src/Masterdom.Platform/ReadModels/BaselineReadModelKeys.cs(37,25): warning CS1591: Missing XML comment for publicly visible type or member 'BaselineReadModelKeys.CollectionsByProperty' [/Users/kady/Masterdom/src/Masterdom.Platform/Masterdom.Platform.csproj]
/Users/kady/Masterdom/src/Masterdom.Platform/ReadModels/IBaselineReadModelProviders.cs(3,18): warning CS1591: Missing XML comment for publicly visible type or member 'ITenancyReadModelProvider' [/Users/kady/Masterdom/src/Masterdom.Platform/Masterdom.Platform.csproj]
/Users/kady/Masterdom/src/Masterdom.Platform/ReadModels/IBaselineReadModelProviders.cs(5,18): warning CS1591: Missing XML comment for publicly visible type or member 'IPropertyReadModelProvider' [/Users/kady/Masterdom/src/Masterdom.Platform/Masterdom.Platform.csproj]
/Users/kady/Masterdom/src/Masterdom.Platform/ReadModels/IBaselineReadModelProviders.cs(7,18): warning CS1591: Missing XML comment for publicly visible type or member 'IMeteringReadModelProvider' [/Users/kady/Masterdom/src/Masterdom.Platform/Masterdom.Platform.csproj]
/Users/kady/Masterdom/src/Masterdom.Platform/ReadModels/IBaselineReadModelProviders.cs(9,18): warning CS1591: Missing XML comment for publicly visible type or member 'IBillingReadModelProvider' [/Users/kady/Masterdom/src/Masterdom.Platform/Masterdom.Platform.csproj]
/Users/kady/Masterdom/src/Masterdom.Platform/ReadModels/IBaselineReadModelProviders.cs(11,18): warning CS1591: Missing XML comment for publicly visible type or member 'IPaymentReadModelProvider' [/Users/kady/Masterdom/src/Masterdom.Platform/Masterdom.Platform.csproj]
/Users/kady/Masterdom/src/Masterdom.Platform/ReadModels/IBaselineReadModelProviders.cs(13,18): warning CS1591: Missing XML comment for publicly visible type or member 'IFinancialLedgerReadModelProvider' [/Users/kady/Masterdom/src/Masterdom.Platform/Masterdom.Platform.csproj]
/Users/kady/Masterdom/src/Masterdom.Platform/ReadModels/IReadModelProjectionOrchestrator.cs(3,18): warning CS1591: Missing XML comment for publicly visible type or member 'IReadModelProjectionOrchestrator' [/Users/kady/Masterdom/src/Masterdom.Platform/Masterdom.Platform.csproj]
/Users/kady/Masterdom/src/Masterdom.Platform/ReadModels/IReadModelProjectionOrchestrator.cs(5,52): warning CS1591: Missing XML comment for publicly visible type or member 'IReadModelProjectionOrchestrator.Project(string, ReadModelProjectionRequest)' [/Users/kady/Masterdom/src/Masterdom.Platform/Masterdom.Platform.csproj]
/Users/kady/Masterdom/src/Masterdom.Platform/ReadModels/IReadModelProvider.cs(3,18): warning CS1591: Missing XML comment for publicly visible type or member 'IReadModelProvider' [/Users/kady/Masterdom/src/Masterdom.Platform/Masterdom.Platform.csproj]
/Users/kady/Masterdom/src/Masterdom.Platform/ReadModels/IReadModelProvider.cs(5,12): warning CS1591: Missing XML comment for publicly visible type or member 'IReadModelProvider.ModuleId' [/Users/kady/Masterdom/src/Masterdom.Platform/Masterdom.Platform.csproj]
/Users/kady/Masterdom/src/Masterdom.Platform/ReadModels/IReadModelProvider.cs(7,44): warning CS1591: Missing XML comment for publicly visible type or member 'IReadModelProvider.GetRegisteredReadModels()' [/Users/kady/Masterdom/src/Masterdom.Platform/Masterdom.Platform.csproj]
/Users/kady/Masterdom/src/Masterdom.Platform/ReadModels/IReadModelProvider.cs(9,42): warning CS1591: Missing XML comment for publicly visible type or member 'IReadModelProvider.Project(string, ReadModelProjectionRequest)' [/Users/kady/Masterdom/src/Masterdom.Platform/Masterdom.Platform.csproj]
/Users/kady/Masterdom/src/Masterdom.Platform/ReadModels/IReadModelRegistry.cs(3,18): warning CS1591: Missing XML comment for publicly visible type or member 'IReadModelRegistry' [/Users/kady/Masterdom/src/Masterdom.Platform/Masterdom.Platform.csproj]
/Users/kady/Masterdom/src/Masterdom.Platform/ReadModels/IReadModelRegistry.cs(5,45): warning CS1591: Missing XML comment for publicly visible type or member 'IReadModelRegistry.GetProviders()' [/Users/kady/Masterdom/src/Masterdom.Platform/Masterdom.Platform.csproj]
/Users/kady/Masterdom/src/Masterdom.Platform/ReadModels/IReadModelRegistry.cs(7,44): warning CS1591: Missing XML comment for publicly visible type or member 'IReadModelRegistry.GetRegisteredReadModels()' [/Users/kady/Masterdom/src/Masterdom.Platform/Masterdom.Platform.csproj]
/Users/kady/Masterdom/src/Masterdom.Platform/ReadModels/IReadModelRegistry.cs(9,45): warning CS1591: Missing XML comment for publicly visible type or member 'IReadModelRegistry.ResolveProviders(string)' [/Users/kady/Masterdom/src/Masterdom.Platform/Masterdom.Platform.csproj]
/Users/kady/Masterdom/src/Masterdom.Platform/ReadModels/IReadModelRegistry.cs(11,44): warning CS1591: Missing XML comment for publicly visible type or member 'IReadModelRegistry.ResolveMetadata(string)' [/Users/kady/Masterdom/src/Masterdom.Platform/Masterdom.Platform.csproj]
/Users/kady/Masterdom/src/Masterdom.Platform/ReadModels/IReportReadModelRegistry.cs(3,18): warning CS1591: Missing XML comment for publicly visible type or member 'IReportReadModelRegistry' [/Users/kady/Masterdom/src/Masterdom.Platform/Masterdom.Platform.csproj]
/Users/kady/Masterdom/src/Masterdom.Platform/ReadModels/IReportReadModelRegistry.cs(5,54): warning CS1591: Missing XML comment for publicly visible type or member 'IReportReadModelRegistry.GetRegistrations()' [/Users/kady/Masterdom/src/Masterdom.Platform/Masterdom.Platform.csproj]
/Users/kady/Masterdom/src/Masterdom.Platform/ReadModels/IReportReadModelRegistry.cs(7,33): warning CS1591: Missing XML comment for publicly visible type or member 'IReportReadModelRegistry.Resolve(string)' [/Users/kady/Masterdom/src/Masterdom.Platform/Masterdom.Platform.csproj]
/Users/kady/Masterdom/src/Masterdom.Platform/ReadModels/ReadModelMetadata.cs(3,22): warning CS1591: Missing XML comment for publicly visible type or member 'ReadModelMetadata' [/Users/kady/Masterdom/src/Masterdom.Platform/Masterdom.Platform.csproj]
/Users/kady/Masterdom/src/Masterdom.Platform/ReadModels/ReadModelMetadata.cs(3,22): warning CS1591: Missing XML comment for publicly visible type or member 'ReadModelMetadata.ReadModelMetadata(string, string, int, string, string, IReadOnlyCollection<string>, IReadOnlyCollection<string>, IReadOnlyDictionary<string, string>)' [/Users/kady/Masterdom/src/Masterdom.Platform/Masterdom.Platform.csproj]
/Users/kady/Masterdom/src/Masterdom.Platform/ReadModels/ReadModelMetadata.cs(4,12): warning CS1591: Missing XML comment for publicly visible type or member 'ReadModelMetadata.ModuleId' [/Users/kady/Masterdom/src/Masterdom.Platform/Masterdom.Platform.csproj]
/Users/kady/Masterdom/src/Masterdom.Platform/ReadModels/ReadModelMetadata.cs(5,12): warning CS1591: Missing XML comment for publicly visible type or member 'ReadModelMetadata.ReadModelKey' [/Users/kady/Masterdom/src/Masterdom.Platform/Masterdom.Platform.csproj]
/Users/kady/Masterdom/src/Masterdom.Platform/ReadModels/ReadModelMetadata.cs(6,9): warning CS1591: Missing XML comment for publicly visible type or member 'ReadModelMetadata.Version' [/Users/kady/Masterdom/src/Masterdom.Platform/Masterdom.Platform.csproj]
/Users/kady/Masterdom/src/Masterdom.Platform/ReadModels/ReadModelMetadata.cs(7,12): warning CS1591: Missing XML comment for publicly visible type or member 'ReadModelMetadata.Description' [/Users/kady/Masterdom/src/Masterdom.Platform/Masterdom.Platform.csproj]
/Users/kady/Masterdom/src/Masterdom.Platform/ReadModels/ReadModelMetadata.cs(8,12): warning CS1591: Missing XML comment for publicly visible type or member 'ReadModelMetadata.Provider' [/Users/kady/Masterdom/src/Masterdom.Platform/Masterdom.Platform.csproj]
/Users/kady/Masterdom/src/Masterdom.Platform/ReadModels/ReadModelMetadata.cs(9,33): warning CS1591: Missing XML comment for publicly visible type or member 'ReadModelMetadata.ConsumerCompatibility' [/Users/kady/Masterdom/src/Masterdom.Platform/Masterdom.Platform.csproj]
/Users/kady/Masterdom/src/Masterdom.Platform/ReadModels/ReadModelMetadata.cs(10,33): warning CS1591: Missing XML comment for publicly visible type or member 'ReadModelMetadata.SupportedParameters' [/Users/kady/Masterdom/src/Masterdom.Platform/Masterdom.Platform.csproj]
/Users/kady/Masterdom/src/Masterdom.Platform/ReadModels/ReadModelMetadata.cs(11,41): warning CS1591: Missing XML comment for publicly visible type or member 'ReadModelMetadata.OutputSchema' [/Users/kady/Masterdom/src/Masterdom.Platform/Masterdom.Platform.csproj]
/Users/kady/Masterdom/src/Masterdom.Platform/ReadModels/ReadModelMetadata.cs(13,22): warning CS1591: Missing XML comment for publicly visible type or member 'ReportReadModelRegistration' [/Users/kady/Masterdom/src/Masterdom.Platform/Masterdom.Platform.csproj]
/Users/kady/Masterdom/src/Masterdom.Platform/ReadModels/ReadModelMetadata.cs(13,22): warning CS1591: Missing XML comment for publicly visible type or member 'ReportReadModelRegistration.ReportReadModelRegistration(string, IReadOnlyCollection<string>, IReadOnlyCollection<string>, IReadOnlyDictionary<string, string>, string)' [/Users/kady/Masterdom/src/Masterdom.Platform/Masterdom.Platform.csproj]
/Users/kady/Masterdom/src/Masterdom.Platform/ReadModels/ReadModelMetadata.cs(14,12): warning CS1591: Missing XML comment for publicly visible type or member 'ReportReadModelRegistration.ReportCode' [/Users/kady/Masterdom/src/Masterdom.Platform/Masterdom.Platform.csproj]
/Users/kady/Masterdom/src/Masterdom.Platform/ReadModels/ReadModelMetadata.cs(15,33): warning CS1591: Missing XML comment for publicly visible type or member 'ReportReadModelRegistration.ReadModelKeys' [/Users/kady/Masterdom/src/Masterdom.Platform/Masterdom.Platform.csproj]
/Users/kady/Masterdom/src/Masterdom.Platform/ReadModels/ReadModelMetadata.cs(16,33): warning CS1591: Missing XML comment for publicly visible type or member 'ReportReadModelRegistration.SupportedParameters' [/Users/kady/Masterdom/src/Masterdom.Platform/Masterdom.Platform.csproj]
/Users/kady/Masterdom/src/Masterdom.Platform/ReadModels/ReadModelMetadata.cs(17,41): warning CS1591: Missing XML comment for publicly visible type or member 'ReportReadModelRegistration.OutputSchema' [/Users/kady/Masterdom/src/Masterdom.Platform/Masterdom.Platform.csproj]
/Users/kady/Masterdom/src/Masterdom.Platform/ReadModels/ReadModelMetadata.cs(18,12): warning CS1591: Missing XML comment for publicly visible type or member 'ReportReadModelRegistration.Description' [/Users/kady/Masterdom/src/Masterdom.Platform/Masterdom.Platform.csproj]
/Users/kady/Masterdom/src/Masterdom.Platform/ReadModels/ReadModelProjectionRequest.cs(3,21): warning CS1591: Missing XML comment for publicly visible type or member 'ReadModelProjectionRequest' [/Users/kady/Masterdom/src/Masterdom.Platform/Masterdom.Platform.csproj]
/Users/kady/Masterdom/src/Masterdom.Platform/ReadModels/ReadModelProjectionRequest.cs(5,12): warning CS1591: Missing XML comment for publicly visible type or member 'ReadModelProjectionRequest.ReadModelProjectionRequest(IReadOnlyDictionary<string, string>, DateTime)' [/Users/kady/Masterdom/src/Masterdom.Platform/Masterdom.Platform.csproj]
/Users/kady/Masterdom/src/Masterdom.Platform/ReadModels/ReadModelProjectionRequest.cs(11,48): warning CS1591: Missing XML comment for publicly visible type or member 'ReadModelProjectionRequest.Filters' [/Users/kady/Masterdom/src/Masterdom.Platform/Masterdom.Platform.csproj]
/Users/kady/Masterdom/src/Masterdom.Platform/ReadModels/ReadModelProjectionRequest.cs(13,21): warning CS1591: Missing XML comment for publicly visible type or member 'ReadModelProjectionRequest.AsOfUtc' [/Users/kady/Masterdom/src/Masterdom.Platform/Masterdom.Platform.csproj]
/Users/kady/Masterdom/src/Masterdom.Platform/ReadModels/ReadModelProjectionResult.cs(3,22): warning CS1591: Missing XML comment for publicly visible type or member 'ReadModelProjectionResult' [/Users/kady/Masterdom/src/Masterdom.Platform/Masterdom.Platform.csproj]
/Users/kady/Masterdom/src/Masterdom.Platform/ReadModels/ReadModelProjectionResult.cs(3,22): warning CS1591: Missing XML comment for publicly visible type or member 'ReadModelProjectionResult.ReadModelProjectionResult(ReadModelMetadata, IReadOnlyCollection<ReadModelRecord>, DateTime)' [/Users/kady/Masterdom/src/Masterdom.Platform/Masterdom.Platform.csproj]
/Users/kady/Masterdom/src/Masterdom.Platform/ReadModels/ReadModelProjectionResult.cs(4,23): warning CS1591: Missing XML comment for publicly visible type or member 'ReadModelProjectionResult.Metadata' [/Users/kady/Masterdom/src/Masterdom.Platform/Masterdom.Platform.csproj]
/Users/kady/Masterdom/src/Masterdom.Platform/ReadModels/ReadModelProjectionResult.cs(5,42): warning CS1591: Missing XML comment for publicly visible type or member 'ReadModelProjectionResult.Records' [/Users/kady/Masterdom/src/Masterdom.Platform/Masterdom.Platform.csproj]
/Users/kady/Masterdom/src/Masterdom.Platform/ReadModels/ReadModelProjectionResult.cs(6,14): warning CS1591: Missing XML comment for publicly visible type or member 'ReadModelProjectionResult.GeneratedAtUtc' [/Users/kady/Masterdom/src/Masterdom.Platform/Masterdom.Platform.csproj]
/Users/kady/Masterdom/src/Masterdom.Platform/ReadModels/ReadModelRecord.cs(3,22): warning CS1591: Missing XML comment for publicly visible type or member 'ReadModelRecord' [/Users/kady/Masterdom/src/Masterdom.Platform/Masterdom.Platform.csproj]
/Users/kady/Masterdom/src/Masterdom.Platform/ReadModels/ReadModelRecord.cs(3,22): warning CS1591: Missing XML comment for publicly visible type or member 'ReadModelRecord.ReadModelRecord(IReadOnlyDictionary<string, string>)' [/Users/kady/Masterdom/src/Masterdom.Platform/Masterdom.Platform.csproj]
/Users/kady/Masterdom/src/Masterdom.Platform/ReadModels/ReadModelRecord.cs(3,74): warning CS1591: Missing XML comment for publicly visible type or member 'ReadModelRecord.Fields' [/Users/kady/Masterdom/src/Masterdom.Platform/Masterdom.Platform.csproj]
/Users/kady/Masterdom/src/Masterdom.Platform/Recommendation/Decision.cs(3,21): warning CS1591: Missing XML comment for publicly visible type or member 'Decision' [/Users/kady/Masterdom/src/Masterdom.Platform/Masterdom.Platform.csproj]
/Users/kady/Masterdom/src/Masterdom.Platform/Recommendation/Decision.cs(25,23): warning CS1591: Missing XML comment for publicly visible type or member 'Decision.Id' [/Users/kady/Masterdom/src/Masterdom.Platform/Masterdom.Platform.csproj]
/Users/kady/Masterdom/src/Masterdom.Platform/Recommendation/Decision.cs(27,25): warning CS1591: Missing XML comment for publicly visible type or member 'Decision.Type' [/Users/kady/Masterdom/src/Masterdom.Platform/Masterdom.Platform.csproj]
/Users/kady/Masterdom/src/Masterdom.Platform/Recommendation/Decision.cs(29,27): warning CS1591: Missing XML comment for publicly visible type or member 'Decision.Status' [/Users/kady/Masterdom/src/Masterdom.Platform/Masterdom.Platform.csproj]
/Users/kady/Masterdom/src/Masterdom.Platform/Recommendation/Decision.cs(31,27): warning CS1591: Missing XML comment for publicly visible type or member 'Decision.Reason' [/Users/kady/Masterdom/src/Masterdom.Platform/Masterdom.Platform.csproj]
/Users/kady/Masterdom/src/Masterdom.Platform/Recommendation/Decision.cs(33,35): warning CS1591: Missing XML comment for publicly visible type or member 'Decision.BundleId' [/Users/kady/Masterdom/src/Masterdom.Platform/Masterdom.Platform.csproj]
/Users/kady/Masterdom/src/Masterdom.Platform/Recommendation/Decision.cs(35,21): warning CS1591: Missing XML comment for publicly visible type or member 'Decision.CreatedAtUtc' [/Users/kady/Masterdom/src/Masterdom.Platform/Masterdom.Platform.csproj]
/Users/kady/Masterdom/src/Masterdom.Platform/Recommendation/Decision.cs(37,22): warning CS1591: Missing XML comment for publicly visible type or member 'Decision.DecidedAtUtc' [/Users/kady/Masterdom/src/Masterdom.Platform/Masterdom.Platform.csproj]
/Users/kady/Masterdom/src/Masterdom.Platform/Recommendation/Decision.cs(39,22): warning CS1591: Missing XML comment for publicly visible type or member 'Decision.AppliedAtUtc' [/Users/kady/Masterdom/src/Masterdom.Platform/Masterdom.Platform.csproj]
/Users/kady/Masterdom/src/Masterdom.Platform/Recommendation/Decision.cs(41,28): warning CS1591: Missing XML comment for publicly visible type or member 'Decision.CreatePending(DecisionId, DecisionType, DecisionReason, RecommendationBundleId, DateTime)' [/Users/kady/Masterdom/src/Masterdom.Platform/Masterdom.Platform.csproj]
/Users/kady/Masterdom/src/Masterdom.Platform/Recommendation/Decision.cs(69,21): warning CS1591: Missing XML comment for publicly visible type or member 'Decision.Approve(DateTime)' [/Users/kady/Masterdom/src/Masterdom.Platform/Masterdom.Platform.csproj]
/Users/kady/Masterdom/src/Masterdom.Platform/Recommendation/Decision.cs(89,21): warning CS1591: Missing XML comment for publicly visible type or member 'Decision.Reject(DateTime)' [/Users/kady/Masterdom/src/Masterdom.Platform/Masterdom.Platform.csproj]
/Users/kady/Masterdom/src/Masterdom.Platform/Recommendation/Decision.cs(109,21): warning CS1591: Missing XML comment for publicly visible type or member 'Decision.Apply(DateTime)' [/Users/kady/Masterdom/src/Masterdom.Platform/Masterdom.Platform.csproj]
/Users/kady/Masterdom/src/Masterdom.Platform/Recommendation/DecisionId.cs(3,21): warning CS1591: Missing XML comment for publicly visible type or member 'DecisionId' [/Users/kady/Masterdom/src/Masterdom.Platform/Masterdom.Platform.csproj]
/Users/kady/Masterdom/src/Masterdom.Platform/Recommendation/DecisionId.cs(10,17): warning CS1591: Missing XML comment for publicly visible type or member 'DecisionId.Value' [/Users/kady/Masterdom/src/Masterdom.Platform/Masterdom.Platform.csproj]
/Users/kady/Masterdom/src/Masterdom.Platform/Recommendation/DecisionId.cs(12,30): warning CS1591: Missing XML comment for publicly visible type or member 'DecisionId.New()' [/Users/kady/Masterdom/src/Masterdom.Platform/Masterdom.Platform.csproj]
/Users/kady/Masterdom/src/Masterdom.Platform/Recommendation/DecisionId.cs(17,30): warning CS1591: Missing XML comment for publicly visible type or member 'DecisionId.From(Guid)' [/Users/kady/Masterdom/src/Masterdom.Platform/Masterdom.Platform.csproj]
/Users/kady/Masterdom/src/Masterdom.Platform/Recommendation/DecisionId.cs(27,17): warning CS1591: Missing XML comment for publicly visible type or member 'DecisionId.Equals(DecisionId?)' [/Users/kady/Masterdom/src/Masterdom.Platform/Masterdom.Platform.csproj]
/Users/kady/Masterdom/src/Masterdom.Platform/Recommendation/DecisionId.cs(32,26): warning CS1591: Missing XML comment for publicly visible type or member 'DecisionId.Equals(object?)' [/Users/kady/Masterdom/src/Masterdom.Platform/Masterdom.Platform.csproj]
/Users/kady/Masterdom/src/Masterdom.Platform/Recommendation/DecisionId.cs(37,25): warning CS1591: Missing XML comment for publicly visible type or member 'DecisionId.GetHashCode()' [/Users/kady/Masterdom/src/Masterdom.Platform/Masterdom.Platform.csproj]
/Users/kady/Masterdom/src/Masterdom.Platform/Recommendation/DecisionReason.cs(3,21): warning CS1591: Missing XML comment for publicly visible type or member 'DecisionReason' [/Users/kady/Masterdom/src/Masterdom.Platform/Masterdom.Platform.csproj]
/Users/kady/Masterdom/src/Masterdom.Platform/Recommendation/DecisionReason.cs(10,19): warning CS1591: Missing XML comment for publicly visible type or member 'DecisionReason.Value' [/Users/kady/Masterdom/src/Masterdom.Platform/Masterdom.Platform.csproj]
/Users/kady/Masterdom/src/Masterdom.Platform/Recommendation/DecisionReason.cs(12,34): warning CS1591: Missing XML comment for publicly visible type or member 'DecisionReason.Create(string)' [/Users/kady/Masterdom/src/Masterdom.Platform/Masterdom.Platform.csproj]
/Users/kady/Masterdom/src/Masterdom.Platform/Recommendation/DecisionReason.cs(22,17): warning CS1591: Missing XML comment for publicly visible type or member 'DecisionReason.Equals(DecisionReason?)' [/Users/kady/Masterdom/src/Masterdom.Platform/Masterdom.Platform.csproj]
/Users/kady/Masterdom/src/Masterdom.Platform/Recommendation/DecisionReason.cs(27,26): warning CS1591: Missing XML comment for publicly visible type or member 'DecisionReason.Equals(object?)' [/Users/kady/Masterdom/src/Masterdom.Platform/Masterdom.Platform.csproj]
/Users/kady/Masterdom/src/Masterdom.Platform/Recommendation/DecisionReason.cs(32,25): warning CS1591: Missing XML comment for publicly visible type or member 'DecisionReason.GetHashCode()' [/Users/kady/Masterdom/src/Masterdom.Platform/Masterdom.Platform.csproj]
/Users/kady/Masterdom/src/Masterdom.Platform/Recommendation/DecisionStatus.cs(3,13): warning CS1591: Missing XML comment for publicly visible type or member 'DecisionStatus' [/Users/kady/Masterdom/src/Masterdom.Platform/Masterdom.Platform.csproj]
/Users/kady/Masterdom/src/Masterdom.Platform/Recommendation/DecisionStatus.cs(5,5): warning CS1591: Missing XML comment for publicly visible type or member 'DecisionStatus.Pending' [/Users/kady/Masterdom/src/Masterdom.Platform/Masterdom.Platform.csproj]
/Users/kady/Masterdom/src/Masterdom.Platform/Recommendation/DecisionStatus.cs(6,5): warning CS1591: Missing XML comment for publicly visible type or member 'DecisionStatus.Approved' [/Users/kady/Masterdom/src/Masterdom.Platform/Masterdom.Platform.csproj]
/Users/kady/Masterdom/src/Masterdom.Platform/Recommendation/DecisionStatus.cs(7,5): warning CS1591: Missing XML comment for publicly visible type or member 'DecisionStatus.Rejected' [/Users/kady/Masterdom/src/Masterdom.Platform/Masterdom.Platform.csproj]
/Users/kady/Masterdom/src/Masterdom.Platform/Recommendation/DecisionStatus.cs(8,5): warning CS1591: Missing XML comment for publicly visible type or member 'DecisionStatus.Applied' [/Users/kady/Masterdom/src/Masterdom.Platform/Masterdom.Platform.csproj]
/Users/kady/Masterdom/src/Masterdom.Platform/Recommendation/DecisionType.cs(3,21): warning CS1591: Missing XML comment for publicly visible type or member 'DecisionType' [/Users/kady/Masterdom/src/Masterdom.Platform/Masterdom.Platform.csproj]
/Users/kady/Masterdom/src/Masterdom.Platform/Recommendation/DecisionType.cs(10,19): warning CS1591: Missing XML comment for publicly visible type or member 'DecisionType.Value' [/Users/kady/Masterdom/src/Masterdom.Platform/Masterdom.Platform.csproj]
/Users/kady/Masterdom/src/Masterdom.Platform/Recommendation/DecisionType.cs(12,32): warning CS1591: Missing XML comment for publicly visible type or member 'DecisionType.Create(string)' [/Users/kady/Masterdom/src/Masterdom.Platform/Masterdom.Platform.csproj]
/Users/kady/Masterdom/src/Masterdom.Platform/Recommendation/DecisionType.cs(22,17): warning CS1591: Missing XML comment for publicly visible type or member 'DecisionType.Equals(DecisionType?)' [/Users/kady/Masterdom/src/Masterdom.Platform/Masterdom.Platform.csproj]
/Users/kady/Masterdom/src/Masterdom.Platform/Recommendation/DecisionType.cs(27,26): warning CS1591: Missing XML comment for publicly visible type or member 'DecisionType.Equals(object?)' [/Users/kady/Masterdom/src/Masterdom.Platform/Masterdom.Platform.csproj]
/Users/kady/Masterdom/src/Masterdom.Platform/Recommendation/DecisionType.cs(32,25): warning CS1591: Missing XML comment for publicly visible type or member 'DecisionType.GetHashCode()' [/Users/kady/Masterdom/src/Masterdom.Platform/Masterdom.Platform.csproj]
/Users/kady/Masterdom/src/Masterdom.Platform/Recommendation/IDecisionHandler.cs(6,18): warning CS1591: Missing XML comment for publicly visible type or member 'IDecisionHandler' [/Users/kady/Masterdom/src/Masterdom.Platform/Masterdom.Platform.csproj]
/Users/kady/Masterdom/src/Masterdom.Platform/Recommendation/IDecisionHandler.cs(8,12): warning CS1591: Missing XML comment for publicly visible type or member 'IDecisionHandler.Name' [/Users/kady/Masterdom/src/Masterdom.Platform/Masterdom.Platform.csproj]
/Users/kady/Masterdom/src/Masterdom.Platform/Recommendation/IDecisionHandler.cs(10,9): warning CS1591: Missing XML comment for publicly visible type or member 'IDecisionHandler.Order' [/Users/kady/Masterdom/src/Masterdom.Platform/Masterdom.Platform.csproj]
/Users/kady/Masterdom/src/Masterdom.Platform/Recommendation/IDecisionHandler.cs(12,9): warning CS1591: Missing XML comment for publicly visible type or member 'IDecisionHandler.Priority' [/Users/kady/Masterdom/src/Masterdom.Platform/Masterdom.Platform.csproj]
/Users/kady/Masterdom/src/Masterdom.Platform/Recommendation/IDecisionHandler.cs(14,14): warning CS1591: Missing XML comment for publicly visible type or member 'IDecisionHandler.Handle(Decision, RecommendationBundle, BusinessContext)' [/Users/kady/Masterdom/src/Masterdom.Platform/Masterdom.Platform.csproj]
/Users/kady/Masterdom/src/Masterdom.Platform/Recommendation/IDecisionRepository.cs(3,18): warning CS1591: Missing XML comment for publicly visible type or member 'IDecisionRepository' [/Users/kady/Masterdom/src/Masterdom.Platform/Masterdom.Platform.csproj]
/Users/kady/Masterdom/src/Masterdom.Platform/Recommendation/IDecisionRepository.cs(5,10): warning CS1591: Missing XML comment for publicly visible type or member 'IDecisionRepository.Save(Decision)' [/Users/kady/Masterdom/src/Masterdom.Platform/Masterdom.Platform.csproj]
/Users/kady/Masterdom/src/Masterdom.Platform/Recommendation/IDecisionRepository.cs(7,15): warning CS1591: Missing XML comment for publicly visible type or member 'IDecisionRepository.Get(DecisionId)' [/Users/kady/Masterdom/src/Masterdom.Platform/Masterdom.Platform.csproj]
/Users/kady/Masterdom/src/Masterdom.Platform/Recommendation/InMemoryDecisionRepository.cs(3,21): warning CS1591: Missing XML comment for publicly visible type or member 'InMemoryDecisionRepository' [/Users/kady/Masterdom/src/Masterdom.Platform/Masterdom.Platform.csproj]
/Users/kady/Masterdom/src/Masterdom.Platform/Recommendation/InMemoryDecisionRepository.cs(7,17): warning CS1591: Missing XML comment for publicly visible type or member 'InMemoryDecisionRepository.Save(Decision)' [/Users/kady/Masterdom/src/Masterdom.Platform/Masterdom.Platform.csproj]
/Users/kady/Masterdom/src/Masterdom.Platform/Recommendation/InMemoryDecisionRepository.cs(14,22): warning CS1591: Missing XML comment for publicly visible type or member 'InMemoryDecisionRepository.Get(DecisionId)' [/Users/kady/Masterdom/src/Masterdom.Platform/Masterdom.Platform.csproj]
/Users/kady/Masterdom/src/Masterdom.Platform/Recommendation/InMemoryOptimizationSessionRepository.cs(3,21): warning CS1591: Missing XML comment for publicly visible type or member 'InMemoryOptimizationSessionRepository' [/Users/kady/Masterdom/src/Masterdom.Platform/Masterdom.Platform.csproj]
/Users/kady/Masterdom/src/Masterdom.Platform/Recommendation/InMemoryOptimizationSessionRepository.cs(7,17): warning CS1591: Missing XML comment for publicly visible type or member 'InMemoryOptimizationSessionRepository.Save(OptimizationSession)' [/Users/kady/Masterdom/src/Masterdom.Platform/Masterdom.Platform.csproj]
/Users/kady/Masterdom/src/Masterdom.Platform/Recommendation/InMemoryOptimizationSessionRepository.cs(14,33): warning CS1591: Missing XML comment for publicly visible type or member 'InMemoryOptimizationSessionRepository.Get(OptimizationSessionId)' [/Users/kady/Masterdom/src/Masterdom.Platform/Masterdom.Platform.csproj]
/Users/kady/Masterdom/src/Masterdom.Platform/Recommendation/InMemoryRecommendationRepository.cs(3,21): warning CS1591: Missing XML comment for publicly visible type or member 'InMemoryRecommendationRepository' [/Users/kady/Masterdom/src/Masterdom.Platform/Masterdom.Platform.csproj]
/Users/kady/Masterdom/src/Masterdom.Platform/Recommendation/InMemoryRecommendationRepository.cs(7,17): warning CS1591: Missing XML comment for publicly visible type or member 'InMemoryRecommendationRepository.SaveBundle(RecommendationBundle)' [/Users/kady/Masterdom/src/Masterdom.Platform/Masterdom.Platform.csproj]
/Users/kady/Masterdom/src/Masterdom.Platform/Recommendation/InMemoryRecommendationRepository.cs(14,34): warning CS1591: Missing XML comment for publicly visible type or member 'InMemoryRecommendationRepository.GetBundle(RecommendationBundleId)' [/Users/kady/Masterdom/src/Masterdom.Platform/Masterdom.Platform.csproj]
/Users/kady/Masterdom/src/Masterdom.Platform/Recommendation/IOptimizationSessionRepository.cs(3,18): warning CS1591: Missing XML comment for publicly visible type or member 'IOptimizationSessionRepository' [/Users/kady/Masterdom/src/Masterdom.Platform/Masterdom.Platform.csproj]
/Users/kady/Masterdom/src/Masterdom.Platform/Recommendation/IOptimizationSessionRepository.cs(5,10): warning CS1591: Missing XML comment for publicly visible type or member 'IOptimizationSessionRepository.Save(OptimizationSession)' [/Users/kady/Masterdom/src/Masterdom.Platform/Masterdom.Platform.csproj]
/Users/kady/Masterdom/src/Masterdom.Platform/Recommendation/IOptimizationSessionRepository.cs(7,26): warning CS1591: Missing XML comment for publicly visible type or member 'IOptimizationSessionRepository.Get(OptimizationSessionId)' [/Users/kady/Masterdom/src/Masterdom.Platform/Masterdom.Platform.csproj]
/Users/kady/Masterdom/src/Masterdom.Platform/Recommendation/IRecommendationConsumer.cs(10,12): warning CS1591: Missing XML comment for publicly visible type or member 'IRecommendationConsumer.Name' [/Users/kady/Masterdom/src/Masterdom.Platform/Masterdom.Platform.csproj]
/Users/kady/Masterdom/src/Masterdom.Platform/Recommendation/IRecommendationConsumer.cs(12,9): warning CS1591: Missing XML comment for publicly visible type or member 'IRecommendationConsumer.Order' [/Users/kady/Masterdom/src/Masterdom.Platform/Masterdom.Platform.csproj]
/Users/kady/Masterdom/src/Masterdom.Platform/Recommendation/IRecommendationConsumer.cs(14,9): warning CS1591: Missing XML comment for publicly visible type or member 'IRecommendationConsumer.Priority' [/Users/kady/Masterdom/src/Masterdom.Platform/Masterdom.Platform.csproj]
/Users/kady/Masterdom/src/Masterdom.Platform/Recommendation/IRecommendationConsumer.cs(16,10): warning CS1591: Missing XML comment for publicly visible type or member 'IRecommendationConsumer.IsOptional' [/Users/kady/Masterdom/src/Masterdom.Platform/Masterdom.Platform.csproj]
/Users/kady/Masterdom/src/Masterdom.Platform/Recommendation/IRecommendationConsumer.cs(18,34): warning CS1591: Missing XML comment for publicly visible type or member 'IRecommendationConsumer.Consume(RecommendationConsumerExecutionContext)' [/Users/kady/Masterdom/src/Masterdom.Platform/Masterdom.Platform.csproj]
/Users/kady/Masterdom/src/Masterdom.Platform/Recommendation/IRecommendationProvider.cs(6,18): warning CS1591: Missing XML comment for publicly visible type or member 'IRecommendationProvider' [/Users/kady/Masterdom/src/Masterdom.Platform/Masterdom.Platform.csproj]
/Users/kady/Masterdom/src/Masterdom.Platform/Recommendation/IRecommendationProvider.cs(8,12): warning CS1591: Missing XML comment for publicly visible type or member 'IRecommendationProvider.Name' [/Users/kady/Masterdom/src/Masterdom.Platform/Masterdom.Platform.csproj]
/Users/kady/Masterdom/src/Masterdom.Platform/Recommendation/IRecommendationProvider.cs(10,9): warning CS1591: Missing XML comment for publicly visible type or member 'IRecommendationProvider.Order' [/Users/kady/Masterdom/src/Masterdom.Platform/Masterdom.Platform.csproj]
/Users/kady/Masterdom/src/Masterdom.Platform/Recommendation/IRecommendationProvider.cs(12,9): warning CS1591: Missing XML comment for publicly visible type or member 'IRecommendationProvider.Priority' [/Users/kady/Masterdom/src/Masterdom.Platform/Masterdom.Platform.csproj]
/Users/kady/Masterdom/src/Masterdom.Platform/Recommendation/IRecommendationProvider.cs(14,10): warning CS1591: Missing XML comment for publicly visible type or member 'IRecommendationProvider.IsOptional' [/Users/kady/Masterdom/src/Masterdom.Platform/Masterdom.Platform.csproj]
/Users/kady/Masterdom/src/Masterdom.Platform/Recommendation/IRecommendationProvider.cs(16,35): warning CS1591: Missing XML comment for publicly visible type or member 'IRecommendationProvider.Provide(BusinessContext, OptimizationSession)' [/Users/kady/Masterdom/src/Masterdom.Platform/Masterdom.Platform.csproj]
/Users/kady/Masterdom/src/Masterdom.Platform/Recommendation/IRecommendationRepository.cs(3,18): warning CS1591: Missing XML comment for publicly visible type or member 'IRecommendationRepository' [/Users/kady/Masterdom/src/Masterdom.Platform/Masterdom.Platform.csproj]
/Users/kady/Masterdom/src/Masterdom.Platform/Recommendation/IRecommendationRepository.cs(5,10): warning CS1591: Missing XML comment for publicly visible type or member 'IRecommendationRepository.SaveBundle(RecommendationBundle)' [/Users/kady/Masterdom/src/Masterdom.Platform/Masterdom.Platform.csproj]
/Users/kady/Masterdom/src/Masterdom.Platform/Recommendation/IRecommendationRepository.cs(7,27): warning CS1591: Missing XML comment for publicly visible type or member 'IRecommendationRepository.GetBundle(RecommendationBundleId)' [/Users/kady/Masterdom/src/Masterdom.Platform/Masterdom.Platform.csproj]
/Users/kady/Masterdom/src/Masterdom.Platform/Recommendation/OptimizationSession.cs(3,21): warning CS1591: Missing XML comment for publicly visible type or member 'OptimizationSession' [/Users/kady/Masterdom/src/Masterdom.Platform/Masterdom.Platform.csproj]
/Users/kady/Masterdom/src/Masterdom.Platform/Recommendation/OptimizationSession.cs(23,34): warning CS1591: Missing XML comment for publicly visible type or member 'OptimizationSession.Id' [/Users/kady/Masterdom/src/Masterdom.Platform/Masterdom.Platform.csproj]
/Users/kady/Masterdom/src/Masterdom.Platform/Recommendation/OptimizationSession.cs(25,38): warning CS1591: Missing XML comment for publicly visible type or member 'OptimizationSession.Status' [/Users/kady/Masterdom/src/Masterdom.Platform/Masterdom.Platform.csproj]
/Users/kady/Masterdom/src/Masterdom.Platform/Recommendation/OptimizationSession.cs(27,40): warning CS1591: Missing XML comment for publicly visible type or member 'OptimizationSession.Metadata' [/Users/kady/Masterdom/src/Masterdom.Platform/Masterdom.Platform.csproj]
/Users/kady/Masterdom/src/Masterdom.Platform/Recommendation/OptimizationSession.cs(29,22): warning CS1591: Missing XML comment for publicly visible type or member 'OptimizationSession.StartedAtUtc' [/Users/kady/Masterdom/src/Masterdom.Platform/Masterdom.Platform.csproj]
/Users/kady/Masterdom/src/Masterdom.Platform/Recommendation/OptimizationSession.cs(31,22): warning CS1591: Missing XML comment for publicly visible type or member 'OptimizationSession.CompletedAtUtc' [/Users/kady/Masterdom/src/Masterdom.Platform/Masterdom.Platform.csproj]
/Users/kady/Masterdom/src/Masterdom.Platform/Recommendation/OptimizationSession.cs(33,22): warning CS1591: Missing XML comment for publicly visible type or member 'OptimizationSession.CancelledAtUtc' [/Users/kady/Masterdom/src/Masterdom.Platform/Masterdom.Platform.csproj]
/Users/kady/Masterdom/src/Masterdom.Platform/Recommendation/OptimizationSession.cs(35,20): warning CS1591: Missing XML comment for publicly visible type or member 'OptimizationSession.CancellationReason' [/Users/kady/Masterdom/src/Masterdom.Platform/Masterdom.Platform.csproj]
/Users/kady/Masterdom/src/Masterdom.Platform/Recommendation/OptimizationSession.cs(37,39): warning CS1591: Missing XML comment for publicly visible type or member 'OptimizationSession.Create(OptimizationSessionId, OptimizationSessionMetadata)' [/Users/kady/Masterdom/src/Masterdom.Platform/Masterdom.Platform.csproj]
/Users/kady/Masterdom/src/Masterdom.Platform/Recommendation/OptimizationSession.cs(52,32): warning CS1591: Missing XML comment for publicly visible type or member 'OptimizationSession.Start(DateTime)' [/Users/kady/Masterdom/src/Masterdom.Platform/Masterdom.Platform.csproj]
/Users/kady/Masterdom/src/Masterdom.Platform/Recommendation/OptimizationSession.cs(71,32): warning CS1591: Missing XML comment for publicly visible type or member 'OptimizationSession.Complete(DateTime)' [/Users/kady/Masterdom/src/Masterdom.Platform/Masterdom.Platform.csproj]
/Users/kady/Masterdom/src/Masterdom.Platform/Recommendation/OptimizationSession.cs(90,32): warning CS1591: Missing XML comment for publicly visible type or member 'OptimizationSession.Cancel(string, DateTime)' [/Users/kady/Masterdom/src/Masterdom.Platform/Masterdom.Platform.csproj]
/Users/kady/Masterdom/src/Masterdom.Platform/Recommendation/OptimizationSessionId.cs(3,21): warning CS1591: Missing XML comment for publicly visible type or member 'OptimizationSessionId' [/Users/kady/Masterdom/src/Masterdom.Platform/Masterdom.Platform.csproj]
/Users/kady/Masterdom/src/Masterdom.Platform/Recommendation/OptimizationSessionId.cs(10,17): warning CS1591: Missing XML comment for publicly visible type or member 'OptimizationSessionId.Value' [/Users/kady/Masterdom/src/Masterdom.Platform/Masterdom.Platform.csproj]
/Users/kady/Masterdom/src/Masterdom.Platform/Recommendation/OptimizationSessionId.cs(12,41): warning CS1591: Missing XML comment for publicly visible type or member 'OptimizationSessionId.New()' [/Users/kady/Masterdom/src/Masterdom.Platform/Masterdom.Platform.csproj]
/Users/kady/Masterdom/src/Masterdom.Platform/Recommendation/OptimizationSessionId.cs(17,41): warning CS1591: Missing XML comment for publicly visible type or member 'OptimizationSessionId.From(Guid)' [/Users/kady/Masterdom/src/Masterdom.Platform/Masterdom.Platform.csproj]
/Users/kady/Masterdom/src/Masterdom.Platform/Recommendation/OptimizationSessionId.cs(27,17): warning CS1591: Missing XML comment for publicly visible type or member 'OptimizationSessionId.Equals(OptimizationSessionId?)' [/Users/kady/Masterdom/src/Masterdom.Platform/Masterdom.Platform.csproj]
/Users/kady/Masterdom/src/Masterdom.Platform/Recommendation/OptimizationSessionId.cs(32,26): warning CS1591: Missing XML comment for publicly visible type or member 'OptimizationSessionId.Equals(object?)' [/Users/kady/Masterdom/src/Masterdom.Platform/Masterdom.Platform.csproj]
/Users/kady/Masterdom/src/Masterdom.Platform/Recommendation/OptimizationSessionId.cs(37,25): warning CS1591: Missing XML comment for publicly visible type or member 'OptimizationSessionId.GetHashCode()' [/Users/kady/Masterdom/src/Masterdom.Platform/Masterdom.Platform.csproj]
/Users/kady/Masterdom/src/Masterdom.Platform/Recommendation/OptimizationSessionMetadata.cs(5,21): warning CS1591: Missing XML comment for publicly visible type or member 'OptimizationSessionMetadata' [/Users/kady/Masterdom/src/Masterdom.Platform/Masterdom.Platform.csproj]
/Users/kady/Masterdom/src/Masterdom.Platform/Recommendation/OptimizationSessionMetadata.cs(7,12): warning CS1591: Missing XML comment for publicly visible type or member 'OptimizationSessionMetadata.OptimizationSessionMetadata(DateTime, DateTime, string, string, IReadOnlyDictionary<string, string>?)' [/Users/kady/Masterdom/src/Masterdom.Platform/Masterdom.Platform.csproj]
/Users/kady/Masterdom/src/Masterdom.Platform/Recommendation/OptimizationSessionMetadata.cs(42,21): warning CS1591: Missing XML comment for publicly visible type or member 'OptimizationSessionMetadata.CreatedAtUtc' [/Users/kady/Masterdom/src/Masterdom.Platform/Masterdom.Platform.csproj]
/Users/kady/Masterdom/src/Masterdom.Platform/Recommendation/OptimizationSessionMetadata.cs(44,21): warning CS1591: Missing XML comment for publicly visible type or member 'OptimizationSessionMetadata.EffectiveDateUtc' [/Users/kady/Masterdom/src/Masterdom.Platform/Masterdom.Platform.csproj]
/Users/kady/Masterdom/src/Masterdom.Platform/Recommendation/OptimizationSessionMetadata.cs(46,19): warning CS1591: Missing XML comment for publicly visible type or member 'OptimizationSessionMetadata.ContextVersion' [/Users/kady/Masterdom/src/Masterdom.Platform/Masterdom.Platform.csproj]
/Users/kady/Masterdom/src/Masterdom.Platform/Recommendation/OptimizationSessionMetadata.cs(48,19): warning CS1591: Missing XML comment for publicly visible type or member 'OptimizationSessionMetadata.RecommendationVersion' [/Users/kady/Masterdom/src/Masterdom.Platform/Masterdom.Platform.csproj]
/Users/kady/Masterdom/src/Masterdom.Platform/Recommendation/OptimizationSessionMetadata.cs(50,48): warning CS1591: Missing XML comment for publicly visible type or member 'OptimizationSessionMetadata.Attributes' [/Users/kady/Masterdom/src/Masterdom.Platform/Masterdom.Platform.csproj]
/Users/kady/Masterdom/src/Masterdom.Platform/Recommendation/OptimizationSessionStatus.cs(3,13): warning CS1591: Missing XML comment for publicly visible type or member 'OptimizationSessionStatus' [/Users/kady/Masterdom/src/Masterdom.Platform/Masterdom.Platform.csproj]
/Users/kady/Masterdom/src/Masterdom.Platform/Recommendation/OptimizationSessionStatus.cs(5,5): warning CS1591: Missing XML comment for publicly visible type or member 'OptimizationSessionStatus.Created' [/Users/kady/Masterdom/src/Masterdom.Platform/Masterdom.Platform.csproj]
/Users/kady/Masterdom/src/Masterdom.Platform/Recommendation/OptimizationSessionStatus.cs(6,5): warning CS1591: Missing XML comment for publicly visible type or member 'OptimizationSessionStatus.Running' [/Users/kady/Masterdom/src/Masterdom.Platform/Masterdom.Platform.csproj]
/Users/kady/Masterdom/src/Masterdom.Platform/Recommendation/OptimizationSessionStatus.cs(7,5): warning CS1591: Missing XML comment for publicly visible type or member 'OptimizationSessionStatus.Completed' [/Users/kady/Masterdom/src/Masterdom.Platform/Masterdom.Platform.csproj]
/Users/kady/Masterdom/src/Masterdom.Platform/Recommendation/OptimizationSessionStatus.cs(8,5): warning CS1591: Missing XML comment for publicly visible type or member 'OptimizationSessionStatus.Cancelled' [/Users/kady/Masterdom/src/Masterdom.Platform/Masterdom.Platform.csproj]
/Users/kady/Masterdom/src/Masterdom.Platform/Recommendation/Recommendation.cs(3,21): warning CS1591: Missing XML comment for publicly visible type or member 'Recommendation' [/Users/kady/Masterdom/src/Masterdom.Platform/Masterdom.Platform.csproj]
/Users/kady/Masterdom/src/Masterdom.Platform/Recommendation/Recommendation.cs(29,29): warning CS1591: Missing XML comment for publicly visible type or member 'Recommendation.Id' [/Users/kady/Masterdom/src/Masterdom.Platform/Masterdom.Platform.csproj]
/Users/kady/Masterdom/src/Masterdom.Platform/Recommendation/Recommendation.cs(31,31): warning CS1591: Missing XML comment for publicly visible type or member 'Recommendation.Type' [/Users/kady/Masterdom/src/Masterdom.Platform/Masterdom.Platform.csproj]
/Users/kady/Masterdom/src/Masterdom.Platform/Recommendation/Recommendation.cs(33,33): warning CS1591: Missing XML comment for publicly visible type or member 'Recommendation.Status' [/Users/kady/Masterdom/src/Masterdom.Platform/Masterdom.Platform.csproj]
/Users/kady/Masterdom/src/Masterdom.Platform/Recommendation/Recommendation.cs(35,35): warning CS1591: Missing XML comment for publicly visible type or member 'Recommendation.Priority' [/Users/kady/Masterdom/src/Masterdom.Platform/Masterdom.Platform.csproj]
/Users/kady/Masterdom/src/Masterdom.Platform/Recommendation/Recommendation.cs(37,37): warning CS1591: Missing XML comment for publicly visible type or member 'Recommendation.Confidence' [/Users/kady/Masterdom/src/Masterdom.Platform/Masterdom.Platform.csproj]
/Users/kady/Masterdom/src/Masterdom.Platform/Recommendation/Recommendation.cs(39,35): warning CS1591: Missing XML comment for publicly visible type or member 'Recommendation.Evidence' [/Users/kady/Masterdom/src/Masterdom.Platform/Masterdom.Platform.csproj]
/Users/kady/Masterdom/src/Masterdom.Platform/Recommendation/Recommendation.cs(41,38): warning CS1591: Missing XML comment for publicly visible type or member 'Recommendation.Explanation' [/Users/kady/Masterdom/src/Masterdom.Platform/Masterdom.Platform.csproj]
/Users/kady/Masterdom/src/Masterdom.Platform/Recommendation/Recommendation.cs(43,35): warning CS1591: Missing XML comment for publicly visible type or member 'Recommendation.Metadata' [/Users/kady/Masterdom/src/Masterdom.Platform/Masterdom.Platform.csproj]
/Users/kady/Masterdom/src/Masterdom.Platform/Recommendation/Recommendation.cs(45,20): warning CS1591: Missing XML comment for publicly visible type or member 'Recommendation.StatusReason' [/Users/kady/Masterdom/src/Masterdom.Platform/Masterdom.Platform.csproj]
/Users/kady/Masterdom/src/Masterdom.Platform/Recommendation/Recommendation.cs(47,22): warning CS1591: Missing XML comment for publicly visible type or member 'Recommendation.StatusChangedAtUtc' [/Users/kady/Masterdom/src/Masterdom.Platform/Masterdom.Platform.csproj]
/Users/kady/Masterdom/src/Masterdom.Platform/Recommendation/Recommendation.cs(49,34): warning CS1591: Missing XML comment for publicly visible type or member 'Recommendation.CreateDraft(RecommendationId, RecommendationType, RecommendationPriority, RecommendationConfidence, RecommendationEvidence, RecommendationExplanation, RecommendationMetadata)' [/Users/kady/Masterdom/src/Masterdom.Platform/Masterdom.Platform.csproj]
/Users/kady/Masterdom/src/Masterdom.Platform/Recommendation/Recommendation.cs(79,27): warning CS1591: Missing XML comment for publicly visible type or member 'Recommendation.MarkProposed(DateTime)' [/Users/kady/Masterdom/src/Masterdom.Platform/Masterdom.Platform.csproj]
/Users/kady/Masterdom/src/Masterdom.Platform/Recommendation/Recommendation.cs(91,27): warning CS1591: Missing XML comment for publicly visible type or member 'Recommendation.Accept(string, DateTime)' [/Users/kady/Masterdom/src/Masterdom.Platform/Masterdom.Platform.csproj]
/Users/kady/Masterdom/src/Masterdom.Platform/Recommendation/Recommendation.cs(103,27): warning CS1591: Missing XML comment for publicly visible type or member 'Recommendation.Reject(string, DateTime)' [/Users/kady/Masterdom/src/Masterdom.Platform/Masterdom.Platform.csproj]
/Users/kady/Masterdom/src/Masterdom.Platform/Recommendation/Recommendation.cs(115,27): warning CS1591: Missing XML comment for publicly visible type or member 'Recommendation.Archive(string, DateTime)' [/Users/kady/Masterdom/src/Masterdom.Platform/Masterdom.Platform.csproj]
/Users/kady/Masterdom/src/Masterdom.Platform/Recommendation/RecommendationBundle.cs(3,21): warning CS1591: Missing XML comment for publicly visible type or member 'RecommendationBundle' [/Users/kady/Masterdom/src/Masterdom.Platform/Masterdom.Platform.csproj]
/Users/kady/Masterdom/src/Masterdom.Platform/Recommendation/RecommendationBundle.cs(23,35): warning CS1591: Missing XML comment for publicly visible type or member 'RecommendationBundle.Id' [/Users/kady/Masterdom/src/Masterdom.Platform/Masterdom.Platform.csproj]
/Users/kady/Masterdom/src/Masterdom.Platform/Recommendation/RecommendationBundle.cs(25,39): warning CS1591: Missing XML comment for publicly visible type or member 'RecommendationBundle.Status' [/Users/kady/Masterdom/src/Masterdom.Platform/Masterdom.Platform.csproj]
/Users/kady/Masterdom/src/Masterdom.Platform/Recommendation/RecommendationBundle.cs(27,42): warning CS1591: Missing XML comment for publicly visible type or member 'RecommendationBundle.Recommendations' [/Users/kady/Masterdom/src/Masterdom.Platform/Masterdom.Platform.csproj]
/Users/kady/Masterdom/src/Masterdom.Platform/Recommendation/RecommendationBundle.cs(29,21): warning CS1591: Missing XML comment for publicly visible type or member 'RecommendationBundle.CreatedAtUtc' [/Users/kady/Masterdom/src/Masterdom.Platform/Masterdom.Platform.csproj]
/Users/kady/Masterdom/src/Masterdom.Platform/Recommendation/RecommendationBundle.cs(31,21): warning CS1591: Missing XML comment for publicly visible type or member 'RecommendationBundle.EffectiveDateUtc' [/Users/kady/Masterdom/src/Masterdom.Platform/Masterdom.Platform.csproj]
/Users/kady/Masterdom/src/Masterdom.Platform/Recommendation/RecommendationBundle.cs(33,19): warning CS1591: Missing XML comment for publicly visible type or member 'RecommendationBundle.Version' [/Users/kady/Masterdom/src/Masterdom.Platform/Masterdom.Platform.csproj]
/Users/kady/Masterdom/src/Masterdom.Platform/Recommendation/RecommendationBundle.cs(35,24): warning CS1591: Missing XML comment for publicly visible type or member 'RecommendationBundle.DecisionId' [/Users/kady/Masterdom/src/Masterdom.Platform/Masterdom.Platform.csproj]
/Users/kady/Masterdom/src/Masterdom.Platform/Recommendation/RecommendationBundle.cs(37,40): warning CS1591: Missing XML comment for publicly visible type or member 'RecommendationBundle.CreateDraft(RecommendationBundleId, IReadOnlyList<Recommendation>, DateTime, DateTime, string)' [/Users/kady/Masterdom/src/Masterdom.Platform/Masterdom.Platform.csproj]
/Users/kady/Masterdom/src/Masterdom.Platform/Recommendation/RecommendationBundle.cs(72,33): warning CS1591: Missing XML comment for publicly visible type or member 'RecommendationBundle.Open()' [/Users/kady/Masterdom/src/Masterdom.Platform/Masterdom.Platform.csproj]
/Users/kady/Masterdom/src/Masterdom.Platform/Recommendation/RecommendationBundle.cs(82,33): warning CS1591: Missing XML comment for publicly visible type or member 'RecommendationBundle.FinalizeBundle()' [/Users/kady/Masterdom/src/Masterdom.Platform/Masterdom.Platform.csproj]
/Users/kady/Masterdom/src/Masterdom.Platform/Recommendation/RecommendationBundle.cs(92,33): warning CS1591: Missing XML comment for publicly visible type or member 'RecommendationBundle.MarkDecided(DecisionId)' [/Users/kady/Masterdom/src/Masterdom.Platform/Masterdom.Platform.csproj]
/Users/kady/Masterdom/src/Masterdom.Platform/Recommendation/RecommendationBundleId.cs(3,21): warning CS1591: Missing XML comment for publicly visible type or member 'RecommendationBundleId' [/Users/kady/Masterdom/src/Masterdom.Platform/Masterdom.Platform.csproj]
/Users/kady/Masterdom/src/Masterdom.Platform/Recommendation/RecommendationBundleId.cs(10,17): warning CS1591: Missing XML comment for publicly visible type or member 'RecommendationBundleId.Value' [/Users/kady/Masterdom/src/Masterdom.Platform/Masterdom.Platform.csproj]
/Users/kady/Masterdom/src/Masterdom.Platform/Recommendation/RecommendationBundleId.cs(12,42): warning CS1591: Missing XML comment for publicly visible type or member 'RecommendationBundleId.New()' [/Users/kady/Masterdom/src/Masterdom.Platform/Masterdom.Platform.csproj]
/Users/kady/Masterdom/src/Masterdom.Platform/Recommendation/RecommendationBundleId.cs(17,42): warning CS1591: Missing XML comment for publicly visible type or member 'RecommendationBundleId.From(Guid)' [/Users/kady/Masterdom/src/Masterdom.Platform/Masterdom.Platform.csproj]
/Users/kady/Masterdom/src/Masterdom.Platform/Recommendation/RecommendationBundleId.cs(27,17): warning CS1591: Missing XML comment for publicly visible type or member 'RecommendationBundleId.Equals(RecommendationBundleId?)' [/Users/kady/Masterdom/src/Masterdom.Platform/Masterdom.Platform.csproj]
/Users/kady/Masterdom/src/Masterdom.Platform/Recommendation/RecommendationBundleId.cs(32,26): warning CS1591: Missing XML comment for publicly visible type or member 'RecommendationBundleId.Equals(object?)' [/Users/kady/Masterdom/src/Masterdom.Platform/Masterdom.Platform.csproj]
/Users/kady/Masterdom/src/Masterdom.Platform/Recommendation/RecommendationBundleId.cs(37,25): warning CS1591: Missing XML comment for publicly visible type or member 'RecommendationBundleId.GetHashCode()' [/Users/kady/Masterdom/src/Masterdom.Platform/Masterdom.Platform.csproj]
/Users/kady/Masterdom/src/Masterdom.Platform/Recommendation/RecommendationBundleStatus.cs(3,13): warning CS1591: Missing XML comment for publicly visible type or member 'RecommendationBundleStatus' [/Users/kady/Masterdom/src/Masterdom.Platform/Masterdom.Platform.csproj]
/Users/kady/Masterdom/src/Masterdom.Platform/Recommendation/RecommendationBundleStatus.cs(5,5): warning CS1591: Missing XML comment for publicly visible type or member 'RecommendationBundleStatus.Draft' [/Users/kady/Masterdom/src/Masterdom.Platform/Masterdom.Platform.csproj]
/Users/kady/Masterdom/src/Masterdom.Platform/Recommendation/RecommendationBundleStatus.cs(6,5): warning CS1591: Missing XML comment for publicly visible type or member 'RecommendationBundleStatus.Open' [/Users/kady/Masterdom/src/Masterdom.Platform/Masterdom.Platform.csproj]
/Users/kady/Masterdom/src/Masterdom.Platform/Recommendation/RecommendationBundleStatus.cs(7,5): warning CS1591: Missing XML comment for publicly visible type or member 'RecommendationBundleStatus.Finalized' [/Users/kady/Masterdom/src/Masterdom.Platform/Masterdom.Platform.csproj]
/Users/kady/Masterdom/src/Masterdom.Platform/Recommendation/RecommendationBundleStatus.cs(8,5): warning CS1591: Missing XML comment for publicly visible type or member 'RecommendationBundleStatus.Decided' [/Users/kady/Masterdom/src/Masterdom.Platform/Masterdom.Platform.csproj]
/Users/kady/Masterdom/src/Masterdom.Platform/Recommendation/RecommendationConfidence.cs(3,21): warning CS1591: Missing XML comment for publicly visible type or member 'RecommendationConfidence' [/Users/kady/Masterdom/src/Masterdom.Platform/Masterdom.Platform.csproj]
/Users/kady/Masterdom/src/Masterdom.Platform/Recommendation/RecommendationConfidence.cs(10,20): warning CS1591: Missing XML comment for publicly visible type or member 'RecommendationConfidence.Value' [/Users/kady/Masterdom/src/Masterdom.Platform/Masterdom.Platform.csproj]
/Users/kady/Masterdom/src/Masterdom.Platform/Recommendation/RecommendationConfidence.cs(12,44): warning CS1591: Missing XML comment for publicly visible type or member 'RecommendationConfidence.Create(decimal)' [/Users/kady/Masterdom/src/Masterdom.Platform/Masterdom.Platform.csproj]
/Users/kady/Masterdom/src/Masterdom.Platform/Recommendation/RecommendationConfidence.cs(22,17): warning CS1591: Missing XML comment for publicly visible type or member 'RecommendationConfidence.Equals(RecommendationConfidence?)' [/Users/kady/Masterdom/src/Masterdom.Platform/Masterdom.Platform.csproj]
/Users/kady/Masterdom/src/Masterdom.Platform/Recommendation/RecommendationConfidence.cs(27,26): warning CS1591: Missing XML comment for publicly visible type or member 'RecommendationConfidence.Equals(object?)' [/Users/kady/Masterdom/src/Masterdom.Platform/Masterdom.Platform.csproj]
/Users/kady/Masterdom/src/Masterdom.Platform/Recommendation/RecommendationConfidence.cs(32,25): warning CS1591: Missing XML comment for publicly visible type or member 'RecommendationConfidence.GetHashCode()' [/Users/kady/Masterdom/src/Masterdom.Platform/Masterdom.Platform.csproj]
/Users/kady/Masterdom/src/Masterdom.Platform/Recommendation/RecommendationConsumerExecutionContext.cs(6,21): warning CS1591: Missing XML comment for publicly visible type or member 'RecommendationConsumerExecutionContext' [/Users/kady/Masterdom/src/Masterdom.Platform/Masterdom.Platform.csproj]
/Users/kady/Masterdom/src/Masterdom.Platform/Recommendation/RecommendationConsumerExecutionContext.cs(8,12): warning CS1591: Missing XML comment for publicly visible type or member 'RecommendationConsumerExecutionContext.RecommendationConsumerExecutionContext(Recommendation, RecommendationBundle, OptimizationSession, BusinessContext, Guid, DateTime, DateTime, string?, Decision?, bool, CancellationToken, IReadOnlyDictionary<string, string>?)' [/Users/kady/Masterdom/src/Masterdom.Platform/Masterdom.Platform.csproj]
/Users/kady/Masterdom/src/Masterdom.Platform/Recommendation/RecommendationConsumerExecutionContext.cs(57,27): warning CS1591: Missing XML comment for publicly visible type or member 'RecommendationConsumerExecutionContext.Recommendation' [/Users/kady/Masterdom/src/Masterdom.Platform/Masterdom.Platform.csproj]
/Users/kady/Masterdom/src/Masterdom.Platform/Recommendation/RecommendationConsumerExecutionContext.cs(59,33): warning CS1591: Missing XML comment for publicly visible type or member 'RecommendationConsumerExecutionContext.RecommendationBundle' [/Users/kady/Masterdom/src/Masterdom.Platform/Masterdom.Platform.csproj]
/Users/kady/Masterdom/src/Masterdom.Platform/Recommendation/RecommendationConsumerExecutionContext.cs(61,32): warning CS1591: Missing XML comment for publicly visible type or member 'RecommendationConsumerExecutionContext.OptimizationSession' [/Users/kady/Masterdom/src/Masterdom.Platform/Masterdom.Platform.csproj]
/Users/kady/Masterdom/src/Masterdom.Platform/Recommendation/RecommendationConsumerExecutionContext.cs(63,33): warning CS1591: Missing XML comment for publicly visible type or member 'RecommendationConsumerExecutionContext.BusinessContext' [/Users/kady/Masterdom/src/Masterdom.Platform/Masterdom.Platform.csproj]
/Users/kady/Masterdom/src/Masterdom.Platform/Recommendation/RecommendationConsumerExecutionContext.cs(65,17): warning CS1591: Missing XML comment for publicly visible type or member 'RecommendationConsumerExecutionContext.CorrelationId' [/Users/kady/Masterdom/src/Masterdom.Platform/Masterdom.Platform.csproj]
/Users/kady/Masterdom/src/Masterdom.Platform/Recommendation/RecommendationConsumerExecutionContext.cs(67,21): warning CS1591: Missing XML comment for publicly visible type or member 'RecommendationConsumerExecutionContext.ExecutionTimestampUtc' [/Users/kady/Masterdom/src/Masterdom.Platform/Masterdom.Platform.csproj]
/Users/kady/Masterdom/src/Masterdom.Platform/Recommendation/RecommendationConsumerExecutionContext.cs(69,21): warning CS1591: Missing XML comment for publicly visible type or member 'RecommendationConsumerExecutionContext.EffectiveDateUtc' [/Users/kady/Masterdom/src/Masterdom.Platform/Masterdom.Platform.csproj]
/Users/kady/Masterdom/src/Masterdom.Platform/Recommendation/RecommendationConsumerExecutionContext.cs(71,20): warning CS1591: Missing XML comment for publicly visible type or member 'RecommendationConsumerExecutionContext.ConfigurationVersion' [/Users/kady/Masterdom/src/Masterdom.Platform/Masterdom.Platform.csproj]
/Users/kady/Masterdom/src/Masterdom.Platform/Recommendation/RecommendationConsumerExecutionContext.cs(73,22): warning CS1591: Missing XML comment for publicly visible type or member 'RecommendationConsumerExecutionContext.Decision' [/Users/kady/Masterdom/src/Masterdom.Platform/Masterdom.Platform.csproj]
/Users/kady/Masterdom/src/Masterdom.Platform/Recommendation/RecommendationConsumerExecutionContext.cs(75,17): warning CS1591: Missing XML comment for publicly visible type or member 'RecommendationConsumerExecutionContext.StopOnConsumerFailure' [/Users/kady/Masterdom/src/Masterdom.Platform/Masterdom.Platform.csproj]
/Users/kady/Masterdom/src/Masterdom.Platform/Recommendation/RecommendationConsumerExecutionContext.cs(77,30): warning CS1591: Missing XML comment for publicly visible type or member 'RecommendationConsumerExecutionContext.CancellationToken' [/Users/kady/Masterdom/src/Masterdom.Platform/Masterdom.Platform.csproj]
/Users/kady/Masterdom/src/Masterdom.Platform/Recommendation/RecommendationConsumerExecutionContext.cs(79,48): warning CS1591: Missing XML comment for publicly visible type or member 'RecommendationConsumerExecutionContext.Attributes' [/Users/kady/Masterdom/src/Masterdom.Platform/Masterdom.Platform.csproj]
/Users/kady/Masterdom/src/Masterdom.Platform/Recommendation/RecommendationConsumerExecutionSummary.cs(3,21): warning CS1591: Missing XML comment for publicly visible type or member 'RecommendationConsumerExecutionSummary' [/Users/kady/Masterdom/src/Masterdom.Platform/Masterdom.Platform.csproj]
/Users/kady/Masterdom/src/Masterdom.Platform/Recommendation/RecommendationConsumerExecutionSummary.cs(5,58): warning CS1591: Missing XML comment for publicly visible type or member 'RecommendationConsumerExecutionSummary.Empty' [/Users/kady/Masterdom/src/Masterdom.Platform/Masterdom.Platform.csproj]
/Users/kady/Masterdom/src/Masterdom.Platform/Recommendation/RecommendationConsumerExecutionSummary.cs(7,12): warning CS1591: Missing XML comment for publicly visible type or member 'RecommendationConsumerExecutionSummary.RecommendationConsumerExecutionSummary(IReadOnlyList<RecommendationConsumerResult>, IReadOnlyList<string>)' [/Users/kady/Masterdom/src/Masterdom.Platform/Masterdom.Platform.csproj]
/Users/kady/Masterdom/src/Masterdom.Platform/Recommendation/RecommendationConsumerExecutionSummary.cs(15,56): warning CS1591: Missing XML comment for publicly visible type or member 'RecommendationConsumerExecutionSummary.Results' [/Users/kady/Masterdom/src/Masterdom.Platform/Masterdom.Platform.csproj]
/Users/kady/Masterdom/src/Masterdom.Platform/Recommendation/RecommendationConsumerExecutionSummary.cs(17,34): warning CS1591: Missing XML comment for publicly visible type or member 'RecommendationConsumerExecutionSummary.Failures' [/Users/kady/Masterdom/src/Masterdom.Platform/Masterdom.Platform.csproj]
/Users/kady/Masterdom/src/Masterdom.Platform/Recommendation/RecommendationConsumerExecutionSummary.cs(19,17): warning CS1591: Missing XML comment for publicly visible type or member 'RecommendationConsumerExecutionSummary.HasFailures' [/Users/kady/Masterdom/src/Masterdom.Platform/Masterdom.Platform.csproj]
/Users/kady/Masterdom/src/Masterdom.Platform/Recommendation/RecommendationConsumerExecutionSummary.cs(21,16): warning CS1591: Missing XML comment for publicly visible type or member 'RecommendationConsumerExecutionSummary.ExecutedConsumerCount' [/Users/kady/Masterdom/src/Masterdom.Platform/Masterdom.Platform.csproj]
/Users/kady/Masterdom/src/Masterdom.Platform/Recommendation/RecommendationConsumerExecutionSummary.cs(23,16): warning CS1591: Missing XML comment for publicly visible type or member 'RecommendationConsumerExecutionSummary.SuccessfulConsumerCount' [/Users/kady/Masterdom/src/Masterdom.Platform/Masterdom.Platform.csproj]
/Users/kady/Masterdom/src/Masterdom.Platform/Recommendation/RecommendationConsumerExecutionSummary.cs(25,16): warning CS1591: Missing XML comment for publicly visible type or member 'RecommendationConsumerExecutionSummary.FailedConsumerCount' [/Users/kady/Masterdom/src/Masterdom.Platform/Masterdom.Platform.csproj]
/Users/kady/Masterdom/src/Masterdom.Platform/Recommendation/RecommendationConsumerExecutionSummary.cs(27,58): warning CS1591: Missing XML comment for publicly visible type or member 'RecommendationConsumerExecutionSummary.Merge(RecommendationConsumerExecutionSummary, RecommendationConsumerExecutionSummary)' [/Users/kady/Masterdom/src/Masterdom.Platform/Masterdom.Platform.csproj]
/Users/kady/Masterdom/src/Masterdom.Platform/Recommendation/RecommendationConsumerRegistry.cs(3,21): warning CS1591: Missing XML comment for publicly visible type or member 'RecommendationConsumerRegistry' [/Users/kady/Masterdom/src/Masterdom.Platform/Masterdom.Platform.csproj]
/Users/kady/Masterdom/src/Masterdom.Platform/Recommendation/RecommendationConsumerRegistry.cs(7,12): warning CS1591: Missing XML comment for publicly visible type or member 'RecommendationConsumerRegistry.RecommendationConsumerRegistry(IEnumerable<IRecommendationConsumer>?)' [/Users/kady/Masterdom/src/Masterdom.Platform/Masterdom.Platform.csproj]
/Users/kady/Masterdom/src/Masterdom.Platform/Recommendation/RecommendationConsumerRegistry.cs(12,51): warning CS1591: Missing XML comment for publicly visible type or member 'RecommendationConsumerRegistry.GetOrderedConsumers()' [/Users/kady/Masterdom/src/Masterdom.Platform/Masterdom.Platform.csproj]
/Users/kady/Masterdom/src/Masterdom.Platform/Recommendation/RecommendationConsumerRegistry.cs(21,51): warning CS1591: Missing XML comment for publicly visible type or member 'RecommendationConsumerRegistry.Execute(RecommendationConsumerExecutionContext)' [/Users/kady/Masterdom/src/Masterdom.Platform/Masterdom.Platform.csproj]
/Users/kady/Masterdom/src/Masterdom.Platform/Recommendation/RecommendationConsumerResult.cs(3,21): warning CS1591: Missing XML comment for publicly visible type or member 'RecommendationConsumerResult' [/Users/kady/Masterdom/src/Masterdom.Platform/Masterdom.Platform.csproj]
/Users/kady/Masterdom/src/Masterdom.Platform/Recommendation/RecommendationConsumerResult.cs(5,12): warning CS1591: Missing XML comment for publicly visible type or member 'RecommendationConsumerResult.RecommendationConsumerResult(string, bool, bool, int, string?)' [/Users/kady/Masterdom/src/Masterdom.Platform/Masterdom.Platform.csproj]
/Users/kady/Masterdom/src/Masterdom.Platform/Recommendation/RecommendationConsumerResult.cs(29,19): warning CS1591: Missing XML comment for publicly visible type or member 'RecommendationConsumerResult.ConsumerName' [/Users/kady/Masterdom/src/Masterdom.Platform/Masterdom.Platform.csproj]
/Users/kady/Masterdom/src/Masterdom.Platform/Recommendation/RecommendationConsumerResult.cs(31,17): warning CS1591: Missing XML comment for publicly visible type or member 'RecommendationConsumerResult.Succeeded' [/Users/kady/Masterdom/src/Masterdom.Platform/Masterdom.Platform.csproj]
/Users/kady/Masterdom/src/Masterdom.Platform/Recommendation/RecommendationConsumerResult.cs(33,17): warning CS1591: Missing XML comment for publicly visible type or member 'RecommendationConsumerResult.IsOptional' [/Users/kady/Masterdom/src/Masterdom.Platform/Masterdom.Platform.csproj]
/Users/kady/Masterdom/src/Masterdom.Platform/Recommendation/RecommendationConsumerResult.cs(35,16): warning CS1591: Missing XML comment for publicly visible type or member 'RecommendationConsumerResult.ProcessedRecommendationCount' [/Users/kady/Masterdom/src/Masterdom.Platform/Masterdom.Platform.csproj]
/Users/kady/Masterdom/src/Masterdom.Platform/Recommendation/RecommendationConsumerResult.cs(37,20): warning CS1591: Missing XML comment for publicly visible type or member 'RecommendationConsumerResult.Message' [/Users/kady/Masterdom/src/Masterdom.Platform/Masterdom.Platform.csproj]
/Users/kady/Masterdom/src/Masterdom.Platform/Recommendation/RecommendationConsumerValidation.cs(3,21): warning CS1591: Missing XML comment for publicly visible type or member 'RecommendationConsumerValidation' [/Users/kady/Masterdom/src/Masterdom.Platform/Masterdom.Platform.csproj]
/Users/kady/Masterdom/src/Masterdom.Platform/Recommendation/RecommendationConsumerValidation.cs(5,24): warning CS1591: Missing XML comment for publicly visible type or member 'RecommendationConsumerValidation.ValidateRegistrations(IReadOnlyList<IRecommendationConsumer>)' [/Users/kady/Masterdom/src/Masterdom.Platform/Masterdom.Platform.csproj]
/Users/kady/Masterdom/src/Masterdom.Platform/Recommendation/RecommendationConsumerValidation.cs(62,24): warning CS1591: Missing XML comment for publicly visible type or member 'RecommendationConsumerValidation.ValidateResult(IRecommendationConsumer, RecommendationConsumerResult, RecommendationConsumerExecutionContext)' [/Users/kady/Masterdom/src/Masterdom.Platform/Masterdom.Platform.csproj]
/Users/kady/Masterdom/src/Masterdom.Platform/Recommendation/RecommendationEvidence.cs(5,21): warning CS1591: Missing XML comment for publicly visible type or member 'RecommendationEvidence' [/Users/kady/Masterdom/src/Masterdom.Platform/Masterdom.Platform.csproj]
/Users/kady/Masterdom/src/Masterdom.Platform/Recommendation/RecommendationEvidence.cs(7,12): warning CS1591: Missing XML comment for publicly visible type or member 'RecommendationEvidence.RecommendationEvidence(string, string, IReadOnlyDictionary<string, string>?)' [/Users/kady/Masterdom/src/Masterdom.Platform/Masterdom.Platform.csproj]
/Users/kady/Masterdom/src/Masterdom.Platform/Recommendation/RecommendationEvidence.cs(28,19): warning CS1591: Missing XML comment for publicly visible type or member 'RecommendationEvidence.Code' [/Users/kady/Masterdom/src/Masterdom.Platform/Masterdom.Platform.csproj]
/Users/kady/Masterdom/src/Masterdom.Platform/Recommendation/RecommendationEvidence.cs(30,19): warning CS1591: Missing XML comment for publicly visible type or member 'RecommendationEvidence.Detail' [/Users/kady/Masterdom/src/Masterdom.Platform/Masterdom.Platform.csproj]
/Users/kady/Masterdom/src/Masterdom.Platform/Recommendation/RecommendationEvidence.cs(32,48): warning CS1591: Missing XML comment for publicly visible type or member 'RecommendationEvidence.Attributes' [/Users/kady/Masterdom/src/Masterdom.Platform/Masterdom.Platform.csproj]
/Users/kady/Masterdom/src/Masterdom.Platform/Recommendation/RecommendationExplanation.cs(3,21): warning CS1591: Missing XML comment for publicly visible type or member 'RecommendationExplanation' [/Users/kady/Masterdom/src/Masterdom.Platform/Masterdom.Platform.csproj]
/Users/kady/Masterdom/src/Masterdom.Platform/Recommendation/RecommendationExplanation.cs(5,12): warning CS1591: Missing XML comment for publicly visible type or member 'RecommendationExplanation.RecommendationExplanation(string, IReadOnlyList<string>?)' [/Users/kady/Masterdom/src/Masterdom.Platform/Masterdom.Platform.csproj]
/Users/kady/Masterdom/src/Masterdom.Platform/Recommendation/RecommendationExplanation.cs(16,19): warning CS1591: Missing XML comment for publicly visible type or member 'RecommendationExplanation.Summary' [/Users/kady/Masterdom/src/Masterdom.Platform/Masterdom.Platform.csproj]
/Users/kady/Masterdom/src/Masterdom.Platform/Recommendation/RecommendationExplanation.cs(18,34): warning CS1591: Missing XML comment for publicly visible type or member 'RecommendationExplanation.ReasoningSteps' [/Users/kady/Masterdom/src/Masterdom.Platform/Masterdom.Platform.csproj]
/Users/kady/Masterdom/src/Masterdom.Platform/Recommendation/RecommendationId.cs(13,17): warning CS1591: Missing XML comment for publicly visible type or member 'RecommendationId.Value' [/Users/kady/Masterdom/src/Masterdom.Platform/Masterdom.Platform.csproj]
/Users/kady/Masterdom/src/Masterdom.Platform/Recommendation/RecommendationId.cs(15,36): warning CS1591: Missing XML comment for publicly visible type or member 'RecommendationId.New()' [/Users/kady/Masterdom/src/Masterdom.Platform/Masterdom.Platform.csproj]
/Users/kady/Masterdom/src/Masterdom.Platform/Recommendation/RecommendationId.cs(20,36): warning CS1591: Missing XML comment for publicly visible type or member 'RecommendationId.From(Guid)' [/Users/kady/Masterdom/src/Masterdom.Platform/Masterdom.Platform.csproj]
/Users/kady/Masterdom/src/Masterdom.Platform/Recommendation/RecommendationId.cs(30,17): warning CS1591: Missing XML comment for publicly visible type or member 'RecommendationId.Equals(RecommendationId?)' [/Users/kady/Masterdom/src/Masterdom.Platform/Masterdom.Platform.csproj]
/Users/kady/Masterdom/src/Masterdom.Platform/Recommendation/RecommendationId.cs(35,26): warning CS1591: Missing XML comment for publicly visible type or member 'RecommendationId.Equals(object?)' [/Users/kady/Masterdom/src/Masterdom.Platform/Masterdom.Platform.csproj]
/Users/kady/Masterdom/src/Masterdom.Platform/Recommendation/RecommendationId.cs(40,25): warning CS1591: Missing XML comment for publicly visible type or member 'RecommendationId.GetHashCode()' [/Users/kady/Masterdom/src/Masterdom.Platform/Masterdom.Platform.csproj]
/Users/kady/Masterdom/src/Masterdom.Platform/Recommendation/RecommendationId.cs(45,28): warning CS1591: Missing XML comment for publicly visible type or member 'RecommendationId.ToString()' [/Users/kady/Masterdom/src/Masterdom.Platform/Masterdom.Platform.csproj]
/Users/kady/Masterdom/src/Masterdom.Platform/Recommendation/RecommendationMetadata.cs(5,21): warning CS1591: Missing XML comment for publicly visible type or member 'RecommendationMetadata' [/Users/kady/Masterdom/src/Masterdom.Platform/Masterdom.Platform.csproj]
/Users/kady/Masterdom/src/Masterdom.Platform/Recommendation/RecommendationMetadata.cs(7,12): warning CS1591: Missing XML comment for publicly visible type or member 'RecommendationMetadata.RecommendationMetadata(DateTime, DateTime, string, string, IReadOnlyDictionary<string, string>?)' [/Users/kady/Masterdom/src/Masterdom.Platform/Masterdom.Platform.csproj]
/Users/kady/Masterdom/src/Masterdom.Platform/Recommendation/RecommendationMetadata.cs(42,21): warning CS1591: Missing XML comment for publicly visible type or member 'RecommendationMetadata.CreatedAtUtc' [/Users/kady/Masterdom/src/Masterdom.Platform/Masterdom.Platform.csproj]
/Users/kady/Masterdom/src/Masterdom.Platform/Recommendation/RecommendationMetadata.cs(44,21): warning CS1591: Missing XML comment for publicly visible type or member 'RecommendationMetadata.EffectiveDateUtc' [/Users/kady/Masterdom/src/Masterdom.Platform/Masterdom.Platform.csproj]
/Users/kady/Masterdom/src/Masterdom.Platform/Recommendation/RecommendationMetadata.cs(46,19): warning CS1591: Missing XML comment for publicly visible type or member 'RecommendationMetadata.Version' [/Users/kady/Masterdom/src/Masterdom.Platform/Masterdom.Platform.csproj]
/Users/kady/Masterdom/src/Masterdom.Platform/Recommendation/RecommendationMetadata.cs(48,19): warning CS1591: Missing XML comment for publicly visible type or member 'RecommendationMetadata.Source' [/Users/kady/Masterdom/src/Masterdom.Platform/Masterdom.Platform.csproj]
/Users/kady/Masterdom/src/Masterdom.Platform/Recommendation/RecommendationMetadata.cs(50,48): warning CS1591: Missing XML comment for publicly visible type or member 'RecommendationMetadata.Attributes' [/Users/kady/Masterdom/src/Masterdom.Platform/Masterdom.Platform.csproj]
/Users/kady/Masterdom/src/Masterdom.Platform/Recommendation/RecommendationPipeline.cs(6,21): warning CS1591: Missing XML comment for publicly visible type or member 'RecommendationPipeline' [/Users/kady/Masterdom/src/Masterdom.Platform/Masterdom.Platform.csproj]
/Users/kady/Masterdom/src/Masterdom.Platform/Recommendation/RecommendationPipeline.cs(15,12): warning CS1591: Missing XML comment for publicly visible type or member 'RecommendationPipeline.RecommendationPipeline(RecommendationProviderRegistry, RecommendationConsumerRegistry, IEnumerable<IDecisionHandler>, IRecommendationRepository, IDecisionRepository, IOptimizationSessionRepository)' [/Users/kady/Masterdom/src/Masterdom.Platform/Masterdom.Platform.csproj]
/Users/kady/Masterdom/src/Masterdom.Platform/Recommendation/RecommendationPipeline.cs(31,32): warning CS1591: Missing XML comment for publicly visible type or member 'RecommendationPipeline.CreateSession(BusinessContext)' [/Users/kady/Masterdom/src/Masterdom.Platform/Masterdom.Platform.csproj]
/Users/kady/Masterdom/src/Masterdom.Platform/Recommendation/RecommendationPipeline.cs(51,33): warning CS1591: Missing XML comment for publicly visible type or member 'RecommendationPipeline.BuildBundle(BusinessContext, OptimizationSession)' [/Users/kady/Masterdom/src/Masterdom.Platform/Masterdom.Platform.csproj]
/Users/kady/Masterdom/src/Masterdom.Platform/Recommendation/RecommendationPipeline.cs(99,21): warning CS1591: Missing XML comment for publicly visible type or member 'RecommendationPipeline.CreateDecision(BusinessContext, RecommendationBundle, DecisionType, DecisionReason, bool)' [/Users/kady/Masterdom/src/Masterdom.Platform/Masterdom.Platform.csproj]
/Users/kady/Masterdom/src/Masterdom.Platform/Recommendation/RecommendationPipeline.cs(138,51): warning CS1591: Missing XML comment for publicly visible type or member 'RecommendationPipeline.ExecuteConsumers(BusinessContext, OptimizationSession, RecommendationBundle, Decision?, bool, CancellationToken)' [/Users/kady/Masterdom/src/Masterdom.Platform/Masterdom.Platform.csproj]
/Users/kady/Masterdom/src/Masterdom.Platform/Recommendation/RecommendationPriority.cs(3,21): warning CS1591: Missing XML comment for publicly visible type or member 'RecommendationPriority' [/Users/kady/Masterdom/src/Masterdom.Platform/Masterdom.Platform.csproj]
/Users/kady/Masterdom/src/Masterdom.Platform/Recommendation/RecommendationPriority.cs(10,16): warning CS1591: Missing XML comment for publicly visible type or member 'RecommendationPriority.Value' [/Users/kady/Masterdom/src/Masterdom.Platform/Masterdom.Platform.csproj]
/Users/kady/Masterdom/src/Masterdom.Platform/Recommendation/RecommendationPriority.cs(12,42): warning CS1591: Missing XML comment for publicly visible type or member 'RecommendationPriority.Create(int)' [/Users/kady/Masterdom/src/Masterdom.Platform/Masterdom.Platform.csproj]
/Users/kady/Masterdom/src/Masterdom.Platform/Recommendation/RecommendationPriority.cs(22,17): warning CS1591: Missing XML comment for publicly visible type or member 'RecommendationPriority.Equals(RecommendationPriority?)' [/Users/kady/Masterdom/src/Masterdom.Platform/Masterdom.Platform.csproj]
/Users/kady/Masterdom/src/Masterdom.Platform/Recommendation/RecommendationPriority.cs(27,26): warning CS1591: Missing XML comment for publicly visible type or member 'RecommendationPriority.Equals(object?)' [/Users/kady/Masterdom/src/Masterdom.Platform/Masterdom.Platform.csproj]
/Users/kady/Masterdom/src/Masterdom.Platform/Recommendation/RecommendationPriority.cs(32,25): warning CS1591: Missing XML comment for publicly visible type or member 'RecommendationPriority.GetHashCode()' [/Users/kady/Masterdom/src/Masterdom.Platform/Masterdom.Platform.csproj]
/Users/kady/Masterdom/src/Masterdom.Platform/Recommendation/RecommendationProviderRegistry.cs(3,21): warning CS1591: Missing XML comment for publicly visible type or member 'RecommendationProviderRegistry' [/Users/kady/Masterdom/src/Masterdom.Platform/Masterdom.Platform.csproj]
/Users/kady/Masterdom/src/Masterdom.Platform/Recommendation/RecommendationProviderRegistry.cs(7,12): warning CS1591: Missing XML comment for publicly visible type or member 'RecommendationProviderRegistry.RecommendationProviderRegistry(IEnumerable<IRecommendationProvider>?)' [/Users/kady/Masterdom/src/Masterdom.Platform/Masterdom.Platform.csproj]
/Users/kady/Masterdom/src/Masterdom.Platform/Recommendation/RecommendationProviderRegistry.cs(12,51): warning CS1591: Missing XML comment for publicly visible type or member 'RecommendationProviderRegistry.GetOrderedProviders()' [/Users/kady/Masterdom/src/Masterdom.Platform/Masterdom.Platform.csproj]
/Users/kady/Masterdom/src/Masterdom.Platform/Recommendation/RecommendationStatus.cs(3,13): warning CS1591: Missing XML comment for publicly visible type or member 'RecommendationStatus' [/Users/kady/Masterdom/src/Masterdom.Platform/Masterdom.Platform.csproj]
/Users/kady/Masterdom/src/Masterdom.Platform/Recommendation/RecommendationStatus.cs(5,5): warning CS1591: Missing XML comment for publicly visible type or member 'RecommendationStatus.Draft' [/Users/kady/Masterdom/src/Masterdom.Platform/Masterdom.Platform.csproj]
/Users/kady/Masterdom/src/Masterdom.Platform/Recommendation/RecommendationStatus.cs(6,5): warning CS1591: Missing XML comment for publicly visible type or member 'RecommendationStatus.Proposed' [/Users/kady/Masterdom/src/Masterdom.Platform/Masterdom.Platform.csproj]
/Users/kady/Masterdom/src/Masterdom.Platform/Recommendation/RecommendationStatus.cs(7,5): warning CS1591: Missing XML comment for publicly visible type or member 'RecommendationStatus.Accepted' [/Users/kady/Masterdom/src/Masterdom.Platform/Masterdom.Platform.csproj]
/Users/kady/Masterdom/src/Masterdom.Platform/Recommendation/RecommendationStatus.cs(8,5): warning CS1591: Missing XML comment for publicly visible type or member 'RecommendationStatus.Rejected' [/Users/kady/Masterdom/src/Masterdom.Platform/Masterdom.Platform.csproj]
/Users/kady/Masterdom/src/Masterdom.Platform/Recommendation/RecommendationStatus.cs(9,5): warning CS1591: Missing XML comment for publicly visible type or member 'RecommendationStatus.Archived' [/Users/kady/Masterdom/src/Masterdom.Platform/Masterdom.Platform.csproj]
/Users/kady/Masterdom/src/Masterdom.Platform/Recommendation/RecommendationType.cs(3,21): warning CS1591: Missing XML comment for publicly visible type or member 'RecommendationType' [/Users/kady/Masterdom/src/Masterdom.Platform/Masterdom.Platform.csproj]
/Users/kady/Masterdom/src/Masterdom.Platform/Recommendation/RecommendationType.cs(10,19): warning CS1591: Missing XML comment for publicly visible type or member 'RecommendationType.Value' [/Users/kady/Masterdom/src/Masterdom.Platform/Masterdom.Platform.csproj]
/Users/kady/Masterdom/src/Masterdom.Platform/Recommendation/RecommendationType.cs(12,38): warning CS1591: Missing XML comment for publicly visible type or member 'RecommendationType.Create(string)' [/Users/kady/Masterdom/src/Masterdom.Platform/Masterdom.Platform.csproj]
/Users/kady/Masterdom/src/Masterdom.Platform/Recommendation/RecommendationType.cs(22,17): warning CS1591: Missing XML comment for publicly visible type or member 'RecommendationType.Equals(RecommendationType?)' [/Users/kady/Masterdom/src/Masterdom.Platform/Masterdom.Platform.csproj]
/Users/kady/Masterdom/src/Masterdom.Platform/Recommendation/RecommendationType.cs(28,26): warning CS1591: Missing XML comment for publicly visible type or member 'RecommendationType.Equals(object?)' [/Users/kady/Masterdom/src/Masterdom.Platform/Masterdom.Platform.csproj]
/Users/kady/Masterdom/src/Masterdom.Platform/Recommendation/RecommendationType.cs(33,25): warning CS1591: Missing XML comment for publicly visible type or member 'RecommendationType.GetHashCode()' [/Users/kady/Masterdom/src/Masterdom.Platform/Masterdom.Platform.csproj]
/Users/kady/Masterdom/src/Masterdom.Platform/Recommendation/RecommendationType.cs(38,28): warning CS1591: Missing XML comment for publicly visible type or member 'RecommendationType.ToString()' [/Users/kady/Masterdom/src/Masterdom.Platform/Masterdom.Platform.csproj]
/Users/kady/Masterdom/src/Masterdom.Platform/Recommendation/RecommendationValidation.cs(3,21): warning CS1591: Missing XML comment for publicly visible type or member 'RecommendationValidation' [/Users/kady/Masterdom/src/Masterdom.Platform/Masterdom.Platform.csproj]
/Users/kady/Masterdom/src/Masterdom.Platform/Recommendation/RecommendationValidation.cs(5,24): warning CS1591: Missing XML comment for publicly visible type or member 'RecommendationValidation.ValidateProviders(IReadOnlyList<IRecommendationProvider>)' [/Users/kady/Masterdom/src/Masterdom.Platform/Masterdom.Platform.csproj]
/Users/kady/Masterdom/src/Masterdom.Platform/Recommendation/RecommendationValidation.cs(22,24): warning CS1591: Missing XML comment for publicly visible type or member 'RecommendationValidation.ValidateRecommendations(IRecommendationProvider, IReadOnlyList<Recommendation>)' [/Users/kady/Masterdom/src/Masterdom.Platform/Masterdom.Platform.csproj]
/Users/kady/Masterdom/src/Masterdom.Platform/Recommendation/RecommendationValidation.cs(47,24): warning CS1591: Missing XML comment for publicly visible type or member 'RecommendationValidation.ValidateConsumers(IReadOnlyList<IRecommendationConsumer>)' [/Users/kady/Masterdom/src/Masterdom.Platform/Masterdom.Platform.csproj]
/Users/kady/Masterdom/src/Masterdom.Platform/Recommendation/RecommendationValidation.cs(52,24): warning CS1591: Missing XML comment for publicly visible type or member 'RecommendationValidation.ValidateConsumerResult(IRecommendationConsumer, RecommendationConsumerResult, RecommendationConsumerExecutionContext)' [/Users/kady/Masterdom/src/Masterdom.Platform/Masterdom.Platform.csproj]
/Users/kady/Masterdom/src/Masterdom.Platform/Recommendation/RecommendationValidationException.cs(3,21): warning CS1591: Missing XML comment for publicly visible type or member 'RecommendationValidationException' [/Users/kady/Masterdom/src/Masterdom.Platform/Masterdom.Platform.csproj]
/Users/kady/Masterdom/src/Masterdom.Platform/Recommendation/RecommendationValidationException.cs(5,12): warning CS1591: Missing XML comment for publicly visible type or member 'RecommendationValidationException.RecommendationValidationException(string)' [/Users/kady/Masterdom/src/Masterdom.Platform/Masterdom.Platform.csproj]
/Users/kady/Masterdom/src/Masterdom.Platform/Rules/InMemoryRuleRepository.cs(15,12): warning CS1591: Missing XML comment for publicly visible type or member 'InMemoryRuleRepository.InMemoryRuleRepository(IReadOnlyList<RuleSetDefinition>?, IReadOnlyList<RuleDefinition>?)' [/Users/kady/Masterdom/src/Masterdom.Platform/Masterdom.Platform.csproj]
/Users/kady/Masterdom/src/Masterdom.Platform/Rules/InMemoryRuleRepository.cs(23,45): warning CS1591: Missing XML comment for publicly visible type or member 'InMemoryRuleRepository.GetAllRuleSets()' [/Users/kady/Masterdom/src/Masterdom.Platform/Masterdom.Platform.csproj]
/Users/kady/Masterdom/src/Masterdom.Platform/Rules/InMemoryRuleRepository.cs(28,42): warning CS1591: Missing XML comment for publicly visible type or member 'InMemoryRuleRepository.GetAllRules()' [/Users/kady/Masterdom/src/Masterdom.Platform/Masterdom.Platform.csproj]
/Users/kady/Masterdom/src/Masterdom.Platform/Rules/InMemoryRuleRepository.cs(33,17): warning CS1591: Missing XML comment for publicly visible type or member 'InMemoryRuleRepository.ReplaceAll(IReadOnlyList<RuleSetDefinition>, IReadOnlyList<RuleDefinition>)' [/Users/kady/Masterdom/src/Masterdom.Platform/Masterdom.Platform.csproj]
/Users/kady/Masterdom/src/Masterdom.Platform/Rules/IRuleCatalog.cs(10,38): warning CS1591: Missing XML comment for publicly visible type or member 'IRuleCatalog.RuleSets' [/Users/kady/Masterdom/src/Masterdom.Platform/Masterdom.Platform.csproj]
/Users/kady/Masterdom/src/Masterdom.Platform/Rules/IRuleCatalog.cs(12,35): warning CS1591: Missing XML comment for publicly visible type or member 'IRuleCatalog.Rules' [/Users/kady/Masterdom/src/Masterdom.Platform/Masterdom.Platform.csproj]
/Users/kady/Masterdom/src/Masterdom.Platform/Rules/IRuleRegistry.cs(10,10): warning CS1591: Missing XML comment for publicly visible type or member 'IRuleRegistry.ReplaceAll(IReadOnlyList<RuleSetDefinition>, IReadOnlyList<RuleDefinition>)' [/Users/kady/Masterdom/src/Masterdom.Platform/Masterdom.Platform.csproj]
/Users/kady/Masterdom/src/Masterdom.Platform/Rules/IRuleRegistry.cs(14,10): warning CS1591: Missing XML comment for publicly visible type or member 'IRuleRegistry.Register(IReadOnlyList<RuleSetDefinition>, IReadOnlyList<RuleDefinition>)' [/Users/kady/Masterdom/src/Masterdom.Platform/Masterdom.Platform.csproj]
/Users/kady/Masterdom/src/Masterdom.Platform/Rules/IRuleRegistry.cs(18,18): warning CS1591: Missing XML comment for publicly visible type or member 'IRuleRegistry.GetCatalog()' [/Users/kady/Masterdom/src/Masterdom.Platform/Masterdom.Platform.csproj]
/Users/kady/Masterdom/src/Masterdom.Platform/Rules/IRuleRepository.cs(10,38): warning CS1591: Missing XML comment for publicly visible type or member 'IRuleRepository.GetAllRuleSets()' [/Users/kady/Masterdom/src/Masterdom.Platform/Masterdom.Platform.csproj]
/Users/kady/Masterdom/src/Masterdom.Platform/Rules/IRuleRepository.cs(12,35): warning CS1591: Missing XML comment for publicly visible type or member 'IRuleRepository.GetAllRules()' [/Users/kady/Masterdom/src/Masterdom.Platform/Masterdom.Platform.csproj]
/Users/kady/Masterdom/src/Masterdom.Platform/Rules/IRuleResolver.cs(8,16): warning CS1591: Missing XML comment for publicly visible type or member 'IRuleResolver.Evaluate(RuleSetKey, RuleScope, RuleContext, RuleInput)' [/Users/kady/Masterdom/src/Masterdom.Platform/Masterdom.Platform.csproj]
/Users/kady/Masterdom/src/Masterdom.Platform/Rules/RuleArithmeticOperator.cs(8,5): warning CS1591: Missing XML comment for publicly visible type or member 'RuleArithmeticOperator.Add' [/Users/kady/Masterdom/src/Masterdom.Platform/Masterdom.Platform.csproj]
/Users/kady/Masterdom/src/Masterdom.Platform/Rules/RuleArithmeticOperator.cs(9,5): warning CS1591: Missing XML comment for publicly visible type or member 'RuleArithmeticOperator.Subtract' [/Users/kady/Masterdom/src/Masterdom.Platform/Masterdom.Platform.csproj]
/Users/kady/Masterdom/src/Masterdom.Platform/Rules/RuleArithmeticOperator.cs(10,5): warning CS1591: Missing XML comment for publicly visible type or member 'RuleArithmeticOperator.Multiply' [/Users/kady/Masterdom/src/Masterdom.Platform/Masterdom.Platform.csproj]
/Users/kady/Masterdom/src/Masterdom.Platform/Rules/RuleArithmeticOperator.cs(11,5): warning CS1591: Missing XML comment for publicly visible type or member 'RuleArithmeticOperator.Divide' [/Users/kady/Masterdom/src/Masterdom.Platform/Masterdom.Platform.csproj]
/Users/kady/Masterdom/src/Masterdom.Platform/Rules/RuleCatalog.cs(12,12): warning CS1591: Missing XML comment for publicly visible type or member 'RuleCatalog.RuleCatalog(IEnumerable<RuleSetDefinition>, IEnumerable<RuleDefinition>)' [/Users/kady/Masterdom/src/Masterdom.Platform/Masterdom.Platform.csproj]
/Users/kady/Masterdom/src/Masterdom.Platform/Rules/RuleCatalog.cs(23,45): warning CS1591: Missing XML comment for publicly visible type or member 'RuleCatalog.RuleSets' [/Users/kady/Masterdom/src/Masterdom.Platform/Masterdom.Platform.csproj]
/Users/kady/Masterdom/src/Masterdom.Platform/Rules/RuleCatalog.cs(25,42): warning CS1591: Missing XML comment for publicly visible type or member 'RuleCatalog.Rules' [/Users/kady/Masterdom/src/Masterdom.Platform/Masterdom.Platform.csproj]
/Users/kady/Masterdom/src/Masterdom.Platform/Rules/RuleCatalogBuilder.cs(12,35): warning CS1591: Missing XML comment for publicly visible type or member 'RuleCatalogBuilder.BuildFromCatalog(IEnumerable<ModuleCatalogEntry>, DateTime?)' [/Users/kady/Masterdom/src/Masterdom.Platform/Masterdom.Platform.csproj]
/Users/kady/Masterdom/src/Masterdom.Platform/Rules/RuleCatalogSeed.cs(10,54): warning CS1591: Missing XML comment for publicly visible type or member 'RuleCatalogSeed.RuleSets' [/Users/kady/Masterdom/src/Masterdom.Platform/Masterdom.Platform.csproj]
/Users/kady/Masterdom/src/Masterdom.Platform/Rules/RuleCatalogSeed.cs(12,51): warning CS1591: Missing XML comment for publicly visible type or member 'RuleCatalogSeed.Rules' [/Users/kady/Masterdom/src/Masterdom.Platform/Masterdom.Platform.csproj]
/Users/kady/Masterdom/src/Masterdom.Platform/Rules/RuleCategory.cs(8,5): warning CS1591: Missing XML comment for publicly visible type or member 'RuleCategory.Validation' [/Users/kady/Masterdom/src/Masterdom.Platform/Masterdom.Platform.csproj]
/Users/kady/Masterdom/src/Masterdom.Platform/Rules/RuleCategory.cs(9,5): warning CS1591: Missing XML comment for publicly visible type or member 'RuleCategory.Eligibility' [/Users/kady/Masterdom/src/Masterdom.Platform/Masterdom.Platform.csproj]
/Users/kady/Masterdom/src/Masterdom.Platform/Rules/RuleCategory.cs(10,5): warning CS1591: Missing XML comment for publicly visible type or member 'RuleCategory.Pricing' [/Users/kady/Masterdom/src/Masterdom.Platform/Masterdom.Platform.csproj]
/Users/kady/Masterdom/src/Masterdom.Platform/Rules/RuleCategory.cs(11,5): warning CS1591: Missing XML comment for publicly visible type or member 'RuleCategory.Compliance' [/Users/kady/Masterdom/src/Masterdom.Platform/Masterdom.Platform.csproj]
/Users/kady/Masterdom/src/Masterdom.Platform/Rules/RuleCategory.cs(12,5): warning CS1591: Missing XML comment for publicly visible type or member 'RuleCategory.Security' [/Users/kady/Masterdom/src/Masterdom.Platform/Masterdom.Platform.csproj]
/Users/kady/Masterdom/src/Masterdom.Platform/Rules/RuleCategory.cs(13,5): warning CS1591: Missing XML comment for publicly visible type or member 'RuleCategory.Custom' [/Users/kady/Masterdom/src/Masterdom.Platform/Masterdom.Platform.csproj]
/Users/kady/Masterdom/src/Masterdom.Platform/Rules/RuleComparisonOperator.cs(8,5): warning CS1591: Missing XML comment for publicly visible type or member 'RuleComparisonOperator.Equal' [/Users/kady/Masterdom/src/Masterdom.Platform/Masterdom.Platform.csproj]
/Users/kady/Masterdom/src/Masterdom.Platform/Rules/RuleComparisonOperator.cs(9,5): warning CS1591: Missing XML comment for publicly visible type or member 'RuleComparisonOperator.NotEqual' [/Users/kady/Masterdom/src/Masterdom.Platform/Masterdom.Platform.csproj]
/Users/kady/Masterdom/src/Masterdom.Platform/Rules/RuleComparisonOperator.cs(10,5): warning CS1591: Missing XML comment for publicly visible type or member 'RuleComparisonOperator.GreaterThan' [/Users/kady/Masterdom/src/Masterdom.Platform/Masterdom.Platform.csproj]
/Users/kady/Masterdom/src/Masterdom.Platform/Rules/RuleComparisonOperator.cs(11,5): warning CS1591: Missing XML comment for publicly visible type or member 'RuleComparisonOperator.GreaterThanOrEqual' [/Users/kady/Masterdom/src/Masterdom.Platform/Masterdom.Platform.csproj]
/Users/kady/Masterdom/src/Masterdom.Platform/Rules/RuleComparisonOperator.cs(12,5): warning CS1591: Missing XML comment for publicly visible type or member 'RuleComparisonOperator.LessThan' [/Users/kady/Masterdom/src/Masterdom.Platform/Masterdom.Platform.csproj]
/Users/kady/Masterdom/src/Masterdom.Platform/Rules/RuleComparisonOperator.cs(13,5): warning CS1591: Missing XML comment for publicly visible type or member 'RuleComparisonOperator.LessThanOrEqual' [/Users/kady/Masterdom/src/Masterdom.Platform/Masterdom.Platform.csproj]
/Users/kady/Masterdom/src/Masterdom.Platform/Rules/RuleComparisonOperator.cs(14,5): warning CS1591: Missing XML comment for publicly visible type or member 'RuleComparisonOperator.Contains' [/Users/kady/Masterdom/src/Masterdom.Platform/Masterdom.Platform.csproj]
/Users/kady/Masterdom/src/Masterdom.Platform/Rules/RuleComparisonOperator.cs(15,5): warning CS1591: Missing XML comment for publicly visible type or member 'RuleComparisonOperator.StartsWith' [/Users/kady/Masterdom/src/Masterdom.Platform/Masterdom.Platform.csproj]
/Users/kady/Masterdom/src/Masterdom.Platform/Rules/RuleComparisonOperator.cs(16,5): warning CS1591: Missing XML comment for publicly visible type or member 'RuleComparisonOperator.EndsWith' [/Users/kady/Masterdom/src/Masterdom.Platform/Masterdom.Platform.csproj]
/Users/kady/Masterdom/src/Masterdom.Platform/Rules/RuleCompositeOperator.cs(8,5): warning CS1591: Missing XML comment for publicly visible type or member 'RuleCompositeOperator.All' [/Users/kady/Masterdom/src/Masterdom.Platform/Masterdom.Platform.csproj]
/Users/kady/Masterdom/src/Masterdom.Platform/Rules/RuleCompositeOperator.cs(9,5): warning CS1591: Missing XML comment for publicly visible type or member 'RuleCompositeOperator.Any' [/Users/kady/Masterdom/src/Masterdom.Platform/Masterdom.Platform.csproj]
/Users/kady/Masterdom/src/Masterdom.Platform/Rules/RuleCompositeOperator.cs(10,5): warning CS1591: Missing XML comment for publicly visible type or member 'RuleCompositeOperator.None' [/Users/kady/Masterdom/src/Masterdom.Platform/Masterdom.Platform.csproj]
/Users/kady/Masterdom/src/Masterdom.Platform/Rules/RuleCondition.cs(36,26): warning CS1591: Missing XML comment for publicly visible type or member 'RuleCondition.InputKey' [/Users/kady/Masterdom/src/Masterdom.Platform/Masterdom.Platform.csproj]
/Users/kady/Masterdom/src/Masterdom.Platform/Rules/RuleCondition.cs(38,36): warning CS1591: Missing XML comment for publicly visible type or member 'RuleCondition.ComparisonOperator' [/Users/kady/Masterdom/src/Masterdom.Platform/Masterdom.Platform.csproj]
/Users/kady/Masterdom/src/Masterdom.Platform/Rules/RuleCondition.cs(40,23): warning CS1591: Missing XML comment for publicly visible type or member 'RuleCondition.ExpectedValue' [/Users/kady/Masterdom/src/Masterdom.Platform/Masterdom.Platform.csproj]
/Users/kady/Masterdom/src/Masterdom.Platform/Rules/RuleCondition.cs(42,26): warning CS1591: Missing XML comment for publicly visible type or member 'RuleCondition.CompareInputKey' [/Users/kady/Masterdom/src/Masterdom.Platform/Masterdom.Platform.csproj]
/Users/kady/Masterdom/src/Masterdom.Platform/Rules/RuleCondition.cs(44,23): warning CS1591: Missing XML comment for publicly visible type or member 'RuleCondition.MinimumValue' [/Users/kady/Masterdom/src/Masterdom.Platform/Masterdom.Platform.csproj]
/Users/kady/Masterdom/src/Masterdom.Platform/Rules/RuleCondition.cs(46,23): warning CS1591: Missing XML comment for publicly visible type or member 'RuleCondition.MaximumValue' [/Users/kady/Masterdom/src/Masterdom.Platform/Masterdom.Platform.csproj]
/Users/kady/Masterdom/src/Masterdom.Platform/Rules/RuleCondition.cs(48,35): warning CS1591: Missing XML comment for publicly visible type or member 'RuleCondition.CompositeOperator' [/Users/kady/Masterdom/src/Masterdom.Platform/Masterdom.Platform.csproj]
/Users/kady/Masterdom/src/Masterdom.Platform/Rules/RuleCondition.cs(50,36): warning CS1591: Missing XML comment for publicly visible type or member 'RuleCondition.ArithmeticOperator' [/Users/kady/Masterdom/src/Masterdom.Platform/Masterdom.Platform.csproj]
/Users/kady/Masterdom/src/Masterdom.Platform/Rules/RuleCondition.cs(52,26): warning CS1591: Missing XML comment for publicly visible type or member 'RuleCondition.ExpressionLeftKey' [/Users/kady/Masterdom/src/Masterdom.Platform/Masterdom.Platform.csproj]
/Users/kady/Masterdom/src/Masterdom.Platform/Rules/RuleCondition.cs(54,26): warning CS1591: Missing XML comment for publicly visible type or member 'RuleCondition.ExpressionRightKey' [/Users/kady/Masterdom/src/Masterdom.Platform/Masterdom.Platform.csproj]
/Users/kady/Masterdom/src/Masterdom.Platform/Rules/RuleCondition.cs(56,23): warning CS1591: Missing XML comment for publicly visible type or member 'RuleCondition.ExpressionExpectedValue' [/Users/kady/Masterdom/src/Masterdom.Platform/Masterdom.Platform.csproj]
/Users/kady/Masterdom/src/Masterdom.Platform/Rules/RuleCondition.cs(58,33): warning CS1591: Missing XML comment for publicly visible type or member 'RuleCondition.Boolean(RuleInputKey, bool)' [/Users/kady/Masterdom/src/Masterdom.Platform/Masterdom.Platform.csproj]
/Users/kady/Masterdom/src/Masterdom.Platform/Rules/RuleCondition.cs(76,33): warning CS1591: Missing XML comment for publicly visible type or member 'RuleCondition.Comparison(RuleInputKey, RuleComparisonOperator, RuleValue, RuleInputKey?)' [/Users/kady/Masterdom/src/Masterdom.Platform/Masterdom.Platform.csproj]
/Users/kady/Masterdom/src/Masterdom.Platform/Rules/RuleCondition.cs(99,33): warning CS1591: Missing XML comment for publicly visible type or member 'RuleCondition.Range(RuleInputKey, RuleValue, RuleValue)' [/Users/kady/Masterdom/src/Masterdom.Platform/Masterdom.Platform.csproj]
/Users/kady/Masterdom/src/Masterdom.Platform/Rules/RuleCondition.cs(122,33): warning CS1591: Missing XML comment for publicly visible type or member 'RuleCondition.Expression(RuleInputKey, RuleInputKey, RuleArithmeticOperator, RuleComparisonOperator, RuleValue)' [/Users/kady/Masterdom/src/Masterdom.Platform/Masterdom.Platform.csproj]
/Users/kady/Masterdom/src/Masterdom.Platform/Rules/RuleCondition.cs(147,33): warning CS1591: Missing XML comment for publicly visible type or member 'RuleCondition.Composite(RuleCompositeOperator)' [/Users/kady/Masterdom/src/Masterdom.Platform/Masterdom.Platform.csproj]
/Users/kady/Masterdom/src/Masterdom.Platform/Rules/RuleContext.cs(10,28): warning CS1591: Missing XML comment for publicly visible type or member 'RuleContext.ModuleId' [/Users/kady/Masterdom/src/Masterdom.Platform/Masterdom.Platform.csproj]
/Users/kady/Masterdom/src/Masterdom.Platform/Rules/RuleContext.cs(12,20): warning CS1591: Missing XML comment for publicly visible type or member 'RuleContext.TenantId' [/Users/kady/Masterdom/src/Masterdom.Platform/Masterdom.Platform.csproj]
/Users/kady/Masterdom/src/Masterdom.Platform/Rules/RuleContext.cs(14,20): warning CS1591: Missing XML comment for publicly visible type or member 'RuleContext.PropertyId' [/Users/kady/Masterdom/src/Masterdom.Platform/Masterdom.Platform.csproj]
/Users/kady/Masterdom/src/Masterdom.Platform/Rules/RuleContext.cs(16,21): warning CS1591: Missing XML comment for publicly visible type or member 'RuleContext.AsOfUtc' [/Users/kady/Masterdom/src/Masterdom.Platform/Masterdom.Platform.csproj]
/Users/kady/Masterdom/src/Masterdom.Platform/Rules/RuleContext.cs(18,20): warning CS1591: Missing XML comment for publicly visible type or member 'RuleContext.CorrelationId' [/Users/kady/Masterdom/src/Masterdom.Platform/Masterdom.Platform.csproj]
/Users/kady/Masterdom/src/Masterdom.Platform/Rules/RuleDefinition.cs(10,12): warning CS1591: Missing XML comment for publicly visible type or member 'RuleDefinition.RuleDefinition(RuleId, RuleSetId, RuleKey, string, string?, RuleKind, RuleCondition, RuleCategory, RuleSeverity, RulePriority, RuleScope, RuleVersion, RuleEffectivePeriod, RuleId?, bool, RuleKey?, string?, string, DateTime)' [/Users/kady/Masterdom/src/Masterdom.Platform/Masterdom.Platform.csproj]
/Users/kady/Masterdom/src/Masterdom.Platform/Rules/RuleDefinition.cs(74,19): warning CS1591: Missing XML comment for publicly visible type or member 'RuleDefinition.Id' [/Users/kady/Masterdom/src/Masterdom.Platform/Masterdom.Platform.csproj]
/Users/kady/Masterdom/src/Masterdom.Platform/Rules/RuleDefinition.cs(76,22): warning CS1591: Missing XML comment for publicly visible type or member 'RuleDefinition.RuleSetId' [/Users/kady/Masterdom/src/Masterdom.Platform/Masterdom.Platform.csproj]
/Users/kady/Masterdom/src/Masterdom.Platform/Rules/RuleDefinition.cs(78,20): warning CS1591: Missing XML comment for publicly visible type or member 'RuleDefinition.Key' [/Users/kady/Masterdom/src/Masterdom.Platform/Masterdom.Platform.csproj]
/Users/kady/Masterdom/src/Masterdom.Platform/Rules/RuleDefinition.cs(80,19): warning CS1591: Missing XML comment for publicly visible type or member 'RuleDefinition.Name' [/Users/kady/Masterdom/src/Masterdom.Platform/Masterdom.Platform.csproj]
/Users/kady/Masterdom/src/Masterdom.Platform/Rules/RuleDefinition.cs(82,20): warning CS1591: Missing XML comment for publicly visible type or member 'RuleDefinition.Description' [/Users/kady/Masterdom/src/Masterdom.Platform/Masterdom.Platform.csproj]
/Users/kady/Masterdom/src/Masterdom.Platform/Rules/RuleDefinition.cs(84,21): warning CS1591: Missing XML comment for publicly visible type or member 'RuleDefinition.Kind' [/Users/kady/Masterdom/src/Masterdom.Platform/Masterdom.Platform.csproj]
/Users/kady/Masterdom/src/Masterdom.Platform/Rules/RuleDefinition.cs(86,26): warning CS1591: Missing XML comment for publicly visible type or member 'RuleDefinition.Condition' [/Users/kady/Masterdom/src/Masterdom.Platform/Masterdom.Platform.csproj]
/Users/kady/Masterdom/src/Masterdom.Platform/Rules/RuleDefinition.cs(88,25): warning CS1591: Missing XML comment for publicly visible type or member 'RuleDefinition.Category' [/Users/kady/Masterdom/src/Masterdom.Platform/Masterdom.Platform.csproj]
/Users/kady/Masterdom/src/Masterdom.Platform/Rules/RuleDefinition.cs(90,25): warning CS1591: Missing XML comment for publicly visible type or member 'RuleDefinition.Severity' [/Users/kady/Masterdom/src/Masterdom.Platform/Masterdom.Platform.csproj]
/Users/kady/Masterdom/src/Masterdom.Platform/Rules/RuleDefinition.cs(92,25): warning CS1591: Missing XML comment for publicly visible type or member 'RuleDefinition.Priority' [/Users/kady/Masterdom/src/Masterdom.Platform/Masterdom.Platform.csproj]
/Users/kady/Masterdom/src/Masterdom.Platform/Rules/RuleDefinition.cs(94,22): warning CS1591: Missing XML comment for publicly visible type or member 'RuleDefinition.Scope' [/Users/kady/Masterdom/src/Masterdom.Platform/Masterdom.Platform.csproj]
/Users/kady/Masterdom/src/Masterdom.Platform/Rules/RuleDefinition.cs(96,24): warning CS1591: Missing XML comment for publicly visible type or member 'RuleDefinition.Version' [/Users/kady/Masterdom/src/Masterdom.Platform/Masterdom.Platform.csproj]
/Users/kady/Masterdom/src/Masterdom.Platform/Rules/RuleDefinition.cs(98,32): warning CS1591: Missing XML comment for publicly visible type or member 'RuleDefinition.Period' [/Users/kady/Masterdom/src/Masterdom.Platform/Masterdom.Platform.csproj]
/Users/kady/Masterdom/src/Masterdom.Platform/Rules/RuleDefinition.cs(100,20): warning CS1591: Missing XML comment for publicly visible type or member 'RuleDefinition.ParentRuleId' [/Users/kady/Masterdom/src/Masterdom.Platform/Masterdom.Platform.csproj]
/Users/kady/Masterdom/src/Masterdom.Platform/Rules/RuleDefinition.cs(102,17): warning CS1591: Missing XML comment for publicly visible type or member 'RuleDefinition.IsDeprecated' [/Users/kady/Masterdom/src/Masterdom.Platform/Masterdom.Platform.csproj]
/Users/kady/Masterdom/src/Masterdom.Platform/Rules/RuleDefinition.cs(104,21): warning CS1591: Missing XML comment for publicly visible type or member 'RuleDefinition.ReplacedByKey' [/Users/kady/Masterdom/src/Masterdom.Platform/Masterdom.Platform.csproj]
/Users/kady/Masterdom/src/Masterdom.Platform/Rules/RuleDefinition.cs(106,20): warning CS1591: Missing XML comment for publicly visible type or member 'RuleDefinition.Compatibility' [/Users/kady/Masterdom/src/Masterdom.Platform/Masterdom.Platform.csproj]
/Users/kady/Masterdom/src/Masterdom.Platform/Rules/RuleDefinition.cs(108,19): warning CS1591: Missing XML comment for publicly visible type or member 'RuleDefinition.ChangedBy' [/Users/kady/Masterdom/src/Masterdom.Platform/Masterdom.Platform.csproj]
/Users/kady/Masterdom/src/Masterdom.Platform/Rules/RuleDefinition.cs(110,21): warning CS1591: Missing XML comment for publicly visible type or member 'RuleDefinition.ChangedAtUtc' [/Users/kady/Masterdom/src/Masterdom.Platform/Masterdom.Platform.csproj]
/Users/kady/Masterdom/src/Masterdom.Platform/Rules/RuleEffectivePeriod.cs(10,12): warning CS1591: Missing XML comment for publicly visible type or member 'RuleEffectivePeriod.RuleEffectivePeriod(DateTime, DateTime?)' [/Users/kady/Masterdom/src/Masterdom.Platform/Masterdom.Platform.csproj]
/Users/kady/Masterdom/src/Masterdom.Platform/Rules/RuleEffectivePeriod.cs(32,21): warning CS1591: Missing XML comment for publicly visible type or member 'RuleEffectivePeriod.EffectiveFromUtc' [/Users/kady/Masterdom/src/Masterdom.Platform/Masterdom.Platform.csproj]
/Users/kady/Masterdom/src/Masterdom.Platform/Rules/RuleEffectivePeriod.cs(34,22): warning CS1591: Missing XML comment for publicly visible type or member 'RuleEffectivePeriod.EffectiveToUtc' [/Users/kady/Masterdom/src/Masterdom.Platform/Masterdom.Platform.csproj]
/Users/kady/Masterdom/src/Masterdom.Platform/Rules/RuleEffectivePeriod.cs(36,17): warning CS1591: Missing XML comment for publicly visible type or member 'RuleEffectivePeriod.IsEffectiveAt(DateTime)' [/Users/kady/Masterdom/src/Masterdom.Platform/Masterdom.Platform.csproj]
/Users/kady/Masterdom/src/Masterdom.Platform/Rules/RuleId.cs(10,12): warning CS1591: Missing XML comment for publicly visible type or member 'RuleId.RuleId(Guid)' [/Users/kady/Masterdom/src/Masterdom.Platform/Masterdom.Platform.csproj]
/Users/kady/Masterdom/src/Masterdom.Platform/Rules/RuleId.cs(20,17): warning CS1591: Missing XML comment for publicly visible type or member 'RuleId.Value' [/Users/kady/Masterdom/src/Masterdom.Platform/Masterdom.Platform.csproj]
/Users/kady/Masterdom/src/Masterdom.Platform/Rules/RuleInput.cs(14,12): warning CS1591: Missing XML comment for publicly visible type or member 'RuleInput.RuleInput(IEnumerable<RuleInputItem>)' [/Users/kady/Masterdom/src/Masterdom.Platform/Masterdom.Platform.csproj]
/Users/kady/Masterdom/src/Masterdom.Platform/Rules/RuleInput.cs(21,41): warning CS1591: Missing XML comment for publicly visible type or member 'RuleInput.Items' [/Users/kady/Masterdom/src/Masterdom.Platform/Masterdom.Platform.csproj]
/Users/kady/Masterdom/src/Masterdom.Platform/Rules/RuleInput.cs(23,17): warning CS1591: Missing XML comment for publicly visible type or member 'RuleInput.TryGetValue(RuleInputKey, out RuleValue?)' [/Users/kady/Masterdom/src/Masterdom.Platform/Masterdom.Platform.csproj]
/Users/kady/Masterdom/src/Masterdom.Platform/Rules/RuleInput.cs(33,22): warning CS1591: Missing XML comment for publicly visible type or member 'RuleInput.GetRequiredValue(RuleInputKey)' [/Users/kady/Masterdom/src/Masterdom.Platform/Masterdom.Platform.csproj]
/Users/kady/Masterdom/src/Masterdom.Platform/Rules/RuleInputItem.cs(8,34): warning CS1591: Missing XML comment for publicly visible type or member 'RuleInputItem.Key' [/Users/kady/Masterdom/src/Masterdom.Platform/Masterdom.Platform.csproj]
/Users/kady/Masterdom/src/Masterdom.Platform/Rules/RuleInputItem.cs(10,31): warning CS1591: Missing XML comment for publicly visible type or member 'RuleInputItem.Value' [/Users/kady/Masterdom/src/Masterdom.Platform/Masterdom.Platform.csproj]
/Users/kady/Masterdom/src/Masterdom.Platform/Rules/RuleInputKey.cs(10,12): warning CS1591: Missing XML comment for publicly visible type or member 'RuleInputKey.RuleInputKey(string)' [/Users/kady/Masterdom/src/Masterdom.Platform/Masterdom.Platform.csproj]
/Users/kady/Masterdom/src/Masterdom.Platform/Rules/RuleInputKey.cs(20,19): warning CS1591: Missing XML comment for publicly visible type or member 'RuleInputKey.Value' [/Users/kady/Masterdom/src/Masterdom.Platform/Masterdom.Platform.csproj]
/Users/kady/Masterdom/src/Masterdom.Platform/Rules/RuleInputKey.cs(22,17): warning CS1591: Missing XML comment for publicly visible type or member 'RuleInputKey.Equals(RuleInputKey?)' [/Users/kady/Masterdom/src/Masterdom.Platform/Masterdom.Platform.csproj]
/Users/kady/Masterdom/src/Masterdom.Platform/Rules/RuleInputKey.cs(28,26): warning CS1591: Missing XML comment for publicly visible type or member 'RuleInputKey.Equals(object?)' [/Users/kady/Masterdom/src/Masterdom.Platform/Masterdom.Platform.csproj]
/Users/kady/Masterdom/src/Masterdom.Platform/Rules/RuleInputKey.cs(33,25): warning CS1591: Missing XML comment for publicly visible type or member 'RuleInputKey.GetHashCode()' [/Users/kady/Masterdom/src/Masterdom.Platform/Masterdom.Platform.csproj]
/Users/kady/Masterdom/src/Masterdom.Platform/Rules/RuleInputKey.cs(38,28): warning CS1591: Missing XML comment for publicly visible type or member 'RuleInputKey.ToString()' [/Users/kady/Masterdom/src/Masterdom.Platform/Masterdom.Platform.csproj]
/Users/kady/Masterdom/src/Masterdom.Platform/Rules/RuleKey.cs(10,12): warning CS1591: Missing XML comment for publicly visible type or member 'RuleKey.RuleKey(string)' [/Users/kady/Masterdom/src/Masterdom.Platform/Masterdom.Platform.csproj]
/Users/kady/Masterdom/src/Masterdom.Platform/Rules/RuleKey.cs(20,19): warning CS1591: Missing XML comment for publicly visible type or member 'RuleKey.Value' [/Users/kady/Masterdom/src/Masterdom.Platform/Masterdom.Platform.csproj]
/Users/kady/Masterdom/src/Masterdom.Platform/Rules/RuleKey.cs(22,17): warning CS1591: Missing XML comment for publicly visible type or member 'RuleKey.Equals(RuleKey?)' [/Users/kady/Masterdom/src/Masterdom.Platform/Masterdom.Platform.csproj]
/Users/kady/Masterdom/src/Masterdom.Platform/Rules/RuleKey.cs(28,26): warning CS1591: Missing XML comment for publicly visible type or member 'RuleKey.Equals(object?)' [/Users/kady/Masterdom/src/Masterdom.Platform/Masterdom.Platform.csproj]
/Users/kady/Masterdom/src/Masterdom.Platform/Rules/RuleKey.cs(33,25): warning CS1591: Missing XML comment for publicly visible type or member 'RuleKey.GetHashCode()' [/Users/kady/Masterdom/src/Masterdom.Platform/Masterdom.Platform.csproj]
/Users/kady/Masterdom/src/Masterdom.Platform/Rules/RuleKey.cs(38,28): warning CS1591: Missing XML comment for publicly visible type or member 'RuleKey.ToString()' [/Users/kady/Masterdom/src/Masterdom.Platform/Masterdom.Platform.csproj]
/Users/kady/Masterdom/src/Masterdom.Platform/Rules/RuleKind.cs(8,5): warning CS1591: Missing XML comment for publicly visible type or member 'RuleKind.Boolean' [/Users/kady/Masterdom/src/Masterdom.Platform/Masterdom.Platform.csproj]
/Users/kady/Masterdom/src/Masterdom.Platform/Rules/RuleKind.cs(9,5): warning CS1591: Missing XML comment for publicly visible type or member 'RuleKind.Comparison' [/Users/kady/Masterdom/src/Masterdom.Platform/Masterdom.Platform.csproj]
/Users/kady/Masterdom/src/Masterdom.Platform/Rules/RuleKind.cs(10,5): warning CS1591: Missing XML comment for publicly visible type or member 'RuleKind.Range' [/Users/kady/Masterdom/src/Masterdom.Platform/Masterdom.Platform.csproj]
/Users/kady/Masterdom/src/Masterdom.Platform/Rules/RuleKind.cs(11,5): warning CS1591: Missing XML comment for publicly visible type or member 'RuleKind.Expression' [/Users/kady/Masterdom/src/Masterdom.Platform/Masterdom.Platform.csproj]
/Users/kady/Masterdom/src/Masterdom.Platform/Rules/RuleKind.cs(12,5): warning CS1591: Missing XML comment for publicly visible type or member 'RuleKind.Composite' [/Users/kady/Masterdom/src/Masterdom.Platform/Masterdom.Platform.csproj]
/Users/kady/Masterdom/src/Masterdom.Platform/Rules/RuleOutput.cs(11,31): warning CS1591: Missing XML comment for publicly visible type or member 'RuleOutput.RuleSetId' [/Users/kady/Masterdom/src/Masterdom.Platform/Masterdom.Platform.csproj]
/Users/kady/Masterdom/src/Masterdom.Platform/Rules/RuleOutput.cs(13,32): warning CS1591: Missing XML comment for publicly visible type or member 'RuleOutput.RuleSetKey' [/Users/kady/Masterdom/src/Masterdom.Platform/Masterdom.Platform.csproj]
/Users/kady/Masterdom/src/Masterdom.Platform/Rules/RuleOutput.cs(15,47): warning CS1591: Missing XML comment for publicly visible type or member 'RuleOutput.Results' [/Users/kady/Masterdom/src/Masterdom.Platform/Masterdom.Platform.csproj]
/Users/kady/Masterdom/src/Masterdom.Platform/Rules/RuleOutput.cs(17,17): warning CS1591: Missing XML comment for publicly visible type or member 'RuleOutput.Passed' [/Users/kady/Masterdom/src/Masterdom.Platform/Masterdom.Platform.csproj]
/Users/kady/Masterdom/src/Masterdom.Platform/Rules/RulePriority.cs(8,12): warning CS1591: Missing XML comment for publicly visible type or member 'RulePriority.RulePriority(int)' [/Users/kady/Masterdom/src/Masterdom.Platform/Masterdom.Platform.csproj]
/Users/kady/Masterdom/src/Masterdom.Platform/Rules/RulePriority.cs(19,16): warning CS1591: Missing XML comment for publicly visible type or member 'RulePriority.Value' [/Users/kady/Masterdom/src/Masterdom.Platform/Masterdom.Platform.csproj]
/Users/kady/Masterdom/src/Masterdom.Platform/Rules/RuleRegistry.cs(14,12): warning CS1591: Missing XML comment for publicly visible type or member 'RuleRegistry.RuleRegistry(IRuleRepository?)' [/Users/kady/Masterdom/src/Masterdom.Platform/Masterdom.Platform.csproj]
/Users/kady/Masterdom/src/Masterdom.Platform/Rules/RuleRegistry.cs(22,17): warning CS1591: Missing XML comment for publicly visible type or member 'RuleRegistry.ReplaceAll(IReadOnlyList<RuleSetDefinition>, IReadOnlyList<RuleDefinition>)' [/Users/kady/Masterdom/src/Masterdom.Platform/Masterdom.Platform.csproj]
/Users/kady/Masterdom/src/Masterdom.Platform/Rules/RuleRegistry.cs(34,17): warning CS1591: Missing XML comment for publicly visible type or member 'RuleRegistry.Register(IReadOnlyList<RuleSetDefinition>, IReadOnlyList<RuleDefinition>)' [/Users/kady/Masterdom/src/Masterdom.Platform/Masterdom.Platform.csproj]
/Users/kady/Masterdom/src/Masterdom.Platform/Rules/RuleRegistry.cs(54,25): warning CS1591: Missing XML comment for publicly visible type or member 'RuleRegistry.GetCatalog()' [/Users/kady/Masterdom/src/Masterdom.Platform/Masterdom.Platform.csproj]
/Users/kady/Masterdom/src/Masterdom.Platform/Rules/RuleResolver.cs(19,12): warning CS1591: Missing XML comment for publicly visible type or member 'RuleResolver.RuleResolver(IRuleRepository, IConfigurationResolver, IMetadataResolver)' [/Users/kady/Masterdom/src/Masterdom.Platform/Masterdom.Platform.csproj]
/Users/kady/Masterdom/src/Masterdom.Platform/Rules/RuleResolver.cs(29,23): warning CS1591: Missing XML comment for publicly visible type or member 'RuleResolver.Evaluate(RuleSetKey, RuleScope, RuleContext, RuleInput)' [/Users/kady/Masterdom/src/Masterdom.Platform/Masterdom.Platform.csproj]
/Users/kady/Masterdom/src/Masterdom.Platform/Rules/RuleResult.cs(8,28): warning CS1591: Missing XML comment for publicly visible type or member 'RuleResult.RuleId' [/Users/kady/Masterdom/src/Masterdom.Platform/Masterdom.Platform.csproj]
/Users/kady/Masterdom/src/Masterdom.Platform/Rules/RuleResult.cs(10,29): warning CS1591: Missing XML comment for publicly visible type or member 'RuleResult.RuleKey' [/Users/kady/Masterdom/src/Masterdom.Platform/Masterdom.Platform.csproj]
/Users/kady/Masterdom/src/Masterdom.Platform/Rules/RuleResult.cs(12,38): warning CS1591: Missing XML comment for publicly visible type or member 'RuleResult.Status' [/Users/kady/Masterdom/src/Masterdom.Platform/Masterdom.Platform.csproj]
/Users/kady/Masterdom/src/Masterdom.Platform/Rules/RuleResult.cs(14,34): warning CS1591: Missing XML comment for publicly visible type or member 'RuleResult.Severity' [/Users/kady/Masterdom/src/Masterdom.Platform/Masterdom.Platform.csproj]
/Users/kady/Masterdom/src/Masterdom.Platform/Rules/RuleResult.cs(16,34): warning CS1591: Missing XML comment for publicly visible type or member 'RuleResult.Priority' [/Users/kady/Masterdom/src/Masterdom.Platform/Masterdom.Platform.csproj]
/Users/kady/Masterdom/src/Masterdom.Platform/Rules/RuleResult.cs(18,28): warning CS1591: Missing XML comment for publicly visible type or member 'RuleResult.Message' [/Users/kady/Masterdom/src/Masterdom.Platform/Masterdom.Platform.csproj]
/Users/kady/Masterdom/src/Masterdom.Platform/Rules/RuleResultStatus.cs(8,5): warning CS1591: Missing XML comment for publicly visible type or member 'RuleResultStatus.Passed' [/Users/kady/Masterdom/src/Masterdom.Platform/Masterdom.Platform.csproj]
/Users/kady/Masterdom/src/Masterdom.Platform/Rules/RuleResultStatus.cs(9,5): warning CS1591: Missing XML comment for publicly visible type or member 'RuleResultStatus.Failed' [/Users/kady/Masterdom/src/Masterdom.Platform/Masterdom.Platform.csproj]
/Users/kady/Masterdom/src/Masterdom.Platform/Rules/RuleResultStatus.cs(10,5): warning CS1591: Missing XML comment for publicly visible type or member 'RuleResultStatus.Skipped' [/Users/kady/Masterdom/src/Masterdom.Platform/Masterdom.Platform.csproj]
/Users/kady/Masterdom/src/Masterdom.Platform/Rules/RuleScope.cs(16,26): warning CS1591: Missing XML comment for publicly visible type or member 'RuleScope.Kind' [/Users/kady/Masterdom/src/Masterdom.Platform/Masterdom.Platform.csproj]
/Users/kady/Masterdom/src/Masterdom.Platform/Rules/RuleScope.cs(18,20): warning CS1591: Missing XML comment for publicly visible type or member 'RuleScope.Identifier' [/Users/kady/Masterdom/src/Masterdom.Platform/Masterdom.Platform.csproj]
/Users/kady/Masterdom/src/Masterdom.Platform/Rules/RuleScope.cs(20,29): warning CS1591: Missing XML comment for publicly visible type or member 'RuleScope.Global()' [/Users/kady/Masterdom/src/Masterdom.Platform/Masterdom.Platform.csproj]
/Users/kady/Masterdom/src/Masterdom.Platform/Rules/RuleScope.cs(25,29): warning CS1591: Missing XML comment for publicly visible type or member 'RuleScope.Create(RuleScopeKind, string?)' [/Users/kady/Masterdom/src/Masterdom.Platform/Masterdom.Platform.csproj]
/Users/kady/Masterdom/src/Masterdom.Platform/Rules/RuleScope.cs(47,17): warning CS1591: Missing XML comment for publicly visible type or member 'RuleScope.Equals(RuleScope?)' [/Users/kady/Masterdom/src/Masterdom.Platform/Masterdom.Platform.csproj]
/Users/kady/Masterdom/src/Masterdom.Platform/Rules/RuleScope.cs(54,26): warning CS1591: Missing XML comment for publicly visible type or member 'RuleScope.Equals(object?)' [/Users/kady/Masterdom/src/Masterdom.Platform/Masterdom.Platform.csproj]
/Users/kady/Masterdom/src/Masterdom.Platform/Rules/RuleScope.cs(59,25): warning CS1591: Missing XML comment for publicly visible type or member 'RuleScope.GetHashCode()' [/Users/kady/Masterdom/src/Masterdom.Platform/Masterdom.Platform.csproj]
/Users/kady/Masterdom/src/Masterdom.Platform/Rules/RuleScope.cs(64,28): warning CS1591: Missing XML comment for publicly visible type or member 'RuleScope.ToString()' [/Users/kady/Masterdom/src/Masterdom.Platform/Masterdom.Platform.csproj]
/Users/kady/Masterdom/src/Masterdom.Platform/Rules/RuleScopeKind.cs(8,5): warning CS1591: Missing XML comment for publicly visible type or member 'RuleScopeKind.Global' [/Users/kady/Masterdom/src/Masterdom.Platform/Masterdom.Platform.csproj]
/Users/kady/Masterdom/src/Masterdom.Platform/Rules/RuleScopeKind.cs(9,5): warning CS1591: Missing XML comment for publicly visible type or member 'RuleScopeKind.Module' [/Users/kady/Masterdom/src/Masterdom.Platform/Masterdom.Platform.csproj]
/Users/kady/Masterdom/src/Masterdom.Platform/Rules/RuleScopeKind.cs(10,5): warning CS1591: Missing XML comment for publicly visible type or member 'RuleScopeKind.Tenant' [/Users/kady/Masterdom/src/Masterdom.Platform/Masterdom.Platform.csproj]
/Users/kady/Masterdom/src/Masterdom.Platform/Rules/RuleScopeKind.cs(11,5): warning CS1591: Missing XML comment for publicly visible type or member 'RuleScopeKind.Aggregate' [/Users/kady/Masterdom/src/Masterdom.Platform/Masterdom.Platform.csproj]
/Users/kady/Masterdom/src/Masterdom.Platform/Rules/RuleScopeKind.cs(12,5): warning CS1591: Missing XML comment for publicly visible type or member 'RuleScopeKind.Entity' [/Users/kady/Masterdom/src/Masterdom.Platform/Masterdom.Platform.csproj]
/Users/kady/Masterdom/src/Masterdom.Platform/Rules/RuleScopeKind.cs(13,5): warning CS1591: Missing XML comment for publicly visible type or member 'RuleScopeKind.Property' [/Users/kady/Masterdom/src/Masterdom.Platform/Masterdom.Platform.csproj]
/Users/kady/Masterdom/src/Masterdom.Platform/Rules/RuleScopeKind.cs(14,5): warning CS1591: Missing XML comment for publicly visible type or member 'RuleScopeKind.Field' [/Users/kady/Masterdom/src/Masterdom.Platform/Masterdom.Platform.csproj]
/Users/kady/Masterdom/src/Masterdom.Platform/Rules/RuleSetDefinition.cs(10,12): warning CS1591: Missing XML comment for publicly visible type or member 'RuleSetDefinition.RuleSetDefinition(RuleSetId, RuleSetKey, string, string?, RuleCategory, RuleScope, RuleVersion, RuleEffectivePeriod, bool, RuleSetKey?, string?, string, DateTime)' [/Users/kady/Masterdom/src/Masterdom.Platform/Masterdom.Platform.csproj]
/Users/kady/Masterdom/src/Masterdom.Platform/Rules/RuleSetDefinition.cs(62,22): warning CS1591: Missing XML comment for publicly visible type or member 'RuleSetDefinition.Id' [/Users/kady/Masterdom/src/Masterdom.Platform/Masterdom.Platform.csproj]
/Users/kady/Masterdom/src/Masterdom.Platform/Rules/RuleSetDefinition.cs(64,23): warning CS1591: Missing XML comment for publicly visible type or member 'RuleSetDefinition.Key' [/Users/kady/Masterdom/src/Masterdom.Platform/Masterdom.Platform.csproj]
/Users/kady/Masterdom/src/Masterdom.Platform/Rules/RuleSetDefinition.cs(66,19): warning CS1591: Missing XML comment for publicly visible type or member 'RuleSetDefinition.Name' [/Users/kady/Masterdom/src/Masterdom.Platform/Masterdom.Platform.csproj]
/Users/kady/Masterdom/src/Masterdom.Platform/Rules/RuleSetDefinition.cs(68,20): warning CS1591: Missing XML comment for publicly visible type or member 'RuleSetDefinition.Description' [/Users/kady/Masterdom/src/Masterdom.Platform/Masterdom.Platform.csproj]
/Users/kady/Masterdom/src/Masterdom.Platform/Rules/RuleSetDefinition.cs(70,25): warning CS1591: Missing XML comment for publicly visible type or member 'RuleSetDefinition.Category' [/Users/kady/Masterdom/src/Masterdom.Platform/Masterdom.Platform.csproj]
/Users/kady/Masterdom/src/Masterdom.Platform/Rules/RuleSetDefinition.cs(72,22): warning CS1591: Missing XML comment for publicly visible type or member 'RuleSetDefinition.Scope' [/Users/kady/Masterdom/src/Masterdom.Platform/Masterdom.Platform.csproj]
/Users/kady/Masterdom/src/Masterdom.Platform/Rules/RuleSetDefinition.cs(74,24): warning CS1591: Missing XML comment for publicly visible type or member 'RuleSetDefinition.Version' [/Users/kady/Masterdom/src/Masterdom.Platform/Masterdom.Platform.csproj]
/Users/kady/Masterdom/src/Masterdom.Platform/Rules/RuleSetDefinition.cs(76,32): warning CS1591: Missing XML comment for publicly visible type or member 'RuleSetDefinition.Period' [/Users/kady/Masterdom/src/Masterdom.Platform/Masterdom.Platform.csproj]
/Users/kady/Masterdom/src/Masterdom.Platform/Rules/RuleSetDefinition.cs(78,17): warning CS1591: Missing XML comment for publicly visible type or member 'RuleSetDefinition.IsDeprecated' [/Users/kady/Masterdom/src/Masterdom.Platform/Masterdom.Platform.csproj]
/Users/kady/Masterdom/src/Masterdom.Platform/Rules/RuleSetDefinition.cs(80,24): warning CS1591: Missing XML comment for publicly visible type or member 'RuleSetDefinition.ReplacedByKey' [/Users/kady/Masterdom/src/Masterdom.Platform/Masterdom.Platform.csproj]
/Users/kady/Masterdom/src/Masterdom.Platform/Rules/RuleSetDefinition.cs(82,20): warning CS1591: Missing XML comment for publicly visible type or member 'RuleSetDefinition.Compatibility' [/Users/kady/Masterdom/src/Masterdom.Platform/Masterdom.Platform.csproj]
/Users/kady/Masterdom/src/Masterdom.Platform/Rules/RuleSetDefinition.cs(84,19): warning CS1591: Missing XML comment for publicly visible type or member 'RuleSetDefinition.ChangedBy' [/Users/kady/Masterdom/src/Masterdom.Platform/Masterdom.Platform.csproj]
/Users/kady/Masterdom/src/Masterdom.Platform/Rules/RuleSetDefinition.cs(86,21): warning CS1591: Missing XML comment for publicly visible type or member 'RuleSetDefinition.ChangedAtUtc' [/Users/kady/Masterdom/src/Masterdom.Platform/Masterdom.Platform.csproj]
/Users/kady/Masterdom/src/Masterdom.Platform/Rules/RuleSetId.cs(10,12): warning CS1591: Missing XML comment for publicly visible type or member 'RuleSetId.RuleSetId(Guid)' [/Users/kady/Masterdom/src/Masterdom.Platform/Masterdom.Platform.csproj]
/Users/kady/Masterdom/src/Masterdom.Platform/Rules/RuleSetId.cs(20,17): warning CS1591: Missing XML comment for publicly visible type or member 'RuleSetId.Value' [/Users/kady/Masterdom/src/Masterdom.Platform/Masterdom.Platform.csproj]
/Users/kady/Masterdom/src/Masterdom.Platform/Rules/RuleSetKey.cs(10,12): warning CS1591: Missing XML comment for publicly visible type or member 'RuleSetKey.RuleSetKey(string)' [/Users/kady/Masterdom/src/Masterdom.Platform/Masterdom.Platform.csproj]
/Users/kady/Masterdom/src/Masterdom.Platform/Rules/RuleSetKey.cs(20,19): warning CS1591: Missing XML comment for publicly visible type or member 'RuleSetKey.Value' [/Users/kady/Masterdom/src/Masterdom.Platform/Masterdom.Platform.csproj]
/Users/kady/Masterdom/src/Masterdom.Platform/Rules/RuleSetKey.cs(22,17): warning CS1591: Missing XML comment for publicly visible type or member 'RuleSetKey.Equals(RuleSetKey?)' [/Users/kady/Masterdom/src/Masterdom.Platform/Masterdom.Platform.csproj]
/Users/kady/Masterdom/src/Masterdom.Platform/Rules/RuleSetKey.cs(28,26): warning CS1591: Missing XML comment for publicly visible type or member 'RuleSetKey.Equals(object?)' [/Users/kady/Masterdom/src/Masterdom.Platform/Masterdom.Platform.csproj]
/Users/kady/Masterdom/src/Masterdom.Platform/Rules/RuleSetKey.cs(33,25): warning CS1591: Missing XML comment for publicly visible type or member 'RuleSetKey.GetHashCode()' [/Users/kady/Masterdom/src/Masterdom.Platform/Masterdom.Platform.csproj]
/Users/kady/Masterdom/src/Masterdom.Platform/Rules/RuleSetKey.cs(38,28): warning CS1591: Missing XML comment for publicly visible type or member 'RuleSetKey.ToString()' [/Users/kady/Masterdom/src/Masterdom.Platform/Masterdom.Platform.csproj]
/Users/kady/Masterdom/src/Masterdom.Platform/Rules/RuleSeverity.cs(8,5): warning CS1591: Missing XML comment for publicly visible type or member 'RuleSeverity.Info' [/Users/kady/Masterdom/src/Masterdom.Platform/Masterdom.Platform.csproj]
/Users/kady/Masterdom/src/Masterdom.Platform/Rules/RuleSeverity.cs(9,5): warning CS1591: Missing XML comment for publicly visible type or member 'RuleSeverity.Warning' [/Users/kady/Masterdom/src/Masterdom.Platform/Masterdom.Platform.csproj]
/Users/kady/Masterdom/src/Masterdom.Platform/Rules/RuleSeverity.cs(10,5): warning CS1591: Missing XML comment for publicly visible type or member 'RuleSeverity.Error' [/Users/kady/Masterdom/src/Masterdom.Platform/Masterdom.Platform.csproj]
/Users/kady/Masterdom/src/Masterdom.Platform/Rules/RuleSeverity.cs(11,5): warning CS1591: Missing XML comment for publicly visible type or member 'RuleSeverity.Critical' [/Users/kady/Masterdom/src/Masterdom.Platform/Masterdom.Platform.csproj]
/Users/kady/Masterdom/src/Masterdom.Platform/Rules/RuleValidation.cs(12,24): warning CS1591: Missing XML comment for publicly visible type or member 'RuleValidation.ValidateAll(IReadOnlyList<RuleSetDefinition>, IReadOnlyList<RuleDefinition>)' [/Users/kady/Masterdom/src/Masterdom.Platform/Masterdom.Platform.csproj]
/Users/kady/Masterdom/src/Masterdom.Platform/Rules/RuleValidationException.cs(10,12): warning CS1591: Missing XML comment for publicly visible type or member 'RuleValidationException.RuleValidationException(string)' [/Users/kady/Masterdom/src/Masterdom.Platform/Masterdom.Platform.csproj]
/Users/kady/Masterdom/src/Masterdom.Platform/Rules/RuleValue.cs(22,26): warning CS1591: Missing XML comment for publicly visible type or member 'RuleValue.Kind' [/Users/kady/Masterdom/src/Masterdom.Platform/Masterdom.Platform.csproj]
/Users/kady/Masterdom/src/Masterdom.Platform/Rules/RuleValue.cs(24,18): warning CS1591: Missing XML comment for publicly visible type or member 'RuleValue.BooleanValue' [/Users/kady/Masterdom/src/Masterdom.Platform/Masterdom.Platform.csproj]
/Users/kady/Masterdom/src/Masterdom.Platform/Rules/RuleValue.cs(26,21): warning CS1591: Missing XML comment for publicly visible type or member 'RuleValue.NumberValue' [/Users/kady/Masterdom/src/Masterdom.Platform/Masterdom.Platform.csproj]
/Users/kady/Masterdom/src/Masterdom.Platform/Rules/RuleValue.cs(28,20): warning CS1591: Missing XML comment for publicly visible type or member 'RuleValue.TextValue' [/Users/kady/Masterdom/src/Masterdom.Platform/Masterdom.Platform.csproj]
/Users/kady/Masterdom/src/Masterdom.Platform/Rules/RuleValue.cs(30,29): warning CS1591: Missing XML comment for publicly visible type or member 'RuleValue.FromBoolean(bool)' [/Users/kady/Masterdom/src/Masterdom.Platform/Masterdom.Platform.csproj]
/Users/kady/Masterdom/src/Masterdom.Platform/Rules/RuleValue.cs(35,29): warning CS1591: Missing XML comment for publicly visible type or member 'RuleValue.FromNumber(decimal)' [/Users/kady/Masterdom/src/Masterdom.Platform/Masterdom.Platform.csproj]
/Users/kady/Masterdom/src/Masterdom.Platform/Rules/RuleValue.cs(40,29): warning CS1591: Missing XML comment for publicly visible type or member 'RuleValue.FromText(string)' [/Users/kady/Masterdom/src/Masterdom.Platform/Masterdom.Platform.csproj]
/Users/kady/Masterdom/src/Masterdom.Platform/Rules/RuleValue.cs(50,17): warning CS1591: Missing XML comment for publicly visible type or member 'RuleValue.AsBoolean()' [/Users/kady/Masterdom/src/Masterdom.Platform/Masterdom.Platform.csproj]
/Users/kady/Masterdom/src/Masterdom.Platform/Rules/RuleValue.cs(60,20): warning CS1591: Missing XML comment for publicly visible type or member 'RuleValue.AsNumber()' [/Users/kady/Masterdom/src/Masterdom.Platform/Masterdom.Platform.csproj]
/Users/kady/Masterdom/src/Masterdom.Platform/Rules/RuleValue.cs(70,19): warning CS1591: Missing XML comment for publicly visible type or member 'RuleValue.AsText()' [/Users/kady/Masterdom/src/Masterdom.Platform/Masterdom.Platform.csproj]
/Users/kady/Masterdom/src/Masterdom.Platform/Rules/RuleValueKind.cs(8,5): warning CS1591: Missing XML comment for publicly visible type or member 'RuleValueKind.Boolean' [/Users/kady/Masterdom/src/Masterdom.Platform/Masterdom.Platform.csproj]
/Users/kady/Masterdom/src/Masterdom.Platform/Rules/RuleValueKind.cs(9,5): warning CS1591: Missing XML comment for publicly visible type or member 'RuleValueKind.Number' [/Users/kady/Masterdom/src/Masterdom.Platform/Masterdom.Platform.csproj]
/Users/kady/Masterdom/src/Masterdom.Platform/Rules/RuleValueKind.cs(10,5): warning CS1591: Missing XML comment for publicly visible type or member 'RuleValueKind.Text' [/Users/kady/Masterdom/src/Masterdom.Platform/Masterdom.Platform.csproj]
/Users/kady/Masterdom/src/Masterdom.Platform/Rules/RuleVersion.cs(8,12): warning CS1591: Missing XML comment for publicly visible type or member 'RuleVersion.RuleVersion(int)' [/Users/kady/Masterdom/src/Masterdom.Platform/Masterdom.Platform.csproj]
/Users/kady/Masterdom/src/Masterdom.Platform/Rules/RuleVersion.cs(18,16): warning CS1591: Missing XML comment for publicly visible type or member 'RuleVersion.Value' [/Users/kady/Masterdom/src/Masterdom.Platform/Masterdom.Platform.csproj]
/Users/kady/Masterdom/src/Masterdom.Platform/Workflow/InMemoryWorkflowRepository.cs(17,12): warning CS1591: Missing XML comment for publicly visible type or member 'InMemoryWorkflowRepository.InMemoryWorkflowRepository(IReadOnlyList<WorkflowDefinition>?, IReadOnlyList<WorkflowVersionDefinition>?, IReadOnlyList<WorkflowStepDefinition>?, IReadOnlyList<WorkflowTransitionDefinition>?)' [/Users/kady/Masterdom/src/Masterdom.Platform/Masterdom.Platform.csproj]
/Users/kady/Masterdom/src/Masterdom.Platform/Workflow/InMemoryWorkflowRepository.cs(29,46): warning CS1591: Missing XML comment for publicly visible type or member 'InMemoryWorkflowRepository.GetAllWorkflows()' [/Users/kady/Masterdom/src/Masterdom.Platform/Masterdom.Platform.csproj]
/Users/kady/Masterdom/src/Masterdom.Platform/Workflow/InMemoryWorkflowRepository.cs(31,53): warning CS1591: Missing XML comment for publicly visible type or member 'InMemoryWorkflowRepository.GetAllVersions()' [/Users/kady/Masterdom/src/Masterdom.Platform/Masterdom.Platform.csproj]
/Users/kady/Masterdom/src/Masterdom.Platform/Workflow/InMemoryWorkflowRepository.cs(33,50): warning CS1591: Missing XML comment for publicly visible type or member 'InMemoryWorkflowRepository.GetAllSteps()' [/Users/kady/Masterdom/src/Masterdom.Platform/Masterdom.Platform.csproj]
/Users/kady/Masterdom/src/Masterdom.Platform/Workflow/InMemoryWorkflowRepository.cs(35,56): warning CS1591: Missing XML comment for publicly visible type or member 'InMemoryWorkflowRepository.GetAllTransitions()' [/Users/kady/Masterdom/src/Masterdom.Platform/Masterdom.Platform.csproj]
/Users/kady/Masterdom/src/Masterdom.Platform/Workflow/InMemoryWorkflowRepository.cs(37,17): warning CS1591: Missing XML comment for publicly visible type or member 'InMemoryWorkflowRepository.ReplaceAll(IReadOnlyList<WorkflowDefinition>, IReadOnlyList<WorkflowVersionDefinition>, IReadOnlyList<WorkflowStepDefinition>, IReadOnlyList<WorkflowTransitionDefinition>)' [/Users/kady/Masterdom/src/Masterdom.Platform/Masterdom.Platform.csproj]
/Users/kady/Masterdom/src/Masterdom.Platform/Workflow/InMemoryWorkflowStateStore.cs(13,17): warning CS1591: Missing XML comment for publicly visible type or member 'InMemoryWorkflowStateStore.Save(WorkflowState)' [/Users/kady/Masterdom/src/Masterdom.Platform/Masterdom.Platform.csproj]
/Users/kady/Masterdom/src/Masterdom.Platform/Workflow/InMemoryWorkflowStateStore.cs(20,17): warning CS1591: Missing XML comment for publicly visible type or member 'InMemoryWorkflowStateStore.TryGet(Guid, out WorkflowState?)' [/Users/kady/Masterdom/src/Masterdom.Platform/Masterdom.Platform.csproj]
/Users/kady/Masterdom/src/Masterdom.Platform/Workflow/IWorkflowCatalog.cs(10,39): warning CS1591: Missing XML comment for publicly visible type or member 'IWorkflowCatalog.Workflows' [/Users/kady/Masterdom/src/Masterdom.Platform/Masterdom.Platform.csproj]
/Users/kady/Masterdom/src/Masterdom.Platform/Workflow/IWorkflowCatalog.cs(12,46): warning CS1591: Missing XML comment for publicly visible type or member 'IWorkflowCatalog.Versions' [/Users/kady/Masterdom/src/Masterdom.Platform/Masterdom.Platform.csproj]
/Users/kady/Masterdom/src/Masterdom.Platform/Workflow/IWorkflowCatalog.cs(14,43): warning CS1591: Missing XML comment for publicly visible type or member 'IWorkflowCatalog.Steps' [/Users/kady/Masterdom/src/Masterdom.Platform/Masterdom.Platform.csproj]
/Users/kady/Masterdom/src/Masterdom.Platform/Workflow/IWorkflowCatalog.cs(16,49): warning CS1591: Missing XML comment for publicly visible type or member 'IWorkflowCatalog.Transitions' [/Users/kady/Masterdom/src/Masterdom.Platform/Masterdom.Platform.csproj]
/Users/kady/Masterdom/src/Masterdom.Platform/Workflow/IWorkflowRegistry.cs(10,10): warning CS1591: Missing XML comment for publicly visible type or member 'IWorkflowRegistry.ReplaceAll(IReadOnlyList<WorkflowDefinition>, IReadOnlyList<WorkflowVersionDefinition>, IReadOnlyList<WorkflowStepDefinition>, IReadOnlyList<WorkflowTransitionDefinition>)' [/Users/kady/Masterdom/src/Masterdom.Platform/Masterdom.Platform.csproj]
/Users/kady/Masterdom/src/Masterdom.Platform/Workflow/IWorkflowRegistry.cs(16,22): warning CS1591: Missing XML comment for publicly visible type or member 'IWorkflowRegistry.GetCatalog()' [/Users/kady/Masterdom/src/Masterdom.Platform/Masterdom.Platform.csproj]
/Users/kady/Masterdom/src/Masterdom.Platform/Workflow/IWorkflowRepository.cs(10,39): warning CS1591: Missing XML comment for publicly visible type or member 'IWorkflowRepository.GetAllWorkflows()' [/Users/kady/Masterdom/src/Masterdom.Platform/Masterdom.Platform.csproj]
/Users/kady/Masterdom/src/Masterdom.Platform/Workflow/IWorkflowRepository.cs(12,46): warning CS1591: Missing XML comment for publicly visible type or member 'IWorkflowRepository.GetAllVersions()' [/Users/kady/Masterdom/src/Masterdom.Platform/Masterdom.Platform.csproj]
/Users/kady/Masterdom/src/Masterdom.Platform/Workflow/IWorkflowRepository.cs(14,43): warning CS1591: Missing XML comment for publicly visible type or member 'IWorkflowRepository.GetAllSteps()' [/Users/kady/Masterdom/src/Masterdom.Platform/Masterdom.Platform.csproj]
/Users/kady/Masterdom/src/Masterdom.Platform/Workflow/IWorkflowRepository.cs(16,49): warning CS1591: Missing XML comment for publicly visible type or member 'IWorkflowRepository.GetAllTransitions()' [/Users/kady/Masterdom/src/Masterdom.Platform/Masterdom.Platform.csproj]
/Users/kady/Masterdom/src/Masterdom.Platform/Workflow/IWorkflowResolver.cs(8,20): warning CS1591: Missing XML comment for publicly visible type or member 'IWorkflowResolver.Execute(WorkflowKey, WorkflowScope, WorkflowContext)' [/Users/kady/Masterdom/src/Masterdom.Platform/Masterdom.Platform.csproj]
/Users/kady/Masterdom/src/Masterdom.Platform/Workflow/IWorkflowStateStore.cs(8,10): warning CS1591: Missing XML comment for publicly visible type or member 'IWorkflowStateStore.Save(WorkflowState)' [/Users/kady/Masterdom/src/Masterdom.Platform/Masterdom.Platform.csproj]
/Users/kady/Masterdom/src/Masterdom.Platform/Workflow/IWorkflowStateStore.cs(10,10): warning CS1591: Missing XML comment for publicly visible type or member 'IWorkflowStateStore.TryGet(Guid, out WorkflowState?)' [/Users/kady/Masterdom/src/Masterdom.Platform/Masterdom.Platform.csproj]
/Users/kady/Masterdom/src/Masterdom.Platform/Workflow/WorkflowBranchKind.cs(8,5): warning CS1591: Missing XML comment for publicly visible type or member 'WorkflowBranchKind.Sequential' [/Users/kady/Masterdom/src/Masterdom.Platform/Masterdom.Platform.csproj]
/Users/kady/Masterdom/src/Masterdom.Platform/Workflow/WorkflowBranchKind.cs(9,5): warning CS1591: Missing XML comment for publicly visible type or member 'WorkflowBranchKind.Conditional' [/Users/kady/Masterdom/src/Masterdom.Platform/Masterdom.Platform.csproj]
/Users/kady/Masterdom/src/Masterdom.Platform/Workflow/WorkflowBranchKind.cs(10,5): warning CS1591: Missing XML comment for publicly visible type or member 'WorkflowBranchKind.Parallel' [/Users/kady/Masterdom/src/Masterdom.Platform/Masterdom.Platform.csproj]
/Users/kady/Masterdom/src/Masterdom.Platform/Workflow/WorkflowCatalog.cs(12,12): warning CS1591: Missing XML comment for publicly visible type or member 'WorkflowCatalog.WorkflowCatalog(IEnumerable<WorkflowDefinition>, IEnumerable<WorkflowVersionDefinition>, IEnumerable<WorkflowStepDefinition>, IEnumerable<WorkflowTransitionDefinition>)' [/Users/kady/Masterdom/src/Masterdom.Platform/Masterdom.Platform.csproj]
/Users/kady/Masterdom/src/Masterdom.Platform/Workflow/WorkflowCatalog.cs(29,46): warning CS1591: Missing XML comment for publicly visible type or member 'WorkflowCatalog.Workflows' [/Users/kady/Masterdom/src/Masterdom.Platform/Masterdom.Platform.csproj]
/Users/kady/Masterdom/src/Masterdom.Platform/Workflow/WorkflowCatalog.cs(31,53): warning CS1591: Missing XML comment for publicly visible type or member 'WorkflowCatalog.Versions' [/Users/kady/Masterdom/src/Masterdom.Platform/Masterdom.Platform.csproj]
/Users/kady/Masterdom/src/Masterdom.Platform/Workflow/WorkflowCatalog.cs(33,50): warning CS1591: Missing XML comment for publicly visible type or member 'WorkflowCatalog.Steps' [/Users/kady/Masterdom/src/Masterdom.Platform/Masterdom.Platform.csproj]
/Users/kady/Masterdom/src/Masterdom.Platform/Workflow/WorkflowCatalog.cs(35,56): warning CS1591: Missing XML comment for publicly visible type or member 'WorkflowCatalog.Transitions' [/Users/kady/Masterdom/src/Masterdom.Platform/Masterdom.Platform.csproj]
/Users/kady/Masterdom/src/Masterdom.Platform/Workflow/WorkflowCatalogBuilder.cs(12,39): warning CS1591: Missing XML comment for publicly visible type or member 'WorkflowCatalogBuilder.BuildFromCatalog(IEnumerable<ModuleCatalogEntry>, DateTime?)' [/Users/kady/Masterdom/src/Masterdom.Platform/Masterdom.Platform.csproj]
/Users/kady/Masterdom/src/Masterdom.Platform/Workflow/WorkflowCatalogSeed.cs(10,55): warning CS1591: Missing XML comment for publicly visible type or member 'WorkflowCatalogSeed.Workflows' [/Users/kady/Masterdom/src/Masterdom.Platform/Masterdom.Platform.csproj]
/Users/kady/Masterdom/src/Masterdom.Platform/Workflow/WorkflowCatalogSeed.cs(12,62): warning CS1591: Missing XML comment for publicly visible type or member 'WorkflowCatalogSeed.Versions' [/Users/kady/Masterdom/src/Masterdom.Platform/Masterdom.Platform.csproj]
/Users/kady/Masterdom/src/Masterdom.Platform/Workflow/WorkflowCatalogSeed.cs(14,59): warning CS1591: Missing XML comment for publicly visible type or member 'WorkflowCatalogSeed.Steps' [/Users/kady/Masterdom/src/Masterdom.Platform/Masterdom.Platform.csproj]
/Users/kady/Masterdom/src/Masterdom.Platform/Workflow/WorkflowCatalogSeed.cs(16,65): warning CS1591: Missing XML comment for publicly visible type or member 'WorkflowCatalogSeed.Transitions' [/Users/kady/Masterdom/src/Masterdom.Platform/Masterdom.Platform.csproj]
/Users/kady/Masterdom/src/Masterdom.Platform/Workflow/WorkflowCompensationHook.cs(8,12): warning CS1591: Missing XML comment for publicly visible type or member 'WorkflowCompensationHook.WorkflowCompensationHook(string)' [/Users/kady/Masterdom/src/Masterdom.Platform/Masterdom.Platform.csproj]
/Users/kady/Masterdom/src/Masterdom.Platform/Workflow/WorkflowCompensationHook.cs(18,19): warning CS1591: Missing XML comment for publicly visible type or member 'WorkflowCompensationHook.Operation' [/Users/kady/Masterdom/src/Masterdom.Platform/Masterdom.Platform.csproj]
/Users/kady/Masterdom/src/Masterdom.Platform/Workflow/WorkflowContext.cs(11,28): warning CS1591: Missing XML comment for publicly visible type or member 'WorkflowContext.ModuleId' [/Users/kady/Masterdom/src/Masterdom.Platform/Masterdom.Platform.csproj]
/Users/kady/Masterdom/src/Masterdom.Platform/Workflow/WorkflowContext.cs(13,20): warning CS1591: Missing XML comment for publicly visible type or member 'WorkflowContext.TenantId' [/Users/kady/Masterdom/src/Masterdom.Platform/Masterdom.Platform.csproj]
/Users/kady/Masterdom/src/Masterdom.Platform/Workflow/WorkflowContext.cs(15,20): warning CS1591: Missing XML comment for publicly visible type or member 'WorkflowContext.PropertyId' [/Users/kady/Masterdom/src/Masterdom.Platform/Masterdom.Platform.csproj]
/Users/kady/Masterdom/src/Masterdom.Platform/Workflow/WorkflowContext.cs(17,21): warning CS1591: Missing XML comment for publicly visible type or member 'WorkflowContext.AsOfUtc' [/Users/kady/Masterdom/src/Masterdom.Platform/Masterdom.Platform.csproj]
/Users/kady/Masterdom/src/Masterdom.Platform/Workflow/WorkflowContext.cs(19,20): warning CS1591: Missing XML comment for publicly visible type or member 'WorkflowContext.CorrelationId' [/Users/kady/Masterdom/src/Masterdom.Platform/Masterdom.Platform.csproj]
/Users/kady/Masterdom/src/Masterdom.Platform/Workflow/WorkflowContext.cs(21,17): warning CS1591: Missing XML comment for publicly visible type or member 'WorkflowContext.CancellationRequested' [/Users/kady/Masterdom/src/Masterdom.Platform/Masterdom.Platform.csproj]
/Users/kady/Masterdom/src/Masterdom.Platform/Workflow/WorkflowContext.cs(23,22): warning CS1591: Missing XML comment for publicly visible type or member 'WorkflowContext.Input' [/Users/kady/Masterdom/src/Masterdom.Platform/Masterdom.Platform.csproj]
/Users/kady/Masterdom/src/Masterdom.Platform/Workflow/WorkflowDefinition.cs(10,12): warning CS1591: Missing XML comment for publicly visible type or member 'WorkflowDefinition.WorkflowDefinition(WorkflowId, WorkflowKey, string, string?, WorkflowScope, string, DateTime)' [/Users/kady/Masterdom/src/Masterdom.Platform/Masterdom.Platform.csproj]
/Users/kady/Masterdom/src/Masterdom.Platform/Workflow/WorkflowDefinition.cs(44,23): warning CS1591: Missing XML comment for publicly visible type or member 'WorkflowDefinition.Id' [/Users/kady/Masterdom/src/Masterdom.Platform/Masterdom.Platform.csproj]
/Users/kady/Masterdom/src/Masterdom.Platform/Workflow/WorkflowDefinition.cs(46,24): warning CS1591: Missing XML comment for publicly visible type or member 'WorkflowDefinition.Key' [/Users/kady/Masterdom/src/Masterdom.Platform/Masterdom.Platform.csproj]
/Users/kady/Masterdom/src/Masterdom.Platform/Workflow/WorkflowDefinition.cs(48,19): warning CS1591: Missing XML comment for publicly visible type or member 'WorkflowDefinition.Name' [/Users/kady/Masterdom/src/Masterdom.Platform/Masterdom.Platform.csproj]
/Users/kady/Masterdom/src/Masterdom.Platform/Workflow/WorkflowDefinition.cs(50,20): warning CS1591: Missing XML comment for publicly visible type or member 'WorkflowDefinition.Description' [/Users/kady/Masterdom/src/Masterdom.Platform/Masterdom.Platform.csproj]
/Users/kady/Masterdom/src/Masterdom.Platform/Workflow/WorkflowDefinition.cs(52,26): warning CS1591: Missing XML comment for publicly visible type or member 'WorkflowDefinition.Scope' [/Users/kady/Masterdom/src/Masterdom.Platform/Masterdom.Platform.csproj]
/Users/kady/Masterdom/src/Masterdom.Platform/Workflow/WorkflowDefinition.cs(54,19): warning CS1591: Missing XML comment for publicly visible type or member 'WorkflowDefinition.ChangedBy' [/Users/kady/Masterdom/src/Masterdom.Platform/Masterdom.Platform.csproj]
/Users/kady/Masterdom/src/Masterdom.Platform/Workflow/WorkflowDefinition.cs(56,21): warning CS1591: Missing XML comment for publicly visible type or member 'WorkflowDefinition.ChangedAtUtc' [/Users/kady/Masterdom/src/Masterdom.Platform/Masterdom.Platform.csproj]
/Users/kady/Masterdom/src/Masterdom.Platform/Workflow/WorkflowEffectivePeriod.cs(10,12): warning CS1591: Missing XML comment for publicly visible type or member 'WorkflowEffectivePeriod.WorkflowEffectivePeriod(DateTime, DateTime?)' [/Users/kady/Masterdom/src/Masterdom.Platform/Masterdom.Platform.csproj]
/Users/kady/Masterdom/src/Masterdom.Platform/Workflow/WorkflowEffectivePeriod.cs(31,21): warning CS1591: Missing XML comment for publicly visible type or member 'WorkflowEffectivePeriod.EffectiveFromUtc' [/Users/kady/Masterdom/src/Masterdom.Platform/Masterdom.Platform.csproj]
/Users/kady/Masterdom/src/Masterdom.Platform/Workflow/WorkflowEffectivePeriod.cs(33,22): warning CS1591: Missing XML comment for publicly visible type or member 'WorkflowEffectivePeriod.EffectiveToUtc' [/Users/kady/Masterdom/src/Masterdom.Platform/Masterdom.Platform.csproj]
/Users/kady/Masterdom/src/Masterdom.Platform/Workflow/WorkflowEffectivePeriod.cs(35,17): warning CS1591: Missing XML comment for publicly visible type or member 'WorkflowEffectivePeriod.IsEffectiveAt(DateTime)' [/Users/kady/Masterdom/src/Masterdom.Platform/Masterdom.Platform.csproj]
/Users/kady/Masterdom/src/Masterdom.Platform/Workflow/WorkflowExecutionEvent.cs(10,30): warning CS1591: Missing XML comment for publicly visible type or member 'WorkflowExecutionEvent.TimestampUtc' [/Users/kady/Masterdom/src/Masterdom.Platform/Masterdom.Platform.csproj]
/Users/kady/Masterdom/src/Masterdom.Platform/Workflow/WorkflowExecutionEvent.cs(12,28): warning CS1591: Missing XML comment for publicly visible type or member 'WorkflowExecutionEvent.EventType' [/Users/kady/Masterdom/src/Masterdom.Platform/Masterdom.Platform.csproj]
/Users/kady/Masterdom/src/Masterdom.Platform/Workflow/WorkflowExecutionEvent.cs(14,28): warning CS1591: Missing XML comment for publicly visible type or member 'WorkflowExecutionEvent.StepId' [/Users/kady/Masterdom/src/Masterdom.Platform/Masterdom.Platform.csproj]
/Users/kady/Masterdom/src/Masterdom.Platform/Workflow/WorkflowExecutionEvent.cs(16,28): warning CS1591: Missing XML comment for publicly visible type or member 'WorkflowExecutionEvent.Message' [/Users/kady/Masterdom/src/Masterdom.Platform/Masterdom.Platform.csproj]
/Users/kady/Masterdom/src/Masterdom.Platform/Workflow/WorkflowExecutionStatus.cs(8,5): warning CS1591: Missing XML comment for publicly visible type or member 'WorkflowExecutionStatus.Running' [/Users/kady/Masterdom/src/Masterdom.Platform/Masterdom.Platform.csproj]
/Users/kady/Masterdom/src/Masterdom.Platform/Workflow/WorkflowExecutionStatus.cs(9,5): warning CS1591: Missing XML comment for publicly visible type or member 'WorkflowExecutionStatus.Completed' [/Users/kady/Masterdom/src/Masterdom.Platform/Masterdom.Platform.csproj]
/Users/kady/Masterdom/src/Masterdom.Platform/Workflow/WorkflowExecutionStatus.cs(10,5): warning CS1591: Missing XML comment for publicly visible type or member 'WorkflowExecutionStatus.Failed' [/Users/kady/Masterdom/src/Masterdom.Platform/Masterdom.Platform.csproj]
/Users/kady/Masterdom/src/Masterdom.Platform/Workflow/WorkflowExecutionStatus.cs(11,5): warning CS1591: Missing XML comment for publicly visible type or member 'WorkflowExecutionStatus.Cancelled' [/Users/kady/Masterdom/src/Masterdom.Platform/Masterdom.Platform.csproj]
/Users/kady/Masterdom/src/Masterdom.Platform/Workflow/WorkflowExecutionStatus.cs(12,5): warning CS1591: Missing XML comment for publicly visible type or member 'WorkflowExecutionStatus.TimedOut' [/Users/kady/Masterdom/src/Masterdom.Platform/Masterdom.Platform.csproj]
/Users/kady/Masterdom/src/Masterdom.Platform/Workflow/WorkflowId.cs(10,12): warning CS1591: Missing XML comment for publicly visible type or member 'WorkflowId.WorkflowId(Guid)' [/Users/kady/Masterdom/src/Masterdom.Platform/Masterdom.Platform.csproj]
/Users/kady/Masterdom/src/Masterdom.Platform/Workflow/WorkflowId.cs(20,17): warning CS1591: Missing XML comment for publicly visible type or member 'WorkflowId.Value' [/Users/kady/Masterdom/src/Masterdom.Platform/Masterdom.Platform.csproj]
/Users/kady/Masterdom/src/Masterdom.Platform/Workflow/WorkflowKey.cs(10,12): warning CS1591: Missing XML comment for publicly visible type or member 'WorkflowKey.WorkflowKey(string)' [/Users/kady/Masterdom/src/Masterdom.Platform/Masterdom.Platform.csproj]
/Users/kady/Masterdom/src/Masterdom.Platform/Workflow/WorkflowKey.cs(20,19): warning CS1591: Missing XML comment for publicly visible type or member 'WorkflowKey.Value' [/Users/kady/Masterdom/src/Masterdom.Platform/Masterdom.Platform.csproj]
/Users/kady/Masterdom/src/Masterdom.Platform/Workflow/WorkflowKey.cs(22,17): warning CS1591: Missing XML comment for publicly visible type or member 'WorkflowKey.Equals(WorkflowKey?)' [/Users/kady/Masterdom/src/Masterdom.Platform/Masterdom.Platform.csproj]
/Users/kady/Masterdom/src/Masterdom.Platform/Workflow/WorkflowKey.cs(28,26): warning CS1591: Missing XML comment for publicly visible type or member 'WorkflowKey.Equals(object?)' [/Users/kady/Masterdom/src/Masterdom.Platform/Masterdom.Platform.csproj]
/Users/kady/Masterdom/src/Masterdom.Platform/Workflow/WorkflowKey.cs(33,25): warning CS1591: Missing XML comment for publicly visible type or member 'WorkflowKey.GetHashCode()' [/Users/kady/Masterdom/src/Masterdom.Platform/Masterdom.Platform.csproj]
/Users/kady/Masterdom/src/Masterdom.Platform/Workflow/WorkflowPriority.cs(8,12): warning CS1591: Missing XML comment for publicly visible type or member 'WorkflowPriority.WorkflowPriority(int)' [/Users/kady/Masterdom/src/Masterdom.Platform/Masterdom.Platform.csproj]
/Users/kady/Masterdom/src/Masterdom.Platform/Workflow/WorkflowPriority.cs(18,16): warning CS1591: Missing XML comment for publicly visible type or member 'WorkflowPriority.Value' [/Users/kady/Masterdom/src/Masterdom.Platform/Masterdom.Platform.csproj]
/Users/kady/Masterdom/src/Masterdom.Platform/Workflow/WorkflowRegistry.cs(13,12): warning CS1591: Missing XML comment for publicly visible type or member 'WorkflowRegistry.WorkflowRegistry(IWorkflowRepository?)' [/Users/kady/Masterdom/src/Masterdom.Platform/Masterdom.Platform.csproj]
/Users/kady/Masterdom/src/Masterdom.Platform/Workflow/WorkflowRegistry.cs(23,17): warning CS1591: Missing XML comment for publicly visible type or member 'WorkflowRegistry.ReplaceAll(IReadOnlyList<WorkflowDefinition>, IReadOnlyList<WorkflowVersionDefinition>, IReadOnlyList<WorkflowStepDefinition>, IReadOnlyList<WorkflowTransitionDefinition>)' [/Users/kady/Masterdom/src/Masterdom.Platform/Masterdom.Platform.csproj]
/Users/kady/Masterdom/src/Masterdom.Platform/Workflow/WorkflowRegistry.cs(38,29): warning CS1591: Missing XML comment for publicly visible type or member 'WorkflowRegistry.GetCatalog()' [/Users/kady/Masterdom/src/Masterdom.Platform/Masterdom.Platform.csproj]
/Users/kady/Masterdom/src/Masterdom.Platform/Workflow/WorkflowResolver.cs(21,12): warning CS1591: Missing XML comment for publicly visible type or member 'WorkflowResolver.WorkflowResolver(IWorkflowRepository, IConfigurationResolver, IMetadataResolver, IRuleResolver, IWorkflowStateStore)' [/Users/kady/Masterdom/src/Masterdom.Platform/Masterdom.Platform.csproj]
/Users/kady/Masterdom/src/Masterdom.Platform/Workflow/WorkflowResolver.cs(35,27): warning CS1591: Missing XML comment for publicly visible type or member 'WorkflowResolver.Execute(WorkflowKey, WorkflowScope, WorkflowContext)' [/Users/kady/Masterdom/src/Masterdom.Platform/Masterdom.Platform.csproj]
/Users/kady/Masterdom/src/Masterdom.Platform/Workflow/WorkflowResult.cs(8,35): warning CS1591: Missing XML comment for publicly visible type or member 'WorkflowResult.State' [/Users/kady/Masterdom/src/Masterdom.Platform/Masterdom.Platform.csproj]
/Users/kady/Masterdom/src/Masterdom.Platform/Workflow/WorkflowResult.cs(10,17): warning CS1591: Missing XML comment for publicly visible type or member 'WorkflowResult.IsTerminal' [/Users/kady/Masterdom/src/Masterdom.Platform/Masterdom.Platform.csproj]
/Users/kady/Masterdom/src/Masterdom.Platform/Workflow/WorkflowRetryPolicy.cs(10,12): warning CS1591: Missing XML comment for publicly visible type or member 'WorkflowRetryPolicy.WorkflowRetryPolicy(int, TimeSpan)' [/Users/kady/Masterdom/src/Masterdom.Platform/Masterdom.Platform.csproj]
/Users/kady/Masterdom/src/Masterdom.Platform/Workflow/WorkflowRetryPolicy.cs(26,16): warning CS1591: Missing XML comment for publicly visible type or member 'WorkflowRetryPolicy.MaxAttempts' [/Users/kady/Masterdom/src/Masterdom.Platform/Masterdom.Platform.csproj]
/Users/kady/Masterdom/src/Masterdom.Platform/Workflow/WorkflowRetryPolicy.cs(28,21): warning CS1591: Missing XML comment for publicly visible type or member 'WorkflowRetryPolicy.RetryDelay' [/Users/kady/Masterdom/src/Masterdom.Platform/Masterdom.Platform.csproj]
/Users/kady/Masterdom/src/Masterdom.Platform/Workflow/WorkflowRetryPolicy.cs(30,39): warning CS1591: Missing XML comment for publicly visible type or member 'WorkflowRetryPolicy.None()' [/Users/kady/Masterdom/src/Masterdom.Platform/Masterdom.Platform.csproj]
/Users/kady/Masterdom/src/Masterdom.Platform/Workflow/WorkflowScope.cs(16,30): warning CS1591: Missing XML comment for publicly visible type or member 'WorkflowScope.Kind' [/Users/kady/Masterdom/src/Masterdom.Platform/Masterdom.Platform.csproj]
/Users/kady/Masterdom/src/Masterdom.Platform/Workflow/WorkflowScope.cs(18,20): warning CS1591: Missing XML comment for publicly visible type or member 'WorkflowScope.Identifier' [/Users/kady/Masterdom/src/Masterdom.Platform/Masterdom.Platform.csproj]
/Users/kady/Masterdom/src/Masterdom.Platform/Workflow/WorkflowScope.cs(20,33): warning CS1591: Missing XML comment for publicly visible type or member 'WorkflowScope.Global()' [/Users/kady/Masterdom/src/Masterdom.Platform/Masterdom.Platform.csproj]
/Users/kady/Masterdom/src/Masterdom.Platform/Workflow/WorkflowScope.cs(25,33): warning CS1591: Missing XML comment for publicly visible type or member 'WorkflowScope.Create(WorkflowScopeKind, string?)' [/Users/kady/Masterdom/src/Masterdom.Platform/Masterdom.Platform.csproj]
/Users/kady/Masterdom/src/Masterdom.Platform/Workflow/WorkflowScope.cs(45,17): warning CS1591: Missing XML comment for publicly visible type or member 'WorkflowScope.Equals(WorkflowScope?)' [/Users/kady/Masterdom/src/Masterdom.Platform/Masterdom.Platform.csproj]
/Users/kady/Masterdom/src/Masterdom.Platform/Workflow/WorkflowScope.cs(52,26): warning CS1591: Missing XML comment for publicly visible type or member 'WorkflowScope.Equals(object?)' [/Users/kady/Masterdom/src/Masterdom.Platform/Masterdom.Platform.csproj]
/Users/kady/Masterdom/src/Masterdom.Platform/Workflow/WorkflowScope.cs(57,25): warning CS1591: Missing XML comment for publicly visible type or member 'WorkflowScope.GetHashCode()' [/Users/kady/Masterdom/src/Masterdom.Platform/Masterdom.Platform.csproj]
/Users/kady/Masterdom/src/Masterdom.Platform/Workflow/WorkflowScopeKind.cs(8,5): warning CS1591: Missing XML comment for publicly visible type or member 'WorkflowScopeKind.Global' [/Users/kady/Masterdom/src/Masterdom.Platform/Masterdom.Platform.csproj]
/Users/kady/Masterdom/src/Masterdom.Platform/Workflow/WorkflowScopeKind.cs(9,5): warning CS1591: Missing XML comment for publicly visible type or member 'WorkflowScopeKind.Module' [/Users/kady/Masterdom/src/Masterdom.Platform/Masterdom.Platform.csproj]
/Users/kady/Masterdom/src/Masterdom.Platform/Workflow/WorkflowScopeKind.cs(10,5): warning CS1591: Missing XML comment for publicly visible type or member 'WorkflowScopeKind.Tenant' [/Users/kady/Masterdom/src/Masterdom.Platform/Masterdom.Platform.csproj]
/Users/kady/Masterdom/src/Masterdom.Platform/Workflow/WorkflowScopeKind.cs(11,5): warning CS1591: Missing XML comment for publicly visible type or member 'WorkflowScopeKind.Aggregate' [/Users/kady/Masterdom/src/Masterdom.Platform/Masterdom.Platform.csproj]
/Users/kady/Masterdom/src/Masterdom.Platform/Workflow/WorkflowScopeKind.cs(12,5): warning CS1591: Missing XML comment for publicly visible type or member 'WorkflowScopeKind.Entity' [/Users/kady/Masterdom/src/Masterdom.Platform/Masterdom.Platform.csproj]
/Users/kady/Masterdom/src/Masterdom.Platform/Workflow/WorkflowState.cs(11,26): warning CS1591: Missing XML comment for publicly visible type or member 'WorkflowState.InstanceId' [/Users/kady/Masterdom/src/Masterdom.Platform/Masterdom.Platform.csproj]
/Users/kady/Masterdom/src/Masterdom.Platform/Workflow/WorkflowState.cs(13,32): warning CS1591: Missing XML comment for publicly visible type or member 'WorkflowState.WorkflowId' [/Users/kady/Masterdom/src/Masterdom.Platform/Masterdom.Platform.csproj]
/Users/kady/Masterdom/src/Masterdom.Platform/Workflow/WorkflowState.cs(15,39): warning CS1591: Missing XML comment for publicly visible type or member 'WorkflowState.WorkflowVersionId' [/Users/kady/Masterdom/src/Masterdom.Platform/Masterdom.Platform.csproj]
/Users/kady/Masterdom/src/Masterdom.Platform/Workflow/WorkflowState.cs(17,28): warning CS1591: Missing XML comment for publicly visible type or member 'WorkflowState.CurrentStepId' [/Users/kady/Masterdom/src/Masterdom.Platform/Masterdom.Platform.csproj]
/Users/kady/Masterdom/src/Masterdom.Platform/Workflow/WorkflowState.cs(19,45): warning CS1591: Missing XML comment for publicly visible type or member 'WorkflowState.Status' [/Users/kady/Masterdom/src/Masterdom.Platform/Masterdom.Platform.csproj]
/Users/kady/Masterdom/src/Masterdom.Platform/Workflow/WorkflowState.cs(21,42): warning CS1591: Missing XML comment for publicly visible type or member 'WorkflowState.CompletedSteps' [/Users/kady/Masterdom/src/Masterdom.Platform/Masterdom.Platform.csproj]
/Users/kady/Masterdom/src/Masterdom.Platform/Workflow/WorkflowState.cs(23,42): warning CS1591: Missing XML comment for publicly visible type or member 'WorkflowState.PendingSteps' [/Users/kady/Masterdom/src/Masterdom.Platform/Masterdom.Platform.csproj]
/Users/kady/Masterdom/src/Masterdom.Platform/Workflow/WorkflowState.cs(25,50): warning CS1591: Missing XML comment for publicly visible type or member 'WorkflowState.History' [/Users/kady/Masterdom/src/Masterdom.Platform/Masterdom.Platform.csproj]
/Users/kady/Masterdom/src/Masterdom.Platform/Workflow/WorkflowState.cs(27,20): warning CS1591: Missing XML comment for publicly visible type or member 'WorkflowState.Error' [/Users/kady/Masterdom/src/Masterdom.Platform/Masterdom.Platform.csproj]
/Users/kady/Masterdom/src/Masterdom.Platform/Workflow/WorkflowState.cs(29,30): warning CS1591: Missing XML comment for publicly visible type or member 'WorkflowState.StartedAtUtc' [/Users/kady/Masterdom/src/Masterdom.Platform/Masterdom.Platform.csproj]
/Users/kady/Masterdom/src/Masterdom.Platform/Workflow/WorkflowState.cs(31,22): warning CS1591: Missing XML comment for publicly visible type or member 'WorkflowState.CompletedAtUtc' [/Users/kady/Masterdom/src/Masterdom.Platform/Masterdom.Platform.csproj]
/Users/kady/Masterdom/src/Masterdom.Platform/Workflow/WorkflowStepDefinition.cs(10,12): warning CS1591: Missing XML comment for publicly visible type or member 'WorkflowStepDefinition.WorkflowStepDefinition(WorkflowStepId, WorkflowVersionId, string, string, WorkflowStepKind, bool, bool, WorkflowRetryPolicy, WorkflowTimeoutPolicy, WorkflowCompensationHook?)' [/Users/kady/Masterdom/src/Masterdom.Platform/Masterdom.Platform.csproj]
/Users/kady/Masterdom/src/Masterdom.Platform/Workflow/WorkflowStepDefinition.cs(50,27): warning CS1591: Missing XML comment for publicly visible type or member 'WorkflowStepDefinition.Id' [/Users/kady/Masterdom/src/Masterdom.Platform/Masterdom.Platform.csproj]
/Users/kady/Masterdom/src/Masterdom.Platform/Workflow/WorkflowStepDefinition.cs(52,30): warning CS1591: Missing XML comment for publicly visible type or member 'WorkflowStepDefinition.WorkflowVersionId' [/Users/kady/Masterdom/src/Masterdom.Platform/Masterdom.Platform.csproj]
/Users/kady/Masterdom/src/Masterdom.Platform/Workflow/WorkflowStepDefinition.cs(54,19): warning CS1591: Missing XML comment for publicly visible type or member 'WorkflowStepDefinition.Key' [/Users/kady/Masterdom/src/Masterdom.Platform/Masterdom.Platform.csproj]
/Users/kady/Masterdom/src/Masterdom.Platform/Workflow/WorkflowStepDefinition.cs(56,19): warning CS1591: Missing XML comment for publicly visible type or member 'WorkflowStepDefinition.Name' [/Users/kady/Masterdom/src/Masterdom.Platform/Masterdom.Platform.csproj]
/Users/kady/Masterdom/src/Masterdom.Platform/Workflow/WorkflowStepDefinition.cs(58,29): warning CS1591: Missing XML comment for publicly visible type or member 'WorkflowStepDefinition.Kind' [/Users/kady/Masterdom/src/Masterdom.Platform/Masterdom.Platform.csproj]
/Users/kady/Masterdom/src/Masterdom.Platform/Workflow/WorkflowStepDefinition.cs(60,17): warning CS1591: Missing XML comment for publicly visible type or member 'WorkflowStepDefinition.IsStart' [/Users/kady/Masterdom/src/Masterdom.Platform/Masterdom.Platform.csproj]
/Users/kady/Masterdom/src/Masterdom.Platform/Workflow/WorkflowStepDefinition.cs(62,17): warning CS1591: Missing XML comment for publicly visible type or member 'WorkflowStepDefinition.IsTerminal' [/Users/kady/Masterdom/src/Masterdom.Platform/Masterdom.Platform.csproj]
/Users/kady/Masterdom/src/Masterdom.Platform/Workflow/WorkflowStepDefinition.cs(64,32): warning CS1591: Missing XML comment for publicly visible type or member 'WorkflowStepDefinition.RetryPolicy' [/Users/kady/Masterdom/src/Masterdom.Platform/Masterdom.Platform.csproj]
/Users/kady/Masterdom/src/Masterdom.Platform/Workflow/WorkflowStepDefinition.cs(66,34): warning CS1591: Missing XML comment for publicly visible type or member 'WorkflowStepDefinition.TimeoutPolicy' [/Users/kady/Masterdom/src/Masterdom.Platform/Masterdom.Platform.csproj]
/Users/kady/Masterdom/src/Masterdom.Platform/Workflow/WorkflowStepDefinition.cs(68,38): warning CS1591: Missing XML comment for publicly visible type or member 'WorkflowStepDefinition.CompensationHook' [/Users/kady/Masterdom/src/Masterdom.Platform/Masterdom.Platform.csproj]
/Users/kady/Masterdom/src/Masterdom.Platform/Workflow/WorkflowStepId.cs(10,12): warning CS1591: Missing XML comment for publicly visible type or member 'WorkflowStepId.WorkflowStepId(Guid)' [/Users/kady/Masterdom/src/Masterdom.Platform/Masterdom.Platform.csproj]
/Users/kady/Masterdom/src/Masterdom.Platform/Workflow/WorkflowStepId.cs(20,17): warning CS1591: Missing XML comment for publicly visible type or member 'WorkflowStepId.Value' [/Users/kady/Masterdom/src/Masterdom.Platform/Masterdom.Platform.csproj]
/Users/kady/Masterdom/src/Masterdom.Platform/Workflow/WorkflowStepKind.cs(8,5): warning CS1591: Missing XML comment for publicly visible type or member 'WorkflowStepKind.Automatic' [/Users/kady/Masterdom/src/Masterdom.Platform/Masterdom.Platform.csproj]
/Users/kady/Masterdom/src/Masterdom.Platform/Workflow/WorkflowStepKind.cs(9,5): warning CS1591: Missing XML comment for publicly visible type or member 'WorkflowStepKind.ManualApproval' [/Users/kady/Masterdom/src/Masterdom.Platform/Masterdom.Platform.csproj]
/Users/kady/Masterdom/src/Masterdom.Platform/Workflow/WorkflowTimeoutPolicy.cs(10,12): warning CS1591: Missing XML comment for publicly visible type or member 'WorkflowTimeoutPolicy.WorkflowTimeoutPolicy(TimeSpan)' [/Users/kady/Masterdom/src/Masterdom.Platform/Masterdom.Platform.csproj]
/Users/kady/Masterdom/src/Masterdom.Platform/Workflow/WorkflowTimeoutPolicy.cs(20,21): warning CS1591: Missing XML comment for publicly visible type or member 'WorkflowTimeoutPolicy.Timeout' [/Users/kady/Masterdom/src/Masterdom.Platform/Masterdom.Platform.csproj]
/Users/kady/Masterdom/src/Masterdom.Platform/Workflow/WorkflowTimeoutPolicy.cs(22,41): warning CS1591: Missing XML comment for publicly visible type or member 'WorkflowTimeoutPolicy.None()' [/Users/kady/Masterdom/src/Masterdom.Platform/Masterdom.Platform.csproj]
/Users/kady/Masterdom/src/Masterdom.Platform/Workflow/WorkflowTransitionConditionKind.cs(8,5): warning CS1591: Missing XML comment for publicly visible type or member 'WorkflowTransitionConditionKind.Always' [/Users/kady/Masterdom/src/Masterdom.Platform/Masterdom.Platform.csproj]
/Users/kady/Masterdom/src/Masterdom.Platform/Workflow/WorkflowTransitionConditionKind.cs(9,5): warning CS1591: Missing XML comment for publicly visible type or member 'WorkflowTransitionConditionKind.Rule' [/Users/kady/Masterdom/src/Masterdom.Platform/Masterdom.Platform.csproj]
/Users/kady/Masterdom/src/Masterdom.Platform/Workflow/WorkflowTransitionDefinition.cs(10,12): warning CS1591: Missing XML comment for publicly visible type or member 'WorkflowTransitionDefinition.WorkflowTransitionDefinition(WorkflowTransitionId, WorkflowVersionId, WorkflowStepId, WorkflowStepId, WorkflowBranchKind, WorkflowPriority, WorkflowTransitionConditionKind, string?, WorkflowScope?)' [/Users/kady/Masterdom/src/Masterdom.Platform/Masterdom.Platform.csproj]
/Users/kady/Masterdom/src/Masterdom.Platform/Workflow/WorkflowTransitionDefinition.cs(42,33): warning CS1591: Missing XML comment for publicly visible type or member 'WorkflowTransitionDefinition.Id' [/Users/kady/Masterdom/src/Masterdom.Platform/Masterdom.Platform.csproj]
/Users/kady/Masterdom/src/Masterdom.Platform/Workflow/WorkflowTransitionDefinition.cs(44,30): warning CS1591: Missing XML comment for publicly visible type or member 'WorkflowTransitionDefinition.WorkflowVersionId' [/Users/kady/Masterdom/src/Masterdom.Platform/Masterdom.Platform.csproj]
/Users/kady/Masterdom/src/Masterdom.Platform/Workflow/WorkflowTransitionDefinition.cs(46,27): warning CS1591: Missing XML comment for publicly visible type or member 'WorkflowTransitionDefinition.FromStepId' [/Users/kady/Masterdom/src/Masterdom.Platform/Masterdom.Platform.csproj]
/Users/kady/Masterdom/src/Masterdom.Platform/Workflow/WorkflowTransitionDefinition.cs(48,27): warning CS1591: Missing XML comment for publicly visible type or member 'WorkflowTransitionDefinition.ToStepId' [/Users/kady/Masterdom/src/Masterdom.Platform/Masterdom.Platform.csproj]
/Users/kady/Masterdom/src/Masterdom.Platform/Workflow/WorkflowTransitionDefinition.cs(50,31): warning CS1591: Missing XML comment for publicly visible type or member 'WorkflowTransitionDefinition.BranchKind' [/Users/kady/Masterdom/src/Masterdom.Platform/Masterdom.Platform.csproj]
/Users/kady/Masterdom/src/Masterdom.Platform/Workflow/WorkflowTransitionDefinition.cs(52,29): warning CS1591: Missing XML comment for publicly visible type or member 'WorkflowTransitionDefinition.Priority' [/Users/kady/Masterdom/src/Masterdom.Platform/Masterdom.Platform.csproj]
/Users/kady/Masterdom/src/Masterdom.Platform/Workflow/WorkflowTransitionDefinition.cs(54,44): warning CS1591: Missing XML comment for publicly visible type or member 'WorkflowTransitionDefinition.ConditionKind' [/Users/kady/Masterdom/src/Masterdom.Platform/Masterdom.Platform.csproj]
/Users/kady/Masterdom/src/Masterdom.Platform/Workflow/WorkflowTransitionDefinition.cs(56,25): warning CS1591: Missing XML comment for publicly visible type or member 'WorkflowTransitionDefinition.RuleSetKey' [/Users/kady/Masterdom/src/Masterdom.Platform/Masterdom.Platform.csproj]
/Users/kady/Masterdom/src/Masterdom.Platform/Workflow/WorkflowTransitionDefinition.cs(58,27): warning CS1591: Missing XML comment for publicly visible type or member 'WorkflowTransitionDefinition.RuleScope' [/Users/kady/Masterdom/src/Masterdom.Platform/Masterdom.Platform.csproj]
/Users/kady/Masterdom/src/Masterdom.Platform/Workflow/WorkflowTransitionId.cs(10,12): warning CS1591: Missing XML comment for publicly visible type or member 'WorkflowTransitionId.WorkflowTransitionId(Guid)' [/Users/kady/Masterdom/src/Masterdom.Platform/Masterdom.Platform.csproj]
/Users/kady/Masterdom/src/Masterdom.Platform/Workflow/WorkflowTransitionId.cs(20,17): warning CS1591: Missing XML comment for publicly visible type or member 'WorkflowTransitionId.Value' [/Users/kady/Masterdom/src/Masterdom.Platform/Masterdom.Platform.csproj]
/Users/kady/Masterdom/src/Masterdom.Platform/Workflow/WorkflowValidation.cs(12,24): warning CS1591: Missing XML comment for publicly visible type or member 'WorkflowValidation.ValidateAll(IReadOnlyList<WorkflowDefinition>, IReadOnlyList<WorkflowVersionDefinition>, IReadOnlyList<WorkflowStepDefinition>, IReadOnlyList<WorkflowTransitionDefinition>)' [/Users/kady/Masterdom/src/Masterdom.Platform/Masterdom.Platform.csproj]
/Users/kady/Masterdom/src/Masterdom.Platform/Workflow/WorkflowValidationException.cs(10,12): warning CS1591: Missing XML comment for publicly visible type or member 'WorkflowValidationException.WorkflowValidationException(string)' [/Users/kady/Masterdom/src/Masterdom.Platform/Masterdom.Platform.csproj]
/Users/kady/Masterdom/src/Masterdom.Platform/Workflow/WorkflowVersion.cs(8,12): warning CS1591: Missing XML comment for publicly visible type or member 'WorkflowVersion.WorkflowVersion(int)' [/Users/kady/Masterdom/src/Masterdom.Platform/Masterdom.Platform.csproj]
/Users/kady/Masterdom/src/Masterdom.Platform/Workflow/WorkflowVersion.cs(18,16): warning CS1591: Missing XML comment for publicly visible type or member 'WorkflowVersion.Value' [/Users/kady/Masterdom/src/Masterdom.Platform/Masterdom.Platform.csproj]
/Users/kady/Masterdom/src/Masterdom.Platform/Workflow/WorkflowVersionDefinition.cs(10,12): warning CS1591: Missing XML comment for publicly visible type or member 'WorkflowVersionDefinition.WorkflowVersionDefinition(WorkflowVersionId, WorkflowId, WorkflowVersion, WorkflowEffectivePeriod, bool, WorkflowVersionId?, string?, string, DateTime)' [/Users/kady/Masterdom/src/Masterdom.Platform/Masterdom.Platform.csproj]
/Users/kady/Masterdom/src/Masterdom.Platform/Workflow/WorkflowVersionDefinition.cs(48,30): warning CS1591: Missing XML comment for publicly visible type or member 'WorkflowVersionDefinition.Id' [/Users/kady/Masterdom/src/Masterdom.Platform/Masterdom.Platform.csproj]
/Users/kady/Masterdom/src/Masterdom.Platform/Workflow/WorkflowVersionDefinition.cs(50,23): warning CS1591: Missing XML comment for publicly visible type or member 'WorkflowVersionDefinition.WorkflowId' [/Users/kady/Masterdom/src/Masterdom.Platform/Masterdom.Platform.csproj]
/Users/kady/Masterdom/src/Masterdom.Platform/Workflow/WorkflowVersionDefinition.cs(52,28): warning CS1591: Missing XML comment for publicly visible type or member 'WorkflowVersionDefinition.Version' [/Users/kady/Masterdom/src/Masterdom.Platform/Masterdom.Platform.csproj]
/Users/kady/Masterdom/src/Masterdom.Platform/Workflow/WorkflowVersionDefinition.cs(54,36): warning CS1591: Missing XML comment for publicly visible type or member 'WorkflowVersionDefinition.Period' [/Users/kady/Masterdom/src/Masterdom.Platform/Masterdom.Platform.csproj]
/Users/kady/Masterdom/src/Masterdom.Platform/Workflow/WorkflowVersionDefinition.cs(56,17): warning CS1591: Missing XML comment for publicly visible type or member 'WorkflowVersionDefinition.IsDeprecated' [/Users/kady/Masterdom/src/Masterdom.Platform/Masterdom.Platform.csproj]
/Users/kady/Masterdom/src/Masterdom.Platform/Workflow/WorkflowVersionDefinition.cs(58,31): warning CS1591: Missing XML comment for publicly visible type or member 'WorkflowVersionDefinition.ReplacedBy' [/Users/kady/Masterdom/src/Masterdom.Platform/Masterdom.Platform.csproj]
/Users/kady/Masterdom/src/Masterdom.Platform/Workflow/WorkflowVersionDefinition.cs(60,20): warning CS1591: Missing XML comment for publicly visible type or member 'WorkflowVersionDefinition.Compatibility' [/Users/kady/Masterdom/src/Masterdom.Platform/Masterdom.Platform.csproj]
/Users/kady/Masterdom/src/Masterdom.Platform/Workflow/WorkflowVersionDefinition.cs(62,19): warning CS1591: Missing XML comment for publicly visible type or member 'WorkflowVersionDefinition.ChangedBy' [/Users/kady/Masterdom/src/Masterdom.Platform/Masterdom.Platform.csproj]
/Users/kady/Masterdom/src/Masterdom.Platform/Workflow/WorkflowVersionDefinition.cs(64,21): warning CS1591: Missing XML comment for publicly visible type or member 'WorkflowVersionDefinition.ChangedAtUtc' [/Users/kady/Masterdom/src/Masterdom.Platform/Masterdom.Platform.csproj]
/Users/kady/Masterdom/src/Masterdom.Platform/Workflow/WorkflowVersionId.cs(10,12): warning CS1591: Missing XML comment for publicly visible type or member 'WorkflowVersionId.WorkflowVersionId(Guid)' [/Users/kady/Masterdom/src/Masterdom.Platform/Masterdom.Platform.csproj]
/Users/kady/Masterdom/src/Masterdom.Platform/Workflow/WorkflowVersionId.cs(20,17): warning CS1591: Missing XML comment for publicly visible type or member 'WorkflowVersionId.Value' [/Users/kady/Masterdom/src/Masterdom.Platform/Masterdom.Platform.csproj]
/Users/kady/Masterdom/src/Masterdom.Modules.CRM/Application/Support/ExecutionResult.cs(54,38): warning CS0108: 'ExecutionResult<T>.Failure(string, string)' hides inherited member 'ExecutionResult.Failure(string, string)'. Use the new keyword if hiding was intended. [/Users/kady/Masterdom/src/Masterdom.Modules.CRM/Masterdom.Modules.CRM.csproj]
/Users/kady/Masterdom/src/Masterdom.Modules.CRM/Application/Handlers/Commands/AddAddressCommandHandler.cs(15,12): warning CS1591: Missing XML comment for publicly visible type or member 'AddAddressCommandHandler.AddAddressCommandHandler(IPartyApplicationService)' [/Users/kady/Masterdom/src/Masterdom.Modules.CRM/Masterdom.Modules.CRM.csproj]
/Users/kady/Masterdom/src/Masterdom.Modules.CRM/Application/Handlers/Commands/AddAddressCommandHandler.cs(20,35): warning CS1591: Missing XML comment for publicly visible type or member 'AddAddressCommandHandler.Handle(AddAddressCommand)' [/Users/kady/Masterdom/src/Masterdom.Modules.CRM/Masterdom.Modules.CRM.csproj]
/Users/kady/Masterdom/src/Masterdom.Modules.CRM/Application/Handlers/Commands/AddContactMethodCommandHandler.cs(15,12): warning CS1591: Missing XML comment for publicly visible type or member 'AddContactMethodCommandHandler.AddContactMethodCommandHandler(IPartyApplicationService)' [/Users/kady/Masterdom/src/Masterdom.Modules.CRM/Masterdom.Modules.CRM.csproj]
/Users/kady/Masterdom/src/Masterdom.Modules.CRM/Application/Handlers/Commands/AddContactMethodCommandHandler.cs(20,35): warning CS1591: Missing XML comment for publicly visible type or member 'AddContactMethodCommandHandler.Handle(AddContactMethodCommand)' [/Users/kady/Masterdom/src/Masterdom.Modules.CRM/Masterdom.Modules.CRM.csproj]
/Users/kady/Masterdom/src/Masterdom.Modules.CRM/Application/Handlers/Commands/AssignPartyRoleCommandHandler.cs(15,12): warning CS1591: Missing XML comment for publicly visible type or member 'AssignPartyRoleCommandHandler.AssignPartyRoleCommandHandler(IPartyApplicationService)' [/Users/kady/Masterdom/src/Masterdom.Modules.CRM/Masterdom.Modules.CRM.csproj]
/Users/kady/Masterdom/src/Masterdom.Modules.CRM/Application/Handlers/Commands/AssignPartyRoleCommandHandler.cs(20,35): warning CS1591: Missing XML comment for publicly visible type or member 'AssignPartyRoleCommandHandler.Handle(AssignPartyRoleCommand)' [/Users/kady/Masterdom/src/Masterdom.Modules.CRM/Masterdom.Modules.CRM.csproj]
/Users/kady/Masterdom/src/Masterdom.Modules.CRM/Application/Handlers/Commands/CreatePartyCommandHandler.cs(15,12): warning CS1591: Missing XML comment for publicly visible type or member 'CreatePartyCommandHandler.CreatePartyCommandHandler(IPartyApplicationService)' [/Users/kady/Masterdom/src/Masterdom.Modules.CRM/Masterdom.Modules.CRM.csproj]
/Users/kady/Masterdom/src/Masterdom.Modules.CRM/Application/Handlers/Commands/CreatePartyCommandHandler.cs(20,35): warning CS1591: Missing XML comment for publicly visible type or member 'CreatePartyCommandHandler.Handle(CreatePartyCommand)' [/Users/kady/Masterdom/src/Masterdom.Modules.CRM/Masterdom.Modules.CRM.csproj]
/Users/kady/Masterdom/src/Masterdom.Modules.CRM/Application/Handlers/Commands/CreateRelationshipCommandHandler.cs(15,12): warning CS1591: Missing XML comment for publicly visible type or member 'CreateRelationshipCommandHandler.CreateRelationshipCommandHandler(IPartyApplicationService)' [/Users/kady/Masterdom/src/Masterdom.Modules.CRM/Masterdom.Modules.CRM.csproj]
/Users/kady/Masterdom/src/Masterdom.Modules.CRM/Application/Handlers/Commands/CreateRelationshipCommandHandler.cs(20,35): warning CS1591: Missing XML comment for publicly visible type or member 'CreateRelationshipCommandHandler.Handle(CreateRelationshipCommand)' [/Users/kady/Masterdom/src/Masterdom.Modules.CRM/Masterdom.Modules.CRM.csproj]
/Users/kady/Masterdom/src/Masterdom.Modules.CRM/Application/Handlers/Commands/DeactivatePartyCommandHandler.cs(15,12): warning CS1591: Missing XML comment for publicly visible type or member 'DeactivatePartyCommandHandler.DeactivatePartyCommandHandler(IPartyApplicationService)' [/Users/kady/Masterdom/src/Masterdom.Modules.CRM/Masterdom.Modules.CRM.csproj]
/Users/kady/Masterdom/src/Masterdom.Modules.CRM/Application/Handlers/Commands/DeactivatePartyCommandHandler.cs(20,35): warning CS1591: Missing XML comment for publicly visible type or member 'DeactivatePartyCommandHandler.Handle(DeactivatePartyCommand)' [/Users/kady/Masterdom/src/Masterdom.Modules.CRM/Masterdom.Modules.CRM.csproj]
/Users/kady/Masterdom/src/Masterdom.Modules.CRM/Application/Handlers/Commands/DeactivatePartyRoleCommandHandler.cs(14,12): warning CS1591: Missing XML comment for publicly visible type or member 'DeactivatePartyRoleCommandHandler.DeactivatePartyRoleCommandHandler(IPartyApplicationService)' [/Users/kady/Masterdom/src/Masterdom.Modules.CRM/Masterdom.Modules.CRM.csproj]
/Users/kady/Masterdom/src/Masterdom.Modules.CRM/Application/Handlers/Commands/DeactivatePartyRoleCommandHandler.cs(19,34): warning CS1591: Missing XML comment for publicly visible type or member 'DeactivatePartyRoleCommandHandler.Handle(DeactivatePartyRoleCommand)' [/Users/kady/Masterdom/src/Masterdom.Modules.CRM/Masterdom.Modules.CRM.csproj]
/Users/kady/Masterdom/src/Masterdom.Modules.CRM/Application/Handlers/Commands/ReactivatePartyRoleCommandHandler.cs(14,12): warning CS1591: Missing XML comment for publicly visible type or member 'ReactivatePartyRoleCommandHandler.ReactivatePartyRoleCommandHandler(IPartyApplicationService)' [/Users/kady/Masterdom/src/Masterdom.Modules.CRM/Masterdom.Modules.CRM.csproj]
/Users/kady/Masterdom/src/Masterdom.Modules.CRM/Application/Handlers/Commands/ReactivatePartyRoleCommandHandler.cs(19,34): warning CS1591: Missing XML comment for publicly visible type or member 'ReactivatePartyRoleCommandHandler.Handle(ReactivatePartyRoleCommand)' [/Users/kady/Masterdom/src/Masterdom.Modules.CRM/Masterdom.Modules.CRM.csproj]
/Users/kady/Masterdom/src/Masterdom.Modules.CRM/Application/Handlers/Commands/RemoveAddressCommandHandler.cs(14,12): warning CS1591: Missing XML comment for publicly visible type or member 'RemoveAddressCommandHandler.RemoveAddressCommandHandler(IPartyApplicationService)' [/Users/kady/Masterdom/src/Masterdom.Modules.CRM/Masterdom.Modules.CRM.csproj]
/Users/kady/Masterdom/src/Masterdom.Modules.CRM/Application/Handlers/Commands/RemoveAddressCommandHandler.cs(19,34): warning CS1591: Missing XML comment for publicly visible type or member 'RemoveAddressCommandHandler.Handle(RemoveAddressCommand)' [/Users/kady/Masterdom/src/Masterdom.Modules.CRM/Masterdom.Modules.CRM.csproj]
/Users/kady/Masterdom/src/Masterdom.Modules.CRM/Application/Handlers/Commands/RemoveContactMethodCommandHandler.cs(14,12): warning CS1591: Missing XML comment for publicly visible type or member 'RemoveContactMethodCommandHandler.RemoveContactMethodCommandHandler(IPartyApplicationService)' [/Users/kady/Masterdom/src/Masterdom.Modules.CRM/Masterdom.Modules.CRM.csproj]
/Users/kady/Masterdom/src/Masterdom.Modules.CRM/Application/Handlers/Commands/RemoveContactMethodCommandHandler.cs(19,34): warning CS1591: Missing XML comment for publicly visible type or member 'RemoveContactMethodCommandHandler.Handle(RemoveContactMethodCommand)' [/Users/kady/Masterdom/src/Masterdom.Modules.CRM/Masterdom.Modules.CRM.csproj]
/Users/kady/Masterdom/src/Masterdom.Modules.CRM/Application/Handlers/Commands/RemovePartyRoleCommandHandler.cs(14,12): warning CS1591: Missing XML comment for publicly visible type or member 'RemovePartyRoleCommandHandler.RemovePartyRoleCommandHandler(IPartyApplicationService)' [/Users/kady/Masterdom/src/Masterdom.Modules.CRM/Masterdom.Modules.CRM.csproj]
/Users/kady/Masterdom/src/Masterdom.Modules.CRM/Application/Handlers/Commands/RemovePartyRoleCommandHandler.cs(19,34): warning CS1591: Missing XML comment for publicly visible type or member 'RemovePartyRoleCommandHandler.Handle(RemovePartyRoleCommand)' [/Users/kady/Masterdom/src/Masterdom.Modules.CRM/Masterdom.Modules.CRM.csproj]
/Users/kady/Masterdom/src/Masterdom.Modules.CRM/Application/Handlers/Commands/RemoveRelationshipCommandHandler.cs(14,12): warning CS1591: Missing XML comment for publicly visible type or member 'RemoveRelationshipCommandHandler.RemoveRelationshipCommandHandler(IPartyApplicationService)' [/Users/kady/Masterdom/src/Masterdom.Modules.CRM/Masterdom.Modules.CRM.csproj]
/Users/kady/Masterdom/src/Masterdom.Modules.CRM/Application/Handlers/Commands/RemoveRelationshipCommandHandler.cs(19,34): warning CS1591: Missing XML comment for publicly visible type or member 'RemoveRelationshipCommandHandler.Handle(RemoveRelationshipCommand)' [/Users/kady/Masterdom/src/Masterdom.Modules.CRM/Masterdom.Modules.CRM.csproj]
/Users/kady/Masterdom/src/Masterdom.Modules.CRM/Application/Handlers/Commands/UpdatePartyCommandHandler.cs(15,12): warning CS1591: Missing XML comment for publicly visible type or member 'UpdatePartyCommandHandler.UpdatePartyCommandHandler(IPartyApplicationService)' [/Users/kady/Masterdom/src/Masterdom.Modules.CRM/Masterdom.Modules.CRM.csproj]
/Users/kady/Masterdom/src/Masterdom.Modules.CRM/Application/Handlers/Commands/UpdatePartyCommandHandler.cs(20,35): warning CS1591: Missing XML comment for publicly visible type or member 'UpdatePartyCommandHandler.Handle(UpdatePartyCommand)' [/Users/kady/Masterdom/src/Masterdom.Modules.CRM/Masterdom.Modules.CRM.csproj]
/Users/kady/Masterdom/src/Masterdom.Modules.CRM/Application/Handlers/Queries/GetPartyByIdQueryHandler.cs(15,12): warning CS1591: Missing XML comment for publicly visible type or member 'GetPartyByIdQueryHandler.GetPartyByIdQueryHandler(IPartyApplicationService)' [/Users/kady/Masterdom/src/Masterdom.Modules.CRM/Masterdom.Modules.CRM.csproj]
/Users/kady/Masterdom/src/Masterdom.Modules.CRM/Application/Handlers/Queries/GetPartyByIdQueryHandler.cs(20,35): warning CS1591: Missing XML comment for publicly visible type or member 'GetPartyByIdQueryHandler.Handle(GetPartyByIdQuery)' [/Users/kady/Masterdom/src/Masterdom.Modules.CRM/Masterdom.Modules.CRM.csproj]
/Users/kady/Masterdom/src/Masterdom.Modules.CRM/Application/Handlers/Queries/GetPartyRolesQueryHandler.cs(15,12): warning CS1591: Missing XML comment for publicly visible type or member 'GetPartyRolesQueryHandler.GetPartyRolesQueryHandler(IPartyApplicationService)' [/Users/kady/Masterdom/src/Masterdom.Modules.CRM/Masterdom.Modules.CRM.csproj]
/Users/kady/Masterdom/src/Masterdom.Modules.CRM/Application/Handlers/Queries/GetPartyRolesQueryHandler.cs(20,70): warning CS1591: Missing XML comment for publicly visible type or member 'GetPartyRolesQueryHandler.Handle(GetPartyRolesQuery)' [/Users/kady/Masterdom/src/Masterdom.Modules.CRM/Masterdom.Modules.CRM.csproj]
/Users/kady/Masterdom/src/Masterdom.Modules.CRM/Application/Handlers/Queries/SearchPartiesByRoleQueryHandler.cs(15,12): warning CS1591: Missing XML comment for publicly visible type or member 'SearchPartiesByRoleQueryHandler.SearchPartiesByRoleQueryHandler(IPartyApplicationService)' [/Users/kady/Masterdom/src/Masterdom.Modules.CRM/Masterdom.Modules.CRM.csproj]
/Users/kady/Masterdom/src/Masterdom.Modules.CRM/Application/Handlers/Queries/SearchPartiesByRoleQueryHandler.cs(20,56): warning CS1591: Missing XML comment for publicly visible type or member 'SearchPartiesByRoleQueryHandler.Handle(SearchPartiesByRoleQuery)' [/Users/kady/Masterdom/src/Masterdom.Modules.CRM/Masterdom.Modules.CRM.csproj]
/Users/kady/Masterdom/src/Masterdom.Modules.CRM/Application/Handlers/Queries/SearchPartiesQueryHandler.cs(15,12): warning CS1591: Missing XML comment for publicly visible type or member 'SearchPartiesQueryHandler.SearchPartiesQueryHandler(IPartyApplicationService)' [/Users/kady/Masterdom/src/Masterdom.Modules.CRM/Masterdom.Modules.CRM.csproj]
/Users/kady/Masterdom/src/Masterdom.Modules.CRM/Application/Handlers/Queries/SearchPartiesQueryHandler.cs(20,56): warning CS1591: Missing XML comment for publicly visible type or member 'SearchPartiesQueryHandler.Handle(SearchPartiesQuery)' [/Users/kady/Masterdom/src/Masterdom.Modules.CRM/Masterdom.Modules.CRM.csproj]
/Users/kady/Masterdom/src/Masterdom.Modules.CRM/Application/Services/IPartyApplicationService.cs(12,11): warning CS1591: Missing XML comment for publicly visible type or member 'IPartyApplicationService.CreateParty(CreatePartyCommand)' [/Users/kady/Masterdom/src/Masterdom.Modules.CRM/Masterdom.Modules.CRM.csproj]
/Users/kady/Masterdom/src/Masterdom.Modules.CRM/Application/Services/IPartyApplicationService.cs(14,11): warning CS1591: Missing XML comment for publicly visible type or member 'IPartyApplicationService.UpdateParty(UpdatePartyCommand)' [/Users/kady/Masterdom/src/Masterdom.Modules.CRM/Masterdom.Modules.CRM.csproj]
/Users/kady/Masterdom/src/Masterdom.Modules.CRM/Application/Services/IPartyApplicationService.cs(16,11): warning CS1591: Missing XML comment for publicly visible type or member 'IPartyApplicationService.DeactivateParty(DeactivatePartyCommand)' [/Users/kady/Masterdom/src/Masterdom.Modules.CRM/Masterdom.Modules.CRM.csproj]
/Users/kady/Masterdom/src/Masterdom.Modules.CRM/Application/Services/IPartyApplicationService.cs(18,11): warning CS1591: Missing XML comment for publicly visible type or member 'IPartyApplicationService.AddContactMethod(AddContactMethodCommand)' [/Users/kady/Masterdom/src/Masterdom.Modules.CRM/Masterdom.Modules.CRM.csproj]
/Users/kady/Masterdom/src/Masterdom.Modules.CRM/Application/Services/IPartyApplicationService.cs(20,10): warning CS1591: Missing XML comment for publicly visible type or member 'IPartyApplicationService.RemoveContactMethod(RemoveContactMethodCommand)' [/Users/kady/Masterdom/src/Masterdom.Modules.CRM/Masterdom.Modules.CRM.csproj]
/Users/kady/Masterdom/src/Masterdom.Modules.CRM/Application/Services/IPartyApplicationService.cs(22,11): warning CS1591: Missing XML comment for publicly visible type or member 'IPartyApplicationService.AddAddress(AddAddressCommand)' [/Users/kady/Masterdom/src/Masterdom.Modules.CRM/Masterdom.Modules.CRM.csproj]
/Users/kady/Masterdom/src/Masterdom.Modules.CRM/Application/Services/IPartyApplicationService.cs(24,10): warning CS1591: Missing XML comment for publicly visible type or member 'IPartyApplicationService.RemoveAddress(RemoveAddressCommand)' [/Users/kady/Masterdom/src/Masterdom.Modules.CRM/Masterdom.Modules.CRM.csproj]
/Users/kady/Masterdom/src/Masterdom.Modules.CRM/Application/Services/IPartyApplicationService.cs(26,11): warning CS1591: Missing XML comment for publicly visible type or member 'IPartyApplicationService.CreateRelationship(CreateRelationshipCommand)' [/Users/kady/Masterdom/src/Masterdom.Modules.CRM/Masterdom.Modules.CRM.csproj]
/Users/kady/Masterdom/src/Masterdom.Modules.CRM/Application/Services/IPartyApplicationService.cs(28,10): warning CS1591: Missing XML comment for publicly visible type or member 'IPartyApplicationService.RemoveRelationship(RemoveRelationshipCommand)' [/Users/kady/Masterdom/src/Masterdom.Modules.CRM/Masterdom.Modules.CRM.csproj]
/Users/kady/Masterdom/src/Masterdom.Modules.CRM/Application/Services/IPartyApplicationService.cs(30,11): warning CS1591: Missing XML comment for publicly visible type or member 'IPartyApplicationService.AssignPartyRole(AssignPartyRoleCommand)' [/Users/kady/Masterdom/src/Masterdom.Modules.CRM/Masterdom.Modules.CRM.csproj]
/Users/kady/Masterdom/src/Masterdom.Modules.CRM/Application/Services/IPartyApplicationService.cs(32,10): warning CS1591: Missing XML comment for publicly visible type or member 'IPartyApplicationService.RemovePartyRole(RemovePartyRoleCommand)' [/Users/kady/Masterdom/src/Masterdom.Modules.CRM/Masterdom.Modules.CRM.csproj]
/Users/kady/Masterdom/src/Masterdom.Modules.CRM/Application/Services/IPartyApplicationService.cs(34,10): warning CS1591: Missing XML comment for publicly visible type or member 'IPartyApplicationService.DeactivatePartyRole(DeactivatePartyRoleCommand)' [/Users/kady/Masterdom/src/Masterdom.Modules.CRM/Masterdom.Modules.CRM.csproj]
/Users/kady/Masterdom/src/Masterdom.Modules.CRM/Application/Services/IPartyApplicationService.cs(36,10): warning CS1591: Missing XML comment for publicly visible type or member 'IPartyApplicationService.ReactivatePartyRole(ReactivatePartyRoleCommand)' [/Users/kady/Masterdom/src/Masterdom.Modules.CRM/Masterdom.Modules.CRM.csproj]
/Users/kady/Masterdom/src/Masterdom.Modules.CRM/Application/Services/IPartyApplicationService.cs(38,12): warning CS1591: Missing XML comment for publicly visible type or member 'IPartyApplicationService.GetParty(GetPartyByIdQuery)' [/Users/kady/Masterdom/src/Masterdom.Modules.CRM/Masterdom.Modules.CRM.csproj]
/Users/kady/Masterdom/src/Masterdom.Modules.CRM/Application/Services/IPartyApplicationService.cs(40,46): warning CS1591: Missing XML comment for publicly visible type or member 'IPartyApplicationService.GetPartyRoles(GetPartyRolesQuery)' [/Users/kady/Masterdom/src/Masterdom.Modules.CRM/Masterdom.Modules.CRM.csproj]
/Users/kady/Masterdom/src/Masterdom.Modules.CRM/Application/Services/IPartyApplicationService.cs(42,32): warning CS1591: Missing XML comment for publicly visible type or member 'IPartyApplicationService.SearchParties(SearchPartiesQuery)' [/Users/kady/Masterdom/src/Masterdom.Modules.CRM/Masterdom.Modules.CRM.csproj]
/Users/kady/Masterdom/src/Masterdom.Modules.CRM/Application/Services/IPartyApplicationService.cs(44,32): warning CS1591: Missing XML comment for publicly visible type or member 'IPartyApplicationService.SearchPartiesByRole(SearchPartiesByRoleQuery)' [/Users/kady/Masterdom/src/Masterdom.Modules.CRM/Masterdom.Modules.CRM.csproj]
/Users/kady/Masterdom/src/Masterdom.Modules.CRM/Application/Services/PartyApplicationService.cs(18,12): warning CS1591: Missing XML comment for publicly visible type or member 'PartyApplicationService.PartyApplicationService(IPartyRepository, IPartyUnitOfWork, IPartyPlatformOrchestrator)' [/Users/kady/Masterdom/src/Masterdom.Modules.CRM/Masterdom.Modules.CRM.csproj]
/Users/kady/Masterdom/src/Masterdom.Modules.CRM/Application/Services/PartyApplicationService.cs(28,18): warning CS1591: Missing XML comment for publicly visible type or member 'PartyApplicationService.CreateParty(CreatePartyCommand)' [/Users/kady/Masterdom/src/Masterdom.Modules.CRM/Masterdom.Modules.CRM.csproj]
/Users/kady/Masterdom/src/Masterdom.Modules.CRM/Application/Services/PartyApplicationService.cs(45,18): warning CS1591: Missing XML comment for publicly visible type or member 'PartyApplicationService.UpdateParty(UpdatePartyCommand)' [/Users/kady/Masterdom/src/Masterdom.Modules.CRM/Masterdom.Modules.CRM.csproj]
/Users/kady/Masterdom/src/Masterdom.Modules.CRM/Application/Services/PartyApplicationService.cs(61,18): warning CS1591: Missing XML comment for publicly visible type or member 'PartyApplicationService.DeactivateParty(DeactivatePartyCommand)' [/Users/kady/Masterdom/src/Masterdom.Modules.CRM/Masterdom.Modules.CRM.csproj]
/Users/kady/Masterdom/src/Masterdom.Modules.CRM/Application/Services/PartyApplicationService.cs(72,18): warning CS1591: Missing XML comment for publicly visible type or member 'PartyApplicationService.AddContactMethod(AddContactMethodCommand)' [/Users/kady/Masterdom/src/Masterdom.Modules.CRM/Masterdom.Modules.CRM.csproj]
/Users/kady/Masterdom/src/Masterdom.Modules.CRM/Application/Services/PartyApplicationService.cs(83,17): warning CS1591: Missing XML comment for publicly visible type or member 'PartyApplicationService.RemoveContactMethod(RemoveContactMethodCommand)' [/Users/kady/Masterdom/src/Masterdom.Modules.CRM/Masterdom.Modules.CRM.csproj]
/Users/kady/Masterdom/src/Masterdom.Modules.CRM/Application/Services/PartyApplicationService.cs(98,18): warning CS1591: Missing XML comment for publicly visible type or member 'PartyApplicationService.AddAddress(AddAddressCommand)' [/Users/kady/Masterdom/src/Masterdom.Modules.CRM/Masterdom.Modules.CRM.csproj]
/Users/kady/Masterdom/src/Masterdom.Modules.CRM/Application/Services/PartyApplicationService.cs(109,17): warning CS1591: Missing XML comment for publicly visible type or member 'PartyApplicationService.RemoveAddress(RemoveAddressCommand)' [/Users/kady/Masterdom/src/Masterdom.Modules.CRM/Masterdom.Modules.CRM.csproj]
/Users/kady/Masterdom/src/Masterdom.Modules.CRM/Application/Services/PartyApplicationService.cs(124,18): warning CS1591: Missing XML comment for publicly visible type or member 'PartyApplicationService.CreateRelationship(CreateRelationshipCommand)' [/Users/kady/Masterdom/src/Masterdom.Modules.CRM/Masterdom.Modules.CRM.csproj]
/Users/kady/Masterdom/src/Masterdom.Modules.CRM/Application/Services/PartyApplicationService.cs(135,17): warning CS1591: Missing XML comment for publicly visible type or member 'PartyApplicationService.RemoveRelationship(RemoveRelationshipCommand)' [/Users/kady/Masterdom/src/Masterdom.Modules.CRM/Masterdom.Modules.CRM.csproj]
/Users/kady/Masterdom/src/Masterdom.Modules.CRM/Application/Services/PartyApplicationService.cs(150,18): warning CS1591: Missing XML comment for publicly visible type or member 'PartyApplicationService.AssignPartyRole(AssignPartyRoleCommand)' [/Users/kady/Masterdom/src/Masterdom.Modules.CRM/Masterdom.Modules.CRM.csproj]
/Users/kady/Masterdom/src/Masterdom.Modules.CRM/Application/Services/PartyApplicationService.cs(167,17): warning CS1591: Missing XML comment for publicly visible type or member 'PartyApplicationService.RemovePartyRole(RemovePartyRoleCommand)' [/Users/kady/Masterdom/src/Masterdom.Modules.CRM/Masterdom.Modules.CRM.csproj]
/Users/kady/Masterdom/src/Masterdom.Modules.CRM/Application/Services/PartyApplicationService.cs(182,17): warning CS1591: Missing XML comment for publicly visible type or member 'PartyApplicationService.DeactivatePartyRole(DeactivatePartyRoleCommand)' [/Users/kady/Masterdom/src/Masterdom.Modules.CRM/Masterdom.Modules.CRM.csproj]
/Users/kady/Masterdom/src/Masterdom.Modules.CRM/Application/Services/PartyApplicationService.cs(197,17): warning CS1591: Missing XML comment for publicly visible type or member 'PartyApplicationService.ReactivatePartyRole(ReactivatePartyRoleCommand)' [/Users/kady/Masterdom/src/Masterdom.Modules.CRM/Masterdom.Modules.CRM.csproj]
/Users/kady/Masterdom/src/Masterdom.Modules.CRM/Application/Services/PartyApplicationService.cs(212,19): warning CS1591: Missing XML comment for publicly visible type or member 'PartyApplicationService.GetParty(GetPartyByIdQuery)' [/Users/kady/Masterdom/src/Masterdom.Modules.CRM/Masterdom.Modules.CRM.csproj]
/Users/kady/Masterdom/src/Masterdom.Modules.CRM/Application/Services/PartyApplicationService.cs(218,53): warning CS1591: Missing XML comment for publicly visible type or member 'PartyApplicationService.GetPartyRoles(GetPartyRolesQuery)' [/Users/kady/Masterdom/src/Masterdom.Modules.CRM/Masterdom.Modules.CRM.csproj]
/Users/kady/Masterdom/src/Masterdom.Modules.CRM/Application/Services/PartyApplicationService.cs(226,39): warning CS1591: Missing XML comment for publicly visible type or member 'PartyApplicationService.SearchParties(SearchPartiesQuery)' [/Users/kady/Masterdom/src/Masterdom.Modules.CRM/Masterdom.Modules.CRM.csproj]
/Users/kady/Masterdom/src/Masterdom.Modules.CRM/Application/Services/PartyApplicationService.cs(232,39): warning CS1591: Missing XML comment for publicly visible type or member 'PartyApplicationService.SearchPartiesByRole(SearchPartiesByRoleQuery)' [/Users/kady/Masterdom/src/Masterdom.Modules.CRM/Masterdom.Modules.CRM.csproj]
/Users/kady/Masterdom/src/Masterdom.Modules.CRM/Application/Support/ExecutionResult.cs(8,15): warning CS1591: Missing XML comment for publicly visible type or member 'ExecutionResult.ExecutionResult(bool, string?, string?)' [/Users/kady/Masterdom/src/Masterdom.Modules.CRM/Masterdom.Modules.CRM.csproj]
/Users/kady/Masterdom/src/Masterdom.Modules.CRM/Application/Support/ExecutionResult.cs(15,17): warning CS1591: Missing XML comment for publicly visible type or member 'ExecutionResult.IsSuccess' [/Users/kady/Masterdom/src/Masterdom.Modules.CRM/Masterdom.Modules.CRM.csproj]
/Users/kady/Masterdom/src/Masterdom.Modules.CRM/Application/Support/ExecutionResult.cs(17,20): warning CS1591: Missing XML comment for publicly visible type or member 'ExecutionResult.ErrorCode' [/Users/kady/Masterdom/src/Masterdom.Modules.CRM/Masterdom.Modules.CRM.csproj]
/Users/kady/Masterdom/src/Masterdom.Modules.CRM/Application/Support/ExecutionResult.cs(19,20): warning CS1591: Missing XML comment for publicly visible type or member 'ExecutionResult.ErrorMessage' [/Users/kady/Masterdom/src/Masterdom.Modules.CRM/Masterdom.Modules.CRM.csproj]
/Users/kady/Masterdom/src/Masterdom.Modules.CRM/Application/Support/ExecutionResult.cs(21,35): warning CS1591: Missing XML comment for publicly visible type or member 'ExecutionResult.Success()' [/Users/kady/Masterdom/src/Masterdom.Modules.CRM/Masterdom.Modules.CRM.csproj]
/Users/kady/Masterdom/src/Masterdom.Modules.CRM/Application/Support/ExecutionResult.cs(26,35): warning CS1591: Missing XML comment for publicly visible type or member 'ExecutionResult.Failure(string, string)' [/Users/kady/Masterdom/src/Masterdom.Modules.CRM/Masterdom.Modules.CRM.csproj]
/Users/kady/Masterdom/src/Masterdom.Modules.CRM/Application/Support/ExecutionResult.cs(46,15): warning CS1591: Missing XML comment for publicly visible type or member 'ExecutionResult<T>.Value' [/Users/kady/Masterdom/src/Masterdom.Modules.CRM/Masterdom.Modules.CRM.csproj]
/Users/kady/Masterdom/src/Masterdom.Modules.CRM/Application/Support/ExecutionResult.cs(48,38): warning CS1591: Missing XML comment for publicly visible type or member 'ExecutionResult<T>.Success(T)' [/Users/kady/Masterdom/src/Masterdom.Modules.CRM/Masterdom.Modules.CRM.csproj]
/Users/kady/Masterdom/src/Masterdom.Modules.CRM/Application/Support/ExecutionResult.cs(54,38): warning CS1591: Missing XML comment for publicly visible type or member 'ExecutionResult<T>.Failure(string, string)' [/Users/kady/Masterdom/src/Masterdom.Modules.CRM/Masterdom.Modules.CRM.csproj]
/Users/kady/Masterdom/src/Masterdom.Modules.CRM/Application/Support/ICommandHandler.cs(8,13): warning CS1591: Missing XML comment for publicly visible type or member 'ICommandHandler<TCommand, TResult>.Handle(TCommand)' [/Users/kady/Masterdom/src/Masterdom.Modules.CRM/Masterdom.Modules.CRM.csproj]
/Users/kady/Masterdom/src/Masterdom.Modules.CRM/Application/Support/IPartyPlatformOrchestrator.cs(10,10): warning CS1591: Missing XML comment for publicly visible type or member 'IPartyPlatformOrchestrator.OnPartyMutated(Party, string)' [/Users/kady/Masterdom/src/Masterdom.Modules.CRM/Masterdom.Modules.CRM.csproj]
/Users/kady/Masterdom/src/Masterdom.Modules.CRM/Application/Support/IPartyUnitOfWork.cs(8,10): warning CS1591: Missing XML comment for publicly visible type or member 'IPartyUnitOfWork.Execute(Action)' [/Users/kady/Masterdom/src/Masterdom.Modules.CRM/Masterdom.Modules.CRM.csproj]
/Users/kady/Masterdom/src/Masterdom.Modules.CRM/Application/Support/IQueryHandler.cs(8,13): warning CS1591: Missing XML comment for publicly visible type or member 'IQueryHandler<TQuery, TResult>.Handle(TQuery)' [/Users/kady/Masterdom/src/Masterdom.Modules.CRM/Masterdom.Modules.CRM.csproj]
/Users/kady/Masterdom/src/Masterdom.Modules.CRM/Domain/Entities/Party/Address.cs(30,24): warning CS1591: Missing XML comment for publicly visible type or member 'Address.Type' [/Users/kady/Masterdom/src/Masterdom.Modules.CRM/Masterdom.Modules.CRM.csproj]
/Users/kady/Masterdom/src/Masterdom.Modules.CRM/Domain/Entities/Party/Address.cs(32,19): warning CS1591: Missing XML comment for publicly visible type or member 'Address.Line1' [/Users/kady/Masterdom/src/Masterdom.Modules.CRM/Masterdom.Modules.CRM.csproj]
/Users/kady/Masterdom/src/Masterdom.Modules.CRM/Domain/Entities/Party/Address.cs(34,20): warning CS1591: Missing XML comment for publicly visible type or member 'Address.Line2' [/Users/kady/Masterdom/src/Masterdom.Modules.CRM/Masterdom.Modules.CRM.csproj]
/Users/kady/Masterdom/src/Masterdom.Modules.CRM/Domain/Entities/Party/Address.cs(36,19): warning CS1591: Missing XML comment for publicly visible type or member 'Address.City' [/Users/kady/Masterdom/src/Masterdom.Modules.CRM/Masterdom.Modules.CRM.csproj]
/Users/kady/Masterdom/src/Masterdom.Modules.CRM/Domain/Entities/Party/Address.cs(38,19): warning CS1591: Missing XML comment for publicly visible type or member 'Address.StateOrProvince' [/Users/kady/Masterdom/src/Masterdom.Modules.CRM/Masterdom.Modules.CRM.csproj]
/Users/kady/Masterdom/src/Masterdom.Modules.CRM/Domain/Entities/Party/Address.cs(40,19): warning CS1591: Missing XML comment for publicly visible type or member 'Address.PostalCode' [/Users/kady/Masterdom/src/Masterdom.Modules.CRM/Masterdom.Modules.CRM.csproj]
/Users/kady/Masterdom/src/Masterdom.Modules.CRM/Domain/Entities/Party/Address.cs(42,19): warning CS1591: Missing XML comment for publicly visible type or member 'Address.Country' [/Users/kady/Masterdom/src/Masterdom.Modules.CRM/Masterdom.Modules.CRM.csproj]
/Users/kady/Masterdom/src/Masterdom.Modules.CRM/Domain/Entities/Party/Address.cs(44,17): warning CS1591: Missing XML comment for publicly visible type or member 'Address.IsPreferred' [/Users/kady/Masterdom/src/Masterdom.Modules.CRM/Masterdom.Modules.CRM.csproj]
/Users/kady/Masterdom/src/Masterdom.Modules.CRM/Domain/Entities/Party/Address.cs(46,27): warning CS1591: Missing XML comment for publicly visible type or member 'Address.Create(string, string, string?, string, string, string, string, bool)' [/Users/kady/Masterdom/src/Masterdom.Modules.CRM/Masterdom.Modules.CRM.csproj]
/Users/kady/Masterdom/src/Masterdom.Modules.CRM/Domain/Entities/Party/Address.cs(67,27): warning CS1591: Missing XML comment for publicly visible type or member 'Address.Create(AddressType, string, string?, string, string, string, string, bool)' [/Users/kady/Masterdom/src/Masterdom.Modules.CRM/Masterdom.Modules.CRM.csproj]
/Users/kady/Masterdom/src/Masterdom.Modules.CRM/Domain/Entities/Party/Address.cs(90,20): warning CS1591: Missing XML comment for publicly visible type or member 'Address.WithPreferred(bool)' [/Users/kady/Masterdom/src/Masterdom.Modules.CRM/Masterdom.Modules.CRM.csproj]
/Users/kady/Masterdom/src/Masterdom.Modules.CRM/Domain/Entities/Party/Address.cs(95,17): warning CS1591: Missing XML comment for publicly visible type or member 'Address.Matches(Address)' [/Users/kady/Masterdom/src/Masterdom.Modules.CRM/Masterdom.Modules.CRM.csproj]
/Users/kady/Masterdom/src/Masterdom.Modules.CRM/Domain/Entities/Party/Address.cs(108,45): warning CS1591: Missing XML comment for publicly visible type or member 'Address.GetEqualityComponents()' [/Users/kady/Masterdom/src/Masterdom.Modules.CRM/Masterdom.Modules.CRM.csproj]
/Users/kady/Masterdom/src/Masterdom.Modules.CRM/Domain/Entities/Party/AddressType.cs(10,40): warning CS1591: Missing XML comment for publicly visible type or member 'AddressType.Residential' [/Users/kady/Masterdom/src/Masterdom.Modules.CRM/Masterdom.Modules.CRM.csproj]
/Users/kady/Masterdom/src/Masterdom.Modules.CRM/Domain/Entities/Party/AddressType.cs(11,40): warning CS1591: Missing XML comment for publicly visible type or member 'AddressType.Business' [/Users/kady/Masterdom/src/Masterdom.Modules.CRM/Masterdom.Modules.CRM.csproj]
/Users/kady/Masterdom/src/Masterdom.Modules.CRM/Domain/Entities/Party/AddressType.cs(12,40): warning CS1591: Missing XML comment for publicly visible type or member 'AddressType.Billing' [/Users/kady/Masterdom/src/Masterdom.Modules.CRM/Masterdom.Modules.CRM.csproj]
/Users/kady/Masterdom/src/Masterdom.Modules.CRM/Domain/Entities/Party/AddressType.cs(13,40): warning CS1591: Missing XML comment for publicly visible type or member 'AddressType.RegisteredOffice' [/Users/kady/Masterdom/src/Masterdom.Modules.CRM/Masterdom.Modules.CRM.csproj]
/Users/kady/Masterdom/src/Masterdom.Modules.CRM/Domain/Entities/Party/AddressType.cs(20,19): warning CS1591: Missing XML comment for publicly visible type or member 'AddressType.Value' [/Users/kady/Masterdom/src/Masterdom.Modules.CRM/Masterdom.Modules.CRM.csproj]
/Users/kady/Masterdom/src/Masterdom.Modules.CRM/Domain/Entities/Party/AddressType.cs(22,31): warning CS1591: Missing XML comment for publicly visible type or member 'AddressType.Create(string)' [/Users/kady/Masterdom/src/Masterdom.Modules.CRM/Masterdom.Modules.CRM.csproj]
/Users/kady/Masterdom/src/Masterdom.Modules.CRM/Domain/Entities/Party/AddressType.cs(38,45): warning CS1591: Missing XML comment for publicly visible type or member 'AddressType.GetEqualityComponents()' [/Users/kady/Masterdom/src/Masterdom.Modules.CRM/Masterdom.Modules.CRM.csproj]
/Users/kady/Masterdom/src/Masterdom.Modules.CRM/Domain/Entities/Party/AddressType.cs(43,28): warning CS1591: Missing XML comment for publicly visible type or member 'AddressType.ToString()' [/Users/kady/Masterdom/src/Masterdom.Modules.CRM/Masterdom.Modules.CRM.csproj]
/Users/kady/Masterdom/src/Masterdom.Modules.CRM/Domain/Entities/Party/AuditInfo.cs(16,20): warning CS1591: Missing XML comment for publicly visible type or member 'AuditInfo.CreatedBy' [/Users/kady/Masterdom/src/Masterdom.Modules.CRM/Masterdom.Modules.CRM.csproj]
/Users/kady/Masterdom/src/Masterdom.Modules.CRM/Domain/Entities/Party/AuditInfo.cs(18,20): warning CS1591: Missing XML comment for publicly visible type or member 'AuditInfo.UpdatedBy' [/Users/kady/Masterdom/src/Masterdom.Modules.CRM/Masterdom.Modules.CRM.csproj]
/Users/kady/Masterdom/src/Masterdom.Modules.CRM/Domain/Entities/Party/AuditInfo.cs(20,29): warning CS1591: Missing XML comment for publicly visible type or member 'AuditInfo.Create(string?)' [/Users/kady/Masterdom/src/Masterdom.Modules.CRM/Masterdom.Modules.CRM.csproj]
/Users/kady/Masterdom/src/Masterdom.Modules.CRM/Domain/Entities/Party/AuditInfo.cs(25,22): warning CS1591: Missing XML comment for publicly visible type or member 'AuditInfo.WithUpdatedBy(string?)' [/Users/kady/Masterdom/src/Masterdom.Modules.CRM/Masterdom.Modules.CRM.csproj]
/Users/kady/Masterdom/src/Masterdom.Modules.CRM/Domain/Entities/Party/AuditInfo.cs(30,45): warning CS1591: Missing XML comment for publicly visible type or member 'AuditInfo.GetEqualityComponents()' [/Users/kady/Masterdom/src/Masterdom.Modules.CRM/Masterdom.Modules.CRM.csproj]
/Users/kady/Masterdom/src/Masterdom.Modules.CRM/Domain/Entities/Party/ContactMethod.cs(17,30): warning CS1591: Missing XML comment for publicly visible type or member 'ContactMethod.Type' [/Users/kady/Masterdom/src/Masterdom.Modules.CRM/Masterdom.Modules.CRM.csproj]
/Users/kady/Masterdom/src/Masterdom.Modules.CRM/Domain/Entities/Party/ContactMethod.cs(19,19): warning CS1591: Missing XML comment for publicly visible type or member 'ContactMethod.Value' [/Users/kady/Masterdom/src/Masterdom.Modules.CRM/Masterdom.Modules.CRM.csproj]
/Users/kady/Masterdom/src/Masterdom.Modules.CRM/Domain/Entities/Party/ContactMethod.cs(21,17): warning CS1591: Missing XML comment for publicly visible type or member 'ContactMethod.IsPreferred' [/Users/kady/Masterdom/src/Masterdom.Modules.CRM/Masterdom.Modules.CRM.csproj]
/Users/kady/Masterdom/src/Masterdom.Modules.CRM/Domain/Entities/Party/ContactMethod.cs(23,33): warning CS1591: Missing XML comment for publicly visible type or member 'ContactMethod.Create(string, string, bool)' [/Users/kady/Masterdom/src/Masterdom.Modules.CRM/Masterdom.Modules.CRM.csproj]
/Users/kady/Masterdom/src/Masterdom.Modules.CRM/Domain/Entities/Party/ContactMethod.cs(28,33): warning CS1591: Missing XML comment for publicly visible type or member 'ContactMethod.Create(ContactMethodType, string, bool)' [/Users/kady/Masterdom/src/Masterdom.Modules.CRM/Masterdom.Modules.CRM.csproj]
/Users/kady/Masterdom/src/Masterdom.Modules.CRM/Domain/Entities/Party/ContactMethod.cs(49,26): warning CS1591: Missing XML comment for publicly visible type or member 'ContactMethod.WithPreferred(bool)' [/Users/kady/Masterdom/src/Masterdom.Modules.CRM/Masterdom.Modules.CRM.csproj]
/Users/kady/Masterdom/src/Masterdom.Modules.CRM/Domain/Entities/Party/ContactMethod.cs(54,17): warning CS1591: Missing XML comment for publicly visible type or member 'ContactMethod.Matches(ContactMethod)' [/Users/kady/Masterdom/src/Masterdom.Modules.CRM/Masterdom.Modules.CRM.csproj]
/Users/kady/Masterdom/src/Masterdom.Modules.CRM/Domain/Entities/Party/ContactMethod.cs(61,45): warning CS1591: Missing XML comment for publicly visible type or member 'ContactMethod.GetEqualityComponents()' [/Users/kady/Masterdom/src/Masterdom.Modules.CRM/Masterdom.Modules.CRM.csproj]
/Users/kady/Masterdom/src/Masterdom.Modules.CRM/Domain/Entities/Party/ContactMethodType.cs(10,46): warning CS1591: Missing XML comment for publicly visible type or member 'ContactMethodType.Phone' [/Users/kady/Masterdom/src/Masterdom.Modules.CRM/Masterdom.Modules.CRM.csproj]
/Users/kady/Masterdom/src/Masterdom.Modules.CRM/Domain/Entities/Party/ContactMethodType.cs(11,46): warning CS1591: Missing XML comment for publicly visible type or member 'ContactMethodType.Email' [/Users/kady/Masterdom/src/Masterdom.Modules.CRM/Masterdom.Modules.CRM.csproj]
/Users/kady/Masterdom/src/Masterdom.Modules.CRM/Domain/Entities/Party/ContactMethodType.cs(12,46): warning CS1591: Missing XML comment for publicly visible type or member 'ContactMethodType.Website' [/Users/kady/Masterdom/src/Masterdom.Modules.CRM/Masterdom.Modules.CRM.csproj]
/Users/kady/Masterdom/src/Masterdom.Modules.CRM/Domain/Entities/Party/ContactMethodType.cs(19,19): warning CS1591: Missing XML comment for publicly visible type or member 'ContactMethodType.Value' [/Users/kady/Masterdom/src/Masterdom.Modules.CRM/Masterdom.Modules.CRM.csproj]
/Users/kady/Masterdom/src/Masterdom.Modules.CRM/Domain/Entities/Party/ContactMethodType.cs(21,37): warning CS1591: Missing XML comment for publicly visible type or member 'ContactMethodType.Create(string)' [/Users/kady/Masterdom/src/Masterdom.Modules.CRM/Masterdom.Modules.CRM.csproj]
/Users/kady/Masterdom/src/Masterdom.Modules.CRM/Domain/Entities/Party/ContactMethodType.cs(36,45): warning CS1591: Missing XML comment for publicly visible type or member 'ContactMethodType.GetEqualityComponents()' [/Users/kady/Masterdom/src/Masterdom.Modules.CRM/Masterdom.Modules.CRM.csproj]
/Users/kady/Masterdom/src/Masterdom.Modules.CRM/Domain/Entities/Party/ContactMethodType.cs(41,28): warning CS1591: Missing XML comment for publicly visible type or member 'ContactMethodType.ToString()' [/Users/kady/Masterdom/src/Masterdom.Modules.CRM/Masterdom.Modules.CRM.csproj]
/Users/kady/Masterdom/src/Masterdom.Modules.CRM/Domain/Entities/Party/Events/PartyCreatedDomainEvent.cs(10,12): warning CS1591: Missing XML comment for publicly visible type or member 'PartyCreatedDomainEvent.PartyCreatedDomainEvent(PartyId, PartyType)' [/Users/kady/Masterdom/src/Masterdom.Modules.CRM/Masterdom.Modules.CRM.csproj]
/Users/kady/Masterdom/src/Masterdom.Modules.CRM/Domain/Entities/Party/Events/PartyCreatedDomainEvent.cs(19,20): warning CS1591: Missing XML comment for publicly visible type or member 'PartyCreatedDomainEvent.PartyId' [/Users/kady/Masterdom/src/Masterdom.Modules.CRM/Masterdom.Modules.CRM.csproj]
/Users/kady/Masterdom/src/Masterdom.Modules.CRM/Domain/Entities/Party/Events/PartyCreatedDomainEvent.cs(21,22): warning CS1591: Missing XML comment for publicly visible type or member 'PartyCreatedDomainEvent.PartyType' [/Users/kady/Masterdom/src/Masterdom.Modules.CRM/Masterdom.Modules.CRM.csproj]
/Users/kady/Masterdom/src/Masterdom.Modules.CRM/Domain/Entities/Party/Events/PartyDeactivatedDomainEvent.cs(10,12): warning CS1591: Missing XML comment for publicly visible type or member 'PartyDeactivatedDomainEvent.PartyDeactivatedDomainEvent(PartyId)' [/Users/kady/Masterdom/src/Masterdom.Modules.CRM/Masterdom.Modules.CRM.csproj]
/Users/kady/Masterdom/src/Masterdom.Modules.CRM/Domain/Entities/Party/Events/PartyDeactivatedDomainEvent.cs(16,20): warning CS1591: Missing XML comment for publicly visible type or member 'PartyDeactivatedDomainEvent.PartyId' [/Users/kady/Masterdom/src/Masterdom.Modules.CRM/Masterdom.Modules.CRM.csproj]
/Users/kady/Masterdom/src/Masterdom.Modules.CRM/Domain/Entities/Party/Events/PartyRoleActivatedDomainEvent.cs(10,12): warning CS1591: Missing XML comment for publicly visible type or member 'PartyRoleActivatedDomainEvent.PartyRoleActivatedDomainEvent(PartyId, PartyRoleAssignmentId, PartyRoleType)' [/Users/kady/Masterdom/src/Masterdom.Modules.CRM/Masterdom.Modules.CRM.csproj]
/Users/kady/Masterdom/src/Masterdom.Modules.CRM/Domain/Entities/Party/Events/PartyRoleActivatedDomainEvent.cs(21,20): warning CS1591: Missing XML comment for publicly visible type or member 'PartyRoleActivatedDomainEvent.PartyId' [/Users/kady/Masterdom/src/Masterdom.Modules.CRM/Masterdom.Modules.CRM.csproj]
/Users/kady/Masterdom/src/Masterdom.Modules.CRM/Domain/Entities/Party/Events/PartyRoleActivatedDomainEvent.cs(23,34): warning CS1591: Missing XML comment for publicly visible type or member 'PartyRoleActivatedDomainEvent.RoleAssignmentId' [/Users/kady/Masterdom/src/Masterdom.Modules.CRM/Masterdom.Modules.CRM.csproj]
/Users/kady/Masterdom/src/Masterdom.Modules.CRM/Domain/Entities/Party/Events/PartyRoleActivatedDomainEvent.cs(25,26): warning CS1591: Missing XML comment for publicly visible type or member 'PartyRoleActivatedDomainEvent.RoleType' [/Users/kady/Masterdom/src/Masterdom.Modules.CRM/Masterdom.Modules.CRM.csproj]
/Users/kady/Masterdom/src/Masterdom.Modules.CRM/Domain/Entities/Party/Events/PartyRoleAssignedDomainEvent.cs(10,12): warning CS1591: Missing XML comment for publicly visible type or member 'PartyRoleAssignedDomainEvent.PartyRoleAssignedDomainEvent(PartyId, PartyRoleAssignmentId, PartyRoleType)' [/Users/kady/Masterdom/src/Masterdom.Modules.CRM/Masterdom.Modules.CRM.csproj]
/Users/kady/Masterdom/src/Masterdom.Modules.CRM/Domain/Entities/Party/Events/PartyRoleAssignedDomainEvent.cs(21,20): warning CS1591: Missing XML comment for publicly visible type or member 'PartyRoleAssignedDomainEvent.PartyId' [/Users/kady/Masterdom/src/Masterdom.Modules.CRM/Masterdom.Modules.CRM.csproj]
/Users/kady/Masterdom/src/Masterdom.Modules.CRM/Domain/Entities/Party/Events/PartyRoleAssignedDomainEvent.cs(23,34): warning CS1591: Missing XML comment for publicly visible type or member 'PartyRoleAssignedDomainEvent.RoleAssignmentId' [/Users/kady/Masterdom/src/Masterdom.Modules.CRM/Masterdom.Modules.CRM.csproj]
/Users/kady/Masterdom/src/Masterdom.Modules.CRM/Domain/Entities/Party/Events/PartyRoleAssignedDomainEvent.cs(25,26): warning CS1591: Missing XML comment for publicly visible type or member 'PartyRoleAssignedDomainEvent.RoleType' [/Users/kady/Masterdom/src/Masterdom.Modules.CRM/Masterdom.Modules.CRM.csproj]
/Users/kady/Masterdom/src/Masterdom.Modules.CRM/Domain/Entities/Party/Events/PartyRoleDeactivatedDomainEvent.cs(10,12): warning CS1591: Missing XML comment for publicly visible type or member 'PartyRoleDeactivatedDomainEvent.PartyRoleDeactivatedDomainEvent(PartyId, PartyRoleAssignmentId, PartyRoleType)' [/Users/kady/Masterdom/src/Masterdom.Modules.CRM/Masterdom.Modules.CRM.csproj]
/Users/kady/Masterdom/src/Masterdom.Modules.CRM/Domain/Entities/Party/Events/PartyRoleDeactivatedDomainEvent.cs(21,20): warning CS1591: Missing XML comment for publicly visible type or member 'PartyRoleDeactivatedDomainEvent.PartyId' [/Users/kady/Masterdom/src/Masterdom.Modules.CRM/Masterdom.Modules.CRM.csproj]
/Users/kady/Masterdom/src/Masterdom.Modules.CRM/Domain/Entities/Party/Events/PartyRoleDeactivatedDomainEvent.cs(23,34): warning CS1591: Missing XML comment for publicly visible type or member 'PartyRoleDeactivatedDomainEvent.RoleAssignmentId' [/Users/kady/Masterdom/src/Masterdom.Modules.CRM/Masterdom.Modules.CRM.csproj]
/Users/kady/Masterdom/src/Masterdom.Modules.CRM/Domain/Entities/Party/Events/PartyRoleDeactivatedDomainEvent.cs(25,26): warning CS1591: Missing XML comment for publicly visible type or member 'PartyRoleDeactivatedDomainEvent.RoleType' [/Users/kady/Masterdom/src/Masterdom.Modules.CRM/Masterdom.Modules.CRM.csproj]
/Users/kady/Masterdom/src/Masterdom.Modules.CRM/Domain/Entities/Party/Events/PartyRoleRemovedDomainEvent.cs(10,12): warning CS1591: Missing XML comment for publicly visible type or member 'PartyRoleRemovedDomainEvent.PartyRoleRemovedDomainEvent(PartyId, PartyRoleAssignmentId, PartyRoleType)' [/Users/kady/Masterdom/src/Masterdom.Modules.CRM/Masterdom.Modules.CRM.csproj]
/Users/kady/Masterdom/src/Masterdom.Modules.CRM/Domain/Entities/Party/Events/PartyRoleRemovedDomainEvent.cs(21,20): warning CS1591: Missing XML comment for publicly visible type or member 'PartyRoleRemovedDomainEvent.PartyId' [/Users/kady/Masterdom/src/Masterdom.Modules.CRM/Masterdom.Modules.CRM.csproj]
/Users/kady/Masterdom/src/Masterdom.Modules.CRM/Domain/Entities/Party/Events/PartyRoleRemovedDomainEvent.cs(23,34): warning CS1591: Missing XML comment for publicly visible type or member 'PartyRoleRemovedDomainEvent.RoleAssignmentId' [/Users/kady/Masterdom/src/Masterdom.Modules.CRM/Masterdom.Modules.CRM.csproj]
/Users/kady/Masterdom/src/Masterdom.Modules.CRM/Domain/Entities/Party/Events/PartyRoleRemovedDomainEvent.cs(25,26): warning CS1591: Missing XML comment for publicly visible type or member 'PartyRoleRemovedDomainEvent.RoleType' [/Users/kady/Masterdom/src/Masterdom.Modules.CRM/Masterdom.Modules.CRM.csproj]
/Users/kady/Masterdom/src/Masterdom.Modules.CRM/Domain/Entities/Party/Events/PartyUpdatedDomainEvent.cs(10,12): warning CS1591: Missing XML comment for publicly visible type or member 'PartyUpdatedDomainEvent.PartyUpdatedDomainEvent(PartyId)' [/Users/kady/Masterdom/src/Masterdom.Modules.CRM/Masterdom.Modules.CRM.csproj]
/Users/kady/Masterdom/src/Masterdom.Modules.CRM/Domain/Entities/Party/Events/PartyUpdatedDomainEvent.cs(16,20): warning CS1591: Missing XML comment for publicly visible type or member 'PartyUpdatedDomainEvent.PartyId' [/Users/kady/Masterdom/src/Masterdom.Modules.CRM/Masterdom.Modules.CRM.csproj]
/Users/kady/Masterdom/src/Masterdom.Modules.CRM/Domain/Entities/Party/Party.cs(38,19): warning CS1591: Missing XML comment for publicly visible type or member 'Party.DisplayName' [/Users/kady/Masterdom/src/Masterdom.Modules.CRM/Masterdom.Modules.CRM.csproj]
/Users/kady/Masterdom/src/Masterdom.Modules.CRM/Domain/Entities/Party/Party.cs(40,20): warning CS1591: Missing XML comment for publicly visible type or member 'Party.LegalName' [/Users/kady/Masterdom/src/Masterdom.Modules.CRM/Masterdom.Modules.CRM.csproj]
/Users/kady/Masterdom/src/Masterdom.Modules.CRM/Domain/Entities/Party/Party.cs(42,22): warning CS1591: Missing XML comment for publicly visible type or member 'Party.PartyType' [/Users/kady/Masterdom/src/Masterdom.Modules.CRM/Masterdom.Modules.CRM.csproj]
/Users/kady/Masterdom/src/Masterdom.Modules.CRM/Domain/Entities/Party/Party.cs(44,24): warning CS1591: Missing XML comment for publicly visible type or member 'Party.Status' [/Users/kady/Masterdom/src/Masterdom.Modules.CRM/Masterdom.Modules.CRM.csproj]
/Users/kady/Masterdom/src/Masterdom.Modules.CRM/Domain/Entities/Party/Party.cs(46,21): warning CS1591: Missing XML comment for publicly visible type or member 'Party.CreatedAtUtc' [/Users/kady/Masterdom/src/Masterdom.Modules.CRM/Masterdom.Modules.CRM.csproj]
/Users/kady/Masterdom/src/Masterdom.Modules.CRM/Domain/Entities/Party/Party.cs(48,21): warning CS1591: Missing XML comment for publicly visible type or member 'Party.UpdatedAtUtc' [/Users/kady/Masterdom/src/Masterdom.Modules.CRM/Masterdom.Modules.CRM.csproj]
/Users/kady/Masterdom/src/Masterdom.Modules.CRM/Domain/Entities/Party/Party.cs(50,22): warning CS1591: Missing XML comment for publicly visible type or member 'Party.AuditInfo' [/Users/kady/Masterdom/src/Masterdom.Modules.CRM/Masterdom.Modules.CRM.csproj]
/Users/kady/Masterdom/src/Masterdom.Modules.CRM/Domain/Entities/Party/Party.cs(52,47): warning CS1591: Missing XML comment for publicly visible type or member 'Party.ContactMethods' [/Users/kady/Masterdom/src/Masterdom.Modules.CRM/Masterdom.Modules.CRM.csproj]
/Users/kady/Masterdom/src/Masterdom.Modules.CRM/Domain/Entities/Party/Party.cs(54,41): warning CS1591: Missing XML comment for publicly visible type or member 'Party.Addresses' [/Users/kady/Masterdom/src/Masterdom.Modules.CRM/Masterdom.Modules.CRM.csproj]
/Users/kady/Masterdom/src/Masterdom.Modules.CRM/Domain/Entities/Party/Party.cs(56,46): warning CS1591: Missing XML comment for publicly visible type or member 'Party.Relationships' [/Users/kady/Masterdom/src/Masterdom.Modules.CRM/Masterdom.Modules.CRM.csproj]
/Users/kady/Masterdom/src/Masterdom.Modules.CRM/Domain/Entities/Party/Party.cs(58,53): warning CS1591: Missing XML comment for publicly visible type or member 'Party.RoleAssignments' [/Users/kady/Masterdom/src/Masterdom.Modules.CRM/Masterdom.Modules.CRM.csproj]
/Users/kady/Masterdom/src/Masterdom.Modules.CRM/Domain/Entities/Party/Party.cs(60,46): warning CS1591: Missing XML comment for publicly visible type or member 'Party.DomainEvents' [/Users/kady/Masterdom/src/Masterdom.Modules.CRM/Masterdom.Modules.CRM.csproj]
/Users/kady/Masterdom/src/Masterdom.Modules.CRM/Domain/Entities/Party/Party.cs(62,25): warning CS1591: Missing XML comment for publicly visible type or member 'Party.Create(string, string?, PartyType, DateTime, string?)' [/Users/kady/Masterdom/src/Masterdom.Modules.CRM/Masterdom.Modules.CRM.csproj]
/Users/kady/Masterdom/src/Masterdom.Modules.CRM/Domain/Entities/Party/Party.cs(87,17): warning CS1591: Missing XML comment for publicly visible type or member 'Party.Update(string, string?, PartyType, DateTime, string?)' [/Users/kady/Masterdom/src/Masterdom.Modules.CRM/Masterdom.Modules.CRM.csproj]
/Users/kady/Masterdom/src/Masterdom.Modules.CRM/Domain/Entities/Party/Party.cs(113,17): warning CS1591: Missing XML comment for publicly visible type or member 'Party.Deactivate(DateTime, string?)' [/Users/kady/Masterdom/src/Masterdom.Modules.CRM/Masterdom.Modules.CRM.csproj]
/Users/kady/Masterdom/src/Masterdom.Modules.CRM/Domain/Entities/Party/Party.cs(125,17): warning CS1591: Missing XML comment for publicly visible type or member 'Party.AddContactMethod(ContactMethod, DateTime, string?)' [/Users/kady/Masterdom/src/Masterdom.Modules.CRM/Masterdom.Modules.CRM.csproj]
/Users/kady/Masterdom/src/Masterdom.Modules.CRM/Domain/Entities/Party/Party.cs(154,17): warning CS1591: Missing XML comment for publicly visible type or member 'Party.RemoveContactMethod(ContactMethod, DateTime, string?)' [/Users/kady/Masterdom/src/Masterdom.Modules.CRM/Masterdom.Modules.CRM.csproj]
/Users/kady/Masterdom/src/Masterdom.Modules.CRM/Domain/Entities/Party/Party.cs(169,17): warning CS1591: Missing XML comment for publicly visible type or member 'Party.AddAddress(Address, DateTime, string?)' [/Users/kady/Masterdom/src/Masterdom.Modules.CRM/Masterdom.Modules.CRM.csproj]
/Users/kady/Masterdom/src/Masterdom.Modules.CRM/Domain/Entities/Party/Party.cs(198,17): warning CS1591: Missing XML comment for publicly visible type or member 'Party.RemoveAddress(Address, DateTime, string?)' [/Users/kady/Masterdom/src/Masterdom.Modules.CRM/Masterdom.Modules.CRM.csproj]
/Users/kady/Masterdom/src/Masterdom.Modules.CRM/Domain/Entities/Party/Party.cs(213,17): warning CS1591: Missing XML comment for publicly visible type or member 'Party.AddRelationship(Relationship, DateTime, string?)' [/Users/kady/Masterdom/src/Masterdom.Modules.CRM/Masterdom.Modules.CRM.csproj]
/Users/kady/Masterdom/src/Masterdom.Modules.CRM/Domain/Entities/Party/Party.cs(233,17): warning CS1591: Missing XML comment for publicly visible type or member 'Party.RemoveRelationship(Relationship, DateTime, string?)' [/Users/kady/Masterdom/src/Masterdom.Modules.CRM/Masterdom.Modules.CRM.csproj]
/Users/kady/Masterdom/src/Masterdom.Modules.CRM/Domain/Entities/Party/Party.cs(248,32): warning CS1591: Missing XML comment for publicly visible type or member 'Party.AssignRole(PartyRoleType, DateTime, DateTime?, DateTime?, string?, string?)' [/Users/kady/Masterdom/src/Masterdom.Modules.CRM/Masterdom.Modules.CRM.csproj]
/Users/kady/Masterdom/src/Masterdom.Modules.CRM/Domain/Entities/Party/Party.cs(281,17): warning CS1591: Missing XML comment for publicly visible type or member 'Party.RemoveRole(PartyRoleAssignmentId, DateTime, string?, string?)' [/Users/kady/Masterdom/src/Masterdom.Modules.CRM/Masterdom.Modules.CRM.csproj]
/Users/kady/Masterdom/src/Masterdom.Modules.CRM/Domain/Entities/Party/Party.cs(296,17): warning CS1591: Missing XML comment for publicly visible type or member 'Party.DeactivateRole(PartyRoleAssignmentId, DateTime, string?, string?)' [/Users/kady/Masterdom/src/Masterdom.Modules.CRM/Masterdom.Modules.CRM.csproj]
/Users/kady/Masterdom/src/Masterdom.Modules.CRM/Domain/Entities/Party/Party.cs(311,17): warning CS1591: Missing XML comment for publicly visible type or member 'Party.ReactivateRole(PartyRoleAssignmentId, DateTime, string?, string?)' [/Users/kady/Masterdom/src/Masterdom.Modules.CRM/Masterdom.Modules.CRM.csproj]
/Users/kady/Masterdom/src/Masterdom.Modules.CRM/Domain/Entities/Party/Party.cs(336,53): warning CS1591: Missing XML comment for publicly visible type or member 'Party.GetRoles()' [/Users/kady/Masterdom/src/Masterdom.Modules.CRM/Masterdom.Modules.CRM.csproj]
/Users/kady/Masterdom/src/Masterdom.Modules.CRM/Domain/Entities/Party/Party.cs(341,17): warning CS1591: Missing XML comment for publicly visible type or member 'Party.ClearDomainEvents()' [/Users/kady/Masterdom/src/Masterdom.Modules.CRM/Masterdom.Modules.CRM.csproj]
/Users/kady/Masterdom/src/Masterdom.Modules.CRM/Domain/Entities/Party/PartyId.cs(10,27): warning CS1591: Missing XML comment for publicly visible type or member 'PartyId.New()' [/Users/kady/Masterdom/src/Masterdom.Modules.CRM/Masterdom.Modules.CRM.csproj]
/Users/kady/Masterdom/src/Masterdom.Modules.CRM/Domain/Entities/Party/PartyId.cs(15,27): warning CS1591: Missing XML comment for publicly visible type or member 'PartyId.From(Guid)' [/Users/kady/Masterdom/src/Masterdom.Modules.CRM/Masterdom.Modules.CRM.csproj]
/Users/kady/Masterdom/src/Masterdom.Modules.CRM/Domain/Entities/Party/PartyId.cs(25,27): warning CS1591: Missing XML comment for publicly visible type or member 'PartyId.Parse(string)' [/Users/kady/Masterdom/src/Masterdom.Modules.CRM/Masterdom.Modules.CRM.csproj]
/Users/kady/Masterdom/src/Masterdom.Modules.CRM/Domain/Entities/Party/PartyId.cs(31,28): warning CS1591: Missing XML comment for publicly visible type or member 'PartyId.ToString()' [/Users/kady/Masterdom/src/Masterdom.Modules.CRM/Masterdom.Modules.CRM.csproj]
/Users/kady/Masterdom/src/Masterdom.Modules.CRM/Domain/Entities/Party/PartyRoleAssignment.cs(51,26): warning CS1591: Missing XML comment for publicly visible type or member 'PartyRoleAssignment.RoleType' [/Users/kady/Masterdom/src/Masterdom.Modules.CRM/Masterdom.Modules.CRM.csproj]
/Users/kady/Masterdom/src/Masterdom.Modules.CRM/Domain/Entities/Party/PartyRoleAssignment.cs(53,21): warning CS1591: Missing XML comment for publicly visible type or member 'PartyRoleAssignment.AssignedAtUtc' [/Users/kady/Masterdom/src/Masterdom.Modules.CRM/Masterdom.Modules.CRM.csproj]
/Users/kady/Masterdom/src/Masterdom.Modules.CRM/Domain/Entities/Party/PartyRoleAssignment.cs(55,21): warning CS1591: Missing XML comment for publicly visible type or member 'PartyRoleAssignment.EffectiveFromUtc' [/Users/kady/Masterdom/src/Masterdom.Modules.CRM/Masterdom.Modules.CRM.csproj]
/Users/kady/Masterdom/src/Masterdom.Modules.CRM/Domain/Entities/Party/PartyRoleAssignment.cs(57,22): warning CS1591: Missing XML comment for publicly visible type or member 'PartyRoleAssignment.EffectiveToUtc' [/Users/kady/Masterdom/src/Masterdom.Modules.CRM/Masterdom.Modules.CRM.csproj]
/Users/kady/Masterdom/src/Masterdom.Modules.CRM/Domain/Entities/Party/PartyRoleAssignment.cs(59,20): warning CS1591: Missing XML comment for publicly visible type or member 'PartyRoleAssignment.AssignmentReason' [/Users/kady/Masterdom/src/Masterdom.Modules.CRM/Masterdom.Modules.CRM.csproj]
/Users/kady/Masterdom/src/Masterdom.Modules.CRM/Domain/Entities/Party/PartyRoleAssignment.cs(61,38): warning CS1591: Missing XML comment for publicly visible type or member 'PartyRoleAssignment.Status' [/Users/kady/Masterdom/src/Masterdom.Modules.CRM/Masterdom.Modules.CRM.csproj]
/Users/kady/Masterdom/src/Masterdom.Modules.CRM/Domain/Entities/Party/PartyRoleAssignment.cs(63,22): warning CS1591: Missing XML comment for publicly visible type or member 'PartyRoleAssignment.DeactivatedAtUtc' [/Users/kady/Masterdom/src/Masterdom.Modules.CRM/Masterdom.Modules.CRM.csproj]
/Users/kady/Masterdom/src/Masterdom.Modules.CRM/Domain/Entities/Party/PartyRoleAssignment.cs(65,20): warning CS1591: Missing XML comment for publicly visible type or member 'PartyRoleAssignment.DeactivationReason' [/Users/kady/Masterdom/src/Masterdom.Modules.CRM/Masterdom.Modules.CRM.csproj]
/Users/kady/Masterdom/src/Masterdom.Modules.CRM/Domain/Entities/Party/PartyRoleAssignment.cs(67,22): warning CS1591: Missing XML comment for publicly visible type or member 'PartyRoleAssignment.RemovedAtUtc' [/Users/kady/Masterdom/src/Masterdom.Modules.CRM/Masterdom.Modules.CRM.csproj]
/Users/kady/Masterdom/src/Masterdom.Modules.CRM/Domain/Entities/Party/PartyRoleAssignment.cs(69,20): warning CS1591: Missing XML comment for publicly visible type or member 'PartyRoleAssignment.RemovalReason' [/Users/kady/Masterdom/src/Masterdom.Modules.CRM/Masterdom.Modules.CRM.csproj]
/Users/kady/Masterdom/src/Masterdom.Modules.CRM/Domain/Entities/Party/PartyRoleAssignment.cs(71,22): warning CS1591: Missing XML comment for publicly visible type or member 'PartyRoleAssignment.ReactivatedAtUtc' [/Users/kady/Masterdom/src/Masterdom.Modules.CRM/Masterdom.Modules.CRM.csproj]
/Users/kady/Masterdom/src/Masterdom.Modules.CRM/Domain/Entities/Party/PartyRoleAssignment.cs(73,20): warning CS1591: Missing XML comment for publicly visible type or member 'PartyRoleAssignment.ReactivationReason' [/Users/kady/Masterdom/src/Masterdom.Modules.CRM/Masterdom.Modules.CRM.csproj]
/Users/kady/Masterdom/src/Masterdom.Modules.CRM/Domain/Entities/Party/PartyRoleAssignment.cs(75,39): warning CS1591: Missing XML comment for publicly visible type or member 'PartyRoleAssignment.Create(PartyRoleType, DateTime, DateTime?, DateTime?, string?)' [/Users/kady/Masterdom/src/Masterdom.Modules.CRM/Masterdom.Modules.CRM.csproj]
/Users/kady/Masterdom/src/Masterdom.Modules.CRM/Domain/Entities/Party/PartyRoleAssignment.cs(105,17): warning CS1591: Missing XML comment for publicly visible type or member 'PartyRoleAssignment.MatchesActiveRoleType(PartyRoleType, DateTime)' [/Users/kady/Masterdom/src/Masterdom.Modules.CRM/Masterdom.Modules.CRM.csproj]
/Users/kady/Masterdom/src/Masterdom.Modules.CRM/Domain/Entities/Party/PartyRoleAssignment.cs(115,17): warning CS1591: Missing XML comment for publicly visible type or member 'PartyRoleAssignment.IsEffectiveAt(DateTime)' [/Users/kady/Masterdom/src/Masterdom.Modules.CRM/Masterdom.Modules.CRM.csproj]
/Users/kady/Masterdom/src/Masterdom.Modules.CRM/Domain/Entities/Party/PartyRoleAssignment.cs(132,17): warning CS1591: Missing XML comment for publicly visible type or member 'PartyRoleAssignment.OverlapsWith(DateTime, DateTime?)' [/Users/kady/Masterdom/src/Masterdom.Modules.CRM/Masterdom.Modules.CRM.csproj]
/Users/kady/Masterdom/src/Masterdom.Modules.CRM/Domain/Entities/Party/PartyRoleAssignment.cs(145,17): warning CS1591: Missing XML comment for publicly visible type or member 'PartyRoleAssignment.Deactivate(DateTime, string?)' [/Users/kady/Masterdom/src/Masterdom.Modules.CRM/Masterdom.Modules.CRM.csproj]
/Users/kady/Masterdom/src/Masterdom.Modules.CRM/Domain/Entities/Party/PartyRoleAssignment.cs(162,17): warning CS1591: Missing XML comment for publicly visible type or member 'PartyRoleAssignment.Reactivate(DateTime, string?)' [/Users/kady/Masterdom/src/Masterdom.Modules.CRM/Masterdom.Modules.CRM.csproj]
/Users/kady/Masterdom/src/Masterdom.Modules.CRM/Domain/Entities/Party/PartyRoleAssignment.cs(181,17): warning CS1591: Missing XML comment for publicly visible type or member 'PartyRoleAssignment.Remove(DateTime, string?)' [/Users/kady/Masterdom/src/Masterdom.Modules.CRM/Masterdom.Modules.CRM.csproj]
/Users/kady/Masterdom/src/Masterdom.Modules.CRM/Domain/Entities/Party/PartyRoleAssignmentId.cs(10,41): warning CS1591: Missing XML comment for publicly visible type or member 'PartyRoleAssignmentId.New()' [/Users/kady/Masterdom/src/Masterdom.Modules.CRM/Masterdom.Modules.CRM.csproj]
/Users/kady/Masterdom/src/Masterdom.Modules.CRM/Domain/Entities/Party/PartyRoleAssignmentId.cs(15,41): warning CS1591: Missing XML comment for publicly visible type or member 'PartyRoleAssignmentId.From(Guid)' [/Users/kady/Masterdom/src/Masterdom.Modules.CRM/Masterdom.Modules.CRM.csproj]
/Users/kady/Masterdom/src/Masterdom.Modules.CRM/Domain/Entities/Party/PartyRoleAssignmentId.cs(25,28): warning CS1591: Missing XML comment for publicly visible type or member 'PartyRoleAssignmentId.ToString()' [/Users/kady/Masterdom/src/Masterdom.Modules.CRM/Masterdom.Modules.CRM.csproj]
/Users/kady/Masterdom/src/Masterdom.Modules.CRM/Domain/Entities/Party/PartyRoleAssignmentStatus.cs(10,54): warning CS1591: Missing XML comment for publicly visible type or member 'PartyRoleAssignmentStatus.Active' [/Users/kady/Masterdom/src/Masterdom.Modules.CRM/Masterdom.Modules.CRM.csproj]
/Users/kady/Masterdom/src/Masterdom.Modules.CRM/Domain/Entities/Party/PartyRoleAssignmentStatus.cs(11,54): warning CS1591: Missing XML comment for publicly visible type or member 'PartyRoleAssignmentStatus.Inactive' [/Users/kady/Masterdom/src/Masterdom.Modules.CRM/Masterdom.Modules.CRM.csproj]
/Users/kady/Masterdom/src/Masterdom.Modules.CRM/Domain/Entities/Party/PartyRoleAssignmentStatus.cs(12,54): warning CS1591: Missing XML comment for publicly visible type or member 'PartyRoleAssignmentStatus.Removed' [/Users/kady/Masterdom/src/Masterdom.Modules.CRM/Masterdom.Modules.CRM.csproj]
/Users/kady/Masterdom/src/Masterdom.Modules.CRM/Domain/Entities/Party/PartyRoleAssignmentStatus.cs(19,19): warning CS1591: Missing XML comment for publicly visible type or member 'PartyRoleAssignmentStatus.Value' [/Users/kady/Masterdom/src/Masterdom.Modules.CRM/Masterdom.Modules.CRM.csproj]
/Users/kady/Masterdom/src/Masterdom.Modules.CRM/Domain/Entities/Party/PartyRoleAssignmentStatus.cs(21,45): warning CS1591: Missing XML comment for publicly visible type or member 'PartyRoleAssignmentStatus.Create(string)' [/Users/kady/Masterdom/src/Masterdom.Modules.CRM/Masterdom.Modules.CRM.csproj]
/Users/kady/Masterdom/src/Masterdom.Modules.CRM/Domain/Entities/Party/PartyRoleAssignmentStatus.cs(36,45): warning CS1591: Missing XML comment for publicly visible type or member 'PartyRoleAssignmentStatus.GetEqualityComponents()' [/Users/kady/Masterdom/src/Masterdom.Modules.CRM/Masterdom.Modules.CRM.csproj]
/Users/kady/Masterdom/src/Masterdom.Modules.CRM/Domain/Entities/Party/PartyRoleAssignmentStatus.cs(41,28): warning CS1591: Missing XML comment for publicly visible type or member 'PartyRoleAssignmentStatus.ToString()' [/Users/kady/Masterdom/src/Masterdom.Modules.CRM/Masterdom.Modules.CRM.csproj]
/Users/kady/Masterdom/src/Masterdom.Modules.CRM/Domain/Entities/Party/PartyRoleType.cs(10,42): warning CS1591: Missing XML comment for publicly visible type or member 'PartyRoleType.Tenant' [/Users/kady/Masterdom/src/Masterdom.Modules.CRM/Masterdom.Modules.CRM.csproj]
/Users/kady/Masterdom/src/Masterdom.Modules.CRM/Domain/Entities/Party/PartyRoleType.cs(11,42): warning CS1591: Missing XML comment for publicly visible type or member 'PartyRoleType.PropertyOwner' [/Users/kady/Masterdom/src/Masterdom.Modules.CRM/Masterdom.Modules.CRM.csproj]
/Users/kady/Masterdom/src/Masterdom.Modules.CRM/Domain/Entities/Party/PartyRoleType.cs(12,42): warning CS1591: Missing XML comment for publicly visible type or member 'PartyRoleType.Vendor' [/Users/kady/Masterdom/src/Masterdom.Modules.CRM/Masterdom.Modules.CRM.csproj]
/Users/kady/Masterdom/src/Masterdom.Modules.CRM/Domain/Entities/Party/PartyRoleType.cs(13,42): warning CS1591: Missing XML comment for publicly visible type or member 'PartyRoleType.Contractor' [/Users/kady/Masterdom/src/Masterdom.Modules.CRM/Masterdom.Modules.CRM.csproj]
/Users/kady/Masterdom/src/Masterdom.Modules.CRM/Domain/Entities/Party/PartyRoleType.cs(14,42): warning CS1591: Missing XML comment for publicly visible type or member 'PartyRoleType.Employee' [/Users/kady/Masterdom/src/Masterdom.Modules.CRM/Masterdom.Modules.CRM.csproj]
/Users/kady/Masterdom/src/Masterdom.Modules.CRM/Domain/Entities/Party/PartyRoleType.cs(15,42): warning CS1591: Missing XML comment for publicly visible type or member 'PartyRoleType.Broker' [/Users/kady/Masterdom/src/Masterdom.Modules.CRM/Masterdom.Modules.CRM.csproj]
/Users/kady/Masterdom/src/Masterdom.Modules.CRM/Domain/Entities/Party/PartyRoleType.cs(16,42): warning CS1591: Missing XML comment for publicly visible type or member 'PartyRoleType.EmergencyContact' [/Users/kady/Masterdom/src/Masterdom.Modules.CRM/Masterdom.Modules.CRM.csproj]
/Users/kady/Masterdom/src/Masterdom.Modules.CRM/Domain/Entities/Party/PartyRoleType.cs(17,42): warning CS1591: Missing XML comment for publicly visible type or member 'PartyRoleType.UtilityProvider' [/Users/kady/Masterdom/src/Masterdom.Modules.CRM/Masterdom.Modules.CRM.csproj]
/Users/kady/Masterdom/src/Masterdom.Modules.CRM/Domain/Entities/Party/PartyRoleType.cs(18,42): warning CS1591: Missing XML comment for publicly visible type or member 'PartyRoleType.TelecomProvider' [/Users/kady/Masterdom/src/Masterdom.Modules.CRM/Masterdom.Modules.CRM.csproj]
/Users/kady/Masterdom/src/Masterdom.Modules.CRM/Domain/Entities/Party/PartyRoleType.cs(19,42): warning CS1591: Missing XML comment for publicly visible type or member 'PartyRoleType.GovernmentAuthority' [/Users/kady/Masterdom/src/Masterdom.Modules.CRM/Masterdom.Modules.CRM.csproj]
/Users/kady/Masterdom/src/Masterdom.Modules.CRM/Domain/Entities/Party/PartyRoleType.cs(20,42): warning CS1591: Missing XML comment for publicly visible type or member 'PartyRoleType.Society' [/Users/kady/Masterdom/src/Masterdom.Modules.CRM/Masterdom.Modules.CRM.csproj]
/Users/kady/Masterdom/src/Masterdom.Modules.CRM/Domain/Entities/Party/PartyRoleType.cs(21,42): warning CS1591: Missing XML comment for publicly visible type or member 'PartyRoleType.LegalAdvisor' [/Users/kady/Masterdom/src/Masterdom.Modules.CRM/Masterdom.Modules.CRM.csproj]
/Users/kady/Masterdom/src/Masterdom.Modules.CRM/Domain/Entities/Party/PartyRoleType.cs(22,42): warning CS1591: Missing XML comment for publicly visible type or member 'PartyRoleType.Accountant' [/Users/kady/Masterdom/src/Masterdom.Modules.CRM/Masterdom.Modules.CRM.csproj]
/Users/kady/Masterdom/src/Masterdom.Modules.CRM/Domain/Entities/Party/PartyRoleType.cs(23,42): warning CS1591: Missing XML comment for publicly visible type or member 'PartyRoleType.PropertyManager' [/Users/kady/Masterdom/src/Masterdom.Modules.CRM/Masterdom.Modules.CRM.csproj]
/Users/kady/Masterdom/src/Masterdom.Modules.CRM/Domain/Entities/Party/PartyRoleType.cs(30,19): warning CS1591: Missing XML comment for publicly visible type or member 'PartyRoleType.Value' [/Users/kady/Masterdom/src/Masterdom.Modules.CRM/Masterdom.Modules.CRM.csproj]
/Users/kady/Masterdom/src/Masterdom.Modules.CRM/Domain/Entities/Party/PartyRoleType.cs(32,33): warning CS1591: Missing XML comment for publicly visible type or member 'PartyRoleType.Create(string)' [/Users/kady/Masterdom/src/Masterdom.Modules.CRM/Masterdom.Modules.CRM.csproj]
/Users/kady/Masterdom/src/Masterdom.Modules.CRM/Domain/Entities/Party/PartyRoleType.cs(58,45): warning CS1591: Missing XML comment for publicly visible type or member 'PartyRoleType.GetEqualityComponents()' [/Users/kady/Masterdom/src/Masterdom.Modules.CRM/Masterdom.Modules.CRM.csproj]
/Users/kady/Masterdom/src/Masterdom.Modules.CRM/Domain/Entities/Party/PartyRoleType.cs(63,28): warning CS1591: Missing XML comment for publicly visible type or member 'PartyRoleType.ToString()' [/Users/kady/Masterdom/src/Masterdom.Modules.CRM/Masterdom.Modules.CRM.csproj]
/Users/kady/Masterdom/src/Masterdom.Modules.CRM/Domain/Entities/Party/PartyStatus.cs(10,40): warning CS1591: Missing XML comment for publicly visible type or member 'PartyStatus.Active' [/Users/kady/Masterdom/src/Masterdom.Modules.CRM/Masterdom.Modules.CRM.csproj]
/Users/kady/Masterdom/src/Masterdom.Modules.CRM/Domain/Entities/Party/PartyStatus.cs(11,40): warning CS1591: Missing XML comment for publicly visible type or member 'PartyStatus.Inactive' [/Users/kady/Masterdom/src/Masterdom.Modules.CRM/Masterdom.Modules.CRM.csproj]
/Users/kady/Masterdom/src/Masterdom.Modules.CRM/Domain/Entities/Party/PartyStatus.cs(18,19): warning CS1591: Missing XML comment for publicly visible type or member 'PartyStatus.Value' [/Users/kady/Masterdom/src/Masterdom.Modules.CRM/Masterdom.Modules.CRM.csproj]
/Users/kady/Masterdom/src/Masterdom.Modules.CRM/Domain/Entities/Party/PartyStatus.cs(20,31): warning CS1591: Missing XML comment for publicly visible type or member 'PartyStatus.Create(string)' [/Users/kady/Masterdom/src/Masterdom.Modules.CRM/Masterdom.Modules.CRM.csproj]
/Users/kady/Masterdom/src/Masterdom.Modules.CRM/Domain/Entities/Party/PartyStatus.cs(34,45): warning CS1591: Missing XML comment for publicly visible type or member 'PartyStatus.GetEqualityComponents()' [/Users/kady/Masterdom/src/Masterdom.Modules.CRM/Masterdom.Modules.CRM.csproj]
/Users/kady/Masterdom/src/Masterdom.Modules.CRM/Domain/Entities/Party/PartyStatus.cs(39,28): warning CS1591: Missing XML comment for publicly visible type or member 'PartyStatus.ToString()' [/Users/kady/Masterdom/src/Masterdom.Modules.CRM/Masterdom.Modules.CRM.csproj]
/Users/kady/Masterdom/src/Masterdom.Modules.CRM/Domain/Entities/Party/PartyType.cs(10,38): warning CS1591: Missing XML comment for publicly visible type or member 'PartyType.Person' [/Users/kady/Masterdom/src/Masterdom.Modules.CRM/Masterdom.Modules.CRM.csproj]
/Users/kady/Masterdom/src/Masterdom.Modules.CRM/Domain/Entities/Party/PartyType.cs(11,38): warning CS1591: Missing XML comment for publicly visible type or member 'PartyType.Organization' [/Users/kady/Masterdom/src/Masterdom.Modules.CRM/Masterdom.Modules.CRM.csproj]
/Users/kady/Masterdom/src/Masterdom.Modules.CRM/Domain/Entities/Party/PartyType.cs(18,19): warning CS1591: Missing XML comment for publicly visible type or member 'PartyType.Value' [/Users/kady/Masterdom/src/Masterdom.Modules.CRM/Masterdom.Modules.CRM.csproj]
/Users/kady/Masterdom/src/Masterdom.Modules.CRM/Domain/Entities/Party/PartyType.cs(20,29): warning CS1591: Missing XML comment for publicly visible type or member 'PartyType.Create(string)' [/Users/kady/Masterdom/src/Masterdom.Modules.CRM/Masterdom.Modules.CRM.csproj]
/Users/kady/Masterdom/src/Masterdom.Modules.CRM/Domain/Entities/Party/PartyType.cs(34,45): warning CS1591: Missing XML comment for publicly visible type or member 'PartyType.GetEqualityComponents()' [/Users/kady/Masterdom/src/Masterdom.Modules.CRM/Masterdom.Modules.CRM.csproj]
/Users/kady/Masterdom/src/Masterdom.Modules.CRM/Domain/Entities/Party/PartyType.cs(39,28): warning CS1591: Missing XML comment for publicly visible type or member 'PartyType.ToString()' [/Users/kady/Masterdom/src/Masterdom.Modules.CRM/Masterdom.Modules.CRM.csproj]
/Users/kady/Masterdom/src/Masterdom.Modules.CRM/Domain/Entities/Party/Relationship.cs(17,20): warning CS1591: Missing XML comment for publicly visible type or member 'Relationship.RelatedPartyId' [/Users/kady/Masterdom/src/Masterdom.Modules.CRM/Masterdom.Modules.CRM.csproj]
/Users/kady/Masterdom/src/Masterdom.Modules.CRM/Domain/Entities/Party/Relationship.cs(19,29): warning CS1591: Missing XML comment for publicly visible type or member 'Relationship.Type' [/Users/kady/Masterdom/src/Masterdom.Modules.CRM/Masterdom.Modules.CRM.csproj]
/Users/kady/Masterdom/src/Masterdom.Modules.CRM/Domain/Entities/Party/Relationship.cs(21,17): warning CS1591: Missing XML comment for publicly visible type or member 'Relationship.AllowsSelfReference' [/Users/kady/Masterdom/src/Masterdom.Modules.CRM/Masterdom.Modules.CRM.csproj]
/Users/kady/Masterdom/src/Masterdom.Modules.CRM/Domain/Entities/Party/Relationship.cs(23,32): warning CS1591: Missing XML comment for publicly visible type or member 'Relationship.Create(PartyId, string, bool)' [/Users/kady/Masterdom/src/Masterdom.Modules.CRM/Masterdom.Modules.CRM.csproj]
/Users/kady/Masterdom/src/Masterdom.Modules.CRM/Domain/Entities/Party/Relationship.cs(28,32): warning CS1591: Missing XML comment for publicly visible type or member 'Relationship.Create(PartyId, RelationshipType, bool)' [/Users/kady/Masterdom/src/Masterdom.Modules.CRM/Masterdom.Modules.CRM.csproj]
/Users/kady/Masterdom/src/Masterdom.Modules.CRM/Domain/Entities/Party/Relationship.cs(36,17): warning CS1591: Missing XML comment for publicly visible type or member 'Relationship.Matches(Relationship)' [/Users/kady/Masterdom/src/Masterdom.Modules.CRM/Masterdom.Modules.CRM.csproj]
/Users/kady/Masterdom/src/Masterdom.Modules.CRM/Domain/Entities/Party/Relationship.cs(42,45): warning CS1591: Missing XML comment for publicly visible type or member 'Relationship.GetEqualityComponents()' [/Users/kady/Masterdom/src/Masterdom.Modules.CRM/Masterdom.Modules.CRM.csproj]
/Users/kady/Masterdom/src/Masterdom.Modules.CRM/Domain/Entities/Party/RelationshipType.cs(10,45): warning CS1591: Missing XML comment for publicly visible type or member 'RelationshipType.Owns' [/Users/kady/Masterdom/src/Masterdom.Modules.CRM/Masterdom.Modules.CRM.csproj]
/Users/kady/Masterdom/src/Masterdom.Modules.CRM/Domain/Entities/Party/RelationshipType.cs(11,45): warning CS1591: Missing XML comment for publicly visible type or member 'RelationshipType.Manages' [/Users/kady/Masterdom/src/Masterdom.Modules.CRM/Masterdom.Modules.CRM.csproj]
/Users/kady/Masterdom/src/Masterdom.Modules.CRM/Domain/Entities/Party/RelationshipType.cs(12,45): warning CS1591: Missing XML comment for publicly visible type or member 'RelationshipType.WorksFor' [/Users/kady/Masterdom/src/Masterdom.Modules.CRM/Masterdom.Modules.CRM.csproj]
/Users/kady/Masterdom/src/Masterdom.Modules.CRM/Domain/Entities/Party/RelationshipType.cs(13,45): warning CS1591: Missing XML comment for publicly visible type or member 'RelationshipType.GuarantorOf' [/Users/kady/Masterdom/src/Masterdom.Modules.CRM/Masterdom.Modules.CRM.csproj]
/Users/kady/Masterdom/src/Masterdom.Modules.CRM/Domain/Entities/Party/RelationshipType.cs(14,45): warning CS1591: Missing XML comment for publicly visible type or member 'RelationshipType.EmergencyContact' [/Users/kady/Masterdom/src/Masterdom.Modules.CRM/Masterdom.Modules.CRM.csproj]
/Users/kady/Masterdom/src/Masterdom.Modules.CRM/Domain/Entities/Party/RelationshipType.cs(15,45): warning CS1591: Missing XML comment for publicly visible type or member 'RelationshipType.SupplierOf' [/Users/kady/Masterdom/src/Masterdom.Modules.CRM/Masterdom.Modules.CRM.csproj]
/Users/kady/Masterdom/src/Masterdom.Modules.CRM/Domain/Entities/Party/RelationshipType.cs(16,45): warning CS1591: Missing XML comment for publicly visible type or member 'RelationshipType.TenantOf' [/Users/kady/Masterdom/src/Masterdom.Modules.CRM/Masterdom.Modules.CRM.csproj]
/Users/kady/Masterdom/src/Masterdom.Modules.CRM/Domain/Entities/Party/RelationshipType.cs(17,45): warning CS1591: Missing XML comment for publicly visible type or member 'RelationshipType.ContractorFor' [/Users/kady/Masterdom/src/Masterdom.Modules.CRM/Masterdom.Modules.CRM.csproj]
/Users/kady/Masterdom/src/Masterdom.Modules.CRM/Domain/Entities/Party/RelationshipType.cs(24,19): warning CS1591: Missing XML comment for publicly visible type or member 'RelationshipType.Value' [/Users/kady/Masterdom/src/Masterdom.Modules.CRM/Masterdom.Modules.CRM.csproj]
/Users/kady/Masterdom/src/Masterdom.Modules.CRM/Domain/Entities/Party/RelationshipType.cs(26,36): warning CS1591: Missing XML comment for publicly visible type or member 'RelationshipType.Create(string)' [/Users/kady/Masterdom/src/Masterdom.Modules.CRM/Masterdom.Modules.CRM.csproj]
/Users/kady/Masterdom/src/Masterdom.Modules.CRM/Domain/Entities/Party/RelationshipType.cs(46,45): warning CS1591: Missing XML comment for publicly visible type or member 'RelationshipType.GetEqualityComponents()' [/Users/kady/Masterdom/src/Masterdom.Modules.CRM/Masterdom.Modules.CRM.csproj]
/Users/kady/Masterdom/src/Masterdom.Modules.CRM/Domain/Entities/Party/RelationshipType.cs(51,28): warning CS1591: Missing XML comment for publicly visible type or member 'RelationshipType.ToString()' [/Users/kady/Masterdom/src/Masterdom.Modules.CRM/Masterdom.Modules.CRM.csproj]
/Users/kady/Masterdom/src/Masterdom.Modules.CRM/Domain/Repositories/IPartyRepository.cs(10,12): warning CS1591: Missing XML comment for publicly visible type or member 'IPartyRepository.GetById(PartyId)' [/Users/kady/Masterdom/src/Masterdom.Modules.CRM/Masterdom.Modules.CRM.csproj]
/Users/kady/Masterdom/src/Masterdom.Modules.CRM/Domain/Repositories/IPartyRepository.cs(12,32): warning CS1591: Missing XML comment for publicly visible type or member 'IPartyRepository.Search(string?, PartyType?, int)' [/Users/kady/Masterdom/src/Masterdom.Modules.CRM/Masterdom.Modules.CRM.csproj]
/Users/kady/Masterdom/src/Masterdom.Modules.CRM/Domain/Repositories/IPartyRepository.cs(14,32): warning CS1591: Missing XML comment for publicly visible type or member 'IPartyRepository.SearchByRole(PartyRoleType, DateTime, int)' [/Users/kady/Masterdom/src/Masterdom.Modules.CRM/Masterdom.Modules.CRM.csproj]
/Users/kady/Masterdom/src/Masterdom.Modules.CRM/Domain/Repositories/IPartyRepository.cs(16,10): warning CS1591: Missing XML comment for publicly visible type or member 'IPartyRepository.Add(Party)' [/Users/kady/Masterdom/src/Masterdom.Modules.CRM/Masterdom.Modules.CRM.csproj]
/Users/kady/Masterdom/src/Masterdom.Modules.CRM/Domain/Repositories/IPartyRepository.cs(18,10): warning CS1591: Missing XML comment for publicly visible type or member 'IPartyRepository.Update(Party)' [/Users/kady/Masterdom/src/Masterdom.Modules.CRM/Masterdom.Modules.CRM.csproj]
/Users/kady/Masterdom/src/Masterdom.Modules.Reporting/Application/Export/ReportExportFormat.cs(3,13): warning CS1591: Missing XML comment for publicly visible type or member 'ReportExportFormat' [/Users/kady/Masterdom/src/Masterdom.Modules.Reporting/Masterdom.Modules.Reporting.csproj]
/Users/kady/Masterdom/src/Masterdom.Modules.Reporting/Application/Export/ReportExportFormat.cs(5,5): warning CS1591: Missing XML comment for publicly visible type or member 'ReportExportFormat.Csv' [/Users/kady/Masterdom/src/Masterdom.Modules.Reporting/Masterdom.Modules.Reporting.csproj]
/Users/kady/Masterdom/src/Masterdom.Modules.Reporting/Application/Export/ReportExportFormat.cs(6,5): warning CS1591: Missing XML comment for publicly visible type or member 'ReportExportFormat.Excel' [/Users/kady/Masterdom/src/Masterdom.Modules.Reporting/Masterdom.Modules.Reporting.csproj]
/Users/kady/Masterdom/src/Masterdom.Modules.Reporting/Application/Export/ReportExportFormat.cs(7,5): warning CS1591: Missing XML comment for publicly visible type or member 'ReportExportFormat.Pdf' [/Users/kady/Masterdom/src/Masterdom.Modules.Reporting/Masterdom.Modules.Reporting.csproj]
/Users/kady/Masterdom/src/Masterdom.Modules.Reporting/Application/Handlers/Queries/GenerateReportQueryHandler.cs(8,21): warning CS1591: Missing XML comment for publicly visible type or member 'GenerateReportQueryHandler' [/Users/kady/Masterdom/src/Masterdom.Modules.Reporting/Masterdom.Modules.Reporting.csproj]
/Users/kady/Masterdom/src/Masterdom.Modules.Reporting/Application/Handlers/Queries/GenerateReportQueryHandler.cs(12,12): warning CS1591: Missing XML comment for publicly visible type or member 'GenerateReportQueryHandler.GenerateReportQueryHandler(IReportApplicationService)' [/Users/kady/Masterdom/src/Masterdom.Modules.Reporting/Masterdom.Modules.Reporting.csproj]
/Users/kady/Masterdom/src/Masterdom.Modules.Reporting/Application/Handlers/Queries/GenerateReportQueryHandler.cs(17,45): warning CS1591: Missing XML comment for publicly visible type or member 'GenerateReportQueryHandler.Handle(GenerateReportQuery)' [/Users/kady/Masterdom/src/Masterdom.Modules.Reporting/Masterdom.Modules.Reporting.csproj]
/Users/kady/Masterdom/src/Masterdom.Modules.Reporting/Application/Models/GeneratedReport.cs(3,22): warning CS1591: Missing XML comment for publicly visible type or member 'GeneratedReport' [/Users/kady/Masterdom/src/Masterdom.Modules.Reporting/Masterdom.Modules.Reporting.csproj]
/Users/kady/Masterdom/src/Masterdom.Modules.Reporting/Application/Models/GeneratedReport.cs(3,22): warning CS1591: Missing XML comment for publicly visible type or member 'GeneratedReport.GeneratedReport(string, string, string, string, ReportDataSet, ReportSnapshot?, ReportTemplate?, IReadOnlyCollection<string>, IReadOnlyCollection<string>)' [/Users/kady/Masterdom/src/Masterdom.Modules.Reporting/Masterdom.Modules.Reporting.csproj]
/Users/kady/Masterdom/src/Masterdom.Modules.Reporting/Application/Models/GeneratedReport.cs(4,12): warning CS1591: Missing XML comment for publicly visible type or member 'GeneratedReport.ReportCode' [/Users/kady/Masterdom/src/Masterdom.Modules.Reporting/Masterdom.Modules.Reporting.csproj]
/Users/kady/Masterdom/src/Masterdom.Modules.Reporting/Application/Models/GeneratedReport.cs(5,12): warning CS1591: Missing XML comment for publicly visible type or member 'GeneratedReport.MimeType' [/Users/kady/Masterdom/src/Masterdom.Modules.Reporting/Masterdom.Modules.Reporting.csproj]
/Users/kady/Masterdom/src/Masterdom.Modules.Reporting/Application/Models/GeneratedReport.cs(6,12): warning CS1591: Missing XML comment for publicly visible type or member 'GeneratedReport.ExportFileName' [/Users/kady/Masterdom/src/Masterdom.Modules.Reporting/Masterdom.Modules.Reporting.csproj]
/Users/kady/Masterdom/src/Masterdom.Modules.Reporting/Application/Models/GeneratedReport.cs(7,12): warning CS1591: Missing XML comment for publicly visible type or member 'GeneratedReport.ExportContent' [/Users/kady/Masterdom/src/Masterdom.Modules.Reporting/Masterdom.Modules.Reporting.csproj]
/Users/kady/Masterdom/src/Masterdom.Modules.Reporting/Application/Models/GeneratedReport.cs(8,19): warning CS1591: Missing XML comment for publicly visible type or member 'GeneratedReport.DataSet' [/Users/kady/Masterdom/src/Masterdom.Modules.Reporting/Masterdom.Modules.Reporting.csproj]
/Users/kady/Masterdom/src/Masterdom.Modules.Reporting/Application/Models/GeneratedReport.cs(9,21): warning CS1591: Missing XML comment for publicly visible type or member 'GeneratedReport.Snapshot' [/Users/kady/Masterdom/src/Masterdom.Modules.Reporting/Masterdom.Modules.Reporting.csproj]
/Users/kady/Masterdom/src/Masterdom.Modules.Reporting/Application/Models/GeneratedReport.cs(10,21): warning CS1591: Missing XML comment for publicly visible type or member 'GeneratedReport.AppliedTemplate' [/Users/kady/Masterdom/src/Masterdom.Modules.Reporting/Masterdom.Modules.Reporting.csproj]
/Users/kady/Masterdom/src/Masterdom.Modules.Reporting/Application/Models/GeneratedReport.cs(11,33): warning CS1591: Missing XML comment for publicly visible type or member 'GeneratedReport.Kpis' [/Users/kady/Masterdom/src/Masterdom.Modules.Reporting/Masterdom.Modules.Reporting.csproj]
/Users/kady/Masterdom/src/Masterdom.Modules.Reporting/Application/Models/GeneratedReport.cs(12,33): warning CS1591: Missing XML comment for publicly visible type or member 'GeneratedReport.DashboardSummaries' [/Users/kady/Masterdom/src/Masterdom.Modules.Reporting/Masterdom.Modules.Reporting.csproj]
/Users/kady/Masterdom/src/Masterdom.Modules.Reporting/Application/Models/ReportColumn.cs(3,22): warning CS1591: Missing XML comment for publicly visible type or member 'ReportColumn' [/Users/kady/Masterdom/src/Masterdom.Modules.Reporting/Masterdom.Modules.Reporting.csproj]
/Users/kady/Masterdom/src/Masterdom.Modules.Reporting/Application/Models/ReportColumn.cs(3,22): warning CS1591: Missing XML comment for publicly visible type or member 'ReportColumn.ReportColumn(string, string)' [/Users/kady/Masterdom/src/Masterdom.Modules.Reporting/Masterdom.Modules.Reporting.csproj]
/Users/kady/Masterdom/src/Masterdom.Modules.Reporting/Application/Models/ReportColumn.cs(3,42): warning CS1591: Missing XML comment for publicly visible type or member 'ReportColumn.Key' [/Users/kady/Masterdom/src/Masterdom.Modules.Reporting/Masterdom.Modules.Reporting.csproj]
/Users/kady/Masterdom/src/Masterdom.Modules.Reporting/Application/Models/ReportColumn.cs(3,54): warning CS1591: Missing XML comment for publicly visible type or member 'ReportColumn.Label' [/Users/kady/Masterdom/src/Masterdom.Modules.Reporting/Masterdom.Modules.Reporting.csproj]
/Users/kady/Masterdom/src/Masterdom.Modules.Reporting/Application/Models/ReportDataSet.cs(3,21): warning CS1591: Missing XML comment for publicly visible type or member 'ReportDataSet' [/Users/kady/Masterdom/src/Masterdom.Modules.Reporting/Masterdom.Modules.Reporting.csproj]
/Users/kady/Masterdom/src/Masterdom.Modules.Reporting/Application/Models/ReportDataSet.cs(5,12): warning CS1591: Missing XML comment for publicly visible type or member 'ReportDataSet.ReportDataSet(IReadOnlyCollection<ReportColumn>, IReadOnlyCollection<ReportRow>, int, int, int, string, bool)' [/Users/kady/Masterdom/src/Masterdom.Modules.Reporting/Masterdom.Modules.Reporting.csproj]
/Users/kady/Masterdom/src/Masterdom.Modules.Reporting/Application/Models/ReportDataSet.cs(23,46): warning CS1591: Missing XML comment for publicly visible type or member 'ReportDataSet.Columns' [/Users/kady/Masterdom/src/Masterdom.Modules.Reporting/Masterdom.Modules.Reporting.csproj]
/Users/kady/Masterdom/src/Masterdom.Modules.Reporting/Application/Models/ReportDataSet.cs(25,43): warning CS1591: Missing XML comment for publicly visible type or member 'ReportDataSet.Rows' [/Users/kady/Masterdom/src/Masterdom.Modules.Reporting/Masterdom.Modules.Reporting.csproj]
/Users/kady/Masterdom/src/Masterdom.Modules.Reporting/Application/Models/ReportDataSet.cs(27,16): warning CS1591: Missing XML comment for publicly visible type or member 'ReportDataSet.TotalCount' [/Users/kady/Masterdom/src/Masterdom.Modules.Reporting/Masterdom.Modules.Reporting.csproj]
/Users/kady/Masterdom/src/Masterdom.Modules.Reporting/Application/Models/ReportDataSet.cs(29,16): warning CS1591: Missing XML comment for publicly visible type or member 'ReportDataSet.Page' [/Users/kady/Masterdom/src/Masterdom.Modules.Reporting/Masterdom.Modules.Reporting.csproj]
/Users/kady/Masterdom/src/Masterdom.Modules.Reporting/Application/Models/ReportDataSet.cs(31,16): warning CS1591: Missing XML comment for publicly visible type or member 'ReportDataSet.PageSize' [/Users/kady/Masterdom/src/Masterdom.Modules.Reporting/Masterdom.Modules.Reporting.csproj]
/Users/kady/Masterdom/src/Masterdom.Modules.Reporting/Application/Models/ReportDataSet.cs(33,19): warning CS1591: Missing XML comment for publicly visible type or member 'ReportDataSet.SortBy' [/Users/kady/Masterdom/src/Masterdom.Modules.Reporting/Masterdom.Modules.Reporting.csproj]
/Users/kady/Masterdom/src/Masterdom.Modules.Reporting/Application/Models/ReportDataSet.cs(35,17): warning CS1591: Missing XML comment for publicly visible type or member 'ReportDataSet.SortDescending' [/Users/kady/Masterdom/src/Masterdom.Modules.Reporting/Masterdom.Modules.Reporting.csproj]
/Users/kady/Masterdom/src/Masterdom.Modules.Reporting/Application/Models/ReportPermissionContext.cs(3,22): warning CS1591: Missing XML comment for publicly visible type or member 'ReportPermissionContext' [/Users/kady/Masterdom/src/Masterdom.Modules.Reporting/Masterdom.Modules.Reporting.csproj]
/Users/kady/Masterdom/src/Masterdom.Modules.Reporting/Application/Models/ReportPermissionContext.cs(3,22): warning CS1591: Missing XML comment for publicly visible type or member 'ReportPermissionContext.ReportPermissionContext(string)' [/Users/kady/Masterdom/src/Masterdom.Modules.Reporting/Masterdom.Modules.Reporting.csproj]
/Users/kady/Masterdom/src/Masterdom.Modules.Reporting/Application/Models/ReportPermissionContext.cs(3,53): warning CS1591: Missing XML comment for publicly visible type or member 'ReportPermissionContext.RequiredPermission' [/Users/kady/Masterdom/src/Masterdom.Modules.Reporting/Masterdom.Modules.Reporting.csproj]
/Users/kady/Masterdom/src/Masterdom.Modules.Reporting/Application/Models/ReportRequest.cs(5,21): warning CS1591: Missing XML comment for publicly visible type or member 'ReportRequest' [/Users/kady/Masterdom/src/Masterdom.Modules.Reporting/Masterdom.Modules.Reporting.csproj]
/Users/kady/Masterdom/src/Masterdom.Modules.Reporting/Application/Models/ReportRequest.cs(7,12): warning CS1591: Missing XML comment for publicly visible type or member 'ReportRequest.ReportRequest(string, string, bool, int, int, ReportExportFormat, string?, bool, IReadOnlyDictionary<string, string>)' [/Users/kady/Masterdom/src/Masterdom.Modules.Reporting/Masterdom.Modules.Reporting.csproj]
/Users/kady/Masterdom/src/Masterdom.Modules.Reporting/Application/Models/ReportRequest.cs(29,19): warning CS1591: Missing XML comment for publicly visible type or member 'ReportRequest.ReportCode' [/Users/kady/Masterdom/src/Masterdom.Modules.Reporting/Masterdom.Modules.Reporting.csproj]
/Users/kady/Masterdom/src/Masterdom.Modules.Reporting/Application/Models/ReportRequest.cs(31,19): warning CS1591: Missing XML comment for publicly visible type or member 'ReportRequest.SortBy' [/Users/kady/Masterdom/src/Masterdom.Modules.Reporting/Masterdom.Modules.Reporting.csproj]
/Users/kady/Masterdom/src/Masterdom.Modules.Reporting/Application/Models/ReportRequest.cs(33,17): warning CS1591: Missing XML comment for publicly visible type or member 'ReportRequest.SortDescending' [/Users/kady/Masterdom/src/Masterdom.Modules.Reporting/Masterdom.Modules.Reporting.csproj]
/Users/kady/Masterdom/src/Masterdom.Modules.Reporting/Application/Models/ReportRequest.cs(35,16): warning CS1591: Missing XML comment for publicly visible type or member 'ReportRequest.Page' [/Users/kady/Masterdom/src/Masterdom.Modules.Reporting/Masterdom.Modules.Reporting.csproj]
/Users/kady/Masterdom/src/Masterdom.Modules.Reporting/Application/Models/ReportRequest.cs(37,16): warning CS1591: Missing XML comment for publicly visible type or member 'ReportRequest.PageSize' [/Users/kady/Masterdom/src/Masterdom.Modules.Reporting/Masterdom.Modules.Reporting.csproj]
/Users/kady/Masterdom/src/Masterdom.Modules.Reporting/Application/Models/ReportRequest.cs(39,31): warning CS1591: Missing XML comment for publicly visible type or member 'ReportRequest.ExportFormat' [/Users/kady/Masterdom/src/Masterdom.Modules.Reporting/Masterdom.Modules.Reporting.csproj]
/Users/kady/Masterdom/src/Masterdom.Modules.Reporting/Application/Models/ReportRequest.cs(41,20): warning CS1591: Missing XML comment for publicly visible type or member 'ReportRequest.TemplateName' [/Users/kady/Masterdom/src/Masterdom.Modules.Reporting/Masterdom.Modules.Reporting.csproj]
/Users/kady/Masterdom/src/Masterdom.Modules.Reporting/Application/Models/ReportRequest.cs(43,17): warning CS1591: Missing XML comment for publicly visible type or member 'ReportRequest.CreateSnapshot' [/Users/kady/Masterdom/src/Masterdom.Modules.Reporting/Masterdom.Modules.Reporting.csproj]
/Users/kady/Masterdom/src/Masterdom.Modules.Reporting/Application/Models/ReportRequest.cs(45,48): warning CS1591: Missing XML comment for publicly visible type or member 'ReportRequest.Filters' [/Users/kady/Masterdom/src/Masterdom.Modules.Reporting/Masterdom.Modules.Reporting.csproj]
/Users/kady/Masterdom/src/Masterdom.Modules.Reporting/Application/Models/ReportRow.cs(3,22): warning CS1591: Missing XML comment for publicly visible type or member 'ReportRow' [/Users/kady/Masterdom/src/Masterdom.Modules.Reporting/Masterdom.Modules.Reporting.csproj]
/Users/kady/Masterdom/src/Masterdom.Modules.Reporting/Application/Models/ReportRow.cs(3,22): warning CS1591: Missing XML comment for publicly visible type or member 'ReportRow.ReportRow(IReadOnlyDictionary<string, string>)' [/Users/kady/Masterdom/src/Masterdom.Modules.Reporting/Masterdom.Modules.Reporting.csproj]
/Users/kady/Masterdom/src/Masterdom.Modules.Reporting/Application/Models/ReportRow.cs(3,68): warning CS1591: Missing XML comment for publicly visible type or member 'ReportRow.Values' [/Users/kady/Masterdom/src/Masterdom.Modules.Reporting/Masterdom.Modules.Reporting.csproj]
/Users/kady/Masterdom/src/Masterdom.Modules.Reporting/Application/Models/ReportSnapshot.cs(3,22): warning CS1591: Missing XML comment for publicly visible type or member 'ReportSnapshot' [/Users/kady/Masterdom/src/Masterdom.Modules.Reporting/Masterdom.Modules.Reporting.csproj]
/Users/kady/Masterdom/src/Masterdom.Modules.Reporting/Application/Models/ReportSnapshot.cs(3,22): warning CS1591: Missing XML comment for publicly visible type or member 'ReportSnapshot.ReportSnapshot(string, string, DateTime, ReportDataSet)' [/Users/kady/Masterdom/src/Masterdom.Modules.Reporting/Masterdom.Modules.Reporting.csproj]
/Users/kady/Masterdom/src/Masterdom.Modules.Reporting/Application/Models/ReportSnapshot.cs(4,12): warning CS1591: Missing XML comment for publicly visible type or member 'ReportSnapshot.SnapshotId' [/Users/kady/Masterdom/src/Masterdom.Modules.Reporting/Masterdom.Modules.Reporting.csproj]
/Users/kady/Masterdom/src/Masterdom.Modules.Reporting/Application/Models/ReportSnapshot.cs(5,12): warning CS1591: Missing XML comment for publicly visible type or member 'ReportSnapshot.ReportCode' [/Users/kady/Masterdom/src/Masterdom.Modules.Reporting/Masterdom.Modules.Reporting.csproj]
/Users/kady/Masterdom/src/Masterdom.Modules.Reporting/Application/Models/ReportSnapshot.cs(6,14): warning CS1591: Missing XML comment for publicly visible type or member 'ReportSnapshot.CreatedAtUtc' [/Users/kady/Masterdom/src/Masterdom.Modules.Reporting/Masterdom.Modules.Reporting.csproj]
/Users/kady/Masterdom/src/Masterdom.Modules.Reporting/Application/Models/ReportSnapshot.cs(7,19): warning CS1591: Missing XML comment for publicly visible type or member 'ReportSnapshot.DataSet' [/Users/kady/Masterdom/src/Masterdom.Modules.Reporting/Masterdom.Modules.Reporting.csproj]
/Users/kady/Masterdom/src/Masterdom.Modules.Reporting/Application/Models/ReportTemplate.cs(3,22): warning CS1591: Missing XML comment for publicly visible type or member 'ReportTemplate' [/Users/kady/Masterdom/src/Masterdom.Modules.Reporting/Masterdom.Modules.Reporting.csproj]
/Users/kady/Masterdom/src/Masterdom.Modules.Reporting/Application/Models/ReportTemplate.cs(3,22): warning CS1591: Missing XML comment for publicly visible type or member 'ReportTemplate.ReportTemplate(string, string, string, bool, int, IReadOnlyDictionary<string, string>)' [/Users/kady/Masterdom/src/Masterdom.Modules.Reporting/Masterdom.Modules.Reporting.csproj]
/Users/kady/Masterdom/src/Masterdom.Modules.Reporting/Application/Models/ReportTemplate.cs(4,12): warning CS1591: Missing XML comment for publicly visible type or member 'ReportTemplate.Name' [/Users/kady/Masterdom/src/Masterdom.Modules.Reporting/Masterdom.Modules.Reporting.csproj]
/Users/kady/Masterdom/src/Masterdom.Modules.Reporting/Application/Models/ReportTemplate.cs(5,12): warning CS1591: Missing XML comment for publicly visible type or member 'ReportTemplate.ReportCode' [/Users/kady/Masterdom/src/Masterdom.Modules.Reporting/Masterdom.Modules.Reporting.csproj]
/Users/kady/Masterdom/src/Masterdom.Modules.Reporting/Application/Models/ReportTemplate.cs(6,12): warning CS1591: Missing XML comment for publicly visible type or member 'ReportTemplate.SortBy' [/Users/kady/Masterdom/src/Masterdom.Modules.Reporting/Masterdom.Modules.Reporting.csproj]
/Users/kady/Masterdom/src/Masterdom.Modules.Reporting/Application/Models/ReportTemplate.cs(7,10): warning CS1591: Missing XML comment for publicly visible type or member 'ReportTemplate.SortDescending' [/Users/kady/Masterdom/src/Masterdom.Modules.Reporting/Masterdom.Modules.Reporting.csproj]
/Users/kady/Masterdom/src/Masterdom.Modules.Reporting/Application/Models/ReportTemplate.cs(8,9): warning CS1591: Missing XML comment for publicly visible type or member 'ReportTemplate.PageSize' [/Users/kady/Masterdom/src/Masterdom.Modules.Reporting/Masterdom.Modules.Reporting.csproj]
/Users/kady/Masterdom/src/Masterdom.Modules.Reporting/Application/Models/ReportTemplate.cs(9,41): warning CS1591: Missing XML comment for publicly visible type or member 'ReportTemplate.Filters' [/Users/kady/Masterdom/src/Masterdom.Modules.Reporting/Masterdom.Modules.Reporting.csproj]
/Users/kady/Masterdom/src/Masterdom.Modules.Reporting/Application/Queries/GenerateReportQuery.cs(5,22): warning CS1591: Missing XML comment for publicly visible type or member 'GenerateReportQuery' [/Users/kady/Masterdom/src/Masterdom.Modules.Reporting/Masterdom.Modules.Reporting.csproj]
/Users/kady/Masterdom/src/Masterdom.Modules.Reporting/Application/Queries/GenerateReportQuery.cs(5,22): warning CS1591: Missing XML comment for publicly visible type or member 'GenerateReportQuery.GenerateReportQuery(string, string, bool, int, int, ReportExportFormat, string?, bool, IReadOnlyDictionary<string, string>)' [/Users/kady/Masterdom/src/Masterdom.Modules.Reporting/Masterdom.Modules.Reporting.csproj]
/Users/kady/Masterdom/src/Masterdom.Modules.Reporting/Application/Queries/GenerateReportQuery.cs(6,12): warning CS1591: Missing XML comment for publicly visible type or member 'GenerateReportQuery.ReportCode' [/Users/kady/Masterdom/src/Masterdom.Modules.Reporting/Masterdom.Modules.Reporting.csproj]
/Users/kady/Masterdom/src/Masterdom.Modules.Reporting/Application/Queries/GenerateReportQuery.cs(7,12): warning CS1591: Missing XML comment for publicly visible type or member 'GenerateReportQuery.SortBy' [/Users/kady/Masterdom/src/Masterdom.Modules.Reporting/Masterdom.Modules.Reporting.csproj]
/Users/kady/Masterdom/src/Masterdom.Modules.Reporting/Application/Queries/GenerateReportQuery.cs(8,10): warning CS1591: Missing XML comment for publicly visible type or member 'GenerateReportQuery.SortDescending' [/Users/kady/Masterdom/src/Masterdom.Modules.Reporting/Masterdom.Modules.Reporting.csproj]
/Users/kady/Masterdom/src/Masterdom.Modules.Reporting/Application/Queries/GenerateReportQuery.cs(9,9): warning CS1591: Missing XML comment for publicly visible type or member 'GenerateReportQuery.Page' [/Users/kady/Masterdom/src/Masterdom.Modules.Reporting/Masterdom.Modules.Reporting.csproj]
/Users/kady/Masterdom/src/Masterdom.Modules.Reporting/Application/Queries/GenerateReportQuery.cs(10,9): warning CS1591: Missing XML comment for publicly visible type or member 'GenerateReportQuery.PageSize' [/Users/kady/Masterdom/src/Masterdom.Modules.Reporting/Masterdom.Modules.Reporting.csproj]
/Users/kady/Masterdom/src/Masterdom.Modules.Reporting/Application/Queries/GenerateReportQuery.cs(11,24): warning CS1591: Missing XML comment for publicly visible type or member 'GenerateReportQuery.ExportFormat' [/Users/kady/Masterdom/src/Masterdom.Modules.Reporting/Masterdom.Modules.Reporting.csproj]
/Users/kady/Masterdom/src/Masterdom.Modules.Reporting/Application/Queries/GenerateReportQuery.cs(12,13): warning CS1591: Missing XML comment for publicly visible type or member 'GenerateReportQuery.TemplateName' [/Users/kady/Masterdom/src/Masterdom.Modules.Reporting/Masterdom.Modules.Reporting.csproj]
/Users/kady/Masterdom/src/Masterdom.Modules.Reporting/Application/Queries/GenerateReportQuery.cs(13,10): warning CS1591: Missing XML comment for publicly visible type or member 'GenerateReportQuery.CreateSnapshot' [/Users/kady/Masterdom/src/Masterdom.Modules.Reporting/Masterdom.Modules.Reporting.csproj]
/Users/kady/Masterdom/src/Masterdom.Modules.Reporting/Application/Queries/GenerateReportQuery.cs(14,41): warning CS1591: Missing XML comment for publicly visible type or member 'GenerateReportQuery.Filters' [/Users/kady/Masterdom/src/Masterdom.Modules.Reporting/Masterdom.Modules.Reporting.csproj]
/Users/kady/Masterdom/src/Masterdom.Modules.Reporting/Application/Services/InMemoryReportSnapshotStore.cs(5,21): warning CS1591: Missing XML comment for publicly visible type or member 'InMemoryReportSnapshotStore' [/Users/kady/Masterdom/src/Masterdom.Modules.Reporting/Masterdom.Modules.Reporting.csproj]
/Users/kady/Masterdom/src/Masterdom.Modules.Reporting/Application/Services/InMemoryReportSnapshotStore.cs(9,27): warning CS1591: Missing XML comment for publicly visible type or member 'InMemoryReportSnapshotStore.Save(string, ReportDataSet, DateTime)' [/Users/kady/Masterdom/src/Masterdom.Modules.Reporting/Masterdom.Modules.Reporting.csproj]
/Users/kady/Masterdom/src/Masterdom.Modules.Reporting/Application/Services/InMemoryReportTemplateStore.cs(5,21): warning CS1591: Missing XML comment for publicly visible type or member 'InMemoryReportTemplateStore' [/Users/kady/Masterdom/src/Masterdom.Modules.Reporting/Masterdom.Modules.Reporting.csproj]
/Users/kady/Masterdom/src/Masterdom.Modules.Reporting/Application/Services/InMemoryReportTemplateStore.cs(9,17): warning CS1591: Missing XML comment for publicly visible type or member 'InMemoryReportTemplateStore.Save(ReportTemplate)' [/Users/kady/Masterdom/src/Masterdom.Modules.Reporting/Masterdom.Modules.Reporting.csproj]
/Users/kady/Masterdom/src/Masterdom.Modules.Reporting/Application/Services/InMemoryReportTemplateStore.cs(15,28): warning CS1591: Missing XML comment for publicly visible type or member 'InMemoryReportTemplateStore.Get(string, string)' [/Users/kady/Masterdom/src/Masterdom.Modules.Reporting/Masterdom.Modules.Reporting.csproj]
/Users/kady/Masterdom/src/Masterdom.Modules.Reporting/Application/Services/IReportApplicationService.cs(6,18): warning CS1591: Missing XML comment for publicly visible type or member 'IReportApplicationService' [/Users/kady/Masterdom/src/Masterdom.Modules.Reporting/Masterdom.Modules.Reporting.csproj]
/Users/kady/Masterdom/src/Masterdom.Modules.Reporting/Application/Services/IReportApplicationService.cs(8,21): warning CS1591: Missing XML comment for publicly visible type or member 'IReportApplicationService.Generate(GenerateReportQuery)' [/Users/kady/Masterdom/src/Masterdom.Modules.Reporting/Masterdom.Modules.Reporting.csproj]
/Users/kady/Masterdom/src/Masterdom.Modules.Reporting/Application/Services/IReportExportService.cs(6,18): warning CS1591: Missing XML comment for publicly visible type or member 'IReportExportService' [/Users/kady/Masterdom/src/Masterdom.Modules.Reporting/Masterdom.Modules.Reporting.csproj]
/Users/kady/Masterdom/src/Masterdom.Modules.Reporting/Application/Services/IReportExportService.cs(8,56): warning CS1591: Missing XML comment for publicly visible type or member 'IReportExportService.Export(string, ReportExportFormat, ReportDataSet)' [/Users/kady/Masterdom/src/Masterdom.Modules.Reporting/Masterdom.Modules.Reporting.csproj]
/Users/kady/Masterdom/src/Masterdom.Modules.Reporting/Application/Services/IReportPermissionService.cs(3,18): warning CS1591: Missing XML comment for publicly visible type or member 'IReportPermissionService' [/Users/kady/Masterdom/src/Masterdom.Modules.Reporting/Masterdom.Modules.Reporting.csproj]
/Users/kady/Masterdom/src/Masterdom.Modules.Reporting/Application/Services/IReportPermissionService.cs(5,10): warning CS1591: Missing XML comment for publicly visible type or member 'IReportPermissionService.HasPermission(string)' [/Users/kady/Masterdom/src/Masterdom.Modules.Reporting/Masterdom.Modules.Reporting.csproj]
/Users/kady/Masterdom/src/Masterdom.Modules.Reporting/Application/Services/IReportSnapshotStore.cs(5,18): warning CS1591: Missing XML comment for publicly visible type or member 'IReportSnapshotStore' [/Users/kady/Masterdom/src/Masterdom.Modules.Reporting/Masterdom.Modules.Reporting.csproj]
/Users/kady/Masterdom/src/Masterdom.Modules.Reporting/Application/Services/IReportSnapshotStore.cs(7,20): warning CS1591: Missing XML comment for publicly visible type or member 'IReportSnapshotStore.Save(string, ReportDataSet, DateTime)' [/Users/kady/Masterdom/src/Masterdom.Modules.Reporting/Masterdom.Modules.Reporting.csproj]
/Users/kady/Masterdom/src/Masterdom.Modules.Reporting/Application/Services/IReportTemplateStore.cs(5,18): warning CS1591: Missing XML comment for publicly visible type or member 'IReportTemplateStore' [/Users/kady/Masterdom/src/Masterdom.Modules.Reporting/Masterdom.Modules.Reporting.csproj]
/Users/kady/Masterdom/src/Masterdom.Modules.Reporting/Application/Services/IReportTemplateStore.cs(7,10): warning CS1591: Missing XML comment for publicly visible type or member 'IReportTemplateStore.Save(ReportTemplate)' [/Users/kady/Masterdom/src/Masterdom.Modules.Reporting/Masterdom.Modules.Reporting.csproj]
/Users/kady/Masterdom/src/Masterdom.Modules.Reporting/Application/Services/IReportTemplateStore.cs(9,21): warning CS1591: Missing XML comment for publicly visible type or member 'IReportTemplateStore.Get(string, string)' [/Users/kady/Masterdom/src/Masterdom.Modules.Reporting/Masterdom.Modules.Reporting.csproj]
/Users/kady/Masterdom/src/Masterdom.Modules.Reporting/Application/Services/ReportApplicationService.cs(8,21): warning CS1591: Missing XML comment for publicly visible type or member 'ReportApplicationService' [/Users/kady/Masterdom/src/Masterdom.Modules.Reporting/Masterdom.Modules.Reporting.csproj]
/Users/kady/Masterdom/src/Masterdom.Modules.Reporting/Application/Services/ReportApplicationService.cs(19,12): warning CS1591: Missing XML comment for publicly visible type or member 'ReportApplicationService.ReportApplicationService(IReportReadModelRegistry, IReadModelRegistry, IReadModelProjectionOrchestrator, IReportTemplateStore, IReportSnapshotStore, IReportPermissionService, IReportExportService, IReportPlatformOrchestrator)' [/Users/kady/Masterdom/src/Masterdom.Modules.Reporting/Masterdom.Modules.Reporting.csproj]
/Users/kady/Masterdom/src/Masterdom.Modules.Reporting/Application/Services/ReportApplicationService.cs(39,28): warning CS1591: Missing XML comment for publicly visible type or member 'ReportApplicationService.Generate(GenerateReportQuery)' [/Users/kady/Masterdom/src/Masterdom.Modules.Reporting/Masterdom.Modules.Reporting.csproj]
/Users/kady/Masterdom/src/Masterdom.Modules.Reporting/Application/Services/ReportExportService.cs(7,21): warning CS1591: Missing XML comment for publicly visible type or member 'ReportExportService' [/Users/kady/Masterdom/src/Masterdom.Modules.Reporting/Masterdom.Modules.Reporting.csproj]
/Users/kady/Masterdom/src/Masterdom.Modules.Reporting/Application/Services/ReportExportService.cs(9,63): warning CS1591: Missing XML comment for publicly visible type or member 'ReportExportService.Export(string, ReportExportFormat, ReportDataSet)' [/Users/kady/Masterdom/src/Masterdom.Modules.Reporting/Masterdom.Modules.Reporting.csproj]
/Users/kady/Masterdom/src/Masterdom.Modules.Reporting/Application/Services/ReportPermissionService.cs(5,21): warning CS1591: Missing XML comment for publicly visible type or member 'ReportPermissionService' [/Users/kady/Masterdom/src/Masterdom.Modules.Reporting/Masterdom.Modules.Reporting.csproj]
/Users/kady/Masterdom/src/Masterdom.Modules.Reporting/Application/Services/ReportPermissionService.cs(9,12): warning CS1591: Missing XML comment for publicly visible type or member 'ReportPermissionService.ReportPermissionService(ICurrentUserAccessor)' [/Users/kady/Masterdom/src/Masterdom.Modules.Reporting/Masterdom.Modules.Reporting.csproj]
/Users/kady/Masterdom/src/Masterdom.Modules.Reporting/Application/Services/ReportPermissionService.cs(14,17): warning CS1591: Missing XML comment for publicly visible type or member 'ReportPermissionService.HasPermission(string)' [/Users/kady/Masterdom/src/Masterdom.Modules.Reporting/Masterdom.Modules.Reporting.csproj]
/Users/kady/Masterdom/src/Masterdom.Modules.Reporting/Application/Services/ReportReadModelRegistry.cs(5,21): warning CS1591: Missing XML comment for publicly visible type or member 'ReportReadModelRegistry' [/Users/kady/Masterdom/src/Masterdom.Modules.Reporting/Masterdom.Modules.Reporting.csproj]
/Users/kady/Masterdom/src/Masterdom.Modules.Reporting/Application/Services/ReportReadModelRegistry.cs(43,61): warning CS1591: Missing XML comment for publicly visible type or member 'ReportReadModelRegistry.GetRegistrations()' [/Users/kady/Masterdom/src/Masterdom.Modules.Reporting/Masterdom.Modules.Reporting.csproj]
/Users/kady/Masterdom/src/Masterdom.Modules.Reporting/Application/Services/ReportReadModelRegistry.cs(45,40): warning CS1591: Missing XML comment for publicly visible type or member 'ReportReadModelRegistry.Resolve(string)' [/Users/kady/Masterdom/src/Masterdom.Modules.Reporting/Masterdom.Modules.Reporting.csproj]
/Users/kady/Masterdom/src/Masterdom.Modules.Reporting/Application/Support/ExecutionResult.cs(3,14): warning CS1591: Missing XML comment for publicly visible type or member 'ExecutionResult' [/Users/kady/Masterdom/src/Masterdom.Modules.Reporting/Masterdom.Modules.Reporting.csproj]
/Users/kady/Masterdom/src/Masterdom.Modules.Reporting/Application/Support/ExecutionResult.cs(5,15): warning CS1591: Missing XML comment for publicly visible type or member 'ExecutionResult.ExecutionResult(bool, string?, string?)' [/Users/kady/Masterdom/src/Masterdom.Modules.Reporting/Masterdom.Modules.Reporting.csproj]
/Users/kady/Masterdom/src/Masterdom.Modules.Reporting/Application/Support/ExecutionResult.cs(12,17): warning CS1591: Missing XML comment for publicly visible type or member 'ExecutionResult.IsSuccess' [/Users/kady/Masterdom/src/Masterdom.Modules.Reporting/Masterdom.Modules.Reporting.csproj]
/Users/kady/Masterdom/src/Masterdom.Modules.Reporting/Application/Support/ExecutionResult.cs(14,20): warning CS1591: Missing XML comment for publicly visible type or member 'ExecutionResult.ErrorCode' [/Users/kady/Masterdom/src/Masterdom.Modules.Reporting/Masterdom.Modules.Reporting.csproj]
/Users/kady/Masterdom/src/Masterdom.Modules.Reporting/Application/Support/ExecutionResult.cs(16,20): warning CS1591: Missing XML comment for publicly visible type or member 'ExecutionResult.ErrorMessage' [/Users/kady/Masterdom/src/Masterdom.Modules.Reporting/Masterdom.Modules.Reporting.csproj]
/Users/kady/Masterdom/src/Masterdom.Modules.Reporting/Application/Support/ExecutionResult.cs(18,35): warning CS1591: Missing XML comment for publicly visible type or member 'ExecutionResult.Success()' [/Users/kady/Masterdom/src/Masterdom.Modules.Reporting/Masterdom.Modules.Reporting.csproj]
/Users/kady/Masterdom/src/Masterdom.Modules.Reporting/Application/Support/ExecutionResult.cs(23,35): warning CS1591: Missing XML comment for publicly visible type or member 'ExecutionResult.Failure(string, string)' [/Users/kady/Masterdom/src/Masterdom.Modules.Reporting/Masterdom.Modules.Reporting.csproj]
/Users/kady/Masterdom/src/Masterdom.Modules.Reporting/Application/Support/ExecutionResult.cs(29,21): warning CS1591: Missing XML comment for publicly visible type or member 'ExecutionResult<T>' [/Users/kady/Masterdom/src/Masterdom.Modules.Reporting/Masterdom.Modules.Reporting.csproj]
/Users/kady/Masterdom/src/Masterdom.Modules.Reporting/Application/Support/ExecutionResult.cs(37,15): warning CS1591: Missing XML comment for publicly visible type or member 'ExecutionResult<T>.Value' [/Users/kady/Masterdom/src/Masterdom.Modules.Reporting/Masterdom.Modules.Reporting.csproj]
/Users/kady/Masterdom/src/Masterdom.Modules.Reporting/Application/Support/ExecutionResult.cs(39,38): warning CS1591: Missing XML comment for publicly visible type or member 'ExecutionResult<T>.Success(T)' [/Users/kady/Masterdom/src/Masterdom.Modules.Reporting/Masterdom.Modules.Reporting.csproj]
/Users/kady/Masterdom/src/Masterdom.Modules.Reporting/Application/Support/ExecutionResult.cs(44,42): warning CS1591: Missing XML comment for publicly visible type or member 'ExecutionResult<T>.Failure(string, string)' [/Users/kady/Masterdom/src/Masterdom.Modules.Reporting/Masterdom.Modules.Reporting.csproj]
/Users/kady/Masterdom/src/Masterdom.Modules.Reporting/Application/Support/IQueryHandler.cs(3,18): warning CS1591: Missing XML comment for publicly visible type or member 'IQueryHandler<TQuery, TResult>' [/Users/kady/Masterdom/src/Masterdom.Modules.Reporting/Masterdom.Modules.Reporting.csproj]
/Users/kady/Masterdom/src/Masterdom.Modules.Reporting/Application/Support/IQueryHandler.cs(5,13): warning CS1591: Missing XML comment for publicly visible type or member 'IQueryHandler<TQuery, TResult>.Handle(TQuery)' [/Users/kady/Masterdom/src/Masterdom.Modules.Reporting/Masterdom.Modules.Reporting.csproj]
/Users/kady/Masterdom/src/Masterdom.Modules.Reporting/Application/Support/IReportPlatformOrchestrator.cs(3,18): warning CS1591: Missing XML comment for publicly visible type or member 'IReportPlatformOrchestrator' [/Users/kady/Masterdom/src/Masterdom.Modules.Reporting/Masterdom.Modules.Reporting.csproj]
/Users/kady/Masterdom/src/Masterdom.Modules.Reporting/Application/Support/IReportPlatformOrchestrator.cs(5,10): warning CS1591: Missing XML comment for publicly visible type or member 'IReportPlatformOrchestrator.OnReportGenerated(string, DateTime)' [/Users/kady/Masterdom/src/Masterdom.Modules.Reporting/Masterdom.Modules.Reporting.csproj]
/Users/kady/Masterdom/src/Masterdom.Modules.Notifications/Application/Models/NotificationRequest.cs(5,12): warning CS8618: Non-nullable property 'EventCode' must contain a non-null value when exiting constructor. Consider adding the 'required' modifier or declaring the property as nullable. [/Users/kady/Masterdom/src/Masterdom.Modules.Notifications/Masterdom.Modules.Notifications.csproj]
/Users/kady/Masterdom/src/Masterdom.Modules.Notifications/Application/Models/NotificationRequest.cs(5,12): warning CS8618: Non-nullable property 'Parameters' must contain a non-null value when exiting constructor. Consider adding the 'required' modifier or declaring the property as nullable. [/Users/kady/Masterdom/src/Masterdom.Modules.Notifications/Masterdom.Modules.Notifications.csproj]
/Users/kady/Masterdom/src/Masterdom.Modules.Notifications/Application/Models/NotificationRequest.cs(12,9): warning CS1717: Assignment made to same variable; did you mean to assign something else? [/Users/kady/Masterdom/src/Masterdom.Modules.Notifications/Masterdom.Modules.Notifications.csproj]
/Users/kady/Masterdom/src/Masterdom.Modules.Notifications/Application/Models/NotificationRequest.cs(13,9): warning CS1717: Assignment made to same variable; did you mean to assign something else? [/Users/kady/Masterdom/src/Masterdom.Modules.Notifications/Masterdom.Modules.Notifications.csproj]
/Users/kady/Masterdom/src/Masterdom.Modules.Notifications/Application/Models/NotificationRequest.cs(14,9): warning CS1717: Assignment made to same variable; did you mean to assign something else? [/Users/kady/Masterdom/src/Masterdom.Modules.Notifications/Masterdom.Modules.Notifications.csproj]
/Users/kady/Masterdom/src/Masterdom.Modules.Notifications/Application/Commands/GenerateNotificationCommand.cs(3,22): warning CS1591: Missing XML comment for publicly visible type or member 'GenerateNotificationCommand' [/Users/kady/Masterdom/src/Masterdom.Modules.Notifications/Masterdom.Modules.Notifications.csproj]
/Users/kady/Masterdom/src/Masterdom.Modules.Notifications/Application/Commands/GenerateNotificationCommand.cs(3,22): warning CS1591: Missing XML comment for publicly visible type or member 'GenerateNotificationCommand.GenerateNotificationCommand(string, Guid, DateTime, IReadOnlyDictionary<string, string>, DateTime?)' [/Users/kady/Masterdom/src/Masterdom.Modules.Notifications/Masterdom.Modules.Notifications.csproj]
/Users/kady/Masterdom/src/Masterdom.Modules.Notifications/Application/Commands/GenerateNotificationCommand.cs(4,12): warning CS1591: Missing XML comment for publicly visible type or member 'GenerateNotificationCommand.EventCode' [/Users/kady/Masterdom/src/Masterdom.Modules.Notifications/Masterdom.Modules.Notifications.csproj]
/Users/kady/Masterdom/src/Masterdom.Modules.Notifications/Application/Commands/GenerateNotificationCommand.cs(5,10): warning CS1591: Missing XML comment for publicly visible type or member 'GenerateNotificationCommand.RecipientId' [/Users/kady/Masterdom/src/Masterdom.Modules.Notifications/Masterdom.Modules.Notifications.csproj]
/Users/kady/Masterdom/src/Masterdom.Modules.Notifications/Application/Commands/GenerateNotificationCommand.cs(6,14): warning CS1591: Missing XML comment for publicly visible type or member 'GenerateNotificationCommand.RequestedAtUtc' [/Users/kady/Masterdom/src/Masterdom.Modules.Notifications/Masterdom.Modules.Notifications.csproj]
/Users/kady/Masterdom/src/Masterdom.Modules.Notifications/Application/Commands/GenerateNotificationCommand.cs(7,41): warning CS1591: Missing XML comment for publicly visible type or member 'GenerateNotificationCommand.Parameters' [/Users/kady/Masterdom/src/Masterdom.Modules.Notifications/Masterdom.Modules.Notifications.csproj]
/Users/kady/Masterdom/src/Masterdom.Modules.Notifications/Application/Commands/GenerateNotificationCommand.cs(8,15): warning CS1591: Missing XML comment for publicly visible type or member 'GenerateNotificationCommand.RequestedDeliveryAtUtc' [/Users/kady/Masterdom/src/Masterdom.Modules.Notifications/Masterdom.Modules.Notifications.csproj]
/Users/kady/Masterdom/src/Masterdom.Modules.Notifications/Application/Handlers/Commands/GenerateNotificationCommandHandler.cs(8,21): warning CS1591: Missing XML comment for publicly visible type or member 'GenerateNotificationCommandHandler' [/Users/kady/Masterdom/src/Masterdom.Modules.Notifications/Masterdom.Modules.Notifications.csproj]
/Users/kady/Masterdom/src/Masterdom.Modules.Notifications/Application/Handlers/Commands/GenerateNotificationCommandHandler.cs(13,12): warning CS1591: Missing XML comment for publicly visible type or member 'GenerateNotificationCommandHandler.GenerateNotificationCommandHandler(INotificationApplicationService)' [/Users/kady/Masterdom/src/Masterdom.Modules.Notifications/Masterdom.Modules.Notifications.csproj]
/Users/kady/Masterdom/src/Masterdom.Modules.Notifications/Application/Handlers/Commands/GenerateNotificationCommandHandler.cs(18,51): warning CS1591: Missing XML comment for publicly visible type or member 'GenerateNotificationCommandHandler.Handle(GenerateNotificationCommand)' [/Users/kady/Masterdom/src/Masterdom.Modules.Notifications/Masterdom.Modules.Notifications.csproj]
/Users/kady/Masterdom/src/Masterdom.Modules.Notifications/Application/Handlers/Queries/GetNotificationHistoryQueryHandler.cs(8,21): warning CS1591: Missing XML comment for publicly visible type or member 'GetNotificationHistoryQueryHandler' [/Users/kady/Masterdom/src/Masterdom.Modules.Notifications/Masterdom.Modules.Notifications.csproj]
/Users/kady/Masterdom/src/Masterdom.Modules.Notifications/Application/Handlers/Queries/GetNotificationHistoryQueryHandler.cs(13,12): warning CS1591: Missing XML comment for publicly visible type or member 'GetNotificationHistoryQueryHandler.GetNotificationHistoryQueryHandler(INotificationApplicationService)' [/Users/kady/Masterdom/src/Masterdom.Modules.Notifications/Masterdom.Modules.Notifications.csproj]
/Users/kady/Masterdom/src/Masterdom.Modules.Notifications/Application/Handlers/Queries/GetNotificationHistoryQueryHandler.cs(18,75): warning CS1591: Missing XML comment for publicly visible type or member 'GetNotificationHistoryQueryHandler.Handle(GetNotificationHistoryQuery)' [/Users/kady/Masterdom/src/Masterdom.Modules.Notifications/Masterdom.Modules.Notifications.csproj]
/Users/kady/Masterdom/src/Masterdom.Modules.Notifications/Application/Models/DeliveryChannel.cs(3,13): warning CS1591: Missing XML comment for publicly visible type or member 'DeliveryChannel' [/Users/kady/Masterdom/src/Masterdom.Modules.Notifications/Masterdom.Modules.Notifications.csproj]
/Users/kady/Masterdom/src/Masterdom.Modules.Notifications/Application/Models/DeliveryChannel.cs(5,5): warning CS1591: Missing XML comment for publicly visible type or member 'DeliveryChannel.Email' [/Users/kady/Masterdom/src/Masterdom.Modules.Notifications/Masterdom.Modules.Notifications.csproj]
/Users/kady/Masterdom/src/Masterdom.Modules.Notifications/Application/Models/DeliveryChannel.cs(6,5): warning CS1591: Missing XML comment for publicly visible type or member 'DeliveryChannel.Sms' [/Users/kady/Masterdom/src/Masterdom.Modules.Notifications/Masterdom.Modules.Notifications.csproj]
/Users/kady/Masterdom/src/Masterdom.Modules.Notifications/Application/Models/DeliveryChannel.cs(7,5): warning CS1591: Missing XML comment for publicly visible type or member 'DeliveryChannel.Push' [/Users/kady/Masterdom/src/Masterdom.Modules.Notifications/Masterdom.Modules.Notifications.csproj]
/Users/kady/Masterdom/src/Masterdom.Modules.Notifications/Application/Models/DeliveryChannel.cs(8,5): warning CS1591: Missing XML comment for publicly visible type or member 'DeliveryChannel.WhatsApp' [/Users/kady/Masterdom/src/Masterdom.Modules.Notifications/Masterdom.Modules.Notifications.csproj]
/Users/kady/Masterdom/src/Masterdom.Modules.Notifications/Application/Models/EventCodeCatalog.cs(3,21): warning CS1591: Missing XML comment for publicly visible type or member 'EventCodeCatalog' [/Users/kady/Masterdom/src/Masterdom.Modules.Notifications/Masterdom.Modules.Notifications.csproj]
/Users/kady/Masterdom/src/Masterdom.Modules.Notifications/Application/Models/EventCodeCatalog.cs(5,25): warning CS1591: Missing XML comment for publicly visible type or member 'EventCodeCatalog.BillGenerated' [/Users/kady/Masterdom/src/Masterdom.Modules.Notifications/Masterdom.Modules.Notifications.csproj]
/Users/kady/Masterdom/src/Masterdom.Modules.Notifications/Application/Models/EventCodeCatalog.cs(6,25): warning CS1591: Missing XML comment for publicly visible type or member 'EventCodeCatalog.BillFinalized' [/Users/kady/Masterdom/src/Masterdom.Modules.Notifications/Masterdom.Modules.Notifications.csproj]
/Users/kady/Masterdom/src/Masterdom.Modules.Notifications/Application/Models/EventCodeCatalog.cs(7,25): warning CS1591: Missing XML comment for publicly visible type or member 'EventCodeCatalog.PaymentReceived' [/Users/kady/Masterdom/src/Masterdom.Modules.Notifications/Masterdom.Modules.Notifications.csproj]
/Users/kady/Masterdom/src/Masterdom.Modules.Notifications/Application/Models/EventCodeCatalog.cs(8,25): warning CS1591: Missing XML comment for publicly visible type or member 'EventCodeCatalog.PaymentReversed' [/Users/kady/Masterdom/src/Masterdom.Modules.Notifications/Masterdom.Modules.Notifications.csproj]
/Users/kady/Masterdom/src/Masterdom.Modules.Notifications/Application/Models/EventCodeCatalog.cs(9,25): warning CS1591: Missing XML comment for publicly visible type or member 'EventCodeCatalog.MeterReadingReminder' [/Users/kady/Masterdom/src/Masterdom.Modules.Notifications/Masterdom.Modules.Notifications.csproj]
/Users/kady/Masterdom/src/Masterdom.Modules.Notifications/Application/Models/EventCodeCatalog.cs(10,25): warning CS1591: Missing XML comment for publicly visible type or member 'EventCodeCatalog.MissingMeterReadingReminder' [/Users/kady/Masterdom/src/Masterdom.Modules.Notifications/Masterdom.Modules.Notifications.csproj]
/Users/kady/Masterdom/src/Masterdom.Modules.Notifications/Application/Models/EventCodeCatalog.cs(11,25): warning CS1591: Missing XML comment for publicly visible type or member 'EventCodeCatalog.UpcomingMoveIn' [/Users/kady/Masterdom/src/Masterdom.Modules.Notifications/Masterdom.Modules.Notifications.csproj]
/Users/kady/Masterdom/src/Masterdom.Modules.Notifications/Application/Models/EventCodeCatalog.cs(12,25): warning CS1591: Missing XML comment for publicly visible type or member 'EventCodeCatalog.UpcomingMoveOut' [/Users/kady/Masterdom/src/Masterdom.Modules.Notifications/Masterdom.Modules.Notifications.csproj]
/Users/kady/Masterdom/src/Masterdom.Modules.Notifications/Application/Models/EventCodeCatalog.cs(13,25): warning CS1591: Missing XML comment for publicly visible type or member 'EventCodeCatalog.TenancyCreated' [/Users/kady/Masterdom/src/Masterdom.Modules.Notifications/Masterdom.Modules.Notifications.csproj]
/Users/kady/Masterdom/src/Masterdom.Modules.Notifications/Application/Models/EventCodeCatalog.cs(14,25): warning CS1591: Missing XML comment for publicly visible type or member 'EventCodeCatalog.TenancyClosed' [/Users/kady/Masterdom/src/Masterdom.Modules.Notifications/Masterdom.Modules.Notifications.csproj]
/Users/kady/Masterdom/src/Masterdom.Modules.Notifications/Application/Models/EventCodeCatalog.cs(15,25): warning CS1591: Missing XML comment for publicly visible type or member 'EventCodeCatalog.MaintenanceTicketUpdated' [/Users/kady/Masterdom/src/Masterdom.Modules.Notifications/Masterdom.Modules.Notifications.csproj]
/Users/kady/Masterdom/src/Masterdom.Modules.Notifications/Application/Models/EventCodeCatalog.cs(16,25): warning CS1591: Missing XML comment for publicly visible type or member 'EventCodeCatalog.SystemAnnouncement' [/Users/kady/Masterdom/src/Masterdom.Modules.Notifications/Masterdom.Modules.Notifications.csproj]
/Users/kady/Masterdom/src/Masterdom.Modules.Notifications/Application/Models/EventCodeCatalog.cs(18,56): warning CS1591: Missing XML comment for publicly visible type or member 'EventCodeCatalog.All' [/Users/kady/Masterdom/src/Masterdom.Modules.Notifications/Masterdom.Modules.Notifications.csproj]
/Users/kady/Masterdom/src/Masterdom.Modules.Notifications/Application/Models/EventCodeCatalog.cs(34,26): warning CS1591: Missing XML comment for publicly visible type or member 'EventCodeCatalog.Normalize(string)' [/Users/kady/Masterdom/src/Masterdom.Modules.Notifications/Masterdom.Modules.Notifications.csproj]
/Users/kady/Masterdom/src/Masterdom.Modules.Notifications/Application/Models/GeneratedNotification.cs(3,22): warning CS1591: Missing XML comment for publicly visible type or member 'GeneratedNotification' [/Users/kady/Masterdom/src/Masterdom.Modules.Notifications/Masterdom.Modules.Notifications.csproj]
/Users/kady/Masterdom/src/Masterdom.Modules.Notifications/Application/Models/GeneratedNotification.cs(3,22): warning CS1591: Missing XML comment for publicly visible type or member 'GeneratedNotification.GeneratedNotification(string, string, Guid, NotificationCategory, NotificationPriority, string, string, IReadOnlyCollection<DeliveryChannel>, DateTime, int, bool, string)' [/Users/kady/Masterdom/src/Masterdom.Modules.Notifications/Masterdom.Modules.Notifications.csproj]
/Users/kady/Masterdom/src/Masterdom.Modules.Notifications/Application/Models/GeneratedNotification.cs(4,12): warning CS1591: Missing XML comment for publicly visible type or member 'GeneratedNotification.NotificationId' [/Users/kady/Masterdom/src/Masterdom.Modules.Notifications/Masterdom.Modules.Notifications.csproj]
/Users/kady/Masterdom/src/Masterdom.Modules.Notifications/Application/Models/GeneratedNotification.cs(5,12): warning CS1591: Missing XML comment for publicly visible type or member 'GeneratedNotification.EventCode' [/Users/kady/Masterdom/src/Masterdom.Modules.Notifications/Masterdom.Modules.Notifications.csproj]
/Users/kady/Masterdom/src/Masterdom.Modules.Notifications/Application/Models/GeneratedNotification.cs(6,10): warning CS1591: Missing XML comment for publicly visible type or member 'GeneratedNotification.RecipientId' [/Users/kady/Masterdom/src/Masterdom.Modules.Notifications/Masterdom.Modules.Notifications.csproj]
/Users/kady/Masterdom/src/Masterdom.Modules.Notifications/Application/Models/GeneratedNotification.cs(7,26): warning CS1591: Missing XML comment for publicly visible type or member 'GeneratedNotification.Category' [/Users/kady/Masterdom/src/Masterdom.Modules.Notifications/Masterdom.Modules.Notifications.csproj]
/Users/kady/Masterdom/src/Masterdom.Modules.Notifications/Application/Models/GeneratedNotification.cs(8,26): warning CS1591: Missing XML comment for publicly visible type or member 'GeneratedNotification.Priority' [/Users/kady/Masterdom/src/Masterdom.Modules.Notifications/Masterdom.Modules.Notifications.csproj]
/Users/kady/Masterdom/src/Masterdom.Modules.Notifications/Application/Models/GeneratedNotification.cs(9,12): warning CS1591: Missing XML comment for publicly visible type or member 'GeneratedNotification.Subject' [/Users/kady/Masterdom/src/Masterdom.Modules.Notifications/Masterdom.Modules.Notifications.csproj]
/Users/kady/Masterdom/src/Masterdom.Modules.Notifications/Application/Models/GeneratedNotification.cs(10,12): warning CS1591: Missing XML comment for publicly visible type or member 'GeneratedNotification.Body' [/Users/kady/Masterdom/src/Masterdom.Modules.Notifications/Masterdom.Modules.Notifications.csproj]
/Users/kady/Masterdom/src/Masterdom.Modules.Notifications/Application/Models/GeneratedNotification.cs(11,42): warning CS1591: Missing XML comment for publicly visible type or member 'GeneratedNotification.Channels' [/Users/kady/Masterdom/src/Masterdom.Modules.Notifications/Masterdom.Modules.Notifications.csproj]
/Users/kady/Masterdom/src/Masterdom.Modules.Notifications/Application/Models/GeneratedNotification.cs(12,14): warning CS1591: Missing XML comment for publicly visible type or member 'GeneratedNotification.ScheduledAtUtc' [/Users/kady/Masterdom/src/Masterdom.Modules.Notifications/Masterdom.Modules.Notifications.csproj]
/Users/kady/Masterdom/src/Masterdom.Modules.Notifications/Application/Models/GeneratedNotification.cs(13,9): warning CS1591: Missing XML comment for publicly visible type or member 'GeneratedNotification.AttemptCount' [/Users/kady/Masterdom/src/Masterdom.Modules.Notifications/Masterdom.Modules.Notifications.csproj]
/Users/kady/Masterdom/src/Masterdom.Modules.Notifications/Application/Models/GeneratedNotification.cs(14,10): warning CS1591: Missing XML comment for publicly visible type or member 'GeneratedNotification.IsDelivered' [/Users/kady/Masterdom/src/Masterdom.Modules.Notifications/Masterdom.Modules.Notifications.csproj]
/Users/kady/Masterdom/src/Masterdom.Modules.Notifications/Application/Models/GeneratedNotification.cs(15,12): warning CS1591: Missing XML comment for publicly visible type or member 'GeneratedNotification.Status' [/Users/kady/Masterdom/src/Masterdom.Modules.Notifications/Masterdom.Modules.Notifications.csproj]
/Users/kady/Masterdom/src/Masterdom.Modules.Notifications/Application/Models/NotificationCategory.cs(3,13): warning CS1591: Missing XML comment for publicly visible type or member 'NotificationCategory' [/Users/kady/Masterdom/src/Masterdom.Modules.Notifications/Masterdom.Modules.Notifications.csproj]
/Users/kady/Masterdom/src/Masterdom.Modules.Notifications/Application/Models/NotificationCategory.cs(5,5): warning CS1591: Missing XML comment for publicly visible type or member 'NotificationCategory.Billing' [/Users/kady/Masterdom/src/Masterdom.Modules.Notifications/Masterdom.Modules.Notifications.csproj]
/Users/kady/Masterdom/src/Masterdom.Modules.Notifications/Application/Models/NotificationCategory.cs(6,5): warning CS1591: Missing XML comment for publicly visible type or member 'NotificationCategory.Payment' [/Users/kady/Masterdom/src/Masterdom.Modules.Notifications/Masterdom.Modules.Notifications.csproj]
/Users/kady/Masterdom/src/Masterdom.Modules.Notifications/Application/Models/NotificationCategory.cs(7,5): warning CS1591: Missing XML comment for publicly visible type or member 'NotificationCategory.Metering' [/Users/kady/Masterdom/src/Masterdom.Modules.Notifications/Masterdom.Modules.Notifications.csproj]
/Users/kady/Masterdom/src/Masterdom.Modules.Notifications/Application/Models/NotificationCategory.cs(8,5): warning CS1591: Missing XML comment for publicly visible type or member 'NotificationCategory.Tenancy' [/Users/kady/Masterdom/src/Masterdom.Modules.Notifications/Masterdom.Modules.Notifications.csproj]
/Users/kady/Masterdom/src/Masterdom.Modules.Notifications/Application/Models/NotificationCategory.cs(9,5): warning CS1591: Missing XML comment for publicly visible type or member 'NotificationCategory.Maintenance' [/Users/kady/Masterdom/src/Masterdom.Modules.Notifications/Masterdom.Modules.Notifications.csproj]
/Users/kady/Masterdom/src/Masterdom.Modules.Notifications/Application/Models/NotificationCategory.cs(10,5): warning CS1591: Missing XML comment for publicly visible type or member 'NotificationCategory.Announcement' [/Users/kady/Masterdom/src/Masterdom.Modules.Notifications/Masterdom.Modules.Notifications.csproj]
/Users/kady/Masterdom/src/Masterdom.Modules.Notifications/Application/Models/NotificationHistoryEntry.cs(3,22): warning CS1591: Missing XML comment for publicly visible type or member 'NotificationHistoryEntry' [/Users/kady/Masterdom/src/Masterdom.Modules.Notifications/Masterdom.Modules.Notifications.csproj]
/Users/kady/Masterdom/src/Masterdom.Modules.Notifications/Application/Models/NotificationHistoryEntry.cs(3,22): warning CS1591: Missing XML comment for publicly visible type or member 'NotificationHistoryEntry.NotificationHistoryEntry(string, string, Guid, DateTime, DateTime, int, bool, string, string)' [/Users/kady/Masterdom/src/Masterdom.Modules.Notifications/Masterdom.Modules.Notifications.csproj]
/Users/kady/Masterdom/src/Masterdom.Modules.Notifications/Application/Models/NotificationHistoryEntry.cs(4,12): warning CS1591: Missing XML comment for publicly visible type or member 'NotificationHistoryEntry.NotificationId' [/Users/kady/Masterdom/src/Masterdom.Modules.Notifications/Masterdom.Modules.Notifications.csproj]
/Users/kady/Masterdom/src/Masterdom.Modules.Notifications/Application/Models/NotificationHistoryEntry.cs(5,12): warning CS1591: Missing XML comment for publicly visible type or member 'NotificationHistoryEntry.EventCode' [/Users/kady/Masterdom/src/Masterdom.Modules.Notifications/Masterdom.Modules.Notifications.csproj]
/Users/kady/Masterdom/src/Masterdom.Modules.Notifications/Application/Models/NotificationHistoryEntry.cs(6,10): warning CS1591: Missing XML comment for publicly visible type or member 'NotificationHistoryEntry.RecipientId' [/Users/kady/Masterdom/src/Masterdom.Modules.Notifications/Masterdom.Modules.Notifications.csproj]
/Users/kady/Masterdom/src/Masterdom.Modules.Notifications/Application/Models/NotificationHistoryEntry.cs(7,14): warning CS1591: Missing XML comment for publicly visible type or member 'NotificationHistoryEntry.RequestedAtUtc' [/Users/kady/Masterdom/src/Masterdom.Modules.Notifications/Masterdom.Modules.Notifications.csproj]
/Users/kady/Masterdom/src/Masterdom.Modules.Notifications/Application/Models/NotificationHistoryEntry.cs(8,14): warning CS1591: Missing XML comment for publicly visible type or member 'NotificationHistoryEntry.LastAttemptAtUtc' [/Users/kady/Masterdom/src/Masterdom.Modules.Notifications/Masterdom.Modules.Notifications.csproj]
/Users/kady/Masterdom/src/Masterdom.Modules.Notifications/Application/Models/NotificationHistoryEntry.cs(9,9): warning CS1591: Missing XML comment for publicly visible type or member 'NotificationHistoryEntry.AttemptCount' [/Users/kady/Masterdom/src/Masterdom.Modules.Notifications/Masterdom.Modules.Notifications.csproj]
/Users/kady/Masterdom/src/Masterdom.Modules.Notifications/Application/Models/NotificationHistoryEntry.cs(10,10): warning CS1591: Missing XML comment for publicly visible type or member 'NotificationHistoryEntry.IsDelivered' [/Users/kady/Masterdom/src/Masterdom.Modules.Notifications/Masterdom.Modules.Notifications.csproj]
/Users/kady/Masterdom/src/Masterdom.Modules.Notifications/Application/Models/NotificationHistoryEntry.cs(11,12): warning CS1591: Missing XML comment for publicly visible type or member 'NotificationHistoryEntry.Status' [/Users/kady/Masterdom/src/Masterdom.Modules.Notifications/Masterdom.Modules.Notifications.csproj]
/Users/kady/Masterdom/src/Masterdom.Modules.Notifications/Application/Models/NotificationHistoryEntry.cs(12,12): warning CS1591: Missing XML comment for publicly visible type or member 'NotificationHistoryEntry.AuditTrail' [/Users/kady/Masterdom/src/Masterdom.Modules.Notifications/Masterdom.Modules.Notifications.csproj]
/Users/kady/Masterdom/src/Masterdom.Modules.Notifications/Application/Models/NotificationPreference.cs(3,22): warning CS1591: Missing XML comment for publicly visible type or member 'NotificationPreference' [/Users/kady/Masterdom/src/Masterdom.Modules.Notifications/Masterdom.Modules.Notifications.csproj]
/Users/kady/Masterdom/src/Masterdom.Modules.Notifications/Application/Models/NotificationPreference.cs(3,22): warning CS1591: Missing XML comment for publicly visible type or member 'NotificationPreference.NotificationPreference(Guid, IReadOnlyCollection<DeliveryChannel>, bool, int, int)' [/Users/kady/Masterdom/src/Masterdom.Modules.Notifications/Masterdom.Modules.Notifications.csproj]
/Users/kady/Masterdom/src/Masterdom.Modules.Notifications/Application/Models/NotificationPreference.cs(4,10): warning CS1591: Missing XML comment for publicly visible type or member 'NotificationPreference.RecipientId' [/Users/kady/Masterdom/src/Masterdom.Modules.Notifications/Masterdom.Modules.Notifications.csproj]
/Users/kady/Masterdom/src/Masterdom.Modules.Notifications/Application/Models/NotificationPreference.cs(5,42): warning CS1591: Missing XML comment for publicly visible type or member 'NotificationPreference.Channels' [/Users/kady/Masterdom/src/Masterdom.Modules.Notifications/Masterdom.Modules.Notifications.csproj]
/Users/kady/Masterdom/src/Masterdom.Modules.Notifications/Application/Models/NotificationPreference.cs(6,10): warning CS1591: Missing XML comment for publicly visible type or member 'NotificationPreference.IsEnabled' [/Users/kady/Masterdom/src/Masterdom.Modules.Notifications/Masterdom.Modules.Notifications.csproj]
/Users/kady/Masterdom/src/Masterdom.Modules.Notifications/Application/Models/NotificationPreference.cs(7,9): warning CS1591: Missing XML comment for publicly visible type or member 'NotificationPreference.QuietHoursStart' [/Users/kady/Masterdom/src/Masterdom.Modules.Notifications/Masterdom.Modules.Notifications.csproj]
/Users/kady/Masterdom/src/Masterdom.Modules.Notifications/Application/Models/NotificationPreference.cs(8,9): warning CS1591: Missing XML comment for publicly visible type or member 'NotificationPreference.QuietHoursEnd' [/Users/kady/Masterdom/src/Masterdom.Modules.Notifications/Masterdom.Modules.Notifications.csproj]
/Users/kady/Masterdom/src/Masterdom.Modules.Notifications/Application/Models/NotificationPriority.cs(3,13): warning CS1591: Missing XML comment for publicly visible type or member 'NotificationPriority' [/Users/kady/Masterdom/src/Masterdom.Modules.Notifications/Masterdom.Modules.Notifications.csproj]
/Users/kady/Masterdom/src/Masterdom.Modules.Notifications/Application/Models/NotificationPriority.cs(5,5): warning CS1591: Missing XML comment for publicly visible type or member 'NotificationPriority.Low' [/Users/kady/Masterdom/src/Masterdom.Modules.Notifications/Masterdom.Modules.Notifications.csproj]
/Users/kady/Masterdom/src/Masterdom.Modules.Notifications/Application/Models/NotificationPriority.cs(6,5): warning CS1591: Missing XML comment for publicly visible type or member 'NotificationPriority.Normal' [/Users/kady/Masterdom/src/Masterdom.Modules.Notifications/Masterdom.Modules.Notifications.csproj]
/Users/kady/Masterdom/src/Masterdom.Modules.Notifications/Application/Models/NotificationPriority.cs(7,5): warning CS1591: Missing XML comment for publicly visible type or member 'NotificationPriority.High' [/Users/kady/Masterdom/src/Masterdom.Modules.Notifications/Masterdom.Modules.Notifications.csproj]
/Users/kady/Masterdom/src/Masterdom.Modules.Notifications/Application/Models/NotificationPriority.cs(8,5): warning CS1591: Missing XML comment for publicly visible type or member 'NotificationPriority.Critical' [/Users/kady/Masterdom/src/Masterdom.Modules.Notifications/Masterdom.Modules.Notifications.csproj]
/Users/kady/Masterdom/src/Masterdom.Modules.Notifications/Application/Models/NotificationRequest.cs(3,21): warning CS1591: Missing XML comment for publicly visible type or member 'NotificationRequest' [/Users/kady/Masterdom/src/Masterdom.Modules.Notifications/Masterdom.Modules.Notifications.csproj]
/Users/kady/Masterdom/src/Masterdom.Modules.Notifications/Application/Models/NotificationRequest.cs(5,12): warning CS1591: Missing XML comment for publicly visible type or member 'NotificationRequest.NotificationRequest(string, Guid, DateTime, IReadOnlyDictionary<string, string>)' [/Users/kady/Masterdom/src/Masterdom.Modules.Notifications/Masterdom.Modules.Notifications.csproj]
/Users/kady/Masterdom/src/Masterdom.Modules.Notifications/Application/Models/NotificationRequest.cs(17,19): warning CS1591: Missing XML comment for publicly visible type or member 'NotificationRequest.EventCode' [/Users/kady/Masterdom/src/Masterdom.Modules.Notifications/Masterdom.Modules.Notifications.csproj]
/Users/kady/Masterdom/src/Masterdom.Modules.Notifications/Application/Models/NotificationRequest.cs(19,17): warning CS1591: Missing XML comment for publicly visible type or member 'NotificationRequest.RecipientId' [/Users/kady/Masterdom/src/Masterdom.Modules.Notifications/Masterdom.Modules.Notifications.csproj]
/Users/kady/Masterdom/src/Masterdom.Modules.Notifications/Application/Models/NotificationRequest.cs(21,21): warning CS1591: Missing XML comment for publicly visible type or member 'NotificationRequest.RequestedAtUtc' [/Users/kady/Masterdom/src/Masterdom.Modules.Notifications/Masterdom.Modules.Notifications.csproj]
/Users/kady/Masterdom/src/Masterdom.Modules.Notifications/Application/Models/NotificationRequest.cs(23,48): warning CS1591: Missing XML comment for publicly visible type or member 'NotificationRequest.Parameters' [/Users/kady/Masterdom/src/Masterdom.Modules.Notifications/Masterdom.Modules.Notifications.csproj]
/Users/kady/Masterdom/src/Masterdom.Modules.Notifications/Application/Models/NotificationTemplate.cs(3,22): warning CS1591: Missing XML comment for publicly visible type or member 'NotificationTemplate' [/Users/kady/Masterdom/src/Masterdom.Modules.Notifications/Masterdom.Modules.Notifications.csproj]
/Users/kady/Masterdom/src/Masterdom.Modules.Notifications/Application/Models/NotificationTemplate.cs(3,22): warning CS1591: Missing XML comment for publicly visible type or member 'NotificationTemplate.NotificationTemplate(string, string, string, NotificationCategory, NotificationPriority, IReadOnlyCollection<DeliveryChannel>)' [/Users/kady/Masterdom/src/Masterdom.Modules.Notifications/Masterdom.Modules.Notifications.csproj]
/Users/kady/Masterdom/src/Masterdom.Modules.Notifications/Application/Models/NotificationTemplate.cs(4,12): warning CS1591: Missing XML comment for publicly visible type or member 'NotificationTemplate.TemplateCode' [/Users/kady/Masterdom/src/Masterdom.Modules.Notifications/Masterdom.Modules.Notifications.csproj]
/Users/kady/Masterdom/src/Masterdom.Modules.Notifications/Application/Models/NotificationTemplate.cs(5,12): warning CS1591: Missing XML comment for publicly visible type or member 'NotificationTemplate.SubjectTemplate' [/Users/kady/Masterdom/src/Masterdom.Modules.Notifications/Masterdom.Modules.Notifications.csproj]
/Users/kady/Masterdom/src/Masterdom.Modules.Notifications/Application/Models/NotificationTemplate.cs(6,12): warning CS1591: Missing XML comment for publicly visible type or member 'NotificationTemplate.BodyTemplate' [/Users/kady/Masterdom/src/Masterdom.Modules.Notifications/Masterdom.Modules.Notifications.csproj]
/Users/kady/Masterdom/src/Masterdom.Modules.Notifications/Application/Models/NotificationTemplate.cs(7,26): warning CS1591: Missing XML comment for publicly visible type or member 'NotificationTemplate.Category' [/Users/kady/Masterdom/src/Masterdom.Modules.Notifications/Masterdom.Modules.Notifications.csproj]
/Users/kady/Masterdom/src/Masterdom.Modules.Notifications/Application/Models/NotificationTemplate.cs(8,26): warning CS1591: Missing XML comment for publicly visible type or member 'NotificationTemplate.Priority' [/Users/kady/Masterdom/src/Masterdom.Modules.Notifications/Masterdom.Modules.Notifications.csproj]
/Users/kady/Masterdom/src/Masterdom.Modules.Notifications/Application/Models/NotificationTemplate.cs(9,42): warning CS1591: Missing XML comment for publicly visible type or member 'NotificationTemplate.DefaultChannels' [/Users/kady/Masterdom/src/Masterdom.Modules.Notifications/Masterdom.Modules.Notifications.csproj]
/Users/kady/Masterdom/src/Masterdom.Modules.Notifications/Application/Queries/GetNotificationHistoryQuery.cs(3,22): warning CS1591: Missing XML comment for publicly visible type or member 'GetNotificationHistoryQuery' [/Users/kady/Masterdom/src/Masterdom.Modules.Notifications/Masterdom.Modules.Notifications.csproj]
/Users/kady/Masterdom/src/Masterdom.Modules.Notifications/Application/Queries/GetNotificationHistoryQuery.cs(3,22): warning CS1591: Missing XML comment for publicly visible type or member 'GetNotificationHistoryQuery.GetNotificationHistoryQuery(Guid, int, int)' [/Users/kady/Masterdom/src/Masterdom.Modules.Notifications/Masterdom.Modules.Notifications.csproj]
/Users/kady/Masterdom/src/Masterdom.Modules.Notifications/Application/Queries/GetNotificationHistoryQuery.cs(3,55): warning CS1591: Missing XML comment for publicly visible type or member 'GetNotificationHistoryQuery.RecipientId' [/Users/kady/Masterdom/src/Masterdom.Modules.Notifications/Masterdom.Modules.Notifications.csproj]
/Users/kady/Masterdom/src/Masterdom.Modules.Notifications/Application/Queries/GetNotificationHistoryQuery.cs(3,72): warning CS1591: Missing XML comment for publicly visible type or member 'GetNotificationHistoryQuery.Page' [/Users/kady/Masterdom/src/Masterdom.Modules.Notifications/Masterdom.Modules.Notifications.csproj]
/Users/kady/Masterdom/src/Masterdom.Modules.Notifications/Application/Queries/GetNotificationHistoryQuery.cs(3,82): warning CS1591: Missing XML comment for publicly visible type or member 'GetNotificationHistoryQuery.PageSize' [/Users/kady/Masterdom/src/Masterdom.Modules.Notifications/Masterdom.Modules.Notifications.csproj]
/Users/kady/Masterdom/src/Masterdom.Modules.Notifications/Application/Services/DefaultNotificationTemplateRenderer.cs(5,21): warning CS1591: Missing XML comment for publicly visible type or member 'DefaultNotificationTemplateRenderer' [/Users/kady/Masterdom/src/Masterdom.Modules.Notifications/Masterdom.Modules.Notifications.csproj]
/Users/kady/Masterdom/src/Masterdom.Modules.Notifications/Application/Services/DefaultNotificationTemplateRenderer.cs(7,19): warning CS1591: Missing XML comment for publicly visible type or member 'DefaultNotificationTemplateRenderer.Render(string, IReadOnlyDictionary<string, string>)' [/Users/kady/Masterdom/src/Masterdom.Modules.Notifications/Masterdom.Modules.Notifications.csproj]
/Users/kady/Masterdom/src/Masterdom.Modules.Notifications/Application/Services/DirectRecipientResolver.cs(5,21): warning CS1591: Missing XML comment for publicly visible type or member 'DirectRecipientResolver' [/Users/kady/Masterdom/src/Masterdom.Modules.Notifications/Masterdom.Modules.Notifications.csproj]
/Users/kady/Masterdom/src/Masterdom.Modules.Notifications/Application/Services/DirectRecipientResolver.cs(7,17): warning CS1591: Missing XML comment for publicly visible type or member 'DirectRecipientResolver.Resolve(string, Guid, IReadOnlyDictionary<string, string>)' [/Users/kady/Masterdom/src/Masterdom.Modules.Notifications/Masterdom.Modules.Notifications.csproj]
/Users/kady/Masterdom/src/Masterdom.Modules.Notifications/Application/Services/EmailDeliveryProvider.cs(5,21): warning CS1591: Missing XML comment for publicly visible type or member 'EmailDeliveryProvider' [/Users/kady/Masterdom/src/Masterdom.Modules.Notifications/Masterdom.Modules.Notifications.csproj]
/Users/kady/Masterdom/src/Masterdom.Modules.Notifications/Application/Services/EmailDeliveryProvider.cs(7,28): warning CS1591: Missing XML comment for publicly visible type or member 'EmailDeliveryProvider.Channel' [/Users/kady/Masterdom/src/Masterdom.Modules.Notifications/Masterdom.Modules.Notifications.csproj]
/Users/kady/Masterdom/src/Masterdom.Modules.Notifications/Application/Services/EmailDeliveryProvider.cs(9,17): warning CS1591: Missing XML comment for publicly visible type or member 'EmailDeliveryProvider.Deliver(GeneratedNotification)' [/Users/kady/Masterdom/src/Masterdom.Modules.Notifications/Masterdom.Modules.Notifications.csproj]
/Users/kady/Masterdom/src/Masterdom.Modules.Notifications/Application/Services/IDeliveryProvider.cs(5,18): warning CS1591: Missing XML comment for publicly visible type or member 'IDeliveryProvider' [/Users/kady/Masterdom/src/Masterdom.Modules.Notifications/Masterdom.Modules.Notifications.csproj]
/Users/kady/Masterdom/src/Masterdom.Modules.Notifications/Application/Services/IDeliveryProvider.cs(7,21): warning CS1591: Missing XML comment for publicly visible type or member 'IDeliveryProvider.Channel' [/Users/kady/Masterdom/src/Masterdom.Modules.Notifications/Masterdom.Modules.Notifications.csproj]
/Users/kady/Masterdom/src/Masterdom.Modules.Notifications/Application/Services/IDeliveryProvider.cs(9,10): warning CS1591: Missing XML comment for publicly visible type or member 'IDeliveryProvider.Deliver(GeneratedNotification)' [/Users/kady/Masterdom/src/Masterdom.Modules.Notifications/Masterdom.Modules.Notifications.csproj]
/Users/kady/Masterdom/src/Masterdom.Modules.Notifications/Application/Services/InMemoryNotificationDeliveryQueue.cs(5,21): warning CS1591: Missing XML comment for publicly visible type or member 'InMemoryNotificationDeliveryQueue' [/Users/kady/Masterdom/src/Masterdom.Modules.Notifications/Masterdom.Modules.Notifications.csproj]
/Users/kady/Masterdom/src/Masterdom.Modules.Notifications/Application/Services/InMemoryNotificationDeliveryQueue.cs(9,17): warning CS1591: Missing XML comment for publicly visible type or member 'InMemoryNotificationDeliveryQueue.Enqueue(NotificationDeliveryEnvelope)' [/Users/kady/Masterdom/src/Masterdom.Modules.Notifications/Masterdom.Modules.Notifications.csproj]
/Users/kady/Masterdom/src/Masterdom.Modules.Notifications/Application/Services/InMemoryNotificationDeliveryQueue.cs(15,42): warning CS1591: Missing XML comment for publicly visible type or member 'InMemoryNotificationDeliveryQueue.Dequeue()' [/Users/kady/Masterdom/src/Masterdom.Modules.Notifications/Masterdom.Modules.Notifications.csproj]
/Users/kady/Masterdom/src/Masterdom.Modules.Notifications/Application/Services/InMemoryNotificationHistoryStore.cs(5,21): warning CS1591: Missing XML comment for publicly visible type or member 'InMemoryNotificationHistoryStore' [/Users/kady/Masterdom/src/Masterdom.Modules.Notifications/Masterdom.Modules.Notifications.csproj]
/Users/kady/Masterdom/src/Masterdom.Modules.Notifications/Application/Services/InMemoryNotificationHistoryStore.cs(9,17): warning CS1591: Missing XML comment for publicly visible type or member 'InMemoryNotificationHistoryStore.Save(NotificationHistoryEntry)' [/Users/kady/Masterdom/src/Masterdom.Modules.Notifications/Masterdom.Modules.Notifications.csproj]
/Users/kady/Masterdom/src/Masterdom.Modules.Notifications/Application/Services/InMemoryNotificationHistoryStore.cs(15,58): warning CS1591: Missing XML comment for publicly visible type or member 'InMemoryNotificationHistoryStore.GetByRecipient(Guid, int, int)' [/Users/kady/Masterdom/src/Masterdom.Modules.Notifications/Masterdom.Modules.Notifications.csproj]
/Users/kady/Masterdom/src/Masterdom.Modules.Notifications/Application/Services/InMemoryNotificationPreferenceStore.cs(5,21): warning CS1591: Missing XML comment for publicly visible type or member 'InMemoryNotificationPreferenceStore' [/Users/kady/Masterdom/src/Masterdom.Modules.Notifications/Masterdom.Modules.Notifications.csproj]
/Users/kady/Masterdom/src/Masterdom.Modules.Notifications/Application/Services/InMemoryNotificationPreferenceStore.cs(9,35): warning CS1591: Missing XML comment for publicly visible type or member 'InMemoryNotificationPreferenceStore.Get(Guid)' [/Users/kady/Masterdom/src/Masterdom.Modules.Notifications/Masterdom.Modules.Notifications.csproj]
/Users/kady/Masterdom/src/Masterdom.Modules.Notifications/Application/Services/InMemoryNotificationPreferenceStore.cs(24,17): warning CS1591: Missing XML comment for publicly visible type or member 'InMemoryNotificationPreferenceStore.Save(NotificationPreference)' [/Users/kady/Masterdom/src/Masterdom.Modules.Notifications/Masterdom.Modules.Notifications.csproj]
/Users/kady/Masterdom/src/Masterdom.Modules.Notifications/Application/Services/INotificationApplicationService.cs(5,18): warning CS1591: Missing XML comment for publicly visible type or member 'INotificationApplicationService' [/Users/kady/Masterdom/src/Masterdom.Modules.Notifications/Masterdom.Modules.Notifications.csproj]
/Users/kady/Masterdom/src/Masterdom.Modules.Notifications/Application/Services/INotificationApplicationService.cs(7,27): warning CS1591: Missing XML comment for publicly visible type or member 'INotificationApplicationService.Generate(string, Guid, DateTime, IReadOnlyDictionary<string, string>, DateTime?)' [/Users/kady/Masterdom/src/Masterdom.Modules.Notifications/Masterdom.Modules.Notifications.csproj]
/Users/kady/Masterdom/src/Masterdom.Modules.Notifications/Application/Services/INotificationApplicationService.cs(14,51): warning CS1591: Missing XML comment for publicly visible type or member 'INotificationApplicationService.History(Guid, int, int)' [/Users/kady/Masterdom/src/Masterdom.Modules.Notifications/Masterdom.Modules.Notifications.csproj]
/Users/kady/Masterdom/src/Masterdom.Modules.Notifications/Application/Services/INotificationAuthorizationService.cs(3,18): warning CS1591: Missing XML comment for publicly visible type or member 'INotificationAuthorizationService' [/Users/kady/Masterdom/src/Masterdom.Modules.Notifications/Masterdom.Modules.Notifications.csproj]
/Users/kady/Masterdom/src/Masterdom.Modules.Notifications/Application/Services/INotificationAuthorizationService.cs(5,10): warning CS1591: Missing XML comment for publicly visible type or member 'INotificationAuthorizationService.EnsureAuthorized(string, Guid)' [/Users/kady/Masterdom/src/Masterdom.Modules.Notifications/Masterdom.Modules.Notifications.csproj]
/Users/kady/Masterdom/src/Masterdom.Modules.Notifications/Application/Services/INotificationHistoryStore.cs(5,18): warning CS1591: Missing XML comment for publicly visible type or member 'INotificationHistoryStore' [/Users/kady/Masterdom/src/Masterdom.Modules.Notifications/Masterdom.Modules.Notifications.csproj]
/Users/kady/Masterdom/src/Masterdom.Modules.Notifications/Application/Services/INotificationHistoryStore.cs(7,10): warning CS1591: Missing XML comment for publicly visible type or member 'INotificationHistoryStore.Save(NotificationHistoryEntry)' [/Users/kady/Masterdom/src/Masterdom.Modules.Notifications/Masterdom.Modules.Notifications.csproj]
/Users/kady/Masterdom/src/Masterdom.Modules.Notifications/Application/Services/INotificationHistoryStore.cs(9,51): warning CS1591: Missing XML comment for publicly visible type or member 'INotificationHistoryStore.GetByRecipient(Guid, int, int)' [/Users/kady/Masterdom/src/Masterdom.Modules.Notifications/Masterdom.Modules.Notifications.csproj]
/Users/kady/Masterdom/src/Masterdom.Modules.Notifications/Application/Services/INotificationPreferenceStore.cs(5,18): warning CS1591: Missing XML comment for publicly visible type or member 'INotificationPreferenceStore' [/Users/kady/Masterdom/src/Masterdom.Modules.Notifications/Masterdom.Modules.Notifications.csproj]
/Users/kady/Masterdom/src/Masterdom.Modules.Notifications/Application/Services/INotificationPreferenceStore.cs(7,28): warning CS1591: Missing XML comment for publicly visible type or member 'INotificationPreferenceStore.Get(Guid)' [/Users/kady/Masterdom/src/Masterdom.Modules.Notifications/Masterdom.Modules.Notifications.csproj]
/Users/kady/Masterdom/src/Masterdom.Modules.Notifications/Application/Services/INotificationPreferenceStore.cs(9,10): warning CS1591: Missing XML comment for publicly visible type or member 'INotificationPreferenceStore.Save(NotificationPreference)' [/Users/kady/Masterdom/src/Masterdom.Modules.Notifications/Masterdom.Modules.Notifications.csproj]
/Users/kady/Masterdom/src/Masterdom.Modules.Notifications/Application/Services/INotificationTemplateRegistry.cs(5,18): warning CS1591: Missing XML comment for publicly visible type or member 'INotificationTemplateRegistry' [/Users/kady/Masterdom/src/Masterdom.Modules.Notifications/Masterdom.Modules.Notifications.csproj]
/Users/kady/Masterdom/src/Masterdom.Modules.Notifications/Application/Services/INotificationTemplateRegistry.cs(7,26): warning CS1591: Missing XML comment for publicly visible type or member 'INotificationTemplateRegistry.Resolve(string)' [/Users/kady/Masterdom/src/Masterdom.Modules.Notifications/Masterdom.Modules.Notifications.csproj]
/Users/kady/Masterdom/src/Masterdom.Modules.Notifications/Application/Services/INotificationTemplateRegistry.cs(9,47): warning CS1591: Missing XML comment for publicly visible type or member 'INotificationTemplateRegistry.GetAll()' [/Users/kady/Masterdom/src/Masterdom.Modules.Notifications/Masterdom.Modules.Notifications.csproj]
/Users/kady/Masterdom/src/Masterdom.Modules.Notifications/Application/Services/MetadataDrivenNotificationRegistry.cs(7,21): warning CS1591: Missing XML comment for publicly visible type or member 'MetadataDrivenNotificationRegistry' [/Users/kady/Masterdom/src/Masterdom.Modules.Notifications/Masterdom.Modules.Notifications.csproj]
/Users/kady/Masterdom/src/Masterdom.Modules.Notifications/Application/Services/MetadataDrivenNotificationRegistry.cs(25,37): warning CS1591: Missing XML comment for publicly visible type or member 'MetadataDrivenNotificationRegistry.Resolve(string)' [/Users/kady/Masterdom/src/Masterdom.Modules.Notifications/Masterdom.Modules.Notifications.csproj]
/Users/kady/Masterdom/src/Masterdom.Modules.Notifications/Application/Services/MetadataDrivenNotificationRegistry.cs(32,58): warning CS1591: Missing XML comment for publicly visible type or member 'MetadataDrivenNotificationRegistry.GetAll()' [/Users/kady/Masterdom/src/Masterdom.Modules.Notifications/Masterdom.Modules.Notifications.csproj]
/Users/kady/Masterdom/src/Masterdom.Modules.Notifications/Application/Services/NotificationApplicationService.cs(7,21): warning CS1591: Missing XML comment for publicly visible type or member 'NotificationApplicationService' [/Users/kady/Masterdom/src/Masterdom.Modules.Notifications/Masterdom.Modules.Notifications.csproj]
/Users/kady/Masterdom/src/Masterdom.Modules.Notifications/Application/Services/NotificationApplicationService.cs(16,12): warning CS1591: Missing XML comment for publicly visible type or member 'NotificationApplicationService.NotificationApplicationService(INotificationRegistry, INotificationHistoryStore, INotificationAuthorizationService, INotificationGenerationEngine, INotificationDeliveryQueue, INotificationDeliveryProcessor)' [/Users/kady/Masterdom/src/Masterdom.Modules.Notifications/Masterdom.Modules.Notifications.csproj]
/Users/kady/Masterdom/src/Masterdom.Modules.Notifications/Application/Services/NotificationApplicationService.cs(32,34): warning CS1591: Missing XML comment for publicly visible type or member 'NotificationApplicationService.Generate(string, Guid, DateTime, IReadOnlyDictionary<string, string>, DateTime?)' [/Users/kady/Masterdom/src/Masterdom.Modules.Notifications/Masterdom.Modules.Notifications.csproj]
/Users/kady/Masterdom/src/Masterdom.Modules.Notifications/Application/Services/NotificationApplicationService.cs(82,58): warning CS1591: Missing XML comment for publicly visible type or member 'NotificationApplicationService.History(Guid, int, int)' [/Users/kady/Masterdom/src/Masterdom.Modules.Notifications/Masterdom.Modules.Notifications.csproj]
/Users/kady/Masterdom/src/Masterdom.Modules.Notifications/Application/Services/NotificationAuthorizationService.cs(5,21): warning CS1591: Missing XML comment for publicly visible type or member 'NotificationAuthorizationService' [/Users/kady/Masterdom/src/Masterdom.Modules.Notifications/Masterdom.Modules.Notifications.csproj]
/Users/kady/Masterdom/src/Masterdom.Modules.Notifications/Application/Services/NotificationAuthorizationService.cs(9,12): warning CS1591: Missing XML comment for publicly visible type or member 'NotificationAuthorizationService.NotificationAuthorizationService(ICurrentUserAccessor)' [/Users/kady/Masterdom/src/Masterdom.Modules.Notifications/Masterdom.Modules.Notifications.csproj]
/Users/kady/Masterdom/src/Masterdom.Modules.Notifications/Application/Services/NotificationAuthorizationService.cs(14,17): warning CS1591: Missing XML comment for publicly visible type or member 'NotificationAuthorizationService.EnsureAuthorized(string, Guid)' [/Users/kady/Masterdom/src/Masterdom.Modules.Notifications/Masterdom.Modules.Notifications.csproj]
/Users/kady/Masterdom/src/Masterdom.Modules.Notifications/Application/Services/NotificationDeliveryProcessor.cs(6,21): warning CS1591: Missing XML comment for publicly visible type or member 'NotificationDeliveryProcessor' [/Users/kady/Masterdom/src/Masterdom.Modules.Notifications/Masterdom.Modules.Notifications.csproj]
/Users/kady/Masterdom/src/Masterdom.Modules.Notifications/Application/Services/NotificationDeliveryProcessor.cs(10,12): warning CS1591: Missing XML comment for publicly visible type or member 'NotificationDeliveryProcessor.NotificationDeliveryProcessor(IEnumerable<IDeliveryProvider>)' [/Users/kady/Masterdom/src/Masterdom.Modules.Notifications/Masterdom.Modules.Notifications.csproj]
/Users/kady/Masterdom/src/Masterdom.Modules.Notifications/Application/Services/NotificationDeliveryProcessor.cs(16,33): warning CS1591: Missing XML comment for publicly visible type or member 'NotificationDeliveryProcessor.Deliver(NotificationDeliveryEnvelope)' [/Users/kady/Masterdom/src/Masterdom.Modules.Notifications/Masterdom.Modules.Notifications.csproj]
/Users/kady/Masterdom/src/Masterdom.Modules.Notifications/Application/Services/NotificationGenerationEngine.cs(7,21): warning CS1591: Missing XML comment for publicly visible type or member 'NotificationGenerationEngine' [/Users/kady/Masterdom/src/Masterdom.Modules.Notifications/Masterdom.Modules.Notifications.csproj]
/Users/kady/Masterdom/src/Masterdom.Modules.Notifications/Application/Services/NotificationGenerationEngine.cs(16,12): warning CS1591: Missing XML comment for publicly visible type or member 'NotificationGenerationEngine.NotificationGenerationEngine(INotificationTemplateRegistry, INotificationPreferenceStore, IReadModelProjectionOrchestrator, INotificationTemplateRenderer, INotificationRecipientResolver, INotificationChannelResolver)' [/Users/kady/Masterdom/src/Masterdom.Modules.Notifications/Masterdom.Modules.Notifications.csproj]
/Users/kady/Masterdom/src/Masterdom.Modules.Notifications/Application/Services/NotificationGenerationEngine.cs(32,41): warning CS1591: Missing XML comment for publicly visible type or member 'NotificationGenerationEngine.Generate(NotificationRegistration, Guid, DateTime, IReadOnlyDictionary<string, string>, DateTime?)' [/Users/kady/Masterdom/src/Masterdom.Modules.Notifications/Masterdom.Modules.Notifications.csproj]
/Users/kady/Masterdom/src/Masterdom.Modules.Notifications/Application/Services/NotificationTemplateRegistry.cs(5,21): warning CS1591: Missing XML comment for publicly visible type or member 'NotificationTemplateRegistry' [/Users/kady/Masterdom/src/Masterdom.Modules.Notifications/Masterdom.Modules.Notifications.csproj]
/Users/kady/Masterdom/src/Masterdom.Modules.Notifications/Application/Services/NotificationTemplateRegistry.cs(96,33): warning CS1591: Missing XML comment for publicly visible type or member 'NotificationTemplateRegistry.Resolve(string)' [/Users/kady/Masterdom/src/Masterdom.Modules.Notifications/Masterdom.Modules.Notifications.csproj]
/Users/kady/Masterdom/src/Masterdom.Modules.Notifications/Application/Services/NotificationTemplateRegistry.cs(104,54): warning CS1591: Missing XML comment for publicly visible type or member 'NotificationTemplateRegistry.GetAll()' [/Users/kady/Masterdom/src/Masterdom.Modules.Notifications/Masterdom.Modules.Notifications.csproj]
/Users/kady/Masterdom/src/Masterdom.Modules.Notifications/Application/Services/PreferenceNotificationChannelResolver.cs(6,21): warning CS1591: Missing XML comment for publicly visible type or member 'PreferenceNotificationChannelResolver' [/Users/kady/Masterdom/src/Masterdom.Modules.Notifications/Masterdom.Modules.Notifications.csproj]
/Users/kady/Masterdom/src/Masterdom.Modules.Notifications/Application/Services/PreferenceNotificationChannelResolver.cs(8,40): warning CS1591: Missing XML comment for publicly visible type or member 'PreferenceNotificationChannelResolver.ResolveChannels(NotificationRegistration, IReadOnlyCollection<string>, bool)' [/Users/kady/Masterdom/src/Masterdom.Modules.Notifications/Masterdom.Modules.Notifications.csproj]
/Users/kady/Masterdom/src/Masterdom.Modules.Notifications/Application/Services/PushDeliveryProvider.cs(5,21): warning CS1591: Missing XML comment for publicly visible type or member 'PushDeliveryProvider' [/Users/kady/Masterdom/src/Masterdom.Modules.Notifications/Masterdom.Modules.Notifications.csproj]
/Users/kady/Masterdom/src/Masterdom.Modules.Notifications/Application/Services/PushDeliveryProvider.cs(7,28): warning CS1591: Missing XML comment for publicly visible type or member 'PushDeliveryProvider.Channel' [/Users/kady/Masterdom/src/Masterdom.Modules.Notifications/Masterdom.Modules.Notifications.csproj]
/Users/kady/Masterdom/src/Masterdom.Modules.Notifications/Application/Services/PushDeliveryProvider.cs(9,17): warning CS1591: Missing XML comment for publicly visible type or member 'PushDeliveryProvider.Deliver(GeneratedNotification)' [/Users/kady/Masterdom/src/Masterdom.Modules.Notifications/Masterdom.Modules.Notifications.csproj]
/Users/kady/Masterdom/src/Masterdom.Modules.Notifications/Application/Services/SmsDeliveryProvider.cs(5,21): warning CS1591: Missing XML comment for publicly visible type or member 'SmsDeliveryProvider' [/Users/kady/Masterdom/src/Masterdom.Modules.Notifications/Masterdom.Modules.Notifications.csproj]
/Users/kady/Masterdom/src/Masterdom.Modules.Notifications/Application/Services/SmsDeliveryProvider.cs(7,28): warning CS1591: Missing XML comment for publicly visible type or member 'SmsDeliveryProvider.Channel' [/Users/kady/Masterdom/src/Masterdom.Modules.Notifications/Masterdom.Modules.Notifications.csproj]
/Users/kady/Masterdom/src/Masterdom.Modules.Notifications/Application/Services/SmsDeliveryProvider.cs(9,17): warning CS1591: Missing XML comment for publicly visible type or member 'SmsDeliveryProvider.Deliver(GeneratedNotification)' [/Users/kady/Masterdom/src/Masterdom.Modules.Notifications/Masterdom.Modules.Notifications.csproj]
/Users/kady/Masterdom/src/Masterdom.Modules.Notifications/Application/Services/WhatsAppDeliveryProvider.cs(5,21): warning CS1591: Missing XML comment for publicly visible type or member 'WhatsAppDeliveryProvider' [/Users/kady/Masterdom/src/Masterdom.Modules.Notifications/Masterdom.Modules.Notifications.csproj]
/Users/kady/Masterdom/src/Masterdom.Modules.Notifications/Application/Services/WhatsAppDeliveryProvider.cs(7,28): warning CS1591: Missing XML comment for publicly visible type or member 'WhatsAppDeliveryProvider.Channel' [/Users/kady/Masterdom/src/Masterdom.Modules.Notifications/Masterdom.Modules.Notifications.csproj]
/Users/kady/Masterdom/src/Masterdom.Modules.Notifications/Application/Services/WhatsAppDeliveryProvider.cs(9,17): warning CS1591: Missing XML comment for publicly visible type or member 'WhatsAppDeliveryProvider.Deliver(GeneratedNotification)' [/Users/kady/Masterdom/src/Masterdom.Modules.Notifications/Masterdom.Modules.Notifications.csproj]
/Users/kady/Masterdom/src/Masterdom.Modules.Notifications/Application/Support/ExecutionResult.cs(3,14): warning CS1591: Missing XML comment for publicly visible type or member 'ExecutionResult' [/Users/kady/Masterdom/src/Masterdom.Modules.Notifications/Masterdom.Modules.Notifications.csproj]
/Users/kady/Masterdom/src/Masterdom.Modules.Notifications/Application/Support/ExecutionResult.cs(5,15): warning CS1591: Missing XML comment for publicly visible type or member 'ExecutionResult.ExecutionResult(bool, string?, string?)' [/Users/kady/Masterdom/src/Masterdom.Modules.Notifications/Masterdom.Modules.Notifications.csproj]
/Users/kady/Masterdom/src/Masterdom.Modules.Notifications/Application/Support/ExecutionResult.cs(12,17): warning CS1591: Missing XML comment for publicly visible type or member 'ExecutionResult.IsSuccess' [/Users/kady/Masterdom/src/Masterdom.Modules.Notifications/Masterdom.Modules.Notifications.csproj]
/Users/kady/Masterdom/src/Masterdom.Modules.Notifications/Application/Support/ExecutionResult.cs(14,20): warning CS1591: Missing XML comment for publicly visible type or member 'ExecutionResult.ErrorCode' [/Users/kady/Masterdom/src/Masterdom.Modules.Notifications/Masterdom.Modules.Notifications.csproj]
/Users/kady/Masterdom/src/Masterdom.Modules.Notifications/Application/Support/ExecutionResult.cs(16,20): warning CS1591: Missing XML comment for publicly visible type or member 'ExecutionResult.ErrorMessage' [/Users/kady/Masterdom/src/Masterdom.Modules.Notifications/Masterdom.Modules.Notifications.csproj]
/Users/kady/Masterdom/src/Masterdom.Modules.Notifications/Application/Support/ExecutionResult.cs(18,35): warning CS1591: Missing XML comment for publicly visible type or member 'ExecutionResult.Success()' [/Users/kady/Masterdom/src/Masterdom.Modules.Notifications/Masterdom.Modules.Notifications.csproj]
/Users/kady/Masterdom/src/Masterdom.Modules.Notifications/Application/Support/ExecutionResult.cs(20,35): warning CS1591: Missing XML comment for publicly visible type or member 'ExecutionResult.Failure(string, string)' [/Users/kady/Masterdom/src/Masterdom.Modules.Notifications/Masterdom.Modules.Notifications.csproj]
/Users/kady/Masterdom/src/Masterdom.Modules.Notifications/Application/Support/ExecutionResult.cs(24,21): warning CS1591: Missing XML comment for publicly visible type or member 'ExecutionResult<T>' [/Users/kady/Masterdom/src/Masterdom.Modules.Notifications/Masterdom.Modules.Notifications.csproj]
/Users/kady/Masterdom/src/Masterdom.Modules.Notifications/Application/Support/ExecutionResult.cs(32,15): warning CS1591: Missing XML comment for publicly visible type or member 'ExecutionResult<T>.Value' [/Users/kady/Masterdom/src/Masterdom.Modules.Notifications/Masterdom.Modules.Notifications.csproj]
/Users/kady/Masterdom/src/Masterdom.Modules.Notifications/Application/Support/ExecutionResult.cs(34,38): warning CS1591: Missing XML comment for publicly visible type or member 'ExecutionResult<T>.Success(T)' [/Users/kady/Masterdom/src/Masterdom.Modules.Notifications/Masterdom.Modules.Notifications.csproj]
/Users/kady/Masterdom/src/Masterdom.Modules.Notifications/Application/Support/ExecutionResult.cs(36,42): warning CS1591: Missing XML comment for publicly visible type or member 'ExecutionResult<T>.Failure(string, string)' [/Users/kady/Masterdom/src/Masterdom.Modules.Notifications/Masterdom.Modules.Notifications.csproj]
/Users/kady/Masterdom/src/Masterdom.Modules.Notifications/Application/Support/ICommandHandler.cs(3,18): warning CS1591: Missing XML comment for publicly visible type or member 'ICommandHandler<TCommand, TResult>' [/Users/kady/Masterdom/src/Masterdom.Modules.Notifications/Masterdom.Modules.Notifications.csproj]
/Users/kady/Masterdom/src/Masterdom.Modules.Notifications/Application/Support/ICommandHandler.cs(5,13): warning CS1591: Missing XML comment for publicly visible type or member 'ICommandHandler<TCommand, TResult>.Handle(TCommand)' [/Users/kady/Masterdom/src/Masterdom.Modules.Notifications/Masterdom.Modules.Notifications.csproj]
/Users/kady/Masterdom/src/Masterdom.Modules.Notifications/Application/Support/IQueryHandler.cs(3,18): warning CS1591: Missing XML comment for publicly visible type or member 'IQueryHandler<TQuery, TResult>' [/Users/kady/Masterdom/src/Masterdom.Modules.Notifications/Masterdom.Modules.Notifications.csproj]
/Users/kady/Masterdom/src/Masterdom.Modules.Notifications/Application/Support/IQueryHandler.cs(5,13): warning CS1591: Missing XML comment for publicly visible type or member 'IQueryHandler<TQuery, TResult>.Handle(TQuery)' [/Users/kady/Masterdom/src/Masterdom.Modules.Notifications/Masterdom.Modules.Notifications.csproj]
/Users/kady/Masterdom/src/Masterdom.Modules.Documents/Application/Commands/GenerateDocumentCommand.cs(5,22): warning CS1591: Missing XML comment for publicly visible type or member 'GenerateDocumentCommand' [/Users/kady/Masterdom/src/Masterdom.Modules.Documents/Masterdom.Modules.Documents.csproj]
/Users/kady/Masterdom/src/Masterdom.Modules.Documents/Application/Commands/GenerateDocumentCommand.cs(5,22): warning CS1591: Missing XML comment for publicly visible type or member 'GenerateDocumentCommand.GenerateDocumentCommand(string, Guid, IReadOnlyDictionary<string, string>, string?, int?, DocumentExportFormat)' [/Users/kady/Masterdom/src/Masterdom.Modules.Documents/Masterdom.Modules.Documents.csproj]
/Users/kady/Masterdom/src/Masterdom.Modules.Documents/Application/Commands/GenerateDocumentCommand.cs(6,12): warning CS1591: Missing XML comment for publicly visible type or member 'GenerateDocumentCommand.DocumentType' [/Users/kady/Masterdom/src/Masterdom.Modules.Documents/Masterdom.Modules.Documents.csproj]
/Users/kady/Masterdom/src/Masterdom.Modules.Documents/Application/Commands/GenerateDocumentCommand.cs(7,10): warning CS1591: Missing XML comment for publicly visible type or member 'GenerateDocumentCommand.RequestedBy' [/Users/kady/Masterdom/src/Masterdom.Modules.Documents/Masterdom.Modules.Documents.csproj]
/Users/kady/Masterdom/src/Masterdom.Modules.Documents/Application/Commands/GenerateDocumentCommand.cs(8,41): warning CS1591: Missing XML comment for publicly visible type or member 'GenerateDocumentCommand.Parameters' [/Users/kady/Masterdom/src/Masterdom.Modules.Documents/Masterdom.Modules.Documents.csproj]
/Users/kady/Masterdom/src/Masterdom.Modules.Documents/Application/Commands/GenerateDocumentCommand.cs(9,13): warning CS1591: Missing XML comment for publicly visible type or member 'GenerateDocumentCommand.TemplateCode' [/Users/kady/Masterdom/src/Masterdom.Modules.Documents/Masterdom.Modules.Documents.csproj]
/Users/kady/Masterdom/src/Masterdom.Modules.Documents/Application/Commands/GenerateDocumentCommand.cs(10,10): warning CS1591: Missing XML comment for publicly visible type or member 'GenerateDocumentCommand.TemplateVersion' [/Users/kady/Masterdom/src/Masterdom.Modules.Documents/Masterdom.Modules.Documents.csproj]
/Users/kady/Masterdom/src/Masterdom.Modules.Documents/Application/Commands/GenerateDocumentCommand.cs(11,26): warning CS1591: Missing XML comment for publicly visible type or member 'GenerateDocumentCommand.ExportFormat' [/Users/kady/Masterdom/src/Masterdom.Modules.Documents/Masterdom.Modules.Documents.csproj]
/Users/kady/Masterdom/src/Masterdom.Modules.Documents/Application/Commands/RegenerateDocumentCommand.cs(5,22): warning CS1591: Missing XML comment for publicly visible type or member 'RegenerateDocumentCommand' [/Users/kady/Masterdom/src/Masterdom.Modules.Documents/Masterdom.Modules.Documents.csproj]
/Users/kady/Masterdom/src/Masterdom.Modules.Documents/Application/Commands/RegenerateDocumentCommand.cs(5,22): warning CS1591: Missing XML comment for publicly visible type or member 'RegenerateDocumentCommand.RegenerateDocumentCommand(string, Guid, DocumentExportFormat)' [/Users/kady/Masterdom/src/Masterdom.Modules.Documents/Masterdom.Modules.Documents.csproj]
/Users/kady/Masterdom/src/Masterdom.Modules.Documents/Application/Commands/RegenerateDocumentCommand.cs(6,12): warning CS1591: Missing XML comment for publicly visible type or member 'RegenerateDocumentCommand.DocumentId' [/Users/kady/Masterdom/src/Masterdom.Modules.Documents/Masterdom.Modules.Documents.csproj]
/Users/kady/Masterdom/src/Masterdom.Modules.Documents/Application/Commands/RegenerateDocumentCommand.cs(7,10): warning CS1591: Missing XML comment for publicly visible type or member 'RegenerateDocumentCommand.RequestedBy' [/Users/kady/Masterdom/src/Masterdom.Modules.Documents/Masterdom.Modules.Documents.csproj]
/Users/kady/Masterdom/src/Masterdom.Modules.Documents/Application/Commands/RegenerateDocumentCommand.cs(8,26): warning CS1591: Missing XML comment for publicly visible type or member 'RegenerateDocumentCommand.ExportFormat' [/Users/kady/Masterdom/src/Masterdom.Modules.Documents/Masterdom.Modules.Documents.csproj]
/Users/kady/Masterdom/src/Masterdom.Modules.Documents/Application/Handlers/Commands/GenerateDocumentCommandHandler.cs(8,21): warning CS1591: Missing XML comment for publicly visible type or member 'GenerateDocumentCommandHandler' [/Users/kady/Masterdom/src/Masterdom.Modules.Documents/Masterdom.Modules.Documents.csproj]
/Users/kady/Masterdom/src/Masterdom.Modules.Documents/Application/Handlers/Commands/GenerateDocumentCommandHandler.cs(13,12): warning CS1591: Missing XML comment for publicly visible type or member 'GenerateDocumentCommandHandler.GenerateDocumentCommandHandler(IDocumentApplicationService)' [/Users/kady/Masterdom/src/Masterdom.Modules.Documents/Masterdom.Modules.Documents.csproj]
/Users/kady/Masterdom/src/Masterdom.Modules.Documents/Application/Handlers/Commands/GenerateDocumentCommandHandler.cs(18,47): warning CS1591: Missing XML comment for publicly visible type or member 'GenerateDocumentCommandHandler.Handle(GenerateDocumentCommand)' [/Users/kady/Masterdom/src/Masterdom.Modules.Documents/Masterdom.Modules.Documents.csproj]
/Users/kady/Masterdom/src/Masterdom.Modules.Documents/Application/Handlers/Commands/RegenerateDocumentCommandHandler.cs(8,21): warning CS1591: Missing XML comment for publicly visible type or member 'RegenerateDocumentCommandHandler' [/Users/kady/Masterdom/src/Masterdom.Modules.Documents/Masterdom.Modules.Documents.csproj]
/Users/kady/Masterdom/src/Masterdom.Modules.Documents/Application/Handlers/Commands/RegenerateDocumentCommandHandler.cs(13,12): warning CS1591: Missing XML comment for publicly visible type or member 'RegenerateDocumentCommandHandler.RegenerateDocumentCommandHandler(IDocumentApplicationService)' [/Users/kady/Masterdom/src/Masterdom.Modules.Documents/Masterdom.Modules.Documents.csproj]
/Users/kady/Masterdom/src/Masterdom.Modules.Documents/Application/Handlers/Commands/RegenerateDocumentCommandHandler.cs(18,47): warning CS1591: Missing XML comment for publicly visible type or member 'RegenerateDocumentCommandHandler.Handle(RegenerateDocumentCommand)' [/Users/kady/Masterdom/src/Masterdom.Modules.Documents/Masterdom.Modules.Documents.csproj]
/Users/kady/Masterdom/src/Masterdom.Modules.Documents/Application/Handlers/Queries/DownloadDocumentQueryHandler.cs(8,21): warning CS1591: Missing XML comment for publicly visible type or member 'DownloadDocumentQueryHandler' [/Users/kady/Masterdom/src/Masterdom.Modules.Documents/Masterdom.Modules.Documents.csproj]
/Users/kady/Masterdom/src/Masterdom.Modules.Documents/Application/Handlers/Queries/DownloadDocumentQueryHandler.cs(13,12): warning CS1591: Missing XML comment for publicly visible type or member 'DownloadDocumentQueryHandler.DownloadDocumentQueryHandler(IDocumentApplicationService)' [/Users/kady/Masterdom/src/Masterdom.Modules.Documents/Masterdom.Modules.Documents.csproj]
/Users/kady/Masterdom/src/Masterdom.Modules.Documents/Application/Handlers/Queries/DownloadDocumentQueryHandler.cs(18,47): warning CS1591: Missing XML comment for publicly visible type or member 'DownloadDocumentQueryHandler.Handle(DownloadDocumentQuery)' [/Users/kady/Masterdom/src/Masterdom.Modules.Documents/Masterdom.Modules.Documents.csproj]
/Users/kady/Masterdom/src/Masterdom.Modules.Documents/Application/Handlers/Queries/GetDocumentHistoryQueryHandler.cs(8,21): warning CS1591: Missing XML comment for publicly visible type or member 'GetDocumentHistoryQueryHandler' [/Users/kady/Masterdom/src/Masterdom.Modules.Documents/Masterdom.Modules.Documents.csproj]
/Users/kady/Masterdom/src/Masterdom.Modules.Documents/Application/Handlers/Queries/GetDocumentHistoryQueryHandler.cs(13,12): warning CS1591: Missing XML comment for publicly visible type or member 'GetDocumentHistoryQueryHandler.GetDocumentHistoryQueryHandler(IDocumentApplicationService)' [/Users/kady/Masterdom/src/Masterdom.Modules.Documents/Masterdom.Modules.Documents.csproj]
/Users/kady/Masterdom/src/Masterdom.Modules.Documents/Application/Handlers/Queries/GetDocumentHistoryQueryHandler.cs(18,71): warning CS1591: Missing XML comment for publicly visible type or member 'GetDocumentHistoryQueryHandler.Handle(GetDocumentHistoryQuery)' [/Users/kady/Masterdom/src/Masterdom.Modules.Documents/Masterdom.Modules.Documents.csproj]
/Users/kady/Masterdom/src/Masterdom.Modules.Documents/Application/Handlers/Queries/PreviewDocumentQueryHandler.cs(8,21): warning CS1591: Missing XML comment for publicly visible type or member 'PreviewDocumentQueryHandler' [/Users/kady/Masterdom/src/Masterdom.Modules.Documents/Masterdom.Modules.Documents.csproj]
/Users/kady/Masterdom/src/Masterdom.Modules.Documents/Application/Handlers/Queries/PreviewDocumentQueryHandler.cs(13,12): warning CS1591: Missing XML comment for publicly visible type or member 'PreviewDocumentQueryHandler.PreviewDocumentQueryHandler(IDocumentApplicationService)' [/Users/kady/Masterdom/src/Masterdom.Modules.Documents/Masterdom.Modules.Documents.csproj]
/Users/kady/Masterdom/src/Masterdom.Modules.Documents/Application/Handlers/Queries/PreviewDocumentQueryHandler.cs(18,47): warning CS1591: Missing XML comment for publicly visible type or member 'PreviewDocumentQueryHandler.Handle(PreviewDocumentQuery)' [/Users/kady/Masterdom/src/Masterdom.Modules.Documents/Masterdom.Modules.Documents.csproj]
/Users/kady/Masterdom/src/Masterdom.Modules.Documents/Application/Models/DocumentCategory.cs(3,13): warning CS1591: Missing XML comment for publicly visible type or member 'DocumentCategory' [/Users/kady/Masterdom/src/Masterdom.Modules.Documents/Masterdom.Modules.Documents.csproj]
/Users/kady/Masterdom/src/Masterdom.Modules.Documents/Application/Models/DocumentCategory.cs(5,5): warning CS1591: Missing XML comment for publicly visible type or member 'DocumentCategory.Tenancy' [/Users/kady/Masterdom/src/Masterdom.Modules.Documents/Masterdom.Modules.Documents.csproj]
/Users/kady/Masterdom/src/Masterdom.Modules.Documents/Application/Models/DocumentCategory.cs(6,5): warning CS1591: Missing XML comment for publicly visible type or member 'DocumentCategory.Billing' [/Users/kady/Masterdom/src/Masterdom.Modules.Documents/Masterdom.Modules.Documents.csproj]
/Users/kady/Masterdom/src/Masterdom.Modules.Documents/Application/Models/DocumentCategory.cs(7,5): warning CS1591: Missing XML comment for publicly visible type or member 'DocumentCategory.Payment' [/Users/kady/Masterdom/src/Masterdom.Modules.Documents/Masterdom.Modules.Documents.csproj]
/Users/kady/Masterdom/src/Masterdom.Modules.Documents/Application/Models/DocumentCategory.cs(8,5): warning CS1591: Missing XML comment for publicly visible type or member 'DocumentCategory.FinancialLedger' [/Users/kady/Masterdom/src/Masterdom.Modules.Documents/Masterdom.Modules.Documents.csproj]
/Users/kady/Masterdom/src/Masterdom.Modules.Documents/Application/Models/DocumentCategory.cs(9,5): warning CS1591: Missing XML comment for publicly visible type or member 'DocumentCategory.Property' [/Users/kady/Masterdom/src/Masterdom.Modules.Documents/Masterdom.Modules.Documents.csproj]
/Users/kady/Masterdom/src/Masterdom.Modules.Documents/Application/Models/DocumentCategory.cs(10,5): warning CS1591: Missing XML comment for publicly visible type or member 'DocumentCategory.Management' [/Users/kady/Masterdom/src/Masterdom.Modules.Documents/Masterdom.Modules.Documents.csproj]
/Users/kady/Masterdom/src/Masterdom.Modules.Documents/Application/Models/DocumentExportFormat.cs(3,13): warning CS1591: Missing XML comment for publicly visible type or member 'DocumentExportFormat' [/Users/kady/Masterdom/src/Masterdom.Modules.Documents/Masterdom.Modules.Documents.csproj]
/Users/kady/Masterdom/src/Masterdom.Modules.Documents/Application/Models/DocumentExportFormat.cs(5,5): warning CS1591: Missing XML comment for publicly visible type or member 'DocumentExportFormat.Pdf' [/Users/kady/Masterdom/src/Masterdom.Modules.Documents/Masterdom.Modules.Documents.csproj]
/Users/kady/Masterdom/src/Masterdom.Modules.Documents/Application/Models/DocumentExportFormat.cs(6,5): warning CS1591: Missing XML comment for publicly visible type or member 'DocumentExportFormat.Html' [/Users/kady/Masterdom/src/Masterdom.Modules.Documents/Masterdom.Modules.Documents.csproj]
/Users/kady/Masterdom/src/Masterdom.Modules.Documents/Application/Models/DocumentExportFormat.cs(7,5): warning CS1591: Missing XML comment for publicly visible type or member 'DocumentExportFormat.Text' [/Users/kady/Masterdom/src/Masterdom.Modules.Documents/Masterdom.Modules.Documents.csproj]
/Users/kady/Masterdom/src/Masterdom.Modules.Documents/Application/Models/DocumentHistoryEntry.cs(3,22): warning CS1591: Missing XML comment for publicly visible type or member 'DocumentHistoryEntry' [/Users/kady/Masterdom/src/Masterdom.Modules.Documents/Masterdom.Modules.Documents.csproj]
/Users/kady/Masterdom/src/Masterdom.Modules.Documents/Application/Models/DocumentHistoryEntry.cs(3,22): warning CS1591: Missing XML comment for publicly visible type or member 'DocumentHistoryEntry.DocumentHistoryEntry(string, string, DocumentCategory, string, int, string, string, string, DateTime, Guid, IReadOnlyDictionary<string, string>)' [/Users/kady/Masterdom/src/Masterdom.Modules.Documents/Masterdom.Modules.Documents.csproj]
/Users/kady/Masterdom/src/Masterdom.Modules.Documents/Application/Models/DocumentHistoryEntry.cs(4,12): warning CS1591: Missing XML comment for publicly visible type or member 'DocumentHistoryEntry.DocumentId' [/Users/kady/Masterdom/src/Masterdom.Modules.Documents/Masterdom.Modules.Documents.csproj]
/Users/kady/Masterdom/src/Masterdom.Modules.Documents/Application/Models/DocumentHistoryEntry.cs(5,12): warning CS1591: Missing XML comment for publicly visible type or member 'DocumentHistoryEntry.DocumentType' [/Users/kady/Masterdom/src/Masterdom.Modules.Documents/Masterdom.Modules.Documents.csproj]
/Users/kady/Masterdom/src/Masterdom.Modules.Documents/Application/Models/DocumentHistoryEntry.cs(6,22): warning CS1591: Missing XML comment for publicly visible type or member 'DocumentHistoryEntry.Category' [/Users/kady/Masterdom/src/Masterdom.Modules.Documents/Masterdom.Modules.Documents.csproj]
/Users/kady/Masterdom/src/Masterdom.Modules.Documents/Application/Models/DocumentHistoryEntry.cs(7,12): warning CS1591: Missing XML comment for publicly visible type or member 'DocumentHistoryEntry.TemplateCode' [/Users/kady/Masterdom/src/Masterdom.Modules.Documents/Masterdom.Modules.Documents.csproj]
/Users/kady/Masterdom/src/Masterdom.Modules.Documents/Application/Models/DocumentHistoryEntry.cs(8,9): warning CS1591: Missing XML comment for publicly visible type or member 'DocumentHistoryEntry.TemplateVersion' [/Users/kady/Masterdom/src/Masterdom.Modules.Documents/Masterdom.Modules.Documents.csproj]
/Users/kady/Masterdom/src/Masterdom.Modules.Documents/Application/Models/DocumentHistoryEntry.cs(9,12): warning CS1591: Missing XML comment for publicly visible type or member 'DocumentHistoryEntry.FileName' [/Users/kady/Masterdom/src/Masterdom.Modules.Documents/Masterdom.Modules.Documents.csproj]
/Users/kady/Masterdom/src/Masterdom.Modules.Documents/Application/Models/DocumentHistoryEntry.cs(10,12): warning CS1591: Missing XML comment for publicly visible type or member 'DocumentHistoryEntry.MimeType' [/Users/kady/Masterdom/src/Masterdom.Modules.Documents/Masterdom.Modules.Documents.csproj]
/Users/kady/Masterdom/src/Masterdom.Modules.Documents/Application/Models/DocumentHistoryEntry.cs(11,12): warning CS1591: Missing XML comment for publicly visible type or member 'DocumentHistoryEntry.Content' [/Users/kady/Masterdom/src/Masterdom.Modules.Documents/Masterdom.Modules.Documents.csproj]
/Users/kady/Masterdom/src/Masterdom.Modules.Documents/Application/Models/DocumentHistoryEntry.cs(12,14): warning CS1591: Missing XML comment for publicly visible type or member 'DocumentHistoryEntry.GeneratedAtUtc' [/Users/kady/Masterdom/src/Masterdom.Modules.Documents/Masterdom.Modules.Documents.csproj]
/Users/kady/Masterdom/src/Masterdom.Modules.Documents/Application/Models/DocumentHistoryEntry.cs(13,10): warning CS1591: Missing XML comment for publicly visible type or member 'DocumentHistoryEntry.RequestedBy' [/Users/kady/Masterdom/src/Masterdom.Modules.Documents/Masterdom.Modules.Documents.csproj]
/Users/kady/Masterdom/src/Masterdom.Modules.Documents/Application/Models/DocumentHistoryEntry.cs(14,41): warning CS1591: Missing XML comment for publicly visible type or member 'DocumentHistoryEntry.Parameters' [/Users/kady/Masterdom/src/Masterdom.Modules.Documents/Masterdom.Modules.Documents.csproj]
/Users/kady/Masterdom/src/Masterdom.Modules.Documents/Application/Models/DocumentReadModelRegistration.cs(3,22): warning CS1591: Missing XML comment for publicly visible type or member 'DocumentReadModelRegistration' [/Users/kady/Masterdom/src/Masterdom.Modules.Documents/Masterdom.Modules.Documents.csproj]
/Users/kady/Masterdom/src/Masterdom.Modules.Documents/Application/Models/DocumentReadModelRegistration.cs(3,22): warning CS1591: Missing XML comment for publicly visible type or member 'DocumentReadModelRegistration.DocumentReadModelRegistration(string, string, DocumentCategory, string, IReadOnlyCollection<string>, string)' [/Users/kady/Masterdom/src/Masterdom.Modules.Documents/Masterdom.Modules.Documents.csproj]
/Users/kady/Masterdom/src/Masterdom.Modules.Documents/Application/Models/DocumentReadModelRegistration.cs(4,12): warning CS1591: Missing XML comment for publicly visible type or member 'DocumentReadModelRegistration.DocumentType' [/Users/kady/Masterdom/src/Masterdom.Modules.Documents/Masterdom.Modules.Documents.csproj]
/Users/kady/Masterdom/src/Masterdom.Modules.Documents/Application/Models/DocumentReadModelRegistration.cs(5,12): warning CS1591: Missing XML comment for publicly visible type or member 'DocumentReadModelRegistration.ReadModelKey' [/Users/kady/Masterdom/src/Masterdom.Modules.Documents/Masterdom.Modules.Documents.csproj]
/Users/kady/Masterdom/src/Masterdom.Modules.Documents/Application/Models/DocumentReadModelRegistration.cs(6,22): warning CS1591: Missing XML comment for publicly visible type or member 'DocumentReadModelRegistration.Category' [/Users/kady/Masterdom/src/Masterdom.Modules.Documents/Masterdom.Modules.Documents.csproj]
/Users/kady/Masterdom/src/Masterdom.Modules.Documents/Application/Models/DocumentReadModelRegistration.cs(7,12): warning CS1591: Missing XML comment for publicly visible type or member 'DocumentReadModelRegistration.DefaultTemplateCode' [/Users/kady/Masterdom/src/Masterdom.Modules.Documents/Masterdom.Modules.Documents.csproj]
/Users/kady/Masterdom/src/Masterdom.Modules.Documents/Application/Models/DocumentReadModelRegistration.cs(8,33): warning CS1591: Missing XML comment for publicly visible type or member 'DocumentReadModelRegistration.SupportedParameters' [/Users/kady/Masterdom/src/Masterdom.Modules.Documents/Masterdom.Modules.Documents.csproj]
/Users/kady/Masterdom/src/Masterdom.Modules.Documents/Application/Models/DocumentReadModelRegistration.cs(9,12): warning CS1591: Missing XML comment for publicly visible type or member 'DocumentReadModelRegistration.Description' [/Users/kady/Masterdom/src/Masterdom.Modules.Documents/Masterdom.Modules.Documents.csproj]
/Users/kady/Masterdom/src/Masterdom.Modules.Documents/Application/Models/DocumentTemplate.cs(3,22): warning CS1591: Missing XML comment for publicly visible type or member 'DocumentTemplate' [/Users/kady/Masterdom/src/Masterdom.Modules.Documents/Masterdom.Modules.Documents.csproj]
/Users/kady/Masterdom/src/Masterdom.Modules.Documents/Application/Models/DocumentTemplate.cs(3,22): warning CS1591: Missing XML comment for publicly visible type or member 'DocumentTemplate.DocumentTemplate(string, string, int, bool, string, IReadOnlyCollection<string>, IReadOnlyDictionary<string, string>)' [/Users/kady/Masterdom/src/Masterdom.Modules.Documents/Masterdom.Modules.Documents.csproj]
/Users/kady/Masterdom/src/Masterdom.Modules.Documents/Application/Models/DocumentTemplate.cs(4,12): warning CS1591: Missing XML comment for publicly visible type or member 'DocumentTemplate.TemplateCode' [/Users/kady/Masterdom/src/Masterdom.Modules.Documents/Masterdom.Modules.Documents.csproj]
/Users/kady/Masterdom/src/Masterdom.Modules.Documents/Application/Models/DocumentTemplate.cs(5,12): warning CS1591: Missing XML comment for publicly visible type or member 'DocumentTemplate.DocumentType' [/Users/kady/Masterdom/src/Masterdom.Modules.Documents/Masterdom.Modules.Documents.csproj]
/Users/kady/Masterdom/src/Masterdom.Modules.Documents/Application/Models/DocumentTemplate.cs(6,9): warning CS1591: Missing XML comment for publicly visible type or member 'DocumentTemplate.Version' [/Users/kady/Masterdom/src/Masterdom.Modules.Documents/Masterdom.Modules.Documents.csproj]
/Users/kady/Masterdom/src/Masterdom.Modules.Documents/Application/Models/DocumentTemplate.cs(7,10): warning CS1591: Missing XML comment for publicly visible type or member 'DocumentTemplate.IsActive' [/Users/kady/Masterdom/src/Masterdom.Modules.Documents/Masterdom.Modules.Documents.csproj]
/Users/kady/Masterdom/src/Masterdom.Modules.Documents/Application/Models/DocumentTemplate.cs(8,12): warning CS1591: Missing XML comment for publicly visible type or member 'DocumentTemplate.Layout' [/Users/kady/Masterdom/src/Masterdom.Modules.Documents/Masterdom.Modules.Documents.csproj]
/Users/kady/Masterdom/src/Masterdom.Modules.Documents/Application/Models/DocumentTemplate.cs(9,33): warning CS1591: Missing XML comment for publicly visible type or member 'DocumentTemplate.ParameterKeys' [/Users/kady/Masterdom/src/Masterdom.Modules.Documents/Masterdom.Modules.Documents.csproj]
/Users/kady/Masterdom/src/Masterdom.Modules.Documents/Application/Models/DocumentTemplate.cs(10,41): warning CS1591: Missing XML comment for publicly visible type or member 'DocumentTemplate.Metadata' [/Users/kady/Masterdom/src/Masterdom.Modules.Documents/Masterdom.Modules.Documents.csproj]
/Users/kady/Masterdom/src/Masterdom.Modules.Documents/Application/Models/DocumentTypeCatalog.cs(3,21): warning CS1591: Missing XML comment for publicly visible type or member 'DocumentTypeCatalog' [/Users/kady/Masterdom/src/Masterdom.Modules.Documents/Masterdom.Modules.Documents.csproj]
/Users/kady/Masterdom/src/Masterdom.Modules.Documents/Application/Models/DocumentTypeCatalog.cs(5,25): warning CS1591: Missing XML comment for publicly visible type or member 'DocumentTypeCatalog.TenancyAgreement' [/Users/kady/Masterdom/src/Masterdom.Modules.Documents/Masterdom.Modules.Documents.csproj]
/Users/kady/Masterdom/src/Masterdom.Modules.Documents/Application/Models/DocumentTypeCatalog.cs(6,25): warning CS1591: Missing XML comment for publicly visible type or member 'DocumentTypeCatalog.MoveInForm' [/Users/kady/Masterdom/src/Masterdom.Modules.Documents/Masterdom.Modules.Documents.csproj]
/Users/kady/Masterdom/src/Masterdom.Modules.Documents/Application/Models/DocumentTypeCatalog.cs(7,25): warning CS1591: Missing XML comment for publicly visible type or member 'DocumentTypeCatalog.MoveOutForm' [/Users/kady/Masterdom/src/Masterdom.Modules.Documents/Masterdom.Modules.Documents.csproj]
/Users/kady/Masterdom/src/Masterdom.Modules.Documents/Application/Models/DocumentTypeCatalog.cs(8,25): warning CS1591: Missing XML comment for publicly visible type or member 'DocumentTypeCatalog.OccupancyCertificate' [/Users/kady/Masterdom/src/Masterdom.Modules.Documents/Masterdom.Modules.Documents.csproj]
/Users/kady/Masterdom/src/Masterdom.Modules.Documents/Application/Models/DocumentTypeCatalog.cs(9,25): warning CS1591: Missing XML comment for publicly visible type or member 'DocumentTypeCatalog.Noc' [/Users/kady/Masterdom/src/Masterdom.Modules.Documents/Masterdom.Modules.Documents.csproj]
/Users/kady/Masterdom/src/Masterdom.Modules.Documents/Application/Models/DocumentTypeCatalog.cs(11,25): warning CS1591: Missing XML comment for publicly visible type or member 'DocumentTypeCatalog.Bill' [/Users/kady/Masterdom/src/Masterdom.Modules.Documents/Masterdom.Modules.Documents.csproj]
/Users/kady/Masterdom/src/Masterdom.Modules.Documents/Application/Models/DocumentTypeCatalog.cs(12,25): warning CS1591: Missing XML comment for publicly visible type or member 'DocumentTypeCatalog.TaxInvoice' [/Users/kady/Masterdom/src/Masterdom.Modules.Documents/Masterdom.Modules.Documents.csproj]
/Users/kady/Masterdom/src/Masterdom.Modules.Documents/Application/Models/DocumentTypeCatalog.cs(13,25): warning CS1591: Missing XML comment for publicly visible type or member 'DocumentTypeCatalog.DebitNote' [/Users/kady/Masterdom/src/Masterdom.Modules.Documents/Masterdom.Modules.Documents.csproj]
/Users/kady/Masterdom/src/Masterdom.Modules.Documents/Application/Models/DocumentTypeCatalog.cs(14,25): warning CS1591: Missing XML comment for publicly visible type or member 'DocumentTypeCatalog.CreditNote' [/Users/kady/Masterdom/src/Masterdom.Modules.Documents/Masterdom.Modules.Documents.csproj]
/Users/kady/Masterdom/src/Masterdom.Modules.Documents/Application/Models/DocumentTypeCatalog.cs(16,25): warning CS1591: Missing XML comment for publicly visible type or member 'DocumentTypeCatalog.PaymentReceipt' [/Users/kady/Masterdom/src/Masterdom.Modules.Documents/Masterdom.Modules.Documents.csproj]
/Users/kady/Masterdom/src/Masterdom.Modules.Documents/Application/Models/DocumentTypeCatalog.cs(17,25): warning CS1591: Missing XML comment for publicly visible type or member 'DocumentTypeCatalog.RefundReceipt' [/Users/kady/Masterdom/src/Masterdom.Modules.Documents/Masterdom.Modules.Documents.csproj]
/Users/kady/Masterdom/src/Masterdom.Modules.Documents/Application/Models/DocumentTypeCatalog.cs(19,25): warning CS1591: Missing XML comment for publicly visible type or member 'DocumentTypeCatalog.AccountStatement' [/Users/kady/Masterdom/src/Masterdom.Modules.Documents/Masterdom.Modules.Documents.csproj]
/Users/kady/Masterdom/src/Masterdom.Modules.Documents/Application/Models/DocumentTypeCatalog.cs(20,25): warning CS1591: Missing XML comment for publicly visible type or member 'DocumentTypeCatalog.LedgerStatement' [/Users/kady/Masterdom/src/Masterdom.Modules.Documents/Masterdom.Modules.Documents.csproj]
/Users/kady/Masterdom/src/Masterdom.Modules.Documents/Application/Models/DocumentTypeCatalog.cs(22,25): warning CS1591: Missing XML comment for publicly visible type or member 'DocumentTypeCatalog.PropertySummary' [/Users/kady/Masterdom/src/Masterdom.Modules.Documents/Masterdom.Modules.Documents.csproj]
/Users/kady/Masterdom/src/Masterdom.Modules.Documents/Application/Models/DocumentTypeCatalog.cs(24,25): warning CS1591: Missing XML comment for publicly visible type or member 'DocumentTypeCatalog.ArrearsNotice' [/Users/kady/Masterdom/src/Masterdom.Modules.Documents/Masterdom.Modules.Documents.csproj]
/Users/kady/Masterdom/src/Masterdom.Modules.Documents/Application/Models/DocumentTypeCatalog.cs(25,25): warning CS1591: Missing XML comment for publicly visible type or member 'DocumentTypeCatalog.PaymentReminder' [/Users/kady/Masterdom/src/Masterdom.Modules.Documents/Masterdom.Modules.Documents.csproj]
/Users/kady/Masterdom/src/Masterdom.Modules.Documents/Application/Models/DocumentTypeCatalog.cs(26,25): warning CS1591: Missing XML comment for publicly visible type or member 'DocumentTypeCatalog.DemandNotice' [/Users/kady/Masterdom/src/Masterdom.Modules.Documents/Masterdom.Modules.Documents.csproj]
/Users/kady/Masterdom/src/Masterdom.Modules.Documents/Application/Models/DocumentTypeCatalog.cs(28,56): warning CS1591: Missing XML comment for publicly visible type or member 'DocumentTypeCatalog.All' [/Users/kady/Masterdom/src/Masterdom.Modules.Documents/Masterdom.Modules.Documents.csproj]
/Users/kady/Masterdom/src/Masterdom.Modules.Documents/Application/Models/DocumentTypeCatalog.cs(49,26): warning CS1591: Missing XML comment for publicly visible type or member 'DocumentTypeCatalog.Normalize(string)' [/Users/kady/Masterdom/src/Masterdom.Modules.Documents/Masterdom.Modules.Documents.csproj]
/Users/kady/Masterdom/src/Masterdom.Modules.Documents/Application/Models/GeneratedDocument.cs(3,22): warning CS1591: Missing XML comment for publicly visible type or member 'GeneratedDocument' [/Users/kady/Masterdom/src/Masterdom.Modules.Documents/Masterdom.Modules.Documents.csproj]
/Users/kady/Masterdom/src/Masterdom.Modules.Documents/Application/Models/GeneratedDocument.cs(3,22): warning CS1591: Missing XML comment for publicly visible type or member 'GeneratedDocument.GeneratedDocument(string, string, DocumentCategory, string, int, string, string, string, string, DateTime, IReadOnlyDictionary<string, string>)' [/Users/kady/Masterdom/src/Masterdom.Modules.Documents/Masterdom.Modules.Documents.csproj]
/Users/kady/Masterdom/src/Masterdom.Modules.Documents/Application/Models/GeneratedDocument.cs(4,12): warning CS1591: Missing XML comment for publicly visible type or member 'GeneratedDocument.DocumentId' [/Users/kady/Masterdom/src/Masterdom.Modules.Documents/Masterdom.Modules.Documents.csproj]
/Users/kady/Masterdom/src/Masterdom.Modules.Documents/Application/Models/GeneratedDocument.cs(5,12): warning CS1591: Missing XML comment for publicly visible type or member 'GeneratedDocument.DocumentType' [/Users/kady/Masterdom/src/Masterdom.Modules.Documents/Masterdom.Modules.Documents.csproj]
/Users/kady/Masterdom/src/Masterdom.Modules.Documents/Application/Models/GeneratedDocument.cs(6,22): warning CS1591: Missing XML comment for publicly visible type or member 'GeneratedDocument.Category' [/Users/kady/Masterdom/src/Masterdom.Modules.Documents/Masterdom.Modules.Documents.csproj]
/Users/kady/Masterdom/src/Masterdom.Modules.Documents/Application/Models/GeneratedDocument.cs(7,12): warning CS1591: Missing XML comment for publicly visible type or member 'GeneratedDocument.TemplateCode' [/Users/kady/Masterdom/src/Masterdom.Modules.Documents/Masterdom.Modules.Documents.csproj]
/Users/kady/Masterdom/src/Masterdom.Modules.Documents/Application/Models/GeneratedDocument.cs(8,9): warning CS1591: Missing XML comment for publicly visible type or member 'GeneratedDocument.TemplateVersion' [/Users/kady/Masterdom/src/Masterdom.Modules.Documents/Masterdom.Modules.Documents.csproj]
/Users/kady/Masterdom/src/Masterdom.Modules.Documents/Application/Models/GeneratedDocument.cs(9,12): warning CS1591: Missing XML comment for publicly visible type or member 'GeneratedDocument.FileName' [/Users/kady/Masterdom/src/Masterdom.Modules.Documents/Masterdom.Modules.Documents.csproj]
/Users/kady/Masterdom/src/Masterdom.Modules.Documents/Application/Models/GeneratedDocument.cs(10,12): warning CS1591: Missing XML comment for publicly visible type or member 'GeneratedDocument.MimeType' [/Users/kady/Masterdom/src/Masterdom.Modules.Documents/Masterdom.Modules.Documents.csproj]
/Users/kady/Masterdom/src/Masterdom.Modules.Documents/Application/Models/GeneratedDocument.cs(11,12): warning CS1591: Missing XML comment for publicly visible type or member 'GeneratedDocument.Content' [/Users/kady/Masterdom/src/Masterdom.Modules.Documents/Masterdom.Modules.Documents.csproj]
/Users/kady/Masterdom/src/Masterdom.Modules.Documents/Application/Models/GeneratedDocument.cs(12,12): warning CS1591: Missing XML comment for publicly visible type or member 'GeneratedDocument.Preview' [/Users/kady/Masterdom/src/Masterdom.Modules.Documents/Masterdom.Modules.Documents.csproj]
/Users/kady/Masterdom/src/Masterdom.Modules.Documents/Application/Models/GeneratedDocument.cs(13,14): warning CS1591: Missing XML comment for publicly visible type or member 'GeneratedDocument.GeneratedAtUtc' [/Users/kady/Masterdom/src/Masterdom.Modules.Documents/Masterdom.Modules.Documents.csproj]
/Users/kady/Masterdom/src/Masterdom.Modules.Documents/Application/Models/GeneratedDocument.cs(14,41): warning CS1591: Missing XML comment for publicly visible type or member 'GeneratedDocument.Parameters' [/Users/kady/Masterdom/src/Masterdom.Modules.Documents/Masterdom.Modules.Documents.csproj]
/Users/kady/Masterdom/src/Masterdom.Modules.Documents/Application/Queries/DownloadDocumentQuery.cs(3,22): warning CS1591: Missing XML comment for publicly visible type or member 'DownloadDocumentQuery' [/Users/kady/Masterdom/src/Masterdom.Modules.Documents/Masterdom.Modules.Documents.csproj]
/Users/kady/Masterdom/src/Masterdom.Modules.Documents/Application/Queries/DownloadDocumentQuery.cs(3,22): warning CS1591: Missing XML comment for publicly visible type or member 'DownloadDocumentQuery.DownloadDocumentQuery(string)' [/Users/kady/Masterdom/src/Masterdom.Modules.Documents/Masterdom.Modules.Documents.csproj]
/Users/kady/Masterdom/src/Masterdom.Modules.Documents/Application/Queries/DownloadDocumentQuery.cs(3,51): warning CS1591: Missing XML comment for publicly visible type or member 'DownloadDocumentQuery.DocumentId' [/Users/kady/Masterdom/src/Masterdom.Modules.Documents/Masterdom.Modules.Documents.csproj]
/Users/kady/Masterdom/src/Masterdom.Modules.Documents/Application/Queries/GetDocumentHistoryQuery.cs(3,22): warning CS1591: Missing XML comment for publicly visible type or member 'GetDocumentHistoryQuery' [/Users/kady/Masterdom/src/Masterdom.Modules.Documents/Masterdom.Modules.Documents.csproj]
/Users/kady/Masterdom/src/Masterdom.Modules.Documents/Application/Queries/GetDocumentHistoryQuery.cs(3,22): warning CS1591: Missing XML comment for publicly visible type or member 'GetDocumentHistoryQuery.GetDocumentHistoryQuery(string, int, int)' [/Users/kady/Masterdom/src/Masterdom.Modules.Documents/Masterdom.Modules.Documents.csproj]
/Users/kady/Masterdom/src/Masterdom.Modules.Documents/Application/Queries/GetDocumentHistoryQuery.cs(3,53): warning CS1591: Missing XML comment for publicly visible type or member 'GetDocumentHistoryQuery.DocumentType' [/Users/kady/Masterdom/src/Masterdom.Modules.Documents/Masterdom.Modules.Documents.csproj]
/Users/kady/Masterdom/src/Masterdom.Modules.Documents/Application/Queries/GetDocumentHistoryQuery.cs(3,71): warning CS1591: Missing XML comment for publicly visible type or member 'GetDocumentHistoryQuery.Page' [/Users/kady/Masterdom/src/Masterdom.Modules.Documents/Masterdom.Modules.Documents.csproj]
/Users/kady/Masterdom/src/Masterdom.Modules.Documents/Application/Queries/GetDocumentHistoryQuery.cs(3,81): warning CS1591: Missing XML comment for publicly visible type or member 'GetDocumentHistoryQuery.PageSize' [/Users/kady/Masterdom/src/Masterdom.Modules.Documents/Masterdom.Modules.Documents.csproj]
/Users/kady/Masterdom/src/Masterdom.Modules.Documents/Application/Queries/PreviewDocumentQuery.cs(3,22): warning CS1591: Missing XML comment for publicly visible type or member 'PreviewDocumentQuery' [/Users/kady/Masterdom/src/Masterdom.Modules.Documents/Masterdom.Modules.Documents.csproj]
/Users/kady/Masterdom/src/Masterdom.Modules.Documents/Application/Queries/PreviewDocumentQuery.cs(3,22): warning CS1591: Missing XML comment for publicly visible type or member 'PreviewDocumentQuery.PreviewDocumentQuery(string, Guid, IReadOnlyDictionary<string, string>, string?, int?)' [/Users/kady/Masterdom/src/Masterdom.Modules.Documents/Masterdom.Modules.Documents.csproj]
/Users/kady/Masterdom/src/Masterdom.Modules.Documents/Application/Queries/PreviewDocumentQuery.cs(4,12): warning CS1591: Missing XML comment for publicly visible type or member 'PreviewDocumentQuery.DocumentType' [/Users/kady/Masterdom/src/Masterdom.Modules.Documents/Masterdom.Modules.Documents.csproj]
/Users/kady/Masterdom/src/Masterdom.Modules.Documents/Application/Queries/PreviewDocumentQuery.cs(5,10): warning CS1591: Missing XML comment for publicly visible type or member 'PreviewDocumentQuery.RequestedBy' [/Users/kady/Masterdom/src/Masterdom.Modules.Documents/Masterdom.Modules.Documents.csproj]
/Users/kady/Masterdom/src/Masterdom.Modules.Documents/Application/Queries/PreviewDocumentQuery.cs(6,41): warning CS1591: Missing XML comment for publicly visible type or member 'PreviewDocumentQuery.Parameters' [/Users/kady/Masterdom/src/Masterdom.Modules.Documents/Masterdom.Modules.Documents.csproj]
/Users/kady/Masterdom/src/Masterdom.Modules.Documents/Application/Queries/PreviewDocumentQuery.cs(7,13): warning CS1591: Missing XML comment for publicly visible type or member 'PreviewDocumentQuery.TemplateCode' [/Users/kady/Masterdom/src/Masterdom.Modules.Documents/Masterdom.Modules.Documents.csproj]
/Users/kady/Masterdom/src/Masterdom.Modules.Documents/Application/Queries/PreviewDocumentQuery.cs(8,10): warning CS1591: Missing XML comment for publicly visible type or member 'PreviewDocumentQuery.TemplateVersion' [/Users/kady/Masterdom/src/Masterdom.Modules.Documents/Masterdom.Modules.Documents.csproj]
/Users/kady/Masterdom/src/Masterdom.Modules.Documents/Application/Services/DocumentApplicationService.cs(6,21): warning CS1591: Missing XML comment for publicly visible type or member 'DocumentApplicationService' [/Users/kady/Masterdom/src/Masterdom.Modules.Documents/Masterdom.Modules.Documents.csproj]
/Users/kady/Masterdom/src/Masterdom.Modules.Documents/Application/Services/DocumentApplicationService.cs(16,12): warning CS1591: Missing XML comment for publicly visible type or member 'DocumentApplicationService.DocumentApplicationService(IDocumentReadModelRegistry, IDocumentTemplateStore, IDocumentHistoryStore, IDocumentPermissionService, IDocumentRenderer, IReadModelProjectionOrchestrator, IDocumentPlatformOrchestrator)' [/Users/kady/Masterdom/src/Masterdom.Modules.Documents/Masterdom.Modules.Documents.csproj]
/Users/kady/Masterdom/src/Masterdom.Modules.Documents/Application/Services/DocumentApplicationService.cs(34,30): warning CS1591: Missing XML comment for publicly visible type or member 'DocumentApplicationService.Generate(string, Guid, IReadOnlyDictionary<string, string>, string?, int?, DocumentExportFormat)' [/Users/kady/Masterdom/src/Masterdom.Modules.Documents/Masterdom.Modules.Documents.csproj]
/Users/kady/Masterdom/src/Masterdom.Modules.Documents/Application/Services/DocumentApplicationService.cs(82,30): warning CS1591: Missing XML comment for publicly visible type or member 'DocumentApplicationService.Preview(string, Guid, IReadOnlyDictionary<string, string>, string?, int?)' [/Users/kady/Masterdom/src/Masterdom.Modules.Documents/Masterdom.Modules.Documents.csproj]
/Users/kady/Masterdom/src/Masterdom.Modules.Documents/Application/Services/DocumentApplicationService.cs(104,30): warning CS1591: Missing XML comment for publicly visible type or member 'DocumentApplicationService.Download(string)' [/Users/kady/Masterdom/src/Masterdom.Modules.Documents/Masterdom.Modules.Documents.csproj]
/Users/kady/Masterdom/src/Masterdom.Modules.Documents/Application/Services/DocumentApplicationService.cs(125,30): warning CS1591: Missing XML comment for publicly visible type or member 'DocumentApplicationService.Regenerate(string, Guid, DocumentExportFormat)' [/Users/kady/Masterdom/src/Masterdom.Modules.Documents/Masterdom.Modules.Documents.csproj]
/Users/kady/Masterdom/src/Masterdom.Modules.Documents/Application/Services/DocumentApplicationService.cs(139,54): warning CS1591: Missing XML comment for publicly visible type or member 'DocumentApplicationService.History(string, int, int)' [/Users/kady/Masterdom/src/Masterdom.Modules.Documents/Masterdom.Modules.Documents.csproj]
/Users/kady/Masterdom/src/Masterdom.Modules.Documents/Application/Services/DocumentPermissionService.cs(5,21): warning CS1591: Missing XML comment for publicly visible type or member 'DocumentPermissionService' [/Users/kady/Masterdom/src/Masterdom.Modules.Documents/Masterdom.Modules.Documents.csproj]
/Users/kady/Masterdom/src/Masterdom.Modules.Documents/Application/Services/DocumentPermissionService.cs(9,12): warning CS1591: Missing XML comment for publicly visible type or member 'DocumentPermissionService.DocumentPermissionService(ICurrentUserAccessor)' [/Users/kady/Masterdom/src/Masterdom.Modules.Documents/Masterdom.Modules.Documents.csproj]
/Users/kady/Masterdom/src/Masterdom.Modules.Documents/Application/Services/DocumentPermissionService.cs(14,17): warning CS1591: Missing XML comment for publicly visible type or member 'DocumentPermissionService.EnsureCanGenerate(string)' [/Users/kady/Masterdom/src/Masterdom.Modules.Documents/Masterdom.Modules.Documents.csproj]
/Users/kady/Masterdom/src/Masterdom.Modules.Documents/Application/Services/DocumentPermissionService.cs(32,17): warning CS1591: Missing XML comment for publicly visible type or member 'DocumentPermissionService.EnsureCanDownload(string)' [/Users/kady/Masterdom/src/Masterdom.Modules.Documents/Masterdom.Modules.Documents.csproj]
/Users/kady/Masterdom/src/Masterdom.Modules.Documents/Application/Services/DocumentPlatformOrchestrator.cs(5,21): warning CS1591: Missing XML comment for publicly visible type or member 'DocumentPlatformOrchestrator' [/Users/kady/Masterdom/src/Masterdom.Modules.Documents/Masterdom.Modules.Documents.csproj]
/Users/kady/Masterdom/src/Masterdom.Modules.Documents/Application/Services/DocumentPlatformOrchestrator.cs(7,17): warning CS1591: Missing XML comment for publicly visible type or member 'DocumentPlatformOrchestrator.OnDocumentGenerated(GeneratedDocument)' [/Users/kady/Masterdom/src/Masterdom.Modules.Documents/Masterdom.Modules.Documents.csproj]
/Users/kady/Masterdom/src/Masterdom.Modules.Documents/Application/Services/DocxDocumentRenderer.cs(3,21): warning CS1591: Missing XML comment for publicly visible type or member 'DocxDocumentRenderer' [/Users/kady/Masterdom/src/Masterdom.Modules.Documents/Masterdom.Modules.Documents.csproj]
/Users/kady/Masterdom/src/Masterdom.Modules.Documents/Application/Services/DocxDocumentRenderer.cs(5,19): warning CS1591: Missing XML comment for publicly visible type or member 'DocxDocumentRenderer.Render(string, IReadOnlyDictionary<string, string>)' [/Users/kady/Masterdom/src/Masterdom.Modules.Documents/Masterdom.Modules.Documents.csproj]
/Users/kady/Masterdom/src/Masterdom.Modules.Documents/Application/Services/ExcelDocumentRenderer.cs(3,21): warning CS1591: Missing XML comment for publicly visible type or member 'ExcelDocumentRenderer' [/Users/kady/Masterdom/src/Masterdom.Modules.Documents/Masterdom.Modules.Documents.csproj]
/Users/kady/Masterdom/src/Masterdom.Modules.Documents/Application/Services/ExcelDocumentRenderer.cs(5,19): warning CS1591: Missing XML comment for publicly visible type or member 'ExcelDocumentRenderer.Render(string, IReadOnlyDictionary<string, string>)' [/Users/kady/Masterdom/src/Masterdom.Modules.Documents/Masterdom.Modules.Documents.csproj]
/Users/kady/Masterdom/src/Masterdom.Modules.Documents/Application/Services/HtmlDocumentRenderer.cs(3,21): warning CS1591: Missing XML comment for publicly visible type or member 'HtmlDocumentRenderer' [/Users/kady/Masterdom/src/Masterdom.Modules.Documents/Masterdom.Modules.Documents.csproj]
/Users/kady/Masterdom/src/Masterdom.Modules.Documents/Application/Services/HtmlDocumentRenderer.cs(5,19): warning CS1591: Missing XML comment for publicly visible type or member 'HtmlDocumentRenderer.Render(string, IReadOnlyDictionary<string, string>)' [/Users/kady/Masterdom/src/Masterdom.Modules.Documents/Masterdom.Modules.Documents.csproj]
/Users/kady/Masterdom/src/Masterdom.Modules.Documents/Application/Services/IDocumentApplicationService.cs(5,18): warning CS1591: Missing XML comment for publicly visible type or member 'IDocumentApplicationService' [/Users/kady/Masterdom/src/Masterdom.Modules.Documents/Masterdom.Modules.Documents.csproj]
/Users/kady/Masterdom/src/Masterdom.Modules.Documents/Application/Services/IDocumentApplicationService.cs(7,23): warning CS1591: Missing XML comment for publicly visible type or member 'IDocumentApplicationService.Generate(string, Guid, IReadOnlyDictionary<string, string>, string?, int?, DocumentExportFormat)' [/Users/kady/Masterdom/src/Masterdom.Modules.Documents/Masterdom.Modules.Documents.csproj]
/Users/kady/Masterdom/src/Masterdom.Modules.Documents/Application/Services/IDocumentApplicationService.cs(15,23): warning CS1591: Missing XML comment for publicly visible type or member 'IDocumentApplicationService.Preview(string, Guid, IReadOnlyDictionary<string, string>, string?, int?)' [/Users/kady/Masterdom/src/Masterdom.Modules.Documents/Masterdom.Modules.Documents.csproj]
/Users/kady/Masterdom/src/Masterdom.Modules.Documents/Application/Services/IDocumentApplicationService.cs(22,23): warning CS1591: Missing XML comment for publicly visible type or member 'IDocumentApplicationService.Download(string)' [/Users/kady/Masterdom/src/Masterdom.Modules.Documents/Masterdom.Modules.Documents.csproj]
/Users/kady/Masterdom/src/Masterdom.Modules.Documents/Application/Services/IDocumentApplicationService.cs(24,23): warning CS1591: Missing XML comment for publicly visible type or member 'IDocumentApplicationService.Regenerate(string, Guid, DocumentExportFormat)' [/Users/kady/Masterdom/src/Masterdom.Modules.Documents/Masterdom.Modules.Documents.csproj]
/Users/kady/Masterdom/src/Masterdom.Modules.Documents/Application/Services/IDocumentApplicationService.cs(26,47): warning CS1591: Missing XML comment for publicly visible type or member 'IDocumentApplicationService.History(string, int, int)' [/Users/kady/Masterdom/src/Masterdom.Modules.Documents/Masterdom.Modules.Documents.csproj]
/Users/kady/Masterdom/src/Masterdom.Modules.Documents/Application/Services/IDocumentHistoryStore.cs(5,18): warning CS1591: Missing XML comment for publicly visible type or member 'IDocumentHistoryStore' [/Users/kady/Masterdom/src/Masterdom.Modules.Documents/Masterdom.Modules.Documents.csproj]
/Users/kady/Masterdom/src/Masterdom.Modules.Documents/Application/Services/IDocumentHistoryStore.cs(7,10): warning CS1591: Missing XML comment for publicly visible type or member 'IDocumentHistoryStore.Save(DocumentHistoryEntry)' [/Users/kady/Masterdom/src/Masterdom.Modules.Documents/Masterdom.Modules.Documents.csproj]
/Users/kady/Masterdom/src/Masterdom.Modules.Documents/Application/Services/IDocumentHistoryStore.cs(9,27): warning CS1591: Missing XML comment for publicly visible type or member 'IDocumentHistoryStore.GetById(string)' [/Users/kady/Masterdom/src/Masterdom.Modules.Documents/Masterdom.Modules.Documents.csproj]
/Users/kady/Masterdom/src/Masterdom.Modules.Documents/Application/Services/IDocumentHistoryStore.cs(11,47): warning CS1591: Missing XML comment for publicly visible type or member 'IDocumentHistoryStore.GetByDocumentType(string, int, int)' [/Users/kady/Masterdom/src/Masterdom.Modules.Documents/Masterdom.Modules.Documents.csproj]
/Users/kady/Masterdom/src/Masterdom.Modules.Documents/Application/Services/IDocumentPermissionService.cs(3,18): warning CS1591: Missing XML comment for publicly visible type or member 'IDocumentPermissionService' [/Users/kady/Masterdom/src/Masterdom.Modules.Documents/Masterdom.Modules.Documents.csproj]
/Users/kady/Masterdom/src/Masterdom.Modules.Documents/Application/Services/IDocumentPermissionService.cs(5,10): warning CS1591: Missing XML comment for publicly visible type or member 'IDocumentPermissionService.EnsureCanGenerate(string)' [/Users/kady/Masterdom/src/Masterdom.Modules.Documents/Masterdom.Modules.Documents.csproj]
/Users/kady/Masterdom/src/Masterdom.Modules.Documents/Application/Services/IDocumentPermissionService.cs(7,10): warning CS1591: Missing XML comment for publicly visible type or member 'IDocumentPermissionService.EnsureCanDownload(string)' [/Users/kady/Masterdom/src/Masterdom.Modules.Documents/Masterdom.Modules.Documents.csproj]
/Users/kady/Masterdom/src/Masterdom.Modules.Documents/Application/Services/IDocumentPlatformOrchestrator.cs(5,18): warning CS1591: Missing XML comment for publicly visible type or member 'IDocumentPlatformOrchestrator' [/Users/kady/Masterdom/src/Masterdom.Modules.Documents/Masterdom.Modules.Documents.csproj]
/Users/kady/Masterdom/src/Masterdom.Modules.Documents/Application/Services/IDocumentPlatformOrchestrator.cs(7,10): warning CS1591: Missing XML comment for publicly visible type or member 'IDocumentPlatformOrchestrator.OnDocumentGenerated(GeneratedDocument)' [/Users/kady/Masterdom/src/Masterdom.Modules.Documents/Masterdom.Modules.Documents.csproj]
/Users/kady/Masterdom/src/Masterdom.Modules.Documents/Application/Services/IDocumentReadModelRegistry.cs(5,18): warning CS1591: Missing XML comment for publicly visible type or member 'IDocumentReadModelRegistry' [/Users/kady/Masterdom/src/Masterdom.Modules.Documents/Masterdom.Modules.Documents.csproj]
/Users/kady/Masterdom/src/Masterdom.Modules.Documents/Application/Services/IDocumentReadModelRegistry.cs(7,35): warning CS1591: Missing XML comment for publicly visible type or member 'IDocumentReadModelRegistry.Resolve(string)' [/Users/kady/Masterdom/src/Masterdom.Modules.Documents/Masterdom.Modules.Documents.csproj]
/Users/kady/Masterdom/src/Masterdom.Modules.Documents/Application/Services/IDocumentReadModelRegistry.cs(9,56): warning CS1591: Missing XML comment for publicly visible type or member 'IDocumentReadModelRegistry.GetAll()' [/Users/kady/Masterdom/src/Masterdom.Modules.Documents/Masterdom.Modules.Documents.csproj]
/Users/kady/Masterdom/src/Masterdom.Modules.Documents/Application/Services/IDocumentRenderer.cs(3,18): warning CS1591: Missing XML comment for publicly visible type or member 'IDocumentRenderer' [/Users/kady/Masterdom/src/Masterdom.Modules.Documents/Masterdom.Modules.Documents.csproj]
/Users/kady/Masterdom/src/Masterdom.Modules.Documents/Application/Services/IDocumentRenderer.cs(5,12): warning CS1591: Missing XML comment for publicly visible type or member 'IDocumentRenderer.Render(string, IReadOnlyDictionary<string, string>)' [/Users/kady/Masterdom/src/Masterdom.Modules.Documents/Masterdom.Modules.Documents.csproj]
/Users/kady/Masterdom/src/Masterdom.Modules.Documents/Application/Services/IDocumentTemplateStore.cs(5,18): warning CS1591: Missing XML comment for publicly visible type or member 'IDocumentTemplateStore' [/Users/kady/Masterdom/src/Masterdom.Modules.Documents/Masterdom.Modules.Documents.csproj]
/Users/kady/Masterdom/src/Masterdom.Modules.Documents/Application/Services/IDocumentTemplateStore.cs(7,22): warning CS1591: Missing XML comment for publicly visible type or member 'IDocumentTemplateStore.Resolve(string, string?, int?)' [/Users/kady/Masterdom/src/Masterdom.Modules.Documents/Masterdom.Modules.Documents.csproj]
/Users/kady/Masterdom/src/Masterdom.Modules.Documents/Application/Services/IDocumentTemplateStore.cs(9,43): warning CS1591: Missing XML comment for publicly visible type or member 'IDocumentTemplateStore.GetByDocumentType(string)' [/Users/kady/Masterdom/src/Masterdom.Modules.Documents/Masterdom.Modules.Documents.csproj]
/Users/kady/Masterdom/src/Masterdom.Modules.Documents/Application/Services/InMemoryDocumentHistoryStore.cs(5,21): warning CS1591: Missing XML comment for publicly visible type or member 'InMemoryDocumentHistoryStore' [/Users/kady/Masterdom/src/Masterdom.Modules.Documents/Masterdom.Modules.Documents.csproj]
/Users/kady/Masterdom/src/Masterdom.Modules.Documents/Application/Services/InMemoryDocumentHistoryStore.cs(9,17): warning CS1591: Missing XML comment for publicly visible type or member 'InMemoryDocumentHistoryStore.Save(DocumentHistoryEntry)' [/Users/kady/Masterdom/src/Masterdom.Modules.Documents/Masterdom.Modules.Documents.csproj]
/Users/kady/Masterdom/src/Masterdom.Modules.Documents/Application/Services/InMemoryDocumentHistoryStore.cs(15,34): warning CS1591: Missing XML comment for publicly visible type or member 'InMemoryDocumentHistoryStore.GetById(string)' [/Users/kady/Masterdom/src/Masterdom.Modules.Documents/Masterdom.Modules.Documents.csproj]
/Users/kady/Masterdom/src/Masterdom.Modules.Documents/Application/Services/InMemoryDocumentHistoryStore.cs(21,54): warning CS1591: Missing XML comment for publicly visible type or member 'InMemoryDocumentHistoryStore.GetByDocumentType(string, int, int)' [/Users/kady/Masterdom/src/Masterdom.Modules.Documents/Masterdom.Modules.Documents.csproj]
/Users/kady/Masterdom/src/Masterdom.Modules.Documents/Application/Services/InMemoryDocumentTemplateStore.cs(5,21): warning CS1591: Missing XML comment for publicly visible type or member 'InMemoryDocumentTemplateStore' [/Users/kady/Masterdom/src/Masterdom.Modules.Documents/Masterdom.Modules.Documents.csproj]
/Users/kady/Masterdom/src/Masterdom.Modules.Documents/Application/Services/InMemoryDocumentTemplateStore.cs(33,29): warning CS1591: Missing XML comment for publicly visible type or member 'InMemoryDocumentTemplateStore.Resolve(string, string?, int?)' [/Users/kady/Masterdom/src/Masterdom.Modules.Documents/Masterdom.Modules.Documents.csproj]
/Users/kady/Masterdom/src/Masterdom.Modules.Documents/Application/Services/InMemoryDocumentTemplateStore.cs(61,50): warning CS1591: Missing XML comment for publicly visible type or member 'InMemoryDocumentTemplateStore.GetByDocumentType(string)' [/Users/kady/Masterdom/src/Masterdom.Modules.Documents/Masterdom.Modules.Documents.csproj]
/Users/kady/Masterdom/src/Masterdom.Modules.Documents/Application/Services/MetadataDrivenDocumentReadModelRegistry.cs(6,21): warning CS1591: Missing XML comment for publicly visible type or member 'MetadataDrivenDocumentReadModelRegistry' [/Users/kady/Masterdom/src/Masterdom.Modules.Documents/Masterdom.Modules.Documents.csproj]
/Users/kady/Masterdom/src/Masterdom.Modules.Documents/Application/Services/MetadataDrivenDocumentReadModelRegistry.cs(34,42): warning CS1591: Missing XML comment for publicly visible type or member 'MetadataDrivenDocumentReadModelRegistry.Resolve(string)' [/Users/kady/Masterdom/src/Masterdom.Modules.Documents/Masterdom.Modules.Documents.csproj]
/Users/kady/Masterdom/src/Masterdom.Modules.Documents/Application/Services/MetadataDrivenDocumentReadModelRegistry.cs(42,63): warning CS1591: Missing XML comment for publicly visible type or member 'MetadataDrivenDocumentReadModelRegistry.GetAll()' [/Users/kady/Masterdom/src/Masterdom.Modules.Documents/Masterdom.Modules.Documents.csproj]
/Users/kady/Masterdom/src/Masterdom.Modules.Documents/Application/Services/PdfDocumentRenderer.cs(3,21): warning CS1591: Missing XML comment for publicly visible type or member 'PdfDocumentRenderer' [/Users/kady/Masterdom/src/Masterdom.Modules.Documents/Masterdom.Modules.Documents.csproj]
/Users/kady/Masterdom/src/Masterdom.Modules.Documents/Application/Services/PdfDocumentRenderer.cs(5,19): warning CS1591: Missing XML comment for publicly visible type or member 'PdfDocumentRenderer.Render(string, IReadOnlyDictionary<string, string>)' [/Users/kady/Masterdom/src/Masterdom.Modules.Documents/Masterdom.Modules.Documents.csproj]
/Users/kady/Masterdom/src/Masterdom.Modules.Documents/Application/Services/TextDocumentRenderer.cs(3,21): warning CS1591: Missing XML comment for publicly visible type or member 'TextDocumentRenderer' [/Users/kady/Masterdom/src/Masterdom.Modules.Documents/Masterdom.Modules.Documents.csproj]
/Users/kady/Masterdom/src/Masterdom.Modules.Documents/Application/Services/TextDocumentRenderer.cs(5,19): warning CS1591: Missing XML comment for publicly visible type or member 'TextDocumentRenderer.Render(string, IReadOnlyDictionary<string, string>)' [/Users/kady/Masterdom/src/Masterdom.Modules.Documents/Masterdom.Modules.Documents.csproj]
/Users/kady/Masterdom/src/Masterdom.Modules.Documents/Application/Support/ExecutionResult.cs(3,14): warning CS1591: Missing XML comment for publicly visible type or member 'ExecutionResult' [/Users/kady/Masterdom/src/Masterdom.Modules.Documents/Masterdom.Modules.Documents.csproj]
/Users/kady/Masterdom/src/Masterdom.Modules.Documents/Application/Support/ExecutionResult.cs(5,15): warning CS1591: Missing XML comment for publicly visible type or member 'ExecutionResult.ExecutionResult(bool, string?, string?)' [/Users/kady/Masterdom/src/Masterdom.Modules.Documents/Masterdom.Modules.Documents.csproj]
/Users/kady/Masterdom/src/Masterdom.Modules.Documents/Application/Support/ExecutionResult.cs(12,17): warning CS1591: Missing XML comment for publicly visible type or member 'ExecutionResult.IsSuccess' [/Users/kady/Masterdom/src/Masterdom.Modules.Documents/Masterdom.Modules.Documents.csproj]
/Users/kady/Masterdom/src/Masterdom.Modules.Documents/Application/Support/ExecutionResult.cs(14,20): warning CS1591: Missing XML comment for publicly visible type or member 'ExecutionResult.ErrorCode' [/Users/kady/Masterdom/src/Masterdom.Modules.Documents/Masterdom.Modules.Documents.csproj]
/Users/kady/Masterdom/src/Masterdom.Modules.Documents/Application/Support/ExecutionResult.cs(16,20): warning CS1591: Missing XML comment for publicly visible type or member 'ExecutionResult.ErrorMessage' [/Users/kady/Masterdom/src/Masterdom.Modules.Documents/Masterdom.Modules.Documents.csproj]
/Users/kady/Masterdom/src/Masterdom.Modules.Documents/Application/Support/ExecutionResult.cs(18,35): warning CS1591: Missing XML comment for publicly visible type or member 'ExecutionResult.Success()' [/Users/kady/Masterdom/src/Masterdom.Modules.Documents/Masterdom.Modules.Documents.csproj]
/Users/kady/Masterdom/src/Masterdom.Modules.Documents/Application/Support/ExecutionResult.cs(20,35): warning CS1591: Missing XML comment for publicly visible type or member 'ExecutionResult.Failure(string, string)' [/Users/kady/Masterdom/src/Masterdom.Modules.Documents/Masterdom.Modules.Documents.csproj]
/Users/kady/Masterdom/src/Masterdom.Modules.Documents/Application/Support/ExecutionResult.cs(24,21): warning CS1591: Missing XML comment for publicly visible type or member 'ExecutionResult<T>' [/Users/kady/Masterdom/src/Masterdom.Modules.Documents/Masterdom.Modules.Documents.csproj]
/Users/kady/Masterdom/src/Masterdom.Modules.Documents/Application/Support/ExecutionResult.cs(32,15): warning CS1591: Missing XML comment for publicly visible type or member 'ExecutionResult<T>.Value' [/Users/kady/Masterdom/src/Masterdom.Modules.Documents/Masterdom.Modules.Documents.csproj]
/Users/kady/Masterdom/src/Masterdom.Modules.Documents/Application/Support/ExecutionResult.cs(34,38): warning CS1591: Missing XML comment for publicly visible type or member 'ExecutionResult<T>.Success(T)' [/Users/kady/Masterdom/src/Masterdom.Modules.Documents/Masterdom.Modules.Documents.csproj]
/Users/kady/Masterdom/src/Masterdom.Modules.Documents/Application/Support/ExecutionResult.cs(36,42): warning CS1591: Missing XML comment for publicly visible type or member 'ExecutionResult<T>.Failure(string, string)' [/Users/kady/Masterdom/src/Masterdom.Modules.Documents/Masterdom.Modules.Documents.csproj]
/Users/kady/Masterdom/src/Masterdom.Modules.Documents/Application/Support/ICommandHandler.cs(3,18): warning CS1591: Missing XML comment for publicly visible type or member 'ICommandHandler<TCommand, TResult>' [/Users/kady/Masterdom/src/Masterdom.Modules.Documents/Masterdom.Modules.Documents.csproj]
/Users/kady/Masterdom/src/Masterdom.Modules.Documents/Application/Support/ICommandHandler.cs(5,13): warning CS1591: Missing XML comment for publicly visible type or member 'ICommandHandler<TCommand, TResult>.Handle(TCommand)' [/Users/kady/Masterdom/src/Masterdom.Modules.Documents/Masterdom.Modules.Documents.csproj]
/Users/kady/Masterdom/src/Masterdom.Modules.Documents/Application/Support/IQueryHandler.cs(3,18): warning CS1591: Missing XML comment for publicly visible type or member 'IQueryHandler<TQuery, TResult>' [/Users/kady/Masterdom/src/Masterdom.Modules.Documents/Masterdom.Modules.Documents.csproj]
/Users/kady/Masterdom/src/Masterdom.Modules.Documents/Application/Support/IQueryHandler.cs(5,13): warning CS1591: Missing XML comment for publicly visible type or member 'IQueryHandler<TQuery, TResult>.Handle(TQuery)' [/Users/kady/Masterdom/src/Masterdom.Modules.Documents/Masterdom.Modules.Documents.csproj]
/Users/kady/Masterdom/src/Masterdom.Modules.SubsidyOptimization/Application/Support/ExecutionResult.cs(48,38): warning CS0108: 'ExecutionResult<T>.Failure(string, string)' hides inherited member 'ExecutionResult.Failure(string, string)'. Use the new keyword if hiding was intended. [/Users/kady/Masterdom/src/Masterdom.Modules.SubsidyOptimization/Masterdom.Modules.SubsidyOptimization.csproj]
/Users/kady/Masterdom/src/Masterdom.Modules.SubsidyOptimization/Application/Commands/ArchiveOptimizationRunCommand.cs(5,22): warning CS1591: Missing XML comment for publicly visible type or member 'ArchiveOptimizationRunCommand' [/Users/kady/Masterdom/src/Masterdom.Modules.SubsidyOptimization/Masterdom.Modules.SubsidyOptimization.csproj]
/Users/kady/Masterdom/src/Masterdom.Modules.SubsidyOptimization/Application/Commands/ArchiveOptimizationRunCommand.cs(5,22): warning CS1591: Missing XML comment for publicly visible type or member 'ArchiveOptimizationRunCommand.ArchiveOptimizationRunCommand(OptimizationRunId, DateTime)' [/Users/kady/Masterdom/src/Masterdom.Modules.SubsidyOptimization/Masterdom.Modules.SubsidyOptimization.csproj]
/Users/kady/Masterdom/src/Masterdom.Modules.SubsidyOptimization/Application/Commands/ArchiveOptimizationRunCommand.cs(6,23): warning CS1591: Missing XML comment for publicly visible type or member 'ArchiveOptimizationRunCommand.OptimizationRunId' [/Users/kady/Masterdom/src/Masterdom.Modules.SubsidyOptimization/Masterdom.Modules.SubsidyOptimization.csproj]
/Users/kady/Masterdom/src/Masterdom.Modules.SubsidyOptimization/Application/Commands/ArchiveOptimizationRunCommand.cs(7,14): warning CS1591: Missing XML comment for publicly visible type or member 'ArchiveOptimizationRunCommand.ArchivedAtUtc' [/Users/kady/Masterdom/src/Masterdom.Modules.SubsidyOptimization/Masterdom.Modules.SubsidyOptimization.csproj]
/Users/kady/Masterdom/src/Masterdom.Modules.SubsidyOptimization/Application/Commands/ArchiveRecommendationCommand.cs(5,22): warning CS1591: Missing XML comment for publicly visible type or member 'ArchiveRecommendationCommand' [/Users/kady/Masterdom/src/Masterdom.Modules.SubsidyOptimization/Masterdom.Modules.SubsidyOptimization.csproj]
/Users/kady/Masterdom/src/Masterdom.Modules.SubsidyOptimization/Application/Commands/ArchiveRecommendationCommand.cs(5,22): warning CS1591: Missing XML comment for publicly visible type or member 'ArchiveRecommendationCommand.ArchiveRecommendationCommand(OptimizationRunId, RecommendationId, string, DateTime)' [/Users/kady/Masterdom/src/Masterdom.Modules.SubsidyOptimization/Masterdom.Modules.SubsidyOptimization.csproj]
/Users/kady/Masterdom/src/Masterdom.Modules.SubsidyOptimization/Application/Commands/ArchiveRecommendationCommand.cs(6,23): warning CS1591: Missing XML comment for publicly visible type or member 'ArchiveRecommendationCommand.OptimizationRunId' [/Users/kady/Masterdom/src/Masterdom.Modules.SubsidyOptimization/Masterdom.Modules.SubsidyOptimization.csproj]
/Users/kady/Masterdom/src/Masterdom.Modules.SubsidyOptimization/Application/Commands/ArchiveRecommendationCommand.cs(7,22): warning CS1591: Missing XML comment for publicly visible type or member 'ArchiveRecommendationCommand.RecommendationId' [/Users/kady/Masterdom/src/Masterdom.Modules.SubsidyOptimization/Masterdom.Modules.SubsidyOptimization.csproj]
/Users/kady/Masterdom/src/Masterdom.Modules.SubsidyOptimization/Application/Commands/ArchiveRecommendationCommand.cs(8,12): warning CS1591: Missing XML comment for publicly visible type or member 'ArchiveRecommendationCommand.Reason' [/Users/kady/Masterdom/src/Masterdom.Modules.SubsidyOptimization/Masterdom.Modules.SubsidyOptimization.csproj]
/Users/kady/Masterdom/src/Masterdom.Modules.SubsidyOptimization/Application/Commands/ArchiveRecommendationCommand.cs(9,14): warning CS1591: Missing XML comment for publicly visible type or member 'ArchiveRecommendationCommand.ArchivedAtUtc' [/Users/kady/Masterdom/src/Masterdom.Modules.SubsidyOptimization/Masterdom.Modules.SubsidyOptimization.csproj]
/Users/kady/Masterdom/src/Masterdom.Modules.SubsidyOptimization/Application/Commands/CreateScenarioVersionCommand.cs(6,22): warning CS1591: Missing XML comment for publicly visible type or member 'CreateScenarioVersionCommand' [/Users/kady/Masterdom/src/Masterdom.Modules.SubsidyOptimization/Masterdom.Modules.SubsidyOptimization.csproj]
/Users/kady/Masterdom/src/Masterdom.Modules.SubsidyOptimization/Application/Commands/CreateScenarioVersionCommand.cs(6,22): warning CS1591: Missing XML comment for publicly visible type or member 'CreateScenarioVersionCommand.CreateScenarioVersionCommand(OptimizationRunId, IReadOnlyCollection<RatedConsumptionContract>, DateTime)' [/Users/kady/Masterdom/src/Masterdom.Modules.SubsidyOptimization/Masterdom.Modules.SubsidyOptimization.csproj]
/Users/kady/Masterdom/src/Masterdom.Modules.SubsidyOptimization/Application/Commands/CreateScenarioVersionCommand.cs(7,23): warning CS1591: Missing XML comment for publicly visible type or member 'CreateScenarioVersionCommand.OptimizationRunId' [/Users/kady/Masterdom/src/Masterdom.Modules.SubsidyOptimization/Masterdom.Modules.SubsidyOptimization.csproj]
/Users/kady/Masterdom/src/Masterdom.Modules.SubsidyOptimization/Application/Commands/CreateScenarioVersionCommand.cs(8,51): warning CS1591: Missing XML comment for publicly visible type or member 'CreateScenarioVersionCommand.RatedConsumptions' [/Users/kady/Masterdom/src/Masterdom.Modules.SubsidyOptimization/Masterdom.Modules.SubsidyOptimization.csproj]
/Users/kady/Masterdom/src/Masterdom.Modules.SubsidyOptimization/Application/Commands/CreateScenarioVersionCommand.cs(9,14): warning CS1591: Missing XML comment for publicly visible type or member 'CreateScenarioVersionCommand.StartedAtUtc' [/Users/kady/Masterdom/src/Masterdom.Modules.SubsidyOptimization/Masterdom.Modules.SubsidyOptimization.csproj]
/Users/kady/Masterdom/src/Masterdom.Modules.SubsidyOptimization/Application/Commands/CreateScenarioVersionCommand.cs(11,28): warning CS1591: Missing XML comment for publicly visible type or member 'CreateScenarioVersionCommand.ToRatingReference()' [/Users/kady/Masterdom/src/Masterdom.Modules.SubsidyOptimization/Masterdom.Modules.SubsidyOptimization.csproj]
/Users/kady/Masterdom/src/Masterdom.Modules.SubsidyOptimization/Application/Commands/ExecuteSubsidyOptimizationCommand.cs(6,22): warning CS1591: Missing XML comment for publicly visible type or member 'ExecuteSubsidyOptimizationCommand' [/Users/kady/Masterdom/src/Masterdom.Modules.SubsidyOptimization/Masterdom.Modules.SubsidyOptimization.csproj]
/Users/kady/Masterdom/src/Masterdom.Modules.SubsidyOptimization/Application/Commands/ExecuteSubsidyOptimizationCommand.cs(6,22): warning CS1591: Missing XML comment for publicly visible type or member 'ExecuteSubsidyOptimizationCommand.ExecuteSubsidyOptimizationCommand(SubsidyScenario, MeterGroup, OptimizationPeriod, SubsidyMaximizerRequest)' [/Users/kady/Masterdom/src/Masterdom.Modules.SubsidyOptimization/Masterdom.Modules.SubsidyOptimization.csproj]
/Users/kady/Masterdom/src/Masterdom.Modules.SubsidyOptimization/Application/Commands/ExecuteSubsidyOptimizationCommand.cs(7,21): warning CS1591: Missing XML comment for publicly visible type or member 'ExecuteSubsidyOptimizationCommand.Scenario' [/Users/kady/Masterdom/src/Masterdom.Modules.SubsidyOptimization/Masterdom.Modules.SubsidyOptimization.csproj]
/Users/kady/Masterdom/src/Masterdom.Modules.SubsidyOptimization/Application/Commands/ExecuteSubsidyOptimizationCommand.cs(8,16): warning CS1591: Missing XML comment for publicly visible type or member 'ExecuteSubsidyOptimizationCommand.MeterGroup' [/Users/kady/Masterdom/src/Masterdom.Modules.SubsidyOptimization/Masterdom.Modules.SubsidyOptimization.csproj]
/Users/kady/Masterdom/src/Masterdom.Modules.SubsidyOptimization/Application/Commands/ExecuteSubsidyOptimizationCommand.cs(9,24): warning CS1591: Missing XML comment for publicly visible type or member 'ExecuteSubsidyOptimizationCommand.OptimizationPeriod' [/Users/kady/Masterdom/src/Masterdom.Modules.SubsidyOptimization/Masterdom.Modules.SubsidyOptimization.csproj]
/Users/kady/Masterdom/src/Masterdom.Modules.SubsidyOptimization/Application/Commands/ExecuteSubsidyOptimizationCommand.cs(10,29): warning CS1591: Missing XML comment for publicly visible type or member 'ExecuteSubsidyOptimizationCommand.Request' [/Users/kady/Masterdom/src/Masterdom.Modules.SubsidyOptimization/Masterdom.Modules.SubsidyOptimization.csproj]
/Users/kady/Masterdom/src/Masterdom.Modules.SubsidyOptimization/Application/Commands/StartOptimizationCommand.cs(7,22): warning CS1591: Missing XML comment for publicly visible type or member 'StartOptimizationCommand' [/Users/kady/Masterdom/src/Masterdom.Modules.SubsidyOptimization/Masterdom.Modules.SubsidyOptimization.csproj]
/Users/kady/Masterdom/src/Masterdom.Modules.SubsidyOptimization/Application/Commands/StartOptimizationCommand.cs(7,22): warning CS1591: Missing XML comment for publicly visible type or member 'StartOptimizationCommand.StartOptimizationCommand(SubsidyScenario, MeterGroup, OptimizationPeriod, IReadOnlyCollection<MeteringConsumptionHistoryContract>, IReadOnlyCollection<RatedConsumptionContract>)' [/Users/kady/Masterdom/src/Masterdom.Modules.SubsidyOptimization/Masterdom.Modules.SubsidyOptimization.csproj]
/Users/kady/Masterdom/src/Masterdom.Modules.SubsidyOptimization/Application/Commands/StartOptimizationCommand.cs(8,21): warning CS1591: Missing XML comment for publicly visible type or member 'StartOptimizationCommand.Scenario' [/Users/kady/Masterdom/src/Masterdom.Modules.SubsidyOptimization/Masterdom.Modules.SubsidyOptimization.csproj]
/Users/kady/Masterdom/src/Masterdom.Modules.SubsidyOptimization/Application/Commands/StartOptimizationCommand.cs(9,16): warning CS1591: Missing XML comment for publicly visible type or member 'StartOptimizationCommand.MeterGroup' [/Users/kady/Masterdom/src/Masterdom.Modules.SubsidyOptimization/Masterdom.Modules.SubsidyOptimization.csproj]
/Users/kady/Masterdom/src/Masterdom.Modules.SubsidyOptimization/Application/Commands/StartOptimizationCommand.cs(10,24): warning CS1591: Missing XML comment for publicly visible type or member 'StartOptimizationCommand.OptimizationPeriod' [/Users/kady/Masterdom/src/Masterdom.Modules.SubsidyOptimization/Masterdom.Modules.SubsidyOptimization.csproj]
/Users/kady/Masterdom/src/Masterdom.Modules.SubsidyOptimization/Application/Commands/StartOptimizationCommand.cs(11,61): warning CS1591: Missing XML comment for publicly visible type or member 'StartOptimizationCommand.ConsumptionHistory' [/Users/kady/Masterdom/src/Masterdom.Modules.SubsidyOptimization/Masterdom.Modules.SubsidyOptimization.csproj]
/Users/kady/Masterdom/src/Masterdom.Modules.SubsidyOptimization/Application/Commands/StartOptimizationCommand.cs(12,51): warning CS1591: Missing XML comment for publicly visible type or member 'StartOptimizationCommand.RatedConsumptions' [/Users/kady/Masterdom/src/Masterdom.Modules.SubsidyOptimization/Masterdom.Modules.SubsidyOptimization.csproj]
/Users/kady/Masterdom/src/Masterdom.Modules.SubsidyOptimization/Application/Commands/StartOptimizationCommand.cs(14,28): warning CS1591: Missing XML comment for publicly visible type or member 'StartOptimizationCommand.ToRatingReference()' [/Users/kady/Masterdom/src/Masterdom.Modules.SubsidyOptimization/Masterdom.Modules.SubsidyOptimization.csproj]
/Users/kady/Masterdom/src/Masterdom.Modules.SubsidyOptimization/Application/Handlers/Commands/ArchiveOptimizationRunCommandHandler.cs(8,21): warning CS1591: Missing XML comment for publicly visible type or member 'ArchiveOptimizationRunCommandHandler' [/Users/kady/Masterdom/src/Masterdom.Modules.SubsidyOptimization/Masterdom.Modules.SubsidyOptimization.csproj]
/Users/kady/Masterdom/src/Masterdom.Modules.SubsidyOptimization/Application/Handlers/Commands/ArchiveOptimizationRunCommandHandler.cs(12,12): warning CS1591: Missing XML comment for publicly visible type or member 'ArchiveOptimizationRunCommandHandler.ArchiveOptimizationRunCommandHandler(ISubsidyOptimizationApplicationService)' [/Users/kady/Masterdom/src/Masterdom.Modules.SubsidyOptimization/Masterdom.Modules.SubsidyOptimization.csproj]
/Users/kady/Masterdom/src/Masterdom.Modules.SubsidyOptimization/Application/Handlers/Commands/ArchiveOptimizationRunCommandHandler.cs(17,54): warning CS1591: Missing XML comment for publicly visible type or member 'ArchiveOptimizationRunCommandHandler.Handle(ArchiveOptimizationRunCommand)' [/Users/kady/Masterdom/src/Masterdom.Modules.SubsidyOptimization/Masterdom.Modules.SubsidyOptimization.csproj]
/Users/kady/Masterdom/src/Masterdom.Modules.SubsidyOptimization/Application/Handlers/Commands/ArchiveRecommendationCommandHandler.cs(8,21): warning CS1591: Missing XML comment for publicly visible type or member 'ArchiveRecommendationCommandHandler' [/Users/kady/Masterdom/src/Masterdom.Modules.SubsidyOptimization/Masterdom.Modules.SubsidyOptimization.csproj]
/Users/kady/Masterdom/src/Masterdom.Modules.SubsidyOptimization/Application/Handlers/Commands/ArchiveRecommendationCommandHandler.cs(12,12): warning CS1591: Missing XML comment for publicly visible type or member 'ArchiveRecommendationCommandHandler.ArchiveRecommendationCommandHandler(ISubsidyOptimizationApplicationService)' [/Users/kady/Masterdom/src/Masterdom.Modules.SubsidyOptimization/Masterdom.Modules.SubsidyOptimization.csproj]
/Users/kady/Masterdom/src/Masterdom.Modules.SubsidyOptimization/Application/Handlers/Commands/ArchiveRecommendationCommandHandler.cs(17,54): warning CS1591: Missing XML comment for publicly visible type or member 'ArchiveRecommendationCommandHandler.Handle(ArchiveRecommendationCommand)' [/Users/kady/Masterdom/src/Masterdom.Modules.SubsidyOptimization/Masterdom.Modules.SubsidyOptimization.csproj]
/Users/kady/Masterdom/src/Masterdom.Modules.SubsidyOptimization/Application/Handlers/Commands/CreateScenarioVersionCommandHandler.cs(8,21): warning CS1591: Missing XML comment for publicly visible type or member 'CreateScenarioVersionCommandHandler' [/Users/kady/Masterdom/src/Masterdom.Modules.SubsidyOptimization/Masterdom.Modules.SubsidyOptimization.csproj]
/Users/kady/Masterdom/src/Masterdom.Modules.SubsidyOptimization/Application/Handlers/Commands/CreateScenarioVersionCommandHandler.cs(12,12): warning CS1591: Missing XML comment for publicly visible type or member 'CreateScenarioVersionCommandHandler.CreateScenarioVersionCommandHandler(ISubsidyOptimizationApplicationService)' [/Users/kady/Masterdom/src/Masterdom.Modules.SubsidyOptimization/Masterdom.Modules.SubsidyOptimization.csproj]
/Users/kady/Masterdom/src/Masterdom.Modules.SubsidyOptimization/Application/Handlers/Commands/CreateScenarioVersionCommandHandler.cs(17,54): warning CS1591: Missing XML comment for publicly visible type or member 'CreateScenarioVersionCommandHandler.Handle(CreateScenarioVersionCommand)' [/Users/kady/Masterdom/src/Masterdom.Modules.SubsidyOptimization/Masterdom.Modules.SubsidyOptimization.csproj]
/Users/kady/Masterdom/src/Masterdom.Modules.SubsidyOptimization/Application/Handlers/Commands/ExecuteSubsidyOptimizationCommandHandler.cs(8,21): warning CS1591: Missing XML comment for publicly visible type or member 'ExecuteSubsidyOptimizationCommandHandler' [/Users/kady/Masterdom/src/Masterdom.Modules.SubsidyOptimization/Masterdom.Modules.SubsidyOptimization.csproj]
/Users/kady/Masterdom/src/Masterdom.Modules.SubsidyOptimization/Application/Handlers/Commands/ExecuteSubsidyOptimizationCommandHandler.cs(12,12): warning CS1591: Missing XML comment for publicly visible type or member 'ExecuteSubsidyOptimizationCommandHandler.ExecuteSubsidyOptimizationCommandHandler(ISubsidyOptimizationApplicationService)' [/Users/kady/Masterdom/src/Masterdom.Modules.SubsidyOptimization/Masterdom.Modules.SubsidyOptimization.csproj]
/Users/kady/Masterdom/src/Masterdom.Modules.SubsidyOptimization/Application/Handlers/Commands/ExecuteSubsidyOptimizationCommandHandler.cs(17,54): warning CS1591: Missing XML comment for publicly visible type or member 'ExecuteSubsidyOptimizationCommandHandler.Handle(ExecuteSubsidyOptimizationCommand)' [/Users/kady/Masterdom/src/Masterdom.Modules.SubsidyOptimization/Masterdom.Modules.SubsidyOptimization.csproj]
/Users/kady/Masterdom/src/Masterdom.Modules.SubsidyOptimization/Application/Handlers/Commands/StartOptimizationCommandHandler.cs(8,21): warning CS1591: Missing XML comment for publicly visible type or member 'StartOptimizationCommandHandler' [/Users/kady/Masterdom/src/Masterdom.Modules.SubsidyOptimization/Masterdom.Modules.SubsidyOptimization.csproj]
/Users/kady/Masterdom/src/Masterdom.Modules.SubsidyOptimization/Application/Handlers/Commands/StartOptimizationCommandHandler.cs(12,12): warning CS1591: Missing XML comment for publicly visible type or member 'StartOptimizationCommandHandler.StartOptimizationCommandHandler(ISubsidyOptimizationApplicationService)' [/Users/kady/Masterdom/src/Masterdom.Modules.SubsidyOptimization/Masterdom.Modules.SubsidyOptimization.csproj]
/Users/kady/Masterdom/src/Masterdom.Modules.SubsidyOptimization/Application/Handlers/Commands/StartOptimizationCommandHandler.cs(17,54): warning CS1591: Missing XML comment for publicly visible type or member 'StartOptimizationCommandHandler.Handle(StartOptimizationCommand)' [/Users/kady/Masterdom/src/Masterdom.Modules.SubsidyOptimization/Masterdom.Modules.SubsidyOptimization.csproj]
/Users/kady/Masterdom/src/Masterdom.Modules.SubsidyOptimization/Application/Handlers/Queries/GetLatestOptimizationRunQueryHandler.cs(8,21): warning CS1591: Missing XML comment for publicly visible type or member 'GetLatestOptimizationRunQueryHandler' [/Users/kady/Masterdom/src/Masterdom.Modules.SubsidyOptimization/Masterdom.Modules.SubsidyOptimization.csproj]
/Users/kady/Masterdom/src/Masterdom.Modules.SubsidyOptimization/Application/Handlers/Queries/GetLatestOptimizationRunQueryHandler.cs(12,12): warning CS1591: Missing XML comment for publicly visible type or member 'GetLatestOptimizationRunQueryHandler.GetLatestOptimizationRunQueryHandler(ISubsidyOptimizationApplicationService)' [/Users/kady/Masterdom/src/Masterdom.Modules.SubsidyOptimization/Masterdom.Modules.SubsidyOptimization.csproj]
/Users/kady/Masterdom/src/Masterdom.Modules.SubsidyOptimization/Application/Handlers/Queries/GetLatestOptimizationRunQueryHandler.cs(17,54): warning CS1591: Missing XML comment for publicly visible type or member 'GetLatestOptimizationRunQueryHandler.Handle(GetLatestOptimizationRunQuery)' [/Users/kady/Masterdom/src/Masterdom.Modules.SubsidyOptimization/Masterdom.Modules.SubsidyOptimization.csproj]
/Users/kady/Masterdom/src/Masterdom.Modules.SubsidyOptimization/Application/Handlers/Queries/GetOptimizationRunByIdQueryHandler.cs(8,21): warning CS1591: Missing XML comment for publicly visible type or member 'GetOptimizationRunByIdQueryHandler' [/Users/kady/Masterdom/src/Masterdom.Modules.SubsidyOptimization/Masterdom.Modules.SubsidyOptimization.csproj]
/Users/kady/Masterdom/src/Masterdom.Modules.SubsidyOptimization/Application/Handlers/Queries/GetOptimizationRunByIdQueryHandler.cs(12,12): warning CS1591: Missing XML comment for publicly visible type or member 'GetOptimizationRunByIdQueryHandler.GetOptimizationRunByIdQueryHandler(ISubsidyOptimizationApplicationService)' [/Users/kady/Masterdom/src/Masterdom.Modules.SubsidyOptimization/Masterdom.Modules.SubsidyOptimization.csproj]
/Users/kady/Masterdom/src/Masterdom.Modules.SubsidyOptimization/Application/Handlers/Queries/GetOptimizationRunByIdQueryHandler.cs(17,54): warning CS1591: Missing XML comment for publicly visible type or member 'GetOptimizationRunByIdQueryHandler.Handle(GetOptimizationRunByIdQuery)' [/Users/kady/Masterdom/src/Masterdom.Modules.SubsidyOptimization/Masterdom.Modules.SubsidyOptimization.csproj]
/Users/kady/Masterdom/src/Masterdom.Modules.SubsidyOptimization/Application/Maximizer/ConfidenceScorer.cs(5,21): warning CS1591: Missing XML comment for publicly visible type or member 'ConfidenceScorer' [/Users/kady/Masterdom/src/Masterdom.Modules.SubsidyOptimization/Masterdom.Modules.SubsidyOptimization.csproj]
/Users/kady/Masterdom/src/Masterdom.Modules.SubsidyOptimization/Application/Maximizer/ConfidenceScorer.cs(9,12): warning CS1591: Missing XML comment for publicly visible type or member 'ConfidenceScorer.ConfidenceScorer(SubsidyCalculationRuntimeInvoker)' [/Users/kady/Masterdom/src/Masterdom.Modules.SubsidyOptimization/Masterdom.Modules.SubsidyOptimization.csproj]
/Users/kady/Masterdom/src/Masterdom.Modules.SubsidyOptimization/Application/Maximizer/ConfidenceScorer.cs(14,37): warning CS1591: Missing XML comment for publicly visible type or member 'ConfidenceScorer.Score(SubsidyConsumptionEstimate, IReadOnlyCollection<SubsidyOptimizationScenario>, decimal, DateTime)' [/Users/kady/Masterdom/src/Masterdom.Modules.SubsidyOptimization/Masterdom.Modules.SubsidyOptimization.csproj]
/Users/kady/Masterdom/src/Masterdom.Modules.SubsidyOptimization/Application/Maximizer/ConsumptionEstimator.cs(6,21): warning CS1591: Missing XML comment for publicly visible type or member 'ConsumptionEstimator' [/Users/kady/Masterdom/src/Masterdom.Modules.SubsidyOptimization/Masterdom.Modules.SubsidyOptimization.csproj]
/Users/kady/Masterdom/src/Masterdom.Modules.SubsidyOptimization/Application/Maximizer/ConsumptionEstimator.cs(10,12): warning CS1591: Missing XML comment for publicly visible type or member 'ConsumptionEstimator.ConsumptionEstimator(SubsidyCalculationRuntimeInvoker)' [/Users/kady/Masterdom/src/Masterdom.Modules.SubsidyOptimization/Masterdom.Modules.SubsidyOptimization.csproj]
/Users/kady/Masterdom/src/Masterdom.Modules.SubsidyOptimization/Application/Maximizer/ConsumptionEstimator.cs(15,39): warning CS1591: Missing XML comment for publicly visible type or member 'ConsumptionEstimator.Estimate(IReadOnlyCollection<MeteringConsumptionHistoryContract>, IReadOnlyCollection<RatedConsumptionContract>, decimal, DateTime)' [/Users/kady/Masterdom/src/Masterdom.Modules.SubsidyOptimization/Masterdom.Modules.SubsidyOptimization.csproj]
/Users/kady/Masterdom/src/Masterdom.Modules.SubsidyOptimization/Application/Maximizer/ForecastEngine.cs(5,21): warning CS1591: Missing XML comment for publicly visible type or member 'ForecastEngine' [/Users/kady/Masterdom/src/Masterdom.Modules.SubsidyOptimization/Masterdom.Modules.SubsidyOptimization.csproj]
/Users/kady/Masterdom/src/Masterdom.Modules.SubsidyOptimization/Application/Maximizer/ForecastEngine.cs(9,12): warning CS1591: Missing XML comment for publicly visible type or member 'ForecastEngine.ForecastEngine(SubsidyCalculationRuntimeInvoker)' [/Users/kady/Masterdom/src/Masterdom.Modules.SubsidyOptimization/Masterdom.Modules.SubsidyOptimization.csproj]
/Users/kady/Masterdom/src/Masterdom.Modules.SubsidyOptimization/Application/Maximizer/ForecastEngine.cs(14,28): warning CS1591: Missing XML comment for publicly visible type or member 'ForecastEngine.Forecast(SubsidyConsumptionEstimate, IReadOnlyCollection<RatedConsumptionContract>, DateTime)' [/Users/kady/Masterdom/src/Masterdom.Modules.SubsidyOptimization/Masterdom.Modules.SubsidyOptimization.csproj]
/Users/kady/Masterdom/src/Masterdom.Modules.SubsidyOptimization/Application/Maximizer/ImportedDatasetReference.cs(3,22): warning CS1591: Missing XML comment for publicly visible type or member 'ImportedDatasetReference' [/Users/kady/Masterdom/src/Masterdom.Modules.SubsidyOptimization/Masterdom.Modules.SubsidyOptimization.csproj]
/Users/kady/Masterdom/src/Masterdom.Modules.SubsidyOptimization/Application/Maximizer/ImportedDatasetReference.cs(3,22): warning CS1591: Missing XML comment for publicly visible type or member 'ImportedDatasetReference.ImportedDatasetReference(string, string, string, string, DateTime)' [/Users/kady/Masterdom/src/Masterdom.Modules.SubsidyOptimization/Masterdom.Modules.SubsidyOptimization.csproj]
/Users/kady/Masterdom/src/Masterdom.Modules.SubsidyOptimization/Application/Maximizer/ImportedDatasetReference.cs(4,12): warning CS1591: Missing XML comment for publicly visible type or member 'ImportedDatasetReference.DatasetId' [/Users/kady/Masterdom/src/Masterdom.Modules.SubsidyOptimization/Masterdom.Modules.SubsidyOptimization.csproj]
/Users/kady/Masterdom/src/Masterdom.Modules.SubsidyOptimization/Application/Maximizer/ImportedDatasetReference.cs(5,12): warning CS1591: Missing XML comment for publicly visible type or member 'ImportedDatasetReference.DatasetType' [/Users/kady/Masterdom/src/Masterdom.Modules.SubsidyOptimization/Masterdom.Modules.SubsidyOptimization.csproj]
/Users/kady/Masterdom/src/Masterdom.Modules.SubsidyOptimization/Application/Maximizer/ImportedDatasetReference.cs(6,12): warning CS1591: Missing XML comment for publicly visible type or member 'ImportedDatasetReference.SourceSystem' [/Users/kady/Masterdom/src/Masterdom.Modules.SubsidyOptimization/Masterdom.Modules.SubsidyOptimization.csproj]
/Users/kady/Masterdom/src/Masterdom.Modules.SubsidyOptimization/Application/Maximizer/ImportedDatasetReference.cs(7,12): warning CS1591: Missing XML comment for publicly visible type or member 'ImportedDatasetReference.Version' [/Users/kady/Masterdom/src/Masterdom.Modules.SubsidyOptimization/Masterdom.Modules.SubsidyOptimization.csproj]
/Users/kady/Masterdom/src/Masterdom.Modules.SubsidyOptimization/Application/Maximizer/ImportedDatasetReference.cs(8,14): warning CS1591: Missing XML comment for publicly visible type or member 'ImportedDatasetReference.ImportedAtUtc' [/Users/kady/Masterdom/src/Masterdom.Modules.SubsidyOptimization/Masterdom.Modules.SubsidyOptimization.csproj]
/Users/kady/Masterdom/src/Masterdom.Modules.SubsidyOptimization/Application/Maximizer/ISubsidyMaximizerService.cs(3,18): warning CS1591: Missing XML comment for publicly visible type or member 'ISubsidyMaximizerService' [/Users/kady/Masterdom/src/Masterdom.Modules.SubsidyOptimization/Masterdom.Modules.SubsidyOptimization.csproj]
/Users/kady/Masterdom/src/Masterdom.Modules.SubsidyOptimization/Application/Maximizer/ISubsidyMaximizerService.cs(5,28): warning CS1591: Missing XML comment for publicly visible type or member 'ISubsidyMaximizerService.Execute(SubsidyMaximizerRequest)' [/Users/kady/Masterdom/src/Masterdom.Modules.SubsidyOptimization/Masterdom.Modules.SubsidyOptimization.csproj]
/Users/kady/Masterdom/src/Masterdom.Modules.SubsidyOptimization/Application/Maximizer/OptimizationSessionBuilder.cs(6,21): warning CS1591: Missing XML comment for publicly visible type or member 'OptimizationSessionBuilder' [/Users/kady/Masterdom/src/Masterdom.Modules.SubsidyOptimization/Masterdom.Modules.SubsidyOptimization.csproj]
/Users/kady/Masterdom/src/Masterdom.Modules.SubsidyOptimization/Application/Maximizer/OptimizationSessionBuilder.cs(8,32): warning CS1591: Missing XML comment for publicly visible type or member 'OptimizationSessionBuilder.Build(BusinessContext, SubsidyMaximizerRequest, IReadOnlyDictionary<string, string>, string, string)' [/Users/kady/Masterdom/src/Masterdom.Modules.SubsidyOptimization/Masterdom.Modules.SubsidyOptimization.csproj]
/Users/kady/Masterdom/src/Masterdom.Modules.SubsidyOptimization/Application/Maximizer/RecommendationEvidenceBuilder.cs(5,21): warning CS1591: Missing XML comment for publicly visible type or member 'RecommendationEvidenceBuilder' [/Users/kady/Masterdom/src/Masterdom.Modules.SubsidyOptimization/Masterdom.Modules.SubsidyOptimization.csproj]
/Users/kady/Masterdom/src/Masterdom.Modules.SubsidyOptimization/Application/Maximizer/RecommendationEvidenceBuilder.cs(7,35): warning CS1591: Missing XML comment for publicly visible type or member 'RecommendationEvidenceBuilder.Build(SubsidyOptimizationScenario, SubsidyConsumptionEstimate, SubsidyForecast, RecommendationConfidence, IReadOnlyCollection<ImportedDatasetReference>, IReadOnlyDictionary<string, string>, string, string, string)' [/Users/kady/Masterdom/src/Masterdom.Modules.SubsidyOptimization/Masterdom.Modules.SubsidyOptimization.csproj]
/Users/kady/Masterdom/src/Masterdom.Modules.SubsidyOptimization/Application/Maximizer/RecommendationExplanationBuilder.cs(5,21): warning CS1591: Missing XML comment for publicly visible type or member 'RecommendationExplanationBuilder' [/Users/kady/Masterdom/src/Masterdom.Modules.SubsidyOptimization/Masterdom.Modules.SubsidyOptimization.csproj]
/Users/kady/Masterdom/src/Masterdom.Modules.SubsidyOptimization/Application/Maximizer/RecommendationExplanationBuilder.cs(7,38): warning CS1591: Missing XML comment for publicly visible type or member 'RecommendationExplanationBuilder.Build(SubsidyOptimizationScenario, SubsidyConsumptionEstimate, SubsidyForecast, RecommendationConfidence, IReadOnlyDictionary<string, string>, string, string, string)' [/Users/kady/Masterdom/src/Masterdom.Modules.SubsidyOptimization/Masterdom.Modules.SubsidyOptimization.csproj]
/Users/kady/Masterdom/src/Masterdom.Modules.SubsidyOptimization/Application/Maximizer/RecommendationGenerator.cs(5,21): warning CS1591: Missing XML comment for publicly visible type or member 'RecommendationGenerator' [/Users/kady/Masterdom/src/Masterdom.Modules.SubsidyOptimization/Masterdom.Modules.SubsidyOptimization.csproj]
/Users/kady/Masterdom/src/Masterdom.Modules.SubsidyOptimization/Application/Maximizer/RecommendationGenerator.cs(10,12): warning CS1591: Missing XML comment for publicly visible type or member 'RecommendationGenerator.RecommendationGenerator(RecommendationExplanationBuilder, RecommendationEvidenceBuilder)' [/Users/kady/Masterdom/src/Masterdom.Modules.SubsidyOptimization/Masterdom.Modules.SubsidyOptimization.csproj]
/Users/kady/Masterdom/src/Masterdom.Modules.SubsidyOptimization/Application/Maximizer/RecommendationGenerator.cs(18,42): warning CS1591: Missing XML comment for publicly visible type or member 'RecommendationGenerator.Generate(IReadOnlyCollection<SubsidyOptimizationScenario>, SubsidyConsumptionEstimate, SubsidyForecast, RecommendationConfidence, IReadOnlyCollection<ImportedDatasetReference>, IReadOnlyDictionary<string, string>, DateTime, string, string, string)' [/Users/kady/Masterdom/src/Masterdom.Modules.SubsidyOptimization/Masterdom.Modules.SubsidyOptimization.csproj]
/Users/kady/Masterdom/src/Masterdom.Modules.SubsidyOptimization/Application/Maximizer/ScenarioEvaluator.cs(6,21): warning CS1591: Missing XML comment for publicly visible type or member 'ScenarioEvaluator' [/Users/kady/Masterdom/src/Masterdom.Modules.SubsidyOptimization/Masterdom.Modules.SubsidyOptimization.csproj]
/Users/kady/Masterdom/src/Masterdom.Modules.SubsidyOptimization/Application/Maximizer/ScenarioEvaluator.cs(10,12): warning CS1591: Missing XML comment for publicly visible type or member 'ScenarioEvaluator.ScenarioEvaluator(SubsidyCalculationRuntimeInvoker)' [/Users/kady/Masterdom/src/Masterdom.Modules.SubsidyOptimization/Masterdom.Modules.SubsidyOptimization.csproj]
/Users/kady/Masterdom/src/Masterdom.Modules.SubsidyOptimization/Application/Maximizer/ScenarioEvaluator.cs(15,55): warning CS1591: Missing XML comment for publicly visible type or member 'ScenarioEvaluator.RankScenarios(IReadOnlyCollection<SubsidyOptimizationScenario>, SubsidyPolicyConfiguration, OptimizationModelConfiguration, OptimizationStrategyConfiguration, IReadOnlyCollection<RatedConsumptionContract>, DateTime)' [/Users/kady/Masterdom/src/Masterdom.Modules.SubsidyOptimization/Masterdom.Modules.SubsidyOptimization.csproj]
/Users/kady/Masterdom/src/Masterdom.Modules.SubsidyOptimization/Application/Maximizer/ScenarioGenerator.cs(5,21): warning CS1591: Missing XML comment for publicly visible type or member 'ScenarioGenerator' [/Users/kady/Masterdom/src/Masterdom.Modules.SubsidyOptimization/Masterdom.Modules.SubsidyOptimization.csproj]
/Users/kady/Masterdom/src/Masterdom.Modules.SubsidyOptimization/Application/Maximizer/ScenarioGenerator.cs(7,55): warning CS1591: Missing XML comment for publicly visible type or member 'ScenarioGenerator.Generate(SubsidyConsumptionEstimate, SubsidyForecast, SubsidyPolicyConfiguration, OptimizationStrategyConfiguration, OptimizationModelConfiguration)' [/Users/kady/Masterdom/src/Masterdom.Modules.SubsidyOptimization/Masterdom.Modules.SubsidyOptimization.csproj]
/Users/kady/Masterdom/src/Masterdom.Modules.SubsidyOptimization/Application/Maximizer/SubsidyCalculationRuntimeInvoker.cs(5,14): warning CS1591: Missing XML comment for publicly visible type or member 'SubsidyCalculationRuntimeInvoker' [/Users/kady/Masterdom/src/Masterdom.Modules.SubsidyOptimization/Masterdom.Modules.SubsidyOptimization.csproj]
/Users/kady/Masterdom/src/Masterdom.Modules.SubsidyOptimization/Application/Maximizer/SubsidyCalculationRuntimeInvoker.cs(9,12): warning CS1591: Missing XML comment for publicly visible type or member 'SubsidyCalculationRuntimeInvoker.SubsidyCalculationRuntimeInvoker(ICalculationRuntime)' [/Users/kady/Masterdom/src/Masterdom.Modules.SubsidyOptimization/Masterdom.Modules.SubsidyOptimization.csproj]
/Users/kady/Masterdom/src/Masterdom.Modules.SubsidyOptimization/Application/Maximizer/SubsidyCalculationRuntimeInvoker.cs(14,39): warning CS1591: Missing XML comment for publicly visible type or member 'SubsidyCalculationRuntimeInvoker.Execute(string, IReadOnlyDictionary<string, object?>, DateTime)' [/Users/kady/Masterdom/src/Masterdom.Modules.SubsidyOptimization/Masterdom.Modules.SubsidyOptimization.csproj]
/Users/kady/Masterdom/src/Masterdom.Modules.SubsidyOptimization/Application/Maximizer/SubsidyCalculationRuntimeInvoker.cs(39,27): warning CS1591: Missing XML comment for publicly visible type or member 'SubsidyCalculationRuntimeInvoker.ReadDecimal(ICalculationResult, string)' [/Users/kady/Masterdom/src/Masterdom.Modules.SubsidyOptimization/Masterdom.Modules.SubsidyOptimization.csproj]
/Users/kady/Masterdom/src/Masterdom.Modules.SubsidyOptimization/Application/Maximizer/SubsidyCalculationRuntimeInvoker.cs(45,24): warning CS1591: Missing XML comment for publicly visible type or member 'SubsidyCalculationRuntimeInvoker.ReadBool(ICalculationResult, string)' [/Users/kady/Masterdom/src/Masterdom.Modules.SubsidyOptimization/Masterdom.Modules.SubsidyOptimization.csproj]
/Users/kady/Masterdom/src/Masterdom.Modules.SubsidyOptimization/Application/Maximizer/SubsidyCalculationRuntimeInvoker.cs(51,26): warning CS1591: Missing XML comment for publicly visible type or member 'SubsidyCalculationRuntimeInvoker.ReadString(ICalculationResult, string)' [/Users/kady/Masterdom/src/Masterdom.Modules.SubsidyOptimization/Masterdom.Modules.SubsidyOptimization.csproj]
/Users/kady/Masterdom/src/Masterdom.Modules.SubsidyOptimization/Application/Maximizer/SubsidyCalculationRuntimeInvoker.cs(65,38): warning CS1591: Missing XML comment for publicly visible type or member 'SubsidyCalculationRuntimeInvoker.ReadIntList(ICalculationResult, string)' [/Users/kady/Masterdom/src/Masterdom.Modules.SubsidyOptimization/Masterdom.Modules.SubsidyOptimization.csproj]
/Users/kady/Masterdom/src/Masterdom.Modules.SubsidyOptimization/Application/Maximizer/SubsidyConsumptionEstimate.cs(3,22): warning CS1591: Missing XML comment for publicly visible type or member 'SubsidyConsumptionEstimate' [/Users/kady/Masterdom/src/Masterdom.Modules.SubsidyOptimization/Masterdom.Modules.SubsidyOptimization.csproj]
/Users/kady/Masterdom/src/Masterdom.Modules.SubsidyOptimization/Application/Maximizer/SubsidyConsumptionEstimate.cs(3,22): warning CS1591: Missing XML comment for publicly visible type or member 'SubsidyConsumptionEstimate.SubsidyConsumptionEstimate(decimal, decimal, decimal, decimal, decimal, IReadOnlyList<SubsidyMeterEstimate>)' [/Users/kady/Masterdom/src/Masterdom.Modules.SubsidyOptimization/Masterdom.Modules.SubsidyOptimization.csproj]
/Users/kady/Masterdom/src/Masterdom.Modules.SubsidyOptimization/Application/Maximizer/SubsidyConsumptionEstimate.cs(4,13): warning CS1591: Missing XML comment for publicly visible type or member 'SubsidyConsumptionEstimate.HistoricalAverageUnits' [/Users/kady/Masterdom/src/Masterdom.Modules.SubsidyOptimization/Masterdom.Modules.SubsidyOptimization.csproj]
/Users/kady/Masterdom/src/Masterdom.Modules.SubsidyOptimization/Application/Maximizer/SubsidyConsumptionEstimate.cs(5,13): warning CS1591: Missing XML comment for publicly visible type or member 'SubsidyConsumptionEstimate.WeightedAverageUnits' [/Users/kady/Masterdom/src/Masterdom.Modules.SubsidyOptimization/Masterdom.Modules.SubsidyOptimization.csproj]
/Users/kady/Masterdom/src/Masterdom.Modules.SubsidyOptimization/Application/Maximizer/SubsidyConsumptionEstimate.cs(6,13): warning CS1591: Missing XML comment for publicly visible type or member 'SubsidyConsumptionEstimate.FailedMeterEstimateUnits' [/Users/kady/Masterdom/src/Masterdom.Modules.SubsidyOptimization/Masterdom.Modules.SubsidyOptimization.csproj]
/Users/kady/Masterdom/src/Masterdom.Modules.SubsidyOptimization/Application/Maximizer/SubsidyConsumptionEstimate.cs(7,13): warning CS1591: Missing XML comment for publicly visible type or member 'SubsidyConsumptionEstimate.OccupancyAdjustedUnits' [/Users/kady/Masterdom/src/Masterdom.Modules.SubsidyOptimization/Masterdom.Modules.SubsidyOptimization.csproj]
/Users/kady/Masterdom/src/Masterdom.Modules.SubsidyOptimization/Application/Maximizer/SubsidyConsumptionEstimate.cs(8,13): warning CS1591: Missing XML comment for publicly visible type or member 'SubsidyConsumptionEstimate.DataCompletenessRatio' [/Users/kady/Masterdom/src/Masterdom.Modules.SubsidyOptimization/Masterdom.Modules.SubsidyOptimization.csproj]
/Users/kady/Masterdom/src/Masterdom.Modules.SubsidyOptimization/Application/Maximizer/SubsidyConsumptionEstimate.cs(9,41): warning CS1591: Missing XML comment for publicly visible type or member 'SubsidyConsumptionEstimate.MeterEstimates' [/Users/kady/Masterdom/src/Masterdom.Modules.SubsidyOptimization/Masterdom.Modules.SubsidyOptimization.csproj]
/Users/kady/Masterdom/src/Masterdom.Modules.SubsidyOptimization/Application/Maximizer/SubsidyConsumptionEstimate.cs(11,22): warning CS1591: Missing XML comment for publicly visible type or member 'SubsidyMeterEstimate' [/Users/kady/Masterdom/src/Masterdom.Modules.SubsidyOptimization/Masterdom.Modules.SubsidyOptimization.csproj]
/Users/kady/Masterdom/src/Masterdom.Modules.SubsidyOptimization/Application/Maximizer/SubsidyConsumptionEstimate.cs(11,22): warning CS1591: Missing XML comment for publicly visible type or member 'SubsidyMeterEstimate.SubsidyMeterEstimate(Guid, decimal, decimal)' [/Users/kady/Masterdom/src/Masterdom.Modules.SubsidyOptimization/Masterdom.Modules.SubsidyOptimization.csproj]
/Users/kady/Masterdom/src/Masterdom.Modules.SubsidyOptimization/Application/Maximizer/SubsidyConsumptionEstimate.cs(12,10): warning CS1591: Missing XML comment for publicly visible type or member 'SubsidyMeterEstimate.MeterId' [/Users/kady/Masterdom/src/Masterdom.Modules.SubsidyOptimization/Masterdom.Modules.SubsidyOptimization.csproj]
/Users/kady/Masterdom/src/Masterdom.Modules.SubsidyOptimization/Application/Maximizer/SubsidyConsumptionEstimate.cs(13,13): warning CS1591: Missing XML comment for publicly visible type or member 'SubsidyMeterEstimate.BaselineUnits' [/Users/kady/Masterdom/src/Masterdom.Modules.SubsidyOptimization/Masterdom.Modules.SubsidyOptimization.csproj]
/Users/kady/Masterdom/src/Masterdom.Modules.SubsidyOptimization/Application/Maximizer/SubsidyConsumptionEstimate.cs(14,13): warning CS1591: Missing XML comment for publicly visible type or member 'SubsidyMeterEstimate.SanctionedLoad' [/Users/kady/Masterdom/src/Masterdom.Modules.SubsidyOptimization/Masterdom.Modules.SubsidyOptimization.csproj]
/Users/kady/Masterdom/src/Masterdom.Modules.SubsidyOptimization/Application/Maximizer/SubsidyForecast.cs(3,22): warning CS1591: Missing XML comment for publicly visible type or member 'SubsidyForecast' [/Users/kady/Masterdom/src/Masterdom.Modules.SubsidyOptimization/Masterdom.Modules.SubsidyOptimization.csproj]
/Users/kady/Masterdom/src/Masterdom.Modules.SubsidyOptimization/Application/Maximizer/SubsidyForecast.cs(3,22): warning CS1591: Missing XML comment for publicly visible type or member 'SubsidyForecast.SubsidyForecast(decimal, decimal, decimal)' [/Users/kady/Masterdom/src/Masterdom.Modules.SubsidyOptimization/Masterdom.Modules.SubsidyOptimization.csproj]
/Users/kady/Masterdom/src/Masterdom.Modules.SubsidyOptimization/Application/Maximizer/SubsidyForecast.cs(4,13): warning CS1591: Missing XML comment for publicly visible type or member 'SubsidyForecast.ProjectedConsumptionUnits' [/Users/kady/Masterdom/src/Masterdom.Modules.SubsidyOptimization/Masterdom.Modules.SubsidyOptimization.csproj]
/Users/kady/Masterdom/src/Masterdom.Modules.SubsidyOptimization/Application/Maximizer/SubsidyForecast.cs(5,13): warning CS1591: Missing XML comment for publicly visible type or member 'SubsidyForecast.TrendFactor' [/Users/kady/Masterdom/src/Masterdom.Modules.SubsidyOptimization/Masterdom.Modules.SubsidyOptimization.csproj]
/Users/kady/Masterdom/src/Masterdom.Modules.SubsidyOptimization/Application/Maximizer/SubsidyForecast.cs(6,13): warning CS1591: Missing XML comment for publicly visible type or member 'SubsidyForecast.ThresholdVarianceUnits' [/Users/kady/Masterdom/src/Masterdom.Modules.SubsidyOptimization/Masterdom.Modules.SubsidyOptimization.csproj]
/Users/kady/Masterdom/src/Masterdom.Modules.SubsidyOptimization/Application/Maximizer/SubsidyMaximizerRequest.cs(6,22): warning CS1591: Missing XML comment for publicly visible type or member 'SubsidyMaximizerRequest' [/Users/kady/Masterdom/src/Masterdom.Modules.SubsidyOptimization/Masterdom.Modules.SubsidyOptimization.csproj]
/Users/kady/Masterdom/src/Masterdom.Modules.SubsidyOptimization/Application/Maximizer/SubsidyMaximizerRequest.cs(6,22): warning CS1591: Missing XML comment for publicly visible type or member 'SubsidyMaximizerRequest.SubsidyMaximizerRequest(IReadOnlyCollection<MeteringConsumptionHistoryContract>, IReadOnlyCollection<RatedConsumptionContract>, IReadOnlyCollection<ImportedDatasetReference>, DateTime, string, decimal, decimal, string?, string?, string?, string?, string?, string?, string?, string?)' [/Users/kady/Masterdom/src/Masterdom.Modules.SubsidyOptimization/Masterdom.Modules.SubsidyOptimization.csproj]
/Users/kady/Masterdom/src/Masterdom.Modules.SubsidyOptimization/Application/Maximizer/SubsidyMaximizerRequest.cs(7,61): warning CS1591: Missing XML comment for publicly visible type or member 'SubsidyMaximizerRequest.ConsumptionHistory' [/Users/kady/Masterdom/src/Masterdom.Modules.SubsidyOptimization/Masterdom.Modules.SubsidyOptimization.csproj]
/Users/kady/Masterdom/src/Masterdom.Modules.SubsidyOptimization/Application/Maximizer/SubsidyMaximizerRequest.cs(8,51): warning CS1591: Missing XML comment for publicly visible type or member 'SubsidyMaximizerRequest.RatedConsumptions' [/Users/kady/Masterdom/src/Masterdom.Modules.SubsidyOptimization/Masterdom.Modules.SubsidyOptimization.csproj]
/Users/kady/Masterdom/src/Masterdom.Modules.SubsidyOptimization/Application/Maximizer/SubsidyMaximizerRequest.cs(9,51): warning CS1591: Missing XML comment for publicly visible type or member 'SubsidyMaximizerRequest.ImportedDatasets' [/Users/kady/Masterdom/src/Masterdom.Modules.SubsidyOptimization/Masterdom.Modules.SubsidyOptimization.csproj]
/Users/kady/Masterdom/src/Masterdom.Modules.SubsidyOptimization/Application/Maximizer/SubsidyMaximizerRequest.cs(10,14): warning CS1591: Missing XML comment for publicly visible type or member 'SubsidyMaximizerRequest.EffectiveDateUtc' [/Users/kady/Masterdom/src/Masterdom.Modules.SubsidyOptimization/Masterdom.Modules.SubsidyOptimization.csproj]
/Users/kady/Masterdom/src/Masterdom.Modules.SubsidyOptimization/Application/Maximizer/SubsidyMaximizerRequest.cs(11,12): warning CS1591: Missing XML comment for publicly visible type or member 'SubsidyMaximizerRequest.ConfigurationVersion' [/Users/kady/Masterdom/src/Masterdom.Modules.SubsidyOptimization/Masterdom.Modules.SubsidyOptimization.csproj]
/Users/kady/Masterdom/src/Masterdom.Modules.SubsidyOptimization/Application/Maximizer/SubsidyMaximizerRequest.cs(12,13): warning CS1591: Missing XML comment for publicly visible type or member 'SubsidyMaximizerRequest.OccupancyRate' [/Users/kady/Masterdom/src/Masterdom.Modules.SubsidyOptimization/Masterdom.Modules.SubsidyOptimization.csproj]
/Users/kady/Masterdom/src/Masterdom.Modules.SubsidyOptimization/Application/Maximizer/SubsidyMaximizerRequest.cs(13,13): warning CS1591: Missing XML comment for publicly visible type or member 'SubsidyMaximizerRequest.ConfidenceThreshold' [/Users/kady/Masterdom/src/Masterdom.Modules.SubsidyOptimization/Masterdom.Modules.SubsidyOptimization.csproj]
/Users/kady/Masterdom/src/Masterdom.Modules.SubsidyOptimization/Application/Maximizer/SubsidyMaximizerRequest.cs(14,13): warning CS1591: Missing XML comment for publicly visible type or member 'SubsidyMaximizerRequest.TenantId' [/Users/kady/Masterdom/src/Masterdom.Modules.SubsidyOptimization/Masterdom.Modules.SubsidyOptimization.csproj]
/Users/kady/Masterdom/src/Masterdom.Modules.SubsidyOptimization/Application/Maximizer/SubsidyMaximizerRequest.cs(15,13): warning CS1591: Missing XML comment for publicly visible type or member 'SubsidyMaximizerRequest.PropertyId' [/Users/kady/Masterdom/src/Masterdom.Modules.SubsidyOptimization/Masterdom.Modules.SubsidyOptimization.csproj]
/Users/kady/Masterdom/src/Masterdom.Modules.SubsidyOptimization/Application/Maximizer/SubsidyMaximizerRequest.cs(16,13): warning CS1591: Missing XML comment for publicly visible type or member 'SubsidyMaximizerRequest.UserId' [/Users/kady/Masterdom/src/Masterdom.Modules.SubsidyOptimization/Masterdom.Modules.SubsidyOptimization.csproj]
/Users/kady/Masterdom/src/Masterdom.Modules.SubsidyOptimization/Application/Maximizer/SubsidyMaximizerRequest.cs(17,13): warning CS1591: Missing XML comment for publicly visible type or member 'SubsidyMaximizerRequest.PortfolioId' [/Users/kady/Masterdom/src/Masterdom.Modules.SubsidyOptimization/Masterdom.Modules.SubsidyOptimization.csproj]
/Users/kady/Masterdom/src/Masterdom.Modules.SubsidyOptimization/Application/Maximizer/SubsidyMaximizerRequest.cs(18,13): warning CS1591: Missing XML comment for publicly visible type or member 'SubsidyMaximizerRequest.Language' [/Users/kady/Masterdom/src/Masterdom.Modules.SubsidyOptimization/Masterdom.Modules.SubsidyOptimization.csproj]
/Users/kady/Masterdom/src/Masterdom.Modules.SubsidyOptimization/Application/Maximizer/SubsidyMaximizerRequest.cs(19,13): warning CS1591: Missing XML comment for publicly visible type or member 'SubsidyMaximizerRequest.SecurityContext' [/Users/kady/Masterdom/src/Masterdom.Modules.SubsidyOptimization/Masterdom.Modules.SubsidyOptimization.csproj]
/Users/kady/Masterdom/src/Masterdom.Modules.SubsidyOptimization/Application/Maximizer/SubsidyMaximizerRequest.cs(20,13): warning CS1591: Missing XML comment for publicly visible type or member 'SubsidyMaximizerRequest.OptimizationModel' [/Users/kady/Masterdom/src/Masterdom.Modules.SubsidyOptimization/Masterdom.Modules.SubsidyOptimization.csproj]
/Users/kady/Masterdom/src/Masterdom.Modules.SubsidyOptimization/Application/Maximizer/SubsidyMaximizerRequest.cs(21,13): warning CS1591: Missing XML comment for publicly visible type or member 'SubsidyMaximizerRequest.OptimizationStrategy' [/Users/kady/Masterdom/src/Masterdom.Modules.SubsidyOptimization/Masterdom.Modules.SubsidyOptimization.csproj]
/Users/kady/Masterdom/src/Masterdom.Modules.SubsidyOptimization/Application/Maximizer/SubsidyMaximizerResult.cs(7,22): warning CS1591: Missing XML comment for publicly visible type or member 'SubsidyMaximizerResult' [/Users/kady/Masterdom/src/Masterdom.Modules.SubsidyOptimization/Masterdom.Modules.SubsidyOptimization.csproj]
/Users/kady/Masterdom/src/Masterdom.Modules.SubsidyOptimization/Application/Maximizer/SubsidyMaximizerResult.cs(7,22): warning CS1591: Missing XML comment for publicly visible type or member 'SubsidyMaximizerResult.SubsidyMaximizerResult(BusinessContext, OptimizationSession, RecommendationBundle, IReadOnlyList<SubsidyOptimizationScenario>, SubsidyConsumptionEstimate, SubsidyForecast, RecommendationConfidence, IReadOnlyList<MeteringConsumptionHistoryContract>, IReadOnlyDictionary<string, string>, ResolvedSubsidyOptimizerConfiguration)' [/Users/kady/Masterdom/src/Masterdom.Modules.SubsidyOptimization/Masterdom.Modules.SubsidyOptimization.csproj]
/Users/kady/Masterdom/src/Masterdom.Modules.SubsidyOptimization/Application/Maximizer/SubsidyMaximizerResult.cs(8,21): warning CS1591: Missing XML comment for publicly visible type or member 'SubsidyMaximizerResult.BusinessContext' [/Users/kady/Masterdom/src/Masterdom.Modules.SubsidyOptimization/Masterdom.Modules.SubsidyOptimization.csproj]
/Users/kady/Masterdom/src/Masterdom.Modules.SubsidyOptimization/Application/Maximizer/SubsidyMaximizerResult.cs(9,25): warning CS1591: Missing XML comment for publicly visible type or member 'SubsidyMaximizerResult.OptimizationSession' [/Users/kady/Masterdom/src/Masterdom.Modules.SubsidyOptimization/Masterdom.Modules.SubsidyOptimization.csproj]
/Users/kady/Masterdom/src/Masterdom.Modules.SubsidyOptimization/Application/Maximizer/SubsidyMaximizerResult.cs(10,26): warning CS1591: Missing XML comment for publicly visible type or member 'SubsidyMaximizerResult.RecommendationBundle' [/Users/kady/Masterdom/src/Masterdom.Modules.SubsidyOptimization/Masterdom.Modules.SubsidyOptimization.csproj]
/Users/kady/Masterdom/src/Masterdom.Modules.SubsidyOptimization/Application/Maximizer/SubsidyMaximizerResult.cs(11,48): warning CS1591: Missing XML comment for publicly visible type or member 'SubsidyMaximizerResult.RankedScenarios' [/Users/kady/Masterdom/src/Masterdom.Modules.SubsidyOptimization/Masterdom.Modules.SubsidyOptimization.csproj]
/Users/kady/Masterdom/src/Masterdom.Modules.SubsidyOptimization/Application/Maximizer/SubsidyMaximizerResult.cs(12,32): warning CS1591: Missing XML comment for publicly visible type or member 'SubsidyMaximizerResult.ConsumptionEstimate' [/Users/kady/Masterdom/src/Masterdom.Modules.SubsidyOptimization/Masterdom.Modules.SubsidyOptimization.csproj]
/Users/kady/Masterdom/src/Masterdom.Modules.SubsidyOptimization/Application/Maximizer/SubsidyMaximizerResult.cs(13,21): warning CS1591: Missing XML comment for publicly visible type or member 'SubsidyMaximizerResult.Forecast' [/Users/kady/Masterdom/src/Masterdom.Modules.SubsidyOptimization/Masterdom.Modules.SubsidyOptimization.csproj]
/Users/kady/Masterdom/src/Masterdom.Modules.SubsidyOptimization/Application/Maximizer/SubsidyMaximizerResult.cs(14,30): warning CS1591: Missing XML comment for publicly visible type or member 'SubsidyMaximizerResult.Confidence' [/Users/kady/Masterdom/src/Masterdom.Modules.SubsidyOptimization/Masterdom.Modules.SubsidyOptimization.csproj]
/Users/kady/Masterdom/src/Masterdom.Modules.SubsidyOptimization/Application/Maximizer/SubsidyMaximizerResult.cs(15,55): warning CS1591: Missing XML comment for publicly visible type or member 'SubsidyMaximizerResult.ParticipatingConsumptionHistory' [/Users/kady/Masterdom/src/Masterdom.Modules.SubsidyOptimization/Masterdom.Modules.SubsidyOptimization.csproj]
/Users/kady/Masterdom/src/Masterdom.Modules.SubsidyOptimization/Application/Maximizer/SubsidyMaximizerResult.cs(16,41): warning CS1591: Missing XML comment for publicly visible type or member 'SubsidyMaximizerResult.ConsumedConfigurationVersions' [/Users/kady/Masterdom/src/Masterdom.Modules.SubsidyOptimization/Masterdom.Modules.SubsidyOptimization.csproj]
/Users/kady/Masterdom/src/Masterdom.Modules.SubsidyOptimization/Application/Maximizer/SubsidyMaximizerResult.cs(17,43): warning CS1591: Missing XML comment for publicly visible type or member 'SubsidyMaximizerResult.GovernedConfiguration' [/Users/kady/Masterdom/src/Masterdom.Modules.SubsidyOptimization/Masterdom.Modules.SubsidyOptimization.csproj]
/Users/kady/Masterdom/src/Masterdom.Modules.SubsidyOptimization/Application/Maximizer/SubsidyMaximizerService.cs(8,21): warning CS1591: Missing XML comment for publicly visible type or member 'SubsidyMaximizerService' [/Users/kady/Masterdom/src/Masterdom.Modules.SubsidyOptimization/Masterdom.Modules.SubsidyOptimization.csproj]
/Users/kady/Masterdom/src/Masterdom.Modules.SubsidyOptimization/Application/Maximizer/SubsidyMaximizerService.cs(37,12): warning CS1591: Missing XML comment for publicly visible type or member 'SubsidyMaximizerService.SubsidyMaximizerService(IBusinessContextBuilder, IBusinessConfigurationCatalog, ConsumptionEstimator, ForecastEngine, ScenarioGenerator, ScenarioEvaluator, ConfidenceScorer, RecommendationGenerator, OptimizationSessionBuilder)' [/Users/kady/Masterdom/src/Masterdom.Modules.SubsidyOptimization/Masterdom.Modules.SubsidyOptimization.csproj]
/Users/kady/Masterdom/src/Masterdom.Modules.SubsidyOptimization/Application/Maximizer/SubsidyMaximizerService.cs(59,35): warning CS1591: Missing XML comment for publicly visible type or member 'SubsidyMaximizerService.Execute(SubsidyMaximizerRequest)' [/Users/kady/Masterdom/src/Masterdom.Modules.SubsidyOptimization/Masterdom.Modules.SubsidyOptimization.csproj]
/Users/kady/Masterdom/src/Masterdom.Modules.SubsidyOptimization/Application/Maximizer/SubsidyOptimizationScenario.cs(3,22): warning CS1591: Missing XML comment for publicly visible type or member 'SubsidyOptimizationScenario' [/Users/kady/Masterdom/src/Masterdom.Modules.SubsidyOptimization/Masterdom.Modules.SubsidyOptimization.csproj]
/Users/kady/Masterdom/src/Masterdom.Modules.SubsidyOptimization/Application/Maximizer/SubsidyOptimizationScenario.cs(3,22): warning CS1591: Missing XML comment for publicly visible type or member 'SubsidyOptimizationScenario.SubsidyOptimizationScenario(string, string, decimal, decimal, decimal, decimal, decimal, decimal, decimal, decimal, decimal, bool, string?, decimal?, string, decimal, IReadOnlyList<SubsidyMeterAllocation>)' [/Users/kady/Masterdom/src/Masterdom.Modules.SubsidyOptimization/Masterdom.Modules.SubsidyOptimization.csproj]
/Users/kady/Masterdom/src/Masterdom.Modules.SubsidyOptimization/Application/Maximizer/SubsidyOptimizationScenario.cs(4,12): warning CS1591: Missing XML comment for publicly visible type or member 'SubsidyOptimizationScenario.ScenarioCode' [/Users/kady/Masterdom/src/Masterdom.Modules.SubsidyOptimization/Masterdom.Modules.SubsidyOptimization.csproj]
/Users/kady/Masterdom/src/Masterdom.Modules.SubsidyOptimization/Application/Maximizer/SubsidyOptimizationScenario.cs(5,12): warning CS1591: Missing XML comment for publicly visible type or member 'SubsidyOptimizationScenario.ScenarioName' [/Users/kady/Masterdom/src/Masterdom.Modules.SubsidyOptimization/Masterdom.Modules.SubsidyOptimization.csproj]
/Users/kady/Masterdom/src/Masterdom.Modules.SubsidyOptimization/Application/Maximizer/SubsidyOptimizationScenario.cs(6,13): warning CS1591: Missing XML comment for publicly visible type or member 'SubsidyOptimizationScenario.EstimatedConsumptionUnits' [/Users/kady/Masterdom/src/Masterdom.Modules.SubsidyOptimization/Masterdom.Modules.SubsidyOptimization.csproj]
/Users/kady/Masterdom/src/Masterdom.Modules.SubsidyOptimization/Application/Maximizer/SubsidyOptimizationScenario.cs(7,13): warning CS1591: Missing XML comment for publicly visible type or member 'SubsidyOptimizationScenario.ForecastConsumptionUnits' [/Users/kady/Masterdom/src/Masterdom.Modules.SubsidyOptimization/Masterdom.Modules.SubsidyOptimization.csproj]
/Users/kady/Masterdom/src/Masterdom.Modules.SubsidyOptimization/Application/Maximizer/SubsidyOptimizationScenario.cs(8,13): warning CS1591: Missing XML comment for publicly visible type or member 'SubsidyOptimizationScenario.ExpectedSubsidy' [/Users/kady/Masterdom/src/Masterdom.Modules.SubsidyOptimization/Masterdom.Modules.SubsidyOptimization.csproj]
/Users/kady/Masterdom/src/Masterdom.Modules.SubsidyOptimization/Application/Maximizer/SubsidyOptimizationScenario.cs(9,13): warning CS1591: Missing XML comment for publicly visible type or member 'SubsidyOptimizationScenario.ExpectedCost' [/Users/kady/Masterdom/src/Masterdom.Modules.SubsidyOptimization/Masterdom.Modules.SubsidyOptimization.csproj]
/Users/kady/Masterdom/src/Masterdom.Modules.SubsidyOptimization/Application/Maximizer/SubsidyOptimizationScenario.cs(10,13): warning CS1591: Missing XML comment for publicly visible type or member 'SubsidyOptimizationScenario.SanctionedLoadImpact' [/Users/kady/Masterdom/src/Masterdom.Modules.SubsidyOptimization/Masterdom.Modules.SubsidyOptimization.csproj]
/Users/kady/Masterdom/src/Masterdom.Modules.SubsidyOptimization/Application/Maximizer/SubsidyOptimizationScenario.cs(11,13): warning CS1591: Missing XML comment for publicly visible type or member 'SubsidyOptimizationScenario.ExpectedBenefit' [/Users/kady/Masterdom/src/Masterdom.Modules.SubsidyOptimization/Masterdom.Modules.SubsidyOptimization.csproj]
/Users/kady/Masterdom/src/Masterdom.Modules.SubsidyOptimization/Application/Maximizer/SubsidyOptimizationScenario.cs(12,13): warning CS1591: Missing XML comment for publicly visible type or member 'SubsidyOptimizationScenario.ExpectedRisk' [/Users/kady/Masterdom/src/Masterdom.Modules.SubsidyOptimization/Masterdom.Modules.SubsidyOptimization.csproj]
/Users/kady/Masterdom/src/Masterdom.Modules.SubsidyOptimization/Application/Maximizer/SubsidyOptimizationScenario.cs(13,13): warning CS1591: Missing XML comment for publicly visible type or member 'SubsidyOptimizationScenario.ThresholdDelta' [/Users/kady/Masterdom/src/Masterdom.Modules.SubsidyOptimization/Masterdom.Modules.SubsidyOptimization.csproj]
/Users/kady/Masterdom/src/Masterdom.Modules.SubsidyOptimization/Application/Maximizer/SubsidyOptimizationScenario.cs(14,13): warning CS1591: Missing XML comment for publicly visible type or member 'SubsidyOptimizationScenario.SubsidyPreservationScore' [/Users/kady/Masterdom/src/Masterdom.Modules.SubsidyOptimization/Masterdom.Modules.SubsidyOptimization.csproj]
/Users/kady/Masterdom/src/Masterdom.Modules.SubsidyOptimization/Application/Maximizer/SubsidyOptimizationScenario.cs(15,10): warning CS1591: Missing XML comment for publicly visible type or member 'SubsidyOptimizationScenario.IsFeasible' [/Users/kady/Masterdom/src/Masterdom.Modules.SubsidyOptimization/Masterdom.Modules.SubsidyOptimization.csproj]
/Users/kady/Masterdom/src/Masterdom.Modules.SubsidyOptimization/Application/Maximizer/SubsidyOptimizationScenario.cs(16,13): warning CS1591: Missing XML comment for publicly visible type or member 'SubsidyOptimizationScenario.InfeasibilityReason' [/Users/kady/Masterdom/src/Masterdom.Modules.SubsidyOptimization/Masterdom.Modules.SubsidyOptimization.csproj]
/Users/kady/Masterdom/src/Masterdom.Modules.SubsidyOptimization/Application/Maximizer/SubsidyOptimizationScenario.cs(17,14): warning CS1591: Missing XML comment for publicly visible type or member 'SubsidyOptimizationScenario.TriggeredBoundary' [/Users/kady/Masterdom/src/Masterdom.Modules.SubsidyOptimization/Masterdom.Modules.SubsidyOptimization.csproj]
/Users/kady/Masterdom/src/Masterdom.Modules.SubsidyOptimization/Application/Maximizer/SubsidyOptimizationScenario.cs(18,12): warning CS1591: Missing XML comment for publicly visible type or member 'SubsidyOptimizationScenario.TradeOffSummary' [/Users/kady/Masterdom/src/Masterdom.Modules.SubsidyOptimization/Masterdom.Modules.SubsidyOptimization.csproj]
/Users/kady/Masterdom/src/Masterdom.Modules.SubsidyOptimization/Application/Maximizer/SubsidyOptimizationScenario.cs(19,13): warning CS1591: Missing XML comment for publicly visible type or member 'SubsidyOptimizationScenario.RankScore' [/Users/kady/Masterdom/src/Masterdom.Modules.SubsidyOptimization/Masterdom.Modules.SubsidyOptimization.csproj]
/Users/kady/Masterdom/src/Masterdom.Modules.SubsidyOptimization/Application/Maximizer/SubsidyOptimizationScenario.cs(20,43): warning CS1591: Missing XML comment for publicly visible type or member 'SubsidyOptimizationScenario.MeterAllocations' [/Users/kady/Masterdom/src/Masterdom.Modules.SubsidyOptimization/Masterdom.Modules.SubsidyOptimization.csproj]
/Users/kady/Masterdom/src/Masterdom.Modules.SubsidyOptimization/Application/Maximizer/SubsidyOptimizationScenario.cs(22,22): warning CS1591: Missing XML comment for publicly visible type or member 'SubsidyMeterAllocation' [/Users/kady/Masterdom/src/Masterdom.Modules.SubsidyOptimization/Masterdom.Modules.SubsidyOptimization.csproj]
/Users/kady/Masterdom/src/Masterdom.Modules.SubsidyOptimization/Application/Maximizer/SubsidyOptimizationScenario.cs(22,22): warning CS1591: Missing XML comment for publicly visible type or member 'SubsidyMeterAllocation.SubsidyMeterAllocation(Guid, decimal, decimal, decimal, decimal)' [/Users/kady/Masterdom/src/Masterdom.Modules.SubsidyOptimization/Masterdom.Modules.SubsidyOptimization.csproj]
/Users/kady/Masterdom/src/Masterdom.Modules.SubsidyOptimization/Application/Maximizer/SubsidyOptimizationScenario.cs(23,10): warning CS1591: Missing XML comment for publicly visible type or member 'SubsidyMeterAllocation.MeterId' [/Users/kady/Masterdom/src/Masterdom.Modules.SubsidyOptimization/Masterdom.Modules.SubsidyOptimization.csproj]
/Users/kady/Masterdom/src/Masterdom.Modules.SubsidyOptimization/Application/Maximizer/SubsidyOptimizationScenario.cs(24,13): warning CS1591: Missing XML comment for publicly visible type or member 'SubsidyMeterAllocation.BaselineUnits' [/Users/kady/Masterdom/src/Masterdom.Modules.SubsidyOptimization/Masterdom.Modules.SubsidyOptimization.csproj]
/Users/kady/Masterdom/src/Masterdom.Modules.SubsidyOptimization/Application/Maximizer/SubsidyOptimizationScenario.cs(25,13): warning CS1591: Missing XML comment for publicly visible type or member 'SubsidyMeterAllocation.AllocatedUnits' [/Users/kady/Masterdom/src/Masterdom.Modules.SubsidyOptimization/Masterdom.Modules.SubsidyOptimization.csproj]
/Users/kady/Masterdom/src/Masterdom.Modules.SubsidyOptimization/Application/Maximizer/SubsidyOptimizationScenario.cs(26,13): warning CS1591: Missing XML comment for publicly visible type or member 'SubsidyMeterAllocation.SanctionedLoad' [/Users/kady/Masterdom/src/Masterdom.Modules.SubsidyOptimization/Masterdom.Modules.SubsidyOptimization.csproj]
/Users/kady/Masterdom/src/Masterdom.Modules.SubsidyOptimization/Application/Maximizer/SubsidyOptimizationScenario.cs(27,13): warning CS1591: Missing XML comment for publicly visible type or member 'SubsidyMeterAllocation.MovementUnits' [/Users/kady/Masterdom/src/Masterdom.Modules.SubsidyOptimization/Masterdom.Modules.SubsidyOptimization.csproj]
/Users/kady/Masterdom/src/Masterdom.Modules.SubsidyOptimization/Application/Maximizer/SubsidyOptimizerConfiguration.cs(3,22): warning CS1591: Missing XML comment for publicly visible type or member 'SubsidyPolicyConfiguration' [/Users/kady/Masterdom/src/Masterdom.Modules.SubsidyOptimization/Masterdom.Modules.SubsidyOptimization.csproj]
/Users/kady/Masterdom/src/Masterdom.Modules.SubsidyOptimization/Application/Maximizer/SubsidyOptimizerConfiguration.cs(3,22): warning CS1591: Missing XML comment for publicly visible type or member 'SubsidyPolicyConfiguration.SubsidyPolicyConfiguration(string, IReadOnlyList<SubsidySlabConfiguration>, decimal, decimal, IReadOnlyList<string>)' [/Users/kady/Masterdom/src/Masterdom.Modules.SubsidyOptimization/Masterdom.Modules.SubsidyOptimization.csproj]
/Users/kady/Masterdom/src/Masterdom.Modules.SubsidyOptimization/Application/Maximizer/SubsidyOptimizerConfiguration.cs(4,12): warning CS1591: Missing XML comment for publicly visible type or member 'SubsidyPolicyConfiguration.PolicyCode' [/Users/kady/Masterdom/src/Masterdom.Modules.SubsidyOptimization/Masterdom.Modules.SubsidyOptimization.csproj]
/Users/kady/Masterdom/src/Masterdom.Modules.SubsidyOptimization/Application/Maximizer/SubsidyOptimizerConfiguration.cs(5,45): warning CS1591: Missing XML comment for publicly visible type or member 'SubsidyPolicyConfiguration.Slabs' [/Users/kady/Masterdom/src/Masterdom.Modules.SubsidyOptimization/Masterdom.Modules.SubsidyOptimization.csproj]
/Users/kady/Masterdom/src/Masterdom.Modules.SubsidyOptimization/Application/Maximizer/SubsidyOptimizerConfiguration.cs(6,13): warning CS1591: Missing XML comment for publicly visible type or member 'SubsidyPolicyConfiguration.SanctionedLoadLimit' [/Users/kady/Masterdom/src/Masterdom.Modules.SubsidyOptimization/Masterdom.Modules.SubsidyOptimization.csproj]
/Users/kady/Masterdom/src/Masterdom.Modules.SubsidyOptimization/Application/Maximizer/SubsidyOptimizerConfiguration.cs(7,13): warning CS1591: Missing XML comment for publicly visible type or member 'SubsidyPolicyConfiguration.SanctionedLoadPenaltyPerUnit' [/Users/kady/Masterdom/src/Masterdom.Modules.SubsidyOptimization/Masterdom.Modules.SubsidyOptimization.csproj]
/Users/kady/Masterdom/src/Masterdom.Modules.SubsidyOptimization/Application/Maximizer/SubsidyOptimizerConfiguration.cs(8,27): warning CS1591: Missing XML comment for publicly visible type or member 'SubsidyPolicyConfiguration.EligibleMeterTypes' [/Users/kady/Masterdom/src/Masterdom.Modules.SubsidyOptimization/Masterdom.Modules.SubsidyOptimization.csproj]
/Users/kady/Masterdom/src/Masterdom.Modules.SubsidyOptimization/Application/Maximizer/SubsidyOptimizerConfiguration.cs(10,22): warning CS1591: Missing XML comment for publicly visible type or member 'SubsidySlabConfiguration' [/Users/kady/Masterdom/src/Masterdom.Modules.SubsidyOptimization/Masterdom.Modules.SubsidyOptimization.csproj]
/Users/kady/Masterdom/src/Masterdom.Modules.SubsidyOptimization/Application/Maximizer/SubsidyOptimizerConfiguration.cs(10,22): warning CS1591: Missing XML comment for publicly visible type or member 'SubsidySlabConfiguration.SubsidySlabConfiguration(decimal, decimal, bool)' [/Users/kady/Masterdom/src/Masterdom.Modules.SubsidyOptimization/Masterdom.Modules.SubsidyOptimization.csproj]
/Users/kady/Masterdom/src/Masterdom.Modules.SubsidyOptimization/Application/Maximizer/SubsidyOptimizerConfiguration.cs(11,13): warning CS1591: Missing XML comment for publicly visible type or member 'SubsidySlabConfiguration.MaximumUnits' [/Users/kady/Masterdom/src/Masterdom.Modules.SubsidyOptimization/Masterdom.Modules.SubsidyOptimization.csproj]
/Users/kady/Masterdom/src/Masterdom.Modules.SubsidyOptimization/Application/Maximizer/SubsidyOptimizerConfiguration.cs(12,13): warning CS1591: Missing XML comment for publicly visible type or member 'SubsidySlabConfiguration.SubsidyAmount' [/Users/kady/Masterdom/src/Masterdom.Modules.SubsidyOptimization/Masterdom.Modules.SubsidyOptimization.csproj]
/Users/kady/Masterdom/src/Masterdom.Modules.SubsidyOptimization/Application/Maximizer/SubsidyOptimizerConfiguration.cs(13,10): warning CS1591: Missing XML comment for publicly visible type or member 'SubsidySlabConfiguration.IsCliff' [/Users/kady/Masterdom/src/Masterdom.Modules.SubsidyOptimization/Masterdom.Modules.SubsidyOptimization.csproj]
/Users/kady/Masterdom/src/Masterdom.Modules.SubsidyOptimization/Application/Maximizer/SubsidyOptimizerConfiguration.cs(15,22): warning CS1591: Missing XML comment for publicly visible type or member 'OptimizationModelConfiguration' [/Users/kady/Masterdom/src/Masterdom.Modules.SubsidyOptimization/Masterdom.Modules.SubsidyOptimization.csproj]
/Users/kady/Masterdom/src/Masterdom.Modules.SubsidyOptimization/Application/Maximizer/SubsidyOptimizerConfiguration.cs(15,22): warning CS1591: Missing XML comment for publicly visible type or member 'OptimizationModelConfiguration.OptimizationModelConfiguration(string, decimal, decimal, decimal, decimal, decimal, int)' [/Users/kady/Masterdom/src/Masterdom.Modules.SubsidyOptimization/Masterdom.Modules.SubsidyOptimization.csproj]
/Users/kady/Masterdom/src/Masterdom.Modules.SubsidyOptimization/Application/Maximizer/SubsidyOptimizerConfiguration.cs(16,12): warning CS1591: Missing XML comment for publicly visible type or member 'OptimizationModelConfiguration.ModelCode' [/Users/kady/Masterdom/src/Masterdom.Modules.SubsidyOptimization/Masterdom.Modules.SubsidyOptimization.csproj]
/Users/kady/Masterdom/src/Masterdom.Modules.SubsidyOptimization/Application/Maximizer/SubsidyOptimizerConfiguration.cs(17,13): warning CS1591: Missing XML comment for publicly visible type or member 'OptimizationModelConfiguration.SubsidyWeight' [/Users/kady/Masterdom/src/Masterdom.Modules.SubsidyOptimization/Masterdom.Modules.SubsidyOptimization.csproj]
/Users/kady/Masterdom/src/Masterdom.Modules.SubsidyOptimization/Application/Maximizer/SubsidyOptimizerConfiguration.cs(18,13): warning CS1591: Missing XML comment for publicly visible type or member 'OptimizationModelConfiguration.CostWeight' [/Users/kady/Masterdom/src/Masterdom.Modules.SubsidyOptimization/Masterdom.Modules.SubsidyOptimization.csproj]
/Users/kady/Masterdom/src/Masterdom.Modules.SubsidyOptimization/Application/Maximizer/SubsidyOptimizerConfiguration.cs(19,13): warning CS1591: Missing XML comment for publicly visible type or member 'OptimizationModelConfiguration.LoadImpactWeight' [/Users/kady/Masterdom/src/Masterdom.Modules.SubsidyOptimization/Masterdom.Modules.SubsidyOptimization.csproj]
/Users/kady/Masterdom/src/Masterdom.Modules.SubsidyOptimization/Application/Maximizer/SubsidyOptimizerConfiguration.cs(20,13): warning CS1591: Missing XML comment for publicly visible type or member 'OptimizationModelConfiguration.RiskWeight' [/Users/kady/Masterdom/src/Masterdom.Modules.SubsidyOptimization/Masterdom.Modules.SubsidyOptimization.csproj]
/Users/kady/Masterdom/src/Masterdom.Modules.SubsidyOptimization/Application/Maximizer/SubsidyOptimizerConfiguration.cs(21,13): warning CS1591: Missing XML comment for publicly visible type or member 'OptimizationModelConfiguration.BoundaryTolerance' [/Users/kady/Masterdom/src/Masterdom.Modules.SubsidyOptimization/Masterdom.Modules.SubsidyOptimization.csproj]
/Users/kady/Masterdom/src/Masterdom.Modules.SubsidyOptimization/Application/Maximizer/SubsidyOptimizerConfiguration.cs(22,9): warning CS1591: Missing XML comment for publicly visible type or member 'OptimizationModelConfiguration.MaximumScenarioCount' [/Users/kady/Masterdom/src/Masterdom.Modules.SubsidyOptimization/Masterdom.Modules.SubsidyOptimization.csproj]
/Users/kady/Masterdom/src/Masterdom.Modules.SubsidyOptimization/Application/Maximizer/SubsidyOptimizerConfiguration.cs(24,22): warning CS1591: Missing XML comment for publicly visible type or member 'OptimizationStrategyConfiguration' [/Users/kady/Masterdom/src/Masterdom.Modules.SubsidyOptimization/Masterdom.Modules.SubsidyOptimization.csproj]
/Users/kady/Masterdom/src/Masterdom.Modules.SubsidyOptimization/Application/Maximizer/SubsidyOptimizerConfiguration.cs(24,22): warning CS1591: Missing XML comment for publicly visible type or member 'OptimizationStrategyConfiguration.OptimizationStrategyConfiguration(string, IReadOnlyList<decimal>, bool, bool, decimal)' [/Users/kady/Masterdom/src/Masterdom.Modules.SubsidyOptimization/Masterdom.Modules.SubsidyOptimization.csproj]
/Users/kady/Masterdom/src/Masterdom.Modules.SubsidyOptimization/Application/Maximizer/SubsidyOptimizerConfiguration.cs(25,12): warning CS1591: Missing XML comment for publicly visible type or member 'OptimizationStrategyConfiguration.StrategyCode' [/Users/kady/Masterdom/src/Masterdom.Modules.SubsidyOptimization/Masterdom.Modules.SubsidyOptimization.csproj]
/Users/kady/Masterdom/src/Masterdom.Modules.SubsidyOptimization/Application/Maximizer/SubsidyOptimizerConfiguration.cs(26,28): warning CS1591: Missing XML comment for publicly visible type or member 'OptimizationStrategyConfiguration.ConsumptionFactors' [/Users/kady/Masterdom/src/Masterdom.Modules.SubsidyOptimization/Masterdom.Modules.SubsidyOptimization.csproj]
/Users/kady/Masterdom/src/Masterdom.Modules.SubsidyOptimization/Application/Maximizer/SubsidyOptimizerConfiguration.cs(27,10): warning CS1591: Missing XML comment for publicly visible type or member 'OptimizationStrategyConfiguration.IncludeSubsidyBoundaries' [/Users/kady/Masterdom/src/Masterdom.Modules.SubsidyOptimization/Masterdom.Modules.SubsidyOptimization.csproj]
/Users/kady/Masterdom/src/Masterdom.Modules.SubsidyOptimization/Application/Maximizer/SubsidyOptimizerConfiguration.cs(28,10): warning CS1591: Missing XML comment for publicly visible type or member 'OptimizationStrategyConfiguration.PermitCrossMeterMovement' [/Users/kady/Masterdom/src/Masterdom.Modules.SubsidyOptimization/Masterdom.Modules.SubsidyOptimization.csproj]
/Users/kady/Masterdom/src/Masterdom.Modules.SubsidyOptimization/Application/Maximizer/SubsidyOptimizerConfiguration.cs(29,13): warning CS1591: Missing XML comment for publicly visible type or member 'OptimizationStrategyConfiguration.MaximumCrossMeterMovementFraction' [/Users/kady/Masterdom/src/Masterdom.Modules.SubsidyOptimization/Masterdom.Modules.SubsidyOptimization.csproj]
/Users/kady/Masterdom/src/Masterdom.Modules.SubsidyOptimization/Application/Maximizer/SubsidyOptimizerConfiguration.cs(31,22): warning CS1591: Missing XML comment for publicly visible type or member 'ResolvedConfigurationIdentity' [/Users/kady/Masterdom/src/Masterdom.Modules.SubsidyOptimization/Masterdom.Modules.SubsidyOptimization.csproj]
/Users/kady/Masterdom/src/Masterdom.Modules.SubsidyOptimization/Application/Maximizer/SubsidyOptimizerConfiguration.cs(31,22): warning CS1591: Missing XML comment for publicly visible type or member 'ResolvedConfigurationIdentity.ResolvedConfigurationIdentity(string, string, int, DateTime, DateTime?, string?, string?)' [/Users/kady/Masterdom/src/Masterdom.Modules.SubsidyOptimization/Masterdom.Modules.SubsidyOptimization.csproj]
/Users/kady/Masterdom/src/Masterdom.Modules.SubsidyOptimization/Application/Maximizer/SubsidyOptimizerConfiguration.cs(32,12): warning CS1591: Missing XML comment for publicly visible type or member 'ResolvedConfigurationIdentity.ConfigurationKey' [/Users/kady/Masterdom/src/Masterdom.Modules.SubsidyOptimization/Masterdom.Modules.SubsidyOptimization.csproj]
/Users/kady/Masterdom/src/Masterdom.Modules.SubsidyOptimization/Application/Maximizer/SubsidyOptimizerConfiguration.cs(33,12): warning CS1591: Missing XML comment for publicly visible type or member 'ResolvedConfigurationIdentity.DefinitionId' [/Users/kady/Masterdom/src/Masterdom.Modules.SubsidyOptimization/Masterdom.Modules.SubsidyOptimization.csproj]
/Users/kady/Masterdom/src/Masterdom.Modules.SubsidyOptimization/Application/Maximizer/SubsidyOptimizerConfiguration.cs(34,9): warning CS1591: Missing XML comment for publicly visible type or member 'ResolvedConfigurationIdentity.Version' [/Users/kady/Masterdom/src/Masterdom.Modules.SubsidyOptimization/Masterdom.Modules.SubsidyOptimization.csproj]
/Users/kady/Masterdom/src/Masterdom.Modules.SubsidyOptimization/Application/Maximizer/SubsidyOptimizerConfiguration.cs(35,14): warning CS1591: Missing XML comment for publicly visible type or member 'ResolvedConfigurationIdentity.EffectiveFromUtc' [/Users/kady/Masterdom/src/Masterdom.Modules.SubsidyOptimization/Masterdom.Modules.SubsidyOptimization.csproj]
/Users/kady/Masterdom/src/Masterdom.Modules.SubsidyOptimization/Application/Maximizer/SubsidyOptimizerConfiguration.cs(36,15): warning CS1591: Missing XML comment for publicly visible type or member 'ResolvedConfigurationIdentity.EffectiveToUtc' [/Users/kady/Masterdom/src/Masterdom.Modules.SubsidyOptimization/Masterdom.Modules.SubsidyOptimization.csproj]
/Users/kady/Masterdom/src/Masterdom.Modules.SubsidyOptimization/Application/Maximizer/SubsidyOptimizerConfiguration.cs(37,13): warning CS1591: Missing XML comment for publicly visible type or member 'ResolvedConfigurationIdentity.TenantId' [/Users/kady/Masterdom/src/Masterdom.Modules.SubsidyOptimization/Masterdom.Modules.SubsidyOptimization.csproj]
/Users/kady/Masterdom/src/Masterdom.Modules.SubsidyOptimization/Application/Maximizer/SubsidyOptimizerConfiguration.cs(38,13): warning CS1591: Missing XML comment for publicly visible type or member 'ResolvedConfigurationIdentity.PropertyId' [/Users/kady/Masterdom/src/Masterdom.Modules.SubsidyOptimization/Masterdom.Modules.SubsidyOptimization.csproj]
/Users/kady/Masterdom/src/Masterdom.Modules.SubsidyOptimization/Application/Maximizer/SubsidyOptimizerConfiguration.cs(40,22): warning CS1591: Missing XML comment for publicly visible type or member 'ResolvedSubsidyOptimizerConfiguration' [/Users/kady/Masterdom/src/Masterdom.Modules.SubsidyOptimization/Masterdom.Modules.SubsidyOptimization.csproj]
/Users/kady/Masterdom/src/Masterdom.Modules.SubsidyOptimization/Application/Maximizer/SubsidyOptimizerConfiguration.cs(40,22): warning CS1591: Missing XML comment for publicly visible type or member 'ResolvedSubsidyOptimizerConfiguration.ResolvedSubsidyOptimizerConfiguration(SubsidyPolicyConfiguration, OptimizationModelConfiguration, OptimizationStrategyConfiguration, IReadOnlyDictionary<string, string>, ResolvedConfigurationIdentity, ResolvedConfigurationIdentity, ResolvedConfigurationIdentity)' [/Users/kady/Masterdom/src/Masterdom.Modules.SubsidyOptimization/Masterdom.Modules.SubsidyOptimization.csproj]
/Users/kady/Masterdom/src/Masterdom.Modules.SubsidyOptimization/Application/Maximizer/SubsidyOptimizerConfiguration.cs(41,32): warning CS1591: Missing XML comment for publicly visible type or member 'ResolvedSubsidyOptimizerConfiguration.Policy' [/Users/kady/Masterdom/src/Masterdom.Modules.SubsidyOptimization/Masterdom.Modules.SubsidyOptimization.csproj]
/Users/kady/Masterdom/src/Masterdom.Modules.SubsidyOptimization/Application/Maximizer/SubsidyOptimizerConfiguration.cs(42,36): warning CS1591: Missing XML comment for publicly visible type or member 'ResolvedSubsidyOptimizerConfiguration.Model' [/Users/kady/Masterdom/src/Masterdom.Modules.SubsidyOptimization/Masterdom.Modules.SubsidyOptimization.csproj]
/Users/kady/Masterdom/src/Masterdom.Modules.SubsidyOptimization/Application/Maximizer/SubsidyOptimizerConfiguration.cs(43,39): warning CS1591: Missing XML comment for publicly visible type or member 'ResolvedSubsidyOptimizerConfiguration.Strategy' [/Users/kady/Masterdom/src/Masterdom.Modules.SubsidyOptimization/Masterdom.Modules.SubsidyOptimization.csproj]
/Users/kady/Masterdom/src/Masterdom.Modules.SubsidyOptimization/Application/Maximizer/SubsidyOptimizerConfiguration.cs(44,41): warning CS1591: Missing XML comment for publicly visible type or member 'ResolvedSubsidyOptimizerConfiguration.Versions' [/Users/kady/Masterdom/src/Masterdom.Modules.SubsidyOptimization/Masterdom.Modules.SubsidyOptimization.csproj]
/Users/kady/Masterdom/src/Masterdom.Modules.SubsidyOptimization/Application/Maximizer/SubsidyOptimizerConfiguration.cs(45,35): warning CS1591: Missing XML comment for publicly visible type or member 'ResolvedSubsidyOptimizerConfiguration.PolicyIdentity' [/Users/kady/Masterdom/src/Masterdom.Modules.SubsidyOptimization/Masterdom.Modules.SubsidyOptimization.csproj]
/Users/kady/Masterdom/src/Masterdom.Modules.SubsidyOptimization/Application/Maximizer/SubsidyOptimizerConfiguration.cs(46,35): warning CS1591: Missing XML comment for publicly visible type or member 'ResolvedSubsidyOptimizerConfiguration.ModelIdentity' [/Users/kady/Masterdom/src/Masterdom.Modules.SubsidyOptimization/Masterdom.Modules.SubsidyOptimization.csproj]
/Users/kady/Masterdom/src/Masterdom.Modules.SubsidyOptimization/Application/Maximizer/SubsidyOptimizerConfiguration.cs(47,35): warning CS1591: Missing XML comment for publicly visible type or member 'ResolvedSubsidyOptimizerConfiguration.StrategyIdentity' [/Users/kady/Masterdom/src/Masterdom.Modules.SubsidyOptimization/Masterdom.Modules.SubsidyOptimization.csproj]
/Users/kady/Masterdom/src/Masterdom.Modules.SubsidyOptimization/Application/Queries/GetLatestOptimizationRunQuery.cs(5,22): warning CS1591: Missing XML comment for publicly visible type or member 'GetLatestOptimizationRunQuery' [/Users/kady/Masterdom/src/Masterdom.Modules.SubsidyOptimization/Masterdom.Modules.SubsidyOptimization.csproj]
/Users/kady/Masterdom/src/Masterdom.Modules.SubsidyOptimization/Application/Queries/GetLatestOptimizationRunQuery.cs(5,22): warning CS1591: Missing XML comment for publicly visible type or member 'GetLatestOptimizationRunQuery.GetLatestOptimizationRunQuery(ScenarioId, OptimizationPeriod)' [/Users/kady/Masterdom/src/Masterdom.Modules.SubsidyOptimization/Masterdom.Modules.SubsidyOptimization.csproj]
/Users/kady/Masterdom/src/Masterdom.Modules.SubsidyOptimization/Application/Queries/GetLatestOptimizationRunQuery.cs(6,16): warning CS1591: Missing XML comment for publicly visible type or member 'GetLatestOptimizationRunQuery.ScenarioId' [/Users/kady/Masterdom/src/Masterdom.Modules.SubsidyOptimization/Masterdom.Modules.SubsidyOptimization.csproj]
/Users/kady/Masterdom/src/Masterdom.Modules.SubsidyOptimization/Application/Queries/GetLatestOptimizationRunQuery.cs(7,24): warning CS1591: Missing XML comment for publicly visible type or member 'GetLatestOptimizationRunQuery.OptimizationPeriod' [/Users/kady/Masterdom/src/Masterdom.Modules.SubsidyOptimization/Masterdom.Modules.SubsidyOptimization.csproj]
/Users/kady/Masterdom/src/Masterdom.Modules.SubsidyOptimization/Application/Queries/GetOptimizationRunByIdQuery.cs(5,22): warning CS1591: Missing XML comment for publicly visible type or member 'GetOptimizationRunByIdQuery' [/Users/kady/Masterdom/src/Masterdom.Modules.SubsidyOptimization/Masterdom.Modules.SubsidyOptimization.csproj]
/Users/kady/Masterdom/src/Masterdom.Modules.SubsidyOptimization/Application/Queries/GetOptimizationRunByIdQuery.cs(5,22): warning CS1591: Missing XML comment for publicly visible type or member 'GetOptimizationRunByIdQuery.GetOptimizationRunByIdQuery(OptimizationRunId)' [/Users/kady/Masterdom/src/Masterdom.Modules.SubsidyOptimization/Masterdom.Modules.SubsidyOptimization.csproj]
/Users/kady/Masterdom/src/Masterdom.Modules.SubsidyOptimization/Application/Queries/GetOptimizationRunByIdQuery.cs(5,68): warning CS1591: Missing XML comment for publicly visible type or member 'GetOptimizationRunByIdQuery.OptimizationRunId' [/Users/kady/Masterdom/src/Masterdom.Modules.SubsidyOptimization/Masterdom.Modules.SubsidyOptimization.csproj]
/Users/kady/Masterdom/src/Masterdom.Modules.SubsidyOptimization/Application/Services/ISubsidyOptimizationApplicationService.cs(7,18): warning CS1591: Missing XML comment for publicly visible type or member 'ISubsidyOptimizationApplicationService' [/Users/kady/Masterdom/src/Masterdom.Modules.SubsidyOptimization/Masterdom.Modules.SubsidyOptimization.csproj]
/Users/kady/Masterdom/src/Masterdom.Modules.SubsidyOptimization/Application/Services/ISubsidyOptimizationApplicationService.cs(9,30): warning CS1591: Missing XML comment for publicly visible type or member 'ISubsidyOptimizationApplicationService.ExecuteOptimization(ExecuteSubsidyOptimizationCommand)' [/Users/kady/Masterdom/src/Masterdom.Modules.SubsidyOptimization/Masterdom.Modules.SubsidyOptimization.csproj]
/Users/kady/Masterdom/src/Masterdom.Modules.SubsidyOptimization/Application/Services/ISubsidyOptimizationApplicationService.cs(11,30): warning CS1591: Missing XML comment for publicly visible type or member 'ISubsidyOptimizationApplicationService.StartOptimization(StartOptimizationCommand)' [/Users/kady/Masterdom/src/Masterdom.Modules.SubsidyOptimization/Masterdom.Modules.SubsidyOptimization.csproj]
/Users/kady/Masterdom/src/Masterdom.Modules.SubsidyOptimization/Application/Services/ISubsidyOptimizationApplicationService.cs(13,30): warning CS1591: Missing XML comment for publicly visible type or member 'ISubsidyOptimizationApplicationService.CreateScenarioVersion(CreateScenarioVersionCommand)' [/Users/kady/Masterdom/src/Masterdom.Modules.SubsidyOptimization/Masterdom.Modules.SubsidyOptimization.csproj]
/Users/kady/Masterdom/src/Masterdom.Modules.SubsidyOptimization/Application/Services/ISubsidyOptimizationApplicationService.cs(15,30): warning CS1591: Missing XML comment for publicly visible type or member 'ISubsidyOptimizationApplicationService.ArchiveRecommendation(ArchiveRecommendationCommand)' [/Users/kady/Masterdom/src/Masterdom.Modules.SubsidyOptimization/Masterdom.Modules.SubsidyOptimization.csproj]
/Users/kady/Masterdom/src/Masterdom.Modules.SubsidyOptimization/Application/Services/ISubsidyOptimizationApplicationService.cs(17,30): warning CS1591: Missing XML comment for publicly visible type or member 'ISubsidyOptimizationApplicationService.ArchiveOptimizationRun(ArchiveOptimizationRunCommand)' [/Users/kady/Masterdom/src/Masterdom.Modules.SubsidyOptimization/Masterdom.Modules.SubsidyOptimization.csproj]
/Users/kady/Masterdom/src/Masterdom.Modules.SubsidyOptimization/Application/Services/ISubsidyOptimizationApplicationService.cs(19,31): warning CS1591: Missing XML comment for publicly visible type or member 'ISubsidyOptimizationApplicationService.GetOptimizationRun(GetOptimizationRunByIdQuery)' [/Users/kady/Masterdom/src/Masterdom.Modules.SubsidyOptimization/Masterdom.Modules.SubsidyOptimization.csproj]
/Users/kady/Masterdom/src/Masterdom.Modules.SubsidyOptimization/Application/Services/ISubsidyOptimizationApplicationService.cs(21,31): warning CS1591: Missing XML comment for publicly visible type or member 'ISubsidyOptimizationApplicationService.GetLatestOptimizationRun(GetLatestOptimizationRunQuery)' [/Users/kady/Masterdom/src/Masterdom.Modules.SubsidyOptimization/Masterdom.Modules.SubsidyOptimization.csproj]
/Users/kady/Masterdom/src/Masterdom.Modules.SubsidyOptimization/Application/Services/SubsidyOptimizationApplicationService.cs(13,21): warning CS1591: Missing XML comment for publicly visible type or member 'SubsidyOptimizationApplicationService' [/Users/kady/Masterdom/src/Masterdom.Modules.SubsidyOptimization/Masterdom.Modules.SubsidyOptimization.csproj]
/Users/kady/Masterdom/src/Masterdom.Modules.SubsidyOptimization/Application/Services/SubsidyOptimizationApplicationService.cs(20,12): warning CS1591: Missing XML comment for publicly visible type or member 'SubsidyOptimizationApplicationService.SubsidyOptimizationApplicationService(IOptimizationRunRepository, ISubsidyOptimizationUnitOfWork, ISubsidyOptimizationPlatformOrchestrator, ISubsidyMaximizerService)' [/Users/kady/Masterdom/src/Masterdom.Modules.SubsidyOptimization/Masterdom.Modules.SubsidyOptimization.csproj]
/Users/kady/Masterdom/src/Masterdom.Modules.SubsidyOptimization/Application/Services/SubsidyOptimizationApplicationService.cs(32,37): warning CS1591: Missing XML comment for publicly visible type or member 'SubsidyOptimizationApplicationService.ExecuteOptimization(ExecuteSubsidyOptimizationCommand)' [/Users/kady/Masterdom/src/Masterdom.Modules.SubsidyOptimization/Masterdom.Modules.SubsidyOptimization.csproj]
/Users/kady/Masterdom/src/Masterdom.Modules.SubsidyOptimization/Application/Services/SubsidyOptimizationApplicationService.cs(99,37): warning CS1591: Missing XML comment for publicly visible type or member 'SubsidyOptimizationApplicationService.StartOptimization(StartOptimizationCommand)' [/Users/kady/Masterdom/src/Masterdom.Modules.SubsidyOptimization/Masterdom.Modules.SubsidyOptimization.csproj]
/Users/kady/Masterdom/src/Masterdom.Modules.SubsidyOptimization/Application/Services/SubsidyOptimizationApplicationService.cs(127,37): warning CS1591: Missing XML comment for publicly visible type or member 'SubsidyOptimizationApplicationService.CreateScenarioVersion(CreateScenarioVersionCommand)' [/Users/kady/Masterdom/src/Masterdom.Modules.SubsidyOptimization/Masterdom.Modules.SubsidyOptimization.csproj]
/Users/kady/Masterdom/src/Masterdom.Modules.SubsidyOptimization/Application/Services/SubsidyOptimizationApplicationService.cs(150,37): warning CS1591: Missing XML comment for publicly visible type or member 'SubsidyOptimizationApplicationService.ArchiveRecommendation(ArchiveRecommendationCommand)' [/Users/kady/Masterdom/src/Masterdom.Modules.SubsidyOptimization/Masterdom.Modules.SubsidyOptimization.csproj]
/Users/kady/Masterdom/src/Masterdom.Modules.SubsidyOptimization/Application/Services/SubsidyOptimizationApplicationService.cs(163,37): warning CS1591: Missing XML comment for publicly visible type or member 'SubsidyOptimizationApplicationService.ArchiveOptimizationRun(ArchiveOptimizationRunCommand)' [/Users/kady/Masterdom/src/Masterdom.Modules.SubsidyOptimization/Masterdom.Modules.SubsidyOptimization.csproj]
/Users/kady/Masterdom/src/Masterdom.Modules.SubsidyOptimization/Application/Services/SubsidyOptimizationApplicationService.cs(175,38): warning CS1591: Missing XML comment for publicly visible type or member 'SubsidyOptimizationApplicationService.GetOptimizationRun(GetOptimizationRunByIdQuery)' [/Users/kady/Masterdom/src/Masterdom.Modules.SubsidyOptimization/Masterdom.Modules.SubsidyOptimization.csproj]
/Users/kady/Masterdom/src/Masterdom.Modules.SubsidyOptimization/Application/Services/SubsidyOptimizationApplicationService.cs(181,38): warning CS1591: Missing XML comment for publicly visible type or member 'SubsidyOptimizationApplicationService.GetLatestOptimizationRun(GetLatestOptimizationRunQuery)' [/Users/kady/Masterdom/src/Masterdom.Modules.SubsidyOptimization/Masterdom.Modules.SubsidyOptimization.csproj]
/Users/kady/Masterdom/src/Masterdom.Modules.SubsidyOptimization/Application/Support/ExecutionResult.cs(3,14): warning CS1591: Missing XML comment for publicly visible type or member 'ExecutionResult' [/Users/kady/Masterdom/src/Masterdom.Modules.SubsidyOptimization/Masterdom.Modules.SubsidyOptimization.csproj]
/Users/kady/Masterdom/src/Masterdom.Modules.SubsidyOptimization/Application/Support/ExecutionResult.cs(5,15): warning CS1591: Missing XML comment for publicly visible type or member 'ExecutionResult.ExecutionResult(bool, string?, string?)' [/Users/kady/Masterdom/src/Masterdom.Modules.SubsidyOptimization/Masterdom.Modules.SubsidyOptimization.csproj]
/Users/kady/Masterdom/src/Masterdom.Modules.SubsidyOptimization/Application/Support/ExecutionResult.cs(12,17): warning CS1591: Missing XML comment for publicly visible type or member 'ExecutionResult.IsSuccess' [/Users/kady/Masterdom/src/Masterdom.Modules.SubsidyOptimization/Masterdom.Modules.SubsidyOptimization.csproj]
/Users/kady/Masterdom/src/Masterdom.Modules.SubsidyOptimization/Application/Support/ExecutionResult.cs(14,20): warning CS1591: Missing XML comment for publicly visible type or member 'ExecutionResult.ErrorCode' [/Users/kady/Masterdom/src/Masterdom.Modules.SubsidyOptimization/Masterdom.Modules.SubsidyOptimization.csproj]
/Users/kady/Masterdom/src/Masterdom.Modules.SubsidyOptimization/Application/Support/ExecutionResult.cs(16,20): warning CS1591: Missing XML comment for publicly visible type or member 'ExecutionResult.ErrorMessage' [/Users/kady/Masterdom/src/Masterdom.Modules.SubsidyOptimization/Masterdom.Modules.SubsidyOptimization.csproj]
/Users/kady/Masterdom/src/Masterdom.Modules.SubsidyOptimization/Application/Support/ExecutionResult.cs(18,35): warning CS1591: Missing XML comment for publicly visible type or member 'ExecutionResult.Success()' [/Users/kady/Masterdom/src/Masterdom.Modules.SubsidyOptimization/Masterdom.Modules.SubsidyOptimization.csproj]
/Users/kady/Masterdom/src/Masterdom.Modules.SubsidyOptimization/Application/Support/ExecutionResult.cs(23,35): warning CS1591: Missing XML comment for publicly visible type or member 'ExecutionResult.Failure(string, string)' [/Users/kady/Masterdom/src/Masterdom.Modules.SubsidyOptimization/Masterdom.Modules.SubsidyOptimization.csproj]
/Users/kady/Masterdom/src/Masterdom.Modules.SubsidyOptimization/Application/Support/ExecutionResult.cs(32,21): warning CS1591: Missing XML comment for publicly visible type or member 'ExecutionResult<T>' [/Users/kady/Masterdom/src/Masterdom.Modules.SubsidyOptimization/Masterdom.Modules.SubsidyOptimization.csproj]
/Users/kady/Masterdom/src/Masterdom.Modules.SubsidyOptimization/Application/Support/ExecutionResult.cs(40,15): warning CS1591: Missing XML comment for publicly visible type or member 'ExecutionResult<T>.Value' [/Users/kady/Masterdom/src/Masterdom.Modules.SubsidyOptimization/Masterdom.Modules.SubsidyOptimization.csproj]
/Users/kady/Masterdom/src/Masterdom.Modules.SubsidyOptimization/Application/Support/ExecutionResult.cs(42,38): warning CS1591: Missing XML comment for publicly visible type or member 'ExecutionResult<T>.Success(T)' [/Users/kady/Masterdom/src/Masterdom.Modules.SubsidyOptimization/Masterdom.Modules.SubsidyOptimization.csproj]
/Users/kady/Masterdom/src/Masterdom.Modules.SubsidyOptimization/Application/Support/ExecutionResult.cs(48,38): warning CS1591: Missing XML comment for publicly visible type or member 'ExecutionResult<T>.Failure(string, string)' [/Users/kady/Masterdom/src/Masterdom.Modules.SubsidyOptimization/Masterdom.Modules.SubsidyOptimization.csproj]
/Users/kady/Masterdom/src/Masterdom.Modules.SubsidyOptimization/Application/Support/ICommandHandler.cs(3,18): warning CS1591: Missing XML comment for publicly visible type or member 'ICommandHandler<TCommand, TResult>' [/Users/kady/Masterdom/src/Masterdom.Modules.SubsidyOptimization/Masterdom.Modules.SubsidyOptimization.csproj]
/Users/kady/Masterdom/src/Masterdom.Modules.SubsidyOptimization/Application/Support/ICommandHandler.cs(5,13): warning CS1591: Missing XML comment for publicly visible type or member 'ICommandHandler<TCommand, TResult>.Handle(TCommand)' [/Users/kady/Masterdom/src/Masterdom.Modules.SubsidyOptimization/Masterdom.Modules.SubsidyOptimization.csproj]
/Users/kady/Masterdom/src/Masterdom.Modules.SubsidyOptimization/Application/Support/IQueryHandler.cs(3,18): warning CS1591: Missing XML comment for publicly visible type or member 'IQueryHandler<TQuery, TResult>' [/Users/kady/Masterdom/src/Masterdom.Modules.SubsidyOptimization/Masterdom.Modules.SubsidyOptimization.csproj]
/Users/kady/Masterdom/src/Masterdom.Modules.SubsidyOptimization/Application/Support/IQueryHandler.cs(5,13): warning CS1591: Missing XML comment for publicly visible type or member 'IQueryHandler<TQuery, TResult>.Handle(TQuery)' [/Users/kady/Masterdom/src/Masterdom.Modules.SubsidyOptimization/Masterdom.Modules.SubsidyOptimization.csproj]
/Users/kady/Masterdom/src/Masterdom.Modules.SubsidyOptimization/Application/Support/ISubsidyOptimizationPlatformOrchestrator.cs(5,18): warning CS1591: Missing XML comment for publicly visible type or member 'ISubsidyOptimizationPlatformOrchestrator' [/Users/kady/Masterdom/src/Masterdom.Modules.SubsidyOptimization/Masterdom.Modules.SubsidyOptimization.csproj]
/Users/kady/Masterdom/src/Masterdom.Modules.SubsidyOptimization/Application/Support/ISubsidyOptimizationPlatformOrchestrator.cs(7,10): warning CS1591: Missing XML comment for publicly visible type or member 'ISubsidyOptimizationPlatformOrchestrator.OnOptimizationRunMutated(OptimizationRun, string)' [/Users/kady/Masterdom/src/Masterdom.Modules.SubsidyOptimization/Masterdom.Modules.SubsidyOptimization.csproj]
/Users/kady/Masterdom/src/Masterdom.Modules.SubsidyOptimization/Application/Support/ISubsidyOptimizationUnitOfWork.cs(3,18): warning CS1591: Missing XML comment for publicly visible type or member 'ISubsidyOptimizationUnitOfWork' [/Users/kady/Masterdom/src/Masterdom.Modules.SubsidyOptimization/Masterdom.Modules.SubsidyOptimization.csproj]
/Users/kady/Masterdom/src/Masterdom.Modules.SubsidyOptimization/Application/Support/ISubsidyOptimizationUnitOfWork.cs(5,10): warning CS1591: Missing XML comment for publicly visible type or member 'ISubsidyOptimizationUnitOfWork.Execute(Action)' [/Users/kady/Masterdom/src/Masterdom.Modules.SubsidyOptimization/Masterdom.Modules.SubsidyOptimization.csproj]
/Users/kady/Masterdom/src/Masterdom.Modules.SubsidyOptimization/Contracts/Metering/MeteringConsumptionHistoryContract.cs(3,22): warning CS1591: Missing XML comment for publicly visible type or member 'MeteringConsumptionHistoryContract' [/Users/kady/Masterdom/src/Masterdom.Modules.SubsidyOptimization/Masterdom.Modules.SubsidyOptimization.csproj]
/Users/kady/Masterdom/src/Masterdom.Modules.SubsidyOptimization/Contracts/Metering/MeteringConsumptionHistoryContract.cs(3,22): warning CS1591: Missing XML comment for publicly visible type or member 'MeteringConsumptionHistoryContract.MeteringConsumptionHistoryContract(Guid, DateOnly, DateOnly, decimal, DateTime, string, string, decimal?)' [/Users/kady/Masterdom/src/Masterdom.Modules.SubsidyOptimization/Masterdom.Modules.SubsidyOptimization.csproj]
/Users/kady/Masterdom/src/Masterdom.Modules.SubsidyOptimization/Contracts/Metering/MeteringConsumptionHistoryContract.cs(4,10): warning CS1591: Missing XML comment for publicly visible type or member 'MeteringConsumptionHistoryContract.MeterId' [/Users/kady/Masterdom/src/Masterdom.Modules.SubsidyOptimization/Masterdom.Modules.SubsidyOptimization.csproj]
/Users/kady/Masterdom/src/Masterdom.Modules.SubsidyOptimization/Contracts/Metering/MeteringConsumptionHistoryContract.cs(5,14): warning CS1591: Missing XML comment for publicly visible type or member 'MeteringConsumptionHistoryContract.PeriodStart' [/Users/kady/Masterdom/src/Masterdom.Modules.SubsidyOptimization/Masterdom.Modules.SubsidyOptimization.csproj]
/Users/kady/Masterdom/src/Masterdom.Modules.SubsidyOptimization/Contracts/Metering/MeteringConsumptionHistoryContract.cs(6,14): warning CS1591: Missing XML comment for publicly visible type or member 'MeteringConsumptionHistoryContract.PeriodEnd' [/Users/kady/Masterdom/src/Masterdom.Modules.SubsidyOptimization/Masterdom.Modules.SubsidyOptimization.csproj]
/Users/kady/Masterdom/src/Masterdom.Modules.SubsidyOptimization/Contracts/Metering/MeteringConsumptionHistoryContract.cs(7,13): warning CS1591: Missing XML comment for publicly visible type or member 'MeteringConsumptionHistoryContract.TotalConsumptionUnits' [/Users/kady/Masterdom/src/Masterdom.Modules.SubsidyOptimization/Masterdom.Modules.SubsidyOptimization.csproj]
/Users/kady/Masterdom/src/Masterdom.Modules.SubsidyOptimization/Contracts/Metering/MeteringConsumptionHistoryContract.cs(8,14): warning CS1591: Missing XML comment for publicly visible type or member 'MeteringConsumptionHistoryContract.CapturedAtUtc' [/Users/kady/Masterdom/src/Masterdom.Modules.SubsidyOptimization/Masterdom.Modules.SubsidyOptimization.csproj]
/Users/kady/Masterdom/src/Masterdom.Modules.SubsidyOptimization/Contracts/Metering/MeteringConsumptionHistoryContract.cs(9,12): warning CS1591: Missing XML comment for publicly visible type or member 'MeteringConsumptionHistoryContract.MeterType' [/Users/kady/Masterdom/src/Masterdom.Modules.SubsidyOptimization/Masterdom.Modules.SubsidyOptimization.csproj]
/Users/kady/Masterdom/src/Masterdom.Modules.SubsidyOptimization/Contracts/Metering/MeteringConsumptionHistoryContract.cs(10,12): warning CS1591: Missing XML comment for publicly visible type or member 'MeteringConsumptionHistoryContract.MeterStatus' [/Users/kady/Masterdom/src/Masterdom.Modules.SubsidyOptimization/Masterdom.Modules.SubsidyOptimization.csproj]
/Users/kady/Masterdom/src/Masterdom.Modules.SubsidyOptimization/Contracts/Metering/MeteringConsumptionHistoryContract.cs(11,14): warning CS1591: Missing XML comment for publicly visible type or member 'MeteringConsumptionHistoryContract.SanctionedLoad' [/Users/kady/Masterdom/src/Masterdom.Modules.SubsidyOptimization/Masterdom.Modules.SubsidyOptimization.csproj]
/Users/kady/Masterdom/src/Masterdom.Modules.SubsidyOptimization/Contracts/UtilityRating/RatedConsumptionContract.cs(3,22): warning CS1591: Missing XML comment for publicly visible type or member 'RatedConsumptionContract' [/Users/kady/Masterdom/src/Masterdom.Modules.SubsidyOptimization/Masterdom.Modules.SubsidyOptimization.csproj]
/Users/kady/Masterdom/src/Masterdom.Modules.SubsidyOptimization/Contracts/UtilityRating/RatedConsumptionContract.cs(3,22): warning CS1591: Missing XML comment for publicly visible type or member 'RatedConsumptionContract.RatedConsumptionContract(Guid, Guid, DateOnly, DateOnly, decimal, decimal, DateTime)' [/Users/kady/Masterdom/src/Masterdom.Modules.SubsidyOptimization/Masterdom.Modules.SubsidyOptimization.csproj]
/Users/kady/Masterdom/src/Masterdom.Modules.SubsidyOptimization/Contracts/UtilityRating/RatedConsumptionContract.cs(4,10): warning CS1591: Missing XML comment for publicly visible type or member 'RatedConsumptionContract.RatingId' [/Users/kady/Masterdom/src/Masterdom.Modules.SubsidyOptimization/Masterdom.Modules.SubsidyOptimization.csproj]
/Users/kady/Masterdom/src/Masterdom.Modules.SubsidyOptimization/Contracts/UtilityRating/RatedConsumptionContract.cs(5,10): warning CS1591: Missing XML comment for publicly visible type or member 'RatedConsumptionContract.MeterId' [/Users/kady/Masterdom/src/Masterdom.Modules.SubsidyOptimization/Masterdom.Modules.SubsidyOptimization.csproj]
/Users/kady/Masterdom/src/Masterdom.Modules.SubsidyOptimization/Contracts/UtilityRating/RatedConsumptionContract.cs(6,14): warning CS1591: Missing XML comment for publicly visible type or member 'RatedConsumptionContract.PeriodStart' [/Users/kady/Masterdom/src/Masterdom.Modules.SubsidyOptimization/Masterdom.Modules.SubsidyOptimization.csproj]
/Users/kady/Masterdom/src/Masterdom.Modules.SubsidyOptimization/Contracts/UtilityRating/RatedConsumptionContract.cs(7,14): warning CS1591: Missing XML comment for publicly visible type or member 'RatedConsumptionContract.PeriodEnd' [/Users/kady/Masterdom/src/Masterdom.Modules.SubsidyOptimization/Masterdom.Modules.SubsidyOptimization.csproj]
/Users/kady/Masterdom/src/Masterdom.Modules.SubsidyOptimization/Contracts/UtilityRating/RatedConsumptionContract.cs(8,13): warning CS1591: Missing XML comment for publicly visible type or member 'RatedConsumptionContract.RatedUnits' [/Users/kady/Masterdom/src/Masterdom.Modules.SubsidyOptimization/Masterdom.Modules.SubsidyOptimization.csproj]
/Users/kady/Masterdom/src/Masterdom.Modules.SubsidyOptimization/Contracts/UtilityRating/RatedConsumptionContract.cs(9,13): warning CS1591: Missing XML comment for publicly visible type or member 'RatedConsumptionContract.RatedAmount' [/Users/kady/Masterdom/src/Masterdom.Modules.SubsidyOptimization/Masterdom.Modules.SubsidyOptimization.csproj]
/Users/kady/Masterdom/src/Masterdom.Modules.SubsidyOptimization/Contracts/UtilityRating/RatedConsumptionContract.cs(10,14): warning CS1591: Missing XML comment for publicly visible type or member 'RatedConsumptionContract.RatedAtUtc' [/Users/kady/Masterdom/src/Masterdom.Modules.SubsidyOptimization/Masterdom.Modules.SubsidyOptimization.csproj]
/Users/kady/Masterdom/src/Masterdom.Modules.SubsidyOptimization/Domain/Entities/SubsidyOptimization/ConsumptionForecast.cs(5,21): warning CS1591: Missing XML comment for publicly visible type or member 'ConsumptionForecast' [/Users/kady/Masterdom/src/Masterdom.Modules.SubsidyOptimization/Masterdom.Modules.SubsidyOptimization.csproj]
/Users/kady/Masterdom/src/Masterdom.Modules.SubsidyOptimization/Domain/Entities/SubsidyOptimization/ConsumptionForecast.cs(14,20): warning CS1591: Missing XML comment for publicly visible type or member 'ConsumptionForecast.BaselineConsumption' [/Users/kady/Masterdom/src/Masterdom.Modules.SubsidyOptimization/Masterdom.Modules.SubsidyOptimization.csproj]
/Users/kady/Masterdom/src/Masterdom.Modules.SubsidyOptimization/Domain/Entities/SubsidyOptimization/ConsumptionForecast.cs(16,20): warning CS1591: Missing XML comment for publicly visible type or member 'ConsumptionForecast.ProjectedConsumption' [/Users/kady/Masterdom/src/Masterdom.Modules.SubsidyOptimization/Masterdom.Modules.SubsidyOptimization.csproj]
/Users/kady/Masterdom/src/Masterdom.Modules.SubsidyOptimization/Domain/Entities/SubsidyOptimization/ConsumptionForecast.cs(18,19): warning CS1591: Missing XML comment for publicly visible type or member 'ConsumptionForecast.Assumptions' [/Users/kady/Masterdom/src/Masterdom.Modules.SubsidyOptimization/Masterdom.Modules.SubsidyOptimization.csproj]
/Users/kady/Masterdom/src/Masterdom.Modules.SubsidyOptimization/Domain/Entities/SubsidyOptimization/ConsumptionForecast.cs(20,39): warning CS1591: Missing XML comment for publicly visible type or member 'ConsumptionForecast.Create(decimal, decimal, string)' [/Users/kady/Masterdom/src/Masterdom.Modules.SubsidyOptimization/Masterdom.Modules.SubsidyOptimization.csproj]
/Users/kady/Masterdom/src/Masterdom.Modules.SubsidyOptimization/Domain/Entities/SubsidyOptimization/ConsumptionForecast.cs(37,45): warning CS1591: Missing XML comment for publicly visible type or member 'ConsumptionForecast.GetEqualityComponents()' [/Users/kady/Masterdom/src/Masterdom.Modules.SubsidyOptimization/Masterdom.Modules.SubsidyOptimization.csproj]
/Users/kady/Masterdom/src/Masterdom.Modules.SubsidyOptimization/Domain/Entities/SubsidyOptimization/Events/OptimizationCompletedDomainEvent.cs(5,22): warning CS1591: Missing XML comment for publicly visible type or member 'OptimizationCompletedDomainEvent' [/Users/kady/Masterdom/src/Masterdom.Modules.SubsidyOptimization/Masterdom.Modules.SubsidyOptimization.csproj]
/Users/kady/Masterdom/src/Masterdom.Modules.SubsidyOptimization/Domain/Entities/SubsidyOptimization/Events/OptimizationCompletedDomainEvent.cs(5,22): warning CS1591: Missing XML comment for publicly visible type or member 'OptimizationCompletedDomainEvent.OptimizationCompletedDomainEvent(OptimizationRunId, string, int, DateTime)' [/Users/kady/Masterdom/src/Masterdom.Modules.SubsidyOptimization/Masterdom.Modules.SubsidyOptimization.csproj]
/Users/kady/Masterdom/src/Masterdom.Modules.SubsidyOptimization/Domain/Entities/SubsidyOptimization/Events/OptimizationCompletedDomainEvent.cs(6,23): warning CS1591: Missing XML comment for publicly visible type or member 'OptimizationCompletedDomainEvent.OptimizationRunId' [/Users/kady/Masterdom/src/Masterdom.Modules.SubsidyOptimization/Masterdom.Modules.SubsidyOptimization.csproj]
/Users/kady/Masterdom/src/Masterdom.Modules.SubsidyOptimization/Domain/Entities/SubsidyOptimization/Events/OptimizationCompletedDomainEvent.cs(7,12): warning CS1591: Missing XML comment for publicly visible type or member 'OptimizationCompletedDomainEvent.ScenarioId' [/Users/kady/Masterdom/src/Masterdom.Modules.SubsidyOptimization/Masterdom.Modules.SubsidyOptimization.csproj]
/Users/kady/Masterdom/src/Masterdom.Modules.SubsidyOptimization/Domain/Entities/SubsidyOptimization/Events/OptimizationCompletedDomainEvent.cs(8,9): warning CS1591: Missing XML comment for publicly visible type or member 'OptimizationCompletedDomainEvent.Version' [/Users/kady/Masterdom/src/Masterdom.Modules.SubsidyOptimization/Masterdom.Modules.SubsidyOptimization.csproj]
/Users/kady/Masterdom/src/Masterdom.Modules.SubsidyOptimization/Domain/Entities/SubsidyOptimization/Events/OptimizationCompletedDomainEvent.cs(9,14): warning CS1591: Missing XML comment for publicly visible type or member 'OptimizationCompletedDomainEvent.OccurredOnUtc' [/Users/kady/Masterdom/src/Masterdom.Modules.SubsidyOptimization/Masterdom.Modules.SubsidyOptimization.csproj]
/Users/kady/Masterdom/src/Masterdom.Modules.SubsidyOptimization/Domain/Entities/SubsidyOptimization/Events/OptimizationStartedDomainEvent.cs(5,22): warning CS1591: Missing XML comment for publicly visible type or member 'OptimizationStartedDomainEvent' [/Users/kady/Masterdom/src/Masterdom.Modules.SubsidyOptimization/Masterdom.Modules.SubsidyOptimization.csproj]
/Users/kady/Masterdom/src/Masterdom.Modules.SubsidyOptimization/Domain/Entities/SubsidyOptimization/Events/OptimizationStartedDomainEvent.cs(5,22): warning CS1591: Missing XML comment for publicly visible type or member 'OptimizationStartedDomainEvent.OptimizationStartedDomainEvent(OptimizationRunId, string, int, DateTime)' [/Users/kady/Masterdom/src/Masterdom.Modules.SubsidyOptimization/Masterdom.Modules.SubsidyOptimization.csproj]
/Users/kady/Masterdom/src/Masterdom.Modules.SubsidyOptimization/Domain/Entities/SubsidyOptimization/Events/OptimizationStartedDomainEvent.cs(6,23): warning CS1591: Missing XML comment for publicly visible type or member 'OptimizationStartedDomainEvent.OptimizationRunId' [/Users/kady/Masterdom/src/Masterdom.Modules.SubsidyOptimization/Masterdom.Modules.SubsidyOptimization.csproj]
/Users/kady/Masterdom/src/Masterdom.Modules.SubsidyOptimization/Domain/Entities/SubsidyOptimization/Events/OptimizationStartedDomainEvent.cs(7,12): warning CS1591: Missing XML comment for publicly visible type or member 'OptimizationStartedDomainEvent.ScenarioId' [/Users/kady/Masterdom/src/Masterdom.Modules.SubsidyOptimization/Masterdom.Modules.SubsidyOptimization.csproj]
/Users/kady/Masterdom/src/Masterdom.Modules.SubsidyOptimization/Domain/Entities/SubsidyOptimization/Events/OptimizationStartedDomainEvent.cs(8,9): warning CS1591: Missing XML comment for publicly visible type or member 'OptimizationStartedDomainEvent.Version' [/Users/kady/Masterdom/src/Masterdom.Modules.SubsidyOptimization/Masterdom.Modules.SubsidyOptimization.csproj]
/Users/kady/Masterdom/src/Masterdom.Modules.SubsidyOptimization/Domain/Entities/SubsidyOptimization/Events/OptimizationStartedDomainEvent.cs(9,14): warning CS1591: Missing XML comment for publicly visible type or member 'OptimizationStartedDomainEvent.OccurredOnUtc' [/Users/kady/Masterdom/src/Masterdom.Modules.SubsidyOptimization/Masterdom.Modules.SubsidyOptimization.csproj]
/Users/kady/Masterdom/src/Masterdom.Modules.SubsidyOptimization/Domain/Entities/SubsidyOptimization/Events/RecommendationArchivedDomainEvent.cs(5,22): warning CS1591: Missing XML comment for publicly visible type or member 'RecommendationArchivedDomainEvent' [/Users/kady/Masterdom/src/Masterdom.Modules.SubsidyOptimization/Masterdom.Modules.SubsidyOptimization.csproj]
/Users/kady/Masterdom/src/Masterdom.Modules.SubsidyOptimization/Domain/Entities/SubsidyOptimization/Events/RecommendationArchivedDomainEvent.cs(5,22): warning CS1591: Missing XML comment for publicly visible type or member 'RecommendationArchivedDomainEvent.RecommendationArchivedDomainEvent(OptimizationRunId, Guid, DateTime)' [/Users/kady/Masterdom/src/Masterdom.Modules.SubsidyOptimization/Masterdom.Modules.SubsidyOptimization.csproj]
/Users/kady/Masterdom/src/Masterdom.Modules.SubsidyOptimization/Domain/Entities/SubsidyOptimization/Events/RecommendationArchivedDomainEvent.cs(6,23): warning CS1591: Missing XML comment for publicly visible type or member 'RecommendationArchivedDomainEvent.OptimizationRunId' [/Users/kady/Masterdom/src/Masterdom.Modules.SubsidyOptimization/Masterdom.Modules.SubsidyOptimization.csproj]
/Users/kady/Masterdom/src/Masterdom.Modules.SubsidyOptimization/Domain/Entities/SubsidyOptimization/Events/RecommendationArchivedDomainEvent.cs(7,10): warning CS1591: Missing XML comment for publicly visible type or member 'RecommendationArchivedDomainEvent.RecommendationId' [/Users/kady/Masterdom/src/Masterdom.Modules.SubsidyOptimization/Masterdom.Modules.SubsidyOptimization.csproj]
/Users/kady/Masterdom/src/Masterdom.Modules.SubsidyOptimization/Domain/Entities/SubsidyOptimization/Events/RecommendationArchivedDomainEvent.cs(8,14): warning CS1591: Missing XML comment for publicly visible type or member 'RecommendationArchivedDomainEvent.OccurredOnUtc' [/Users/kady/Masterdom/src/Masterdom.Modules.SubsidyOptimization/Masterdom.Modules.SubsidyOptimization.csproj]
/Users/kady/Masterdom/src/Masterdom.Modules.SubsidyOptimization/Domain/Entities/SubsidyOptimization/Events/RecommendationGeneratedDomainEvent.cs(5,22): warning CS1591: Missing XML comment for publicly visible type or member 'RecommendationGeneratedDomainEvent' [/Users/kady/Masterdom/src/Masterdom.Modules.SubsidyOptimization/Masterdom.Modules.SubsidyOptimization.csproj]
/Users/kady/Masterdom/src/Masterdom.Modules.SubsidyOptimization/Domain/Entities/SubsidyOptimization/Events/RecommendationGeneratedDomainEvent.cs(5,22): warning CS1591: Missing XML comment for publicly visible type or member 'RecommendationGeneratedDomainEvent.RecommendationGeneratedDomainEvent(OptimizationRunId, Guid, string, DateTime)' [/Users/kady/Masterdom/src/Masterdom.Modules.SubsidyOptimization/Masterdom.Modules.SubsidyOptimization.csproj]
/Users/kady/Masterdom/src/Masterdom.Modules.SubsidyOptimization/Domain/Entities/SubsidyOptimization/Events/RecommendationGeneratedDomainEvent.cs(6,23): warning CS1591: Missing XML comment for publicly visible type or member 'RecommendationGeneratedDomainEvent.OptimizationRunId' [/Users/kady/Masterdom/src/Masterdom.Modules.SubsidyOptimization/Masterdom.Modules.SubsidyOptimization.csproj]
/Users/kady/Masterdom/src/Masterdom.Modules.SubsidyOptimization/Domain/Entities/SubsidyOptimization/Events/RecommendationGeneratedDomainEvent.cs(7,10): warning CS1591: Missing XML comment for publicly visible type or member 'RecommendationGeneratedDomainEvent.RecommendationId' [/Users/kady/Masterdom/src/Masterdom.Modules.SubsidyOptimization/Masterdom.Modules.SubsidyOptimization.csproj]
/Users/kady/Masterdom/src/Masterdom.Modules.SubsidyOptimization/Domain/Entities/SubsidyOptimization/Events/RecommendationGeneratedDomainEvent.cs(8,12): warning CS1591: Missing XML comment for publicly visible type or member 'RecommendationGeneratedDomainEvent.Priority' [/Users/kady/Masterdom/src/Masterdom.Modules.SubsidyOptimization/Masterdom.Modules.SubsidyOptimization.csproj]
/Users/kady/Masterdom/src/Masterdom.Modules.SubsidyOptimization/Domain/Entities/SubsidyOptimization/Events/RecommendationGeneratedDomainEvent.cs(9,14): warning CS1591: Missing XML comment for publicly visible type or member 'RecommendationGeneratedDomainEvent.OccurredOnUtc' [/Users/kady/Masterdom/src/Masterdom.Modules.SubsidyOptimization/Masterdom.Modules.SubsidyOptimization.csproj]
/Users/kady/Masterdom/src/Masterdom.Modules.SubsidyOptimization/Domain/Entities/SubsidyOptimization/Events/ScenarioVersionCreatedDomainEvent.cs(5,22): warning CS1591: Missing XML comment for publicly visible type or member 'ScenarioVersionCreatedDomainEvent' [/Users/kady/Masterdom/src/Masterdom.Modules.SubsidyOptimization/Masterdom.Modules.SubsidyOptimization.csproj]
/Users/kady/Masterdom/src/Masterdom.Modules.SubsidyOptimization/Domain/Entities/SubsidyOptimization/Events/ScenarioVersionCreatedDomainEvent.cs(5,22): warning CS1591: Missing XML comment for publicly visible type or member 'ScenarioVersionCreatedDomainEvent.ScenarioVersionCreatedDomainEvent(OptimizationRunId, OptimizationRunId, string, int, DateTime)' [/Users/kady/Masterdom/src/Masterdom.Modules.SubsidyOptimization/Masterdom.Modules.SubsidyOptimization.csproj]
/Users/kady/Masterdom/src/Masterdom.Modules.SubsidyOptimization/Domain/Entities/SubsidyOptimization/Events/ScenarioVersionCreatedDomainEvent.cs(6,23): warning CS1591: Missing XML comment for publicly visible type or member 'ScenarioVersionCreatedDomainEvent.PreviousRunId' [/Users/kady/Masterdom/src/Masterdom.Modules.SubsidyOptimization/Masterdom.Modules.SubsidyOptimization.csproj]
/Users/kady/Masterdom/src/Masterdom.Modules.SubsidyOptimization/Domain/Entities/SubsidyOptimization/Events/ScenarioVersionCreatedDomainEvent.cs(7,23): warning CS1591: Missing XML comment for publicly visible type or member 'ScenarioVersionCreatedDomainEvent.NewRunId' [/Users/kady/Masterdom/src/Masterdom.Modules.SubsidyOptimization/Masterdom.Modules.SubsidyOptimization.csproj]
/Users/kady/Masterdom/src/Masterdom.Modules.SubsidyOptimization/Domain/Entities/SubsidyOptimization/Events/ScenarioVersionCreatedDomainEvent.cs(8,12): warning CS1591: Missing XML comment for publicly visible type or member 'ScenarioVersionCreatedDomainEvent.ScenarioId' [/Users/kady/Masterdom/src/Masterdom.Modules.SubsidyOptimization/Masterdom.Modules.SubsidyOptimization.csproj]
/Users/kady/Masterdom/src/Masterdom.Modules.SubsidyOptimization/Domain/Entities/SubsidyOptimization/Events/ScenarioVersionCreatedDomainEvent.cs(9,9): warning CS1591: Missing XML comment for publicly visible type or member 'ScenarioVersionCreatedDomainEvent.Version' [/Users/kady/Masterdom/src/Masterdom.Modules.SubsidyOptimization/Masterdom.Modules.SubsidyOptimization.csproj]
/Users/kady/Masterdom/src/Masterdom.Modules.SubsidyOptimization/Domain/Entities/SubsidyOptimization/Events/ScenarioVersionCreatedDomainEvent.cs(10,14): warning CS1591: Missing XML comment for publicly visible type or member 'ScenarioVersionCreatedDomainEvent.OccurredOnUtc' [/Users/kady/Masterdom/src/Masterdom.Modules.SubsidyOptimization/Masterdom.Modules.SubsidyOptimization.csproj]
/Users/kady/Masterdom/src/Masterdom.Modules.SubsidyOptimization/Domain/Entities/SubsidyOptimization/MeterGroup.cs(5,21): warning CS1591: Missing XML comment for publicly visible type or member 'MeterGroup' [/Users/kady/Masterdom/src/Masterdom.Modules.SubsidyOptimization/Masterdom.Modules.SubsidyOptimization.csproj]
/Users/kady/Masterdom/src/Masterdom.Modules.SubsidyOptimization/Domain/Entities/SubsidyOptimization/MeterGroup.cs(13,32): warning CS1591: Missing XML comment for publicly visible type or member 'MeterGroup.Reference' [/Users/kady/Masterdom/src/Masterdom.Modules.SubsidyOptimization/Masterdom.Modules.SubsidyOptimization.csproj]
/Users/kady/Masterdom/src/Masterdom.Modules.SubsidyOptimization/Domain/Entities/SubsidyOptimization/MeterGroup.cs(15,19): warning CS1591: Missing XML comment for publicly visible type or member 'MeterGroup.DisplayName' [/Users/kady/Masterdom/src/Masterdom.Modules.SubsidyOptimization/Masterdom.Modules.SubsidyOptimization.csproj]
/Users/kady/Masterdom/src/Masterdom.Modules.SubsidyOptimization/Domain/Entities/SubsidyOptimization/MeterGroup.cs(17,30): warning CS1591: Missing XML comment for publicly visible type or member 'MeterGroup.Create(MeterGroupReference, string)' [/Users/kady/Masterdom/src/Masterdom.Modules.SubsidyOptimization/Masterdom.Modules.SubsidyOptimization.csproj]
/Users/kady/Masterdom/src/Masterdom.Modules.SubsidyOptimization/Domain/Entities/SubsidyOptimization/MeterGroup.cs(25,45): warning CS1591: Missing XML comment for publicly visible type or member 'MeterGroup.GetEqualityComponents()' [/Users/kady/Masterdom/src/Masterdom.Modules.SubsidyOptimization/Masterdom.Modules.SubsidyOptimization.csproj]
/Users/kady/Masterdom/src/Masterdom.Modules.SubsidyOptimization/Domain/Entities/SubsidyOptimization/MeterGroupReference.cs(5,21): warning CS1591: Missing XML comment for publicly visible type or member 'MeterGroupReference' [/Users/kady/Masterdom/src/Masterdom.Modules.SubsidyOptimization/Masterdom.Modules.SubsidyOptimization.csproj]
/Users/kady/Masterdom/src/Masterdom.Modules.SubsidyOptimization/Domain/Entities/SubsidyOptimization/MeterGroupReference.cs(13,19): warning CS1591: Missing XML comment for publicly visible type or member 'MeterGroupReference.MeterGroupCode' [/Users/kady/Masterdom/src/Masterdom.Modules.SubsidyOptimization/Masterdom.Modules.SubsidyOptimization.csproj]
/Users/kady/Masterdom/src/Masterdom.Modules.SubsidyOptimization/Domain/Entities/SubsidyOptimization/MeterGroupReference.cs(15,32): warning CS1591: Missing XML comment for publicly visible type or member 'MeterGroupReference.MeterIds' [/Users/kady/Masterdom/src/Masterdom.Modules.SubsidyOptimization/Masterdom.Modules.SubsidyOptimization.csproj]
/Users/kady/Masterdom/src/Masterdom.Modules.SubsidyOptimization/Domain/Entities/SubsidyOptimization/MeterGroupReference.cs(17,39): warning CS1591: Missing XML comment for publicly visible type or member 'MeterGroupReference.Create(string, IReadOnlyList<Guid>)' [/Users/kady/Masterdom/src/Masterdom.Modules.SubsidyOptimization/Masterdom.Modules.SubsidyOptimization.csproj]
/Users/kady/Masterdom/src/Masterdom.Modules.SubsidyOptimization/Domain/Entities/SubsidyOptimization/MeterGroupReference.cs(40,45): warning CS1591: Missing XML comment for publicly visible type or member 'MeterGroupReference.GetEqualityComponents()' [/Users/kady/Masterdom/src/Masterdom.Modules.SubsidyOptimization/Masterdom.Modules.SubsidyOptimization.csproj]
/Users/kady/Masterdom/src/Masterdom.Modules.SubsidyOptimization/Domain/Entities/SubsidyOptimization/OptimizationExecutionEvidence.cs(5,21): warning CS1591: Missing XML comment for publicly visible type or member 'OptimizationExecutionEvidence' [/Users/kady/Masterdom/src/Masterdom.Modules.SubsidyOptimization/Masterdom.Modules.SubsidyOptimization.csproj]
/Users/kady/Masterdom/src/Masterdom.Modules.SubsidyOptimization/Domain/Entities/SubsidyOptimization/OptimizationExecutionEvidence.cs(43,20): warning CS1591: Missing XML comment for publicly visible type or member 'OptimizationExecutionEvidence.TenantId' [/Users/kady/Masterdom/src/Masterdom.Modules.SubsidyOptimization/Masterdom.Modules.SubsidyOptimization.csproj]
/Users/kady/Masterdom/src/Masterdom.Modules.SubsidyOptimization/Domain/Entities/SubsidyOptimization/OptimizationExecutionEvidence.cs(44,20): warning CS1591: Missing XML comment for publicly visible type or member 'OptimizationExecutionEvidence.PropertyId' [/Users/kady/Masterdom/src/Masterdom.Modules.SubsidyOptimization/Masterdom.Modules.SubsidyOptimization.csproj]
/Users/kady/Masterdom/src/Masterdom.Modules.SubsidyOptimization/Domain/Entities/SubsidyOptimization/OptimizationExecutionEvidence.cs(45,19): warning CS1591: Missing XML comment for publicly visible type or member 'OptimizationExecutionEvidence.ConfigurationContextVersion' [/Users/kady/Masterdom/src/Masterdom.Modules.SubsidyOptimization/Masterdom.Modules.SubsidyOptimization.csproj]
/Users/kady/Masterdom/src/Masterdom.Modules.SubsidyOptimization/Domain/Entities/SubsidyOptimization/OptimizationExecutionEvidence.cs(46,21): warning CS1591: Missing XML comment for publicly visible type or member 'OptimizationExecutionEvidence.EffectiveDateUtc' [/Users/kady/Masterdom/src/Masterdom.Modules.SubsidyOptimization/Masterdom.Modules.SubsidyOptimization.csproj]
/Users/kady/Masterdom/src/Masterdom.Modules.SubsidyOptimization/Domain/Entities/SubsidyOptimization/OptimizationExecutionEvidence.cs(47,20): warning CS1591: Missing XML comment for publicly visible type or member 'OptimizationExecutionEvidence.OccupancyRate' [/Users/kady/Masterdom/src/Masterdom.Modules.SubsidyOptimization/Masterdom.Modules.SubsidyOptimization.csproj]
/Users/kady/Masterdom/src/Masterdom.Modules.SubsidyOptimization/Domain/Entities/SubsidyOptimization/OptimizationExecutionEvidence.cs(48,20): warning CS1591: Missing XML comment for publicly visible type or member 'OptimizationExecutionEvidence.ConfidenceThreshold' [/Users/kady/Masterdom/src/Masterdom.Modules.SubsidyOptimization/Masterdom.Modules.SubsidyOptimization.csproj]
/Users/kady/Masterdom/src/Masterdom.Modules.SubsidyOptimization/Domain/Entities/SubsidyOptimization/OptimizationExecutionEvidence.cs(49,19): warning CS1591: Missing XML comment for publicly visible type or member 'OptimizationExecutionEvidence.AlgorithmVersion' [/Users/kady/Masterdom/src/Masterdom.Modules.SubsidyOptimization/Masterdom.Modules.SubsidyOptimization.csproj]
/Users/kady/Masterdom/src/Masterdom.Modules.SubsidyOptimization/Domain/Entities/SubsidyOptimization/OptimizationExecutionEvidence.cs(50,50): warning CS1591: Missing XML comment for publicly visible type or member 'OptimizationExecutionEvidence.MeterInputs' [/Users/kady/Masterdom/src/Masterdom.Modules.SubsidyOptimization/Masterdom.Modules.SubsidyOptimization.csproj]
/Users/kady/Masterdom/src/Masterdom.Modules.SubsidyOptimization/Domain/Entities/SubsidyOptimization/OptimizationExecutionEvidence.cs(51,51): warning CS1591: Missing XML comment for publicly visible type or member 'OptimizationExecutionEvidence.RatingInputs' [/Users/kady/Masterdom/src/Masterdom.Modules.SubsidyOptimization/Masterdom.Modules.SubsidyOptimization.csproj]
/Users/kady/Masterdom/src/Masterdom.Modules.SubsidyOptimization/Domain/Entities/SubsidyOptimization/OptimizationExecutionEvidence.cs(52,60): warning CS1591: Missing XML comment for publicly visible type or member 'OptimizationExecutionEvidence.ImportedDatasets' [/Users/kady/Masterdom/src/Masterdom.Modules.SubsidyOptimization/Masterdom.Modules.SubsidyOptimization.csproj]
/Users/kady/Masterdom/src/Masterdom.Modules.SubsidyOptimization/Domain/Entities/SubsidyOptimization/OptimizationExecutionEvidence.cs(53,39): warning CS1591: Missing XML comment for publicly visible type or member 'OptimizationExecutionEvidence.Policy' [/Users/kady/Masterdom/src/Masterdom.Modules.SubsidyOptimization/Masterdom.Modules.SubsidyOptimization.csproj]
/Users/kady/Masterdom/src/Masterdom.Modules.SubsidyOptimization/Domain/Entities/SubsidyOptimization/OptimizationExecutionEvidence.cs(54,38): warning CS1591: Missing XML comment for publicly visible type or member 'OptimizationExecutionEvidence.Model' [/Users/kady/Masterdom/src/Masterdom.Modules.SubsidyOptimization/Masterdom.Modules.SubsidyOptimization.csproj]
/Users/kady/Masterdom/src/Masterdom.Modules.SubsidyOptimization/Domain/Entities/SubsidyOptimization/OptimizationExecutionEvidence.cs(55,41): warning CS1591: Missing XML comment for publicly visible type or member 'OptimizationExecutionEvidence.Strategy' [/Users/kady/Masterdom/src/Masterdom.Modules.SubsidyOptimization/Masterdom.Modules.SubsidyOptimization.csproj]
/Users/kady/Masterdom/src/Masterdom.Modules.SubsidyOptimization/Domain/Entities/SubsidyOptimization/OptimizationExecutionEvidence.cs(56,56): warning CS1591: Missing XML comment for publicly visible type or member 'OptimizationExecutionEvidence.Scenarios' [/Users/kady/Masterdom/src/Masterdom.Modules.SubsidyOptimization/Masterdom.Modules.SubsidyOptimization.csproj]
/Users/kady/Masterdom/src/Masterdom.Modules.SubsidyOptimization/Domain/Entities/SubsidyOptimization/OptimizationExecutionEvidence.cs(57,19): warning CS1591: Missing XML comment for publicly visible type or member 'OptimizationExecutionEvidence.SelectedScenarioCode' [/Users/kady/Masterdom/src/Masterdom.Modules.SubsidyOptimization/Masterdom.Modules.SubsidyOptimization.csproj]
/Users/kady/Masterdom/src/Masterdom.Modules.SubsidyOptimization/Domain/Entities/SubsidyOptimization/OptimizationExecutionEvidence.cs(58,40): warning CS1591: Missing XML comment for publicly visible type or member 'OptimizationExecutionEvidence.Outcome' [/Users/kady/Masterdom/src/Masterdom.Modules.SubsidyOptimization/Masterdom.Modules.SubsidyOptimization.csproj]
/Users/kady/Masterdom/src/Masterdom.Modules.SubsidyOptimization/Domain/Entities/SubsidyOptimization/OptimizationExecutionEvidence.cs(60,49): warning CS1591: Missing XML comment for publicly visible type or member 'OptimizationExecutionEvidence.Create(string?, string?, string, DateTime, decimal, decimal, string, IReadOnlyList<OptimizationMeterInput>, IReadOnlyList<OptimizationRatingInput>, IReadOnlyList<OptimizationImportedDatasetInput>, OptimizationPolicySnapshot, OptimizationModelSnapshot, OptimizationStrategySnapshot, IReadOnlyList<OptimizationScenarioEvidence>, string, OptimizationOutcomeEvidence)' [/Users/kady/Masterdom/src/Masterdom.Modules.SubsidyOptimization/Masterdom.Modules.SubsidyOptimization.csproj]
/Users/kady/Masterdom/src/Masterdom.Modules.SubsidyOptimization/Domain/Entities/SubsidyOptimization/OptimizationExecutionEvidence.cs(220,45): warning CS1591: Missing XML comment for publicly visible type or member 'OptimizationExecutionEvidence.GetEqualityComponents()' [/Users/kady/Masterdom/src/Masterdom.Modules.SubsidyOptimization/Masterdom.Modules.SubsidyOptimization.csproj]
/Users/kady/Masterdom/src/Masterdom.Modules.SubsidyOptimization/Domain/Entities/SubsidyOptimization/OptimizationExecutionEvidence.cs(241,22): warning CS1591: Missing XML comment for publicly visible type or member 'OptimizationMeterInput' [/Users/kady/Masterdom/src/Masterdom.Modules.SubsidyOptimization/Masterdom.Modules.SubsidyOptimization.csproj]
/Users/kady/Masterdom/src/Masterdom.Modules.SubsidyOptimization/Domain/Entities/SubsidyOptimization/OptimizationExecutionEvidence.cs(241,22): warning CS1591: Missing XML comment for publicly visible type or member 'OptimizationMeterInput.OptimizationMeterInput(Guid, DateOnly, DateOnly, decimal, DateTime, string, string, decimal)' [/Users/kady/Masterdom/src/Masterdom.Modules.SubsidyOptimization/Masterdom.Modules.SubsidyOptimization.csproj]
/Users/kady/Masterdom/src/Masterdom.Modules.SubsidyOptimization/Domain/Entities/SubsidyOptimization/OptimizationExecutionEvidence.cs(241,50): warning CS1591: Missing XML comment for publicly visible type or member 'OptimizationMeterInput.MeterId' [/Users/kady/Masterdom/src/Masterdom.Modules.SubsidyOptimization/Masterdom.Modules.SubsidyOptimization.csproj]
/Users/kady/Masterdom/src/Masterdom.Modules.SubsidyOptimization/Domain/Entities/SubsidyOptimization/OptimizationExecutionEvidence.cs(241,68): warning CS1591: Missing XML comment for publicly visible type or member 'OptimizationMeterInput.PeriodStart' [/Users/kady/Masterdom/src/Masterdom.Modules.SubsidyOptimization/Masterdom.Modules.SubsidyOptimization.csproj]
/Users/kady/Masterdom/src/Masterdom.Modules.SubsidyOptimization/Domain/Entities/SubsidyOptimization/OptimizationExecutionEvidence.cs(241,90): warning CS1591: Missing XML comment for publicly visible type or member 'OptimizationMeterInput.PeriodEnd' [/Users/kady/Masterdom/src/Masterdom.Modules.SubsidyOptimization/Masterdom.Modules.SubsidyOptimization.csproj]
/Users/kady/Masterdom/src/Masterdom.Modules.SubsidyOptimization/Domain/Entities/SubsidyOptimization/OptimizationExecutionEvidence.cs(241,109): warning CS1591: Missing XML comment for publicly visible type or member 'OptimizationMeterInput.ConsumptionUnits' [/Users/kady/Masterdom/src/Masterdom.Modules.SubsidyOptimization/Masterdom.Modules.SubsidyOptimization.csproj]
/Users/kady/Masterdom/src/Masterdom.Modules.SubsidyOptimization/Domain/Entities/SubsidyOptimization/OptimizationExecutionEvidence.cs(241,136): warning CS1591: Missing XML comment for publicly visible type or member 'OptimizationMeterInput.CapturedAtUtc' [/Users/kady/Masterdom/src/Masterdom.Modules.SubsidyOptimization/Masterdom.Modules.SubsidyOptimization.csproj]
/Users/kady/Masterdom/src/Masterdom.Modules.SubsidyOptimization/Domain/Entities/SubsidyOptimization/OptimizationExecutionEvidence.cs(241,158): warning CS1591: Missing XML comment for publicly visible type or member 'OptimizationMeterInput.MeterType' [/Users/kady/Masterdom/src/Masterdom.Modules.SubsidyOptimization/Masterdom.Modules.SubsidyOptimization.csproj]
/Users/kady/Masterdom/src/Masterdom.Modules.SubsidyOptimization/Domain/Entities/SubsidyOptimization/OptimizationExecutionEvidence.cs(241,176): warning CS1591: Missing XML comment for publicly visible type or member 'OptimizationMeterInput.MeterStatus' [/Users/kady/Masterdom/src/Masterdom.Modules.SubsidyOptimization/Masterdom.Modules.SubsidyOptimization.csproj]
/Users/kady/Masterdom/src/Masterdom.Modules.SubsidyOptimization/Domain/Entities/SubsidyOptimization/OptimizationExecutionEvidence.cs(241,197): warning CS1591: Missing XML comment for publicly visible type or member 'OptimizationMeterInput.SanctionedLoad' [/Users/kady/Masterdom/src/Masterdom.Modules.SubsidyOptimization/Masterdom.Modules.SubsidyOptimization.csproj]
/Users/kady/Masterdom/src/Masterdom.Modules.SubsidyOptimization/Domain/Entities/SubsidyOptimization/OptimizationExecutionEvidence.cs(243,22): warning CS1591: Missing XML comment for publicly visible type or member 'OptimizationRatingInput' [/Users/kady/Masterdom/src/Masterdom.Modules.SubsidyOptimization/Masterdom.Modules.SubsidyOptimization.csproj]
/Users/kady/Masterdom/src/Masterdom.Modules.SubsidyOptimization/Domain/Entities/SubsidyOptimization/OptimizationExecutionEvidence.cs(243,22): warning CS1591: Missing XML comment for publicly visible type or member 'OptimizationRatingInput.OptimizationRatingInput(Guid, Guid, DateOnly, DateOnly, decimal, decimal, DateTime)' [/Users/kady/Masterdom/src/Masterdom.Modules.SubsidyOptimization/Masterdom.Modules.SubsidyOptimization.csproj]
/Users/kady/Masterdom/src/Masterdom.Modules.SubsidyOptimization/Domain/Entities/SubsidyOptimization/OptimizationExecutionEvidence.cs(243,51): warning CS1591: Missing XML comment for publicly visible type or member 'OptimizationRatingInput.RatingId' [/Users/kady/Masterdom/src/Masterdom.Modules.SubsidyOptimization/Masterdom.Modules.SubsidyOptimization.csproj]
/Users/kady/Masterdom/src/Masterdom.Modules.SubsidyOptimization/Domain/Entities/SubsidyOptimization/OptimizationExecutionEvidence.cs(243,66): warning CS1591: Missing XML comment for publicly visible type or member 'OptimizationRatingInput.MeterId' [/Users/kady/Masterdom/src/Masterdom.Modules.SubsidyOptimization/Masterdom.Modules.SubsidyOptimization.csproj]
/Users/kady/Masterdom/src/Masterdom.Modules.SubsidyOptimization/Domain/Entities/SubsidyOptimization/OptimizationExecutionEvidence.cs(243,84): warning CS1591: Missing XML comment for publicly visible type or member 'OptimizationRatingInput.PeriodStart' [/Users/kady/Masterdom/src/Masterdom.Modules.SubsidyOptimization/Masterdom.Modules.SubsidyOptimization.csproj]
/Users/kady/Masterdom/src/Masterdom.Modules.SubsidyOptimization/Domain/Entities/SubsidyOptimization/OptimizationExecutionEvidence.cs(243,106): warning CS1591: Missing XML comment for publicly visible type or member 'OptimizationRatingInput.PeriodEnd' [/Users/kady/Masterdom/src/Masterdom.Modules.SubsidyOptimization/Masterdom.Modules.SubsidyOptimization.csproj]
/Users/kady/Masterdom/src/Masterdom.Modules.SubsidyOptimization/Domain/Entities/SubsidyOptimization/OptimizationExecutionEvidence.cs(243,125): warning CS1591: Missing XML comment for publicly visible type or member 'OptimizationRatingInput.RatedUnits' [/Users/kady/Masterdom/src/Masterdom.Modules.SubsidyOptimization/Masterdom.Modules.SubsidyOptimization.csproj]
/Users/kady/Masterdom/src/Masterdom.Modules.SubsidyOptimization/Domain/Entities/SubsidyOptimization/OptimizationExecutionEvidence.cs(243,145): warning CS1591: Missing XML comment for publicly visible type or member 'OptimizationRatingInput.RatedAmount' [/Users/kady/Masterdom/src/Masterdom.Modules.SubsidyOptimization/Masterdom.Modules.SubsidyOptimization.csproj]
/Users/kady/Masterdom/src/Masterdom.Modules.SubsidyOptimization/Domain/Entities/SubsidyOptimization/OptimizationExecutionEvidence.cs(243,167): warning CS1591: Missing XML comment for publicly visible type or member 'OptimizationRatingInput.RatedAtUtc' [/Users/kady/Masterdom/src/Masterdom.Modules.SubsidyOptimization/Masterdom.Modules.SubsidyOptimization.csproj]
/Users/kady/Masterdom/src/Masterdom.Modules.SubsidyOptimization/Domain/Entities/SubsidyOptimization/OptimizationExecutionEvidence.cs(245,22): warning CS1591: Missing XML comment for publicly visible type or member 'OptimizationImportedDatasetInput' [/Users/kady/Masterdom/src/Masterdom.Modules.SubsidyOptimization/Masterdom.Modules.SubsidyOptimization.csproj]
/Users/kady/Masterdom/src/Masterdom.Modules.SubsidyOptimization/Domain/Entities/SubsidyOptimization/OptimizationExecutionEvidence.cs(245,22): warning CS1591: Missing XML comment for publicly visible type or member 'OptimizationImportedDatasetInput.OptimizationImportedDatasetInput(string, string, string, string, DateTime)' [/Users/kady/Masterdom/src/Masterdom.Modules.SubsidyOptimization/Masterdom.Modules.SubsidyOptimization.csproj]
/Users/kady/Masterdom/src/Masterdom.Modules.SubsidyOptimization/Domain/Entities/SubsidyOptimization/OptimizationExecutionEvidence.cs(245,62): warning CS1591: Missing XML comment for publicly visible type or member 'OptimizationImportedDatasetInput.DatasetId' [/Users/kady/Masterdom/src/Masterdom.Modules.SubsidyOptimization/Masterdom.Modules.SubsidyOptimization.csproj]
/Users/kady/Masterdom/src/Masterdom.Modules.SubsidyOptimization/Domain/Entities/SubsidyOptimization/OptimizationExecutionEvidence.cs(245,80): warning CS1591: Missing XML comment for publicly visible type or member 'OptimizationImportedDatasetInput.DatasetType' [/Users/kady/Masterdom/src/Masterdom.Modules.SubsidyOptimization/Masterdom.Modules.SubsidyOptimization.csproj]
/Users/kady/Masterdom/src/Masterdom.Modules.SubsidyOptimization/Domain/Entities/SubsidyOptimization/OptimizationExecutionEvidence.cs(245,100): warning CS1591: Missing XML comment for publicly visible type or member 'OptimizationImportedDatasetInput.SourceSystem' [/Users/kady/Masterdom/src/Masterdom.Modules.SubsidyOptimization/Masterdom.Modules.SubsidyOptimization.csproj]
/Users/kady/Masterdom/src/Masterdom.Modules.SubsidyOptimization/Domain/Entities/SubsidyOptimization/OptimizationExecutionEvidence.cs(245,121): warning CS1591: Missing XML comment for publicly visible type or member 'OptimizationImportedDatasetInput.Version' [/Users/kady/Masterdom/src/Masterdom.Modules.SubsidyOptimization/Masterdom.Modules.SubsidyOptimization.csproj]
/Users/kady/Masterdom/src/Masterdom.Modules.SubsidyOptimization/Domain/Entities/SubsidyOptimization/OptimizationExecutionEvidence.cs(245,139): warning CS1591: Missing XML comment for publicly visible type or member 'OptimizationImportedDatasetInput.ImportedAtUtc' [/Users/kady/Masterdom/src/Masterdom.Modules.SubsidyOptimization/Masterdom.Modules.SubsidyOptimization.csproj]
/Users/kady/Masterdom/src/Masterdom.Modules.SubsidyOptimization/Domain/Entities/SubsidyOptimization/OptimizationExecutionEvidence.cs(247,22): warning CS1591: Missing XML comment for publicly visible type or member 'OptimizationConfigurationIdentity' [/Users/kady/Masterdom/src/Masterdom.Modules.SubsidyOptimization/Masterdom.Modules.SubsidyOptimization.csproj]
/Users/kady/Masterdom/src/Masterdom.Modules.SubsidyOptimization/Domain/Entities/SubsidyOptimization/OptimizationExecutionEvidence.cs(247,22): warning CS1591: Missing XML comment for publicly visible type or member 'OptimizationConfigurationIdentity.OptimizationConfigurationIdentity(string, string, int, DateTime, DateTime?, string?, string?)' [/Users/kady/Masterdom/src/Masterdom.Modules.SubsidyOptimization/Masterdom.Modules.SubsidyOptimization.csproj]
/Users/kady/Masterdom/src/Masterdom.Modules.SubsidyOptimization/Domain/Entities/SubsidyOptimization/OptimizationExecutionEvidence.cs(247,63): warning CS1591: Missing XML comment for publicly visible type or member 'OptimizationConfigurationIdentity.ConfigurationKey' [/Users/kady/Masterdom/src/Masterdom.Modules.SubsidyOptimization/Masterdom.Modules.SubsidyOptimization.csproj]
/Users/kady/Masterdom/src/Masterdom.Modules.SubsidyOptimization/Domain/Entities/SubsidyOptimization/OptimizationExecutionEvidence.cs(247,88): warning CS1591: Missing XML comment for publicly visible type or member 'OptimizationConfigurationIdentity.DefinitionId' [/Users/kady/Masterdom/src/Masterdom.Modules.SubsidyOptimization/Masterdom.Modules.SubsidyOptimization.csproj]
/Users/kady/Masterdom/src/Masterdom.Modules.SubsidyOptimization/Domain/Entities/SubsidyOptimization/OptimizationExecutionEvidence.cs(247,106): warning CS1591: Missing XML comment for publicly visible type or member 'OptimizationConfigurationIdentity.Version' [/Users/kady/Masterdom/src/Masterdom.Modules.SubsidyOptimization/Masterdom.Modules.SubsidyOptimization.csproj]
/Users/kady/Masterdom/src/Masterdom.Modules.SubsidyOptimization/Domain/Entities/SubsidyOptimization/OptimizationExecutionEvidence.cs(247,124): warning CS1591: Missing XML comment for publicly visible type or member 'OptimizationConfigurationIdentity.EffectiveFromUtc' [/Users/kady/Masterdom/src/Masterdom.Modules.SubsidyOptimization/Masterdom.Modules.SubsidyOptimization.csproj]
/Users/kady/Masterdom/src/Masterdom.Modules.SubsidyOptimization/Domain/Entities/SubsidyOptimization/OptimizationExecutionEvidence.cs(247,152): warning CS1591: Missing XML comment for publicly visible type or member 'OptimizationConfigurationIdentity.EffectiveToUtc' [/Users/kady/Masterdom/src/Masterdom.Modules.SubsidyOptimization/Masterdom.Modules.SubsidyOptimization.csproj]
/Users/kady/Masterdom/src/Masterdom.Modules.SubsidyOptimization/Domain/Entities/SubsidyOptimization/OptimizationExecutionEvidence.cs(247,176): warning CS1591: Missing XML comment for publicly visible type or member 'OptimizationConfigurationIdentity.TenantId' [/Users/kady/Masterdom/src/Masterdom.Modules.SubsidyOptimization/Masterdom.Modules.SubsidyOptimization.csproj]
/Users/kady/Masterdom/src/Masterdom.Modules.SubsidyOptimization/Domain/Entities/SubsidyOptimization/OptimizationExecutionEvidence.cs(247,194): warning CS1591: Missing XML comment for publicly visible type or member 'OptimizationConfigurationIdentity.PropertyId' [/Users/kady/Masterdom/src/Masterdom.Modules.SubsidyOptimization/Masterdom.Modules.SubsidyOptimization.csproj]
/Users/kady/Masterdom/src/Masterdom.Modules.SubsidyOptimization/Domain/Entities/SubsidyOptimization/OptimizationExecutionEvidence.cs(249,22): warning CS1591: Missing XML comment for publicly visible type or member 'OptimizationSubsidySlabSnapshot' [/Users/kady/Masterdom/src/Masterdom.Modules.SubsidyOptimization/Masterdom.Modules.SubsidyOptimization.csproj]
/Users/kady/Masterdom/src/Masterdom.Modules.SubsidyOptimization/Domain/Entities/SubsidyOptimization/OptimizationExecutionEvidence.cs(249,22): warning CS1591: Missing XML comment for publicly visible type or member 'OptimizationSubsidySlabSnapshot.OptimizationSubsidySlabSnapshot(decimal, decimal, bool)' [/Users/kady/Masterdom/src/Masterdom.Modules.SubsidyOptimization/Masterdom.Modules.SubsidyOptimization.csproj]
/Users/kady/Masterdom/src/Masterdom.Modules.SubsidyOptimization/Domain/Entities/SubsidyOptimization/OptimizationExecutionEvidence.cs(249,62): warning CS1591: Missing XML comment for publicly visible type or member 'OptimizationSubsidySlabSnapshot.MaximumUnits' [/Users/kady/Masterdom/src/Masterdom.Modules.SubsidyOptimization/Masterdom.Modules.SubsidyOptimization.csproj]
/Users/kady/Masterdom/src/Masterdom.Modules.SubsidyOptimization/Domain/Entities/SubsidyOptimization/OptimizationExecutionEvidence.cs(249,84): warning CS1591: Missing XML comment for publicly visible type or member 'OptimizationSubsidySlabSnapshot.SubsidyAmount' [/Users/kady/Masterdom/src/Masterdom.Modules.SubsidyOptimization/Masterdom.Modules.SubsidyOptimization.csproj]
/Users/kady/Masterdom/src/Masterdom.Modules.SubsidyOptimization/Domain/Entities/SubsidyOptimization/OptimizationExecutionEvidence.cs(249,104): warning CS1591: Missing XML comment for publicly visible type or member 'OptimizationSubsidySlabSnapshot.IsCliff' [/Users/kady/Masterdom/src/Masterdom.Modules.SubsidyOptimization/Masterdom.Modules.SubsidyOptimization.csproj]
/Users/kady/Masterdom/src/Masterdom.Modules.SubsidyOptimization/Domain/Entities/SubsidyOptimization/OptimizationExecutionEvidence.cs(251,22): warning CS1591: Missing XML comment for publicly visible type or member 'OptimizationPolicySnapshot' [/Users/kady/Masterdom/src/Masterdom.Modules.SubsidyOptimization/Masterdom.Modules.SubsidyOptimization.csproj]
/Users/kady/Masterdom/src/Masterdom.Modules.SubsidyOptimization/Domain/Entities/SubsidyOptimization/OptimizationExecutionEvidence.cs(251,22): warning CS1591: Missing XML comment for publicly visible type or member 'OptimizationPolicySnapshot.OptimizationPolicySnapshot(string, OptimizationConfigurationIdentity, IReadOnlyList<OptimizationSubsidySlabSnapshot>, decimal, decimal, IReadOnlyList<string>)' [/Users/kady/Masterdom/src/Masterdom.Modules.SubsidyOptimization/Masterdom.Modules.SubsidyOptimization.csproj]
/Users/kady/Masterdom/src/Masterdom.Modules.SubsidyOptimization/Domain/Entities/SubsidyOptimization/OptimizationExecutionEvidence.cs(251,56): warning CS1591: Missing XML comment for publicly visible type or member 'OptimizationPolicySnapshot.Code' [/Users/kady/Masterdom/src/Masterdom.Modules.SubsidyOptimization/Masterdom.Modules.SubsidyOptimization.csproj]
/Users/kady/Masterdom/src/Masterdom.Modules.SubsidyOptimization/Domain/Entities/SubsidyOptimization/OptimizationExecutionEvidence.cs(251,96): warning CS1591: Missing XML comment for publicly visible type or member 'OptimizationPolicySnapshot.Identity' [/Users/kady/Masterdom/src/Masterdom.Modules.SubsidyOptimization/Masterdom.Modules.SubsidyOptimization.csproj]
/Users/kady/Masterdom/src/Masterdom.Modules.SubsidyOptimization/Domain/Entities/SubsidyOptimization/OptimizationExecutionEvidence.cs(251,153): warning CS1591: Missing XML comment for publicly visible type or member 'OptimizationPolicySnapshot.Slabs' [/Users/kady/Masterdom/src/Masterdom.Modules.SubsidyOptimization/Masterdom.Modules.SubsidyOptimization.csproj]
/Users/kady/Masterdom/src/Masterdom.Modules.SubsidyOptimization/Domain/Entities/SubsidyOptimization/OptimizationExecutionEvidence.cs(251,168): warning CS1591: Missing XML comment for publicly visible type or member 'OptimizationPolicySnapshot.SanctionedLoadLimit' [/Users/kady/Masterdom/src/Masterdom.Modules.SubsidyOptimization/Masterdom.Modules.SubsidyOptimization.csproj]
/Users/kady/Masterdom/src/Masterdom.Modules.SubsidyOptimization/Domain/Entities/SubsidyOptimization/OptimizationExecutionEvidence.cs(251,197): warning CS1591: Missing XML comment for publicly visible type or member 'OptimizationPolicySnapshot.SanctionedLoadPenaltyPerUnit' [/Users/kady/Masterdom/src/Masterdom.Modules.SubsidyOptimization/Masterdom.Modules.SubsidyOptimization.csproj]
/Users/kady/Masterdom/src/Masterdom.Modules.SubsidyOptimization/Domain/Entities/SubsidyOptimization/OptimizationExecutionEvidence.cs(251,249): warning CS1591: Missing XML comment for publicly visible type or member 'OptimizationPolicySnapshot.EligibleMeterTypes' [/Users/kady/Masterdom/src/Masterdom.Modules.SubsidyOptimization/Masterdom.Modules.SubsidyOptimization.csproj]
/Users/kady/Masterdom/src/Masterdom.Modules.SubsidyOptimization/Domain/Entities/SubsidyOptimization/OptimizationExecutionEvidence.cs(253,16): warning CS1591: Missing XML comment for publicly visible type or member 'OptimizationPolicySnapshot.Version' [/Users/kady/Masterdom/src/Masterdom.Modules.SubsidyOptimization/Masterdom.Modules.SubsidyOptimization.csproj]
/Users/kady/Masterdom/src/Masterdom.Modules.SubsidyOptimization/Domain/Entities/SubsidyOptimization/OptimizationExecutionEvidence.cs(256,22): warning CS1591: Missing XML comment for publicly visible type or member 'OptimizationModelSnapshot' [/Users/kady/Masterdom/src/Masterdom.Modules.SubsidyOptimization/Masterdom.Modules.SubsidyOptimization.csproj]
/Users/kady/Masterdom/src/Masterdom.Modules.SubsidyOptimization/Domain/Entities/SubsidyOptimization/OptimizationExecutionEvidence.cs(256,22): warning CS1591: Missing XML comment for publicly visible type or member 'OptimizationModelSnapshot.OptimizationModelSnapshot(string, OptimizationConfigurationIdentity, decimal, decimal, decimal, decimal, decimal, int)' [/Users/kady/Masterdom/src/Masterdom.Modules.SubsidyOptimization/Masterdom.Modules.SubsidyOptimization.csproj]
/Users/kady/Masterdom/src/Masterdom.Modules.SubsidyOptimization/Domain/Entities/SubsidyOptimization/OptimizationExecutionEvidence.cs(256,55): warning CS1591: Missing XML comment for publicly visible type or member 'OptimizationModelSnapshot.Code' [/Users/kady/Masterdom/src/Masterdom.Modules.SubsidyOptimization/Masterdom.Modules.SubsidyOptimization.csproj]
/Users/kady/Masterdom/src/Masterdom.Modules.SubsidyOptimization/Domain/Entities/SubsidyOptimization/OptimizationExecutionEvidence.cs(256,95): warning CS1591: Missing XML comment for publicly visible type or member 'OptimizationModelSnapshot.Identity' [/Users/kady/Masterdom/src/Masterdom.Modules.SubsidyOptimization/Masterdom.Modules.SubsidyOptimization.csproj]
/Users/kady/Masterdom/src/Masterdom.Modules.SubsidyOptimization/Domain/Entities/SubsidyOptimization/OptimizationExecutionEvidence.cs(256,113): warning CS1591: Missing XML comment for publicly visible type or member 'OptimizationModelSnapshot.SubsidyWeight' [/Users/kady/Masterdom/src/Masterdom.Modules.SubsidyOptimization/Masterdom.Modules.SubsidyOptimization.csproj]
/Users/kady/Masterdom/src/Masterdom.Modules.SubsidyOptimization/Domain/Entities/SubsidyOptimization/OptimizationExecutionEvidence.cs(256,136): warning CS1591: Missing XML comment for publicly visible type or member 'OptimizationModelSnapshot.CostWeight' [/Users/kady/Masterdom/src/Masterdom.Modules.SubsidyOptimization/Masterdom.Modules.SubsidyOptimization.csproj]
/Users/kady/Masterdom/src/Masterdom.Modules.SubsidyOptimization/Domain/Entities/SubsidyOptimization/OptimizationExecutionEvidence.cs(256,156): warning CS1591: Missing XML comment for publicly visible type or member 'OptimizationModelSnapshot.LoadImpactWeight' [/Users/kady/Masterdom/src/Masterdom.Modules.SubsidyOptimization/Masterdom.Modules.SubsidyOptimization.csproj]
/Users/kady/Masterdom/src/Masterdom.Modules.SubsidyOptimization/Domain/Entities/SubsidyOptimization/OptimizationExecutionEvidence.cs(256,182): warning CS1591: Missing XML comment for publicly visible type or member 'OptimizationModelSnapshot.RiskWeight' [/Users/kady/Masterdom/src/Masterdom.Modules.SubsidyOptimization/Masterdom.Modules.SubsidyOptimization.csproj]
/Users/kady/Masterdom/src/Masterdom.Modules.SubsidyOptimization/Domain/Entities/SubsidyOptimization/OptimizationExecutionEvidence.cs(256,202): warning CS1591: Missing XML comment for publicly visible type or member 'OptimizationModelSnapshot.BoundaryTolerance' [/Users/kady/Masterdom/src/Masterdom.Modules.SubsidyOptimization/Masterdom.Modules.SubsidyOptimization.csproj]
/Users/kady/Masterdom/src/Masterdom.Modules.SubsidyOptimization/Domain/Entities/SubsidyOptimization/OptimizationExecutionEvidence.cs(256,225): warning CS1591: Missing XML comment for publicly visible type or member 'OptimizationModelSnapshot.MaximumScenarioCount' [/Users/kady/Masterdom/src/Masterdom.Modules.SubsidyOptimization/Masterdom.Modules.SubsidyOptimization.csproj]
/Users/kady/Masterdom/src/Masterdom.Modules.SubsidyOptimization/Domain/Entities/SubsidyOptimization/OptimizationExecutionEvidence.cs(258,16): warning CS1591: Missing XML comment for publicly visible type or member 'OptimizationModelSnapshot.Version' [/Users/kady/Masterdom/src/Masterdom.Modules.SubsidyOptimization/Masterdom.Modules.SubsidyOptimization.csproj]
/Users/kady/Masterdom/src/Masterdom.Modules.SubsidyOptimization/Domain/Entities/SubsidyOptimization/OptimizationExecutionEvidence.cs(261,22): warning CS1591: Missing XML comment for publicly visible type or member 'OptimizationStrategySnapshot' [/Users/kady/Masterdom/src/Masterdom.Modules.SubsidyOptimization/Masterdom.Modules.SubsidyOptimization.csproj]
/Users/kady/Masterdom/src/Masterdom.Modules.SubsidyOptimization/Domain/Entities/SubsidyOptimization/OptimizationExecutionEvidence.cs(261,22): warning CS1591: Missing XML comment for publicly visible type or member 'OptimizationStrategySnapshot.OptimizationStrategySnapshot(string, OptimizationConfigurationIdentity, IReadOnlyList<decimal>, bool, bool, decimal)' [/Users/kady/Masterdom/src/Masterdom.Modules.SubsidyOptimization/Masterdom.Modules.SubsidyOptimization.csproj]
/Users/kady/Masterdom/src/Masterdom.Modules.SubsidyOptimization/Domain/Entities/SubsidyOptimization/OptimizationExecutionEvidence.cs(261,58): warning CS1591: Missing XML comment for publicly visible type or member 'OptimizationStrategySnapshot.Code' [/Users/kady/Masterdom/src/Masterdom.Modules.SubsidyOptimization/Masterdom.Modules.SubsidyOptimization.csproj]
/Users/kady/Masterdom/src/Masterdom.Modules.SubsidyOptimization/Domain/Entities/SubsidyOptimization/OptimizationExecutionEvidence.cs(261,98): warning CS1591: Missing XML comment for publicly visible type or member 'OptimizationStrategySnapshot.Identity' [/Users/kady/Masterdom/src/Masterdom.Modules.SubsidyOptimization/Masterdom.Modules.SubsidyOptimization.csproj]
/Users/kady/Masterdom/src/Masterdom.Modules.SubsidyOptimization/Domain/Entities/SubsidyOptimization/OptimizationExecutionEvidence.cs(261,131): warning CS1591: Missing XML comment for publicly visible type or member 'OptimizationStrategySnapshot.ConsumptionFactors' [/Users/kady/Masterdom/src/Masterdom.Modules.SubsidyOptimization/Masterdom.Modules.SubsidyOptimization.csproj]
/Users/kady/Masterdom/src/Masterdom.Modules.SubsidyOptimization/Domain/Entities/SubsidyOptimization/OptimizationExecutionEvidence.cs(261,156): warning CS1591: Missing XML comment for publicly visible type or member 'OptimizationStrategySnapshot.IncludeSubsidyBoundaries' [/Users/kady/Masterdom/src/Masterdom.Modules.SubsidyOptimization/Masterdom.Modules.SubsidyOptimization.csproj]
/Users/kady/Masterdom/src/Masterdom.Modules.SubsidyOptimization/Domain/Entities/SubsidyOptimization/OptimizationExecutionEvidence.cs(261,187): warning CS1591: Missing XML comment for publicly visible type or member 'OptimizationStrategySnapshot.PermitCrossMeterMovement' [/Users/kady/Masterdom/src/Masterdom.Modules.SubsidyOptimization/Masterdom.Modules.SubsidyOptimization.csproj]
/Users/kady/Masterdom/src/Masterdom.Modules.SubsidyOptimization/Domain/Entities/SubsidyOptimization/OptimizationExecutionEvidence.cs(261,221): warning CS1591: Missing XML comment for publicly visible type or member 'OptimizationStrategySnapshot.MaximumCrossMeterMovementFraction' [/Users/kady/Masterdom/src/Masterdom.Modules.SubsidyOptimization/Masterdom.Modules.SubsidyOptimization.csproj]
/Users/kady/Masterdom/src/Masterdom.Modules.SubsidyOptimization/Domain/Entities/SubsidyOptimization/OptimizationExecutionEvidence.cs(263,16): warning CS1591: Missing XML comment for publicly visible type or member 'OptimizationStrategySnapshot.Version' [/Users/kady/Masterdom/src/Masterdom.Modules.SubsidyOptimization/Masterdom.Modules.SubsidyOptimization.csproj]
/Users/kady/Masterdom/src/Masterdom.Modules.SubsidyOptimization/Domain/Entities/SubsidyOptimization/OptimizationExecutionEvidence.cs(266,22): warning CS1591: Missing XML comment for publicly visible type or member 'OptimizationMeterAllocationEvidence' [/Users/kady/Masterdom/src/Masterdom.Modules.SubsidyOptimization/Masterdom.Modules.SubsidyOptimization.csproj]
/Users/kady/Masterdom/src/Masterdom.Modules.SubsidyOptimization/Domain/Entities/SubsidyOptimization/OptimizationExecutionEvidence.cs(266,22): warning CS1591: Missing XML comment for publicly visible type or member 'OptimizationMeterAllocationEvidence.OptimizationMeterAllocationEvidence(Guid, decimal, decimal, decimal, decimal)' [/Users/kady/Masterdom/src/Masterdom.Modules.SubsidyOptimization/Masterdom.Modules.SubsidyOptimization.csproj]
/Users/kady/Masterdom/src/Masterdom.Modules.SubsidyOptimization/Domain/Entities/SubsidyOptimization/OptimizationExecutionEvidence.cs(266,63): warning CS1591: Missing XML comment for publicly visible type or member 'OptimizationMeterAllocationEvidence.MeterId' [/Users/kady/Masterdom/src/Masterdom.Modules.SubsidyOptimization/Masterdom.Modules.SubsidyOptimization.csproj]
/Users/kady/Masterdom/src/Masterdom.Modules.SubsidyOptimization/Domain/Entities/SubsidyOptimization/OptimizationExecutionEvidence.cs(266,80): warning CS1591: Missing XML comment for publicly visible type or member 'OptimizationMeterAllocationEvidence.BaselineUnits' [/Users/kady/Masterdom/src/Masterdom.Modules.SubsidyOptimization/Masterdom.Modules.SubsidyOptimization.csproj]
/Users/kady/Masterdom/src/Masterdom.Modules.SubsidyOptimization/Domain/Entities/SubsidyOptimization/OptimizationExecutionEvidence.cs(266,103): warning CS1591: Missing XML comment for publicly visible type or member 'OptimizationMeterAllocationEvidence.AllocatedUnits' [/Users/kady/Masterdom/src/Masterdom.Modules.SubsidyOptimization/Masterdom.Modules.SubsidyOptimization.csproj]
/Users/kady/Masterdom/src/Masterdom.Modules.SubsidyOptimization/Domain/Entities/SubsidyOptimization/OptimizationExecutionEvidence.cs(266,127): warning CS1591: Missing XML comment for publicly visible type or member 'OptimizationMeterAllocationEvidence.SanctionedLoad' [/Users/kady/Masterdom/src/Masterdom.Modules.SubsidyOptimization/Masterdom.Modules.SubsidyOptimization.csproj]
/Users/kady/Masterdom/src/Masterdom.Modules.SubsidyOptimization/Domain/Entities/SubsidyOptimization/OptimizationExecutionEvidence.cs(266,151): warning CS1591: Missing XML comment for publicly visible type or member 'OptimizationMeterAllocationEvidence.MovementUnits' [/Users/kady/Masterdom/src/Masterdom.Modules.SubsidyOptimization/Masterdom.Modules.SubsidyOptimization.csproj]
/Users/kady/Masterdom/src/Masterdom.Modules.SubsidyOptimization/Domain/Entities/SubsidyOptimization/OptimizationExecutionEvidence.cs(268,22): warning CS1591: Missing XML comment for publicly visible type or member 'OptimizationScenarioEvidence' [/Users/kady/Masterdom/src/Masterdom.Modules.SubsidyOptimization/Masterdom.Modules.SubsidyOptimization.csproj]
/Users/kady/Masterdom/src/Masterdom.Modules.SubsidyOptimization/Domain/Entities/SubsidyOptimization/OptimizationExecutionEvidence.cs(268,22): warning CS1591: Missing XML comment for publicly visible type or member 'OptimizationScenarioEvidence.OptimizationScenarioEvidence(string, decimal, decimal, decimal, decimal, decimal, bool, string?, decimal?, string, IReadOnlyList<OptimizationMeterAllocationEvidence>)' [/Users/kady/Masterdom/src/Masterdom.Modules.SubsidyOptimization/Masterdom.Modules.SubsidyOptimization.csproj]
/Users/kady/Masterdom/src/Masterdom.Modules.SubsidyOptimization/Domain/Entities/SubsidyOptimization/OptimizationExecutionEvidence.cs(268,58): warning CS1591: Missing XML comment for publicly visible type or member 'OptimizationScenarioEvidence.ScenarioCode' [/Users/kady/Masterdom/src/Masterdom.Modules.SubsidyOptimization/Masterdom.Modules.SubsidyOptimization.csproj]
/Users/kady/Masterdom/src/Masterdom.Modules.SubsidyOptimization/Domain/Entities/SubsidyOptimization/OptimizationExecutionEvidence.cs(268,80): warning CS1591: Missing XML comment for publicly visible type or member 'OptimizationScenarioEvidence.ConsumptionUnits' [/Users/kady/Masterdom/src/Masterdom.Modules.SubsidyOptimization/Masterdom.Modules.SubsidyOptimization.csproj]
/Users/kady/Masterdom/src/Masterdom.Modules.SubsidyOptimization/Domain/Entities/SubsidyOptimization/OptimizationExecutionEvidence.cs(268,106): warning CS1591: Missing XML comment for publicly visible type or member 'OptimizationScenarioEvidence.ExpectedSubsidy' [/Users/kady/Masterdom/src/Masterdom.Modules.SubsidyOptimization/Masterdom.Modules.SubsidyOptimization.csproj]
/Users/kady/Masterdom/src/Masterdom.Modules.SubsidyOptimization/Domain/Entities/SubsidyOptimization/OptimizationExecutionEvidence.cs(268,131): warning CS1591: Missing XML comment for publicly visible type or member 'OptimizationScenarioEvidence.ExpectedCost' [/Users/kady/Masterdom/src/Masterdom.Modules.SubsidyOptimization/Masterdom.Modules.SubsidyOptimization.csproj]
/Users/kady/Masterdom/src/Masterdom.Modules.SubsidyOptimization/Domain/Entities/SubsidyOptimization/OptimizationExecutionEvidence.cs(268,153): warning CS1591: Missing XML comment for publicly visible type or member 'OptimizationScenarioEvidence.SanctionedLoadImpact' [/Users/kady/Masterdom/src/Masterdom.Modules.SubsidyOptimization/Masterdom.Modules.SubsidyOptimization.csproj]
/Users/kady/Masterdom/src/Masterdom.Modules.SubsidyOptimization/Domain/Entities/SubsidyOptimization/OptimizationExecutionEvidence.cs(268,183): warning CS1591: Missing XML comment for publicly visible type or member 'OptimizationScenarioEvidence.Score' [/Users/kady/Masterdom/src/Masterdom.Modules.SubsidyOptimization/Masterdom.Modules.SubsidyOptimization.csproj]
/Users/kady/Masterdom/src/Masterdom.Modules.SubsidyOptimization/Domain/Entities/SubsidyOptimization/OptimizationExecutionEvidence.cs(268,195): warning CS1591: Missing XML comment for publicly visible type or member 'OptimizationScenarioEvidence.IsFeasible' [/Users/kady/Masterdom/src/Masterdom.Modules.SubsidyOptimization/Masterdom.Modules.SubsidyOptimization.csproj]
/Users/kady/Masterdom/src/Masterdom.Modules.SubsidyOptimization/Domain/Entities/SubsidyOptimization/OptimizationExecutionEvidence.cs(268,215): warning CS1591: Missing XML comment for publicly visible type or member 'OptimizationScenarioEvidence.InfeasibilityReason' [/Users/kady/Masterdom/src/Masterdom.Modules.SubsidyOptimization/Masterdom.Modules.SubsidyOptimization.csproj]
/Users/kady/Masterdom/src/Masterdom.Modules.SubsidyOptimization/Domain/Entities/SubsidyOptimization/OptimizationExecutionEvidence.cs(268,245): warning CS1591: Missing XML comment for publicly visible type or member 'OptimizationScenarioEvidence.TriggeredBoundary' [/Users/kady/Masterdom/src/Masterdom.Modules.SubsidyOptimization/Masterdom.Modules.SubsidyOptimization.csproj]
/Users/kady/Masterdom/src/Masterdom.Modules.SubsidyOptimization/Domain/Entities/SubsidyOptimization/OptimizationExecutionEvidence.cs(268,271): warning CS1591: Missing XML comment for publicly visible type or member 'OptimizationScenarioEvidence.TradeOffSummary' [/Users/kady/Masterdom/src/Masterdom.Modules.SubsidyOptimization/Masterdom.Modules.SubsidyOptimization.csproj]
/Users/kady/Masterdom/src/Masterdom.Modules.SubsidyOptimization/Domain/Entities/SubsidyOptimization/OptimizationExecutionEvidence.cs(268,339): warning CS1591: Missing XML comment for publicly visible type or member 'OptimizationScenarioEvidence.MeterAllocations' [/Users/kady/Masterdom/src/Masterdom.Modules.SubsidyOptimization/Masterdom.Modules.SubsidyOptimization.csproj]
/Users/kady/Masterdom/src/Masterdom.Modules.SubsidyOptimization/Domain/Entities/SubsidyOptimization/OptimizationExecutionEvidence.cs(270,22): warning CS1591: Missing XML comment for publicly visible type or member 'OptimizationOutcomeEvidence' [/Users/kady/Masterdom/src/Masterdom.Modules.SubsidyOptimization/Masterdom.Modules.SubsidyOptimization.csproj]
/Users/kady/Masterdom/src/Masterdom.Modules.SubsidyOptimization/Domain/Entities/SubsidyOptimization/OptimizationExecutionEvidence.cs(270,22): warning CS1591: Missing XML comment for publicly visible type or member 'OptimizationOutcomeEvidence.OptimizationOutcomeEvidence(decimal, decimal, string, Guid, string, string, string)' [/Users/kady/Masterdom/src/Masterdom.Modules.SubsidyOptimization/Masterdom.Modules.SubsidyOptimization.csproj]
/Users/kady/Masterdom/src/Masterdom.Modules.SubsidyOptimization/Domain/Entities/SubsidyOptimization/OptimizationExecutionEvidence.cs(270,58): warning CS1591: Missing XML comment for publicly visible type or member 'OptimizationOutcomeEvidence.EstimatedSavings' [/Users/kady/Masterdom/src/Masterdom.Modules.SubsidyOptimization/Masterdom.Modules.SubsidyOptimization.csproj]
/Users/kady/Masterdom/src/Masterdom.Modules.SubsidyOptimization/Domain/Entities/SubsidyOptimization/OptimizationExecutionEvidence.cs(270,84): warning CS1591: Missing XML comment for publicly visible type or member 'OptimizationOutcomeEvidence.EstimatedCost' [/Users/kady/Masterdom/src/Masterdom.Modules.SubsidyOptimization/Masterdom.Modules.SubsidyOptimization.csproj]
/Users/kady/Masterdom/src/Masterdom.Modules.SubsidyOptimization/Domain/Entities/SubsidyOptimization/OptimizationExecutionEvidence.cs(270,106): warning CS1591: Missing XML comment for publicly visible type or member 'OptimizationOutcomeEvidence.Summary' [/Users/kady/Masterdom/src/Masterdom.Modules.SubsidyOptimization/Masterdom.Modules.SubsidyOptimization.csproj]
/Users/kady/Masterdom/src/Masterdom.Modules.SubsidyOptimization/Domain/Entities/SubsidyOptimization/OptimizationExecutionEvidence.cs(270,120): warning CS1591: Missing XML comment for publicly visible type or member 'OptimizationOutcomeEvidence.RecommendationId' [/Users/kady/Masterdom/src/Masterdom.Modules.SubsidyOptimization/Masterdom.Modules.SubsidyOptimization.csproj]
/Users/kady/Masterdom/src/Masterdom.Modules.SubsidyOptimization/Domain/Entities/SubsidyOptimization/OptimizationExecutionEvidence.cs(270,145): warning CS1591: Missing XML comment for publicly visible type or member 'OptimizationOutcomeEvidence.RecommendationTitle' [/Users/kady/Masterdom/src/Masterdom.Modules.SubsidyOptimization/Masterdom.Modules.SubsidyOptimization.csproj]
/Users/kady/Masterdom/src/Masterdom.Modules.SubsidyOptimization/Domain/Entities/SubsidyOptimization/OptimizationExecutionEvidence.cs(270,173): warning CS1591: Missing XML comment for publicly visible type or member 'OptimizationOutcomeEvidence.RecommendationDetails' [/Users/kady/Masterdom/src/Masterdom.Modules.SubsidyOptimization/Masterdom.Modules.SubsidyOptimization.csproj]
/Users/kady/Masterdom/src/Masterdom.Modules.SubsidyOptimization/Domain/Entities/SubsidyOptimization/OptimizationExecutionEvidence.cs(270,203): warning CS1591: Missing XML comment for publicly visible type or member 'OptimizationOutcomeEvidence.RecommendationPriority' [/Users/kady/Masterdom/src/Masterdom.Modules.SubsidyOptimization/Masterdom.Modules.SubsidyOptimization.csproj]
/Users/kady/Masterdom/src/Masterdom.Modules.SubsidyOptimization/Domain/Entities/SubsidyOptimization/OptimizationPeriod.cs(5,21): warning CS1591: Missing XML comment for publicly visible type or member 'OptimizationPeriod' [/Users/kady/Masterdom/src/Masterdom.Modules.SubsidyOptimization/Masterdom.Modules.SubsidyOptimization.csproj]
/Users/kady/Masterdom/src/Masterdom.Modules.SubsidyOptimization/Domain/Entities/SubsidyOptimization/OptimizationPeriod.cs(13,21): warning CS1591: Missing XML comment for publicly visible type or member 'OptimizationPeriod.StartDate' [/Users/kady/Masterdom/src/Masterdom.Modules.SubsidyOptimization/Masterdom.Modules.SubsidyOptimization.csproj]
/Users/kady/Masterdom/src/Masterdom.Modules.SubsidyOptimization/Domain/Entities/SubsidyOptimization/OptimizationPeriod.cs(15,21): warning CS1591: Missing XML comment for publicly visible type or member 'OptimizationPeriod.EndDate' [/Users/kady/Masterdom/src/Masterdom.Modules.SubsidyOptimization/Masterdom.Modules.SubsidyOptimization.csproj]
/Users/kady/Masterdom/src/Masterdom.Modules.SubsidyOptimization/Domain/Entities/SubsidyOptimization/OptimizationPeriod.cs(17,38): warning CS1591: Missing XML comment for publicly visible type or member 'OptimizationPeriod.Create(DateOnly, DateOnly)' [/Users/kady/Masterdom/src/Masterdom.Modules.SubsidyOptimization/Masterdom.Modules.SubsidyOptimization.csproj]
/Users/kady/Masterdom/src/Masterdom.Modules.SubsidyOptimization/Domain/Entities/SubsidyOptimization/OptimizationPeriod.cs(27,45): warning CS1591: Missing XML comment for publicly visible type or member 'OptimizationPeriod.GetEqualityComponents()' [/Users/kady/Masterdom/src/Masterdom.Modules.SubsidyOptimization/Masterdom.Modules.SubsidyOptimization.csproj]
/Users/kady/Masterdom/src/Masterdom.Modules.SubsidyOptimization/Domain/Entities/SubsidyOptimization/OptimizationRecommendation.cs(5,21): warning CS1591: Missing XML comment for publicly visible type or member 'OptimizationRecommendation' [/Users/kady/Masterdom/src/Masterdom.Modules.SubsidyOptimization/Masterdom.Modules.SubsidyOptimization.csproj]
/Users/kady/Masterdom/src/Masterdom.Modules.SubsidyOptimization/Domain/Entities/SubsidyOptimization/OptimizationRecommendation.cs(27,29): warning CS1591: Missing XML comment for publicly visible type or member 'OptimizationRecommendation.RecommendationId' [/Users/kady/Masterdom/src/Masterdom.Modules.SubsidyOptimization/Masterdom.Modules.SubsidyOptimization.csproj]
/Users/kady/Masterdom/src/Masterdom.Modules.SubsidyOptimization/Domain/Entities/SubsidyOptimization/OptimizationRecommendation.cs(29,19): warning CS1591: Missing XML comment for publicly visible type or member 'OptimizationRecommendation.Title' [/Users/kady/Masterdom/src/Masterdom.Modules.SubsidyOptimization/Masterdom.Modules.SubsidyOptimization.csproj]
/Users/kady/Masterdom/src/Masterdom.Modules.SubsidyOptimization/Domain/Entities/SubsidyOptimization/OptimizationRecommendation.cs(31,19): warning CS1591: Missing XML comment for publicly visible type or member 'OptimizationRecommendation.Details' [/Users/kady/Masterdom/src/Masterdom.Modules.SubsidyOptimization/Masterdom.Modules.SubsidyOptimization.csproj]
/Users/kady/Masterdom/src/Masterdom.Modules.SubsidyOptimization/Domain/Entities/SubsidyOptimization/OptimizationRecommendation.cs(33,35): warning CS1591: Missing XML comment for publicly visible type or member 'OptimizationRecommendation.Priority' [/Users/kady/Masterdom/src/Masterdom.Modules.SubsidyOptimization/Masterdom.Modules.SubsidyOptimization.csproj]
/Users/kady/Masterdom/src/Masterdom.Modules.SubsidyOptimization/Domain/Entities/SubsidyOptimization/OptimizationRecommendation.cs(35,21): warning CS1591: Missing XML comment for publicly visible type or member 'OptimizationRecommendation.GeneratedAtUtc' [/Users/kady/Masterdom/src/Masterdom.Modules.SubsidyOptimization/Masterdom.Modules.SubsidyOptimization.csproj]
/Users/kady/Masterdom/src/Masterdom.Modules.SubsidyOptimization/Domain/Entities/SubsidyOptimization/OptimizationRecommendation.cs(37,17): warning CS1591: Missing XML comment for publicly visible type or member 'OptimizationRecommendation.IsArchived' [/Users/kady/Masterdom/src/Masterdom.Modules.SubsidyOptimization/Masterdom.Modules.SubsidyOptimization.csproj]
/Users/kady/Masterdom/src/Masterdom.Modules.SubsidyOptimization/Domain/Entities/SubsidyOptimization/OptimizationRecommendation.cs(39,22): warning CS1591: Missing XML comment for publicly visible type or member 'OptimizationRecommendation.ArchivedAtUtc' [/Users/kady/Masterdom/src/Masterdom.Modules.SubsidyOptimization/Masterdom.Modules.SubsidyOptimization.csproj]
/Users/kady/Masterdom/src/Masterdom.Modules.SubsidyOptimization/Domain/Entities/SubsidyOptimization/OptimizationRecommendation.cs(41,20): warning CS1591: Missing XML comment for publicly visible type or member 'OptimizationRecommendation.ArchivedReason' [/Users/kady/Masterdom/src/Masterdom.Modules.SubsidyOptimization/Masterdom.Modules.SubsidyOptimization.csproj]
/Users/kady/Masterdom/src/Masterdom.Modules.SubsidyOptimization/Domain/Entities/SubsidyOptimization/OptimizationRecommendation.cs(43,46): warning CS1591: Missing XML comment for publicly visible type or member 'OptimizationRecommendation.Generate(RecommendationId, string, string, RecommendationPriority, DateTime)' [/Users/kady/Masterdom/src/Masterdom.Modules.SubsidyOptimization/Masterdom.Modules.SubsidyOptimization.csproj]
/Users/kady/Masterdom/src/Masterdom.Modules.SubsidyOptimization/Domain/Entities/SubsidyOptimization/OptimizationRecommendation.cs(71,39): warning CS1591: Missing XML comment for publicly visible type or member 'OptimizationRecommendation.Archive(string, DateTime)' [/Users/kady/Masterdom/src/Masterdom.Modules.SubsidyOptimization/Masterdom.Modules.SubsidyOptimization.csproj]
/Users/kady/Masterdom/src/Masterdom.Modules.SubsidyOptimization/Domain/Entities/SubsidyOptimization/OptimizationRecommendation.cs(96,45): warning CS1591: Missing XML comment for publicly visible type or member 'OptimizationRecommendation.GetEqualityComponents()' [/Users/kady/Masterdom/src/Masterdom.Modules.SubsidyOptimization/Masterdom.Modules.SubsidyOptimization.csproj]
/Users/kady/Masterdom/src/Masterdom.Modules.SubsidyOptimization/Domain/Entities/SubsidyOptimization/OptimizationResult.cs(5,21): warning CS1591: Missing XML comment for publicly visible type or member 'OptimizationResult' [/Users/kady/Masterdom/src/Masterdom.Modules.SubsidyOptimization/Masterdom.Modules.SubsidyOptimization.csproj]
/Users/kady/Masterdom/src/Masterdom.Modules.SubsidyOptimization/Domain/Entities/SubsidyOptimization/OptimizationResult.cs(14,20): warning CS1591: Missing XML comment for publicly visible type or member 'OptimizationResult.EstimatedSavings' [/Users/kady/Masterdom/src/Masterdom.Modules.SubsidyOptimization/Masterdom.Modules.SubsidyOptimization.csproj]
/Users/kady/Masterdom/src/Masterdom.Modules.SubsidyOptimization/Domain/Entities/SubsidyOptimization/OptimizationResult.cs(16,20): warning CS1591: Missing XML comment for publicly visible type or member 'OptimizationResult.EstimatedCost' [/Users/kady/Masterdom/src/Masterdom.Modules.SubsidyOptimization/Masterdom.Modules.SubsidyOptimization.csproj]
/Users/kady/Masterdom/src/Masterdom.Modules.SubsidyOptimization/Domain/Entities/SubsidyOptimization/OptimizationResult.cs(18,19): warning CS1591: Missing XML comment for publicly visible type or member 'OptimizationResult.Summary' [/Users/kady/Masterdom/src/Masterdom.Modules.SubsidyOptimization/Masterdom.Modules.SubsidyOptimization.csproj]
/Users/kady/Masterdom/src/Masterdom.Modules.SubsidyOptimization/Domain/Entities/SubsidyOptimization/OptimizationResult.cs(20,38): warning CS1591: Missing XML comment for publicly visible type or member 'OptimizationResult.Create(decimal, decimal, string)' [/Users/kady/Masterdom/src/Masterdom.Modules.SubsidyOptimization/Masterdom.Modules.SubsidyOptimization.csproj]
/Users/kady/Masterdom/src/Masterdom.Modules.SubsidyOptimization/Domain/Entities/SubsidyOptimization/OptimizationResult.cs(37,45): warning CS1591: Missing XML comment for publicly visible type or member 'OptimizationResult.GetEqualityComponents()' [/Users/kady/Masterdom/src/Masterdom.Modules.SubsidyOptimization/Masterdom.Modules.SubsidyOptimization.csproj]
/Users/kady/Masterdom/src/Masterdom.Modules.SubsidyOptimization/Domain/Entities/SubsidyOptimization/OptimizationRun.cs(8,21): warning CS1591: Missing XML comment for publicly visible type or member 'OptimizationRun' [/Users/kady/Masterdom/src/Masterdom.Modules.SubsidyOptimization/Masterdom.Modules.SubsidyOptimization.csproj]
/Users/kady/Masterdom/src/Masterdom.Modules.SubsidyOptimization/Domain/Entities/SubsidyOptimization/OptimizationRun.cs(36,28): warning CS1591: Missing XML comment for publicly visible type or member 'OptimizationRun.Scenario' [/Users/kady/Masterdom/src/Masterdom.Modules.SubsidyOptimization/Masterdom.Modules.SubsidyOptimization.csproj]
/Users/kady/Masterdom/src/Masterdom.Modules.SubsidyOptimization/Domain/Entities/SubsidyOptimization/OptimizationRun.cs(38,23): warning CS1591: Missing XML comment for publicly visible type or member 'OptimizationRun.MeterGroup' [/Users/kady/Masterdom/src/Masterdom.Modules.SubsidyOptimization/Masterdom.Modules.SubsidyOptimization.csproj]
/Users/kady/Masterdom/src/Masterdom.Modules.SubsidyOptimization/Domain/Entities/SubsidyOptimization/OptimizationRun.cs(40,28): warning CS1591: Missing XML comment for publicly visible type or member 'OptimizationRun.RatingReference' [/Users/kady/Masterdom/src/Masterdom.Modules.SubsidyOptimization/Masterdom.Modules.SubsidyOptimization.csproj]
/Users/kady/Masterdom/src/Masterdom.Modules.SubsidyOptimization/Domain/Entities/SubsidyOptimization/OptimizationRun.cs(42,31): warning CS1591: Missing XML comment for publicly visible type or member 'OptimizationRun.OptimizationPeriod' [/Users/kady/Masterdom/src/Masterdom.Modules.SubsidyOptimization/Masterdom.Modules.SubsidyOptimization.csproj]
/Users/kady/Masterdom/src/Masterdom.Modules.SubsidyOptimization/Domain/Entities/SubsidyOptimization/OptimizationRun.cs(44,31): warning CS1591: Missing XML comment for publicly visible type or member 'OptimizationRun.OptimizationStatus' [/Users/kady/Masterdom/src/Masterdom.Modules.SubsidyOptimization/Masterdom.Modules.SubsidyOptimization.csproj]
/Users/kady/Masterdom/src/Masterdom.Modules.SubsidyOptimization/Domain/Entities/SubsidyOptimization/OptimizationRun.cs(46,32): warning CS1591: Missing XML comment for publicly visible type or member 'OptimizationRun.OptimizationVersion' [/Users/kady/Masterdom/src/Masterdom.Modules.SubsidyOptimization/Masterdom.Modules.SubsidyOptimization.csproj]
/Users/kady/Masterdom/src/Masterdom.Modules.SubsidyOptimization/Domain/Entities/SubsidyOptimization/OptimizationRun.cs(48,32): warning CS1591: Missing XML comment for publicly visible type or member 'OptimizationRun.OptimizationResult' [/Users/kady/Masterdom/src/Masterdom.Modules.SubsidyOptimization/Masterdom.Modules.SubsidyOptimization.csproj]
/Users/kady/Masterdom/src/Masterdom.Modules.SubsidyOptimization/Domain/Entities/SubsidyOptimization/OptimizationRun.cs(50,33): warning CS1591: Missing XML comment for publicly visible type or member 'OptimizationRun.ConsumptionForecast' [/Users/kady/Masterdom/src/Masterdom.Modules.SubsidyOptimization/Masterdom.Modules.SubsidyOptimization.csproj]
/Users/kady/Masterdom/src/Masterdom.Modules.SubsidyOptimization/Domain/Entities/SubsidyOptimization/OptimizationRun.cs(52,43): warning CS1591: Missing XML comment for publicly visible type or member 'OptimizationRun.ExecutionEvidence' [/Users/kady/Masterdom/src/Masterdom.Modules.SubsidyOptimization/Masterdom.Modules.SubsidyOptimization.csproj]
/Users/kady/Masterdom/src/Masterdom.Modules.SubsidyOptimization/Domain/Entities/SubsidyOptimization/OptimizationRun.cs(54,31): warning CS1591: Missing XML comment for publicly visible type or member 'OptimizationRun.RecommendationSet' [/Users/kady/Masterdom/src/Masterdom.Modules.SubsidyOptimization/Masterdom.Modules.SubsidyOptimization.csproj]
/Users/kady/Masterdom/src/Masterdom.Modules.SubsidyOptimization/Domain/Entities/SubsidyOptimization/OptimizationRun.cs(58,21): warning CS1591: Missing XML comment for publicly visible type or member 'OptimizationRun.StartedAtUtc' [/Users/kady/Masterdom/src/Masterdom.Modules.SubsidyOptimization/Masterdom.Modules.SubsidyOptimization.csproj]
/Users/kady/Masterdom/src/Masterdom.Modules.SubsidyOptimization/Domain/Entities/SubsidyOptimization/OptimizationRun.cs(60,22): warning CS1591: Missing XML comment for publicly visible type or member 'OptimizationRun.CompletedAtUtc' [/Users/kady/Masterdom/src/Masterdom.Modules.SubsidyOptimization/Masterdom.Modules.SubsidyOptimization.csproj]
/Users/kady/Masterdom/src/Masterdom.Modules.SubsidyOptimization/Domain/Entities/SubsidyOptimization/OptimizationRun.cs(62,60): warning CS1591: Missing XML comment for publicly visible type or member 'OptimizationRun.Recommendations' [/Users/kady/Masterdom/src/Masterdom.Modules.SubsidyOptimization/Masterdom.Modules.SubsidyOptimization.csproj]
/Users/kady/Masterdom/src/Masterdom.Modules.SubsidyOptimization/Domain/Entities/SubsidyOptimization/OptimizationRun.cs(64,54): warning CS1591: Missing XML comment for publicly visible type or member 'OptimizationRun.Snapshots' [/Users/kady/Masterdom/src/Masterdom.Modules.SubsidyOptimization/Masterdom.Modules.SubsidyOptimization.csproj]
/Users/kady/Masterdom/src/Masterdom.Modules.SubsidyOptimization/Domain/Entities/SubsidyOptimization/OptimizationRun.cs(66,59): warning CS1591: Missing XML comment for publicly visible type or member 'OptimizationRun.VersionHistory' [/Users/kady/Masterdom/src/Masterdom.Modules.SubsidyOptimization/Masterdom.Modules.SubsidyOptimization.csproj]
/Users/kady/Masterdom/src/Masterdom.Modules.SubsidyOptimization/Domain/Entities/SubsidyOptimization/OptimizationRun.cs(68,46): warning CS1591: Missing XML comment for publicly visible type or member 'OptimizationRun.DomainEvents' [/Users/kady/Masterdom/src/Masterdom.Modules.SubsidyOptimization/Masterdom.Modules.SubsidyOptimization.csproj]
/Users/kady/Masterdom/src/Masterdom.Modules.SubsidyOptimization/Domain/Entities/SubsidyOptimization/OptimizationRun.cs(70,35): warning CS1591: Missing XML comment for publicly visible type or member 'OptimizationRun.Start(OptimizationRunId, SubsidyScenario, MeterGroup, RatingReference, OptimizationPeriod, DateTime)' [/Users/kady/Masterdom/src/Masterdom.Modules.SubsidyOptimization/Masterdom.Modules.SubsidyOptimization.csproj]
/Users/kady/Masterdom/src/Masterdom.Modules.SubsidyOptimization/Domain/Entities/SubsidyOptimization/OptimizationRun.cs(107,17): warning CS1591: Missing XML comment for publicly visible type or member 'OptimizationRun.Complete(OptimizationResult, ConsumptionForecast, RecommendationSet, DateTime, OptimizationExecutionEvidence)' [/Users/kady/Masterdom/src/Masterdom.Modules.SubsidyOptimization/Masterdom.Modules.SubsidyOptimization.csproj]
/Users/kady/Masterdom/src/Masterdom.Modules.SubsidyOptimization/Domain/Entities/SubsidyOptimization/OptimizationRun.cs(197,28): warning CS1591: Missing XML comment for publicly visible type or member 'OptimizationRun.CreateScenarioVersion(DateTime, RatingReference)' [/Users/kady/Masterdom/src/Masterdom.Modules.SubsidyOptimization/Masterdom.Modules.SubsidyOptimization.csproj]
/Users/kady/Masterdom/src/Masterdom.Modules.SubsidyOptimization/Domain/Entities/SubsidyOptimization/OptimizationRun.cs(235,17): warning CS1591: Missing XML comment for publicly visible type or member 'OptimizationRun.ArchiveRecommendation(RecommendationId, string, DateTime)' [/Users/kady/Masterdom/src/Masterdom.Modules.SubsidyOptimization/Masterdom.Modules.SubsidyOptimization.csproj]
/Users/kady/Masterdom/src/Masterdom.Modules.SubsidyOptimization/Domain/Entities/SubsidyOptimization/OptimizationRun.cs(266,17): warning CS1591: Missing XML comment for publicly visible type or member 'OptimizationRun.ArchiveRun(DateTime)' [/Users/kady/Masterdom/src/Masterdom.Modules.SubsidyOptimization/Masterdom.Modules.SubsidyOptimization.csproj]
/Users/kady/Masterdom/src/Masterdom.Modules.SubsidyOptimization/Domain/Entities/SubsidyOptimization/OptimizationRun.cs(283,17): warning CS1591: Missing XML comment for publicly visible type or member 'OptimizationRun.ClearDomainEvents()' [/Users/kady/Masterdom/src/Masterdom.Modules.SubsidyOptimization/Masterdom.Modules.SubsidyOptimization.csproj]
/Users/kady/Masterdom/src/Masterdom.Modules.SubsidyOptimization/Domain/Entities/SubsidyOptimization/OptimizationRunId.cs(5,22): warning CS1591: Missing XML comment for publicly visible type or member 'OptimizationRunId' [/Users/kady/Masterdom/src/Masterdom.Modules.SubsidyOptimization/Masterdom.Modules.SubsidyOptimization.csproj]
/Users/kady/Masterdom/src/Masterdom.Modules.SubsidyOptimization/Domain/Entities/SubsidyOptimization/OptimizationRunId.cs(5,22): warning CS1591: Missing XML comment for publicly visible type or member 'OptimizationRunId.OptimizationRunId(Guid)' [/Users/kady/Masterdom/src/Masterdom.Modules.SubsidyOptimization/Masterdom.Modules.SubsidyOptimization.csproj]
/Users/kady/Masterdom/src/Masterdom.Modules.SubsidyOptimization/Domain/Entities/SubsidyOptimization/OptimizationRunId.cs(7,37): warning CS1591: Missing XML comment for publicly visible type or member 'OptimizationRunId.New()' [/Users/kady/Masterdom/src/Masterdom.Modules.SubsidyOptimization/Masterdom.Modules.SubsidyOptimization.csproj]
/Users/kady/Masterdom/src/Masterdom.Modules.SubsidyOptimization/Domain/Entities/SubsidyOptimization/OptimizationRunId.cs(12,37): warning CS1591: Missing XML comment for publicly visible type or member 'OptimizationRunId.From(Guid)' [/Users/kady/Masterdom/src/Masterdom.Modules.SubsidyOptimization/Masterdom.Modules.SubsidyOptimization.csproj]
/Users/kady/Masterdom/src/Masterdom.Modules.SubsidyOptimization/Domain/Entities/SubsidyOptimization/OptimizationSnapshot.cs(5,21): warning CS1591: Missing XML comment for publicly visible type or member 'OptimizationSnapshot' [/Users/kady/Masterdom/src/Masterdom.Modules.SubsidyOptimization/Masterdom.Modules.SubsidyOptimization.csproj]
/Users/kady/Masterdom/src/Masterdom.Modules.SubsidyOptimization/Domain/Entities/SubsidyOptimization/OptimizationSnapshot.cs(25,17): warning CS1591: Missing XML comment for publicly visible type or member 'OptimizationSnapshot.SnapshotId' [/Users/kady/Masterdom/src/Masterdom.Modules.SubsidyOptimization/Masterdom.Modules.SubsidyOptimization.csproj]
/Users/kady/Masterdom/src/Masterdom.Modules.SubsidyOptimization/Domain/Entities/SubsidyOptimization/OptimizationSnapshot.cs(27,32): warning CS1591: Missing XML comment for publicly visible type or member 'OptimizationSnapshot.Version' [/Users/kady/Masterdom/src/Masterdom.Modules.SubsidyOptimization/Masterdom.Modules.SubsidyOptimization.csproj]
/Users/kady/Masterdom/src/Masterdom.Modules.SubsidyOptimization/Domain/Entities/SubsidyOptimization/OptimizationSnapshot.cs(29,21): warning CS1591: Missing XML comment for publicly visible type or member 'OptimizationSnapshot.CapturedAtUtc' [/Users/kady/Masterdom/src/Masterdom.Modules.SubsidyOptimization/Masterdom.Modules.SubsidyOptimization.csproj]
/Users/kady/Masterdom/src/Masterdom.Modules.SubsidyOptimization/Domain/Entities/SubsidyOptimization/OptimizationSnapshot.cs(31,31): warning CS1591: Missing XML comment for publicly visible type or member 'OptimizationSnapshot.OptimizationResult' [/Users/kady/Masterdom/src/Masterdom.Modules.SubsidyOptimization/Masterdom.Modules.SubsidyOptimization.csproj]
/Users/kady/Masterdom/src/Masterdom.Modules.SubsidyOptimization/Domain/Entities/SubsidyOptimization/OptimizationSnapshot.cs(33,32): warning CS1591: Missing XML comment for publicly visible type or member 'OptimizationSnapshot.ConsumptionForecast' [/Users/kady/Masterdom/src/Masterdom.Modules.SubsidyOptimization/Masterdom.Modules.SubsidyOptimization.csproj]
/Users/kady/Masterdom/src/Masterdom.Modules.SubsidyOptimization/Domain/Entities/SubsidyOptimization/OptimizationSnapshot.cs(35,30): warning CS1591: Missing XML comment for publicly visible type or member 'OptimizationSnapshot.RecommendationSet' [/Users/kady/Masterdom/src/Masterdom.Modules.SubsidyOptimization/Masterdom.Modules.SubsidyOptimization.csproj]
/Users/kady/Masterdom/src/Masterdom.Modules.SubsidyOptimization/Domain/Entities/SubsidyOptimization/OptimizationSnapshot.cs(37,43): warning CS1591: Missing XML comment for publicly visible type or member 'OptimizationSnapshot.ExecutionEvidence' [/Users/kady/Masterdom/src/Masterdom.Modules.SubsidyOptimization/Masterdom.Modules.SubsidyOptimization.csproj]
/Users/kady/Masterdom/src/Masterdom.Modules.SubsidyOptimization/Domain/Entities/SubsidyOptimization/OptimizationSnapshot.cs(39,40): warning CS1591: Missing XML comment for publicly visible type or member 'OptimizationSnapshot.Create(OptimizationVersion, DateTime, OptimizationResult, ConsumptionForecast, RecommendationSet, OptimizationExecutionEvidence?)' [/Users/kady/Masterdom/src/Masterdom.Modules.SubsidyOptimization/Masterdom.Modules.SubsidyOptimization.csproj]
/Users/kady/Masterdom/src/Masterdom.Modules.SubsidyOptimization/Domain/Entities/SubsidyOptimization/OptimizationSnapshot.cs(67,45): warning CS1591: Missing XML comment for publicly visible type or member 'OptimizationSnapshot.GetEqualityComponents()' [/Users/kady/Masterdom/src/Masterdom.Modules.SubsidyOptimization/Masterdom.Modules.SubsidyOptimization.csproj]
/Users/kady/Masterdom/src/Masterdom.Modules.SubsidyOptimization/Domain/Entities/SubsidyOptimization/OptimizationStatus.cs(5,21): warning CS1591: Missing XML comment for publicly visible type or member 'OptimizationStatus' [/Users/kady/Masterdom/src/Masterdom.Modules.SubsidyOptimization/Masterdom.Modules.SubsidyOptimization.csproj]
/Users/kady/Masterdom/src/Masterdom.Modules.SubsidyOptimization/Domain/Entities/SubsidyOptimization/OptimizationStatus.cs(7,47): warning CS1591: Missing XML comment for publicly visible type or member 'OptimizationStatus.Started' [/Users/kady/Masterdom/src/Masterdom.Modules.SubsidyOptimization/Masterdom.Modules.SubsidyOptimization.csproj]
/Users/kady/Masterdom/src/Masterdom.Modules.SubsidyOptimization/Domain/Entities/SubsidyOptimization/OptimizationStatus.cs(8,47): warning CS1591: Missing XML comment for publicly visible type or member 'OptimizationStatus.Completed' [/Users/kady/Masterdom/src/Masterdom.Modules.SubsidyOptimization/Masterdom.Modules.SubsidyOptimization.csproj]
/Users/kady/Masterdom/src/Masterdom.Modules.SubsidyOptimization/Domain/Entities/SubsidyOptimization/OptimizationStatus.cs(9,47): warning CS1591: Missing XML comment for publicly visible type or member 'OptimizationStatus.Archived' [/Users/kady/Masterdom/src/Masterdom.Modules.SubsidyOptimization/Masterdom.Modules.SubsidyOptimization.csproj]
/Users/kady/Masterdom/src/Masterdom.Modules.SubsidyOptimization/Domain/Entities/SubsidyOptimization/OptimizationStatus.cs(16,19): warning CS1591: Missing XML comment for publicly visible type or member 'OptimizationStatus.Value' [/Users/kady/Masterdom/src/Masterdom.Modules.SubsidyOptimization/Masterdom.Modules.SubsidyOptimization.csproj]
/Users/kady/Masterdom/src/Masterdom.Modules.SubsidyOptimization/Domain/Entities/SubsidyOptimization/OptimizationStatus.cs(18,38): warning CS1591: Missing XML comment for publicly visible type or member 'OptimizationStatus.Create(string)' [/Users/kady/Masterdom/src/Masterdom.Modules.SubsidyOptimization/Masterdom.Modules.SubsidyOptimization.csproj]
/Users/kady/Masterdom/src/Masterdom.Modules.SubsidyOptimization/Domain/Entities/SubsidyOptimization/OptimizationStatus.cs(31,45): warning CS1591: Missing XML comment for publicly visible type or member 'OptimizationStatus.GetEqualityComponents()' [/Users/kady/Masterdom/src/Masterdom.Modules.SubsidyOptimization/Masterdom.Modules.SubsidyOptimization.csproj]
/Users/kady/Masterdom/src/Masterdom.Modules.SubsidyOptimization/Domain/Entities/SubsidyOptimization/OptimizationVersion.cs(5,21): warning CS1591: Missing XML comment for publicly visible type or member 'OptimizationVersion' [/Users/kady/Masterdom/src/Masterdom.Modules.SubsidyOptimization/Masterdom.Modules.SubsidyOptimization.csproj]
/Users/kady/Masterdom/src/Masterdom.Modules.SubsidyOptimization/Domain/Entities/SubsidyOptimization/OptimizationVersion.cs(12,16): warning CS1591: Missing XML comment for publicly visible type or member 'OptimizationVersion.Value' [/Users/kady/Masterdom/src/Masterdom.Modules.SubsidyOptimization/Masterdom.Modules.SubsidyOptimization.csproj]
/Users/kady/Masterdom/src/Masterdom.Modules.SubsidyOptimization/Domain/Entities/SubsidyOptimization/OptimizationVersion.cs(14,39): warning CS1591: Missing XML comment for publicly visible type or member 'OptimizationVersion.Initial' [/Users/kady/Masterdom/src/Masterdom.Modules.SubsidyOptimization/Masterdom.Modules.SubsidyOptimization.csproj]
/Users/kady/Masterdom/src/Masterdom.Modules.SubsidyOptimization/Domain/Entities/SubsidyOptimization/OptimizationVersion.cs(16,39): warning CS1591: Missing XML comment for publicly visible type or member 'OptimizationVersion.Create(int)' [/Users/kady/Masterdom/src/Masterdom.Modules.SubsidyOptimization/Masterdom.Modules.SubsidyOptimization.csproj]
/Users/kady/Masterdom/src/Masterdom.Modules.SubsidyOptimization/Domain/Entities/SubsidyOptimization/OptimizationVersion.cs(26,32): warning CS1591: Missing XML comment for publicly visible type or member 'OptimizationVersion.Next()' [/Users/kady/Masterdom/src/Masterdom.Modules.SubsidyOptimization/Masterdom.Modules.SubsidyOptimization.csproj]
/Users/kady/Masterdom/src/Masterdom.Modules.SubsidyOptimization/Domain/Entities/SubsidyOptimization/OptimizationVersion.cs(31,45): warning CS1591: Missing XML comment for publicly visible type or member 'OptimizationVersion.GetEqualityComponents()' [/Users/kady/Masterdom/src/Masterdom.Modules.SubsidyOptimization/Masterdom.Modules.SubsidyOptimization.csproj]
/Users/kady/Masterdom/src/Masterdom.Modules.SubsidyOptimization/Domain/Entities/SubsidyOptimization/OptimizationVersionRecord.cs(5,21): warning CS1591: Missing XML comment for publicly visible type or member 'OptimizationVersionRecord' [/Users/kady/Masterdom/src/Masterdom.Modules.SubsidyOptimization/Masterdom.Modules.SubsidyOptimization.csproj]
/Users/kady/Masterdom/src/Masterdom.Modules.SubsidyOptimization/Domain/Entities/SubsidyOptimization/OptimizationVersionRecord.cs(13,32): warning CS1591: Missing XML comment for publicly visible type or member 'OptimizationVersionRecord.Version' [/Users/kady/Masterdom/src/Masterdom.Modules.SubsidyOptimization/Masterdom.Modules.SubsidyOptimization.csproj]
/Users/kady/Masterdom/src/Masterdom.Modules.SubsidyOptimization/Domain/Entities/SubsidyOptimization/OptimizationVersionRecord.cs(15,21): warning CS1591: Missing XML comment for publicly visible type or member 'OptimizationVersionRecord.CreatedAtUtc' [/Users/kady/Masterdom/src/Masterdom.Modules.SubsidyOptimization/Masterdom.Modules.SubsidyOptimization.csproj]
/Users/kady/Masterdom/src/Masterdom.Modules.SubsidyOptimization/Domain/Entities/SubsidyOptimization/OptimizationVersionRecord.cs(17,45): warning CS1591: Missing XML comment for publicly visible type or member 'OptimizationVersionRecord.Create(OptimizationVersion, DateTime)' [/Users/kady/Masterdom/src/Masterdom.Modules.SubsidyOptimization/Masterdom.Modules.SubsidyOptimization.csproj]
/Users/kady/Masterdom/src/Masterdom.Modules.SubsidyOptimization/Domain/Entities/SubsidyOptimization/OptimizationVersionRecord.cs(29,45): warning CS1591: Missing XML comment for publicly visible type or member 'OptimizationVersionRecord.GetEqualityComponents()' [/Users/kady/Masterdom/src/Masterdom.Modules.SubsidyOptimization/Masterdom.Modules.SubsidyOptimization.csproj]
/Users/kady/Masterdom/src/Masterdom.Modules.SubsidyOptimization/Domain/Entities/SubsidyOptimization/RatingReference.cs(5,21): warning CS1591: Missing XML comment for publicly visible type or member 'RatingReference' [/Users/kady/Masterdom/src/Masterdom.Modules.SubsidyOptimization/Masterdom.Modules.SubsidyOptimization.csproj]
/Users/kady/Masterdom/src/Masterdom.Modules.SubsidyOptimization/Domain/Entities/SubsidyOptimization/RatingReference.cs(12,32): warning CS1591: Missing XML comment for publicly visible type or member 'RatingReference.RatingIds' [/Users/kady/Masterdom/src/Masterdom.Modules.SubsidyOptimization/Masterdom.Modules.SubsidyOptimization.csproj]
/Users/kady/Masterdom/src/Masterdom.Modules.SubsidyOptimization/Domain/Entities/SubsidyOptimization/RatingReference.cs(14,35): warning CS1591: Missing XML comment for publicly visible type or member 'RatingReference.Create(IReadOnlyList<Guid>)' [/Users/kady/Masterdom/src/Masterdom.Modules.SubsidyOptimization/Masterdom.Modules.SubsidyOptimization.csproj]
/Users/kady/Masterdom/src/Masterdom.Modules.SubsidyOptimization/Domain/Entities/SubsidyOptimization/RatingReference.cs(36,45): warning CS1591: Missing XML comment for publicly visible type or member 'RatingReference.GetEqualityComponents()' [/Users/kady/Masterdom/src/Masterdom.Modules.SubsidyOptimization/Masterdom.Modules.SubsidyOptimization.csproj]
/Users/kady/Masterdom/src/Masterdom.Modules.SubsidyOptimization/Domain/Entities/SubsidyOptimization/RecommendationId.cs(5,21): warning CS1591: Missing XML comment for publicly visible type or member 'RecommendationId' [/Users/kady/Masterdom/src/Masterdom.Modules.SubsidyOptimization/Masterdom.Modules.SubsidyOptimization.csproj]
/Users/kady/Masterdom/src/Masterdom.Modules.SubsidyOptimization/Domain/Entities/SubsidyOptimization/RecommendationId.cs(12,17): warning CS1591: Missing XML comment for publicly visible type or member 'RecommendationId.Value' [/Users/kady/Masterdom/src/Masterdom.Modules.SubsidyOptimization/Masterdom.Modules.SubsidyOptimization.csproj]
/Users/kady/Masterdom/src/Masterdom.Modules.SubsidyOptimization/Domain/Entities/SubsidyOptimization/RecommendationId.cs(14,36): warning CS1591: Missing XML comment for publicly visible type or member 'RecommendationId.New()' [/Users/kady/Masterdom/src/Masterdom.Modules.SubsidyOptimization/Masterdom.Modules.SubsidyOptimization.csproj]
/Users/kady/Masterdom/src/Masterdom.Modules.SubsidyOptimization/Domain/Entities/SubsidyOptimization/RecommendationId.cs(19,36): warning CS1591: Missing XML comment for publicly visible type or member 'RecommendationId.From(Guid)' [/Users/kady/Masterdom/src/Masterdom.Modules.SubsidyOptimization/Masterdom.Modules.SubsidyOptimization.csproj]
/Users/kady/Masterdom/src/Masterdom.Modules.SubsidyOptimization/Domain/Entities/SubsidyOptimization/RecommendationId.cs(29,45): warning CS1591: Missing XML comment for publicly visible type or member 'RecommendationId.GetEqualityComponents()' [/Users/kady/Masterdom/src/Masterdom.Modules.SubsidyOptimization/Masterdom.Modules.SubsidyOptimization.csproj]
/Users/kady/Masterdom/src/Masterdom.Modules.SubsidyOptimization/Domain/Entities/SubsidyOptimization/RecommendationPriority.cs(5,21): warning CS1591: Missing XML comment for publicly visible type or member 'RecommendationPriority' [/Users/kady/Masterdom/src/Masterdom.Modules.SubsidyOptimization/Masterdom.Modules.SubsidyOptimization.csproj]
/Users/kady/Masterdom/src/Masterdom.Modules.SubsidyOptimization/Domain/Entities/SubsidyOptimization/RecommendationPriority.cs(7,51): warning CS1591: Missing XML comment for publicly visible type or member 'RecommendationPriority.High' [/Users/kady/Masterdom/src/Masterdom.Modules.SubsidyOptimization/Masterdom.Modules.SubsidyOptimization.csproj]
/Users/kady/Masterdom/src/Masterdom.Modules.SubsidyOptimization/Domain/Entities/SubsidyOptimization/RecommendationPriority.cs(8,51): warning CS1591: Missing XML comment for publicly visible type or member 'RecommendationPriority.Medium' [/Users/kady/Masterdom/src/Masterdom.Modules.SubsidyOptimization/Masterdom.Modules.SubsidyOptimization.csproj]
/Users/kady/Masterdom/src/Masterdom.Modules.SubsidyOptimization/Domain/Entities/SubsidyOptimization/RecommendationPriority.cs(9,51): warning CS1591: Missing XML comment for publicly visible type or member 'RecommendationPriority.Low' [/Users/kady/Masterdom/src/Masterdom.Modules.SubsidyOptimization/Masterdom.Modules.SubsidyOptimization.csproj]
/Users/kady/Masterdom/src/Masterdom.Modules.SubsidyOptimization/Domain/Entities/SubsidyOptimization/RecommendationPriority.cs(17,19): warning CS1591: Missing XML comment for publicly visible type or member 'RecommendationPriority.Value' [/Users/kady/Masterdom/src/Masterdom.Modules.SubsidyOptimization/Masterdom.Modules.SubsidyOptimization.csproj]
/Users/kady/Masterdom/src/Masterdom.Modules.SubsidyOptimization/Domain/Entities/SubsidyOptimization/RecommendationPriority.cs(19,16): warning CS1591: Missing XML comment for publicly visible type or member 'RecommendationPriority.Rank' [/Users/kady/Masterdom/src/Masterdom.Modules.SubsidyOptimization/Masterdom.Modules.SubsidyOptimization.csproj]
/Users/kady/Masterdom/src/Masterdom.Modules.SubsidyOptimization/Domain/Entities/SubsidyOptimization/RecommendationPriority.cs(21,42): warning CS1591: Missing XML comment for publicly visible type or member 'RecommendationPriority.Create(string)' [/Users/kady/Masterdom/src/Masterdom.Modules.SubsidyOptimization/Masterdom.Modules.SubsidyOptimization.csproj]
/Users/kady/Masterdom/src/Masterdom.Modules.SubsidyOptimization/Domain/Entities/SubsidyOptimization/RecommendationPriority.cs(34,45): warning CS1591: Missing XML comment for publicly visible type or member 'RecommendationPriority.GetEqualityComponents()' [/Users/kady/Masterdom/src/Masterdom.Modules.SubsidyOptimization/Masterdom.Modules.SubsidyOptimization.csproj]
/Users/kady/Masterdom/src/Masterdom.Modules.SubsidyOptimization/Domain/Entities/SubsidyOptimization/RecommendationSet.cs(5,21): warning CS1591: Missing XML comment for publicly visible type or member 'RecommendationSet' [/Users/kady/Masterdom/src/Masterdom.Modules.SubsidyOptimization/Masterdom.Modules.SubsidyOptimization.csproj]
/Users/kady/Masterdom/src/Masterdom.Modules.SubsidyOptimization/Domain/Entities/SubsidyOptimization/RecommendationSet.cs(12,54): warning CS1591: Missing XML comment for publicly visible type or member 'RecommendationSet.Items' [/Users/kady/Masterdom/src/Masterdom.Modules.SubsidyOptimization/Masterdom.Modules.SubsidyOptimization.csproj]
/Users/kady/Masterdom/src/Masterdom.Modules.SubsidyOptimization/Domain/Entities/SubsidyOptimization/RecommendationSet.cs(14,37): warning CS1591: Missing XML comment for publicly visible type or member 'RecommendationSet.Create(IReadOnlyCollection<OptimizationRecommendation>)' [/Users/kady/Masterdom/src/Masterdom.Modules.SubsidyOptimization/Masterdom.Modules.SubsidyOptimization.csproj]
/Users/kady/Masterdom/src/Masterdom.Modules.SubsidyOptimization/Domain/Entities/SubsidyOptimization/RecommendationSet.cs(36,30): warning CS1591: Missing XML comment for publicly visible type or member 'RecommendationSet.Archive(RecommendationId, string, DateTime)' [/Users/kady/Masterdom/src/Masterdom.Modules.SubsidyOptimization/Masterdom.Modules.SubsidyOptimization.csproj]
/Users/kady/Masterdom/src/Masterdom.Modules.SubsidyOptimization/Domain/Entities/SubsidyOptimization/RecommendationSet.cs(51,45): warning CS1591: Missing XML comment for publicly visible type or member 'RecommendationSet.GetEqualityComponents()' [/Users/kady/Masterdom/src/Masterdom.Modules.SubsidyOptimization/Masterdom.Modules.SubsidyOptimization.csproj]
/Users/kady/Masterdom/src/Masterdom.Modules.SubsidyOptimization/Domain/Entities/SubsidyOptimization/ScenarioId.cs(5,21): warning CS1591: Missing XML comment for publicly visible type or member 'ScenarioId' [/Users/kady/Masterdom/src/Masterdom.Modules.SubsidyOptimization/Masterdom.Modules.SubsidyOptimization.csproj]
/Users/kady/Masterdom/src/Masterdom.Modules.SubsidyOptimization/Domain/Entities/SubsidyOptimization/ScenarioId.cs(12,19): warning CS1591: Missing XML comment for publicly visible type or member 'ScenarioId.Value' [/Users/kady/Masterdom/src/Masterdom.Modules.SubsidyOptimization/Masterdom.Modules.SubsidyOptimization.csproj]
/Users/kady/Masterdom/src/Masterdom.Modules.SubsidyOptimization/Domain/Entities/SubsidyOptimization/ScenarioId.cs(14,30): warning CS1591: Missing XML comment for publicly visible type or member 'ScenarioId.Create(string)' [/Users/kady/Masterdom/src/Masterdom.Modules.SubsidyOptimization/Masterdom.Modules.SubsidyOptimization.csproj]
/Users/kady/Masterdom/src/Masterdom.Modules.SubsidyOptimization/Domain/Entities/SubsidyOptimization/ScenarioId.cs(27,45): warning CS1591: Missing XML comment for publicly visible type or member 'ScenarioId.GetEqualityComponents()' [/Users/kady/Masterdom/src/Masterdom.Modules.SubsidyOptimization/Masterdom.Modules.SubsidyOptimization.csproj]
/Users/kady/Masterdom/src/Masterdom.Modules.SubsidyOptimization/Domain/Entities/SubsidyOptimization/SubsidyScenario.cs(5,21): warning CS1591: Missing XML comment for publicly visible type or member 'SubsidyScenario' [/Users/kady/Masterdom/src/Masterdom.Modules.SubsidyOptimization/Masterdom.Modules.SubsidyOptimization.csproj]
/Users/kady/Masterdom/src/Masterdom.Modules.SubsidyOptimization/Domain/Entities/SubsidyOptimization/SubsidyScenario.cs(14,23): warning CS1591: Missing XML comment for publicly visible type or member 'SubsidyScenario.ScenarioId' [/Users/kady/Masterdom/src/Masterdom.Modules.SubsidyOptimization/Masterdom.Modules.SubsidyOptimization.csproj]
/Users/kady/Masterdom/src/Masterdom.Modules.SubsidyOptimization/Domain/Entities/SubsidyOptimization/SubsidyScenario.cs(16,19): warning CS1591: Missing XML comment for publicly visible type or member 'SubsidyScenario.Name' [/Users/kady/Masterdom/src/Masterdom.Modules.SubsidyOptimization/Masterdom.Modules.SubsidyOptimization.csproj]
/Users/kady/Masterdom/src/Masterdom.Modules.SubsidyOptimization/Domain/Entities/SubsidyOptimization/SubsidyScenario.cs(18,19): warning CS1591: Missing XML comment for publicly visible type or member 'SubsidyScenario.Description' [/Users/kady/Masterdom/src/Masterdom.Modules.SubsidyOptimization/Masterdom.Modules.SubsidyOptimization.csproj]
/Users/kady/Masterdom/src/Masterdom.Modules.SubsidyOptimization/Domain/Entities/SubsidyOptimization/SubsidyScenario.cs(20,35): warning CS1591: Missing XML comment for publicly visible type or member 'SubsidyScenario.Create(ScenarioId, string, string)' [/Users/kady/Masterdom/src/Masterdom.Modules.SubsidyOptimization/Masterdom.Modules.SubsidyOptimization.csproj]
/Users/kady/Masterdom/src/Masterdom.Modules.SubsidyOptimization/Domain/Entities/SubsidyOptimization/SubsidyScenario.cs(32,45): warning CS1591: Missing XML comment for publicly visible type or member 'SubsidyScenario.GetEqualityComponents()' [/Users/kady/Masterdom/src/Masterdom.Modules.SubsidyOptimization/Masterdom.Modules.SubsidyOptimization.csproj]
/Users/kady/Masterdom/src/Masterdom.Modules.SubsidyOptimization/Domain/Repositories/IOptimizationRunRepository.cs(6,18): warning CS1591: Missing XML comment for publicly visible type or member 'IOptimizationRunRepository' [/Users/kady/Masterdom/src/Masterdom.Modules.SubsidyOptimization/Masterdom.Modules.SubsidyOptimization.csproj]
/Users/kady/Masterdom/src/Masterdom.Modules.SubsidyOptimization/Domain/Repositories/IOptimizationRunRepository.cs(8,10): warning CS1591: Missing XML comment for publicly visible type or member 'IOptimizationRunRepository.Add(OptimizationRun)' [/Users/kady/Masterdom/src/Masterdom.Modules.SubsidyOptimization/Masterdom.Modules.SubsidyOptimization.csproj]
/Users/kady/Masterdom/src/Masterdom.Modules.SubsidyOptimization/Domain/Repositories/IOptimizationRunRepository.cs(10,10): warning CS1591: Missing XML comment for publicly visible type or member 'IOptimizationRunRepository.Update(OptimizationRun)' [/Users/kady/Masterdom/src/Masterdom.Modules.SubsidyOptimization/Masterdom.Modules.SubsidyOptimization.csproj]
/Users/kady/Masterdom/src/Masterdom.Modules.SubsidyOptimization/Domain/Repositories/IOptimizationRunRepository.cs(12,31): warning CS1591: Missing XML comment for publicly visible type or member 'IOptimizationRunRepository.GetById(OptimizationRunId)' [/Users/kady/Masterdom/src/Masterdom.Modules.SubsidyOptimization/Masterdom.Modules.SubsidyOptimization.csproj]
/Users/kady/Masterdom/src/Masterdom.Modules.SubsidyOptimization/Domain/Repositories/IOptimizationRunRepository.cs(14,31): warning CS1591: Missing XML comment for publicly visible type or member 'IOptimizationRunRepository.GetByScenarioPeriodAndVersion(ScenarioId, OptimizationPeriod, OptimizationVersion)' [/Users/kady/Masterdom/src/Masterdom.Modules.SubsidyOptimization/Masterdom.Modules.SubsidyOptimization.csproj]
/Users/kady/Masterdom/src/Masterdom.Modules.SubsidyOptimization/Domain/Repositories/IOptimizationRunRepository.cs(19,31): warning CS1591: Missing XML comment for publicly visible type or member 'IOptimizationRunRepository.GetLatestByScenarioAndPeriod(ScenarioId, OptimizationPeriod)' [/Users/kady/Masterdom/src/Masterdom.Modules.SubsidyOptimization/Masterdom.Modules.SubsidyOptimization.csproj]
/Users/kady/Masterdom/src/Masterdom.Modules.Lease/Application/Support/ExecutionResult.cs(54,38): warning CS0108: 'ExecutionResult<T>.Failure(string, string)' hides inherited member 'ExecutionResult.Failure(string, string)'. Use the new keyword if hiding was intended. [/Users/kady/Masterdom/src/Masterdom.Modules.Lease/Masterdom.Modules.Lease.csproj]
/Users/kady/Masterdom/src/Masterdom.Modules.Lease/Application/Commands/ActivateLeaseCommand.cs(5,22): warning CS1591: Missing XML comment for publicly visible type or member 'ActivateLeaseCommand' [/Users/kady/Masterdom/src/Masterdom.Modules.Lease/Masterdom.Modules.Lease.csproj]
/Users/kady/Masterdom/src/Masterdom.Modules.Lease/Application/Commands/ActivateLeaseCommand.cs(5,22): warning CS1591: Missing XML comment for publicly visible type or member 'ActivateLeaseCommand.ActivateLeaseCommand(LeaseId)' [/Users/kady/Masterdom/src/Masterdom.Modules.Lease/Masterdom.Modules.Lease.csproj]
/Users/kady/Masterdom/src/Masterdom.Modules.Lease/Application/Commands/ActivateLeaseCommand.cs(5,51): warning CS1591: Missing XML comment for publicly visible type or member 'ActivateLeaseCommand.LeaseId' [/Users/kady/Masterdom/src/Masterdom.Modules.Lease/Masterdom.Modules.Lease.csproj]
/Users/kady/Masterdom/src/Masterdom.Modules.Lease/Application/Commands/ChangeCommercialTermsCommand.cs(5,22): warning CS1591: Missing XML comment for publicly visible type or member 'ChangeCommercialTermsCommand' [/Users/kady/Masterdom/src/Masterdom.Modules.Lease/Masterdom.Modules.Lease.csproj]
/Users/kady/Masterdom/src/Masterdom.Modules.Lease/Application/Commands/ChangeCommercialTermsCommand.cs(5,22): warning CS1591: Missing XML comment for publicly visible type or member 'ChangeCommercialTermsCommand.ChangeCommercialTermsCommand(LeaseId, CommercialTerms, EffectivePeriod)' [/Users/kady/Masterdom/src/Masterdom.Modules.Lease/Masterdom.Modules.Lease.csproj]
/Users/kady/Masterdom/src/Masterdom.Modules.Lease/Application/Commands/ChangeCommercialTermsCommand.cs(6,13): warning CS1591: Missing XML comment for publicly visible type or member 'ChangeCommercialTermsCommand.LeaseId' [/Users/kady/Masterdom/src/Masterdom.Modules.Lease/Masterdom.Modules.Lease.csproj]
/Users/kady/Masterdom/src/Masterdom.Modules.Lease/Application/Commands/ChangeCommercialTermsCommand.cs(7,21): warning CS1591: Missing XML comment for publicly visible type or member 'ChangeCommercialTermsCommand.CommercialTerms' [/Users/kady/Masterdom/src/Masterdom.Modules.Lease/Masterdom.Modules.Lease.csproj]
/Users/kady/Masterdom/src/Masterdom.Modules.Lease/Application/Commands/ChangeCommercialTermsCommand.cs(8,21): warning CS1591: Missing XML comment for publicly visible type or member 'ChangeCommercialTermsCommand.EffectivePeriod' [/Users/kady/Masterdom/src/Masterdom.Modules.Lease/Masterdom.Modules.Lease.csproj]
/Users/kady/Masterdom/src/Masterdom.Modules.Lease/Application/Commands/CloseLeaseCommand.cs(5,22): warning CS1591: Missing XML comment for publicly visible type or member 'CloseLeaseCommand' [/Users/kady/Masterdom/src/Masterdom.Modules.Lease/Masterdom.Modules.Lease.csproj]
/Users/kady/Masterdom/src/Masterdom.Modules.Lease/Application/Commands/CloseLeaseCommand.cs(5,22): warning CS1591: Missing XML comment for publicly visible type or member 'CloseLeaseCommand.CloseLeaseCommand(LeaseId)' [/Users/kady/Masterdom/src/Masterdom.Modules.Lease/Masterdom.Modules.Lease.csproj]
/Users/kady/Masterdom/src/Masterdom.Modules.Lease/Application/Commands/CloseLeaseCommand.cs(5,48): warning CS1591: Missing XML comment for publicly visible type or member 'CloseLeaseCommand.LeaseId' [/Users/kady/Masterdom/src/Masterdom.Modules.Lease/Masterdom.Modules.Lease.csproj]
/Users/kady/Masterdom/src/Masterdom.Modules.Lease/Application/Commands/CreateLeaseCommand.cs(5,22): warning CS1591: Missing XML comment for publicly visible type or member 'CreateLeaseCommand' [/Users/kady/Masterdom/src/Masterdom.Modules.Lease/Masterdom.Modules.Lease.csproj]
/Users/kady/Masterdom/src/Masterdom.Modules.Lease/Application/Commands/CreateLeaseCommand.cs(5,22): warning CS1591: Missing XML comment for publicly visible type or member 'CreateLeaseCommand.CreateLeaseCommand(LeaseNumber, LeaseType, TenancyReference, PropertyReference, UnitReference, PersonReference, EffectivePeriod, CommercialTerms, LeaseClauses)' [/Users/kady/Masterdom/src/Masterdom.Modules.Lease/Masterdom.Modules.Lease.csproj]
/Users/kady/Masterdom/src/Masterdom.Modules.Lease/Application/Commands/CreateLeaseCommand.cs(6,17): warning CS1591: Missing XML comment for publicly visible type or member 'CreateLeaseCommand.Number' [/Users/kady/Masterdom/src/Masterdom.Modules.Lease/Masterdom.Modules.Lease.csproj]
/Users/kady/Masterdom/src/Masterdom.Modules.Lease/Application/Commands/CreateLeaseCommand.cs(7,15): warning CS1591: Missing XML comment for publicly visible type or member 'CreateLeaseCommand.Type' [/Users/kady/Masterdom/src/Masterdom.Modules.Lease/Masterdom.Modules.Lease.csproj]
/Users/kady/Masterdom/src/Masterdom.Modules.Lease/Application/Commands/CreateLeaseCommand.cs(8,22): warning CS1591: Missing XML comment for publicly visible type or member 'CreateLeaseCommand.Tenancy' [/Users/kady/Masterdom/src/Masterdom.Modules.Lease/Masterdom.Modules.Lease.csproj]
/Users/kady/Masterdom/src/Masterdom.Modules.Lease/Application/Commands/CreateLeaseCommand.cs(9,23): warning CS1591: Missing XML comment for publicly visible type or member 'CreateLeaseCommand.Property' [/Users/kady/Masterdom/src/Masterdom.Modules.Lease/Masterdom.Modules.Lease.csproj]
/Users/kady/Masterdom/src/Masterdom.Modules.Lease/Application/Commands/CreateLeaseCommand.cs(10,19): warning CS1591: Missing XML comment for publicly visible type or member 'CreateLeaseCommand.Unit' [/Users/kady/Masterdom/src/Masterdom.Modules.Lease/Masterdom.Modules.Lease.csproj]
/Users/kady/Masterdom/src/Masterdom.Modules.Lease/Application/Commands/CreateLeaseCommand.cs(11,21): warning CS1591: Missing XML comment for publicly visible type or member 'CreateLeaseCommand.Person' [/Users/kady/Masterdom/src/Masterdom.Modules.Lease/Masterdom.Modules.Lease.csproj]
/Users/kady/Masterdom/src/Masterdom.Modules.Lease/Application/Commands/CreateLeaseCommand.cs(12,21): warning CS1591: Missing XML comment for publicly visible type or member 'CreateLeaseCommand.EffectivePeriod' [/Users/kady/Masterdom/src/Masterdom.Modules.Lease/Masterdom.Modules.Lease.csproj]
/Users/kady/Masterdom/src/Masterdom.Modules.Lease/Application/Commands/CreateLeaseCommand.cs(13,21): warning CS1591: Missing XML comment for publicly visible type or member 'CreateLeaseCommand.CommercialTerms' [/Users/kady/Masterdom/src/Masterdom.Modules.Lease/Masterdom.Modules.Lease.csproj]
/Users/kady/Masterdom/src/Masterdom.Modules.Lease/Application/Commands/CreateLeaseCommand.cs(14,18): warning CS1591: Missing XML comment for publicly visible type or member 'CreateLeaseCommand.LeaseClauses' [/Users/kady/Masterdom/src/Masterdom.Modules.Lease/Masterdom.Modules.Lease.csproj]
/Users/kady/Masterdom/src/Masterdom.Modules.Lease/Application/Commands/ExpireLeaseCommand.cs(5,22): warning CS1591: Missing XML comment for publicly visible type or member 'ExpireLeaseCommand' [/Users/kady/Masterdom/src/Masterdom.Modules.Lease/Masterdom.Modules.Lease.csproj]
/Users/kady/Masterdom/src/Masterdom.Modules.Lease/Application/Commands/ExpireLeaseCommand.cs(5,22): warning CS1591: Missing XML comment for publicly visible type or member 'ExpireLeaseCommand.ExpireLeaseCommand(LeaseId)' [/Users/kady/Masterdom/src/Masterdom.Modules.Lease/Masterdom.Modules.Lease.csproj]
/Users/kady/Masterdom/src/Masterdom.Modules.Lease/Application/Commands/ExpireLeaseCommand.cs(5,49): warning CS1591: Missing XML comment for publicly visible type or member 'ExpireLeaseCommand.LeaseId' [/Users/kady/Masterdom/src/Masterdom.Modules.Lease/Masterdom.Modules.Lease.csproj]
/Users/kady/Masterdom/src/Masterdom.Modules.Lease/Application/Commands/RenewLeaseCommand.cs(5,22): warning CS1591: Missing XML comment for publicly visible type or member 'RenewLeaseCommand' [/Users/kady/Masterdom/src/Masterdom.Modules.Lease/Masterdom.Modules.Lease.csproj]
/Users/kady/Masterdom/src/Masterdom.Modules.Lease/Application/Commands/RenewLeaseCommand.cs(5,22): warning CS1591: Missing XML comment for publicly visible type or member 'RenewLeaseCommand.RenewLeaseCommand(LeaseId, RenewalDate, EffectivePeriod, CommercialTerms, LeaseClauses)' [/Users/kady/Masterdom/src/Masterdom.Modules.Lease/Masterdom.Modules.Lease.csproj]
/Users/kady/Masterdom/src/Masterdom.Modules.Lease/Application/Commands/RenewLeaseCommand.cs(6,13): warning CS1591: Missing XML comment for publicly visible type or member 'RenewLeaseCommand.LeaseId' [/Users/kady/Masterdom/src/Masterdom.Modules.Lease/Masterdom.Modules.Lease.csproj]
/Users/kady/Masterdom/src/Masterdom.Modules.Lease/Application/Commands/RenewLeaseCommand.cs(7,17): warning CS1591: Missing XML comment for publicly visible type or member 'RenewLeaseCommand.RenewalDate' [/Users/kady/Masterdom/src/Masterdom.Modules.Lease/Masterdom.Modules.Lease.csproj]
/Users/kady/Masterdom/src/Masterdom.Modules.Lease/Application/Commands/RenewLeaseCommand.cs(8,21): warning CS1591: Missing XML comment for publicly visible type or member 'RenewLeaseCommand.EffectivePeriod' [/Users/kady/Masterdom/src/Masterdom.Modules.Lease/Masterdom.Modules.Lease.csproj]
/Users/kady/Masterdom/src/Masterdom.Modules.Lease/Application/Commands/RenewLeaseCommand.cs(9,21): warning CS1591: Missing XML comment for publicly visible type or member 'RenewLeaseCommand.CommercialTerms' [/Users/kady/Masterdom/src/Masterdom.Modules.Lease/Masterdom.Modules.Lease.csproj]
/Users/kady/Masterdom/src/Masterdom.Modules.Lease/Application/Commands/RenewLeaseCommand.cs(10,18): warning CS1591: Missing XML comment for publicly visible type or member 'RenewLeaseCommand.LeaseClauses' [/Users/kady/Masterdom/src/Masterdom.Modules.Lease/Masterdom.Modules.Lease.csproj]
/Users/kady/Masterdom/src/Masterdom.Modules.Lease/Application/Commands/TerminateLeaseCommand.cs(5,22): warning CS1591: Missing XML comment for publicly visible type or member 'TerminateLeaseCommand' [/Users/kady/Masterdom/src/Masterdom.Modules.Lease/Masterdom.Modules.Lease.csproj]
/Users/kady/Masterdom/src/Masterdom.Modules.Lease/Application/Commands/TerminateLeaseCommand.cs(5,22): warning CS1591: Missing XML comment for publicly visible type or member 'TerminateLeaseCommand.TerminateLeaseCommand(LeaseId, TerminationReason)' [/Users/kady/Masterdom/src/Masterdom.Modules.Lease/Masterdom.Modules.Lease.csproj]
/Users/kady/Masterdom/src/Masterdom.Modules.Lease/Application/Commands/TerminateLeaseCommand.cs(6,13): warning CS1591: Missing XML comment for publicly visible type or member 'TerminateLeaseCommand.LeaseId' [/Users/kady/Masterdom/src/Masterdom.Modules.Lease/Masterdom.Modules.Lease.csproj]
/Users/kady/Masterdom/src/Masterdom.Modules.Lease/Application/Commands/TerminateLeaseCommand.cs(7,23): warning CS1591: Missing XML comment for publicly visible type or member 'TerminateLeaseCommand.Reason' [/Users/kady/Masterdom/src/Masterdom.Modules.Lease/Masterdom.Modules.Lease.csproj]
/Users/kady/Masterdom/src/Masterdom.Modules.Lease/Application/Handlers/Commands/ActivateLeaseCommandHandler.cs(8,21): warning CS1591: Missing XML comment for publicly visible type or member 'ActivateLeaseCommandHandler' [/Users/kady/Masterdom/src/Masterdom.Modules.Lease/Masterdom.Modules.Lease.csproj]
/Users/kady/Masterdom/src/Masterdom.Modules.Lease/Application/Handlers/Commands/ActivateLeaseCommandHandler.cs(12,12): warning CS1591: Missing XML comment for publicly visible type or member 'ActivateLeaseCommandHandler.ActivateLeaseCommandHandler(ILeaseApplicationService)' [/Users/kady/Masterdom/src/Masterdom.Modules.Lease/Masterdom.Modules.Lease.csproj]
/Users/kady/Masterdom/src/Masterdom.Modules.Lease/Application/Handlers/Commands/ActivateLeaseCommandHandler.cs(17,44): warning CS1591: Missing XML comment for publicly visible type or member 'ActivateLeaseCommandHandler.Handle(ActivateLeaseCommand)' [/Users/kady/Masterdom/src/Masterdom.Modules.Lease/Masterdom.Modules.Lease.csproj]
/Users/kady/Masterdom/src/Masterdom.Modules.Lease/Application/Handlers/Commands/ChangeCommercialTermsCommandHandler.cs(8,21): warning CS1591: Missing XML comment for publicly visible type or member 'ChangeCommercialTermsCommandHandler' [/Users/kady/Masterdom/src/Masterdom.Modules.Lease/Masterdom.Modules.Lease.csproj]
/Users/kady/Masterdom/src/Masterdom.Modules.Lease/Application/Handlers/Commands/ChangeCommercialTermsCommandHandler.cs(12,12): warning CS1591: Missing XML comment for publicly visible type or member 'ChangeCommercialTermsCommandHandler.ChangeCommercialTermsCommandHandler(ILeaseApplicationService)' [/Users/kady/Masterdom/src/Masterdom.Modules.Lease/Masterdom.Modules.Lease.csproj]
/Users/kady/Masterdom/src/Masterdom.Modules.Lease/Application/Handlers/Commands/ChangeCommercialTermsCommandHandler.cs(17,44): warning CS1591: Missing XML comment for publicly visible type or member 'ChangeCommercialTermsCommandHandler.Handle(ChangeCommercialTermsCommand)' [/Users/kady/Masterdom/src/Masterdom.Modules.Lease/Masterdom.Modules.Lease.csproj]
/Users/kady/Masterdom/src/Masterdom.Modules.Lease/Application/Handlers/Commands/CloseLeaseCommandHandler.cs(8,21): warning CS1591: Missing XML comment for publicly visible type or member 'CloseLeaseCommandHandler' [/Users/kady/Masterdom/src/Masterdom.Modules.Lease/Masterdom.Modules.Lease.csproj]
/Users/kady/Masterdom/src/Masterdom.Modules.Lease/Application/Handlers/Commands/CloseLeaseCommandHandler.cs(12,12): warning CS1591: Missing XML comment for publicly visible type or member 'CloseLeaseCommandHandler.CloseLeaseCommandHandler(ILeaseApplicationService)' [/Users/kady/Masterdom/src/Masterdom.Modules.Lease/Masterdom.Modules.Lease.csproj]
/Users/kady/Masterdom/src/Masterdom.Modules.Lease/Application/Handlers/Commands/CloseLeaseCommandHandler.cs(17,44): warning CS1591: Missing XML comment for publicly visible type or member 'CloseLeaseCommandHandler.Handle(CloseLeaseCommand)' [/Users/kady/Masterdom/src/Masterdom.Modules.Lease/Masterdom.Modules.Lease.csproj]
/Users/kady/Masterdom/src/Masterdom.Modules.Lease/Application/Handlers/Commands/CreateLeaseCommandHandler.cs(8,21): warning CS1591: Missing XML comment for publicly visible type or member 'CreateLeaseCommandHandler' [/Users/kady/Masterdom/src/Masterdom.Modules.Lease/Masterdom.Modules.Lease.csproj]
/Users/kady/Masterdom/src/Masterdom.Modules.Lease/Application/Handlers/Commands/CreateLeaseCommandHandler.cs(12,12): warning CS1591: Missing XML comment for publicly visible type or member 'CreateLeaseCommandHandler.CreateLeaseCommandHandler(ILeaseApplicationService)' [/Users/kady/Masterdom/src/Masterdom.Modules.Lease/Masterdom.Modules.Lease.csproj]
/Users/kady/Masterdom/src/Masterdom.Modules.Lease/Application/Handlers/Commands/CreateLeaseCommandHandler.cs(17,44): warning CS1591: Missing XML comment for publicly visible type or member 'CreateLeaseCommandHandler.Handle(CreateLeaseCommand)' [/Users/kady/Masterdom/src/Masterdom.Modules.Lease/Masterdom.Modules.Lease.csproj]
/Users/kady/Masterdom/src/Masterdom.Modules.Lease/Application/Handlers/Commands/ExpireLeaseCommandHandler.cs(8,21): warning CS1591: Missing XML comment for publicly visible type or member 'ExpireLeaseCommandHandler' [/Users/kady/Masterdom/src/Masterdom.Modules.Lease/Masterdom.Modules.Lease.csproj]
/Users/kady/Masterdom/src/Masterdom.Modules.Lease/Application/Handlers/Commands/ExpireLeaseCommandHandler.cs(12,12): warning CS1591: Missing XML comment for publicly visible type or member 'ExpireLeaseCommandHandler.ExpireLeaseCommandHandler(ILeaseApplicationService)' [/Users/kady/Masterdom/src/Masterdom.Modules.Lease/Masterdom.Modules.Lease.csproj]
/Users/kady/Masterdom/src/Masterdom.Modules.Lease/Application/Handlers/Commands/ExpireLeaseCommandHandler.cs(17,44): warning CS1591: Missing XML comment for publicly visible type or member 'ExpireLeaseCommandHandler.Handle(ExpireLeaseCommand)' [/Users/kady/Masterdom/src/Masterdom.Modules.Lease/Masterdom.Modules.Lease.csproj]
/Users/kady/Masterdom/src/Masterdom.Modules.Lease/Application/Handlers/Commands/RenewLeaseCommandHandler.cs(8,21): warning CS1591: Missing XML comment for publicly visible type or member 'RenewLeaseCommandHandler' [/Users/kady/Masterdom/src/Masterdom.Modules.Lease/Masterdom.Modules.Lease.csproj]
/Users/kady/Masterdom/src/Masterdom.Modules.Lease/Application/Handlers/Commands/RenewLeaseCommandHandler.cs(12,12): warning CS1591: Missing XML comment for publicly visible type or member 'RenewLeaseCommandHandler.RenewLeaseCommandHandler(ILeaseApplicationService)' [/Users/kady/Masterdom/src/Masterdom.Modules.Lease/Masterdom.Modules.Lease.csproj]
/Users/kady/Masterdom/src/Masterdom.Modules.Lease/Application/Handlers/Commands/RenewLeaseCommandHandler.cs(17,44): warning CS1591: Missing XML comment for publicly visible type or member 'RenewLeaseCommandHandler.Handle(RenewLeaseCommand)' [/Users/kady/Masterdom/src/Masterdom.Modules.Lease/Masterdom.Modules.Lease.csproj]
/Users/kady/Masterdom/src/Masterdom.Modules.Lease/Application/Handlers/Commands/TerminateLeaseCommandHandler.cs(8,21): warning CS1591: Missing XML comment for publicly visible type or member 'TerminateLeaseCommandHandler' [/Users/kady/Masterdom/src/Masterdom.Modules.Lease/Masterdom.Modules.Lease.csproj]
/Users/kady/Masterdom/src/Masterdom.Modules.Lease/Application/Handlers/Commands/TerminateLeaseCommandHandler.cs(12,12): warning CS1591: Missing XML comment for publicly visible type or member 'TerminateLeaseCommandHandler.TerminateLeaseCommandHandler(ILeaseApplicationService)' [/Users/kady/Masterdom/src/Masterdom.Modules.Lease/Masterdom.Modules.Lease.csproj]
/Users/kady/Masterdom/src/Masterdom.Modules.Lease/Application/Handlers/Commands/TerminateLeaseCommandHandler.cs(17,44): warning CS1591: Missing XML comment for publicly visible type or member 'TerminateLeaseCommandHandler.Handle(TerminateLeaseCommand)' [/Users/kady/Masterdom/src/Masterdom.Modules.Lease/Masterdom.Modules.Lease.csproj]
/Users/kady/Masterdom/src/Masterdom.Modules.Lease/Application/Handlers/Queries/GetLeaseByIdQueryHandler.cs(8,21): warning CS1591: Missing XML comment for publicly visible type or member 'GetLeaseByIdQueryHandler' [/Users/kady/Masterdom/src/Masterdom.Modules.Lease/Masterdom.Modules.Lease.csproj]
/Users/kady/Masterdom/src/Masterdom.Modules.Lease/Application/Handlers/Queries/GetLeaseByIdQueryHandler.cs(12,12): warning CS1591: Missing XML comment for publicly visible type or member 'GetLeaseByIdQueryHandler.GetLeaseByIdQueryHandler(ILeaseApplicationService)' [/Users/kady/Masterdom/src/Masterdom.Modules.Lease/Masterdom.Modules.Lease.csproj]
/Users/kady/Masterdom/src/Masterdom.Modules.Lease/Application/Handlers/Queries/GetLeaseByIdQueryHandler.cs(17,44): warning CS1591: Missing XML comment for publicly visible type or member 'GetLeaseByIdQueryHandler.Handle(GetLeaseByIdQuery)' [/Users/kady/Masterdom/src/Masterdom.Modules.Lease/Masterdom.Modules.Lease.csproj]
/Users/kady/Masterdom/src/Masterdom.Modules.Lease/Application/Handlers/Queries/GetLeaseByNumberQueryHandler.cs(8,21): warning CS1591: Missing XML comment for publicly visible type or member 'GetLeaseByNumberQueryHandler' [/Users/kady/Masterdom/src/Masterdom.Modules.Lease/Masterdom.Modules.Lease.csproj]
/Users/kady/Masterdom/src/Masterdom.Modules.Lease/Application/Handlers/Queries/GetLeaseByNumberQueryHandler.cs(12,12): warning CS1591: Missing XML comment for publicly visible type or member 'GetLeaseByNumberQueryHandler.GetLeaseByNumberQueryHandler(ILeaseApplicationService)' [/Users/kady/Masterdom/src/Masterdom.Modules.Lease/Masterdom.Modules.Lease.csproj]
/Users/kady/Masterdom/src/Masterdom.Modules.Lease/Application/Handlers/Queries/GetLeaseByNumberQueryHandler.cs(17,44): warning CS1591: Missing XML comment for publicly visible type or member 'GetLeaseByNumberQueryHandler.Handle(GetLeaseByNumberQuery)' [/Users/kady/Masterdom/src/Masterdom.Modules.Lease/Masterdom.Modules.Lease.csproj]
/Users/kady/Masterdom/src/Masterdom.Modules.Lease/Application/Queries/GetLeaseByIdQuery.cs(5,22): warning CS1591: Missing XML comment for publicly visible type or member 'GetLeaseByIdQuery' [/Users/kady/Masterdom/src/Masterdom.Modules.Lease/Masterdom.Modules.Lease.csproj]
/Users/kady/Masterdom/src/Masterdom.Modules.Lease/Application/Queries/GetLeaseByIdQuery.cs(5,22): warning CS1591: Missing XML comment for publicly visible type or member 'GetLeaseByIdQuery.GetLeaseByIdQuery(LeaseId)' [/Users/kady/Masterdom/src/Masterdom.Modules.Lease/Masterdom.Modules.Lease.csproj]
/Users/kady/Masterdom/src/Masterdom.Modules.Lease/Application/Queries/GetLeaseByIdQuery.cs(5,48): warning CS1591: Missing XML comment for publicly visible type or member 'GetLeaseByIdQuery.LeaseId' [/Users/kady/Masterdom/src/Masterdom.Modules.Lease/Masterdom.Modules.Lease.csproj]
/Users/kady/Masterdom/src/Masterdom.Modules.Lease/Application/Queries/GetLeaseByNumberQuery.cs(5,22): warning CS1591: Missing XML comment for publicly visible type or member 'GetLeaseByNumberQuery' [/Users/kady/Masterdom/src/Masterdom.Modules.Lease/Masterdom.Modules.Lease.csproj]
/Users/kady/Masterdom/src/Masterdom.Modules.Lease/Application/Queries/GetLeaseByNumberQuery.cs(5,22): warning CS1591: Missing XML comment for publicly visible type or member 'GetLeaseByNumberQuery.GetLeaseByNumberQuery(LeaseNumber)' [/Users/kady/Masterdom/src/Masterdom.Modules.Lease/Masterdom.Modules.Lease.csproj]
/Users/kady/Masterdom/src/Masterdom.Modules.Lease/Application/Queries/GetLeaseByNumberQuery.cs(5,56): warning CS1591: Missing XML comment for publicly visible type or member 'GetLeaseByNumberQuery.Number' [/Users/kady/Masterdom/src/Masterdom.Modules.Lease/Masterdom.Modules.Lease.csproj]
/Users/kady/Masterdom/src/Masterdom.Modules.Lease/Application/Services/ILeaseApplicationService.cs(7,18): warning CS1591: Missing XML comment for publicly visible type or member 'ILeaseApplicationService' [/Users/kady/Masterdom/src/Masterdom.Modules.Lease/Masterdom.Modules.Lease.csproj]
/Users/kady/Masterdom/src/Masterdom.Modules.Lease/Application/Services/ILeaseApplicationService.cs(9,20): warning CS1591: Missing XML comment for publicly visible type or member 'ILeaseApplicationService.CreateLease(CreateLeaseCommand)' [/Users/kady/Masterdom/src/Masterdom.Modules.Lease/Masterdom.Modules.Lease.csproj]
/Users/kady/Masterdom/src/Masterdom.Modules.Lease/Application/Services/ILeaseApplicationService.cs(11,20): warning CS1591: Missing XML comment for publicly visible type or member 'ILeaseApplicationService.ActivateLease(ActivateLeaseCommand)' [/Users/kady/Masterdom/src/Masterdom.Modules.Lease/Masterdom.Modules.Lease.csproj]
/Users/kady/Masterdom/src/Masterdom.Modules.Lease/Application/Services/ILeaseApplicationService.cs(13,20): warning CS1591: Missing XML comment for publicly visible type or member 'ILeaseApplicationService.RenewLease(RenewLeaseCommand)' [/Users/kady/Masterdom/src/Masterdom.Modules.Lease/Masterdom.Modules.Lease.csproj]
/Users/kady/Masterdom/src/Masterdom.Modules.Lease/Application/Services/ILeaseApplicationService.cs(15,20): warning CS1591: Missing XML comment for publicly visible type or member 'ILeaseApplicationService.TerminateLease(TerminateLeaseCommand)' [/Users/kady/Masterdom/src/Masterdom.Modules.Lease/Masterdom.Modules.Lease.csproj]
/Users/kady/Masterdom/src/Masterdom.Modules.Lease/Application/Services/ILeaseApplicationService.cs(17,20): warning CS1591: Missing XML comment for publicly visible type or member 'ILeaseApplicationService.ExpireLease(ExpireLeaseCommand)' [/Users/kady/Masterdom/src/Masterdom.Modules.Lease/Masterdom.Modules.Lease.csproj]
/Users/kady/Masterdom/src/Masterdom.Modules.Lease/Application/Services/ILeaseApplicationService.cs(19,20): warning CS1591: Missing XML comment for publicly visible type or member 'ILeaseApplicationService.ChangeCommercialTerms(ChangeCommercialTermsCommand)' [/Users/kady/Masterdom/src/Masterdom.Modules.Lease/Masterdom.Modules.Lease.csproj]
/Users/kady/Masterdom/src/Masterdom.Modules.Lease/Application/Services/ILeaseApplicationService.cs(21,20): warning CS1591: Missing XML comment for publicly visible type or member 'ILeaseApplicationService.CloseLease(CloseLeaseCommand)' [/Users/kady/Masterdom/src/Masterdom.Modules.Lease/Masterdom.Modules.Lease.csproj]
/Users/kady/Masterdom/src/Masterdom.Modules.Lease/Application/Services/ILeaseApplicationService.cs(23,21): warning CS1591: Missing XML comment for publicly visible type or member 'ILeaseApplicationService.GetLease(GetLeaseByIdQuery)' [/Users/kady/Masterdom/src/Masterdom.Modules.Lease/Masterdom.Modules.Lease.csproj]
/Users/kady/Masterdom/src/Masterdom.Modules.Lease/Application/Services/ILeaseApplicationService.cs(25,21): warning CS1591: Missing XML comment for publicly visible type or member 'ILeaseApplicationService.GetLeaseByNumber(GetLeaseByNumberQuery)' [/Users/kady/Masterdom/src/Masterdom.Modules.Lease/Masterdom.Modules.Lease.csproj]
/Users/kady/Masterdom/src/Masterdom.Modules.Lease/Application/Services/LeaseApplicationService.cs(9,21): warning CS1591: Missing XML comment for publicly visible type or member 'LeaseApplicationService' [/Users/kady/Masterdom/src/Masterdom.Modules.Lease/Masterdom.Modules.Lease.csproj]
/Users/kady/Masterdom/src/Masterdom.Modules.Lease/Application/Services/LeaseApplicationService.cs(15,12): warning CS1591: Missing XML comment for publicly visible type or member 'LeaseApplicationService.LeaseApplicationService(ILeaseRepository, ILeaseUnitOfWork, ILeasePlatformOrchestrator)' [/Users/kady/Masterdom/src/Masterdom.Modules.Lease/Masterdom.Modules.Lease.csproj]
/Users/kady/Masterdom/src/Masterdom.Modules.Lease/Application/Services/LeaseApplicationService.cs(25,27): warning CS1591: Missing XML comment for publicly visible type or member 'LeaseApplicationService.CreateLease(CreateLeaseCommand)' [/Users/kady/Masterdom/src/Masterdom.Modules.Lease/Masterdom.Modules.Lease.csproj]
/Users/kady/Masterdom/src/Masterdom.Modules.Lease/Application/Services/LeaseApplicationService.cs(60,27): warning CS1591: Missing XML comment for publicly visible type or member 'LeaseApplicationService.ActivateLease(ActivateLeaseCommand)' [/Users/kady/Masterdom/src/Masterdom.Modules.Lease/Masterdom.Modules.Lease.csproj]
/Users/kady/Masterdom/src/Masterdom.Modules.Lease/Application/Services/LeaseApplicationService.cs(71,27): warning CS1591: Missing XML comment for publicly visible type or member 'LeaseApplicationService.RenewLease(RenewLeaseCommand)' [/Users/kady/Masterdom/src/Masterdom.Modules.Lease/Masterdom.Modules.Lease.csproj]
/Users/kady/Masterdom/src/Masterdom.Modules.Lease/Application/Services/LeaseApplicationService.cs(82,27): warning CS1591: Missing XML comment for publicly visible type or member 'LeaseApplicationService.TerminateLease(TerminateLeaseCommand)' [/Users/kady/Masterdom/src/Masterdom.Modules.Lease/Masterdom.Modules.Lease.csproj]
/Users/kady/Masterdom/src/Masterdom.Modules.Lease/Application/Services/LeaseApplicationService.cs(93,27): warning CS1591: Missing XML comment for publicly visible type or member 'LeaseApplicationService.ExpireLease(ExpireLeaseCommand)' [/Users/kady/Masterdom/src/Masterdom.Modules.Lease/Masterdom.Modules.Lease.csproj]
/Users/kady/Masterdom/src/Masterdom.Modules.Lease/Application/Services/LeaseApplicationService.cs(104,27): warning CS1591: Missing XML comment for publicly visible type or member 'LeaseApplicationService.ChangeCommercialTerms(ChangeCommercialTermsCommand)' [/Users/kady/Masterdom/src/Masterdom.Modules.Lease/Masterdom.Modules.Lease.csproj]
/Users/kady/Masterdom/src/Masterdom.Modules.Lease/Application/Services/LeaseApplicationService.cs(115,27): warning CS1591: Missing XML comment for publicly visible type or member 'LeaseApplicationService.CloseLease(CloseLeaseCommand)' [/Users/kady/Masterdom/src/Masterdom.Modules.Lease/Masterdom.Modules.Lease.csproj]
/Users/kady/Masterdom/src/Masterdom.Modules.Lease/Application/Services/LeaseApplicationService.cs(126,28): warning CS1591: Missing XML comment for publicly visible type or member 'LeaseApplicationService.GetLease(GetLeaseByIdQuery)' [/Users/kady/Masterdom/src/Masterdom.Modules.Lease/Masterdom.Modules.Lease.csproj]
/Users/kady/Masterdom/src/Masterdom.Modules.Lease/Application/Services/LeaseApplicationService.cs(132,28): warning CS1591: Missing XML comment for publicly visible type or member 'LeaseApplicationService.GetLeaseByNumber(GetLeaseByNumberQuery)' [/Users/kady/Masterdom/src/Masterdom.Modules.Lease/Masterdom.Modules.Lease.csproj]
/Users/kady/Masterdom/src/Masterdom.Modules.Lease/Application/Support/ExecutionResult.cs(8,15): warning CS1591: Missing XML comment for publicly visible type or member 'ExecutionResult.ExecutionResult(bool, string?, string?)' [/Users/kady/Masterdom/src/Masterdom.Modules.Lease/Masterdom.Modules.Lease.csproj]
/Users/kady/Masterdom/src/Masterdom.Modules.Lease/Application/Support/ExecutionResult.cs(15,17): warning CS1591: Missing XML comment for publicly visible type or member 'ExecutionResult.IsSuccess' [/Users/kady/Masterdom/src/Masterdom.Modules.Lease/Masterdom.Modules.Lease.csproj]
/Users/kady/Masterdom/src/Masterdom.Modules.Lease/Application/Support/ExecutionResult.cs(17,20): warning CS1591: Missing XML comment for publicly visible type or member 'ExecutionResult.ErrorCode' [/Users/kady/Masterdom/src/Masterdom.Modules.Lease/Masterdom.Modules.Lease.csproj]
/Users/kady/Masterdom/src/Masterdom.Modules.Lease/Application/Support/ExecutionResult.cs(19,20): warning CS1591: Missing XML comment for publicly visible type or member 'ExecutionResult.ErrorMessage' [/Users/kady/Masterdom/src/Masterdom.Modules.Lease/Masterdom.Modules.Lease.csproj]
/Users/kady/Masterdom/src/Masterdom.Modules.Lease/Application/Support/ExecutionResult.cs(21,35): warning CS1591: Missing XML comment for publicly visible type or member 'ExecutionResult.Success()' [/Users/kady/Masterdom/src/Masterdom.Modules.Lease/Masterdom.Modules.Lease.csproj]
/Users/kady/Masterdom/src/Masterdom.Modules.Lease/Application/Support/ExecutionResult.cs(26,35): warning CS1591: Missing XML comment for publicly visible type or member 'ExecutionResult.Failure(string, string)' [/Users/kady/Masterdom/src/Masterdom.Modules.Lease/Masterdom.Modules.Lease.csproj]
/Users/kady/Masterdom/src/Masterdom.Modules.Lease/Application/Support/ExecutionResult.cs(46,15): warning CS1591: Missing XML comment for publicly visible type or member 'ExecutionResult<T>.Value' [/Users/kady/Masterdom/src/Masterdom.Modules.Lease/Masterdom.Modules.Lease.csproj]
/Users/kady/Masterdom/src/Masterdom.Modules.Lease/Application/Support/ExecutionResult.cs(48,38): warning CS1591: Missing XML comment for publicly visible type or member 'ExecutionResult<T>.Success(T)' [/Users/kady/Masterdom/src/Masterdom.Modules.Lease/Masterdom.Modules.Lease.csproj]
/Users/kady/Masterdom/src/Masterdom.Modules.Lease/Application/Support/ExecutionResult.cs(54,38): warning CS1591: Missing XML comment for publicly visible type or member 'ExecutionResult<T>.Failure(string, string)' [/Users/kady/Masterdom/src/Masterdom.Modules.Lease/Masterdom.Modules.Lease.csproj]
/Users/kady/Masterdom/src/Masterdom.Modules.Lease/Application/Support/ICommandHandler.cs(8,13): warning CS1591: Missing XML comment for publicly visible type or member 'ICommandHandler<TCommand, TResult>.Handle(TCommand)' [/Users/kady/Masterdom/src/Masterdom.Modules.Lease/Masterdom.Modules.Lease.csproj]
/Users/kady/Masterdom/src/Masterdom.Modules.Lease/Application/Support/ILeasePlatformOrchestrator.cs(10,10): warning CS1591: Missing XML comment for publicly visible type or member 'ILeasePlatformOrchestrator.OnLeaseMutated(Lease, string)' [/Users/kady/Masterdom/src/Masterdom.Modules.Lease/Masterdom.Modules.Lease.csproj]
/Users/kady/Masterdom/src/Masterdom.Modules.Lease/Application/Support/ILeaseUnitOfWork.cs(8,10): warning CS1591: Missing XML comment for publicly visible type or member 'ILeaseUnitOfWork.Execute(Action)' [/Users/kady/Masterdom/src/Masterdom.Modules.Lease/Masterdom.Modules.Lease.csproj]
/Users/kady/Masterdom/src/Masterdom.Modules.Lease/Application/Support/IQueryHandler.cs(8,13): warning CS1591: Missing XML comment for publicly visible type or member 'IQueryHandler<TQuery, TResult>.Handle(TQuery)' [/Users/kady/Masterdom/src/Masterdom.Modules.Lease/Masterdom.Modules.Lease.csproj]
/Users/kady/Masterdom/src/Masterdom.Modules.Lease/Domain/Entities/Lease/BillingFrequency.cs(10,45): warning CS1591: Missing XML comment for publicly visible type or member 'BillingFrequency.Monthly' [/Users/kady/Masterdom/src/Masterdom.Modules.Lease/Masterdom.Modules.Lease.csproj]
/Users/kady/Masterdom/src/Masterdom.Modules.Lease/Domain/Entities/Lease/BillingFrequency.cs(11,45): warning CS1591: Missing XML comment for publicly visible type or member 'BillingFrequency.Quarterly' [/Users/kady/Masterdom/src/Masterdom.Modules.Lease/Masterdom.Modules.Lease.csproj]
/Users/kady/Masterdom/src/Masterdom.Modules.Lease/Domain/Entities/Lease/BillingFrequency.cs(12,45): warning CS1591: Missing XML comment for publicly visible type or member 'BillingFrequency.Yearly' [/Users/kady/Masterdom/src/Masterdom.Modules.Lease/Masterdom.Modules.Lease.csproj]
/Users/kady/Masterdom/src/Masterdom.Modules.Lease/Domain/Entities/Lease/BillingFrequency.cs(19,19): warning CS1591: Missing XML comment for publicly visible type or member 'BillingFrequency.Value' [/Users/kady/Masterdom/src/Masterdom.Modules.Lease/Masterdom.Modules.Lease.csproj]
/Users/kady/Masterdom/src/Masterdom.Modules.Lease/Domain/Entities/Lease/BillingFrequency.cs(21,36): warning CS1591: Missing XML comment for publicly visible type or member 'BillingFrequency.Create(string)' [/Users/kady/Masterdom/src/Masterdom.Modules.Lease/Masterdom.Modules.Lease.csproj]
/Users/kady/Masterdom/src/Masterdom.Modules.Lease/Domain/Entities/Lease/BillingFrequency.cs(34,45): warning CS1591: Missing XML comment for publicly visible type or member 'BillingFrequency.GetEqualityComponents()' [/Users/kady/Masterdom/src/Masterdom.Modules.Lease/Masterdom.Modules.Lease.csproj]
/Users/kady/Masterdom/src/Masterdom.Modules.Lease/Domain/Entities/Lease/ClauseCollection.cs(17,39): warning CS1591: Missing XML comment for publicly visible type or member 'ClauseCollection.Items' [/Users/kady/Masterdom/src/Masterdom.Modules.Lease/Masterdom.Modules.Lease.csproj]
/Users/kady/Masterdom/src/Masterdom.Modules.Lease/Domain/Entities/Lease/ClauseCollection.cs(19,36): warning CS1591: Missing XML comment for publicly visible type or member 'ClauseCollection.Create(IEnumerable<LeaseClause>)' [/Users/kady/Masterdom/src/Masterdom.Modules.Lease/Masterdom.Modules.Lease.csproj]
/Users/kady/Masterdom/src/Masterdom.Modules.Lease/Domain/Entities/Lease/ClauseCollection.cs(41,45): warning CS1591: Missing XML comment for publicly visible type or member 'ClauseCollection.GetEqualityComponents()' [/Users/kady/Masterdom/src/Masterdom.Modules.Lease/Masterdom.Modules.Lease.csproj]
/Users/kady/Masterdom/src/Masterdom.Modules.Lease/Domain/Entities/Lease/CommercialTerms.cs(22,22): warning CS1591: Missing XML comment for publicly visible type or member 'CommercialTerms.RentTerms' [/Users/kady/Masterdom/src/Masterdom.Modules.Lease/Masterdom.Modules.Lease.csproj]
/Users/kady/Masterdom/src/Masterdom.Modules.Lease/Domain/Entities/Lease/CommercialTerms.cs(24,25): warning CS1591: Missing XML comment for publicly visible type or member 'CommercialTerms.DepositTerms' [/Users/kady/Masterdom/src/Masterdom.Modules.Lease/Masterdom.Modules.Lease.csproj]
/Users/kady/Masterdom/src/Masterdom.Modules.Lease/Domain/Entities/Lease/CommercialTerms.cs(26,25): warning CS1591: Missing XML comment for publicly visible type or member 'CommercialTerms.RenewalTerms' [/Users/kady/Masterdom/src/Masterdom.Modules.Lease/Masterdom.Modules.Lease.csproj]
/Users/kady/Masterdom/src/Masterdom.Modules.Lease/Domain/Entities/Lease/CommercialTerms.cs(28,29): warning CS1591: Missing XML comment for publicly visible type or member 'CommercialTerms.TerminationTerms' [/Users/kady/Masterdom/src/Masterdom.Modules.Lease/Masterdom.Modules.Lease.csproj]
/Users/kady/Masterdom/src/Masterdom.Modules.Lease/Domain/Entities/Lease/CommercialTerms.cs(30,35): warning CS1591: Missing XML comment for publicly visible type or member 'CommercialTerms.Create(RentTerms, DepositTerms, RenewalTerms, TerminationTerms)' [/Users/kady/Masterdom/src/Masterdom.Modules.Lease/Masterdom.Modules.Lease.csproj]
/Users/kady/Masterdom/src/Masterdom.Modules.Lease/Domain/Entities/Lease/CommercialTerms.cs(44,45): warning CS1591: Missing XML comment for publicly visible type or member 'CommercialTerms.GetEqualityComponents()' [/Users/kady/Masterdom/src/Masterdom.Modules.Lease/Masterdom.Modules.Lease.csproj]
/Users/kady/Masterdom/src/Masterdom.Modules.Lease/Domain/Entities/Lease/DepositTerms.cs(22,20): warning CS1591: Missing XML comment for publicly visible type or member 'DepositTerms.DepositAmount' [/Users/kady/Masterdom/src/Masterdom.Modules.Lease/Masterdom.Modules.Lease.csproj]
/Users/kady/Masterdom/src/Masterdom.Modules.Lease/Domain/Entities/Lease/DepositTerms.cs(24,17): warning CS1591: Missing XML comment for publicly visible type or member 'DepositTerms.IsRefundable' [/Users/kady/Masterdom/src/Masterdom.Modules.Lease/Masterdom.Modules.Lease.csproj]
/Users/kady/Masterdom/src/Masterdom.Modules.Lease/Domain/Entities/Lease/DepositTerms.cs(26,37): warning CS1591: Missing XML comment for publicly visible type or member 'DepositTerms.SecurityDepositReference' [/Users/kady/Masterdom/src/Masterdom.Modules.Lease/Masterdom.Modules.Lease.csproj]
/Users/kady/Masterdom/src/Masterdom.Modules.Lease/Domain/Entities/Lease/DepositTerms.cs(28,19): warning CS1591: Missing XML comment for publicly visible type or member 'DepositTerms.DepositRulesReference' [/Users/kady/Masterdom/src/Masterdom.Modules.Lease/Masterdom.Modules.Lease.csproj]
/Users/kady/Masterdom/src/Masterdom.Modules.Lease/Domain/Entities/Lease/DepositTerms.cs(30,32): warning CS1591: Missing XML comment for publicly visible type or member 'DepositTerms.Create(decimal, bool, SecurityDepositReference, string)' [/Users/kady/Masterdom/src/Masterdom.Modules.Lease/Masterdom.Modules.Lease.csproj]
/Users/kady/Masterdom/src/Masterdom.Modules.Lease/Domain/Entities/Lease/DepositTerms.cs(57,45): warning CS1591: Missing XML comment for publicly visible type or member 'DepositTerms.GetEqualityComponents()' [/Users/kady/Masterdom/src/Masterdom.Modules.Lease/Masterdom.Modules.Lease.csproj]
/Users/kady/Masterdom/src/Masterdom.Modules.Lease/Domain/Entities/Lease/EffectiveDate.cs(15,21): warning CS1591: Missing XML comment for publicly visible type or member 'EffectiveDate.Value' [/Users/kady/Masterdom/src/Masterdom.Modules.Lease/Masterdom.Modules.Lease.csproj]
/Users/kady/Masterdom/src/Masterdom.Modules.Lease/Domain/Entities/Lease/EffectiveDate.cs(17,33): warning CS1591: Missing XML comment for publicly visible type or member 'EffectiveDate.Create(DateOnly)' [/Users/kady/Masterdom/src/Masterdom.Modules.Lease/Masterdom.Modules.Lease.csproj]
/Users/kady/Masterdom/src/Masterdom.Modules.Lease/Domain/Entities/Lease/EffectiveDate.cs(22,45): warning CS1591: Missing XML comment for publicly visible type or member 'EffectiveDate.GetEqualityComponents()' [/Users/kady/Masterdom/src/Masterdom.Modules.Lease/Masterdom.Modules.Lease.csproj]
/Users/kady/Masterdom/src/Masterdom.Modules.Lease/Domain/Entities/Lease/EffectivePeriod.cs(16,26): warning CS1591: Missing XML comment for publicly visible type or member 'EffectivePeriod.EffectiveDate' [/Users/kady/Masterdom/src/Masterdom.Modules.Lease/Masterdom.Modules.Lease.csproj]
/Users/kady/Masterdom/src/Masterdom.Modules.Lease/Domain/Entities/Lease/EffectivePeriod.cs(18,23): warning CS1591: Missing XML comment for publicly visible type or member 'EffectivePeriod.ExpiryDate' [/Users/kady/Masterdom/src/Masterdom.Modules.Lease/Masterdom.Modules.Lease.csproj]
/Users/kady/Masterdom/src/Masterdom.Modules.Lease/Domain/Entities/Lease/EffectivePeriod.cs(20,35): warning CS1591: Missing XML comment for publicly visible type or member 'EffectivePeriod.Create(EffectiveDate, ExpiryDate)' [/Users/kady/Masterdom/src/Masterdom.Modules.Lease/Masterdom.Modules.Lease.csproj]
/Users/kady/Masterdom/src/Masterdom.Modules.Lease/Domain/Entities/Lease/EffectivePeriod.cs(33,45): warning CS1591: Missing XML comment for publicly visible type or member 'EffectivePeriod.GetEqualityComponents()' [/Users/kady/Masterdom/src/Masterdom.Modules.Lease/Masterdom.Modules.Lease.csproj]
/Users/kady/Masterdom/src/Masterdom.Modules.Lease/Domain/Entities/Lease/Events/CommercialTermsChangedDomainEvent.cs(5,22): warning CS1591: Missing XML comment for publicly visible type or member 'CommercialTermsChangedDomainEvent' [/Users/kady/Masterdom/src/Masterdom.Modules.Lease/Masterdom.Modules.Lease.csproj]
/Users/kady/Masterdom/src/Masterdom.Modules.Lease/Domain/Entities/Lease/Events/CommercialTermsChangedDomainEvent.cs(5,22): warning CS1591: Missing XML comment for publicly visible type or member 'CommercialTermsChangedDomainEvent.CommercialTermsChangedDomainEvent(LeaseId, int, int, DateTime)' [/Users/kady/Masterdom/src/Masterdom.Modules.Lease/Masterdom.Modules.Lease.csproj]
/Users/kady/Masterdom/src/Masterdom.Modules.Lease/Domain/Entities/Lease/Events/CommercialTermsChangedDomainEvent.cs(6,13): warning CS1591: Missing XML comment for publicly visible type or member 'CommercialTermsChangedDomainEvent.LeaseId' [/Users/kady/Masterdom/src/Masterdom.Modules.Lease/Masterdom.Modules.Lease.csproj]
/Users/kady/Masterdom/src/Masterdom.Modules.Lease/Domain/Entities/Lease/Events/CommercialTermsChangedDomainEvent.cs(7,9): warning CS1591: Missing XML comment for publicly visible type or member 'CommercialTermsChangedDomainEvent.PreviousVersion' [/Users/kady/Masterdom/src/Masterdom.Modules.Lease/Masterdom.Modules.Lease.csproj]
/Users/kady/Masterdom/src/Masterdom.Modules.Lease/Domain/Entities/Lease/Events/CommercialTermsChangedDomainEvent.cs(8,9): warning CS1591: Missing XML comment for publicly visible type or member 'CommercialTermsChangedDomainEvent.NewVersion' [/Users/kady/Masterdom/src/Masterdom.Modules.Lease/Masterdom.Modules.Lease.csproj]
/Users/kady/Masterdom/src/Masterdom.Modules.Lease/Domain/Entities/Lease/Events/CommercialTermsChangedDomainEvent.cs(9,14): warning CS1591: Missing XML comment for publicly visible type or member 'CommercialTermsChangedDomainEvent.OccurredOnUtc' [/Users/kady/Masterdom/src/Masterdom.Modules.Lease/Masterdom.Modules.Lease.csproj]
/Users/kady/Masterdom/src/Masterdom.Modules.Lease/Domain/Entities/Lease/Events/LeaseActivatedDomainEvent.cs(5,22): warning CS1591: Missing XML comment for publicly visible type or member 'LeaseActivatedDomainEvent' [/Users/kady/Masterdom/src/Masterdom.Modules.Lease/Masterdom.Modules.Lease.csproj]
/Users/kady/Masterdom/src/Masterdom.Modules.Lease/Domain/Entities/Lease/Events/LeaseActivatedDomainEvent.cs(5,22): warning CS1591: Missing XML comment for publicly visible type or member 'LeaseActivatedDomainEvent.LeaseActivatedDomainEvent(LeaseId, int, DateTime)' [/Users/kady/Masterdom/src/Masterdom.Modules.Lease/Masterdom.Modules.Lease.csproj]
/Users/kady/Masterdom/src/Masterdom.Modules.Lease/Domain/Entities/Lease/Events/LeaseActivatedDomainEvent.cs(6,13): warning CS1591: Missing XML comment for publicly visible type or member 'LeaseActivatedDomainEvent.LeaseId' [/Users/kady/Masterdom/src/Masterdom.Modules.Lease/Masterdom.Modules.Lease.csproj]
/Users/kady/Masterdom/src/Masterdom.Modules.Lease/Domain/Entities/Lease/Events/LeaseActivatedDomainEvent.cs(7,9): warning CS1591: Missing XML comment for publicly visible type or member 'LeaseActivatedDomainEvent.VersionNumber' [/Users/kady/Masterdom/src/Masterdom.Modules.Lease/Masterdom.Modules.Lease.csproj]
/Users/kady/Masterdom/src/Masterdom.Modules.Lease/Domain/Entities/Lease/Events/LeaseActivatedDomainEvent.cs(8,14): warning CS1591: Missing XML comment for publicly visible type or member 'LeaseActivatedDomainEvent.OccurredOnUtc' [/Users/kady/Masterdom/src/Masterdom.Modules.Lease/Masterdom.Modules.Lease.csproj]
/Users/kady/Masterdom/src/Masterdom.Modules.Lease/Domain/Entities/Lease/Events/LeaseCreatedDomainEvent.cs(5,22): warning CS1591: Missing XML comment for publicly visible type or member 'LeaseCreatedDomainEvent' [/Users/kady/Masterdom/src/Masterdom.Modules.Lease/Masterdom.Modules.Lease.csproj]
/Users/kady/Masterdom/src/Masterdom.Modules.Lease/Domain/Entities/Lease/Events/LeaseCreatedDomainEvent.cs(5,22): warning CS1591: Missing XML comment for publicly visible type or member 'LeaseCreatedDomainEvent.LeaseCreatedDomainEvent(LeaseId, LeaseNumber, DateTime)' [/Users/kady/Masterdom/src/Masterdom.Modules.Lease/Masterdom.Modules.Lease.csproj]
/Users/kady/Masterdom/src/Masterdom.Modules.Lease/Domain/Entities/Lease/Events/LeaseCreatedDomainEvent.cs(6,13): warning CS1591: Missing XML comment for publicly visible type or member 'LeaseCreatedDomainEvent.LeaseId' [/Users/kady/Masterdom/src/Masterdom.Modules.Lease/Masterdom.Modules.Lease.csproj]
/Users/kady/Masterdom/src/Masterdom.Modules.Lease/Domain/Entities/Lease/Events/LeaseCreatedDomainEvent.cs(7,17): warning CS1591: Missing XML comment for publicly visible type or member 'LeaseCreatedDomainEvent.LeaseNumber' [/Users/kady/Masterdom/src/Masterdom.Modules.Lease/Masterdom.Modules.Lease.csproj]
/Users/kady/Masterdom/src/Masterdom.Modules.Lease/Domain/Entities/Lease/Events/LeaseCreatedDomainEvent.cs(8,14): warning CS1591: Missing XML comment for publicly visible type or member 'LeaseCreatedDomainEvent.OccurredOnUtc' [/Users/kady/Masterdom/src/Masterdom.Modules.Lease/Masterdom.Modules.Lease.csproj]
/Users/kady/Masterdom/src/Masterdom.Modules.Lease/Domain/Entities/Lease/Events/LeaseExpiredDomainEvent.cs(5,22): warning CS1591: Missing XML comment for publicly visible type or member 'LeaseExpiredDomainEvent' [/Users/kady/Masterdom/src/Masterdom.Modules.Lease/Masterdom.Modules.Lease.csproj]
/Users/kady/Masterdom/src/Masterdom.Modules.Lease/Domain/Entities/Lease/Events/LeaseExpiredDomainEvent.cs(5,22): warning CS1591: Missing XML comment for publicly visible type or member 'LeaseExpiredDomainEvent.LeaseExpiredDomainEvent(LeaseId, DateTime)' [/Users/kady/Masterdom/src/Masterdom.Modules.Lease/Masterdom.Modules.Lease.csproj]
/Users/kady/Masterdom/src/Masterdom.Modules.Lease/Domain/Entities/Lease/Events/LeaseExpiredDomainEvent.cs(6,13): warning CS1591: Missing XML comment for publicly visible type or member 'LeaseExpiredDomainEvent.LeaseId' [/Users/kady/Masterdom/src/Masterdom.Modules.Lease/Masterdom.Modules.Lease.csproj]
/Users/kady/Masterdom/src/Masterdom.Modules.Lease/Domain/Entities/Lease/Events/LeaseExpiredDomainEvent.cs(7,14): warning CS1591: Missing XML comment for publicly visible type or member 'LeaseExpiredDomainEvent.OccurredOnUtc' [/Users/kady/Masterdom/src/Masterdom.Modules.Lease/Masterdom.Modules.Lease.csproj]
/Users/kady/Masterdom/src/Masterdom.Modules.Lease/Domain/Entities/Lease/Events/LeaseRenewedDomainEvent.cs(5,22): warning CS1591: Missing XML comment for publicly visible type or member 'LeaseRenewedDomainEvent' [/Users/kady/Masterdom/src/Masterdom.Modules.Lease/Masterdom.Modules.Lease.csproj]
/Users/kady/Masterdom/src/Masterdom.Modules.Lease/Domain/Entities/Lease/Events/LeaseRenewedDomainEvent.cs(5,22): warning CS1591: Missing XML comment for publicly visible type or member 'LeaseRenewedDomainEvent.LeaseRenewedDomainEvent(LeaseId, int, int, RenewalDate, DateTime)' [/Users/kady/Masterdom/src/Masterdom.Modules.Lease/Masterdom.Modules.Lease.csproj]
/Users/kady/Masterdom/src/Masterdom.Modules.Lease/Domain/Entities/Lease/Events/LeaseRenewedDomainEvent.cs(6,13): warning CS1591: Missing XML comment for publicly visible type or member 'LeaseRenewedDomainEvent.LeaseId' [/Users/kady/Masterdom/src/Masterdom.Modules.Lease/Masterdom.Modules.Lease.csproj]
/Users/kady/Masterdom/src/Masterdom.Modules.Lease/Domain/Entities/Lease/Events/LeaseRenewedDomainEvent.cs(7,9): warning CS1591: Missing XML comment for publicly visible type or member 'LeaseRenewedDomainEvent.PreviousVersion' [/Users/kady/Masterdom/src/Masterdom.Modules.Lease/Masterdom.Modules.Lease.csproj]
/Users/kady/Masterdom/src/Masterdom.Modules.Lease/Domain/Entities/Lease/Events/LeaseRenewedDomainEvent.cs(8,9): warning CS1591: Missing XML comment for publicly visible type or member 'LeaseRenewedDomainEvent.NewVersion' [/Users/kady/Masterdom/src/Masterdom.Modules.Lease/Masterdom.Modules.Lease.csproj]
/Users/kady/Masterdom/src/Masterdom.Modules.Lease/Domain/Entities/Lease/Events/LeaseRenewedDomainEvent.cs(9,17): warning CS1591: Missing XML comment for publicly visible type or member 'LeaseRenewedDomainEvent.RenewalDate' [/Users/kady/Masterdom/src/Masterdom.Modules.Lease/Masterdom.Modules.Lease.csproj]
/Users/kady/Masterdom/src/Masterdom.Modules.Lease/Domain/Entities/Lease/Events/LeaseRenewedDomainEvent.cs(10,14): warning CS1591: Missing XML comment for publicly visible type or member 'LeaseRenewedDomainEvent.OccurredOnUtc' [/Users/kady/Masterdom/src/Masterdom.Modules.Lease/Masterdom.Modules.Lease.csproj]
/Users/kady/Masterdom/src/Masterdom.Modules.Lease/Domain/Entities/Lease/Events/LeaseTerminatedDomainEvent.cs(5,22): warning CS1591: Missing XML comment for publicly visible type or member 'LeaseTerminatedDomainEvent' [/Users/kady/Masterdom/src/Masterdom.Modules.Lease/Masterdom.Modules.Lease.csproj]
/Users/kady/Masterdom/src/Masterdom.Modules.Lease/Domain/Entities/Lease/Events/LeaseTerminatedDomainEvent.cs(5,22): warning CS1591: Missing XML comment for publicly visible type or member 'LeaseTerminatedDomainEvent.LeaseTerminatedDomainEvent(LeaseId, TerminationReason, DateTime)' [/Users/kady/Masterdom/src/Masterdom.Modules.Lease/Masterdom.Modules.Lease.csproj]
/Users/kady/Masterdom/src/Masterdom.Modules.Lease/Domain/Entities/Lease/Events/LeaseTerminatedDomainEvent.cs(6,13): warning CS1591: Missing XML comment for publicly visible type or member 'LeaseTerminatedDomainEvent.LeaseId' [/Users/kady/Masterdom/src/Masterdom.Modules.Lease/Masterdom.Modules.Lease.csproj]
/Users/kady/Masterdom/src/Masterdom.Modules.Lease/Domain/Entities/Lease/Events/LeaseTerminatedDomainEvent.cs(7,23): warning CS1591: Missing XML comment for publicly visible type or member 'LeaseTerminatedDomainEvent.Reason' [/Users/kady/Masterdom/src/Masterdom.Modules.Lease/Masterdom.Modules.Lease.csproj]
/Users/kady/Masterdom/src/Masterdom.Modules.Lease/Domain/Entities/Lease/Events/LeaseTerminatedDomainEvent.cs(8,14): warning CS1591: Missing XML comment for publicly visible type or member 'LeaseTerminatedDomainEvent.OccurredOnUtc' [/Users/kady/Masterdom/src/Masterdom.Modules.Lease/Masterdom.Modules.Lease.csproj]
/Users/kady/Masterdom/src/Masterdom.Modules.Lease/Domain/Entities/Lease/ExpiryDate.cs(15,21): warning CS1591: Missing XML comment for publicly visible type or member 'ExpiryDate.Value' [/Users/kady/Masterdom/src/Masterdom.Modules.Lease/Masterdom.Modules.Lease.csproj]
/Users/kady/Masterdom/src/Masterdom.Modules.Lease/Domain/Entities/Lease/ExpiryDate.cs(17,30): warning CS1591: Missing XML comment for publicly visible type or member 'ExpiryDate.Create(DateOnly)' [/Users/kady/Masterdom/src/Masterdom.Modules.Lease/Masterdom.Modules.Lease.csproj]
/Users/kady/Masterdom/src/Masterdom.Modules.Lease/Domain/Entities/Lease/ExpiryDate.cs(22,45): warning CS1591: Missing XML comment for publicly visible type or member 'ExpiryDate.GetEqualityComponents()' [/Users/kady/Masterdom/src/Masterdom.Modules.Lease/Masterdom.Modules.Lease.csproj]
/Users/kady/Masterdom/src/Masterdom.Modules.Lease/Domain/Entities/Lease/Lease.cs(37,24): warning CS1591: Missing XML comment for publicly visible type or member 'Lease.Number' [/Users/kady/Masterdom/src/Masterdom.Modules.Lease/Masterdom.Modules.Lease.csproj]
/Users/kady/Masterdom/src/Masterdom.Modules.Lease/Domain/Entities/Lease/Lease.cs(39,22): warning CS1591: Missing XML comment for publicly visible type or member 'Lease.Type' [/Users/kady/Masterdom/src/Masterdom.Modules.Lease/Masterdom.Modules.Lease.csproj]
/Users/kady/Masterdom/src/Masterdom.Modules.Lease/Domain/Entities/Lease/Lease.cs(41,29): warning CS1591: Missing XML comment for publicly visible type or member 'Lease.Tenancy' [/Users/kady/Masterdom/src/Masterdom.Modules.Lease/Masterdom.Modules.Lease.csproj]
/Users/kady/Masterdom/src/Masterdom.Modules.Lease/Domain/Entities/Lease/Lease.cs(43,30): warning CS1591: Missing XML comment for publicly visible type or member 'Lease.Property' [/Users/kady/Masterdom/src/Masterdom.Modules.Lease/Masterdom.Modules.Lease.csproj]
/Users/kady/Masterdom/src/Masterdom.Modules.Lease/Domain/Entities/Lease/Lease.cs(45,26): warning CS1591: Missing XML comment for publicly visible type or member 'Lease.Unit' [/Users/kady/Masterdom/src/Masterdom.Modules.Lease/Masterdom.Modules.Lease.csproj]
/Users/kady/Masterdom/src/Masterdom.Modules.Lease/Domain/Entities/Lease/Lease.cs(47,28): warning CS1591: Missing XML comment for publicly visible type or member 'Lease.Person' [/Users/kady/Masterdom/src/Masterdom.Modules.Lease/Masterdom.Modules.Lease.csproj]
/Users/kady/Masterdom/src/Masterdom.Modules.Lease/Domain/Entities/Lease/Lease.cs(49,24): warning CS1591: Missing XML comment for publicly visible type or member 'Lease.Status' [/Users/kady/Masterdom/src/Masterdom.Modules.Lease/Masterdom.Modules.Lease.csproj]
/Users/kady/Masterdom/src/Masterdom.Modules.Lease/Domain/Entities/Lease/Lease.cs(51,31): warning CS1591: Missing XML comment for publicly visible type or member 'Lease.TerminationReason' [/Users/kady/Masterdom/src/Masterdom.Modules.Lease/Masterdom.Modules.Lease.csproj]
/Users/kady/Masterdom/src/Masterdom.Modules.Lease/Domain/Entities/Lease/Lease.cs(53,46): warning CS1591: Missing XML comment for publicly visible type or member 'Lease.Versions' [/Users/kady/Masterdom/src/Masterdom.Modules.Lease/Masterdom.Modules.Lease.csproj]
/Users/kady/Masterdom/src/Masterdom.Modules.Lease/Domain/Entities/Lease/Lease.cs(55,46): warning CS1591: Missing XML comment for publicly visible type or member 'Lease.DomainEvents' [/Users/kady/Masterdom/src/Masterdom.Modules.Lease/Masterdom.Modules.Lease.csproj]
/Users/kady/Masterdom/src/Masterdom.Modules.Lease/Domain/Entities/Lease/Lease.cs(57,25): warning CS1591: Missing XML comment for publicly visible type or member 'Lease.Create(LeaseNumber, LeaseType, TenancyReference, PropertyReference, UnitReference, PersonReference, EffectivePeriod, CommercialTerms, LeaseClauses)' [/Users/kady/Masterdom/src/Masterdom.Modules.Lease/Masterdom.Modules.Lease.csproj]
/Users/kady/Masterdom/src/Masterdom.Modules.Lease/Domain/Entities/Lease/Lease.cs(101,25): warning CS1591: Missing XML comment for publicly visible type or member 'Lease.CurrentVersion' [/Users/kady/Masterdom/src/Masterdom.Modules.Lease/Masterdom.Modules.Lease.csproj]
/Users/kady/Masterdom/src/Masterdom.Modules.Lease/Domain/Entities/Lease/Lease.cs(103,17): warning CS1591: Missing XML comment for publicly visible type or member 'Lease.Activate()' [/Users/kady/Masterdom/src/Masterdom.Modules.Lease/Masterdom.Modules.Lease.csproj]
/Users/kady/Masterdom/src/Masterdom.Modules.Lease/Domain/Entities/Lease/Lease.cs(122,17): warning CS1591: Missing XML comment for publicly visible type or member 'Lease.Renew(RenewalDate, EffectivePeriod, CommercialTerms, LeaseClauses)' [/Users/kady/Masterdom/src/Masterdom.Modules.Lease/Masterdom.Modules.Lease.csproj]
/Users/kady/Masterdom/src/Masterdom.Modules.Lease/Domain/Entities/Lease/Lease.cs(159,17): warning CS1591: Missing XML comment for publicly visible type or member 'Lease.ChangeCommercialTerms(CommercialTerms, EffectivePeriod)' [/Users/kady/Masterdom/src/Masterdom.Modules.Lease/Masterdom.Modules.Lease.csproj]
/Users/kady/Masterdom/src/Masterdom.Modules.Lease/Domain/Entities/Lease/Lease.cs(184,17): warning CS1591: Missing XML comment for publicly visible type or member 'Lease.Terminate(TerminationReason)' [/Users/kady/Masterdom/src/Masterdom.Modules.Lease/Masterdom.Modules.Lease.csproj]
/Users/kady/Masterdom/src/Masterdom.Modules.Lease/Domain/Entities/Lease/Lease.cs(195,17): warning CS1591: Missing XML comment for publicly visible type or member 'Lease.Expire()' [/Users/kady/Masterdom/src/Masterdom.Modules.Lease/Masterdom.Modules.Lease.csproj]
/Users/kady/Masterdom/src/Masterdom.Modules.Lease/Domain/Entities/Lease/Lease.cs(204,17): warning CS1591: Missing XML comment for publicly visible type or member 'Lease.Close()' [/Users/kady/Masterdom/src/Masterdom.Modules.Lease/Masterdom.Modules.Lease.csproj]
/Users/kady/Masterdom/src/Masterdom.Modules.Lease/Domain/Entities/Lease/Lease.cs(214,17): warning CS1591: Missing XML comment for publicly visible type or member 'Lease.ClearDomainEvents()' [/Users/kady/Masterdom/src/Masterdom.Modules.Lease/Masterdom.Modules.Lease.csproj]
/Users/kady/Masterdom/src/Masterdom.Modules.Lease/Domain/Entities/Lease/LeaseClause.cs(16,19): warning CS1591: Missing XML comment for publicly visible type or member 'LeaseClause.Code' [/Users/kady/Masterdom/src/Masterdom.Modules.Lease/Masterdom.Modules.Lease.csproj]
/Users/kady/Masterdom/src/Masterdom.Modules.Lease/Domain/Entities/Lease/LeaseClause.cs(18,19): warning CS1591: Missing XML comment for publicly visible type or member 'LeaseClause.Text' [/Users/kady/Masterdom/src/Masterdom.Modules.Lease/Masterdom.Modules.Lease.csproj]
/Users/kady/Masterdom/src/Masterdom.Modules.Lease/Domain/Entities/Lease/LeaseClause.cs(20,31): warning CS1591: Missing XML comment for publicly visible type or member 'LeaseClause.Create(string, string)' [/Users/kady/Masterdom/src/Masterdom.Modules.Lease/Masterdom.Modules.Lease.csproj]
/Users/kady/Masterdom/src/Masterdom.Modules.Lease/Domain/Entities/Lease/LeaseClause.cs(41,45): warning CS1591: Missing XML comment for publicly visible type or member 'LeaseClause.GetEqualityComponents()' [/Users/kady/Masterdom/src/Masterdom.Modules.Lease/Masterdom.Modules.Lease.csproj]
/Users/kady/Masterdom/src/Masterdom.Modules.Lease/Domain/Entities/Lease/LeaseClauses.cs(15,29): warning CS1591: Missing XML comment for publicly visible type or member 'LeaseClauses.Collection' [/Users/kady/Masterdom/src/Masterdom.Modules.Lease/Masterdom.Modules.Lease.csproj]
/Users/kady/Masterdom/src/Masterdom.Modules.Lease/Domain/Entities/Lease/LeaseClauses.cs(17,32): warning CS1591: Missing XML comment for publicly visible type or member 'LeaseClauses.Create(ClauseCollection)' [/Users/kady/Masterdom/src/Masterdom.Modules.Lease/Masterdom.Modules.Lease.csproj]
/Users/kady/Masterdom/src/Masterdom.Modules.Lease/Domain/Entities/Lease/LeaseClauses.cs(23,45): warning CS1591: Missing XML comment for publicly visible type or member 'LeaseClauses.GetEqualityComponents()' [/Users/kady/Masterdom/src/Masterdom.Modules.Lease/Masterdom.Modules.Lease.csproj]
/Users/kady/Masterdom/src/Masterdom.Modules.Lease/Domain/Entities/Lease/LeaseId.cs(10,27): warning CS1591: Missing XML comment for publicly visible type or member 'LeaseId.New()' [/Users/kady/Masterdom/src/Masterdom.Modules.Lease/Masterdom.Modules.Lease.csproj]
/Users/kady/Masterdom/src/Masterdom.Modules.Lease/Domain/Entities/Lease/LeaseId.cs(15,27): warning CS1591: Missing XML comment for publicly visible type or member 'LeaseId.From(Guid)' [/Users/kady/Masterdom/src/Masterdom.Modules.Lease/Masterdom.Modules.Lease.csproj]
/Users/kady/Masterdom/src/Masterdom.Modules.Lease/Domain/Entities/Lease/LeaseNumber.cs(15,19): warning CS1591: Missing XML comment for publicly visible type or member 'LeaseNumber.Value' [/Users/kady/Masterdom/src/Masterdom.Modules.Lease/Masterdom.Modules.Lease.csproj]
/Users/kady/Masterdom/src/Masterdom.Modules.Lease/Domain/Entities/Lease/LeaseNumber.cs(17,31): warning CS1591: Missing XML comment for publicly visible type or member 'LeaseNumber.Create(string)' [/Users/kady/Masterdom/src/Masterdom.Modules.Lease/Masterdom.Modules.Lease.csproj]
/Users/kady/Masterdom/src/Masterdom.Modules.Lease/Domain/Entities/Lease/LeaseNumber.cs(30,45): warning CS1591: Missing XML comment for publicly visible type or member 'LeaseNumber.GetEqualityComponents()' [/Users/kady/Masterdom/src/Masterdom.Modules.Lease/Masterdom.Modules.Lease.csproj]
/Users/kady/Masterdom/src/Masterdom.Modules.Lease/Domain/Entities/Lease/LeaseNumber.cs(35,28): warning CS1591: Missing XML comment for publicly visible type or member 'LeaseNumber.ToString()' [/Users/kady/Masterdom/src/Masterdom.Modules.Lease/Masterdom.Modules.Lease.csproj]
/Users/kady/Masterdom/src/Masterdom.Modules.Lease/Domain/Entities/Lease/LeaseStatus.cs(10,40): warning CS1591: Missing XML comment for publicly visible type or member 'LeaseStatus.Draft' [/Users/kady/Masterdom/src/Masterdom.Modules.Lease/Masterdom.Modules.Lease.csproj]
/Users/kady/Masterdom/src/Masterdom.Modules.Lease/Domain/Entities/Lease/LeaseStatus.cs(11,40): warning CS1591: Missing XML comment for publicly visible type or member 'LeaseStatus.Active' [/Users/kady/Masterdom/src/Masterdom.Modules.Lease/Masterdom.Modules.Lease.csproj]
/Users/kady/Masterdom/src/Masterdom.Modules.Lease/Domain/Entities/Lease/LeaseStatus.cs(12,40): warning CS1591: Missing XML comment for publicly visible type or member 'LeaseStatus.Terminated' [/Users/kady/Masterdom/src/Masterdom.Modules.Lease/Masterdom.Modules.Lease.csproj]
/Users/kady/Masterdom/src/Masterdom.Modules.Lease/Domain/Entities/Lease/LeaseStatus.cs(13,40): warning CS1591: Missing XML comment for publicly visible type or member 'LeaseStatus.Expired' [/Users/kady/Masterdom/src/Masterdom.Modules.Lease/Masterdom.Modules.Lease.csproj]
/Users/kady/Masterdom/src/Masterdom.Modules.Lease/Domain/Entities/Lease/LeaseStatus.cs(14,40): warning CS1591: Missing XML comment for publicly visible type or member 'LeaseStatus.Closed' [/Users/kady/Masterdom/src/Masterdom.Modules.Lease/Masterdom.Modules.Lease.csproj]
/Users/kady/Masterdom/src/Masterdom.Modules.Lease/Domain/Entities/Lease/LeaseStatus.cs(21,19): warning CS1591: Missing XML comment for publicly visible type or member 'LeaseStatus.Value' [/Users/kady/Masterdom/src/Masterdom.Modules.Lease/Masterdom.Modules.Lease.csproj]
/Users/kady/Masterdom/src/Masterdom.Modules.Lease/Domain/Entities/Lease/LeaseStatus.cs(23,31): warning CS1591: Missing XML comment for publicly visible type or member 'LeaseStatus.Create(string)' [/Users/kady/Masterdom/src/Masterdom.Modules.Lease/Masterdom.Modules.Lease.csproj]
/Users/kady/Masterdom/src/Masterdom.Modules.Lease/Domain/Entities/Lease/LeaseStatus.cs(38,45): warning CS1591: Missing XML comment for publicly visible type or member 'LeaseStatus.GetEqualityComponents()' [/Users/kady/Masterdom/src/Masterdom.Modules.Lease/Masterdom.Modules.Lease.csproj]
/Users/kady/Masterdom/src/Masterdom.Modules.Lease/Domain/Entities/Lease/LeaseStatus.cs(43,28): warning CS1591: Missing XML comment for publicly visible type or member 'LeaseStatus.ToString()' [/Users/kady/Masterdom/src/Masterdom.Modules.Lease/Masterdom.Modules.Lease.csproj]
/Users/kady/Masterdom/src/Masterdom.Modules.Lease/Domain/Entities/Lease/LeaseType.cs(10,38): warning CS1591: Missing XML comment for publicly visible type or member 'LeaseType.Residential' [/Users/kady/Masterdom/src/Masterdom.Modules.Lease/Masterdom.Modules.Lease.csproj]
/Users/kady/Masterdom/src/Masterdom.Modules.Lease/Domain/Entities/Lease/LeaseType.cs(11,38): warning CS1591: Missing XML comment for publicly visible type or member 'LeaseType.Commercial' [/Users/kady/Masterdom/src/Masterdom.Modules.Lease/Masterdom.Modules.Lease.csproj]
/Users/kady/Masterdom/src/Masterdom.Modules.Lease/Domain/Entities/Lease/LeaseType.cs(12,38): warning CS1591: Missing XML comment for publicly visible type or member 'LeaseType.Corporate' [/Users/kady/Masterdom/src/Masterdom.Modules.Lease/Masterdom.Modules.Lease.csproj]
/Users/kady/Masterdom/src/Masterdom.Modules.Lease/Domain/Entities/Lease/LeaseType.cs(19,19): warning CS1591: Missing XML comment for publicly visible type or member 'LeaseType.Value' [/Users/kady/Masterdom/src/Masterdom.Modules.Lease/Masterdom.Modules.Lease.csproj]
/Users/kady/Masterdom/src/Masterdom.Modules.Lease/Domain/Entities/Lease/LeaseType.cs(21,29): warning CS1591: Missing XML comment for publicly visible type or member 'LeaseType.Create(string)' [/Users/kady/Masterdom/src/Masterdom.Modules.Lease/Masterdom.Modules.Lease.csproj]
/Users/kady/Masterdom/src/Masterdom.Modules.Lease/Domain/Entities/Lease/LeaseType.cs(34,45): warning CS1591: Missing XML comment for publicly visible type or member 'LeaseType.GetEqualityComponents()' [/Users/kady/Masterdom/src/Masterdom.Modules.Lease/Masterdom.Modules.Lease.csproj]
/Users/kady/Masterdom/src/Masterdom.Modules.Lease/Domain/Entities/Lease/LeaseType.cs(39,28): warning CS1591: Missing XML comment for publicly visible type or member 'LeaseType.ToString()' [/Users/kady/Masterdom/src/Masterdom.Modules.Lease/Masterdom.Modules.Lease.csproj]
/Users/kady/Masterdom/src/Masterdom.Modules.Lease/Domain/Entities/Lease/LeaseVersion.cs(26,16): warning CS1591: Missing XML comment for publicly visible type or member 'LeaseVersion.VersionNumber' [/Users/kady/Masterdom/src/Masterdom.Modules.Lease/Masterdom.Modules.Lease.csproj]
/Users/kady/Masterdom/src/Masterdom.Modules.Lease/Domain/Entities/Lease/LeaseVersion.cs(28,28): warning CS1591: Missing XML comment for publicly visible type or member 'LeaseVersion.EffectivePeriod' [/Users/kady/Masterdom/src/Masterdom.Modules.Lease/Masterdom.Modules.Lease.csproj]
/Users/kady/Masterdom/src/Masterdom.Modules.Lease/Domain/Entities/Lease/LeaseVersion.cs(30,25): warning CS1591: Missing XML comment for publicly visible type or member 'LeaseVersion.RenewalDate' [/Users/kady/Masterdom/src/Masterdom.Modules.Lease/Masterdom.Modules.Lease.csproj]
/Users/kady/Masterdom/src/Masterdom.Modules.Lease/Domain/Entities/Lease/LeaseVersion.cs(32,28): warning CS1591: Missing XML comment for publicly visible type or member 'LeaseVersion.CommercialTerms' [/Users/kady/Masterdom/src/Masterdom.Modules.Lease/Masterdom.Modules.Lease.csproj]
/Users/kady/Masterdom/src/Masterdom.Modules.Lease/Domain/Entities/Lease/LeaseVersion.cs(34,25): warning CS1591: Missing XML comment for publicly visible type or member 'LeaseVersion.LeaseClauses' [/Users/kady/Masterdom/src/Masterdom.Modules.Lease/Masterdom.Modules.Lease.csproj]
/Users/kady/Masterdom/src/Masterdom.Modules.Lease/Domain/Entities/Lease/LeaseVersion.cs(36,17): warning CS1591: Missing XML comment for publicly visible type or member 'LeaseVersion.IsActive' [/Users/kady/Masterdom/src/Masterdom.Modules.Lease/Masterdom.Modules.Lease.csproj]
/Users/kady/Masterdom/src/Masterdom.Modules.Lease/Domain/Entities/Lease/LeaseVersion.cs(38,32): warning CS1591: Missing XML comment for publicly visible type or member 'LeaseVersion.Create(int, EffectivePeriod, RenewalDate?, CommercialTerms, LeaseClauses, bool)' [/Users/kady/Masterdom/src/Masterdom.Modules.Lease/Masterdom.Modules.Lease.csproj]
/Users/kady/Masterdom/src/Masterdom.Modules.Lease/Domain/Entities/Lease/LeaseVersion.cs(64,25): warning CS1591: Missing XML comment for publicly visible type or member 'LeaseVersion.Activate()' [/Users/kady/Masterdom/src/Masterdom.Modules.Lease/Masterdom.Modules.Lease.csproj]
/Users/kady/Masterdom/src/Masterdom.Modules.Lease/Domain/Entities/Lease/LeaseVersion.cs(75,25): warning CS1591: Missing XML comment for publicly visible type or member 'LeaseVersion.Deactivate()' [/Users/kady/Masterdom/src/Masterdom.Modules.Lease/Masterdom.Modules.Lease.csproj]
/Users/kady/Masterdom/src/Masterdom.Modules.Lease/Domain/Entities/Lease/LeaseVersion.cs(86,45): warning CS1591: Missing XML comment for publicly visible type or member 'LeaseVersion.GetEqualityComponents()' [/Users/kady/Masterdom/src/Masterdom.Modules.Lease/Masterdom.Modules.Lease.csproj]
/Users/kady/Masterdom/src/Masterdom.Modules.Lease/Domain/Entities/Lease/PersonReference.cs(16,21): warning CS1591: Missing XML comment for publicly visible type or member 'PersonReference.PersonId' [/Users/kady/Masterdom/src/Masterdom.Modules.Lease/Masterdom.Modules.Lease.csproj]
/Users/kady/Masterdom/src/Masterdom.Modules.Lease/Domain/Entities/Lease/PersonReference.cs(18,35): warning CS1591: Missing XML comment for publicly visible type or member 'PersonReference.Create(PersonId)' [/Users/kady/Masterdom/src/Masterdom.Modules.Lease/Masterdom.Modules.Lease.csproj]
/Users/kady/Masterdom/src/Masterdom.Modules.Lease/Domain/Entities/Lease/PersonReference.cs(24,45): warning CS1591: Missing XML comment for publicly visible type or member 'PersonReference.GetEqualityComponents()' [/Users/kady/Masterdom/src/Masterdom.Modules.Lease/Masterdom.Modules.Lease.csproj]
/Users/kady/Masterdom/src/Masterdom.Modules.Lease/Domain/Entities/Lease/PropertyReference.cs(15,17): warning CS1591: Missing XML comment for publicly visible type or member 'PropertyReference.PropertyId' [/Users/kady/Masterdom/src/Masterdom.Modules.Lease/Masterdom.Modules.Lease.csproj]
/Users/kady/Masterdom/src/Masterdom.Modules.Lease/Domain/Entities/Lease/PropertyReference.cs(17,37): warning CS1591: Missing XML comment for publicly visible type or member 'PropertyReference.Create(Guid)' [/Users/kady/Masterdom/src/Masterdom.Modules.Lease/Masterdom.Modules.Lease.csproj]
/Users/kady/Masterdom/src/Masterdom.Modules.Lease/Domain/Entities/Lease/PropertyReference.cs(27,45): warning CS1591: Missing XML comment for publicly visible type or member 'PropertyReference.GetEqualityComponents()' [/Users/kady/Masterdom/src/Masterdom.Modules.Lease/Masterdom.Modules.Lease.csproj]
/Users/kady/Masterdom/src/Masterdom.Modules.Lease/Domain/Entities/Lease/RenewalDate.cs(15,21): warning CS1591: Missing XML comment for publicly visible type or member 'RenewalDate.Value' [/Users/kady/Masterdom/src/Masterdom.Modules.Lease/Masterdom.Modules.Lease.csproj]
/Users/kady/Masterdom/src/Masterdom.Modules.Lease/Domain/Entities/Lease/RenewalDate.cs(17,31): warning CS1591: Missing XML comment for publicly visible type or member 'RenewalDate.Create(DateOnly)' [/Users/kady/Masterdom/src/Masterdom.Modules.Lease/Masterdom.Modules.Lease.csproj]
/Users/kady/Masterdom/src/Masterdom.Modules.Lease/Domain/Entities/Lease/RenewalDate.cs(22,45): warning CS1591: Missing XML comment for publicly visible type or member 'RenewalDate.GetEqualityComponents()' [/Users/kady/Masterdom/src/Masterdom.Modules.Lease/Masterdom.Modules.Lease.csproj]
/Users/kady/Masterdom/src/Masterdom.Modules.Lease/Domain/Entities/Lease/RenewalTerms.cs(17,17): warning CS1591: Missing XML comment for publicly visible type or member 'RenewalTerms.AutoRenew' [/Users/kady/Masterdom/src/Masterdom.Modules.Lease/Masterdom.Modules.Lease.csproj]
/Users/kady/Masterdom/src/Masterdom.Modules.Lease/Domain/Entities/Lease/RenewalTerms.cs(19,16): warning CS1591: Missing XML comment for publicly visible type or member 'RenewalTerms.NoticePeriodDays' [/Users/kady/Masterdom/src/Masterdom.Modules.Lease/Masterdom.Modules.Lease.csproj]
/Users/kady/Masterdom/src/Masterdom.Modules.Lease/Domain/Entities/Lease/RenewalTerms.cs(21,19): warning CS1591: Missing XML comment for publicly visible type or member 'RenewalTerms.RenewalPolicyReference' [/Users/kady/Masterdom/src/Masterdom.Modules.Lease/Masterdom.Modules.Lease.csproj]
/Users/kady/Masterdom/src/Masterdom.Modules.Lease/Domain/Entities/Lease/RenewalTerms.cs(23,32): warning CS1591: Missing XML comment for publicly visible type or member 'RenewalTerms.Create(bool, int, string)' [/Users/kady/Masterdom/src/Masterdom.Modules.Lease/Masterdom.Modules.Lease.csproj]
/Users/kady/Masterdom/src/Masterdom.Modules.Lease/Domain/Entities/Lease/RenewalTerms.cs(41,45): warning CS1591: Missing XML comment for publicly visible type or member 'RenewalTerms.GetEqualityComponents()' [/Users/kady/Masterdom/src/Masterdom.Modules.Lease/Masterdom.Modules.Lease.csproj]
/Users/kady/Masterdom/src/Masterdom.Modules.Lease/Domain/Entities/Lease/RentTerms.cs(18,20): warning CS1591: Missing XML comment for publicly visible type or member 'RentTerms.MonthlyRent' [/Users/kady/Masterdom/src/Masterdom.Modules.Lease/Masterdom.Modules.Lease.csproj]
/Users/kady/Masterdom/src/Masterdom.Modules.Lease/Domain/Entities/Lease/RentTerms.cs(20,29): warning CS1591: Missing XML comment for publicly visible type or member 'RentTerms.BillingFrequency' [/Users/kady/Masterdom/src/Masterdom.Modules.Lease/Masterdom.Modules.Lease.csproj]
/Users/kady/Masterdom/src/Masterdom.Modules.Lease/Domain/Entities/Lease/RentTerms.cs(22,16): warning CS1591: Missing XML comment for publicly visible type or member 'RentTerms.RentDueDay' [/Users/kady/Masterdom/src/Masterdom.Modules.Lease/Masterdom.Modules.Lease.csproj]
/Users/kady/Masterdom/src/Masterdom.Modules.Lease/Domain/Entities/Lease/RentTerms.cs(24,16): warning CS1591: Missing XML comment for publicly visible type or member 'RentTerms.GracePeriodDays' [/Users/kady/Masterdom/src/Masterdom.Modules.Lease/Masterdom.Modules.Lease.csproj]
/Users/kady/Masterdom/src/Masterdom.Modules.Lease/Domain/Entities/Lease/RentTerms.cs(26,29): warning CS1591: Missing XML comment for publicly visible type or member 'RentTerms.Create(decimal, BillingFrequency, int, int)' [/Users/kady/Masterdom/src/Masterdom.Modules.Lease/Masterdom.Modules.Lease.csproj]
/Users/kady/Masterdom/src/Masterdom.Modules.Lease/Domain/Entities/Lease/RentTerms.cs(48,45): warning CS1591: Missing XML comment for publicly visible type or member 'RentTerms.GetEqualityComponents()' [/Users/kady/Masterdom/src/Masterdom.Modules.Lease/Masterdom.Modules.Lease.csproj]
/Users/kady/Masterdom/src/Masterdom.Modules.Lease/Domain/Entities/Lease/SecurityDepositReference.cs(15,19): warning CS1591: Missing XML comment for publicly visible type or member 'SecurityDepositReference.Value' [/Users/kady/Masterdom/src/Masterdom.Modules.Lease/Masterdom.Modules.Lease.csproj]
/Users/kady/Masterdom/src/Masterdom.Modules.Lease/Domain/Entities/Lease/SecurityDepositReference.cs(17,44): warning CS1591: Missing XML comment for publicly visible type or member 'SecurityDepositReference.Create(string)' [/Users/kady/Masterdom/src/Masterdom.Modules.Lease/Masterdom.Modules.Lease.csproj]
/Users/kady/Masterdom/src/Masterdom.Modules.Lease/Domain/Entities/Lease/SecurityDepositReference.cs(30,45): warning CS1591: Missing XML comment for publicly visible type or member 'SecurityDepositReference.GetEqualityComponents()' [/Users/kady/Masterdom/src/Masterdom.Modules.Lease/Masterdom.Modules.Lease.csproj]
/Users/kady/Masterdom/src/Masterdom.Modules.Lease/Domain/Entities/Lease/TenancyReference.cs(15,17): warning CS1591: Missing XML comment for publicly visible type or member 'TenancyReference.TenancyId' [/Users/kady/Masterdom/src/Masterdom.Modules.Lease/Masterdom.Modules.Lease.csproj]
/Users/kady/Masterdom/src/Masterdom.Modules.Lease/Domain/Entities/Lease/TenancyReference.cs(17,36): warning CS1591: Missing XML comment for publicly visible type or member 'TenancyReference.Create(Guid)' [/Users/kady/Masterdom/src/Masterdom.Modules.Lease/Masterdom.Modules.Lease.csproj]
/Users/kady/Masterdom/src/Masterdom.Modules.Lease/Domain/Entities/Lease/TenancyReference.cs(27,45): warning CS1591: Missing XML comment for publicly visible type or member 'TenancyReference.GetEqualityComponents()' [/Users/kady/Masterdom/src/Masterdom.Modules.Lease/Masterdom.Modules.Lease.csproj]
/Users/kady/Masterdom/src/Masterdom.Modules.Lease/Domain/Entities/Lease/TerminationReason.cs(15,19): warning CS1591: Missing XML comment for publicly visible type or member 'TerminationReason.Value' [/Users/kady/Masterdom/src/Masterdom.Modules.Lease/Masterdom.Modules.Lease.csproj]
/Users/kady/Masterdom/src/Masterdom.Modules.Lease/Domain/Entities/Lease/TerminationReason.cs(17,37): warning CS1591: Missing XML comment for publicly visible type or member 'TerminationReason.Create(string)' [/Users/kady/Masterdom/src/Masterdom.Modules.Lease/Masterdom.Modules.Lease.csproj]
/Users/kady/Masterdom/src/Masterdom.Modules.Lease/Domain/Entities/Lease/TerminationReason.cs(30,45): warning CS1591: Missing XML comment for publicly visible type or member 'TerminationReason.GetEqualityComponents()' [/Users/kady/Masterdom/src/Masterdom.Modules.Lease/Masterdom.Modules.Lease.csproj]
/Users/kady/Masterdom/src/Masterdom.Modules.Lease/Domain/Entities/Lease/TerminationTerms.cs(17,16): warning CS1591: Missing XML comment for publicly visible type or member 'TerminationTerms.NoticePeriodDays' [/Users/kady/Masterdom/src/Masterdom.Modules.Lease/Masterdom.Modules.Lease.csproj]
/Users/kady/Masterdom/src/Masterdom.Modules.Lease/Domain/Entities/Lease/TerminationTerms.cs(19,19): warning CS1591: Missing XML comment for publicly visible type or member 'TerminationTerms.TerminationPolicyReference' [/Users/kady/Masterdom/src/Masterdom.Modules.Lease/Masterdom.Modules.Lease.csproj]
/Users/kady/Masterdom/src/Masterdom.Modules.Lease/Domain/Entities/Lease/TerminationTerms.cs(21,19): warning CS1591: Missing XML comment for publicly visible type or member 'TerminationTerms.LateFeePolicyReference' [/Users/kady/Masterdom/src/Masterdom.Modules.Lease/Masterdom.Modules.Lease.csproj]
/Users/kady/Masterdom/src/Masterdom.Modules.Lease/Domain/Entities/Lease/TerminationTerms.cs(23,36): warning CS1591: Missing XML comment for publicly visible type or member 'TerminationTerms.Create(int, string, string)' [/Users/kady/Masterdom/src/Masterdom.Modules.Lease/Masterdom.Modules.Lease.csproj]
/Users/kady/Masterdom/src/Masterdom.Modules.Lease/Domain/Entities/Lease/TerminationTerms.cs(49,45): warning CS1591: Missing XML comment for publicly visible type or member 'TerminationTerms.GetEqualityComponents()' [/Users/kady/Masterdom/src/Masterdom.Modules.Lease/Masterdom.Modules.Lease.csproj]
/Users/kady/Masterdom/src/Masterdom.Modules.Lease/Domain/Entities/Lease/UnitReference.cs(15,17): warning CS1591: Missing XML comment for publicly visible type or member 'UnitReference.UnitId' [/Users/kady/Masterdom/src/Masterdom.Modules.Lease/Masterdom.Modules.Lease.csproj]
/Users/kady/Masterdom/src/Masterdom.Modules.Lease/Domain/Entities/Lease/UnitReference.cs(17,33): warning CS1591: Missing XML comment for publicly visible type or member 'UnitReference.Create(Guid)' [/Users/kady/Masterdom/src/Masterdom.Modules.Lease/Masterdom.Modules.Lease.csproj]
/Users/kady/Masterdom/src/Masterdom.Modules.Lease/Domain/Entities/Lease/UnitReference.cs(27,45): warning CS1591: Missing XML comment for publicly visible type or member 'UnitReference.GetEqualityComponents()' [/Users/kady/Masterdom/src/Masterdom.Modules.Lease/Masterdom.Modules.Lease.csproj]
/Users/kady/Masterdom/src/Masterdom.Modules.Lease/Domain/Repositories/ILeaseRepository.cs(6,18): warning CS1591: Missing XML comment for publicly visible type or member 'ILeaseRepository' [/Users/kady/Masterdom/src/Masterdom.Modules.Lease/Masterdom.Modules.Lease.csproj]
/Users/kady/Masterdom/src/Masterdom.Modules.Lease/Domain/Repositories/ILeaseRepository.cs(8,10): warning CS1591: Missing XML comment for publicly visible type or member 'ILeaseRepository.Add(Lease)' [/Users/kady/Masterdom/src/Masterdom.Modules.Lease/Masterdom.Modules.Lease.csproj]
/Users/kady/Masterdom/src/Masterdom.Modules.Lease/Domain/Repositories/ILeaseRepository.cs(10,21): warning CS1591: Missing XML comment for publicly visible type or member 'ILeaseRepository.GetById(LeaseId)' [/Users/kady/Masterdom/src/Masterdom.Modules.Lease/Masterdom.Modules.Lease.csproj]
/Users/kady/Masterdom/src/Masterdom.Modules.Lease/Domain/Repositories/ILeaseRepository.cs(12,21): warning CS1591: Missing XML comment for publicly visible type or member 'ILeaseRepository.GetByNumber(LeaseNumber)' [/Users/kady/Masterdom/src/Masterdom.Modules.Lease/Masterdom.Modules.Lease.csproj]
/Users/kady/Masterdom/src/Masterdom.Modules.Lease/Domain/Repositories/ILeaseRepository.cs(14,10): warning CS1591: Missing XML comment for publicly visible type or member 'ILeaseRepository.HasActiveLeaseForTenancy(TenancyReference)' [/Users/kady/Masterdom/src/Masterdom.Modules.Lease/Masterdom.Modules.Lease.csproj]
/Users/kady/Masterdom/src/Masterdom.Modules.Lease/Domain/Repositories/ILeaseRepository.cs(16,10): warning CS1591: Missing XML comment for publicly visible type or member 'ILeaseRepository.Update(Lease)' [/Users/kady/Masterdom/src/Masterdom.Modules.Lease/Masterdom.Modules.Lease.csproj]
/Users/kady/Masterdom/src/Masterdom.Modules.FinancialLedger/Application/Support/ExecutionResult.cs(48,38): warning CS0108: 'ExecutionResult<T>.Failure(string, string)' hides inherited member 'ExecutionResult.Failure(string, string)'. Use the new keyword if hiding was intended. [/Users/kady/Masterdom/src/Masterdom.Modules.FinancialLedger/Masterdom.Modules.FinancialLedger.csproj]
/Users/kady/Masterdom/src/Masterdom.Modules.FinancialLedger/Application/Commands/CompletePostingBatchCommand.cs(5,22): warning CS1591: Missing XML comment for publicly visible type or member 'CompletePostingBatchCommand' [/Users/kady/Masterdom/src/Masterdom.Modules.FinancialLedger/Masterdom.Modules.FinancialLedger.csproj]
/Users/kady/Masterdom/src/Masterdom.Modules.FinancialLedger/Application/Commands/CompletePostingBatchCommand.cs(5,22): warning CS1591: Missing XML comment for publicly visible type or member 'CompletePostingBatchCommand.CompletePostingBatchCommand(LedgerId, string, DateTime)' [/Users/kady/Masterdom/src/Masterdom.Modules.FinancialLedger/Masterdom.Modules.FinancialLedger.csproj]
/Users/kady/Masterdom/src/Masterdom.Modules.FinancialLedger/Application/Commands/CompletePostingBatchCommand.cs(6,14): warning CS1591: Missing XML comment for publicly visible type or member 'CompletePostingBatchCommand.LedgerId' [/Users/kady/Masterdom/src/Masterdom.Modules.FinancialLedger/Masterdom.Modules.FinancialLedger.csproj]
/Users/kady/Masterdom/src/Masterdom.Modules.FinancialLedger/Application/Commands/CompletePostingBatchCommand.cs(7,12): warning CS1591: Missing XML comment for publicly visible type or member 'CompletePostingBatchCommand.BatchReference' [/Users/kady/Masterdom/src/Masterdom.Modules.FinancialLedger/Masterdom.Modules.FinancialLedger.csproj]
/Users/kady/Masterdom/src/Masterdom.Modules.FinancialLedger/Application/Commands/CompletePostingBatchCommand.cs(8,14): warning CS1591: Missing XML comment for publicly visible type or member 'CompletePostingBatchCommand.CompletedAtUtc' [/Users/kady/Masterdom/src/Masterdom.Modules.FinancialLedger/Masterdom.Modules.FinancialLedger.csproj]
/Users/kady/Masterdom/src/Masterdom.Modules.FinancialLedger/Application/Commands/OpenLedgerCommand.cs(3,22): warning CS1591: Missing XML comment for publicly visible type or member 'OpenLedgerCommand' [/Users/kady/Masterdom/src/Masterdom.Modules.FinancialLedger/Masterdom.Modules.FinancialLedger.csproj]
/Users/kady/Masterdom/src/Masterdom.Modules.FinancialLedger/Application/Commands/OpenLedgerCommand.cs(3,22): warning CS1591: Missing XML comment for publicly visible type or member 'OpenLedgerCommand.OpenLedgerCommand(string, string, DateTime)' [/Users/kady/Masterdom/src/Masterdom.Modules.FinancialLedger/Masterdom.Modules.FinancialLedger.csproj]
/Users/kady/Masterdom/src/Masterdom.Modules.FinancialLedger/Application/Commands/OpenLedgerCommand.cs(4,12): warning CS1591: Missing XML comment for publicly visible type or member 'OpenLedgerCommand.LedgerCode' [/Users/kady/Masterdom/src/Masterdom.Modules.FinancialLedger/Masterdom.Modules.FinancialLedger.csproj]
/Users/kady/Masterdom/src/Masterdom.Modules.FinancialLedger/Application/Commands/OpenLedgerCommand.cs(5,12): warning CS1591: Missing XML comment for publicly visible type or member 'OpenLedgerCommand.LedgerName' [/Users/kady/Masterdom/src/Masterdom.Modules.FinancialLedger/Masterdom.Modules.FinancialLedger.csproj]
/Users/kady/Masterdom/src/Masterdom.Modules.FinancialLedger/Application/Commands/OpenLedgerCommand.cs(6,14): warning CS1591: Missing XML comment for publicly visible type or member 'OpenLedgerCommand.CreatedAtUtc' [/Users/kady/Masterdom/src/Masterdom.Modules.FinancialLedger/Masterdom.Modules.FinancialLedger.csproj]
/Users/kady/Masterdom/src/Masterdom.Modules.FinancialLedger/Application/Commands/PostBillingJournalCommand.cs(6,22): warning CS1591: Missing XML comment for publicly visible type or member 'PostBillingJournalCommand' [/Users/kady/Masterdom/src/Masterdom.Modules.FinancialLedger/Masterdom.Modules.FinancialLedger.csproj]
/Users/kady/Masterdom/src/Masterdom.Modules.FinancialLedger/Application/Commands/PostBillingJournalCommand.cs(6,22): warning CS1591: Missing XML comment for publicly visible type or member 'PostBillingJournalCommand.PostBillingJournalCommand(LedgerId, BillingLedgerPostingContract, DateTime)' [/Users/kady/Masterdom/src/Masterdom.Modules.FinancialLedger/Masterdom.Modules.FinancialLedger.csproj]
/Users/kady/Masterdom/src/Masterdom.Modules.FinancialLedger/Application/Commands/PostBillingJournalCommand.cs(7,14): warning CS1591: Missing XML comment for publicly visible type or member 'PostBillingJournalCommand.LedgerId' [/Users/kady/Masterdom/src/Masterdom.Modules.FinancialLedger/Masterdom.Modules.FinancialLedger.csproj]
/Users/kady/Masterdom/src/Masterdom.Modules.FinancialLedger/Application/Commands/PostBillingJournalCommand.cs(8,34): warning CS1591: Missing XML comment for publicly visible type or member 'PostBillingJournalCommand.Contract' [/Users/kady/Masterdom/src/Masterdom.Modules.FinancialLedger/Masterdom.Modules.FinancialLedger.csproj]
/Users/kady/Masterdom/src/Masterdom.Modules.FinancialLedger/Application/Commands/PostBillingJournalCommand.cs(9,14): warning CS1591: Missing XML comment for publicly visible type or member 'PostBillingJournalCommand.PostedAtUtc' [/Users/kady/Masterdom/src/Masterdom.Modules.FinancialLedger/Masterdom.Modules.FinancialLedger.csproj]
/Users/kady/Masterdom/src/Masterdom.Modules.FinancialLedger/Application/Commands/PostBillingJournalCommand.cs(11,21): warning CS1591: Missing XML comment for publicly visible type or member 'PostBillingJournalCommandFactory' [/Users/kady/Masterdom/src/Masterdom.Modules.FinancialLedger/Masterdom.Modules.FinancialLedger.csproj]
/Users/kady/Masterdom/src/Masterdom.Modules.FinancialLedger/Application/Commands/PostBillingJournalCommand.cs(13,45): warning CS1591: Missing XML comment for publicly visible type or member 'PostBillingJournalCommandFactory.Create(LedgerId, string, string, DateOnly, string, string, IEnumerable<(string AccountCode, string AccountName, decimal DebitAmount, decimal CreditAmount, string Description)>, DateTime)' [/Users/kady/Masterdom/src/Masterdom.Modules.FinancialLedger/Masterdom.Modules.FinancialLedger.csproj]
/Users/kady/Masterdom/src/Masterdom.Modules.FinancialLedger/Application/Commands/PostPaymentJournalCommand.cs(6,22): warning CS1591: Missing XML comment for publicly visible type or member 'PostPaymentJournalCommand' [/Users/kady/Masterdom/src/Masterdom.Modules.FinancialLedger/Masterdom.Modules.FinancialLedger.csproj]
/Users/kady/Masterdom/src/Masterdom.Modules.FinancialLedger/Application/Commands/PostPaymentJournalCommand.cs(6,22): warning CS1591: Missing XML comment for publicly visible type or member 'PostPaymentJournalCommand.PostPaymentJournalCommand(LedgerId, PaymentLedgerPostingContract, DateTime)' [/Users/kady/Masterdom/src/Masterdom.Modules.FinancialLedger/Masterdom.Modules.FinancialLedger.csproj]
/Users/kady/Masterdom/src/Masterdom.Modules.FinancialLedger/Application/Commands/PostPaymentJournalCommand.cs(7,14): warning CS1591: Missing XML comment for publicly visible type or member 'PostPaymentJournalCommand.LedgerId' [/Users/kady/Masterdom/src/Masterdom.Modules.FinancialLedger/Masterdom.Modules.FinancialLedger.csproj]
/Users/kady/Masterdom/src/Masterdom.Modules.FinancialLedger/Application/Commands/PostPaymentJournalCommand.cs(8,34): warning CS1591: Missing XML comment for publicly visible type or member 'PostPaymentJournalCommand.Contract' [/Users/kady/Masterdom/src/Masterdom.Modules.FinancialLedger/Masterdom.Modules.FinancialLedger.csproj]
/Users/kady/Masterdom/src/Masterdom.Modules.FinancialLedger/Application/Commands/PostPaymentJournalCommand.cs(9,14): warning CS1591: Missing XML comment for publicly visible type or member 'PostPaymentJournalCommand.PostedAtUtc' [/Users/kady/Masterdom/src/Masterdom.Modules.FinancialLedger/Masterdom.Modules.FinancialLedger.csproj]
/Users/kady/Masterdom/src/Masterdom.Modules.FinancialLedger/Application/Commands/PostPaymentJournalCommand.cs(11,21): warning CS1591: Missing XML comment for publicly visible type or member 'PostPaymentJournalCommandFactory' [/Users/kady/Masterdom/src/Masterdom.Modules.FinancialLedger/Masterdom.Modules.FinancialLedger.csproj]
/Users/kady/Masterdom/src/Masterdom.Modules.FinancialLedger/Application/Commands/PostPaymentJournalCommand.cs(13,45): warning CS1591: Missing XML comment for publicly visible type or member 'PostPaymentJournalCommandFactory.Create(LedgerId, string, string, DateOnly, string, string, IEnumerable<(string AccountCode, string AccountName, decimal DebitAmount, decimal CreditAmount, string Description)>, DateTime)' [/Users/kady/Masterdom/src/Masterdom.Modules.FinancialLedger/Masterdom.Modules.FinancialLedger.csproj]
/Users/kady/Masterdom/src/Masterdom.Modules.FinancialLedger/Application/Commands/ReverseJournalCommand.cs(5,22): warning CS1591: Missing XML comment for publicly visible type or member 'ReverseJournalCommand' [/Users/kady/Masterdom/src/Masterdom.Modules.FinancialLedger/Masterdom.Modules.FinancialLedger.csproj]
/Users/kady/Masterdom/src/Masterdom.Modules.FinancialLedger/Application/Commands/ReverseJournalCommand.cs(5,22): warning CS1591: Missing XML comment for publicly visible type or member 'ReverseJournalCommand.ReverseJournalCommand(LedgerId, Guid, string, string, DateTime)' [/Users/kady/Masterdom/src/Masterdom.Modules.FinancialLedger/Masterdom.Modules.FinancialLedger.csproj]
/Users/kady/Masterdom/src/Masterdom.Modules.FinancialLedger/Application/Commands/ReverseJournalCommand.cs(6,14): warning CS1591: Missing XML comment for publicly visible type or member 'ReverseJournalCommand.LedgerId' [/Users/kady/Masterdom/src/Masterdom.Modules.FinancialLedger/Masterdom.Modules.FinancialLedger.csproj]
/Users/kady/Masterdom/src/Masterdom.Modules.FinancialLedger/Application/Commands/ReverseJournalCommand.cs(7,10): warning CS1591: Missing XML comment for publicly visible type or member 'ReverseJournalCommand.LedgerTransactionId' [/Users/kady/Masterdom/src/Masterdom.Modules.FinancialLedger/Masterdom.Modules.FinancialLedger.csproj]
/Users/kady/Masterdom/src/Masterdom.Modules.FinancialLedger/Application/Commands/ReverseJournalCommand.cs(8,12): warning CS1591: Missing XML comment for publicly visible type or member 'ReverseJournalCommand.ReversalJournalNumber' [/Users/kady/Masterdom/src/Masterdom.Modules.FinancialLedger/Masterdom.Modules.FinancialLedger.csproj]
/Users/kady/Masterdom/src/Masterdom.Modules.FinancialLedger/Application/Commands/ReverseJournalCommand.cs(9,12): warning CS1591: Missing XML comment for publicly visible type or member 'ReverseJournalCommand.Reason' [/Users/kady/Masterdom/src/Masterdom.Modules.FinancialLedger/Masterdom.Modules.FinancialLedger.csproj]
/Users/kady/Masterdom/src/Masterdom.Modules.FinancialLedger/Application/Commands/ReverseJournalCommand.cs(10,14): warning CS1591: Missing XML comment for publicly visible type or member 'ReverseJournalCommand.ReversedAtUtc' [/Users/kady/Masterdom/src/Masterdom.Modules.FinancialLedger/Masterdom.Modules.FinancialLedger.csproj]
/Users/kady/Masterdom/src/Masterdom.Modules.FinancialLedger/Application/Handlers/Commands/CompletePostingBatchCommandHandler.cs(8,21): warning CS1591: Missing XML comment for publicly visible type or member 'CompletePostingBatchCommandHandler' [/Users/kady/Masterdom/src/Masterdom.Modules.FinancialLedger/Masterdom.Modules.FinancialLedger.csproj]
/Users/kady/Masterdom/src/Masterdom.Modules.FinancialLedger/Application/Handlers/Commands/CompletePostingBatchCommandHandler.cs(12,12): warning CS1591: Missing XML comment for publicly visible type or member 'CompletePostingBatchCommandHandler.CompletePostingBatchCommandHandler(ILedgerApplicationService)' [/Users/kady/Masterdom/src/Masterdom.Modules.FinancialLedger/Masterdom.Modules.FinancialLedger.csproj]
/Users/kady/Masterdom/src/Masterdom.Modules.FinancialLedger/Application/Handlers/Commands/CompletePostingBatchCommandHandler.cs(17,45): warning CS1591: Missing XML comment for publicly visible type or member 'CompletePostingBatchCommandHandler.Handle(CompletePostingBatchCommand)' [/Users/kady/Masterdom/src/Masterdom.Modules.FinancialLedger/Masterdom.Modules.FinancialLedger.csproj]
/Users/kady/Masterdom/src/Masterdom.Modules.FinancialLedger/Application/Handlers/Commands/OpenLedgerCommandHandler.cs(8,21): warning CS1591: Missing XML comment for publicly visible type or member 'OpenLedgerCommandHandler' [/Users/kady/Masterdom/src/Masterdom.Modules.FinancialLedger/Masterdom.Modules.FinancialLedger.csproj]
/Users/kady/Masterdom/src/Masterdom.Modules.FinancialLedger/Application/Handlers/Commands/OpenLedgerCommandHandler.cs(12,12): warning CS1591: Missing XML comment for publicly visible type or member 'OpenLedgerCommandHandler.OpenLedgerCommandHandler(ILedgerApplicationService)' [/Users/kady/Masterdom/src/Masterdom.Modules.FinancialLedger/Masterdom.Modules.FinancialLedger.csproj]
/Users/kady/Masterdom/src/Masterdom.Modules.FinancialLedger/Application/Handlers/Commands/OpenLedgerCommandHandler.cs(17,45): warning CS1591: Missing XML comment for publicly visible type or member 'OpenLedgerCommandHandler.Handle(OpenLedgerCommand)' [/Users/kady/Masterdom/src/Masterdom.Modules.FinancialLedger/Masterdom.Modules.FinancialLedger.csproj]
/Users/kady/Masterdom/src/Masterdom.Modules.FinancialLedger/Application/Handlers/Commands/PostBillingJournalCommandHandler.cs(8,21): warning CS1591: Missing XML comment for publicly visible type or member 'PostBillingJournalCommandHandler' [/Users/kady/Masterdom/src/Masterdom.Modules.FinancialLedger/Masterdom.Modules.FinancialLedger.csproj]
/Users/kady/Masterdom/src/Masterdom.Modules.FinancialLedger/Application/Handlers/Commands/PostBillingJournalCommandHandler.cs(12,12): warning CS1591: Missing XML comment for publicly visible type or member 'PostBillingJournalCommandHandler.PostBillingJournalCommandHandler(ILedgerApplicationService)' [/Users/kady/Masterdom/src/Masterdom.Modules.FinancialLedger/Masterdom.Modules.FinancialLedger.csproj]
/Users/kady/Masterdom/src/Masterdom.Modules.FinancialLedger/Application/Handlers/Commands/PostBillingJournalCommandHandler.cs(17,45): warning CS1591: Missing XML comment for publicly visible type or member 'PostBillingJournalCommandHandler.Handle(PostBillingJournalCommand)' [/Users/kady/Masterdom/src/Masterdom.Modules.FinancialLedger/Masterdom.Modules.FinancialLedger.csproj]
/Users/kady/Masterdom/src/Masterdom.Modules.FinancialLedger/Application/Handlers/Commands/PostPaymentJournalCommandHandler.cs(8,21): warning CS1591: Missing XML comment for publicly visible type or member 'PostPaymentJournalCommandHandler' [/Users/kady/Masterdom/src/Masterdom.Modules.FinancialLedger/Masterdom.Modules.FinancialLedger.csproj]
/Users/kady/Masterdom/src/Masterdom.Modules.FinancialLedger/Application/Handlers/Commands/PostPaymentJournalCommandHandler.cs(12,12): warning CS1591: Missing XML comment for publicly visible type or member 'PostPaymentJournalCommandHandler.PostPaymentJournalCommandHandler(ILedgerApplicationService)' [/Users/kady/Masterdom/src/Masterdom.Modules.FinancialLedger/Masterdom.Modules.FinancialLedger.csproj]
/Users/kady/Masterdom/src/Masterdom.Modules.FinancialLedger/Application/Handlers/Commands/PostPaymentJournalCommandHandler.cs(17,45): warning CS1591: Missing XML comment for publicly visible type or member 'PostPaymentJournalCommandHandler.Handle(PostPaymentJournalCommand)' [/Users/kady/Masterdom/src/Masterdom.Modules.FinancialLedger/Masterdom.Modules.FinancialLedger.csproj]
/Users/kady/Masterdom/src/Masterdom.Modules.FinancialLedger/Application/Handlers/Commands/ReverseJournalCommandHandler.cs(8,21): warning CS1591: Missing XML comment for publicly visible type or member 'ReverseJournalCommandHandler' [/Users/kady/Masterdom/src/Masterdom.Modules.FinancialLedger/Masterdom.Modules.FinancialLedger.csproj]
/Users/kady/Masterdom/src/Masterdom.Modules.FinancialLedger/Application/Handlers/Commands/ReverseJournalCommandHandler.cs(12,12): warning CS1591: Missing XML comment for publicly visible type or member 'ReverseJournalCommandHandler.ReverseJournalCommandHandler(ILedgerApplicationService)' [/Users/kady/Masterdom/src/Masterdom.Modules.FinancialLedger/Masterdom.Modules.FinancialLedger.csproj]
/Users/kady/Masterdom/src/Masterdom.Modules.FinancialLedger/Application/Handlers/Commands/ReverseJournalCommandHandler.cs(17,45): warning CS1591: Missing XML comment for publicly visible type or member 'ReverseJournalCommandHandler.Handle(ReverseJournalCommand)' [/Users/kady/Masterdom/src/Masterdom.Modules.FinancialLedger/Masterdom.Modules.FinancialLedger.csproj]
/Users/kady/Masterdom/src/Masterdom.Modules.FinancialLedger/Application/Handlers/Queries/GetLedgerByCodeQueryHandler.cs(8,21): warning CS1591: Missing XML comment for publicly visible type or member 'GetLedgerByCodeQueryHandler' [/Users/kady/Masterdom/src/Masterdom.Modules.FinancialLedger/Masterdom.Modules.FinancialLedger.csproj]
/Users/kady/Masterdom/src/Masterdom.Modules.FinancialLedger/Application/Handlers/Queries/GetLedgerByCodeQueryHandler.cs(12,12): warning CS1591: Missing XML comment for publicly visible type or member 'GetLedgerByCodeQueryHandler.GetLedgerByCodeQueryHandler(ILedgerApplicationService)' [/Users/kady/Masterdom/src/Masterdom.Modules.FinancialLedger/Masterdom.Modules.FinancialLedger.csproj]
/Users/kady/Masterdom/src/Masterdom.Modules.FinancialLedger/Application/Handlers/Queries/GetLedgerByCodeQueryHandler.cs(17,45): warning CS1591: Missing XML comment for publicly visible type or member 'GetLedgerByCodeQueryHandler.Handle(GetLedgerByCodeQuery)' [/Users/kady/Masterdom/src/Masterdom.Modules.FinancialLedger/Masterdom.Modules.FinancialLedger.csproj]
/Users/kady/Masterdom/src/Masterdom.Modules.FinancialLedger/Application/Handlers/Queries/GetLedgerByIdQueryHandler.cs(8,21): warning CS1591: Missing XML comment for publicly visible type or member 'GetLedgerByIdQueryHandler' [/Users/kady/Masterdom/src/Masterdom.Modules.FinancialLedger/Masterdom.Modules.FinancialLedger.csproj]
/Users/kady/Masterdom/src/Masterdom.Modules.FinancialLedger/Application/Handlers/Queries/GetLedgerByIdQueryHandler.cs(12,12): warning CS1591: Missing XML comment for publicly visible type or member 'GetLedgerByIdQueryHandler.GetLedgerByIdQueryHandler(ILedgerApplicationService)' [/Users/kady/Masterdom/src/Masterdom.Modules.FinancialLedger/Masterdom.Modules.FinancialLedger.csproj]
/Users/kady/Masterdom/src/Masterdom.Modules.FinancialLedger/Application/Handlers/Queries/GetLedgerByIdQueryHandler.cs(17,45): warning CS1591: Missing XML comment for publicly visible type or member 'GetLedgerByIdQueryHandler.Handle(GetLedgerByIdQuery)' [/Users/kady/Masterdom/src/Masterdom.Modules.FinancialLedger/Masterdom.Modules.FinancialLedger.csproj]
/Users/kady/Masterdom/src/Masterdom.Modules.FinancialLedger/Application/Queries/GetLedgerByCodeQuery.cs(3,22): warning CS1591: Missing XML comment for publicly visible type or member 'GetLedgerByCodeQuery' [/Users/kady/Masterdom/src/Masterdom.Modules.FinancialLedger/Masterdom.Modules.FinancialLedger.csproj]
/Users/kady/Masterdom/src/Masterdom.Modules.FinancialLedger/Application/Queries/GetLedgerByCodeQuery.cs(3,22): warning CS1591: Missing XML comment for publicly visible type or member 'GetLedgerByCodeQuery.GetLedgerByCodeQuery(string)' [/Users/kady/Masterdom/src/Masterdom.Modules.FinancialLedger/Masterdom.Modules.FinancialLedger.csproj]
/Users/kady/Masterdom/src/Masterdom.Modules.FinancialLedger/Application/Queries/GetLedgerByCodeQuery.cs(3,50): warning CS1591: Missing XML comment for publicly visible type or member 'GetLedgerByCodeQuery.LedgerCode' [/Users/kady/Masterdom/src/Masterdom.Modules.FinancialLedger/Masterdom.Modules.FinancialLedger.csproj]
/Users/kady/Masterdom/src/Masterdom.Modules.FinancialLedger/Application/Queries/GetLedgerByIdQuery.cs(5,22): warning CS1591: Missing XML comment for publicly visible type or member 'GetLedgerByIdQuery' [/Users/kady/Masterdom/src/Masterdom.Modules.FinancialLedger/Masterdom.Modules.FinancialLedger.csproj]
/Users/kady/Masterdom/src/Masterdom.Modules.FinancialLedger/Application/Queries/GetLedgerByIdQuery.cs(5,22): warning CS1591: Missing XML comment for publicly visible type or member 'GetLedgerByIdQuery.GetLedgerByIdQuery(LedgerId)' [/Users/kady/Masterdom/src/Masterdom.Modules.FinancialLedger/Masterdom.Modules.FinancialLedger.csproj]
/Users/kady/Masterdom/src/Masterdom.Modules.FinancialLedger/Application/Queries/GetLedgerByIdQuery.cs(5,50): warning CS1591: Missing XML comment for publicly visible type or member 'GetLedgerByIdQuery.LedgerId' [/Users/kady/Masterdom/src/Masterdom.Modules.FinancialLedger/Masterdom.Modules.FinancialLedger.csproj]
/Users/kady/Masterdom/src/Masterdom.Modules.FinancialLedger/Application/Services/ILedgerApplicationService.cs(7,18): warning CS1591: Missing XML comment for publicly visible type or member 'ILedgerApplicationService' [/Users/kady/Masterdom/src/Masterdom.Modules.FinancialLedger/Masterdom.Modules.FinancialLedger.csproj]
/Users/kady/Masterdom/src/Masterdom.Modules.FinancialLedger/Application/Services/ILedgerApplicationService.cs(9,21): warning CS1591: Missing XML comment for publicly visible type or member 'ILedgerApplicationService.OpenLedger(OpenLedgerCommand)' [/Users/kady/Masterdom/src/Masterdom.Modules.FinancialLedger/Masterdom.Modules.FinancialLedger.csproj]
/Users/kady/Masterdom/src/Masterdom.Modules.FinancialLedger/Application/Services/ILedgerApplicationService.cs(11,21): warning CS1591: Missing XML comment for publicly visible type or member 'ILedgerApplicationService.PostBillingJournal(PostBillingJournalCommand)' [/Users/kady/Masterdom/src/Masterdom.Modules.FinancialLedger/Masterdom.Modules.FinancialLedger.csproj]
/Users/kady/Masterdom/src/Masterdom.Modules.FinancialLedger/Application/Services/ILedgerApplicationService.cs(13,21): warning CS1591: Missing XML comment for publicly visible type or member 'ILedgerApplicationService.PostPaymentJournal(PostPaymentJournalCommand)' [/Users/kady/Masterdom/src/Masterdom.Modules.FinancialLedger/Masterdom.Modules.FinancialLedger.csproj]
/Users/kady/Masterdom/src/Masterdom.Modules.FinancialLedger/Application/Services/ILedgerApplicationService.cs(15,21): warning CS1591: Missing XML comment for publicly visible type or member 'ILedgerApplicationService.ReverseJournal(ReverseJournalCommand)' [/Users/kady/Masterdom/src/Masterdom.Modules.FinancialLedger/Masterdom.Modules.FinancialLedger.csproj]
/Users/kady/Masterdom/src/Masterdom.Modules.FinancialLedger/Application/Services/ILedgerApplicationService.cs(17,21): warning CS1591: Missing XML comment for publicly visible type or member 'ILedgerApplicationService.CompletePostingBatch(CompletePostingBatchCommand)' [/Users/kady/Masterdom/src/Masterdom.Modules.FinancialLedger/Masterdom.Modules.FinancialLedger.csproj]
/Users/kady/Masterdom/src/Masterdom.Modules.FinancialLedger/Application/Services/ILedgerApplicationService.cs(19,22): warning CS1591: Missing XML comment for publicly visible type or member 'ILedgerApplicationService.GetLedger(GetLedgerByIdQuery)' [/Users/kady/Masterdom/src/Masterdom.Modules.FinancialLedger/Masterdom.Modules.FinancialLedger.csproj]
/Users/kady/Masterdom/src/Masterdom.Modules.FinancialLedger/Application/Services/ILedgerApplicationService.cs(21,22): warning CS1591: Missing XML comment for publicly visible type or member 'ILedgerApplicationService.GetLedger(GetLedgerByCodeQuery)' [/Users/kady/Masterdom/src/Masterdom.Modules.FinancialLedger/Masterdom.Modules.FinancialLedger.csproj]
/Users/kady/Masterdom/src/Masterdom.Modules.FinancialLedger/Application/Services/LedgerApplicationService.cs(10,21): warning CS1591: Missing XML comment for publicly visible type or member 'LedgerApplicationService' [/Users/kady/Masterdom/src/Masterdom.Modules.FinancialLedger/Masterdom.Modules.FinancialLedger.csproj]
/Users/kady/Masterdom/src/Masterdom.Modules.FinancialLedger/Application/Services/LedgerApplicationService.cs(16,12): warning CS1591: Missing XML comment for publicly visible type or member 'LedgerApplicationService.LedgerApplicationService(ILedgerRepository, ILedgerUnitOfWork, ILedgerPlatformOrchestrator)' [/Users/kady/Masterdom/src/Masterdom.Modules.FinancialLedger/Masterdom.Modules.FinancialLedger.csproj]
/Users/kady/Masterdom/src/Masterdom.Modules.FinancialLedger/Application/Services/LedgerApplicationService.cs(26,28): warning CS1591: Missing XML comment for publicly visible type or member 'LedgerApplicationService.OpenLedger(OpenLedgerCommand)' [/Users/kady/Masterdom/src/Masterdom.Modules.FinancialLedger/Masterdom.Modules.FinancialLedger.csproj]
/Users/kady/Masterdom/src/Masterdom.Modules.FinancialLedger/Application/Services/LedgerApplicationService.cs(44,28): warning CS1591: Missing XML comment for publicly visible type or member 'LedgerApplicationService.PostBillingJournal(PostBillingJournalCommand)' [/Users/kady/Masterdom/src/Masterdom.Modules.FinancialLedger/Masterdom.Modules.FinancialLedger.csproj]
/Users/kady/Masterdom/src/Masterdom.Modules.FinancialLedger/Application/Services/LedgerApplicationService.cs(57,28): warning CS1591: Missing XML comment for publicly visible type or member 'LedgerApplicationService.PostPaymentJournal(PostPaymentJournalCommand)' [/Users/kady/Masterdom/src/Masterdom.Modules.FinancialLedger/Masterdom.Modules.FinancialLedger.csproj]
/Users/kady/Masterdom/src/Masterdom.Modules.FinancialLedger/Application/Services/LedgerApplicationService.cs(70,28): warning CS1591: Missing XML comment for publicly visible type or member 'LedgerApplicationService.ReverseJournal(ReverseJournalCommand)' [/Users/kady/Masterdom/src/Masterdom.Modules.FinancialLedger/Masterdom.Modules.FinancialLedger.csproj]
/Users/kady/Masterdom/src/Masterdom.Modules.FinancialLedger/Application/Services/LedgerApplicationService.cs(83,28): warning CS1591: Missing XML comment for publicly visible type or member 'LedgerApplicationService.CompletePostingBatch(CompletePostingBatchCommand)' [/Users/kady/Masterdom/src/Masterdom.Modules.FinancialLedger/Masterdom.Modules.FinancialLedger.csproj]
/Users/kady/Masterdom/src/Masterdom.Modules.FinancialLedger/Application/Services/LedgerApplicationService.cs(96,29): warning CS1591: Missing XML comment for publicly visible type or member 'LedgerApplicationService.GetLedger(GetLedgerByIdQuery)' [/Users/kady/Masterdom/src/Masterdom.Modules.FinancialLedger/Masterdom.Modules.FinancialLedger.csproj]
/Users/kady/Masterdom/src/Masterdom.Modules.FinancialLedger/Application/Services/LedgerApplicationService.cs(102,29): warning CS1591: Missing XML comment for publicly visible type or member 'LedgerApplicationService.GetLedger(GetLedgerByCodeQuery)' [/Users/kady/Masterdom/src/Masterdom.Modules.FinancialLedger/Masterdom.Modules.FinancialLedger.csproj]
/Users/kady/Masterdom/src/Masterdom.Modules.FinancialLedger/Application/Support/ExecutionResult.cs(3,14): warning CS1591: Missing XML comment for publicly visible type or member 'ExecutionResult' [/Users/kady/Masterdom/src/Masterdom.Modules.FinancialLedger/Masterdom.Modules.FinancialLedger.csproj]
/Users/kady/Masterdom/src/Masterdom.Modules.FinancialLedger/Application/Support/ExecutionResult.cs(5,15): warning CS1591: Missing XML comment for publicly visible type or member 'ExecutionResult.ExecutionResult(bool, string?, string?)' [/Users/kady/Masterdom/src/Masterdom.Modules.FinancialLedger/Masterdom.Modules.FinancialLedger.csproj]
/Users/kady/Masterdom/src/Masterdom.Modules.FinancialLedger/Application/Support/ExecutionResult.cs(12,17): warning CS1591: Missing XML comment for publicly visible type or member 'ExecutionResult.IsSuccess' [/Users/kady/Masterdom/src/Masterdom.Modules.FinancialLedger/Masterdom.Modules.FinancialLedger.csproj]
/Users/kady/Masterdom/src/Masterdom.Modules.FinancialLedger/Application/Support/ExecutionResult.cs(14,20): warning CS1591: Missing XML comment for publicly visible type or member 'ExecutionResult.ErrorCode' [/Users/kady/Masterdom/src/Masterdom.Modules.FinancialLedger/Masterdom.Modules.FinancialLedger.csproj]
/Users/kady/Masterdom/src/Masterdom.Modules.FinancialLedger/Application/Support/ExecutionResult.cs(16,20): warning CS1591: Missing XML comment for publicly visible type or member 'ExecutionResult.ErrorMessage' [/Users/kady/Masterdom/src/Masterdom.Modules.FinancialLedger/Masterdom.Modules.FinancialLedger.csproj]
/Users/kady/Masterdom/src/Masterdom.Modules.FinancialLedger/Application/Support/ExecutionResult.cs(18,35): warning CS1591: Missing XML comment for publicly visible type or member 'ExecutionResult.Success()' [/Users/kady/Masterdom/src/Masterdom.Modules.FinancialLedger/Masterdom.Modules.FinancialLedger.csproj]
/Users/kady/Masterdom/src/Masterdom.Modules.FinancialLedger/Application/Support/ExecutionResult.cs(23,35): warning CS1591: Missing XML comment for publicly visible type or member 'ExecutionResult.Failure(string, string)' [/Users/kady/Masterdom/src/Masterdom.Modules.FinancialLedger/Masterdom.Modules.FinancialLedger.csproj]
/Users/kady/Masterdom/src/Masterdom.Modules.FinancialLedger/Application/Support/ExecutionResult.cs(32,21): warning CS1591: Missing XML comment for publicly visible type or member 'ExecutionResult<T>' [/Users/kady/Masterdom/src/Masterdom.Modules.FinancialLedger/Masterdom.Modules.FinancialLedger.csproj]
/Users/kady/Masterdom/src/Masterdom.Modules.FinancialLedger/Application/Support/ExecutionResult.cs(40,15): warning CS1591: Missing XML comment for publicly visible type or member 'ExecutionResult<T>.Value' [/Users/kady/Masterdom/src/Masterdom.Modules.FinancialLedger/Masterdom.Modules.FinancialLedger.csproj]
/Users/kady/Masterdom/src/Masterdom.Modules.FinancialLedger/Application/Support/ExecutionResult.cs(42,38): warning CS1591: Missing XML comment for publicly visible type or member 'ExecutionResult<T>.Success(T)' [/Users/kady/Masterdom/src/Masterdom.Modules.FinancialLedger/Masterdom.Modules.FinancialLedger.csproj]
/Users/kady/Masterdom/src/Masterdom.Modules.FinancialLedger/Application/Support/ExecutionResult.cs(48,38): warning CS1591: Missing XML comment for publicly visible type or member 'ExecutionResult<T>.Failure(string, string)' [/Users/kady/Masterdom/src/Masterdom.Modules.FinancialLedger/Masterdom.Modules.FinancialLedger.csproj]
/Users/kady/Masterdom/src/Masterdom.Modules.FinancialLedger/Application/Support/ICommandHandler.cs(3,18): warning CS1591: Missing XML comment for publicly visible type or member 'ICommandHandler<TCommand, TResult>' [/Users/kady/Masterdom/src/Masterdom.Modules.FinancialLedger/Masterdom.Modules.FinancialLedger.csproj]
/Users/kady/Masterdom/src/Masterdom.Modules.FinancialLedger/Application/Support/ICommandHandler.cs(5,13): warning CS1591: Missing XML comment for publicly visible type or member 'ICommandHandler<TCommand, TResult>.Handle(TCommand)' [/Users/kady/Masterdom/src/Masterdom.Modules.FinancialLedger/Masterdom.Modules.FinancialLedger.csproj]
/Users/kady/Masterdom/src/Masterdom.Modules.FinancialLedger/Application/Support/ILedgerPlatformOrchestrator.cs(5,18): warning CS1591: Missing XML comment for publicly visible type or member 'ILedgerPlatformOrchestrator' [/Users/kady/Masterdom/src/Masterdom.Modules.FinancialLedger/Masterdom.Modules.FinancialLedger.csproj]
/Users/kady/Masterdom/src/Masterdom.Modules.FinancialLedger/Application/Support/ILedgerPlatformOrchestrator.cs(7,10): warning CS1591: Missing XML comment for publicly visible type or member 'ILedgerPlatformOrchestrator.OnLedgerMutated(Ledger, string)' [/Users/kady/Masterdom/src/Masterdom.Modules.FinancialLedger/Masterdom.Modules.FinancialLedger.csproj]
/Users/kady/Masterdom/src/Masterdom.Modules.FinancialLedger/Application/Support/ILedgerUnitOfWork.cs(3,18): warning CS1591: Missing XML comment for publicly visible type or member 'ILedgerUnitOfWork' [/Users/kady/Masterdom/src/Masterdom.Modules.FinancialLedger/Masterdom.Modules.FinancialLedger.csproj]
/Users/kady/Masterdom/src/Masterdom.Modules.FinancialLedger/Application/Support/ILedgerUnitOfWork.cs(5,10): warning CS1591: Missing XML comment for publicly visible type or member 'ILedgerUnitOfWork.Execute(Action)' [/Users/kady/Masterdom/src/Masterdom.Modules.FinancialLedger/Masterdom.Modules.FinancialLedger.csproj]
/Users/kady/Masterdom/src/Masterdom.Modules.FinancialLedger/Application/Support/IQueryHandler.cs(3,18): warning CS1591: Missing XML comment for publicly visible type or member 'IQueryHandler<TQuery, TResult>' [/Users/kady/Masterdom/src/Masterdom.Modules.FinancialLedger/Masterdom.Modules.FinancialLedger.csproj]
/Users/kady/Masterdom/src/Masterdom.Modules.FinancialLedger/Application/Support/IQueryHandler.cs(5,13): warning CS1591: Missing XML comment for publicly visible type or member 'IQueryHandler<TQuery, TResult>.Handle(TQuery)' [/Users/kady/Masterdom/src/Masterdom.Modules.FinancialLedger/Masterdom.Modules.FinancialLedger.csproj]
/Users/kady/Masterdom/src/Masterdom.Modules.FinancialLedger/Application/Translation/BillingNotificationTranslator.cs(7,21): warning CS1591: Missing XML comment for publicly visible type or member 'BillingNotificationTranslator' [/Users/kady/Masterdom/src/Masterdom.Modules.FinancialLedger/Masterdom.Modules.FinancialLedger.csproj]
/Users/kady/Masterdom/src/Masterdom.Modules.FinancialLedger/Application/Translation/BillingNotificationTranslator.cs(17,36): warning CS1591: Missing XML comment for publicly visible type or member 'BillingNotificationTranslator.TranslateBillPersisted(BillPersistedNotification)' [/Users/kady/Masterdom/src/Masterdom.Modules.FinancialLedger/Masterdom.Modules.FinancialLedger.csproj]
/Users/kady/Masterdom/src/Masterdom.Modules.FinancialLedger/Application/Translation/BillingSnapshotPostingSourceModel.cs(3,21): warning CS1591: Missing XML comment for publicly visible type or member 'BillingSnapshotPostingSourceModel' [/Users/kady/Masterdom/src/Masterdom.Modules.FinancialLedger/Masterdom.Modules.FinancialLedger.csproj]
/Users/kady/Masterdom/src/Masterdom.Modules.FinancialLedger/Application/Translation/BillingSnapshotPostingSourceModel.cs(5,12): warning CS1591: Missing XML comment for publicly visible type or member 'BillingSnapshotPostingSourceModel.BillingSnapshotPostingSourceModel(Guid, string, DateOnly, DateOnly, Guid, Guid, Guid, DateOnly, DateOnly, string, decimal, decimal, IReadOnlyCollection<BillingSnapshotPostingChargeLineModel>, DateOnly?, string?)' [/Users/kady/Masterdom/src/Masterdom.Modules.FinancialLedger/Masterdom.Modules.FinancialLedger.csproj]
/Users/kady/Masterdom/src/Masterdom.Modules.FinancialLedger/Application/Translation/BillingSnapshotPostingSourceModel.cs(39,17): warning CS1591: Missing XML comment for publicly visible type or member 'BillingSnapshotPostingSourceModel.BillId' [/Users/kady/Masterdom/src/Masterdom.Modules.FinancialLedger/Masterdom.Modules.FinancialLedger.csproj]
/Users/kady/Masterdom/src/Masterdom.Modules.FinancialLedger/Application/Translation/BillingSnapshotPostingSourceModel.cs(41,19): warning CS1591: Missing XML comment for publicly visible type or member 'BillingSnapshotPostingSourceModel.BillNumber' [/Users/kady/Masterdom/src/Masterdom.Modules.FinancialLedger/Masterdom.Modules.FinancialLedger.csproj]
/Users/kady/Masterdom/src/Masterdom.Modules.FinancialLedger/Application/Translation/BillingSnapshotPostingSourceModel.cs(43,21): warning CS1591: Missing XML comment for publicly visible type or member 'BillingSnapshotPostingSourceModel.BillingPeriodStartDate' [/Users/kady/Masterdom/src/Masterdom.Modules.FinancialLedger/Masterdom.Modules.FinancialLedger.csproj]
/Users/kady/Masterdom/src/Masterdom.Modules.FinancialLedger/Application/Translation/BillingSnapshotPostingSourceModel.cs(45,21): warning CS1591: Missing XML comment for publicly visible type or member 'BillingSnapshotPostingSourceModel.BillingPeriodEndDate' [/Users/kady/Masterdom/src/Masterdom.Modules.FinancialLedger/Masterdom.Modules.FinancialLedger.csproj]
/Users/kady/Masterdom/src/Masterdom.Modules.FinancialLedger/Application/Translation/BillingSnapshotPostingSourceModel.cs(47,17): warning CS1591: Missing XML comment for publicly visible type or member 'BillingSnapshotPostingSourceModel.PropertyId' [/Users/kady/Masterdom/src/Masterdom.Modules.FinancialLedger/Masterdom.Modules.FinancialLedger.csproj]
/Users/kady/Masterdom/src/Masterdom.Modules.FinancialLedger/Application/Translation/BillingSnapshotPostingSourceModel.cs(49,17): warning CS1591: Missing XML comment for publicly visible type or member 'BillingSnapshotPostingSourceModel.TenancyId' [/Users/kady/Masterdom/src/Masterdom.Modules.FinancialLedger/Masterdom.Modules.FinancialLedger.csproj]
/Users/kady/Masterdom/src/Masterdom.Modules.FinancialLedger/Application/Translation/BillingSnapshotPostingSourceModel.cs(51,17): warning CS1591: Missing XML comment for publicly visible type or member 'BillingSnapshotPostingSourceModel.LeaseId' [/Users/kady/Masterdom/src/Masterdom.Modules.FinancialLedger/Masterdom.Modules.FinancialLedger.csproj]
/Users/kady/Masterdom/src/Masterdom.Modules.FinancialLedger/Application/Translation/BillingSnapshotPostingSourceModel.cs(53,21): warning CS1591: Missing XML comment for publicly visible type or member 'BillingSnapshotPostingSourceModel.IssueDate' [/Users/kady/Masterdom/src/Masterdom.Modules.FinancialLedger/Masterdom.Modules.FinancialLedger.csproj]
/Users/kady/Masterdom/src/Masterdom.Modules.FinancialLedger/Application/Translation/BillingSnapshotPostingSourceModel.cs(55,21): warning CS1591: Missing XML comment for publicly visible type or member 'BillingSnapshotPostingSourceModel.DueDate' [/Users/kady/Masterdom/src/Masterdom.Modules.FinancialLedger/Masterdom.Modules.FinancialLedger.csproj]
/Users/kady/Masterdom/src/Masterdom.Modules.FinancialLedger/Application/Translation/BillingSnapshotPostingSourceModel.cs(57,19): warning CS1591: Missing XML comment for publicly visible type or member 'BillingSnapshotPostingSourceModel.CurrencyCode' [/Users/kady/Masterdom/src/Masterdom.Modules.FinancialLedger/Masterdom.Modules.FinancialLedger.csproj]
/Users/kady/Masterdom/src/Masterdom.Modules.FinancialLedger/Application/Translation/BillingSnapshotPostingSourceModel.cs(59,20): warning CS1591: Missing XML comment for publicly visible type or member 'BillingSnapshotPostingSourceModel.TotalAmount' [/Users/kady/Masterdom/src/Masterdom.Modules.FinancialLedger/Masterdom.Modules.FinancialLedger.csproj]
/Users/kady/Masterdom/src/Masterdom.Modules.FinancialLedger/Application/Translation/BillingSnapshotPostingSourceModel.cs(61,20): warning CS1591: Missing XML comment for publicly visible type or member 'BillingSnapshotPostingSourceModel.OutstandingAmount' [/Users/kady/Masterdom/src/Masterdom.Modules.FinancialLedger/Masterdom.Modules.FinancialLedger.csproj]
/Users/kady/Masterdom/src/Masterdom.Modules.FinancialLedger/Application/Translation/BillingSnapshotPostingSourceModel.cs(63,71): warning CS1591: Missing XML comment for publicly visible type or member 'BillingSnapshotPostingSourceModel.ChargeLines' [/Users/kady/Masterdom/src/Masterdom.Modules.FinancialLedger/Masterdom.Modules.FinancialLedger.csproj]
/Users/kady/Masterdom/src/Masterdom.Modules.FinancialLedger/Application/Translation/BillingSnapshotPostingSourceModel.cs(65,22): warning CS1591: Missing XML comment for publicly visible type or member 'BillingSnapshotPostingSourceModel.GeneratedDate' [/Users/kady/Masterdom/src/Masterdom.Modules.FinancialLedger/Masterdom.Modules.FinancialLedger.csproj]
/Users/kady/Masterdom/src/Masterdom.Modules.FinancialLedger/Application/Translation/BillingSnapshotPostingSourceModel.cs(67,20): warning CS1591: Missing XML comment for publicly visible type or member 'BillingSnapshotPostingSourceModel.CorrelationId' [/Users/kady/Masterdom/src/Masterdom.Modules.FinancialLedger/Masterdom.Modules.FinancialLedger.csproj]
/Users/kady/Masterdom/src/Masterdom.Modules.FinancialLedger/Application/Translation/BillingSnapshotPostingSourceModel.cs(70,21): warning CS1591: Missing XML comment for publicly visible type or member 'BillingSnapshotPostingChargeLineModel' [/Users/kady/Masterdom/src/Masterdom.Modules.FinancialLedger/Masterdom.Modules.FinancialLedger.csproj]
/Users/kady/Masterdom/src/Masterdom.Modules.FinancialLedger/Application/Translation/BillingSnapshotPostingSourceModel.cs(72,12): warning CS1591: Missing XML comment for publicly visible type or member 'BillingSnapshotPostingChargeLineModel.BillingSnapshotPostingChargeLineModel(string, string, decimal, string, string?)' [/Users/kady/Masterdom/src/Masterdom.Modules.FinancialLedger/Masterdom.Modules.FinancialLedger.csproj]
/Users/kady/Masterdom/src/Masterdom.Modules.FinancialLedger/Application/Translation/BillingSnapshotPostingSourceModel.cs(86,19): warning CS1591: Missing XML comment for publicly visible type or member 'BillingSnapshotPostingChargeLineModel.ChargeCategory' [/Users/kady/Masterdom/src/Masterdom.Modules.FinancialLedger/Masterdom.Modules.FinancialLedger.csproj]
/Users/kady/Masterdom/src/Masterdom.Modules.FinancialLedger/Application/Translation/BillingSnapshotPostingSourceModel.cs(88,19): warning CS1591: Missing XML comment for publicly visible type or member 'BillingSnapshotPostingChargeLineModel.Description' [/Users/kady/Masterdom/src/Masterdom.Modules.FinancialLedger/Masterdom.Modules.FinancialLedger.csproj]
/Users/kady/Masterdom/src/Masterdom.Modules.FinancialLedger/Application/Translation/BillingSnapshotPostingSourceModel.cs(90,20): warning CS1591: Missing XML comment for publicly visible type or member 'BillingSnapshotPostingChargeLineModel.Amount' [/Users/kady/Masterdom/src/Masterdom.Modules.FinancialLedger/Masterdom.Modules.FinancialLedger.csproj]
/Users/kady/Masterdom/src/Masterdom.Modules.FinancialLedger/Application/Translation/BillingSnapshotPostingSourceModel.cs(92,19): warning CS1591: Missing XML comment for publicly visible type or member 'BillingSnapshotPostingChargeLineModel.CurrencyCode' [/Users/kady/Masterdom/src/Masterdom.Modules.FinancialLedger/Masterdom.Modules.FinancialLedger.csproj]
/Users/kady/Masterdom/src/Masterdom.Modules.FinancialLedger/Application/Translation/BillingSnapshotPostingSourceModel.cs(94,20): warning CS1591: Missing XML comment for publicly visible type or member 'BillingSnapshotPostingChargeLineModel.ExternalReference' [/Users/kady/Masterdom/src/Masterdom.Modules.FinancialLedger/Masterdom.Modules.FinancialLedger.csproj]
/Users/kady/Masterdom/src/Masterdom.Modules.FinancialLedger/Application/Translation/BillingSnapshotTranslator.cs(5,21): warning CS1591: Missing XML comment for publicly visible type or member 'BillingSnapshotTranslator' [/Users/kady/Masterdom/src/Masterdom.Modules.FinancialLedger/Masterdom.Modules.FinancialLedger.csproj]
/Users/kady/Masterdom/src/Masterdom.Modules.FinancialLedger/Application/Translation/BillingSnapshotTranslator.cs(7,46): warning CS1591: Missing XML comment for publicly visible type or member 'BillingSnapshotTranslator.Translate(BillSnapshotModel)' [/Users/kady/Masterdom/src/Masterdom.Modules.FinancialLedger/Masterdom.Modules.FinancialLedger.csproj]
/Users/kady/Masterdom/src/Masterdom.Modules.FinancialLedger/Contracts/Billing/BillingLedgerPostingContract.cs(3,22): warning CS1591: Missing XML comment for publicly visible type or member 'BillingLedgerPostingContract' [/Users/kady/Masterdom/src/Masterdom.Modules.FinancialLedger/Masterdom.Modules.FinancialLedger.csproj]
/Users/kady/Masterdom/src/Masterdom.Modules.FinancialLedger/Contracts/Billing/BillingLedgerPostingContract.cs(3,22): warning CS1591: Missing XML comment for publicly visible type or member 'BillingLedgerPostingContract.BillingLedgerPostingContract(string, string, DateOnly, string, string, IReadOnlyCollection<LedgerPostingLineContract>)' [/Users/kady/Masterdom/src/Masterdom.Modules.FinancialLedger/Masterdom.Modules.FinancialLedger.csproj]
/Users/kady/Masterdom/src/Masterdom.Modules.FinancialLedger/Contracts/Billing/BillingLedgerPostingContract.cs(4,12): warning CS1591: Missing XML comment for publicly visible type or member 'BillingLedgerPostingContract.PostingReference' [/Users/kady/Masterdom/src/Masterdom.Modules.FinancialLedger/Masterdom.Modules.FinancialLedger.csproj]
/Users/kady/Masterdom/src/Masterdom.Modules.FinancialLedger/Contracts/Billing/BillingLedgerPostingContract.cs(5,12): warning CS1591: Missing XML comment for publicly visible type or member 'BillingLedgerPostingContract.JournalNumber' [/Users/kady/Masterdom/src/Masterdom.Modules.FinancialLedger/Masterdom.Modules.FinancialLedger.csproj]
/Users/kady/Masterdom/src/Masterdom.Modules.FinancialLedger/Contracts/Billing/BillingLedgerPostingContract.cs(6,14): warning CS1591: Missing XML comment for publicly visible type or member 'BillingLedgerPostingContract.PostingDate' [/Users/kady/Masterdom/src/Masterdom.Modules.FinancialLedger/Masterdom.Modules.FinancialLedger.csproj]
/Users/kady/Masterdom/src/Masterdom.Modules.FinancialLedger/Contracts/Billing/BillingLedgerPostingContract.cs(7,12): warning CS1591: Missing XML comment for publicly visible type or member 'BillingLedgerPostingContract.Description' [/Users/kady/Masterdom/src/Masterdom.Modules.FinancialLedger/Masterdom.Modules.FinancialLedger.csproj]
/Users/kady/Masterdom/src/Masterdom.Modules.FinancialLedger/Contracts/Billing/BillingLedgerPostingContract.cs(8,12): warning CS1591: Missing XML comment for publicly visible type or member 'BillingLedgerPostingContract.BatchReference' [/Users/kady/Masterdom/src/Masterdom.Modules.FinancialLedger/Masterdom.Modules.FinancialLedger.csproj]
/Users/kady/Masterdom/src/Masterdom.Modules.FinancialLedger/Contracts/Billing/BillingLedgerPostingContract.cs(9,52): warning CS1591: Missing XML comment for publicly visible type or member 'BillingLedgerPostingContract.Lines' [/Users/kady/Masterdom/src/Masterdom.Modules.FinancialLedger/Masterdom.Modules.FinancialLedger.csproj]
/Users/kady/Masterdom/src/Masterdom.Modules.FinancialLedger/Contracts/Billing/LedgerPostingLineContract.cs(3,22): warning CS1591: Missing XML comment for publicly visible type or member 'LedgerPostingLineContract' [/Users/kady/Masterdom/src/Masterdom.Modules.FinancialLedger/Masterdom.Modules.FinancialLedger.csproj]
/Users/kady/Masterdom/src/Masterdom.Modules.FinancialLedger/Contracts/Billing/LedgerPostingLineContract.cs(3,22): warning CS1591: Missing XML comment for publicly visible type or member 'LedgerPostingLineContract.LedgerPostingLineContract(string, string, decimal, decimal, string)' [/Users/kady/Masterdom/src/Masterdom.Modules.FinancialLedger/Masterdom.Modules.FinancialLedger.csproj]
/Users/kady/Masterdom/src/Masterdom.Modules.FinancialLedger/Contracts/Billing/LedgerPostingLineContract.cs(4,12): warning CS1591: Missing XML comment for publicly visible type or member 'LedgerPostingLineContract.AccountCode' [/Users/kady/Masterdom/src/Masterdom.Modules.FinancialLedger/Masterdom.Modules.FinancialLedger.csproj]
/Users/kady/Masterdom/src/Masterdom.Modules.FinancialLedger/Contracts/Billing/LedgerPostingLineContract.cs(5,12): warning CS1591: Missing XML comment for publicly visible type or member 'LedgerPostingLineContract.AccountName' [/Users/kady/Masterdom/src/Masterdom.Modules.FinancialLedger/Masterdom.Modules.FinancialLedger.csproj]
/Users/kady/Masterdom/src/Masterdom.Modules.FinancialLedger/Contracts/Billing/LedgerPostingLineContract.cs(6,13): warning CS1591: Missing XML comment for publicly visible type or member 'LedgerPostingLineContract.DebitAmount' [/Users/kady/Masterdom/src/Masterdom.Modules.FinancialLedger/Masterdom.Modules.FinancialLedger.csproj]
/Users/kady/Masterdom/src/Masterdom.Modules.FinancialLedger/Contracts/Billing/LedgerPostingLineContract.cs(7,13): warning CS1591: Missing XML comment for publicly visible type or member 'LedgerPostingLineContract.CreditAmount' [/Users/kady/Masterdom/src/Masterdom.Modules.FinancialLedger/Masterdom.Modules.FinancialLedger.csproj]
/Users/kady/Masterdom/src/Masterdom.Modules.FinancialLedger/Contracts/Billing/LedgerPostingLineContract.cs(8,12): warning CS1591: Missing XML comment for publicly visible type or member 'LedgerPostingLineContract.Description' [/Users/kady/Masterdom/src/Masterdom.Modules.FinancialLedger/Masterdom.Modules.FinancialLedger.csproj]
/Users/kady/Masterdom/src/Masterdom.Modules.FinancialLedger/Contracts/Payment/PaymentLedgerPostingContract.cs(3,22): warning CS1591: Missing XML comment for publicly visible type or member 'PaymentLedgerPostingContract' [/Users/kady/Masterdom/src/Masterdom.Modules.FinancialLedger/Masterdom.Modules.FinancialLedger.csproj]
/Users/kady/Masterdom/src/Masterdom.Modules.FinancialLedger/Contracts/Payment/PaymentLedgerPostingContract.cs(3,22): warning CS1591: Missing XML comment for publicly visible type or member 'PaymentLedgerPostingContract.PaymentLedgerPostingContract(string, string, DateOnly, string, string, IReadOnlyCollection<PaymentLedgerPostingLineContract>)' [/Users/kady/Masterdom/src/Masterdom.Modules.FinancialLedger/Masterdom.Modules.FinancialLedger.csproj]
/Users/kady/Masterdom/src/Masterdom.Modules.FinancialLedger/Contracts/Payment/PaymentLedgerPostingContract.cs(4,12): warning CS1591: Missing XML comment for publicly visible type or member 'PaymentLedgerPostingContract.PostingReference' [/Users/kady/Masterdom/src/Masterdom.Modules.FinancialLedger/Masterdom.Modules.FinancialLedger.csproj]
/Users/kady/Masterdom/src/Masterdom.Modules.FinancialLedger/Contracts/Payment/PaymentLedgerPostingContract.cs(5,12): warning CS1591: Missing XML comment for publicly visible type or member 'PaymentLedgerPostingContract.JournalNumber' [/Users/kady/Masterdom/src/Masterdom.Modules.FinancialLedger/Masterdom.Modules.FinancialLedger.csproj]
/Users/kady/Masterdom/src/Masterdom.Modules.FinancialLedger/Contracts/Payment/PaymentLedgerPostingContract.cs(6,14): warning CS1591: Missing XML comment for publicly visible type or member 'PaymentLedgerPostingContract.PostingDate' [/Users/kady/Masterdom/src/Masterdom.Modules.FinancialLedger/Masterdom.Modules.FinancialLedger.csproj]
/Users/kady/Masterdom/src/Masterdom.Modules.FinancialLedger/Contracts/Payment/PaymentLedgerPostingContract.cs(7,12): warning CS1591: Missing XML comment for publicly visible type or member 'PaymentLedgerPostingContract.Description' [/Users/kady/Masterdom/src/Masterdom.Modules.FinancialLedger/Masterdom.Modules.FinancialLedger.csproj]
/Users/kady/Masterdom/src/Masterdom.Modules.FinancialLedger/Contracts/Payment/PaymentLedgerPostingContract.cs(8,12): warning CS1591: Missing XML comment for publicly visible type or member 'PaymentLedgerPostingContract.BatchReference' [/Users/kady/Masterdom/src/Masterdom.Modules.FinancialLedger/Masterdom.Modules.FinancialLedger.csproj]
/Users/kady/Masterdom/src/Masterdom.Modules.FinancialLedger/Contracts/Payment/PaymentLedgerPostingContract.cs(9,59): warning CS1591: Missing XML comment for publicly visible type or member 'PaymentLedgerPostingContract.Lines' [/Users/kady/Masterdom/src/Masterdom.Modules.FinancialLedger/Masterdom.Modules.FinancialLedger.csproj]
/Users/kady/Masterdom/src/Masterdom.Modules.FinancialLedger/Contracts/Payment/PaymentLedgerPostingLineContract.cs(3,22): warning CS1591: Missing XML comment for publicly visible type or member 'PaymentLedgerPostingLineContract' [/Users/kady/Masterdom/src/Masterdom.Modules.FinancialLedger/Masterdom.Modules.FinancialLedger.csproj]
/Users/kady/Masterdom/src/Masterdom.Modules.FinancialLedger/Contracts/Payment/PaymentLedgerPostingLineContract.cs(3,22): warning CS1591: Missing XML comment for publicly visible type or member 'PaymentLedgerPostingLineContract.PaymentLedgerPostingLineContract(string, string, decimal, decimal, string)' [/Users/kady/Masterdom/src/Masterdom.Modules.FinancialLedger/Masterdom.Modules.FinancialLedger.csproj]
/Users/kady/Masterdom/src/Masterdom.Modules.FinancialLedger/Contracts/Payment/PaymentLedgerPostingLineContract.cs(4,12): warning CS1591: Missing XML comment for publicly visible type or member 'PaymentLedgerPostingLineContract.AccountCode' [/Users/kady/Masterdom/src/Masterdom.Modules.FinancialLedger/Masterdom.Modules.FinancialLedger.csproj]
/Users/kady/Masterdom/src/Masterdom.Modules.FinancialLedger/Contracts/Payment/PaymentLedgerPostingLineContract.cs(5,12): warning CS1591: Missing XML comment for publicly visible type or member 'PaymentLedgerPostingLineContract.AccountName' [/Users/kady/Masterdom/src/Masterdom.Modules.FinancialLedger/Masterdom.Modules.FinancialLedger.csproj]
/Users/kady/Masterdom/src/Masterdom.Modules.FinancialLedger/Contracts/Payment/PaymentLedgerPostingLineContract.cs(6,13): warning CS1591: Missing XML comment for publicly visible type or member 'PaymentLedgerPostingLineContract.DebitAmount' [/Users/kady/Masterdom/src/Masterdom.Modules.FinancialLedger/Masterdom.Modules.FinancialLedger.csproj]
/Users/kady/Masterdom/src/Masterdom.Modules.FinancialLedger/Contracts/Payment/PaymentLedgerPostingLineContract.cs(7,13): warning CS1591: Missing XML comment for publicly visible type or member 'PaymentLedgerPostingLineContract.CreditAmount' [/Users/kady/Masterdom/src/Masterdom.Modules.FinancialLedger/Masterdom.Modules.FinancialLedger.csproj]
/Users/kady/Masterdom/src/Masterdom.Modules.FinancialLedger/Contracts/Payment/PaymentLedgerPostingLineContract.cs(8,12): warning CS1591: Missing XML comment for publicly visible type or member 'PaymentLedgerPostingLineContract.Description' [/Users/kady/Masterdom/src/Masterdom.Modules.FinancialLedger/Masterdom.Modules.FinancialLedger.csproj]
/Users/kady/Masterdom/src/Masterdom.Modules.FinancialLedger/Domain/Entities/FinancialLedger/AccountReference.cs(5,21): warning CS1591: Missing XML comment for publicly visible type or member 'AccountReference' [/Users/kady/Masterdom/src/Masterdom.Modules.FinancialLedger/Masterdom.Modules.FinancialLedger.csproj]
/Users/kady/Masterdom/src/Masterdom.Modules.FinancialLedger/Domain/Entities/FinancialLedger/AccountReference.cs(13,19): warning CS1591: Missing XML comment for publicly visible type or member 'AccountReference.AccountCode' [/Users/kady/Masterdom/src/Masterdom.Modules.FinancialLedger/Masterdom.Modules.FinancialLedger.csproj]
/Users/kady/Masterdom/src/Masterdom.Modules.FinancialLedger/Domain/Entities/FinancialLedger/AccountReference.cs(15,19): warning CS1591: Missing XML comment for publicly visible type or member 'AccountReference.AccountName' [/Users/kady/Masterdom/src/Masterdom.Modules.FinancialLedger/Masterdom.Modules.FinancialLedger.csproj]
/Users/kady/Masterdom/src/Masterdom.Modules.FinancialLedger/Domain/Entities/FinancialLedger/AccountReference.cs(17,36): warning CS1591: Missing XML comment for publicly visible type or member 'AccountReference.Create(string, string)' [/Users/kady/Masterdom/src/Masterdom.Modules.FinancialLedger/Masterdom.Modules.FinancialLedger.csproj]
/Users/kady/Masterdom/src/Masterdom.Modules.FinancialLedger/Domain/Entities/FinancialLedger/AccountReference.cs(25,45): warning CS1591: Missing XML comment for publicly visible type or member 'AccountReference.GetEqualityComponents()' [/Users/kady/Masterdom/src/Masterdom.Modules.FinancialLedger/Masterdom.Modules.FinancialLedger.csproj]
/Users/kady/Masterdom/src/Masterdom.Modules.FinancialLedger/Domain/Entities/FinancialLedger/Events/JournalPostedDomainEvent.cs(5,22): warning CS1591: Missing XML comment for publicly visible type or member 'JournalPostedDomainEvent' [/Users/kady/Masterdom/src/Masterdom.Modules.FinancialLedger/Masterdom.Modules.FinancialLedger.csproj]
/Users/kady/Masterdom/src/Masterdom.Modules.FinancialLedger/Domain/Entities/FinancialLedger/Events/JournalPostedDomainEvent.cs(5,22): warning CS1591: Missing XML comment for publicly visible type or member 'JournalPostedDomainEvent.JournalPostedDomainEvent(LedgerId, string, DateTime)' [/Users/kady/Masterdom/src/Masterdom.Modules.FinancialLedger/Masterdom.Modules.FinancialLedger.csproj]
/Users/kady/Masterdom/src/Masterdom.Modules.FinancialLedger/Domain/Entities/FinancialLedger/Events/JournalPostedDomainEvent.cs(6,14): warning CS1591: Missing XML comment for publicly visible type or member 'JournalPostedDomainEvent.LedgerId' [/Users/kady/Masterdom/src/Masterdom.Modules.FinancialLedger/Masterdom.Modules.FinancialLedger.csproj]
/Users/kady/Masterdom/src/Masterdom.Modules.FinancialLedger/Domain/Entities/FinancialLedger/Events/JournalPostedDomainEvent.cs(7,12): warning CS1591: Missing XML comment for publicly visible type or member 'JournalPostedDomainEvent.JournalNumber' [/Users/kady/Masterdom/src/Masterdom.Modules.FinancialLedger/Masterdom.Modules.FinancialLedger.csproj]
/Users/kady/Masterdom/src/Masterdom.Modules.FinancialLedger/Domain/Entities/FinancialLedger/Events/JournalPostedDomainEvent.cs(8,14): warning CS1591: Missing XML comment for publicly visible type or member 'JournalPostedDomainEvent.OccurredOnUtc' [/Users/kady/Masterdom/src/Masterdom.Modules.FinancialLedger/Masterdom.Modules.FinancialLedger.csproj]
/Users/kady/Masterdom/src/Masterdom.Modules.FinancialLedger/Domain/Entities/FinancialLedger/Events/JournalReversedDomainEvent.cs(5,22): warning CS1591: Missing XML comment for publicly visible type or member 'JournalReversedDomainEvent' [/Users/kady/Masterdom/src/Masterdom.Modules.FinancialLedger/Masterdom.Modules.FinancialLedger.csproj]
/Users/kady/Masterdom/src/Masterdom.Modules.FinancialLedger/Domain/Entities/FinancialLedger/Events/JournalReversedDomainEvent.cs(5,22): warning CS1591: Missing XML comment for publicly visible type or member 'JournalReversedDomainEvent.JournalReversedDomainEvent(LedgerId, string, Guid, DateTime)' [/Users/kady/Masterdom/src/Masterdom.Modules.FinancialLedger/Masterdom.Modules.FinancialLedger.csproj]
/Users/kady/Masterdom/src/Masterdom.Modules.FinancialLedger/Domain/Entities/FinancialLedger/Events/JournalReversedDomainEvent.cs(6,14): warning CS1591: Missing XML comment for publicly visible type or member 'JournalReversedDomainEvent.LedgerId' [/Users/kady/Masterdom/src/Masterdom.Modules.FinancialLedger/Masterdom.Modules.FinancialLedger.csproj]
/Users/kady/Masterdom/src/Masterdom.Modules.FinancialLedger/Domain/Entities/FinancialLedger/Events/JournalReversedDomainEvent.cs(7,12): warning CS1591: Missing XML comment for publicly visible type or member 'JournalReversedDomainEvent.JournalNumber' [/Users/kady/Masterdom/src/Masterdom.Modules.FinancialLedger/Masterdom.Modules.FinancialLedger.csproj]
/Users/kady/Masterdom/src/Masterdom.Modules.FinancialLedger/Domain/Entities/FinancialLedger/Events/JournalReversedDomainEvent.cs(8,10): warning CS1591: Missing XML comment for publicly visible type or member 'JournalReversedDomainEvent.ReversedTransactionId' [/Users/kady/Masterdom/src/Masterdom.Modules.FinancialLedger/Masterdom.Modules.FinancialLedger.csproj]
/Users/kady/Masterdom/src/Masterdom.Modules.FinancialLedger/Domain/Entities/FinancialLedger/Events/JournalReversedDomainEvent.cs(9,14): warning CS1591: Missing XML comment for publicly visible type or member 'JournalReversedDomainEvent.OccurredOnUtc' [/Users/kady/Masterdom/src/Masterdom.Modules.FinancialLedger/Masterdom.Modules.FinancialLedger.csproj]
/Users/kady/Masterdom/src/Masterdom.Modules.FinancialLedger/Domain/Entities/FinancialLedger/Events/LedgerSnapshotCreatedDomainEvent.cs(5,22): warning CS1591: Missing XML comment for publicly visible type or member 'LedgerSnapshotCreatedDomainEvent' [/Users/kady/Masterdom/src/Masterdom.Modules.FinancialLedger/Masterdom.Modules.FinancialLedger.csproj]
/Users/kady/Masterdom/src/Masterdom.Modules.FinancialLedger/Domain/Entities/FinancialLedger/Events/LedgerSnapshotCreatedDomainEvent.cs(5,22): warning CS1591: Missing XML comment for publicly visible type or member 'LedgerSnapshotCreatedDomainEvent.LedgerSnapshotCreatedDomainEvent(LedgerId, Guid, int, DateTime)' [/Users/kady/Masterdom/src/Masterdom.Modules.FinancialLedger/Masterdom.Modules.FinancialLedger.csproj]
/Users/kady/Masterdom/src/Masterdom.Modules.FinancialLedger/Domain/Entities/FinancialLedger/Events/LedgerSnapshotCreatedDomainEvent.cs(6,14): warning CS1591: Missing XML comment for publicly visible type or member 'LedgerSnapshotCreatedDomainEvent.LedgerId' [/Users/kady/Masterdom/src/Masterdom.Modules.FinancialLedger/Masterdom.Modules.FinancialLedger.csproj]
/Users/kady/Masterdom/src/Masterdom.Modules.FinancialLedger/Domain/Entities/FinancialLedger/Events/LedgerSnapshotCreatedDomainEvent.cs(7,10): warning CS1591: Missing XML comment for publicly visible type or member 'LedgerSnapshotCreatedDomainEvent.SnapshotId' [/Users/kady/Masterdom/src/Masterdom.Modules.FinancialLedger/Masterdom.Modules.FinancialLedger.csproj]
/Users/kady/Masterdom/src/Masterdom.Modules.FinancialLedger/Domain/Entities/FinancialLedger/Events/LedgerSnapshotCreatedDomainEvent.cs(8,9): warning CS1591: Missing XML comment for publicly visible type or member 'LedgerSnapshotCreatedDomainEvent.VersionNumber' [/Users/kady/Masterdom/src/Masterdom.Modules.FinancialLedger/Masterdom.Modules.FinancialLedger.csproj]
/Users/kady/Masterdom/src/Masterdom.Modules.FinancialLedger/Domain/Entities/FinancialLedger/Events/LedgerSnapshotCreatedDomainEvent.cs(9,14): warning CS1591: Missing XML comment for publicly visible type or member 'LedgerSnapshotCreatedDomainEvent.OccurredOnUtc' [/Users/kady/Masterdom/src/Masterdom.Modules.FinancialLedger/Masterdom.Modules.FinancialLedger.csproj]
/Users/kady/Masterdom/src/Masterdom.Modules.FinancialLedger/Domain/Entities/FinancialLedger/Events/LedgerTransactionCreatedDomainEvent.cs(5,22): warning CS1591: Missing XML comment for publicly visible type or member 'LedgerTransactionCreatedDomainEvent' [/Users/kady/Masterdom/src/Masterdom.Modules.FinancialLedger/Masterdom.Modules.FinancialLedger.csproj]
/Users/kady/Masterdom/src/Masterdom.Modules.FinancialLedger/Domain/Entities/FinancialLedger/Events/LedgerTransactionCreatedDomainEvent.cs(5,22): warning CS1591: Missing XML comment for publicly visible type or member 'LedgerTransactionCreatedDomainEvent.LedgerTransactionCreatedDomainEvent(LedgerId, Guid, string, DateTime)' [/Users/kady/Masterdom/src/Masterdom.Modules.FinancialLedger/Masterdom.Modules.FinancialLedger.csproj]
/Users/kady/Masterdom/src/Masterdom.Modules.FinancialLedger/Domain/Entities/FinancialLedger/Events/LedgerTransactionCreatedDomainEvent.cs(6,14): warning CS1591: Missing XML comment for publicly visible type or member 'LedgerTransactionCreatedDomainEvent.LedgerId' [/Users/kady/Masterdom/src/Masterdom.Modules.FinancialLedger/Masterdom.Modules.FinancialLedger.csproj]
/Users/kady/Masterdom/src/Masterdom.Modules.FinancialLedger/Domain/Entities/FinancialLedger/Events/LedgerTransactionCreatedDomainEvent.cs(7,10): warning CS1591: Missing XML comment for publicly visible type or member 'LedgerTransactionCreatedDomainEvent.LedgerTransactionId' [/Users/kady/Masterdom/src/Masterdom.Modules.FinancialLedger/Masterdom.Modules.FinancialLedger.csproj]
/Users/kady/Masterdom/src/Masterdom.Modules.FinancialLedger/Domain/Entities/FinancialLedger/Events/LedgerTransactionCreatedDomainEvent.cs(8,12): warning CS1591: Missing XML comment for publicly visible type or member 'LedgerTransactionCreatedDomainEvent.PostingReference' [/Users/kady/Masterdom/src/Masterdom.Modules.FinancialLedger/Masterdom.Modules.FinancialLedger.csproj]
/Users/kady/Masterdom/src/Masterdom.Modules.FinancialLedger/Domain/Entities/FinancialLedger/Events/LedgerTransactionCreatedDomainEvent.cs(9,14): warning CS1591: Missing XML comment for publicly visible type or member 'LedgerTransactionCreatedDomainEvent.OccurredOnUtc' [/Users/kady/Masterdom/src/Masterdom.Modules.FinancialLedger/Masterdom.Modules.FinancialLedger.csproj]
/Users/kady/Masterdom/src/Masterdom.Modules.FinancialLedger/Domain/Entities/FinancialLedger/Events/LedgerVersionCreatedDomainEvent.cs(5,22): warning CS1591: Missing XML comment for publicly visible type or member 'LedgerVersionCreatedDomainEvent' [/Users/kady/Masterdom/src/Masterdom.Modules.FinancialLedger/Masterdom.Modules.FinancialLedger.csproj]
/Users/kady/Masterdom/src/Masterdom.Modules.FinancialLedger/Domain/Entities/FinancialLedger/Events/LedgerVersionCreatedDomainEvent.cs(5,22): warning CS1591: Missing XML comment for publicly visible type or member 'LedgerVersionCreatedDomainEvent.LedgerVersionCreatedDomainEvent(LedgerId, int, string, DateTime)' [/Users/kady/Masterdom/src/Masterdom.Modules.FinancialLedger/Masterdom.Modules.FinancialLedger.csproj]
/Users/kady/Masterdom/src/Masterdom.Modules.FinancialLedger/Domain/Entities/FinancialLedger/Events/LedgerVersionCreatedDomainEvent.cs(6,14): warning CS1591: Missing XML comment for publicly visible type or member 'LedgerVersionCreatedDomainEvent.LedgerId' [/Users/kady/Masterdom/src/Masterdom.Modules.FinancialLedger/Masterdom.Modules.FinancialLedger.csproj]
/Users/kady/Masterdom/src/Masterdom.Modules.FinancialLedger/Domain/Entities/FinancialLedger/Events/LedgerVersionCreatedDomainEvent.cs(7,9): warning CS1591: Missing XML comment for publicly visible type or member 'LedgerVersionCreatedDomainEvent.VersionNumber' [/Users/kady/Masterdom/src/Masterdom.Modules.FinancialLedger/Masterdom.Modules.FinancialLedger.csproj]
/Users/kady/Masterdom/src/Masterdom.Modules.FinancialLedger/Domain/Entities/FinancialLedger/Events/LedgerVersionCreatedDomainEvent.cs(8,12): warning CS1591: Missing XML comment for publicly visible type or member 'LedgerVersionCreatedDomainEvent.ChangeReason' [/Users/kady/Masterdom/src/Masterdom.Modules.FinancialLedger/Masterdom.Modules.FinancialLedger.csproj]
/Users/kady/Masterdom/src/Masterdom.Modules.FinancialLedger/Domain/Entities/FinancialLedger/Events/LedgerVersionCreatedDomainEvent.cs(9,14): warning CS1591: Missing XML comment for publicly visible type or member 'LedgerVersionCreatedDomainEvent.OccurredOnUtc' [/Users/kady/Masterdom/src/Masterdom.Modules.FinancialLedger/Masterdom.Modules.FinancialLedger.csproj]
/Users/kady/Masterdom/src/Masterdom.Modules.FinancialLedger/Domain/Entities/FinancialLedger/Events/PostingBatchCompletedDomainEvent.cs(5,22): warning CS1591: Missing XML comment for publicly visible type or member 'PostingBatchCompletedDomainEvent' [/Users/kady/Masterdom/src/Masterdom.Modules.FinancialLedger/Masterdom.Modules.FinancialLedger.csproj]
/Users/kady/Masterdom/src/Masterdom.Modules.FinancialLedger/Domain/Entities/FinancialLedger/Events/PostingBatchCompletedDomainEvent.cs(5,22): warning CS1591: Missing XML comment for publicly visible type or member 'PostingBatchCompletedDomainEvent.PostingBatchCompletedDomainEvent(LedgerId, Guid, string, DateTime)' [/Users/kady/Masterdom/src/Masterdom.Modules.FinancialLedger/Masterdom.Modules.FinancialLedger.csproj]
/Users/kady/Masterdom/src/Masterdom.Modules.FinancialLedger/Domain/Entities/FinancialLedger/Events/PostingBatchCompletedDomainEvent.cs(6,14): warning CS1591: Missing XML comment for publicly visible type or member 'PostingBatchCompletedDomainEvent.LedgerId' [/Users/kady/Masterdom/src/Masterdom.Modules.FinancialLedger/Masterdom.Modules.FinancialLedger.csproj]
/Users/kady/Masterdom/src/Masterdom.Modules.FinancialLedger/Domain/Entities/FinancialLedger/Events/PostingBatchCompletedDomainEvent.cs(7,10): warning CS1591: Missing XML comment for publicly visible type or member 'PostingBatchCompletedDomainEvent.PostingBatchId' [/Users/kady/Masterdom/src/Masterdom.Modules.FinancialLedger/Masterdom.Modules.FinancialLedger.csproj]
/Users/kady/Masterdom/src/Masterdom.Modules.FinancialLedger/Domain/Entities/FinancialLedger/Events/PostingBatchCompletedDomainEvent.cs(8,12): warning CS1591: Missing XML comment for publicly visible type or member 'PostingBatchCompletedDomainEvent.BatchReference' [/Users/kady/Masterdom/src/Masterdom.Modules.FinancialLedger/Masterdom.Modules.FinancialLedger.csproj]
/Users/kady/Masterdom/src/Masterdom.Modules.FinancialLedger/Domain/Entities/FinancialLedger/Events/PostingBatchCompletedDomainEvent.cs(9,14): warning CS1591: Missing XML comment for publicly visible type or member 'PostingBatchCompletedDomainEvent.OccurredOnUtc' [/Users/kady/Masterdom/src/Masterdom.Modules.FinancialLedger/Masterdom.Modules.FinancialLedger.csproj]
/Users/kady/Masterdom/src/Masterdom.Modules.FinancialLedger/Domain/Entities/FinancialLedger/Journal.cs(3,21): warning CS1591: Missing XML comment for publicly visible type or member 'Journal' [/Users/kady/Masterdom/src/Masterdom.Modules.FinancialLedger/Masterdom.Modules.FinancialLedger.csproj]
/Users/kady/Masterdom/src/Masterdom.Modules.FinancialLedger/Domain/Entities/FinancialLedger/Journal.cs(14,19): warning CS1591: Missing XML comment for publicly visible type or member 'Journal.JournalNumber' [/Users/kady/Masterdom/src/Masterdom.Modules.FinancialLedger/Masterdom.Modules.FinancialLedger.csproj]
/Users/kady/Masterdom/src/Masterdom.Modules.FinancialLedger/Domain/Entities/FinancialLedger/Journal.cs(16,19): warning CS1591: Missing XML comment for publicly visible type or member 'Journal.Description' [/Users/kady/Masterdom/src/Masterdom.Modules.FinancialLedger/Masterdom.Modules.FinancialLedger.csproj]
/Users/kady/Masterdom/src/Masterdom.Modules.FinancialLedger/Domain/Entities/FinancialLedger/Journal.cs(18,40): warning CS1591: Missing XML comment for publicly visible type or member 'Journal.Entries' [/Users/kady/Masterdom/src/Masterdom.Modules.FinancialLedger/Masterdom.Modules.FinancialLedger.csproj]
/Users/kady/Masterdom/src/Masterdom.Modules.FinancialLedger/Domain/Entities/FinancialLedger/Journal.cs(20,27): warning CS1591: Missing XML comment for publicly visible type or member 'Journal.Create(string, string, IEnumerable<JournalEntry>)' [/Users/kady/Masterdom/src/Masterdom.Modules.FinancialLedger/Masterdom.Modules.FinancialLedger.csproj]
/Users/kady/Masterdom/src/Masterdom.Modules.FinancialLedger/Domain/Entities/FinancialLedger/Journal.cs(43,20): warning CS1591: Missing XML comment for publicly visible type or member 'Journal.GetDebitTotal()' [/Users/kady/Masterdom/src/Masterdom.Modules.FinancialLedger/Masterdom.Modules.FinancialLedger.csproj]
/Users/kady/Masterdom/src/Masterdom.Modules.FinancialLedger/Domain/Entities/FinancialLedger/Journal.cs(48,20): warning CS1591: Missing XML comment for publicly visible type or member 'Journal.GetCreditTotal()' [/Users/kady/Masterdom/src/Masterdom.Modules.FinancialLedger/Masterdom.Modules.FinancialLedger.csproj]
/Users/kady/Masterdom/src/Masterdom.Modules.FinancialLedger/Domain/Entities/FinancialLedger/JournalEntry.cs(3,21): warning CS1591: Missing XML comment for publicly visible type or member 'JournalEntry' [/Users/kady/Masterdom/src/Masterdom.Modules.FinancialLedger/Masterdom.Modules.FinancialLedger.csproj]
/Users/kady/Masterdom/src/Masterdom.Modules.FinancialLedger/Domain/Entities/FinancialLedger/JournalEntry.cs(14,17): warning CS1591: Missing XML comment for publicly visible type or member 'JournalEntry.EntryId' [/Users/kady/Masterdom/src/Masterdom.Modules.FinancialLedger/Masterdom.Modules.FinancialLedger.csproj]
/Users/kady/Masterdom/src/Masterdom.Modules.FinancialLedger/Domain/Entities/FinancialLedger/JournalEntry.cs(16,29): warning CS1591: Missing XML comment for publicly visible type or member 'JournalEntry.AccountReference' [/Users/kady/Masterdom/src/Masterdom.Modules.FinancialLedger/Masterdom.Modules.FinancialLedger.csproj]
/Users/kady/Masterdom/src/Masterdom.Modules.FinancialLedger/Domain/Entities/FinancialLedger/JournalEntry.cs(18,24): warning CS1591: Missing XML comment for publicly visible type or member 'JournalEntry.DebitAmount' [/Users/kady/Masterdom/src/Masterdom.Modules.FinancialLedger/Masterdom.Modules.FinancialLedger.csproj]
/Users/kady/Masterdom/src/Masterdom.Modules.FinancialLedger/Domain/Entities/FinancialLedger/JournalEntry.cs(20,24): warning CS1591: Missing XML comment for publicly visible type or member 'JournalEntry.CreditAmount' [/Users/kady/Masterdom/src/Masterdom.Modules.FinancialLedger/Masterdom.Modules.FinancialLedger.csproj]
/Users/kady/Masterdom/src/Masterdom.Modules.FinancialLedger/Domain/Entities/FinancialLedger/JournalEntry.cs(22,19): warning CS1591: Missing XML comment for publicly visible type or member 'JournalEntry.Description' [/Users/kady/Masterdom/src/Masterdom.Modules.FinancialLedger/Masterdom.Modules.FinancialLedger.csproj]
/Users/kady/Masterdom/src/Masterdom.Modules.FinancialLedger/Domain/Entities/FinancialLedger/JournalEntry.cs(24,32): warning CS1591: Missing XML comment for publicly visible type or member 'JournalEntry.Create(AccountReference, MoneyAmount, MoneyAmount, string)' [/Users/kady/Masterdom/src/Masterdom.Modules.FinancialLedger/Masterdom.Modules.FinancialLedger.csproj]
/Users/kady/Masterdom/src/Masterdom.Modules.FinancialLedger/Domain/Entities/FinancialLedger/Ledger.cs(10,21): warning CS1591: Missing XML comment for publicly visible type or member 'Ledger' [/Users/kady/Masterdom/src/Masterdom.Modules.FinancialLedger/Masterdom.Modules.FinancialLedger.csproj]
/Users/kady/Masterdom/src/Masterdom.Modules.FinancialLedger/Domain/Entities/FinancialLedger/Ledger.cs(27,19): warning CS1591: Missing XML comment for publicly visible type or member 'Ledger.LedgerCode' [/Users/kady/Masterdom/src/Masterdom.Modules.FinancialLedger/Masterdom.Modules.FinancialLedger.csproj]
/Users/kady/Masterdom/src/Masterdom.Modules.FinancialLedger/Domain/Entities/FinancialLedger/Ledger.cs(29,19): warning CS1591: Missing XML comment for publicly visible type or member 'Ledger.LedgerName' [/Users/kady/Masterdom/src/Masterdom.Modules.FinancialLedger/Masterdom.Modules.FinancialLedger.csproj]
/Users/kady/Masterdom/src/Masterdom.Modules.FinancialLedger/Domain/Entities/FinancialLedger/Ledger.cs(31,21): warning CS1591: Missing XML comment for publicly visible type or member 'Ledger.CreatedAtUtc' [/Users/kady/Masterdom/src/Masterdom.Modules.FinancialLedger/Masterdom.Modules.FinancialLedger.csproj]
/Users/kady/Masterdom/src/Masterdom.Modules.FinancialLedger/Domain/Entities/FinancialLedger/Ledger.cs(33,47): warning CS1591: Missing XML comment for publicly visible type or member 'Ledger.Accounts' [/Users/kady/Masterdom/src/Masterdom.Modules.FinancialLedger/Masterdom.Modules.FinancialLedger.csproj]
/Users/kady/Masterdom/src/Masterdom.Modules.FinancialLedger/Domain/Entities/FinancialLedger/Ledger.cs(35,51): warning CS1591: Missing XML comment for publicly visible type or member 'Ledger.Transactions' [/Users/kady/Masterdom/src/Masterdom.Modules.FinancialLedger/Masterdom.Modules.FinancialLedger.csproj]
/Users/kady/Masterdom/src/Masterdom.Modules.FinancialLedger/Domain/Entities/FinancialLedger/Ledger.cs(37,46): warning CS1591: Missing XML comment for publicly visible type or member 'Ledger.PostingBatches' [/Users/kady/Masterdom/src/Masterdom.Modules.FinancialLedger/Masterdom.Modules.FinancialLedger.csproj]
/Users/kady/Masterdom/src/Masterdom.Modules.FinancialLedger/Domain/Entities/FinancialLedger/Ledger.cs(39,48): warning CS1591: Missing XML comment for publicly visible type or member 'Ledger.Snapshots' [/Users/kady/Masterdom/src/Masterdom.Modules.FinancialLedger/Masterdom.Modules.FinancialLedger.csproj]
/Users/kady/Masterdom/src/Masterdom.Modules.FinancialLedger/Domain/Entities/FinancialLedger/Ledger.cs(41,47): warning CS1591: Missing XML comment for publicly visible type or member 'Ledger.Versions' [/Users/kady/Masterdom/src/Masterdom.Modules.FinancialLedger/Masterdom.Modules.FinancialLedger.csproj]
/Users/kady/Masterdom/src/Masterdom.Modules.FinancialLedger/Domain/Entities/FinancialLedger/Ledger.cs(43,46): warning CS1591: Missing XML comment for publicly visible type or member 'Ledger.DomainEvents' [/Users/kady/Masterdom/src/Masterdom.Modules.FinancialLedger/Masterdom.Modules.FinancialLedger.csproj]
/Users/kady/Masterdom/src/Masterdom.Modules.FinancialLedger/Domain/Entities/FinancialLedger/Ledger.cs(45,26): warning CS1591: Missing XML comment for publicly visible type or member 'Ledger.CurrentVersion' [/Users/kady/Masterdom/src/Masterdom.Modules.FinancialLedger/Masterdom.Modules.FinancialLedger.csproj]
/Users/kady/Masterdom/src/Masterdom.Modules.FinancialLedger/Domain/Entities/FinancialLedger/Ledger.cs(47,26): warning CS1591: Missing XML comment for publicly visible type or member 'Ledger.Open(LedgerId, string, string, DateTime)' [/Users/kady/Masterdom/src/Masterdom.Modules.FinancialLedger/Masterdom.Modules.FinancialLedger.csproj]
/Users/kady/Masterdom/src/Masterdom.Modules.FinancialLedger/Domain/Entities/FinancialLedger/Ledger.cs(63,17): warning CS1591: Missing XML comment for publicly visible type or member 'Ledger.AddAccount(LedgerAccount)' [/Users/kady/Masterdom/src/Masterdom.Modules.FinancialLedger/Masterdom.Modules.FinancialLedger.csproj]
/Users/kady/Masterdom/src/Masterdom.Modules.FinancialLedger/Domain/Entities/FinancialLedger/Ledger.cs(75,30): warning CS1591: Missing XML comment for publicly visible type or member 'Ledger.PostBillingTransaction(BillingLedgerPostingContract, DateTime)' [/Users/kady/Masterdom/src/Masterdom.Modules.FinancialLedger/Masterdom.Modules.FinancialLedger.csproj]
/Users/kady/Masterdom/src/Masterdom.Modules.FinancialLedger/Domain/Entities/FinancialLedger/Ledger.cs(93,30): warning CS1591: Missing XML comment for publicly visible type or member 'Ledger.PostPaymentTransaction(PaymentLedgerPostingContract, DateTime)' [/Users/kady/Masterdom/src/Masterdom.Modules.FinancialLedger/Masterdom.Modules.FinancialLedger.csproj]
/Users/kady/Masterdom/src/Masterdom.Modules.FinancialLedger/Domain/Entities/FinancialLedger/Ledger.cs(111,30): warning CS1591: Missing XML comment for publicly visible type or member 'Ledger.ReverseJournal(Guid, string, string, DateTime)' [/Users/kady/Masterdom/src/Masterdom.Modules.FinancialLedger/Masterdom.Modules.FinancialLedger.csproj]
/Users/kady/Masterdom/src/Masterdom.Modules.FinancialLedger/Domain/Entities/FinancialLedger/Ledger.cs(130,17): warning CS1591: Missing XML comment for publicly visible type or member 'Ledger.CompletePostingBatch(string, DateTime)' [/Users/kady/Masterdom/src/Masterdom.Modules.FinancialLedger/Masterdom.Modules.FinancialLedger.csproj]
/Users/kady/Masterdom/src/Masterdom.Modules.FinancialLedger/Domain/Entities/FinancialLedger/Ledger.cs(146,17): warning CS1591: Missing XML comment for publicly visible type or member 'Ledger.ClearDomainEvents()' [/Users/kady/Masterdom/src/Masterdom.Modules.FinancialLedger/Masterdom.Modules.FinancialLedger.csproj]
/Users/kady/Masterdom/src/Masterdom.Modules.FinancialLedger/Domain/Entities/FinancialLedger/LedgerAccount.cs(3,21): warning CS1591: Missing XML comment for publicly visible type or member 'LedgerAccount' [/Users/kady/Masterdom/src/Masterdom.Modules.FinancialLedger/Masterdom.Modules.FinancialLedger.csproj]
/Users/kady/Masterdom/src/Masterdom.Modules.FinancialLedger/Domain/Entities/FinancialLedger/LedgerAccount.cs(13,17): warning CS1591: Missing XML comment for publicly visible type or member 'LedgerAccount.AccountId' [/Users/kady/Masterdom/src/Masterdom.Modules.FinancialLedger/Masterdom.Modules.FinancialLedger.csproj]
/Users/kady/Masterdom/src/Masterdom.Modules.FinancialLedger/Domain/Entities/FinancialLedger/LedgerAccount.cs(15,29): warning CS1591: Missing XML comment for publicly visible type or member 'LedgerAccount.AccountReference' [/Users/kady/Masterdom/src/Masterdom.Modules.FinancialLedger/Masterdom.Modules.FinancialLedger.csproj]
/Users/kady/Masterdom/src/Masterdom.Modules.FinancialLedger/Domain/Entities/FinancialLedger/LedgerAccount.cs(17,19): warning CS1591: Missing XML comment for publicly visible type or member 'LedgerAccount.Category' [/Users/kady/Masterdom/src/Masterdom.Modules.FinancialLedger/Masterdom.Modules.FinancialLedger.csproj]
/Users/kady/Masterdom/src/Masterdom.Modules.FinancialLedger/Domain/Entities/FinancialLedger/LedgerAccount.cs(19,21): warning CS1591: Missing XML comment for publicly visible type or member 'LedgerAccount.OpenedAtUtc' [/Users/kady/Masterdom/src/Masterdom.Modules.FinancialLedger/Masterdom.Modules.FinancialLedger.csproj]
/Users/kady/Masterdom/src/Masterdom.Modules.FinancialLedger/Domain/Entities/FinancialLedger/LedgerAccount.cs(21,33): warning CS1591: Missing XML comment for publicly visible type or member 'LedgerAccount.Open(AccountReference, string, DateTime)' [/Users/kady/Masterdom/src/Masterdom.Modules.FinancialLedger/Masterdom.Modules.FinancialLedger.csproj]
/Users/kady/Masterdom/src/Masterdom.Modules.FinancialLedger/Domain/Entities/FinancialLedger/LedgerId.cs(5,22): warning CS1591: Missing XML comment for publicly visible type or member 'LedgerId' [/Users/kady/Masterdom/src/Masterdom.Modules.FinancialLedger/Masterdom.Modules.FinancialLedger.csproj]
/Users/kady/Masterdom/src/Masterdom.Modules.FinancialLedger/Domain/Entities/FinancialLedger/LedgerId.cs(5,22): warning CS1591: Missing XML comment for publicly visible type or member 'LedgerId.LedgerId(Guid)' [/Users/kady/Masterdom/src/Masterdom.Modules.FinancialLedger/Masterdom.Modules.FinancialLedger.csproj]
/Users/kady/Masterdom/src/Masterdom.Modules.FinancialLedger/Domain/Entities/FinancialLedger/LedgerId.cs(7,28): warning CS1591: Missing XML comment for publicly visible type or member 'LedgerId.New()' [/Users/kady/Masterdom/src/Masterdom.Modules.FinancialLedger/Masterdom.Modules.FinancialLedger.csproj]
/Users/kady/Masterdom/src/Masterdom.Modules.FinancialLedger/Domain/Entities/FinancialLedger/LedgerId.cs(12,28): warning CS1591: Missing XML comment for publicly visible type or member 'LedgerId.From(Guid)' [/Users/kady/Masterdom/src/Masterdom.Modules.FinancialLedger/Masterdom.Modules.FinancialLedger.csproj]
/Users/kady/Masterdom/src/Masterdom.Modules.FinancialLedger/Domain/Entities/FinancialLedger/LedgerSnapshot.cs(3,21): warning CS1591: Missing XML comment for publicly visible type or member 'LedgerSnapshot' [/Users/kady/Masterdom/src/Masterdom.Modules.FinancialLedger/Masterdom.Modules.FinancialLedger.csproj]
/Users/kady/Masterdom/src/Masterdom.Modules.FinancialLedger/Domain/Entities/FinancialLedger/LedgerSnapshot.cs(16,17): warning CS1591: Missing XML comment for publicly visible type or member 'LedgerSnapshot.SnapshotId' [/Users/kady/Masterdom/src/Masterdom.Modules.FinancialLedger/Masterdom.Modules.FinancialLedger.csproj]
/Users/kady/Masterdom/src/Masterdom.Modules.FinancialLedger/Domain/Entities/FinancialLedger/LedgerSnapshot.cs(18,16): warning CS1591: Missing XML comment for publicly visible type or member 'LedgerSnapshot.VersionNumber' [/Users/kady/Masterdom/src/Masterdom.Modules.FinancialLedger/Masterdom.Modules.FinancialLedger.csproj]
/Users/kady/Masterdom/src/Masterdom.Modules.FinancialLedger/Domain/Entities/FinancialLedger/LedgerSnapshot.cs(20,16): warning CS1591: Missing XML comment for publicly visible type or member 'LedgerSnapshot.TransactionCount' [/Users/kady/Masterdom/src/Masterdom.Modules.FinancialLedger/Masterdom.Modules.FinancialLedger.csproj]
/Users/kady/Masterdom/src/Masterdom.Modules.FinancialLedger/Domain/Entities/FinancialLedger/LedgerSnapshot.cs(22,16): warning CS1591: Missing XML comment for publicly visible type or member 'LedgerSnapshot.AccountCount' [/Users/kady/Masterdom/src/Masterdom.Modules.FinancialLedger/Masterdom.Modules.FinancialLedger.csproj]
/Users/kady/Masterdom/src/Masterdom.Modules.FinancialLedger/Domain/Entities/FinancialLedger/LedgerSnapshot.cs(24,24): warning CS1591: Missing XML comment for publicly visible type or member 'LedgerSnapshot.TotalDebits' [/Users/kady/Masterdom/src/Masterdom.Modules.FinancialLedger/Masterdom.Modules.FinancialLedger.csproj]
/Users/kady/Masterdom/src/Masterdom.Modules.FinancialLedger/Domain/Entities/FinancialLedger/LedgerSnapshot.cs(26,24): warning CS1591: Missing XML comment for publicly visible type or member 'LedgerSnapshot.TotalCredits' [/Users/kady/Masterdom/src/Masterdom.Modules.FinancialLedger/Masterdom.Modules.FinancialLedger.csproj]
/Users/kady/Masterdom/src/Masterdom.Modules.FinancialLedger/Domain/Entities/FinancialLedger/LedgerSnapshot.cs(28,21): warning CS1591: Missing XML comment for publicly visible type or member 'LedgerSnapshot.CapturedAtUtc' [/Users/kady/Masterdom/src/Masterdom.Modules.FinancialLedger/Masterdom.Modules.FinancialLedger.csproj]
/Users/kady/Masterdom/src/Masterdom.Modules.FinancialLedger/Domain/Entities/FinancialLedger/LedgerSnapshot.cs(30,34): warning CS1591: Missing XML comment for publicly visible type or member 'LedgerSnapshot.Capture(int, int, int, MoneyAmount, MoneyAmount, DateTime)' [/Users/kady/Masterdom/src/Masterdom.Modules.FinancialLedger/Masterdom.Modules.FinancialLedger.csproj]
/Users/kady/Masterdom/src/Masterdom.Modules.FinancialLedger/Domain/Entities/FinancialLedger/LedgerTransaction.cs(3,21): warning CS1591: Missing XML comment for publicly visible type or member 'LedgerTransaction' [/Users/kady/Masterdom/src/Masterdom.Modules.FinancialLedger/Masterdom.Modules.FinancialLedger.csproj]
/Users/kady/Masterdom/src/Masterdom.Modules.FinancialLedger/Domain/Entities/FinancialLedger/LedgerTransaction.cs(56,17): warning CS1591: Missing XML comment for publicly visible type or member 'LedgerTransaction.TransactionId' [/Users/kady/Masterdom/src/Masterdom.Modules.FinancialLedger/Masterdom.Modules.FinancialLedger.csproj]
/Users/kady/Masterdom/src/Masterdom.Modules.FinancialLedger/Domain/Entities/FinancialLedger/LedgerTransaction.cs(58,29): warning CS1591: Missing XML comment for publicly visible type or member 'LedgerTransaction.PostingReference' [/Users/kady/Masterdom/src/Masterdom.Modules.FinancialLedger/Masterdom.Modules.FinancialLedger.csproj]
/Users/kady/Masterdom/src/Masterdom.Modules.FinancialLedger/Domain/Entities/FinancialLedger/LedgerTransaction.cs(60,19): warning CS1591: Missing XML comment for publicly visible type or member 'LedgerTransaction.SourceModule' [/Users/kady/Masterdom/src/Masterdom.Modules.FinancialLedger/Masterdom.Modules.FinancialLedger.csproj]
/Users/kady/Masterdom/src/Masterdom.Modules.FinancialLedger/Domain/Entities/FinancialLedger/LedgerTransaction.cs(62,24): warning CS1591: Missing XML comment for publicly visible type or member 'LedgerTransaction.PostingDate' [/Users/kady/Masterdom/src/Masterdom.Modules.FinancialLedger/Masterdom.Modules.FinancialLedger.csproj]
/Users/kady/Masterdom/src/Masterdom.Modules.FinancialLedger/Domain/Entities/FinancialLedger/LedgerTransaction.cs(64,19): warning CS1591: Missing XML comment for publicly visible type or member 'LedgerTransaction.JournalNumber' [/Users/kady/Masterdom/src/Masterdom.Modules.FinancialLedger/Masterdom.Modules.FinancialLedger.csproj]
/Users/kady/Masterdom/src/Masterdom.Modules.FinancialLedger/Domain/Entities/FinancialLedger/LedgerTransaction.cs(66,19): warning CS1591: Missing XML comment for publicly visible type or member 'LedgerTransaction.Description' [/Users/kady/Masterdom/src/Masterdom.Modules.FinancialLedger/Masterdom.Modules.FinancialLedger.csproj]
/Users/kady/Masterdom/src/Masterdom.Modules.FinancialLedger/Domain/Entities/FinancialLedger/LedgerTransaction.cs(68,26): warning CS1591: Missing XML comment for publicly visible type or member 'LedgerTransaction.PostingStatus' [/Users/kady/Masterdom/src/Masterdom.Modules.FinancialLedger/Masterdom.Modules.FinancialLedger.csproj]
/Users/kady/Masterdom/src/Masterdom.Modules.FinancialLedger/Domain/Entities/FinancialLedger/LedgerTransaction.cs(70,17): warning CS1591: Missing XML comment for publicly visible type or member 'LedgerTransaction.IsReversal' [/Users/kady/Masterdom/src/Masterdom.Modules.FinancialLedger/Masterdom.Modules.FinancialLedger.csproj]
/Users/kady/Masterdom/src/Masterdom.Modules.FinancialLedger/Domain/Entities/FinancialLedger/LedgerTransaction.cs(72,18): warning CS1591: Missing XML comment for publicly visible type or member 'LedgerTransaction.ReversedTransactionId' [/Users/kady/Masterdom/src/Masterdom.Modules.FinancialLedger/Masterdom.Modules.FinancialLedger.csproj]
/Users/kady/Masterdom/src/Masterdom.Modules.FinancialLedger/Domain/Entities/FinancialLedger/LedgerTransaction.cs(74,21): warning CS1591: Missing XML comment for publicly visible type or member 'LedgerTransaction.CreatedAtUtc' [/Users/kady/Masterdom/src/Masterdom.Modules.FinancialLedger/Masterdom.Modules.FinancialLedger.csproj]
/Users/kady/Masterdom/src/Masterdom.Modules.FinancialLedger/Domain/Entities/FinancialLedger/LedgerTransaction.cs(76,46): warning CS1591: Missing XML comment for publicly visible type or member 'LedgerTransaction.JournalEntries' [/Users/kady/Masterdom/src/Masterdom.Modules.FinancialLedger/Masterdom.Modules.FinancialLedger.csproj]
/Users/kady/Masterdom/src/Masterdom.Modules.FinancialLedger/Domain/Entities/FinancialLedger/LedgerTransaction.cs(78,20): warning CS1591: Missing XML comment for publicly visible type or member 'LedgerTransaction.DebitTotal' [/Users/kady/Masterdom/src/Masterdom.Modules.FinancialLedger/Masterdom.Modules.FinancialLedger.csproj]
/Users/kady/Masterdom/src/Masterdom.Modules.FinancialLedger/Domain/Entities/FinancialLedger/LedgerTransaction.cs(80,20): warning CS1591: Missing XML comment for publicly visible type or member 'LedgerTransaction.CreditTotal' [/Users/kady/Masterdom/src/Masterdom.Modules.FinancialLedger/Masterdom.Modules.FinancialLedger.csproj]
/Users/kady/Masterdom/src/Masterdom.Modules.FinancialLedger/Domain/Entities/FinancialLedger/LedgerTransaction.cs(82,37): warning CS1591: Missing XML comment for publicly visible type or member 'LedgerTransaction.Create(PostingReference, string, PostingDate, Journal, DateTime)' [/Users/kady/Masterdom/src/Masterdom.Modules.FinancialLedger/Masterdom.Modules.FinancialLedger.csproj]
/Users/kady/Masterdom/src/Masterdom.Modules.FinancialLedger/Domain/Entities/FinancialLedger/LedgerTransaction.cs(111,30): warning CS1591: Missing XML comment for publicly visible type or member 'LedgerTransaction.Reverse(string, string, DateTime)' [/Users/kady/Masterdom/src/Masterdom.Modules.FinancialLedger/Masterdom.Modules.FinancialLedger.csproj]
/Users/kady/Masterdom/src/Masterdom.Modules.FinancialLedger/Domain/Entities/FinancialLedger/LedgerVersion.cs(3,21): warning CS1591: Missing XML comment for publicly visible type or member 'LedgerVersion' [/Users/kady/Masterdom/src/Masterdom.Modules.FinancialLedger/Masterdom.Modules.FinancialLedger.csproj]
/Users/kady/Masterdom/src/Masterdom.Modules.FinancialLedger/Domain/Entities/FinancialLedger/LedgerVersion.cs(12,16): warning CS1591: Missing XML comment for publicly visible type or member 'LedgerVersion.VersionNumber' [/Users/kady/Masterdom/src/Masterdom.Modules.FinancialLedger/Masterdom.Modules.FinancialLedger.csproj]
/Users/kady/Masterdom/src/Masterdom.Modules.FinancialLedger/Domain/Entities/FinancialLedger/LedgerVersion.cs(14,19): warning CS1591: Missing XML comment for publicly visible type or member 'LedgerVersion.ChangeReason' [/Users/kady/Masterdom/src/Masterdom.Modules.FinancialLedger/Masterdom.Modules.FinancialLedger.csproj]
/Users/kady/Masterdom/src/Masterdom.Modules.FinancialLedger/Domain/Entities/FinancialLedger/LedgerVersion.cs(16,21): warning CS1591: Missing XML comment for publicly visible type or member 'LedgerVersion.CreatedAtUtc' [/Users/kady/Masterdom/src/Masterdom.Modules.FinancialLedger/Masterdom.Modules.FinancialLedger.csproj]
/Users/kady/Masterdom/src/Masterdom.Modules.FinancialLedger/Domain/Entities/FinancialLedger/LedgerVersion.cs(18,33): warning CS1591: Missing XML comment for publicly visible type or member 'LedgerVersion.Create(int, string, DateTime)' [/Users/kady/Masterdom/src/Masterdom.Modules.FinancialLedger/Masterdom.Modules.FinancialLedger.csproj]
/Users/kady/Masterdom/src/Masterdom.Modules.FinancialLedger/Domain/Entities/FinancialLedger/MoneyAmount.cs(5,21): warning CS1591: Missing XML comment for publicly visible type or member 'MoneyAmount' [/Users/kady/Masterdom/src/Masterdom.Modules.FinancialLedger/Masterdom.Modules.FinancialLedger.csproj]
/Users/kady/Masterdom/src/Masterdom.Modules.FinancialLedger/Domain/Entities/FinancialLedger/MoneyAmount.cs(12,20): warning CS1591: Missing XML comment for publicly visible type or member 'MoneyAmount.Value' [/Users/kady/Masterdom/src/Masterdom.Modules.FinancialLedger/Masterdom.Modules.FinancialLedger.csproj]
/Users/kady/Masterdom/src/Masterdom.Modules.FinancialLedger/Domain/Entities/FinancialLedger/MoneyAmount.cs(14,31): warning CS1591: Missing XML comment for publicly visible type or member 'MoneyAmount.Create(decimal)' [/Users/kady/Masterdom/src/Masterdom.Modules.FinancialLedger/Masterdom.Modules.FinancialLedger.csproj]
/Users/kady/Masterdom/src/Masterdom.Modules.FinancialLedger/Domain/Entities/FinancialLedger/MoneyAmount.cs(24,31): warning CS1591: Missing XML comment for publicly visible type or member 'MoneyAmount.Zero()' [/Users/kady/Masterdom/src/Masterdom.Modules.FinancialLedger/Masterdom.Modules.FinancialLedger.csproj]
/Users/kady/Masterdom/src/Masterdom.Modules.FinancialLedger/Domain/Entities/FinancialLedger/MoneyAmount.cs(29,24): warning CS1591: Missing XML comment for publicly visible type or member 'MoneyAmount.Add(MoneyAmount)' [/Users/kady/Masterdom/src/Masterdom.Modules.FinancialLedger/Masterdom.Modules.FinancialLedger.csproj]
/Users/kady/Masterdom/src/Masterdom.Modules.FinancialLedger/Domain/Entities/FinancialLedger/MoneyAmount.cs(35,45): warning CS1591: Missing XML comment for publicly visible type or member 'MoneyAmount.GetEqualityComponents()' [/Users/kady/Masterdom/src/Masterdom.Modules.FinancialLedger/Masterdom.Modules.FinancialLedger.csproj]
/Users/kady/Masterdom/src/Masterdom.Modules.FinancialLedger/Domain/Entities/FinancialLedger/PostingBatch.cs(3,21): warning CS1591: Missing XML comment for publicly visible type or member 'PostingBatch' [/Users/kady/Masterdom/src/Masterdom.Modules.FinancialLedger/Masterdom.Modules.FinancialLedger.csproj]
/Users/kady/Masterdom/src/Masterdom.Modules.FinancialLedger/Domain/Entities/FinancialLedger/PostingBatch.cs(16,17): warning CS1591: Missing XML comment for publicly visible type or member 'PostingBatch.BatchId' [/Users/kady/Masterdom/src/Masterdom.Modules.FinancialLedger/Masterdom.Modules.FinancialLedger.csproj]
/Users/kady/Masterdom/src/Masterdom.Modules.FinancialLedger/Domain/Entities/FinancialLedger/PostingBatch.cs(18,19): warning CS1591: Missing XML comment for publicly visible type or member 'PostingBatch.BatchReference' [/Users/kady/Masterdom/src/Masterdom.Modules.FinancialLedger/Masterdom.Modules.FinancialLedger.csproj]
/Users/kady/Masterdom/src/Masterdom.Modules.FinancialLedger/Domain/Entities/FinancialLedger/PostingBatch.cs(20,19): warning CS1591: Missing XML comment for publicly visible type or member 'PostingBatch.SourceModule' [/Users/kady/Masterdom/src/Masterdom.Modules.FinancialLedger/Masterdom.Modules.FinancialLedger.csproj]
/Users/kady/Masterdom/src/Masterdom.Modules.FinancialLedger/Domain/Entities/FinancialLedger/PostingBatch.cs(22,26): warning CS1591: Missing XML comment for publicly visible type or member 'PostingBatch.PostingStatus' [/Users/kady/Masterdom/src/Masterdom.Modules.FinancialLedger/Masterdom.Modules.FinancialLedger.csproj]
/Users/kady/Masterdom/src/Masterdom.Modules.FinancialLedger/Domain/Entities/FinancialLedger/PostingBatch.cs(24,21): warning CS1591: Missing XML comment for publicly visible type or member 'PostingBatch.CreatedAtUtc' [/Users/kady/Masterdom/src/Masterdom.Modules.FinancialLedger/Masterdom.Modules.FinancialLedger.csproj]
/Users/kady/Masterdom/src/Masterdom.Modules.FinancialLedger/Domain/Entities/FinancialLedger/PostingBatch.cs(26,22): warning CS1591: Missing XML comment for publicly visible type or member 'PostingBatch.CompletedAtUtc' [/Users/kady/Masterdom/src/Masterdom.Modules.FinancialLedger/Masterdom.Modules.FinancialLedger.csproj]
/Users/kady/Masterdom/src/Masterdom.Modules.FinancialLedger/Domain/Entities/FinancialLedger/PostingBatch.cs(28,32): warning CS1591: Missing XML comment for publicly visible type or member 'PostingBatch.TransactionIds' [/Users/kady/Masterdom/src/Masterdom.Modules.FinancialLedger/Masterdom.Modules.FinancialLedger.csproj]
/Users/kady/Masterdom/src/Masterdom.Modules.FinancialLedger/Domain/Entities/FinancialLedger/PostingBatch.cs(30,32): warning CS1591: Missing XML comment for publicly visible type or member 'PostingBatch.Create(string, string, Guid, DateTime)' [/Users/kady/Masterdom/src/Masterdom.Modules.FinancialLedger/Masterdom.Modules.FinancialLedger.csproj]
/Users/kady/Masterdom/src/Masterdom.Modules.FinancialLedger/Domain/Entities/FinancialLedger/PostingBatch.cs(55,25): warning CS1591: Missing XML comment for publicly visible type or member 'PostingBatch.AppendTransaction(Guid)' [/Users/kady/Masterdom/src/Masterdom.Modules.FinancialLedger/Masterdom.Modules.FinancialLedger.csproj]
/Users/kady/Masterdom/src/Masterdom.Modules.FinancialLedger/Domain/Entities/FinancialLedger/PostingBatch.cs(77,25): warning CS1591: Missing XML comment for publicly visible type or member 'PostingBatch.Complete(DateTime)' [/Users/kady/Masterdom/src/Masterdom.Modules.FinancialLedger/Masterdom.Modules.FinancialLedger.csproj]
/Users/kady/Masterdom/src/Masterdom.Modules.FinancialLedger/Domain/Entities/FinancialLedger/PostingDate.cs(5,21): warning CS1591: Missing XML comment for publicly visible type or member 'PostingDate' [/Users/kady/Masterdom/src/Masterdom.Modules.FinancialLedger/Masterdom.Modules.FinancialLedger.csproj]
/Users/kady/Masterdom/src/Masterdom.Modules.FinancialLedger/Domain/Entities/FinancialLedger/PostingDate.cs(12,21): warning CS1591: Missing XML comment for publicly visible type or member 'PostingDate.Value' [/Users/kady/Masterdom/src/Masterdom.Modules.FinancialLedger/Masterdom.Modules.FinancialLedger.csproj]
/Users/kady/Masterdom/src/Masterdom.Modules.FinancialLedger/Domain/Entities/FinancialLedger/PostingDate.cs(14,31): warning CS1591: Missing XML comment for publicly visible type or member 'PostingDate.Create(DateOnly)' [/Users/kady/Masterdom/src/Masterdom.Modules.FinancialLedger/Masterdom.Modules.FinancialLedger.csproj]
/Users/kady/Masterdom/src/Masterdom.Modules.FinancialLedger/Domain/Entities/FinancialLedger/PostingDate.cs(19,45): warning CS1591: Missing XML comment for publicly visible type or member 'PostingDate.GetEqualityComponents()' [/Users/kady/Masterdom/src/Masterdom.Modules.FinancialLedger/Masterdom.Modules.FinancialLedger.csproj]
/Users/kady/Masterdom/src/Masterdom.Modules.FinancialLedger/Domain/Entities/FinancialLedger/PostingReference.cs(5,21): warning CS1591: Missing XML comment for publicly visible type or member 'PostingReference' [/Users/kady/Masterdom/src/Masterdom.Modules.FinancialLedger/Masterdom.Modules.FinancialLedger.csproj]
/Users/kady/Masterdom/src/Masterdom.Modules.FinancialLedger/Domain/Entities/FinancialLedger/PostingReference.cs(12,19): warning CS1591: Missing XML comment for publicly visible type or member 'PostingReference.Value' [/Users/kady/Masterdom/src/Masterdom.Modules.FinancialLedger/Masterdom.Modules.FinancialLedger.csproj]
/Users/kady/Masterdom/src/Masterdom.Modules.FinancialLedger/Domain/Entities/FinancialLedger/PostingReference.cs(14,36): warning CS1591: Missing XML comment for publicly visible type or member 'PostingReference.Create(string)' [/Users/kady/Masterdom/src/Masterdom.Modules.FinancialLedger/Masterdom.Modules.FinancialLedger.csproj]
/Users/kady/Masterdom/src/Masterdom.Modules.FinancialLedger/Domain/Entities/FinancialLedger/PostingReference.cs(20,45): warning CS1591: Missing XML comment for publicly visible type or member 'PostingReference.GetEqualityComponents()' [/Users/kady/Masterdom/src/Masterdom.Modules.FinancialLedger/Masterdom.Modules.FinancialLedger.csproj]
/Users/kady/Masterdom/src/Masterdom.Modules.FinancialLedger/Domain/Entities/FinancialLedger/PostingStatus.cs(5,21): warning CS1591: Missing XML comment for publicly visible type or member 'PostingStatus' [/Users/kady/Masterdom/src/Masterdom.Modules.FinancialLedger/Masterdom.Modules.FinancialLedger.csproj]
/Users/kady/Masterdom/src/Masterdom.Modules.FinancialLedger/Domain/Entities/FinancialLedger/PostingStatus.cs(7,42): warning CS1591: Missing XML comment for publicly visible type or member 'PostingStatus.Prepared' [/Users/kady/Masterdom/src/Masterdom.Modules.FinancialLedger/Masterdom.Modules.FinancialLedger.csproj]
/Users/kady/Masterdom/src/Masterdom.Modules.FinancialLedger/Domain/Entities/FinancialLedger/PostingStatus.cs(8,42): warning CS1591: Missing XML comment for publicly visible type or member 'PostingStatus.Validated' [/Users/kady/Masterdom/src/Masterdom.Modules.FinancialLedger/Masterdom.Modules.FinancialLedger.csproj]
/Users/kady/Masterdom/src/Masterdom.Modules.FinancialLedger/Domain/Entities/FinancialLedger/PostingStatus.cs(9,42): warning CS1591: Missing XML comment for publicly visible type or member 'PostingStatus.Draft' [/Users/kady/Masterdom/src/Masterdom.Modules.FinancialLedger/Masterdom.Modules.FinancialLedger.csproj]
/Users/kady/Masterdom/src/Masterdom.Modules.FinancialLedger/Domain/Entities/FinancialLedger/PostingStatus.cs(10,42): warning CS1591: Missing XML comment for publicly visible type or member 'PostingStatus.Posted' [/Users/kady/Masterdom/src/Masterdom.Modules.FinancialLedger/Masterdom.Modules.FinancialLedger.csproj]
/Users/kady/Masterdom/src/Masterdom.Modules.FinancialLedger/Domain/Entities/FinancialLedger/PostingStatus.cs(11,42): warning CS1591: Missing XML comment for publicly visible type or member 'PostingStatus.Reversed' [/Users/kady/Masterdom/src/Masterdom.Modules.FinancialLedger/Masterdom.Modules.FinancialLedger.csproj]
/Users/kady/Masterdom/src/Masterdom.Modules.FinancialLedger/Domain/Entities/FinancialLedger/PostingStatus.cs(12,42): warning CS1591: Missing XML comment for publicly visible type or member 'PostingStatus.Cancelled' [/Users/kady/Masterdom/src/Masterdom.Modules.FinancialLedger/Masterdom.Modules.FinancialLedger.csproj]
/Users/kady/Masterdom/src/Masterdom.Modules.FinancialLedger/Domain/Entities/FinancialLedger/PostingStatus.cs(13,42): warning CS1591: Missing XML comment for publicly visible type or member 'PostingStatus.Completed' [/Users/kady/Masterdom/src/Masterdom.Modules.FinancialLedger/Masterdom.Modules.FinancialLedger.csproj]
/Users/kady/Masterdom/src/Masterdom.Modules.FinancialLedger/Domain/Entities/FinancialLedger/PostingStatus.cs(20,19): warning CS1591: Missing XML comment for publicly visible type or member 'PostingStatus.Value' [/Users/kady/Masterdom/src/Masterdom.Modules.FinancialLedger/Masterdom.Modules.FinancialLedger.csproj]
/Users/kady/Masterdom/src/Masterdom.Modules.FinancialLedger/Domain/Entities/FinancialLedger/PostingStatus.cs(22,33): warning CS1591: Missing XML comment for publicly visible type or member 'PostingStatus.Create(string)' [/Users/kady/Masterdom/src/Masterdom.Modules.FinancialLedger/Masterdom.Modules.FinancialLedger.csproj]
/Users/kady/Masterdom/src/Masterdom.Modules.FinancialLedger/Domain/Entities/FinancialLedger/PostingStatus.cs(39,45): warning CS1591: Missing XML comment for publicly visible type or member 'PostingStatus.GetEqualityComponents()' [/Users/kady/Masterdom/src/Masterdom.Modules.FinancialLedger/Masterdom.Modules.FinancialLedger.csproj]
/Users/kady/Masterdom/src/Masterdom.Modules.FinancialLedger/Domain/Repositories/ILedgerRepository.cs(6,18): warning CS1591: Missing XML comment for publicly visible type or member 'ILedgerRepository' [/Users/kady/Masterdom/src/Masterdom.Modules.FinancialLedger/Masterdom.Modules.FinancialLedger.csproj]
/Users/kady/Masterdom/src/Masterdom.Modules.FinancialLedger/Domain/Repositories/ILedgerRepository.cs(8,10): warning CS1591: Missing XML comment for publicly visible type or member 'ILedgerRepository.Add(Ledger)' [/Users/kady/Masterdom/src/Masterdom.Modules.FinancialLedger/Masterdom.Modules.FinancialLedger.csproj]
/Users/kady/Masterdom/src/Masterdom.Modules.FinancialLedger/Domain/Repositories/ILedgerRepository.cs(10,10): warning CS1591: Missing XML comment for publicly visible type or member 'ILedgerRepository.Update(Ledger)' [/Users/kady/Masterdom/src/Masterdom.Modules.FinancialLedger/Masterdom.Modules.FinancialLedger.csproj]
/Users/kady/Masterdom/src/Masterdom.Modules.FinancialLedger/Domain/Repositories/ILedgerRepository.cs(12,22): warning CS1591: Missing XML comment for publicly visible type or member 'ILedgerRepository.GetById(LedgerId)' [/Users/kady/Masterdom/src/Masterdom.Modules.FinancialLedger/Masterdom.Modules.FinancialLedger.csproj]
/Users/kady/Masterdom/src/Masterdom.Modules.FinancialLedger/Domain/Repositories/ILedgerRepository.cs(14,22): warning CS1591: Missing XML comment for publicly visible type or member 'ILedgerRepository.GetByCode(string)' [/Users/kady/Masterdom/src/Masterdom.Modules.FinancialLedger/Masterdom.Modules.FinancialLedger.csproj]
/Users/kady/Masterdom/src/Masterdom.Infrastructure/Persistence/Configurations/Identity/UserRoleConfiguration.cs(38,9): warning CS8631: The type 'Masterdom.Core.Identity.Entities.User.UserId?' cannot be used as type parameter 'TEntityId' in the generic type or method 'PropertyBuilderExtensions.HasEntityIdConversion<TEntityId>(PropertyBuilder<TEntityId>, Func<Guid, TEntityId>)'. Nullability of type argument 'Masterdom.Core.Identity.Entities.User.UserId?' doesn't match constraint type 'Masterdom.Core.Primitives.EntityId'. [/Users/kady/Masterdom/src/Masterdom.Infrastructure/Masterdom.Infrastructure.csproj]
/Users/kady/Masterdom/src/Masterdom.Infrastructure/Persistence/Configurations/Identity/UserRoleConfiguration.cs(73,9): warning CS8631: The type 'Masterdom.Core.Identity.Entities.User.UserId?' cannot be used as type parameter 'TEntityId' in the generic type or method 'PropertyBuilderExtensions.HasEntityIdConversion<TEntityId>(PropertyBuilder<TEntityId>, Func<Guid, TEntityId>)'. Nullability of type argument 'Masterdom.Core.Identity.Entities.User.UserId?' doesn't match constraint type 'Masterdom.Core.Primitives.EntityId'. [/Users/kady/Masterdom/src/Masterdom.Infrastructure/Masterdom.Infrastructure.csproj]
/Users/kady/Masterdom/src/Masterdom.Infrastructure/Persistence/Configurations/Identity/LoginAttemptConfiguration.cs(26,9): warning CS8631: The type 'Masterdom.Core.Identity.Entities.User.UserId?' cannot be used as type parameter 'TEntityId' in the generic type or method 'PropertyBuilderExtensions.HasEntityIdConversion<TEntityId>(PropertyBuilder<TEntityId>, Func<Guid, TEntityId>)'. Nullability of type argument 'Masterdom.Core.Identity.Entities.User.UserId?' doesn't match constraint type 'Masterdom.Core.Primitives.EntityId'. [/Users/kady/Masterdom/src/Masterdom.Infrastructure/Masterdom.Infrastructure.csproj]
/Users/kady/Masterdom/src/Masterdom.Infrastructure/Persistence/Configurations/Identity/IdentityProfileConfiguration.cs(41,9): warning CS8631: The type 'Masterdom.Core.Identifiers.PersonId?' cannot be used as type parameter 'TEntityId' in the generic type or method 'PropertyBuilderExtensions.HasEntityIdConversion<TEntityId>(PropertyBuilder<TEntityId>, Func<Guid, TEntityId>)'. Nullability of type argument 'Masterdom.Core.Identifiers.PersonId?' doesn't match constraint type 'Masterdom.Core.Primitives.EntityId'. [/Users/kady/Masterdom/src/Masterdom.Infrastructure/Masterdom.Infrastructure.csproj]
/Users/kady/Masterdom/src/Masterdom.Infrastructure/Persistence/Configurations/Identity/IdentityProfileConfiguration.cs(44,9): warning CS8631: The type 'Masterdom.Core.Identity.Entities.Organization.OrganizationId?' cannot be used as type parameter 'TEntityId' in the generic type or method 'PropertyBuilderExtensions.HasEntityIdConversion<TEntityId>(PropertyBuilder<TEntityId>, Func<Guid, TEntityId>)'. Nullability of type argument 'Masterdom.Core.Identity.Entities.Organization.OrganizationId?' doesn't match constraint type 'Masterdom.Core.Primitives.EntityId'. [/Users/kady/Masterdom/src/Masterdom.Infrastructure/Masterdom.Infrastructure.csproj]
/Users/kady/Masterdom/src/Masterdom.Infrastructure/Persistence/Configurations/Identity/RolePermissionConfiguration.cs(39,9): warning CS8631: The type 'Masterdom.Core.Identity.Entities.User.UserId?' cannot be used as type parameter 'TEntityId' in the generic type or method 'PropertyBuilderExtensions.HasEntityIdConversion<TEntityId>(PropertyBuilder<TEntityId>, Func<Guid, TEntityId>)'. Nullability of type argument 'Masterdom.Core.Identity.Entities.User.UserId?' doesn't match constraint type 'Masterdom.Core.Primitives.EntityId'. [/Users/kady/Masterdom/src/Masterdom.Infrastructure/Masterdom.Infrastructure.csproj]
/Users/kady/Masterdom/src/Masterdom.Infrastructure/Persistence/Configurations/Identity/RolePermissionConfiguration.cs(71,9): warning CS8631: The type 'Masterdom.Core.Identity.Entities.User.UserId?' cannot be used as type parameter 'TEntityId' in the generic type or method 'PropertyBuilderExtensions.HasEntityIdConversion<TEntityId>(PropertyBuilder<TEntityId>, Func<Guid, TEntityId>)'. Nullability of type argument 'Masterdom.Core.Identity.Entities.User.UserId?' doesn't match constraint type 'Masterdom.Core.Primitives.EntityId'. [/Users/kady/Masterdom/src/Masterdom.Infrastructure/Masterdom.Infrastructure.csproj]
/Users/kady/Masterdom/src/Masterdom.Infrastructure/Persistence/Billing/BillingChargeCompositionReadService.cs(6,21): warning CS1591: Missing XML comment for publicly visible type or member 'BillingChargeCompositionReadService' [/Users/kady/Masterdom/src/Masterdom.Infrastructure/Masterdom.Infrastructure.csproj]
/Users/kady/Masterdom/src/Masterdom.Infrastructure/Persistence/Billing/BillingChargeCompositionReadService.cs(10,12): warning CS1591: Missing XML comment for publicly visible type or member 'BillingChargeCompositionReadService.BillingChargeCompositionReadService(MasterdomDbContext)' [/Users/kady/Masterdom/src/Masterdom.Infrastructure/Masterdom.Infrastructure.csproj]
/Users/kady/Masterdom/src/Masterdom.Infrastructure/Persistence/Billing/BillingChargeCompositionReadService.cs(15,33): warning CS1591: Missing XML comment for publicly visible type or member 'BillingChargeCompositionReadService.GetRentChargeReadModel(Guid, Guid, Guid, Guid)' [/Users/kady/Masterdom/src/Masterdom.Infrastructure/Masterdom.Infrastructure.csproj]
/Users/kady/Masterdom/src/Masterdom.Infrastructure/Persistence/Billing/BillingPlatformOrchestrator.cs(25,12): warning CS1591: Missing XML comment for publicly visible type or member 'BillingPlatformOrchestrator.BillingPlatformOrchestrator(IConfigurationResolver, IMetadataResolver, IRuleResolver, IWorkflowResolver, IDomainEventPublisher)' [/Users/kady/Masterdom/src/Masterdom.Infrastructure/Masterdom.Infrastructure.csproj]
/Users/kady/Masterdom/src/Masterdom.Infrastructure/Persistence/Billing/BillingPlatformOrchestrator.cs(39,17): warning CS1591: Missing XML comment for publicly visible type or member 'BillingPlatformOrchestrator.OnBillMutated(Bill, string)' [/Users/kady/Masterdom/src/Masterdom.Infrastructure/Masterdom.Infrastructure.csproj]
/Users/kady/Masterdom/src/Masterdom.Infrastructure/Persistence/Billing/BillingPlatformOrchestrator.cs(64,17): warning CS1591: Missing XML comment for publicly visible type or member 'BillingPlatformOrchestrator.Publish(IBillingApplicationEvent)' [/Users/kady/Masterdom/src/Masterdom.Infrastructure/Masterdom.Infrastructure.csproj]
/Users/kady/Masterdom/src/Masterdom.Infrastructure/Persistence/Billing/BillingUnitOfWork.cs(12,12): warning CS1591: Missing XML comment for publicly visible type or member 'BillingUnitOfWork.BillingUnitOfWork(MasterdomDbContext)' [/Users/kady/Masterdom/src/Masterdom.Infrastructure/Masterdom.Infrastructure.csproj]
/Users/kady/Masterdom/src/Masterdom.Infrastructure/Persistence/Billing/BillingUnitOfWork.cs(17,17): warning CS1591: Missing XML comment for publicly visible type or member 'BillingUnitOfWork.Execute(Action)' [/Users/kady/Masterdom/src/Masterdom.Infrastructure/Masterdom.Infrastructure.csproj]
/Users/kady/Masterdom/src/Masterdom.Infrastructure/Persistence/Billing/BillRepository.cs(15,12): warning CS1591: Missing XML comment for publicly visible type or member 'BillRepository.BillRepository(MasterdomDbContext)' [/Users/kady/Masterdom/src/Masterdom.Infrastructure/Masterdom.Infrastructure.csproj]
/Users/kady/Masterdom/src/Masterdom.Infrastructure/Persistence/Billing/BillRepository.cs(20,17): warning CS1591: Missing XML comment for publicly visible type or member 'BillRepository.Add(Bill)' [/Users/kady/Masterdom/src/Masterdom.Infrastructure/Masterdom.Infrastructure.csproj]
/Users/kady/Masterdom/src/Masterdom.Infrastructure/Persistence/Billing/BillRepository.cs(26,27): warning CS1591: Missing XML comment for publicly visible type or member 'BillRepository.GetById(BillId)' [/Users/kady/Masterdom/src/Masterdom.Infrastructure/Masterdom.Infrastructure.csproj]
/Users/kady/Masterdom/src/Masterdom.Infrastructure/Persistence/Billing/BillRepository.cs(35,27): warning CS1591: Missing XML comment for publicly visible type or member 'BillRepository.GetByNumber(BillNumber)' [/Users/kady/Masterdom/src/Masterdom.Infrastructure/Masterdom.Infrastructure.csproj]
/Users/kady/Masterdom/src/Masterdom.Infrastructure/Persistence/Billing/BillRepository.cs(44,17): warning CS1591: Missing XML comment for publicly visible type or member 'BillRepository.Update(Bill)' [/Users/kady/Masterdom/src/Masterdom.Infrastructure/Masterdom.Infrastructure.csproj]
/Users/kady/Masterdom/src/Masterdom.Infrastructure/Persistence/Configuration/PlatformConfigurationRecordEntity.cs(10,17): warning CS1591: Missing XML comment for publicly visible type or member 'PlatformConfigurationRecordEntity.Id' [/Users/kady/Masterdom/src/Masterdom.Infrastructure/Masterdom.Infrastructure.csproj]
/Users/kady/Masterdom/src/Masterdom.Infrastructure/Persistence/Configuration/PlatformConfigurationRecordEntity.cs(12,19): warning CS1591: Missing XML comment for publicly visible type or member 'PlatformConfigurationRecordEntity.Key' [/Users/kady/Masterdom/src/Masterdom.Infrastructure/Masterdom.Infrastructure.csproj]
/Users/kady/Masterdom/src/Masterdom.Infrastructure/Persistence/Configuration/PlatformConfigurationRecordEntity.cs(14,16): warning CS1591: Missing XML comment for publicly visible type or member 'PlatformConfigurationRecordEntity.ScopeKind' [/Users/kady/Masterdom/src/Masterdom.Infrastructure/Masterdom.Infrastructure.csproj]
/Users/kady/Masterdom/src/Masterdom.Infrastructure/Persistence/Configuration/PlatformConfigurationRecordEntity.cs(16,20): warning CS1591: Missing XML comment for publicly visible type or member 'PlatformConfigurationRecordEntity.ScopeIdentifier' [/Users/kady/Masterdom/src/Masterdom.Infrastructure/Masterdom.Infrastructure.csproj]
/Users/kady/Masterdom/src/Masterdom.Infrastructure/Persistence/Configuration/PlatformConfigurationRecordEntity.cs(18,16): warning CS1591: Missing XML comment for publicly visible type or member 'PlatformConfigurationRecordEntity.Version' [/Users/kady/Masterdom/src/Masterdom.Infrastructure/Masterdom.Infrastructure.csproj]
/Users/kady/Masterdom/src/Masterdom.Infrastructure/Persistence/Configuration/PlatformConfigurationRecordEntity.cs(20,19): warning CS1591: Missing XML comment for publicly visible type or member 'PlatformConfigurationRecordEntity.Value' [/Users/kady/Masterdom/src/Masterdom.Infrastructure/Masterdom.Infrastructure.csproj]
/Users/kady/Masterdom/src/Masterdom.Infrastructure/Persistence/Configuration/PlatformConfigurationRecordEntity.cs(22,21): warning CS1591: Missing XML comment for publicly visible type or member 'PlatformConfigurationRecordEntity.EffectiveFromUtc' [/Users/kady/Masterdom/src/Masterdom.Infrastructure/Masterdom.Infrastructure.csproj]
/Users/kady/Masterdom/src/Masterdom.Infrastructure/Persistence/Configuration/PlatformConfigurationRecordEntity.cs(24,22): warning CS1591: Missing XML comment for publicly visible type or member 'PlatformConfigurationRecordEntity.EffectiveToUtc' [/Users/kady/Masterdom/src/Masterdom.Infrastructure/Masterdom.Infrastructure.csproj]
/Users/kady/Masterdom/src/Masterdom.Infrastructure/Persistence/Configuration/PlatformConfigurationRecordEntity.cs(26,19): warning CS1591: Missing XML comment for publicly visible type or member 'PlatformConfigurationRecordEntity.ChangedBy' [/Users/kady/Masterdom/src/Masterdom.Infrastructure/Masterdom.Infrastructure.csproj]
/Users/kady/Masterdom/src/Masterdom.Infrastructure/Persistence/Configuration/PlatformConfigurationRecordEntity.cs(28,19): warning CS1591: Missing XML comment for publicly visible type or member 'PlatformConfigurationRecordEntity.Reason' [/Users/kady/Masterdom/src/Masterdom.Infrastructure/Masterdom.Infrastructure.csproj]
/Users/kady/Masterdom/src/Masterdom.Infrastructure/Persistence/Configuration/PlatformConfigurationRecordEntity.cs(30,21): warning CS1591: Missing XML comment for publicly visible type or member 'PlatformConfigurationRecordEntity.ChangedAtUtc' [/Users/kady/Masterdom/src/Masterdom.Infrastructure/Masterdom.Infrastructure.csproj]
/Users/kady/Masterdom/src/Masterdom.Infrastructure/Persistence/Configuration/PlatformConfigurationRepository.cs(16,12): warning CS1591: Missing XML comment for publicly visible type or member 'PlatformConfigurationRepository.PlatformConfigurationRepository(MasterdomDbContext)' [/Users/kady/Masterdom/src/Masterdom.Infrastructure/Masterdom.Infrastructure.csproj]
/Users/kady/Masterdom/src/Masterdom.Infrastructure/Persistence/Configuration/PlatformConfigurationRepository.cs(21,47): warning CS1591: Missing XML comment for publicly visible type or member 'PlatformConfigurationRepository.GetAll()' [/Users/kady/Masterdom/src/Masterdom.Infrastructure/Masterdom.Infrastructure.csproj]
/Users/kady/Masterdom/src/Masterdom.Infrastructure/Persistence/Configurations/Billing/BillConfiguration.cs(17,17): warning CS1591: Missing XML comment for publicly visible type or member 'BillConfiguration.Configure(EntityTypeBuilder<Bill>)' [/Users/kady/Masterdom/src/Masterdom.Infrastructure/Masterdom.Infrastructure.csproj]
/Users/kady/Masterdom/src/Masterdom.Infrastructure/Persistence/Configurations/CRM/PartyConfiguration.cs(13,17): warning CS1591: Missing XML comment for publicly visible type or member 'PartyConfiguration.Configure(EntityTypeBuilder<Party>)' [/Users/kady/Masterdom/src/Masterdom.Infrastructure/Masterdom.Infrastructure.csproj]
/Users/kady/Masterdom/src/Masterdom.Infrastructure/Persistence/Configurations/FinancialLedger/LedgerConfiguration.cs(10,21): warning CS1591: Missing XML comment for publicly visible type or member 'LedgerConfiguration' [/Users/kady/Masterdom/src/Masterdom.Infrastructure/Masterdom.Infrastructure.csproj]
/Users/kady/Masterdom/src/Masterdom.Infrastructure/Persistence/Configurations/FinancialLedger/LedgerConfiguration.cs(12,17): warning CS1591: Missing XML comment for publicly visible type or member 'LedgerConfiguration.Configure(EntityTypeBuilder<Ledger>)' [/Users/kady/Masterdom/src/Masterdom.Infrastructure/Masterdom.Infrastructure.csproj]
/Users/kady/Masterdom/src/Masterdom.Infrastructure/Persistence/Configurations/FinancialLedger/PersistedPreparedJournalConfiguration.cs(7,21): warning CS1591: Missing XML comment for publicly visible type or member 'PersistedPreparedJournalConfiguration' [/Users/kady/Masterdom/src/Masterdom.Infrastructure/Masterdom.Infrastructure.csproj]
/Users/kady/Masterdom/src/Masterdom.Infrastructure/Persistence/Configurations/FinancialLedger/PersistedPreparedJournalConfiguration.cs(9,17): warning CS1591: Missing XML comment for publicly visible type or member 'PersistedPreparedJournalConfiguration.Configure(EntityTypeBuilder<PersistedPreparedJournalEntity>)' [/Users/kady/Masterdom/src/Masterdom.Infrastructure/Masterdom.Infrastructure.csproj]
/Users/kady/Masterdom/src/Masterdom.Infrastructure/Persistence/Configurations/Identity/ApiKeyConfiguration.cs(14,17): warning CS1591: Missing XML comment for publicly visible type or member 'ApiKeyConfiguration.Configure(EntityTypeBuilder<ApiKey>)' [/Users/kady/Masterdom/src/Masterdom.Infrastructure/Masterdom.Infrastructure.csproj]
/Users/kady/Masterdom/src/Masterdom.Infrastructure/Persistence/Configurations/Identity/EmailVerificationConfiguration.cs(14,17): warning CS1591: Missing XML comment for publicly visible type or member 'EmailVerificationConfiguration.Configure(EntityTypeBuilder<EmailVerification>)' [/Users/kady/Masterdom/src/Masterdom.Infrastructure/Masterdom.Infrastructure.csproj]
/Users/kady/Masterdom/src/Masterdom.Infrastructure/Persistence/Configurations/Identity/ExternalLoginConfiguration.cs(14,17): warning CS1591: Missing XML comment for publicly visible type or member 'ExternalLoginConfiguration.Configure(EntityTypeBuilder<ExternalLogin>)' [/Users/kady/Masterdom/src/Masterdom.Infrastructure/Masterdom.Infrastructure.csproj]
/Users/kady/Masterdom/src/Masterdom.Infrastructure/Persistence/Configurations/Identity/IdentityProfileConfiguration.cs(16,17): warning CS1591: Missing XML comment for publicly visible type or member 'IdentityProfileConfiguration.Configure(EntityTypeBuilder<IdentityProfile>)' [/Users/kady/Masterdom/src/Masterdom.Infrastructure/Masterdom.Infrastructure.csproj]
/Users/kady/Masterdom/src/Masterdom.Infrastructure/Persistence/Configurations/Identity/LoginAttemptConfiguration.cs(14,17): warning CS1591: Missing XML comment for publicly visible type or member 'LoginAttemptConfiguration.Configure(EntityTypeBuilder<LoginAttempt>)' [/Users/kady/Masterdom/src/Masterdom.Infrastructure/Masterdom.Infrastructure.csproj]
/Users/kady/Masterdom/src/Masterdom.Infrastructure/Persistence/Configurations/Identity/MfaDeviceConfiguration.cs(14,17): warning CS1591: Missing XML comment for publicly visible type or member 'MfaDeviceConfiguration.Configure(EntityTypeBuilder<MfaDevice>)' [/Users/kady/Masterdom/src/Masterdom.Infrastructure/Masterdom.Infrastructure.csproj]
/Users/kady/Masterdom/src/Masterdom.Infrastructure/Persistence/Configurations/Identity/OrganizationConfiguration.cs(13,17): warning CS1591: Missing XML comment for publicly visible type or member 'OrganizationConfiguration.Configure(EntityTypeBuilder<Organization>)' [/Users/kady/Masterdom/src/Masterdom.Infrastructure/Masterdom.Infrastructure.csproj]
/Users/kady/Masterdom/src/Masterdom.Infrastructure/Persistence/Configurations/Identity/PasswordResetConfiguration.cs(14,17): warning CS1591: Missing XML comment for publicly visible type or member 'PasswordResetConfiguration.Configure(EntityTypeBuilder<PasswordReset>)' [/Users/kady/Masterdom/src/Masterdom.Infrastructure/Masterdom.Infrastructure.csproj]
/Users/kady/Masterdom/src/Masterdom.Infrastructure/Persistence/Configurations/Identity/PermissionConfiguration.cs(13,17): warning CS1591: Missing XML comment for publicly visible type or member 'PermissionConfiguration.Configure(EntityTypeBuilder<Permission>)' [/Users/kady/Masterdom/src/Masterdom.Infrastructure/Masterdom.Infrastructure.csproj]
/Users/kady/Masterdom/src/Masterdom.Infrastructure/Persistence/Configurations/Identity/RefreshTokenConfiguration.cs(15,17): warning CS1591: Missing XML comment for publicly visible type or member 'RefreshTokenConfiguration.Configure(EntityTypeBuilder<RefreshToken>)' [/Users/kady/Masterdom/src/Masterdom.Infrastructure/Masterdom.Infrastructure.csproj]
/Users/kady/Masterdom/src/Masterdom.Infrastructure/Persistence/Configurations/Identity/RelationshipConfiguration.cs(15,17): warning CS1591: Missing XML comment for publicly visible type or member 'RelationshipConfiguration.Configure(EntityTypeBuilder<Relationship>)' [/Users/kady/Masterdom/src/Masterdom.Infrastructure/Masterdom.Infrastructure.csproj]
/Users/kady/Masterdom/src/Masterdom.Infrastructure/Persistence/Configurations/Identity/RoleConfiguration.cs(13,17): warning CS1591: Missing XML comment for publicly visible type or member 'RoleConfiguration.Configure(EntityTypeBuilder<Role>)' [/Users/kady/Masterdom/src/Masterdom.Infrastructure/Masterdom.Infrastructure.csproj]
/Users/kady/Masterdom/src/Masterdom.Infrastructure/Persistence/Configurations/Identity/RolePermissionConfiguration.cs(16,17): warning CS1591: Missing XML comment for publicly visible type or member 'RolePermissionConfiguration.Configure(EntityTypeBuilder<RolePermission>)' [/Users/kady/Masterdom/src/Masterdom.Infrastructure/Masterdom.Infrastructure.csproj]
/Users/kady/Masterdom/src/Masterdom.Infrastructure/Persistence/Configurations/Identity/UserConfiguration.cs(14,17): warning CS1591: Missing XML comment for publicly visible type or member 'UserConfiguration.Configure(EntityTypeBuilder<User>)' [/Users/kady/Masterdom/src/Masterdom.Infrastructure/Masterdom.Infrastructure.csproj]
/Users/kady/Masterdom/src/Masterdom.Infrastructure/Persistence/Configurations/Identity/UserRoleConfiguration.cs(15,17): warning CS1591: Missing XML comment for publicly visible type or member 'UserRoleConfiguration.Configure(EntityTypeBuilder<UserRole>)' [/Users/kady/Masterdom/src/Masterdom.Infrastructure/Masterdom.Infrastructure.csproj]
/Users/kady/Masterdom/src/Masterdom.Infrastructure/Persistence/Configurations/Identity/UserSessionConfiguration.cs(14,17): warning CS1591: Missing XML comment for publicly visible type or member 'UserSessionConfiguration.Configure(EntityTypeBuilder<UserSession>)' [/Users/kady/Masterdom/src/Masterdom.Infrastructure/Masterdom.Infrastructure.csproj]
/Users/kady/Masterdom/src/Masterdom.Infrastructure/Persistence/Configurations/Inventory/InventoryItemConfiguration.cs(8,21): warning CS1591: Missing XML comment for publicly visible type or member 'InventoryItemConfiguration' [/Users/kady/Masterdom/src/Masterdom.Infrastructure/Masterdom.Infrastructure.csproj]
/Users/kady/Masterdom/src/Masterdom.Infrastructure/Persistence/Configurations/Inventory/InventoryItemConfiguration.cs(10,17): warning CS1591: Missing XML comment for publicly visible type or member 'InventoryItemConfiguration.Configure(EntityTypeBuilder<InventoryItem>)' [/Users/kady/Masterdom/src/Masterdom.Infrastructure/Masterdom.Infrastructure.csproj]
/Users/kady/Masterdom/src/Masterdom.Infrastructure/Persistence/Configurations/Lease/LeaseConfiguration.cs(16,17): warning CS1591: Missing XML comment for publicly visible type or member 'LeaseConfiguration.Configure(EntityTypeBuilder<Lease>)' [/Users/kady/Masterdom/src/Masterdom.Infrastructure/Masterdom.Infrastructure.csproj]
/Users/kady/Masterdom/src/Masterdom.Infrastructure/Persistence/Configurations/Maintenance/MaintenanceTicketConfiguration.cs(8,21): warning CS1591: Missing XML comment for publicly visible type or member 'MaintenanceTicketConfiguration' [/Users/kady/Masterdom/src/Masterdom.Infrastructure/Masterdom.Infrastructure.csproj]
/Users/kady/Masterdom/src/Masterdom.Infrastructure/Persistence/Configurations/Maintenance/MaintenanceTicketConfiguration.cs(10,17): warning CS1591: Missing XML comment for publicly visible type or member 'MaintenanceTicketConfiguration.Configure(EntityTypeBuilder<MaintenanceTicket>)' [/Users/kady/Masterdom/src/Masterdom.Infrastructure/Masterdom.Infrastructure.csproj]
/Users/kady/Masterdom/src/Masterdom.Infrastructure/Persistence/Configurations/Metering/MeterConfiguration.cs(9,21): warning CS1591: Missing XML comment for publicly visible type or member 'MeterConfiguration' [/Users/kady/Masterdom/src/Masterdom.Infrastructure/Masterdom.Infrastructure.csproj]
/Users/kady/Masterdom/src/Masterdom.Infrastructure/Persistence/Configurations/Metering/MeterConfiguration.cs(11,17): warning CS1591: Missing XML comment for publicly visible type or member 'MeterConfiguration.Configure(EntityTypeBuilder<Meter>)' [/Users/kady/Masterdom/src/Masterdom.Infrastructure/Masterdom.Infrastructure.csproj]
/Users/kady/Masterdom/src/Masterdom.Infrastructure/Persistence/Configurations/Payment/PaymentConfiguration.cs(10,21): warning CS1591: Missing XML comment for publicly visible type or member 'PaymentConfiguration' [/Users/kady/Masterdom/src/Masterdom.Infrastructure/Masterdom.Infrastructure.csproj]
/Users/kady/Masterdom/src/Masterdom.Infrastructure/Persistence/Configurations/Payment/PaymentConfiguration.cs(12,17): warning CS1591: Missing XML comment for publicly visible type or member 'PaymentConfiguration.Configure(EntityTypeBuilder<Payment>)' [/Users/kady/Masterdom/src/Masterdom.Infrastructure/Masterdom.Infrastructure.csproj]
/Users/kady/Masterdom/src/Masterdom.Infrastructure/Persistence/Configurations/PolicyFramework/PolicyConfiguration.cs(10,21): warning CS1591: Missing XML comment for publicly visible type or member 'PolicyConfiguration' [/Users/kady/Masterdom/src/Masterdom.Infrastructure/Masterdom.Infrastructure.csproj]
/Users/kady/Masterdom/src/Masterdom.Infrastructure/Persistence/Configurations/PolicyFramework/PolicyConfiguration.cs(12,17): warning CS1591: Missing XML comment for publicly visible type or member 'PolicyConfiguration.Configure(EntityTypeBuilder<Policy>)' [/Users/kady/Masterdom/src/Masterdom.Infrastructure/Masterdom.Infrastructure.csproj]
/Users/kady/Masterdom/src/Masterdom.Infrastructure/Persistence/Configurations/SubsidyOptimization/OptimizationRunConfiguration.cs(10,21): warning CS1591: Missing XML comment for publicly visible type or member 'OptimizationRunConfiguration' [/Users/kady/Masterdom/src/Masterdom.Infrastructure/Masterdom.Infrastructure.csproj]
/Users/kady/Masterdom/src/Masterdom.Infrastructure/Persistence/Configurations/SubsidyOptimization/OptimizationRunConfiguration.cs(12,17): warning CS1591: Missing XML comment for publicly visible type or member 'OptimizationRunConfiguration.Configure(EntityTypeBuilder<OptimizationRun>)' [/Users/kady/Masterdom/src/Masterdom.Infrastructure/Masterdom.Infrastructure.csproj]
/Users/kady/Masterdom/src/Masterdom.Infrastructure/Persistence/Configurations/Tenancy/TenancyConfiguration.cs(15,17): warning CS1591: Missing XML comment for publicly visible type or member 'TenancyConfiguration.Configure(EntityTypeBuilder<Tenancy>)' [/Users/kady/Masterdom/src/Masterdom.Infrastructure/Masterdom.Infrastructure.csproj]
/Users/kady/Masterdom/src/Masterdom.Infrastructure/Persistence/Configurations/UtilityRating/UtilityRatingConfiguration.cs(10,21): warning CS1591: Missing XML comment for publicly visible type or member 'UtilityRatingConfiguration' [/Users/kady/Masterdom/src/Masterdom.Infrastructure/Masterdom.Infrastructure.csproj]
/Users/kady/Masterdom/src/Masterdom.Infrastructure/Persistence/Configurations/UtilityRating/UtilityRatingConfiguration.cs(12,17): warning CS1591: Missing XML comment for publicly visible type or member 'UtilityRatingConfiguration.Configure(EntityTypeBuilder<UtilityRating>)' [/Users/kady/Masterdom/src/Masterdom.Infrastructure/Masterdom.Infrastructure.csproj]
/Users/kady/Masterdom/src/Masterdom.Infrastructure/Persistence/Converters/EntityIdValueConverter.cs(6,21): warning CS1591: Missing XML comment for publicly visible type or member 'EntityIdValueConverter<TEntityId>' [/Users/kady/Masterdom/src/Masterdom.Infrastructure/Masterdom.Infrastructure.csproj]
/Users/kady/Masterdom/src/Masterdom.Infrastructure/Persistence/Converters/EntityIdValueConverter.cs(9,12): warning CS1591: Missing XML comment for publicly visible type or member 'EntityIdValueConverter<TEntityId>.EntityIdValueConverter(Func<Guid, TEntityId>)' [/Users/kady/Masterdom/src/Masterdom.Infrastructure/Masterdom.Infrastructure.csproj]
/Users/kady/Masterdom/src/Masterdom.Infrastructure/Persistence/Converters/ValueObjectValueConverter.cs(6,21): warning CS1591: Missing XML comment for publicly visible type or member 'ValueObjectValueConverter<TValueObject>' [/Users/kady/Masterdom/src/Masterdom.Infrastructure/Masterdom.Infrastructure.csproj]
/Users/kady/Masterdom/src/Masterdom.Infrastructure/Persistence/Converters/ValueObjectValueConverter.cs(9,12): warning CS1591: Missing XML comment for publicly visible type or member 'ValueObjectValueConverter<TValueObject>.ValueObjectValueConverter(Func<string, TValueObject>)' [/Users/kady/Masterdom/src/Masterdom.Infrastructure/Masterdom.Infrastructure.csproj]
/Users/kady/Masterdom/src/Masterdom.Infrastructure/Persistence/CRM/PartyPlatformOrchestrator.cs(24,12): warning CS1591: Missing XML comment for publicly visible type or member 'PartyPlatformOrchestrator.PartyPlatformOrchestrator(IConfigurationResolver, IMetadataResolver, IRuleResolver, IWorkflowResolver, IDomainEventPublisher)' [/Users/kady/Masterdom/src/Masterdom.Infrastructure/Masterdom.Infrastructure.csproj]
/Users/kady/Masterdom/src/Masterdom.Infrastructure/Persistence/CRM/PartyPlatformOrchestrator.cs(38,17): warning CS1591: Missing XML comment for publicly visible type or member 'PartyPlatformOrchestrator.OnPartyMutated(Party, string)' [/Users/kady/Masterdom/src/Masterdom.Infrastructure/Masterdom.Infrastructure.csproj]
/Users/kady/Masterdom/src/Masterdom.Infrastructure/Persistence/CRM/PartyRepository.cs(14,12): warning CS1591: Missing XML comment for publicly visible type or member 'PartyRepository.PartyRepository(MasterdomDbContext)' [/Users/kady/Masterdom/src/Masterdom.Infrastructure/Masterdom.Infrastructure.csproj]
/Users/kady/Masterdom/src/Masterdom.Infrastructure/Persistence/CRM/PartyRepository.cs(19,19): warning CS1591: Missing XML comment for publicly visible type or member 'PartyRepository.GetById(PartyId)' [/Users/kady/Masterdom/src/Masterdom.Infrastructure/Masterdom.Infrastructure.csproj]
/Users/kady/Masterdom/src/Masterdom.Infrastructure/Persistence/CRM/PartyRepository.cs(27,39): warning CS1591: Missing XML comment for publicly visible type or member 'PartyRepository.Search(string?, PartyType?, int)' [/Users/kady/Masterdom/src/Masterdom.Infrastructure/Masterdom.Infrastructure.csproj]
/Users/kady/Masterdom/src/Masterdom.Infrastructure/Persistence/CRM/PartyRepository.cs(50,39): warning CS1591: Missing XML comment for publicly visible type or member 'PartyRepository.SearchByRole(PartyRoleType, DateTime, int)' [/Users/kady/Masterdom/src/Masterdom.Infrastructure/Masterdom.Infrastructure.csproj]
/Users/kady/Masterdom/src/Masterdom.Infrastructure/Persistence/CRM/PartyRepository.cs(64,17): warning CS1591: Missing XML comment for publicly visible type or member 'PartyRepository.Add(Party)' [/Users/kady/Masterdom/src/Masterdom.Infrastructure/Masterdom.Infrastructure.csproj]
/Users/kady/Masterdom/src/Masterdom.Infrastructure/Persistence/CRM/PartyRepository.cs(70,17): warning CS1591: Missing XML comment for publicly visible type or member 'PartyRepository.Update(Party)' [/Users/kady/Masterdom/src/Masterdom.Infrastructure/Masterdom.Infrastructure.csproj]
/Users/kady/Masterdom/src/Masterdom.Infrastructure/Persistence/CRM/PartyUnitOfWork.cs(12,12): warning CS1591: Missing XML comment for publicly visible type or member 'PartyUnitOfWork.PartyUnitOfWork(MasterdomDbContext)' [/Users/kady/Masterdom/src/Masterdom.Infrastructure/Masterdom.Infrastructure.csproj]
/Users/kady/Masterdom/src/Masterdom.Infrastructure/Persistence/CRM/PartyUnitOfWork.cs(17,17): warning CS1591: Missing XML comment for publicly visible type or member 'PartyUnitOfWork.Execute(Action)' [/Users/kady/Masterdom/src/Masterdom.Infrastructure/Masterdom.Infrastructure.csproj]
/Users/kady/Masterdom/src/Masterdom.Infrastructure/Persistence/DbContextUnitOfWorkExecutor.cs(5,21): warning CS1591: Missing XML comment for publicly visible type or member 'DbContextUnitOfWorkExecutor' [/Users/kady/Masterdom/src/Masterdom.Infrastructure/Masterdom.Infrastructure.csproj]
/Users/kady/Masterdom/src/Masterdom.Infrastructure/Persistence/DbContextUnitOfWorkExecutor.cs(7,24): warning CS1591: Missing XML comment for publicly visible type or member 'DbContextUnitOfWorkExecutor.Execute(MasterdomDbContext, Action)' [/Users/kady/Masterdom/src/Masterdom.Infrastructure/Masterdom.Infrastructure.csproj]
/Users/kady/Masterdom/src/Masterdom.Infrastructure/Persistence/DesignTimeDbContextFactory.cs(12,31): warning CS1591: Missing XML comment for publicly visible type or member 'DesignTimeDbContextFactory.CreateDbContext(string[])' [/Users/kady/Masterdom/src/Masterdom.Infrastructure/Masterdom.Infrastructure.csproj]
/Users/kady/Masterdom/src/Masterdom.Infrastructure/Persistence/FinancialLedger/LedgerPlatformOrchestrator.cs(11,21): warning CS1591: Missing XML comment for publicly visible type or member 'LedgerPlatformOrchestrator' [/Users/kady/Masterdom/src/Masterdom.Infrastructure/Masterdom.Infrastructure.csproj]
/Users/kady/Masterdom/src/Masterdom.Infrastructure/Persistence/FinancialLedger/LedgerPlatformOrchestrator.cs(21,12): warning CS1591: Missing XML comment for publicly visible type or member 'LedgerPlatformOrchestrator.LedgerPlatformOrchestrator(IConfigurationResolver, IMetadataResolver, IRuleResolver, IWorkflowResolver, IDomainEventPublisher)' [/Users/kady/Masterdom/src/Masterdom.Infrastructure/Masterdom.Infrastructure.csproj]
/Users/kady/Masterdom/src/Masterdom.Infrastructure/Persistence/FinancialLedger/LedgerPlatformOrchestrator.cs(35,17): warning CS1591: Missing XML comment for publicly visible type or member 'LedgerPlatformOrchestrator.OnLedgerMutated(Ledger, string)' [/Users/kady/Masterdom/src/Masterdom.Infrastructure/Masterdom.Infrastructure.csproj]
/Users/kady/Masterdom/src/Masterdom.Infrastructure/Persistence/FinancialLedger/LedgerRepository.cs(7,21): warning CS1591: Missing XML comment for publicly visible type or member 'LedgerRepository' [/Users/kady/Masterdom/src/Masterdom.Infrastructure/Masterdom.Infrastructure.csproj]
/Users/kady/Masterdom/src/Masterdom.Infrastructure/Persistence/FinancialLedger/LedgerRepository.cs(11,12): warning CS1591: Missing XML comment for publicly visible type or member 'LedgerRepository.LedgerRepository(MasterdomDbContext)' [/Users/kady/Masterdom/src/Masterdom.Infrastructure/Masterdom.Infrastructure.csproj]
/Users/kady/Masterdom/src/Masterdom.Infrastructure/Persistence/FinancialLedger/LedgerRepository.cs(16,17): warning CS1591: Missing XML comment for publicly visible type or member 'LedgerRepository.Add(Ledger)' [/Users/kady/Masterdom/src/Masterdom.Infrastructure/Masterdom.Infrastructure.csproj]
/Users/kady/Masterdom/src/Masterdom.Infrastructure/Persistence/FinancialLedger/LedgerRepository.cs(22,17): warning CS1591: Missing XML comment for publicly visible type or member 'LedgerRepository.Update(Ledger)' [/Users/kady/Masterdom/src/Masterdom.Infrastructure/Masterdom.Infrastructure.csproj]
/Users/kady/Masterdom/src/Masterdom.Infrastructure/Persistence/FinancialLedger/LedgerRepository.cs(28,29): warning CS1591: Missing XML comment for publicly visible type or member 'LedgerRepository.GetById(LedgerId)' [/Users/kady/Masterdom/src/Masterdom.Infrastructure/Masterdom.Infrastructure.csproj]
/Users/kady/Masterdom/src/Masterdom.Infrastructure/Persistence/FinancialLedger/LedgerRepository.cs(34,29): warning CS1591: Missing XML comment for publicly visible type or member 'LedgerRepository.GetByCode(string)' [/Users/kady/Masterdom/src/Masterdom.Infrastructure/Masterdom.Infrastructure.csproj]
/Users/kady/Masterdom/src/Masterdom.Infrastructure/Persistence/FinancialLedger/LedgerUnitOfWork.cs(5,21): warning CS1591: Missing XML comment for publicly visible type or member 'LedgerUnitOfWork' [/Users/kady/Masterdom/src/Masterdom.Infrastructure/Masterdom.Infrastructure.csproj]
/Users/kady/Masterdom/src/Masterdom.Infrastructure/Persistence/FinancialLedger/LedgerUnitOfWork.cs(9,12): warning CS1591: Missing XML comment for publicly visible type or member 'LedgerUnitOfWork.LedgerUnitOfWork(MasterdomDbContext)' [/Users/kady/Masterdom/src/Masterdom.Infrastructure/Masterdom.Infrastructure.csproj]
/Users/kady/Masterdom/src/Masterdom.Infrastructure/Persistence/FinancialLedger/LedgerUnitOfWork.cs(14,17): warning CS1591: Missing XML comment for publicly visible type or member 'LedgerUnitOfWork.Execute(Action)' [/Users/kady/Masterdom/src/Masterdom.Infrastructure/Masterdom.Infrastructure.csproj]
/Users/kady/Masterdom/src/Masterdom.Infrastructure/Persistence/FinancialLedger/PersistedPreparedJournalEntity.cs(3,21): warning CS1591: Missing XML comment for publicly visible type or member 'PersistedPreparedJournalEntity' [/Users/kady/Masterdom/src/Masterdom.Infrastructure/Masterdom.Infrastructure.csproj]
/Users/kady/Masterdom/src/Masterdom.Infrastructure/Persistence/FinancialLedger/PersistedPreparedJournalEntity.cs(5,17): warning CS1591: Missing XML comment for publicly visible type or member 'PersistedPreparedJournalEntity.Id' [/Users/kady/Masterdom/src/Masterdom.Infrastructure/Masterdom.Infrastructure.csproj]
/Users/kady/Masterdom/src/Masterdom.Infrastructure/Persistence/FinancialLedger/PersistedPreparedJournalEntity.cs(7,17): warning CS1591: Missing XML comment for publicly visible type or member 'PersistedPreparedJournalEntity.LedgerId' [/Users/kady/Masterdom/src/Masterdom.Infrastructure/Masterdom.Infrastructure.csproj]
/Users/kady/Masterdom/src/Masterdom.Infrastructure/Persistence/FinancialLedger/PersistedPreparedJournalEntity.cs(9,19): warning CS1591: Missing XML comment for publicly visible type or member 'PersistedPreparedJournalEntity.PostingReference' [/Users/kady/Masterdom/src/Masterdom.Infrastructure/Masterdom.Infrastructure.csproj]
/Users/kady/Masterdom/src/Masterdom.Infrastructure/Persistence/FinancialLedger/PersistedPreparedJournalEntity.cs(11,19): warning CS1591: Missing XML comment for publicly visible type or member 'PersistedPreparedJournalEntity.JournalReference' [/Users/kady/Masterdom/src/Masterdom.Infrastructure/Masterdom.Infrastructure.csproj]
/Users/kady/Masterdom/src/Masterdom.Infrastructure/Persistence/FinancialLedger/PersistedPreparedJournalEntity.cs(13,19): warning CS1591: Missing XML comment for publicly visible type or member 'PersistedPreparedJournalEntity.JournalNumber' [/Users/kady/Masterdom/src/Masterdom.Infrastructure/Masterdom.Infrastructure.csproj]
/Users/kady/Masterdom/src/Masterdom.Infrastructure/Persistence/FinancialLedger/PersistedPreparedJournalEntity.cs(15,21): warning CS1591: Missing XML comment for publicly visible type or member 'PersistedPreparedJournalEntity.PostingDate' [/Users/kady/Masterdom/src/Masterdom.Infrastructure/Masterdom.Infrastructure.csproj]
/Users/kady/Masterdom/src/Masterdom.Infrastructure/Persistence/FinancialLedger/PersistedPreparedJournalEntity.cs(17,19): warning CS1591: Missing XML comment for publicly visible type or member 'PersistedPreparedJournalEntity.CurrencyCode' [/Users/kady/Masterdom/src/Masterdom.Infrastructure/Masterdom.Infrastructure.csproj]
/Users/kady/Masterdom/src/Masterdom.Infrastructure/Persistence/FinancialLedger/PersistedPreparedJournalEntity.cs(19,19): warning CS1591: Missing XML comment for publicly visible type or member 'PersistedPreparedJournalEntity.Description' [/Users/kady/Masterdom/src/Masterdom.Infrastructure/Masterdom.Infrastructure.csproj]
/Users/kady/Masterdom/src/Masterdom.Infrastructure/Persistence/FinancialLedger/PersistedPreparedJournalEntity.cs(21,19): warning CS1591: Missing XML comment for publicly visible type or member 'PersistedPreparedJournalEntity.BatchReference' [/Users/kady/Masterdom/src/Masterdom.Infrastructure/Masterdom.Infrastructure.csproj]
/Users/kady/Masterdom/src/Masterdom.Infrastructure/Persistence/FinancialLedger/PersistedPreparedJournalEntity.cs(23,19): warning CS1591: Missing XML comment for publicly visible type or member 'PersistedPreparedJournalEntity.SourceModule' [/Users/kady/Masterdom/src/Masterdom.Infrastructure/Masterdom.Infrastructure.csproj]
/Users/kady/Masterdom/src/Masterdom.Infrastructure/Persistence/FinancialLedger/PersistedPreparedJournalEntity.cs(25,17): warning CS1591: Missing XML comment for publicly visible type or member 'PersistedPreparedJournalEntity.BillId' [/Users/kady/Masterdom/src/Masterdom.Infrastructure/Masterdom.Infrastructure.csproj]
/Users/kady/Masterdom/src/Masterdom.Infrastructure/Persistence/FinancialLedger/PersistedPreparedJournalEntity.cs(27,19): warning CS1591: Missing XML comment for publicly visible type or member 'PersistedPreparedJournalEntity.BillNumber' [/Users/kady/Masterdom/src/Masterdom.Infrastructure/Masterdom.Infrastructure.csproj]
/Users/kady/Masterdom/src/Masterdom.Infrastructure/Persistence/FinancialLedger/PersistedPreparedJournalEntity.cs(29,20): warning CS1591: Missing XML comment for publicly visible type or member 'PersistedPreparedJournalEntity.DebitTotal' [/Users/kady/Masterdom/src/Masterdom.Infrastructure/Masterdom.Infrastructure.csproj]
/Users/kady/Masterdom/src/Masterdom.Infrastructure/Persistence/FinancialLedger/PersistedPreparedJournalEntity.cs(31,20): warning CS1591: Missing XML comment for publicly visible type or member 'PersistedPreparedJournalEntity.CreditTotal' [/Users/kady/Masterdom/src/Masterdom.Infrastructure/Masterdom.Infrastructure.csproj]
/Users/kady/Masterdom/src/Masterdom.Infrastructure/Persistence/FinancialLedger/PersistedPreparedJournalEntity.cs(33,19): warning CS1591: Missing XML comment for publicly visible type or member 'PersistedPreparedJournalEntity.State' [/Users/kady/Masterdom/src/Masterdom.Infrastructure/Masterdom.Infrastructure.csproj]
/Users/kady/Masterdom/src/Masterdom.Infrastructure/Persistence/FinancialLedger/PersistedPreparedJournalEntity.cs(35,21): warning CS1591: Missing XML comment for publicly visible type or member 'PersistedPreparedJournalEntity.CreatedAtUtc' [/Users/kady/Masterdom/src/Masterdom.Infrastructure/Masterdom.Infrastructure.csproj]
/Users/kady/Masterdom/src/Masterdom.Infrastructure/Persistence/FinancialLedger/PersistedPreparedJournalEntity.cs(37,22): warning CS1591: Missing XML comment for publicly visible type or member 'PersistedPreparedJournalEntity.ValidatedAtUtc' [/Users/kady/Masterdom/src/Masterdom.Infrastructure/Masterdom.Infrastructure.csproj]
/Users/kady/Masterdom/src/Masterdom.Infrastructure/Persistence/FinancialLedger/PersistedPreparedJournalEntity.cs(39,22): warning CS1591: Missing XML comment for publicly visible type or member 'PersistedPreparedJournalEntity.PostedAtUtc' [/Users/kady/Masterdom/src/Masterdom.Infrastructure/Masterdom.Infrastructure.csproj]
/Users/kady/Masterdom/src/Masterdom.Infrastructure/Persistence/FinancialLedger/PersistedPreparedJournalEntity.cs(41,22): warning CS1591: Missing XML comment for publicly visible type or member 'PersistedPreparedJournalEntity.ReversedAtUtc' [/Users/kady/Masterdom/src/Masterdom.Infrastructure/Masterdom.Infrastructure.csproj]
/Users/kady/Masterdom/src/Masterdom.Infrastructure/Persistence/FinancialLedger/PersistedPreparedJournalEntity.cs(43,22): warning CS1591: Missing XML comment for publicly visible type or member 'PersistedPreparedJournalEntity.CancelledAtUtc' [/Users/kady/Masterdom/src/Masterdom.Infrastructure/Masterdom.Infrastructure.csproj]
/Users/kady/Masterdom/src/Masterdom.Infrastructure/Persistence/FinancialLedger/PersistedPreparedJournalEntity.cs(45,20): warning CS1591: Missing XML comment for publicly visible type or member 'PersistedPreparedJournalEntity.CancellationReason' [/Users/kady/Masterdom/src/Masterdom.Infrastructure/Masterdom.Infrastructure.csproj]
/Users/kady/Masterdom/src/Masterdom.Infrastructure/Persistence/FinancialLedger/PersistedPreparedJournalEntity.cs(47,18): warning CS1591: Missing XML comment for publicly visible type or member 'PersistedPreparedJournalEntity.LedgerTransactionId' [/Users/kady/Masterdom/src/Masterdom.Infrastructure/Masterdom.Infrastructure.csproj]
/Users/kady/Masterdom/src/Masterdom.Infrastructure/Persistence/FinancialLedger/PersistedPreparedJournalEntity.cs(49,19): warning CS1591: Missing XML comment for publicly visible type or member 'PersistedPreparedJournalEntity.LinesJson' [/Users/kady/Masterdom/src/Masterdom.Infrastructure/Masterdom.Infrastructure.csproj]
/Users/kady/Masterdom/src/Masterdom.Infrastructure/Persistence/FinancialLedger/PersistedPreparedJournalEntity.cs(51,19): warning CS1591: Missing XML comment for publicly visible type or member 'PersistedPreparedJournalEntity.MetadataJson' [/Users/kady/Masterdom/src/Masterdom.Infrastructure/Masterdom.Infrastructure.csproj]
/Users/kady/Masterdom/src/Masterdom.Infrastructure/Persistence/Inventory/InventoryItemRepository.cs(6,21): warning CS1591: Missing XML comment for publicly visible type or member 'InventoryItemRepository' [/Users/kady/Masterdom/src/Masterdom.Infrastructure/Masterdom.Infrastructure.csproj]
/Users/kady/Masterdom/src/Masterdom.Infrastructure/Persistence/Inventory/InventoryItemRepository.cs(10,12): warning CS1591: Missing XML comment for publicly visible type or member 'InventoryItemRepository.InventoryItemRepository(MasterdomDbContext)' [/Users/kady/Masterdom/src/Masterdom.Infrastructure/Masterdom.Infrastructure.csproj]
/Users/kady/Masterdom/src/Masterdom.Infrastructure/Persistence/Inventory/InventoryItemRepository.cs(15,17): warning CS1591: Missing XML comment for publicly visible type or member 'InventoryItemRepository.Add(InventoryItem)' [/Users/kady/Masterdom/src/Masterdom.Infrastructure/Masterdom.Infrastructure.csproj]
/Users/kady/Masterdom/src/Masterdom.Infrastructure/Persistence/Inventory/InventoryItemRepository.cs(21,17): warning CS1591: Missing XML comment for publicly visible type or member 'InventoryItemRepository.Update(InventoryItem)' [/Users/kady/Masterdom/src/Masterdom.Infrastructure/Masterdom.Infrastructure.csproj]
/Users/kady/Masterdom/src/Masterdom.Infrastructure/Persistence/Inventory/InventoryItemRepository.cs(27,27): warning CS1591: Missing XML comment for publicly visible type or member 'InventoryItemRepository.GetById(InventoryItemId)' [/Users/kady/Masterdom/src/Masterdom.Infrastructure/Masterdom.Infrastructure.csproj]
/Users/kady/Masterdom/src/Masterdom.Infrastructure/Persistence/Inventory/InventoryItemRepository.cs(33,27): warning CS1591: Missing XML comment for publicly visible type or member 'InventoryItemRepository.GetBySku(Guid, string)' [/Users/kady/Masterdom/src/Masterdom.Infrastructure/Masterdom.Infrastructure.csproj]
/Users/kady/Masterdom/src/Masterdom.Infrastructure/Persistence/Inventory/InventoryItemRepository.cs(43,27): warning CS1591: Missing XML comment for publicly visible type or member 'InventoryItemRepository.GetBySkuAndLocation(Guid, Guid, string)' [/Users/kady/Masterdom/src/Masterdom.Infrastructure/Masterdom.Infrastructure.csproj]
/Users/kady/Masterdom/src/Masterdom.Infrastructure/Persistence/Inventory/InventoryPlatformOrchestrator.cs(11,21): warning CS1591: Missing XML comment for publicly visible type or member 'InventoryPlatformOrchestrator' [/Users/kady/Masterdom/src/Masterdom.Infrastructure/Masterdom.Infrastructure.csproj]
/Users/kady/Masterdom/src/Masterdom.Infrastructure/Persistence/Inventory/InventoryPlatformOrchestrator.cs(21,12): warning CS1591: Missing XML comment for publicly visible type or member 'InventoryPlatformOrchestrator.InventoryPlatformOrchestrator(IConfigurationResolver, IMetadataResolver, IRuleResolver, IWorkflowResolver, IDomainEventPublisher)' [/Users/kady/Masterdom/src/Masterdom.Infrastructure/Masterdom.Infrastructure.csproj]
/Users/kady/Masterdom/src/Masterdom.Infrastructure/Persistence/Inventory/InventoryPlatformOrchestrator.cs(35,17): warning CS1591: Missing XML comment for publicly visible type or member 'InventoryPlatformOrchestrator.OnInventoryItemMutated(InventoryItem, string)' [/Users/kady/Masterdom/src/Masterdom.Infrastructure/Masterdom.Infrastructure.csproj]
/Users/kady/Masterdom/src/Masterdom.Infrastructure/Persistence/Inventory/InventoryStockLocationLookup.cs(7,21): warning CS1591: Missing XML comment for publicly visible type or member 'InventoryStockLocationLookup' [/Users/kady/Masterdom/src/Masterdom.Infrastructure/Masterdom.Infrastructure.csproj]
/Users/kady/Masterdom/src/Masterdom.Infrastructure/Persistence/Inventory/InventoryStockLocationLookup.cs(11,12): warning CS1591: Missing XML comment for publicly visible type or member 'InventoryStockLocationLookup.InventoryStockLocationLookup(MasterdomDbContext)' [/Users/kady/Masterdom/src/Masterdom.Infrastructure/Masterdom.Infrastructure.csproj]
/Users/kady/Masterdom/src/Masterdom.Infrastructure/Persistence/Inventory/InventoryStockLocationLookup.cs(16,46): warning CS1591: Missing XML comment for publicly visible type or member 'InventoryStockLocationLookup.Find(Guid)' [/Users/kady/Masterdom/src/Masterdom.Infrastructure/Masterdom.Infrastructure.csproj]
/Users/kady/Masterdom/src/Masterdom.Infrastructure/Persistence/Inventory/InventoryUnitOfWork.cs(5,21): warning CS1591: Missing XML comment for publicly visible type or member 'InventoryUnitOfWork' [/Users/kady/Masterdom/src/Masterdom.Infrastructure/Masterdom.Infrastructure.csproj]
/Users/kady/Masterdom/src/Masterdom.Infrastructure/Persistence/Inventory/InventoryUnitOfWork.cs(9,12): warning CS1591: Missing XML comment for publicly visible type or member 'InventoryUnitOfWork.InventoryUnitOfWork(MasterdomDbContext)' [/Users/kady/Masterdom/src/Masterdom.Infrastructure/Masterdom.Infrastructure.csproj]
/Users/kady/Masterdom/src/Masterdom.Infrastructure/Persistence/Inventory/InventoryUnitOfWork.cs(14,17): warning CS1591: Missing XML comment for publicly visible type or member 'InventoryUnitOfWork.Execute(Action)' [/Users/kady/Masterdom/src/Masterdom.Infrastructure/Masterdom.Infrastructure.csproj]
/Users/kady/Masterdom/src/Masterdom.Infrastructure/Persistence/Lease/LeasePlatformOrchestrator.cs(24,12): warning CS1591: Missing XML comment for publicly visible type or member 'LeasePlatformOrchestrator.LeasePlatformOrchestrator(IConfigurationResolver, IMetadataResolver, IRuleResolver, IWorkflowResolver, IDomainEventPublisher)' [/Users/kady/Masterdom/src/Masterdom.Infrastructure/Masterdom.Infrastructure.csproj]
/Users/kady/Masterdom/src/Masterdom.Infrastructure/Persistence/Lease/LeasePlatformOrchestrator.cs(38,17): warning CS1591: Missing XML comment for publicly visible type or member 'LeasePlatformOrchestrator.OnLeaseMutated(Lease, string)' [/Users/kady/Masterdom/src/Masterdom.Infrastructure/Masterdom.Infrastructure.csproj]
/Users/kady/Masterdom/src/Masterdom.Infrastructure/Persistence/Lease/LeaseRepository.cs(17,12): warning CS1591: Missing XML comment for publicly visible type or member 'LeaseRepository.LeaseRepository(MasterdomDbContext, ICurrentUserAccessor)' [/Users/kady/Masterdom/src/Masterdom.Infrastructure/Masterdom.Infrastructure.csproj]
/Users/kady/Masterdom/src/Masterdom.Infrastructure/Persistence/Lease/LeaseRepository.cs(23,17): warning CS1591: Missing XML comment for publicly visible type or member 'LeaseRepository.Add(Lease)' [/Users/kady/Masterdom/src/Masterdom.Infrastructure/Masterdom.Infrastructure.csproj]
/Users/kady/Masterdom/src/Masterdom.Infrastructure/Persistence/Lease/LeaseRepository.cs(29,28): warning CS1591: Missing XML comment for publicly visible type or member 'LeaseRepository.GetById(LeaseId)' [/Users/kady/Masterdom/src/Masterdom.Infrastructure/Masterdom.Infrastructure.csproj]
/Users/kady/Masterdom/src/Masterdom.Infrastructure/Persistence/Lease/LeaseRepository.cs(38,28): warning CS1591: Missing XML comment for publicly visible type or member 'LeaseRepository.GetByNumber(LeaseNumber)' [/Users/kady/Masterdom/src/Masterdom.Infrastructure/Masterdom.Infrastructure.csproj]
/Users/kady/Masterdom/src/Masterdom.Infrastructure/Persistence/Lease/LeaseRepository.cs(47,17): warning CS1591: Missing XML comment for publicly visible type or member 'LeaseRepository.HasActiveLeaseForTenancy(TenancyReference)' [/Users/kady/Masterdom/src/Masterdom.Infrastructure/Masterdom.Infrastructure.csproj]
/Users/kady/Masterdom/src/Masterdom.Infrastructure/Persistence/Lease/LeaseRepository.cs(55,17): warning CS1591: Missing XML comment for publicly visible type or member 'LeaseRepository.Update(Lease)' [/Users/kady/Masterdom/src/Masterdom.Infrastructure/Masterdom.Infrastructure.csproj]
/Users/kady/Masterdom/src/Masterdom.Infrastructure/Persistence/Lease/LeaseUnitOfWork.cs(12,12): warning CS1591: Missing XML comment for publicly visible type or member 'LeaseUnitOfWork.LeaseUnitOfWork(MasterdomDbContext)' [/Users/kady/Masterdom/src/Masterdom.Infrastructure/Masterdom.Infrastructure.csproj]
/Users/kady/Masterdom/src/Masterdom.Infrastructure/Persistence/Lease/LeaseUnitOfWork.cs(17,17): warning CS1591: Missing XML comment for publicly visible type or member 'LeaseUnitOfWork.Execute(Action)' [/Users/kady/Masterdom/src/Masterdom.Infrastructure/Masterdom.Infrastructure.csproj]
/Users/kady/Masterdom/src/Masterdom.Infrastructure/Persistence/Maintenance/MaintenancePlatformOrchestrator.cs(11,21): warning CS1591: Missing XML comment for publicly visible type or member 'MaintenancePlatformOrchestrator' [/Users/kady/Masterdom/src/Masterdom.Infrastructure/Masterdom.Infrastructure.csproj]
/Users/kady/Masterdom/src/Masterdom.Infrastructure/Persistence/Maintenance/MaintenancePlatformOrchestrator.cs(21,12): warning CS1591: Missing XML comment for publicly visible type or member 'MaintenancePlatformOrchestrator.MaintenancePlatformOrchestrator(IConfigurationResolver, IMetadataResolver, IRuleResolver, IWorkflowResolver, IDomainEventPublisher)' [/Users/kady/Masterdom/src/Masterdom.Infrastructure/Masterdom.Infrastructure.csproj]
/Users/kady/Masterdom/src/Masterdom.Infrastructure/Persistence/Maintenance/MaintenancePlatformOrchestrator.cs(35,17): warning CS1591: Missing XML comment for publicly visible type or member 'MaintenancePlatformOrchestrator.OnMaintenanceTicketMutated(MaintenanceTicket, string)' [/Users/kady/Masterdom/src/Masterdom.Infrastructure/Masterdom.Infrastructure.csproj]
/Users/kady/Masterdom/src/Masterdom.Infrastructure/Persistence/Maintenance/MaintenanceTicketRepository.cs(6,21): warning CS1591: Missing XML comment for publicly visible type or member 'MaintenanceTicketRepository' [/Users/kady/Masterdom/src/Masterdom.Infrastructure/Masterdom.Infrastructure.csproj]
/Users/kady/Masterdom/src/Masterdom.Infrastructure/Persistence/Maintenance/MaintenanceTicketRepository.cs(10,12): warning CS1591: Missing XML comment for publicly visible type or member 'MaintenanceTicketRepository.MaintenanceTicketRepository(MasterdomDbContext)' [/Users/kady/Masterdom/src/Masterdom.Infrastructure/Masterdom.Infrastructure.csproj]
/Users/kady/Masterdom/src/Masterdom.Infrastructure/Persistence/Maintenance/MaintenanceTicketRepository.cs(15,17): warning CS1591: Missing XML comment for publicly visible type or member 'MaintenanceTicketRepository.Add(MaintenanceTicket)' [/Users/kady/Masterdom/src/Masterdom.Infrastructure/Masterdom.Infrastructure.csproj]
/Users/kady/Masterdom/src/Masterdom.Infrastructure/Persistence/Maintenance/MaintenanceTicketRepository.cs(21,17): warning CS1591: Missing XML comment for publicly visible type or member 'MaintenanceTicketRepository.Update(MaintenanceTicket)' [/Users/kady/Masterdom/src/Masterdom.Infrastructure/Masterdom.Infrastructure.csproj]
/Users/kady/Masterdom/src/Masterdom.Infrastructure/Persistence/Maintenance/MaintenanceTicketRepository.cs(27,31): warning CS1591: Missing XML comment for publicly visible type or member 'MaintenanceTicketRepository.GetById(MaintenanceTicketId)' [/Users/kady/Masterdom/src/Masterdom.Infrastructure/Masterdom.Infrastructure.csproj]
/Users/kady/Masterdom/src/Masterdom.Infrastructure/Persistence/Maintenance/MaintenanceUnitOfWork.cs(5,21): warning CS1591: Missing XML comment for publicly visible type or member 'MaintenanceUnitOfWork' [/Users/kady/Masterdom/src/Masterdom.Infrastructure/Masterdom.Infrastructure.csproj]
/Users/kady/Masterdom/src/Masterdom.Infrastructure/Persistence/Maintenance/MaintenanceUnitOfWork.cs(9,12): warning CS1591: Missing XML comment for publicly visible type or member 'MaintenanceUnitOfWork.MaintenanceUnitOfWork(MasterdomDbContext)' [/Users/kady/Masterdom/src/Masterdom.Infrastructure/Masterdom.Infrastructure.csproj]
/Users/kady/Masterdom/src/Masterdom.Infrastructure/Persistence/Maintenance/MaintenanceUnitOfWork.cs(14,17): warning CS1591: Missing XML comment for publicly visible type or member 'MaintenanceUnitOfWork.Execute(Action)' [/Users/kady/Masterdom/src/Masterdom.Infrastructure/Masterdom.Infrastructure.csproj]
/Users/kady/Masterdom/src/Masterdom.Infrastructure/Persistence/MasterdomDbContext.cs(75,39): warning CS1591: Missing XML comment for publicly visible type or member 'MasterdomDbContext.StockLocations' [/Users/kady/Masterdom/src/Masterdom.Infrastructure/Masterdom.Infrastructure.csproj]
/Users/kady/Masterdom/src/Masterdom.Infrastructure/Persistence/MasterdomDbContext.cs(141,25): warning CS1591: Missing XML comment for publicly visible type or member 'MasterdomDbContext.Parties' [/Users/kady/Masterdom/src/Masterdom.Infrastructure/Masterdom.Infrastructure.csproj]
/Users/kady/Masterdom/src/Masterdom.Infrastructure/Persistence/MasterdomDbContext.cs(143,26): warning CS1591: Missing XML comment for publicly visible type or member 'MasterdomDbContext.Persons' [/Users/kady/Masterdom/src/Masterdom.Infrastructure/Masterdom.Infrastructure.csproj]
/Users/kady/Masterdom/src/Masterdom.Infrastructure/Persistence/MasterdomDbContext.cs(145,32): warning CS1591: Missing XML comment for publicly visible type or member 'MasterdomDbContext.Organizations' [/Users/kady/Masterdom/src/Masterdom.Infrastructure/Masterdom.Infrastructure.csproj]
/Users/kady/Masterdom/src/Masterdom.Infrastructure/Persistence/MasterdomDbContext.cs(147,35): warning CS1591: Missing XML comment for publicly visible type or member 'MasterdomDbContext.IdentityProfiles' [/Users/kady/Masterdom/src/Masterdom.Infrastructure/Masterdom.Infrastructure.csproj]
/Users/kady/Masterdom/src/Masterdom.Infrastructure/Persistence/MasterdomDbContext.cs(149,40): warning CS1591: Missing XML comment for publicly visible type or member 'MasterdomDbContext.Relationships' [/Users/kady/Masterdom/src/Masterdom.Infrastructure/Masterdom.Infrastructure.csproj]
/Users/kady/Masterdom/src/Masterdom.Infrastructure/Persistence/MasterdomDbContext.cs(151,24): warning CS1591: Missing XML comment for publicly visible type or member 'MasterdomDbContext.Users' [/Users/kady/Masterdom/src/Masterdom.Infrastructure/Masterdom.Infrastructure.csproj]
/Users/kady/Masterdom/src/Masterdom.Infrastructure/Persistence/MasterdomDbContext.cs(153,24): warning CS1591: Missing XML comment for publicly visible type or member 'MasterdomDbContext.Roles' [/Users/kady/Masterdom/src/Masterdom.Infrastructure/Masterdom.Infrastructure.csproj]
/Users/kady/Masterdom/src/Masterdom.Infrastructure/Persistence/MasterdomDbContext.cs(155,30): warning CS1591: Missing XML comment for publicly visible type or member 'MasterdomDbContext.Permissions' [/Users/kady/Masterdom/src/Masterdom.Infrastructure/Masterdom.Infrastructure.csproj]
/Users/kady/Masterdom/src/Masterdom.Infrastructure/Persistence/MasterdomDbContext.cs(157,28): warning CS1591: Missing XML comment for publicly visible type or member 'MasterdomDbContext.UserRoles' [/Users/kady/Masterdom/src/Masterdom.Infrastructure/Masterdom.Infrastructure.csproj]
/Users/kady/Masterdom/src/Masterdom.Infrastructure/Persistence/MasterdomDbContext.cs(159,34): warning CS1591: Missing XML comment for publicly visible type or member 'MasterdomDbContext.RolePermissions' [/Users/kady/Masterdom/src/Masterdom.Infrastructure/Masterdom.Infrastructure.csproj]
/Users/kady/Masterdom/src/Masterdom.Infrastructure/Persistence/MasterdomDbContext.cs(161,31): warning CS1591: Missing XML comment for publicly visible type or member 'MasterdomDbContext.UserSessions' [/Users/kady/Masterdom/src/Masterdom.Infrastructure/Masterdom.Infrastructure.csproj]
/Users/kady/Masterdom/src/Masterdom.Infrastructure/Persistence/MasterdomDbContext.cs(163,32): warning CS1591: Missing XML comment for publicly visible type or member 'MasterdomDbContext.RefreshTokens' [/Users/kady/Masterdom/src/Masterdom.Infrastructure/Masterdom.Infrastructure.csproj]
/Users/kady/Masterdom/src/Masterdom.Infrastructure/Persistence/MasterdomDbContext.cs(165,32): warning CS1591: Missing XML comment for publicly visible type or member 'MasterdomDbContext.LoginAttempts' [/Users/kady/Masterdom/src/Masterdom.Infrastructure/Masterdom.Infrastructure.csproj]
/Users/kady/Masterdom/src/Masterdom.Infrastructure/Persistence/MasterdomDbContext.cs(167,33): warning CS1591: Missing XML comment for publicly visible type or member 'MasterdomDbContext.PasswordResets' [/Users/kady/Masterdom/src/Masterdom.Infrastructure/Masterdom.Infrastructure.csproj]
/Users/kady/Masterdom/src/Masterdom.Infrastructure/Persistence/MasterdomDbContext.cs(169,37): warning CS1591: Missing XML comment for publicly visible type or member 'MasterdomDbContext.EmailVerifications' [/Users/kady/Masterdom/src/Masterdom.Infrastructure/Masterdom.Infrastructure.csproj]
/Users/kady/Masterdom/src/Masterdom.Infrastructure/Persistence/MasterdomDbContext.cs(171,29): warning CS1591: Missing XML comment for publicly visible type or member 'MasterdomDbContext.MfaDevices' [/Users/kady/Masterdom/src/Masterdom.Infrastructure/Masterdom.Infrastructure.csproj]
/Users/kady/Masterdom/src/Masterdom.Infrastructure/Persistence/MasterdomDbContext.cs(173,33): warning CS1591: Missing XML comment for publicly visible type or member 'MasterdomDbContext.ExternalLogins' [/Users/kady/Masterdom/src/Masterdom.Infrastructure/Masterdom.Infrastructure.csproj]
/Users/kady/Masterdom/src/Masterdom.Infrastructure/Persistence/MasterdomDbContext.cs(175,26): warning CS1591: Missing XML comment for publicly visible type or member 'MasterdomDbContext.ApiKeys' [/Users/kady/Masterdom/src/Masterdom.Infrastructure/Masterdom.Infrastructure.csproj]
/Users/kady/Masterdom/src/Masterdom.Infrastructure/Persistence/MasterdomDbContext.cs(181,53): warning CS1591: Missing XML comment for publicly visible type or member 'MasterdomDbContext.PlatformConfigurationRecords' [/Users/kady/Masterdom/src/Masterdom.Infrastructure/Masterdom.Infrastructure.csproj]
/Users/kady/Masterdom/src/Masterdom.Infrastructure/Persistence/MasterdomDbContext.cs(184,52): warning CS1591: Missing XML comment for publicly visible type or member 'MasterdomDbContext.PlatformMetadataDefinitions' [/Users/kady/Masterdom/src/Masterdom.Infrastructure/Masterdom.Infrastructure.csproj]
/Users/kady/Masterdom/src/Masterdom.Infrastructure/Persistence/MasterdomDbContext.cs(187,41): warning CS1591: Missing XML comment for publicly visible type or member 'MasterdomDbContext.PlatformRuleSets' [/Users/kady/Masterdom/src/Masterdom.Infrastructure/Masterdom.Infrastructure.csproj]
/Users/kady/Masterdom/src/Masterdom.Infrastructure/Persistence/MasterdomDbContext.cs(190,48): warning CS1591: Missing XML comment for publicly visible type or member 'MasterdomDbContext.PlatformRuleDefinitions' [/Users/kady/Masterdom/src/Masterdom.Infrastructure/Masterdom.Infrastructure.csproj]
/Users/kady/Masterdom/src/Masterdom.Infrastructure/Persistence/MasterdomDbContext.cs(193,42): warning CS1591: Missing XML comment for publicly visible type or member 'MasterdomDbContext.PlatformWorkflows' [/Users/kady/Masterdom/src/Masterdom.Infrastructure/Masterdom.Infrastructure.csproj]
/Users/kady/Masterdom/src/Masterdom.Infrastructure/Persistence/MasterdomDbContext.cs(196,49): warning CS1591: Missing XML comment for publicly visible type or member 'MasterdomDbContext.PlatformWorkflowVersions' [/Users/kady/Masterdom/src/Masterdom.Infrastructure/Masterdom.Infrastructure.csproj]
/Users/kady/Masterdom/src/Masterdom.Infrastructure/Persistence/MasterdomDbContext.cs(199,46): warning CS1591: Missing XML comment for publicly visible type or member 'MasterdomDbContext.PlatformWorkflowSteps' [/Users/kady/Masterdom/src/Masterdom.Infrastructure/Masterdom.Infrastructure.csproj]
/Users/kady/Masterdom/src/Masterdom.Infrastructure/Persistence/MasterdomDbContext.cs(202,52): warning CS1591: Missing XML comment for publicly visible type or member 'MasterdomDbContext.PlatformWorkflowTransitions' [/Users/kady/Masterdom/src/Masterdom.Infrastructure/Masterdom.Infrastructure.csproj]
/Users/kady/Masterdom/src/Masterdom.Infrastructure/Persistence/MasterdomDbContextFactory.cs(18,31): warning CS1591: Missing XML comment for publicly visible type or member 'MasterdomDbContextFactory.CreateDbContext(string[])' [/Users/kady/Masterdom/src/Masterdom.Infrastructure/Masterdom.Infrastructure.csproj]
/Users/kady/Masterdom/src/Masterdom.Infrastructure/Persistence/Metadata/PlatformMetadataDefinitionEntity.cs(10,17): warning CS1591: Missing XML comment for publicly visible type or member 'PlatformMetadataDefinitionEntity.Id' [/Users/kady/Masterdom/src/Masterdom.Infrastructure/Masterdom.Infrastructure.csproj]
/Users/kady/Masterdom/src/Masterdom.Infrastructure/Persistence/Metadata/PlatformMetadataDefinitionEntity.cs(12,19): warning CS1591: Missing XML comment for publicly visible type or member 'PlatformMetadataDefinitionEntity.Key' [/Users/kady/Masterdom/src/Masterdom.Infrastructure/Masterdom.Infrastructure.csproj]
/Users/kady/Masterdom/src/Masterdom.Infrastructure/Persistence/Metadata/PlatformMetadataDefinitionEntity.cs(14,16): warning CS1591: Missing XML comment for publicly visible type or member 'PlatformMetadataDefinitionEntity.Category' [/Users/kady/Masterdom/src/Masterdom.Infrastructure/Masterdom.Infrastructure.csproj]
/Users/kady/Masterdom/src/Masterdom.Infrastructure/Persistence/Metadata/PlatformMetadataDefinitionEntity.cs(16,16): warning CS1591: Missing XML comment for publicly visible type or member 'PlatformMetadataDefinitionEntity.ScopeKind' [/Users/kady/Masterdom/src/Masterdom.Infrastructure/Masterdom.Infrastructure.csproj]
/Users/kady/Masterdom/src/Masterdom.Infrastructure/Persistence/Metadata/PlatformMetadataDefinitionEntity.cs(18,20): warning CS1591: Missing XML comment for publicly visible type or member 'PlatformMetadataDefinitionEntity.ScopeIdentifier' [/Users/kady/Masterdom/src/Masterdom.Infrastructure/Masterdom.Infrastructure.csproj]
/Users/kady/Masterdom/src/Masterdom.Infrastructure/Persistence/Metadata/PlatformMetadataDefinitionEntity.cs(20,16): warning CS1591: Missing XML comment for publicly visible type or member 'PlatformMetadataDefinitionEntity.Version' [/Users/kady/Masterdom/src/Masterdom.Infrastructure/Masterdom.Infrastructure.csproj]
/Users/kady/Masterdom/src/Masterdom.Infrastructure/Persistence/Metadata/PlatformMetadataDefinitionEntity.cs(22,21): warning CS1591: Missing XML comment for publicly visible type or member 'PlatformMetadataDefinitionEntity.EffectiveFromUtc' [/Users/kady/Masterdom/src/Masterdom.Infrastructure/Masterdom.Infrastructure.csproj]
/Users/kady/Masterdom/src/Masterdom.Infrastructure/Persistence/Metadata/PlatformMetadataDefinitionEntity.cs(24,22): warning CS1591: Missing XML comment for publicly visible type or member 'PlatformMetadataDefinitionEntity.EffectiveToUtc' [/Users/kady/Masterdom/src/Masterdom.Infrastructure/Masterdom.Infrastructure.csproj]
/Users/kady/Masterdom/src/Masterdom.Infrastructure/Persistence/Metadata/PlatformMetadataDefinitionEntity.cs(26,19): warning CS1591: Missing XML comment for publicly visible type or member 'PlatformMetadataDefinitionEntity.Name' [/Users/kady/Masterdom/src/Masterdom.Infrastructure/Masterdom.Infrastructure.csproj]
/Users/kady/Masterdom/src/Masterdom.Infrastructure/Persistence/Metadata/PlatformMetadataDefinitionEntity.cs(28,20): warning CS1591: Missing XML comment for publicly visible type or member 'PlatformMetadataDefinitionEntity.Description' [/Users/kady/Masterdom/src/Masterdom.Infrastructure/Masterdom.Infrastructure.csproj]
/Users/kady/Masterdom/src/Masterdom.Infrastructure/Persistence/Metadata/PlatformMetadataDefinitionEntity.cs(30,18): warning CS1591: Missing XML comment for publicly visible type or member 'PlatformMetadataDefinitionEntity.ParentId' [/Users/kady/Masterdom/src/Masterdom.Infrastructure/Masterdom.Infrastructure.csproj]
/Users/kady/Masterdom/src/Masterdom.Infrastructure/Persistence/Metadata/PlatformMetadataDefinitionEntity.cs(32,17): warning CS1591: Missing XML comment for publicly visible type or member 'PlatformMetadataDefinitionEntity.IsDeprecated' [/Users/kady/Masterdom/src/Masterdom.Infrastructure/Masterdom.Infrastructure.csproj]
/Users/kady/Masterdom/src/Masterdom.Infrastructure/Persistence/Metadata/PlatformMetadataDefinitionEntity.cs(34,20): warning CS1591: Missing XML comment for publicly visible type or member 'PlatformMetadataDefinitionEntity.ReplacedByKey' [/Users/kady/Masterdom/src/Masterdom.Infrastructure/Masterdom.Infrastructure.csproj]
/Users/kady/Masterdom/src/Masterdom.Infrastructure/Persistence/Metadata/PlatformMetadataDefinitionEntity.cs(36,20): warning CS1591: Missing XML comment for publicly visible type or member 'PlatformMetadataDefinitionEntity.Compatibility' [/Users/kady/Masterdom/src/Masterdom.Infrastructure/Masterdom.Infrastructure.csproj]
/Users/kady/Masterdom/src/Masterdom.Infrastructure/Persistence/Metadata/PlatformMetadataDefinitionEntity.cs(38,19): warning CS1591: Missing XML comment for publicly visible type or member 'PlatformMetadataDefinitionEntity.ChangedBy' [/Users/kady/Masterdom/src/Masterdom.Infrastructure/Masterdom.Infrastructure.csproj]
/Users/kady/Masterdom/src/Masterdom.Infrastructure/Persistence/Metadata/PlatformMetadataDefinitionEntity.cs(40,21): warning CS1591: Missing XML comment for publicly visible type or member 'PlatformMetadataDefinitionEntity.ChangedAtUtc' [/Users/kady/Masterdom/src/Masterdom.Infrastructure/Masterdom.Infrastructure.csproj]
/Users/kady/Masterdom/src/Masterdom.Infrastructure/Persistence/Metadata/PlatformMetadataRepository.cs(16,12): warning CS1591: Missing XML comment for publicly visible type or member 'PlatformMetadataRepository.PlatformMetadataRepository(MasterdomDbContext)' [/Users/kady/Masterdom/src/Masterdom.Infrastructure/Masterdom.Infrastructure.csproj]
/Users/kady/Masterdom/src/Masterdom.Infrastructure/Persistence/Metadata/PlatformMetadataRepository.cs(21,46): warning CS1591: Missing XML comment for publicly visible type or member 'PlatformMetadataRepository.GetAll()' [/Users/kady/Masterdom/src/Masterdom.Infrastructure/Masterdom.Infrastructure.csproj]
/Users/kady/Masterdom/src/Masterdom.Infrastructure/Persistence/Metering/MeteringPlatformOrchestrator.cs(11,21): warning CS1591: Missing XML comment for publicly visible type or member 'MeteringPlatformOrchestrator' [/Users/kady/Masterdom/src/Masterdom.Infrastructure/Masterdom.Infrastructure.csproj]
/Users/kady/Masterdom/src/Masterdom.Infrastructure/Persistence/Metering/MeteringPlatformOrchestrator.cs(21,12): warning CS1591: Missing XML comment for publicly visible type or member 'MeteringPlatformOrchestrator.MeteringPlatformOrchestrator(IConfigurationResolver, IMetadataResolver, IRuleResolver, IWorkflowResolver, IDomainEventPublisher)' [/Users/kady/Masterdom/src/Masterdom.Infrastructure/Masterdom.Infrastructure.csproj]
/Users/kady/Masterdom/src/Masterdom.Infrastructure/Persistence/Metering/MeteringPlatformOrchestrator.cs(35,17): warning CS1591: Missing XML comment for publicly visible type or member 'MeteringPlatformOrchestrator.OnMeterMutated(Meter, string)' [/Users/kady/Masterdom/src/Masterdom.Infrastructure/Masterdom.Infrastructure.csproj]
/Users/kady/Masterdom/src/Masterdom.Infrastructure/Persistence/Metering/MeteringUnitOfWork.cs(5,21): warning CS1591: Missing XML comment for publicly visible type or member 'MeteringUnitOfWork' [/Users/kady/Masterdom/src/Masterdom.Infrastructure/Masterdom.Infrastructure.csproj]
/Users/kady/Masterdom/src/Masterdom.Infrastructure/Persistence/Metering/MeteringUnitOfWork.cs(9,12): warning CS1591: Missing XML comment for publicly visible type or member 'MeteringUnitOfWork.MeteringUnitOfWork(MasterdomDbContext)' [/Users/kady/Masterdom/src/Masterdom.Infrastructure/Masterdom.Infrastructure.csproj]
/Users/kady/Masterdom/src/Masterdom.Infrastructure/Persistence/Metering/MeteringUnitOfWork.cs(14,17): warning CS1591: Missing XML comment for publicly visible type or member 'MeteringUnitOfWork.Execute(Action)' [/Users/kady/Masterdom/src/Masterdom.Infrastructure/Masterdom.Infrastructure.csproj]
/Users/kady/Masterdom/src/Masterdom.Infrastructure/Persistence/Metering/MeterRepository.cs(7,21): warning CS1591: Missing XML comment for publicly visible type or member 'MeterRepository' [/Users/kady/Masterdom/src/Masterdom.Infrastructure/Masterdom.Infrastructure.csproj]
/Users/kady/Masterdom/src/Masterdom.Infrastructure/Persistence/Metering/MeterRepository.cs(11,12): warning CS1591: Missing XML comment for publicly visible type or member 'MeterRepository.MeterRepository(MasterdomDbContext)' [/Users/kady/Masterdom/src/Masterdom.Infrastructure/Masterdom.Infrastructure.csproj]
/Users/kady/Masterdom/src/Masterdom.Infrastructure/Persistence/Metering/MeterRepository.cs(16,17): warning CS1591: Missing XML comment for publicly visible type or member 'MeterRepository.Add(Meter)' [/Users/kady/Masterdom/src/Masterdom.Infrastructure/Masterdom.Infrastructure.csproj]
/Users/kady/Masterdom/src/Masterdom.Infrastructure/Persistence/Metering/MeterRepository.cs(22,19): warning CS1591: Missing XML comment for publicly visible type or member 'MeterRepository.GetById(MeterId)' [/Users/kady/Masterdom/src/Masterdom.Infrastructure/Masterdom.Infrastructure.csproj]
/Users/kady/Masterdom/src/Masterdom.Infrastructure/Persistence/Metering/MeterRepository.cs(31,19): warning CS1591: Missing XML comment for publicly visible type or member 'MeterRepository.GetByNumber(MeterNumber)' [/Users/kady/Masterdom/src/Masterdom.Infrastructure/Masterdom.Infrastructure.csproj]
/Users/kady/Masterdom/src/Masterdom.Infrastructure/Persistence/Metering/MeterRepository.cs(40,17): warning CS1591: Missing XML comment for publicly visible type or member 'MeterRepository.Update(Meter)' [/Users/kady/Masterdom/src/Masterdom.Infrastructure/Masterdom.Infrastructure.csproj]
/Users/kady/Masterdom/src/Masterdom.Infrastructure/Persistence/Payment/PaymentPlatformOrchestrator.cs(11,21): warning CS1591: Missing XML comment for publicly visible type or member 'PaymentPlatformOrchestrator' [/Users/kady/Masterdom/src/Masterdom.Infrastructure/Masterdom.Infrastructure.csproj]
/Users/kady/Masterdom/src/Masterdom.Infrastructure/Persistence/Payment/PaymentPlatformOrchestrator.cs(21,12): warning CS1591: Missing XML comment for publicly visible type or member 'PaymentPlatformOrchestrator.PaymentPlatformOrchestrator(IConfigurationResolver, IMetadataResolver, IRuleResolver, IWorkflowResolver, IDomainEventPublisher)' [/Users/kady/Masterdom/src/Masterdom.Infrastructure/Masterdom.Infrastructure.csproj]
/Users/kady/Masterdom/src/Masterdom.Infrastructure/Persistence/Payment/PaymentPlatformOrchestrator.cs(35,17): warning CS1591: Missing XML comment for publicly visible type or member 'PaymentPlatformOrchestrator.OnPaymentMutated(Payment, string)' [/Users/kady/Masterdom/src/Masterdom.Infrastructure/Masterdom.Infrastructure.csproj]
/Users/kady/Masterdom/src/Masterdom.Infrastructure/Persistence/Payment/PaymentRepository.cs(8,21): warning CS1591: Missing XML comment for publicly visible type or member 'PaymentRepository' [/Users/kady/Masterdom/src/Masterdom.Infrastructure/Masterdom.Infrastructure.csproj]
/Users/kady/Masterdom/src/Masterdom.Infrastructure/Persistence/Payment/PaymentRepository.cs(12,12): warning CS1591: Missing XML comment for publicly visible type or member 'PaymentRepository.PaymentRepository(MasterdomDbContext)' [/Users/kady/Masterdom/src/Masterdom.Infrastructure/Masterdom.Infrastructure.csproj]
/Users/kady/Masterdom/src/Masterdom.Infrastructure/Persistence/Payment/PaymentRepository.cs(17,17): warning CS1591: Missing XML comment for publicly visible type or member 'PaymentRepository.Add(Payment)' [/Users/kady/Masterdom/src/Masterdom.Infrastructure/Masterdom.Infrastructure.csproj]
/Users/kady/Masterdom/src/Masterdom.Infrastructure/Persistence/Payment/PaymentRepository.cs(23,17): warning CS1591: Missing XML comment for publicly visible type or member 'PaymentRepository.Update(Payment)' [/Users/kady/Masterdom/src/Masterdom.Infrastructure/Masterdom.Infrastructure.csproj]
/Users/kady/Masterdom/src/Masterdom.Infrastructure/Persistence/Payment/PaymentRepository.cs(29,30): warning CS1591: Missing XML comment for publicly visible type or member 'PaymentRepository.GetById(PaymentId)' [/Users/kady/Masterdom/src/Masterdom.Infrastructure/Masterdom.Infrastructure.csproj]
/Users/kady/Masterdom/src/Masterdom.Infrastructure/Persistence/Payment/PaymentRepository.cs(41,30): warning CS1591: Missing XML comment for publicly visible type or member 'PaymentRepository.GetByReference(PaymentReference)' [/Users/kady/Masterdom/src/Masterdom.Infrastructure/Masterdom.Infrastructure.csproj]
/Users/kady/Masterdom/src/Masterdom.Infrastructure/Persistence/Payment/PaymentUnitOfWork.cs(5,21): warning CS1591: Missing XML comment for publicly visible type or member 'PaymentUnitOfWork' [/Users/kady/Masterdom/src/Masterdom.Infrastructure/Masterdom.Infrastructure.csproj]
/Users/kady/Masterdom/src/Masterdom.Infrastructure/Persistence/Payment/PaymentUnitOfWork.cs(9,12): warning CS1591: Missing XML comment for publicly visible type or member 'PaymentUnitOfWork.PaymentUnitOfWork(MasterdomDbContext)' [/Users/kady/Masterdom/src/Masterdom.Infrastructure/Masterdom.Infrastructure.csproj]
/Users/kady/Masterdom/src/Masterdom.Infrastructure/Persistence/Payment/PaymentUnitOfWork.cs(14,17): warning CS1591: Missing XML comment for publicly visible type or member 'PaymentUnitOfWork.Execute(Action)' [/Users/kady/Masterdom/src/Masterdom.Infrastructure/Masterdom.Infrastructure.csproj]
/Users/kady/Masterdom/src/Masterdom.Infrastructure/Persistence/People/PersonPlatformOrchestrator.cs(24,12): warning CS1591: Missing XML comment for publicly visible type or member 'PersonPlatformOrchestrator.PersonPlatformOrchestrator(IConfigurationResolver, IMetadataResolver, IRuleResolver, IWorkflowResolver, IDomainEventPublisher)' [/Users/kady/Masterdom/src/Masterdom.Infrastructure/Masterdom.Infrastructure.csproj]
/Users/kady/Masterdom/src/Masterdom.Infrastructure/Persistence/People/PersonPlatformOrchestrator.cs(38,17): warning CS1591: Missing XML comment for publicly visible type or member 'PersonPlatformOrchestrator.OnPersonMutated(Person, string)' [/Users/kady/Masterdom/src/Masterdom.Infrastructure/Masterdom.Infrastructure.csproj]
/Users/kady/Masterdom/src/Masterdom.Infrastructure/Persistence/People/PersonRepository.cs(15,12): warning CS1591: Missing XML comment for publicly visible type or member 'PersonRepository.PersonRepository(MasterdomDbContext)' [/Users/kady/Masterdom/src/Masterdom.Infrastructure/Masterdom.Infrastructure.csproj]
/Users/kady/Masterdom/src/Masterdom.Infrastructure/Persistence/People/PersonRepository.cs(20,20): warning CS1591: Missing XML comment for publicly visible type or member 'PersonRepository.GetById(PersonId)' [/Users/kady/Masterdom/src/Masterdom.Infrastructure/Masterdom.Infrastructure.csproj]
/Users/kady/Masterdom/src/Masterdom.Infrastructure/Persistence/People/PersonRepository.cs(34,20): warning CS1591: Missing XML comment for publicly visible type or member 'PersonRepository.GetByNumber(PersonNumber)' [/Users/kady/Masterdom/src/Masterdom.Infrastructure/Masterdom.Infrastructure.csproj]
/Users/kady/Masterdom/src/Masterdom.Infrastructure/Persistence/People/PersonRepository.cs(48,40): warning CS1591: Missing XML comment for publicly visible type or member 'PersonRepository.Search(string?, int)' [/Users/kady/Masterdom/src/Masterdom.Infrastructure/Masterdom.Infrastructure.csproj]
/Users/kady/Masterdom/src/Masterdom.Infrastructure/Persistence/People/PersonRepository.cs(70,17): warning CS1591: Missing XML comment for publicly visible type or member 'PersonRepository.Add(Person)' [/Users/kady/Masterdom/src/Masterdom.Infrastructure/Masterdom.Infrastructure.csproj]
/Users/kady/Masterdom/src/Masterdom.Infrastructure/Persistence/People/PersonRepository.cs(76,17): warning CS1591: Missing XML comment for publicly visible type or member 'PersonRepository.Update(Person)' [/Users/kady/Masterdom/src/Masterdom.Infrastructure/Masterdom.Infrastructure.csproj]
/Users/kady/Masterdom/src/Masterdom.Infrastructure/Persistence/People/PersonUnitOfWork.cs(12,12): warning CS1591: Missing XML comment for publicly visible type or member 'PersonUnitOfWork.PersonUnitOfWork(MasterdomDbContext)' [/Users/kady/Masterdom/src/Masterdom.Infrastructure/Masterdom.Infrastructure.csproj]
/Users/kady/Masterdom/src/Masterdom.Infrastructure/Persistence/People/PersonUnitOfWork.cs(17,17): warning CS1591: Missing XML comment for publicly visible type or member 'PersonUnitOfWork.Execute(Action)' [/Users/kady/Masterdom/src/Masterdom.Infrastructure/Masterdom.Infrastructure.csproj]
/Users/kady/Masterdom/src/Masterdom.Infrastructure/Persistence/PolicyFramework/PolicyFrameworkPlatformOrchestrator.cs(9,21): warning CS1591: Missing XML comment for publicly visible type or member 'PolicyFrameworkPlatformOrchestrator' [/Users/kady/Masterdom/src/Masterdom.Infrastructure/Masterdom.Infrastructure.csproj]
/Users/kady/Masterdom/src/Masterdom.Infrastructure/Persistence/PolicyFramework/PolicyFrameworkPlatformOrchestrator.cs(17,12): warning CS1591: Missing XML comment for publicly visible type or member 'PolicyFrameworkPlatformOrchestrator.PolicyFrameworkPlatformOrchestrator(IConfigurationResolver, IMetadataResolver, IDomainEventPublisher)' [/Users/kady/Masterdom/src/Masterdom.Infrastructure/Masterdom.Infrastructure.csproj]
/Users/kady/Masterdom/src/Masterdom.Infrastructure/Persistence/PolicyFramework/PolicyFrameworkPlatformOrchestrator.cs(27,17): warning CS1591: Missing XML comment for publicly visible type or member 'PolicyFrameworkPlatformOrchestrator.OnPolicyMutated(Policy, string)' [/Users/kady/Masterdom/src/Masterdom.Infrastructure/Masterdom.Infrastructure.csproj]
/Users/kady/Masterdom/src/Masterdom.Infrastructure/Persistence/PolicyFramework/PolicyFrameworkUnitOfWork.cs(5,21): warning CS1591: Missing XML comment for publicly visible type or member 'PolicyFrameworkUnitOfWork' [/Users/kady/Masterdom/src/Masterdom.Infrastructure/Masterdom.Infrastructure.csproj]
/Users/kady/Masterdom/src/Masterdom.Infrastructure/Persistence/PolicyFramework/PolicyFrameworkUnitOfWork.cs(9,12): warning CS1591: Missing XML comment for publicly visible type or member 'PolicyFrameworkUnitOfWork.PolicyFrameworkUnitOfWork(MasterdomDbContext)' [/Users/kady/Masterdom/src/Masterdom.Infrastructure/Masterdom.Infrastructure.csproj]
/Users/kady/Masterdom/src/Masterdom.Infrastructure/Persistence/PolicyFramework/PolicyFrameworkUnitOfWork.cs(14,17): warning CS1591: Missing XML comment for publicly visible type or member 'PolicyFrameworkUnitOfWork.Execute(Action)' [/Users/kady/Masterdom/src/Masterdom.Infrastructure/Masterdom.Infrastructure.csproj]
/Users/kady/Masterdom/src/Masterdom.Infrastructure/Persistence/PolicyFramework/PolicyRepository.cs(8,21): warning CS1591: Missing XML comment for publicly visible type or member 'PolicyRepository' [/Users/kady/Masterdom/src/Masterdom.Infrastructure/Masterdom.Infrastructure.csproj]
/Users/kady/Masterdom/src/Masterdom.Infrastructure/Persistence/PolicyFramework/PolicyRepository.cs(12,12): warning CS1591: Missing XML comment for publicly visible type or member 'PolicyRepository.PolicyRepository(MasterdomDbContext)' [/Users/kady/Masterdom/src/Masterdom.Infrastructure/Masterdom.Infrastructure.csproj]
/Users/kady/Masterdom/src/Masterdom.Infrastructure/Persistence/PolicyFramework/PolicyRepository.cs(17,17): warning CS1591: Missing XML comment for publicly visible type or member 'PolicyRepository.Add(Policy)' [/Users/kady/Masterdom/src/Masterdom.Infrastructure/Masterdom.Infrastructure.csproj]
/Users/kady/Masterdom/src/Masterdom.Infrastructure/Persistence/PolicyFramework/PolicyRepository.cs(23,17): warning CS1591: Missing XML comment for publicly visible type or member 'PolicyRepository.Update(Policy)' [/Users/kady/Masterdom/src/Masterdom.Infrastructure/Masterdom.Infrastructure.csproj]
/Users/kady/Masterdom/src/Masterdom.Infrastructure/Persistence/PolicyFramework/PolicyRepository.cs(29,29): warning CS1591: Missing XML comment for publicly visible type or member 'PolicyRepository.GetById(PolicyId)' [/Users/kady/Masterdom/src/Masterdom.Infrastructure/Masterdom.Infrastructure.csproj]
/Users/kady/Masterdom/src/Masterdom.Infrastructure/Persistence/PolicyFramework/PolicyRepository.cs(40,29): warning CS1591: Missing XML comment for publicly visible type or member 'PolicyRepository.GetApplicable(PolicyType, PolicyScope, DateOnly, string?)' [/Users/kady/Masterdom/src/Masterdom.Infrastructure/Masterdom.Infrastructure.csproj]
/Users/kady/Masterdom/src/Masterdom.Infrastructure/Persistence/Property/PropertyPlatformOrchestrator.cs(25,12): warning CS1591: Missing XML comment for publicly visible type or member 'PropertyPlatformOrchestrator.PropertyPlatformOrchestrator(IConfigurationResolver, IMetadataResolver, IRuleResolver, IWorkflowResolver, IDomainEventPublisher)' [/Users/kady/Masterdom/src/Masterdom.Infrastructure/Masterdom.Infrastructure.csproj]
/Users/kady/Masterdom/src/Masterdom.Infrastructure/Persistence/Property/PropertyPlatformOrchestrator.cs(39,17): warning CS1591: Missing XML comment for publicly visible type or member 'PropertyPlatformOrchestrator.OnPropertyMutated(Property, string)' [/Users/kady/Masterdom/src/Masterdom.Infrastructure/Masterdom.Infrastructure.csproj]
/Users/kady/Masterdom/src/Masterdom.Infrastructure/Persistence/Property/PropertyRepository.cs(17,12): warning CS1591: Missing XML comment for publicly visible type or member 'PropertyRepository.PropertyRepository(MasterdomDbContext, ICurrentUserAccessor)' [/Users/kady/Masterdom/src/Masterdom.Infrastructure/Masterdom.Infrastructure.csproj]
/Users/kady/Masterdom/src/Masterdom.Infrastructure/Persistence/Property/PropertyRepository.cs(23,31): warning CS1591: Missing XML comment for publicly visible type or member 'PropertyRepository.GetById(PropertyId)' [/Users/kady/Masterdom/src/Masterdom.Infrastructure/Masterdom.Infrastructure.csproj]
/Users/kady/Masterdom/src/Masterdom.Infrastructure/Persistence/Property/PropertyRepository.cs(32,31): warning CS1591: Missing XML comment for publicly visible type or member 'PropertyRepository.GetByCode(PropertyCode)' [/Users/kady/Masterdom/src/Masterdom.Infrastructure/Masterdom.Infrastructure.csproj]
/Users/kady/Masterdom/src/Masterdom.Infrastructure/Persistence/Property/PropertyRepository.cs(41,38): warning CS1591: Missing XML comment for publicly visible type or member 'PropertyRepository.ListUnits(PropertyId)' [/Users/kady/Masterdom/src/Masterdom.Infrastructure/Masterdom.Infrastructure.csproj]
/Users/kady/Masterdom/src/Masterdom.Infrastructure/Persistence/Property/PropertyRepository.cs(52,51): warning CS1591: Missing XML comment for publicly visible type or member 'PropertyRepository.Search(string?, int)' [/Users/kady/Masterdom/src/Masterdom.Infrastructure/Masterdom.Infrastructure.csproj]
/Users/kady/Masterdom/src/Masterdom.Infrastructure/Persistence/Property/PropertyRepository.cs(71,17): warning CS1591: Missing XML comment for publicly visible type or member 'PropertyRepository.Add(Property)' [/Users/kady/Masterdom/src/Masterdom.Infrastructure/Masterdom.Infrastructure.csproj]
/Users/kady/Masterdom/src/Masterdom.Infrastructure/Persistence/Property/PropertyRepository.cs(77,17): warning CS1591: Missing XML comment for publicly visible type or member 'PropertyRepository.Update(Property)' [/Users/kady/Masterdom/src/Masterdom.Infrastructure/Masterdom.Infrastructure.csproj]
/Users/kady/Masterdom/src/Masterdom.Infrastructure/Persistence/Property/PropertyUnitOfWork.cs(12,12): warning CS1591: Missing XML comment for publicly visible type or member 'PropertyUnitOfWork.PropertyUnitOfWork(MasterdomDbContext)' [/Users/kady/Masterdom/src/Masterdom.Infrastructure/Masterdom.Infrastructure.csproj]
/Users/kady/Masterdom/src/Masterdom.Infrastructure/Persistence/Property/PropertyUnitOfWork.cs(17,17): warning CS1591: Missing XML comment for publicly visible type or member 'PropertyUnitOfWork.Execute(Action)' [/Users/kady/Masterdom/src/Masterdom.Infrastructure/Masterdom.Infrastructure.csproj]
/Users/kady/Masterdom/src/Masterdom.Infrastructure/Persistence/Rules/PlatformRuleDefinitionEntity.cs(10,17): warning CS1591: Missing XML comment for publicly visible type or member 'PlatformRuleDefinitionEntity.Id' [/Users/kady/Masterdom/src/Masterdom.Infrastructure/Masterdom.Infrastructure.csproj]
/Users/kady/Masterdom/src/Masterdom.Infrastructure/Persistence/Rules/PlatformRuleDefinitionEntity.cs(12,17): warning CS1591: Missing XML comment for publicly visible type or member 'PlatformRuleDefinitionEntity.RuleSetId' [/Users/kady/Masterdom/src/Masterdom.Infrastructure/Masterdom.Infrastructure.csproj]
/Users/kady/Masterdom/src/Masterdom.Infrastructure/Persistence/Rules/PlatformRuleDefinitionEntity.cs(14,18): warning CS1591: Missing XML comment for publicly visible type or member 'PlatformRuleDefinitionEntity.ParentRuleId' [/Users/kady/Masterdom/src/Masterdom.Infrastructure/Masterdom.Infrastructure.csproj]
/Users/kady/Masterdom/src/Masterdom.Infrastructure/Persistence/Rules/PlatformRuleDefinitionEntity.cs(16,19): warning CS1591: Missing XML comment for publicly visible type or member 'PlatformRuleDefinitionEntity.Key' [/Users/kady/Masterdom/src/Masterdom.Infrastructure/Masterdom.Infrastructure.csproj]
/Users/kady/Masterdom/src/Masterdom.Infrastructure/Persistence/Rules/PlatformRuleDefinitionEntity.cs(18,19): warning CS1591: Missing XML comment for publicly visible type or member 'PlatformRuleDefinitionEntity.Name' [/Users/kady/Masterdom/src/Masterdom.Infrastructure/Masterdom.Infrastructure.csproj]
/Users/kady/Masterdom/src/Masterdom.Infrastructure/Persistence/Rules/PlatformRuleDefinitionEntity.cs(20,20): warning CS1591: Missing XML comment for publicly visible type or member 'PlatformRuleDefinitionEntity.Description' [/Users/kady/Masterdom/src/Masterdom.Infrastructure/Masterdom.Infrastructure.csproj]
/Users/kady/Masterdom/src/Masterdom.Infrastructure/Persistence/Rules/PlatformRuleDefinitionEntity.cs(22,16): warning CS1591: Missing XML comment for publicly visible type or member 'PlatformRuleDefinitionEntity.Kind' [/Users/kady/Masterdom/src/Masterdom.Infrastructure/Masterdom.Infrastructure.csproj]
/Users/kady/Masterdom/src/Masterdom.Infrastructure/Persistence/Rules/PlatformRuleDefinitionEntity.cs(24,16): warning CS1591: Missing XML comment for publicly visible type or member 'PlatformRuleDefinitionEntity.Category' [/Users/kady/Masterdom/src/Masterdom.Infrastructure/Masterdom.Infrastructure.csproj]
/Users/kady/Masterdom/src/Masterdom.Infrastructure/Persistence/Rules/PlatformRuleDefinitionEntity.cs(26,16): warning CS1591: Missing XML comment for publicly visible type or member 'PlatformRuleDefinitionEntity.Severity' [/Users/kady/Masterdom/src/Masterdom.Infrastructure/Masterdom.Infrastructure.csproj]
/Users/kady/Masterdom/src/Masterdom.Infrastructure/Persistence/Rules/PlatformRuleDefinitionEntity.cs(28,16): warning CS1591: Missing XML comment for publicly visible type or member 'PlatformRuleDefinitionEntity.Priority' [/Users/kady/Masterdom/src/Masterdom.Infrastructure/Masterdom.Infrastructure.csproj]
/Users/kady/Masterdom/src/Masterdom.Infrastructure/Persistence/Rules/PlatformRuleDefinitionEntity.cs(30,16): warning CS1591: Missing XML comment for publicly visible type or member 'PlatformRuleDefinitionEntity.ScopeKind' [/Users/kady/Masterdom/src/Masterdom.Infrastructure/Masterdom.Infrastructure.csproj]
/Users/kady/Masterdom/src/Masterdom.Infrastructure/Persistence/Rules/PlatformRuleDefinitionEntity.cs(32,20): warning CS1591: Missing XML comment for publicly visible type or member 'PlatformRuleDefinitionEntity.ScopeIdentifier' [/Users/kady/Masterdom/src/Masterdom.Infrastructure/Masterdom.Infrastructure.csproj]
/Users/kady/Masterdom/src/Masterdom.Infrastructure/Persistence/Rules/PlatformRuleDefinitionEntity.cs(34,16): warning CS1591: Missing XML comment for publicly visible type or member 'PlatformRuleDefinitionEntity.Version' [/Users/kady/Masterdom/src/Masterdom.Infrastructure/Masterdom.Infrastructure.csproj]
/Users/kady/Masterdom/src/Masterdom.Infrastructure/Persistence/Rules/PlatformRuleDefinitionEntity.cs(36,21): warning CS1591: Missing XML comment for publicly visible type or member 'PlatformRuleDefinitionEntity.EffectiveFromUtc' [/Users/kady/Masterdom/src/Masterdom.Infrastructure/Masterdom.Infrastructure.csproj]
/Users/kady/Masterdom/src/Masterdom.Infrastructure/Persistence/Rules/PlatformRuleDefinitionEntity.cs(38,22): warning CS1591: Missing XML comment for publicly visible type or member 'PlatformRuleDefinitionEntity.EffectiveToUtc' [/Users/kady/Masterdom/src/Masterdom.Infrastructure/Masterdom.Infrastructure.csproj]
/Users/kady/Masterdom/src/Masterdom.Infrastructure/Persistence/Rules/PlatformRuleDefinitionEntity.cs(40,17): warning CS1591: Missing XML comment for publicly visible type or member 'PlatformRuleDefinitionEntity.IsDeprecated' [/Users/kady/Masterdom/src/Masterdom.Infrastructure/Masterdom.Infrastructure.csproj]
/Users/kady/Masterdom/src/Masterdom.Infrastructure/Persistence/Rules/PlatformRuleDefinitionEntity.cs(42,20): warning CS1591: Missing XML comment for publicly visible type or member 'PlatformRuleDefinitionEntity.ReplacedByKey' [/Users/kady/Masterdom/src/Masterdom.Infrastructure/Masterdom.Infrastructure.csproj]
/Users/kady/Masterdom/src/Masterdom.Infrastructure/Persistence/Rules/PlatformRuleDefinitionEntity.cs(44,20): warning CS1591: Missing XML comment for publicly visible type or member 'PlatformRuleDefinitionEntity.Compatibility' [/Users/kady/Masterdom/src/Masterdom.Infrastructure/Masterdom.Infrastructure.csproj]
/Users/kady/Masterdom/src/Masterdom.Infrastructure/Persistence/Rules/PlatformRuleDefinitionEntity.cs(46,19): warning CS1591: Missing XML comment for publicly visible type or member 'PlatformRuleDefinitionEntity.ChangedBy' [/Users/kady/Masterdom/src/Masterdom.Infrastructure/Masterdom.Infrastructure.csproj]
/Users/kady/Masterdom/src/Masterdom.Infrastructure/Persistence/Rules/PlatformRuleDefinitionEntity.cs(48,21): warning CS1591: Missing XML comment for publicly visible type or member 'PlatformRuleDefinitionEntity.ChangedAtUtc' [/Users/kady/Masterdom/src/Masterdom.Infrastructure/Masterdom.Infrastructure.csproj]
/Users/kady/Masterdom/src/Masterdom.Infrastructure/Persistence/Rules/PlatformRuleDefinitionEntity.cs(50,20): warning CS1591: Missing XML comment for publicly visible type or member 'PlatformRuleDefinitionEntity.InputKey' [/Users/kady/Masterdom/src/Masterdom.Infrastructure/Masterdom.Infrastructure.csproj]
/Users/kady/Masterdom/src/Masterdom.Infrastructure/Persistence/Rules/PlatformRuleDefinitionEntity.cs(52,17): warning CS1591: Missing XML comment for publicly visible type or member 'PlatformRuleDefinitionEntity.ComparisonOperator' [/Users/kady/Masterdom/src/Masterdom.Infrastructure/Masterdom.Infrastructure.csproj]
/Users/kady/Masterdom/src/Masterdom.Infrastructure/Persistence/Rules/PlatformRuleDefinitionEntity.cs(54,20): warning CS1591: Missing XML comment for publicly visible type or member 'PlatformRuleDefinitionEntity.CompareInputKey' [/Users/kady/Masterdom/src/Masterdom.Infrastructure/Masterdom.Infrastructure.csproj]
/Users/kady/Masterdom/src/Masterdom.Infrastructure/Persistence/Rules/PlatformRuleDefinitionEntity.cs(56,17): warning CS1591: Missing XML comment for publicly visible type or member 'PlatformRuleDefinitionEntity.ExpectedValueKind' [/Users/kady/Masterdom/src/Masterdom.Infrastructure/Masterdom.Infrastructure.csproj]
/Users/kady/Masterdom/src/Masterdom.Infrastructure/Persistence/Rules/PlatformRuleDefinitionEntity.cs(58,18): warning CS1591: Missing XML comment for publicly visible type or member 'PlatformRuleDefinitionEntity.ExpectedBoolean' [/Users/kady/Masterdom/src/Masterdom.Infrastructure/Masterdom.Infrastructure.csproj]
/Users/kady/Masterdom/src/Masterdom.Infrastructure/Persistence/Rules/PlatformRuleDefinitionEntity.cs(60,21): warning CS1591: Missing XML comment for publicly visible type or member 'PlatformRuleDefinitionEntity.ExpectedNumber' [/Users/kady/Masterdom/src/Masterdom.Infrastructure/Masterdom.Infrastructure.csproj]
/Users/kady/Masterdom/src/Masterdom.Infrastructure/Persistence/Rules/PlatformRuleDefinitionEntity.cs(62,20): warning CS1591: Missing XML comment for publicly visible type or member 'PlatformRuleDefinitionEntity.ExpectedText' [/Users/kady/Masterdom/src/Masterdom.Infrastructure/Masterdom.Infrastructure.csproj]
/Users/kady/Masterdom/src/Masterdom.Infrastructure/Persistence/Rules/PlatformRuleDefinitionEntity.cs(64,21): warning CS1591: Missing XML comment for publicly visible type or member 'PlatformRuleDefinitionEntity.MinNumber' [/Users/kady/Masterdom/src/Masterdom.Infrastructure/Masterdom.Infrastructure.csproj]
/Users/kady/Masterdom/src/Masterdom.Infrastructure/Persistence/Rules/PlatformRuleDefinitionEntity.cs(66,21): warning CS1591: Missing XML comment for publicly visible type or member 'PlatformRuleDefinitionEntity.MaxNumber' [/Users/kady/Masterdom/src/Masterdom.Infrastructure/Masterdom.Infrastructure.csproj]
/Users/kady/Masterdom/src/Masterdom.Infrastructure/Persistence/Rules/PlatformRuleDefinitionEntity.cs(68,17): warning CS1591: Missing XML comment for publicly visible type or member 'PlatformRuleDefinitionEntity.CompositeOperator' [/Users/kady/Masterdom/src/Masterdom.Infrastructure/Masterdom.Infrastructure.csproj]
/Users/kady/Masterdom/src/Masterdom.Infrastructure/Persistence/Rules/PlatformRuleDefinitionEntity.cs(70,17): warning CS1591: Missing XML comment for publicly visible type or member 'PlatformRuleDefinitionEntity.ArithmeticOperator' [/Users/kady/Masterdom/src/Masterdom.Infrastructure/Masterdom.Infrastructure.csproj]
/Users/kady/Masterdom/src/Masterdom.Infrastructure/Persistence/Rules/PlatformRuleDefinitionEntity.cs(72,20): warning CS1591: Missing XML comment for publicly visible type or member 'PlatformRuleDefinitionEntity.ExpressionLeftKey' [/Users/kady/Masterdom/src/Masterdom.Infrastructure/Masterdom.Infrastructure.csproj]
/Users/kady/Masterdom/src/Masterdom.Infrastructure/Persistence/Rules/PlatformRuleDefinitionEntity.cs(74,20): warning CS1591: Missing XML comment for publicly visible type or member 'PlatformRuleDefinitionEntity.ExpressionRightKey' [/Users/kady/Masterdom/src/Masterdom.Infrastructure/Masterdom.Infrastructure.csproj]
/Users/kady/Masterdom/src/Masterdom.Infrastructure/Persistence/Rules/PlatformRuleDefinitionEntity.cs(76,21): warning CS1591: Missing XML comment for publicly visible type or member 'PlatformRuleDefinitionEntity.ExpressionExpectedNumber' [/Users/kady/Masterdom/src/Masterdom.Infrastructure/Masterdom.Infrastructure.csproj]
/Users/kady/Masterdom/src/Masterdom.Infrastructure/Persistence/Rules/PlatformRuleRepository.cs(16,12): warning CS1591: Missing XML comment for publicly visible type or member 'PlatformRuleRepository.PlatformRuleRepository(MasterdomDbContext)' [/Users/kady/Masterdom/src/Masterdom.Infrastructure/Masterdom.Infrastructure.csproj]
/Users/kady/Masterdom/src/Masterdom.Infrastructure/Persistence/Rules/PlatformRuleRepository.cs(21,45): warning CS1591: Missing XML comment for publicly visible type or member 'PlatformRuleRepository.GetAllRuleSets()' [/Users/kady/Masterdom/src/Masterdom.Infrastructure/Masterdom.Infrastructure.csproj]
/Users/kady/Masterdom/src/Masterdom.Infrastructure/Persistence/Rules/PlatformRuleRepository.cs(55,42): warning CS1591: Missing XML comment for publicly visible type or member 'PlatformRuleRepository.GetAllRules()' [/Users/kady/Masterdom/src/Masterdom.Infrastructure/Masterdom.Infrastructure.csproj]
/Users/kady/Masterdom/src/Masterdom.Infrastructure/Persistence/Rules/PlatformRuleSetEntity.cs(10,17): warning CS1591: Missing XML comment for publicly visible type or member 'PlatformRuleSetEntity.Id' [/Users/kady/Masterdom/src/Masterdom.Infrastructure/Masterdom.Infrastructure.csproj]
/Users/kady/Masterdom/src/Masterdom.Infrastructure/Persistence/Rules/PlatformRuleSetEntity.cs(12,19): warning CS1591: Missing XML comment for publicly visible type or member 'PlatformRuleSetEntity.Key' [/Users/kady/Masterdom/src/Masterdom.Infrastructure/Masterdom.Infrastructure.csproj]
/Users/kady/Masterdom/src/Masterdom.Infrastructure/Persistence/Rules/PlatformRuleSetEntity.cs(14,19): warning CS1591: Missing XML comment for publicly visible type or member 'PlatformRuleSetEntity.Name' [/Users/kady/Masterdom/src/Masterdom.Infrastructure/Masterdom.Infrastructure.csproj]
/Users/kady/Masterdom/src/Masterdom.Infrastructure/Persistence/Rules/PlatformRuleSetEntity.cs(16,20): warning CS1591: Missing XML comment for publicly visible type or member 'PlatformRuleSetEntity.Description' [/Users/kady/Masterdom/src/Masterdom.Infrastructure/Masterdom.Infrastructure.csproj]
/Users/kady/Masterdom/src/Masterdom.Infrastructure/Persistence/Rules/PlatformRuleSetEntity.cs(18,16): warning CS1591: Missing XML comment for publicly visible type or member 'PlatformRuleSetEntity.Category' [/Users/kady/Masterdom/src/Masterdom.Infrastructure/Masterdom.Infrastructure.csproj]
/Users/kady/Masterdom/src/Masterdom.Infrastructure/Persistence/Rules/PlatformRuleSetEntity.cs(20,16): warning CS1591: Missing XML comment for publicly visible type or member 'PlatformRuleSetEntity.ScopeKind' [/Users/kady/Masterdom/src/Masterdom.Infrastructure/Masterdom.Infrastructure.csproj]
/Users/kady/Masterdom/src/Masterdom.Infrastructure/Persistence/Rules/PlatformRuleSetEntity.cs(22,20): warning CS1591: Missing XML comment for publicly visible type or member 'PlatformRuleSetEntity.ScopeIdentifier' [/Users/kady/Masterdom/src/Masterdom.Infrastructure/Masterdom.Infrastructure.csproj]
/Users/kady/Masterdom/src/Masterdom.Infrastructure/Persistence/Rules/PlatformRuleSetEntity.cs(24,16): warning CS1591: Missing XML comment for publicly visible type or member 'PlatformRuleSetEntity.Version' [/Users/kady/Masterdom/src/Masterdom.Infrastructure/Masterdom.Infrastructure.csproj]
/Users/kady/Masterdom/src/Masterdom.Infrastructure/Persistence/Rules/PlatformRuleSetEntity.cs(26,21): warning CS1591: Missing XML comment for publicly visible type or member 'PlatformRuleSetEntity.EffectiveFromUtc' [/Users/kady/Masterdom/src/Masterdom.Infrastructure/Masterdom.Infrastructure.csproj]
/Users/kady/Masterdom/src/Masterdom.Infrastructure/Persistence/Rules/PlatformRuleSetEntity.cs(28,22): warning CS1591: Missing XML comment for publicly visible type or member 'PlatformRuleSetEntity.EffectiveToUtc' [/Users/kady/Masterdom/src/Masterdom.Infrastructure/Masterdom.Infrastructure.csproj]
/Users/kady/Masterdom/src/Masterdom.Infrastructure/Persistence/Rules/PlatformRuleSetEntity.cs(30,17): warning CS1591: Missing XML comment for publicly visible type or member 'PlatformRuleSetEntity.IsDeprecated' [/Users/kady/Masterdom/src/Masterdom.Infrastructure/Masterdom.Infrastructure.csproj]
/Users/kady/Masterdom/src/Masterdom.Infrastructure/Persistence/Rules/PlatformRuleSetEntity.cs(32,20): warning CS1591: Missing XML comment for publicly visible type or member 'PlatformRuleSetEntity.ReplacedByKey' [/Users/kady/Masterdom/src/Masterdom.Infrastructure/Masterdom.Infrastructure.csproj]
/Users/kady/Masterdom/src/Masterdom.Infrastructure/Persistence/Rules/PlatformRuleSetEntity.cs(34,20): warning CS1591: Missing XML comment for publicly visible type or member 'PlatformRuleSetEntity.Compatibility' [/Users/kady/Masterdom/src/Masterdom.Infrastructure/Masterdom.Infrastructure.csproj]
/Users/kady/Masterdom/src/Masterdom.Infrastructure/Persistence/Rules/PlatformRuleSetEntity.cs(36,19): warning CS1591: Missing XML comment for publicly visible type or member 'PlatformRuleSetEntity.ChangedBy' [/Users/kady/Masterdom/src/Masterdom.Infrastructure/Masterdom.Infrastructure.csproj]
/Users/kady/Masterdom/src/Masterdom.Infrastructure/Persistence/Rules/PlatformRuleSetEntity.cs(38,21): warning CS1591: Missing XML comment for publicly visible type or member 'PlatformRuleSetEntity.ChangedAtUtc' [/Users/kady/Masterdom/src/Masterdom.Infrastructure/Masterdom.Infrastructure.csproj]
/Users/kady/Masterdom/src/Masterdom.Infrastructure/Persistence/SubsidyOptimization/OptimizationRunRepository.cs(8,21): warning CS1591: Missing XML comment for publicly visible type or member 'OptimizationRunRepository' [/Users/kady/Masterdom/src/Masterdom.Infrastructure/Masterdom.Infrastructure.csproj]
/Users/kady/Masterdom/src/Masterdom.Infrastructure/Persistence/SubsidyOptimization/OptimizationRunRepository.cs(12,12): warning CS1591: Missing XML comment for publicly visible type or member 'OptimizationRunRepository.OptimizationRunRepository(MasterdomDbContext)' [/Users/kady/Masterdom/src/Masterdom.Infrastructure/Masterdom.Infrastructure.csproj]
/Users/kady/Masterdom/src/Masterdom.Infrastructure/Persistence/SubsidyOptimization/OptimizationRunRepository.cs(17,17): warning CS1591: Missing XML comment for publicly visible type or member 'OptimizationRunRepository.Add(OptimizationRun)' [/Users/kady/Masterdom/src/Masterdom.Infrastructure/Masterdom.Infrastructure.csproj]
/Users/kady/Masterdom/src/Masterdom.Infrastructure/Persistence/SubsidyOptimization/OptimizationRunRepository.cs(23,17): warning CS1591: Missing XML comment for publicly visible type or member 'OptimizationRunRepository.Update(OptimizationRun)' [/Users/kady/Masterdom/src/Masterdom.Infrastructure/Masterdom.Infrastructure.csproj]
/Users/kady/Masterdom/src/Masterdom.Infrastructure/Persistence/SubsidyOptimization/OptimizationRunRepository.cs(29,38): warning CS1591: Missing XML comment for publicly visible type or member 'OptimizationRunRepository.GetById(OptimizationRunId)' [/Users/kady/Masterdom/src/Masterdom.Infrastructure/Masterdom.Infrastructure.csproj]
/Users/kady/Masterdom/src/Masterdom.Infrastructure/Persistence/SubsidyOptimization/OptimizationRunRepository.cs(40,38): warning CS1591: Missing XML comment for publicly visible type or member 'OptimizationRunRepository.GetByScenarioPeriodAndVersion(ScenarioId, OptimizationPeriod, OptimizationVersion)' [/Users/kady/Masterdom/src/Masterdom.Infrastructure/Masterdom.Infrastructure.csproj]
/Users/kady/Masterdom/src/Masterdom.Infrastructure/Persistence/SubsidyOptimization/OptimizationRunRepository.cs(57,38): warning CS1591: Missing XML comment for publicly visible type or member 'OptimizationRunRepository.GetLatestByScenarioAndPeriod(ScenarioId, OptimizationPeriod)' [/Users/kady/Masterdom/src/Masterdom.Infrastructure/Masterdom.Infrastructure.csproj]
/Users/kady/Masterdom/src/Masterdom.Infrastructure/Persistence/SubsidyOptimization/SubsidyOptimizationPlatformOrchestrator.cs(11,21): warning CS1591: Missing XML comment for publicly visible type or member 'SubsidyOptimizationPlatformOrchestrator' [/Users/kady/Masterdom/src/Masterdom.Infrastructure/Masterdom.Infrastructure.csproj]
/Users/kady/Masterdom/src/Masterdom.Infrastructure/Persistence/SubsidyOptimization/SubsidyOptimizationPlatformOrchestrator.cs(21,12): warning CS1591: Missing XML comment for publicly visible type or member 'SubsidyOptimizationPlatformOrchestrator.SubsidyOptimizationPlatformOrchestrator(IConfigurationResolver, IMetadataResolver, IRuleResolver, IWorkflowResolver, IDomainEventPublisher)' [/Users/kady/Masterdom/src/Masterdom.Infrastructure/Masterdom.Infrastructure.csproj]
/Users/kady/Masterdom/src/Masterdom.Infrastructure/Persistence/SubsidyOptimization/SubsidyOptimizationPlatformOrchestrator.cs(35,17): warning CS1591: Missing XML comment for publicly visible type or member 'SubsidyOptimizationPlatformOrchestrator.OnOptimizationRunMutated(OptimizationRun, string)' [/Users/kady/Masterdom/src/Masterdom.Infrastructure/Masterdom.Infrastructure.csproj]
/Users/kady/Masterdom/src/Masterdom.Infrastructure/Persistence/SubsidyOptimization/SubsidyOptimizationUnitOfWork.cs(5,21): warning CS1591: Missing XML comment for publicly visible type or member 'SubsidyOptimizationUnitOfWork' [/Users/kady/Masterdom/src/Masterdom.Infrastructure/Masterdom.Infrastructure.csproj]
/Users/kady/Masterdom/src/Masterdom.Infrastructure/Persistence/SubsidyOptimization/SubsidyOptimizationUnitOfWork.cs(9,12): warning CS1591: Missing XML comment for publicly visible type or member 'SubsidyOptimizationUnitOfWork.SubsidyOptimizationUnitOfWork(MasterdomDbContext)' [/Users/kady/Masterdom/src/Masterdom.Infrastructure/Masterdom.Infrastructure.csproj]
/Users/kady/Masterdom/src/Masterdom.Infrastructure/Persistence/SubsidyOptimization/SubsidyOptimizationUnitOfWork.cs(14,17): warning CS1591: Missing XML comment for publicly visible type or member 'SubsidyOptimizationUnitOfWork.Execute(Action)' [/Users/kady/Masterdom/src/Masterdom.Infrastructure/Masterdom.Infrastructure.csproj]
/Users/kady/Masterdom/src/Masterdom.Infrastructure/Persistence/Tenancy/TenancyPlatformOrchestrator.cs(24,12): warning CS1591: Missing XML comment for publicly visible type or member 'TenancyPlatformOrchestrator.TenancyPlatformOrchestrator(IConfigurationResolver, IMetadataResolver, IRuleResolver, IWorkflowResolver, IDomainEventPublisher)' [/Users/kady/Masterdom/src/Masterdom.Infrastructure/Masterdom.Infrastructure.csproj]
/Users/kady/Masterdom/src/Masterdom.Infrastructure/Persistence/Tenancy/TenancyPlatformOrchestrator.cs(38,17): warning CS1591: Missing XML comment for publicly visible type or member 'TenancyPlatformOrchestrator.OnTenancyMutated(Tenancy, string)' [/Users/kady/Masterdom/src/Masterdom.Infrastructure/Masterdom.Infrastructure.csproj]
/Users/kady/Masterdom/src/Masterdom.Infrastructure/Persistence/Tenancy/TenancyRepository.cs(17,12): warning CS1591: Missing XML comment for publicly visible type or member 'TenancyRepository.TenancyRepository(MasterdomDbContext, ICurrentUserAccessor)' [/Users/kady/Masterdom/src/Masterdom.Infrastructure/Masterdom.Infrastructure.csproj]
/Users/kady/Masterdom/src/Masterdom.Infrastructure/Persistence/Tenancy/TenancyRepository.cs(23,17): warning CS1591: Missing XML comment for publicly visible type or member 'TenancyRepository.Add(Tenancy)' [/Users/kady/Masterdom/src/Masterdom.Infrastructure/Masterdom.Infrastructure.csproj]
/Users/kady/Masterdom/src/Masterdom.Infrastructure/Persistence/Tenancy/TenancyRepository.cs(29,30): warning CS1591: Missing XML comment for publicly visible type or member 'TenancyRepository.GetById(TenancyId)' [/Users/kady/Masterdom/src/Masterdom.Infrastructure/Masterdom.Infrastructure.csproj]
/Users/kady/Masterdom/src/Masterdom.Infrastructure/Persistence/Tenancy/TenancyRepository.cs(38,17): warning CS1591: Missing XML comment for publicly visible type or member 'TenancyRepository.HasActiveTenancyForUnit(UnitReference)' [/Users/kady/Masterdom/src/Masterdom.Infrastructure/Masterdom.Infrastructure.csproj]
/Users/kady/Masterdom/src/Masterdom.Infrastructure/Persistence/Tenancy/TenancyRepository.cs(46,17): warning CS1591: Missing XML comment for publicly visible type or member 'TenancyRepository.Update(Tenancy)' [/Users/kady/Masterdom/src/Masterdom.Infrastructure/Masterdom.Infrastructure.csproj]
/Users/kady/Masterdom/src/Masterdom.Infrastructure/Persistence/Tenancy/TenancyUnitOfWork.cs(12,12): warning CS1591: Missing XML comment for publicly visible type or member 'TenancyUnitOfWork.TenancyUnitOfWork(MasterdomDbContext)' [/Users/kady/Masterdom/src/Masterdom.Infrastructure/Masterdom.Infrastructure.csproj]
/Users/kady/Masterdom/src/Masterdom.Infrastructure/Persistence/Tenancy/TenancyUnitOfWork.cs(17,17): warning CS1591: Missing XML comment for publicly visible type or member 'TenancyUnitOfWork.Execute(Action)' [/Users/kady/Masterdom/src/Masterdom.Infrastructure/Masterdom.Infrastructure.csproj]
/Users/kady/Masterdom/src/Masterdom.Infrastructure/Persistence/UtilityRating/UtilityRatingPlatformOrchestrator.cs(13,21): warning CS1591: Missing XML comment for publicly visible type or member 'UtilityRatingPlatformOrchestrator' [/Users/kady/Masterdom/src/Masterdom.Infrastructure/Masterdom.Infrastructure.csproj]
/Users/kady/Masterdom/src/Masterdom.Infrastructure/Persistence/UtilityRating/UtilityRatingPlatformOrchestrator.cs(24,12): warning CS1591: Missing XML comment for publicly visible type or member 'UtilityRatingPlatformOrchestrator.UtilityRatingPlatformOrchestrator(IConfigurationResolver, IMetadataResolver, IRuleResolver, IWorkflowResolver, IDomainEventPublisher)' [/Users/kady/Masterdom/src/Masterdom.Infrastructure/Masterdom.Infrastructure.csproj]
/Users/kady/Masterdom/src/Masterdom.Infrastructure/Persistence/UtilityRating/UtilityRatingPlatformOrchestrator.cs(92,17): warning CS1591: Missing XML comment for publicly visible type or member 'UtilityRatingPlatformOrchestrator.OnRatingMutated(UtilityRating, string)' [/Users/kady/Masterdom/src/Masterdom.Infrastructure/Masterdom.Infrastructure.csproj]
/Users/kady/Masterdom/src/Masterdom.Infrastructure/Persistence/UtilityRating/UtilityRatingRepository.cs(8,21): warning CS1591: Missing XML comment for publicly visible type or member 'UtilityRatingRepository' [/Users/kady/Masterdom/src/Masterdom.Infrastructure/Masterdom.Infrastructure.csproj]
/Users/kady/Masterdom/src/Masterdom.Infrastructure/Persistence/UtilityRating/UtilityRatingRepository.cs(12,12): warning CS1591: Missing XML comment for publicly visible type or member 'UtilityRatingRepository.UtilityRatingRepository(MasterdomDbContext)' [/Users/kady/Masterdom/src/Masterdom.Infrastructure/Masterdom.Infrastructure.csproj]
/Users/kady/Masterdom/src/Masterdom.Infrastructure/Persistence/UtilityRating/UtilityRatingRepository.cs(17,17): warning CS1591: Missing XML comment for publicly visible type or member 'UtilityRatingRepository.Add(UtilityRating)' [/Users/kady/Masterdom/src/Masterdom.Infrastructure/Masterdom.Infrastructure.csproj]
/Users/kady/Masterdom/src/Masterdom.Infrastructure/Persistence/UtilityRating/UtilityRatingRepository.cs(23,17): warning CS1591: Missing XML comment for publicly visible type or member 'UtilityRatingRepository.Update(UtilityRating)' [/Users/kady/Masterdom/src/Masterdom.Infrastructure/Masterdom.Infrastructure.csproj]
/Users/kady/Masterdom/src/Masterdom.Infrastructure/Persistence/UtilityRating/UtilityRatingRepository.cs(29,36): warning CS1591: Missing XML comment for publicly visible type or member 'UtilityRatingRepository.GetById(UtilityRatingId)' [/Users/kady/Masterdom/src/Masterdom.Infrastructure/Masterdom.Infrastructure.csproj]
/Users/kady/Masterdom/src/Masterdom.Infrastructure/Persistence/UtilityRating/UtilityRatingRepository.cs(37,36): warning CS1591: Missing XML comment for publicly visible type or member 'UtilityRatingRepository.GetByMeterPeriodAndVersion(MeterReference, RatingPeriod, RatingVersion)' [/Users/kady/Masterdom/src/Masterdom.Infrastructure/Masterdom.Infrastructure.csproj]
/Users/kady/Masterdom/src/Masterdom.Infrastructure/Persistence/UtilityRating/UtilityRatingRepository.cs(54,36): warning CS1591: Missing XML comment for publicly visible type or member 'UtilityRatingRepository.GetLatestByMeterAndPeriod(MeterReference, RatingPeriod)' [/Users/kady/Masterdom/src/Masterdom.Infrastructure/Masterdom.Infrastructure.csproj]
/Users/kady/Masterdom/src/Masterdom.Infrastructure/Persistence/UtilityRating/UtilityRatingUnitOfWork.cs(5,21): warning CS1591: Missing XML comment for publicly visible type or member 'UtilityRatingUnitOfWork' [/Users/kady/Masterdom/src/Masterdom.Infrastructure/Masterdom.Infrastructure.csproj]
/Users/kady/Masterdom/src/Masterdom.Infrastructure/Persistence/UtilityRating/UtilityRatingUnitOfWork.cs(9,12): warning CS1591: Missing XML comment for publicly visible type or member 'UtilityRatingUnitOfWork.UtilityRatingUnitOfWork(MasterdomDbContext)' [/Users/kady/Masterdom/src/Masterdom.Infrastructure/Masterdom.Infrastructure.csproj]
/Users/kady/Masterdom/src/Masterdom.Infrastructure/Persistence/UtilityRating/UtilityRatingUnitOfWork.cs(14,17): warning CS1591: Missing XML comment for publicly visible type or member 'UtilityRatingUnitOfWork.Execute(Action)' [/Users/kady/Masterdom/src/Masterdom.Infrastructure/Masterdom.Infrastructure.csproj]
/Users/kady/Masterdom/src/Masterdom.Infrastructure/Persistence/Workflow/PlatformWorkflowEntity.cs(10,17): warning CS1591: Missing XML comment for publicly visible type or member 'PlatformWorkflowEntity.Id' [/Users/kady/Masterdom/src/Masterdom.Infrastructure/Masterdom.Infrastructure.csproj]
/Users/kady/Masterdom/src/Masterdom.Infrastructure/Persistence/Workflow/PlatformWorkflowEntity.cs(12,19): warning CS1591: Missing XML comment for publicly visible type or member 'PlatformWorkflowEntity.Key' [/Users/kady/Masterdom/src/Masterdom.Infrastructure/Masterdom.Infrastructure.csproj]
/Users/kady/Masterdom/src/Masterdom.Infrastructure/Persistence/Workflow/PlatformWorkflowEntity.cs(14,19): warning CS1591: Missing XML comment for publicly visible type or member 'PlatformWorkflowEntity.Name' [/Users/kady/Masterdom/src/Masterdom.Infrastructure/Masterdom.Infrastructure.csproj]
/Users/kady/Masterdom/src/Masterdom.Infrastructure/Persistence/Workflow/PlatformWorkflowEntity.cs(16,20): warning CS1591: Missing XML comment for publicly visible type or member 'PlatformWorkflowEntity.Description' [/Users/kady/Masterdom/src/Masterdom.Infrastructure/Masterdom.Infrastructure.csproj]
/Users/kady/Masterdom/src/Masterdom.Infrastructure/Persistence/Workflow/PlatformWorkflowEntity.cs(18,16): warning CS1591: Missing XML comment for publicly visible type or member 'PlatformWorkflowEntity.ScopeKind' [/Users/kady/Masterdom/src/Masterdom.Infrastructure/Masterdom.Infrastructure.csproj]
/Users/kady/Masterdom/src/Masterdom.Infrastructure/Persistence/Workflow/PlatformWorkflowEntity.cs(20,20): warning CS1591: Missing XML comment for publicly visible type or member 'PlatformWorkflowEntity.ScopeIdentifier' [/Users/kady/Masterdom/src/Masterdom.Infrastructure/Masterdom.Infrastructure.csproj]
/Users/kady/Masterdom/src/Masterdom.Infrastructure/Persistence/Workflow/PlatformWorkflowEntity.cs(22,19): warning CS1591: Missing XML comment for publicly visible type or member 'PlatformWorkflowEntity.ChangedBy' [/Users/kady/Masterdom/src/Masterdom.Infrastructure/Masterdom.Infrastructure.csproj]
/Users/kady/Masterdom/src/Masterdom.Infrastructure/Persistence/Workflow/PlatformWorkflowEntity.cs(24,21): warning CS1591: Missing XML comment for publicly visible type or member 'PlatformWorkflowEntity.ChangedAtUtc' [/Users/kady/Masterdom/src/Masterdom.Infrastructure/Masterdom.Infrastructure.csproj]
/Users/kady/Masterdom/src/Masterdom.Infrastructure/Persistence/Workflow/PlatformWorkflowRepository.cs(16,12): warning CS1591: Missing XML comment for publicly visible type or member 'PlatformWorkflowRepository.PlatformWorkflowRepository(MasterdomDbContext)' [/Users/kady/Masterdom/src/Masterdom.Infrastructure/Masterdom.Infrastructure.csproj]
/Users/kady/Masterdom/src/Masterdom.Infrastructure/Persistence/Workflow/PlatformWorkflowRepository.cs(21,46): warning CS1591: Missing XML comment for publicly visible type or member 'PlatformWorkflowRepository.GetAllWorkflows()' [/Users/kady/Masterdom/src/Masterdom.Infrastructure/Masterdom.Infrastructure.csproj]
/Users/kady/Masterdom/src/Masterdom.Infrastructure/Persistence/Workflow/PlatformWorkflowRepository.cs(43,53): warning CS1591: Missing XML comment for publicly visible type or member 'PlatformWorkflowRepository.GetAllVersions()' [/Users/kady/Masterdom/src/Masterdom.Infrastructure/Masterdom.Infrastructure.csproj]
/Users/kady/Masterdom/src/Masterdom.Infrastructure/Persistence/Workflow/PlatformWorkflowRepository.cs(69,50): warning CS1591: Missing XML comment for publicly visible type or member 'PlatformWorkflowRepository.GetAllSteps()' [/Users/kady/Masterdom/src/Masterdom.Infrastructure/Masterdom.Infrastructure.csproj]
/Users/kady/Masterdom/src/Masterdom.Infrastructure/Persistence/Workflow/PlatformWorkflowRepository.cs(98,56): warning CS1591: Missing XML comment for publicly visible type or member 'PlatformWorkflowRepository.GetAllTransitions()' [/Users/kady/Masterdom/src/Masterdom.Infrastructure/Masterdom.Infrastructure.csproj]
/Users/kady/Masterdom/src/Masterdom.Infrastructure/Persistence/Workflow/PlatformWorkflowStepEntity.cs(10,17): warning CS1591: Missing XML comment for publicly visible type or member 'PlatformWorkflowStepEntity.Id' [/Users/kady/Masterdom/src/Masterdom.Infrastructure/Masterdom.Infrastructure.csproj]
/Users/kady/Masterdom/src/Masterdom.Infrastructure/Persistence/Workflow/PlatformWorkflowStepEntity.cs(12,17): warning CS1591: Missing XML comment for publicly visible type or member 'PlatformWorkflowStepEntity.WorkflowVersionId' [/Users/kady/Masterdom/src/Masterdom.Infrastructure/Masterdom.Infrastructure.csproj]
/Users/kady/Masterdom/src/Masterdom.Infrastructure/Persistence/Workflow/PlatformWorkflowStepEntity.cs(14,19): warning CS1591: Missing XML comment for publicly visible type or member 'PlatformWorkflowStepEntity.Key' [/Users/kady/Masterdom/src/Masterdom.Infrastructure/Masterdom.Infrastructure.csproj]
/Users/kady/Masterdom/src/Masterdom.Infrastructure/Persistence/Workflow/PlatformWorkflowStepEntity.cs(16,19): warning CS1591: Missing XML comment for publicly visible type or member 'PlatformWorkflowStepEntity.Name' [/Users/kady/Masterdom/src/Masterdom.Infrastructure/Masterdom.Infrastructure.csproj]
/Users/kady/Masterdom/src/Masterdom.Infrastructure/Persistence/Workflow/PlatformWorkflowStepEntity.cs(18,16): warning CS1591: Missing XML comment for publicly visible type or member 'PlatformWorkflowStepEntity.Kind' [/Users/kady/Masterdom/src/Masterdom.Infrastructure/Masterdom.Infrastructure.csproj]
/Users/kady/Masterdom/src/Masterdom.Infrastructure/Persistence/Workflow/PlatformWorkflowStepEntity.cs(20,17): warning CS1591: Missing XML comment for publicly visible type or member 'PlatformWorkflowStepEntity.IsStart' [/Users/kady/Masterdom/src/Masterdom.Infrastructure/Masterdom.Infrastructure.csproj]
/Users/kady/Masterdom/src/Masterdom.Infrastructure/Persistence/Workflow/PlatformWorkflowStepEntity.cs(22,17): warning CS1591: Missing XML comment for publicly visible type or member 'PlatformWorkflowStepEntity.IsTerminal' [/Users/kady/Masterdom/src/Masterdom.Infrastructure/Masterdom.Infrastructure.csproj]
/Users/kady/Masterdom/src/Masterdom.Infrastructure/Persistence/Workflow/PlatformWorkflowStepEntity.cs(24,16): warning CS1591: Missing XML comment for publicly visible type or member 'PlatformWorkflowStepEntity.RetryMaxAttempts' [/Users/kady/Masterdom/src/Masterdom.Infrastructure/Masterdom.Infrastructure.csproj]
/Users/kady/Masterdom/src/Masterdom.Infrastructure/Persistence/Workflow/PlatformWorkflowStepEntity.cs(26,16): warning CS1591: Missing XML comment for publicly visible type or member 'PlatformWorkflowStepEntity.RetryDelayMilliseconds' [/Users/kady/Masterdom/src/Masterdom.Infrastructure/Masterdom.Infrastructure.csproj]
/Users/kady/Masterdom/src/Masterdom.Infrastructure/Persistence/Workflow/PlatformWorkflowStepEntity.cs(28,16): warning CS1591: Missing XML comment for publicly visible type or member 'PlatformWorkflowStepEntity.TimeoutMilliseconds' [/Users/kady/Masterdom/src/Masterdom.Infrastructure/Masterdom.Infrastructure.csproj]
/Users/kady/Masterdom/src/Masterdom.Infrastructure/Persistence/Workflow/PlatformWorkflowStepEntity.cs(30,20): warning CS1591: Missing XML comment for publicly visible type or member 'PlatformWorkflowStepEntity.CompensationOperation' [/Users/kady/Masterdom/src/Masterdom.Infrastructure/Masterdom.Infrastructure.csproj]
/Users/kady/Masterdom/src/Masterdom.Infrastructure/Persistence/Workflow/PlatformWorkflowTransitionEntity.cs(10,17): warning CS1591: Missing XML comment for publicly visible type or member 'PlatformWorkflowTransitionEntity.Id' [/Users/kady/Masterdom/src/Masterdom.Infrastructure/Masterdom.Infrastructure.csproj]
/Users/kady/Masterdom/src/Masterdom.Infrastructure/Persistence/Workflow/PlatformWorkflowTransitionEntity.cs(12,17): warning CS1591: Missing XML comment for publicly visible type or member 'PlatformWorkflowTransitionEntity.WorkflowVersionId' [/Users/kady/Masterdom/src/Masterdom.Infrastructure/Masterdom.Infrastructure.csproj]
/Users/kady/Masterdom/src/Masterdom.Infrastructure/Persistence/Workflow/PlatformWorkflowTransitionEntity.cs(14,17): warning CS1591: Missing XML comment for publicly visible type or member 'PlatformWorkflowTransitionEntity.FromStepId' [/Users/kady/Masterdom/src/Masterdom.Infrastructure/Masterdom.Infrastructure.csproj]
/Users/kady/Masterdom/src/Masterdom.Infrastructure/Persistence/Workflow/PlatformWorkflowTransitionEntity.cs(16,17): warning CS1591: Missing XML comment for publicly visible type or member 'PlatformWorkflowTransitionEntity.ToStepId' [/Users/kady/Masterdom/src/Masterdom.Infrastructure/Masterdom.Infrastructure.csproj]
/Users/kady/Masterdom/src/Masterdom.Infrastructure/Persistence/Workflow/PlatformWorkflowTransitionEntity.cs(18,16): warning CS1591: Missing XML comment for publicly visible type or member 'PlatformWorkflowTransitionEntity.BranchKind' [/Users/kady/Masterdom/src/Masterdom.Infrastructure/Masterdom.Infrastructure.csproj]
/Users/kady/Masterdom/src/Masterdom.Infrastructure/Persistence/Workflow/PlatformWorkflowTransitionEntity.cs(20,16): warning CS1591: Missing XML comment for publicly visible type or member 'PlatformWorkflowTransitionEntity.Priority' [/Users/kady/Masterdom/src/Masterdom.Infrastructure/Masterdom.Infrastructure.csproj]
/Users/kady/Masterdom/src/Masterdom.Infrastructure/Persistence/Workflow/PlatformWorkflowTransitionEntity.cs(22,16): warning CS1591: Missing XML comment for publicly visible type or member 'PlatformWorkflowTransitionEntity.ConditionKind' [/Users/kady/Masterdom/src/Masterdom.Infrastructure/Masterdom.Infrastructure.csproj]
/Users/kady/Masterdom/src/Masterdom.Infrastructure/Persistence/Workflow/PlatformWorkflowTransitionEntity.cs(24,20): warning CS1591: Missing XML comment for publicly visible type or member 'PlatformWorkflowTransitionEntity.RuleSetKey' [/Users/kady/Masterdom/src/Masterdom.Infrastructure/Masterdom.Infrastructure.csproj]
/Users/kady/Masterdom/src/Masterdom.Infrastructure/Persistence/Workflow/PlatformWorkflowTransitionEntity.cs(26,17): warning CS1591: Missing XML comment for publicly visible type or member 'PlatformWorkflowTransitionEntity.RuleScopeKind' [/Users/kady/Masterdom/src/Masterdom.Infrastructure/Masterdom.Infrastructure.csproj]
/Users/kady/Masterdom/src/Masterdom.Infrastructure/Persistence/Workflow/PlatformWorkflowTransitionEntity.cs(28,20): warning CS1591: Missing XML comment for publicly visible type or member 'PlatformWorkflowTransitionEntity.RuleScopeIdentifier' [/Users/kady/Masterdom/src/Masterdom.Infrastructure/Masterdom.Infrastructure.csproj]
/Users/kady/Masterdom/src/Masterdom.Infrastructure/Persistence/Workflow/PlatformWorkflowVersionEntity.cs(10,17): warning CS1591: Missing XML comment for publicly visible type or member 'PlatformWorkflowVersionEntity.Id' [/Users/kady/Masterdom/src/Masterdom.Infrastructure/Masterdom.Infrastructure.csproj]
/Users/kady/Masterdom/src/Masterdom.Infrastructure/Persistence/Workflow/PlatformWorkflowVersionEntity.cs(12,17): warning CS1591: Missing XML comment for publicly visible type or member 'PlatformWorkflowVersionEntity.WorkflowId' [/Users/kady/Masterdom/src/Masterdom.Infrastructure/Masterdom.Infrastructure.csproj]
/Users/kady/Masterdom/src/Masterdom.Infrastructure/Persistence/Workflow/PlatformWorkflowVersionEntity.cs(14,16): warning CS1591: Missing XML comment for publicly visible type or member 'PlatformWorkflowVersionEntity.Version' [/Users/kady/Masterdom/src/Masterdom.Infrastructure/Masterdom.Infrastructure.csproj]
/Users/kady/Masterdom/src/Masterdom.Infrastructure/Persistence/Workflow/PlatformWorkflowVersionEntity.cs(16,21): warning CS1591: Missing XML comment for publicly visible type or member 'PlatformWorkflowVersionEntity.EffectiveFromUtc' [/Users/kady/Masterdom/src/Masterdom.Infrastructure/Masterdom.Infrastructure.csproj]
/Users/kady/Masterdom/src/Masterdom.Infrastructure/Persistence/Workflow/PlatformWorkflowVersionEntity.cs(18,22): warning CS1591: Missing XML comment for publicly visible type or member 'PlatformWorkflowVersionEntity.EffectiveToUtc' [/Users/kady/Masterdom/src/Masterdom.Infrastructure/Masterdom.Infrastructure.csproj]
/Users/kady/Masterdom/src/Masterdom.Infrastructure/Persistence/Workflow/PlatformWorkflowVersionEntity.cs(20,17): warning CS1591: Missing XML comment for publicly visible type or member 'PlatformWorkflowVersionEntity.IsDeprecated' [/Users/kady/Masterdom/src/Masterdom.Infrastructure/Masterdom.Infrastructure.csproj]
/Users/kady/Masterdom/src/Masterdom.Infrastructure/Persistence/Workflow/PlatformWorkflowVersionEntity.cs(22,18): warning CS1591: Missing XML comment for publicly visible type or member 'PlatformWorkflowVersionEntity.ReplacedByVersionId' [/Users/kady/Masterdom/src/Masterdom.Infrastructure/Masterdom.Infrastructure.csproj]
/Users/kady/Masterdom/src/Masterdom.Infrastructure/Persistence/Workflow/PlatformWorkflowVersionEntity.cs(24,20): warning CS1591: Missing XML comment for publicly visible type or member 'PlatformWorkflowVersionEntity.Compatibility' [/Users/kady/Masterdom/src/Masterdom.Infrastructure/Masterdom.Infrastructure.csproj]
/Users/kady/Masterdom/src/Masterdom.Infrastructure/Persistence/Workflow/PlatformWorkflowVersionEntity.cs(26,19): warning CS1591: Missing XML comment for publicly visible type or member 'PlatformWorkflowVersionEntity.ChangedBy' [/Users/kady/Masterdom/src/Masterdom.Infrastructure/Masterdom.Infrastructure.csproj]
/Users/kady/Masterdom/src/Masterdom.Infrastructure/Persistence/Workflow/PlatformWorkflowVersionEntity.cs(28,21): warning CS1591: Missing XML comment for publicly visible type or member 'PlatformWorkflowVersionEntity.ChangedAtUtc' [/Users/kady/Masterdom/src/Masterdom.Infrastructure/Masterdom.Infrastructure.csproj]
/Users/kady/Masterdom/src/Masterdom.Infrastructure/Security/SecurityInfrastructureServiceCollectionExtensions.cs(6,21): warning CS1591: Missing XML comment for publicly visible type or member 'SecurityInfrastructureServiceCollectionExtensions' [/Users/kady/Masterdom/src/Masterdom.Infrastructure/Masterdom.Infrastructure.csproj]
/Users/kady/Masterdom/src/Masterdom.Infrastructure/Security/SecurityInfrastructureServiceCollectionExtensions.cs(8,38): warning CS1591: Missing XML comment for publicly visible type or member 'SecurityInfrastructureServiceCollectionExtensions.AddSecurityInfrastructureRuntime(IServiceCollection)' [/Users/kady/Masterdom/src/Masterdom.Infrastructure/Masterdom.Infrastructure.csproj]
/Users/kady/Masterdom/src/Masterdom.Modules.Security/Application/Support/ExecutionResult.cs(49,38): warning CS0108: 'ExecutionResult<T>.Failure(string, string)' hides inherited member 'ExecutionResult.Failure(string, string)'. Use the new keyword if hiding was intended. [/Users/kady/Masterdom/src/Masterdom.Modules.Security/Masterdom.Modules.Security.csproj]
/Users/kady/Masterdom/src/Masterdom.Modules.Security/Application/Commands/CreateRoleCommand.cs(3,22): warning CS1591: Missing XML comment for publicly visible type or member 'CreateRoleCommand' [/Users/kady/Masterdom/src/Masterdom.Modules.Security/Masterdom.Modules.Security.csproj]
/Users/kady/Masterdom/src/Masterdom.Modules.Security/Application/Commands/CreateRoleCommand.cs(3,22): warning CS1591: Missing XML comment for publicly visible type or member 'CreateRoleCommand.CreateRoleCommand(string, string)' [/Users/kady/Masterdom/src/Masterdom.Modules.Security/Masterdom.Modules.Security.csproj]
/Users/kady/Masterdom/src/Masterdom.Modules.Security/Application/Commands/CreateRoleCommand.cs(4,12): warning CS1591: Missing XML comment for publicly visible type or member 'CreateRoleCommand.RoleCode' [/Users/kady/Masterdom/src/Masterdom.Modules.Security/Masterdom.Modules.Security.csproj]
/Users/kady/Masterdom/src/Masterdom.Modules.Security/Application/Commands/CreateRoleCommand.cs(5,12): warning CS1591: Missing XML comment for publicly visible type or member 'CreateRoleCommand.RoleName' [/Users/kady/Masterdom/src/Masterdom.Modules.Security/Masterdom.Modules.Security.csproj]
/Users/kady/Masterdom/src/Masterdom.Modules.Security/Application/Handlers/Commands/CreateRoleCommandHandler.cs(9,21): warning CS1591: Missing XML comment for publicly visible type or member 'CreateRoleCommandHandler' [/Users/kady/Masterdom/src/Masterdom.Modules.Security/Masterdom.Modules.Security.csproj]
/Users/kady/Masterdom/src/Masterdom.Modules.Security/Application/Handlers/Commands/CreateRoleCommandHandler.cs(16,12): warning CS1591: Missing XML comment for publicly visible type or member 'CreateRoleCommandHandler.CreateRoleCommandHandler(IIdentityAdministrationService, IPropertyCapabilityAuthorizationService)' [/Users/kady/Masterdom/src/Masterdom.Modules.Security/Masterdom.Modules.Security.csproj]
/Users/kady/Masterdom/src/Masterdom.Modules.Security/Application/Handlers/Commands/CreateRoleCommandHandler.cs(26,43): warning CS1591: Missing XML comment for publicly visible type or member 'CreateRoleCommandHandler.Handle(CreateRoleCommand)' [/Users/kady/Masterdom/src/Masterdom.Modules.Security/Masterdom.Modules.Security.csproj]
/Users/kady/Masterdom/src/Masterdom.Modules.Security/Application/Handlers/Queries/GetRoleByCodeQueryHandler.cs(9,21): warning CS1591: Missing XML comment for publicly visible type or member 'GetRoleByCodeQueryHandler' [/Users/kady/Masterdom/src/Masterdom.Modules.Security/Masterdom.Modules.Security.csproj]
/Users/kady/Masterdom/src/Masterdom.Modules.Security/Application/Handlers/Queries/GetRoleByCodeQueryHandler.cs(16,12): warning CS1591: Missing XML comment for publicly visible type or member 'GetRoleByCodeQueryHandler.GetRoleByCodeQueryHandler(IIdentityAdministrationService, IPropertyCapabilityAuthorizationService)' [/Users/kady/Masterdom/src/Masterdom.Modules.Security/Masterdom.Modules.Security.csproj]
/Users/kady/Masterdom/src/Masterdom.Modules.Security/Application/Handlers/Queries/GetRoleByCodeQueryHandler.cs(26,43): warning CS1591: Missing XML comment for publicly visible type or member 'GetRoleByCodeQueryHandler.Handle(GetRoleByCodeQuery)' [/Users/kady/Masterdom/src/Masterdom.Modules.Security/Masterdom.Modules.Security.csproj]
/Users/kady/Masterdom/src/Masterdom.Modules.Security/Application/Queries/GetRoleByCodeQuery.cs(3,22): warning CS1591: Missing XML comment for publicly visible type or member 'GetRoleByCodeQuery' [/Users/kady/Masterdom/src/Masterdom.Modules.Security/Masterdom.Modules.Security.csproj]
/Users/kady/Masterdom/src/Masterdom.Modules.Security/Application/Queries/GetRoleByCodeQuery.cs(3,22): warning CS1591: Missing XML comment for publicly visible type or member 'GetRoleByCodeQuery.GetRoleByCodeQuery(string)' [/Users/kady/Masterdom/src/Masterdom.Modules.Security/Masterdom.Modules.Security.csproj]
/Users/kady/Masterdom/src/Masterdom.Modules.Security/Application/Queries/GetRoleByCodeQuery.cs(3,48): warning CS1591: Missing XML comment for publicly visible type or member 'GetRoleByCodeQuery.RoleCode' [/Users/kady/Masterdom/src/Masterdom.Modules.Security/Masterdom.Modules.Security.csproj]
/Users/kady/Masterdom/src/Masterdom.Modules.Security/Application/Services/IdentityAdministrationService.cs(9,21): warning CS1591: Missing XML comment for publicly visible type or member 'IdentityAdministrationService' [/Users/kady/Masterdom/src/Masterdom.Modules.Security/Masterdom.Modules.Security.csproj]
/Users/kady/Masterdom/src/Masterdom.Modules.Security/Application/Services/IdentityAdministrationService.cs(14,12): warning CS1591: Missing XML comment for publicly visible type or member 'IdentityAdministrationService.IdentityAdministrationService(IRoleRepository, IIdentityAdministrationUnitOfWork)' [/Users/kady/Masterdom/src/Masterdom.Modules.Security/Masterdom.Modules.Security.csproj]
/Users/kady/Masterdom/src/Masterdom.Modules.Security/Application/Services/IdentityAdministrationService.cs(22,26): warning CS1591: Missing XML comment for publicly visible type or member 'IdentityAdministrationService.CreateRole(CreateRoleCommand)' [/Users/kady/Masterdom/src/Masterdom.Modules.Security/Masterdom.Modules.Security.csproj]
/Users/kady/Masterdom/src/Masterdom.Modules.Security/Application/Services/IdentityAdministrationService.cs(45,27): warning CS1591: Missing XML comment for publicly visible type or member 'IdentityAdministrationService.GetRoleByCode(string)' [/Users/kady/Masterdom/src/Masterdom.Modules.Security/Masterdom.Modules.Security.csproj]
/Users/kady/Masterdom/src/Masterdom.Modules.Security/Application/Services/IIdentityAdministrationService.cs(6,18): warning CS1591: Missing XML comment for publicly visible type or member 'IIdentityAdministrationService' [/Users/kady/Masterdom/src/Masterdom.Modules.Security/Masterdom.Modules.Security.csproj]
/Users/kady/Masterdom/src/Masterdom.Modules.Security/Application/Services/IIdentityAdministrationService.cs(8,19): warning CS1591: Missing XML comment for publicly visible type or member 'IIdentityAdministrationService.CreateRole(CreateRoleCommand)' [/Users/kady/Masterdom/src/Masterdom.Modules.Security/Masterdom.Modules.Security.csproj]
/Users/kady/Masterdom/src/Masterdom.Modules.Security/Application/Services/IIdentityAdministrationService.cs(10,20): warning CS1591: Missing XML comment for publicly visible type or member 'IIdentityAdministrationService.GetRoleByCode(string)' [/Users/kady/Masterdom/src/Masterdom.Modules.Security/Masterdom.Modules.Security.csproj]
/Users/kady/Masterdom/src/Masterdom.Modules.Security/Application/Support/ExecutionResult.cs(3,14): warning CS1591: Missing XML comment for publicly visible type or member 'ExecutionResult' [/Users/kady/Masterdom/src/Masterdom.Modules.Security/Masterdom.Modules.Security.csproj]
/Users/kady/Masterdom/src/Masterdom.Modules.Security/Application/Support/ExecutionResult.cs(5,15): warning CS1591: Missing XML comment for publicly visible type or member 'ExecutionResult.ExecutionResult(bool, string?, string?)' [/Users/kady/Masterdom/src/Masterdom.Modules.Security/Masterdom.Modules.Security.csproj]
/Users/kady/Masterdom/src/Masterdom.Modules.Security/Application/Support/ExecutionResult.cs(12,17): warning CS1591: Missing XML comment for publicly visible type or member 'ExecutionResult.IsSuccess' [/Users/kady/Masterdom/src/Masterdom.Modules.Security/Masterdom.Modules.Security.csproj]
/Users/kady/Masterdom/src/Masterdom.Modules.Security/Application/Support/ExecutionResult.cs(14,20): warning CS1591: Missing XML comment for publicly visible type or member 'ExecutionResult.ErrorCode' [/Users/kady/Masterdom/src/Masterdom.Modules.Security/Masterdom.Modules.Security.csproj]
/Users/kady/Masterdom/src/Masterdom.Modules.Security/Application/Support/ExecutionResult.cs(16,20): warning CS1591: Missing XML comment for publicly visible type or member 'ExecutionResult.ErrorMessage' [/Users/kady/Masterdom/src/Masterdom.Modules.Security/Masterdom.Modules.Security.csproj]
/Users/kady/Masterdom/src/Masterdom.Modules.Security/Application/Support/ExecutionResult.cs(18,35): warning CS1591: Missing XML comment for publicly visible type or member 'ExecutionResult.Success()' [/Users/kady/Masterdom/src/Masterdom.Modules.Security/Masterdom.Modules.Security.csproj]
/Users/kady/Masterdom/src/Masterdom.Modules.Security/Application/Support/ExecutionResult.cs(23,35): warning CS1591: Missing XML comment for publicly visible type or member 'ExecutionResult.Failure(string, string)' [/Users/kady/Masterdom/src/Masterdom.Modules.Security/Masterdom.Modules.Security.csproj]
/Users/kady/Masterdom/src/Masterdom.Modules.Security/Application/Support/ExecutionResult.cs(32,21): warning CS1591: Missing XML comment for publicly visible type or member 'ExecutionResult<T>' [/Users/kady/Masterdom/src/Masterdom.Modules.Security/Masterdom.Modules.Security.csproj]
/Users/kady/Masterdom/src/Masterdom.Modules.Security/Application/Support/ExecutionResult.cs(40,15): warning CS1591: Missing XML comment for publicly visible type or member 'ExecutionResult<T>.Value' [/Users/kady/Masterdom/src/Masterdom.Modules.Security/Masterdom.Modules.Security.csproj]
/Users/kady/Masterdom/src/Masterdom.Modules.Security/Application/Support/ExecutionResult.cs(42,38): warning CS1591: Missing XML comment for publicly visible type or member 'ExecutionResult<T>.Success(T)' [/Users/kady/Masterdom/src/Masterdom.Modules.Security/Masterdom.Modules.Security.csproj]
/Users/kady/Masterdom/src/Masterdom.Modules.Security/Application/Support/ExecutionResult.cs(49,38): warning CS1591: Missing XML comment for publicly visible type or member 'ExecutionResult<T>.Failure(string, string)' [/Users/kady/Masterdom/src/Masterdom.Modules.Security/Masterdom.Modules.Security.csproj]
/Users/kady/Masterdom/src/Masterdom.Modules.Security/Application/Support/ICommandHandler.cs(3,18): warning CS1591: Missing XML comment for publicly visible type or member 'ICommandHandler<TCommand, TResult>' [/Users/kady/Masterdom/src/Masterdom.Modules.Security/Masterdom.Modules.Security.csproj]
/Users/kady/Masterdom/src/Masterdom.Modules.Security/Application/Support/ICommandHandler.cs(5,13): warning CS1591: Missing XML comment for publicly visible type or member 'ICommandHandler<TCommand, TResult>.Handle(TCommand)' [/Users/kady/Masterdom/src/Masterdom.Modules.Security/Masterdom.Modules.Security.csproj]
/Users/kady/Masterdom/src/Masterdom.Modules.Security/Application/Support/IIdentityAdministrationUnitOfWork.cs(3,18): warning CS1591: Missing XML comment for publicly visible type or member 'IIdentityAdministrationUnitOfWork' [/Users/kady/Masterdom/src/Masterdom.Modules.Security/Masterdom.Modules.Security.csproj]
/Users/kady/Masterdom/src/Masterdom.Modules.Security/Application/Support/IIdentityAdministrationUnitOfWork.cs(5,10): warning CS1591: Missing XML comment for publicly visible type or member 'IIdentityAdministrationUnitOfWork.Execute(Action)' [/Users/kady/Masterdom/src/Masterdom.Modules.Security/Masterdom.Modules.Security.csproj]
/Users/kady/Masterdom/src/Masterdom.Modules.Security/Application/Support/IQueryHandler.cs(3,18): warning CS1591: Missing XML comment for publicly visible type or member 'IQueryHandler<TQuery, TResult>' [/Users/kady/Masterdom/src/Masterdom.Modules.Security/Masterdom.Modules.Security.csproj]
/Users/kady/Masterdom/src/Masterdom.Modules.Security/Application/Support/IQueryHandler.cs(5,13): warning CS1591: Missing XML comment for publicly visible type or member 'IQueryHandler<TQuery, TResult>.Handle(TQuery)' [/Users/kady/Masterdom/src/Masterdom.Modules.Security/Masterdom.Modules.Security.csproj]
/Users/kady/Masterdom/src/Masterdom.Modules.Security/Domain/Repositories/IRoleRepository.cs(5,18): warning CS1591: Missing XML comment for publicly visible type or member 'IRoleRepository' [/Users/kady/Masterdom/src/Masterdom.Modules.Security/Masterdom.Modules.Security.csproj]
/Users/kady/Masterdom/src/Masterdom.Modules.Security/Domain/Repositories/IRoleRepository.cs(7,10): warning CS1591: Missing XML comment for publicly visible type or member 'IRoleRepository.Add(Role)' [/Users/kady/Masterdom/src/Masterdom.Modules.Security/Masterdom.Modules.Security.csproj]
/Users/kady/Masterdom/src/Masterdom.Modules.Security/Domain/Repositories/IRoleRepository.cs(9,11): warning CS1591: Missing XML comment for publicly visible type or member 'IRoleRepository.GetByCode(RoleCode)' [/Users/kady/Masterdom/src/Masterdom.Modules.Security/Masterdom.Modules.Security.csproj]
/Users/kady/Masterdom/src/Masterdom.Modules.Security/Infrastructure/IdentityAdministrationUnitOfWork.cs(6,21): warning CS1591: Missing XML comment for publicly visible type or member 'IdentityAdministrationUnitOfWork' [/Users/kady/Masterdom/src/Masterdom.Modules.Security/Masterdom.Modules.Security.csproj]
/Users/kady/Masterdom/src/Masterdom.Modules.Security/Infrastructure/IdentityAdministrationUnitOfWork.cs(10,12): warning CS1591: Missing XML comment for publicly visible type or member 'IdentityAdministrationUnitOfWork.IdentityAdministrationUnitOfWork(MasterdomDbContext)' [/Users/kady/Masterdom/src/Masterdom.Modules.Security/Masterdom.Modules.Security.csproj]
/Users/kady/Masterdom/src/Masterdom.Modules.Security/Infrastructure/IdentityAdministrationUnitOfWork.cs(15,17): warning CS1591: Missing XML comment for publicly visible type or member 'IdentityAdministrationUnitOfWork.Execute(Action)' [/Users/kady/Masterdom/src/Masterdom.Modules.Security/Masterdom.Modules.Security.csproj]
/Users/kady/Masterdom/src/Masterdom.Modules.Security/Infrastructure/RoleRepository.cs(7,21): warning CS1591: Missing XML comment for publicly visible type or member 'RoleRepository' [/Users/kady/Masterdom/src/Masterdom.Modules.Security/Masterdom.Modules.Security.csproj]
/Users/kady/Masterdom/src/Masterdom.Modules.Security/Infrastructure/RoleRepository.cs(11,12): warning CS1591: Missing XML comment for publicly visible type or member 'RoleRepository.RoleRepository(MasterdomDbContext)' [/Users/kady/Masterdom/src/Masterdom.Modules.Security/Masterdom.Modules.Security.csproj]
/Users/kady/Masterdom/src/Masterdom.Modules.Security/Infrastructure/RoleRepository.cs(16,17): warning CS1591: Missing XML comment for publicly visible type or member 'RoleRepository.Add(Role)' [/Users/kady/Masterdom/src/Masterdom.Modules.Security/Masterdom.Modules.Security.csproj]
/Users/kady/Masterdom/src/Masterdom.Modules.Security/Infrastructure/RoleRepository.cs(22,18): warning CS1591: Missing XML comment for publicly visible type or member 'RoleRepository.GetByCode(RoleCode)' [/Users/kady/Masterdom/src/Masterdom.Modules.Security/Masterdom.Modules.Security.csproj]
/Users/kady/Masterdom/src/Masterdom.Modules.Security/SecurityModuleServiceCollectionExtensions.cs(19,21): warning CS1591: Missing XML comment for publicly visible type or member 'SecurityModuleServiceCollectionExtensions' [/Users/kady/Masterdom/src/Masterdom.Modules.Security/Masterdom.Modules.Security.csproj]
/Users/kady/Masterdom/src/Masterdom.Modules.Security/SecurityModuleServiceCollectionExtensions.cs(21,38): warning CS1591: Missing XML comment for publicly visible type or member 'SecurityModuleServiceCollectionExtensions.AddSecurityModule(IServiceCollection, IConfiguration)' [/Users/kady/Masterdom/src/Masterdom.Modules.Security/Masterdom.Modules.Security.csproj]
/Users/kady/Masterdom/tests/Masterdom.Core.Tests/FinancialLedger/Posting/PreparedJournalPersistenceServiceTests.cs(100,9): warning xUnit2013: Do not use Assert.Equal() to check for collection size. Use Assert.Single instead. (https://xunit.net/xunit.analyzers/rules/xUnit2013) [/Users/kady/Masterdom/tests/Masterdom.Core.Tests/Masterdom.Core.Tests.csproj]
/Users/kady/Masterdom/tests/Masterdom.Core.Tests/Lease/LeaseDomainTests.cs(39,9): warning xUnit2031: Do not use a Where clause to filter before calling Assert.Single. Use the overload of Assert.Single that accepts a filtering function. (https://xunit.net/xunit.analyzers/rules/xUnit2031) [/Users/kady/Masterdom/tests/Masterdom.Core.Tests/Masterdom.Core.Tests.csproj]
/Users/kady/Masterdom/tests/Masterdom.Core.Tests/Lease/LeaseDomainTests.cs(58,9): warning xUnit2031: Do not use a Where clause to filter before calling Assert.Single. Use the overload of Assert.Single that accepts a filtering function. (https://xunit.net/xunit.analyzers/rules/xUnit2031) [/Users/kady/Masterdom/tests/Masterdom.Core.Tests/Masterdom.Core.Tests.csproj]
/Users/kady/Masterdom/tests/Masterdom.Core.Tests/PolicyFramework/PolicyFrameworkDomainTests.cs(35,9): warning xUnit2031: Do not use a Where clause to filter before calling Assert.Single. Use the overload of Assert.Single that accepts a filtering function. (https://xunit.net/xunit.analyzers/rules/xUnit2031) [/Users/kady/Masterdom/tests/Masterdom.Core.Tests/Masterdom.Core.Tests.csproj]
/Users/kady/Masterdom/tests/Masterdom.Architecture.Tests/BillingModuleArchitectureTests.cs(76,28): warning CS8602: Dereference of a possibly null reference. [/Users/kady/Masterdom/tests/Masterdom.Architecture.Tests/Masterdom.Architecture.Tests.csproj]
/Users/kady/Masterdom/tests/Masterdom.Architecture.Tests/PersonApplicationArchitectureTests.cs(17,28): warning CS8602: Dereference of a possibly null reference. [/Users/kady/Masterdom/tests/Masterdom.Architecture.Tests/Masterdom.Architecture.Tests.csproj]
/Users/kady/Masterdom/tests/Masterdom.Architecture.Tests/PropertyApplicationArchitectureTests.cs(28,28): warning CS8602: Dereference of a possibly null reference. [/Users/kady/Masterdom/tests/Masterdom.Architecture.Tests/Masterdom.Architecture.Tests.csproj]
/Users/kady/Masterdom/tests/Masterdom.Architecture.Tests/PropertyApplicationArchitectureTests.cs(67,28): warning CS8602: Dereference of a possibly null reference. [/Users/kady/Masterdom/tests/Masterdom.Architecture.Tests/Masterdom.Architecture.Tests.csproj]
/Users/kady/Masterdom/src/Masterdom.Host/Api/PolicyFrameworkEndpoints.cs(37,75): warning CS8604: Possible null reference argument for parameter 'scopeKey' in 'PolicyScope PolicyScope.Create(PolicyScopeKind kind, string scopeKey)'. [/Users/kady/Masterdom/src/Masterdom.Host/Masterdom.Host.csproj]
/Users/kady/Masterdom/src/Masterdom.Host/Api/PolicyFrameworkEndpoints.cs(112,75): warning CS8604: Possible null reference argument for parameter 'scopeKey' in 'PolicyScope PolicyScope.Create(PolicyScopeKind kind, string scopeKey)'. [/Users/kady/Masterdom/src/Masterdom.Host/Masterdom.Host.csproj]
/Users/kady/Masterdom/src/Masterdom.Host/Api/PolicyFrameworkEndpoints.cs(145,67): warning CS8604: Possible null reference argument for parameter 'scopeKey' in 'PolicyScope PolicyScope.Create(PolicyScopeKind kind, string scopeKey)'. [/Users/kady/Masterdom/src/Masterdom.Host/Masterdom.Host.csproj]
    6866 Warning(s)
    0 Error(s)

Time Elapsed 00:00:14.45
